&&&& RUNNING TensorRT.trtexec [TensorRT v100300] # /usr/src/tensorrt/bin/trtexec --loadEngine=/tmp/yolo26n_84172_uint8_fp16_opt3.engine --warmUp=3000 --duration=15 --idleTime=0 --avgRuns=1
[10/06/2026-14:08:28] [I] === Model Options ===
[10/06/2026-14:08:28] [I] Format: *
[10/06/2026-14:08:28] [I] Model: 
[10/06/2026-14:08:28] [I] Output:
[10/06/2026-14:08:28] [I] 
[10/06/2026-14:08:28] [I] === System Options ===
[10/06/2026-14:08:28] [I] Device: 0
[10/06/2026-14:08:28] [I] DLACore: 
[10/06/2026-14:08:28] [I] Plugins:
[10/06/2026-14:08:28] [I] setPluginsToSerialize:
[10/06/2026-14:08:28] [I] dynamicPlugins:
[10/06/2026-14:08:28] [I] ignoreParsedPluginLibs: 0
[10/06/2026-14:08:28] [I] 
[10/06/2026-14:08:28] [I] === Inference Options ===
[10/06/2026-14:08:28] [I] Batch: Explicit
[10/06/2026-14:08:28] [I] Input inference shapes: model
[10/06/2026-14:08:28] [I] Iterations: 10
[10/06/2026-14:08:28] [I] Duration: 15s (+ 3000ms warm up)
[10/06/2026-14:08:28] [I] Sleep time: 0ms
[10/06/2026-14:08:28] [I] Idle time: 0ms
[10/06/2026-14:08:28] [I] Inference Streams: 1
[10/06/2026-14:08:28] [I] ExposeDMA: Disabled
[10/06/2026-14:08:28] [I] Data transfers: Enabled
[10/06/2026-14:08:28] [I] Spin-wait: Disabled
[10/06/2026-14:08:28] [I] Multithreading: Disabled
[10/06/2026-14:08:28] [I] CUDA Graph: Disabled
[10/06/2026-14:08:28] [I] Separate profiling: Disabled
[10/06/2026-14:08:28] [I] Time Deserialize: Disabled
[10/06/2026-14:08:28] [I] Time Refit: Disabled
[10/06/2026-14:08:28] [I] NVTX verbosity: 0
[10/06/2026-14:08:28] [I] Persistent Cache Ratio: 0
[10/06/2026-14:08:28] [I] Optimization Profile Index: 0
[10/06/2026-14:08:28] [I] Weight Streaming Budget: 100.000000%
[10/06/2026-14:08:28] [I] Inputs:
[10/06/2026-14:08:28] [I] Debug Tensor Save Destinations:
[10/06/2026-14:08:28] [I] === Reporting Options ===
[10/06/2026-14:08:28] [I] Verbose: Disabled
[10/06/2026-14:08:28] [I] Averages: 1 inferences
[10/06/2026-14:08:28] [I] Percentiles: 90,95,99
[10/06/2026-14:08:28] [I] Dump refittable layers:Disabled
[10/06/2026-14:08:28] [I] Dump output: Disabled
[10/06/2026-14:08:28] [I] Profile: Disabled
[10/06/2026-14:08:28] [I] Export timing to JSON file: 
[10/06/2026-14:08:28] [I] Export output to JSON file: 
[10/06/2026-14:08:28] [I] Export profile to JSON file: 
[10/06/2026-14:08:28] [I] 
[10/06/2026-14:08:28] [I] === Device Information ===
[10/06/2026-14:08:28] [I] Available Devices: 
[10/06/2026-14:08:28] [I]   Device 0: "Orin" UUID: GPU-6e16c2c1-e394-5324-8f2e-63a975968f4e
[10/06/2026-14:08:28] [I] Selected Device: Orin
[10/06/2026-14:08:28] [I] Selected Device ID: 0
[10/06/2026-14:08:28] [I] Selected Device UUID: GPU-6e16c2c1-e394-5324-8f2e-63a975968f4e
[10/06/2026-14:08:28] [I] Compute Capability: 8.7
[10/06/2026-14:08:28] [I] SMs: 8
[10/06/2026-14:08:28] [I] Device Global Memory: 7607 MiB
[10/06/2026-14:08:28] [I] Shared Memory per SM: 164 KiB
[10/06/2026-14:08:28] [I] Memory Bus Width: 128 bits (ECC disabled)
[10/06/2026-14:08:28] [I] Application Compute Clock Rate: 1.02 GHz
[10/06/2026-14:08:28] [I] Application Memory Clock Rate: 0.306 GHz
[10/06/2026-14:08:28] [I] 
[10/06/2026-14:08:28] [I] Note: The application clock rates do not reflect the actual clock rates that the GPU is currently running at.
[10/06/2026-14:08:28] [I] 
[10/06/2026-14:08:28] [I] TensorRT version: 10.3.0
[10/06/2026-14:08:28] [I] Loading standard plugins
[10/06/2026-14:08:28] [I] [TRT] Loaded engine size: 7 MiB
[10/06/2026-14:08:28] [I] Engine deserialized in 0.0783309 sec.
[10/06/2026-14:08:28] [I] [TRT] [MemUsageChange] TensorRT-managed allocation in IExecutionContext creation: CPU +0, GPU +12, now: CPU 0, GPU 16 (MiB)
[10/06/2026-14:08:28] [I] Setting persistentCacheLimit to 0 bytes.
[10/06/2026-14:08:28] [I] Created execution context with device memory size: 12.207 MiB
[10/06/2026-14:08:28] [I] Using random values for input images
[10/06/2026-14:08:28] [I] Input binding for images with dimensions 1x640x640x3 is created.
[10/06/2026-14:08:28] [I] Output binding for output0 with dimensions 1x300x6 is created.
[10/06/2026-14:08:28] [I] Starting inference
[10/06/2026-14:08:46] [I] Warmup completed 236 queries over 3000 ms
[10/06/2026-14:08:46] [I] Timing trace has 1204 queries over 15.0382 s
[10/06/2026-14:08:46] [I] 
[10/06/2026-14:08:46] [I] === Trace details ===
[10/06/2026-14:08:46] [I] Trace averages of 1 runs:
[10/06/2026-14:08:46] [I] Average on 1 runs - GPU latency: 12.4639 ms - Host latency: 12.6489 ms (enqueue 4.28979 ms)
[10/06/2026-14:08:46] [I] Average on 1 runs - GPU latency: 12.4714 ms - Host latency: 12.6538 ms (enqueue 4.31616 ms)
[10/06/2026-14:08:46] [I] Average on 1 runs - GPU latency: 12.4658 ms - Host latency: 12.6514 ms (enqueue 4.30273 ms)
[10/06/2026-14:08:46] [I] Average on 1 runs - GPU latency: 12.4543 ms - Host latency: 12.637 ms (enqueue 4.29883 ms)
[10/06/2026-14:08:46] [I] Average on 1 runs - GPU latency: 12.4773 ms - Host latency: 12.6646 ms (enqueue 4.3291 ms)
[10/06/2026-14:08:46] [I] Average on 1 runs - GPU latency: 12.4731 ms - Host latency: 12.6521 ms (enqueue 4.42554 ms)
[10/06/2026-14:08:46] [I] Average on 1 runs - GPU latency: 12.4624 ms - Host latency: 12.646 ms (enqueue 4.35229 ms)
[10/06/2026-14:08:46] [I] Average on 1 runs - GPU latency: 12.4775 ms - Host latency: 12.6621 ms (enqueue 4.23218 ms)
[10/06/2026-14:08:46] [I] Average on 1 runs - GPU latency: 12.4614 ms - Host latency: 12.6482 ms (enqueue 4.25903 ms)
[10/06/2026-14:08:46] [I] Average on 1 runs - GPU latency: 12.4661 ms - Host latency: 12.6489 ms (enqueue 4.31543 ms)
[10/06/2026-14:08:46] [I] Average on 1 runs - GPU latency: 12.4917 ms - Host latency: 12.6785 ms (enqueue 4.34448 ms)
[10/06/2026-14:08:46] [I] Average on 1 runs - GPU latency: 12.4824 ms - Host latency: 12.6643 ms (enqueue 4.30493 ms)
[10/06/2026-14:08:46] [I] Average on 1 runs - GPU latency: 12.4849 ms - Host latency: 12.6658 ms (enqueue 4.27588 ms)
[10/06/2026-14:08:46] [I] Average on 1 runs - GPU latency: 12.4802 ms - Host latency: 12.6667 ms (enqueue 4.36353 ms)
[10/06/2026-14:08:46] [I] Average on 1 runs - GPU latency: 12.4766 ms - Host latency: 12.6602 ms (enqueue 4.38623 ms)
[10/06/2026-14:08:46] [I] Average on 1 runs - GPU latency: 12.4597 ms - Host latency: 12.6467 ms (enqueue 4.30615 ms)
[10/06/2026-14:08:46] [I] Average on 1 runs - GPU latency: 12.4775 ms - Host latency: 12.6609 ms (enqueue 4.30615 ms)
[10/06/2026-14:08:46] [I] Average on 1 runs - GPU latency: 12.4788 ms - Host latency: 12.6626 ms (enqueue 4.31226 ms)
[10/06/2026-14:08:46] [I] Average on 1 runs - GPU latency: 12.4702 ms - Host latency: 12.6543 ms (enqueue 4.44751 ms)
[10/06/2026-14:08:46] [I] Average on 1 runs - GPU latency: 12.4729 ms - Host latency: 12.6555 ms (enqueue 4.32324 ms)
[10/06/2026-14:08:46] [I] Average on 1 runs - GPU latency: 12.4736 ms - Host latency: 12.656 ms (enqueue 4.37524 ms)
[10/06/2026-14:08:46] [I] Average on 1 runs - GPU latency: 12.4707 ms - Host latency: 12.656 ms (enqueue 4.39771 ms)
[10/06/2026-14:08:46] [I] Average on 1 runs - GPU latency: 12.469 ms - Host latency: 12.6555 ms (enqueue 4.35132 ms)
[10/06/2026-14:08:46] [I] Average on 1 runs - GPU latency: 12.4744 ms - Host latency: 12.6567 ms (enqueue 4.27637 ms)
[10/06/2026-14:08:46] [I] Average on 1 runs - GPU latency: 12.4846 ms - Host latency: 12.6694 ms (enqueue 4.31348 ms)
[10/06/2026-14:08:46] [I] Average on 1 runs - GPU latency: 12.4692 ms - Host latency: 12.6543 ms (enqueue 4.27515 ms)
[10/06/2026-14:08:46] [I] Average on 1 runs - GPU latency: 12.4651 ms - Host latency: 12.6484 ms (enqueue 4.3855 ms)
[10/06/2026-14:08:46] [I] Average on 1 runs - GPU latency: 12.4675 ms - Host latency: 12.6489 ms (enqueue 4.29907 ms)
[10/06/2026-14:08:46] [I] Average on 1 runs - GPU latency: 12.4651 ms - Host latency: 12.6504 ms (enqueue 4.31274 ms)
[10/06/2026-14:08:46] [I] Average on 1 runs - GPU latency: 12.4736 ms - Host latency: 12.6572 ms (enqueue 4.30811 ms)
[10/06/2026-14:08:46] [I] Average on 1 runs - GPU latency: 12.4609 ms - Host latency: 12.6514 ms (enqueue 4.31763 ms)
[10/06/2026-14:08:46] [I] Average on 1 runs - GPU latency: 12.4641 ms - Host latency: 12.6516 ms (enqueue 4.32715 ms)
[10/06/2026-14:08:46] [I] Average on 1 runs - GPU latency: 12.457 ms - Host latency: 12.6409 ms (enqueue 4.29224 ms)
[10/06/2026-14:08:46] [I] Average on 1 runs - GPU latency: 12.469 ms - Host latency: 12.6541 ms (enqueue 4.31152 ms)
[10/06/2026-14:08:46] [I] Average on 1 runs - GPU latency: 12.489 ms - Host latency: 12.6753 ms (enqueue 4.33691 ms)
[10/06/2026-14:08:46] [I] Average on 1 runs - GPU latency: 12.4736 ms - Host latency: 12.6606 ms (enqueue 4.40796 ms)
[10/06/2026-14:08:46] [I] Average on 1 runs - GPU latency: 12.4775 ms - Host latency: 12.6592 ms (enqueue 4.34985 ms)
[10/06/2026-14:08:46] [I] Average on 1 runs - GPU latency: 12.4695 ms - Host latency: 12.6553 ms (enqueue 4.35229 ms)
[10/06/2026-14:08:46] [I] Average on 1 runs - GPU latency: 12.4802 ms - Host latency: 12.6675 ms (enqueue 4.40088 ms)
[10/06/2026-14:08:46] [I] Average on 1 runs - GPU latency: 12.4587 ms - Host latency: 12.6418 ms (enqueue 4.38281 ms)
[10/06/2026-14:08:46] [I] Average on 1 runs - GPU latency: 12.4805 ms - Host latency: 12.665 ms (enqueue 4.31934 ms)
[10/06/2026-14:08:46] [I] Average on 1 runs - GPU latency: 12.4685 ms - Host latency: 12.6541 ms (enqueue 4.39355 ms)
[10/06/2026-14:08:46] [I] Average on 1 runs - GPU latency: 12.4702 ms - Host latency: 12.6543 ms (enqueue 4.39014 ms)
[10/06/2026-14:08:46] [I] Average on 1 runs - GPU latency: 12.4722 ms - Host latency: 12.6553 ms (enqueue 4.43604 ms)
[10/06/2026-14:08:46] [I] Average on 1 runs - GPU latency: 12.4651 ms - Host latency: 12.646 ms (enqueue 4.3313 ms)
[10/06/2026-14:08:46] [I] Average on 1 runs - GPU latency: 12.4795 ms - Host latency: 12.6619 ms (enqueue 4.35669 ms)
[10/06/2026-14:08:46] [I] Average on 1 runs - GPU latency: 12.4663 ms - Host latency: 12.6509 ms (enqueue 4.39355 ms)
[10/06/2026-14:08:46] [I] Average on 1 runs - GPU latency: 12.4639 ms - Host latency: 12.6506 ms (enqueue 4.3916 ms)
[10/06/2026-14:08:46] [I] Average on 1 runs - GPU latency: 12.4653 ms - Host latency: 12.6462 ms (enqueue 4.30713 ms)
[10/06/2026-14:08:46] [I] Average on 1 runs - GPU latency: 12.4722 ms - Host latency: 12.656 ms (enqueue 4.323 ms)
[10/06/2026-14:08:46] [I] Average on 1 runs - GPU latency: 12.4673 ms - Host latency: 12.6548 ms (enqueue 4.32642 ms)
[10/06/2026-14:08:46] [I] Average on 1 runs - GPU latency: 12.4741 ms - Host latency: 12.6589 ms (enqueue 4.573 ms)
[10/06/2026-14:08:46] [I] Average on 1 runs - GPU latency: 12.4753 ms - Host latency: 12.6638 ms (enqueue 4.21924 ms)
[10/06/2026-14:08:46] [I] Average on 1 runs - GPU latency: 12.4614 ms - Host latency: 12.647 ms (enqueue 4.31396 ms)
[10/06/2026-14:08:46] [I] Average on 1 runs - GPU latency: 12.4746 ms - Host latency: 12.6584 ms (enqueue 4.30615 ms)
[10/06/2026-14:08:46] [I] Average on 1 runs - GPU latency: 12.4666 ms - Host latency: 12.6492 ms (enqueue 4.28467 ms)
[10/06/2026-14:08:46] [I] Average on 1 runs - GPU latency: 12.4858 ms - Host latency: 12.6711 ms (enqueue 4.31982 ms)
[10/06/2026-14:08:46] [I] Average on 1 runs - GPU latency: 12.4783 ms - Host latency: 12.6636 ms (enqueue 4.23682 ms)
[10/06/2026-14:08:46] [I] Average on 1 runs - GPU latency: 12.4585 ms - Host latency: 12.6438 ms (enqueue 4.35474 ms)
[10/06/2026-14:08:46] [I] Average on 1 runs - GPU latency: 12.4717 ms - Host latency: 12.6531 ms (enqueue 4.34229 ms)
[10/06/2026-14:08:46] [I] Average on 1 runs - GPU latency: 12.4832 ms - Host latency: 12.6621 ms (enqueue 4.36304 ms)
[10/06/2026-14:08:46] [I] Average on 1 runs - GPU latency: 12.469 ms - Host latency: 12.6497 ms (enqueue 4.37866 ms)
[10/06/2026-14:08:46] [I] Average on 1 runs - GPU latency: 12.4768 ms - Host latency: 12.6624 ms (enqueue 4.26465 ms)
[10/06/2026-14:08:46] [I] Average on 1 runs - GPU latency: 12.4675 ms - Host latency: 12.6487 ms (enqueue 4.32007 ms)
[10/06/2026-14:08:46] [I] Average on 1 runs - GPU latency: 12.491 ms - Host latency: 12.6741 ms (enqueue 4.34644 ms)
[10/06/2026-14:08:46] [I] Average on 1 runs - GPU latency: 12.4749 ms - Host latency: 12.6589 ms (enqueue 4.36621 ms)
[10/06/2026-14:08:46] [I] Average on 1 runs - GPU latency: 12.4705 ms - Host latency: 12.6555 ms (enqueue 4.32007 ms)
[10/06/2026-14:08:46] [I] Average on 1 runs - GPU latency: 12.4841 ms - Host latency: 12.6763 ms (enqueue 4.35938 ms)
[10/06/2026-14:08:46] [I] Average on 1 runs - GPU latency: 12.4934 ms - Host latency: 12.6716 ms (enqueue 4.39233 ms)
[10/06/2026-14:08:46] [I] Average on 1 runs - GPU latency: 12.4795 ms - Host latency: 12.6602 ms (enqueue 4.35522 ms)
[10/06/2026-14:08:46] [I] Average on 1 runs - GPU latency: 12.4805 ms - Host latency: 12.6638 ms (enqueue 4.3689 ms)
[10/06/2026-14:08:46] [I] Average on 1 runs - GPU latency: 12.4563 ms - Host latency: 12.6377 ms (enqueue 4.36914 ms)
[10/06/2026-14:08:46] [I] Average on 1 runs - GPU latency: 12.4788 ms - Host latency: 12.665 ms (enqueue 4.33008 ms)
[10/06/2026-14:08:46] [I] Average on 1 runs - GPU latency: 12.4756 ms - Host latency: 12.6587 ms (enqueue 4.33252 ms)
[10/06/2026-14:08:46] [I] Average on 1 runs - GPU latency: 12.4851 ms - Host latency: 12.6653 ms (enqueue 4.36987 ms)
[10/06/2026-14:08:46] [I] Average on 1 runs - GPU latency: 12.4641 ms - Host latency: 12.644 ms (enqueue 4.33203 ms)
[10/06/2026-14:08:46] [I] Average on 1 runs - GPU latency: 12.4443 ms - Host latency: 12.6238 ms (enqueue 4.31543 ms)
[10/06/2026-14:08:46] [I] Average on 1 runs - GPU latency: 12.4761 ms - Host latency: 12.6597 ms (enqueue 4.35352 ms)
[10/06/2026-14:08:46] [I] Average on 1 runs - GPU latency: 12.488 ms - Host latency: 12.6692 ms (enqueue 4.38232 ms)
[10/06/2026-14:08:46] [I] Average on 1 runs - GPU latency: 12.4702 ms - Host latency: 12.6553 ms (enqueue 4.37305 ms)
[10/06/2026-14:08:46] [I] Average on 1 runs - GPU latency: 12.4626 ms - Host latency: 12.6433 ms (enqueue 4.2478 ms)
[10/06/2026-14:08:46] [I] Average on 1 runs - GPU latency: 12.4546 ms - Host latency: 12.6379 ms (enqueue 4.37598 ms)
[10/06/2026-14:08:46] [I] Average on 1 runs - GPU latency: 12.4604 ms - Host latency: 12.6467 ms (enqueue 4.35059 ms)
[10/06/2026-14:08:46] [I] Average on 1 runs - GPU latency: 12.4844 ms - Host latency: 12.6638 ms (enqueue 4.38379 ms)
[10/06/2026-14:08:46] [I] Average on 1 runs - GPU latency: 12.4595 ms - Host latency: 12.6399 ms (enqueue 4.31055 ms)
[10/06/2026-14:08:46] [I] Average on 1 runs - GPU latency: 12.4753 ms - Host latency: 12.6631 ms (enqueue 4.41504 ms)
[10/06/2026-14:08:46] [I] Average on 1 runs - GPU latency: 12.488 ms - Host latency: 12.6697 ms (enqueue 4.35229 ms)
[10/06/2026-14:08:46] [I] Average on 1 runs - GPU latency: 12.4849 ms - Host latency: 12.6665 ms (enqueue 4.33374 ms)
[10/06/2026-14:08:46] [I] Average on 1 runs - GPU latency: 12.4619 ms - Host latency: 12.6438 ms (enqueue 4.21924 ms)
[10/06/2026-14:08:46] [I] Average on 1 runs - GPU latency: 12.4673 ms - Host latency: 12.6533 ms (enqueue 4.37598 ms)
[10/06/2026-14:08:46] [I] Average on 1 runs - GPU latency: 12.4731 ms - Host latency: 12.6602 ms (enqueue 4.32373 ms)
[10/06/2026-14:08:46] [I] Average on 1 runs - GPU latency: 12.4746 ms - Host latency: 12.6528 ms (enqueue 4.31934 ms)
[10/06/2026-14:08:46] [I] Average on 1 runs - GPU latency: 12.4707 ms - Host latency: 12.6509 ms (enqueue 4.32178 ms)
[10/06/2026-14:08:46] [I] Average on 1 runs - GPU latency: 12.4614 ms - Host latency: 12.6519 ms (enqueue 4.35156 ms)
[10/06/2026-14:08:46] [I] Average on 1 runs - GPU latency: 12.4761 ms - Host latency: 12.6616 ms (enqueue 4.30078 ms)
[10/06/2026-14:08:46] [I] Average on 1 runs - GPU latency: 12.4854 ms - Host latency: 12.6675 ms (enqueue 4.33398 ms)
[10/06/2026-14:08:46] [I] Average on 1 runs - GPU latency: 12.4722 ms - Host latency: 12.6528 ms (enqueue 4.23828 ms)
[10/06/2026-14:08:46] [I] Average on 1 runs - GPU latency: 12.457 ms - Host latency: 12.6353 ms (enqueue 4.31641 ms)
[10/06/2026-14:08:46] [I] Average on 1 runs - GPU latency: 12.4717 ms - Host latency: 12.6519 ms (enqueue 4.34473 ms)
[10/06/2026-14:08:46] [I] Average on 1 runs - GPU latency: 12.4951 ms - Host latency: 12.6797 ms (enqueue 4.39014 ms)
[10/06/2026-14:08:46] [I] Average on 1 runs - GPU latency: 12.4644 ms - Host latency: 12.6475 ms (enqueue 4.31201 ms)
[10/06/2026-14:08:46] [I] Average on 1 runs - GPU latency: 12.4756 ms - Host latency: 12.6582 ms (enqueue 4.29639 ms)
[10/06/2026-14:08:46] [I] Average on 1 runs - GPU latency: 12.4805 ms - Host latency: 12.668 ms (enqueue 4.33691 ms)
[10/06/2026-14:08:46] [I] Average on 1 runs - GPU latency: 12.4819 ms - Host latency: 12.6641 ms (enqueue 4.30176 ms)
[10/06/2026-14:08:46] [I] Average on 1 runs - GPU latency: 12.4683 ms - Host latency: 12.6484 ms (enqueue 4.35742 ms)
[10/06/2026-14:08:46] [I] Average on 1 runs - GPU latency: 12.4761 ms - Host latency: 12.6597 ms (enqueue 4.39258 ms)
[10/06/2026-14:08:46] [I] Average on 1 runs - GPU latency: 12.4648 ms - Host latency: 12.6489 ms (enqueue 4.35645 ms)
[10/06/2026-14:08:46] [I] Average on 1 runs - GPU latency: 12.4551 ms - Host latency: 12.6377 ms (enqueue 4.32422 ms)
[10/06/2026-14:08:46] [I] Average on 1 runs - GPU latency: 12.4814 ms - Host latency: 12.6626 ms (enqueue 4.27002 ms)
[10/06/2026-14:08:46] [I] Average on 1 runs - GPU latency: 12.4688 ms - Host latency: 12.6523 ms (enqueue 4.32031 ms)
[10/06/2026-14:08:46] [I] Average on 1 runs - GPU latency: 12.4712 ms - Host latency: 12.6592 ms (enqueue 4.44141 ms)
[10/06/2026-14:08:46] [I] Average on 1 runs - GPU latency: 12.4741 ms - Host latency: 12.6567 ms (enqueue 4.38232 ms)
[10/06/2026-14:08:46] [I] Average on 1 runs - GPU latency: 12.4658 ms - Host latency: 12.647 ms (enqueue 4.22266 ms)
[10/06/2026-14:08:46] [I] Average on 1 runs - GPU latency: 12.4819 ms - Host latency: 12.6675 ms (enqueue 4.37207 ms)
[10/06/2026-14:08:46] [I] Average on 1 runs - GPU latency: 12.4648 ms - Host latency: 12.645 ms (enqueue 4.37988 ms)
[10/06/2026-14:08:46] [I] Average on 1 runs - GPU latency: 12.4795 ms - Host latency: 12.6602 ms (enqueue 4.31396 ms)
[10/06/2026-14:08:46] [I] Average on 1 runs - GPU latency: 12.5054 ms - Host latency: 12.6885 ms (enqueue 4.30518 ms)
[10/06/2026-14:08:46] [I] Average on 1 runs - GPU latency: 12.4731 ms - Host latency: 12.6528 ms (enqueue 4.32422 ms)
[10/06/2026-14:08:46] [I] Average on 1 runs - GPU latency: 12.4771 ms - Host latency: 12.6621 ms (enqueue 4.4082 ms)
[10/06/2026-14:08:46] [I] Average on 1 runs - GPU latency: 12.4746 ms - Host latency: 12.6572 ms (enqueue 4.31689 ms)
[10/06/2026-14:08:46] [I] Average on 1 runs - GPU latency: 12.4775 ms - Host latency: 12.6572 ms (enqueue 4.229 ms)
[10/06/2026-14:08:46] [I] Average on 1 runs - GPU latency: 12.4771 ms - Host latency: 12.6592 ms (enqueue 4.32764 ms)
[10/06/2026-14:08:46] [I] Average on 1 runs - GPU latency: 12.4707 ms - Host latency: 12.6499 ms (enqueue 4.32764 ms)
[10/06/2026-14:08:46] [I] Average on 1 runs - GPU latency: 12.4902 ms - Host latency: 12.6748 ms (enqueue 4.32275 ms)
[10/06/2026-14:08:46] [I] Average on 1 runs - GPU latency: 12.4819 ms - Host latency: 12.6646 ms (enqueue 4.2085 ms)
[10/06/2026-14:08:46] [I] Average on 1 runs - GPU latency: 12.4902 ms - Host latency: 12.6763 ms (enqueue 4.33545 ms)
[10/06/2026-14:08:46] [I] Average on 1 runs - GPU latency: 12.4717 ms - Host latency: 12.6538 ms (enqueue 4.31494 ms)
[10/06/2026-14:08:46] [I] Average on 1 runs - GPU latency: 12.4819 ms - Host latency: 12.6641 ms (enqueue 4.3208 ms)
[10/06/2026-14:08:46] [I] Average on 1 runs - GPU latency: 12.4629 ms - Host latency: 12.6489 ms (enqueue 4.19727 ms)
[10/06/2026-14:08:46] [I] Average on 1 runs - GPU latency: 12.4658 ms - Host latency: 12.6494 ms (enqueue 4.39014 ms)
[10/06/2026-14:08:46] [I] Average on 1 runs - GPU latency: 12.4834 ms - Host latency: 12.6689 ms (enqueue 4.35742 ms)
[10/06/2026-14:08:46] [I] Average on 1 runs - GPU latency: 12.4985 ms - Host latency: 12.6802 ms (enqueue 4.34082 ms)
[10/06/2026-14:08:46] [I] Average on 1 runs - GPU latency: 12.478 ms - Host latency: 12.6641 ms (enqueue 4.24316 ms)
[10/06/2026-14:08:46] [I] Average on 1 runs - GPU latency: 12.4849 ms - Host latency: 12.6733 ms (enqueue 4.32275 ms)
[10/06/2026-14:08:46] [I] Average on 1 runs - GPU latency: 12.479 ms - Host latency: 12.6592 ms (enqueue 4.28125 ms)
[10/06/2026-14:08:46] [I] Average on 1 runs - GPU latency: 12.4722 ms - Host latency: 12.6543 ms (enqueue 4.31885 ms)
[10/06/2026-14:08:46] [I] Average on 1 runs - GPU latency: 12.4653 ms - Host latency: 12.6479 ms (enqueue 4.20166 ms)
[10/06/2026-14:08:46] [I] Average on 1 runs - GPU latency: 12.4819 ms - Host latency: 12.6631 ms (enqueue 4.32715 ms)
[10/06/2026-14:08:46] [I] Average on 1 runs - GPU latency: 12.4653 ms - Host latency: 12.6523 ms (enqueue 4.41016 ms)
[10/06/2026-14:08:46] [I] Average on 1 runs - GPU latency: 12.4844 ms - Host latency: 12.6675 ms (enqueue 4.32861 ms)
[10/06/2026-14:08:46] [I] Average on 1 runs - GPU latency: 12.4771 ms - Host latency: 12.6611 ms (enqueue 4.31543 ms)
[10/06/2026-14:08:46] [I] Average on 1 runs - GPU latency: 12.4639 ms - Host latency: 12.6494 ms (enqueue 4.31885 ms)
[10/06/2026-14:08:46] [I] Average on 1 runs - GPU latency: 12.4658 ms - Host latency: 12.6528 ms (enqueue 4.33057 ms)
[10/06/2026-14:08:46] [I] Average on 1 runs - GPU latency: 12.4604 ms - Host latency: 12.6479 ms (enqueue 4.33105 ms)
[10/06/2026-14:08:46] [I] Average on 1 runs - GPU latency: 12.4717 ms - Host latency: 12.6548 ms (enqueue 4.15186 ms)
[10/06/2026-14:08:46] [I] Average on 1 runs - GPU latency: 12.457 ms - Host latency: 12.6436 ms (enqueue 4.62695 ms)
[10/06/2026-14:08:46] [I] Average on 1 runs - GPU latency: 12.4873 ms - Host latency: 12.6689 ms (enqueue 4.28857 ms)
[10/06/2026-14:08:46] [I] Average on 1 runs - GPU latency: 12.4722 ms - Host latency: 12.6602 ms (enqueue 4.34229 ms)
[10/06/2026-14:08:46] [I] Average on 1 runs - GPU latency: 12.4795 ms - Host latency: 12.6641 ms (enqueue 4.17139 ms)
[10/06/2026-14:08:46] [I] Average on 1 runs - GPU latency: 12.4844 ms - Host latency: 12.6685 ms (enqueue 4.3335 ms)
[10/06/2026-14:08:46] [I] Average on 1 runs - GPU latency: 12.4907 ms - Host latency: 12.6738 ms (enqueue 4.31885 ms)
[10/06/2026-14:08:46] [I] Average on 1 runs - GPU latency: 12.4707 ms - Host latency: 12.6587 ms (enqueue 4.35498 ms)
[10/06/2026-14:08:46] [I] Average on 1 runs - GPU latency: 12.4819 ms - Host latency: 12.6631 ms (enqueue 4.18164 ms)
[10/06/2026-14:08:46] [I] Average on 1 runs - GPU latency: 12.4727 ms - Host latency: 12.6587 ms (enqueue 4.33447 ms)
[10/06/2026-14:08:46] [I] Average on 1 runs - GPU latency: 12.4609 ms - Host latency: 12.644 ms (enqueue 4.3291 ms)
[10/06/2026-14:08:46] [I] Average on 1 runs - GPU latency: 12.4785 ms - Host latency: 12.6616 ms (enqueue 4.32959 ms)
[10/06/2026-14:08:46] [I] Average on 1 runs - GPU latency: 12.4849 ms - Host latency: 12.6724 ms (enqueue 4.20557 ms)
[10/06/2026-14:08:46] [I] Average on 1 runs - GPU latency: 12.4673 ms - Host latency: 12.6543 ms (enqueue 4.29199 ms)
[10/06/2026-14:08:46] [I] Average on 1 runs - GPU latency: 12.479 ms - Host latency: 12.6655 ms (enqueue 4.31641 ms)
[10/06/2026-14:08:46] [I] Average on 1 runs - GPU latency: 12.4824 ms - Host latency: 12.6675 ms (enqueue 4.3291 ms)
[10/06/2026-14:08:46] [I] Average on 1 runs - GPU latency: 12.4663 ms - Host latency: 12.6812 ms (enqueue 4.25684 ms)
[10/06/2026-14:08:46] [I] Average on 1 runs - GPU latency: 12.4751 ms - Host latency: 12.6572 ms (enqueue 4.31201 ms)
[10/06/2026-14:08:46] [I] Average on 1 runs - GPU latency: 12.4609 ms - Host latency: 12.6436 ms (enqueue 4.31982 ms)
[10/06/2026-14:08:46] [I] Average on 1 runs - GPU latency: 12.4771 ms - Host latency: 12.665 ms (enqueue 4.35742 ms)
[10/06/2026-14:08:46] [I] Average on 1 runs - GPU latency: 12.4805 ms - Host latency: 12.6602 ms (enqueue 4.23926 ms)
[10/06/2026-14:08:46] [I] Average on 1 runs - GPU latency: 12.4688 ms - Host latency: 12.6523 ms (enqueue 4.33789 ms)
[10/06/2026-14:08:46] [I] Average on 1 runs - GPU latency: 12.4751 ms - Host latency: 12.6621 ms (enqueue 4.30518 ms)
[10/06/2026-14:08:46] [I] Average on 1 runs - GPU latency: 12.4668 ms - Host latency: 12.6509 ms (enqueue 4.32275 ms)
[10/06/2026-14:08:46] [I] Average on 1 runs - GPU latency: 12.4717 ms - Host latency: 12.6577 ms (enqueue 4.27539 ms)
[10/06/2026-14:08:46] [I] Average on 1 runs - GPU latency: 12.4785 ms - Host latency: 12.6587 ms (enqueue 4.32227 ms)
[10/06/2026-14:08:46] [I] Average on 1 runs - GPU latency: 12.4771 ms - Host latency: 12.6602 ms (enqueue 4.33838 ms)
[10/06/2026-14:08:46] [I] Average on 1 runs - GPU latency: 12.4683 ms - Host latency: 12.6533 ms (enqueue 4.41016 ms)
[10/06/2026-14:08:46] [I] Average on 1 runs - GPU latency: 12.4902 ms - Host latency: 12.6768 ms (enqueue 4.23193 ms)
[10/06/2026-14:08:46] [I] Average on 1 runs - GPU latency: 12.4707 ms - Host latency: 12.6729 ms (enqueue 4.3208 ms)
[10/06/2026-14:08:46] [I] Average on 1 runs - GPU latency: 12.4741 ms - Host latency: 12.6562 ms (enqueue 4.35742 ms)
[10/06/2026-14:08:46] [I] Average on 1 runs - GPU latency: 12.4722 ms - Host latency: 12.6538 ms (enqueue 4.36377 ms)
[10/06/2026-14:08:46] [I] Average on 1 runs - GPU latency: 12.4634 ms - Host latency: 12.644 ms (enqueue 4.3457 ms)
[10/06/2026-14:08:46] [I] Average on 1 runs - GPU latency: 12.4805 ms - Host latency: 12.6665 ms (enqueue 4.32715 ms)
[10/06/2026-14:08:46] [I] Average on 1 runs - GPU latency: 12.4644 ms - Host latency: 12.647 ms (enqueue 4.32861 ms)
[10/06/2026-14:08:46] [I] Average on 1 runs - GPU latency: 12.4766 ms - Host latency: 12.6602 ms (enqueue 4.33887 ms)
[10/06/2026-14:08:46] [I] Average on 1 runs - GPU latency: 12.4761 ms - Host latency: 12.6631 ms (enqueue 4.35352 ms)
[10/06/2026-14:08:46] [I] Average on 1 runs - GPU latency: 12.4692 ms - Host latency: 12.6543 ms (enqueue 4.35205 ms)
[10/06/2026-14:08:46] [I] Average on 1 runs - GPU latency: 12.4878 ms - Host latency: 12.6729 ms (enqueue 4.34717 ms)
[10/06/2026-14:08:46] [I] Average on 1 runs - GPU latency: 12.4829 ms - Host latency: 12.6675 ms (enqueue 4.38623 ms)
[10/06/2026-14:08:46] [I] Average on 1 runs - GPU latency: 12.4707 ms - Host latency: 12.6558 ms (enqueue 4.24902 ms)
[10/06/2026-14:08:46] [I] Average on 1 runs - GPU latency: 12.4619 ms - Host latency: 12.644 ms (enqueue 4.3208 ms)
[10/06/2026-14:08:46] [I] Average on 1 runs - GPU latency: 12.4536 ms - Host latency: 12.6343 ms (enqueue 4.32568 ms)
[10/06/2026-14:08:46] [I] Average on 1 runs - GPU latency: 12.4839 ms - Host latency: 12.6646 ms (enqueue 4.3501 ms)
[10/06/2026-14:08:46] [I] Average on 1 runs - GPU latency: 12.4912 ms - Host latency: 12.6753 ms (enqueue 4.32129 ms)
[10/06/2026-14:08:46] [I] Average on 1 runs - GPU latency: 12.4805 ms - Host latency: 12.6675 ms (enqueue 4.36865 ms)
[10/06/2026-14:08:46] [I] Average on 1 runs - GPU latency: 12.4775 ms - Host latency: 12.6606 ms (enqueue 4.25195 ms)
[10/06/2026-14:08:46] [I] Average on 1 runs - GPU latency: 12.4839 ms - Host latency: 12.6719 ms (enqueue 4.30811 ms)
[10/06/2026-14:08:46] [I] Average on 1 runs - GPU latency: 12.4688 ms - Host latency: 12.6523 ms (enqueue 4.25098 ms)
[10/06/2026-14:08:46] [I] Average on 1 runs - GPU latency: 12.4731 ms - Host latency: 12.6528 ms (enqueue 4.37109 ms)
[10/06/2026-14:08:46] [I] Average on 1 runs - GPU latency: 12.4531 ms - Host latency: 12.6343 ms (enqueue 4.38916 ms)
[10/06/2026-14:08:46] [I] Average on 1 runs - GPU latency: 12.4766 ms - Host latency: 12.6606 ms (enqueue 4.34766 ms)
[10/06/2026-14:08:46] [I] Average on 1 runs - GPU latency: 12.4717 ms - Host latency: 12.6562 ms (enqueue 4.29004 ms)
[10/06/2026-14:08:46] [I] Average on 1 runs - GPU latency: 12.4756 ms - Host latency: 12.6592 ms (enqueue 4.40723 ms)
[10/06/2026-14:08:46] [I] Average on 1 runs - GPU latency: 12.4614 ms - Host latency: 12.645 ms (enqueue 4.39111 ms)
[10/06/2026-14:08:46] [I] Average on 1 runs - GPU latency: 12.4761 ms - Host latency: 12.6611 ms (enqueue 4.3623 ms)
[10/06/2026-14:08:46] [I] ... Omitting 804 lines
[10/06/2026-14:08:46] [I] Average on 1 runs - GPU latency: 12.4727 ms - Host latency: 12.6543 ms (enqueue 4.36816 ms)
[10/06/2026-14:08:46] [I] Average on 1 runs - GPU latency: 12.4756 ms - Host latency: 12.6621 ms (enqueue 4.32227 ms)
[10/06/2026-14:08:46] [I] Average on 1 runs - GPU latency: 12.4629 ms - Host latency: 12.6445 ms (enqueue 4.30957 ms)
[10/06/2026-14:08:46] [I] Average on 1 runs - GPU latency: 12.4756 ms - Host latency: 12.666 ms (enqueue 4.25586 ms)
[10/06/2026-14:08:46] [I] Average on 1 runs - GPU latency: 12.4883 ms - Host latency: 12.6719 ms (enqueue 4.24609 ms)
[10/06/2026-14:08:46] [I] Average on 1 runs - GPU latency: 12.4902 ms - Host latency: 12.6748 ms (enqueue 4.29297 ms)
[10/06/2026-14:08:46] [I] Average on 1 runs - GPU latency: 12.4727 ms - Host latency: 12.6562 ms (enqueue 4.31641 ms)
[10/06/2026-14:08:46] [I] Average on 1 runs - GPU latency: 12.4785 ms - Host latency: 12.6621 ms (enqueue 4.27441 ms)
[10/06/2026-14:08:46] [I] Average on 1 runs - GPU latency: 12.4785 ms - Host latency: 12.6641 ms (enqueue 4.35352 ms)
[10/06/2026-14:08:46] [I] Average on 1 runs - GPU latency: 12.4844 ms - Host latency: 12.667 ms (enqueue 4.35352 ms)
[10/06/2026-14:08:46] [I] Average on 1 runs - GPU latency: 12.4639 ms - Host latency: 12.6475 ms (enqueue 4.31543 ms)
[10/06/2026-14:08:46] [I] Average on 1 runs - GPU latency: 12.4814 ms - Host latency: 12.668 ms (enqueue 4.23145 ms)
[10/06/2026-14:08:46] [I] Average on 1 runs - GPU latency: 12.4561 ms - Host latency: 12.6387 ms (enqueue 4.24805 ms)
[10/06/2026-14:08:46] [I] Average on 1 runs - GPU latency: 12.4629 ms - Host latency: 12.6494 ms (enqueue 4.26367 ms)
[10/06/2026-14:08:46] [I] Average on 1 runs - GPU latency: 12.4678 ms - Host latency: 12.6533 ms (enqueue 4.31738 ms)
[10/06/2026-14:08:46] [I] Average on 1 runs - GPU latency: 12.4521 ms - Host latency: 12.6416 ms (enqueue 4.26465 ms)
[10/06/2026-14:08:46] [I] Average on 1 runs - GPU latency: 12.4775 ms - Host latency: 12.6582 ms (enqueue 4.33496 ms)
[10/06/2026-14:08:46] [I] Average on 1 runs - GPU latency: 12.4893 ms - Host latency: 12.6709 ms (enqueue 4.3125 ms)
[10/06/2026-14:08:46] [I] Average on 1 runs - GPU latency: 12.4766 ms - Host latency: 12.6592 ms (enqueue 4.34473 ms)
[10/06/2026-14:08:46] [I] Average on 1 runs - GPU latency: 12.4688 ms - Host latency: 12.6533 ms (enqueue 4.38281 ms)
[10/06/2026-14:08:46] [I] Average on 1 runs - GPU latency: 12.4727 ms - Host latency: 12.6582 ms (enqueue 4.27832 ms)
[10/06/2026-14:08:46] [I] Average on 1 runs - GPU latency: 12.4619 ms - Host latency: 12.6445 ms (enqueue 4.31348 ms)
[10/06/2026-14:08:46] [I] Average on 1 runs - GPU latency: 12.4893 ms - Host latency: 12.6738 ms (enqueue 4.31445 ms)
[10/06/2026-14:08:46] [I] Average on 1 runs - GPU latency: 12.4785 ms - Host latency: 12.6631 ms (enqueue 4.37793 ms)
[10/06/2026-14:08:46] [I] Average on 1 runs - GPU latency: 12.4648 ms - Host latency: 12.6455 ms (enqueue 4.34375 ms)
[10/06/2026-14:08:46] [I] Average on 1 runs - GPU latency: 12.4766 ms - Host latency: 12.6631 ms (enqueue 4.35352 ms)
[10/06/2026-14:08:46] [I] Average on 1 runs - GPU latency: 12.4756 ms - Host latency: 12.6572 ms (enqueue 4.34668 ms)
[10/06/2026-14:08:46] [I] Average on 1 runs - GPU latency: 12.4834 ms - Host latency: 12.6689 ms (enqueue 4.36133 ms)
[10/06/2026-14:08:46] [I] Average on 1 runs - GPU latency: 12.4844 ms - Host latency: 12.6699 ms (enqueue 4.3457 ms)
[10/06/2026-14:08:46] [I] Average on 1 runs - GPU latency: 12.4658 ms - Host latency: 12.6543 ms (enqueue 4.35547 ms)
[10/06/2026-14:08:46] [I] Average on 1 runs - GPU latency: 12.4717 ms - Host latency: 12.6768 ms (enqueue 4.3457 ms)
[10/06/2026-14:08:46] [I] Average on 1 runs - GPU latency: 12.4756 ms - Host latency: 12.6611 ms (enqueue 4.38965 ms)
[10/06/2026-14:08:46] [I] Average on 1 runs - GPU latency: 12.459 ms - Host latency: 12.6426 ms (enqueue 4.29492 ms)
[10/06/2026-14:08:46] [I] Average on 1 runs - GPU latency: 12.4639 ms - Host latency: 12.6504 ms (enqueue 4.29395 ms)
[10/06/2026-14:08:46] [I] Average on 1 runs - GPU latency: 12.4727 ms - Host latency: 12.6592 ms (enqueue 4.26758 ms)
[10/06/2026-14:08:46] [I] Average on 1 runs - GPU latency: 12.4609 ms - Host latency: 12.6436 ms (enqueue 4.30664 ms)
[10/06/2026-14:08:46] [I] Average on 1 runs - GPU latency: 12.4805 ms - Host latency: 12.6631 ms (enqueue 4.30176 ms)
[10/06/2026-14:08:46] [I] Average on 1 runs - GPU latency: 12.4658 ms - Host latency: 12.6484 ms (enqueue 4.35254 ms)
[10/06/2026-14:08:46] [I] Average on 1 runs - GPU latency: 12.4727 ms - Host latency: 12.6572 ms (enqueue 4.25977 ms)
[10/06/2026-14:08:46] [I] Average on 1 runs - GPU latency: 12.4668 ms - Host latency: 12.6514 ms (enqueue 4.28223 ms)
[10/06/2026-14:08:46] [I] Average on 1 runs - GPU latency: 12.457 ms - Host latency: 12.6445 ms (enqueue 4.24805 ms)
[10/06/2026-14:08:46] [I] Average on 1 runs - GPU latency: 12.4863 ms - Host latency: 12.6729 ms (enqueue 4.2793 ms)
[10/06/2026-14:08:46] [I] Average on 1 runs - GPU latency: 12.4766 ms - Host latency: 12.6611 ms (enqueue 4.36133 ms)
[10/06/2026-14:08:46] [I] Average on 1 runs - GPU latency: 12.4824 ms - Host latency: 12.6709 ms (enqueue 4.3916 ms)
[10/06/2026-14:08:46] [I] Average on 1 runs - GPU latency: 12.4629 ms - Host latency: 12.6562 ms (enqueue 4.31738 ms)
[10/06/2026-14:08:46] [I] Average on 1 runs - GPU latency: 12.4805 ms - Host latency: 12.6621 ms (enqueue 4.32617 ms)
[10/06/2026-14:08:46] [I] Average on 1 runs - GPU latency: 12.459 ms - Host latency: 12.6445 ms (enqueue 4.38672 ms)
[10/06/2026-14:08:46] [I] Average on 1 runs - GPU latency: 12.4717 ms - Host latency: 12.6592 ms (enqueue 4.37207 ms)
[10/06/2026-14:08:46] [I] Average on 1 runs - GPU latency: 12.4805 ms - Host latency: 12.666 ms (enqueue 4.21387 ms)
[10/06/2026-14:08:46] [I] Average on 1 runs - GPU latency: 12.4854 ms - Host latency: 12.666 ms (enqueue 4.32812 ms)
[10/06/2026-14:08:46] [I] Average on 1 runs - GPU latency: 12.4658 ms - Host latency: 12.6484 ms (enqueue 4.33398 ms)
[10/06/2026-14:08:46] [I] Average on 1 runs - GPU latency: 12.4736 ms - Host latency: 12.6621 ms (enqueue 4.38965 ms)
[10/06/2026-14:08:46] [I] Average on 1 runs - GPU latency: 12.4609 ms - Host latency: 12.6436 ms (enqueue 4.25293 ms)
[10/06/2026-14:08:46] [I] Average on 1 runs - GPU latency: 12.4873 ms - Host latency: 12.668 ms (enqueue 4.3125 ms)
[10/06/2026-14:08:46] [I] Average on 1 runs - GPU latency: 12.458 ms - Host latency: 12.6455 ms (enqueue 4.33984 ms)
[10/06/2026-14:08:46] [I] Average on 1 runs - GPU latency: 12.4707 ms - Host latency: 12.6553 ms (enqueue 4.30273 ms)
[10/06/2026-14:08:46] [I] Average on 1 runs - GPU latency: 12.4834 ms - Host latency: 12.668 ms (enqueue 4.32812 ms)
[10/06/2026-14:08:46] [I] Average on 1 runs - GPU latency: 12.4756 ms - Host latency: 12.6592 ms (enqueue 4.29297 ms)
[10/06/2026-14:08:46] [I] Average on 1 runs - GPU latency: 12.4639 ms - Host latency: 12.6514 ms (enqueue 4.32617 ms)
[10/06/2026-14:08:46] [I] Average on 1 runs - GPU latency: 12.4697 ms - Host latency: 12.6533 ms (enqueue 4.33691 ms)
[10/06/2026-14:08:46] [I] Average on 1 runs - GPU latency: 12.4707 ms - Host latency: 12.6572 ms (enqueue 4.23242 ms)
[10/06/2026-14:08:46] [I] Average on 1 runs - GPU latency: 12.4639 ms - Host latency: 12.6475 ms (enqueue 4.24512 ms)
[10/06/2026-14:08:46] [I] Average on 1 runs - GPU latency: 12.4775 ms - Host latency: 12.6621 ms (enqueue 4.28418 ms)
[10/06/2026-14:08:46] [I] Average on 1 runs - GPU latency: 12.4766 ms - Host latency: 12.6602 ms (enqueue 4.36523 ms)
[10/06/2026-14:08:46] [I] Average on 1 runs - GPU latency: 12.4688 ms - Host latency: 12.6514 ms (enqueue 4.20312 ms)
[10/06/2026-14:08:46] [I] Average on 1 runs - GPU latency: 12.4619 ms - Host latency: 12.665 ms (enqueue 4.31055 ms)
[10/06/2026-14:08:46] [I] Average on 1 runs - GPU latency: 12.4805 ms - Host latency: 12.668 ms (enqueue 4.31055 ms)
[10/06/2026-14:08:46] [I] Average on 1 runs - GPU latency: 12.4668 ms - Host latency: 12.6484 ms (enqueue 4.25977 ms)
[10/06/2026-14:08:46] [I] Average on 1 runs - GPU latency: 12.4727 ms - Host latency: 12.6582 ms (enqueue 4.25195 ms)
[10/06/2026-14:08:46] [I] Average on 1 runs - GPU latency: 12.4766 ms - Host latency: 12.6602 ms (enqueue 4.33105 ms)
[10/06/2026-14:08:46] [I] Average on 1 runs - GPU latency: 12.4766 ms - Host latency: 12.6582 ms (enqueue 4.29297 ms)
[10/06/2026-14:08:46] [I] Average on 1 runs - GPU latency: 12.4727 ms - Host latency: 12.6816 ms (enqueue 4.35352 ms)
[10/06/2026-14:08:46] [I] Average on 1 runs - GPU latency: 12.4844 ms - Host latency: 12.6641 ms (enqueue 4.1875 ms)
[10/06/2026-14:08:46] [I] Average on 1 runs - GPU latency: 12.4922 ms - Host latency: 12.6719 ms (enqueue 4.41211 ms)
[10/06/2026-14:08:46] [I] Average on 1 runs - GPU latency: 12.4707 ms - Host latency: 12.6523 ms (enqueue 4.3418 ms)
[10/06/2026-14:08:46] [I] Average on 1 runs - GPU latency: 12.457 ms - Host latency: 12.6426 ms (enqueue 4.35742 ms)
[10/06/2026-14:08:46] [I] Average on 1 runs - GPU latency: 12.4766 ms - Host latency: 12.6582 ms (enqueue 4.20508 ms)
[10/06/2026-14:08:46] [I] Average on 1 runs - GPU latency: 12.4707 ms - Host latency: 12.6543 ms (enqueue 4.33984 ms)
[10/06/2026-14:08:46] [I] Average on 1 runs - GPU latency: 12.4668 ms - Host latency: 12.6523 ms (enqueue 4.35547 ms)
[10/06/2026-14:08:46] [I] Average on 1 runs - GPU latency: 12.4668 ms - Host latency: 12.6582 ms (enqueue 4.39062 ms)
[10/06/2026-14:08:46] [I] Average on 1 runs - GPU latency: 12.4785 ms - Host latency: 12.6602 ms (enqueue 4.26953 ms)
[10/06/2026-14:08:46] [I] Average on 1 runs - GPU latency: 12.4668 ms - Host latency: 12.6504 ms (enqueue 4.30273 ms)
[10/06/2026-14:08:46] [I] Average on 1 runs - GPU latency: 12.4922 ms - Host latency: 12.6699 ms (enqueue 4.37109 ms)
[10/06/2026-14:08:46] [I] Average on 1 runs - GPU latency: 12.4727 ms - Host latency: 12.6523 ms (enqueue 4.26172 ms)
[10/06/2026-14:08:46] [I] Average on 1 runs - GPU latency: 12.4648 ms - Host latency: 12.6484 ms (enqueue 4.28125 ms)
[10/06/2026-14:08:46] [I] Average on 1 runs - GPU latency: 12.4746 ms - Host latency: 12.6582 ms (enqueue 4.25391 ms)
[10/06/2026-14:08:46] [I] Average on 1 runs - GPU latency: 12.4707 ms - Host latency: 12.6582 ms (enqueue 4.29492 ms)
[10/06/2026-14:08:46] [I] Average on 1 runs - GPU latency: 12.4648 ms - Host latency: 12.6484 ms (enqueue 4.32812 ms)
[10/06/2026-14:08:46] [I] Average on 1 runs - GPU latency: 12.4746 ms - Host latency: 12.6602 ms (enqueue 4.27734 ms)
[10/06/2026-14:08:46] [I] Average on 1 runs - GPU latency: 12.4609 ms - Host latency: 12.6445 ms (enqueue 4.33984 ms)
[10/06/2026-14:08:46] [I] Average on 1 runs - GPU latency: 12.4707 ms - Host latency: 12.6816 ms (enqueue 4.36133 ms)
[10/06/2026-14:08:46] [I] Average on 1 runs - GPU latency: 12.4688 ms - Host latency: 12.6504 ms (enqueue 4.35352 ms)
[10/06/2026-14:08:46] [I] Average on 1 runs - GPU latency: 12.4707 ms - Host latency: 12.6582 ms (enqueue 4.29688 ms)
[10/06/2026-14:08:46] [I] Average on 1 runs - GPU latency: 12.4707 ms - Host latency: 12.6582 ms (enqueue 4.29297 ms)
[10/06/2026-14:08:46] [I] Average on 1 runs - GPU latency: 12.4766 ms - Host latency: 12.6621 ms (enqueue 4.31641 ms)
[10/06/2026-14:08:46] [I] Average on 1 runs - GPU latency: 12.4727 ms - Host latency: 12.6562 ms (enqueue 4.2832 ms)
[10/06/2026-14:08:46] [I] Average on 1 runs - GPU latency: 12.4609 ms - Host latency: 12.6484 ms (enqueue 4.24023 ms)
[10/06/2026-14:08:46] [I] Average on 1 runs - GPU latency: 12.4805 ms - Host latency: 12.6641 ms (enqueue 4.27734 ms)
[10/06/2026-14:08:46] [I] Average on 1 runs - GPU latency: 12.4805 ms - Host latency: 12.6621 ms (enqueue 4.37109 ms)
[10/06/2026-14:08:46] [I] Average on 1 runs - GPU latency: 12.457 ms - Host latency: 12.6426 ms (enqueue 4.36133 ms)
[10/06/2026-14:08:46] [I] Average on 1 runs - GPU latency: 12.4805 ms - Host latency: 12.666 ms (enqueue 4.24023 ms)
[10/06/2026-14:08:46] [I] Average on 1 runs - GPU latency: 12.498 ms - Host latency: 12.6895 ms (enqueue 4.28516 ms)
[10/06/2026-14:08:46] [I] Average on 1 runs - GPU latency: 12.457 ms - Host latency: 12.6426 ms (enqueue 4.32031 ms)
[10/06/2026-14:08:46] [I] Average on 1 runs - GPU latency: 12.4746 ms - Host latency: 12.6602 ms (enqueue 4.23828 ms)
[10/06/2026-14:08:46] [I] Average on 1 runs - GPU latency: 12.4688 ms - Host latency: 12.6562 ms (enqueue 4.21289 ms)
[10/06/2026-14:08:46] [I] Average on 1 runs - GPU latency: 12.4746 ms - Host latency: 12.6602 ms (enqueue 4.34961 ms)
[10/06/2026-14:08:46] [I] Average on 1 runs - GPU latency: 12.4902 ms - Host latency: 12.6777 ms (enqueue 4.30273 ms)
[10/06/2026-14:08:46] [I] Average on 1 runs - GPU latency: 12.4727 ms - Host latency: 12.6582 ms (enqueue 4.26172 ms)
[10/06/2026-14:08:46] [I] Average on 1 runs - GPU latency: 12.4766 ms - Host latency: 12.6621 ms (enqueue 4.23242 ms)
[10/06/2026-14:08:46] [I] Average on 1 runs - GPU latency: 12.4844 ms - Host latency: 12.668 ms (enqueue 4.39062 ms)
[10/06/2026-14:08:46] [I] Average on 1 runs - GPU latency: 12.4863 ms - Host latency: 12.6719 ms (enqueue 4.31641 ms)
[10/06/2026-14:08:46] [I] Average on 1 runs - GPU latency: 12.4668 ms - Host latency: 12.6543 ms (enqueue 4.3457 ms)
[10/06/2026-14:08:46] [I] Average on 1 runs - GPU latency: 12.4805 ms - Host latency: 12.6895 ms (enqueue 4.25781 ms)
[10/06/2026-14:08:46] [I] Average on 1 runs - GPU latency: 12.4746 ms - Host latency: 12.6641 ms (enqueue 4.29297 ms)
[10/06/2026-14:08:46] [I] Average on 1 runs - GPU latency: 12.4648 ms - Host latency: 12.6465 ms (enqueue 4.27539 ms)
[10/06/2026-14:08:46] [I] Average on 1 runs - GPU latency: 12.4746 ms - Host latency: 12.6992 ms (enqueue 4.26562 ms)
[10/06/2026-14:08:46] [I] Average on 1 runs - GPU latency: 12.4766 ms - Host latency: 12.6582 ms (enqueue 4.21094 ms)
[10/06/2026-14:08:46] [I] Average on 1 runs - GPU latency: 12.4727 ms - Host latency: 12.6562 ms (enqueue 4.35547 ms)
[10/06/2026-14:08:46] [I] Average on 1 runs - GPU latency: 12.4746 ms - Host latency: 12.6621 ms (enqueue 4.37305 ms)
[10/06/2026-14:08:46] [I] Average on 1 runs - GPU latency: 12.4785 ms - Host latency: 12.6621 ms (enqueue 4.31836 ms)
[10/06/2026-14:08:46] [I] Average on 1 runs - GPU latency: 12.4707 ms - Host latency: 12.6562 ms (enqueue 4.29102 ms)
[10/06/2026-14:08:46] [I] Average on 1 runs - GPU latency: 12.4688 ms - Host latency: 12.6504 ms (enqueue 4.39258 ms)
[10/06/2026-14:08:46] [I] Average on 1 runs - GPU latency: 12.4844 ms - Host latency: 12.666 ms (enqueue 4.36719 ms)
[10/06/2026-14:08:46] [I] Average on 1 runs - GPU latency: 12.459 ms - Host latency: 12.6426 ms (enqueue 4.39062 ms)
[10/06/2026-14:08:46] [I] Average on 1 runs - GPU latency: 12.4727 ms - Host latency: 12.6543 ms (enqueue 4.26953 ms)
[10/06/2026-14:08:46] [I] Average on 1 runs - GPU latency: 12.4531 ms - Host latency: 12.6387 ms (enqueue 4.36914 ms)
[10/06/2026-14:08:46] [I] Average on 1 runs - GPU latency: 12.459 ms - Host latency: 12.6484 ms (enqueue 4.35742 ms)
[10/06/2026-14:08:46] [I] Average on 1 runs - GPU latency: 12.4746 ms - Host latency: 12.6543 ms (enqueue 4.33789 ms)
[10/06/2026-14:08:46] [I] Average on 1 runs - GPU latency: 12.4648 ms - Host latency: 12.6484 ms (enqueue 4.30469 ms)
[10/06/2026-14:08:46] [I] Average on 1 runs - GPU latency: 12.4707 ms - Host latency: 12.6621 ms (enqueue 4.25 ms)
[10/06/2026-14:08:46] [I] Average on 1 runs - GPU latency: 12.4609 ms - Host latency: 12.6465 ms (enqueue 4.21484 ms)
[10/06/2026-14:08:46] [I] Average on 1 runs - GPU latency: 12.4727 ms - Host latency: 12.6602 ms (enqueue 4.25391 ms)
[10/06/2026-14:08:46] [I] Average on 1 runs - GPU latency: 12.4805 ms - Host latency: 12.666 ms (enqueue 4.22656 ms)
[10/06/2026-14:08:46] [I] Average on 1 runs - GPU latency: 12.4824 ms - Host latency: 12.6699 ms (enqueue 4.26562 ms)
[10/06/2026-14:08:46] [I] Average on 1 runs - GPU latency: 12.4785 ms - Host latency: 12.666 ms (enqueue 4.30859 ms)
[10/06/2026-14:08:46] [I] Average on 1 runs - GPU latency: 12.4863 ms - Host latency: 12.6719 ms (enqueue 4.33008 ms)
[10/06/2026-14:08:46] [I] Average on 1 runs - GPU latency: 12.457 ms - Host latency: 12.6426 ms (enqueue 4.23438 ms)
[10/06/2026-14:08:46] [I] Average on 1 runs - GPU latency: 12.4805 ms - Host latency: 12.668 ms (enqueue 4.28125 ms)
[10/06/2026-14:08:46] [I] Average on 1 runs - GPU latency: 12.4805 ms - Host latency: 12.6641 ms (enqueue 4.35938 ms)
[10/06/2026-14:08:46] [I] Average on 1 runs - GPU latency: 12.4746 ms - Host latency: 12.6562 ms (enqueue 4.29688 ms)
[10/06/2026-14:08:46] [I] Average on 1 runs - GPU latency: 12.4863 ms - Host latency: 12.6719 ms (enqueue 4.27539 ms)
[10/06/2026-14:08:46] [I] Average on 1 runs - GPU latency: 12.4824 ms - Host latency: 12.666 ms (enqueue 4.31641 ms)
[10/06/2026-14:08:46] [I] Average on 1 runs - GPU latency: 12.4785 ms - Host latency: 12.6582 ms (enqueue 4.31055 ms)
[10/06/2026-14:08:46] [I] Average on 1 runs - GPU latency: 12.4609 ms - Host latency: 12.6445 ms (enqueue 4.32617 ms)
[10/06/2026-14:08:46] [I] Average on 1 runs - GPU latency: 12.4785 ms - Host latency: 12.6641 ms (enqueue 4.32422 ms)
[10/06/2026-14:08:46] [I] Average on 1 runs - GPU latency: 12.4766 ms - Host latency: 12.6582 ms (enqueue 4.38281 ms)
[10/06/2026-14:08:46] [I] Average on 1 runs - GPU latency: 12.4688 ms - Host latency: 12.6523 ms (enqueue 4.38477 ms)
[10/06/2026-14:08:46] [I] Average on 1 runs - GPU latency: 12.4805 ms - Host latency: 12.6641 ms (enqueue 4.33984 ms)
[10/06/2026-14:08:46] [I] Average on 1 runs - GPU latency: 12.4824 ms - Host latency: 12.6641 ms (enqueue 4.37305 ms)
[10/06/2026-14:08:46] [I] Average on 1 runs - GPU latency: 12.4688 ms - Host latency: 12.6523 ms (enqueue 4.31836 ms)
[10/06/2026-14:08:46] [I] Average on 1 runs - GPU latency: 12.4707 ms - Host latency: 12.6523 ms (enqueue 4.33594 ms)
[10/06/2026-14:08:46] [I] Average on 1 runs - GPU latency: 12.4707 ms - Host latency: 12.6543 ms (enqueue 4.3457 ms)
[10/06/2026-14:08:46] [I] Average on 1 runs - GPU latency: 12.4766 ms - Host latency: 12.6602 ms (enqueue 4.37109 ms)
[10/06/2026-14:08:46] [I] Average on 1 runs - GPU latency: 12.4727 ms - Host latency: 12.6699 ms (enqueue 4.32422 ms)
[10/06/2026-14:08:46] [I] Average on 1 runs - GPU latency: 12.4668 ms - Host latency: 12.6543 ms (enqueue 4.35352 ms)
[10/06/2026-14:08:46] [I] Average on 1 runs - GPU latency: 12.4746 ms - Host latency: 12.6602 ms (enqueue 4.34375 ms)
[10/06/2026-14:08:46] [I] Average on 1 runs - GPU latency: 12.4727 ms - Host latency: 12.6582 ms (enqueue 4.25391 ms)
[10/06/2026-14:08:46] [I] Average on 1 runs - GPU latency: 12.4727 ms - Host latency: 12.6543 ms (enqueue 4.33008 ms)
[10/06/2026-14:08:46] [I] Average on 1 runs - GPU latency: 12.4727 ms - Host latency: 12.6562 ms (enqueue 4.31836 ms)
[10/06/2026-14:08:46] [I] Average on 1 runs - GPU latency: 12.4863 ms - Host latency: 12.6758 ms (enqueue 4.35938 ms)
[10/06/2026-14:08:46] [I] Average on 1 runs - GPU latency: 12.4805 ms - Host latency: 12.666 ms (enqueue 4.38867 ms)
[10/06/2026-14:08:46] [I] Average on 1 runs - GPU latency: 12.4648 ms - Host latency: 12.6504 ms (enqueue 4.34961 ms)
[10/06/2026-14:08:46] [I] Average on 1 runs - GPU latency: 12.4707 ms - Host latency: 12.6523 ms (enqueue 4.35742 ms)
[10/06/2026-14:08:46] [I] Average on 1 runs - GPU latency: 12.4727 ms - Host latency: 12.6523 ms (enqueue 4.32812 ms)
[10/06/2026-14:08:46] [I] Average on 1 runs - GPU latency: 12.4648 ms - Host latency: 12.6484 ms (enqueue 4.33008 ms)
[10/06/2026-14:08:46] [I] Average on 1 runs - GPU latency: 12.4805 ms - Host latency: 12.6816 ms (enqueue 4.33984 ms)
[10/06/2026-14:08:46] [I] Average on 1 runs - GPU latency: 12.4727 ms - Host latency: 12.6543 ms (enqueue 4.32031 ms)
[10/06/2026-14:08:46] [I] Average on 1 runs - GPU latency: 12.4824 ms - Host latency: 12.6621 ms (enqueue 4.32031 ms)
[10/06/2026-14:08:46] [I] Average on 1 runs - GPU latency: 12.4785 ms - Host latency: 12.6641 ms (enqueue 4.30859 ms)
[10/06/2026-14:08:46] [I] Average on 1 runs - GPU latency: 12.4902 ms - Host latency: 12.6719 ms (enqueue 4.36914 ms)
[10/06/2026-14:08:46] [I] Average on 1 runs - GPU latency: 12.4785 ms - Host latency: 12.6602 ms (enqueue 4.28125 ms)
[10/06/2026-14:08:46] [I] Average on 1 runs - GPU latency: 12.4805 ms - Host latency: 12.6602 ms (enqueue 4.27148 ms)
[10/06/2026-14:08:46] [I] Average on 1 runs - GPU latency: 12.4629 ms - Host latency: 12.6504 ms (enqueue 4.30273 ms)
[10/06/2026-14:08:46] [I] Average on 1 runs - GPU latency: 12.4766 ms - Host latency: 12.6621 ms (enqueue 4.32227 ms)
[10/06/2026-14:08:46] [I] Average on 1 runs - GPU latency: 12.4844 ms - Host latency: 12.666 ms (enqueue 4.30859 ms)
[10/06/2026-14:08:46] [I] Average on 1 runs - GPU latency: 12.4688 ms - Host latency: 12.6543 ms (enqueue 4.18555 ms)
[10/06/2026-14:08:46] [I] Average on 1 runs - GPU latency: 12.4648 ms - Host latency: 12.6465 ms (enqueue 4.375 ms)
[10/06/2026-14:08:46] [I] Average on 1 runs - GPU latency: 12.4648 ms - Host latency: 12.6484 ms (enqueue 4.31836 ms)
[10/06/2026-14:08:46] [I] Average on 1 runs - GPU latency: 12.4766 ms - Host latency: 12.6641 ms (enqueue 4.26367 ms)
[10/06/2026-14:08:46] [I] Average on 1 runs - GPU latency: 12.4727 ms - Host latency: 12.6582 ms (enqueue 4.2832 ms)
[10/06/2026-14:08:46] [I] Average on 1 runs - GPU latency: 12.4863 ms - Host latency: 12.6738 ms (enqueue 4.28711 ms)
[10/06/2026-14:08:46] [I] Average on 1 runs - GPU latency: 12.4922 ms - Host latency: 12.6738 ms (enqueue 4.37891 ms)
[10/06/2026-14:08:46] [I] Average on 1 runs - GPU latency: 12.4824 ms - Host latency: 12.666 ms (enqueue 4.30078 ms)
[10/06/2026-14:08:46] [I] Average on 1 runs - GPU latency: 12.4629 ms - Host latency: 12.6465 ms (enqueue 4.4043 ms)
[10/06/2026-14:08:46] [I] Average on 1 runs - GPU latency: 12.4766 ms - Host latency: 12.6621 ms (enqueue 4.40625 ms)
[10/06/2026-14:08:46] [I] Average on 1 runs - GPU latency: 12.4844 ms - Host latency: 12.6719 ms (enqueue 4.32227 ms)
[10/06/2026-14:08:46] [I] Average on 1 runs - GPU latency: 12.4746 ms - Host latency: 12.6582 ms (enqueue 4.37109 ms)
[10/06/2026-14:08:46] [I] Average on 1 runs - GPU latency: 12.4785 ms - Host latency: 12.6621 ms (enqueue 4.31055 ms)
[10/06/2026-14:08:46] [I] Average on 1 runs - GPU latency: 12.4844 ms - Host latency: 12.6699 ms (enqueue 4.39062 ms)
[10/06/2026-14:08:46] [I] Average on 1 runs - GPU latency: 12.4727 ms - Host latency: 12.6562 ms (enqueue 4.32031 ms)
[10/06/2026-14:08:46] [I] Average on 1 runs - GPU latency: 12.4883 ms - Host latency: 12.6738 ms (enqueue 4.33789 ms)
[10/06/2026-14:08:46] [I] Average on 1 runs - GPU latency: 12.4707 ms - Host latency: 12.6562 ms (enqueue 4.33203 ms)
[10/06/2026-14:08:46] [I] Average on 1 runs - GPU latency: 12.4648 ms - Host latency: 12.6543 ms (enqueue 4.28516 ms)
[10/06/2026-14:08:46] [I] Average on 1 runs - GPU latency: 12.4785 ms - Host latency: 12.668 ms (enqueue 4.32031 ms)
[10/06/2026-14:08:46] [I] Average on 1 runs - GPU latency: 12.4766 ms - Host latency: 12.6758 ms (enqueue 4.33789 ms)
[10/06/2026-14:08:46] [I] Average on 1 runs - GPU latency: 12.4727 ms - Host latency: 12.6523 ms (enqueue 4.28125 ms)
[10/06/2026-14:08:46] [I] Average on 1 runs - GPU latency: 12.4746 ms - Host latency: 12.6543 ms (enqueue 4.29688 ms)
[10/06/2026-14:08:46] [I] Average on 1 runs - GPU latency: 12.4844 ms - Host latency: 12.6699 ms (enqueue 4.31836 ms)
[10/06/2026-14:08:46] [I] Average on 1 runs - GPU latency: 12.4766 ms - Host latency: 12.666 ms (enqueue 4.29688 ms)
[10/06/2026-14:08:46] [I] Average on 1 runs - GPU latency: 12.4805 ms - Host latency: 12.666 ms (enqueue 4.33789 ms)
[10/06/2026-14:08:46] [I] Average on 1 runs - GPU latency: 12.4316 ms - Host latency: 12.6172 ms (enqueue 4.35547 ms)
[10/06/2026-14:08:46] [I] 
[10/06/2026-14:08:46] [I] === Performance summary ===
[10/06/2026-14:08:46] [I] Throughput: 80.0629 qps
[10/06/2026-14:08:46] [I] Latency: min = 12.6172 ms, max = 12.8247 ms, mean = 12.6589 ms, median = 12.6582 ms, percentile(90%) = 12.6729 ms, percentile(95%) = 12.6772 ms, percentile(99%) = 12.6895 ms
[10/06/2026-14:08:46] [I] Enqueue Time: min = 2.57812 ms, max = 4.62695 ms, mean = 4.31083 ms, median = 4.31665 ms, percentile(90%) = 4.37891 ms, percentile(95%) = 4.39355 ms, percentile(99%) = 4.41602 ms
[10/06/2026-14:08:46] [I] H2D Latency: min = 0.165039 ms, max = 0.325195 ms, mean = 0.173608 ms, median = 0.172852 ms, percentile(90%) = 0.176758 ms, percentile(95%) = 0.179688 ms, percentile(99%) = 0.199219 ms
[10/06/2026-14:08:46] [I] GPU Compute Time: min = 12.4316 ms, max = 12.5054 ms, mean = 12.4737 ms, median = 12.4741 ms, percentile(90%) = 12.4863 ms, percentile(95%) = 12.4902 ms, percentile(99%) = 12.4961 ms
[10/06/2026-14:08:46] [I] D2H Latency: min = 0.00878906 ms, max = 0.0146484 ms, mean = 0.0116188 ms, median = 0.0117188 ms, percentile(90%) = 0.0131836 ms, percentile(95%) = 0.0136719 ms, percentile(99%) = 0.0136719 ms
[10/06/2026-14:08:46] [I] Total Host Walltime: 15.0382 s
[10/06/2026-14:08:46] [I] Total GPU Compute Time: 15.0183 s
[10/06/2026-14:08:46] [I] Explanations of the performance metrics are printed in the verbose logs.
[10/06/2026-14:08:46] [I] 
&&&& PASSED TensorRT.trtexec [TensorRT v100300] # /usr/src/tensorrt/bin/trtexec --loadEngine=/tmp/yolo26n_84172_uint8_fp16_opt3.engine --warmUp=3000 --duration=15 --idleTime=0 --avgRuns=1
