&&&& RUNNING TensorRT.trtexec [TensorRT v100300] # /usr/src/tensorrt/bin/trtexec --loadEngine=/tmp/engines/y26s_640_uint8_opt3.engine --warmUp=3000 --duration=15 --idleTime=33 --avgRuns=1
[10/04/2026-22:06:01] [I] === Model Options ===
[10/04/2026-22:06:01] [I] Format: *
[10/04/2026-22:06:01] [I] Model: 
[10/04/2026-22:06:01] [I] Output:
[10/04/2026-22:06:01] [I] 
[10/04/2026-22:06:01] [I] === System Options ===
[10/04/2026-22:06:01] [I] Device: 0
[10/04/2026-22:06:01] [I] DLACore: 
[10/04/2026-22:06:01] [I] Plugins:
[10/04/2026-22:06:01] [I] setPluginsToSerialize:
[10/04/2026-22:06:01] [I] dynamicPlugins:
[10/04/2026-22:06:01] [I] ignoreParsedPluginLibs: 0
[10/04/2026-22:06:01] [I] 
[10/04/2026-22:06:01] [I] === Inference Options ===
[10/04/2026-22:06:01] [I] Batch: Explicit
[10/04/2026-22:06:01] [I] Input inference shapes: model
[10/04/2026-22:06:01] [I] Iterations: 10
[10/04/2026-22:06:01] [I] Duration: 15s (+ 3000ms warm up)
[10/04/2026-22:06:01] [I] Sleep time: 0ms
[10/04/2026-22:06:01] [I] Idle time: 33ms
[10/04/2026-22:06:01] [I] Inference Streams: 1
[10/04/2026-22:06:01] [I] ExposeDMA: Disabled
[10/04/2026-22:06:01] [I] Data transfers: Enabled
[10/04/2026-22:06:01] [I] Spin-wait: Disabled
[10/04/2026-22:06:01] [I] Multithreading: Disabled
[10/04/2026-22:06:01] [I] CUDA Graph: Disabled
[10/04/2026-22:06:01] [I] Separate profiling: Disabled
[10/04/2026-22:06:01] [I] Time Deserialize: Disabled
[10/04/2026-22:06:01] [I] Time Refit: Disabled
[10/04/2026-22:06:01] [I] NVTX verbosity: 0
[10/04/2026-22:06:01] [I] Persistent Cache Ratio: 0
[10/04/2026-22:06:01] [I] Optimization Profile Index: 0
[10/04/2026-22:06:01] [I] Weight Streaming Budget: 100.000000%
[10/04/2026-22:06:01] [I] Inputs:
[10/04/2026-22:06:01] [I] Debug Tensor Save Destinations:
[10/04/2026-22:06:01] [I] === Reporting Options ===
[10/04/2026-22:06:01] [I] Verbose: Disabled
[10/04/2026-22:06:01] [I] Averages: 1 inferences
[10/04/2026-22:06:01] [I] Percentiles: 90,95,99
[10/04/2026-22:06:01] [I] Dump refittable layers:Disabled
[10/04/2026-22:06:01] [I] Dump output: Disabled
[10/04/2026-22:06:01] [I] Profile: Disabled
[10/04/2026-22:06:01] [I] Export timing to JSON file: 
[10/04/2026-22:06:01] [I] Export output to JSON file: 
[10/04/2026-22:06:01] [I] Export profile to JSON file: 
[10/04/2026-22:06:01] [I] 
[10/04/2026-22:06:01] [I] === Device Information ===
[10/04/2026-22:06:01] [I] Available Devices: 
[10/04/2026-22:06:01] [I]   Device 0: "Orin" UUID: GPU-6e16c2c1-e394-5324-8f2e-63a975968f4e
[10/04/2026-22:06:01] [I] Selected Device: Orin
[10/04/2026-22:06:01] [I] Selected Device ID: 0
[10/04/2026-22:06:01] [I] Selected Device UUID: GPU-6e16c2c1-e394-5324-8f2e-63a975968f4e
[10/04/2026-22:06:01] [I] Compute Capability: 8.7
[10/04/2026-22:06:01] [I] SMs: 8
[10/04/2026-22:06:01] [I] Device Global Memory: 7607 MiB
[10/04/2026-22:06:01] [I] Shared Memory per SM: 164 KiB
[10/04/2026-22:06:01] [I] Memory Bus Width: 128 bits (ECC disabled)
[10/04/2026-22:06:01] [I] Application Compute Clock Rate: 1.02 GHz
[10/04/2026-22:06:01] [I] Application Memory Clock Rate: 1.02 GHz
[10/04/2026-22:06:01] [I] 
[10/04/2026-22:06:01] [I] Note: The application clock rates do not reflect the actual clock rates that the GPU is currently running at.
[10/04/2026-22:06:01] [I] 
[10/04/2026-22:06:01] [I] TensorRT version: 10.3.0
[10/04/2026-22:06:01] [I] Loading standard plugins
[10/04/2026-22:06:01] [I] [TRT] Loaded engine size: 21 MiB
[10/04/2026-22:06:01] [I] Engine deserialized in 0.0920572 sec.
[10/04/2026-22:06:01] [I] [TRT] [MemUsageChange] TensorRT-managed allocation in IExecutionContext creation: CPU +0, GPU +18, now: CPU 0, GPU 36 (MiB)
[10/04/2026-22:06:01] [I] Setting persistentCacheLimit to 0 bytes.
[10/04/2026-22:06:01] [I] Created execution context with device memory size: 18.1641 MiB
[10/04/2026-22:06:01] [I] Using random values for input images
[10/04/2026-22:06:01] [I] Input binding for images with dimensions 1x640x640x3 is created.
[10/04/2026-22:06:01] [I] Output binding for output0 with dimensions 1x300x6 is created.
[10/04/2026-22:06:01] [I] Starting inference
[10/04/2026-22:06:19] [I] Warmup completed 411 queries over 3000 ms
[10/04/2026-22:06:19] [I] Timing trace has 403 queries over 15.0803 s
[10/04/2026-22:06:19] [I] 
[10/04/2026-22:06:19] [I] === Trace details ===
[10/04/2026-22:06:19] [I] Trace averages of 1 runs:
[10/04/2026-22:06:19] [I] Average on 1 runs - GPU latency: 6.81152 ms - Host latency: 6.96997 ms (enqueue 4.13696 ms)
[10/04/2026-22:06:19] [I] Average on 1 runs - GPU latency: 6.78418 ms - Host latency: 6.93628 ms (enqueue 4.14941 ms)
[10/04/2026-22:06:19] [I] Average on 1 runs - GPU latency: 6.76904 ms - Host latency: 6.84741 ms (enqueue 4.14258 ms)
[10/04/2026-22:06:19] [I] Average on 1 runs - GPU latency: 6.78271 ms - Host latency: 6.85962 ms (enqueue 4.09839 ms)
[10/04/2026-22:06:19] [I] Average on 1 runs - GPU latency: 6.78638 ms - Host latency: 6.85474 ms (enqueue 4.12646 ms)
[10/04/2026-22:06:19] [I] Average on 1 runs - GPU latency: 6.77588 ms - Host latency: 6.84375 ms (enqueue 4.12085 ms)
[10/04/2026-22:06:19] [I] Average on 1 runs - GPU latency: 6.77417 ms - Host latency: 6.84204 ms (enqueue 4.12744 ms)
[10/04/2026-22:06:19] [I] Average on 1 runs - GPU latency: 6.78223 ms - Host latency: 6.86084 ms (enqueue 4.1355 ms)
[10/04/2026-22:06:19] [I] Average on 1 runs - GPU latency: 6.79175 ms - Host latency: 6.86963 ms (enqueue 4.20093 ms)
[10/04/2026-22:06:19] [I] Average on 1 runs - GPU latency: 7.20776 ms - Host latency: 7.27588 ms (enqueue 4.12842 ms)
[10/04/2026-22:06:19] [I] Average on 1 runs - GPU latency: 7.35107 ms - Host latency: 7.42334 ms (enqueue 4.12891 ms)
[10/04/2026-22:06:19] [I] Average on 1 runs - GPU latency: 7.30273 ms - Host latency: 7.37671 ms (enqueue 4.15454 ms)
[10/04/2026-22:06:19] [I] Average on 1 runs - GPU latency: 8.15137 ms - Host latency: 8.23755 ms (enqueue 4.21729 ms)
[10/04/2026-22:06:19] [I] Average on 1 runs - GPU latency: 8.15283 ms - Host latency: 8.25098 ms (enqueue 4.24731 ms)
[10/04/2026-22:06:19] [I] Average on 1 runs - GPU latency: 8.3269 ms - Host latency: 8.40991 ms (enqueue 4.16235 ms)
[10/04/2026-22:06:19] [I] Average on 1 runs - GPU latency: 9.16016 ms - Host latency: 9.24731 ms (enqueue 4.125 ms)
[10/04/2026-22:06:19] [I] Average on 1 runs - GPU latency: 9.1709 ms - Host latency: 9.27539 ms (enqueue 4.26123 ms)
[10/04/2026-22:06:19] [I] Average on 1 runs - GPU latency: 9.18994 ms - Host latency: 9.2876 ms (enqueue 4.20947 ms)
[10/04/2026-22:06:19] [I] Average on 1 runs - GPU latency: 9.20581 ms - Host latency: 9.30225 ms (enqueue 4.12476 ms)
[10/04/2026-22:06:19] [I] Average on 1 runs - GPU latency: 10.501 ms - Host latency: 10.6023 ms (enqueue 4.12549 ms)
[10/04/2026-22:06:19] [I] Average on 1 runs - GPU latency: 10.5615 ms - Host latency: 10.6611 ms (enqueue 4.21558 ms)
[10/04/2026-22:06:19] [I] Average on 1 runs - GPU latency: 10.5569 ms - Host latency: 10.6541 ms (enqueue 4.22266 ms)
[10/04/2026-22:06:19] [I] Average on 1 runs - GPU latency: 10.5486 ms - Host latency: 10.6465 ms (enqueue 4.26074 ms)
[10/04/2026-22:06:19] [I] Average on 1 runs - GPU latency: 12.489 ms - Host latency: 12.6038 ms (enqueue 4.22021 ms)
[10/04/2026-22:06:19] [I] Average on 1 runs - GPU latency: 12.7422 ms - Host latency: 12.8567 ms (enqueue 4.31201 ms)
[10/04/2026-22:06:19] [I] Average on 1 runs - GPU latency: 12.7183 ms - Host latency: 12.8564 ms (enqueue 4.39673 ms)
[10/04/2026-22:06:19] [I] Average on 1 runs - GPU latency: 12.7158 ms - Host latency: 12.8301 ms (enqueue 4.28271 ms)
[10/04/2026-22:06:19] [I] Average on 1 runs - GPU latency: 12.7168 ms - Host latency: 12.8325 ms (enqueue 4.26172 ms)
[10/04/2026-22:06:19] [I] Average on 1 runs - GPU latency: 12.7026 ms - Host latency: 12.8379 ms (enqueue 4.34009 ms)
[10/04/2026-22:06:19] [I] Average on 1 runs - GPU latency: 12.7346 ms - Host latency: 12.8594 ms (enqueue 4.26245 ms)
[10/04/2026-22:06:19] [I] Average on 1 runs - GPU latency: 15.5786 ms - Host latency: 15.717 ms (enqueue 4.2688 ms)
[10/04/2026-22:06:19] [I] Average on 1 runs - GPU latency: 15.583 ms - Host latency: 15.7393 ms (enqueue 2.98584 ms)
[10/04/2026-22:06:19] [I] Average on 1 runs - GPU latency: 15.5981 ms - Host latency: 15.7397 ms (enqueue 4.3667 ms)
[10/04/2026-22:06:19] [I] Average on 1 runs - GPU latency: 15.6079 ms - Host latency: 15.7495 ms (enqueue 4.29443 ms)
[10/04/2026-22:06:19] [I] Average on 1 runs - GPU latency: 15.6147 ms - Host latency: 15.7554 ms (enqueue 4.29297 ms)
[10/04/2026-22:06:19] [I] Average on 1 runs - GPU latency: 15.5981 ms - Host latency: 15.7642 ms (enqueue 4.26465 ms)
[10/04/2026-22:06:19] [I] Average on 1 runs - GPU latency: 15.5947 ms - Host latency: 15.7402 ms (enqueue 4.30615 ms)
[10/04/2026-22:06:19] [I] Average on 1 runs - GPU latency: 15.6016 ms - Host latency: 15.7632 ms (enqueue 4.37939 ms)
[10/04/2026-22:06:19] [I] Average on 1 runs - GPU latency: 15.5859 ms - Host latency: 15.731 ms (enqueue 4.25879 ms)
[10/04/2026-22:06:19] [I] Average on 1 runs - GPU latency: 15.6079 ms - Host latency: 15.7578 ms (enqueue 4.21729 ms)
[10/04/2026-22:06:19] [I] Average on 1 runs - GPU latency: 15.5898 ms - Host latency: 15.7314 ms (enqueue 4.2627 ms)
[10/04/2026-22:06:19] [I] Average on 1 runs - GPU latency: 15.5708 ms - Host latency: 15.7129 ms (enqueue 4.28955 ms)
[10/04/2026-22:06:19] [I] Average on 1 runs - GPU latency: 15.5786 ms - Host latency: 15.7217 ms (enqueue 4.28564 ms)
[10/04/2026-22:06:19] [I] Average on 1 runs - GPU latency: 15.6006 ms - Host latency: 15.7637 ms (enqueue 4.33447 ms)
[10/04/2026-22:06:19] [I] Average on 1 runs - GPU latency: 15.6035 ms - Host latency: 15.7422 ms (enqueue 4.26416 ms)
[10/04/2026-22:06:19] [I] Average on 1 runs - GPU latency: 18.6133 ms - Host latency: 18.7554 ms (enqueue 4.25977 ms)
[10/04/2026-22:06:19] [I] Average on 1 runs - GPU latency: 20.458 ms - Host latency: 20.6631 ms (enqueue 4.37012 ms)
[10/04/2026-22:06:19] [I] Average on 1 runs - GPU latency: 20.478 ms - Host latency: 20.6582 ms (enqueue 4.2998 ms)
[10/04/2026-22:06:19] [I] Average on 1 runs - GPU latency: 20.4517 ms - Host latency: 20.6406 ms (enqueue 4.2251 ms)
[10/04/2026-22:06:19] [I] Average on 1 runs - GPU latency: 20.4634 ms - Host latency: 20.6504 ms (enqueue 4.27441 ms)
[10/04/2026-22:06:19] [I] Average on 1 runs - GPU latency: 20.4731 ms - Host latency: 20.6543 ms (enqueue 4.28125 ms)
[10/04/2026-22:06:19] [I] Average on 1 runs - GPU latency: 20.4546 ms - Host latency: 20.6367 ms (enqueue 4.26514 ms)
[10/04/2026-22:06:19] [I] Average on 1 runs - GPU latency: 20.4316 ms - Host latency: 20.6338 ms (enqueue 4.34277 ms)
[10/04/2026-22:06:19] [I] Average on 1 runs - GPU latency: 20.4658 ms - Host latency: 20.6484 ms (enqueue 4.25781 ms)
[10/04/2026-22:06:19] [I] Average on 1 runs - GPU latency: 20.4546 ms - Host latency: 20.6396 ms (enqueue 4.23584 ms)
[10/04/2026-22:06:19] [I] Average on 1 runs - GPU latency: 20.458 ms - Host latency: 20.6602 ms (enqueue 4.30371 ms)
[10/04/2026-22:06:19] [I] Average on 1 runs - GPU latency: 20.4468 ms - Host latency: 20.6279 ms (enqueue 4.21094 ms)
[10/04/2026-22:06:19] [I] Average on 1 runs - GPU latency: 20.4517 ms - Host latency: 20.6279 ms (enqueue 4.27588 ms)
[10/04/2026-22:06:19] [I] Average on 1 runs - GPU latency: 20.457 ms - Host latency: 20.6475 ms (enqueue 4.34033 ms)
[10/04/2026-22:06:19] [I] Average on 1 runs - GPU latency: 20.4771 ms - Host latency: 20.6641 ms (enqueue 4.24854 ms)
[10/04/2026-22:06:19] [I] Average on 1 runs - GPU latency: 20.4453 ms - Host latency: 20.6333 ms (enqueue 4.23633 ms)
[10/04/2026-22:06:19] [I] Average on 1 runs - GPU latency: 20.4526 ms - Host latency: 20.6357 ms (enqueue 4.29053 ms)
[10/04/2026-22:06:19] [I] Average on 1 runs - GPU latency: 20.4375 ms - Host latency: 20.6182 ms (enqueue 4.31445 ms)
[10/04/2026-22:06:19] [I] Average on 1 runs - GPU latency: 20.438 ms - Host latency: 20.6182 ms (enqueue 4.26465 ms)
[10/04/2026-22:06:19] [I] Average on 1 runs - GPU latency: 20.4551 ms - Host latency: 20.6333 ms (enqueue 4.34961 ms)
[10/04/2026-22:06:19] [I] Average on 1 runs - GPU latency: 20.4668 ms - Host latency: 20.6562 ms (enqueue 4.25146 ms)
[10/04/2026-22:06:19] [I] Average on 1 runs - GPU latency: 20.4541 ms - Host latency: 20.6353 ms (enqueue 4.26562 ms)
[10/04/2026-22:06:19] [I] Average on 1 runs - GPU latency: 20.4556 ms - Host latency: 20.6357 ms (enqueue 4.31494 ms)
[10/04/2026-22:06:19] [I] Average on 1 runs - GPU latency: 20.4321 ms - Host latency: 20.6323 ms (enqueue 4.35254 ms)
[10/04/2026-22:06:19] [I] Average on 1 runs - GPU latency: 20.4575 ms - Host latency: 20.647 ms (enqueue 4.20557 ms)
[10/04/2026-22:06:19] [I] Average on 1 runs - GPU latency: 20.4775 ms - Host latency: 20.666 ms (enqueue 4.32471 ms)
[10/04/2026-22:06:19] [I] Average on 1 runs - GPU latency: 20.4888 ms - Host latency: 20.6748 ms (enqueue 4.23291 ms)
[10/04/2026-22:06:19] [I] Average on 1 runs - GPU latency: 20.4712 ms - Host latency: 20.6514 ms (enqueue 4.27783 ms)
[10/04/2026-22:06:19] [I] Average on 1 runs - GPU latency: 20.4531 ms - Host latency: 20.6553 ms (enqueue 4.40234 ms)
[10/04/2026-22:06:19] [I] Average on 1 runs - GPU latency: 20.4351 ms - Host latency: 20.6328 ms (enqueue 4.34082 ms)
[10/04/2026-22:06:19] [I] Average on 1 runs - GPU latency: 20.4365 ms - Host latency: 20.623 ms (enqueue 4.32715 ms)
[10/04/2026-22:06:19] [I] Average on 1 runs - GPU latency: 20.4517 ms - Host latency: 20.6548 ms (enqueue 4.37891 ms)
[10/04/2026-22:06:19] [I] Average on 1 runs - GPU latency: 20.4658 ms - Host latency: 20.6445 ms (enqueue 4.24854 ms)
[10/04/2026-22:06:19] [I] Average on 1 runs - GPU latency: 20.4609 ms - Host latency: 20.6436 ms (enqueue 4.27783 ms)
[10/04/2026-22:06:19] [I] Average on 1 runs - GPU latency: 20.4585 ms - Host latency: 20.6587 ms (enqueue 4.46143 ms)
[10/04/2026-22:06:19] [I] Average on 1 runs - GPU latency: 20.4673 ms - Host latency: 20.6455 ms (enqueue 4.29297 ms)
[10/04/2026-22:06:19] [I] Average on 1 runs - GPU latency: 20.4722 ms - Host latency: 20.6611 ms (enqueue 4.24512 ms)
[10/04/2026-22:06:19] [I] Average on 1 runs - GPU latency: 20.4556 ms - Host latency: 20.6431 ms (enqueue 4.23779 ms)
[10/04/2026-22:06:19] [I] Average on 1 runs - GPU latency: 20.4419 ms - Host latency: 20.6216 ms (enqueue 4.2793 ms)
[10/04/2026-22:06:19] [I] Average on 1 runs - GPU latency: 20.4575 ms - Host latency: 20.6475 ms (enqueue 4.35693 ms)
[10/04/2026-22:06:19] [I] Average on 1 runs - GPU latency: 20.4385 ms - Host latency: 20.6221 ms (enqueue 4.2876 ms)
[10/04/2026-22:06:19] [I] Average on 1 runs - GPU latency: 20.4438 ms - Host latency: 20.6465 ms (enqueue 4.34229 ms)
[10/04/2026-22:06:19] [I] Average on 1 runs - GPU latency: 20.4565 ms - Host latency: 20.646 ms (enqueue 4.23926 ms)
[10/04/2026-22:06:19] [I] Average on 1 runs - GPU latency: 20.4531 ms - Host latency: 20.6431 ms (enqueue 4.25928 ms)
[10/04/2026-22:06:19] [I] Average on 1 runs - GPU latency: 20.4434 ms - Host latency: 20.6475 ms (enqueue 4.38672 ms)
[10/04/2026-22:06:19] [I] Average on 1 runs - GPU latency: 20.4629 ms - Host latency: 20.6465 ms (enqueue 4.26514 ms)
[10/04/2026-22:06:19] [I] Average on 1 runs - GPU latency: 20.457 ms - Host latency: 20.645 ms (enqueue 4.23242 ms)
[10/04/2026-22:06:19] [I] Average on 1 runs - GPU latency: 20.459 ms - Host latency: 20.6387 ms (enqueue 4.23828 ms)
[10/04/2026-22:06:19] [I] Average on 1 runs - GPU latency: 20.4595 ms - Host latency: 20.6465 ms (enqueue 4.24268 ms)
[10/04/2026-22:06:19] [I] Average on 1 runs - GPU latency: 20.4692 ms - Host latency: 20.6577 ms (enqueue 4.22363 ms)
[10/04/2026-22:06:19] [I] Average on 1 runs - GPU latency: 20.4521 ms - Host latency: 20.6406 ms (enqueue 4.2124 ms)
[10/04/2026-22:06:19] [I] Average on 1 runs - GPU latency: 20.4868 ms - Host latency: 20.6743 ms (enqueue 4.24219 ms)
[10/04/2026-22:06:19] [I] Average on 1 runs - GPU latency: 20.4424 ms - Host latency: 20.6299 ms (enqueue 4.27197 ms)
[10/04/2026-22:06:19] [I] Average on 1 runs - GPU latency: 20.415 ms - Host latency: 20.6177 ms (enqueue 4.41846 ms)
[10/04/2026-22:06:19] [I] Average on 1 runs - GPU latency: 20.4502 ms - Host latency: 20.6294 ms (enqueue 4.28857 ms)
[10/04/2026-22:06:19] [I] Average on 1 runs - GPU latency: 20.4624 ms - Host latency: 20.6406 ms (enqueue 4.2251 ms)
[10/04/2026-22:06:19] [I] Average on 1 runs - GPU latency: 20.4243 ms - Host latency: 20.6284 ms (enqueue 4.32666 ms)
[10/04/2026-22:06:19] [I] Average on 1 runs - GPU latency: 20.4561 ms - Host latency: 20.6455 ms (enqueue 4.25049 ms)
[10/04/2026-22:06:19] [I] Average on 1 runs - GPU latency: 20.4521 ms - Host latency: 20.6362 ms (enqueue 4.31055 ms)
[10/04/2026-22:06:19] [I] Average on 1 runs - GPU latency: 20.4688 ms - Host latency: 20.6729 ms (enqueue 4.37402 ms)
[10/04/2026-22:06:19] [I] Average on 1 runs - GPU latency: 20.4551 ms - Host latency: 20.644 ms (enqueue 4.20654 ms)
[10/04/2026-22:06:19] [I] Average on 1 runs - GPU latency: 20.4668 ms - Host latency: 20.6611 ms (enqueue 3.09277 ms)
[10/04/2026-22:06:19] [I] Average on 1 runs - GPU latency: 20.458 ms - Host latency: 20.6392 ms (enqueue 4.32959 ms)
[10/04/2026-22:06:19] [I] Average on 1 runs - GPU latency: 20.4409 ms - Host latency: 20.6221 ms (enqueue 4.29639 ms)
[10/04/2026-22:06:19] [I] Average on 1 runs - GPU latency: 20.4731 ms - Host latency: 20.6592 ms (enqueue 4.21045 ms)
[10/04/2026-22:06:19] [I] Average on 1 runs - GPU latency: 20.4629 ms - Host latency: 20.6431 ms (enqueue 4.22559 ms)
[10/04/2026-22:06:19] [I] Average on 1 runs - GPU latency: 20.459 ms - Host latency: 20.6504 ms (enqueue 4.33496 ms)
[10/04/2026-22:06:19] [I] Average on 1 runs - GPU latency: 20.4575 ms - Host latency: 20.6455 ms (enqueue 4.30762 ms)
[10/04/2026-22:06:19] [I] Average on 1 runs - GPU latency: 20.4609 ms - Host latency: 20.6392 ms (enqueue 4.26123 ms)
[10/04/2026-22:06:19] [I] Average on 1 runs - GPU latency: 20.4663 ms - Host latency: 20.646 ms (enqueue 4.2373 ms)
[10/04/2026-22:06:19] [I] Average on 1 runs - GPU latency: 20.4614 ms - Host latency: 20.645 ms (enqueue 4.25049 ms)
[10/04/2026-22:06:19] [I] Average on 1 runs - GPU latency: 20.4487 ms - Host latency: 20.6328 ms (enqueue 4.26025 ms)
[10/04/2026-22:06:19] [I] Average on 1 runs - GPU latency: 20.458 ms - Host latency: 20.6416 ms (enqueue 4.32031 ms)
[10/04/2026-22:06:19] [I] Average on 1 runs - GPU latency: 20.4595 ms - Host latency: 20.6406 ms (enqueue 4.29443 ms)
[10/04/2026-22:06:19] [I] Average on 1 runs - GPU latency: 20.4448 ms - Host latency: 20.6436 ms (enqueue 4.35254 ms)
[10/04/2026-22:06:19] [I] Average on 1 runs - GPU latency: 20.4312 ms - Host latency: 20.6128 ms (enqueue 4.29785 ms)
[10/04/2026-22:06:19] [I] Average on 1 runs - GPU latency: 20.4502 ms - Host latency: 20.6313 ms (enqueue 4.27783 ms)
[10/04/2026-22:06:19] [I] Average on 1 runs - GPU latency: 20.4473 ms - Host latency: 20.6274 ms (enqueue 4.30566 ms)
[10/04/2026-22:06:19] [I] Average on 1 runs - GPU latency: 20.457 ms - Host latency: 20.6455 ms (enqueue 4.21729 ms)
[10/04/2026-22:06:19] [I] Average on 1 runs - GPU latency: 20.4434 ms - Host latency: 20.627 ms (enqueue 4.24512 ms)
[10/04/2026-22:06:19] [I] Average on 1 runs - GPU latency: 20.4692 ms - Host latency: 20.6494 ms (enqueue 4.28662 ms)
[10/04/2026-22:06:19] [I] Average on 1 runs - GPU latency: 20.4551 ms - Host latency: 20.6323 ms (enqueue 4.2373 ms)
[10/04/2026-22:06:19] [I] Average on 1 runs - GPU latency: 20.457 ms - Host latency: 20.6401 ms (enqueue 4.35303 ms)
[10/04/2026-22:06:19] [I] Average on 1 runs - GPU latency: 20.48 ms - Host latency: 20.6616 ms (enqueue 4.31494 ms)
[10/04/2026-22:06:19] [I] Average on 1 runs - GPU latency: 20.4434 ms - Host latency: 20.6294 ms (enqueue 4.31738 ms)
[10/04/2026-22:06:19] [I] Average on 1 runs - GPU latency: 20.4575 ms - Host latency: 20.6362 ms (enqueue 4.31396 ms)
[10/04/2026-22:06:19] [I] Average on 1 runs - GPU latency: 20.4604 ms - Host latency: 20.6616 ms (enqueue 4.33398 ms)
[10/04/2026-22:06:19] [I] Average on 1 runs - GPU latency: 20.4697 ms - Host latency: 20.6562 ms (enqueue 4.27686 ms)
[10/04/2026-22:06:19] [I] Average on 1 runs - GPU latency: 20.4453 ms - Host latency: 20.6279 ms (enqueue 4.2334 ms)
[10/04/2026-22:06:19] [I] Average on 1 runs - GPU latency: 20.4209 ms - Host latency: 20.6235 ms (enqueue 4.3208 ms)
[10/04/2026-22:06:19] [I] Average on 1 runs - GPU latency: 20.4507 ms - Host latency: 20.6387 ms (enqueue 4.31152 ms)
[10/04/2026-22:06:19] [I] Average on 1 runs - GPU latency: 20.457 ms - Host latency: 20.6597 ms (enqueue 4.56104 ms)
[10/04/2026-22:06:19] [I] Average on 1 runs - GPU latency: 20.4541 ms - Host latency: 20.6377 ms (enqueue 4.44971 ms)
[10/04/2026-22:06:19] [I] Average on 1 runs - GPU latency: 20.4585 ms - Host latency: 20.6514 ms (enqueue 4.42334 ms)
[10/04/2026-22:06:19] [I] Average on 1 runs - GPU latency: 20.4614 ms - Host latency: 20.6392 ms (enqueue 4.24072 ms)
[10/04/2026-22:06:19] [I] Average on 1 runs - GPU latency: 20.4609 ms - Host latency: 20.6396 ms (enqueue 4.26465 ms)
[10/04/2026-22:06:19] [I] Average on 1 runs - GPU latency: 20.46 ms - Host latency: 20.6387 ms (enqueue 4.28418 ms)
[10/04/2026-22:06:19] [I] Average on 1 runs - GPU latency: 20.4727 ms - Host latency: 20.6523 ms (enqueue 4.28418 ms)
[10/04/2026-22:06:19] [I] Average on 1 runs - GPU latency: 20.4619 ms - Host latency: 20.6406 ms (enqueue 4.29004 ms)
[10/04/2026-22:06:19] [I] Average on 1 runs - GPU latency: 20.4541 ms - Host latency: 20.6318 ms (enqueue 4.28809 ms)
[10/04/2026-22:06:19] [I] Average on 1 runs - GPU latency: 20.4463 ms - Host latency: 20.625 ms (enqueue 4.36621 ms)
[10/04/2026-22:06:19] [I] Average on 1 runs - GPU latency: 20.4668 ms - Host latency: 20.667 ms (enqueue 4.37695 ms)
[10/04/2026-22:06:19] [I] Average on 1 runs - GPU latency: 20.4492 ms - Host latency: 20.6377 ms (enqueue 4.26562 ms)
[10/04/2026-22:06:19] [I] Average on 1 runs - GPU latency: 20.4668 ms - Host latency: 20.6455 ms (enqueue 4.28027 ms)
[10/04/2026-22:06:19] [I] Average on 1 runs - GPU latency: 20.4697 ms - Host latency: 20.6689 ms (enqueue 4.32129 ms)
[10/04/2026-22:06:19] [I] Average on 1 runs - GPU latency: 20.4336 ms - Host latency: 20.6328 ms (enqueue 4.40918 ms)
[10/04/2026-22:06:19] [I] Average on 1 runs - GPU latency: 20.4473 ms - Host latency: 20.6377 ms (enqueue 4.46387 ms)
[10/04/2026-22:06:19] [I] Average on 1 runs - GPU latency: 20.457 ms - Host latency: 20.6455 ms (enqueue 4.2793 ms)
[10/04/2026-22:06:19] [I] Average on 1 runs - GPU latency: 20.4736 ms - Host latency: 20.6611 ms (enqueue 4.27832 ms)
[10/04/2026-22:06:19] [I] Average on 1 runs - GPU latency: 20.4482 ms - Host latency: 20.6367 ms (enqueue 4.23926 ms)
[10/04/2026-22:06:19] [I] Average on 1 runs - GPU latency: 20.4727 ms - Host latency: 20.6621 ms (enqueue 4.3125 ms)
[10/04/2026-22:06:19] [I] Average on 1 runs - GPU latency: 20.4795 ms - Host latency: 20.667 ms (enqueue 4.30469 ms)
[10/04/2026-22:06:19] [I] Average on 1 runs - GPU latency: 20.4824 ms - Host latency: 20.6611 ms (enqueue 4.24805 ms)
[10/04/2026-22:06:19] [I] Average on 1 runs - GPU latency: 20.4502 ms - Host latency: 20.6514 ms (enqueue 4.41211 ms)
[10/04/2026-22:06:19] [I] Average on 1 runs - GPU latency: 20.4961 ms - Host latency: 20.6963 ms (enqueue 4.36035 ms)
[10/04/2026-22:06:19] [I] Average on 1 runs - GPU latency: 20.457 ms - Host latency: 20.6377 ms (enqueue 4.26953 ms)
[10/04/2026-22:06:19] [I] Average on 1 runs - GPU latency: 20.457 ms - Host latency: 20.6592 ms (enqueue 4.38672 ms)
[10/04/2026-22:06:19] [I] Average on 1 runs - GPU latency: 20.4756 ms - Host latency: 20.6631 ms (enqueue 4.24316 ms)
[10/04/2026-22:06:19] [I] Average on 1 runs - GPU latency: 20.4902 ms - Host latency: 20.6719 ms (enqueue 4.22656 ms)
[10/04/2026-22:06:19] [I] Average on 1 runs - GPU latency: 20.457 ms - Host latency: 20.6514 ms (enqueue 4.43066 ms)
[10/04/2026-22:06:19] [I] Average on 1 runs - GPU latency: 20.4707 ms - Host latency: 20.6602 ms (enqueue 4.31641 ms)
[10/04/2026-22:06:19] [I] Average on 1 runs - GPU latency: 20.46 ms - Host latency: 20.6406 ms (enqueue 4.30371 ms)
[10/04/2026-22:06:19] [I] Average on 1 runs - GPU latency: 20.4629 ms - Host latency: 20.6523 ms (enqueue 4.26562 ms)
[10/04/2026-22:06:19] [I] Average on 1 runs - GPU latency: 20.4443 ms - Host latency: 20.6328 ms (enqueue 4.24609 ms)
[10/04/2026-22:06:19] [I] Average on 1 runs - GPU latency: 20.4551 ms - Host latency: 20.6318 ms (enqueue 4.24219 ms)
[10/04/2026-22:06:19] [I] Average on 1 runs - GPU latency: 20.4365 ms - Host latency: 20.6406 ms (enqueue 4.29395 ms)
[10/04/2026-22:06:19] [I] Average on 1 runs - GPU latency: 20.4443 ms - Host latency: 20.6445 ms (enqueue 4.35059 ms)
[10/04/2026-22:06:19] [I] Average on 1 runs - GPU latency: 20.4531 ms - Host latency: 20.6348 ms (enqueue 4.26953 ms)
[10/04/2026-22:06:19] [I] Average on 1 runs - GPU latency: 20.4658 ms - Host latency: 20.6689 ms (enqueue 4.36914 ms)
[10/04/2026-22:06:19] [I] Average on 1 runs - GPU latency: 20.457 ms - Host latency: 20.6465 ms (enqueue 4.19824 ms)
[10/04/2026-22:06:19] [I] Average on 1 runs - GPU latency: 20.4463 ms - Host latency: 20.6611 ms (enqueue 4.20996 ms)
[10/04/2026-22:06:19] [I] Average on 1 runs - GPU latency: 20.4727 ms - Host latency: 20.6768 ms (enqueue 4.38379 ms)
[10/04/2026-22:06:19] [I] Average on 1 runs - GPU latency: 20.4717 ms - Host latency: 20.6719 ms (enqueue 4.33301 ms)
[10/04/2026-22:06:19] [I] Average on 1 runs - GPU latency: 20.4482 ms - Host latency: 20.6328 ms (enqueue 4.24902 ms)
[10/04/2026-22:06:19] [I] Average on 1 runs - GPU latency: 20.4697 ms - Host latency: 20.6494 ms (enqueue 4.28809 ms)
[10/04/2026-22:06:19] [I] Average on 1 runs - GPU latency: 20.4512 ms - Host latency: 20.6523 ms (enqueue 4.32031 ms)
[10/04/2026-22:06:19] [I] Average on 1 runs - GPU latency: 20.4551 ms - Host latency: 20.6367 ms (enqueue 4.28809 ms)
[10/04/2026-22:06:19] [I] Average on 1 runs - GPU latency: 20.4688 ms - Host latency: 20.6475 ms (enqueue 4.24219 ms)
[10/04/2026-22:06:19] [I] Average on 1 runs - GPU latency: 20.4561 ms - Host latency: 20.6592 ms (enqueue 4.35254 ms)
[10/04/2026-22:06:19] [I] Average on 1 runs - GPU latency: 20.4727 ms - Host latency: 20.6523 ms (enqueue 4.25488 ms)
[10/04/2026-22:06:19] [I] Average on 1 runs - GPU latency: 20.4668 ms - Host latency: 20.6533 ms (enqueue 4.20703 ms)
[10/04/2026-22:06:19] [I] Average on 1 runs - GPU latency: 20.4883 ms - Host latency: 20.6924 ms (enqueue 4.33594 ms)
[10/04/2026-22:06:19] [I] Average on 1 runs - GPU latency: 20.4668 ms - Host latency: 20.6465 ms (enqueue 4.25098 ms)
[10/04/2026-22:06:19] [I] Average on 1 runs - GPU latency: 20.4619 ms - Host latency: 20.6426 ms (enqueue 4.26855 ms)
[10/04/2026-22:06:19] [I] Average on 1 runs - GPU latency: 20.4355 ms - Host latency: 20.6211 ms (enqueue 4.29688 ms)
[10/04/2026-22:06:19] [I] Average on 1 runs - GPU latency: 20.4531 ms - Host latency: 20.6387 ms (enqueue 4.28711 ms)
[10/04/2026-22:06:19] [I] Average on 1 runs - GPU latency: 20.4463 ms - Host latency: 20.6396 ms (enqueue 4.3877 ms)
[10/04/2026-22:06:19] [I] Average on 1 runs - GPU latency: 20.4629 ms - Host latency: 20.6641 ms (enqueue 4.38965 ms)
[10/04/2026-22:06:19] [I] Average on 1 runs - GPU latency: 20.4727 ms - Host latency: 20.6602 ms (enqueue 4.27441 ms)
[10/04/2026-22:06:19] [I] Average on 1 runs - GPU latency: 20.4482 ms - Host latency: 20.6338 ms (enqueue 4.24805 ms)
[10/04/2026-22:06:19] [I] Average on 1 runs - GPU latency: 20.4707 ms - Host latency: 20.6738 ms (enqueue 4.33203 ms)
[10/04/2026-22:06:19] [I] Average on 1 runs - GPU latency: 20.4756 ms - Host latency: 20.6631 ms (enqueue 4.25879 ms)
[10/04/2026-22:06:19] [I] Average on 1 runs - GPU latency: 20.4492 ms - Host latency: 20.6289 ms (enqueue 4.2627 ms)
[10/04/2026-22:06:19] [I] Average on 1 runs - GPU latency: 20.4512 ms - Host latency: 20.6279 ms (enqueue 4.25 ms)
[10/04/2026-22:06:19] [I] Average on 1 runs - GPU latency: 20.4766 ms - Host latency: 20.6582 ms (enqueue 4.31543 ms)
[10/04/2026-22:06:19] [I] ... Omitting 3 lines
[10/04/2026-22:06:19] [I] Average on 1 runs - GPU latency: 20.4531 ms - Host latency: 20.6328 ms (enqueue 4.30664 ms)
[10/04/2026-22:06:19] [I] Average on 1 runs - GPU latency: 20.4434 ms - Host latency: 20.6211 ms (enqueue 4.3291 ms)
[10/04/2026-22:06:19] [I] Average on 1 runs - GPU latency: 20.4307 ms - Host latency: 20.6104 ms (enqueue 4.37793 ms)
[10/04/2026-22:06:19] [I] Average on 1 runs - GPU latency: 20.4482 ms - Host latency: 20.6309 ms (enqueue 4.36426 ms)
[10/04/2026-22:06:19] [I] Average on 1 runs - GPU latency: 20.4531 ms - Host latency: 20.6406 ms (enqueue 4.26562 ms)
[10/04/2026-22:06:19] [I] Average on 1 runs - GPU latency: 20.4756 ms - Host latency: 20.6797 ms (enqueue 4.36914 ms)
[10/04/2026-22:06:19] [I] Average on 1 runs - GPU latency: 20.4717 ms - Host latency: 20.6562 ms (enqueue 4.26562 ms)
[10/04/2026-22:06:19] [I] Average on 1 runs - GPU latency: 20.4561 ms - Host latency: 20.6338 ms (enqueue 4.27832 ms)
[10/04/2026-22:06:19] [I] Average on 1 runs - GPU latency: 20.457 ms - Host latency: 20.6621 ms (enqueue 4.30566 ms)
[10/04/2026-22:06:19] [I] Average on 1 runs - GPU latency: 20.4531 ms - Host latency: 20.6377 ms (enqueue 4.28516 ms)
[10/04/2026-22:06:19] [I] Average on 1 runs - GPU latency: 20.4385 ms - Host latency: 20.6211 ms (enqueue 4.29395 ms)
[10/04/2026-22:06:19] [I] Average on 1 runs - GPU latency: 20.458 ms - Host latency: 20.6357 ms (enqueue 4.25781 ms)
[10/04/2026-22:06:19] [I] Average on 1 runs - GPU latency: 20.458 ms - Host latency: 20.6348 ms (enqueue 4.26953 ms)
[10/04/2026-22:06:19] [I] Average on 1 runs - GPU latency: 20.4424 ms - Host latency: 20.6309 ms (enqueue 4.22949 ms)
[10/04/2026-22:06:19] [I] Average on 1 runs - GPU latency: 20.4502 ms - Host latency: 20.6289 ms (enqueue 4.31934 ms)
[10/04/2026-22:06:19] [I] Average on 1 runs - GPU latency: 20.4551 ms - Host latency: 20.6436 ms (enqueue 4.22363 ms)
[10/04/2026-22:06:19] [I] Average on 1 runs - GPU latency: 20.4561 ms - Host latency: 20.6455 ms (enqueue 4.30566 ms)
[10/04/2026-22:06:19] [I] Average on 1 runs - GPU latency: 20.4531 ms - Host latency: 20.6416 ms (enqueue 4.30566 ms)
[10/04/2026-22:06:19] [I] Average on 1 runs - GPU latency: 20.4551 ms - Host latency: 20.6426 ms (enqueue 4.27734 ms)
[10/04/2026-22:06:19] [I] Average on 1 runs - GPU latency: 20.4492 ms - Host latency: 20.6387 ms (enqueue 4.20312 ms)
[10/04/2026-22:06:19] [I] Average on 1 runs - GPU latency: 20.4727 ms - Host latency: 20.6592 ms (enqueue 4.31543 ms)
[10/04/2026-22:06:19] [I] Average on 1 runs - GPU latency: 20.4561 ms - Host latency: 20.6406 ms (enqueue 4.30469 ms)
[10/04/2026-22:06:19] [I] Average on 1 runs - GPU latency: 20.4277 ms - Host latency: 20.6064 ms (enqueue 4.33691 ms)
[10/04/2026-22:06:19] [I] Average on 1 runs - GPU latency: 20.4502 ms - Host latency: 20.6514 ms (enqueue 4.30469 ms)
[10/04/2026-22:06:19] [I] Average on 1 runs - GPU latency: 20.4658 ms - Host latency: 20.6523 ms (enqueue 4.2793 ms)
[10/04/2026-22:06:19] [I] Average on 1 runs - GPU latency: 20.4844 ms - Host latency: 20.6729 ms (enqueue 4.24121 ms)
[10/04/2026-22:06:19] [I] Average on 1 runs - GPU latency: 20.4404 ms - Host latency: 20.627 ms (enqueue 4.25 ms)
[10/04/2026-22:06:19] [I] Average on 1 runs - GPU latency: 20.4375 ms - Host latency: 20.6172 ms (enqueue 4.26367 ms)
[10/04/2026-22:06:19] [I] Average on 1 runs - GPU latency: 20.4658 ms - Host latency: 20.6436 ms (enqueue 4.27246 ms)
[10/04/2026-22:06:19] [I] Average on 1 runs - GPU latency: 20.4541 ms - Host latency: 20.6562 ms (enqueue 4.30566 ms)
[10/04/2026-22:06:19] [I] Average on 1 runs - GPU latency: 20.459 ms - Host latency: 20.6377 ms (enqueue 4.30566 ms)
[10/04/2026-22:06:19] [I] Average on 1 runs - GPU latency: 20.5059 ms - Host latency: 20.6846 ms (enqueue 4.24023 ms)
[10/04/2026-22:06:19] [I] Average on 1 runs - GPU latency: 20.4697 ms - Host latency: 20.6719 ms (enqueue 4.3457 ms)
[10/04/2026-22:06:19] [I] Average on 1 runs - GPU latency: 20.4209 ms - Host latency: 20.6162 ms (enqueue 4.35938 ms)
[10/04/2026-22:06:19] [I] Average on 1 runs - GPU latency: 20.4531 ms - Host latency: 20.6338 ms (enqueue 4.24316 ms)
[10/04/2026-22:06:19] [I] Average on 1 runs - GPU latency: 20.4385 ms - Host latency: 20.6406 ms (enqueue 4.37012 ms)
[10/04/2026-22:06:19] [I] Average on 1 runs - GPU latency: 20.457 ms - Host latency: 20.6592 ms (enqueue 4.3916 ms)
[10/04/2026-22:06:19] [I] Average on 1 runs - GPU latency: 20.4561 ms - Host latency: 20.6367 ms (enqueue 4.23145 ms)
[10/04/2026-22:06:19] [I] Average on 1 runs - GPU latency: 20.4502 ms - Host latency: 20.6289 ms (enqueue 4.31738 ms)
[10/04/2026-22:06:19] [I] Average on 1 runs - GPU latency: 20.457 ms - Host latency: 20.6338 ms (enqueue 4.2666 ms)
[10/04/2026-22:06:19] [I] Average on 1 runs - GPU latency: 20.4648 ms - Host latency: 20.6523 ms (enqueue 4.22266 ms)
[10/04/2026-22:06:19] [I] Average on 1 runs - GPU latency: 20.459 ms - Host latency: 20.6387 ms (enqueue 4.35059 ms)
[10/04/2026-22:06:19] [I] Average on 1 runs - GPU latency: 20.4639 ms - Host latency: 20.6562 ms (enqueue 4.42676 ms)
[10/04/2026-22:06:19] [I] Average on 1 runs - GPU latency: 20.4609 ms - Host latency: 20.6426 ms (enqueue 4.3291 ms)
[10/04/2026-22:06:19] [I] Average on 1 runs - GPU latency: 20.4473 ms - Host latency: 20.6523 ms (enqueue 4.39941 ms)
[10/04/2026-22:06:19] [I] Average on 1 runs - GPU latency: 20.4658 ms - Host latency: 20.6533 ms (enqueue 4.22949 ms)
[10/04/2026-22:06:19] [I] Average on 1 runs - GPU latency: 20.4609 ms - Host latency: 20.6504 ms (enqueue 4.22266 ms)
[10/04/2026-22:06:19] [I] Average on 1 runs - GPU latency: 20.458 ms - Host latency: 20.6348 ms (enqueue 4.24609 ms)
[10/04/2026-22:06:19] [I] Average on 1 runs - GPU latency: 20.458 ms - Host latency: 20.6602 ms (enqueue 4.31836 ms)
[10/04/2026-22:06:19] [I] Average on 1 runs - GPU latency: 20.4658 ms - Host latency: 20.6445 ms (enqueue 4.25098 ms)
[10/04/2026-22:06:19] [I] Average on 1 runs - GPU latency: 20.4355 ms - Host latency: 20.6328 ms (enqueue 4.38379 ms)
[10/04/2026-22:06:19] [I] Average on 1 runs - GPU latency: 20.4404 ms - Host latency: 20.6221 ms (enqueue 4.24414 ms)
[10/04/2026-22:06:19] [I] Average on 1 runs - GPU latency: 20.4551 ms - Host latency: 20.6348 ms (enqueue 4.23828 ms)
[10/04/2026-22:06:19] [I] Average on 1 runs - GPU latency: 20.458 ms - Host latency: 20.6572 ms (enqueue 4.3252 ms)
[10/04/2026-22:06:19] [I] Average on 1 runs - GPU latency: 20.4492 ms - Host latency: 20.6514 ms (enqueue 4.37012 ms)
[10/04/2026-22:06:19] [I] Average on 1 runs - GPU latency: 20.4756 ms - Host latency: 20.6553 ms (enqueue 4.25 ms)
[10/04/2026-22:06:19] [I] Average on 1 runs - GPU latency: 20.4502 ms - Host latency: 20.6572 ms (enqueue 4.37402 ms)
[10/04/2026-22:06:19] [I] Average on 1 runs - GPU latency: 20.4766 ms - Host latency: 20.6826 ms (enqueue 4.38574 ms)
[10/04/2026-22:06:19] [I] Average on 1 runs - GPU latency: 20.4346 ms - Host latency: 20.6152 ms (enqueue 4.25879 ms)
[10/04/2026-22:06:19] [I] Average on 1 runs - GPU latency: 20.4434 ms - Host latency: 20.623 ms (enqueue 4.24609 ms)
[10/04/2026-22:06:19] [I] Average on 1 runs - GPU latency: 20.4521 ms - Host latency: 20.6553 ms (enqueue 4.31543 ms)
[10/04/2026-22:06:19] [I] Average on 1 runs - GPU latency: 20.4512 ms - Host latency: 20.6348 ms (enqueue 4.27441 ms)
[10/04/2026-22:06:19] [I] Average on 1 runs - GPU latency: 20.4756 ms - Host latency: 20.6582 ms (enqueue 4.25977 ms)
[10/04/2026-22:06:19] [I] Average on 1 runs - GPU latency: 20.458 ms - Host latency: 20.6602 ms (enqueue 4.3457 ms)
[10/04/2026-22:06:19] [I] Average on 1 runs - GPU latency: 20.4668 ms - Host latency: 20.6475 ms (enqueue 4.28418 ms)
[10/04/2026-22:06:19] [I] Average on 1 runs - GPU latency: 20.4697 ms - Host latency: 20.6475 ms (enqueue 4.2334 ms)
[10/04/2026-22:06:19] [I] Average on 1 runs - GPU latency: 20.4473 ms - Host latency: 20.6465 ms (enqueue 4.33594 ms)
[10/04/2026-22:06:19] [I] Average on 1 runs - GPU latency: 20.4629 ms - Host latency: 20.6533 ms (enqueue 4.23633 ms)
[10/04/2026-22:06:19] [I] Average on 1 runs - GPU latency: 20.457 ms - Host latency: 20.6455 ms (enqueue 4.2207 ms)
[10/04/2026-22:06:19] [I] Average on 1 runs - GPU latency: 20.459 ms - Host latency: 20.6514 ms (enqueue 4.39844 ms)
[10/04/2026-22:06:19] [I] Average on 1 runs - GPU latency: 20.457 ms - Host latency: 20.6455 ms (enqueue 4.28418 ms)
[10/04/2026-22:06:19] [I] Average on 1 runs - GPU latency: 20.4678 ms - Host latency: 20.6572 ms (enqueue 4.29004 ms)
[10/04/2026-22:06:19] [I] Average on 1 runs - GPU latency: 20.4648 ms - Host latency: 20.6523 ms (enqueue 4.29785 ms)
[10/04/2026-22:06:19] [I] Average on 1 runs - GPU latency: 20.4336 ms - Host latency: 20.6133 ms (enqueue 4.24414 ms)
[10/04/2026-22:06:19] [I] Average on 1 runs - GPU latency: 20.4424 ms - Host latency: 20.6465 ms (enqueue 4.33496 ms)
[10/04/2026-22:06:19] [I] Average on 1 runs - GPU latency: 20.4824 ms - Host latency: 20.6689 ms (enqueue 4.20703 ms)
[10/04/2026-22:06:19] [I] Average on 1 runs - GPU latency: 20.4482 ms - Host latency: 20.6367 ms (enqueue 4.21875 ms)
[10/04/2026-22:06:19] [I] Average on 1 runs - GPU latency: 20.4648 ms - Host latency: 20.6416 ms (enqueue 4.21875 ms)
[10/04/2026-22:06:19] [I] Average on 1 runs - GPU latency: 20.4414 ms - Host latency: 20.6279 ms (enqueue 4.19629 ms)
[10/04/2026-22:06:19] [I] Average on 1 runs - GPU latency: 20.4365 ms - Host latency: 20.625 ms (enqueue 4.21387 ms)
[10/04/2026-22:06:19] [I] Average on 1 runs - GPU latency: 20.4609 ms - Host latency: 20.6416 ms (enqueue 4.24707 ms)
[10/04/2026-22:06:19] [I] Average on 1 runs - GPU latency: 20.4336 ms - Host latency: 20.6357 ms (enqueue 4.38086 ms)
[10/04/2026-22:06:19] [I] Average on 1 runs - GPU latency: 20.46 ms - Host latency: 20.6396 ms (enqueue 4.28809 ms)
[10/04/2026-22:06:19] [I] Average on 1 runs - GPU latency: 20.4473 ms - Host latency: 20.6348 ms (enqueue 4.30566 ms)
[10/04/2026-22:06:19] [I] Average on 1 runs - GPU latency: 20.4561 ms - Host latency: 20.6592 ms (enqueue 4.30469 ms)
[10/04/2026-22:06:19] [I] Average on 1 runs - GPU latency: 20.4473 ms - Host latency: 20.6523 ms (enqueue 4.35254 ms)
[10/04/2026-22:06:19] [I] Average on 1 runs - GPU latency: 20.4395 ms - Host latency: 20.625 ms (enqueue 4.26855 ms)
[10/04/2026-22:06:19] [I] Average on 1 runs - GPU latency: 20.4717 ms - Host latency: 20.6504 ms (enqueue 4.24609 ms)
[10/04/2026-22:06:19] [I] Average on 1 runs - GPU latency: 20.4697 ms - Host latency: 20.6562 ms (enqueue 4.26367 ms)
[10/04/2026-22:06:19] [I] Average on 1 runs - GPU latency: 20.4795 ms - Host latency: 20.6572 ms (enqueue 4.25781 ms)
[10/04/2026-22:06:19] [I] Average on 1 runs - GPU latency: 20.4756 ms - Host latency: 20.6523 ms (enqueue 4.27539 ms)
[10/04/2026-22:06:19] [I] Average on 1 runs - GPU latency: 20.4746 ms - Host latency: 20.6611 ms (enqueue 4.23047 ms)
[10/04/2026-22:06:19] [I] Average on 1 runs - GPU latency: 20.4502 ms - Host latency: 20.6299 ms (enqueue 4.28613 ms)
[10/04/2026-22:06:19] [I] Average on 1 runs - GPU latency: 20.4648 ms - Host latency: 20.668 ms (enqueue 4.32227 ms)
[10/04/2026-22:06:19] [I] Average on 1 runs - GPU latency: 20.4502 ms - Host latency: 20.6348 ms (enqueue 4.30371 ms)
[10/04/2026-22:06:19] [I] Average on 1 runs - GPU latency: 20.4736 ms - Host latency: 20.6611 ms (enqueue 4.28418 ms)
[10/04/2026-22:06:19] [I] Average on 1 runs - GPU latency: 20.4473 ms - Host latency: 20.626 ms (enqueue 4.30371 ms)
[10/04/2026-22:06:19] [I] Average on 1 runs - GPU latency: 20.4414 ms - Host latency: 20.6436 ms (enqueue 4.33301 ms)
[10/04/2026-22:06:19] [I] Average on 1 runs - GPU latency: 20.4482 ms - Host latency: 20.6289 ms (enqueue 4.28027 ms)
[10/04/2026-22:06:19] [I] Average on 1 runs - GPU latency: 20.4453 ms - Host latency: 20.6328 ms (enqueue 4.21875 ms)
[10/04/2026-22:06:19] [I] Average on 1 runs - GPU latency: 20.4512 ms - Host latency: 20.6279 ms (enqueue 4.24316 ms)
[10/04/2026-22:06:19] [I] Average on 1 runs - GPU latency: 20.4434 ms - Host latency: 20.623 ms (enqueue 4.29688 ms)
[10/04/2026-22:06:19] [I] Average on 1 runs - GPU latency: 20.4746 ms - Host latency: 20.6533 ms (enqueue 4.31055 ms)
[10/04/2026-22:06:19] [I] Average on 1 runs - GPU latency: 20.4502 ms - Host latency: 20.6533 ms (enqueue 4.33984 ms)
[10/04/2026-22:06:19] [I] Average on 1 runs - GPU latency: 20.4629 ms - Host latency: 20.6426 ms (enqueue 4.19629 ms)
[10/04/2026-22:06:19] [I] Average on 1 runs - GPU latency: 20.4668 ms - Host latency: 20.6709 ms (enqueue 4.34766 ms)
[10/04/2026-22:06:19] [I] Average on 1 runs - GPU latency: 20.4531 ms - Host latency: 20.6572 ms (enqueue 4.36621 ms)
[10/04/2026-22:06:19] [I] Average on 1 runs - GPU latency: 20.4736 ms - Host latency: 20.6602 ms (enqueue 4.23438 ms)
[10/04/2026-22:06:19] [I] Average on 1 runs - GPU latency: 20.4697 ms - Host latency: 20.6699 ms (enqueue 4.37207 ms)
[10/04/2026-22:06:19] [I] Average on 1 runs - GPU latency: 20.4795 ms - Host latency: 20.6826 ms (enqueue 4.31543 ms)
[10/04/2026-22:06:19] [I] Average on 1 runs - GPU latency: 20.46 ms - Host latency: 20.6465 ms (enqueue 4.19434 ms)
[10/04/2026-22:06:19] [I] Average on 1 runs - GPU latency: 20.4658 ms - Host latency: 20.6445 ms (enqueue 4.24121 ms)
[10/04/2026-22:06:19] [I] Average on 1 runs - GPU latency: 20.459 ms - Host latency: 20.6396 ms (enqueue 4.20605 ms)
[10/04/2026-22:06:19] [I] Average on 1 runs - GPU latency: 20.4736 ms - Host latency: 20.6572 ms (enqueue 4.33984 ms)
[10/04/2026-22:06:19] [I] Average on 1 runs - GPU latency: 20.4541 ms - Host latency: 20.6396 ms (enqueue 4.28516 ms)
[10/04/2026-22:06:19] [I] Average on 1 runs - GPU latency: 20.4229 ms - Host latency: 20.6104 ms (enqueue 4.24707 ms)
[10/04/2026-22:06:19] [I] Average on 1 runs - GPU latency: 20.4775 ms - Host latency: 20.6631 ms (enqueue 4.19043 ms)
[10/04/2026-22:06:19] [I] Average on 1 runs - GPU latency: 20.4414 ms - Host latency: 20.6191 ms (enqueue 4.25391 ms)
[10/04/2026-22:06:19] [I] Average on 1 runs - GPU latency: 20.4883 ms - Host latency: 20.6836 ms (enqueue 4.3418 ms)
[10/04/2026-22:06:19] [I] Average on 1 runs - GPU latency: 20.4316 ms - Host latency: 20.6201 ms (enqueue 4.23828 ms)
[10/04/2026-22:06:19] [I] Average on 1 runs - GPU latency: 20.4785 ms - Host latency: 20.666 ms (enqueue 4.15137 ms)
[10/04/2026-22:06:19] [I] Average on 1 runs - GPU latency: 20.4453 ms - Host latency: 20.6348 ms (enqueue 4.23633 ms)
[10/04/2026-22:06:19] [I] Average on 1 runs - GPU latency: 20.4609 ms - Host latency: 20.6514 ms (enqueue 4.22461 ms)
[10/04/2026-22:06:19] [I] Average on 1 runs - GPU latency: 20.4502 ms - Host latency: 20.6387 ms (enqueue 4.33691 ms)
[10/04/2026-22:06:19] [I] Average on 1 runs - GPU latency: 20.4814 ms - Host latency: 20.6699 ms (enqueue 4.19531 ms)
[10/04/2026-22:06:19] [I] Average on 1 runs - GPU latency: 20.4404 ms - Host latency: 20.6289 ms (enqueue 4.2334 ms)
[10/04/2026-22:06:19] [I] Average on 1 runs - GPU latency: 20.4463 ms - Host latency: 20.6367 ms (enqueue 4.22949 ms)
[10/04/2026-22:06:19] [I] Average on 1 runs - GPU latency: 20.4717 ms - Host latency: 20.6631 ms (enqueue 4.33984 ms)
[10/04/2026-22:06:19] [I] Average on 1 runs - GPU latency: 20.4639 ms - Host latency: 20.6562 ms (enqueue 4.31934 ms)
[10/04/2026-22:06:19] [I] Average on 1 runs - GPU latency: 20.4443 ms - Host latency: 20.6328 ms (enqueue 4.20703 ms)
[10/04/2026-22:06:19] [I] Average on 1 runs - GPU latency: 20.4512 ms - Host latency: 20.6416 ms (enqueue 4.32129 ms)
[10/04/2026-22:06:19] [I] Average on 1 runs - GPU latency: 20.4727 ms - Host latency: 20.6631 ms (enqueue 4.38086 ms)
[10/04/2026-22:06:19] [I] Average on 1 runs - GPU latency: 20.4717 ms - Host latency: 20.6738 ms (enqueue 4.21875 ms)
[10/04/2026-22:06:19] [I] Average on 1 runs - GPU latency: 20.4355 ms - Host latency: 20.6221 ms (enqueue 4.29492 ms)
[10/04/2026-22:06:19] [I] Average on 1 runs - GPU latency: 20.4482 ms - Host latency: 20.6377 ms (enqueue 4.2832 ms)
[10/04/2026-22:06:19] [I] Average on 1 runs - GPU latency: 20.4551 ms - Host latency: 20.6436 ms (enqueue 4.2832 ms)
[10/04/2026-22:06:19] [I] Average on 1 runs - GPU latency: 20.4561 ms - Host latency: 20.6416 ms (enqueue 4.25391 ms)
[10/04/2026-22:06:19] [I] Average on 1 runs - GPU latency: 20.4932 ms - Host latency: 20.6797 ms (enqueue 4.25684 ms)
[10/04/2026-22:06:19] [I] Average on 1 runs - GPU latency: 20.4541 ms - Host latency: 20.6426 ms (enqueue 4.27637 ms)
[10/04/2026-22:06:19] [I] Average on 1 runs - GPU latency: 20.4473 ms - Host latency: 20.6338 ms (enqueue 4.31055 ms)
[10/04/2026-22:06:19] [I] Average on 1 runs - GPU latency: 20.4209 ms - Host latency: 20.626 ms (enqueue 4.3125 ms)
[10/04/2026-22:06:19] [I] Average on 1 runs - GPU latency: 20.4727 ms - Host latency: 20.6553 ms (enqueue 4.28027 ms)
[10/04/2026-22:06:19] [I] Average on 1 runs - GPU latency: 20.4795 ms - Host latency: 20.6826 ms (enqueue 4.43066 ms)
[10/04/2026-22:06:19] [I] Average on 1 runs - GPU latency: 20.4902 ms - Host latency: 20.6924 ms (enqueue 4.3623 ms)
[10/04/2026-22:06:19] [I] Average on 1 runs - GPU latency: 20.4453 ms - Host latency: 20.6475 ms (enqueue 4.39941 ms)
[10/04/2026-22:06:19] [I] Average on 1 runs - GPU latency: 20.4521 ms - Host latency: 20.6553 ms (enqueue 4.35938 ms)
[10/04/2026-22:06:19] [I] Average on 1 runs - GPU latency: 20.4648 ms - Host latency: 20.6553 ms (enqueue 4.29297 ms)
[10/04/2026-22:06:19] [I] Average on 1 runs - GPU latency: 20.4473 ms - Host latency: 20.6338 ms (enqueue 4.28711 ms)
[10/04/2026-22:06:19] [I] Average on 1 runs - GPU latency: 20.4531 ms - Host latency: 20.6318 ms (enqueue 4.2998 ms)
[10/04/2026-22:06:19] [I] Average on 1 runs - GPU latency: 20.4854 ms - Host latency: 20.6738 ms (enqueue 4.30176 ms)
[10/04/2026-22:06:19] [I] Average on 1 runs - GPU latency: 20.4766 ms - Host latency: 20.6592 ms (enqueue 4.31836 ms)
[10/04/2026-22:06:19] [I] Average on 1 runs - GPU latency: 20.4609 ms - Host latency: 20.6504 ms (enqueue 4.31152 ms)
[10/04/2026-22:06:19] [I] Average on 1 runs - GPU latency: 20.4473 ms - Host latency: 20.6338 ms (enqueue 4.2373 ms)
[10/04/2026-22:06:19] [I] Average on 1 runs - GPU latency: 20.46 ms - Host latency: 20.6465 ms (enqueue 4.27051 ms)
[10/04/2026-22:06:19] [I] Average on 1 runs - GPU latency: 20.4814 ms - Host latency: 20.6592 ms (enqueue 4.31641 ms)
[10/04/2026-22:06:19] [I] Average on 1 runs - GPU latency: 20.4463 ms - Host latency: 20.6338 ms (enqueue 4.28809 ms)
[10/04/2026-22:06:19] [I] Average on 1 runs - GPU latency: 20.4434 ms - Host latency: 20.6289 ms (enqueue 4.29688 ms)
[10/04/2026-22:06:19] [I] Average on 1 runs - GPU latency: 20.4414 ms - Host latency: 20.627 ms (enqueue 4.30273 ms)
[10/04/2026-22:06:19] [I] Average on 1 runs - GPU latency: 20.4648 ms - Host latency: 20.6543 ms (enqueue 4.32812 ms)
[10/04/2026-22:06:19] [I] Average on 1 runs - GPU latency: 20.4551 ms - Host latency: 20.6367 ms (enqueue 4.31641 ms)
[10/04/2026-22:06:19] [I] Average on 1 runs - GPU latency: 20.4434 ms - Host latency: 20.6309 ms (enqueue 4.22266 ms)
[10/04/2026-22:06:19] [I] Average on 1 runs - GPU latency: 20.4512 ms - Host latency: 20.6387 ms (enqueue 4.2832 ms)
[10/04/2026-22:06:19] [I] Average on 1 runs - GPU latency: 20.4668 ms - Host latency: 20.6504 ms (enqueue 4.37695 ms)
[10/04/2026-22:06:19] [I] Average on 1 runs - GPU latency: 20.4551 ms - Host latency: 20.6426 ms (enqueue 4.28906 ms)
[10/04/2026-22:06:19] [I] Average on 1 runs - GPU latency: 20.4473 ms - Host latency: 20.627 ms (enqueue 4.23047 ms)
[10/04/2026-22:06:19] [I] Average on 1 runs - GPU latency: 20.4434 ms - Host latency: 20.625 ms (enqueue 4.33203 ms)
[10/04/2026-22:06:19] [I] Average on 1 runs - GPU latency: 20.4512 ms - Host latency: 20.6328 ms (enqueue 4.33203 ms)
[10/04/2026-22:06:19] [I] Average on 1 runs - GPU latency: 20.4766 ms - Host latency: 20.6582 ms (enqueue 4.31641 ms)
[10/04/2026-22:06:19] [I] Average on 1 runs - GPU latency: 20.4512 ms - Host latency: 20.6387 ms (enqueue 4.22461 ms)
[10/04/2026-22:06:19] [I] Average on 1 runs - GPU latency: 20.4629 ms - Host latency: 20.6523 ms (enqueue 4.25391 ms)
[10/04/2026-22:06:19] [I] Average on 1 runs - GPU latency: 20.4434 ms - Host latency: 20.6289 ms (enqueue 4.29492 ms)
[10/04/2026-22:06:19] [I] Average on 1 runs - GPU latency: 20.4355 ms - Host latency: 20.623 ms (enqueue 4.32422 ms)
[10/04/2026-22:06:19] [I] Average on 1 runs - GPU latency: 20.4707 ms - Host latency: 20.6602 ms (enqueue 4.375 ms)
[10/04/2026-22:06:19] [I] Average on 1 runs - GPU latency: 20.459 ms - Host latency: 20.6465 ms (enqueue 4.29297 ms)
[10/04/2026-22:06:19] [I] Average on 1 runs - GPU latency: 20.4297 ms - Host latency: 20.6191 ms (enqueue 4.31836 ms)
[10/04/2026-22:06:19] [I] Average on 1 runs - GPU latency: 20.4668 ms - Host latency: 20.6602 ms (enqueue 4.53711 ms)
[10/04/2026-22:06:19] [I] Average on 1 runs - GPU latency: 20.4531 ms - Host latency: 20.6289 ms (enqueue 4.27148 ms)
[10/04/2026-22:06:19] [I] Average on 1 runs - GPU latency: 20.4785 ms - Host latency: 20.6582 ms (enqueue 4.29688 ms)
[10/04/2026-22:06:19] [I] Average on 1 runs - GPU latency: 20.4863 ms - Host latency: 20.6914 ms (enqueue 4.44922 ms)
[10/04/2026-22:06:19] [I] Average on 1 runs - GPU latency: 20.4238 ms - Host latency: 20.6133 ms (enqueue 4.30078 ms)
[10/04/2026-22:06:19] [I] Average on 1 runs - GPU latency: 20.4609 ms - Host latency: 20.6484 ms (enqueue 4.14648 ms)
[10/04/2026-22:06:19] [I] Average on 1 runs - GPU latency: 20.4297 ms - Host latency: 20.6133 ms (enqueue 4.27148 ms)
[10/04/2026-22:06:19] [I] Average on 1 runs - GPU latency: 20.4414 ms - Host latency: 20.627 ms (enqueue 4.29883 ms)
[10/04/2026-22:06:19] [I] Average on 1 runs - GPU latency: 20.4512 ms - Host latency: 20.6426 ms (enqueue 4.41797 ms)
[10/04/2026-22:06:19] [I] Average on 1 runs - GPU latency: 20.4727 ms - Host latency: 20.6602 ms (enqueue 4.22852 ms)
[10/04/2026-22:06:19] [I] Average on 1 runs - GPU latency: 20.4668 ms - Host latency: 20.6562 ms (enqueue 4.29688 ms)
[10/04/2026-22:06:19] [I] Average on 1 runs - GPU latency: 20.4707 ms - Host latency: 20.6602 ms (enqueue 4.31445 ms)
[10/04/2026-22:06:19] [I] Average on 1 runs - GPU latency: 20.459 ms - Host latency: 20.6484 ms (enqueue 4.29102 ms)
[10/04/2026-22:06:19] [I] Average on 1 runs - GPU latency: 20.4453 ms - Host latency: 20.6367 ms (enqueue 4.16797 ms)
[10/04/2026-22:06:19] [I] Average on 1 runs - GPU latency: 20.4453 ms - Host latency: 20.6309 ms (enqueue 4.25 ms)
[10/04/2026-22:06:19] [I] Average on 1 runs - GPU latency: 20.4648 ms - Host latency: 20.6523 ms (enqueue 4.26367 ms)
[10/04/2026-22:06:19] [I] Average on 1 runs - GPU latency: 20.4707 ms - Host latency: 20.6582 ms (enqueue 4.38672 ms)
[10/04/2026-22:06:19] [I] Average on 1 runs - GPU latency: 20.4746 ms - Host latency: 20.6777 ms (enqueue 4.38281 ms)
[10/04/2026-22:06:19] [I] Average on 1 runs - GPU latency: 20.4512 ms - Host latency: 20.6543 ms (enqueue 4.39258 ms)
[10/04/2026-22:06:19] [I] Average on 1 runs - GPU latency: 20.4473 ms - Host latency: 20.627 ms (enqueue 4.28711 ms)
[10/04/2026-22:06:19] [I] Average on 1 runs - GPU latency: 20.459 ms - Host latency: 20.6465 ms (enqueue 4.31445 ms)
[10/04/2026-22:06:19] [I] Average on 1 runs - GPU latency: 20.4492 ms - Host latency: 20.6562 ms (enqueue 4.32031 ms)
[10/04/2026-22:06:19] [I] Average on 1 runs - GPU latency: 20.4707 ms - Host latency: 20.6758 ms (enqueue 4.36133 ms)
[10/04/2026-22:06:19] [I] Average on 1 runs - GPU latency: 20.4629 ms - Host latency: 20.6406 ms (enqueue 4.27344 ms)
[10/04/2026-22:06:19] [I] Average on 1 runs - GPU latency: 20.4648 ms - Host latency: 20.6621 ms (enqueue 4.4043 ms)
[10/04/2026-22:06:19] [I] Average on 1 runs - GPU latency: 20.4453 ms - Host latency: 20.6367 ms (enqueue 4.30664 ms)
[10/04/2026-22:06:19] [I] 
[10/04/2026-22:06:19] [I] === Performance summary ===
[10/04/2026-22:06:19] [I] Throughput: 26.7236 qps
[10/04/2026-22:06:19] [I] Latency: min = 6.84204 ms, max = 20.6963 ms, mean = 19.6117 ms, median = 20.6416 ms, percentile(90%) = 20.6631 ms, percentile(95%) = 20.6729 ms, percentile(99%) = 20.6846 ms
[10/04/2026-22:06:19] [I] Enqueue Time: min = 2.98584 ms, max = 4.56104 ms, mean = 4.28093 ms, median = 4.28418 ms, percentile(90%) = 4.37402 ms, percentile(95%) = 4.39258 ms, percentile(99%) = 4.44971 ms
[10/04/2026-22:06:19] [I] H2D Latency: min = 0.0634766 ms, max = 0.204102 ms, mean = 0.170345 ms, median = 0.17627 ms, percentile(90%) = 0.192383 ms, percentile(95%) = 0.193359 ms, percentile(99%) = 0.195312 ms
[10/04/2026-22:06:19] [I] GPU Compute Time: min = 6.76904 ms, max = 20.5059 ms, mean = 19.4318 ms, median = 20.4551 ms, percentile(90%) = 20.4736 ms, percentile(95%) = 20.4795 ms, percentile(99%) = 20.4902 ms
[10/04/2026-22:06:19] [I] D2H Latency: min = 0.00366211 ms, max = 0.0117188 ms, mean = 0.00954148 ms, median = 0.00976562 ms, percentile(90%) = 0.0107422 ms, percentile(95%) = 0.0112305 ms, percentile(99%) = 0.0117188 ms
[10/04/2026-22:06:19] [I] Total Host Walltime: 15.0803 s
[10/04/2026-22:06:19] [I] Total GPU Compute Time: 7.83102 s
[10/04/2026-22:06:19] [I] Explanations of the performance metrics are printed in the verbose logs.
[10/04/2026-22:06:19] [I] 
&&&& PASSED TensorRT.trtexec [TensorRT v100300] # /usr/src/tensorrt/bin/trtexec --loadEngine=/tmp/engines/y26s_640_uint8_opt3.engine --warmUp=3000 --duration=15 --idleTime=33 --avgRuns=1
