&&&& RUNNING TensorRT.trtexec [TensorRT v100300] # /usr/src/tensorrt/bin/trtexec --loadEngine=/tmp/yolo26n_84172_uint8_fp16_opt3.engine --warmUp=3000 --duration=15 --idleTime=0 --avgRuns=1
[10/06/2026-16:12:34] [I] === Model Options ===
[10/06/2026-16:12:34] [I] Format: *
[10/06/2026-16:12:34] [I] Model: 
[10/06/2026-16:12:34] [I] Output:
[10/06/2026-16:12:34] [I] 
[10/06/2026-16:12:34] [I] === System Options ===
[10/06/2026-16:12:34] [I] Device: 0
[10/06/2026-16:12:34] [I] DLACore: 
[10/06/2026-16:12:34] [I] Plugins:
[10/06/2026-16:12:34] [I] setPluginsToSerialize:
[10/06/2026-16:12:34] [I] dynamicPlugins:
[10/06/2026-16:12:34] [I] ignoreParsedPluginLibs: 0
[10/06/2026-16:12:34] [I] 
[10/06/2026-16:12:34] [I] === Inference Options ===
[10/06/2026-16:12:34] [I] Batch: Explicit
[10/06/2026-16:12:34] [I] Input inference shapes: model
[10/06/2026-16:12:34] [I] Iterations: 10
[10/06/2026-16:12:34] [I] Duration: 15s (+ 3000ms warm up)
[10/06/2026-16:12:34] [I] Sleep time: 0ms
[10/06/2026-16:12:34] [I] Idle time: 0ms
[10/06/2026-16:12:34] [I] Inference Streams: 1
[10/06/2026-16:12:34] [I] ExposeDMA: Disabled
[10/06/2026-16:12:34] [I] Data transfers: Enabled
[10/06/2026-16:12:34] [I] Spin-wait: Disabled
[10/06/2026-16:12:34] [I] Multithreading: Disabled
[10/06/2026-16:12:34] [I] CUDA Graph: Disabled
[10/06/2026-16:12:34] [I] Separate profiling: Disabled
[10/06/2026-16:12:34] [I] Time Deserialize: Disabled
[10/06/2026-16:12:34] [I] Time Refit: Disabled
[10/06/2026-16:12:34] [I] NVTX verbosity: 0
[10/06/2026-16:12:34] [I] Persistent Cache Ratio: 0
[10/06/2026-16:12:34] [I] Optimization Profile Index: 0
[10/06/2026-16:12:34] [I] Weight Streaming Budget: 100.000000%
[10/06/2026-16:12:34] [I] Inputs:
[10/06/2026-16:12:34] [I] Debug Tensor Save Destinations:
[10/06/2026-16:12:34] [I] === Reporting Options ===
[10/06/2026-16:12:34] [I] Verbose: Disabled
[10/06/2026-16:12:34] [I] Averages: 1 inferences
[10/06/2026-16:12:34] [I] Percentiles: 90,95,99
[10/06/2026-16:12:34] [I] Dump refittable layers:Disabled
[10/06/2026-16:12:34] [I] Dump output: Disabled
[10/06/2026-16:12:34] [I] Profile: Disabled
[10/06/2026-16:12:34] [I] Export timing to JSON file: 
[10/06/2026-16:12:34] [I] Export output to JSON file: 
[10/06/2026-16:12:34] [I] Export profile to JSON file: 
[10/06/2026-16:12:34] [I] 
[10/06/2026-16:12:34] [I] === Device Information ===
[10/06/2026-16:12:34] [I] Available Devices: 
[10/06/2026-16:12:34] [I]   Device 0: "Orin" UUID: GPU-6e16c2c1-e394-5324-8f2e-63a975968f4e
[10/06/2026-16:12:34] [I] Selected Device: Orin
[10/06/2026-16:12:34] [I] Selected Device ID: 0
[10/06/2026-16:12:34] [I] Selected Device UUID: GPU-6e16c2c1-e394-5324-8f2e-63a975968f4e
[10/06/2026-16:12:34] [I] Compute Capability: 8.7
[10/06/2026-16:12:34] [I] SMs: 8
[10/06/2026-16:12:34] [I] Device Global Memory: 7607 MiB
[10/06/2026-16:12:34] [I] Shared Memory per SM: 164 KiB
[10/06/2026-16:12:34] [I] Memory Bus Width: 128 bits (ECC disabled)
[10/06/2026-16:12:34] [I] Application Compute Clock Rate: 1.02 GHz
[10/06/2026-16:12:34] [I] Application Memory Clock Rate: 0.51 GHz
[10/06/2026-16:12:34] [I] 
[10/06/2026-16:12:34] [I] Note: The application clock rates do not reflect the actual clock rates that the GPU is currently running at.
[10/06/2026-16:12:34] [I] 
[10/06/2026-16:12:34] [I] TensorRT version: 10.3.0
[10/06/2026-16:12:34] [I] Loading standard plugins
[10/06/2026-16:12:34] [I] [TRT] Loaded engine size: 7 MiB
[10/06/2026-16:12:34] [I] Engine deserialized in 0.0743368 sec.
[10/06/2026-16:12:34] [I] [TRT] [MemUsageChange] TensorRT-managed allocation in IExecutionContext creation: CPU +0, GPU +12, now: CPU 0, GPU 16 (MiB)
[10/06/2026-16:12:34] [I] Setting persistentCacheLimit to 0 bytes.
[10/06/2026-16:12:34] [I] Created execution context with device memory size: 12.207 MiB
[10/06/2026-16:12:34] [I] Using random values for input images
[10/06/2026-16:12:34] [I] Input binding for images with dimensions 1x640x640x3 is created.
[10/06/2026-16:12:34] [I] Output binding for output0 with dimensions 1x300x6 is created.
[10/06/2026-16:12:34] [I] Starting inference
[10/06/2026-16:12:52] [I] Warmup completed 374 queries over 3000 ms
[10/06/2026-16:12:52] [I] Timing trace has 1910 queries over 15.0289 s
[10/06/2026-16:12:52] [I] 
[10/06/2026-16:12:52] [I] === Trace details ===
[10/06/2026-16:12:52] [I] Trace averages of 1 runs:
[10/06/2026-16:12:52] [I] Average on 1 runs - GPU latency: 7.88062 ms - Host latency: 8.0249 ms (enqueue 4.30371 ms)
[10/06/2026-16:12:52] [I] Average on 1 runs - GPU latency: 7.86548 ms - Host latency: 8.06201 ms (enqueue 4.20483 ms)
[10/06/2026-16:12:52] [I] Average on 1 runs - GPU latency: 7.86523 ms - Host latency: 8.00635 ms (enqueue 4.35083 ms)
[10/06/2026-16:12:52] [I] Average on 1 runs - GPU latency: 7.8689 ms - Host latency: 8.03564 ms (enqueue 4.39331 ms)
[10/06/2026-16:12:52] [I] Average on 1 runs - GPU latency: 7.85498 ms - Host latency: 7.99243 ms (enqueue 4.31592 ms)
[10/06/2026-16:12:52] [I] Average on 1 runs - GPU latency: 7.85913 ms - Host latency: 7.99365 ms (enqueue 4.37476 ms)
[10/06/2026-16:12:52] [I] Average on 1 runs - GPU latency: 7.85425 ms - Host latency: 7.98364 ms (enqueue 4.30396 ms)
[10/06/2026-16:12:52] [I] Average on 1 runs - GPU latency: 7.85742 ms - Host latency: 7.98926 ms (enqueue 4.32471 ms)
[10/06/2026-16:12:52] [I] Average on 1 runs - GPU latency: 7.86157 ms - Host latency: 8.00049 ms (enqueue 4.37329 ms)
[10/06/2026-16:12:52] [I] Average on 1 runs - GPU latency: 7.86768 ms - Host latency: 8.00708 ms (enqueue 4.31885 ms)
[10/06/2026-16:12:52] [I] Average on 1 runs - GPU latency: 7.86011 ms - Host latency: 7.9939 ms (enqueue 4.36646 ms)
[10/06/2026-16:12:52] [I] Average on 1 runs - GPU latency: 7.85693 ms - Host latency: 7.98682 ms (enqueue 4.34009 ms)
[10/06/2026-16:12:52] [I] Average on 1 runs - GPU latency: 7.85059 ms - Host latency: 7.98486 ms (enqueue 4.34351 ms)
[10/06/2026-16:12:52] [I] Average on 1 runs - GPU latency: 7.85303 ms - Host latency: 7.98438 ms (enqueue 4.29907 ms)
[10/06/2026-16:12:52] [I] Average on 1 runs - GPU latency: 7.86255 ms - Host latency: 8.02222 ms (enqueue 4.35059 ms)
[10/06/2026-16:12:52] [I] Average on 1 runs - GPU latency: 7.85645 ms - Host latency: 7.99268 ms (enqueue 4.30054 ms)
[10/06/2026-16:12:52] [I] Average on 1 runs - GPU latency: 7.86011 ms - Host latency: 8.00952 ms (enqueue 4.36646 ms)
[10/06/2026-16:12:52] [I] Average on 1 runs - GPU latency: 7.85107 ms - Host latency: 7.98218 ms (enqueue 4.30151 ms)
[10/06/2026-16:12:52] [I] Average on 1 runs - GPU latency: 7.86426 ms - Host latency: 7.99146 ms (enqueue 4.30786 ms)
[10/06/2026-16:12:52] [I] Average on 1 runs - GPU latency: 7.86499 ms - Host latency: 8.00098 ms (enqueue 4.34033 ms)
[10/06/2026-16:12:52] [I] Average on 1 runs - GPU latency: 7.86401 ms - Host latency: 8.00269 ms (enqueue 4.20337 ms)
[10/06/2026-16:12:52] [I] Average on 1 runs - GPU latency: 7.85498 ms - Host latency: 7.99072 ms (enqueue 4.33618 ms)
[10/06/2026-16:12:52] [I] Average on 1 runs - GPU latency: 7.8584 ms - Host latency: 7.99341 ms (enqueue 4.35547 ms)
[10/06/2026-16:12:52] [I] Average on 1 runs - GPU latency: 7.85547 ms - Host latency: 8.01929 ms (enqueue 4.43945 ms)
[10/06/2026-16:12:52] [I] Average on 1 runs - GPU latency: 7.85645 ms - Host latency: 8.00391 ms (enqueue 4.32324 ms)
[10/06/2026-16:12:52] [I] Average on 1 runs - GPU latency: 7.85547 ms - Host latency: 7.99072 ms (enqueue 4.32959 ms)
[10/06/2026-16:12:52] [I] Average on 1 runs - GPU latency: 7.84644 ms - Host latency: 7.99414 ms (enqueue 4.29395 ms)
[10/06/2026-16:12:52] [I] Average on 1 runs - GPU latency: 7.8584 ms - Host latency: 7.99292 ms (enqueue 4.34546 ms)
[10/06/2026-16:12:52] [I] Average on 1 runs - GPU latency: 7.86377 ms - Host latency: 8.00073 ms (enqueue 4.38623 ms)
[10/06/2026-16:12:52] [I] Average on 1 runs - GPU latency: 7.8562 ms - Host latency: 8.00537 ms (enqueue 4.32104 ms)
[10/06/2026-16:12:52] [I] Average on 1 runs - GPU latency: 7.85425 ms - Host latency: 8.01196 ms (enqueue 4.34888 ms)
[10/06/2026-16:12:52] [I] Average on 1 runs - GPU latency: 7.85107 ms - Host latency: 7.99072 ms (enqueue 4.36328 ms)
[10/06/2026-16:12:52] [I] Average on 1 runs - GPU latency: 7.86987 ms - Host latency: 8.0271 ms (enqueue 4.37476 ms)
[10/06/2026-16:12:52] [I] Average on 1 runs - GPU latency: 7.85229 ms - Host latency: 7.99072 ms (enqueue 4.29932 ms)
[10/06/2026-16:12:52] [I] Average on 1 runs - GPU latency: 7.86133 ms - Host latency: 7.99731 ms (enqueue 4.35645 ms)
[10/06/2026-16:12:52] [I] Average on 1 runs - GPU latency: 7.86353 ms - Host latency: 8.05249 ms (enqueue 4.33252 ms)
[10/06/2026-16:12:52] [I] Average on 1 runs - GPU latency: 7.86157 ms - Host latency: 8.01538 ms (enqueue 4.33716 ms)
[10/06/2026-16:12:52] [I] Average on 1 runs - GPU latency: 7.86694 ms - Host latency: 8.00195 ms (enqueue 4.31763 ms)
[10/06/2026-16:12:52] [I] Average on 1 runs - GPU latency: 7.87231 ms - Host latency: 8.00488 ms (enqueue 4.35864 ms)
[10/06/2026-16:12:52] [I] Average on 1 runs - GPU latency: 7.85278 ms - Host latency: 8.02344 ms (enqueue 4.25317 ms)
[10/06/2026-16:12:52] [I] Average on 1 runs - GPU latency: 7.84937 ms - Host latency: 7.99854 ms (enqueue 4.39795 ms)
[10/06/2026-16:12:52] [I] Average on 1 runs - GPU latency: 7.85474 ms - Host latency: 7.99268 ms (enqueue 4.35156 ms)
[10/06/2026-16:12:52] [I] Average on 1 runs - GPU latency: 7.85522 ms - Host latency: 7.99634 ms (enqueue 4.34497 ms)
[10/06/2026-16:12:52] [I] Average on 1 runs - GPU latency: 7.87012 ms - Host latency: 8.0022 ms (enqueue 4.36597 ms)
[10/06/2026-16:12:52] [I] Average on 1 runs - GPU latency: 7.85132 ms - Host latency: 7.99731 ms (enqueue 4.33838 ms)
[10/06/2026-16:12:52] [I] Average on 1 runs - GPU latency: 7.85767 ms - Host latency: 7.99512 ms (enqueue 4.3501 ms)
[10/06/2026-16:12:52] [I] Average on 1 runs - GPU latency: 7.85938 ms - Host latency: 8.00122 ms (enqueue 4.28442 ms)
[10/06/2026-16:12:52] [I] Average on 1 runs - GPU latency: 7.86426 ms - Host latency: 8.00732 ms (enqueue 4.33716 ms)
[10/06/2026-16:12:52] [I] Average on 1 runs - GPU latency: 7.86548 ms - Host latency: 7.99756 ms (enqueue 4.3064 ms)
[10/06/2026-16:12:52] [I] Average on 1 runs - GPU latency: 7.85913 ms - Host latency: 8.01245 ms (enqueue 4.39111 ms)
[10/06/2026-16:12:52] [I] Average on 1 runs - GPU latency: 7.86963 ms - Host latency: 8.00952 ms (enqueue 4.34863 ms)
[10/06/2026-16:12:52] [I] Average on 1 runs - GPU latency: 7.85815 ms - Host latency: 8.00952 ms (enqueue 4.34448 ms)
[10/06/2026-16:12:52] [I] Average on 1 runs - GPU latency: 7.85645 ms - Host latency: 7.98999 ms (enqueue 4.20142 ms)
[10/06/2026-16:12:52] [I] Average on 1 runs - GPU latency: 7.85181 ms - Host latency: 7.99121 ms (enqueue 4.35156 ms)
[10/06/2026-16:12:52] [I] Average on 1 runs - GPU latency: 7.85425 ms - Host latency: 7.99023 ms (enqueue 4.38599 ms)
[10/06/2026-16:12:52] [I] Average on 1 runs - GPU latency: 7.85596 ms - Host latency: 8 ms (enqueue 4.34302 ms)
[10/06/2026-16:12:52] [I] Average on 1 runs - GPU latency: 7.85718 ms - Host latency: 7.99683 ms (enqueue 4.38208 ms)
[10/06/2026-16:12:52] [I] Average on 1 runs - GPU latency: 7.85571 ms - Host latency: 7.99243 ms (enqueue 4.34717 ms)
[10/06/2026-16:12:52] [I] Average on 1 runs - GPU latency: 7.854 ms - Host latency: 7.99976 ms (enqueue 4.25317 ms)
[10/06/2026-16:12:52] [I] Average on 1 runs - GPU latency: 7.85962 ms - Host latency: 7.99268 ms (enqueue 4.31714 ms)
[10/06/2026-16:12:52] [I] Average on 1 runs - GPU latency: 7.8584 ms - Host latency: 7.99097 ms (enqueue 4.31104 ms)
[10/06/2026-16:12:52] [I] Average on 1 runs - GPU latency: 7.85229 ms - Host latency: 7.99023 ms (enqueue 4.33765 ms)
[10/06/2026-16:12:52] [I] Average on 1 runs - GPU latency: 7.86133 ms - Host latency: 8.02515 ms (enqueue 4.41357 ms)
[10/06/2026-16:12:52] [I] Average on 1 runs - GPU latency: 7.86548 ms - Host latency: 7.99683 ms (enqueue 4.31616 ms)
[10/06/2026-16:12:52] [I] Average on 1 runs - GPU latency: 7.86768 ms - Host latency: 8.00073 ms (enqueue 4.3125 ms)
[10/06/2026-16:12:52] [I] Average on 1 runs - GPU latency: 7.85718 ms - Host latency: 7.98975 ms (enqueue 4.34033 ms)
[10/06/2026-16:12:52] [I] Average on 1 runs - GPU latency: 7.87378 ms - Host latency: 8.01807 ms (enqueue 4.35938 ms)
[10/06/2026-16:12:52] [I] Average on 1 runs - GPU latency: 7.86597 ms - Host latency: 8.03101 ms (enqueue 4.28857 ms)
[10/06/2026-16:12:52] [I] Average on 1 runs - GPU latency: 7.8623 ms - Host latency: 8.00195 ms (enqueue 4.39648 ms)
[10/06/2026-16:12:52] [I] Average on 1 runs - GPU latency: 7.86108 ms - Host latency: 8.00439 ms (enqueue 4.27661 ms)
[10/06/2026-16:12:52] [I] Average on 1 runs - GPU latency: 7.87036 ms - Host latency: 8.01953 ms (enqueue 4.24023 ms)
[10/06/2026-16:12:52] [I] Average on 1 runs - GPU latency: 7.87012 ms - Host latency: 8.0498 ms (enqueue 4.36914 ms)
[10/06/2026-16:12:52] [I] Average on 1 runs - GPU latency: 7.85645 ms - Host latency: 7.99609 ms (enqueue 4.2915 ms)
[10/06/2026-16:12:52] [I] Average on 1 runs - GPU latency: 7.85498 ms - Host latency: 7.9895 ms (enqueue 4.24561 ms)
[10/06/2026-16:12:52] [I] Average on 1 runs - GPU latency: 7.86182 ms - Host latency: 8.00024 ms (enqueue 4.26172 ms)
[10/06/2026-16:12:52] [I] Average on 1 runs - GPU latency: 7.85669 ms - Host latency: 7.98706 ms (enqueue 4.36646 ms)
[10/06/2026-16:12:52] [I] Average on 1 runs - GPU latency: 7.86401 ms - Host latency: 8.07104 ms (enqueue 4.34009 ms)
[10/06/2026-16:12:52] [I] Average on 1 runs - GPU latency: 7.85547 ms - Host latency: 7.99731 ms (enqueue 4.29321 ms)
[10/06/2026-16:12:52] [I] Average on 1 runs - GPU latency: 7.85205 ms - Host latency: 7.98999 ms (enqueue 4.37256 ms)
[10/06/2026-16:12:52] [I] Average on 1 runs - GPU latency: 7.86133 ms - Host latency: 7.99316 ms (enqueue 4.34497 ms)
[10/06/2026-16:12:52] [I] Average on 1 runs - GPU latency: 7.85571 ms - Host latency: 8.02197 ms (enqueue 4.39331 ms)
[10/06/2026-16:12:52] [I] Average on 1 runs - GPU latency: 7.86548 ms - Host latency: 8.02515 ms (enqueue 4.35962 ms)
[10/06/2026-16:12:52] [I] Average on 1 runs - GPU latency: 7.85986 ms - Host latency: 7.9917 ms (enqueue 4.28711 ms)
[10/06/2026-16:12:52] [I] Average on 1 runs - GPU latency: 7.84912 ms - Host latency: 7.98267 ms (enqueue 4.30811 ms)
[10/06/2026-16:12:52] [I] Average on 1 runs - GPU latency: 7.85645 ms - Host latency: 7.98828 ms (enqueue 4.20435 ms)
[10/06/2026-16:12:52] [I] Average on 1 runs - GPU latency: 7.85474 ms - Host latency: 7.99072 ms (enqueue 4.32349 ms)
[10/06/2026-16:12:52] [I] Average on 1 runs - GPU latency: 7.85815 ms - Host latency: 7.98926 ms (enqueue 4.36523 ms)
[10/06/2026-16:12:52] [I] Average on 1 runs - GPU latency: 7.86548 ms - Host latency: 7.99414 ms (enqueue 4.32324 ms)
[10/06/2026-16:12:52] [I] Average on 1 runs - GPU latency: 7.85718 ms - Host latency: 7.99902 ms (enqueue 4.30713 ms)
[10/06/2026-16:12:52] [I] Average on 1 runs - GPU latency: 7.85889 ms - Host latency: 7.99805 ms (enqueue 4.323 ms)
[10/06/2026-16:12:52] [I] Average on 1 runs - GPU latency: 7.84937 ms - Host latency: 7.98071 ms (enqueue 4.29077 ms)
[10/06/2026-16:12:52] [I] Average on 1 runs - GPU latency: 7.85645 ms - Host latency: 7.98584 ms (enqueue 4.39868 ms)
[10/06/2026-16:12:52] [I] Average on 1 runs - GPU latency: 7.85522 ms - Host latency: 8.0061 ms (enqueue 4.354 ms)
[10/06/2026-16:12:52] [I] Average on 1 runs - GPU latency: 7.87134 ms - Host latency: 8.00977 ms (enqueue 4.31396 ms)
[10/06/2026-16:12:52] [I] Average on 1 runs - GPU latency: 7.85181 ms - Host latency: 8.02222 ms (enqueue 4.35034 ms)
[10/06/2026-16:12:52] [I] Average on 1 runs - GPU latency: 7.84863 ms - Host latency: 7.9834 ms (enqueue 4.354 ms)
[10/06/2026-16:12:52] [I] Average on 1 runs - GPU latency: 7.8584 ms - Host latency: 7.99829 ms (enqueue 4.3064 ms)
[10/06/2026-16:12:52] [I] Average on 1 runs - GPU latency: 7.86523 ms - Host latency: 8.0022 ms (enqueue 4.27588 ms)
[10/06/2026-16:12:52] [I] Average on 1 runs - GPU latency: 7.85303 ms - Host latency: 7.99219 ms (enqueue 4.32568 ms)
[10/06/2026-16:12:52] [I] Average on 1 runs - GPU latency: 7.84912 ms - Host latency: 7.99268 ms (enqueue 4.31274 ms)
[10/06/2026-16:12:52] [I] Average on 1 runs - GPU latency: 7.85278 ms - Host latency: 7.9834 ms (enqueue 4.31641 ms)
[10/06/2026-16:12:52] [I] Average on 1 runs - GPU latency: 7.86499 ms - Host latency: 8.00244 ms (enqueue 4.31519 ms)
[10/06/2026-16:12:52] [I] Average on 1 runs - GPU latency: 7.87231 ms - Host latency: 8.02832 ms (enqueue 4.33105 ms)
[10/06/2026-16:12:52] [I] Average on 1 runs - GPU latency: 7.86792 ms - Host latency: 8.08276 ms (enqueue 4.29346 ms)
[10/06/2026-16:12:52] [I] Average on 1 runs - GPU latency: 7.86426 ms - Host latency: 8.00049 ms (enqueue 4.30981 ms)
[10/06/2026-16:12:52] [I] Average on 1 runs - GPU latency: 7.85596 ms - Host latency: 7.99487 ms (enqueue 4.31836 ms)
[10/06/2026-16:12:52] [I] Average on 1 runs - GPU latency: 7.8623 ms - Host latency: 8.0293 ms (enqueue 4.38257 ms)
[10/06/2026-16:12:52] [I] Average on 1 runs - GPU latency: 7.85645 ms - Host latency: 7.98633 ms (enqueue 4.36084 ms)
[10/06/2026-16:12:52] [I] Average on 1 runs - GPU latency: 7.85278 ms - Host latency: 8.00122 ms (enqueue 4.31323 ms)
[10/06/2026-16:12:52] [I] Average on 1 runs - GPU latency: 7.86353 ms - Host latency: 8.00146 ms (enqueue 4.24219 ms)
[10/06/2026-16:12:52] [I] Average on 1 runs - GPU latency: 7.84937 ms - Host latency: 7.98145 ms (enqueue 4.33154 ms)
[10/06/2026-16:12:52] [I] Average on 1 runs - GPU latency: 7.84937 ms - Host latency: 8.01099 ms (enqueue 4.34058 ms)
[10/06/2026-16:12:52] [I] Average on 1 runs - GPU latency: 7.87671 ms - Host latency: 8.01514 ms (enqueue 4.31055 ms)
[10/06/2026-16:12:52] [I] Average on 1 runs - GPU latency: 7.84204 ms - Host latency: 7.98926 ms (enqueue 4.30664 ms)
[10/06/2026-16:12:52] [I] Average on 1 runs - GPU latency: 7.85522 ms - Host latency: 7.98584 ms (enqueue 4.36182 ms)
[10/06/2026-16:12:52] [I] Average on 1 runs - GPU latency: 7.85376 ms - Host latency: 7.98804 ms (enqueue 4.30518 ms)
[10/06/2026-16:12:52] [I] Average on 1 runs - GPU latency: 7.8689 ms - Host latency: 7.99829 ms (enqueue 4.21289 ms)
[10/06/2026-16:12:52] [I] Average on 1 runs - GPU latency: 7.87573 ms - Host latency: 8.05444 ms (enqueue 4.34326 ms)
[10/06/2026-16:12:52] [I] Average on 1 runs - GPU latency: 7.87085 ms - Host latency: 8.06665 ms (enqueue 4.37378 ms)
[10/06/2026-16:12:52] [I] Average on 1 runs - GPU latency: 7.84741 ms - Host latency: 8.07886 ms (enqueue 4.22192 ms)
[10/06/2026-16:12:52] [I] Average on 1 runs - GPU latency: 7.86304 ms - Host latency: 8.00708 ms (enqueue 4.34888 ms)
[10/06/2026-16:12:52] [I] Average on 1 runs - GPU latency: 7.86133 ms - Host latency: 8.01196 ms (enqueue 4.49878 ms)
[10/06/2026-16:12:52] [I] Average on 1 runs - GPU latency: 7.86548 ms - Host latency: 8.00635 ms (enqueue 4.32837 ms)
[10/06/2026-16:12:52] [I] Average on 1 runs - GPU latency: 7.85864 ms - Host latency: 8.01245 ms (enqueue 4.40771 ms)
[10/06/2026-16:12:52] [I] Average on 1 runs - GPU latency: 7.86694 ms - Host latency: 8.01489 ms (enqueue 4.3479 ms)
[10/06/2026-16:12:52] [I] Average on 1 runs - GPU latency: 7.85522 ms - Host latency: 7.99316 ms (enqueue 4.33032 ms)
[10/06/2026-16:12:52] [I] Average on 1 runs - GPU latency: 7.85889 ms - Host latency: 7.99512 ms (enqueue 4.31396 ms)
[10/06/2026-16:12:52] [I] Average on 1 runs - GPU latency: 7.85229 ms - Host latency: 7.99561 ms (enqueue 4.30054 ms)
[10/06/2026-16:12:52] [I] Average on 1 runs - GPU latency: 7.86572 ms - Host latency: 7.99707 ms (enqueue 4.37207 ms)
[10/06/2026-16:12:52] [I] Average on 1 runs - GPU latency: 7.85181 ms - Host latency: 7.99463 ms (enqueue 4.32837 ms)
[10/06/2026-16:12:52] [I] Average on 1 runs - GPU latency: 7.85889 ms - Host latency: 7.98926 ms (enqueue 4.31055 ms)
[10/06/2026-16:12:52] [I] Average on 1 runs - GPU latency: 7.86011 ms - Host latency: 7.99609 ms (enqueue 4.30762 ms)
[10/06/2026-16:12:52] [I] Average on 1 runs - GPU latency: 7.86401 ms - Host latency: 8.00342 ms (enqueue 4.31958 ms)
[10/06/2026-16:12:52] [I] Average on 1 runs - GPU latency: 7.85303 ms - Host latency: 8.01074 ms (enqueue 4.27661 ms)
[10/06/2026-16:12:52] [I] Average on 1 runs - GPU latency: 7.86182 ms - Host latency: 8.00659 ms (enqueue 4.37476 ms)
[10/06/2026-16:12:52] [I] Average on 1 runs - GPU latency: 7.8623 ms - Host latency: 8.00269 ms (enqueue 4.34937 ms)
[10/06/2026-16:12:52] [I] Average on 1 runs - GPU latency: 7.85791 ms - Host latency: 8.02075 ms (enqueue 4.39966 ms)
[10/06/2026-16:12:52] [I] Average on 1 runs - GPU latency: 7.88281 ms - Host latency: 8.03613 ms (enqueue 4.42627 ms)
[10/06/2026-16:12:52] [I] Average on 1 runs - GPU latency: 7.87012 ms - Host latency: 8.03735 ms (enqueue 4.32178 ms)
[10/06/2026-16:12:52] [I] Average on 1 runs - GPU latency: 7.86133 ms - Host latency: 8.00952 ms (enqueue 4.29639 ms)
[10/06/2026-16:12:52] [I] Average on 1 runs - GPU latency: 7.85254 ms - Host latency: 8.09424 ms (enqueue 4.32104 ms)
[10/06/2026-16:12:52] [I] Average on 1 runs - GPU latency: 7.87061 ms - Host latency: 8.00928 ms (enqueue 4.23877 ms)
[10/06/2026-16:12:52] [I] Average on 1 runs - GPU latency: 7.86279 ms - Host latency: 8.01611 ms (enqueue 4.36133 ms)
[10/06/2026-16:12:52] [I] Average on 1 runs - GPU latency: 7.87891 ms - Host latency: 8.02637 ms (enqueue 4.35352 ms)
[10/06/2026-16:12:52] [I] Average on 1 runs - GPU latency: 7.86914 ms - Host latency: 8.08691 ms (enqueue 4.2998 ms)
[10/06/2026-16:12:52] [I] Average on 1 runs - GPU latency: 7.85693 ms - Host latency: 8.01465 ms (enqueue 4.27051 ms)
[10/06/2026-16:12:52] [I] Average on 1 runs - GPU latency: 7.86377 ms - Host latency: 8.00195 ms (enqueue 4.34277 ms)
[10/06/2026-16:12:52] [I] Average on 1 runs - GPU latency: 7.85205 ms - Host latency: 7.98438 ms (enqueue 4.34521 ms)
[10/06/2026-16:12:52] [I] Average on 1 runs - GPU latency: 7.85986 ms - Host latency: 8.00977 ms (enqueue 4.30469 ms)
[10/06/2026-16:12:52] [I] Average on 1 runs - GPU latency: 7.86133 ms - Host latency: 8.10449 ms (enqueue 4.35986 ms)
[10/06/2026-16:12:52] [I] Average on 1 runs - GPU latency: 7.8501 ms - Host latency: 7.98535 ms (enqueue 4.37109 ms)
[10/06/2026-16:12:52] [I] Average on 1 runs - GPU latency: 7.85254 ms - Host latency: 7.9873 ms (enqueue 4.35449 ms)
[10/06/2026-16:12:52] [I] Average on 1 runs - GPU latency: 7.86377 ms - Host latency: 8.00293 ms (enqueue 4.50049 ms)
[10/06/2026-16:12:52] [I] Average on 1 runs - GPU latency: 7.84814 ms - Host latency: 7.98291 ms (enqueue 4.40381 ms)
[10/06/2026-16:12:52] [I] Average on 1 runs - GPU latency: 7.85547 ms - Host latency: 7.99414 ms (enqueue 4.20361 ms)
[10/06/2026-16:12:52] [I] Average on 1 runs - GPU latency: 7.87549 ms - Host latency: 8.01123 ms (enqueue 4.32422 ms)
[10/06/2026-16:12:52] [I] Average on 1 runs - GPU latency: 7.86768 ms - Host latency: 8.01465 ms (enqueue 4.34668 ms)
[10/06/2026-16:12:52] [I] Average on 1 runs - GPU latency: 7.85938 ms - Host latency: 7.9917 ms (enqueue 4.34717 ms)
[10/06/2026-16:12:52] [I] Average on 1 runs - GPU latency: 7.85205 ms - Host latency: 8.01123 ms (enqueue 4.33398 ms)
[10/06/2026-16:12:52] [I] Average on 1 runs - GPU latency: 7.85547 ms - Host latency: 8.00977 ms (enqueue 4.34229 ms)
[10/06/2026-16:12:52] [I] Average on 1 runs - GPU latency: 7.86279 ms - Host latency: 8.02979 ms (enqueue 4.27686 ms)
[10/06/2026-16:12:52] [I] Average on 1 runs - GPU latency: 7.85645 ms - Host latency: 8.00098 ms (enqueue 4.33691 ms)
[10/06/2026-16:12:52] [I] Average on 1 runs - GPU latency: 7.86475 ms - Host latency: 8.00098 ms (enqueue 4.30615 ms)
[10/06/2026-16:12:52] [I] Average on 1 runs - GPU latency: 7.86523 ms - Host latency: 8.00439 ms (enqueue 4.32227 ms)
[10/06/2026-16:12:52] [I] Average on 1 runs - GPU latency: 7.85938 ms - Host latency: 7.99414 ms (enqueue 4.39453 ms)
[10/06/2026-16:12:52] [I] Average on 1 runs - GPU latency: 7.86621 ms - Host latency: 8.00244 ms (enqueue 4.37109 ms)
[10/06/2026-16:12:52] [I] Average on 1 runs - GPU latency: 7.85645 ms - Host latency: 8.01416 ms (enqueue 4.38574 ms)
[10/06/2026-16:12:52] [I] Average on 1 runs - GPU latency: 7.85205 ms - Host latency: 8.00488 ms (enqueue 4.33105 ms)
[10/06/2026-16:12:52] [I] Average on 1 runs - GPU latency: 7.85547 ms - Host latency: 7.98877 ms (enqueue 4.35596 ms)
[10/06/2026-16:12:52] [I] Average on 1 runs - GPU latency: 7.86328 ms - Host latency: 7.99512 ms (enqueue 4.35059 ms)
[10/06/2026-16:12:52] [I] Average on 1 runs - GPU latency: 7.84717 ms - Host latency: 7.97998 ms (enqueue 4.3623 ms)
[10/06/2026-16:12:52] [I] Average on 1 runs - GPU latency: 7.85107 ms - Host latency: 7.99268 ms (enqueue 4.36963 ms)
[10/06/2026-16:12:52] [I] Average on 1 runs - GPU latency: 7.86523 ms - Host latency: 8.00342 ms (enqueue 4.41992 ms)
[10/06/2026-16:12:52] [I] Average on 1 runs - GPU latency: 7.85107 ms - Host latency: 8.01221 ms (enqueue 4.24561 ms)
[10/06/2026-16:12:52] [I] Average on 1 runs - GPU latency: 7.85498 ms - Host latency: 7.98975 ms (enqueue 4.31982 ms)
[10/06/2026-16:12:52] [I] Average on 1 runs - GPU latency: 7.85596 ms - Host latency: 7.99854 ms (enqueue 4.3252 ms)
[10/06/2026-16:12:52] [I] Average on 1 runs - GPU latency: 7.86035 ms - Host latency: 8.00537 ms (enqueue 4.38672 ms)
[10/06/2026-16:12:52] [I] Average on 1 runs - GPU latency: 7.88525 ms - Host latency: 8.01855 ms (enqueue 4.31885 ms)
[10/06/2026-16:12:52] [I] Average on 1 runs - GPU latency: 7.85938 ms - Host latency: 8.05713 ms (enqueue 4.32227 ms)
[10/06/2026-16:12:52] [I] Average on 1 runs - GPU latency: 7.84912 ms - Host latency: 7.97949 ms (enqueue 4.37695 ms)
[10/06/2026-16:12:52] [I] Average on 1 runs - GPU latency: 7.85986 ms - Host latency: 8.00537 ms (enqueue 4.4209 ms)
[10/06/2026-16:12:52] [I] Average on 1 runs - GPU latency: 7.85742 ms - Host latency: 8.02881 ms (enqueue 4.32764 ms)
[10/06/2026-16:12:52] [I] Average on 1 runs - GPU latency: 7.85791 ms - Host latency: 7.98828 ms (enqueue 4.35889 ms)
[10/06/2026-16:12:52] [I] Average on 1 runs - GPU latency: 7.85938 ms - Host latency: 7.99463 ms (enqueue 4.3374 ms)
[10/06/2026-16:12:52] [I] Average on 1 runs - GPU latency: 7.86084 ms - Host latency: 8.02002 ms (enqueue 4.36182 ms)
[10/06/2026-16:12:52] [I] Average on 1 runs - GPU latency: 7.85547 ms - Host latency: 8.04492 ms (enqueue 4.38086 ms)
[10/06/2026-16:12:52] [I] Average on 1 runs - GPU latency: 7.86621 ms - Host latency: 7.99854 ms (enqueue 4.28711 ms)
[10/06/2026-16:12:52] [I] Average on 1 runs - GPU latency: 7.85986 ms - Host latency: 8.00439 ms (enqueue 4.30811 ms)
[10/06/2026-16:12:52] [I] Average on 1 runs - GPU latency: 7.85645 ms - Host latency: 7.98877 ms (enqueue 4.33545 ms)
[10/06/2026-16:12:52] [I] Average on 1 runs - GPU latency: 7.85986 ms - Host latency: 8.00342 ms (enqueue 4.33984 ms)
[10/06/2026-16:12:52] [I] Average on 1 runs - GPU latency: 7.85254 ms - Host latency: 8.00244 ms (enqueue 4.36133 ms)
[10/06/2026-16:12:52] [I] Average on 1 runs - GPU latency: 7.86133 ms - Host latency: 8.00977 ms (enqueue 4.36035 ms)
[10/06/2026-16:12:52] [I] Average on 1 runs - GPU latency: 7.8623 ms - Host latency: 8.00195 ms (enqueue 4.27686 ms)
[10/06/2026-16:12:52] [I] Average on 1 runs - GPU latency: 7.85205 ms - Host latency: 7.98486 ms (enqueue 4.35596 ms)
[10/06/2026-16:12:52] [I] Average on 1 runs - GPU latency: 7.86035 ms - Host latency: 7.99414 ms (enqueue 4.3252 ms)
[10/06/2026-16:12:52] [I] Average on 1 runs - GPU latency: 7.85693 ms - Host latency: 7.99756 ms (enqueue 4.37939 ms)
[10/06/2026-16:12:52] [I] Average on 1 runs - GPU latency: 7.85986 ms - Host latency: 7.99365 ms (enqueue 4.35693 ms)
[10/06/2026-16:12:52] [I] Average on 1 runs - GPU latency: 7.86035 ms - Host latency: 7.99902 ms (enqueue 4.3291 ms)
[10/06/2026-16:12:52] [I] Average on 1 runs - GPU latency: 7.86182 ms - Host latency: 7.99756 ms (enqueue 4.32617 ms)
[10/06/2026-16:12:52] [I] Average on 1 runs - GPU latency: 7.85986 ms - Host latency: 8.01514 ms (enqueue 4.42627 ms)
[10/06/2026-16:12:52] [I] ... Omitting 1510 lines
[10/06/2026-16:12:52] [I] Average on 1 runs - GPU latency: 7.86133 ms - Host latency: 7.99219 ms (enqueue 2.59375 ms)
[10/06/2026-16:12:52] [I] Average on 1 runs - GPU latency: 7.87109 ms - Host latency: 8.04297 ms (enqueue 4.54883 ms)
[10/06/2026-16:12:52] [I] Average on 1 runs - GPU latency: 7.86523 ms - Host latency: 8.01953 ms (enqueue 4.37109 ms)
[10/06/2026-16:12:52] [I] Average on 1 runs - GPU latency: 7.85547 ms - Host latency: 8.02344 ms (enqueue 4.39062 ms)
[10/06/2026-16:12:52] [I] Average on 1 runs - GPU latency: 7.84375 ms - Host latency: 7.99023 ms (enqueue 4.34766 ms)
[10/06/2026-16:12:52] [I] Average on 1 runs - GPU latency: 7.85352 ms - Host latency: 7.98828 ms (enqueue 2.42773 ms)
[10/06/2026-16:12:52] [I] Average on 1 runs - GPU latency: 7.85156 ms - Host latency: 8.02344 ms (enqueue 4.50391 ms)
[10/06/2026-16:12:52] [I] Average on 1 runs - GPU latency: 7.85547 ms - Host latency: 8.02344 ms (enqueue 4.4375 ms)
[10/06/2026-16:12:52] [I] Average on 1 runs - GPU latency: 7.86328 ms - Host latency: 8.00391 ms (enqueue 4.44336 ms)
[10/06/2026-16:12:52] [I] Average on 1 runs - GPU latency: 7.86523 ms - Host latency: 8.00977 ms (enqueue 4.48633 ms)
[10/06/2026-16:12:52] [I] Average on 1 runs - GPU latency: 7.86719 ms - Host latency: 8.01953 ms (enqueue 4.49219 ms)
[10/06/2026-16:12:52] [I] Average on 1 runs - GPU latency: 7.86328 ms - Host latency: 8.10352 ms (enqueue 4.17188 ms)
[10/06/2026-16:12:52] [I] Average on 1 runs - GPU latency: 7.86523 ms - Host latency: 8.05078 ms (enqueue 4.59766 ms)
[10/06/2026-16:12:52] [I] Average on 1 runs - GPU latency: 7.86328 ms - Host latency: 8.01172 ms (enqueue 4.4668 ms)
[10/06/2026-16:12:52] [I] Average on 1 runs - GPU latency: 7.86523 ms - Host latency: 8.0293 ms (enqueue 4.41211 ms)
[10/06/2026-16:12:52] [I] Average on 1 runs - GPU latency: 7.85156 ms - Host latency: 7.98242 ms (enqueue 4.44727 ms)
[10/06/2026-16:12:52] [I] Average on 1 runs - GPU latency: 7.86133 ms - Host latency: 8.00781 ms (enqueue 4.4082 ms)
[10/06/2026-16:12:52] [I] Average on 1 runs - GPU latency: 7.86328 ms - Host latency: 8.02344 ms (enqueue 4.49219 ms)
[10/06/2026-16:12:52] [I] Average on 1 runs - GPU latency: 7.85742 ms - Host latency: 8.00195 ms (enqueue 4.58008 ms)
[10/06/2026-16:12:52] [I] Average on 1 runs - GPU latency: 7.85156 ms - Host latency: 8.0293 ms (enqueue 4.44141 ms)
[10/06/2026-16:12:52] [I] Average on 1 runs - GPU latency: 7.86719 ms - Host latency: 8.03516 ms (enqueue 4.41406 ms)
[10/06/2026-16:12:52] [I] Average on 1 runs - GPU latency: 7.85156 ms - Host latency: 8.03906 ms (enqueue 4.44922 ms)
[10/06/2026-16:12:52] [I] Average on 1 runs - GPU latency: 7.86133 ms - Host latency: 8.00781 ms (enqueue 4.38086 ms)
[10/06/2026-16:12:52] [I] Average on 1 runs - GPU latency: 7.85156 ms - Host latency: 8.00977 ms (enqueue 4.4375 ms)
[10/06/2026-16:12:52] [I] Average on 1 runs - GPU latency: 7.87109 ms - Host latency: 8.05664 ms (enqueue 3.11328 ms)
[10/06/2026-16:12:52] [I] Average on 1 runs - GPU latency: 7.84961 ms - Host latency: 8.04297 ms (enqueue 3.80469 ms)
[10/06/2026-16:12:52] [I] Average on 1 runs - GPU latency: 7.85938 ms - Host latency: 8 ms (enqueue 3.25 ms)
[10/06/2026-16:12:52] [I] Average on 1 runs - GPU latency: 7.86523 ms - Host latency: 8.01758 ms (enqueue 4.02539 ms)
[10/06/2026-16:12:52] [I] Average on 1 runs - GPU latency: 7.84766 ms - Host latency: 7.98828 ms (enqueue 4.39258 ms)
[10/06/2026-16:12:52] [I] Average on 1 runs - GPU latency: 7.85938 ms - Host latency: 8.00781 ms (enqueue 4.38281 ms)
[10/06/2026-16:12:52] [I] Average on 1 runs - GPU latency: 7.85352 ms - Host latency: 8.00391 ms (enqueue 4.22266 ms)
[10/06/2026-16:12:52] [I] Average on 1 runs - GPU latency: 7.85352 ms - Host latency: 8.02148 ms (enqueue 4.47852 ms)
[10/06/2026-16:12:52] [I] Average on 1 runs - GPU latency: 7.87695 ms - Host latency: 8.04297 ms (enqueue 4.43164 ms)
[10/06/2026-16:12:52] [I] Average on 1 runs - GPU latency: 7.85156 ms - Host latency: 8.04102 ms (enqueue 4.45117 ms)
[10/06/2026-16:12:52] [I] Average on 1 runs - GPU latency: 7.85547 ms - Host latency: 7.99805 ms (enqueue 4.41211 ms)
[10/06/2026-16:12:52] [I] Average on 1 runs - GPU latency: 7.85156 ms - Host latency: 8 ms (enqueue 4.4082 ms)
[10/06/2026-16:12:52] [I] Average on 1 runs - GPU latency: 7.87109 ms - Host latency: 8.00781 ms (enqueue 4.36328 ms)
[10/06/2026-16:12:52] [I] Average on 1 runs - GPU latency: 7.85938 ms - Host latency: 8.10547 ms (enqueue 4.86914 ms)
[10/06/2026-16:12:52] [I] Average on 1 runs - GPU latency: 7.84961 ms - Host latency: 8.03516 ms (enqueue 4.46094 ms)
[10/06/2026-16:12:52] [I] Average on 1 runs - GPU latency: 7.87891 ms - Host latency: 8.01953 ms (enqueue 4.51953 ms)
[10/06/2026-16:12:52] [I] Average on 1 runs - GPU latency: 7.8457 ms - Host latency: 8.0293 ms (enqueue 4.45508 ms)
[10/06/2026-16:12:52] [I] Average on 1 runs - GPU latency: 7.86523 ms - Host latency: 8.00977 ms (enqueue 4.50195 ms)
[10/06/2026-16:12:52] [I] Average on 1 runs - GPU latency: 7.84961 ms - Host latency: 8.00391 ms (enqueue 4.57812 ms)
[10/06/2026-16:12:52] [I] Average on 1 runs - GPU latency: 7.86133 ms - Host latency: 8.01172 ms (enqueue 3.29688 ms)
[10/06/2026-16:12:52] [I] Average on 1 runs - GPU latency: 7.85742 ms - Host latency: 8.01953 ms (enqueue 4.49023 ms)
[10/06/2026-16:12:52] [I] Average on 1 runs - GPU latency: 7.85156 ms - Host latency: 8.02344 ms (enqueue 4.43945 ms)
[10/06/2026-16:12:52] [I] Average on 1 runs - GPU latency: 7.86328 ms - Host latency: 8.04297 ms (enqueue 4.35352 ms)
[10/06/2026-16:12:52] [I] Average on 1 runs - GPU latency: 7.86914 ms - Host latency: 8.00977 ms (enqueue 4.42773 ms)
[10/06/2026-16:12:52] [I] Average on 1 runs - GPU latency: 7.85352 ms - Host latency: 8.01367 ms (enqueue 4.41992 ms)
[10/06/2026-16:12:52] [I] Average on 1 runs - GPU latency: 7.87109 ms - Host latency: 8.01172 ms (enqueue 4.45703 ms)
[10/06/2026-16:12:52] [I] Average on 1 runs - GPU latency: 7.86133 ms - Host latency: 8.04297 ms (enqueue 4.54102 ms)
[10/06/2026-16:12:52] [I] Average on 1 runs - GPU latency: 7.85742 ms - Host latency: 8.00586 ms (enqueue 4.38672 ms)
[10/06/2026-16:12:52] [I] Average on 1 runs - GPU latency: 7.84766 ms - Host latency: 7.98242 ms (enqueue 4.37891 ms)
[10/06/2026-16:12:52] [I] Average on 1 runs - GPU latency: 7.85547 ms - Host latency: 7.99023 ms (enqueue 4.35742 ms)
[10/06/2026-16:12:52] [I] Average on 1 runs - GPU latency: 7.86523 ms - Host latency: 8.00391 ms (enqueue 4.38477 ms)
[10/06/2026-16:12:52] [I] Average on 1 runs - GPU latency: 7.86133 ms - Host latency: 8.00195 ms (enqueue 4.42578 ms)
[10/06/2026-16:12:52] [I] Average on 1 runs - GPU latency: 7.85938 ms - Host latency: 8.01758 ms (enqueue 3.4082 ms)
[10/06/2026-16:12:52] [I] Average on 1 runs - GPU latency: 7.85352 ms - Host latency: 8.03711 ms (enqueue 3.89453 ms)
[10/06/2026-16:12:52] [I] Average on 1 runs - GPU latency: 7.85352 ms - Host latency: 8.02344 ms (enqueue 3.0625 ms)
[10/06/2026-16:12:52] [I] Average on 1 runs - GPU latency: 7.86328 ms - Host latency: 8.00391 ms (enqueue 2.84375 ms)
[10/06/2026-16:12:52] [I] Average on 1 runs - GPU latency: 7.85742 ms - Host latency: 8.01172 ms (enqueue 2.97656 ms)
[10/06/2026-16:12:52] [I] Average on 1 runs - GPU latency: 7.85938 ms - Host latency: 7.99609 ms (enqueue 3.10156 ms)
[10/06/2026-16:12:52] [I] Average on 1 runs - GPU latency: 7.86719 ms - Host latency: 7.99805 ms (enqueue 3.23633 ms)
[10/06/2026-16:12:52] [I] Average on 1 runs - GPU latency: 7.87109 ms - Host latency: 8.01758 ms (enqueue 4.30469 ms)
[10/06/2026-16:12:52] [I] Average on 1 runs - GPU latency: 7.87109 ms - Host latency: 8.03125 ms (enqueue 3.41211 ms)
[10/06/2026-16:12:52] [I] Average on 1 runs - GPU latency: 7.86133 ms - Host latency: 8.07031 ms (enqueue 3.38477 ms)
[10/06/2026-16:12:52] [I] Average on 1 runs - GPU latency: 7.86719 ms - Host latency: 8.03125 ms (enqueue 2.88867 ms)
[10/06/2026-16:12:52] [I] Average on 1 runs - GPU latency: 7.86914 ms - Host latency: 8.01953 ms (enqueue 4.57031 ms)
[10/06/2026-16:12:52] [I] Average on 1 runs - GPU latency: 7.86523 ms - Host latency: 8.05469 ms (enqueue 4.50586 ms)
[10/06/2026-16:12:52] [I] Average on 1 runs - GPU latency: 7.85742 ms - Host latency: 8.01562 ms (enqueue 4.32227 ms)
[10/06/2026-16:12:52] [I] Average on 1 runs - GPU latency: 7.87109 ms - Host latency: 8.03125 ms (enqueue 4.27344 ms)
[10/06/2026-16:12:52] [I] Average on 1 runs - GPU latency: 7.85547 ms - Host latency: 8.01562 ms (enqueue 4.16406 ms)
[10/06/2026-16:12:52] [I] Average on 1 runs - GPU latency: 7.86133 ms - Host latency: 8.02344 ms (enqueue 4.24219 ms)
[10/06/2026-16:12:52] [I] Average on 1 runs - GPU latency: 7.85938 ms - Host latency: 8.00391 ms (enqueue 4.28906 ms)
[10/06/2026-16:12:52] [I] Average on 1 runs - GPU latency: 7.86328 ms - Host latency: 8.01367 ms (enqueue 4.33203 ms)
[10/06/2026-16:12:52] [I] Average on 1 runs - GPU latency: 7.85938 ms - Host latency: 8.0332 ms (enqueue 4.14844 ms)
[10/06/2026-16:12:52] [I] Average on 1 runs - GPU latency: 7.86328 ms - Host latency: 8.01367 ms (enqueue 4.31055 ms)
[10/06/2026-16:12:52] [I] Average on 1 runs - GPU latency: 7.85938 ms - Host latency: 8.01562 ms (enqueue 4.3125 ms)
[10/06/2026-16:12:52] [I] Average on 1 runs - GPU latency: 7.85547 ms - Host latency: 8.01367 ms (enqueue 4.39648 ms)
[10/06/2026-16:12:52] [I] Average on 1 runs - GPU latency: 7.86523 ms - Host latency: 8.06055 ms (enqueue 4.36719 ms)
[10/06/2026-16:12:52] [I] Average on 1 runs - GPU latency: 7.86328 ms - Host latency: 8.01953 ms (enqueue 4.28516 ms)
[10/06/2026-16:12:52] [I] Average on 1 runs - GPU latency: 7.85352 ms - Host latency: 8.04102 ms (enqueue 4.25586 ms)
[10/06/2026-16:12:52] [I] Average on 1 runs - GPU latency: 7.84961 ms - Host latency: 7.98633 ms (enqueue 4.26953 ms)
[10/06/2026-16:12:52] [I] Average on 1 runs - GPU latency: 7.85352 ms - Host latency: 8.00781 ms (enqueue 4.30273 ms)
[10/06/2026-16:12:52] [I] Average on 1 runs - GPU latency: 7.86133 ms - Host latency: 8.02148 ms (enqueue 4.24805 ms)
[10/06/2026-16:12:52] [I] Average on 1 runs - GPU latency: 7.85547 ms - Host latency: 7.98828 ms (enqueue 4.26562 ms)
[10/06/2026-16:12:52] [I] Average on 1 runs - GPU latency: 7.85547 ms - Host latency: 7.99805 ms (enqueue 4.26172 ms)
[10/06/2026-16:12:52] [I] Average on 1 runs - GPU latency: 7.85742 ms - Host latency: 8.00195 ms (enqueue 4.3418 ms)
[10/06/2026-16:12:52] [I] Average on 1 runs - GPU latency: 7.86328 ms - Host latency: 8.01367 ms (enqueue 4.28906 ms)
[10/06/2026-16:12:52] [I] Average on 1 runs - GPU latency: 7.86914 ms - Host latency: 8.03711 ms (enqueue 4.31055 ms)
[10/06/2026-16:12:52] [I] Average on 1 runs - GPU latency: 7.87109 ms - Host latency: 8.01953 ms (enqueue 4.32812 ms)
[10/06/2026-16:12:52] [I] Average on 1 runs - GPU latency: 7.85742 ms - Host latency: 8.00391 ms (enqueue 4.33984 ms)
[10/06/2026-16:12:52] [I] Average on 1 runs - GPU latency: 7.86133 ms - Host latency: 7.99609 ms (enqueue 4.36328 ms)
[10/06/2026-16:12:52] [I] Average on 1 runs - GPU latency: 7.86523 ms - Host latency: 8 ms (enqueue 4.31836 ms)
[10/06/2026-16:12:52] [I] Average on 1 runs - GPU latency: 7.85156 ms - Host latency: 7.99414 ms (enqueue 4.24414 ms)
[10/06/2026-16:12:52] [I] Average on 1 runs - GPU latency: 7.86328 ms - Host latency: 7.99219 ms (enqueue 4.32422 ms)
[10/06/2026-16:12:52] [I] Average on 1 runs - GPU latency: 7.86328 ms - Host latency: 8.06445 ms (enqueue 4.33594 ms)
[10/06/2026-16:12:52] [I] Average on 1 runs - GPU latency: 7.86523 ms - Host latency: 8.00977 ms (enqueue 4.34375 ms)
[10/06/2026-16:12:52] [I] Average on 1 runs - GPU latency: 7.86914 ms - Host latency: 8.0293 ms (enqueue 4.37891 ms)
[10/06/2026-16:12:52] [I] Average on 1 runs - GPU latency: 7.85547 ms - Host latency: 7.99219 ms (enqueue 4.27734 ms)
[10/06/2026-16:12:52] [I] Average on 1 runs - GPU latency: 7.85156 ms - Host latency: 7.98438 ms (enqueue 4.30469 ms)
[10/06/2026-16:12:52] [I] Average on 1 runs - GPU latency: 7.86133 ms - Host latency: 8.03711 ms (enqueue 4.31055 ms)
[10/06/2026-16:12:52] [I] Average on 1 runs - GPU latency: 7.86133 ms - Host latency: 8.0332 ms (enqueue 4.31445 ms)
[10/06/2026-16:12:52] [I] Average on 1 runs - GPU latency: 7.85742 ms - Host latency: 7.98828 ms (enqueue 4.35352 ms)
[10/06/2026-16:12:52] [I] Average on 1 runs - GPU latency: 7.8457 ms - Host latency: 7.98047 ms (enqueue 4.30469 ms)
[10/06/2026-16:12:52] [I] Average on 1 runs - GPU latency: 7.84766 ms - Host latency: 7.99219 ms (enqueue 4.30469 ms)
[10/06/2026-16:12:52] [I] Average on 1 runs - GPU latency: 7.87305 ms - Host latency: 8.01758 ms (enqueue 4.38672 ms)
[10/06/2026-16:12:52] [I] Average on 1 runs - GPU latency: 7.86523 ms - Host latency: 8.0293 ms (enqueue 4.29492 ms)
[10/06/2026-16:12:52] [I] Average on 1 runs - GPU latency: 7.86133 ms - Host latency: 8.00391 ms (enqueue 4.2793 ms)
[10/06/2026-16:12:52] [I] Average on 1 runs - GPU latency: 7.85352 ms - Host latency: 7.98438 ms (enqueue 4.30664 ms)
[10/06/2026-16:12:52] [I] Average on 1 runs - GPU latency: 7.84961 ms - Host latency: 8 ms (enqueue 4.32812 ms)
[10/06/2026-16:12:52] [I] Average on 1 runs - GPU latency: 7.84961 ms - Host latency: 7.98438 ms (enqueue 4.38672 ms)
[10/06/2026-16:12:52] [I] Average on 1 runs - GPU latency: 7.85352 ms - Host latency: 7.99609 ms (enqueue 4.4043 ms)
[10/06/2026-16:12:52] [I] Average on 1 runs - GPU latency: 7.85352 ms - Host latency: 7.98633 ms (enqueue 4.27734 ms)
[10/06/2026-16:12:52] [I] Average on 1 runs - GPU latency: 7.85352 ms - Host latency: 7.98633 ms (enqueue 4.35547 ms)
[10/06/2026-16:12:52] [I] Average on 1 runs - GPU latency: 7.85938 ms - Host latency: 7.99609 ms (enqueue 4.38086 ms)
[10/06/2026-16:12:52] [I] Average on 1 runs - GPU latency: 7.85547 ms - Host latency: 8.01953 ms (enqueue 4.34375 ms)
[10/06/2026-16:12:52] [I] Average on 1 runs - GPU latency: 7.84766 ms - Host latency: 7.98438 ms (enqueue 4.35742 ms)
[10/06/2026-16:12:52] [I] Average on 1 runs - GPU latency: 7.85742 ms - Host latency: 7.99414 ms (enqueue 4.36523 ms)
[10/06/2026-16:12:52] [I] Average on 1 runs - GPU latency: 7.85547 ms - Host latency: 7.99414 ms (enqueue 4.36328 ms)
[10/06/2026-16:12:52] [I] Average on 1 runs - GPU latency: 7.85156 ms - Host latency: 7.98242 ms (enqueue 4.31641 ms)
[10/06/2026-16:12:52] [I] Average on 1 runs - GPU latency: 7.86719 ms - Host latency: 8 ms (enqueue 4.36719 ms)
[10/06/2026-16:12:52] [I] Average on 1 runs - GPU latency: 7.84766 ms - Host latency: 7.99414 ms (enqueue 4.36914 ms)
[10/06/2026-16:12:52] [I] Average on 1 runs - GPU latency: 7.86328 ms - Host latency: 8.00391 ms (enqueue 4.33789 ms)
[10/06/2026-16:12:52] [I] Average on 1 runs - GPU latency: 7.86133 ms - Host latency: 8.01367 ms (enqueue 4.32812 ms)
[10/06/2026-16:12:52] [I] Average on 1 runs - GPU latency: 7.85742 ms - Host latency: 8.04492 ms (enqueue 4.38672 ms)
[10/06/2026-16:12:52] [I] Average on 1 runs - GPU latency: 7.85742 ms - Host latency: 7.99219 ms (enqueue 4.29492 ms)
[10/06/2026-16:12:52] [I] Average on 1 runs - GPU latency: 7.86719 ms - Host latency: 8.00391 ms (enqueue 4.38086 ms)
[10/06/2026-16:12:52] [I] Average on 1 runs - GPU latency: 7.85352 ms - Host latency: 8.02148 ms (enqueue 4.48242 ms)
[10/06/2026-16:12:52] [I] Average on 1 runs - GPU latency: 7.85156 ms - Host latency: 8.01758 ms (enqueue 4.33789 ms)
[10/06/2026-16:12:52] [I] Average on 1 runs - GPU latency: 7.86133 ms - Host latency: 7.99219 ms (enqueue 4.38086 ms)
[10/06/2026-16:12:52] [I] Average on 1 runs - GPU latency: 7.85547 ms - Host latency: 7.99023 ms (enqueue 4.33398 ms)
[10/06/2026-16:12:52] [I] Average on 1 runs - GPU latency: 7.86719 ms - Host latency: 8.00391 ms (enqueue 4.2832 ms)
[10/06/2026-16:12:52] [I] Average on 1 runs - GPU latency: 7.86523 ms - Host latency: 8.03125 ms (enqueue 4.37305 ms)
[10/06/2026-16:12:52] [I] Average on 1 runs - GPU latency: 7.87109 ms - Host latency: 8.01758 ms (enqueue 4.38281 ms)
[10/06/2026-16:12:52] [I] Average on 1 runs - GPU latency: 7.86719 ms - Host latency: 8.02344 ms (enqueue 4.31641 ms)
[10/06/2026-16:12:52] [I] Average on 1 runs - GPU latency: 7.85352 ms - Host latency: 8.00195 ms (enqueue 4.33984 ms)
[10/06/2026-16:12:52] [I] Average on 1 runs - GPU latency: 7.86523 ms - Host latency: 8.00195 ms (enqueue 4.27148 ms)
[10/06/2026-16:12:52] [I] Average on 1 runs - GPU latency: 7.86719 ms - Host latency: 8.03906 ms (enqueue 4.28125 ms)
[10/06/2026-16:12:52] [I] Average on 1 runs - GPU latency: 7.85547 ms - Host latency: 8.00195 ms (enqueue 4.28711 ms)
[10/06/2026-16:12:52] [I] Average on 1 runs - GPU latency: 7.85742 ms - Host latency: 7.99609 ms (enqueue 4.29297 ms)
[10/06/2026-16:12:52] [I] Average on 1 runs - GPU latency: 7.86719 ms - Host latency: 8.00977 ms (enqueue 4.24414 ms)
[10/06/2026-16:12:52] [I] Average on 1 runs - GPU latency: 7.85352 ms - Host latency: 8.07422 ms (enqueue 4.28906 ms)
[10/06/2026-16:12:52] [I] Average on 1 runs - GPU latency: 7.85938 ms - Host latency: 8.00195 ms (enqueue 4.375 ms)
[10/06/2026-16:12:52] [I] Average on 1 runs - GPU latency: 7.86914 ms - Host latency: 8.00977 ms (enqueue 4.35156 ms)
[10/06/2026-16:12:52] [I] Average on 1 runs - GPU latency: 7.85938 ms - Host latency: 7.99219 ms (enqueue 4.2168 ms)
[10/06/2026-16:12:52] [I] Average on 1 runs - GPU latency: 7.85938 ms - Host latency: 7.99805 ms (enqueue 4.4043 ms)
[10/06/2026-16:12:52] [I] Average on 1 runs - GPU latency: 7.86328 ms - Host latency: 7.99805 ms (enqueue 4.35156 ms)
[10/06/2026-16:12:52] [I] Average on 1 runs - GPU latency: 7.84766 ms - Host latency: 8.00586 ms (enqueue 4.35352 ms)
[10/06/2026-16:12:52] [I] Average on 1 runs - GPU latency: 7.86328 ms - Host latency: 8.00586 ms (enqueue 4.39844 ms)
[10/06/2026-16:12:52] [I] Average on 1 runs - GPU latency: 7.85547 ms - Host latency: 7.99414 ms (enqueue 4.37305 ms)
[10/06/2026-16:12:52] [I] Average on 1 runs - GPU latency: 7.85938 ms - Host latency: 7.99023 ms (enqueue 4.29102 ms)
[10/06/2026-16:12:52] [I] Average on 1 runs - GPU latency: 7.86719 ms - Host latency: 7.99609 ms (enqueue 4.34961 ms)
[10/06/2026-16:12:52] [I] Average on 1 runs - GPU latency: 7.85938 ms - Host latency: 7.99414 ms (enqueue 4.375 ms)
[10/06/2026-16:12:52] [I] Average on 1 runs - GPU latency: 7.85742 ms - Host latency: 7.98633 ms (enqueue 4.32422 ms)
[10/06/2026-16:12:52] [I] Average on 1 runs - GPU latency: 7.86133 ms - Host latency: 8.02344 ms (enqueue 4.36523 ms)
[10/06/2026-16:12:52] [I] Average on 1 runs - GPU latency: 7.8457 ms - Host latency: 7.98633 ms (enqueue 4.41016 ms)
[10/06/2026-16:12:52] [I] Average on 1 runs - GPU latency: 7.85742 ms - Host latency: 8.00195 ms (enqueue 4.39062 ms)
[10/06/2026-16:12:52] [I] Average on 1 runs - GPU latency: 7.85352 ms - Host latency: 7.99609 ms (enqueue 4.2793 ms)
[10/06/2026-16:12:52] [I] Average on 1 runs - GPU latency: 7.85742 ms - Host latency: 8 ms (enqueue 4.3418 ms)
[10/06/2026-16:12:52] [I] Average on 1 runs - GPU latency: 7.85156 ms - Host latency: 7.98242 ms (enqueue 4.34961 ms)
[10/06/2026-16:12:52] [I] Average on 1 runs - GPU latency: 7.86328 ms - Host latency: 8.00391 ms (enqueue 4.28906 ms)
[10/06/2026-16:12:52] [I] Average on 1 runs - GPU latency: 7.85547 ms - Host latency: 7.99023 ms (enqueue 4.28906 ms)
[10/06/2026-16:12:52] [I] Average on 1 runs - GPU latency: 7.85352 ms - Host latency: 7.99023 ms (enqueue 4.38086 ms)
[10/06/2026-16:12:52] [I] Average on 1 runs - GPU latency: 7.86523 ms - Host latency: 7.99609 ms (enqueue 4.25 ms)
[10/06/2026-16:12:52] [I] Average on 1 runs - GPU latency: 7.85742 ms - Host latency: 7.98633 ms (enqueue 4.28906 ms)
[10/06/2026-16:12:52] [I] Average on 1 runs - GPU latency: 7.85156 ms - Host latency: 7.98242 ms (enqueue 4.36914 ms)
[10/06/2026-16:12:52] [I] Average on 1 runs - GPU latency: 7.84766 ms - Host latency: 7.98828 ms (enqueue 4.33789 ms)
[10/06/2026-16:12:52] [I] Average on 1 runs - GPU latency: 7.86328 ms - Host latency: 8 ms (enqueue 4.28711 ms)
[10/06/2026-16:12:52] [I] Average on 1 runs - GPU latency: 7.85547 ms - Host latency: 8.03711 ms (enqueue 4.33203 ms)
[10/06/2026-16:12:52] [I] Average on 1 runs - GPU latency: 7.85352 ms - Host latency: 7.99023 ms (enqueue 4.35742 ms)
[10/06/2026-16:12:52] [I] Average on 1 runs - GPU latency: 7.85547 ms - Host latency: 8 ms (enqueue 4.31641 ms)
[10/06/2026-16:12:52] [I] Average on 1 runs - GPU latency: 7.85742 ms - Host latency: 7.99609 ms (enqueue 4.35156 ms)
[10/06/2026-16:12:52] [I] Average on 1 runs - GPU latency: 7.86328 ms - Host latency: 7.99609 ms (enqueue 4.33594 ms)
[10/06/2026-16:12:52] [I] Average on 1 runs - GPU latency: 7.86523 ms - Host latency: 8 ms (enqueue 4.37891 ms)
[10/06/2026-16:12:52] [I] Average on 1 runs - GPU latency: 7.85547 ms - Host latency: 7.99219 ms (enqueue 4.37695 ms)
[10/06/2026-16:12:52] [I] Average on 1 runs - GPU latency: 7.84961 ms - Host latency: 7.98242 ms (enqueue 4.33984 ms)
[10/06/2026-16:12:52] [I] Average on 1 runs - GPU latency: 7.86523 ms - Host latency: 7.99805 ms (enqueue 4.24219 ms)
[10/06/2026-16:12:52] [I] Average on 1 runs - GPU latency: 7.85352 ms - Host latency: 8.00195 ms (enqueue 4.35547 ms)
[10/06/2026-16:12:52] [I] Average on 1 runs - GPU latency: 7.85156 ms - Host latency: 7.98633 ms (enqueue 4.32227 ms)
[10/06/2026-16:12:52] [I] Average on 1 runs - GPU latency: 7.84961 ms - Host latency: 7.99609 ms (enqueue 4.31641 ms)
[10/06/2026-16:12:52] [I] Average on 1 runs - GPU latency: 7.85938 ms - Host latency: 7.99609 ms (enqueue 4.32422 ms)
[10/06/2026-16:12:52] [I] Average on 1 runs - GPU latency: 7.87305 ms - Host latency: 8.00391 ms (enqueue 4.32812 ms)
[10/06/2026-16:12:52] [I] Average on 1 runs - GPU latency: 7.85742 ms - Host latency: 8.06836 ms (enqueue 4.25391 ms)
[10/06/2026-16:12:52] [I] Average on 1 runs - GPU latency: 7.86133 ms - Host latency: 8.04688 ms (enqueue 4.31445 ms)
[10/06/2026-16:12:52] [I] Average on 1 runs - GPU latency: 7.85352 ms - Host latency: 7.98438 ms (enqueue 4.38281 ms)
[10/06/2026-16:12:52] [I] Average on 1 runs - GPU latency: 7.875 ms - Host latency: 8.03125 ms (enqueue 4.42383 ms)
[10/06/2026-16:12:52] [I] Average on 1 runs - GPU latency: 7.86328 ms - Host latency: 8.03711 ms (enqueue 4.26367 ms)
[10/06/2026-16:12:52] [I] Average on 1 runs - GPU latency: 7.84961 ms - Host latency: 7.99023 ms (enqueue 4.22461 ms)
[10/06/2026-16:12:52] [I] Average on 1 runs - GPU latency: 7.85352 ms - Host latency: 7.98633 ms (enqueue 4.32227 ms)
[10/06/2026-16:12:52] [I] Average on 1 runs - GPU latency: 7.84961 ms - Host latency: 7.98242 ms (enqueue 4.31836 ms)
[10/06/2026-16:12:52] [I] Average on 1 runs - GPU latency: 7.85352 ms - Host latency: 7.99414 ms (enqueue 4.29688 ms)
[10/06/2026-16:12:52] [I] Average on 1 runs - GPU latency: 7.85742 ms - Host latency: 7.99219 ms (enqueue 4.2832 ms)
[10/06/2026-16:12:52] [I] Average on 1 runs - GPU latency: 7.85938 ms - Host latency: 7.99805 ms (enqueue 4.33594 ms)
[10/06/2026-16:12:52] [I] Average on 1 runs - GPU latency: 7.86719 ms - Host latency: 8.01172 ms (enqueue 4.3418 ms)
[10/06/2026-16:12:52] [I] Average on 1 runs - GPU latency: 7.86133 ms - Host latency: 8.00391 ms (enqueue 4.37891 ms)
[10/06/2026-16:12:52] [I] Average on 1 runs - GPU latency: 7.85742 ms - Host latency: 7.99219 ms (enqueue 4.27344 ms)
[10/06/2026-16:12:52] [I] Average on 1 runs - GPU latency: 7.84961 ms - Host latency: 8 ms (enqueue 4.30469 ms)
[10/06/2026-16:12:52] [I] Average on 1 runs - GPU latency: 7.85547 ms - Host latency: 7.99414 ms (enqueue 4.30469 ms)
[10/06/2026-16:12:52] [I] Average on 1 runs - GPU latency: 7.86719 ms - Host latency: 8.00391 ms (enqueue 4.30664 ms)
[10/06/2026-16:12:52] [I] Average on 1 runs - GPU latency: 7.82812 ms - Host latency: 7.99219 ms (enqueue 4.39844 ms)
[10/06/2026-16:12:52] [I] 
[10/06/2026-16:12:52] [I] === Performance summary ===
[10/06/2026-16:12:52] [I] Throughput: 127.088 qps
[10/06/2026-16:12:52] [I] Latency: min = 7.97363 ms, max = 8.20703 ms, mean = 8.00852 ms, median = 8.00391 ms, percentile(90%) = 8.0332 ms, percentile(95%) = 8.04785 ms, percentile(99%) = 8.08276 ms
[10/06/2026-16:12:52] [I] Enqueue Time: min = 2.42773 ms, max = 4.86914 ms, mean = 4.32274 ms, median = 4.33716 ms, percentile(90%) = 4.39648 ms, percentile(95%) = 4.4248 ms, percentile(99%) = 4.49316 ms
[10/06/2026-16:12:52] [I] H2D Latency: min = 0.116211 ms, max = 0.339844 ms, mean = 0.140088 ms, median = 0.134277 ms, percentile(90%) = 0.162109 ms, percentile(95%) = 0.177734 ms, percentile(99%) = 0.211914 ms
[10/06/2026-16:12:52] [I] GPU Compute Time: min = 7.82812 ms, max = 7.89062 ms, mean = 7.85985 ms, median = 7.85938 ms, percentile(90%) = 7.8689 ms, percentile(95%) = 7.87109 ms, percentile(99%) = 7.87793 ms
[10/06/2026-16:12:52] [I] D2H Latency: min = 0.00585938 ms, max = 0.0117188 ms, mean = 0.00857752 ms, median = 0.00878906 ms, percentile(90%) = 0.00976562 ms, percentile(95%) = 0.00976562 ms, percentile(99%) = 0.0100098 ms
[10/06/2026-16:12:52] [I] Total Host Walltime: 15.0289 s
[10/06/2026-16:12:52] [I] Total GPU Compute Time: 15.0123 s
[10/06/2026-16:12:52] [I] Explanations of the performance metrics are printed in the verbose logs.
[10/06/2026-16:12:52] [I] 
&&&& PASSED TensorRT.trtexec [TensorRT v100300] # /usr/src/tensorrt/bin/trtexec --loadEngine=/tmp/yolo26n_84172_uint8_fp16_opt3.engine --warmUp=3000 --duration=15 --idleTime=0 --avgRuns=1
