&&&& RUNNING TensorRT.trtexec [TensorRT v100300] # /usr/src/tensorrt/bin/trtexec --loadEngine=/tmp/yolo26n_84172_uint8_fp16_opt3.engine --warmUp=3000 --duration=15 --idleTime=0 --avgRuns=1
[10/06/2026-14:09:17] [I] === Model Options ===
[10/06/2026-14:09:17] [I] Format: *
[10/06/2026-14:09:17] [I] Model: 
[10/06/2026-14:09:17] [I] Output:
[10/06/2026-14:09:17] [I] 
[10/06/2026-14:09:17] [I] === System Options ===
[10/06/2026-14:09:17] [I] Device: 0
[10/06/2026-14:09:17] [I] DLACore: 
[10/06/2026-14:09:17] [I] Plugins:
[10/06/2026-14:09:17] [I] setPluginsToSerialize:
[10/06/2026-14:09:17] [I] dynamicPlugins:
[10/06/2026-14:09:17] [I] ignoreParsedPluginLibs: 0
[10/06/2026-14:09:17] [I] 
[10/06/2026-14:09:17] [I] === Inference Options ===
[10/06/2026-14:09:17] [I] Batch: Explicit
[10/06/2026-14:09:17] [I] Input inference shapes: model
[10/06/2026-14:09:17] [I] Iterations: 10
[10/06/2026-14:09:17] [I] Duration: 15s (+ 3000ms warm up)
[10/06/2026-14:09:17] [I] Sleep time: 0ms
[10/06/2026-14:09:17] [I] Idle time: 0ms
[10/06/2026-14:09:17] [I] Inference Streams: 1
[10/06/2026-14:09:17] [I] ExposeDMA: Disabled
[10/06/2026-14:09:17] [I] Data transfers: Enabled
[10/06/2026-14:09:17] [I] Spin-wait: Disabled
[10/06/2026-14:09:17] [I] Multithreading: Disabled
[10/06/2026-14:09:17] [I] CUDA Graph: Disabled
[10/06/2026-14:09:17] [I] Separate profiling: Disabled
[10/06/2026-14:09:17] [I] Time Deserialize: Disabled
[10/06/2026-14:09:17] [I] Time Refit: Disabled
[10/06/2026-14:09:17] [I] NVTX verbosity: 0
[10/06/2026-14:09:17] [I] Persistent Cache Ratio: 0
[10/06/2026-14:09:17] [I] Optimization Profile Index: 0
[10/06/2026-14:09:17] [I] Weight Streaming Budget: 100.000000%
[10/06/2026-14:09:17] [I] Inputs:
[10/06/2026-14:09:17] [I] Debug Tensor Save Destinations:
[10/06/2026-14:09:17] [I] === Reporting Options ===
[10/06/2026-14:09:17] [I] Verbose: Disabled
[10/06/2026-14:09:17] [I] Averages: 1 inferences
[10/06/2026-14:09:17] [I] Percentiles: 90,95,99
[10/06/2026-14:09:17] [I] Dump refittable layers:Disabled
[10/06/2026-14:09:17] [I] Dump output: Disabled
[10/06/2026-14:09:17] [I] Profile: Disabled
[10/06/2026-14:09:17] [I] Export timing to JSON file: 
[10/06/2026-14:09:17] [I] Export output to JSON file: 
[10/06/2026-14:09:17] [I] Export profile to JSON file: 
[10/06/2026-14:09:17] [I] 
[10/06/2026-14:09:17] [I] === Device Information ===
[10/06/2026-14:09:17] [I] Available Devices: 
[10/06/2026-14:09:17] [I]   Device 0: "Orin" UUID: GPU-6e16c2c1-e394-5324-8f2e-63a975968f4e
[10/06/2026-14:09:17] [I] Selected Device: Orin
[10/06/2026-14:09:17] [I] Selected Device ID: 0
[10/06/2026-14:09:17] [I] Selected Device UUID: GPU-6e16c2c1-e394-5324-8f2e-63a975968f4e
[10/06/2026-14:09:17] [I] Compute Capability: 8.7
[10/06/2026-14:09:17] [I] SMs: 8
[10/06/2026-14:09:17] [I] Device Global Memory: 7607 MiB
[10/06/2026-14:09:17] [I] Shared Memory per SM: 164 KiB
[10/06/2026-14:09:17] [I] Memory Bus Width: 128 bits (ECC disabled)
[10/06/2026-14:09:17] [I] Application Compute Clock Rate: 1.02 GHz
[10/06/2026-14:09:17] [I] Application Memory Clock Rate: 0.408 GHz
[10/06/2026-14:09:17] [I] 
[10/06/2026-14:09:17] [I] Note: The application clock rates do not reflect the actual clock rates that the GPU is currently running at.
[10/06/2026-14:09:17] [I] 
[10/06/2026-14:09:17] [I] TensorRT version: 10.3.0
[10/06/2026-14:09:17] [I] Loading standard plugins
[10/06/2026-14:09:17] [I] [TRT] Loaded engine size: 7 MiB
[10/06/2026-14:09:17] [I] Engine deserialized in 0.0762134 sec.
[10/06/2026-14:09:17] [I] [TRT] [MemUsageChange] TensorRT-managed allocation in IExecutionContext creation: CPU +0, GPU +12, now: CPU 0, GPU 16 (MiB)
[10/06/2026-14:09:17] [I] Setting persistentCacheLimit to 0 bytes.
[10/06/2026-14:09:17] [I] Created execution context with device memory size: 12.207 MiB
[10/06/2026-14:09:17] [I] Using random values for input images
[10/06/2026-14:09:17] [I] Input binding for images with dimensions 1x640x640x3 is created.
[10/06/2026-14:09:17] [I] Output binding for output0 with dimensions 1x300x6 is created.
[10/06/2026-14:09:17] [I] Starting inference
[10/06/2026-14:09:35] [I] Warmup completed 308 queries over 3000 ms
[10/06/2026-14:09:35] [I] Timing trace has 1572 queries over 15.0271 s
[10/06/2026-14:09:35] [I] 
[10/06/2026-14:09:35] [I] === Trace details ===
[10/06/2026-14:09:35] [I] Trace averages of 1 runs:
[10/06/2026-14:09:35] [I] Average on 1 runs - GPU latency: 9.54565 ms - Host latency: 9.69312 ms (enqueue 4.38599 ms)
[10/06/2026-14:09:35] [I] Average on 1 runs - GPU latency: 9.54028 ms - Host latency: 9.68726 ms (enqueue 4.30249 ms)
[10/06/2026-14:09:35] [I] Average on 1 runs - GPU latency: 9.55127 ms - Host latency: 9.70215 ms (enqueue 4.3938 ms)
[10/06/2026-14:09:35] [I] Average on 1 runs - GPU latency: 9.55664 ms - Host latency: 9.70654 ms (enqueue 4.41675 ms)
[10/06/2026-14:09:35] [I] Average on 1 runs - GPU latency: 9.55615 ms - Host latency: 9.7085 ms (enqueue 4.49805 ms)
[10/06/2026-14:09:35] [I] Average on 1 runs - GPU latency: 9.54468 ms - Host latency: 9.69263 ms (enqueue 4.41064 ms)
[10/06/2026-14:09:35] [I] Average on 1 runs - GPU latency: 9.55127 ms - Host latency: 9.70166 ms (enqueue 4.33203 ms)
[10/06/2026-14:09:35] [I] Average on 1 runs - GPU latency: 9.54932 ms - Host latency: 9.698 ms (enqueue 4.34839 ms)
[10/06/2026-14:09:35] [I] Average on 1 runs - GPU latency: 9.54077 ms - Host latency: 9.69067 ms (enqueue 4.35059 ms)
[10/06/2026-14:09:35] [I] Average on 1 runs - GPU latency: 9.54688 ms - Host latency: 9.69043 ms (enqueue 4.50659 ms)
[10/06/2026-14:09:35] [I] Average on 1 runs - GPU latency: 9.54785 ms - Host latency: 9.70044 ms (enqueue 4.36206 ms)
[10/06/2026-14:09:35] [I] Average on 1 runs - GPU latency: 9.53271 ms - Host latency: 9.67993 ms (enqueue 4.24805 ms)
[10/06/2026-14:09:35] [I] Average on 1 runs - GPU latency: 9.53906 ms - Host latency: 9.68579 ms (enqueue 4.36182 ms)
[10/06/2026-14:09:35] [I] Average on 1 runs - GPU latency: 9.54199 ms - Host latency: 9.69043 ms (enqueue 4.36597 ms)
[10/06/2026-14:09:35] [I] Average on 1 runs - GPU latency: 9.53516 ms - Host latency: 9.68359 ms (enqueue 4.36548 ms)
[10/06/2026-14:09:35] [I] Average on 1 runs - GPU latency: 9.55054 ms - Host latency: 9.7019 ms (enqueue 4.43115 ms)
[10/06/2026-14:09:35] [I] Average on 1 runs - GPU latency: 9.53369 ms - Host latency: 9.68188 ms (enqueue 4.36182 ms)
[10/06/2026-14:09:35] [I] Average on 1 runs - GPU latency: 9.54443 ms - Host latency: 9.71875 ms (enqueue 4.35938 ms)
[10/06/2026-14:09:35] [I] Average on 1 runs - GPU latency: 9.55127 ms - Host latency: 9.69507 ms (enqueue 4.39331 ms)
[10/06/2026-14:09:35] [I] Average on 1 runs - GPU latency: 9.55347 ms - Host latency: 9.7041 ms (enqueue 4.34937 ms)
[10/06/2026-14:09:35] [I] Average on 1 runs - GPU latency: 9.5415 ms - Host latency: 9.69312 ms (enqueue 4.33887 ms)
[10/06/2026-14:09:35] [I] Average on 1 runs - GPU latency: 9.55542 ms - Host latency: 9.7002 ms (enqueue 4.35229 ms)
[10/06/2026-14:09:35] [I] Average on 1 runs - GPU latency: 9.55151 ms - Host latency: 9.69458 ms (enqueue 4.43701 ms)
[10/06/2026-14:09:35] [I] Average on 1 runs - GPU latency: 9.55762 ms - Host latency: 9.70703 ms (enqueue 4.4082 ms)
[10/06/2026-14:09:35] [I] Average on 1 runs - GPU latency: 9.55127 ms - Host latency: 9.698 ms (enqueue 4.41113 ms)
[10/06/2026-14:09:35] [I] Average on 1 runs - GPU latency: 9.53979 ms - Host latency: 9.68384 ms (enqueue 4.35547 ms)
[10/06/2026-14:09:35] [I] Average on 1 runs - GPU latency: 9.55225 ms - Host latency: 9.70044 ms (enqueue 4.37866 ms)
[10/06/2026-14:09:35] [I] Average on 1 runs - GPU latency: 9.55298 ms - Host latency: 9.70459 ms (enqueue 4.354 ms)
[10/06/2026-14:09:35] [I] Average on 1 runs - GPU latency: 9.55298 ms - Host latency: 9.69727 ms (enqueue 4.35986 ms)
[10/06/2026-14:09:35] [I] Average on 1 runs - GPU latency: 9.55322 ms - Host latency: 9.69946 ms (enqueue 4.40308 ms)
[10/06/2026-14:09:35] [I] Average on 1 runs - GPU latency: 9.54858 ms - Host latency: 9.69531 ms (enqueue 4.29858 ms)
[10/06/2026-14:09:35] [I] Average on 1 runs - GPU latency: 9.56226 ms - Host latency: 9.70825 ms (enqueue 4.33032 ms)
[10/06/2026-14:09:35] [I] Average on 1 runs - GPU latency: 9.5437 ms - Host latency: 9.6897 ms (enqueue 4.24805 ms)
[10/06/2026-14:09:35] [I] Average on 1 runs - GPU latency: 9.54785 ms - Host latency: 9.69092 ms (enqueue 4.33521 ms)
[10/06/2026-14:09:35] [I] Average on 1 runs - GPU latency: 9.55078 ms - Host latency: 9.69727 ms (enqueue 4.37256 ms)
[10/06/2026-14:09:35] [I] Average on 1 runs - GPU latency: 9.56226 ms - Host latency: 9.73389 ms (enqueue 4.31128 ms)
[10/06/2026-14:09:35] [I] Average on 1 runs - GPU latency: 9.54761 ms - Host latency: 9.69189 ms (enqueue 4.41553 ms)
[10/06/2026-14:09:35] [I] Average on 1 runs - GPU latency: 9.55542 ms - Host latency: 9.70117 ms (enqueue 4.25293 ms)
[10/06/2026-14:09:35] [I] Average on 1 runs - GPU latency: 9.53809 ms - Host latency: 9.68628 ms (enqueue 4.3147 ms)
[10/06/2026-14:09:35] [I] Average on 1 runs - GPU latency: 9.53882 ms - Host latency: 9.68384 ms (enqueue 4.32617 ms)
[10/06/2026-14:09:35] [I] Average on 1 runs - GPU latency: 9.54565 ms - Host latency: 9.69385 ms (enqueue 4.33228 ms)
[10/06/2026-14:09:35] [I] Average on 1 runs - GPU latency: 9.53174 ms - Host latency: 9.67456 ms (enqueue 4.34717 ms)
[10/06/2026-14:09:35] [I] Average on 1 runs - GPU latency: 9.54541 ms - Host latency: 9.69312 ms (enqueue 4.32056 ms)
[10/06/2026-14:09:35] [I] Average on 1 runs - GPU latency: 9.54956 ms - Host latency: 9.69214 ms (enqueue 4.33936 ms)
[10/06/2026-14:09:35] [I] Average on 1 runs - GPU latency: 9.55493 ms - Host latency: 9.69971 ms (enqueue 4.36768 ms)
[10/06/2026-14:09:35] [I] Average on 1 runs - GPU latency: 9.5481 ms - Host latency: 9.69702 ms (enqueue 4.30249 ms)
[10/06/2026-14:09:35] [I] Average on 1 runs - GPU latency: 9.53052 ms - Host latency: 9.67529 ms (enqueue 4.36499 ms)
[10/06/2026-14:09:35] [I] Average on 1 runs - GPU latency: 9.54614 ms - Host latency: 9.69141 ms (enqueue 4.39575 ms)
[10/06/2026-14:09:35] [I] Average on 1 runs - GPU latency: 9.54883 ms - Host latency: 9.69238 ms (enqueue 4.36377 ms)
[10/06/2026-14:09:35] [I] Average on 1 runs - GPU latency: 9.54248 ms - Host latency: 9.69189 ms (enqueue 4.40308 ms)
[10/06/2026-14:09:35] [I] Average on 1 runs - GPU latency: 9.53906 ms - Host latency: 9.68628 ms (enqueue 4.33423 ms)
[10/06/2026-14:09:35] [I] Average on 1 runs - GPU latency: 9.55957 ms - Host latency: 9.70996 ms (enqueue 4.39062 ms)
[10/06/2026-14:09:35] [I] Average on 1 runs - GPU latency: 9.55249 ms - Host latency: 9.698 ms (enqueue 4.32446 ms)
[10/06/2026-14:09:35] [I] Average on 1 runs - GPU latency: 9.56006 ms - Host latency: 9.71216 ms (enqueue 4.2666 ms)
[10/06/2026-14:09:35] [I] Average on 1 runs - GPU latency: 9.54126 ms - Host latency: 9.69434 ms (enqueue 4.44897 ms)
[10/06/2026-14:09:35] [I] Average on 1 runs - GPU latency: 9.54858 ms - Host latency: 9.69604 ms (enqueue 4.36719 ms)
[10/06/2026-14:09:35] [I] Average on 1 runs - GPU latency: 9.53857 ms - Host latency: 9.68823 ms (enqueue 4.33936 ms)
[10/06/2026-14:09:35] [I] Average on 1 runs - GPU latency: 9.55225 ms - Host latency: 9.70508 ms (enqueue 4.45337 ms)
[10/06/2026-14:09:35] [I] Average on 1 runs - GPU latency: 9.5647 ms - Host latency: 9.70825 ms (enqueue 4.24951 ms)
[10/06/2026-14:09:35] [I] Average on 1 runs - GPU latency: 9.54639 ms - Host latency: 9.6897 ms (enqueue 4.35522 ms)
[10/06/2026-14:09:35] [I] Average on 1 runs - GPU latency: 9.5437 ms - Host latency: 9.69067 ms (enqueue 4.42725 ms)
[10/06/2026-14:09:35] [I] Average on 1 runs - GPU latency: 9.54688 ms - Host latency: 9.71313 ms (enqueue 4.3855 ms)
[10/06/2026-14:09:35] [I] Average on 1 runs - GPU latency: 9.5354 ms - Host latency: 9.67969 ms (enqueue 4.36206 ms)
[10/06/2026-14:09:35] [I] Average on 1 runs - GPU latency: 9.56641 ms - Host latency: 9.71606 ms (enqueue 4.31519 ms)
[10/06/2026-14:09:35] [I] Average on 1 runs - GPU latency: 9.55713 ms - Host latency: 9.76978 ms (enqueue 4.59717 ms)
[10/06/2026-14:09:35] [I] Average on 1 runs - GPU latency: 9.52026 ms - Host latency: 9.66968 ms (enqueue 4.44312 ms)
[10/06/2026-14:09:35] [I] Average on 1 runs - GPU latency: 9.53735 ms - Host latency: 9.68726 ms (enqueue 4.39185 ms)
[10/06/2026-14:09:35] [I] Average on 1 runs - GPU latency: 9.53931 ms - Host latency: 9.68555 ms (enqueue 4.37671 ms)
[10/06/2026-14:09:35] [I] Average on 1 runs - GPU latency: 9.52515 ms - Host latency: 9.67383 ms (enqueue 4.38892 ms)
[10/06/2026-14:09:35] [I] Average on 1 runs - GPU latency: 9.55273 ms - Host latency: 9.70117 ms (enqueue 4.42798 ms)
[10/06/2026-14:09:35] [I] Average on 1 runs - GPU latency: 9.54419 ms - Host latency: 9.69141 ms (enqueue 4.37402 ms)
[10/06/2026-14:09:35] [I] Average on 1 runs - GPU latency: 9.5498 ms - Host latency: 9.69727 ms (enqueue 4.43774 ms)
[10/06/2026-14:09:35] [I] Average on 1 runs - GPU latency: 9.54785 ms - Host latency: 9.69507 ms (enqueue 4.3623 ms)
[10/06/2026-14:09:35] [I] Average on 1 runs - GPU latency: 9.55713 ms - Host latency: 9.70386 ms (enqueue 4.31714 ms)
[10/06/2026-14:09:35] [I] Average on 1 runs - GPU latency: 9.53418 ms - Host latency: 9.68311 ms (enqueue 4.20117 ms)
[10/06/2026-14:09:35] [I] Average on 1 runs - GPU latency: 9.55127 ms - Host latency: 9.70337 ms (enqueue 4.36157 ms)
[10/06/2026-14:09:35] [I] Average on 1 runs - GPU latency: 9.55518 ms - Host latency: 9.70142 ms (enqueue 4.3269 ms)
[10/06/2026-14:09:35] [I] Average on 1 runs - GPU latency: 9.54785 ms - Host latency: 9.69043 ms (enqueue 4.35229 ms)
[10/06/2026-14:09:35] [I] Average on 1 runs - GPU latency: 9.54614 ms - Host latency: 9.69385 ms (enqueue 4.35962 ms)
[10/06/2026-14:09:35] [I] Average on 1 runs - GPU latency: 9.54248 ms - Host latency: 9.68823 ms (enqueue 4.25879 ms)
[10/06/2026-14:09:35] [I] Average on 1 runs - GPU latency: 9.54565 ms - Host latency: 9.69458 ms (enqueue 4.43311 ms)
[10/06/2026-14:09:35] [I] Average on 1 runs - GPU latency: 9.55664 ms - Host latency: 9.70312 ms (enqueue 4.33203 ms)
[10/06/2026-14:09:35] [I] Average on 1 runs - GPU latency: 9.54956 ms - Host latency: 9.69287 ms (enqueue 4.4021 ms)
[10/06/2026-14:09:35] [I] Average on 1 runs - GPU latency: 9.54248 ms - Host latency: 9.69409 ms (enqueue 4.448 ms)
[10/06/2026-14:09:35] [I] Average on 1 runs - GPU latency: 9.5542 ms - Host latency: 9.70166 ms (enqueue 4.3689 ms)
[10/06/2026-14:09:35] [I] Average on 1 runs - GPU latency: 9.55469 ms - Host latency: 9.70093 ms (enqueue 4.43188 ms)
[10/06/2026-14:09:35] [I] Average on 1 runs - GPU latency: 9.56006 ms - Host latency: 9.70947 ms (enqueue 4.39111 ms)
[10/06/2026-14:09:35] [I] Average on 1 runs - GPU latency: 9.54443 ms - Host latency: 9.69702 ms (enqueue 4.44946 ms)
[10/06/2026-14:09:35] [I] Average on 1 runs - GPU latency: 9.54639 ms - Host latency: 9.698 ms (enqueue 4.28027 ms)
[10/06/2026-14:09:35] [I] Average on 1 runs - GPU latency: 9.5542 ms - Host latency: 9.70386 ms (enqueue 4.3877 ms)
[10/06/2026-14:09:35] [I] Average on 1 runs - GPU latency: 9.55151 ms - Host latency: 9.70142 ms (enqueue 4.39038 ms)
[10/06/2026-14:09:35] [I] Average on 1 runs - GPU latency: 9.55518 ms - Host latency: 9.70605 ms (enqueue 4.28662 ms)
[10/06/2026-14:09:35] [I] Average on 1 runs - GPU latency: 9.55884 ms - Host latency: 9.70508 ms (enqueue 4.42114 ms)
[10/06/2026-14:09:35] [I] Average on 1 runs - GPU latency: 9.54565 ms - Host latency: 9.69263 ms (enqueue 4.38037 ms)
[10/06/2026-14:09:35] [I] Average on 1 runs - GPU latency: 9.53735 ms - Host latency: 9.68726 ms (enqueue 4.38647 ms)
[10/06/2026-14:09:35] [I] Average on 1 runs - GPU latency: 9.54956 ms - Host latency: 9.69702 ms (enqueue 4.39282 ms)
[10/06/2026-14:09:35] [I] Average on 1 runs - GPU latency: 9.54541 ms - Host latency: 9.68726 ms (enqueue 4.40161 ms)
[10/06/2026-14:09:35] [I] Average on 1 runs - GPU latency: 9.53784 ms - Host latency: 9.68359 ms (enqueue 4.34058 ms)
[10/06/2026-14:09:35] [I] Average on 1 runs - GPU latency: 9.54443 ms - Host latency: 9.69092 ms (enqueue 4.39404 ms)
[10/06/2026-14:09:35] [I] Average on 1 runs - GPU latency: 9.53613 ms - Host latency: 9.68555 ms (enqueue 4.38184 ms)
[10/06/2026-14:09:35] [I] Average on 1 runs - GPU latency: 9.55054 ms - Host latency: 9.70093 ms (enqueue 4.31885 ms)
[10/06/2026-14:09:35] [I] Average on 1 runs - GPU latency: 9.5354 ms - Host latency: 9.70776 ms (enqueue 4.40161 ms)
[10/06/2026-14:09:35] [I] Average on 1 runs - GPU latency: 9.54077 ms - Host latency: 9.6853 ms (enqueue 4.40405 ms)
[10/06/2026-14:09:35] [I] Average on 1 runs - GPU latency: 9.55054 ms - Host latency: 9.69678 ms (enqueue 4.38159 ms)
[10/06/2026-14:09:35] [I] Average on 1 runs - GPU latency: 9.54346 ms - Host latency: 9.69092 ms (enqueue 4.40283 ms)
[10/06/2026-14:09:35] [I] Average on 1 runs - GPU latency: 9.5542 ms - Host latency: 9.69849 ms (enqueue 4.36206 ms)
[10/06/2026-14:09:35] [I] Average on 1 runs - GPU latency: 9.55908 ms - Host latency: 9.7063 ms (enqueue 4.37939 ms)
[10/06/2026-14:09:35] [I] Average on 1 runs - GPU latency: 9.55371 ms - Host latency: 9.70142 ms (enqueue 4.45972 ms)
[10/06/2026-14:09:35] [I] Average on 1 runs - GPU latency: 9.54199 ms - Host latency: 9.68823 ms (enqueue 4.41553 ms)
[10/06/2026-14:09:35] [I] Average on 1 runs - GPU latency: 9.54663 ms - Host latency: 9.69092 ms (enqueue 4.39648 ms)
[10/06/2026-14:09:35] [I] Average on 1 runs - GPU latency: 9.54761 ms - Host latency: 9.69604 ms (enqueue 4.39111 ms)
[10/06/2026-14:09:35] [I] Average on 1 runs - GPU latency: 9.55054 ms - Host latency: 9.69727 ms (enqueue 4.38672 ms)
[10/06/2026-14:09:35] [I] Average on 1 runs - GPU latency: 9.55054 ms - Host latency: 9.70093 ms (enqueue 4.375 ms)
[10/06/2026-14:09:35] [I] Average on 1 runs - GPU latency: 9.5415 ms - Host latency: 9.68848 ms (enqueue 4.39673 ms)
[10/06/2026-14:09:35] [I] Average on 1 runs - GPU latency: 9.54858 ms - Host latency: 9.69702 ms (enqueue 4.38647 ms)
[10/06/2026-14:09:35] [I] Average on 1 runs - GPU latency: 9.54004 ms - Host latency: 9.69214 ms (enqueue 4.35254 ms)
[10/06/2026-14:09:35] [I] Average on 1 runs - GPU latency: 9.55566 ms - Host latency: 9.70361 ms (enqueue 4.34131 ms)
[10/06/2026-14:09:35] [I] Average on 1 runs - GPU latency: 9.56104 ms - Host latency: 9.70459 ms (enqueue 4.36182 ms)
[10/06/2026-14:09:35] [I] Average on 1 runs - GPU latency: 9.54102 ms - Host latency: 9.68848 ms (enqueue 4.4458 ms)
[10/06/2026-14:09:35] [I] Average on 1 runs - GPU latency: 9.53027 ms - Host latency: 9.67969 ms (enqueue 4.40967 ms)
[10/06/2026-14:09:35] [I] Average on 1 runs - GPU latency: 9.54102 ms - Host latency: 9.70752 ms (enqueue 4.41357 ms)
[10/06/2026-14:09:35] [I] Average on 1 runs - GPU latency: 9.53906 ms - Host latency: 9.68799 ms (enqueue 4.32812 ms)
[10/06/2026-14:09:35] [I] Average on 1 runs - GPU latency: 9.53613 ms - Host latency: 9.68262 ms (enqueue 4.39746 ms)
[10/06/2026-14:09:35] [I] Average on 1 runs - GPU latency: 9.55322 ms - Host latency: 9.69629 ms (enqueue 4.43311 ms)
[10/06/2026-14:09:35] [I] Average on 1 runs - GPU latency: 9.53613 ms - Host latency: 9.68555 ms (enqueue 4.35498 ms)
[10/06/2026-14:09:35] [I] Average on 1 runs - GPU latency: 9.57031 ms - Host latency: 9.71533 ms (enqueue 4.42578 ms)
[10/06/2026-14:09:35] [I] Average on 1 runs - GPU latency: 9.54297 ms - Host latency: 9.69043 ms (enqueue 4.38818 ms)
[10/06/2026-14:09:35] [I] Average on 1 runs - GPU latency: 9.56104 ms - Host latency: 9.70947 ms (enqueue 4.34375 ms)
[10/06/2026-14:09:35] [I] Average on 1 runs - GPU latency: 9.54004 ms - Host latency: 9.71826 ms (enqueue 4.36719 ms)
[10/06/2026-14:09:35] [I] Average on 1 runs - GPU latency: 9.54395 ms - Host latency: 9.69678 ms (enqueue 4.4375 ms)
[10/06/2026-14:09:35] [I] Average on 1 runs - GPU latency: 9.54883 ms - Host latency: 9.69678 ms (enqueue 4.42041 ms)
[10/06/2026-14:09:35] [I] Average on 1 runs - GPU latency: 9.55078 ms - Host latency: 9.69629 ms (enqueue 4.45068 ms)
[10/06/2026-14:09:35] [I] Average on 1 runs - GPU latency: 9.55664 ms - Host latency: 9.70361 ms (enqueue 4.37939 ms)
[10/06/2026-14:09:35] [I] Average on 1 runs - GPU latency: 9.54639 ms - Host latency: 9.69629 ms (enqueue 4.43555 ms)
[10/06/2026-14:09:35] [I] Average on 1 runs - GPU latency: 9.54248 ms - Host latency: 9.68945 ms (enqueue 4.45459 ms)
[10/06/2026-14:09:35] [I] Average on 1 runs - GPU latency: 9.54541 ms - Host latency: 9.69092 ms (enqueue 4.39502 ms)
[10/06/2026-14:09:35] [I] Average on 1 runs - GPU latency: 9.54492 ms - Host latency: 9.69092 ms (enqueue 4.35498 ms)
[10/06/2026-14:09:35] [I] Average on 1 runs - GPU latency: 9.55127 ms - Host latency: 9.69336 ms (enqueue 4.36572 ms)
[10/06/2026-14:09:35] [I] Average on 1 runs - GPU latency: 9.54688 ms - Host latency: 9.69336 ms (enqueue 4.41797 ms)
[10/06/2026-14:09:35] [I] Average on 1 runs - GPU latency: 9.55225 ms - Host latency: 9.69678 ms (enqueue 4.40527 ms)
[10/06/2026-14:09:35] [I] Average on 1 runs - GPU latency: 9.54932 ms - Host latency: 9.69727 ms (enqueue 4.38818 ms)
[10/06/2026-14:09:35] [I] Average on 1 runs - GPU latency: 9.55225 ms - Host latency: 9.70215 ms (enqueue 4.42627 ms)
[10/06/2026-14:09:35] [I] Average on 1 runs - GPU latency: 9.53857 ms - Host latency: 9.70557 ms (enqueue 4.25732 ms)
[10/06/2026-14:09:35] [I] Average on 1 runs - GPU latency: 9.5498 ms - Host latency: 9.69678 ms (enqueue 4.39307 ms)
[10/06/2026-14:09:35] [I] Average on 1 runs - GPU latency: 9.56152 ms - Host latency: 9.71289 ms (enqueue 4.46973 ms)
[10/06/2026-14:09:35] [I] Average on 1 runs - GPU latency: 9.54736 ms - Host latency: 9.6958 ms (enqueue 4.40674 ms)
[10/06/2026-14:09:35] [I] Average on 1 runs - GPU latency: 9.54395 ms - Host latency: 9.69287 ms (enqueue 4.36963 ms)
[10/06/2026-14:09:35] [I] Average on 1 runs - GPU latency: 9.55469 ms - Host latency: 9.70459 ms (enqueue 4.35498 ms)
[10/06/2026-14:09:35] [I] Average on 1 runs - GPU latency: 9.56201 ms - Host latency: 9.71094 ms (enqueue 4.34814 ms)
[10/06/2026-14:09:35] [I] Average on 1 runs - GPU latency: 9.55176 ms - Host latency: 9.69824 ms (enqueue 4.33252 ms)
[10/06/2026-14:09:35] [I] Average on 1 runs - GPU latency: 9.54639 ms - Host latency: 9.69238 ms (enqueue 4.34766 ms)
[10/06/2026-14:09:35] [I] Average on 1 runs - GPU latency: 9.54541 ms - Host latency: 9.69531 ms (enqueue 4.35693 ms)
[10/06/2026-14:09:35] [I] Average on 1 runs - GPU latency: 9.55859 ms - Host latency: 9.70312 ms (enqueue 4.41504 ms)
[10/06/2026-14:09:35] [I] Average on 1 runs - GPU latency: 9.53906 ms - Host latency: 9.68408 ms (enqueue 4.41748 ms)
[10/06/2026-14:09:35] [I] Average on 1 runs - GPU latency: 9.5459 ms - Host latency: 9.69629 ms (enqueue 4.37305 ms)
[10/06/2026-14:09:35] [I] Average on 1 runs - GPU latency: 9.55859 ms - Host latency: 9.7041 ms (enqueue 4.35938 ms)
[10/06/2026-14:09:35] [I] Average on 1 runs - GPU latency: 9.54736 ms - Host latency: 9.69678 ms (enqueue 4.45605 ms)
[10/06/2026-14:09:35] [I] Average on 1 runs - GPU latency: 9.54785 ms - Host latency: 9.7002 ms (enqueue 4.3833 ms)
[10/06/2026-14:09:35] [I] Average on 1 runs - GPU latency: 9.55225 ms - Host latency: 9.70215 ms (enqueue 4.3335 ms)
[10/06/2026-14:09:35] [I] Average on 1 runs - GPU latency: 9.53711 ms - Host latency: 9.68457 ms (enqueue 4.39062 ms)
[10/06/2026-14:09:35] [I] Average on 1 runs - GPU latency: 9.54688 ms - Host latency: 9.69629 ms (enqueue 4.354 ms)
[10/06/2026-14:09:35] [I] Average on 1 runs - GPU latency: 9.57617 ms - Host latency: 9.71826 ms (enqueue 4.52393 ms)
[10/06/2026-14:09:35] [I] Average on 1 runs - GPU latency: 9.55859 ms - Host latency: 9.70264 ms (enqueue 4.4248 ms)
[10/06/2026-14:09:35] [I] Average on 1 runs - GPU latency: 9.55566 ms - Host latency: 9.70312 ms (enqueue 4.22314 ms)
[10/06/2026-14:09:35] [I] Average on 1 runs - GPU latency: 9.53223 ms - Host latency: 9.67969 ms (enqueue 4.39893 ms)
[10/06/2026-14:09:35] [I] Average on 1 runs - GPU latency: 9.53223 ms - Host latency: 9.6792 ms (enqueue 4.4126 ms)
[10/06/2026-14:09:35] [I] Average on 1 runs - GPU latency: 9.55371 ms - Host latency: 9.70068 ms (enqueue 4.36816 ms)
[10/06/2026-14:09:35] [I] Average on 1 runs - GPU latency: 9.5376 ms - Host latency: 9.68359 ms (enqueue 4.40186 ms)
[10/06/2026-14:09:35] [I] Average on 1 runs - GPU latency: 9.54346 ms - Host latency: 9.69336 ms (enqueue 4.35791 ms)
[10/06/2026-14:09:35] [I] Average on 1 runs - GPU latency: 9.53955 ms - Host latency: 9.7168 ms (enqueue 4.36816 ms)
[10/06/2026-14:09:35] [I] Average on 1 runs - GPU latency: 9.54736 ms - Host latency: 9.6958 ms (enqueue 4.43262 ms)
[10/06/2026-14:09:35] [I] Average on 1 runs - GPU latency: 9.55664 ms - Host latency: 9.69971 ms (enqueue 4.44971 ms)
[10/06/2026-14:09:35] [I] Average on 1 runs - GPU latency: 9.55811 ms - Host latency: 9.71924 ms (enqueue 4.50391 ms)
[10/06/2026-14:09:35] [I] Average on 1 runs - GPU latency: 9.54199 ms - Host latency: 9.68896 ms (enqueue 4.40918 ms)
[10/06/2026-14:09:35] [I] Average on 1 runs - GPU latency: 9.55566 ms - Host latency: 9.69922 ms (enqueue 4.51953 ms)
[10/06/2026-14:09:35] [I] Average on 1 runs - GPU latency: 9.55859 ms - Host latency: 9.70215 ms (enqueue 4.38281 ms)
[10/06/2026-14:09:35] [I] Average on 1 runs - GPU latency: 9.54688 ms - Host latency: 9.69141 ms (enqueue 4.39502 ms)
[10/06/2026-14:09:35] [I] Average on 1 runs - GPU latency: 9.54492 ms - Host latency: 9.69385 ms (enqueue 4.44238 ms)
[10/06/2026-14:09:35] [I] Average on 1 runs - GPU latency: 9.54102 ms - Host latency: 9.6875 ms (enqueue 4.3916 ms)
[10/06/2026-14:09:35] [I] Average on 1 runs - GPU latency: 9.55615 ms - Host latency: 9.70654 ms (enqueue 4.49023 ms)
[10/06/2026-14:09:35] [I] Average on 1 runs - GPU latency: 9.55908 ms - Host latency: 9.70752 ms (enqueue 4.40967 ms)
[10/06/2026-14:09:35] [I] Average on 1 runs - GPU latency: 9.5459 ms - Host latency: 9.69141 ms (enqueue 4.42236 ms)
[10/06/2026-14:09:35] [I] Average on 1 runs - GPU latency: 9.5459 ms - Host latency: 9.69385 ms (enqueue 4.43652 ms)
[10/06/2026-14:09:35] [I] Average on 1 runs - GPU latency: 9.55225 ms - Host latency: 9.72803 ms (enqueue 4.45654 ms)
[10/06/2026-14:09:35] [I] Average on 1 runs - GPU latency: 9.54883 ms - Host latency: 9.69824 ms (enqueue 4.31543 ms)
[10/06/2026-14:09:35] [I] Average on 1 runs - GPU latency: 9.53516 ms - Host latency: 9.68115 ms (enqueue 4.43848 ms)
[10/06/2026-14:09:35] [I] Average on 1 runs - GPU latency: 9.55225 ms - Host latency: 9.69385 ms (enqueue 4.43896 ms)
[10/06/2026-14:09:35] [I] Average on 1 runs - GPU latency: 9.55518 ms - Host latency: 9.70459 ms (enqueue 4.41064 ms)
[10/06/2026-14:09:35] [I] Average on 1 runs - GPU latency: 9.56689 ms - Host latency: 9.71729 ms (enqueue 4.46631 ms)
[10/06/2026-14:09:35] [I] Average on 1 runs - GPU latency: 9.54883 ms - Host latency: 9.69678 ms (enqueue 4.30762 ms)
[10/06/2026-14:09:35] [I] Average on 1 runs - GPU latency: 9.55908 ms - Host latency: 9.71094 ms (enqueue 4.32617 ms)
[10/06/2026-14:09:35] [I] Average on 1 runs - GPU latency: 9.55469 ms - Host latency: 9.70166 ms (enqueue 4.40039 ms)
[10/06/2026-14:09:35] [I] Average on 1 runs - GPU latency: 9.54688 ms - Host latency: 9.69678 ms (enqueue 4.51074 ms)
[10/06/2026-14:09:35] [I] Average on 1 runs - GPU latency: 9.54541 ms - Host latency: 9.69434 ms (enqueue 4.41309 ms)
[10/06/2026-14:09:35] [I] Average on 1 runs - GPU latency: 9.54248 ms - Host latency: 9.69336 ms (enqueue 4.35547 ms)
[10/06/2026-14:09:35] [I] Average on 1 runs - GPU latency: 9.54492 ms - Host latency: 9.68701 ms (enqueue 4.40869 ms)
[10/06/2026-14:09:35] [I] Average on 1 runs - GPU latency: 9.54688 ms - Host latency: 9.69287 ms (enqueue 4.41699 ms)
[10/06/2026-14:09:35] [I] Average on 1 runs - GPU latency: 9.53809 ms - Host latency: 9.68701 ms (enqueue 4.40283 ms)
[10/06/2026-14:09:35] [I] Average on 1 runs - GPU latency: 9.54492 ms - Host latency: 9.68799 ms (enqueue 4.44092 ms)
[10/06/2026-14:09:35] [I] Average on 1 runs - GPU latency: 9.53662 ms - Host latency: 9.68311 ms (enqueue 4.40771 ms)
[10/06/2026-14:09:35] [I] ... Omitting 1172 lines
[10/06/2026-14:09:35] [I] Average on 1 runs - GPU latency: 9.54883 ms - Host latency: 9.69727 ms (enqueue 4.35156 ms)
[10/06/2026-14:09:35] [I] Average on 1 runs - GPU latency: 9.55957 ms - Host latency: 9.70508 ms (enqueue 4.35645 ms)
[10/06/2026-14:09:35] [I] Average on 1 runs - GPU latency: 9.55176 ms - Host latency: 9.69629 ms (enqueue 4.44727 ms)
[10/06/2026-14:09:35] [I] Average on 1 runs - GPU latency: 9.54297 ms - Host latency: 9.69043 ms (enqueue 4.37793 ms)
[10/06/2026-14:09:35] [I] Average on 1 runs - GPU latency: 9.54883 ms - Host latency: 9.69727 ms (enqueue 4.36523 ms)
[10/06/2026-14:09:35] [I] Average on 1 runs - GPU latency: 9.5459 ms - Host latency: 9.69434 ms (enqueue 4.31836 ms)
[10/06/2026-14:09:35] [I] Average on 1 runs - GPU latency: 9.5498 ms - Host latency: 9.69629 ms (enqueue 4.35059 ms)
[10/06/2026-14:09:35] [I] Average on 1 runs - GPU latency: 9.54883 ms - Host latency: 9.69434 ms (enqueue 4.30957 ms)
[10/06/2026-14:09:35] [I] Average on 1 runs - GPU latency: 9.54883 ms - Host latency: 9.69434 ms (enqueue 4.43066 ms)
[10/06/2026-14:09:35] [I] Average on 1 runs - GPU latency: 9.54199 ms - Host latency: 9.6875 ms (enqueue 4.375 ms)
[10/06/2026-14:09:35] [I] Average on 1 runs - GPU latency: 9.54688 ms - Host latency: 9.69922 ms (enqueue 4.36621 ms)
[10/06/2026-14:09:35] [I] Average on 1 runs - GPU latency: 9.55176 ms - Host latency: 9.69434 ms (enqueue 4.34863 ms)
[10/06/2026-14:09:35] [I] Average on 1 runs - GPU latency: 9.5332 ms - Host latency: 9.67773 ms (enqueue 4.32617 ms)
[10/06/2026-14:09:35] [I] Average on 1 runs - GPU latency: 9.55664 ms - Host latency: 9.70215 ms (enqueue 4.44629 ms)
[10/06/2026-14:09:35] [I] Average on 1 runs - GPU latency: 9.54102 ms - Host latency: 9.68555 ms (enqueue 4.41016 ms)
[10/06/2026-14:09:35] [I] Average on 1 runs - GPU latency: 9.55664 ms - Host latency: 9.70605 ms (enqueue 4.37012 ms)
[10/06/2026-14:09:35] [I] Average on 1 runs - GPU latency: 9.5459 ms - Host latency: 9.69434 ms (enqueue 4.3584 ms)
[10/06/2026-14:09:35] [I] Average on 1 runs - GPU latency: 9.54883 ms - Host latency: 9.69141 ms (enqueue 4.38379 ms)
[10/06/2026-14:09:35] [I] Average on 1 runs - GPU latency: 9.54883 ms - Host latency: 9.69727 ms (enqueue 4.41016 ms)
[10/06/2026-14:09:35] [I] Average on 1 runs - GPU latency: 9.55664 ms - Host latency: 9.70703 ms (enqueue 4.3291 ms)
[10/06/2026-14:09:35] [I] Average on 1 runs - GPU latency: 9.55957 ms - Host latency: 9.70508 ms (enqueue 4.39648 ms)
[10/06/2026-14:09:35] [I] Average on 1 runs - GPU latency: 9.54883 ms - Host latency: 9.69434 ms (enqueue 4.3125 ms)
[10/06/2026-14:09:35] [I] Average on 1 runs - GPU latency: 9.55664 ms - Host latency: 9.70605 ms (enqueue 4.39453 ms)
[10/06/2026-14:09:35] [I] Average on 1 runs - GPU latency: 9.55371 ms - Host latency: 9.70215 ms (enqueue 4.3584 ms)
[10/06/2026-14:09:35] [I] Average on 1 runs - GPU latency: 9.54395 ms - Host latency: 9.69531 ms (enqueue 4.2998 ms)
[10/06/2026-14:09:35] [I] Average on 1 runs - GPU latency: 9.55957 ms - Host latency: 9.70996 ms (enqueue 4.42773 ms)
[10/06/2026-14:09:35] [I] Average on 1 runs - GPU latency: 9.55176 ms - Host latency: 9.7002 ms (enqueue 4.45215 ms)
[10/06/2026-14:09:35] [I] Average on 1 runs - GPU latency: 9.54883 ms - Host latency: 9.7168 ms (enqueue 4.39551 ms)
[10/06/2026-14:09:35] [I] Average on 1 runs - GPU latency: 9.55176 ms - Host latency: 9.69531 ms (enqueue 4.45996 ms)
[10/06/2026-14:09:35] [I] Average on 1 runs - GPU latency: 9.53906 ms - Host latency: 9.68457 ms (enqueue 4.34473 ms)
[10/06/2026-14:09:35] [I] Average on 1 runs - GPU latency: 9.53906 ms - Host latency: 9.67871 ms (enqueue 4.37598 ms)
[10/06/2026-14:09:35] [I] Average on 1 runs - GPU latency: 9.54492 ms - Host latency: 9.68945 ms (enqueue 4.33789 ms)
[10/06/2026-14:09:35] [I] Average on 1 runs - GPU latency: 9.54688 ms - Host latency: 9.69336 ms (enqueue 4.36914 ms)
[10/06/2026-14:09:35] [I] Average on 1 runs - GPU latency: 9.54883 ms - Host latency: 9.69727 ms (enqueue 4.35938 ms)
[10/06/2026-14:09:35] [I] Average on 1 runs - GPU latency: 9.54297 ms - Host latency: 9.68945 ms (enqueue 4.38477 ms)
[10/06/2026-14:09:35] [I] Average on 1 runs - GPU latency: 9.55859 ms - Host latency: 9.70117 ms (enqueue 4.4375 ms)
[10/06/2026-14:09:35] [I] Average on 1 runs - GPU latency: 9.55078 ms - Host latency: 9.70312 ms (enqueue 4.34375 ms)
[10/06/2026-14:09:35] [I] Average on 1 runs - GPU latency: 9.56055 ms - Host latency: 9.70703 ms (enqueue 4.34375 ms)
[10/06/2026-14:09:35] [I] Average on 1 runs - GPU latency: 9.5332 ms - Host latency: 9.67773 ms (enqueue 4.38867 ms)
[10/06/2026-14:09:35] [I] Average on 1 runs - GPU latency: 9.55469 ms - Host latency: 9.70312 ms (enqueue 4.375 ms)
[10/06/2026-14:09:35] [I] Average on 1 runs - GPU latency: 9.53906 ms - Host latency: 9.6875 ms (enqueue 4.34961 ms)
[10/06/2026-14:09:35] [I] Average on 1 runs - GPU latency: 9.53906 ms - Host latency: 9.68359 ms (enqueue 4.32812 ms)
[10/06/2026-14:09:35] [I] Average on 1 runs - GPU latency: 9.53516 ms - Host latency: 9.68555 ms (enqueue 4.34766 ms)
[10/06/2026-14:09:35] [I] Average on 1 runs - GPU latency: 9.55664 ms - Host latency: 9.69922 ms (enqueue 4.31836 ms)
[10/06/2026-14:09:35] [I] Average on 1 runs - GPU latency: 9.55078 ms - Host latency: 9.70312 ms (enqueue 4.4707 ms)
[10/06/2026-14:09:35] [I] Average on 1 runs - GPU latency: 9.56055 ms - Host latency: 9.70703 ms (enqueue 4.33008 ms)
[10/06/2026-14:09:35] [I] Average on 1 runs - GPU latency: 9.54492 ms - Host latency: 9.69336 ms (enqueue 4.32617 ms)
[10/06/2026-14:09:35] [I] Average on 1 runs - GPU latency: 9.55078 ms - Host latency: 9.70312 ms (enqueue 4.37891 ms)
[10/06/2026-14:09:35] [I] Average on 1 runs - GPU latency: 9.54297 ms - Host latency: 9.69141 ms (enqueue 4.34961 ms)
[10/06/2026-14:09:35] [I] Average on 1 runs - GPU latency: 9.55859 ms - Host latency: 9.69727 ms (enqueue 4.3457 ms)
[10/06/2026-14:09:35] [I] Average on 1 runs - GPU latency: 9.55664 ms - Host latency: 9.70117 ms (enqueue 4.30078 ms)
[10/06/2026-14:09:35] [I] Average on 1 runs - GPU latency: 9.55078 ms - Host latency: 9.69531 ms (enqueue 4.39062 ms)
[10/06/2026-14:09:35] [I] Average on 1 runs - GPU latency: 9.55273 ms - Host latency: 9.69922 ms (enqueue 4.35938 ms)
[10/06/2026-14:09:35] [I] Average on 1 runs - GPU latency: 9.54492 ms - Host latency: 9.68945 ms (enqueue 4.43359 ms)
[10/06/2026-14:09:35] [I] Average on 1 runs - GPU latency: 9.53906 ms - Host latency: 9.68359 ms (enqueue 4.35352 ms)
[10/06/2026-14:09:35] [I] Average on 1 runs - GPU latency: 9.54688 ms - Host latency: 9.69336 ms (enqueue 4.3457 ms)
[10/06/2026-14:09:35] [I] Average on 1 runs - GPU latency: 9.55664 ms - Host latency: 9.69922 ms (enqueue 4.43164 ms)
[10/06/2026-14:09:35] [I] Average on 1 runs - GPU latency: 9.54688 ms - Host latency: 9.71289 ms (enqueue 4.33984 ms)
[10/06/2026-14:09:35] [I] Average on 1 runs - GPU latency: 9.53516 ms - Host latency: 9.67969 ms (enqueue 4.39453 ms)
[10/06/2026-14:09:35] [I] Average on 1 runs - GPU latency: 9.54688 ms - Host latency: 9.69727 ms (enqueue 4.44727 ms)
[10/06/2026-14:09:35] [I] Average on 1 runs - GPU latency: 9.55078 ms - Host latency: 9.69922 ms (enqueue 4.39258 ms)
[10/06/2026-14:09:35] [I] Average on 1 runs - GPU latency: 9.55859 ms - Host latency: 9.71289 ms (enqueue 4.35938 ms)
[10/06/2026-14:09:35] [I] Average on 1 runs - GPU latency: 9.54883 ms - Host latency: 9.69727 ms (enqueue 4.40625 ms)
[10/06/2026-14:09:35] [I] Average on 1 runs - GPU latency: 9.55664 ms - Host latency: 9.69922 ms (enqueue 4.31055 ms)
[10/06/2026-14:09:35] [I] Average on 1 runs - GPU latency: 9.55469 ms - Host latency: 9.70508 ms (enqueue 4.37891 ms)
[10/06/2026-14:09:35] [I] Average on 1 runs - GPU latency: 9.54102 ms - Host latency: 9.69141 ms (enqueue 4.37695 ms)
[10/06/2026-14:09:35] [I] Average on 1 runs - GPU latency: 9.54297 ms - Host latency: 9.68555 ms (enqueue 4.26172 ms)
[10/06/2026-14:09:35] [I] Average on 1 runs - GPU latency: 9.54492 ms - Host latency: 9.69141 ms (enqueue 4.34375 ms)
[10/06/2026-14:09:35] [I] Average on 1 runs - GPU latency: 9.55469 ms - Host latency: 9.71875 ms (enqueue 4.46484 ms)
[10/06/2026-14:09:35] [I] Average on 1 runs - GPU latency: 9.54492 ms - Host latency: 9.68945 ms (enqueue 4.33203 ms)
[10/06/2026-14:09:35] [I] Average on 1 runs - GPU latency: 9.55664 ms - Host latency: 9.70117 ms (enqueue 4.35156 ms)
[10/06/2026-14:09:35] [I] Average on 1 runs - GPU latency: 9.54102 ms - Host latency: 9.69141 ms (enqueue 4.31836 ms)
[10/06/2026-14:09:35] [I] Average on 1 runs - GPU latency: 9.54883 ms - Host latency: 9.69727 ms (enqueue 4.38867 ms)
[10/06/2026-14:09:35] [I] Average on 1 runs - GPU latency: 9.53711 ms - Host latency: 9.68359 ms (enqueue 4.39062 ms)
[10/06/2026-14:09:35] [I] Average on 1 runs - GPU latency: 9.55664 ms - Host latency: 9.70312 ms (enqueue 4.46875 ms)
[10/06/2026-14:09:35] [I] Average on 1 runs - GPU latency: 9.55469 ms - Host latency: 9.70508 ms (enqueue 4.34766 ms)
[10/06/2026-14:09:35] [I] Average on 1 runs - GPU latency: 9.54492 ms - Host latency: 9.69141 ms (enqueue 4.35156 ms)
[10/06/2026-14:09:35] [I] Average on 1 runs - GPU latency: 9.53516 ms - Host latency: 9.68359 ms (enqueue 4.39453 ms)
[10/06/2026-14:09:35] [I] Average on 1 runs - GPU latency: 9.53711 ms - Host latency: 9.67773 ms (enqueue 4.39258 ms)
[10/06/2026-14:09:35] [I] Average on 1 runs - GPU latency: 9.55078 ms - Host latency: 9.69727 ms (enqueue 4.36914 ms)
[10/06/2026-14:09:35] [I] Average on 1 runs - GPU latency: 9.53516 ms - Host latency: 9.67578 ms (enqueue 4.4375 ms)
[10/06/2026-14:09:35] [I] Average on 1 runs - GPU latency: 9.56055 ms - Host latency: 9.71484 ms (enqueue 4.40039 ms)
[10/06/2026-14:09:35] [I] Average on 1 runs - GPU latency: 9.55078 ms - Host latency: 9.69531 ms (enqueue 4.3457 ms)
[10/06/2026-14:09:35] [I] Average on 1 runs - GPU latency: 9.54297 ms - Host latency: 9.69336 ms (enqueue 4.42578 ms)
[10/06/2026-14:09:35] [I] Average on 1 runs - GPU latency: 9.54883 ms - Host latency: 9.69531 ms (enqueue 4.36328 ms)
[10/06/2026-14:09:35] [I] Average on 1 runs - GPU latency: 9.53516 ms - Host latency: 9.67969 ms (enqueue 4.35352 ms)
[10/06/2026-14:09:35] [I] Average on 1 runs - GPU latency: 9.54688 ms - Host latency: 9.69727 ms (enqueue 4.40234 ms)
[10/06/2026-14:09:35] [I] Average on 1 runs - GPU latency: 9.54492 ms - Host latency: 9.69531 ms (enqueue 4.34375 ms)
[10/06/2026-14:09:35] [I] Average on 1 runs - GPU latency: 9.54102 ms - Host latency: 9.68555 ms (enqueue 4.36914 ms)
[10/06/2026-14:09:35] [I] Average on 1 runs - GPU latency: 9.53516 ms - Host latency: 9.68359 ms (enqueue 4.38086 ms)
[10/06/2026-14:09:35] [I] Average on 1 runs - GPU latency: 9.55664 ms - Host latency: 9.70312 ms (enqueue 4.4043 ms)
[10/06/2026-14:09:35] [I] Average on 1 runs - GPU latency: 9.55469 ms - Host latency: 9.70117 ms (enqueue 4.38086 ms)
[10/06/2026-14:09:35] [I] Average on 1 runs - GPU latency: 9.55078 ms - Host latency: 9.69531 ms (enqueue 4.32617 ms)
[10/06/2026-14:09:35] [I] Average on 1 runs - GPU latency: 9.54297 ms - Host latency: 9.69531 ms (enqueue 4.32227 ms)
[10/06/2026-14:09:35] [I] Average on 1 runs - GPU latency: 9.55664 ms - Host latency: 9.70117 ms (enqueue 4.36133 ms)
[10/06/2026-14:09:35] [I] Average on 1 runs - GPU latency: 9.53516 ms - Host latency: 9.67969 ms (enqueue 4.40625 ms)
[10/06/2026-14:09:35] [I] Average on 1 runs - GPU latency: 9.56445 ms - Host latency: 9.71289 ms (enqueue 4.38672 ms)
[10/06/2026-14:09:35] [I] Average on 1 runs - GPU latency: 9.55273 ms - Host latency: 9.70117 ms (enqueue 4.32617 ms)
[10/06/2026-14:09:35] [I] Average on 1 runs - GPU latency: 9.54688 ms - Host latency: 9.69141 ms (enqueue 4.42773 ms)
[10/06/2026-14:09:35] [I] Average on 1 runs - GPU latency: 9.55469 ms - Host latency: 9.70703 ms (enqueue 4.41211 ms)
[10/06/2026-14:09:35] [I] Average on 1 runs - GPU latency: 9.55469 ms - Host latency: 9.70312 ms (enqueue 4.43164 ms)
[10/06/2026-14:09:35] [I] Average on 1 runs - GPU latency: 9.55078 ms - Host latency: 9.69336 ms (enqueue 4.36523 ms)
[10/06/2026-14:09:35] [I] Average on 1 runs - GPU latency: 9.53906 ms - Host latency: 9.68164 ms (enqueue 4.37891 ms)
[10/06/2026-14:09:35] [I] Average on 1 runs - GPU latency: 9.54492 ms - Host latency: 9.6875 ms (enqueue 4.40234 ms)
[10/06/2026-14:09:35] [I] Average on 1 runs - GPU latency: 9.53711 ms - Host latency: 9.68164 ms (enqueue 4.42773 ms)
[10/06/2026-14:09:35] [I] Average on 1 runs - GPU latency: 9.54297 ms - Host latency: 9.68945 ms (enqueue 4.42578 ms)
[10/06/2026-14:09:35] [I] Average on 1 runs - GPU latency: 9.54492 ms - Host latency: 9.69141 ms (enqueue 4.37891 ms)
[10/06/2026-14:09:35] [I] Average on 1 runs - GPU latency: 9.55469 ms - Host latency: 9.70703 ms (enqueue 4.43164 ms)
[10/06/2026-14:09:35] [I] Average on 1 runs - GPU latency: 9.53906 ms - Host latency: 9.68945 ms (enqueue 4.33594 ms)
[10/06/2026-14:09:35] [I] Average on 1 runs - GPU latency: 9.5332 ms - Host latency: 9.71875 ms (enqueue 4.41992 ms)
[10/06/2026-14:09:35] [I] Average on 1 runs - GPU latency: 9.53906 ms - Host latency: 9.68945 ms (enqueue 4.43359 ms)
[10/06/2026-14:09:35] [I] Average on 1 runs - GPU latency: 9.55273 ms - Host latency: 9.70312 ms (enqueue 4.4043 ms)
[10/06/2026-14:09:35] [I] Average on 1 runs - GPU latency: 9.56445 ms - Host latency: 9.71094 ms (enqueue 4.36328 ms)
[10/06/2026-14:09:35] [I] Average on 1 runs - GPU latency: 9.54297 ms - Host latency: 9.69336 ms (enqueue 4.29297 ms)
[10/06/2026-14:09:35] [I] Average on 1 runs - GPU latency: 9.54883 ms - Host latency: 9.69922 ms (enqueue 4.39453 ms)
[10/06/2026-14:09:35] [I] Average on 1 runs - GPU latency: 9.54883 ms - Host latency: 9.69727 ms (enqueue 4.3457 ms)
[10/06/2026-14:09:35] [I] Average on 1 runs - GPU latency: 9.54688 ms - Host latency: 9.69336 ms (enqueue 4.41602 ms)
[10/06/2026-14:09:35] [I] Average on 1 runs - GPU latency: 9.54297 ms - Host latency: 9.68945 ms (enqueue 4.37305 ms)
[10/06/2026-14:09:35] [I] Average on 1 runs - GPU latency: 9.56641 ms - Host latency: 9.7168 ms (enqueue 4.32812 ms)
[10/06/2026-14:09:35] [I] Average on 1 runs - GPU latency: 9.55859 ms - Host latency: 9.70312 ms (enqueue 4.41211 ms)
[10/06/2026-14:09:35] [I] Average on 1 runs - GPU latency: 9.54297 ms - Host latency: 9.6875 ms (enqueue 4.38281 ms)
[10/06/2026-14:09:35] [I] Average on 1 runs - GPU latency: 9.55859 ms - Host latency: 9.70898 ms (enqueue 4.3418 ms)
[10/06/2026-14:09:35] [I] Average on 1 runs - GPU latency: 9.53516 ms - Host latency: 9.68359 ms (enqueue 4.36133 ms)
[10/06/2026-14:09:35] [I] Average on 1 runs - GPU latency: 9.55078 ms - Host latency: 9.69922 ms (enqueue 4.38086 ms)
[10/06/2026-14:09:35] [I] Average on 1 runs - GPU latency: 9.57422 ms - Host latency: 9.72656 ms (enqueue 4.29297 ms)
[10/06/2026-14:09:35] [I] Average on 1 runs - GPU latency: 9.54883 ms - Host latency: 9.69531 ms (enqueue 4.37305 ms)
[10/06/2026-14:09:35] [I] Average on 1 runs - GPU latency: 9.54492 ms - Host latency: 9.68945 ms (enqueue 4.39062 ms)
[10/06/2026-14:09:35] [I] Average on 1 runs - GPU latency: 9.53516 ms - Host latency: 9.6875 ms (enqueue 4.36719 ms)
[10/06/2026-14:09:35] [I] Average on 1 runs - GPU latency: 9.55469 ms - Host latency: 9.70703 ms (enqueue 4.42578 ms)
[10/06/2026-14:09:35] [I] Average on 1 runs - GPU latency: 9.54102 ms - Host latency: 9.6875 ms (enqueue 4.48828 ms)
[10/06/2026-14:09:35] [I] Average on 1 runs - GPU latency: 9.54883 ms - Host latency: 9.69531 ms (enqueue 4.39062 ms)
[10/06/2026-14:09:35] [I] Average on 1 runs - GPU latency: 9.54102 ms - Host latency: 9.69141 ms (enqueue 4.42578 ms)
[10/06/2026-14:09:35] [I] Average on 1 runs - GPU latency: 9.55273 ms - Host latency: 9.70117 ms (enqueue 4.41602 ms)
[10/06/2026-14:09:35] [I] Average on 1 runs - GPU latency: 9.54297 ms - Host latency: 9.68945 ms (enqueue 4.36719 ms)
[10/06/2026-14:09:35] [I] Average on 1 runs - GPU latency: 9.54102 ms - Host latency: 9.6875 ms (enqueue 4.24609 ms)
[10/06/2026-14:09:35] [I] Average on 1 runs - GPU latency: 9.54883 ms - Host latency: 9.69336 ms (enqueue 4.34961 ms)
[10/06/2026-14:09:35] [I] Average on 1 runs - GPU latency: 9.54492 ms - Host latency: 9.71094 ms (enqueue 4.38867 ms)
[10/06/2026-14:09:35] [I] Average on 1 runs - GPU latency: 9.55273 ms - Host latency: 9.70117 ms (enqueue 4.39453 ms)
[10/06/2026-14:09:35] [I] Average on 1 runs - GPU latency: 9.54883 ms - Host latency: 9.69336 ms (enqueue 4.38867 ms)
[10/06/2026-14:09:35] [I] Average on 1 runs - GPU latency: 9.55078 ms - Host latency: 9.70117 ms (enqueue 4.33594 ms)
[10/06/2026-14:09:35] [I] Average on 1 runs - GPU latency: 9.53711 ms - Host latency: 9.6875 ms (enqueue 4.41602 ms)
[10/06/2026-14:09:35] [I] Average on 1 runs - GPU latency: 9.55859 ms - Host latency: 9.71094 ms (enqueue 4.39844 ms)
[10/06/2026-14:09:35] [I] Average on 1 runs - GPU latency: 9.54883 ms - Host latency: 9.69531 ms (enqueue 4.41602 ms)
[10/06/2026-14:09:35] [I] Average on 1 runs - GPU latency: 9.55078 ms - Host latency: 9.69727 ms (enqueue 4.42773 ms)
[10/06/2026-14:09:35] [I] Average on 1 runs - GPU latency: 9.54102 ms - Host latency: 9.68945 ms (enqueue 4.35352 ms)
[10/06/2026-14:09:35] [I] Average on 1 runs - GPU latency: 9.54688 ms - Host latency: 9.69922 ms (enqueue 4.37891 ms)
[10/06/2026-14:09:35] [I] Average on 1 runs - GPU latency: 9.53516 ms - Host latency: 9.67969 ms (enqueue 4.42188 ms)
[10/06/2026-14:09:35] [I] Average on 1 runs - GPU latency: 9.55078 ms - Host latency: 9.69727 ms (enqueue 4.37305 ms)
[10/06/2026-14:09:35] [I] Average on 1 runs - GPU latency: 9.55469 ms - Host latency: 9.70312 ms (enqueue 4.35547 ms)
[10/06/2026-14:09:35] [I] Average on 1 runs - GPU latency: 9.55078 ms - Host latency: 9.69727 ms (enqueue 4.37109 ms)
[10/06/2026-14:09:35] [I] Average on 1 runs - GPU latency: 9.55078 ms - Host latency: 9.72656 ms (enqueue 4.30078 ms)
[10/06/2026-14:09:35] [I] Average on 1 runs - GPU latency: 9.55078 ms - Host latency: 9.70117 ms (enqueue 4.39258 ms)
[10/06/2026-14:09:35] [I] Average on 1 runs - GPU latency: 9.54102 ms - Host latency: 9.68945 ms (enqueue 4.35156 ms)
[10/06/2026-14:09:35] [I] Average on 1 runs - GPU latency: 9.54883 ms - Host latency: 9.69727 ms (enqueue 4.34375 ms)
[10/06/2026-14:09:35] [I] Average on 1 runs - GPU latency: 9.54492 ms - Host latency: 9.68359 ms (enqueue 4.33789 ms)
[10/06/2026-14:09:35] [I] Average on 1 runs - GPU latency: 9.53711 ms - Host latency: 9.68555 ms (enqueue 4.29492 ms)
[10/06/2026-14:09:35] [I] Average on 1 runs - GPU latency: 9.54492 ms - Host latency: 9.69336 ms (enqueue 4.40039 ms)
[10/06/2026-14:09:35] [I] Average on 1 runs - GPU latency: 9.53711 ms - Host latency: 9.68359 ms (enqueue 4.38672 ms)
[10/06/2026-14:09:35] [I] Average on 1 runs - GPU latency: 9.53906 ms - Host latency: 9.68359 ms (enqueue 4.35352 ms)
[10/06/2026-14:09:35] [I] Average on 1 runs - GPU latency: 9.54883 ms - Host latency: 9.70703 ms (enqueue 4.39062 ms)
[10/06/2026-14:09:35] [I] Average on 1 runs - GPU latency: 9.55664 ms - Host latency: 9.70312 ms (enqueue 4.33398 ms)
[10/06/2026-14:09:35] [I] Average on 1 runs - GPU latency: 9.55469 ms - Host latency: 9.69922 ms (enqueue 4.39453 ms)
[10/06/2026-14:09:35] [I] Average on 1 runs - GPU latency: 9.54688 ms - Host latency: 9.69141 ms (enqueue 4.36523 ms)
[10/06/2026-14:09:35] [I] Average on 1 runs - GPU latency: 9.55078 ms - Host latency: 9.69531 ms (enqueue 4.36328 ms)
[10/06/2026-14:09:35] [I] Average on 1 runs - GPU latency: 9.53906 ms - Host latency: 9.68555 ms (enqueue 4.35352 ms)
[10/06/2026-14:09:35] [I] Average on 1 runs - GPU latency: 9.5332 ms - Host latency: 9.67383 ms (enqueue 4.40234 ms)
[10/06/2026-14:09:35] [I] Average on 1 runs - GPU latency: 9.54688 ms - Host latency: 9.69727 ms (enqueue 4.39844 ms)
[10/06/2026-14:09:35] [I] Average on 1 runs - GPU latency: 9.56641 ms - Host latency: 9.71875 ms (enqueue 4.45898 ms)
[10/06/2026-14:09:35] [I] Average on 1 runs - GPU latency: 9.55078 ms - Host latency: 9.69922 ms (enqueue 4.35938 ms)
[10/06/2026-14:09:35] [I] Average on 1 runs - GPU latency: 9.54492 ms - Host latency: 9.68945 ms (enqueue 4.41016 ms)
[10/06/2026-14:09:35] [I] Average on 1 runs - GPU latency: 9.55078 ms - Host latency: 9.69727 ms (enqueue 4.40625 ms)
[10/06/2026-14:09:35] [I] Average on 1 runs - GPU latency: 9.53711 ms - Host latency: 9.68164 ms (enqueue 4.35547 ms)
[10/06/2026-14:09:35] [I] Average on 1 runs - GPU latency: 9.55273 ms - Host latency: 9.70117 ms (enqueue 4.38867 ms)
[10/06/2026-14:09:35] [I] Average on 1 runs - GPU latency: 9.55078 ms - Host latency: 9.70117 ms (enqueue 4.40234 ms)
[10/06/2026-14:09:35] [I] Average on 1 runs - GPU latency: 9.54883 ms - Host latency: 9.70117 ms (enqueue 4.4375 ms)
[10/06/2026-14:09:35] [I] Average on 1 runs - GPU latency: 9.54297 ms - Host latency: 9.68359 ms (enqueue 4.41797 ms)
[10/06/2026-14:09:35] [I] Average on 1 runs - GPU latency: 9.54492 ms - Host latency: 9.69727 ms (enqueue 4.36719 ms)
[10/06/2026-14:09:35] [I] Average on 1 runs - GPU latency: 9.53906 ms - Host latency: 9.70312 ms (enqueue 4.39453 ms)
[10/06/2026-14:09:35] [I] Average on 1 runs - GPU latency: 9.54883 ms - Host latency: 9.69336 ms (enqueue 4.36523 ms)
[10/06/2026-14:09:35] [I] Average on 1 runs - GPU latency: 9.56641 ms - Host latency: 9.71484 ms (enqueue 4.39844 ms)
[10/06/2026-14:09:35] [I] Average on 1 runs - GPU latency: 9.54883 ms - Host latency: 9.69727 ms (enqueue 4.33008 ms)
[10/06/2026-14:09:35] [I] Average on 1 runs - GPU latency: 9.54688 ms - Host latency: 9.69336 ms (enqueue 4.28711 ms)
[10/06/2026-14:09:35] [I] Average on 1 runs - GPU latency: 9.55078 ms - Host latency: 9.69727 ms (enqueue 4.33789 ms)
[10/06/2026-14:09:35] [I] Average on 1 runs - GPU latency: 9.54688 ms - Host latency: 9.69141 ms (enqueue 4.36328 ms)
[10/06/2026-14:09:35] [I] Average on 1 runs - GPU latency: 9.55859 ms - Host latency: 9.70312 ms (enqueue 4.33789 ms)
[10/06/2026-14:09:35] [I] Average on 1 runs - GPU latency: 9.53711 ms - Host latency: 9.6875 ms (enqueue 4.41797 ms)
[10/06/2026-14:09:35] [I] Average on 1 runs - GPU latency: 9.54688 ms - Host latency: 9.69141 ms (enqueue 4.38281 ms)
[10/06/2026-14:09:35] [I] Average on 1 runs - GPU latency: 9.56055 ms - Host latency: 9.70508 ms (enqueue 4.36914 ms)
[10/06/2026-14:09:35] [I] Average on 1 runs - GPU latency: 9.56055 ms - Host latency: 9.70508 ms (enqueue 4.36133 ms)
[10/06/2026-14:09:35] [I] Average on 1 runs - GPU latency: 9.53516 ms - Host latency: 9.68359 ms (enqueue 4.4082 ms)
[10/06/2026-14:09:35] [I] Average on 1 runs - GPU latency: 9.54492 ms - Host latency: 9.69922 ms (enqueue 4.40039 ms)
[10/06/2026-14:09:35] [I] Average on 1 runs - GPU latency: 9.54492 ms - Host latency: 9.71484 ms (enqueue 4.42383 ms)
[10/06/2026-14:09:35] [I] Average on 1 runs - GPU latency: 9.54492 ms - Host latency: 9.68945 ms (enqueue 4.32227 ms)
[10/06/2026-14:09:35] [I] Average on 1 runs - GPU latency: 9.55469 ms - Host latency: 9.70312 ms (enqueue 4.34961 ms)
[10/06/2026-14:09:35] [I] Average on 1 runs - GPU latency: 9.53906 ms - Host latency: 9.6875 ms (enqueue 4.4043 ms)
[10/06/2026-14:09:35] [I] Average on 1 runs - GPU latency: 9.55469 ms - Host latency: 9.70508 ms (enqueue 4.36133 ms)
[10/06/2026-14:09:35] [I] Average on 1 runs - GPU latency: 9.55469 ms - Host latency: 9.70312 ms (enqueue 4.39453 ms)
[10/06/2026-14:09:35] [I] Average on 1 runs - GPU latency: 9.53516 ms - Host latency: 9.67773 ms (enqueue 4.31641 ms)
[10/06/2026-14:09:35] [I] Average on 1 runs - GPU latency: 9.55469 ms - Host latency: 9.70312 ms (enqueue 4.38086 ms)
[10/06/2026-14:09:35] [I] Average on 1 runs - GPU latency: 9.5293 ms - Host latency: 9.67383 ms (enqueue 4.3457 ms)
[10/06/2026-14:09:35] [I] Average on 1 runs - GPU latency: 9.50781 ms - Host latency: 9.64648 ms (enqueue 4.39258 ms)
[10/06/2026-14:09:35] [I] 
[10/06/2026-14:09:35] [I] === Performance summary ===
[10/06/2026-14:09:35] [I] Throughput: 104.611 qps
[10/06/2026-14:09:35] [I] Latency: min = 9.64648 ms, max = 9.76978 ms, mean = 9.69635 ms, median = 9.69531 ms, percentile(90%) = 9.70703 ms, percentile(95%) = 9.71289 ms, percentile(99%) = 9.72852 ms
[10/06/2026-14:09:35] [I] Enqueue Time: min = 4.20117 ms, max = 4.59717 ms, mean = 4.37945 ms, median = 4.38184 ms, percentile(90%) = 4.4375 ms, percentile(95%) = 4.45605 ms, percentile(99%) = 4.49414 ms
[10/06/2026-14:09:35] [I] H2D Latency: min = 0.129883 ms, max = 0.203125 ms, mean = 0.138663 ms, median = 0.137695 ms, percentile(90%) = 0.141602 ms, percentile(95%) = 0.14502 ms, percentile(99%) = 0.167969 ms
[10/06/2026-14:09:35] [I] GPU Compute Time: min = 9.50781 ms, max = 9.57617 ms, mean = 9.54785 ms, median = 9.54785 ms, percentile(90%) = 9.55762 ms, percentile(95%) = 9.56006 ms, percentile(99%) = 9.56641 ms
[10/06/2026-14:09:35] [I] D2H Latency: min = 0.00585938 ms, max = 0.0117188 ms, mean = 0.00983582 ms, median = 0.00976562 ms, percentile(90%) = 0.0107422 ms, percentile(95%) = 0.0117188 ms, percentile(99%) = 0.0117188 ms
[10/06/2026-14:09:35] [I] Total Host Walltime: 15.0271 s
[10/06/2026-14:09:35] [I] Total GPU Compute Time: 15.0092 s
[10/06/2026-14:09:35] [I] Explanations of the performance metrics are printed in the verbose logs.
[10/06/2026-14:09:35] [I] 
&&&& PASSED TensorRT.trtexec [TensorRT v100300] # /usr/src/tensorrt/bin/trtexec --loadEngine=/tmp/yolo26n_84172_uint8_fp16_opt3.engine --warmUp=3000 --duration=15 --idleTime=0 --avgRuns=1
