&&&& RUNNING TensorRT.trtexec [TensorRT v100300] # /usr/src/tensorrt/bin/trtexec --loadEngine=/tmp/yolo26n_84172_uint8_fp16_opt3.engine --warmUp=3000 --duration=15 --idleTime=16 --avgRuns=1
[10/04/2026-22:02:53] [I] === Model Options ===
[10/04/2026-22:02:53] [I] Format: *
[10/04/2026-22:02:53] [I] Model: 
[10/04/2026-22:02:53] [I] Output:
[10/04/2026-22:02:53] [I] 
[10/04/2026-22:02:53] [I] === System Options ===
[10/04/2026-22:02:53] [I] Device: 0
[10/04/2026-22:02:53] [I] DLACore: 
[10/04/2026-22:02:53] [I] Plugins:
[10/04/2026-22:02:53] [I] setPluginsToSerialize:
[10/04/2026-22:02:53] [I] dynamicPlugins:
[10/04/2026-22:02:53] [I] ignoreParsedPluginLibs: 0
[10/04/2026-22:02:53] [I] 
[10/04/2026-22:02:53] [I] === Inference Options ===
[10/04/2026-22:02:53] [I] Batch: Explicit
[10/04/2026-22:02:53] [I] Input inference shapes: model
[10/04/2026-22:02:53] [I] Iterations: 10
[10/04/2026-22:02:53] [I] Duration: 15s (+ 3000ms warm up)
[10/04/2026-22:02:53] [I] Sleep time: 0ms
[10/04/2026-22:02:53] [I] Idle time: 16ms
[10/04/2026-22:02:53] [I] Inference Streams: 1
[10/04/2026-22:02:53] [I] ExposeDMA: Disabled
[10/04/2026-22:02:53] [I] Data transfers: Enabled
[10/04/2026-22:02:53] [I] Spin-wait: Disabled
[10/04/2026-22:02:53] [I] Multithreading: Disabled
[10/04/2026-22:02:53] [I] CUDA Graph: Disabled
[10/04/2026-22:02:53] [I] Separate profiling: Disabled
[10/04/2026-22:02:53] [I] Time Deserialize: Disabled
[10/04/2026-22:02:53] [I] Time Refit: Disabled
[10/04/2026-22:02:53] [I] NVTX verbosity: 0
[10/04/2026-22:02:53] [I] Persistent Cache Ratio: 0
[10/04/2026-22:02:53] [I] Optimization Profile Index: 0
[10/04/2026-22:02:53] [I] Weight Streaming Budget: 100.000000%
[10/04/2026-22:02:53] [I] Inputs:
[10/04/2026-22:02:53] [I] Debug Tensor Save Destinations:
[10/04/2026-22:02:53] [I] === Reporting Options ===
[10/04/2026-22:02:53] [I] Verbose: Disabled
[10/04/2026-22:02:53] [I] Averages: 1 inferences
[10/04/2026-22:02:53] [I] Percentiles: 90,95,99
[10/04/2026-22:02:53] [I] Dump refittable layers:Disabled
[10/04/2026-22:02:53] [I] Dump output: Disabled
[10/04/2026-22:02:53] [I] Profile: Disabled
[10/04/2026-22:02:53] [I] Export timing to JSON file: 
[10/04/2026-22:02:53] [I] Export output to JSON file: 
[10/04/2026-22:02:53] [I] Export profile to JSON file: 
[10/04/2026-22:02:53] [I] 
[10/04/2026-22:02:53] [I] === Device Information ===
[10/04/2026-22:02:53] [I] Available Devices: 
[10/04/2026-22:02:53] [I]   Device 0: "Orin" UUID: GPU-6e16c2c1-e394-5324-8f2e-63a975968f4e
[10/04/2026-22:02:53] [I] Selected Device: Orin
[10/04/2026-22:02:53] [I] Selected Device ID: 0
[10/04/2026-22:02:53] [I] Selected Device UUID: GPU-6e16c2c1-e394-5324-8f2e-63a975968f4e
[10/04/2026-22:02:53] [I] Compute Capability: 8.7
[10/04/2026-22:02:53] [I] SMs: 8
[10/04/2026-22:02:53] [I] Device Global Memory: 7607 MiB
[10/04/2026-22:02:53] [I] Shared Memory per SM: 164 KiB
[10/04/2026-22:02:53] [I] Memory Bus Width: 128 bits (ECC disabled)
[10/04/2026-22:02:53] [I] Application Compute Clock Rate: 1.02 GHz
[10/04/2026-22:02:53] [I] Application Memory Clock Rate: 1.02 GHz
[10/04/2026-22:02:53] [I] 
[10/04/2026-22:02:53] [I] Note: The application clock rates do not reflect the actual clock rates that the GPU is currently running at.
[10/04/2026-22:02:53] [I] 
[10/04/2026-22:02:53] [I] TensorRT version: 10.3.0
[10/04/2026-22:02:53] [I] Loading standard plugins
[10/04/2026-22:02:53] [I] [TRT] Loaded engine size: 7 MiB
[10/04/2026-22:02:53] [I] Engine deserialized in 0.0834505 sec.
[10/04/2026-22:02:53] [I] [TRT] [MemUsageChange] TensorRT-managed allocation in IExecutionContext creation: CPU +0, GPU +12, now: CPU 0, GPU 16 (MiB)
[10/04/2026-22:02:53] [I] Setting persistentCacheLimit to 0 bytes.
[10/04/2026-22:02:53] [I] Created execution context with device memory size: 12.207 MiB
[10/04/2026-22:02:53] [I] Using random values for input images
[10/04/2026-22:02:53] [I] Input binding for images with dimensions 1x640x640x3 is created.
[10/04/2026-22:02:53] [I] Output binding for output0 with dimensions 1x300x6 is created.
[10/04/2026-22:02:53] [I] Starting inference
[10/04/2026-22:03:11] [I] Warmup completed 664 queries over 3000 ms
[10/04/2026-22:03:11] [I] Timing trace has 737 queries over 15.0432 s
[10/04/2026-22:03:11] [I] 
[10/04/2026-22:03:11] [I] === Trace details ===
[10/04/2026-22:03:11] [I] Trace averages of 1 runs:
[10/04/2026-22:03:11] [I] Average on 1 runs - GPU latency: 4.23291 ms - Host latency: 4.37305 ms (enqueue 3.07446 ms)
[10/04/2026-22:03:11] [I] Average on 1 runs - GPU latency: 4.19165 ms - Host latency: 4.33887 ms (enqueue 3.104 ms)
[10/04/2026-22:03:11] [I] Average on 1 runs - GPU latency: 4.20508 ms - Host latency: 4.27271 ms (enqueue 3.16602 ms)
[10/04/2026-22:03:11] [I] Average on 1 runs - GPU latency: 4.20215 ms - Host latency: 4.27661 ms (enqueue 3.35449 ms)
[10/04/2026-22:03:11] [I] Average on 1 runs - GPU latency: 4.20703 ms - Host latency: 4.27295 ms (enqueue 3.59595 ms)
[10/04/2026-22:03:11] [I] Average on 1 runs - GPU latency: 4.20776 ms - Host latency: 4.29224 ms (enqueue 3.948 ms)
[10/04/2026-22:03:11] [I] Average on 1 runs - GPU latency: 4.27808 ms - Host latency: 4.3479 ms (enqueue 4.15088 ms)
[10/04/2026-22:03:11] [I] Average on 1 runs - GPU latency: 4.21362 ms - Host latency: 4.28418 ms (enqueue 4.08838 ms)
[10/04/2026-22:03:11] [I] Average on 1 runs - GPU latency: 4.2085 ms - Host latency: 4.28589 ms (enqueue 4.05786 ms)
[10/04/2026-22:03:11] [I] Average on 1 runs - GPU latency: 4.20532 ms - Host latency: 4.27271 ms (enqueue 4.08521 ms)
[10/04/2026-22:03:11] [I] Average on 1 runs - GPU latency: 4.20239 ms - Host latency: 4.28223 ms (enqueue 4.05029 ms)
[10/04/2026-22:03:11] [I] Average on 1 runs - GPU latency: 4.27515 ms - Host latency: 4.3418 ms (enqueue 4.14648 ms)
[10/04/2026-22:03:11] [I] Average on 1 runs - GPU latency: 4.24121 ms - Host latency: 4.31006 ms (enqueue 4.12524 ms)
[10/04/2026-22:03:11] [I] Average on 1 runs - GPU latency: 4.20166 ms - Host latency: 4.27173 ms (enqueue 4.07153 ms)
[10/04/2026-22:03:11] [I] Average on 1 runs - GPU latency: 4.22607 ms - Host latency: 4.29297 ms (enqueue 4.1062 ms)
[10/04/2026-22:03:11] [I] Average on 1 runs - GPU latency: 4.21045 ms - Host latency: 4.2771 ms (enqueue 4.14282 ms)
[10/04/2026-22:03:11] [I] Average on 1 runs - GPU latency: 4.20386 ms - Host latency: 4.28198 ms (enqueue 4.08154 ms)
[10/04/2026-22:03:11] [I] Average on 1 runs - GPU latency: 4.51733 ms - Host latency: 4.59961 ms (enqueue 4.07642 ms)
[10/04/2026-22:03:11] [I] Average on 1 runs - GPU latency: 4.53906 ms - Host latency: 4.61011 ms (enqueue 4.10571 ms)
[10/04/2026-22:03:11] [I] Average on 1 runs - GPU latency: 4.54541 ms - Host latency: 4.61768 ms (enqueue 4.11133 ms)
[10/04/2026-22:03:11] [I] Average on 1 runs - GPU latency: 4.54858 ms - Host latency: 4.62012 ms (enqueue 4.1333 ms)
[10/04/2026-22:03:11] [I] Average on 1 runs - GPU latency: 4.54077 ms - Host latency: 4.61206 ms (enqueue 4.14258 ms)
[10/04/2026-22:03:11] [I] Average on 1 runs - GPU latency: 4.99292 ms - Host latency: 5.07007 ms (enqueue 4.12329 ms)
[10/04/2026-22:03:11] [I] Average on 1 runs - GPU latency: 5.00879 ms - Host latency: 5.08789 ms (enqueue 4.22339 ms)
[10/04/2026-22:03:11] [I] Average on 1 runs - GPU latency: 5.01587 ms - Host latency: 5.09424 ms (enqueue 4.12354 ms)
[10/04/2026-22:03:11] [I] Average on 1 runs - GPU latency: 5.25781 ms - Host latency: 5.33667 ms (enqueue 4.20361 ms)
[10/04/2026-22:03:11] [I] Average on 1 runs - GPU latency: 5.48657 ms - Host latency: 5.57031 ms (enqueue 4.21167 ms)
[10/04/2026-22:03:11] [I] Average on 1 runs - GPU latency: 5.50488 ms - Host latency: 5.58472 ms (enqueue 4.30249 ms)
[10/04/2026-22:03:11] [I] Average on 1 runs - GPU latency: 6.02612 ms - Host latency: 6.1272 ms (enqueue 4.2041 ms)
[10/04/2026-22:03:11] [I] Average on 1 runs - GPU latency: 6.00366 ms - Host latency: 6.10303 ms (enqueue 4.25537 ms)
[10/04/2026-22:03:11] [I] Average on 1 runs - GPU latency: 6.02612 ms - Host latency: 6.11475 ms (enqueue 4.25464 ms)
[10/04/2026-22:03:11] [I] Average on 1 runs - GPU latency: 6.02783 ms - Host latency: 6.1167 ms (enqueue 4.25806 ms)
[10/04/2026-22:03:11] [I] Average on 1 runs - GPU latency: 6.02783 ms - Host latency: 6.11719 ms (enqueue 4.22803 ms)
[10/04/2026-22:03:11] [I] Average on 1 runs - GPU latency: 6.03882 ms - Host latency: 6.12891 ms (enqueue 4.26929 ms)
[10/04/2026-22:03:11] [I] Average on 1 runs - GPU latency: 6.74512 ms - Host latency: 6.85327 ms (enqueue 4.30786 ms)
[10/04/2026-22:03:11] [I] Average on 1 runs - GPU latency: 6.73218 ms - Host latency: 6.83301 ms (enqueue 4.2334 ms)
[10/04/2026-22:03:11] [I] Average on 1 runs - GPU latency: 6.77173 ms - Host latency: 6.87036 ms (enqueue 4.31421 ms)
[10/04/2026-22:03:11] [I] Average on 1 runs - GPU latency: 6.7793 ms - Host latency: 6.87915 ms (enqueue 4.31543 ms)
[10/04/2026-22:03:11] [I] Average on 1 runs - GPU latency: 6.77759 ms - Host latency: 6.87695 ms (enqueue 4.34497 ms)
[10/04/2026-22:03:11] [I] Average on 1 runs - GPU latency: 6.75342 ms - Host latency: 6.85376 ms (enqueue 4.25342 ms)
[10/04/2026-22:03:11] [I] Average on 1 runs - GPU latency: 6.78491 ms - Host latency: 6.8855 ms (enqueue 4.2832 ms)
[10/04/2026-22:03:11] [I] Average on 1 runs - GPU latency: 6.77539 ms - Host latency: 6.87671 ms (enqueue 4.32886 ms)
[10/04/2026-22:03:11] [I] Average on 1 runs - GPU latency: 6.78076 ms - Host latency: 6.88208 ms (enqueue 4.31738 ms)
[10/04/2026-22:03:11] [I] Average on 1 runs - GPU latency: 6.99365 ms - Host latency: 7.09497 ms (enqueue 4.28882 ms)
[10/04/2026-22:03:11] [I] Average on 1 runs - GPU latency: 7.81494 ms - Host latency: 7.92969 ms (enqueue 4.21899 ms)
[10/04/2026-22:03:11] [I] Average on 1 runs - GPU latency: 7.80151 ms - Host latency: 7.92017 ms (enqueue 4.27881 ms)
[10/04/2026-22:03:11] [I] Average on 1 runs - GPU latency: 7.79517 ms - Host latency: 7.92969 ms (enqueue 4.29297 ms)
[10/04/2026-22:03:11] [I] Average on 1 runs - GPU latency: 7.79785 ms - Host latency: 7.91406 ms (enqueue 4.30176 ms)
[10/04/2026-22:03:11] [I] Average on 1 runs - GPU latency: 7.80811 ms - Host latency: 7.93335 ms (enqueue 4.27783 ms)
[10/04/2026-22:03:11] [I] Average on 1 runs - GPU latency: 7.80664 ms - Host latency: 7.93311 ms (enqueue 4.15161 ms)
[10/04/2026-22:03:11] [I] Average on 1 runs - GPU latency: 7.80054 ms - Host latency: 7.91626 ms (enqueue 4.26953 ms)
[10/04/2026-22:03:11] [I] Average on 1 runs - GPU latency: 7.79907 ms - Host latency: 7.91577 ms (enqueue 4.24854 ms)
[10/04/2026-22:03:11] [I] Average on 1 runs - GPU latency: 7.80298 ms - Host latency: 7.91968 ms (enqueue 4.29419 ms)
[10/04/2026-22:03:11] [I] Average on 1 runs - GPU latency: 7.80859 ms - Host latency: 7.95142 ms (enqueue 4.27441 ms)
[10/04/2026-22:03:11] [I] Average on 1 runs - GPU latency: 7.80908 ms - Host latency: 7.92407 ms (enqueue 4.27954 ms)
[10/04/2026-22:03:11] [I] Average on 1 runs - GPU latency: 7.80811 ms - Host latency: 7.92383 ms (enqueue 4.27344 ms)
[10/04/2026-22:03:11] [I] Average on 1 runs - GPU latency: 7.79297 ms - Host latency: 7.9082 ms (enqueue 4.26953 ms)
[10/04/2026-22:03:11] [I] Average on 1 runs - GPU latency: 7.80811 ms - Host latency: 7.9248 ms (enqueue 4.27881 ms)
[10/04/2026-22:03:11] [I] Average on 1 runs - GPU latency: 7.79346 ms - Host latency: 7.90918 ms (enqueue 4.33203 ms)
[10/04/2026-22:03:11] [I] Average on 1 runs - GPU latency: 9.49316 ms - Host latency: 9.62939 ms (enqueue 4.26709 ms)
[10/04/2026-22:03:11] [I] Average on 1 runs - GPU latency: 9.48242 ms - Host latency: 9.62793 ms (enqueue 4.28662 ms)
[10/04/2026-22:03:11] [I] Average on 1 runs - GPU latency: 9.48096 ms - Host latency: 9.62109 ms (enqueue 4.35596 ms)
[10/04/2026-22:03:11] [I] Average on 1 runs - GPU latency: 9.49756 ms - Host latency: 9.64111 ms (enqueue 4.23389 ms)
[10/04/2026-22:03:11] [I] Average on 1 runs - GPU latency: 9.49854 ms - Host latency: 9.63672 ms (enqueue 4.25342 ms)
[10/04/2026-22:03:11] [I] Average on 1 runs - GPU latency: 9.4917 ms - Host latency: 9.63037 ms (enqueue 4.31738 ms)
[10/04/2026-22:03:11] [I] Average on 1 runs - GPU latency: 9.48877 ms - Host latency: 9.62793 ms (enqueue 4.29541 ms)
[10/04/2026-22:03:11] [I] Average on 1 runs - GPU latency: 9.49072 ms - Host latency: 9.62793 ms (enqueue 4.20068 ms)
[10/04/2026-22:03:11] [I] Average on 1 runs - GPU latency: 9.47852 ms - Host latency: 9.61523 ms (enqueue 4.31836 ms)
[10/04/2026-22:03:11] [I] Average on 1 runs - GPU latency: 9.479 ms - Host latency: 9.61572 ms (enqueue 4.2627 ms)
[10/04/2026-22:03:11] [I] Average on 1 runs - GPU latency: 9.49316 ms - Host latency: 9.63135 ms (enqueue 4.2959 ms)
[10/04/2026-22:03:11] [I] Average on 1 runs - GPU latency: 9.49561 ms - Host latency: 9.63525 ms (enqueue 4.29248 ms)
[10/04/2026-22:03:11] [I] Average on 1 runs - GPU latency: 9.48096 ms - Host latency: 9.62061 ms (enqueue 4.2832 ms)
[10/04/2026-22:03:11] [I] Average on 1 runs - GPU latency: 9.48047 ms - Host latency: 9.61816 ms (enqueue 4.3291 ms)
[10/04/2026-22:03:11] [I] Average on 1 runs - GPU latency: 9.5 ms - Host latency: 9.63867 ms (enqueue 4.29639 ms)
[10/04/2026-22:03:11] [I] Average on 1 runs - GPU latency: 9.4917 ms - Host latency: 9.63086 ms (enqueue 4.31885 ms)
[10/04/2026-22:03:11] [I] Average on 1 runs - GPU latency: 9.49463 ms - Host latency: 9.63379 ms (enqueue 4.30176 ms)
[10/04/2026-22:03:11] [I] Average on 1 runs - GPU latency: 9.4917 ms - Host latency: 9.63281 ms (enqueue 4.29932 ms)
[10/04/2026-22:03:11] [I] Average on 1 runs - GPU latency: 9.49023 ms - Host latency: 9.62842 ms (enqueue 4.28125 ms)
[10/04/2026-22:03:11] [I] Average on 1 runs - GPU latency: 9.4751 ms - Host latency: 9.61377 ms (enqueue 4.29492 ms)
[10/04/2026-22:03:11] [I] Average on 1 runs - GPU latency: 9.5 ms - Host latency: 9.6377 ms (enqueue 4.2959 ms)
[10/04/2026-22:03:11] [I] Average on 1 runs - GPU latency: 9.49414 ms - Host latency: 9.63867 ms (enqueue 4.34961 ms)
[10/04/2026-22:03:11] [I] Average on 1 runs - GPU latency: 9.49756 ms - Host latency: 9.6416 ms (enqueue 4.30176 ms)
[10/04/2026-22:03:11] [I] Average on 1 runs - GPU latency: 9.4917 ms - Host latency: 9.62891 ms (enqueue 4.25928 ms)
[10/04/2026-22:03:11] [I] Average on 1 runs - GPU latency: 9.48828 ms - Host latency: 9.62891 ms (enqueue 4.22021 ms)
[10/04/2026-22:03:11] [I] Average on 1 runs - GPU latency: 9.49707 ms - Host latency: 9.6333 ms (enqueue 4.31738 ms)
[10/04/2026-22:03:11] [I] Average on 1 runs - GPU latency: 9.49316 ms - Host latency: 9.63232 ms (enqueue 4.31201 ms)
[10/04/2026-22:03:11] [I] Average on 1 runs - GPU latency: 9.48877 ms - Host latency: 9.62646 ms (enqueue 4.32568 ms)
[10/04/2026-22:03:11] [I] Average on 1 runs - GPU latency: 9.51416 ms - Host latency: 9.68164 ms (enqueue 4.27441 ms)
[10/04/2026-22:03:11] [I] Average on 1 runs - GPU latency: 9.48535 ms - Host latency: 9.62744 ms (enqueue 4.15283 ms)
[10/04/2026-22:03:11] [I] Average on 1 runs - GPU latency: 9.48535 ms - Host latency: 9.62744 ms (enqueue 4.18457 ms)
[10/04/2026-22:03:11] [I] Average on 1 runs - GPU latency: 9.48682 ms - Host latency: 9.62695 ms (enqueue 4.2832 ms)
[10/04/2026-22:03:11] [I] Average on 1 runs - GPU latency: 9.48486 ms - Host latency: 9.62402 ms (enqueue 4.31934 ms)
[10/04/2026-22:03:11] [I] Average on 1 runs - GPU latency: 9.48779 ms - Host latency: 9.62598 ms (enqueue 4.32178 ms)
[10/04/2026-22:03:11] [I] Average on 1 runs - GPU latency: 9.50146 ms - Host latency: 9.64062 ms (enqueue 4.27393 ms)
[10/04/2026-22:03:11] [I] Average on 1 runs - GPU latency: 9.47852 ms - Host latency: 9.61621 ms (enqueue 4.3208 ms)
[10/04/2026-22:03:11] [I] Average on 1 runs - GPU latency: 9.48193 ms - Host latency: 9.62061 ms (enqueue 4.27979 ms)
[10/04/2026-22:03:11] [I] Average on 1 runs - GPU latency: 9.50879 ms - Host latency: 9.64795 ms (enqueue 4.29639 ms)
[10/04/2026-22:03:11] [I] Average on 1 runs - GPU latency: 9.49268 ms - Host latency: 9.63086 ms (enqueue 4.26807 ms)
[10/04/2026-22:03:11] [I] Average on 1 runs - GPU latency: 9.49805 ms - Host latency: 9.63525 ms (enqueue 4.24512 ms)
[10/04/2026-22:03:11] [I] Average on 1 runs - GPU latency: 9.49365 ms - Host latency: 9.63525 ms (enqueue 4.31592 ms)
[10/04/2026-22:03:11] [I] Average on 1 runs - GPU latency: 9.47949 ms - Host latency: 9.61572 ms (enqueue 4.3252 ms)
[10/04/2026-22:03:11] [I] Average on 1 runs - GPU latency: 9.48926 ms - Host latency: 9.63135 ms (enqueue 4.29297 ms)
[10/04/2026-22:03:11] [I] Average on 1 runs - GPU latency: 9.49365 ms - Host latency: 9.63281 ms (enqueue 4.26855 ms)
[10/04/2026-22:03:11] [I] Average on 1 runs - GPU latency: 9.47949 ms - Host latency: 9.61963 ms (enqueue 4.34033 ms)
[10/04/2026-22:03:11] [I] Average on 1 runs - GPU latency: 9.4917 ms - Host latency: 9.62988 ms (enqueue 4.26562 ms)
[10/04/2026-22:03:11] [I] Average on 1 runs - GPU latency: 9.4834 ms - Host latency: 9.62305 ms (enqueue 4.19775 ms)
[10/04/2026-22:03:11] [I] Average on 1 runs - GPU latency: 9.49072 ms - Host latency: 9.64111 ms (enqueue 4.22314 ms)
[10/04/2026-22:03:11] [I] Average on 1 runs - GPU latency: 9.5 ms - Host latency: 9.64941 ms (enqueue 4.24805 ms)
[10/04/2026-22:03:11] [I] Average on 1 runs - GPU latency: 9.48584 ms - Host latency: 9.63623 ms (enqueue 4.25879 ms)
[10/04/2026-22:03:11] [I] Average on 1 runs - GPU latency: 9.48975 ms - Host latency: 9.62842 ms (enqueue 4.25049 ms)
[10/04/2026-22:03:11] [I] Average on 1 runs - GPU latency: 9.50244 ms - Host latency: 9.64502 ms (enqueue 4.14062 ms)
[10/04/2026-22:03:11] [I] Average on 1 runs - GPU latency: 9.5 ms - Host latency: 9.63867 ms (enqueue 4.23926 ms)
[10/04/2026-22:03:11] [I] Average on 1 runs - GPU latency: 9.48877 ms - Host latency: 9.62549 ms (enqueue 4.24854 ms)
[10/04/2026-22:03:11] [I] Average on 1 runs - GPU latency: 9.48438 ms - Host latency: 9.62451 ms (enqueue 4.23975 ms)
[10/04/2026-22:03:11] [I] Average on 1 runs - GPU latency: 9.50391 ms - Host latency: 9.64209 ms (enqueue 4.22949 ms)
[10/04/2026-22:03:11] [I] Average on 1 runs - GPU latency: 9.50049 ms - Host latency: 9.63916 ms (enqueue 4.2207 ms)
[10/04/2026-22:03:11] [I] Average on 1 runs - GPU latency: 9.50977 ms - Host latency: 9.64697 ms (enqueue 4.24854 ms)
[10/04/2026-22:03:11] [I] Average on 1 runs - GPU latency: 9.49365 ms - Host latency: 9.6333 ms (enqueue 4.30469 ms)
[10/04/2026-22:03:11] [I] Average on 1 runs - GPU latency: 9.48486 ms - Host latency: 9.62451 ms (enqueue 4.3252 ms)
[10/04/2026-22:03:11] [I] Average on 1 runs - GPU latency: 9.49805 ms - Host latency: 9.63721 ms (enqueue 4.27637 ms)
[10/04/2026-22:03:11] [I] Average on 1 runs - GPU latency: 9.50244 ms - Host latency: 9.63916 ms (enqueue 4.2373 ms)
[10/04/2026-22:03:11] [I] Average on 1 runs - GPU latency: 9.48291 ms - Host latency: 9.62402 ms (enqueue 4.40674 ms)
[10/04/2026-22:03:11] [I] Average on 1 runs - GPU latency: 9.50146 ms - Host latency: 9.64844 ms (enqueue 4.30371 ms)
[10/04/2026-22:03:11] [I] Average on 1 runs - GPU latency: 9.49756 ms - Host latency: 9.63818 ms (enqueue 4.29736 ms)
[10/04/2026-22:03:11] [I] Average on 1 runs - GPU latency: 9.4834 ms - Host latency: 9.62109 ms (enqueue 4.29688 ms)
[10/04/2026-22:03:11] [I] Average on 1 runs - GPU latency: 9.49023 ms - Host latency: 9.63965 ms (enqueue 4.23584 ms)
[10/04/2026-22:03:11] [I] Average on 1 runs - GPU latency: 9.48047 ms - Host latency: 9.61963 ms (enqueue 4.24023 ms)
[10/04/2026-22:03:11] [I] Average on 1 runs - GPU latency: 9.49219 ms - Host latency: 9.63037 ms (enqueue 4.19678 ms)
[10/04/2026-22:03:11] [I] Average on 1 runs - GPU latency: 9.49512 ms - Host latency: 9.65283 ms (enqueue 4.24121 ms)
[10/04/2026-22:03:11] [I] Average on 1 runs - GPU latency: 9.49756 ms - Host latency: 9.63623 ms (enqueue 4.19531 ms)
[10/04/2026-22:03:11] [I] Average on 1 runs - GPU latency: 9.48682 ms - Host latency: 9.625 ms (enqueue 4.30322 ms)
[10/04/2026-22:03:11] [I] Average on 1 runs - GPU latency: 9.48975 ms - Host latency: 9.63281 ms (enqueue 4.27002 ms)
[10/04/2026-22:03:11] [I] Average on 1 runs - GPU latency: 9.49268 ms - Host latency: 9.63135 ms (enqueue 4.18164 ms)
[10/04/2026-22:03:11] [I] Average on 1 runs - GPU latency: 9.49365 ms - Host latency: 9.6333 ms (enqueue 4.27686 ms)
[10/04/2026-22:03:11] [I] Average on 1 runs - GPU latency: 9.50537 ms - Host latency: 9.64502 ms (enqueue 4.25781 ms)
[10/04/2026-22:03:11] [I] Average on 1 runs - GPU latency: 9.4873 ms - Host latency: 9.62451 ms (enqueue 4.27539 ms)
[10/04/2026-22:03:11] [I] Average on 1 runs - GPU latency: 9.49219 ms - Host latency: 9.63184 ms (enqueue 4.33252 ms)
[10/04/2026-22:03:11] [I] Average on 1 runs - GPU latency: 9.4873 ms - Host latency: 9.62549 ms (enqueue 4.1958 ms)
[10/04/2026-22:03:11] [I] Average on 1 runs - GPU latency: 9.48779 ms - Host latency: 9.62451 ms (enqueue 4.2793 ms)
[10/04/2026-22:03:11] [I] Average on 1 runs - GPU latency: 9.47998 ms - Host latency: 9.61768 ms (enqueue 4.30469 ms)
[10/04/2026-22:03:11] [I] Average on 1 runs - GPU latency: 9.49268 ms - Host latency: 9.63037 ms (enqueue 4.27881 ms)
[10/04/2026-22:03:11] [I] Average on 1 runs - GPU latency: 9.50049 ms - Host latency: 9.64209 ms (enqueue 4.30225 ms)
[10/04/2026-22:03:11] [I] Average on 1 runs - GPU latency: 9.49072 ms - Host latency: 9.62939 ms (enqueue 4.31885 ms)
[10/04/2026-22:03:11] [I] Average on 1 runs - GPU latency: 9.49219 ms - Host latency: 9.63281 ms (enqueue 4.27539 ms)
[10/04/2026-22:03:11] [I] Average on 1 runs - GPU latency: 9.48096 ms - Host latency: 9.61914 ms (enqueue 4.19824 ms)
[10/04/2026-22:03:11] [I] Average on 1 runs - GPU latency: 9.49072 ms - Host latency: 9.62939 ms (enqueue 4.28076 ms)
[10/04/2026-22:03:11] [I] Average on 1 runs - GPU latency: 9.49316 ms - Host latency: 9.64355 ms (enqueue 4.17285 ms)
[10/04/2026-22:03:11] [I] Average on 1 runs - GPU latency: 9.4873 ms - Host latency: 9.63574 ms (enqueue 4.30762 ms)
[10/04/2026-22:03:11] [I] Average on 1 runs - GPU latency: 9.4917 ms - Host latency: 9.63037 ms (enqueue 4.26562 ms)
[10/04/2026-22:03:11] [I] Average on 1 runs - GPU latency: 9.50439 ms - Host latency: 9.64111 ms (enqueue 4.22656 ms)
[10/04/2026-22:03:11] [I] Average on 1 runs - GPU latency: 9.48682 ms - Host latency: 9.62598 ms (enqueue 4.28418 ms)
[10/04/2026-22:03:11] [I] Average on 1 runs - GPU latency: 9.49268 ms - Host latency: 9.63232 ms (enqueue 4.25293 ms)
[10/04/2026-22:03:11] [I] Average on 1 runs - GPU latency: 9.49316 ms - Host latency: 9.64307 ms (enqueue 4.27051 ms)
[10/04/2026-22:03:11] [I] Average on 1 runs - GPU latency: 9.50391 ms - Host latency: 9.6416 ms (enqueue 4.23389 ms)
[10/04/2026-22:03:11] [I] Average on 1 runs - GPU latency: 9.49316 ms - Host latency: 9.63086 ms (enqueue 4.20508 ms)
[10/04/2026-22:03:11] [I] Average on 1 runs - GPU latency: 9.48145 ms - Host latency: 9.62109 ms (enqueue 4.28711 ms)
[10/04/2026-22:03:11] [I] Average on 1 runs - GPU latency: 9.49072 ms - Host latency: 9.62939 ms (enqueue 4.34033 ms)
[10/04/2026-22:03:11] [I] Average on 1 runs - GPU latency: 9.49951 ms - Host latency: 9.63721 ms (enqueue 4.25732 ms)
[10/04/2026-22:03:11] [I] Average on 1 runs - GPU latency: 9.49658 ms - Host latency: 9.63428 ms (enqueue 4.29248 ms)
[10/04/2026-22:03:11] [I] Average on 1 runs - GPU latency: 9.48682 ms - Host latency: 9.62646 ms (enqueue 4.16309 ms)
[10/04/2026-22:03:11] [I] Average on 1 runs - GPU latency: 9.49268 ms - Host latency: 9.62988 ms (enqueue 4.27539 ms)
[10/04/2026-22:03:11] [I] Average on 1 runs - GPU latency: 9.50439 ms - Host latency: 9.64209 ms (enqueue 4.25781 ms)
[10/04/2026-22:03:11] [I] Average on 1 runs - GPU latency: 9.49316 ms - Host latency: 9.63135 ms (enqueue 4.26172 ms)
[10/04/2026-22:03:11] [I] Average on 1 runs - GPU latency: 9.49414 ms - Host latency: 9.63428 ms (enqueue 4.28271 ms)
[10/04/2026-22:03:11] [I] Average on 1 runs - GPU latency: 9.49121 ms - Host latency: 9.62744 ms (enqueue 4.23535 ms)
[10/04/2026-22:03:11] [I] Average on 1 runs - GPU latency: 9.49121 ms - Host latency: 9.62842 ms (enqueue 4.25928 ms)
[10/04/2026-22:03:11] [I] Average on 1 runs - GPU latency: 9.48877 ms - Host latency: 9.62842 ms (enqueue 4.27881 ms)
[10/04/2026-22:03:11] [I] Average on 1 runs - GPU latency: 9.49756 ms - Host latency: 9.63477 ms (enqueue 4.27295 ms)
[10/04/2026-22:03:11] [I] Average on 1 runs - GPU latency: 9.50293 ms - Host latency: 9.64111 ms (enqueue 4.28809 ms)
[10/04/2026-22:03:11] [I] Average on 1 runs - GPU latency: 9.50391 ms - Host latency: 9.66162 ms (enqueue 4.31006 ms)
[10/04/2026-22:03:11] [I] Average on 1 runs - GPU latency: 9.4917 ms - Host latency: 9.62939 ms (enqueue 4.23828 ms)
[10/04/2026-22:03:11] [I] Average on 1 runs - GPU latency: 9.49707 ms - Host latency: 9.63818 ms (enqueue 4.22852 ms)
[10/04/2026-22:03:11] [I] Average on 1 runs - GPU latency: 9.49072 ms - Host latency: 9.63184 ms (enqueue 4.31885 ms)
[10/04/2026-22:03:11] [I] Average on 1 runs - GPU latency: 9.49805 ms - Host latency: 9.63623 ms (enqueue 4.28613 ms)
[10/04/2026-22:03:11] [I] Average on 1 runs - GPU latency: 9.47021 ms - Host latency: 9.60986 ms (enqueue 4.32959 ms)
[10/04/2026-22:03:11] [I] Average on 1 runs - GPU latency: 9.5 ms - Host latency: 9.64307 ms (enqueue 4.28369 ms)
[10/04/2026-22:03:11] [I] Average on 1 runs - GPU latency: 9.50586 ms - Host latency: 9.64502 ms (enqueue 4.22168 ms)
[10/04/2026-22:03:11] [I] Average on 1 runs - GPU latency: 9.49414 ms - Host latency: 9.63184 ms (enqueue 4.31445 ms)
[10/04/2026-22:03:11] [I] Average on 1 runs - GPU latency: 9.49658 ms - Host latency: 9.63379 ms (enqueue 4.27588 ms)
[10/04/2026-22:03:11] [I] Average on 1 runs - GPU latency: 9.48828 ms - Host latency: 9.62744 ms (enqueue 4.32617 ms)
[10/04/2026-22:03:11] [I] Average on 1 runs - GPU latency: 9.48682 ms - Host latency: 9.62451 ms (enqueue 4.30713 ms)
[10/04/2026-22:03:11] [I] Average on 1 runs - GPU latency: 9.49121 ms - Host latency: 9.62891 ms (enqueue 4.14209 ms)
[10/04/2026-22:03:11] [I] Average on 1 runs - GPU latency: 9.49414 ms - Host latency: 9.6333 ms (enqueue 4.28223 ms)
[10/04/2026-22:03:11] [I] Average on 1 runs - GPU latency: 9.48682 ms - Host latency: 9.62549 ms (enqueue 4.29004 ms)
[10/04/2026-22:03:11] [I] Average on 1 runs - GPU latency: 9.49951 ms - Host latency: 9.63916 ms (enqueue 4.2832 ms)
[10/04/2026-22:03:11] [I] Average on 1 runs - GPU latency: 9.47998 ms - Host latency: 9.61865 ms (enqueue 4.31445 ms)
[10/04/2026-22:03:11] [I] Average on 1 runs - GPU latency: 9.49072 ms - Host latency: 9.62891 ms (enqueue 4.27881 ms)
[10/04/2026-22:03:11] [I] Average on 1 runs - GPU latency: 9.50098 ms - Host latency: 9.63867 ms (enqueue 4.27588 ms)
[10/04/2026-22:03:11] [I] Average on 1 runs - GPU latency: 9.48926 ms - Host latency: 9.62646 ms (enqueue 4.28613 ms)
[10/04/2026-22:03:11] [I] Average on 1 runs - GPU latency: 9.50195 ms - Host latency: 9.63965 ms (enqueue 4.27734 ms)
[10/04/2026-22:03:11] [I] Average on 1 runs - GPU latency: 9.49756 ms - Host latency: 9.63525 ms (enqueue 4.2627 ms)
[10/04/2026-22:03:11] [I] Average on 1 runs - GPU latency: 9.49707 ms - Host latency: 9.63525 ms (enqueue 4.16357 ms)
[10/04/2026-22:03:11] [I] Average on 1 runs - GPU latency: 9.48389 ms - Host latency: 9.62158 ms (enqueue 4.28027 ms)
[10/04/2026-22:03:11] [I] Average on 1 runs - GPU latency: 9.48584 ms - Host latency: 9.62402 ms (enqueue 4.30859 ms)
[10/04/2026-22:03:11] [I] Average on 1 runs - GPU latency: 9.48975 ms - Host latency: 9.62842 ms (enqueue 4.31885 ms)
[10/04/2026-22:03:11] [I] Average on 1 runs - GPU latency: 9.49023 ms - Host latency: 9.62891 ms (enqueue 4.31494 ms)
[10/04/2026-22:03:11] [I] Average on 1 runs - GPU latency: 9.49658 ms - Host latency: 9.63574 ms (enqueue 4.33496 ms)
[10/04/2026-22:03:11] [I] Average on 1 runs - GPU latency: 9.49463 ms - Host latency: 9.63916 ms (enqueue 4.26025 ms)
[10/04/2026-22:03:11] [I] Average on 1 runs - GPU latency: 9.49463 ms - Host latency: 9.63135 ms (enqueue 4.25098 ms)
[10/04/2026-22:03:11] [I] Average on 1 runs - GPU latency: 9.4917 ms - Host latency: 9.63135 ms (enqueue 4.27148 ms)
[10/04/2026-22:03:11] [I] ... Omitting 337 lines
[10/04/2026-22:03:11] [I] Average on 1 runs - GPU latency: 12.3965 ms - Host latency: 12.5742 ms (enqueue 4.14941 ms)
[10/04/2026-22:03:11] [I] Average on 1 runs - GPU latency: 12.3906 ms - Host latency: 12.5693 ms (enqueue 4.28125 ms)
[10/04/2026-22:03:11] [I] Average on 1 runs - GPU latency: 12.4082 ms - Host latency: 12.5889 ms (enqueue 4.30273 ms)
[10/04/2026-22:03:11] [I] Average on 1 runs - GPU latency: 12.3887 ms - Host latency: 12.5684 ms (enqueue 4.26855 ms)
[10/04/2026-22:03:11] [I] Average on 1 runs - GPU latency: 12.3936 ms - Host latency: 12.5723 ms (enqueue 4.30469 ms)
[10/04/2026-22:03:11] [I] Average on 1 runs - GPU latency: 12.4033 ms - Host latency: 12.5811 ms (enqueue 4.22949 ms)
[10/04/2026-22:03:11] [I] Average on 1 runs - GPU latency: 12.3945 ms - Host latency: 12.5723 ms (enqueue 4.24121 ms)
[10/04/2026-22:03:11] [I] Average on 1 runs - GPU latency: 12.3965 ms - Host latency: 12.5762 ms (enqueue 4.26367 ms)
[10/04/2026-22:03:11] [I] Average on 1 runs - GPU latency: 12.4131 ms - Host latency: 12.5918 ms (enqueue 4.30078 ms)
[10/04/2026-22:03:11] [I] Average on 1 runs - GPU latency: 12.4004 ms - Host latency: 12.5781 ms (enqueue 4.2832 ms)
[10/04/2026-22:03:11] [I] Average on 1 runs - GPU latency: 12.3916 ms - Host latency: 12.5693 ms (enqueue 4.25781 ms)
[10/04/2026-22:03:11] [I] Average on 1 runs - GPU latency: 12.3994 ms - Host latency: 12.5781 ms (enqueue 4.30859 ms)
[10/04/2026-22:03:11] [I] Average on 1 runs - GPU latency: 12.4189 ms - Host latency: 12.5986 ms (enqueue 4.30566 ms)
[10/04/2026-22:03:11] [I] Average on 1 runs - GPU latency: 12.4004 ms - Host latency: 12.5781 ms (enqueue 4.28027 ms)
[10/04/2026-22:03:11] [I] Average on 1 runs - GPU latency: 12.4014 ms - Host latency: 12.5801 ms (enqueue 4.24609 ms)
[10/04/2026-22:03:11] [I] Average on 1 runs - GPU latency: 12.3926 ms - Host latency: 12.5713 ms (enqueue 4.25781 ms)
[10/04/2026-22:03:11] [I] Average on 1 runs - GPU latency: 12.3936 ms - Host latency: 12.5723 ms (enqueue 4.2002 ms)
[10/04/2026-22:03:11] [I] Average on 1 runs - GPU latency: 12.3926 ms - Host latency: 12.5723 ms (enqueue 4.19922 ms)
[10/04/2026-22:03:11] [I] Average on 1 runs - GPU latency: 12.375 ms - Host latency: 12.5527 ms (enqueue 4.25977 ms)
[10/04/2026-22:03:11] [I] Average on 1 runs - GPU latency: 12.4043 ms - Host latency: 12.584 ms (enqueue 4.24023 ms)
[10/04/2026-22:03:11] [I] Average on 1 runs - GPU latency: 12.3994 ms - Host latency: 12.5801 ms (enqueue 4.23242 ms)
[10/04/2026-22:03:11] [I] Average on 1 runs - GPU latency: 12.4131 ms - Host latency: 12.5908 ms (enqueue 4.24023 ms)
[10/04/2026-22:03:11] [I] Average on 1 runs - GPU latency: 12.3984 ms - Host latency: 12.5879 ms (enqueue 4.17188 ms)
[10/04/2026-22:03:11] [I] Average on 1 runs - GPU latency: 12.4004 ms - Host latency: 12.5801 ms (enqueue 4.22266 ms)
[10/04/2026-22:03:11] [I] Average on 1 runs - GPU latency: 12.4082 ms - Host latency: 12.5938 ms (enqueue 4.29785 ms)
[10/04/2026-22:03:11] [I] Average on 1 runs - GPU latency: 12.3965 ms - Host latency: 12.5752 ms (enqueue 4.23535 ms)
[10/04/2026-22:03:11] [I] Average on 1 runs - GPU latency: 12.4102 ms - Host latency: 12.5908 ms (enqueue 4.34766 ms)
[10/04/2026-22:03:11] [I] Average on 1 runs - GPU latency: 12.4062 ms - Host latency: 12.584 ms (enqueue 4.20605 ms)
[10/04/2026-22:03:11] [I] Average on 1 runs - GPU latency: 12.373 ms - Host latency: 12.5518 ms (enqueue 4.29004 ms)
[10/04/2026-22:03:11] [I] Average on 1 runs - GPU latency: 12.4033 ms - Host latency: 12.5996 ms (enqueue 4.29688 ms)
[10/04/2026-22:03:11] [I] Average on 1 runs - GPU latency: 12.3965 ms - Host latency: 12.5771 ms (enqueue 4.27246 ms)
[10/04/2026-22:03:11] [I] Average on 1 runs - GPU latency: 12.3984 ms - Host latency: 12.5771 ms (enqueue 4.28027 ms)
[10/04/2026-22:03:11] [I] Average on 1 runs - GPU latency: 12.3955 ms - Host latency: 12.5732 ms (enqueue 4.23926 ms)
[10/04/2026-22:03:11] [I] Average on 1 runs - GPU latency: 12.3984 ms - Host latency: 12.5781 ms (enqueue 4.23828 ms)
[10/04/2026-22:03:11] [I] Average on 1 runs - GPU latency: 12.3936 ms - Host latency: 12.5713 ms (enqueue 4.22754 ms)
[10/04/2026-22:03:11] [I] Average on 1 runs - GPU latency: 12.4121 ms - Host latency: 12.5908 ms (enqueue 4.32422 ms)
[10/04/2026-22:03:11] [I] Average on 1 runs - GPU latency: 12.4238 ms - Host latency: 12.6016 ms (enqueue 4.29297 ms)
[10/04/2026-22:03:11] [I] Average on 1 runs - GPU latency: 12.3994 ms - Host latency: 12.5781 ms (enqueue 4.28027 ms)
[10/04/2026-22:03:11] [I] Average on 1 runs - GPU latency: 12.3926 ms - Host latency: 12.5703 ms (enqueue 4.29395 ms)
[10/04/2026-22:03:11] [I] Average on 1 runs - GPU latency: 12.4043 ms - Host latency: 12.582 ms (enqueue 4.23535 ms)
[10/04/2026-22:03:11] [I] Average on 1 runs - GPU latency: 12.4004 ms - Host latency: 12.5801 ms (enqueue 4.28711 ms)
[10/04/2026-22:03:11] [I] Average on 1 runs - GPU latency: 12.4141 ms - Host latency: 12.5928 ms (enqueue 4.29004 ms)
[10/04/2026-22:03:11] [I] Average on 1 runs - GPU latency: 12.3936 ms - Host latency: 12.5762 ms (enqueue 4.30762 ms)
[10/04/2026-22:03:11] [I] Average on 1 runs - GPU latency: 12.4004 ms - Host latency: 12.5791 ms (enqueue 4.18652 ms)
[10/04/2026-22:03:11] [I] Average on 1 runs - GPU latency: 12.3926 ms - Host latency: 12.5713 ms (enqueue 4.19824 ms)
[10/04/2026-22:03:11] [I] Average on 1 runs - GPU latency: 12.3936 ms - Host latency: 12.5781 ms (enqueue 4.2832 ms)
[10/04/2026-22:03:11] [I] Average on 1 runs - GPU latency: 12.3975 ms - Host latency: 12.5762 ms (enqueue 4.24414 ms)
[10/04/2026-22:03:11] [I] Average on 1 runs - GPU latency: 12.3965 ms - Host latency: 12.5742 ms (enqueue 4.25879 ms)
[10/04/2026-22:03:11] [I] Average on 1 runs - GPU latency: 12.4111 ms - Host latency: 12.5889 ms (enqueue 4.30273 ms)
[10/04/2026-22:03:11] [I] Average on 1 runs - GPU latency: 12.4111 ms - Host latency: 12.5898 ms (enqueue 4.19043 ms)
[10/04/2026-22:03:11] [I] Average on 1 runs - GPU latency: 12.4023 ms - Host latency: 12.5811 ms (enqueue 4.28809 ms)
[10/04/2026-22:03:11] [I] Average on 1 runs - GPU latency: 12.4072 ms - Host latency: 12.5859 ms (enqueue 4.28613 ms)
[10/04/2026-22:03:11] [I] Average on 1 runs - GPU latency: 12.3887 ms - Host latency: 12.5674 ms (enqueue 4.21484 ms)
[10/04/2026-22:03:11] [I] Average on 1 runs - GPU latency: 12.3916 ms - Host latency: 12.5703 ms (enqueue 4.31055 ms)
[10/04/2026-22:03:11] [I] Average on 1 runs - GPU latency: 12.3916 ms - Host latency: 12.5693 ms (enqueue 4.28223 ms)
[10/04/2026-22:03:11] [I] Average on 1 runs - GPU latency: 12.3887 ms - Host latency: 12.5674 ms (enqueue 4.30273 ms)
[10/04/2026-22:03:11] [I] Average on 1 runs - GPU latency: 12.4062 ms - Host latency: 12.6006 ms (enqueue 4.2627 ms)
[10/04/2026-22:03:11] [I] Average on 1 runs - GPU latency: 12.3926 ms - Host latency: 12.5723 ms (enqueue 4.28711 ms)
[10/04/2026-22:03:11] [I] Average on 1 runs - GPU latency: 12.3828 ms - Host latency: 12.5625 ms (enqueue 4.27051 ms)
[10/04/2026-22:03:11] [I] Average on 1 runs - GPU latency: 12.3828 ms - Host latency: 12.5605 ms (enqueue 4.23145 ms)
[10/04/2026-22:03:11] [I] Average on 1 runs - GPU latency: 12.4004 ms - Host latency: 12.5791 ms (enqueue 4.27734 ms)
[10/04/2026-22:03:11] [I] Average on 1 runs - GPU latency: 12.3926 ms - Host latency: 12.5713 ms (enqueue 4.35547 ms)
[10/04/2026-22:03:11] [I] Average on 1 runs - GPU latency: 12.4307 ms - Host latency: 12.6113 ms (enqueue 4.27148 ms)
[10/04/2026-22:03:11] [I] Average on 1 runs - GPU latency: 12.3984 ms - Host latency: 12.5791 ms (enqueue 4.28027 ms)
[10/04/2026-22:03:11] [I] Average on 1 runs - GPU latency: 12.3799 ms - Host latency: 12.5576 ms (enqueue 4.27051 ms)
[10/04/2026-22:03:11] [I] Average on 1 runs - GPU latency: 12.3857 ms - Host latency: 12.5635 ms (enqueue 4.30371 ms)
[10/04/2026-22:03:11] [I] Average on 1 runs - GPU latency: 12.3916 ms - Host latency: 12.5693 ms (enqueue 4.23535 ms)
[10/04/2026-22:03:11] [I] Average on 1 runs - GPU latency: 12.4199 ms - Host latency: 12.5986 ms (enqueue 4.30762 ms)
[10/04/2026-22:03:11] [I] Average on 1 runs - GPU latency: 12.4033 ms - Host latency: 12.5811 ms (enqueue 4.25293 ms)
[10/04/2026-22:03:11] [I] Average on 1 runs - GPU latency: 12.3857 ms - Host latency: 12.5635 ms (enqueue 4.26758 ms)
[10/04/2026-22:03:11] [I] Average on 1 runs - GPU latency: 12.4092 ms - Host latency: 12.6055 ms (enqueue 4.25684 ms)
[10/04/2026-22:03:11] [I] Average on 1 runs - GPU latency: 12.4111 ms - Host latency: 12.5898 ms (enqueue 4.2793 ms)
[10/04/2026-22:03:11] [I] Average on 1 runs - GPU latency: 12.3926 ms - Host latency: 12.585 ms (enqueue 2.75684 ms)
[10/04/2026-22:03:11] [I] Average on 1 runs - GPU latency: 12.3984 ms - Host latency: 12.5879 ms (enqueue 4.48242 ms)
[10/04/2026-22:03:11] [I] Average on 1 runs - GPU latency: 12.3965 ms - Host latency: 12.5801 ms (enqueue 4.20215 ms)
[10/04/2026-22:03:11] [I] Average on 1 runs - GPU latency: 12.3818 ms - Host latency: 12.5605 ms (enqueue 4.30859 ms)
[10/04/2026-22:03:11] [I] Average on 1 runs - GPU latency: 12.3945 ms - Host latency: 12.5723 ms (enqueue 4.13574 ms)
[10/04/2026-22:03:11] [I] Average on 1 runs - GPU latency: 12.3818 ms - Host latency: 12.5625 ms (enqueue 4.23535 ms)
[10/04/2026-22:03:11] [I] Average on 1 runs - GPU latency: 12.3926 ms - Host latency: 12.5732 ms (enqueue 4.24316 ms)
[10/04/2026-22:03:11] [I] Average on 1 runs - GPU latency: 12.4033 ms - Host latency: 12.583 ms (enqueue 4.2334 ms)
[10/04/2026-22:03:11] [I] Average on 1 runs - GPU latency: 12.3896 ms - Host latency: 12.5684 ms (enqueue 4.20898 ms)
[10/04/2026-22:03:11] [I] Average on 1 runs - GPU latency: 12.3975 ms - Host latency: 12.5762 ms (enqueue 4.20215 ms)
[10/04/2026-22:03:11] [I] Average on 1 runs - GPU latency: 12.3926 ms - Host latency: 12.5713 ms (enqueue 4.32324 ms)
[10/04/2026-22:03:11] [I] Average on 1 runs - GPU latency: 12.3867 ms - Host latency: 12.5742 ms (enqueue 4.25977 ms)
[10/04/2026-22:03:11] [I] Average on 1 runs - GPU latency: 12.3867 ms - Host latency: 12.5635 ms (enqueue 4.28125 ms)
[10/04/2026-22:03:11] [I] Average on 1 runs - GPU latency: 12.3945 ms - Host latency: 12.5723 ms (enqueue 4.24414 ms)
[10/04/2026-22:03:11] [I] Average on 1 runs - GPU latency: 12.3994 ms - Host latency: 12.5771 ms (enqueue 4.34082 ms)
[10/04/2026-22:03:11] [I] Average on 1 runs - GPU latency: 12.3877 ms - Host latency: 12.5752 ms (enqueue 4.31152 ms)
[10/04/2026-22:03:11] [I] Average on 1 runs - GPU latency: 12.3877 ms - Host latency: 12.5664 ms (enqueue 4.27539 ms)
[10/04/2026-22:03:11] [I] Average on 1 runs - GPU latency: 12.4121 ms - Host latency: 12.5898 ms (enqueue 4.25488 ms)
[10/04/2026-22:03:11] [I] Average on 1 runs - GPU latency: 12.4004 ms - Host latency: 12.5879 ms (enqueue 4.18359 ms)
[10/04/2026-22:03:11] [I] Average on 1 runs - GPU latency: 12.4043 ms - Host latency: 12.5928 ms (enqueue 4.20117 ms)
[10/04/2026-22:03:11] [I] Average on 1 runs - GPU latency: 12.3984 ms - Host latency: 12.5771 ms (enqueue 4.20312 ms)
[10/04/2026-22:03:11] [I] Average on 1 runs - GPU latency: 12.3848 ms - Host latency: 12.5732 ms (enqueue 4.2002 ms)
[10/04/2026-22:03:11] [I] Average on 1 runs - GPU latency: 12.3926 ms - Host latency: 12.5703 ms (enqueue 4.21582 ms)
[10/04/2026-22:03:11] [I] Average on 1 runs - GPU latency: 12.377 ms - Host latency: 12.5547 ms (enqueue 4.25098 ms)
[10/04/2026-22:03:11] [I] Average on 1 runs - GPU latency: 12.3789 ms - Host latency: 12.5586 ms (enqueue 4.23145 ms)
[10/04/2026-22:03:11] [I] Average on 1 runs - GPU latency: 12.3906 ms - Host latency: 12.585 ms (enqueue 4.29102 ms)
[10/04/2026-22:03:11] [I] Average on 1 runs - GPU latency: 12.4072 ms - Host latency: 12.5859 ms (enqueue 4.1123 ms)
[10/04/2026-22:03:11] [I] Average on 1 runs - GPU latency: 12.3799 ms - Host latency: 12.5586 ms (enqueue 4.21387 ms)
[10/04/2026-22:03:11] [I] Average on 1 runs - GPU latency: 12.4014 ms - Host latency: 12.5801 ms (enqueue 4.30078 ms)
[10/04/2026-22:03:11] [I] Average on 1 runs - GPU latency: 12.3906 ms - Host latency: 12.5684 ms (enqueue 4.24121 ms)
[10/04/2026-22:03:11] [I] Average on 1 runs - GPU latency: 12.415 ms - Host latency: 12.5938 ms (enqueue 4.2666 ms)
[10/04/2026-22:03:11] [I] Average on 1 runs - GPU latency: 12.4092 ms - Host latency: 12.5898 ms (enqueue 4.18652 ms)
[10/04/2026-22:03:11] [I] Average on 1 runs - GPU latency: 12.3975 ms - Host latency: 12.5879 ms (enqueue 4.25781 ms)
[10/04/2026-22:03:11] [I] Average on 1 runs - GPU latency: 12.3857 ms - Host latency: 12.5645 ms (enqueue 4.25977 ms)
[10/04/2026-22:03:11] [I] Average on 1 runs - GPU latency: 12.3936 ms - Host latency: 12.5811 ms (enqueue 4.24219 ms)
[10/04/2026-22:03:11] [I] Average on 1 runs - GPU latency: 12.4004 ms - Host latency: 12.5801 ms (enqueue 4.25195 ms)
[10/04/2026-22:03:11] [I] Average on 1 runs - GPU latency: 12.4033 ms - Host latency: 12.582 ms (enqueue 4.23828 ms)
[10/04/2026-22:03:11] [I] Average on 1 runs - GPU latency: 12.3955 ms - Host latency: 12.5732 ms (enqueue 4.30469 ms)
[10/04/2026-22:03:11] [I] Average on 1 runs - GPU latency: 12.3857 ms - Host latency: 12.5723 ms (enqueue 4.18262 ms)
[10/04/2026-22:03:11] [I] Average on 1 runs - GPU latency: 12.3906 ms - Host latency: 12.5879 ms (enqueue 4.22656 ms)
[10/04/2026-22:03:11] [I] Average on 1 runs - GPU latency: 12.3848 ms - Host latency: 12.5654 ms (enqueue 4.25293 ms)
[10/04/2026-22:03:11] [I] Average on 1 runs - GPU latency: 12.4053 ms - Host latency: 12.584 ms (enqueue 4.29883 ms)
[10/04/2026-22:03:11] [I] Average on 1 runs - GPU latency: 12.3877 ms - Host latency: 12.5674 ms (enqueue 4.27539 ms)
[10/04/2026-22:03:11] [I] Average on 1 runs - GPU latency: 12.3955 ms - Host latency: 12.5752 ms (enqueue 4.26367 ms)
[10/04/2026-22:03:11] [I] Average on 1 runs - GPU latency: 12.4004 ms - Host latency: 12.5811 ms (enqueue 4.25098 ms)
[10/04/2026-22:03:11] [I] Average on 1 runs - GPU latency: 12.3848 ms - Host latency: 12.5615 ms (enqueue 4.21973 ms)
[10/04/2026-22:03:11] [I] Average on 1 runs - GPU latency: 12.4053 ms - Host latency: 12.5928 ms (enqueue 4.3291 ms)
[10/04/2026-22:03:11] [I] Average on 1 runs - GPU latency: 12.3906 ms - Host latency: 12.5693 ms (enqueue 4.29004 ms)
[10/04/2026-22:03:11] [I] Average on 1 runs - GPU latency: 12.3965 ms - Host latency: 12.5742 ms (enqueue 4.24219 ms)
[10/04/2026-22:03:11] [I] Average on 1 runs - GPU latency: 12.4004 ms - Host latency: 12.5781 ms (enqueue 4.28711 ms)
[10/04/2026-22:03:11] [I] Average on 1 runs - GPU latency: 12.3945 ms - Host latency: 12.5801 ms (enqueue 4.20117 ms)
[10/04/2026-22:03:11] [I] Average on 1 runs - GPU latency: 12.377 ms - Host latency: 12.5547 ms (enqueue 4.25586 ms)
[10/04/2026-22:03:11] [I] Average on 1 runs - GPU latency: 12.4023 ms - Host latency: 12.5879 ms (enqueue 4.21484 ms)
[10/04/2026-22:03:11] [I] Average on 1 runs - GPU latency: 12.3984 ms - Host latency: 12.5781 ms (enqueue 4.10938 ms)
[10/04/2026-22:03:11] [I] Average on 1 runs - GPU latency: 12.4082 ms - Host latency: 12.5859 ms (enqueue 4.20898 ms)
[10/04/2026-22:03:11] [I] Average on 1 runs - GPU latency: 12.4141 ms - Host latency: 12.5918 ms (enqueue 4.24023 ms)
[10/04/2026-22:03:11] [I] Average on 1 runs - GPU latency: 12.3887 ms - Host latency: 12.5664 ms (enqueue 4.22656 ms)
[10/04/2026-22:03:11] [I] Average on 1 runs - GPU latency: 12.4062 ms - Host latency: 12.584 ms (enqueue 4.26758 ms)
[10/04/2026-22:03:11] [I] Average on 1 runs - GPU latency: 12.4004 ms - Host latency: 12.5781 ms (enqueue 4.18164 ms)
[10/04/2026-22:03:11] [I] Average on 1 runs - GPU latency: 12.3926 ms - Host latency: 12.5723 ms (enqueue 4.24414 ms)
[10/04/2026-22:03:11] [I] Average on 1 runs - GPU latency: 12.3965 ms - Host latency: 12.5762 ms (enqueue 4.30078 ms)
[10/04/2026-22:03:11] [I] Average on 1 runs - GPU latency: 12.375 ms - Host latency: 12.5527 ms (enqueue 4.30469 ms)
[10/04/2026-22:03:11] [I] Average on 1 runs - GPU latency: 12.3984 ms - Host latency: 12.5781 ms (enqueue 4.32812 ms)
[10/04/2026-22:03:11] [I] Average on 1 runs - GPU latency: 12.3926 ms - Host latency: 12.5723 ms (enqueue 4.25 ms)
[10/04/2026-22:03:11] [I] Average on 1 runs - GPU latency: 12.3945 ms - Host latency: 12.5742 ms (enqueue 4.25391 ms)
[10/04/2026-22:03:11] [I] Average on 1 runs - GPU latency: 12.3984 ms - Host latency: 12.5781 ms (enqueue 4.2793 ms)
[10/04/2026-22:03:11] [I] Average on 1 runs - GPU latency: 12.3887 ms - Host latency: 12.5977 ms (enqueue 4.31055 ms)
[10/04/2026-22:03:11] [I] Average on 1 runs - GPU latency: 12.4121 ms - Host latency: 12.5898 ms (enqueue 4.34766 ms)
[10/04/2026-22:03:11] [I] Average on 1 runs - GPU latency: 12.3965 ms - Host latency: 12.5762 ms (enqueue 4.30469 ms)
[10/04/2026-22:03:11] [I] Average on 1 runs - GPU latency: 12.3965 ms - Host latency: 12.5781 ms (enqueue 4.28711 ms)
[10/04/2026-22:03:11] [I] Average on 1 runs - GPU latency: 12.4023 ms - Host latency: 12.5801 ms (enqueue 4.25195 ms)
[10/04/2026-22:03:11] [I] Average on 1 runs - GPU latency: 12.3887 ms - Host latency: 12.5684 ms (enqueue 4.2793 ms)
[10/04/2026-22:03:11] [I] Average on 1 runs - GPU latency: 12.4082 ms - Host latency: 12.5859 ms (enqueue 4.26367 ms)
[10/04/2026-22:03:11] [I] Average on 1 runs - GPU latency: 12.3887 ms - Host latency: 12.5664 ms (enqueue 4.34375 ms)
[10/04/2026-22:03:11] [I] Average on 1 runs - GPU latency: 12.4141 ms - Host latency: 12.5918 ms (enqueue 4.30273 ms)
[10/04/2026-22:03:11] [I] Average on 1 runs - GPU latency: 12.3828 ms - Host latency: 12.5605 ms (enqueue 4.24219 ms)
[10/04/2026-22:03:11] [I] Average on 1 runs - GPU latency: 12.3926 ms - Host latency: 12.5703 ms (enqueue 4.28711 ms)
[10/04/2026-22:03:11] [I] Average on 1 runs - GPU latency: 12.3906 ms - Host latency: 12.5742 ms (enqueue 4.31055 ms)
[10/04/2026-22:03:11] [I] Average on 1 runs - GPU latency: 12.3965 ms - Host latency: 12.5762 ms (enqueue 4.26562 ms)
[10/04/2026-22:03:11] [I] Average on 1 runs - GPU latency: 12.3965 ms - Host latency: 12.5742 ms (enqueue 4.30664 ms)
[10/04/2026-22:03:11] [I] Average on 1 runs - GPU latency: 12.3984 ms - Host latency: 12.5781 ms (enqueue 4.2168 ms)
[10/04/2026-22:03:11] [I] Average on 1 runs - GPU latency: 12.4023 ms - Host latency: 12.582 ms (enqueue 4.33789 ms)
[10/04/2026-22:03:11] [I] Average on 1 runs - GPU latency: 12.3906 ms - Host latency: 12.5684 ms (enqueue 4.17188 ms)
[10/04/2026-22:03:11] [I] Average on 1 runs - GPU latency: 12.3867 ms - Host latency: 12.5645 ms (enqueue 4.30469 ms)
[10/04/2026-22:03:11] [I] Average on 1 runs - GPU latency: 12.3867 ms - Host latency: 12.5645 ms (enqueue 4.31055 ms)
[10/04/2026-22:03:11] [I] Average on 1 runs - GPU latency: 12.3926 ms - Host latency: 12.5723 ms (enqueue 4.2832 ms)
[10/04/2026-22:03:11] [I] Average on 1 runs - GPU latency: 12.3984 ms - Host latency: 12.5762 ms (enqueue 4.31836 ms)
[10/04/2026-22:03:11] [I] Average on 1 runs - GPU latency: 12.3965 ms - Host latency: 12.5742 ms (enqueue 4.26758 ms)
[10/04/2026-22:03:11] [I] Average on 1 runs - GPU latency: 12.4062 ms - Host latency: 12.5859 ms (enqueue 4.24805 ms)
[10/04/2026-22:03:11] [I] Average on 1 runs - GPU latency: 12.3906 ms - Host latency: 12.5703 ms (enqueue 4.20508 ms)
[10/04/2026-22:03:11] [I] Average on 1 runs - GPU latency: 12.3984 ms - Host latency: 12.5781 ms (enqueue 4.30664 ms)
[10/04/2026-22:03:11] [I] Average on 1 runs - GPU latency: 12.3809 ms - Host latency: 12.5605 ms (enqueue 4.24414 ms)
[10/04/2026-22:03:11] [I] Average on 1 runs - GPU latency: 12.3848 ms - Host latency: 12.5625 ms (enqueue 4.22266 ms)
[10/04/2026-22:03:11] [I] Average on 1 runs - GPU latency: 12.4102 ms - Host latency: 12.5879 ms (enqueue 4.2793 ms)
[10/04/2026-22:03:11] [I] Average on 1 runs - GPU latency: 12.3965 ms - Host latency: 12.5742 ms (enqueue 4.2793 ms)
[10/04/2026-22:03:11] [I] Average on 1 runs - GPU latency: 12.3926 ms - Host latency: 12.5801 ms (enqueue 4.27148 ms)
[10/04/2026-22:03:11] [I] Average on 1 runs - GPU latency: 12.4082 ms - Host latency: 12.5859 ms (enqueue 4.2832 ms)
[10/04/2026-22:03:11] [I] Average on 1 runs - GPU latency: 12.418 ms - Host latency: 12.6094 ms (enqueue 4.10742 ms)
[10/04/2026-22:03:11] [I] Average on 1 runs - GPU latency: 12.4062 ms - Host latency: 12.5859 ms (enqueue 4.16797 ms)
[10/04/2026-22:03:11] [I] Average on 1 runs - GPU latency: 12.3809 ms - Host latency: 12.5586 ms (enqueue 4.1875 ms)
[10/04/2026-22:03:11] [I] Average on 1 runs - GPU latency: 12.4043 ms - Host latency: 12.584 ms (enqueue 4.21289 ms)
[10/04/2026-22:03:11] [I] Average on 1 runs - GPU latency: 12.3887 ms - Host latency: 12.5664 ms (enqueue 4.16797 ms)
[10/04/2026-22:03:11] [I] Average on 1 runs - GPU latency: 12.3984 ms - Host latency: 12.5781 ms (enqueue 4.16211 ms)
[10/04/2026-22:03:11] [I] Average on 1 runs - GPU latency: 12.3984 ms - Host latency: 12.5762 ms (enqueue 4.20312 ms)
[10/04/2026-22:03:11] [I] Average on 1 runs - GPU latency: 12.3848 ms - Host latency: 12.5625 ms (enqueue 4.28906 ms)
[10/04/2026-22:03:11] [I] Average on 1 runs - GPU latency: 12.4121 ms - Host latency: 12.5938 ms (enqueue 4.30469 ms)
[10/04/2026-22:03:11] [I] Average on 1 runs - GPU latency: 12.3887 ms - Host latency: 12.5664 ms (enqueue 4.26367 ms)
[10/04/2026-22:03:11] [I] Average on 1 runs - GPU latency: 12.4062 ms - Host latency: 12.5977 ms (enqueue 4.25195 ms)
[10/04/2026-22:03:11] [I] Average on 1 runs - GPU latency: 12.4043 ms - Host latency: 12.5859 ms (enqueue 4.19727 ms)
[10/04/2026-22:03:11] [I] Average on 1 runs - GPU latency: 12.4121 ms - Host latency: 12.5918 ms (enqueue 4.29297 ms)
[10/04/2026-22:03:11] [I] Average on 1 runs - GPU latency: 12.3887 ms - Host latency: 12.5684 ms (enqueue 4.29883 ms)
[10/04/2026-22:03:11] [I] Average on 1 runs - GPU latency: 12.4062 ms - Host latency: 12.5859 ms (enqueue 4.30664 ms)
[10/04/2026-22:03:11] [I] Average on 1 runs - GPU latency: 12.3926 ms - Host latency: 12.5723 ms (enqueue 4.3125 ms)
[10/04/2026-22:03:11] [I] Average on 1 runs - GPU latency: 12.4082 ms - Host latency: 12.5859 ms (enqueue 4.27344 ms)
[10/04/2026-22:03:11] [I] Average on 1 runs - GPU latency: 12.4043 ms - Host latency: 12.582 ms (enqueue 4.27148 ms)
[10/04/2026-22:03:11] [I] Average on 1 runs - GPU latency: 12.3828 ms - Host latency: 12.5645 ms (enqueue 4.24414 ms)
[10/04/2026-22:03:11] [I] Average on 1 runs - GPU latency: 12.3945 ms - Host latency: 12.5723 ms (enqueue 4.28711 ms)
[10/04/2026-22:03:11] [I] Average on 1 runs - GPU latency: 12.4082 ms - Host latency: 12.5859 ms (enqueue 4.25391 ms)
[10/04/2026-22:03:11] [I] Average on 1 runs - GPU latency: 12.3965 ms - Host latency: 12.5742 ms (enqueue 4.28125 ms)
[10/04/2026-22:03:11] [I] Average on 1 runs - GPU latency: 12.4062 ms - Host latency: 12.5859 ms (enqueue 4.19922 ms)
[10/04/2026-22:03:11] [I] Average on 1 runs - GPU latency: 12.3867 ms - Host latency: 12.5664 ms (enqueue 4.28125 ms)
[10/04/2026-22:03:11] [I] Average on 1 runs - GPU latency: 12.3945 ms - Host latency: 12.5723 ms (enqueue 4.24609 ms)
[10/04/2026-22:03:11] [I] Average on 1 runs - GPU latency: 12.4023 ms - Host latency: 12.582 ms (enqueue 4.25195 ms)
[10/04/2026-22:03:11] [I] Average on 1 runs - GPU latency: 12.4004 ms - Host latency: 12.5781 ms (enqueue 4.25 ms)
[10/04/2026-22:03:11] [I] Average on 1 runs - GPU latency: 12.4043 ms - Host latency: 12.582 ms (enqueue 4.18164 ms)
[10/04/2026-22:03:11] [I] Average on 1 runs - GPU latency: 12.375 ms - Host latency: 12.5527 ms (enqueue 4.24414 ms)
[10/04/2026-22:03:11] [I] Average on 1 runs - GPU latency: 12.3984 ms - Host latency: 12.5762 ms (enqueue 4.2793 ms)
[10/04/2026-22:03:11] [I] Average on 1 runs - GPU latency: 12.3809 ms - Host latency: 12.5586 ms (enqueue 4.32031 ms)
[10/04/2026-22:03:11] [I] Average on 1 runs - GPU latency: 12.3809 ms - Host latency: 12.5684 ms (enqueue 4.22656 ms)
[10/04/2026-22:03:11] [I] 
[10/04/2026-22:03:11] [I] === Performance summary ===
[10/04/2026-22:03:11] [I] Throughput: 48.9923 qps
[10/04/2026-22:03:11] [I] Latency: min = 4.27173 ms, max = 12.6113 ms, mean = 10.7818 ms, median = 9.6582 ms, percentile(90%) = 12.5859 ms, percentile(95%) = 12.5908 ms, percentile(99%) = 12.6006 ms
[10/04/2026-22:03:11] [I] Enqueue Time: min = 2.75684 ms, max = 4.48242 ms, mean = 4.25092 ms, median = 4.26953 ms, percentile(90%) = 4.31836 ms, percentile(95%) = 4.33203 ms, percentile(99%) = 4.37012 ms
[10/04/2026-22:03:11] [I] H2D Latency: min = 0.0622559 ms, max = 0.199219 ms, mean = 0.14765 ms, median = 0.149414 ms, percentile(90%) = 0.169922 ms, percentile(95%) = 0.175781 ms, percentile(99%) = 0.18457 ms
[10/04/2026-22:03:11] [I] GPU Compute Time: min = 4.19165 ms, max = 12.4307 ms, mean = 10.6256 ms, median = 9.50586 ms, percentile(90%) = 12.4043 ms, percentile(95%) = 12.4102 ms, percentile(99%) = 12.4189 ms
[10/04/2026-22:03:11] [I] D2H Latency: min = 0.00366211 ms, max = 0.0117188 ms, mean = 0.00850086 ms, median = 0.00878906 ms, percentile(90%) = 0.00976562 ms, percentile(95%) = 0.0107422 ms, percentile(99%) = 0.0117188 ms
[10/04/2026-22:03:11] [I] Total Host Walltime: 15.0432 s
[10/04/2026-22:03:11] [I] Total GPU Compute Time: 7.83108 s
[10/04/2026-22:03:11] [I] Explanations of the performance metrics are printed in the verbose logs.
[10/04/2026-22:03:11] [I] 
&&&& PASSED TensorRT.trtexec [TensorRT v100300] # /usr/src/tensorrt/bin/trtexec --loadEngine=/tmp/yolo26n_84172_uint8_fp16_opt3.engine --warmUp=3000 --duration=15 --idleTime=16 --avgRuns=1
