&&&& RUNNING TensorRT.trtexec [TensorRT v100300] # /usr/src/tensorrt/bin/trtexec --loadEngine=/tmp/yolo26n_84172_uint8_fp16_opt3.engine --warmUp=3000 --duration=15 --idleTime=0 --avgRuns=1
[10/06/2026-14:10:33] [I] === Model Options ===
[10/06/2026-14:10:33] [I] Format: *
[10/06/2026-14:10:33] [I] Model: 
[10/06/2026-14:10:33] [I] Output:
[10/06/2026-14:10:33] [I] 
[10/06/2026-14:10:33] [I] === System Options ===
[10/06/2026-14:10:33] [I] Device: 0
[10/06/2026-14:10:33] [I] DLACore: 
[10/06/2026-14:10:33] [I] Plugins:
[10/06/2026-14:10:33] [I] setPluginsToSerialize:
[10/06/2026-14:10:33] [I] dynamicPlugins:
[10/06/2026-14:10:33] [I] ignoreParsedPluginLibs: 0
[10/06/2026-14:10:33] [I] 
[10/06/2026-14:10:33] [I] === Inference Options ===
[10/06/2026-14:10:33] [I] Batch: Explicit
[10/06/2026-14:10:33] [I] Input inference shapes: model
[10/06/2026-14:10:33] [I] Iterations: 10
[10/06/2026-14:10:33] [I] Duration: 15s (+ 3000ms warm up)
[10/06/2026-14:10:33] [I] Sleep time: 0ms
[10/06/2026-14:10:33] [I] Idle time: 0ms
[10/06/2026-14:10:33] [I] Inference Streams: 1
[10/06/2026-14:10:33] [I] ExposeDMA: Disabled
[10/06/2026-14:10:33] [I] Data transfers: Enabled
[10/06/2026-14:10:33] [I] Spin-wait: Disabled
[10/06/2026-14:10:33] [I] Multithreading: Disabled
[10/06/2026-14:10:33] [I] CUDA Graph: Disabled
[10/06/2026-14:10:33] [I] Separate profiling: Disabled
[10/06/2026-14:10:33] [I] Time Deserialize: Disabled
[10/06/2026-14:10:33] [I] Time Refit: Disabled
[10/06/2026-14:10:33] [I] NVTX verbosity: 0
[10/06/2026-14:10:33] [I] Persistent Cache Ratio: 0
[10/06/2026-14:10:33] [I] Optimization Profile Index: 0
[10/06/2026-14:10:33] [I] Weight Streaming Budget: 100.000000%
[10/06/2026-14:10:33] [I] Inputs:
[10/06/2026-14:10:33] [I] Debug Tensor Save Destinations:
[10/06/2026-14:10:33] [I] === Reporting Options ===
[10/06/2026-14:10:33] [I] Verbose: Disabled
[10/06/2026-14:10:33] [I] Averages: 1 inferences
[10/06/2026-14:10:33] [I] Percentiles: 90,95,99
[10/06/2026-14:10:33] [I] Dump refittable layers:Disabled
[10/06/2026-14:10:33] [I] Dump output: Disabled
[10/06/2026-14:10:33] [I] Profile: Disabled
[10/06/2026-14:10:33] [I] Export timing to JSON file: 
[10/06/2026-14:10:33] [I] Export output to JSON file: 
[10/06/2026-14:10:33] [I] Export profile to JSON file: 
[10/06/2026-14:10:33] [I] 
[10/06/2026-14:10:33] [I] === Device Information ===
[10/06/2026-14:10:33] [I] Available Devices: 
[10/06/2026-14:10:33] [I]   Device 0: "Orin" UUID: GPU-6e16c2c1-e394-5324-8f2e-63a975968f4e
[10/06/2026-14:10:33] [I] Selected Device: Orin
[10/06/2026-14:10:33] [I] Selected Device ID: 0
[10/06/2026-14:10:33] [I] Selected Device UUID: GPU-6e16c2c1-e394-5324-8f2e-63a975968f4e
[10/06/2026-14:10:33] [I] Compute Capability: 8.7
[10/06/2026-14:10:33] [I] SMs: 8
[10/06/2026-14:10:33] [I] Device Global Memory: 7607 MiB
[10/06/2026-14:10:33] [I] Shared Memory per SM: 164 KiB
[10/06/2026-14:10:33] [I] Memory Bus Width: 128 bits (ECC disabled)
[10/06/2026-14:10:33] [I] Application Compute Clock Rate: 1.02 GHz
[10/06/2026-14:10:33] [I] Application Memory Clock Rate: 0.714 GHz
[10/06/2026-14:10:33] [I] 
[10/06/2026-14:10:33] [I] Note: The application clock rates do not reflect the actual clock rates that the GPU is currently running at.
[10/06/2026-14:10:33] [I] 
[10/06/2026-14:10:33] [I] TensorRT version: 10.3.0
[10/06/2026-14:10:33] [I] Loading standard plugins
[10/06/2026-14:10:34] [I] [TRT] Loaded engine size: 7 MiB
[10/06/2026-14:10:34] [I] Engine deserialized in 0.0706046 sec.
[10/06/2026-14:10:34] [I] [TRT] [MemUsageChange] TensorRT-managed allocation in IExecutionContext creation: CPU +0, GPU +12, now: CPU 0, GPU 16 (MiB)
[10/06/2026-14:10:34] [I] Setting persistentCacheLimit to 0 bytes.
[10/06/2026-14:10:34] [I] Created execution context with device memory size: 12.207 MiB
[10/06/2026-14:10:34] [I] Using random values for input images
[10/06/2026-14:10:34] [I] Input binding for images with dimensions 1x640x640x3 is created.
[10/06/2026-14:10:34] [I] Output binding for output0 with dimensions 1x300x6 is created.
[10/06/2026-14:10:34] [I] Starting inference
[10/06/2026-14:10:52] [I] Warmup completed 514 queries over 3000 ms
[10/06/2026-14:10:52] [I] Timing trace has 2652 queries over 15.0185 s
[10/06/2026-14:10:52] [I] 
[10/06/2026-14:10:52] [I] === Trace details ===
[10/06/2026-14:10:52] [I] Trace averages of 1 runs:
[10/06/2026-14:10:52] [I] Average on 1 runs - GPU latency: 5.6582 ms - Host latency: 5.80762 ms (enqueue 4.20288 ms)
[10/06/2026-14:10:52] [I] Average on 1 runs - GPU latency: 5.65479 ms - Host latency: 5.75757 ms (enqueue 3.89404 ms)
[10/06/2026-14:10:52] [I] Average on 1 runs - GPU latency: 5.61768 ms - Host latency: 5.71899 ms (enqueue 3.84326 ms)
[10/06/2026-14:10:52] [I] Average on 1 runs - GPU latency: 5.67432 ms - Host latency: 5.79102 ms (enqueue 3.94312 ms)
[10/06/2026-14:10:52] [I] Average on 1 runs - GPU latency: 5.66919 ms - Host latency: 5.80981 ms (enqueue 3.94531 ms)
[10/06/2026-14:10:52] [I] Average on 1 runs - GPU latency: 5.66675 ms - Host latency: 5.78442 ms (enqueue 4.17505 ms)
[10/06/2026-14:10:52] [I] Average on 1 runs - GPU latency: 5.6814 ms - Host latency: 5.78369 ms (enqueue 3.88745 ms)
[10/06/2026-14:10:52] [I] Average on 1 runs - GPU latency: 5.67017 ms - Host latency: 5.78613 ms (enqueue 3.93433 ms)
[10/06/2026-14:10:52] [I] Average on 1 runs - GPU latency: 5.66626 ms - Host latency: 5.79736 ms (enqueue 4.09277 ms)
[10/06/2026-14:10:52] [I] Average on 1 runs - GPU latency: 5.66309 ms - Host latency: 5.78491 ms (enqueue 3.94678 ms)
[10/06/2026-14:10:52] [I] Average on 1 runs - GPU latency: 5.63916 ms - Host latency: 5.74512 ms (enqueue 4.18774 ms)
[10/06/2026-14:10:52] [I] Average on 1 runs - GPU latency: 5.65381 ms - Host latency: 5.76831 ms (enqueue 3.88599 ms)
[10/06/2026-14:10:52] [I] Average on 1 runs - GPU latency: 5.6709 ms - Host latency: 5.80615 ms (enqueue 4.15869 ms)
[10/06/2026-14:10:52] [I] Average on 1 runs - GPU latency: 5.66895 ms - Host latency: 5.79858 ms (enqueue 3.90381 ms)
[10/06/2026-14:10:52] [I] Average on 1 runs - GPU latency: 5.6792 ms - Host latency: 5.81519 ms (enqueue 3.88452 ms)
[10/06/2026-14:10:52] [I] Average on 1 runs - GPU latency: 5.6731 ms - Host latency: 5.81494 ms (enqueue 4.08521 ms)
[10/06/2026-14:10:52] [I] Average on 1 runs - GPU latency: 5.6687 ms - Host latency: 5.77563 ms (enqueue 3.87769 ms)
[10/06/2026-14:10:52] [I] Average on 1 runs - GPU latency: 5.65894 ms - Host latency: 5.78809 ms (enqueue 4.20386 ms)
[10/06/2026-14:10:52] [I] Average on 1 runs - GPU latency: 5.6626 ms - Host latency: 5.78784 ms (enqueue 3.91772 ms)
[10/06/2026-14:10:52] [I] Average on 1 runs - GPU latency: 5.62939 ms - Host latency: 5.74292 ms (enqueue 3.96704 ms)
[10/06/2026-14:10:52] [I] Average on 1 runs - GPU latency: 5.57788 ms - Host latency: 5.70215 ms (enqueue 4.03882 ms)
[10/06/2026-14:10:52] [I] Average on 1 runs - GPU latency: 5.68066 ms - Host latency: 5.7771 ms (enqueue 3.79199 ms)
[10/06/2026-14:10:52] [I] Average on 1 runs - GPU latency: 5.66406 ms - Host latency: 5.79858 ms (enqueue 4.15869 ms)
[10/06/2026-14:10:52] [I] Average on 1 runs - GPU latency: 5.67505 ms - Host latency: 5.80933 ms (enqueue 3.92529 ms)
[10/06/2026-14:10:52] [I] Average on 1 runs - GPU latency: 5.66455 ms - Host latency: 5.8042 ms (enqueue 4.23193 ms)
[10/06/2026-14:10:52] [I] Average on 1 runs - GPU latency: 5.66577 ms - Host latency: 5.79956 ms (enqueue 3.92383 ms)
[10/06/2026-14:10:52] [I] Average on 1 runs - GPU latency: 5.66333 ms - Host latency: 5.76587 ms (enqueue 3.84937 ms)
[10/06/2026-14:10:52] [I] Average on 1 runs - GPU latency: 5.67407 ms - Host latency: 5.77979 ms (enqueue 3.98096 ms)
[10/06/2026-14:10:52] [I] Average on 1 runs - GPU latency: 5.60791 ms - Host latency: 5.71338 ms (enqueue 3.88989 ms)
[10/06/2026-14:10:52] [I] Average on 1 runs - GPU latency: 5.63818 ms - Host latency: 5.75 ms (enqueue 3.99463 ms)
[10/06/2026-14:10:52] [I] Average on 1 runs - GPU latency: 5.66504 ms - Host latency: 5.77319 ms (enqueue 3.89038 ms)
[10/06/2026-14:10:52] [I] Average on 1 runs - GPU latency: 5.65869 ms - Host latency: 5.76978 ms (enqueue 3.90967 ms)
[10/06/2026-14:10:52] [I] Average on 1 runs - GPU latency: 5.66113 ms - Host latency: 5.76636 ms (enqueue 3.88501 ms)
[10/06/2026-14:10:52] [I] Average on 1 runs - GPU latency: 5.67603 ms - Host latency: 5.78394 ms (enqueue 4.00635 ms)
[10/06/2026-14:10:52] [I] Average on 1 runs - GPU latency: 5.6626 ms - Host latency: 5.82129 ms (enqueue 4.04028 ms)
[10/06/2026-14:10:52] [I] Average on 1 runs - GPU latency: 5.66602 ms - Host latency: 5.79858 ms (enqueue 3.86157 ms)
[10/06/2026-14:10:52] [I] Average on 1 runs - GPU latency: 5.66992 ms - Host latency: 5.81348 ms (enqueue 3.81421 ms)
[10/06/2026-14:10:52] [I] Average on 1 runs - GPU latency: 5.59961 ms - Host latency: 5.729 ms (enqueue 3.90039 ms)
[10/06/2026-14:10:52] [I] Average on 1 runs - GPU latency: 5.66479 ms - Host latency: 5.77368 ms (enqueue 3.85962 ms)
[10/06/2026-14:10:52] [I] Average on 1 runs - GPU latency: 5.65967 ms - Host latency: 5.77026 ms (enqueue 4.14331 ms)
[10/06/2026-14:10:52] [I] Average on 1 runs - GPU latency: 5.66064 ms - Host latency: 5.77637 ms (enqueue 3.8938 ms)
[10/06/2026-14:10:52] [I] Average on 1 runs - GPU latency: 5.6665 ms - Host latency: 5.77417 ms (enqueue 4.22241 ms)
[10/06/2026-14:10:52] [I] Average on 1 runs - GPU latency: 5.66895 ms - Host latency: 5.79443 ms (enqueue 3.9397 ms)
[10/06/2026-14:10:52] [I] Average on 1 runs - GPU latency: 5.65894 ms - Host latency: 5.77246 ms (enqueue 3.90308 ms)
[10/06/2026-14:10:52] [I] Average on 1 runs - GPU latency: 5.66675 ms - Host latency: 5.79517 ms (enqueue 4.16699 ms)
[10/06/2026-14:10:52] [I] Average on 1 runs - GPU latency: 5.66162 ms - Host latency: 5.7959 ms (enqueue 3.87573 ms)
[10/06/2026-14:10:52] [I] Average on 1 runs - GPU latency: 5.61108 ms - Host latency: 5.72583 ms (enqueue 4.19092 ms)
[10/06/2026-14:10:52] [I] Average on 1 runs - GPU latency: 5.66895 ms - Host latency: 5.77319 ms (enqueue 3.89233 ms)
[10/06/2026-14:10:52] [I] Average on 1 runs - GPU latency: 5.67383 ms - Host latency: 5.79077 ms (enqueue 3.90796 ms)
[10/06/2026-14:10:52] [I] Average on 1 runs - GPU latency: 5.66553 ms - Host latency: 5.83228 ms (enqueue 4.40747 ms)
[10/06/2026-14:10:52] [I] Average on 1 runs - GPU latency: 5.66577 ms - Host latency: 5.77319 ms (enqueue 3.58716 ms)
[10/06/2026-14:10:52] [I] Average on 1 runs - GPU latency: 5.67676 ms - Host latency: 5.79614 ms (enqueue 3.99951 ms)
[10/06/2026-14:10:52] [I] Average on 1 runs - GPU latency: 5.62378 ms - Host latency: 5.78296 ms (enqueue 3.95801 ms)
[10/06/2026-14:10:52] [I] Average on 1 runs - GPU latency: 5.67358 ms - Host latency: 5.80005 ms (enqueue 3.4646 ms)
[10/06/2026-14:10:52] [I] Average on 1 runs - GPU latency: 5.66309 ms - Host latency: 5.79224 ms (enqueue 3.8457 ms)
[10/06/2026-14:10:52] [I] Average on 1 runs - GPU latency: 5.67065 ms - Host latency: 5.83643 ms (enqueue 3.91187 ms)
[10/06/2026-14:10:52] [I] Average on 1 runs - GPU latency: 5.63623 ms - Host latency: 5.77881 ms (enqueue 3.83081 ms)
[10/06/2026-14:10:52] [I] Average on 1 runs - GPU latency: 5.66382 ms - Host latency: 5.78809 ms (enqueue 3.9165 ms)
[10/06/2026-14:10:52] [I] Average on 1 runs - GPU latency: 5.67114 ms - Host latency: 5.7793 ms (enqueue 3.90576 ms)
[10/06/2026-14:10:52] [I] Average on 1 runs - GPU latency: 5.66064 ms - Host latency: 5.78931 ms (enqueue 3.85303 ms)
[10/06/2026-14:10:52] [I] Average on 1 runs - GPU latency: 5.66089 ms - Host latency: 5.79199 ms (enqueue 3.57031 ms)
[10/06/2026-14:10:52] [I] Average on 1 runs - GPU latency: 5.66675 ms - Host latency: 5.78491 ms (enqueue 3.84741 ms)
[10/06/2026-14:10:52] [I] Average on 1 runs - GPU latency: 5.66235 ms - Host latency: 5.76099 ms (enqueue 3.91333 ms)
[10/06/2026-14:10:52] [I] Average on 1 runs - GPU latency: 5.64624 ms - Host latency: 5.75513 ms (enqueue 3.88086 ms)
[10/06/2026-14:10:52] [I] Average on 1 runs - GPU latency: 5.60571 ms - Host latency: 5.72607 ms (enqueue 3.91943 ms)
[10/06/2026-14:10:52] [I] Average on 1 runs - GPU latency: 5.66235 ms - Host latency: 5.78101 ms (enqueue 4.17822 ms)
[10/06/2026-14:10:52] [I] Average on 1 runs - GPU latency: 5.66138 ms - Host latency: 5.76709 ms (enqueue 3.98828 ms)
[10/06/2026-14:10:52] [I] Average on 1 runs - GPU latency: 5.66772 ms - Host latency: 5.76294 ms (enqueue 3.88599 ms)
[10/06/2026-14:10:52] [I] Average on 1 runs - GPU latency: 5.6604 ms - Host latency: 5.76978 ms (enqueue 4.12695 ms)
[10/06/2026-14:10:52] [I] Average on 1 runs - GPU latency: 5.66919 ms - Host latency: 5.77368 ms (enqueue 3.94312 ms)
[10/06/2026-14:10:52] [I] Average on 1 runs - GPU latency: 5.66553 ms - Host latency: 5.7854 ms (enqueue 4.23071 ms)
[10/06/2026-14:10:52] [I] Average on 1 runs - GPU latency: 5.66602 ms - Host latency: 5.79199 ms (enqueue 3.90991 ms)
[10/06/2026-14:10:52] [I] Average on 1 runs - GPU latency: 5.64014 ms - Host latency: 5.75659 ms (enqueue 3.87451 ms)
[10/06/2026-14:10:52] [I] Average on 1 runs - GPU latency: 5.66284 ms - Host latency: 5.84985 ms (enqueue 4.10498 ms)
[10/06/2026-14:10:52] [I] Average on 1 runs - GPU latency: 5.67017 ms - Host latency: 5.80444 ms (enqueue 3.93311 ms)
[10/06/2026-14:10:52] [I] Average on 1 runs - GPU latency: 5.66406 ms - Host latency: 5.80273 ms (enqueue 4.18237 ms)
[10/06/2026-14:10:52] [I] Average on 1 runs - GPU latency: 5.66699 ms - Host latency: 5.77832 ms (enqueue 3.96143 ms)
[10/06/2026-14:10:52] [I] Average on 1 runs - GPU latency: 5.66333 ms - Host latency: 5.79297 ms (enqueue 4.07739 ms)
[10/06/2026-14:10:52] [I] Average on 1 runs - GPU latency: 5.66431 ms - Host latency: 5.77612 ms (enqueue 3.92627 ms)
[10/06/2026-14:10:52] [I] Average on 1 runs - GPU latency: 5.66821 ms - Host latency: 5.79272 ms (enqueue 3.90088 ms)
[10/06/2026-14:10:52] [I] Average on 1 runs - GPU latency: 5.65991 ms - Host latency: 5.7832 ms (enqueue 4.13135 ms)
[10/06/2026-14:10:52] [I] Average on 1 runs - GPU latency: 5.61963 ms - Host latency: 5.72144 ms (enqueue 3.90381 ms)
[10/06/2026-14:10:52] [I] Average on 1 runs - GPU latency: 5.64404 ms - Host latency: 5.77417 ms (enqueue 4.10522 ms)
[10/06/2026-14:10:52] [I] Average on 1 runs - GPU latency: 5.66211 ms - Host latency: 5.79565 ms (enqueue 3.88062 ms)
[10/06/2026-14:10:52] [I] Average on 1 runs - GPU latency: 5.66724 ms - Host latency: 5.77295 ms (enqueue 3.95239 ms)
[10/06/2026-14:10:52] [I] Average on 1 runs - GPU latency: 5.66772 ms - Host latency: 5.77393 ms (enqueue 4.19312 ms)
[10/06/2026-14:10:52] [I] Average on 1 runs - GPU latency: 5.65894 ms - Host latency: 5.80957 ms (enqueue 3.9646 ms)
[10/06/2026-14:10:52] [I] Average on 1 runs - GPU latency: 5.66504 ms - Host latency: 5.79077 ms (enqueue 4.07837 ms)
[10/06/2026-14:10:52] [I] Average on 1 runs - GPU latency: 5.66089 ms - Host latency: 5.77856 ms (enqueue 3.92212 ms)
[10/06/2026-14:10:52] [I] Average on 1 runs - GPU latency: 5.66235 ms - Host latency: 5.78491 ms (enqueue 4.30225 ms)
[10/06/2026-14:10:52] [I] Average on 1 runs - GPU latency: 5.61621 ms - Host latency: 5.71338 ms (enqueue 3.93433 ms)
[10/06/2026-14:10:52] [I] Average on 1 runs - GPU latency: 5.67163 ms - Host latency: 5.77612 ms (enqueue 3.85278 ms)
[10/06/2026-14:10:52] [I] Average on 1 runs - GPU latency: 5.66431 ms - Host latency: 5.7832 ms (enqueue 4.14111 ms)
[10/06/2026-14:10:52] [I] Average on 1 runs - GPU latency: 5.66943 ms - Host latency: 5.78687 ms (enqueue 3.94556 ms)
[10/06/2026-14:10:52] [I] Average on 1 runs - GPU latency: 5.65991 ms - Host latency: 5.78442 ms (enqueue 4.20312 ms)
[10/06/2026-14:10:52] [I] Average on 1 runs - GPU latency: 5.67065 ms - Host latency: 5.78418 ms (enqueue 3.91138 ms)
[10/06/2026-14:10:52] [I] Average on 1 runs - GPU latency: 5.67627 ms - Host latency: 5.77295 ms (enqueue 3.9314 ms)
[10/06/2026-14:10:52] [I] Average on 1 runs - GPU latency: 5.65796 ms - Host latency: 5.771 ms (enqueue 4.17798 ms)
[10/06/2026-14:10:52] [I] Average on 1 runs - GPU latency: 5.66406 ms - Host latency: 5.7605 ms (enqueue 3.91724 ms)
[10/06/2026-14:10:52] [I] Average on 1 runs - GPU latency: 5.59595 ms - Host latency: 5.70435 ms (enqueue 4.08472 ms)
[10/06/2026-14:10:52] [I] Average on 1 runs - GPU latency: 5.67749 ms - Host latency: 5.80176 ms (enqueue 3.89722 ms)
[10/06/2026-14:10:52] [I] Average on 1 runs - GPU latency: 5.6665 ms - Host latency: 5.8042 ms (enqueue 3.83276 ms)
[10/06/2026-14:10:52] [I] Average on 1 runs - GPU latency: 5.66821 ms - Host latency: 5.77783 ms (enqueue 3.92065 ms)
[10/06/2026-14:10:52] [I] Average on 1 runs - GPU latency: 5.65991 ms - Host latency: 5.78662 ms (enqueue 3.9436 ms)
[10/06/2026-14:10:52] [I] Average on 1 runs - GPU latency: 5.66333 ms - Host latency: 5.7771 ms (enqueue 4.11743 ms)
[10/06/2026-14:10:52] [I] Average on 1 runs - GPU latency: 5.66504 ms - Host latency: 5.76929 ms (enqueue 3.89258 ms)
[10/06/2026-14:10:52] [I] Average on 1 runs - GPU latency: 5.66455 ms - Host latency: 5.78345 ms (enqueue 4.13379 ms)
[10/06/2026-14:10:52] [I] Average on 1 runs - GPU latency: 5.66382 ms - Host latency: 5.79028 ms (enqueue 3.91211 ms)
[10/06/2026-14:10:52] [I] Average on 1 runs - GPU latency: 5.62964 ms - Host latency: 5.74902 ms (enqueue 3.94043 ms)
[10/06/2026-14:10:52] [I] Average on 1 runs - GPU latency: 5.66772 ms - Host latency: 5.7915 ms (enqueue 3.94287 ms)
[10/06/2026-14:10:52] [I] Average on 1 runs - GPU latency: 5.67017 ms - Host latency: 5.80371 ms (enqueue 3.95288 ms)
[10/06/2026-14:10:52] [I] Average on 1 runs - GPU latency: 5.66016 ms - Host latency: 5.80078 ms (enqueue 4.21533 ms)
[10/06/2026-14:10:52] [I] Average on 1 runs - GPU latency: 5.66968 ms - Host latency: 5.78369 ms (enqueue 3.8772 ms)
[10/06/2026-14:10:52] [I] Average on 1 runs - GPU latency: 5.66821 ms - Host latency: 5.81006 ms (enqueue 3.81006 ms)
[10/06/2026-14:10:52] [I] Average on 1 runs - GPU latency: 5.66626 ms - Host latency: 5.76733 ms (enqueue 3.88306 ms)
[10/06/2026-14:10:52] [I] Average on 1 runs - GPU latency: 5.66626 ms - Host latency: 5.77417 ms (enqueue 3.9292 ms)
[10/06/2026-14:10:52] [I] Average on 1 runs - GPU latency: 5.64648 ms - Host latency: 5.7688 ms (enqueue 4.19434 ms)
[10/06/2026-14:10:52] [I] Average on 1 runs - GPU latency: 5.62524 ms - Host latency: 5.74829 ms (enqueue 3.96069 ms)
[10/06/2026-14:10:52] [I] Average on 1 runs - GPU latency: 5.66479 ms - Host latency: 5.80811 ms (enqueue 4.17432 ms)
[10/06/2026-14:10:52] [I] Average on 1 runs - GPU latency: 5.67188 ms - Host latency: 5.78955 ms (enqueue 3.87305 ms)
[10/06/2026-14:10:52] [I] Average on 1 runs - GPU latency: 5.66821 ms - Host latency: 5.78149 ms (enqueue 3.86865 ms)
[10/06/2026-14:10:52] [I] Average on 1 runs - GPU latency: 5.66064 ms - Host latency: 5.78052 ms (enqueue 4.11963 ms)
[10/06/2026-14:10:52] [I] Average on 1 runs - GPU latency: 5.66064 ms - Host latency: 5.79224 ms (enqueue 3.90576 ms)
[10/06/2026-14:10:52] [I] Average on 1 runs - GPU latency: 5.66602 ms - Host latency: 5.78223 ms (enqueue 4.20337 ms)
[10/06/2026-14:10:52] [I] Average on 1 runs - GPU latency: 5.67236 ms - Host latency: 5.77051 ms (enqueue 3.91797 ms)
[10/06/2026-14:10:52] [I] Average on 1 runs - GPU latency: 5.64233 ms - Host latency: 5.78003 ms (enqueue 3.78931 ms)
[10/06/2026-14:10:52] [I] Average on 1 runs - GPU latency: 5.64795 ms - Host latency: 5.79077 ms (enqueue 4.1394 ms)
[10/06/2026-14:10:52] [I] Average on 1 runs - GPU latency: 5.67163 ms - Host latency: 5.81396 ms (enqueue 3.92798 ms)
[10/06/2026-14:10:52] [I] Average on 1 runs - GPU latency: 5.66992 ms - Host latency: 5.81616 ms (enqueue 4.19824 ms)
[10/06/2026-14:10:52] [I] Average on 1 runs - GPU latency: 5.67578 ms - Host latency: 5.78638 ms (enqueue 3.87744 ms)
[10/06/2026-14:10:52] [I] Average on 1 runs - GPU latency: 5.66211 ms - Host latency: 5.80078 ms (enqueue 4.20874 ms)
[10/06/2026-14:10:52] [I] Average on 1 runs - GPU latency: 5.66748 ms - Host latency: 5.78394 ms (enqueue 3.88184 ms)
[10/06/2026-14:10:52] [I] Average on 1 runs - GPU latency: 5.6687 ms - Host latency: 5.77759 ms (enqueue 3.93481 ms)
[10/06/2026-14:10:52] [I] Average on 1 runs - GPU latency: 5.66602 ms - Host latency: 5.78247 ms (enqueue 4.16675 ms)
[10/06/2026-14:10:52] [I] Average on 1 runs - GPU latency: 5.63281 ms - Host latency: 5.73853 ms (enqueue 3.89624 ms)
[10/06/2026-14:10:52] [I] Average on 1 runs - GPU latency: 5.64795 ms - Host latency: 5.74878 ms (enqueue 4.11499 ms)
[10/06/2026-14:10:52] [I] Average on 1 runs - GPU latency: 5.65771 ms - Host latency: 5.79395 ms (enqueue 3.81543 ms)
[10/06/2026-14:10:52] [I] Average on 1 runs - GPU latency: 5.6626 ms - Host latency: 5.77441 ms (enqueue 3.77856 ms)
[10/06/2026-14:10:52] [I] Average on 1 runs - GPU latency: 5.65967 ms - Host latency: 5.7644 ms (enqueue 4.03857 ms)
[10/06/2026-14:10:52] [I] Average on 1 runs - GPU latency: 5.66748 ms - Host latency: 5.76562 ms (enqueue 3.89258 ms)
[10/06/2026-14:10:52] [I] Average on 1 runs - GPU latency: 5.66235 ms - Host latency: 5.77979 ms (enqueue 4.01489 ms)
[10/06/2026-14:10:52] [I] Average on 1 runs - GPU latency: 5.6687 ms - Host latency: 5.76562 ms (enqueue 3.93042 ms)
[10/06/2026-14:10:52] [I] Average on 1 runs - GPU latency: 5.66748 ms - Host latency: 5.7915 ms (enqueue 4.18018 ms)
[10/06/2026-14:10:52] [I] Average on 1 runs - GPU latency: 5.6189 ms - Host latency: 5.71069 ms (enqueue 3.84082 ms)
[10/06/2026-14:10:52] [I] Average on 1 runs - GPU latency: 5.65698 ms - Host latency: 5.75464 ms (enqueue 3.83203 ms)
[10/06/2026-14:10:52] [I] Average on 1 runs - GPU latency: 5.66382 ms - Host latency: 5.79199 ms (enqueue 4.18506 ms)
[10/06/2026-14:10:52] [I] Average on 1 runs - GPU latency: 5.67114 ms - Host latency: 5.77563 ms (enqueue 3.88062 ms)
[10/06/2026-14:10:52] [I] Average on 1 runs - GPU latency: 5.6626 ms - Host latency: 5.77661 ms (enqueue 4.06006 ms)
[10/06/2026-14:10:52] [I] Average on 1 runs - GPU latency: 5.66968 ms - Host latency: 5.78027 ms (enqueue 3.89819 ms)
[10/06/2026-14:10:52] [I] Average on 1 runs - GPU latency: 5.67334 ms - Host latency: 5.78955 ms (enqueue 3.84521 ms)
[10/06/2026-14:10:52] [I] Average on 1 runs - GPU latency: 5.6333 ms - Host latency: 5.73901 ms (enqueue 4.08472 ms)
[10/06/2026-14:10:52] [I] Average on 1 runs - GPU latency: 5.66895 ms - Host latency: 5.78369 ms (enqueue 3.90381 ms)
[10/06/2026-14:10:52] [I] Average on 1 runs - GPU latency: 5.62524 ms - Host latency: 5.74805 ms (enqueue 3.98169 ms)
[10/06/2026-14:10:52] [I] Average on 1 runs - GPU latency: 5.65674 ms - Host latency: 5.7627 ms (enqueue 3.87427 ms)
[10/06/2026-14:10:52] [I] Average on 1 runs - GPU latency: 5.63867 ms - Host latency: 5.75464 ms (enqueue 4.19604 ms)
[10/06/2026-14:10:52] [I] Average on 1 runs - GPU latency: 5.66089 ms - Host latency: 5.79102 ms (enqueue 3.92358 ms)
[10/06/2026-14:10:52] [I] Average on 1 runs - GPU latency: 5.6665 ms - Host latency: 5.77832 ms (enqueue 3.9104 ms)
[10/06/2026-14:10:52] [I] Average on 1 runs - GPU latency: 5.66919 ms - Host latency: 5.80737 ms (enqueue 4.08789 ms)
[10/06/2026-14:10:52] [I] Average on 1 runs - GPU latency: 5.66479 ms - Host latency: 5.76807 ms (enqueue 3.85156 ms)
[10/06/2026-14:10:52] [I] Average on 1 runs - GPU latency: 5.67114 ms - Host latency: 5.80322 ms (enqueue 4.16016 ms)
[10/06/2026-14:10:52] [I] Average on 1 runs - GPU latency: 5.66187 ms - Host latency: 5.76221 ms (enqueue 3.85962 ms)
[10/06/2026-14:10:52] [I] Average on 1 runs - GPU latency: 5.63037 ms - Host latency: 5.75366 ms (enqueue 3.90894 ms)
[10/06/2026-14:10:52] [I] Average on 1 runs - GPU latency: 5.66064 ms - Host latency: 5.77637 ms (enqueue 3.89819 ms)
[10/06/2026-14:10:52] [I] Average on 1 runs - GPU latency: 5.67188 ms - Host latency: 5.79663 ms (enqueue 3.90869 ms)
[10/06/2026-14:10:52] [I] Average on 1 runs - GPU latency: 5.66919 ms - Host latency: 5.78369 ms (enqueue 4.1792 ms)
[10/06/2026-14:10:52] [I] Average on 1 runs - GPU latency: 5.66064 ms - Host latency: 5.78271 ms (enqueue 3.90869 ms)
[10/06/2026-14:10:52] [I] Average on 1 runs - GPU latency: 5.65869 ms - Host latency: 5.78809 ms (enqueue 4.18677 ms)
[10/06/2026-14:10:52] [I] Average on 1 runs - GPU latency: 5.6731 ms - Host latency: 5.77954 ms (enqueue 3.85864 ms)
[10/06/2026-14:10:52] [I] Average on 1 runs - GPU latency: 5.66113 ms - Host latency: 5.80811 ms (enqueue 3.875 ms)
[10/06/2026-14:10:52] [I] Average on 1 runs - GPU latency: 5.65039 ms - Host latency: 5.77002 ms (enqueue 4.10132 ms)
[10/06/2026-14:10:52] [I] Average on 1 runs - GPU latency: 5.61206 ms - Host latency: 5.71265 ms (enqueue 3.90088 ms)
[10/06/2026-14:10:52] [I] Average on 1 runs - GPU latency: 5.6687 ms - Host latency: 5.81738 ms (enqueue 3.91479 ms)
[10/06/2026-14:10:52] [I] Average on 1 runs - GPU latency: 5.65479 ms - Host latency: 5.78003 ms (enqueue 3.84204 ms)
[10/06/2026-14:10:52] [I] Average on 1 runs - GPU latency: 5.66113 ms - Host latency: 5.75928 ms (enqueue 3.84033 ms)
[10/06/2026-14:10:52] [I] Average on 1 runs - GPU latency: 5.6543 ms - Host latency: 5.77148 ms (enqueue 4.12988 ms)
[10/06/2026-14:10:52] [I] Average on 1 runs - GPU latency: 5.66626 ms - Host latency: 5.77051 ms (enqueue 3.88208 ms)
[10/06/2026-14:10:52] [I] Average on 1 runs - GPU latency: 5.65479 ms - Host latency: 5.78003 ms (enqueue 4.17554 ms)
[10/06/2026-14:10:52] [I] Average on 1 runs - GPU latency: 5.6687 ms - Host latency: 5.7644 ms (enqueue 3.85059 ms)
[10/06/2026-14:10:52] [I] Average on 1 runs - GPU latency: 5.64478 ms - Host latency: 5.75586 ms (enqueue 4.22583 ms)
[10/06/2026-14:10:52] [I] Average on 1 runs - GPU latency: 5.6521 ms - Host latency: 5.76636 ms (enqueue 3.87769 ms)
[10/06/2026-14:10:52] [I] Average on 1 runs - GPU latency: 5.66113 ms - Host latency: 5.77637 ms (enqueue 3.9563 ms)
[10/06/2026-14:10:52] [I] Average on 1 runs - GPU latency: 5.66602 ms - Host latency: 5.79907 ms (enqueue 4.12402 ms)
[10/06/2026-14:10:52] [I] Average on 1 runs - GPU latency: 5.66968 ms - Host latency: 5.7854 ms (enqueue 3.89966 ms)
[10/06/2026-14:10:52] [I] Average on 1 runs - GPU latency: 5.66235 ms - Host latency: 5.79785 ms (enqueue 4.15845 ms)
[10/06/2026-14:10:52] [I] Average on 1 runs - GPU latency: 5.66919 ms - Host latency: 5.77393 ms (enqueue 3.86255 ms)
[10/06/2026-14:10:52] [I] Average on 1 runs - GPU latency: 5.66431 ms - Host latency: 5.77051 ms (enqueue 3.90674 ms)
[10/06/2026-14:10:52] [I] Average on 1 runs - GPU latency: 5.66211 ms - Host latency: 5.78369 ms (enqueue 4.14966 ms)
[10/06/2026-14:10:52] [I] Average on 1 runs - GPU latency: 5.64429 ms - Host latency: 5.78418 ms (enqueue 3.85962 ms)
[10/06/2026-14:10:52] [I] Average on 1 runs - GPU latency: 5.63477 ms - Host latency: 5.76807 ms (enqueue 4.07495 ms)
[10/06/2026-14:10:52] [I] Average on 1 runs - GPU latency: 5.6748 ms - Host latency: 5.80249 ms (enqueue 3.86572 ms)
[10/06/2026-14:10:52] [I] Average on 1 runs - GPU latency: 5.65869 ms - Host latency: 5.8147 ms (enqueue 3.81567 ms)
[10/06/2026-14:10:52] [I] Average on 1 runs - GPU latency: 5.66431 ms - Host latency: 5.78491 ms (enqueue 3.88892 ms)
[10/06/2026-14:10:52] [I] Average on 1 runs - GPU latency: 5.67261 ms - Host latency: 5.78076 ms (enqueue 3.89014 ms)
[10/06/2026-14:10:52] [I] Average on 1 runs - GPU latency: 5.66211 ms - Host latency: 5.8064 ms (enqueue 4.16113 ms)
[10/06/2026-14:10:52] [I] Average on 1 runs - GPU latency: 5.67334 ms - Host latency: 5.80933 ms (enqueue 3.91406 ms)
[10/06/2026-14:10:52] [I] Average on 1 runs - GPU latency: 5.65918 ms - Host latency: 5.80176 ms (enqueue 4.22656 ms)
[10/06/2026-14:10:52] [I] Average on 1 runs - GPU latency: 5.61182 ms - Host latency: 5.71875 ms (enqueue 3.88672 ms)
[10/06/2026-14:10:52] [I] Average on 1 runs - GPU latency: 5.625 ms - Host latency: 5.73047 ms (enqueue 3.83203 ms)
[10/06/2026-14:10:52] [I] Average on 1 runs - GPU latency: 5.66748 ms - Host latency: 5.78223 ms (enqueue 4.05078 ms)
[10/06/2026-14:10:52] [I] Average on 1 runs - GPU latency: 5.66992 ms - Host latency: 5.7876 ms (enqueue 3.92773 ms)
[10/06/2026-14:10:52] [I] ... Omitting 2252 lines
[10/06/2026-14:10:52] [I] Average on 1 runs - GPU latency: 5.66797 ms - Host latency: 5.78125 ms (enqueue 3.90234 ms)
[10/06/2026-14:10:52] [I] Average on 1 runs - GPU latency: 5.62891 ms - Host latency: 5.75977 ms (enqueue 3.92578 ms)
[10/06/2026-14:10:52] [I] Average on 1 runs - GPU latency: 5.66406 ms - Host latency: 5.77539 ms (enqueue 3.5625 ms)
[10/06/2026-14:10:52] [I] Average on 1 runs - GPU latency: 5.66797 ms - Host latency: 5.80078 ms (enqueue 4.21875 ms)
[10/06/2026-14:10:52] [I] Average on 1 runs - GPU latency: 5.66797 ms - Host latency: 5.79688 ms (enqueue 3.91992 ms)
[10/06/2026-14:10:52] [I] Average on 1 runs - GPU latency: 5.66992 ms - Host latency: 5.80273 ms (enqueue 4.20117 ms)
[10/06/2026-14:10:52] [I] Average on 1 runs - GPU latency: 5.66602 ms - Host latency: 5.78516 ms (enqueue 3.91211 ms)
[10/06/2026-14:10:52] [I] Average on 1 runs - GPU latency: 5.66602 ms - Host latency: 5.78125 ms (enqueue 3.94727 ms)
[10/06/2026-14:10:52] [I] Average on 1 runs - GPU latency: 5.66016 ms - Host latency: 5.77539 ms (enqueue 4.11328 ms)
[10/06/2026-14:10:52] [I] Average on 1 runs - GPU latency: 5.67773 ms - Host latency: 5.78125 ms (enqueue 3.92773 ms)
[10/06/2026-14:10:52] [I] Average on 1 runs - GPU latency: 5.60547 ms - Host latency: 5.75391 ms (enqueue 4.11914 ms)
[10/06/2026-14:10:52] [I] Average on 1 runs - GPU latency: 5.66406 ms - Host latency: 5.81836 ms (enqueue 2.70312 ms)
[10/06/2026-14:10:52] [I] Average on 1 runs - GPU latency: 5.6582 ms - Host latency: 5.75 ms (enqueue 3.91211 ms)
[10/06/2026-14:10:52] [I] Average on 1 runs - GPU latency: 5.66406 ms - Host latency: 5.78125 ms (enqueue 3.63867 ms)
[10/06/2026-14:10:52] [I] Average on 1 runs - GPU latency: 5.66016 ms - Host latency: 5.75 ms (enqueue 3.61914 ms)
[10/06/2026-14:10:52] [I] Average on 1 runs - GPU latency: 5.66016 ms - Host latency: 5.77734 ms (enqueue 3.88477 ms)
[10/06/2026-14:10:52] [I] Average on 1 runs - GPU latency: 5.66211 ms - Host latency: 5.75781 ms (enqueue 3.61133 ms)
[10/06/2026-14:10:52] [I] Average on 1 runs - GPU latency: 5.66211 ms - Host latency: 5.77344 ms (enqueue 3.62109 ms)
[10/06/2026-14:10:52] [I] Average on 1 runs - GPU latency: 5.66406 ms - Host latency: 5.76758 ms (enqueue 3.80859 ms)
[10/06/2026-14:10:52] [I] Average on 1 runs - GPU latency: 5.61914 ms - Host latency: 5.7168 ms (enqueue 3.64844 ms)
[10/06/2026-14:10:52] [I] Average on 1 runs - GPU latency: 5.6543 ms - Host latency: 5.75781 ms (enqueue 2.27734 ms)
[10/06/2026-14:10:52] [I] Average on 1 runs - GPU latency: 5.66797 ms - Host latency: 5.77539 ms (enqueue 3.67578 ms)
[10/06/2026-14:10:52] [I] Average on 1 runs - GPU latency: 5.66406 ms - Host latency: 5.79102 ms (enqueue 3.85938 ms)
[10/06/2026-14:10:52] [I] Average on 1 runs - GPU latency: 5.66602 ms - Host latency: 5.7793 ms (enqueue 3.6543 ms)
[10/06/2026-14:10:52] [I] Average on 1 runs - GPU latency: 5.66602 ms - Host latency: 5.76367 ms (enqueue 3.87891 ms)
[10/06/2026-14:10:52] [I] Average on 1 runs - GPU latency: 5.66406 ms - Host latency: 5.7793 ms (enqueue 3.9707 ms)
[10/06/2026-14:10:52] [I] Average on 1 runs - GPU latency: 5.66211 ms - Host latency: 5.79297 ms (enqueue 3.77734 ms)
[10/06/2026-14:10:52] [I] Average on 1 runs - GPU latency: 5.66016 ms - Host latency: 5.7793 ms (enqueue 3.94336 ms)
[10/06/2026-14:10:52] [I] Average on 1 runs - GPU latency: 5.625 ms - Host latency: 5.74805 ms (enqueue 3.96289 ms)
[10/06/2026-14:10:52] [I] Average on 1 runs - GPU latency: 5.67578 ms - Host latency: 5.76367 ms (enqueue 2.0957 ms)
[10/06/2026-14:10:52] [I] Average on 1 runs - GPU latency: 5.6582 ms - Host latency: 5.79102 ms (enqueue 4.00586 ms)
[10/06/2026-14:10:52] [I] Average on 1 runs - GPU latency: 5.65625 ms - Host latency: 5.75195 ms (enqueue 3.69727 ms)
[10/06/2026-14:10:52] [I] Average on 1 runs - GPU latency: 5.66992 ms - Host latency: 5.78516 ms (enqueue 3.94531 ms)
[10/06/2026-14:10:52] [I] Average on 1 runs - GPU latency: 5.66211 ms - Host latency: 5.76953 ms (enqueue 3.94336 ms)
[10/06/2026-14:10:52] [I] Average on 1 runs - GPU latency: 5.66602 ms - Host latency: 5.79102 ms (enqueue 3.9082 ms)
[10/06/2026-14:10:52] [I] Average on 1 runs - GPU latency: 5.6582 ms - Host latency: 5.78125 ms (enqueue 3.96289 ms)
[10/06/2026-14:10:52] [I] Average on 1 runs - GPU latency: 5.63086 ms - Host latency: 5.74609 ms (enqueue 3.70312 ms)
[10/06/2026-14:10:52] [I] Average on 1 runs - GPU latency: 5.64258 ms - Host latency: 5.77148 ms (enqueue 3.96875 ms)
[10/06/2026-14:10:52] [I] Average on 1 runs - GPU latency: 5.66406 ms - Host latency: 5.76367 ms (enqueue 3.10938 ms)
[10/06/2026-14:10:52] [I] Average on 1 runs - GPU latency: 5.66016 ms - Host latency: 5.79492 ms (enqueue 3.91992 ms)
[10/06/2026-14:10:52] [I] Average on 1 runs - GPU latency: 5.66016 ms - Host latency: 5.77344 ms (enqueue 3.94531 ms)
[10/06/2026-14:10:52] [I] Average on 1 runs - GPU latency: 5.6582 ms - Host latency: 5.79102 ms (enqueue 3.55664 ms)
[10/06/2026-14:10:52] [I] Average on 1 runs - GPU latency: 5.66211 ms - Host latency: 5.77734 ms (enqueue 3.92188 ms)
[10/06/2026-14:10:52] [I] Average on 1 runs - GPU latency: 5.66602 ms - Host latency: 5.7793 ms (enqueue 3.9375 ms)
[10/06/2026-14:10:52] [I] Average on 1 runs - GPU latency: 5.66211 ms - Host latency: 5.79102 ms (enqueue 3.92773 ms)
[10/06/2026-14:10:52] [I] Average on 1 runs - GPU latency: 5.64258 ms - Host latency: 5.75586 ms (enqueue 3.9707 ms)
[10/06/2026-14:10:52] [I] Average on 1 runs - GPU latency: 5.64258 ms - Host latency: 5.77344 ms (enqueue 4.04297 ms)
[10/06/2026-14:10:52] [I] Average on 1 runs - GPU latency: 5.66016 ms - Host latency: 5.75 ms (enqueue 3.14648 ms)
[10/06/2026-14:10:52] [I] Average on 1 runs - GPU latency: 5.67383 ms - Host latency: 5.80664 ms (enqueue 3.91992 ms)
[10/06/2026-14:10:52] [I] Average on 1 runs - GPU latency: 5.66016 ms - Host latency: 5.77539 ms (enqueue 4.09375 ms)
[10/06/2026-14:10:52] [I] Average on 1 runs - GPU latency: 5.66406 ms - Host latency: 5.76953 ms (enqueue 3.96289 ms)
[10/06/2026-14:10:52] [I] Average on 1 runs - GPU latency: 5.66602 ms - Host latency: 5.78516 ms (enqueue 4.18945 ms)
[10/06/2026-14:10:52] [I] Average on 1 runs - GPU latency: 5.66211 ms - Host latency: 5.79297 ms (enqueue 3.91406 ms)
[10/06/2026-14:10:52] [I] Average on 1 runs - GPU latency: 5.67383 ms - Host latency: 5.7793 ms (enqueue 3.88281 ms)
[10/06/2026-14:10:52] [I] Average on 1 runs - GPU latency: 5.62891 ms - Host latency: 5.76367 ms (enqueue 4.07812 ms)
[10/06/2026-14:10:52] [I] Average on 1 runs - GPU latency: 5.60742 ms - Host latency: 5.70703 ms (enqueue 2.9668 ms)
[10/06/2026-14:10:52] [I] Average on 1 runs - GPU latency: 5.64453 ms - Host latency: 5.79688 ms (enqueue 2.56641 ms)
[10/06/2026-14:10:52] [I] Average on 1 runs - GPU latency: 5.66992 ms - Host latency: 5.76758 ms (enqueue 2.52148 ms)
[10/06/2026-14:10:52] [I] Average on 1 runs - GPU latency: 5.625 ms - Host latency: 5.72656 ms (enqueue 2.66602 ms)
[10/06/2026-14:10:52] [I] Average on 1 runs - GPU latency: 5.61719 ms - Host latency: 5.72266 ms (enqueue 2.69531 ms)
[10/06/2026-14:10:52] [I] Average on 1 runs - GPU latency: 5.67383 ms - Host latency: 5.77539 ms (enqueue 2.56641 ms)
[10/06/2026-14:10:52] [I] Average on 1 runs - GPU latency: 5.66016 ms - Host latency: 5.80469 ms (enqueue 2.98633 ms)
[10/06/2026-14:10:52] [I] Average on 1 runs - GPU latency: 5.64062 ms - Host latency: 5.74805 ms (enqueue 2.77344 ms)
[10/06/2026-14:10:52] [I] Average on 1 runs - GPU latency: 5.61133 ms - Host latency: 5.70312 ms (enqueue 2.62305 ms)
[10/06/2026-14:10:52] [I] Average on 1 runs - GPU latency: 5.66406 ms - Host latency: 5.79688 ms (enqueue 2.65625 ms)
[10/06/2026-14:10:52] [I] Average on 1 runs - GPU latency: 5.6582 ms - Host latency: 5.77734 ms (enqueue 3.6582 ms)
[10/06/2026-14:10:52] [I] Average on 1 runs - GPU latency: 5.67188 ms - Host latency: 5.79297 ms (enqueue 3.45703 ms)
[10/06/2026-14:10:52] [I] Average on 1 runs - GPU latency: 5.66211 ms - Host latency: 5.79102 ms (enqueue 3.6875 ms)
[10/06/2026-14:10:52] [I] Average on 1 runs - GPU latency: 5.66406 ms - Host latency: 5.77148 ms (enqueue 3.56836 ms)
[10/06/2026-14:10:52] [I] Average on 1 runs - GPU latency: 5.66797 ms - Host latency: 5.75977 ms (enqueue 3.60938 ms)
[10/06/2026-14:10:52] [I] Average on 1 runs - GPU latency: 5.66797 ms - Host latency: 5.83398 ms (enqueue 3.56836 ms)
[10/06/2026-14:10:52] [I] Average on 1 runs - GPU latency: 5.66406 ms - Host latency: 5.78906 ms (enqueue 3.60938 ms)
[10/06/2026-14:10:52] [I] Average on 1 runs - GPU latency: 5.6582 ms - Host latency: 5.79492 ms (enqueue 3.60938 ms)
[10/06/2026-14:10:52] [I] Average on 1 runs - GPU latency: 5.66016 ms - Host latency: 5.79102 ms (enqueue 3.59961 ms)
[10/06/2026-14:10:52] [I] Average on 1 runs - GPU latency: 5.66016 ms - Host latency: 5.75586 ms (enqueue 3.58594 ms)
[10/06/2026-14:10:52] [I] Average on 1 runs - GPU latency: 5.6582 ms - Host latency: 5.77344 ms (enqueue 3.82422 ms)
[10/06/2026-14:10:52] [I] Average on 1 runs - GPU latency: 5.66406 ms - Host latency: 5.75977 ms (enqueue 3.60938 ms)
[10/06/2026-14:10:52] [I] Average on 1 runs - GPU latency: 5.66406 ms - Host latency: 5.79297 ms (enqueue 3.65625 ms)
[10/06/2026-14:10:52] [I] Average on 1 runs - GPU latency: 5.66406 ms - Host latency: 5.78711 ms (enqueue 3.72656 ms)
[10/06/2026-14:10:52] [I] Average on 1 runs - GPU latency: 5.66016 ms - Host latency: 5.80469 ms (enqueue 3.86328 ms)
[10/06/2026-14:10:52] [I] Average on 1 runs - GPU latency: 5.66602 ms - Host latency: 5.79688 ms (enqueue 3.88477 ms)
[10/06/2026-14:10:52] [I] Average on 1 runs - GPU latency: 5.67383 ms - Host latency: 5.79688 ms (enqueue 3.88867 ms)
[10/06/2026-14:10:52] [I] Average on 1 runs - GPU latency: 5.6582 ms - Host latency: 5.83203 ms (enqueue 3.56445 ms)
[10/06/2026-14:10:52] [I] Average on 1 runs - GPU latency: 5.6582 ms - Host latency: 5.76172 ms (enqueue 3.88281 ms)
[10/06/2026-14:10:52] [I] Average on 1 runs - GPU latency: 5.66406 ms - Host latency: 5.78125 ms (enqueue 3.92969 ms)
[10/06/2026-14:10:52] [I] Average on 1 runs - GPU latency: 5.65625 ms - Host latency: 5.77148 ms (enqueue 3.88281 ms)
[10/06/2026-14:10:52] [I] Average on 1 runs - GPU latency: 5.6582 ms - Host latency: 5.76758 ms (enqueue 3.88281 ms)
[10/06/2026-14:10:52] [I] Average on 1 runs - GPU latency: 5.66211 ms - Host latency: 5.7793 ms (enqueue 4.20898 ms)
[10/06/2026-14:10:52] [I] Average on 1 runs - GPU latency: 5.66406 ms - Host latency: 5.77148 ms (enqueue 3.91992 ms)
[10/06/2026-14:10:52] [I] Average on 1 runs - GPU latency: 5.65625 ms - Host latency: 5.74609 ms (enqueue 3.89648 ms)
[10/06/2026-14:10:52] [I] Average on 1 runs - GPU latency: 5.61914 ms - Host latency: 5.73438 ms (enqueue 3.85742 ms)
[10/06/2026-14:10:52] [I] Average on 1 runs - GPU latency: 5.66602 ms - Host latency: 5.75781 ms (enqueue 2.14062 ms)
[10/06/2026-14:10:52] [I] Average on 1 runs - GPU latency: 5.66797 ms - Host latency: 5.76953 ms (enqueue 3.88867 ms)
[10/06/2026-14:10:52] [I] Average on 1 runs - GPU latency: 5.6582 ms - Host latency: 5.78125 ms (enqueue 3.87891 ms)
[10/06/2026-14:10:52] [I] Average on 1 runs - GPU latency: 5.66016 ms - Host latency: 5.7793 ms (enqueue 3.86523 ms)
[10/06/2026-14:10:52] [I] Average on 1 runs - GPU latency: 5.64844 ms - Host latency: 5.77734 ms (enqueue 3.86133 ms)
[10/06/2026-14:10:52] [I] Average on 1 runs - GPU latency: 5.66602 ms - Host latency: 5.77734 ms (enqueue 3.91016 ms)
[10/06/2026-14:10:52] [I] Average on 1 runs - GPU latency: 5.66406 ms - Host latency: 5.79492 ms (enqueue 4.23047 ms)
[10/06/2026-14:10:52] [I] Average on 1 runs - GPU latency: 5.66602 ms - Host latency: 5.77734 ms (enqueue 3.92188 ms)
[10/06/2026-14:10:52] [I] Average on 1 runs - GPU latency: 5.61328 ms - Host latency: 5.74023 ms (enqueue 4.10938 ms)
[10/06/2026-14:10:52] [I] Average on 1 runs - GPU latency: 5.66992 ms - Host latency: 5.75586 ms (enqueue 2.14844 ms)
[10/06/2026-14:10:52] [I] Average on 1 runs - GPU latency: 5.6582 ms - Host latency: 5.75586 ms (enqueue 3.95312 ms)
[10/06/2026-14:10:52] [I] Average on 1 runs - GPU latency: 5.66016 ms - Host latency: 5.75391 ms (enqueue 3.90625 ms)
[10/06/2026-14:10:52] [I] Average on 1 runs - GPU latency: 5.6582 ms - Host latency: 5.77148 ms (enqueue 3.9707 ms)
[10/06/2026-14:10:52] [I] Average on 1 runs - GPU latency: 5.66602 ms - Host latency: 5.79492 ms (enqueue 4.17773 ms)
[10/06/2026-14:10:52] [I] Average on 1 runs - GPU latency: 5.66992 ms - Host latency: 5.79688 ms (enqueue 3.91406 ms)
[10/06/2026-14:10:52] [I] Average on 1 runs - GPU latency: 5.65625 ms - Host latency: 5.76758 ms (enqueue 3.90234 ms)
[10/06/2026-14:10:52] [I] Average on 1 runs - GPU latency: 5.61719 ms - Host latency: 5.72852 ms (enqueue 3.92188 ms)
[10/06/2026-14:10:52] [I] Average on 1 runs - GPU latency: 5.66797 ms - Host latency: 5.78516 ms (enqueue 3.58008 ms)
[10/06/2026-14:10:52] [I] Average on 1 runs - GPU latency: 5.66797 ms - Host latency: 5.80273 ms (enqueue 3.85352 ms)
[10/06/2026-14:10:52] [I] Average on 1 runs - GPU latency: 5.6582 ms - Host latency: 5.79102 ms (enqueue 3.58203 ms)
[10/06/2026-14:10:52] [I] Average on 1 runs - GPU latency: 5.6582 ms - Host latency: 5.79492 ms (enqueue 3.70312 ms)
[10/06/2026-14:10:52] [I] Average on 1 runs - GPU latency: 5.66016 ms - Host latency: 5.78516 ms (enqueue 3.58594 ms)
[10/06/2026-14:10:52] [I] Average on 1 runs - GPU latency: 5.65234 ms - Host latency: 5.75781 ms (enqueue 3.56055 ms)
[10/06/2026-14:10:52] [I] Average on 1 runs - GPU latency: 5.65234 ms - Host latency: 5.76758 ms (enqueue 3.83203 ms)
[10/06/2026-14:10:52] [I] Average on 1 runs - GPU latency: 5.66211 ms - Host latency: 5.76953 ms (enqueue 3.64453 ms)
[10/06/2026-14:10:52] [I] Average on 1 runs - GPU latency: 5.61523 ms - Host latency: 5.72266 ms (enqueue 3.84766 ms)
[10/06/2026-14:10:52] [I] Average on 1 runs - GPU latency: 5.65234 ms - Host latency: 5.74805 ms (enqueue 3.09375 ms)
[10/06/2026-14:10:52] [I] Average on 1 runs - GPU latency: 5.66211 ms - Host latency: 5.74609 ms (enqueue 3.625 ms)
[10/06/2026-14:10:52] [I] Average on 1 runs - GPU latency: 5.66211 ms - Host latency: 5.76562 ms (enqueue 3.85547 ms)
[10/06/2026-14:10:52] [I] Average on 1 runs - GPU latency: 5.66211 ms - Host latency: 5.80078 ms (enqueue 3.72656 ms)
[10/06/2026-14:10:52] [I] Average on 1 runs - GPU latency: 5.65625 ms - Host latency: 5.79102 ms (enqueue 3.82617 ms)
[10/06/2026-14:10:52] [I] Average on 1 runs - GPU latency: 5.65625 ms - Host latency: 5.76562 ms (enqueue 3.94141 ms)
[10/06/2026-14:10:52] [I] Average on 1 runs - GPU latency: 5.67578 ms - Host latency: 5.78711 ms (enqueue 3.80273 ms)
[10/06/2026-14:10:52] [I] Average on 1 runs - GPU latency: 5.6543 ms - Host latency: 5.79102 ms (enqueue 3.94336 ms)
[10/06/2026-14:10:52] [I] Average on 1 runs - GPU latency: 5.60352 ms - Host latency: 5.7168 ms (enqueue 3.67578 ms)
[10/06/2026-14:10:52] [I] Average on 1 runs - GPU latency: 5.65234 ms - Host latency: 5.76758 ms (enqueue 2.75781 ms)
[10/06/2026-14:10:52] [I] Average on 1 runs - GPU latency: 5.66602 ms - Host latency: 5.75586 ms (enqueue 3.64062 ms)
[10/06/2026-14:10:52] [I] Average on 1 runs - GPU latency: 5.6543 ms - Host latency: 5.77734 ms (enqueue 3.86328 ms)
[10/06/2026-14:10:52] [I] Average on 1 runs - GPU latency: 5.66406 ms - Host latency: 5.76367 ms (enqueue 3.63867 ms)
[10/06/2026-14:10:52] [I] Average on 1 runs - GPU latency: 5.65625 ms - Host latency: 5.77148 ms (enqueue 3.6582 ms)
[10/06/2026-14:10:52] [I] Average on 1 runs - GPU latency: 5.65625 ms - Host latency: 5.77344 ms (enqueue 3.63086 ms)
[10/06/2026-14:10:52] [I] Average on 1 runs - GPU latency: 5.66211 ms - Host latency: 5.78125 ms (enqueue 3.91992 ms)
[10/06/2026-14:10:52] [I] Average on 1 runs - GPU latency: 5.66602 ms - Host latency: 5.77539 ms (enqueue 3.87695 ms)
[10/06/2026-14:10:52] [I] Average on 1 runs - GPU latency: 5.66211 ms - Host latency: 5.79297 ms (enqueue 3.88867 ms)
[10/06/2026-14:10:52] [I] Average on 1 runs - GPU latency: 5.6543 ms - Host latency: 5.76562 ms (enqueue 3.6543 ms)
[10/06/2026-14:10:52] [I] Average on 1 runs - GPU latency: 5.66016 ms - Host latency: 5.77734 ms (enqueue 3.88281 ms)
[10/06/2026-14:10:52] [I] Average on 1 runs - GPU latency: 5.66406 ms - Host latency: 5.7793 ms (enqueue 3.92773 ms)
[10/06/2026-14:10:52] [I] Average on 1 runs - GPU latency: 5.66992 ms - Host latency: 5.78125 ms (enqueue 3.89844 ms)
[10/06/2026-14:10:52] [I] Average on 1 runs - GPU latency: 5.66602 ms - Host latency: 5.80078 ms (enqueue 3.76172 ms)
[10/06/2026-14:10:52] [I] Average on 1 runs - GPU latency: 5.66016 ms - Host latency: 5.7793 ms (enqueue 3.89062 ms)
[10/06/2026-14:10:52] [I] Average on 1 runs - GPU latency: 5.67773 ms - Host latency: 5.80469 ms (enqueue 3.90039 ms)
[10/06/2026-14:10:52] [I] Average on 1 runs - GPU latency: 5.66406 ms - Host latency: 5.80859 ms (enqueue 4.1582 ms)
[10/06/2026-14:10:52] [I] Average on 1 runs - GPU latency: 5.62109 ms - Host latency: 5.75391 ms (enqueue 3.81836 ms)
[10/06/2026-14:10:52] [I] Average on 1 runs - GPU latency: 5.6582 ms - Host latency: 5.74414 ms (enqueue 2.12305 ms)
[10/06/2026-14:10:52] [I] Average on 1 runs - GPU latency: 5.66016 ms - Host latency: 5.77539 ms (enqueue 3.85742 ms)
[10/06/2026-14:10:52] [I] Average on 1 runs - GPU latency: 5.66016 ms - Host latency: 5.77539 ms (enqueue 3.8457 ms)
[10/06/2026-14:10:52] [I] Average on 1 runs - GPU latency: 5.66211 ms - Host latency: 5.7832 ms (enqueue 3.85352 ms)
[10/06/2026-14:10:52] [I] Average on 1 runs - GPU latency: 5.66211 ms - Host latency: 5.7832 ms (enqueue 3.88281 ms)
[10/06/2026-14:10:52] [I] Average on 1 runs - GPU latency: 5.66992 ms - Host latency: 5.77734 ms (enqueue 3.92188 ms)
[10/06/2026-14:10:52] [I] Average on 1 runs - GPU latency: 5.66211 ms - Host latency: 5.80078 ms (enqueue 4.1543 ms)
[10/06/2026-14:10:52] [I] Average on 1 runs - GPU latency: 5.65039 ms - Host latency: 5.77539 ms (enqueue 3.91406 ms)
[10/06/2026-14:10:52] [I] Average on 1 runs - GPU latency: 5.63086 ms - Host latency: 5.75391 ms (enqueue 4.00586 ms)
[10/06/2026-14:10:52] [I] Average on 1 runs - GPU latency: 5.67188 ms - Host latency: 5.76172 ms (enqueue 2.20117 ms)
[10/06/2026-14:10:52] [I] Average on 1 runs - GPU latency: 5.66797 ms - Host latency: 5.81836 ms (enqueue 3.04492 ms)
[10/06/2026-14:10:52] [I] Average on 1 runs - GPU latency: 5.66016 ms - Host latency: 5.7793 ms (enqueue 3.00195 ms)
[10/06/2026-14:10:52] [I] Average on 1 runs - GPU latency: 5.63281 ms - Host latency: 5.72461 ms (enqueue 2.73242 ms)
[10/06/2026-14:10:52] [I] Average on 1 runs - GPU latency: 5.58203 ms - Host latency: 5.67969 ms (enqueue 2.62891 ms)
[10/06/2026-14:10:52] [I] Average on 1 runs - GPU latency: 5.6582 ms - Host latency: 5.76953 ms (enqueue 2.51172 ms)
[10/06/2026-14:10:52] [I] Average on 1 runs - GPU latency: 5.66211 ms - Host latency: 5.7832 ms (enqueue 2.94336 ms)
[10/06/2026-14:10:52] [I] Average on 1 runs - GPU latency: 5.64062 ms - Host latency: 5.74219 ms (enqueue 2.76953 ms)
[10/06/2026-14:10:52] [I] Average on 1 runs - GPU latency: 5.5918 ms - Host latency: 5.72852 ms (enqueue 2.67773 ms)
[10/06/2026-14:10:52] [I] Average on 1 runs - GPU latency: 5.66016 ms - Host latency: 5.76562 ms (enqueue 2.37109 ms)
[10/06/2026-14:10:52] [I] Average on 1 runs - GPU latency: 5.66797 ms - Host latency: 5.7793 ms (enqueue 2.99414 ms)
[10/06/2026-14:10:52] [I] Average on 1 runs - GPU latency: 5.66797 ms - Host latency: 5.84375 ms (enqueue 3.53711 ms)
[10/06/2026-14:10:52] [I] Average on 1 runs - GPU latency: 5.66406 ms - Host latency: 5.76758 ms (enqueue 3.63867 ms)
[10/06/2026-14:10:52] [I] Average on 1 runs - GPU latency: 5.66016 ms - Host latency: 5.76367 ms (enqueue 3.64062 ms)
[10/06/2026-14:10:52] [I] Average on 1 runs - GPU latency: 5.66406 ms - Host latency: 5.78906 ms (enqueue 3.65039 ms)
[10/06/2026-14:10:52] [I] Average on 1 runs - GPU latency: 5.66406 ms - Host latency: 5.76562 ms (enqueue 3.59961 ms)
[10/06/2026-14:10:52] [I] Average on 1 runs - GPU latency: 5.63672 ms - Host latency: 5.76367 ms (enqueue 3.85938 ms)
[10/06/2026-14:10:52] [I] Average on 1 runs - GPU latency: 5.65039 ms - Host latency: 5.76367 ms (enqueue 3.42188 ms)
[10/06/2026-14:10:52] [I] Average on 1 runs - GPU latency: 5.66797 ms - Host latency: 5.75781 ms (enqueue 3.69531 ms)
[10/06/2026-14:10:52] [I] Average on 1 runs - GPU latency: 5.65625 ms - Host latency: 5.77148 ms (enqueue 3.90234 ms)
[10/06/2026-14:10:52] [I] Average on 1 runs - GPU latency: 5.66406 ms - Host latency: 5.77539 ms (enqueue 3.66602 ms)
[10/06/2026-14:10:52] [I] Average on 1 runs - GPU latency: 5.66211 ms - Host latency: 5.7793 ms (enqueue 3.86133 ms)
[10/06/2026-14:10:52] [I] Average on 1 runs - GPU latency: 5.66797 ms - Host latency: 5.76953 ms (enqueue 3.61914 ms)
[10/06/2026-14:10:52] [I] Average on 1 runs - GPU latency: 5.66797 ms - Host latency: 5.76758 ms (enqueue 3.54102 ms)
[10/06/2026-14:10:52] [I] Average on 1 runs - GPU latency: 5.65625 ms - Host latency: 5.76758 ms (enqueue 3.79688 ms)
[10/06/2026-14:10:52] [I] Average on 1 runs - GPU latency: 5.62695 ms - Host latency: 5.7207 ms (enqueue 3.63086 ms)
[10/06/2026-14:10:52] [I] Average on 1 runs - GPU latency: 5.66211 ms - Host latency: 5.77539 ms (enqueue 3.49219 ms)
[10/06/2026-14:10:52] [I] Average on 1 runs - GPU latency: 5.66797 ms - Host latency: 5.75391 ms (enqueue 3.62695 ms)
[10/06/2026-14:10:52] [I] Average on 1 runs - GPU latency: 5.66211 ms - Host latency: 5.78711 ms (enqueue 3.85156 ms)
[10/06/2026-14:10:52] [I] Average on 1 runs - GPU latency: 5.66406 ms - Host latency: 5.7793 ms (enqueue 3.63281 ms)
[10/06/2026-14:10:52] [I] Average on 1 runs - GPU latency: 5.66406 ms - Host latency: 5.7832 ms (enqueue 3.61914 ms)
[10/06/2026-14:10:52] [I] Average on 1 runs - GPU latency: 5.66406 ms - Host latency: 5.7832 ms (enqueue 3.82812 ms)
[10/06/2026-14:10:52] [I] Average on 1 runs - GPU latency: 5.66406 ms - Host latency: 5.78516 ms (enqueue 3.64844 ms)
[10/06/2026-14:10:52] [I] Average on 1 runs - GPU latency: 5.67969 ms - Host latency: 5.79688 ms (enqueue 3.85547 ms)
[10/06/2026-14:10:52] [I] Average on 1 runs - GPU latency: 5.61328 ms - Host latency: 5.73438 ms (enqueue 3.89062 ms)
[10/06/2026-14:10:52] [I] Average on 1 runs - GPU latency: 5.66602 ms - Host latency: 5.77148 ms (enqueue 2.63867 ms)
[10/06/2026-14:10:52] [I] Average on 1 runs - GPU latency: 5.66406 ms - Host latency: 5.76758 ms (enqueue 3.66016 ms)
[10/06/2026-14:10:52] [I] Average on 1 runs - GPU latency: 5.6543 ms - Host latency: 5.78516 ms (enqueue 3.9707 ms)
[10/06/2026-14:10:52] [I] Average on 1 runs - GPU latency: 5.66602 ms - Host latency: 5.76172 ms (enqueue 3.58984 ms)
[10/06/2026-14:10:52] [I] Average on 1 runs - GPU latency: 5.66992 ms - Host latency: 5.78711 ms (enqueue 3.62891 ms)
[10/06/2026-14:10:52] [I] Average on 1 runs - GPU latency: 5.67188 ms - Host latency: 5.80859 ms (enqueue 3.64258 ms)
[10/06/2026-14:10:52] [I] Average on 1 runs - GPU latency: 5.6543 ms - Host latency: 5.78711 ms (enqueue 3.81445 ms)
[10/06/2026-14:10:52] [I] Average on 1 runs - GPU latency: 5.65234 ms - Host latency: 5.7793 ms (enqueue 3.625 ms)
[10/06/2026-14:10:52] [I] Average on 1 runs - GPU latency: 5.66406 ms - Host latency: 5.77344 ms (enqueue 3.86914 ms)
[10/06/2026-14:10:52] [I] Average on 1 runs - GPU latency: 5.66016 ms - Host latency: 5.77539 ms (enqueue 3.7832 ms)
[10/06/2026-14:10:52] [I] Average on 1 runs - GPU latency: 5.66406 ms - Host latency: 5.77734 ms (enqueue 3.90039 ms)
[10/06/2026-14:10:52] [I] Average on 1 runs - GPU latency: 5.66992 ms - Host latency: 5.79688 ms (enqueue 3.68555 ms)
[10/06/2026-14:10:52] [I] Average on 1 runs - GPU latency: 5.64062 ms - Host latency: 5.7832 ms (enqueue 3.75977 ms)
[10/06/2026-14:10:52] [I] 
[10/06/2026-14:10:52] [I] === Performance summary ===
[10/06/2026-14:10:52] [I] Throughput: 176.582 qps
[10/06/2026-14:10:52] [I] Latency: min = 5.6748 ms, max = 5.89355 ms, mean = 5.77739 ms, median = 5.77832 ms, percentile(90%) = 5.80371 ms, percentile(95%) = 5.8125 ms, percentile(99%) = 5.83887 ms
[10/06/2026-14:10:52] [I] Enqueue Time: min = 2.08105 ms, max = 5.27539 ms, mean = 3.88539 ms, median = 3.90259 ms, percentile(90%) = 4.20264 ms, percentile(95%) = 4.26953 ms, percentile(99%) = 4.40234 ms
[10/06/2026-14:10:52] [I] H2D Latency: min = 0.078125 ms, max = 0.210938 ms, mean = 0.113248 ms, median = 0.110352 ms, percentile(90%) = 0.132812 ms, percentile(95%) = 0.142578 ms, percentile(99%) = 0.167969 ms
[10/06/2026-14:10:52] [I] GPU Compute Time: min = 5.57471 ms, max = 5.68555 ms, mean = 5.65781 ms, median = 5.66211 ms, percentile(90%) = 5.6709 ms, percentile(95%) = 5.67383 ms, percentile(99%) = 5.67871 ms
[10/06/2026-14:10:52] [I] D2H Latency: min = 0.00390625 ms, max = 0.00976562 ms, mean = 0.00633283 ms, median = 0.00634766 ms, percentile(90%) = 0.00708008 ms, percentile(95%) = 0.0078125 ms, percentile(99%) = 0.0078125 ms
[10/06/2026-14:10:52] [I] Total Host Walltime: 15.0185 s
[10/06/2026-14:10:52] [I] Total GPU Compute Time: 15.0045 s
[10/06/2026-14:10:52] [I] Explanations of the performance metrics are printed in the verbose logs.
[10/06/2026-14:10:52] [I] 
&&&& PASSED TensorRT.trtexec [TensorRT v100300] # /usr/src/tensorrt/bin/trtexec --loadEngine=/tmp/yolo26n_84172_uint8_fp16_opt3.engine --warmUp=3000 --duration=15 --idleTime=0 --avgRuns=1
