&&&& RUNNING TensorRT.trtexec [TensorRT v100300] # /usr/src/tensorrt/bin/trtexec --loadEngine=/tmp/yolo26n_84172_uint8_fp16_opt3.engine --warmUp=3000 --duration=15 --idleTime=0 --avgRuns=1
[10/06/2026-14:10:08] [I] === Model Options ===
[10/06/2026-14:10:08] [I] Format: *
[10/06/2026-14:10:08] [I] Model: 
[10/06/2026-14:10:08] [I] Output:
[10/06/2026-14:10:08] [I] 
[10/06/2026-14:10:08] [I] === System Options ===
[10/06/2026-14:10:08] [I] Device: 0
[10/06/2026-14:10:08] [I] DLACore: 
[10/06/2026-14:10:08] [I] Plugins:
[10/06/2026-14:10:08] [I] setPluginsToSerialize:
[10/06/2026-14:10:08] [I] dynamicPlugins:
[10/06/2026-14:10:08] [I] ignoreParsedPluginLibs: 0
[10/06/2026-14:10:08] [I] 
[10/06/2026-14:10:08] [I] === Inference Options ===
[10/06/2026-14:10:08] [I] Batch: Explicit
[10/06/2026-14:10:08] [I] Input inference shapes: model
[10/06/2026-14:10:08] [I] Iterations: 10
[10/06/2026-14:10:08] [I] Duration: 15s (+ 3000ms warm up)
[10/06/2026-14:10:08] [I] Sleep time: 0ms
[10/06/2026-14:10:08] [I] Idle time: 0ms
[10/06/2026-14:10:08] [I] Inference Streams: 1
[10/06/2026-14:10:08] [I] ExposeDMA: Disabled
[10/06/2026-14:10:08] [I] Data transfers: Enabled
[10/06/2026-14:10:08] [I] Spin-wait: Disabled
[10/06/2026-14:10:08] [I] Multithreading: Disabled
[10/06/2026-14:10:08] [I] CUDA Graph: Disabled
[10/06/2026-14:10:08] [I] Separate profiling: Disabled
[10/06/2026-14:10:08] [I] Time Deserialize: Disabled
[10/06/2026-14:10:08] [I] Time Refit: Disabled
[10/06/2026-14:10:08] [I] NVTX verbosity: 0
[10/06/2026-14:10:08] [I] Persistent Cache Ratio: 0
[10/06/2026-14:10:08] [I] Optimization Profile Index: 0
[10/06/2026-14:10:08] [I] Weight Streaming Budget: 100.000000%
[10/06/2026-14:10:08] [I] Inputs:
[10/06/2026-14:10:08] [I] Debug Tensor Save Destinations:
[10/06/2026-14:10:08] [I] === Reporting Options ===
[10/06/2026-14:10:08] [I] Verbose: Disabled
[10/06/2026-14:10:08] [I] Averages: 1 inferences
[10/06/2026-14:10:08] [I] Percentiles: 90,95,99
[10/06/2026-14:10:08] [I] Dump refittable layers:Disabled
[10/06/2026-14:10:08] [I] Dump output: Disabled
[10/06/2026-14:10:08] [I] Profile: Disabled
[10/06/2026-14:10:08] [I] Export timing to JSON file: 
[10/06/2026-14:10:08] [I] Export output to JSON file: 
[10/06/2026-14:10:08] [I] Export profile to JSON file: 
[10/06/2026-14:10:08] [I] 
[10/06/2026-14:10:08] [I] === Device Information ===
[10/06/2026-14:10:08] [I] Available Devices: 
[10/06/2026-14:10:08] [I]   Device 0: "Orin" UUID: GPU-6e16c2c1-e394-5324-8f2e-63a975968f4e
[10/06/2026-14:10:08] [I] Selected Device: Orin
[10/06/2026-14:10:08] [I] Selected Device ID: 0
[10/06/2026-14:10:08] [I] Selected Device UUID: GPU-6e16c2c1-e394-5324-8f2e-63a975968f4e
[10/06/2026-14:10:08] [I] Compute Capability: 8.7
[10/06/2026-14:10:08] [I] SMs: 8
[10/06/2026-14:10:08] [I] Device Global Memory: 7607 MiB
[10/06/2026-14:10:08] [I] Shared Memory per SM: 164 KiB
[10/06/2026-14:10:08] [I] Memory Bus Width: 128 bits (ECC disabled)
[10/06/2026-14:10:08] [I] Application Compute Clock Rate: 1.02 GHz
[10/06/2026-14:10:08] [I] Application Memory Clock Rate: 0.612 GHz
[10/06/2026-14:10:08] [I] 
[10/06/2026-14:10:08] [I] Note: The application clock rates do not reflect the actual clock rates that the GPU is currently running at.
[10/06/2026-14:10:08] [I] 
[10/06/2026-14:10:08] [I] TensorRT version: 10.3.0
[10/06/2026-14:10:08] [I] Loading standard plugins
[10/06/2026-14:10:08] [I] [TRT] Loaded engine size: 7 MiB
[10/06/2026-14:10:08] [I] Engine deserialized in 0.0728718 sec.
[10/06/2026-14:10:08] [I] [TRT] [MemUsageChange] TensorRT-managed allocation in IExecutionContext creation: CPU +0, GPU +12, now: CPU 0, GPU 16 (MiB)
[10/06/2026-14:10:08] [I] Setting persistentCacheLimit to 0 bytes.
[10/06/2026-14:10:08] [I] Created execution context with device memory size: 12.207 MiB
[10/06/2026-14:10:08] [I] Using random values for input images
[10/06/2026-14:10:08] [I] Input binding for images with dimensions 1x640x640x3 is created.
[10/06/2026-14:10:08] [I] Output binding for output0 with dimensions 1x300x6 is created.
[10/06/2026-14:10:08] [I] Starting inference
[10/06/2026-14:10:26] [I] Warmup completed 447 queries over 3000 ms
[10/06/2026-14:10:26] [I] Timing trace has 2319 queries over 15.0225 s
[10/06/2026-14:10:26] [I] 
[10/06/2026-14:10:26] [I] === Trace details ===
[10/06/2026-14:10:26] [I] Trace averages of 1 runs:
[10/06/2026-14:10:26] [I] Average on 1 runs - GPU latency: 6.45239 ms - Host latency: 6.55444 ms (enqueue 4.26245 ms)
[10/06/2026-14:10:26] [I] Average on 1 runs - GPU latency: 6.47778 ms - Host latency: 6.57153 ms (enqueue 2.31885 ms)
[10/06/2026-14:10:26] [I] Average on 1 runs - GPU latency: 6.48364 ms - Host latency: 6.61279 ms (enqueue 4.33057 ms)
[10/06/2026-14:10:26] [I] Average on 1 runs - GPU latency: 6.48267 ms - Host latency: 6.63477 ms (enqueue 4.30664 ms)
[10/06/2026-14:10:26] [I] Average on 1 runs - GPU latency: 6.48071 ms - Host latency: 6.58936 ms (enqueue 4.31494 ms)
[10/06/2026-14:10:26] [I] Average on 1 runs - GPU latency: 6.47974 ms - Host latency: 6.59058 ms (enqueue 4.29932 ms)
[10/06/2026-14:10:26] [I] Average on 1 runs - GPU latency: 6.47656 ms - Host latency: 6.57788 ms (enqueue 4.3418 ms)
[10/06/2026-14:10:26] [I] Average on 1 runs - GPU latency: 6.45166 ms - Host latency: 6.55591 ms (enqueue 4.33813 ms)
[10/06/2026-14:10:26] [I] Average on 1 runs - GPU latency: 6.47583 ms - Host latency: 6.59302 ms (enqueue 4.10254 ms)
[10/06/2026-14:10:26] [I] Average on 1 runs - GPU latency: 6.47876 ms - Host latency: 6.5791 ms (enqueue 4.39355 ms)
[10/06/2026-14:10:26] [I] Average on 1 runs - GPU latency: 6.48584 ms - Host latency: 6.59888 ms (enqueue 4.34009 ms)
[10/06/2026-14:10:26] [I] Average on 1 runs - GPU latency: 6.47461 ms - Host latency: 6.60474 ms (enqueue 4.28467 ms)
[10/06/2026-14:10:26] [I] Average on 1 runs - GPU latency: 6.48071 ms - Host latency: 6.58569 ms (enqueue 4.30737 ms)
[10/06/2026-14:10:26] [I] Average on 1 runs - GPU latency: 6.48218 ms - Host latency: 6.5918 ms (enqueue 4.33105 ms)
[10/06/2026-14:10:26] [I] Average on 1 runs - GPU latency: 6.47876 ms - Host latency: 6.60522 ms (enqueue 4.30078 ms)
[10/06/2026-14:10:26] [I] Average on 1 runs - GPU latency: 6.44312 ms - Host latency: 6.55371 ms (enqueue 4.37329 ms)
[10/06/2026-14:10:26] [I] Average on 1 runs - GPU latency: 6.49121 ms - Host latency: 6.61963 ms (enqueue 3.20752 ms)
[10/06/2026-14:10:26] [I] Average on 1 runs - GPU latency: 6.4917 ms - Host latency: 6.61987 ms (enqueue 4.36499 ms)
[10/06/2026-14:10:26] [I] Average on 1 runs - GPU latency: 6.48633 ms - Host latency: 6.60522 ms (enqueue 4.31714 ms)
[10/06/2026-14:10:26] [I] Average on 1 runs - GPU latency: 6.48462 ms - Host latency: 6.59717 ms (enqueue 4.35522 ms)
[10/06/2026-14:10:26] [I] Average on 1 runs - GPU latency: 6.49487 ms - Host latency: 6.59692 ms (enqueue 3.16919 ms)
[10/06/2026-14:10:26] [I] Average on 1 runs - GPU latency: 6.41968 ms - Host latency: 6.55615 ms (enqueue 3.15625 ms)
[10/06/2026-14:10:26] [I] Average on 1 runs - GPU latency: 6.3999 ms - Host latency: 6.50439 ms (enqueue 2.98999 ms)
[10/06/2026-14:10:26] [I] Average on 1 runs - GPU latency: 6.38965 ms - Host latency: 6.49219 ms (enqueue 2.77881 ms)
[10/06/2026-14:10:26] [I] Average on 1 runs - GPU latency: 6.44556 ms - Host latency: 6.54614 ms (enqueue 2.29248 ms)
[10/06/2026-14:10:26] [I] Average on 1 runs - GPU latency: 6.48413 ms - Host latency: 6.58716 ms (enqueue 3.02075 ms)
[10/06/2026-14:10:26] [I] Average on 1 runs - GPU latency: 6.48096 ms - Host latency: 6.59033 ms (enqueue 3.57593 ms)
[10/06/2026-14:10:26] [I] Average on 1 runs - GPU latency: 6.4856 ms - Host latency: 6.58862 ms (enqueue 3.24805 ms)
[10/06/2026-14:10:26] [I] Average on 1 runs - GPU latency: 6.48193 ms - Host latency: 6.58643 ms (enqueue 3.03906 ms)
[10/06/2026-14:10:26] [I] Average on 1 runs - GPU latency: 6.48779 ms - Host latency: 6.58765 ms (enqueue 3.7478 ms)
[10/06/2026-14:10:26] [I] Average on 1 runs - GPU latency: 6.48657 ms - Host latency: 6.63062 ms (enqueue 3.99902 ms)
[10/06/2026-14:10:26] [I] Average on 1 runs - GPU latency: 6.45557 ms - Host latency: 6.55981 ms (enqueue 4.27661 ms)
[10/06/2026-14:10:26] [I] Average on 1 runs - GPU latency: 6.48218 ms - Host latency: 6.57788 ms (enqueue 2.1228 ms)
[10/06/2026-14:10:26] [I] Average on 1 runs - GPU latency: 6.48608 ms - Host latency: 6.58813 ms (enqueue 4.00146 ms)
[10/06/2026-14:10:26] [I] Average on 1 runs - GPU latency: 6.48438 ms - Host latency: 6.58594 ms (enqueue 3.98218 ms)
[10/06/2026-14:10:26] [I] Average on 1 runs - GPU latency: 6.48828 ms - Host latency: 6.60107 ms (enqueue 3.99829 ms)
[10/06/2026-14:10:26] [I] Average on 1 runs - GPU latency: 6.479 ms - Host latency: 6.5835 ms (enqueue 4.00952 ms)
[10/06/2026-14:10:26] [I] Average on 1 runs - GPU latency: 6.48022 ms - Host latency: 6.59082 ms (enqueue 4.31982 ms)
[10/06/2026-14:10:26] [I] Average on 1 runs - GPU latency: 6.44482 ms - Host latency: 6.55225 ms (enqueue 4.33472 ms)
[10/06/2026-14:10:26] [I] Average on 1 runs - GPU latency: 6.48438 ms - Host latency: 6.61157 ms (enqueue 3.90698 ms)
[10/06/2026-14:10:26] [I] Average on 1 runs - GPU latency: 6.49023 ms - Host latency: 6.58325 ms (enqueue 4.3418 ms)
[10/06/2026-14:10:26] [I] Average on 1 runs - GPU latency: 6.48462 ms - Host latency: 6.59399 ms (enqueue 4.35889 ms)
[10/06/2026-14:10:26] [I] Average on 1 runs - GPU latency: 6.47925 ms - Host latency: 6.58179 ms (enqueue 4.25977 ms)
[10/06/2026-14:10:26] [I] Average on 1 runs - GPU latency: 6.49756 ms - Host latency: 6.60742 ms (enqueue 4.33838 ms)
[10/06/2026-14:10:26] [I] Average on 1 runs - GPU latency: 6.47729 ms - Host latency: 6.6145 ms (enqueue 4.34155 ms)
[10/06/2026-14:10:26] [I] Average on 1 runs - GPU latency: 6.48267 ms - Host latency: 6.58618 ms (enqueue 4.33643 ms)
[10/06/2026-14:10:26] [I] Average on 1 runs - GPU latency: 6.43994 ms - Host latency: 6.54541 ms (enqueue 4.38403 ms)
[10/06/2026-14:10:26] [I] Average on 1 runs - GPU latency: 6.48999 ms - Host latency: 6.60913 ms (enqueue 2.95386 ms)
[10/06/2026-14:10:26] [I] Average on 1 runs - GPU latency: 6.4812 ms - Host latency: 6.60425 ms (enqueue 4.40503 ms)
[10/06/2026-14:10:26] [I] Average on 1 runs - GPU latency: 6.47876 ms - Host latency: 6.59375 ms (enqueue 4.37036 ms)
[10/06/2026-14:10:26] [I] Average on 1 runs - GPU latency: 6.48315 ms - Host latency: 6.58667 ms (enqueue 4.32739 ms)
[10/06/2026-14:10:26] [I] Average on 1 runs - GPU latency: 6.47803 ms - Host latency: 6.59155 ms (enqueue 4.32983 ms)
[10/06/2026-14:10:26] [I] Average on 1 runs - GPU latency: 6.47095 ms - Host latency: 6.57544 ms (enqueue 4.28589 ms)
[10/06/2026-14:10:26] [I] Average on 1 runs - GPU latency: 6.48633 ms - Host latency: 6.58984 ms (enqueue 4.32642 ms)
[10/06/2026-14:10:26] [I] Average on 1 runs - GPU latency: 6.44507 ms - Host latency: 6.54883 ms (enqueue 4.40625 ms)
[10/06/2026-14:10:26] [I] Average on 1 runs - GPU latency: 6.4834 ms - Host latency: 6.58179 ms (enqueue 2.13208 ms)
[10/06/2026-14:10:26] [I] Average on 1 runs - GPU latency: 6.47559 ms - Host latency: 6.57886 ms (enqueue 4.30176 ms)
[10/06/2026-14:10:26] [I] Average on 1 runs - GPU latency: 6.48096 ms - Host latency: 6.58276 ms (enqueue 4.33398 ms)
[10/06/2026-14:10:26] [I] Average on 1 runs - GPU latency: 6.48218 ms - Host latency: 6.62109 ms (enqueue 4.34692 ms)
[10/06/2026-14:10:26] [I] Average on 1 runs - GPU latency: 6.48145 ms - Host latency: 6.58667 ms (enqueue 4.31958 ms)
[10/06/2026-14:10:26] [I] Average on 1 runs - GPU latency: 6.47852 ms - Host latency: 6.58154 ms (enqueue 4.29468 ms)
[10/06/2026-14:10:26] [I] Average on 1 runs - GPU latency: 6.45996 ms - Host latency: 6.58936 ms (enqueue 4.29883 ms)
[10/06/2026-14:10:26] [I] Average on 1 runs - GPU latency: 6.47803 ms - Host latency: 6.58521 ms (enqueue 4.39746 ms)
[10/06/2026-14:10:26] [I] Average on 1 runs - GPU latency: 6.48682 ms - Host latency: 6.57983 ms (enqueue 4.0249 ms)
[10/06/2026-14:10:26] [I] Average on 1 runs - GPU latency: 6.47144 ms - Host latency: 6.59106 ms (enqueue 4.33984 ms)
[10/06/2026-14:10:26] [I] Average on 1 runs - GPU latency: 6.48779 ms - Host latency: 6.60425 ms (enqueue 4.38501 ms)
[10/06/2026-14:10:26] [I] Average on 1 runs - GPU latency: 6.48462 ms - Host latency: 6.58716 ms (enqueue 4.34595 ms)
[10/06/2026-14:10:26] [I] Average on 1 runs - GPU latency: 6.4751 ms - Host latency: 6.62207 ms (enqueue 4.36792 ms)
[10/06/2026-14:10:26] [I] Average on 1 runs - GPU latency: 6.48706 ms - Host latency: 6.59106 ms (enqueue 4.32324 ms)
[10/06/2026-14:10:26] [I] Average on 1 runs - GPU latency: 6.43726 ms - Host latency: 6.54297 ms (enqueue 4.26709 ms)
[10/06/2026-14:10:26] [I] Average on 1 runs - GPU latency: 6.47388 ms - Host latency: 6.57617 ms (enqueue 3.69263 ms)
[10/06/2026-14:10:26] [I] Average on 1 runs - GPU latency: 6.4834 ms - Host latency: 6.60376 ms (enqueue 4.32861 ms)
[10/06/2026-14:10:26] [I] Average on 1 runs - GPU latency: 6.48291 ms - Host latency: 6.58789 ms (enqueue 4.32227 ms)
[10/06/2026-14:10:26] [I] Average on 1 runs - GPU latency: 6.48853 ms - Host latency: 6.59106 ms (enqueue 4.32178 ms)
[10/06/2026-14:10:26] [I] Average on 1 runs - GPU latency: 6.48218 ms - Host latency: 6.58789 ms (enqueue 4.37524 ms)
[10/06/2026-14:10:26] [I] Average on 1 runs - GPU latency: 6.49878 ms - Host latency: 6.61865 ms (enqueue 4.37817 ms)
[10/06/2026-14:10:26] [I] Average on 1 runs - GPU latency: 6.48315 ms - Host latency: 6.61816 ms (enqueue 4.34521 ms)
[10/06/2026-14:10:26] [I] Average on 1 runs - GPU latency: 6.4209 ms - Host latency: 6.52588 ms (enqueue 4.3457 ms)
[10/06/2026-14:10:26] [I] Average on 1 runs - GPU latency: 6.47705 ms - Host latency: 6.60205 ms (enqueue 2.74243 ms)
[10/06/2026-14:10:26] [I] Average on 1 runs - GPU latency: 6.48462 ms - Host latency: 6.61401 ms (enqueue 4.33667 ms)
[10/06/2026-14:10:26] [I] Average on 1 runs - GPU latency: 6.48291 ms - Host latency: 6.58911 ms (enqueue 4.32397 ms)
[10/06/2026-14:10:26] [I] Average on 1 runs - GPU latency: 6.4873 ms - Host latency: 6.60864 ms (enqueue 4.34985 ms)
[10/06/2026-14:10:26] [I] Average on 1 runs - GPU latency: 6.48315 ms - Host latency: 6.59985 ms (enqueue 4.15918 ms)
[10/06/2026-14:10:26] [I] Average on 1 runs - GPU latency: 6.48877 ms - Host latency: 6.59375 ms (enqueue 4.34399 ms)
[10/06/2026-14:10:26] [I] Average on 1 runs - GPU latency: 6.48828 ms - Host latency: 6.59082 ms (enqueue 4.38574 ms)
[10/06/2026-14:10:26] [I] Average on 1 runs - GPU latency: 6.44092 ms - Host latency: 6.55322 ms (enqueue 4.36646 ms)
[10/06/2026-14:10:26] [I] Average on 1 runs - GPU latency: 6.48315 ms - Host latency: 6.57788 ms (enqueue 2.06714 ms)
[10/06/2026-14:10:26] [I] Average on 1 runs - GPU latency: 6.48999 ms - Host latency: 6.61133 ms (enqueue 4.34033 ms)
[10/06/2026-14:10:26] [I] Average on 1 runs - GPU latency: 6.47705 ms - Host latency: 6.58325 ms (enqueue 4.32739 ms)
[10/06/2026-14:10:26] [I] Average on 1 runs - GPU latency: 6.48364 ms - Host latency: 6.60303 ms (enqueue 4.36768 ms)
[10/06/2026-14:10:26] [I] Average on 1 runs - GPU latency: 6.49219 ms - Host latency: 6.62231 ms (enqueue 4.36523 ms)
[10/06/2026-14:10:26] [I] Average on 1 runs - GPU latency: 6.48364 ms - Host latency: 6.59009 ms (enqueue 4.32568 ms)
[10/06/2026-14:10:26] [I] Average on 1 runs - GPU latency: 6.45752 ms - Host latency: 6.57788 ms (enqueue 4.44067 ms)
[10/06/2026-14:10:26] [I] Average on 1 runs - GPU latency: 6.47632 ms - Host latency: 6.60498 ms (enqueue 4.26367 ms)
[10/06/2026-14:10:26] [I] Average on 1 runs - GPU latency: 6.47876 ms - Host latency: 6.58398 ms (enqueue 4.39453 ms)
[10/06/2026-14:10:26] [I] Average on 1 runs - GPU latency: 6.48706 ms - Host latency: 6.58936 ms (enqueue 4.37769 ms)
[10/06/2026-14:10:26] [I] Average on 1 runs - GPU latency: 6.48901 ms - Host latency: 6.62061 ms (enqueue 4.33008 ms)
[10/06/2026-14:10:26] [I] Average on 1 runs - GPU latency: 6.48584 ms - Host latency: 6.58936 ms (enqueue 4.29517 ms)
[10/06/2026-14:10:26] [I] Average on 1 runs - GPU latency: 6.47632 ms - Host latency: 6.5813 ms (enqueue 4.33862 ms)
[10/06/2026-14:10:26] [I] Average on 1 runs - GPU latency: 6.48315 ms - Host latency: 6.58691 ms (enqueue 4.36768 ms)
[10/06/2026-14:10:26] [I] Average on 1 runs - GPU latency: 6.42822 ms - Host latency: 6.53223 ms (enqueue 4.33398 ms)
[10/06/2026-14:10:26] [I] Average on 1 runs - GPU latency: 6.47192 ms - Host latency: 6.57495 ms (enqueue 3.37109 ms)
[10/06/2026-14:10:26] [I] Average on 1 runs - GPU latency: 6.48364 ms - Host latency: 6.58569 ms (enqueue 4.36377 ms)
[10/06/2026-14:10:26] [I] Average on 1 runs - GPU latency: 6.479 ms - Host latency: 6.5874 ms (enqueue 4.31055 ms)
[10/06/2026-14:10:26] [I] Average on 1 runs - GPU latency: 6.48071 ms - Host latency: 6.58521 ms (enqueue 4.33081 ms)
[10/06/2026-14:10:26] [I] Average on 1 runs - GPU latency: 6.47998 ms - Host latency: 6.58374 ms (enqueue 4.3042 ms)
[10/06/2026-14:10:26] [I] Average on 1 runs - GPU latency: 6.46362 ms - Host latency: 6.57471 ms (enqueue 4.39624 ms)
[10/06/2026-14:10:26] [I] Average on 1 runs - GPU latency: 6.47095 ms - Host latency: 6.57104 ms (enqueue 3.16211 ms)
[10/06/2026-14:10:26] [I] Average on 1 runs - GPU latency: 6.41284 ms - Host latency: 6.52319 ms (enqueue 3.02539 ms)
[10/06/2026-14:10:26] [I] Average on 1 runs - GPU latency: 6.39404 ms - Host latency: 6.49829 ms (enqueue 2.50757 ms)
[10/06/2026-14:10:26] [I] Average on 1 runs - GPU latency: 6.44092 ms - Host latency: 6.53906 ms (enqueue 2.66748 ms)
[10/06/2026-14:10:26] [I] Average on 1 runs - GPU latency: 6.43408 ms - Host latency: 6.53223 ms (enqueue 2.61548 ms)
[10/06/2026-14:10:26] [I] Average on 1 runs - GPU latency: 6.39551 ms - Host latency: 6.52856 ms (enqueue 3.01538 ms)
[10/06/2026-14:10:26] [I] Average on 1 runs - GPU latency: 6.39526 ms - Host latency: 6.49731 ms (enqueue 2.76074 ms)
[10/06/2026-14:10:26] [I] Average on 1 runs - GPU latency: 6.44116 ms - Host latency: 6.54224 ms (enqueue 2.65845 ms)
[10/06/2026-14:10:26] [I] Average on 1 runs - GPU latency: 6.48584 ms - Host latency: 6.58521 ms (enqueue 2.35913 ms)
[10/06/2026-14:10:26] [I] Average on 1 runs - GPU latency: 6.47949 ms - Host latency: 6.59985 ms (enqueue 3.99585 ms)
[10/06/2026-14:10:26] [I] Average on 1 runs - GPU latency: 6.48218 ms - Host latency: 6.60889 ms (enqueue 4.1687 ms)
[10/06/2026-14:10:26] [I] Average on 1 runs - GPU latency: 6.4856 ms - Host latency: 6.58789 ms (enqueue 4.05444 ms)
[10/06/2026-14:10:26] [I] Average on 1 runs - GPU latency: 6.48999 ms - Host latency: 6.60742 ms (enqueue 3.93359 ms)
[10/06/2026-14:10:26] [I] Average on 1 runs - GPU latency: 6.48096 ms - Host latency: 6.59131 ms (enqueue 4.2312 ms)
[10/06/2026-14:10:26] [I] Average on 1 runs - GPU latency: 6.49097 ms - Host latency: 6.59839 ms (enqueue 3.92529 ms)
[10/06/2026-14:10:26] [I] Average on 1 runs - GPU latency: 6.49829 ms - Host latency: 6.61572 ms (enqueue 3.98364 ms)
[10/06/2026-14:10:26] [I] Average on 1 runs - GPU latency: 6.46191 ms - Host latency: 6.57544 ms (enqueue 4.29126 ms)
[10/06/2026-14:10:26] [I] Average on 1 runs - GPU latency: 6.48584 ms - Host latency: 6.62793 ms (enqueue 4.16528 ms)
[10/06/2026-14:10:26] [I] Average on 1 runs - GPU latency: 6.48315 ms - Host latency: 6.60815 ms (enqueue 4.35669 ms)
[10/06/2026-14:10:26] [I] Average on 1 runs - GPU latency: 6.48071 ms - Host latency: 6.60815 ms (enqueue 4.40332 ms)
[10/06/2026-14:10:26] [I] Average on 1 runs - GPU latency: 6.48267 ms - Host latency: 6.59155 ms (enqueue 4.30444 ms)
[10/06/2026-14:10:26] [I] Average on 1 runs - GPU latency: 6.48071 ms - Host latency: 6.59326 ms (enqueue 4.3916 ms)
[10/06/2026-14:10:26] [I] Average on 1 runs - GPU latency: 6.48633 ms - Host latency: 6.5896 ms (enqueue 4.3313 ms)
[10/06/2026-14:10:26] [I] Average on 1 runs - GPU latency: 6.48364 ms - Host latency: 6.58545 ms (enqueue 4.33594 ms)
[10/06/2026-14:10:26] [I] Average on 1 runs - GPU latency: 6.44263 ms - Host latency: 6.54785 ms (enqueue 4.3623 ms)
[10/06/2026-14:10:26] [I] Average on 1 runs - GPU latency: 6.48438 ms - Host latency: 6.6167 ms (enqueue 3.18066 ms)
[10/06/2026-14:10:26] [I] Average on 1 runs - GPU latency: 6.47949 ms - Host latency: 6.61011 ms (enqueue 4.36987 ms)
[10/06/2026-14:10:26] [I] Average on 1 runs - GPU latency: 6.48438 ms - Host latency: 6.58691 ms (enqueue 4.32495 ms)
[10/06/2026-14:10:26] [I] Average on 1 runs - GPU latency: 6.47949 ms - Host latency: 6.59229 ms (enqueue 4.33545 ms)
[10/06/2026-14:10:26] [I] Average on 1 runs - GPU latency: 6.48682 ms - Host latency: 6.61914 ms (enqueue 4.28516 ms)
[10/06/2026-14:10:26] [I] Average on 1 runs - GPU latency: 6.48364 ms - Host latency: 6.64136 ms (enqueue 5.13867 ms)
[10/06/2026-14:10:26] [I] Average on 1 runs - GPU latency: 6.48901 ms - Host latency: 6.60205 ms (enqueue 4.02246 ms)
[10/06/2026-14:10:26] [I] Average on 1 runs - GPU latency: 6.45044 ms - Host latency: 6.55615 ms (enqueue 3.89233 ms)
[10/06/2026-14:10:26] [I] Average on 1 runs - GPU latency: 6.47925 ms - Host latency: 6.60229 ms (enqueue 2.54883 ms)
[10/06/2026-14:10:26] [I] Average on 1 runs - GPU latency: 6.47461 ms - Host latency: 6.60474 ms (enqueue 4.45776 ms)
[10/06/2026-14:10:26] [I] Average on 1 runs - GPU latency: 6.48828 ms - Host latency: 6.60278 ms (enqueue 4.3208 ms)
[10/06/2026-14:10:26] [I] Average on 1 runs - GPU latency: 6.48877 ms - Host latency: 6.59961 ms (enqueue 4.02002 ms)
[10/06/2026-14:10:26] [I] Average on 1 runs - GPU latency: 6.47998 ms - Host latency: 6.58545 ms (enqueue 4.49683 ms)
[10/06/2026-14:10:26] [I] Average on 1 runs - GPU latency: 6.48438 ms - Host latency: 6.59497 ms (enqueue 3.99023 ms)
[10/06/2026-14:10:26] [I] Average on 1 runs - GPU latency: 6.46631 ms - Host latency: 6.60522 ms (enqueue 4.09473 ms)
[10/06/2026-14:10:26] [I] Average on 1 runs - GPU latency: 6.45923 ms - Host latency: 6.58765 ms (enqueue 4.06714 ms)
[10/06/2026-14:10:26] [I] Average on 1 runs - GPU latency: 6.47485 ms - Host latency: 6.57153 ms (enqueue 2.65771 ms)
[10/06/2026-14:10:26] [I] Average on 1 runs - GPU latency: 6.4873 ms - Host latency: 6.59204 ms (enqueue 4.17261 ms)
[10/06/2026-14:10:26] [I] Average on 1 runs - GPU latency: 6.47998 ms - Host latency: 6.59595 ms (enqueue 4.35449 ms)
[10/06/2026-14:10:26] [I] Average on 1 runs - GPU latency: 6.48633 ms - Host latency: 6.5918 ms (enqueue 4.34839 ms)
[10/06/2026-14:10:26] [I] Average on 1 runs - GPU latency: 6.48193 ms - Host latency: 6.61963 ms (enqueue 4.56714 ms)
[10/06/2026-14:10:26] [I] Average on 1 runs - GPU latency: 6.49048 ms - Host latency: 6.66699 ms (enqueue 4.48999 ms)
[10/06/2026-14:10:26] [I] Average on 1 runs - GPU latency: 6.44092 ms - Host latency: 6.55591 ms (enqueue 4.31592 ms)
[10/06/2026-14:10:26] [I] Average on 1 runs - GPU latency: 6.47192 ms - Host latency: 6.58032 ms (enqueue 3.71509 ms)
[10/06/2026-14:10:26] [I] Average on 1 runs - GPU latency: 6.47729 ms - Host latency: 6.61157 ms (enqueue 4.4751 ms)
[10/06/2026-14:10:26] [I] Average on 1 runs - GPU latency: 6.48145 ms - Host latency: 6.58716 ms (enqueue 3.98706 ms)
[10/06/2026-14:10:26] [I] Average on 1 runs - GPU latency: 6.48145 ms - Host latency: 6.61304 ms (enqueue 4.49902 ms)
[10/06/2026-14:10:26] [I] Average on 1 runs - GPU latency: 6.48535 ms - Host latency: 6.5957 ms (enqueue 4.34033 ms)
[10/06/2026-14:10:26] [I] Average on 1 runs - GPU latency: 6.49414 ms - Host latency: 6.61743 ms (enqueue 4.35767 ms)
[10/06/2026-14:10:26] [I] Average on 1 runs - GPU latency: 6.48901 ms - Host latency: 6.62476 ms (enqueue 4.46021 ms)
[10/06/2026-14:10:26] [I] Average on 1 runs - GPU latency: 6.44531 ms - Host latency: 6.56372 ms (enqueue 4.32178 ms)
[10/06/2026-14:10:26] [I] Average on 1 runs - GPU latency: 6.48071 ms - Host latency: 6.59131 ms (enqueue 3.15918 ms)
[10/06/2026-14:10:26] [I] Average on 1 runs - GPU latency: 6.4939 ms - Host latency: 6.62646 ms (enqueue 4.44507 ms)
[10/06/2026-14:10:26] [I] Average on 1 runs - GPU latency: 6.47729 ms - Host latency: 6.5874 ms (enqueue 4.31567 ms)
[10/06/2026-14:10:26] [I] Average on 1 runs - GPU latency: 6.48804 ms - Host latency: 6.59229 ms (enqueue 4.32983 ms)
[10/06/2026-14:10:26] [I] Average on 1 runs - GPU latency: 6.48535 ms - Host latency: 6.61963 ms (enqueue 4.39819 ms)
[10/06/2026-14:10:26] [I] Average on 1 runs - GPU latency: 6.47949 ms - Host latency: 6.58838 ms (enqueue 5.83276 ms)
[10/06/2026-14:10:26] [I] Average on 1 runs - GPU latency: 6.48535 ms - Host latency: 6.59692 ms (enqueue 4.36621 ms)
[10/06/2026-14:10:26] [I] Average on 1 runs - GPU latency: 6.44629 ms - Host latency: 6.56543 ms (enqueue 4.35205 ms)
[10/06/2026-14:10:26] [I] Average on 1 runs - GPU latency: 6.48145 ms - Host latency: 6.58057 ms (enqueue 2.27295 ms)
[10/06/2026-14:10:26] [I] Average on 1 runs - GPU latency: 6.48193 ms - Host latency: 6.60303 ms (enqueue 4.39941 ms)
[10/06/2026-14:10:26] [I] Average on 1 runs - GPU latency: 6.4873 ms - Host latency: 6.60156 ms (enqueue 4.33447 ms)
[10/06/2026-14:10:26] [I] Average on 1 runs - GPU latency: 6.48682 ms - Host latency: 6.6001 ms (enqueue 4.35059 ms)
[10/06/2026-14:10:26] [I] Average on 1 runs - GPU latency: 6.48877 ms - Host latency: 6.60547 ms (enqueue 4.35791 ms)
[10/06/2026-14:10:26] [I] Average on 1 runs - GPU latency: 6.48584 ms - Host latency: 6.59521 ms (enqueue 4.4292 ms)
[10/06/2026-14:10:26] [I] Average on 1 runs - GPU latency: 6.46631 ms - Host latency: 6.57861 ms (enqueue 4.35596 ms)
[10/06/2026-14:10:26] [I] Average on 1 runs - GPU latency: 6.48193 ms - Host latency: 6.61279 ms (enqueue 4.45703 ms)
[10/06/2026-14:10:26] [I] Average on 1 runs - GPU latency: 6.48193 ms - Host latency: 6.60791 ms (enqueue 4.5542 ms)
[10/06/2026-14:10:26] [I] Average on 1 runs - GPU latency: 6.49756 ms - Host latency: 6.60986 ms (enqueue 4.39307 ms)
[10/06/2026-14:10:26] [I] Average on 1 runs - GPU latency: 6.48926 ms - Host latency: 6.59521 ms (enqueue 4.36133 ms)
[10/06/2026-14:10:26] [I] Average on 1 runs - GPU latency: 6.49121 ms - Host latency: 6.60303 ms (enqueue 4.33887 ms)
[10/06/2026-14:10:26] [I] Average on 1 runs - GPU latency: 6.4873 ms - Host latency: 6.59619 ms (enqueue 4.41992 ms)
[10/06/2026-14:10:26] [I] Average on 1 runs - GPU latency: 6.48438 ms - Host latency: 6.61035 ms (enqueue 5.50439 ms)
[10/06/2026-14:10:26] [I] Average on 1 runs - GPU latency: 6.43896 ms - Host latency: 6.55371 ms (enqueue 4.37842 ms)
[10/06/2026-14:10:26] [I] Average on 1 runs - GPU latency: 6.48291 ms - Host latency: 6.58691 ms (enqueue 3.75 ms)
[10/06/2026-14:10:26] [I] Average on 1 runs - GPU latency: 6.48535 ms - Host latency: 6.60059 ms (enqueue 4.45361 ms)
[10/06/2026-14:10:26] [I] Average on 1 runs - GPU latency: 6.48535 ms - Host latency: 6.59619 ms (enqueue 4.00537 ms)
[10/06/2026-14:10:26] [I] Average on 1 runs - GPU latency: 6.47217 ms - Host latency: 6.60107 ms (enqueue 4.33252 ms)
[10/06/2026-14:10:26] [I] Average on 1 runs - GPU latency: 6.49268 ms - Host latency: 6.60791 ms (enqueue 4.32764 ms)
[10/06/2026-14:10:26] [I] Average on 1 runs - GPU latency: 6.47949 ms - Host latency: 6.60059 ms (enqueue 4.3335 ms)
[10/06/2026-14:10:26] [I] Average on 1 runs - GPU latency: 6.47412 ms - Host latency: 6.57861 ms (enqueue 4.02686 ms)
[10/06/2026-14:10:26] [I] Average on 1 runs - GPU latency: 6.42871 ms - Host latency: 6.5332 ms (enqueue 3.27881 ms)
[10/06/2026-14:10:26] [I] Average on 1 runs - GPU latency: 6.4082 ms - Host latency: 6.55713 ms (enqueue 3.05566 ms)
[10/06/2026-14:10:26] [I] Average on 1 runs - GPU latency: 6.39893 ms - Host latency: 6.51514 ms (enqueue 2.896 ms)
[10/06/2026-14:10:26] [I] Average on 1 runs - GPU latency: 6.44043 ms - Host latency: 6.5415 ms (enqueue 2.729 ms)
[10/06/2026-14:10:26] [I] Average on 1 runs - GPU latency: 6.43799 ms - Host latency: 6.53857 ms (enqueue 2.56689 ms)
[10/06/2026-14:10:26] [I] Average on 1 runs - GPU latency: 6.38477 ms - Host latency: 6.5127 ms (enqueue 3.11475 ms)
[10/06/2026-14:10:26] [I] Average on 1 runs - GPU latency: 6.3999 ms - Host latency: 6.50244 ms (enqueue 2.74951 ms)
[10/06/2026-14:10:26] [I] ... Omitting 1919 lines
[10/06/2026-14:10:26] [I] Average on 1 runs - GPU latency: 6.48047 ms - Host latency: 6.5957 ms (enqueue 4.29102 ms)
[10/06/2026-14:10:26] [I] Average on 1 runs - GPU latency: 6.42578 ms - Host latency: 6.57422 ms (enqueue 4.25977 ms)
[10/06/2026-14:10:26] [I] Average on 1 runs - GPU latency: 6.48242 ms - Host latency: 6.58789 ms (enqueue 4.18359 ms)
[10/06/2026-14:10:26] [I] Average on 1 runs - GPU latency: 6.4707 ms - Host latency: 6.57422 ms (enqueue 4.28516 ms)
[10/06/2026-14:10:26] [I] Average on 1 runs - GPU latency: 6.48242 ms - Host latency: 6.58398 ms (enqueue 4.26758 ms)
[10/06/2026-14:10:26] [I] Average on 1 runs - GPU latency: 6.47266 ms - Host latency: 6.57617 ms (enqueue 4.2793 ms)
[10/06/2026-14:10:26] [I] Average on 1 runs - GPU latency: 6.48047 ms - Host latency: 6.58203 ms (enqueue 4.34375 ms)
[10/06/2026-14:10:26] [I] Average on 1 runs - GPU latency: 6.48438 ms - Host latency: 6.58398 ms (enqueue 4.34375 ms)
[10/06/2026-14:10:26] [I] Average on 1 runs - GPU latency: 6.47852 ms - Host latency: 6.58203 ms (enqueue 4.30273 ms)
[10/06/2026-14:10:26] [I] Average on 1 runs - GPU latency: 6.45508 ms - Host latency: 6.55469 ms (enqueue 4.29102 ms)
[10/06/2026-14:10:26] [I] Average on 1 runs - GPU latency: 6.48828 ms - Host latency: 6.5918 ms (enqueue 4.29883 ms)
[10/06/2026-14:10:26] [I] Average on 1 runs - GPU latency: 6.48242 ms - Host latency: 6.58594 ms (enqueue 4.33984 ms)
[10/06/2026-14:10:26] [I] Average on 1 runs - GPU latency: 6.48242 ms - Host latency: 6.58594 ms (enqueue 4.25391 ms)
[10/06/2026-14:10:26] [I] Average on 1 runs - GPU latency: 6.48828 ms - Host latency: 6.5918 ms (enqueue 4.25195 ms)
[10/06/2026-14:10:26] [I] Average on 1 runs - GPU latency: 6.49609 ms - Host latency: 6.59961 ms (enqueue 4.36523 ms)
[10/06/2026-14:10:26] [I] Average on 1 runs - GPU latency: 6.48242 ms - Host latency: 6.61133 ms (enqueue 4.35547 ms)
[10/06/2026-14:10:26] [I] Average on 1 runs - GPU latency: 6.44727 ms - Host latency: 6.55078 ms (enqueue 4.33008 ms)
[10/06/2026-14:10:26] [I] Average on 1 runs - GPU latency: 6.48438 ms - Host latency: 6.5918 ms (enqueue 4.28906 ms)
[10/06/2026-14:10:26] [I] Average on 1 runs - GPU latency: 6.48047 ms - Host latency: 6.58984 ms (enqueue 4.33203 ms)
[10/06/2026-14:10:26] [I] Average on 1 runs - GPU latency: 6.47656 ms - Host latency: 6.58203 ms (enqueue 4.28125 ms)
[10/06/2026-14:10:26] [I] Average on 1 runs - GPU latency: 6.49219 ms - Host latency: 6.59961 ms (enqueue 4.24023 ms)
[10/06/2026-14:10:26] [I] Average on 1 runs - GPU latency: 6.47852 ms - Host latency: 6.58984 ms (enqueue 4.33008 ms)
[10/06/2026-14:10:26] [I] Average on 1 runs - GPU latency: 6.49023 ms - Host latency: 6.60938 ms (enqueue 4.36719 ms)
[10/06/2026-14:10:26] [I] Average on 1 runs - GPU latency: 6.48242 ms - Host latency: 6.58203 ms (enqueue 4.25391 ms)
[10/06/2026-14:10:26] [I] Average on 1 runs - GPU latency: 6.45117 ms - Host latency: 6.55859 ms (enqueue 4.28516 ms)
[10/06/2026-14:10:26] [I] Average on 1 runs - GPU latency: 6.47461 ms - Host latency: 6.58984 ms (enqueue 4.20703 ms)
[10/06/2026-14:10:26] [I] Average on 1 runs - GPU latency: 6.49023 ms - Host latency: 6.59375 ms (enqueue 4.29102 ms)
[10/06/2026-14:10:26] [I] Average on 1 runs - GPU latency: 6.49023 ms - Host latency: 6.59375 ms (enqueue 4.30273 ms)
[10/06/2026-14:10:26] [I] Average on 1 runs - GPU latency: 6.48633 ms - Host latency: 6.60547 ms (enqueue 4.27734 ms)
[10/06/2026-14:10:26] [I] Average on 1 runs - GPU latency: 6.48047 ms - Host latency: 6.58594 ms (enqueue 4.33398 ms)
[10/06/2026-14:10:26] [I] Average on 1 runs - GPU latency: 6.49023 ms - Host latency: 6.59766 ms (enqueue 4.30078 ms)
[10/06/2026-14:10:26] [I] Average on 1 runs - GPU latency: 6.47461 ms - Host latency: 6.58594 ms (enqueue 4.27539 ms)
[10/06/2026-14:10:26] [I] Average on 1 runs - GPU latency: 6.43555 ms - Host latency: 6.55664 ms (enqueue 4.35547 ms)
[10/06/2026-14:10:26] [I] Average on 1 runs - GPU latency: 6.47852 ms - Host latency: 6.57812 ms (enqueue 4.20508 ms)
[10/06/2026-14:10:26] [I] Average on 1 runs - GPU latency: 6.48047 ms - Host latency: 6.58594 ms (enqueue 4.32617 ms)
[10/06/2026-14:10:26] [I] Average on 1 runs - GPU latency: 6.48242 ms - Host latency: 6.60352 ms (enqueue 4.29883 ms)
[10/06/2026-14:10:26] [I] Average on 1 runs - GPU latency: 6.48047 ms - Host latency: 6.5957 ms (enqueue 4.36133 ms)
[10/06/2026-14:10:26] [I] Average on 1 runs - GPU latency: 6.48828 ms - Host latency: 6.59375 ms (enqueue 4.28906 ms)
[10/06/2026-14:10:26] [I] Average on 1 runs - GPU latency: 6.47656 ms - Host latency: 6.5918 ms (enqueue 4.35352 ms)
[10/06/2026-14:10:26] [I] Average on 1 runs - GPU latency: 6.46875 ms - Host latency: 6.57422 ms (enqueue 4.30078 ms)
[10/06/2026-14:10:26] [I] Average on 1 runs - GPU latency: 6.46094 ms - Host latency: 6.56836 ms (enqueue 4.3125 ms)
[10/06/2026-14:10:26] [I] Average on 1 runs - GPU latency: 6.49219 ms - Host latency: 6.59766 ms (enqueue 4.28906 ms)
[10/06/2026-14:10:26] [I] Average on 1 runs - GPU latency: 6.48828 ms - Host latency: 6.62305 ms (enqueue 4.35352 ms)
[10/06/2026-14:10:26] [I] Average on 1 runs - GPU latency: 6.47656 ms - Host latency: 6.59961 ms (enqueue 4.2793 ms)
[10/06/2026-14:10:26] [I] Average on 1 runs - GPU latency: 6.48047 ms - Host latency: 6.58789 ms (enqueue 4.3125 ms)
[10/06/2026-14:10:26] [I] Average on 1 runs - GPU latency: 6.47852 ms - Host latency: 6.57812 ms (enqueue 4.28516 ms)
[10/06/2026-14:10:26] [I] Average on 1 runs - GPU latency: 6.48633 ms - Host latency: 6.58984 ms (enqueue 4.31641 ms)
[10/06/2026-14:10:26] [I] Average on 1 runs - GPU latency: 6.43945 ms - Host latency: 6.54102 ms (enqueue 4.27344 ms)
[10/06/2026-14:10:26] [I] Average on 1 runs - GPU latency: 6.47266 ms - Host latency: 6.58203 ms (enqueue 4.23438 ms)
[10/06/2026-14:10:26] [I] Average on 1 runs - GPU latency: 6.48633 ms - Host latency: 6.58789 ms (enqueue 4.29688 ms)
[10/06/2026-14:10:26] [I] Average on 1 runs - GPU latency: 6.4707 ms - Host latency: 6.58398 ms (enqueue 4.34766 ms)
[10/06/2026-14:10:26] [I] Average on 1 runs - GPU latency: 6.48242 ms - Host latency: 6.58594 ms (enqueue 4.32422 ms)
[10/06/2026-14:10:26] [I] Average on 1 runs - GPU latency: 6.48633 ms - Host latency: 6.59375 ms (enqueue 4.32617 ms)
[10/06/2026-14:10:26] [I] Average on 1 runs - GPU latency: 6.4043 ms - Host latency: 6.50586 ms (enqueue 4.30664 ms)
[10/06/2026-14:10:26] [I] Average on 1 runs - GPU latency: 6.38867 ms - Host latency: 6.49023 ms (enqueue 4.28711 ms)
[10/06/2026-14:10:26] [I] Average on 1 runs - GPU latency: 6.46484 ms - Host latency: 6.56836 ms (enqueue 4.24414 ms)
[10/06/2026-14:10:26] [I] Average on 1 runs - GPU latency: 6.46289 ms - Host latency: 6.61133 ms (enqueue 4.2832 ms)
[10/06/2026-14:10:26] [I] Average on 1 runs - GPU latency: 6.40039 ms - Host latency: 6.50391 ms (enqueue 4.35156 ms)
[10/06/2026-14:10:26] [I] Average on 1 runs - GPU latency: 6.39453 ms - Host latency: 6.49609 ms (enqueue 4.36328 ms)
[10/06/2026-14:10:26] [I] Average on 1 runs - GPU latency: 6.40234 ms - Host latency: 6.50391 ms (enqueue 4.34375 ms)
[10/06/2026-14:10:26] [I] Average on 1 runs - GPU latency: 6.47852 ms - Host latency: 6.57812 ms (enqueue 4.29102 ms)
[10/06/2026-14:10:26] [I] Average on 1 runs - GPU latency: 6.48047 ms - Host latency: 6.58789 ms (enqueue 4.31055 ms)
[10/06/2026-14:10:26] [I] Average on 1 runs - GPU latency: 6.49219 ms - Host latency: 6.64844 ms (enqueue 4.32422 ms)
[10/06/2026-14:10:26] [I] Average on 1 runs - GPU latency: 6.44141 ms - Host latency: 6.54492 ms (enqueue 4.29297 ms)
[10/06/2026-14:10:26] [I] Average on 1 runs - GPU latency: 6.47852 ms - Host latency: 6.59375 ms (enqueue 4.24414 ms)
[10/06/2026-14:10:26] [I] Average on 1 runs - GPU latency: 6.48438 ms - Host latency: 6.5918 ms (enqueue 4.31836 ms)
[10/06/2026-14:10:26] [I] Average on 1 runs - GPU latency: 6.47656 ms - Host latency: 6.58008 ms (enqueue 4.33398 ms)
[10/06/2026-14:10:26] [I] Average on 1 runs - GPU latency: 6.48242 ms - Host latency: 6.58594 ms (enqueue 4.33789 ms)
[10/06/2026-14:10:26] [I] Average on 1 runs - GPU latency: 6.47656 ms - Host latency: 6.57812 ms (enqueue 4.32617 ms)
[10/06/2026-14:10:26] [I] Average on 1 runs - GPU latency: 6.47852 ms - Host latency: 6.60156 ms (enqueue 4.33789 ms)
[10/06/2026-14:10:26] [I] Average on 1 runs - GPU latency: 6.45703 ms - Host latency: 6.5625 ms (enqueue 4.37305 ms)
[10/06/2026-14:10:26] [I] Average on 1 runs - GPU latency: 6.4375 ms - Host latency: 6.54297 ms (enqueue 4.30469 ms)
[10/06/2026-14:10:26] [I] Average on 1 runs - GPU latency: 6.47852 ms - Host latency: 6.58008 ms (enqueue 4.16016 ms)
[10/06/2026-14:10:26] [I] Average on 1 runs - GPU latency: 6.47852 ms - Host latency: 6.57812 ms (enqueue 4.28711 ms)
[10/06/2026-14:10:26] [I] Average on 1 runs - GPU latency: 6.47852 ms - Host latency: 6.59766 ms (enqueue 4.33594 ms)
[10/06/2026-14:10:26] [I] Average on 1 runs - GPU latency: 6.48242 ms - Host latency: 6.5918 ms (enqueue 4.31055 ms)
[10/06/2026-14:10:26] [I] Average on 1 runs - GPU latency: 6.47656 ms - Host latency: 6.58008 ms (enqueue 4.28516 ms)
[10/06/2026-14:10:26] [I] Average on 1 runs - GPU latency: 6.47461 ms - Host latency: 6.5918 ms (enqueue 4.3125 ms)
[10/06/2026-14:10:26] [I] Average on 1 runs - GPU latency: 6.43164 ms - Host latency: 6.54883 ms (enqueue 4.26562 ms)
[10/06/2026-14:10:26] [I] Average on 1 runs - GPU latency: 6.48438 ms - Host latency: 6.61719 ms (enqueue 4.26758 ms)
[10/06/2026-14:10:26] [I] Average on 1 runs - GPU latency: 6.48438 ms - Host latency: 6.5957 ms (enqueue 4.32812 ms)
[10/06/2026-14:10:26] [I] Average on 1 runs - GPU latency: 6.48242 ms - Host latency: 6.5957 ms (enqueue 4.26562 ms)
[10/06/2026-14:10:26] [I] Average on 1 runs - GPU latency: 6.48828 ms - Host latency: 6.58984 ms (enqueue 4.31445 ms)
[10/06/2026-14:10:26] [I] Average on 1 runs - GPU latency: 6.47852 ms - Host latency: 6.66992 ms (enqueue 4.26953 ms)
[10/06/2026-14:10:26] [I] Average on 1 runs - GPU latency: 6.48242 ms - Host latency: 6.58594 ms (enqueue 4.36914 ms)
[10/06/2026-14:10:26] [I] Average on 1 runs - GPU latency: 6.48438 ms - Host latency: 6.59375 ms (enqueue 4.38281 ms)
[10/06/2026-14:10:26] [I] Average on 1 runs - GPU latency: 6.4043 ms - Host latency: 6.51172 ms (enqueue 4.30859 ms)
[10/06/2026-14:10:26] [I] Average on 1 runs - GPU latency: 6.49023 ms - Host latency: 6.59766 ms (enqueue 4.18359 ms)
[10/06/2026-14:10:26] [I] Average on 1 runs - GPU latency: 6.48828 ms - Host latency: 6.5918 ms (enqueue 4.31055 ms)
[10/06/2026-14:10:26] [I] Average on 1 runs - GPU latency: 6.48633 ms - Host latency: 6.58984 ms (enqueue 4.32617 ms)
[10/06/2026-14:10:26] [I] Average on 1 runs - GPU latency: 6.48242 ms - Host latency: 6.59375 ms (enqueue 4.32812 ms)
[10/06/2026-14:10:26] [I] Average on 1 runs - GPU latency: 6.49023 ms - Host latency: 6.60742 ms (enqueue 4.3125 ms)
[10/06/2026-14:10:26] [I] Average on 1 runs - GPU latency: 6.47852 ms - Host latency: 6.58008 ms (enqueue 4.26172 ms)
[10/06/2026-14:10:26] [I] Average on 1 runs - GPU latency: 6.47266 ms - Host latency: 6.57617 ms (enqueue 4.29297 ms)
[10/06/2026-14:10:26] [I] Average on 1 runs - GPU latency: 6.44727 ms - Host latency: 6.55273 ms (enqueue 4.28906 ms)
[10/06/2026-14:10:26] [I] Average on 1 runs - GPU latency: 6.48633 ms - Host latency: 6.58984 ms (enqueue 4.23828 ms)
[10/06/2026-14:10:26] [I] Average on 1 runs - GPU latency: 6.49414 ms - Host latency: 6.60742 ms (enqueue 4.33984 ms)
[10/06/2026-14:10:26] [I] Average on 1 runs - GPU latency: 6.48438 ms - Host latency: 6.63477 ms (enqueue 4.33594 ms)
[10/06/2026-14:10:26] [I] Average on 1 runs - GPU latency: 6.47656 ms - Host latency: 6.58789 ms (enqueue 4.31055 ms)
[10/06/2026-14:10:26] [I] Average on 1 runs - GPU latency: 6.4707 ms - Host latency: 6.57422 ms (enqueue 4.33594 ms)
[10/06/2026-14:10:26] [I] Average on 1 runs - GPU latency: 6.48047 ms - Host latency: 6.58203 ms (enqueue 4.26562 ms)
[10/06/2026-14:10:26] [I] Average on 1 runs - GPU latency: 6.45312 ms - Host latency: 6.56055 ms (enqueue 4.33203 ms)
[10/06/2026-14:10:26] [I] Average on 1 runs - GPU latency: 6.47852 ms - Host latency: 6.58594 ms (enqueue 4.29883 ms)
[10/06/2026-14:10:26] [I] Average on 1 runs - GPU latency: 6.48242 ms - Host latency: 6.58594 ms (enqueue 4.24609 ms)
[10/06/2026-14:10:26] [I] Average on 1 runs - GPU latency: 6.48047 ms - Host latency: 6.58203 ms (enqueue 4.23633 ms)
[10/06/2026-14:10:26] [I] Average on 1 runs - GPU latency: 6.48242 ms - Host latency: 6.58789 ms (enqueue 4.25586 ms)
[10/06/2026-14:10:26] [I] Average on 1 runs - GPU latency: 6.47852 ms - Host latency: 6.58594 ms (enqueue 4.31836 ms)
[10/06/2026-14:10:26] [I] Average on 1 runs - GPU latency: 6.47656 ms - Host latency: 6.58398 ms (enqueue 4.3125 ms)
[10/06/2026-14:10:26] [I] Average on 1 runs - GPU latency: 6.47656 ms - Host latency: 6.58984 ms (enqueue 4.2793 ms)
[10/06/2026-14:10:26] [I] Average on 1 runs - GPU latency: 6.42969 ms - Host latency: 6.53125 ms (enqueue 4.28516 ms)
[10/06/2026-14:10:26] [I] Average on 1 runs - GPU latency: 6.48242 ms - Host latency: 6.58789 ms (enqueue 4.28516 ms)
[10/06/2026-14:10:26] [I] Average on 1 runs - GPU latency: 6.47656 ms - Host latency: 6.58984 ms (enqueue 4.30664 ms)
[10/06/2026-14:10:26] [I] Average on 1 runs - GPU latency: 6.48242 ms - Host latency: 6.58789 ms (enqueue 4.32812 ms)
[10/06/2026-14:10:26] [I] Average on 1 runs - GPU latency: 6.48438 ms - Host latency: 6.58789 ms (enqueue 4.27734 ms)
[10/06/2026-14:10:26] [I] Average on 1 runs - GPU latency: 6.48633 ms - Host latency: 6.59375 ms (enqueue 4.34375 ms)
[10/06/2026-14:10:26] [I] Average on 1 runs - GPU latency: 6.48242 ms - Host latency: 6.58984 ms (enqueue 4.33008 ms)
[10/06/2026-14:10:26] [I] Average on 1 runs - GPU latency: 6.48633 ms - Host latency: 6.58984 ms (enqueue 4.29297 ms)
[10/06/2026-14:10:26] [I] Average on 1 runs - GPU latency: 6.41602 ms - Host latency: 6.52539 ms (enqueue 4.28516 ms)
[10/06/2026-14:10:26] [I] Average on 1 runs - GPU latency: 6.47656 ms - Host latency: 6.58984 ms (enqueue 4.19727 ms)
[10/06/2026-14:10:26] [I] Average on 1 runs - GPU latency: 6.48438 ms - Host latency: 6.60156 ms (enqueue 4.30664 ms)
[10/06/2026-14:10:26] [I] Average on 1 runs - GPU latency: 6.48242 ms - Host latency: 6.58398 ms (enqueue 4.30859 ms)
[10/06/2026-14:10:26] [I] Average on 1 runs - GPU latency: 6.48438 ms - Host latency: 6.58789 ms (enqueue 4.25391 ms)
[10/06/2026-14:10:26] [I] Average on 1 runs - GPU latency: 6.48633 ms - Host latency: 6.60547 ms (enqueue 4.40234 ms)
[10/06/2026-14:10:26] [I] Average on 1 runs - GPU latency: 6.48047 ms - Host latency: 6.58398 ms (enqueue 4.26367 ms)
[10/06/2026-14:10:26] [I] Average on 1 runs - GPU latency: 6.4668 ms - Host latency: 6.5957 ms (enqueue 4.27539 ms)
[10/06/2026-14:10:26] [I] Average on 1 runs - GPU latency: 6.46094 ms - Host latency: 6.56641 ms (enqueue 4.26953 ms)
[10/06/2026-14:10:26] [I] Average on 1 runs - GPU latency: 6.47852 ms - Host latency: 6.57812 ms (enqueue 4.28516 ms)
[10/06/2026-14:10:26] [I] Average on 1 runs - GPU latency: 6.47461 ms - Host latency: 6.57812 ms (enqueue 4.4082 ms)
[10/06/2026-14:10:26] [I] Average on 1 runs - GPU latency: 6.47852 ms - Host latency: 6.5957 ms (enqueue 4.36719 ms)
[10/06/2026-14:10:26] [I] Average on 1 runs - GPU latency: 6.48047 ms - Host latency: 6.58398 ms (enqueue 4.30273 ms)
[10/06/2026-14:10:26] [I] Average on 1 runs - GPU latency: 6.48242 ms - Host latency: 6.59766 ms (enqueue 4.33203 ms)
[10/06/2026-14:10:26] [I] Average on 1 runs - GPU latency: 6.48633 ms - Host latency: 6.60156 ms (enqueue 4.29688 ms)
[10/06/2026-14:10:26] [I] Average on 1 runs - GPU latency: 6.43945 ms - Host latency: 6.55078 ms (enqueue 4.29297 ms)
[10/06/2026-14:10:26] [I] Average on 1 runs - GPU latency: 6.45898 ms - Host latency: 6.56055 ms (enqueue 4.28125 ms)
[10/06/2026-14:10:26] [I] Average on 1 runs - GPU latency: 6.48242 ms - Host latency: 6.5918 ms (enqueue 4.27734 ms)
[10/06/2026-14:10:26] [I] Average on 1 runs - GPU latency: 6.48438 ms - Host latency: 6.58789 ms (enqueue 4.27734 ms)
[10/06/2026-14:10:26] [I] Average on 1 runs - GPU latency: 6.47461 ms - Host latency: 6.58984 ms (enqueue 4.30664 ms)
[10/06/2026-14:10:26] [I] Average on 1 runs - GPU latency: 6.48633 ms - Host latency: 6.60742 ms (enqueue 4.31445 ms)
[10/06/2026-14:10:26] [I] Average on 1 runs - GPU latency: 6.48242 ms - Host latency: 6.61328 ms (enqueue 4.35547 ms)
[10/06/2026-14:10:26] [I] Average on 1 runs - GPU latency: 6.43359 ms - Host latency: 6.53906 ms (enqueue 4.33203 ms)
[10/06/2026-14:10:26] [I] Average on 1 runs - GPU latency: 6.39258 ms - Host latency: 6.5 ms (enqueue 4.30859 ms)
[10/06/2026-14:10:26] [I] Average on 1 runs - GPU latency: 6.4082 ms - Host latency: 6.50781 ms (enqueue 4.27734 ms)
[10/06/2026-14:10:26] [I] Average on 1 runs - GPU latency: 6.44727 ms - Host latency: 6.55078 ms (enqueue 4.26758 ms)
[10/06/2026-14:10:26] [I] Average on 1 runs - GPU latency: 6.39844 ms - Host latency: 6.50391 ms (enqueue 4.25195 ms)
[10/06/2026-14:10:26] [I] Average on 1 runs - GPU latency: 6.39844 ms - Host latency: 6.50391 ms (enqueue 4.25977 ms)
[10/06/2026-14:10:26] [I] Average on 1 runs - GPU latency: 6.42969 ms - Host latency: 6.53125 ms (enqueue 4.19531 ms)
[10/06/2026-14:10:26] [I] Average on 1 runs - GPU latency: 6.48438 ms - Host latency: 6.58398 ms (enqueue 4.28516 ms)
[10/06/2026-14:10:26] [I] Average on 1 runs - GPU latency: 6.47852 ms - Host latency: 6.58008 ms (enqueue 4.31836 ms)
[10/06/2026-14:10:26] [I] Average on 1 runs - GPU latency: 6.41602 ms - Host latency: 6.51758 ms (enqueue 4.29102 ms)
[10/06/2026-14:10:26] [I] Average on 1 runs - GPU latency: 6.48242 ms - Host latency: 6.58398 ms (enqueue 4.17188 ms)
[10/06/2026-14:10:26] [I] Average on 1 runs - GPU latency: 6.47852 ms - Host latency: 6.58203 ms (enqueue 4.35742 ms)
[10/06/2026-14:10:26] [I] Average on 1 runs - GPU latency: 6.47852 ms - Host latency: 6.58008 ms (enqueue 4.24219 ms)
[10/06/2026-14:10:26] [I] Average on 1 runs - GPU latency: 6.48242 ms - Host latency: 6.5957 ms (enqueue 4.27734 ms)
[10/06/2026-14:10:26] [I] Average on 1 runs - GPU latency: 6.48047 ms - Host latency: 6.58398 ms (enqueue 4.31836 ms)
[10/06/2026-14:10:26] [I] Average on 1 runs - GPU latency: 6.47461 ms - Host latency: 6.58008 ms (enqueue 4.32227 ms)
[10/06/2026-14:10:26] [I] Average on 1 runs - GPU latency: 6.46094 ms - Host latency: 6.56641 ms (enqueue 4.28516 ms)
[10/06/2026-14:10:26] [I] Average on 1 runs - GPU latency: 6.4668 ms - Host latency: 6.57422 ms (enqueue 4.26953 ms)
[10/06/2026-14:10:26] [I] Average on 1 runs - GPU latency: 6.48242 ms - Host latency: 6.58203 ms (enqueue 4.24414 ms)
[10/06/2026-14:10:26] [I] Average on 1 runs - GPU latency: 6.47656 ms - Host latency: 6.57812 ms (enqueue 4.32812 ms)
[10/06/2026-14:10:26] [I] Average on 1 runs - GPU latency: 6.47266 ms - Host latency: 6.57617 ms (enqueue 4.29688 ms)
[10/06/2026-14:10:26] [I] Average on 1 runs - GPU latency: 6.47852 ms - Host latency: 6.57812 ms (enqueue 4.27734 ms)
[10/06/2026-14:10:26] [I] Average on 1 runs - GPU latency: 6.48633 ms - Host latency: 6.58984 ms (enqueue 4.30469 ms)
[10/06/2026-14:10:26] [I] Average on 1 runs - GPU latency: 6.48242 ms - Host latency: 6.58984 ms (enqueue 4.33203 ms)
[10/06/2026-14:10:26] [I] Average on 1 runs - GPU latency: 6.44336 ms - Host latency: 6.57227 ms (enqueue 4.32031 ms)
[10/06/2026-14:10:26] [I] Average on 1 runs - GPU latency: 6.48242 ms - Host latency: 6.58594 ms (enqueue 4.24805 ms)
[10/06/2026-14:10:26] [I] Average on 1 runs - GPU latency: 6.48828 ms - Host latency: 6.61914 ms (enqueue 4.26562 ms)
[10/06/2026-14:10:26] [I] Average on 1 runs - GPU latency: 6.47852 ms - Host latency: 6.58203 ms (enqueue 4.33789 ms)
[10/06/2026-14:10:26] [I] Average on 1 runs - GPU latency: 6.48633 ms - Host latency: 6.58789 ms (enqueue 4.35938 ms)
[10/06/2026-14:10:26] [I] Average on 1 runs - GPU latency: 6.49023 ms - Host latency: 6.5957 ms (enqueue 4.27734 ms)
[10/06/2026-14:10:26] [I] Average on 1 runs - GPU latency: 6.48438 ms - Host latency: 6.60352 ms (enqueue 4.33008 ms)
[10/06/2026-14:10:26] [I] Average on 1 runs - GPU latency: 6.48828 ms - Host latency: 6.5918 ms (enqueue 4.31641 ms)
[10/06/2026-14:10:26] [I] Average on 1 runs - GPU latency: 6.44531 ms - Host latency: 6.55273 ms (enqueue 4.31836 ms)
[10/06/2026-14:10:26] [I] Average on 1 runs - GPU latency: 6.48828 ms - Host latency: 6.58984 ms (enqueue 4.22461 ms)
[10/06/2026-14:10:26] [I] Average on 1 runs - GPU latency: 6.48633 ms - Host latency: 6.61133 ms (enqueue 4.27148 ms)
[10/06/2026-14:10:26] [I] Average on 1 runs - GPU latency: 6.47461 ms - Host latency: 6.58203 ms (enqueue 4.34766 ms)
[10/06/2026-14:10:26] [I] Average on 1 runs - GPU latency: 6.48438 ms - Host latency: 6.5957 ms (enqueue 4.23242 ms)
[10/06/2026-14:10:26] [I] Average on 1 runs - GPU latency: 6.48047 ms - Host latency: 6.58594 ms (enqueue 4.26172 ms)
[10/06/2026-14:10:26] [I] Average on 1 runs - GPU latency: 6.4668 ms - Host latency: 6.57617 ms (enqueue 4.31641 ms)
[10/06/2026-14:10:26] [I] Average on 1 runs - GPU latency: 6.47852 ms - Host latency: 6.58594 ms (enqueue 4.30273 ms)
[10/06/2026-14:10:26] [I] Average on 1 runs - GPU latency: 6.45898 ms - Host latency: 6.57031 ms (enqueue 4.3457 ms)
[10/06/2026-14:10:26] [I] Average on 1 runs - GPU latency: 6.47461 ms - Host latency: 6.61523 ms (enqueue 4.19336 ms)
[10/06/2026-14:10:26] [I] Average on 1 runs - GPU latency: 6.48242 ms - Host latency: 6.58789 ms (enqueue 4.29297 ms)
[10/06/2026-14:10:26] [I] Average on 1 runs - GPU latency: 6.48047 ms - Host latency: 6.58594 ms (enqueue 4.35352 ms)
[10/06/2026-14:10:26] [I] Average on 1 runs - GPU latency: 6.47656 ms - Host latency: 6.59961 ms (enqueue 4.28516 ms)
[10/06/2026-14:10:26] [I] Average on 1 runs - GPU latency: 6.48242 ms - Host latency: 6.5918 ms (enqueue 4.29492 ms)
[10/06/2026-14:10:26] [I] Average on 1 runs - GPU latency: 6.47656 ms - Host latency: 6.58203 ms (enqueue 4.26953 ms)
[10/06/2026-14:10:26] [I] Average on 1 runs - GPU latency: 6.46875 ms - Host latency: 6.57812 ms (enqueue 4.31641 ms)
[10/06/2026-14:10:26] [I] Average on 1 runs - GPU latency: 6.47852 ms - Host latency: 6.5957 ms (enqueue 4.36328 ms)
[10/06/2026-14:10:26] [I] Average on 1 runs - GPU latency: 6.48438 ms - Host latency: 6.58398 ms (enqueue 4.34375 ms)
[10/06/2026-14:10:26] [I] Average on 1 runs - GPU latency: 6.48828 ms - Host latency: 6.59375 ms (enqueue 4.27344 ms)
[10/06/2026-14:10:26] [I] Average on 1 runs - GPU latency: 6.47266 ms - Host latency: 6.57617 ms (enqueue 4.31836 ms)
[10/06/2026-14:10:26] [I] Average on 1 runs - GPU latency: 6.49023 ms - Host latency: 6.5957 ms (enqueue 4.24414 ms)
[10/06/2026-14:10:26] [I] Average on 1 runs - GPU latency: 6.47461 ms - Host latency: 6.58594 ms (enqueue 4.26367 ms)
[10/06/2026-14:10:26] [I] Average on 1 runs - GPU latency: 6.48633 ms - Host latency: 6.58984 ms (enqueue 4.2793 ms)
[10/06/2026-14:10:26] [I] Average on 1 runs - GPU latency: 6.43555 ms - Host latency: 6.55273 ms (enqueue 4.33984 ms)
[10/06/2026-14:10:26] [I] Average on 1 runs - GPU latency: 6.47656 ms - Host latency: 6.58008 ms (enqueue 4.30273 ms)
[10/06/2026-14:10:26] [I] Average on 1 runs - GPU latency: 6.49219 ms - Host latency: 6.59375 ms (enqueue 4.39648 ms)
[10/06/2026-14:10:26] [I] Average on 1 runs - GPU latency: 6.48242 ms - Host latency: 6.61523 ms (enqueue 4.29492 ms)
[10/06/2026-14:10:26] [I] Average on 1 runs - GPU latency: 6.48633 ms - Host latency: 6.58984 ms (enqueue 4.3418 ms)
[10/06/2026-14:10:26] [I] Average on 1 runs - GPU latency: 6.47852 ms - Host latency: 6.58203 ms (enqueue 4.33008 ms)
[10/06/2026-14:10:26] [I] Average on 1 runs - GPU latency: 6.45312 ms - Host latency: 6.56055 ms (enqueue 4.29883 ms)
[10/06/2026-14:10:26] [I] 
[10/06/2026-14:10:26] [I] === Performance summary ===
[10/06/2026-14:10:26] [I] Throughput: 154.369 qps
[10/06/2026-14:10:26] [I] Latency: min = 6.49023 ms, max = 6.69336 ms, mean = 6.58295 ms, median = 6.58691 ms, percentile(90%) = 6.60986 ms, percentile(95%) = 6.61719 ms, percentile(99%) = 6.6377 ms
[10/06/2026-14:10:26] [I] Enqueue Time: min = 2.05762 ms, max = 5.83276 ms, mean = 4.27096 ms, median = 4.30762 ms, percentile(90%) = 4.36621 ms, percentile(95%) = 4.38574 ms, percentile(99%) = 4.46021 ms
[10/06/2026-14:10:26] [I] H2D Latency: min = 0.0869141 ms, max = 0.214844 ms, mean = 0.104535 ms, median = 0.0986328 ms, percentile(90%) = 0.122803 ms, percentile(95%) = 0.128906 ms, percentile(99%) = 0.147461 ms
[10/06/2026-14:10:26] [I] GPU Compute Time: min = 6.38477 ms, max = 6.5127 ms, mean = 6.47184 ms, median = 6.48047 ms, percentile(90%) = 6.48926 ms, percentile(95%) = 6.49121 ms, percentile(99%) = 6.49487 ms
[10/06/2026-14:10:26] [I] D2H Latency: min = 0.00390625 ms, max = 0.00878906 ms, mean = 0.00657937 ms, median = 0.00683594 ms, percentile(90%) = 0.0078125 ms, percentile(95%) = 0.0078125 ms, percentile(99%) = 0.0078125 ms
[10/06/2026-14:10:26] [I] Total Host Walltime: 15.0225 s
[10/06/2026-14:10:26] [I] Total GPU Compute Time: 15.0082 s
[10/06/2026-14:10:26] [I] Explanations of the performance metrics are printed in the verbose logs.
[10/06/2026-14:10:26] [I] 
&&&& PASSED TensorRT.trtexec [TensorRT v100300] # /usr/src/tensorrt/bin/trtexec --loadEngine=/tmp/yolo26n_84172_uint8_fp16_opt3.engine --warmUp=3000 --duration=15 --idleTime=0 --avgRuns=1
