&&&& RUNNING TensorRT.trtexec [TensorRT v100300] # /usr/src/tensorrt/bin/trtexec --loadEngine=/tmp/engines/y26s_640_uint8_opt3.engine --warmUp=3000 --duration=15 --idleTime=1 --avgRuns=1
[10/04/2026-22:04:03] [I] === Model Options ===
[10/04/2026-22:04:03] [I] Format: *
[10/04/2026-22:04:03] [I] Model: 
[10/04/2026-22:04:03] [I] Output:
[10/04/2026-22:04:03] [I] 
[10/04/2026-22:04:03] [I] === System Options ===
[10/04/2026-22:04:03] [I] Device: 0
[10/04/2026-22:04:03] [I] DLACore: 
[10/04/2026-22:04:03] [I] Plugins:
[10/04/2026-22:04:03] [I] setPluginsToSerialize:
[10/04/2026-22:04:03] [I] dynamicPlugins:
[10/04/2026-22:04:03] [I] ignoreParsedPluginLibs: 0
[10/04/2026-22:04:03] [I] 
[10/04/2026-22:04:03] [I] === Inference Options ===
[10/04/2026-22:04:03] [I] Batch: Explicit
[10/04/2026-22:04:03] [I] Input inference shapes: model
[10/04/2026-22:04:03] [I] Iterations: 10
[10/04/2026-22:04:03] [I] Duration: 15s (+ 3000ms warm up)
[10/04/2026-22:04:03] [I] Sleep time: 0ms
[10/04/2026-22:04:03] [I] Idle time: 1ms
[10/04/2026-22:04:03] [I] Inference Streams: 1
[10/04/2026-22:04:03] [I] ExposeDMA: Disabled
[10/04/2026-22:04:03] [I] Data transfers: Enabled
[10/04/2026-22:04:03] [I] Spin-wait: Disabled
[10/04/2026-22:04:03] [I] Multithreading: Disabled
[10/04/2026-22:04:03] [I] CUDA Graph: Disabled
[10/04/2026-22:04:03] [I] Separate profiling: Disabled
[10/04/2026-22:04:03] [I] Time Deserialize: Disabled
[10/04/2026-22:04:03] [I] Time Refit: Disabled
[10/04/2026-22:04:03] [I] NVTX verbosity: 0
[10/04/2026-22:04:03] [I] Persistent Cache Ratio: 0
[10/04/2026-22:04:03] [I] Optimization Profile Index: 0
[10/04/2026-22:04:03] [I] Weight Streaming Budget: 100.000000%
[10/04/2026-22:04:03] [I] Inputs:
[10/04/2026-22:04:03] [I] Debug Tensor Save Destinations:
[10/04/2026-22:04:03] [I] === Reporting Options ===
[10/04/2026-22:04:03] [I] Verbose: Disabled
[10/04/2026-22:04:03] [I] Averages: 1 inferences
[10/04/2026-22:04:03] [I] Percentiles: 90,95,99
[10/04/2026-22:04:03] [I] Dump refittable layers:Disabled
[10/04/2026-22:04:03] [I] Dump output: Disabled
[10/04/2026-22:04:03] [I] Profile: Disabled
[10/04/2026-22:04:03] [I] Export timing to JSON file: 
[10/04/2026-22:04:03] [I] Export output to JSON file: 
[10/04/2026-22:04:03] [I] Export profile to JSON file: 
[10/04/2026-22:04:03] [I] 
[10/04/2026-22:04:03] [I] === Device Information ===
[10/04/2026-22:04:03] [I] Available Devices: 
[10/04/2026-22:04:03] [I]   Device 0: "Orin" UUID: GPU-6e16c2c1-e394-5324-8f2e-63a975968f4e
[10/04/2026-22:04:03] [I] Selected Device: Orin
[10/04/2026-22:04:03] [I] Selected Device ID: 0
[10/04/2026-22:04:03] [I] Selected Device UUID: GPU-6e16c2c1-e394-5324-8f2e-63a975968f4e
[10/04/2026-22:04:03] [I] Compute Capability: 8.7
[10/04/2026-22:04:03] [I] SMs: 8
[10/04/2026-22:04:03] [I] Device Global Memory: 7607 MiB
[10/04/2026-22:04:03] [I] Shared Memory per SM: 164 KiB
[10/04/2026-22:04:03] [I] Memory Bus Width: 128 bits (ECC disabled)
[10/04/2026-22:04:03] [I] Application Compute Clock Rate: 1.02 GHz
[10/04/2026-22:04:03] [I] Application Memory Clock Rate: 1.02 GHz
[10/04/2026-22:04:03] [I] 
[10/04/2026-22:04:03] [I] Note: The application clock rates do not reflect the actual clock rates that the GPU is currently running at.
[10/04/2026-22:04:03] [I] 
[10/04/2026-22:04:03] [I] TensorRT version: 10.3.0
[10/04/2026-22:04:03] [I] Loading standard plugins
[10/04/2026-22:04:03] [I] [TRT] Loaded engine size: 21 MiB
[10/04/2026-22:04:03] [I] Engine deserialized in 0.0920185 sec.
[10/04/2026-22:04:03] [I] [TRT] [MemUsageChange] TensorRT-managed allocation in IExecutionContext creation: CPU +0, GPU +18, now: CPU 0, GPU 36 (MiB)
[10/04/2026-22:04:03] [I] Setting persistentCacheLimit to 0 bytes.
[10/04/2026-22:04:03] [I] Created execution context with device memory size: 18.1641 MiB
[10/04/2026-22:04:03] [I] Using random values for input images
[10/04/2026-22:04:03] [I] Input binding for images with dimensions 1x640x640x3 is created.
[10/04/2026-22:04:03] [I] Output binding for output0 with dimensions 1x300x6 is created.
[10/04/2026-22:04:03] [I] Starting inference
[10/04/2026-22:04:21] [I] Warmup completed 410 queries over 3000 ms
[10/04/2026-22:04:21] [I] Timing trace has 2209 queries over 15.0162 s
[10/04/2026-22:04:21] [I] 
[10/04/2026-22:04:21] [I] === Trace details ===
[10/04/2026-22:04:21] [I] Trace averages of 1 runs:
[10/04/2026-22:04:21] [I] Average on 1 runs - GPU latency: 6.80737 ms - Host latency: 6.98022 ms (enqueue 4.27051 ms)
[10/04/2026-22:04:21] [I] Average on 1 runs - GPU latency: 6.78174 ms - Host latency: 6.95923 ms (enqueue 4.20264 ms)
[10/04/2026-22:04:21] [I] Average on 1 runs - GPU latency: 6.79102 ms - Host latency: 6.8877 ms (enqueue 4.24707 ms)
[10/04/2026-22:04:21] [I] Average on 1 runs - GPU latency: 6.79053 ms - Host latency: 6.88818 ms (enqueue 3.04102 ms)
[10/04/2026-22:04:21] [I] Average on 1 runs - GPU latency: 6.77979 ms - Host latency: 6.88135 ms (enqueue 4.24854 ms)
[10/04/2026-22:04:21] [I] Average on 1 runs - GPU latency: 6.78979 ms - Host latency: 6.88989 ms (enqueue 4.21997 ms)
[10/04/2026-22:04:21] [I] Average on 1 runs - GPU latency: 6.7876 ms - Host latency: 6.88208 ms (enqueue 4.20239 ms)
[10/04/2026-22:04:21] [I] Average on 1 runs - GPU latency: 6.78735 ms - Host latency: 6.88525 ms (enqueue 4.18604 ms)
[10/04/2026-22:04:21] [I] Average on 1 runs - GPU latency: 6.79761 ms - Host latency: 6.88965 ms (enqueue 4.23218 ms)
[10/04/2026-22:04:21] [I] Average on 1 runs - GPU latency: 6.79785 ms - Host latency: 6.90137 ms (enqueue 4.22461 ms)
[10/04/2026-22:04:21] [I] Average on 1 runs - GPU latency: 6.79858 ms - Host latency: 6.89746 ms (enqueue 4.14722 ms)
[10/04/2026-22:04:21] [I] Average on 1 runs - GPU latency: 6.77905 ms - Host latency: 6.87329 ms (enqueue 4.36182 ms)
[10/04/2026-22:04:21] [I] Average on 1 runs - GPU latency: 6.79224 ms - Host latency: 6.89038 ms (enqueue 4.29663 ms)
[10/04/2026-22:04:21] [I] Average on 1 runs - GPU latency: 6.78931 ms - Host latency: 6.88647 ms (enqueue 4.22534 ms)
[10/04/2026-22:04:21] [I] Average on 1 runs - GPU latency: 6.77539 ms - Host latency: 6.87207 ms (enqueue 4.19873 ms)
[10/04/2026-22:04:21] [I] Average on 1 runs - GPU latency: 6.79248 ms - Host latency: 6.88965 ms (enqueue 4.26636 ms)
[10/04/2026-22:04:21] [I] Average on 1 runs - GPU latency: 6.79126 ms - Host latency: 6.88452 ms (enqueue 4.30054 ms)
[10/04/2026-22:04:21] [I] Average on 1 runs - GPU latency: 6.79663 ms - Host latency: 6.89746 ms (enqueue 4.22192 ms)
[10/04/2026-22:04:21] [I] Average on 1 runs - GPU latency: 6.79272 ms - Host latency: 6.88672 ms (enqueue 2.3418 ms)
[10/04/2026-22:04:21] [I] Average on 1 runs - GPU latency: 6.79102 ms - Host latency: 6.88574 ms (enqueue 4.25317 ms)
[10/04/2026-22:04:21] [I] Average on 1 runs - GPU latency: 6.79126 ms - Host latency: 6.88721 ms (enqueue 4.23364 ms)
[10/04/2026-22:04:21] [I] Average on 1 runs - GPU latency: 6.79248 ms - Host latency: 6.89038 ms (enqueue 4.20288 ms)
[10/04/2026-22:04:21] [I] Average on 1 runs - GPU latency: 6.79492 ms - Host latency: 6.8877 ms (enqueue 4.21045 ms)
[10/04/2026-22:04:21] [I] Average on 1 runs - GPU latency: 6.79175 ms - Host latency: 6.88989 ms (enqueue 4.22974 ms)
[10/04/2026-22:04:21] [I] Average on 1 runs - GPU latency: 6.79321 ms - Host latency: 6.89331 ms (enqueue 4.22705 ms)
[10/04/2026-22:04:21] [I] Average on 1 runs - GPU latency: 6.7854 ms - Host latency: 6.88037 ms (enqueue 3.52661 ms)
[10/04/2026-22:04:21] [I] Average on 1 runs - GPU latency: 6.83716 ms - Host latency: 6.96289 ms (enqueue 4.38696 ms)
[10/04/2026-22:04:21] [I] Average on 1 runs - GPU latency: 6.79565 ms - Host latency: 6.90405 ms (enqueue 4.28491 ms)
[10/04/2026-22:04:21] [I] Average on 1 runs - GPU latency: 6.7959 ms - Host latency: 6.89941 ms (enqueue 4.21509 ms)
[10/04/2026-22:04:21] [I] Average on 1 runs - GPU latency: 6.79663 ms - Host latency: 6.89453 ms (enqueue 4.20093 ms)
[10/04/2026-22:04:21] [I] Average on 1 runs - GPU latency: 6.80615 ms - Host latency: 6.90234 ms (enqueue 4.16919 ms)
[10/04/2026-22:04:21] [I] Average on 1 runs - GPU latency: 6.7959 ms - Host latency: 6.89795 ms (enqueue 4.18164 ms)
[10/04/2026-22:04:21] [I] Average on 1 runs - GPU latency: 6.8125 ms - Host latency: 6.91089 ms (enqueue 4.16187 ms)
[10/04/2026-22:04:21] [I] Average on 1 runs - GPU latency: 6.77905 ms - Host latency: 6.87524 ms (enqueue 4.15942 ms)
[10/04/2026-22:04:21] [I] Average on 1 runs - GPU latency: 6.79834 ms - Host latency: 6.90088 ms (enqueue 4.18726 ms)
[10/04/2026-22:04:21] [I] Average on 1 runs - GPU latency: 6.78882 ms - Host latency: 6.8877 ms (enqueue 4.1543 ms)
[10/04/2026-22:04:21] [I] Average on 1 runs - GPU latency: 6.78979 ms - Host latency: 6.88501 ms (enqueue 4.14038 ms)
[10/04/2026-22:04:21] [I] Average on 1 runs - GPU latency: 6.78955 ms - Host latency: 6.88281 ms (enqueue 4.2627 ms)
[10/04/2026-22:04:21] [I] Average on 1 runs - GPU latency: 6.79419 ms - Host latency: 6.89136 ms (enqueue 4.17017 ms)
[10/04/2026-22:04:21] [I] Average on 1 runs - GPU latency: 6.79468 ms - Host latency: 6.89819 ms (enqueue 4.15771 ms)
[10/04/2026-22:04:21] [I] Average on 1 runs - GPU latency: 6.78247 ms - Host latency: 6.89917 ms (enqueue 4.146 ms)
[10/04/2026-22:04:21] [I] Average on 1 runs - GPU latency: 6.79199 ms - Host latency: 6.89209 ms (enqueue 4.23291 ms)
[10/04/2026-22:04:21] [I] Average on 1 runs - GPU latency: 6.79126 ms - Host latency: 6.88452 ms (enqueue 4.21558 ms)
[10/04/2026-22:04:21] [I] Average on 1 runs - GPU latency: 6.77808 ms - Host latency: 6.87646 ms (enqueue 4.19385 ms)
[10/04/2026-22:04:21] [I] Average on 1 runs - GPU latency: 6.78809 ms - Host latency: 6.88379 ms (enqueue 4.1582 ms)
[10/04/2026-22:04:21] [I] Average on 1 runs - GPU latency: 6.7937 ms - Host latency: 6.88892 ms (enqueue 4.18213 ms)
[10/04/2026-22:04:21] [I] Average on 1 runs - GPU latency: 6.79468 ms - Host latency: 6.89136 ms (enqueue 4.18628 ms)
[10/04/2026-22:04:21] [I] Average on 1 runs - GPU latency: 6.78711 ms - Host latency: 6.87695 ms (enqueue 4.2002 ms)
[10/04/2026-22:04:21] [I] Average on 1 runs - GPU latency: 6.79443 ms - Host latency: 6.89209 ms (enqueue 4.18994 ms)
[10/04/2026-22:04:21] [I] Average on 1 runs - GPU latency: 6.78809 ms - Host latency: 6.87915 ms (enqueue 4.19751 ms)
[10/04/2026-22:04:21] [I] Average on 1 runs - GPU latency: 6.79346 ms - Host latency: 6.88916 ms (enqueue 4.18188 ms)
[10/04/2026-22:04:21] [I] Average on 1 runs - GPU latency: 6.79395 ms - Host latency: 6.89429 ms (enqueue 4.1521 ms)
[10/04/2026-22:04:21] [I] Average on 1 runs - GPU latency: 6.79736 ms - Host latency: 6.89941 ms (enqueue 4.18091 ms)
[10/04/2026-22:04:21] [I] Average on 1 runs - GPU latency: 6.79175 ms - Host latency: 6.88965 ms (enqueue 4.17529 ms)
[10/04/2026-22:04:21] [I] Average on 1 runs - GPU latency: 6.79077 ms - Host latency: 6.88599 ms (enqueue 4.23315 ms)
[10/04/2026-22:04:21] [I] Average on 1 runs - GPU latency: 6.78906 ms - Host latency: 6.88135 ms (enqueue 4.19385 ms)
[10/04/2026-22:04:21] [I] Average on 1 runs - GPU latency: 6.79053 ms - Host latency: 6.88745 ms (enqueue 4.16821 ms)
[10/04/2026-22:04:21] [I] Average on 1 runs - GPU latency: 6.78442 ms - Host latency: 6.87915 ms (enqueue 4.17188 ms)
[10/04/2026-22:04:21] [I] Average on 1 runs - GPU latency: 6.78857 ms - Host latency: 6.88452 ms (enqueue 4.19531 ms)
[10/04/2026-22:04:21] [I] Average on 1 runs - GPU latency: 6.79956 ms - Host latency: 6.89478 ms (enqueue 4.18433 ms)
[10/04/2026-22:04:21] [I] Average on 1 runs - GPU latency: 6.78638 ms - Host latency: 6.88428 ms (enqueue 4.16309 ms)
[10/04/2026-22:04:21] [I] Average on 1 runs - GPU latency: 6.79102 ms - Host latency: 6.8855 ms (enqueue 4.17993 ms)
[10/04/2026-22:04:21] [I] Average on 1 runs - GPU latency: 6.77466 ms - Host latency: 6.87549 ms (enqueue 4.20898 ms)
[10/04/2026-22:04:21] [I] Average on 1 runs - GPU latency: 6.79175 ms - Host latency: 6.88721 ms (enqueue 4.20752 ms)
[10/04/2026-22:04:21] [I] Average on 1 runs - GPU latency: 6.78687 ms - Host latency: 6.88672 ms (enqueue 4.24756 ms)
[10/04/2026-22:04:21] [I] Average on 1 runs - GPU latency: 6.79321 ms - Host latency: 6.8916 ms (enqueue 4.21973 ms)
[10/04/2026-22:04:21] [I] Average on 1 runs - GPU latency: 6.77783 ms - Host latency: 6.87549 ms (enqueue 4.20801 ms)
[10/04/2026-22:04:21] [I] Average on 1 runs - GPU latency: 6.78784 ms - Host latency: 6.89478 ms (enqueue 4.22021 ms)
[10/04/2026-22:04:21] [I] Average on 1 runs - GPU latency: 6.77905 ms - Host latency: 6.87207 ms (enqueue 4.2644 ms)
[10/04/2026-22:04:21] [I] Average on 1 runs - GPU latency: 6.79224 ms - Host latency: 6.88721 ms (enqueue 4.20825 ms)
[10/04/2026-22:04:21] [I] Average on 1 runs - GPU latency: 6.78809 ms - Host latency: 6.88135 ms (enqueue 4.17773 ms)
[10/04/2026-22:04:21] [I] Average on 1 runs - GPU latency: 6.78955 ms - Host latency: 6.88574 ms (enqueue 4.19653 ms)
[10/04/2026-22:04:21] [I] Average on 1 runs - GPU latency: 6.78052 ms - Host latency: 6.87354 ms (enqueue 4.25098 ms)
[10/04/2026-22:04:21] [I] Average on 1 runs - GPU latency: 6.78027 ms - Host latency: 6.87573 ms (enqueue 4.19702 ms)
[10/04/2026-22:04:21] [I] Average on 1 runs - GPU latency: 6.78638 ms - Host latency: 6.8855 ms (enqueue 4.24268 ms)
[10/04/2026-22:04:21] [I] Average on 1 runs - GPU latency: 6.78735 ms - Host latency: 6.87891 ms (enqueue 4.18164 ms)
[10/04/2026-22:04:21] [I] Average on 1 runs - GPU latency: 6.78516 ms - Host latency: 6.8833 ms (enqueue 4.28809 ms)
[10/04/2026-22:04:21] [I] Average on 1 runs - GPU latency: 6.79761 ms - Host latency: 6.8999 ms (enqueue 4.17456 ms)
[10/04/2026-22:04:21] [I] Average on 1 runs - GPU latency: 6.79858 ms - Host latency: 6.89819 ms (enqueue 4.22485 ms)
[10/04/2026-22:04:21] [I] Average on 1 runs - GPU latency: 6.78931 ms - Host latency: 6.89014 ms (enqueue 4.25806 ms)
[10/04/2026-22:04:21] [I] Average on 1 runs - GPU latency: 6.78882 ms - Host latency: 6.89575 ms (enqueue 4.1626 ms)
[10/04/2026-22:04:21] [I] Average on 1 runs - GPU latency: 6.79224 ms - Host latency: 6.90259 ms (enqueue 4.31787 ms)
[10/04/2026-22:04:21] [I] Average on 1 runs - GPU latency: 6.78613 ms - Host latency: 6.88232 ms (enqueue 4.1377 ms)
[10/04/2026-22:04:21] [I] Average on 1 runs - GPU latency: 6.78955 ms - Host latency: 6.8894 ms (enqueue 4.14014 ms)
[10/04/2026-22:04:21] [I] Average on 1 runs - GPU latency: 6.78833 ms - Host latency: 6.88159 ms (enqueue 4.15308 ms)
[10/04/2026-22:04:21] [I] Average on 1 runs - GPU latency: 6.79175 ms - Host latency: 6.89502 ms (enqueue 4.1665 ms)
[10/04/2026-22:04:21] [I] Average on 1 runs - GPU latency: 6.7959 ms - Host latency: 6.89478 ms (enqueue 4.16895 ms)
[10/04/2026-22:04:21] [I] Average on 1 runs - GPU latency: 6.78564 ms - Host latency: 6.88208 ms (enqueue 4.20825 ms)
[10/04/2026-22:04:21] [I] Average on 1 runs - GPU latency: 6.79541 ms - Host latency: 6.89307 ms (enqueue 4.20947 ms)
[10/04/2026-22:04:21] [I] Average on 1 runs - GPU latency: 6.78735 ms - Host latency: 6.88525 ms (enqueue 4.20776 ms)
[10/04/2026-22:04:21] [I] Average on 1 runs - GPU latency: 6.79443 ms - Host latency: 6.89209 ms (enqueue 4.32446 ms)
[10/04/2026-22:04:21] [I] Average on 1 runs - GPU latency: 6.80347 ms - Host latency: 6.90259 ms (enqueue 4.19629 ms)
[10/04/2026-22:04:21] [I] Average on 1 runs - GPU latency: 6.7998 ms - Host latency: 6.90308 ms (enqueue 4.24585 ms)
[10/04/2026-22:04:21] [I] Average on 1 runs - GPU latency: 6.77661 ms - Host latency: 6.87427 ms (enqueue 4.15088 ms)
[10/04/2026-22:04:21] [I] Average on 1 runs - GPU latency: 6.79053 ms - Host latency: 6.88696 ms (enqueue 4.18604 ms)
[10/04/2026-22:04:21] [I] Average on 1 runs - GPU latency: 6.79175 ms - Host latency: 6.88599 ms (enqueue 4.19775 ms)
[10/04/2026-22:04:21] [I] Average on 1 runs - GPU latency: 6.77881 ms - Host latency: 6.87769 ms (enqueue 4.17749 ms)
[10/04/2026-22:04:21] [I] Average on 1 runs - GPU latency: 6.78906 ms - Host latency: 6.8855 ms (enqueue 4.19263 ms)
[10/04/2026-22:04:21] [I] Average on 1 runs - GPU latency: 6.78809 ms - Host latency: 6.88037 ms (enqueue 4.16284 ms)
[10/04/2026-22:04:21] [I] Average on 1 runs - GPU latency: 6.79102 ms - Host latency: 6.88525 ms (enqueue 4.1709 ms)
[10/04/2026-22:04:21] [I] Average on 1 runs - GPU latency: 6.77856 ms - Host latency: 6.87476 ms (enqueue 4.14893 ms)
[10/04/2026-22:04:21] [I] Average on 1 runs - GPU latency: 6.77808 ms - Host latency: 6.87329 ms (enqueue 4.11792 ms)
[10/04/2026-22:04:21] [I] Average on 1 runs - GPU latency: 6.78198 ms - Host latency: 6.87866 ms (enqueue 4.12793 ms)
[10/04/2026-22:04:21] [I] Average on 1 runs - GPU latency: 6.77417 ms - Host latency: 6.8689 ms (enqueue 4.1936 ms)
[10/04/2026-22:04:21] [I] Average on 1 runs - GPU latency: 6.79297 ms - Host latency: 6.88135 ms (enqueue 4.17822 ms)
[10/04/2026-22:04:21] [I] Average on 1 runs - GPU latency: 6.79541 ms - Host latency: 6.8877 ms (enqueue 4.21753 ms)
[10/04/2026-22:04:21] [I] Average on 1 runs - GPU latency: 6.7876 ms - Host latency: 6.88379 ms (enqueue 4.16113 ms)
[10/04/2026-22:04:21] [I] Average on 1 runs - GPU latency: 6.78955 ms - Host latency: 6.88599 ms (enqueue 4.16675 ms)
[10/04/2026-22:04:21] [I] Average on 1 runs - GPU latency: 6.81519 ms - Host latency: 6.92456 ms (enqueue 4.17651 ms)
[10/04/2026-22:04:21] [I] Average on 1 runs - GPU latency: 6.7981 ms - Host latency: 6.89771 ms (enqueue 4.21191 ms)
[10/04/2026-22:04:21] [I] Average on 1 runs - GPU latency: 6.79004 ms - Host latency: 6.88818 ms (enqueue 4.15479 ms)
[10/04/2026-22:04:21] [I] Average on 1 runs - GPU latency: 6.78638 ms - Host latency: 6.88501 ms (enqueue 4.25122 ms)
[10/04/2026-22:04:21] [I] Average on 1 runs - GPU latency: 6.8042 ms - Host latency: 6.90552 ms (enqueue 4.20996 ms)
[10/04/2026-22:04:21] [I] Average on 1 runs - GPU latency: 6.80444 ms - Host latency: 6.90381 ms (enqueue 4.22803 ms)
[10/04/2026-22:04:21] [I] Average on 1 runs - GPU latency: 6.79932 ms - Host latency: 6.90112 ms (enqueue 4.18726 ms)
[10/04/2026-22:04:21] [I] Average on 1 runs - GPU latency: 6.78613 ms - Host latency: 6.88745 ms (enqueue 4.18921 ms)
[10/04/2026-22:04:21] [I] Average on 1 runs - GPU latency: 6.78662 ms - Host latency: 6.88696 ms (enqueue 4.23145 ms)
[10/04/2026-22:04:21] [I] Average on 1 runs - GPU latency: 6.79272 ms - Host latency: 6.88818 ms (enqueue 4.25366 ms)
[10/04/2026-22:04:21] [I] Average on 1 runs - GPU latency: 6.79297 ms - Host latency: 6.89038 ms (enqueue 4.2002 ms)
[10/04/2026-22:04:21] [I] Average on 1 runs - GPU latency: 6.78833 ms - Host latency: 6.87988 ms (enqueue 4.21582 ms)
[10/04/2026-22:04:21] [I] Average on 1 runs - GPU latency: 6.79492 ms - Host latency: 6.88818 ms (enqueue 4.24634 ms)
[10/04/2026-22:04:21] [I] Average on 1 runs - GPU latency: 6.79126 ms - Host latency: 6.88574 ms (enqueue 4.23218 ms)
[10/04/2026-22:04:21] [I] Average on 1 runs - GPU latency: 6.78003 ms - Host latency: 6.8877 ms (enqueue 4.21582 ms)
[10/04/2026-22:04:21] [I] Average on 1 runs - GPU latency: 6.78149 ms - Host latency: 6.88013 ms (enqueue 4.19849 ms)
[10/04/2026-22:04:21] [I] Average on 1 runs - GPU latency: 6.78906 ms - Host latency: 6.88281 ms (enqueue 4.17114 ms)
[10/04/2026-22:04:21] [I] Average on 1 runs - GPU latency: 6.79614 ms - Host latency: 6.89111 ms (enqueue 4.19751 ms)
[10/04/2026-22:04:21] [I] Average on 1 runs - GPU latency: 6.78906 ms - Host latency: 6.88306 ms (enqueue 4.17017 ms)
[10/04/2026-22:04:21] [I] Average on 1 runs - GPU latency: 6.78613 ms - Host latency: 6.88159 ms (enqueue 4.2439 ms)
[10/04/2026-22:04:21] [I] Average on 1 runs - GPU latency: 6.78735 ms - Host latency: 6.88037 ms (enqueue 4.20508 ms)
[10/04/2026-22:04:21] [I] Average on 1 runs - GPU latency: 6.79761 ms - Host latency: 6.89282 ms (enqueue 4.16235 ms)
[10/04/2026-22:04:21] [I] Average on 1 runs - GPU latency: 6.79468 ms - Host latency: 6.89404 ms (enqueue 4.19287 ms)
[10/04/2026-22:04:21] [I] Average on 1 runs - GPU latency: 6.79492 ms - Host latency: 6.89355 ms (enqueue 4.19507 ms)
[10/04/2026-22:04:21] [I] Average on 1 runs - GPU latency: 6.79297 ms - Host latency: 6.89429 ms (enqueue 4.20825 ms)
[10/04/2026-22:04:21] [I] Average on 1 runs - GPU latency: 6.79077 ms - Host latency: 6.91846 ms (enqueue 4.18408 ms)
[10/04/2026-22:04:21] [I] Average on 1 runs - GPU latency: 6.80127 ms - Host latency: 6.90039 ms (enqueue 4.18579 ms)
[10/04/2026-22:04:21] [I] Average on 1 runs - GPU latency: 6.80347 ms - Host latency: 6.90259 ms (enqueue 4.17188 ms)
[10/04/2026-22:04:21] [I] Average on 1 runs - GPU latency: 6.79004 ms - Host latency: 6.88843 ms (enqueue 4.23608 ms)
[10/04/2026-22:04:21] [I] Average on 1 runs - GPU latency: 6.78296 ms - Host latency: 6.89209 ms (enqueue 4.11279 ms)
[10/04/2026-22:04:21] [I] Average on 1 runs - GPU latency: 6.78809 ms - Host latency: 6.88647 ms (enqueue 4.11914 ms)
[10/04/2026-22:04:21] [I] Average on 1 runs - GPU latency: 6.7876 ms - Host latency: 6.88672 ms (enqueue 4.14136 ms)
[10/04/2026-22:04:21] [I] Average on 1 runs - GPU latency: 6.79199 ms - Host latency: 6.89307 ms (enqueue 4.1438 ms)
[10/04/2026-22:04:21] [I] Average on 1 runs - GPU latency: 6.78735 ms - Host latency: 6.88208 ms (enqueue 4.16089 ms)
[10/04/2026-22:04:21] [I] Average on 1 runs - GPU latency: 6.79541 ms - Host latency: 6.89453 ms (enqueue 4.22339 ms)
[10/04/2026-22:04:21] [I] Average on 1 runs - GPU latency: 6.79297 ms - Host latency: 6.88818 ms (enqueue 4.22437 ms)
[10/04/2026-22:04:21] [I] Average on 1 runs - GPU latency: 6.79419 ms - Host latency: 6.8877 ms (enqueue 4.16895 ms)
[10/04/2026-22:04:21] [I] Average on 1 runs - GPU latency: 6.79126 ms - Host latency: 6.88818 ms (enqueue 4.21265 ms)
[10/04/2026-22:04:21] [I] Average on 1 runs - GPU latency: 6.7915 ms - Host latency: 6.89185 ms (enqueue 4.125 ms)
[10/04/2026-22:04:21] [I] Average on 1 runs - GPU latency: 6.78955 ms - Host latency: 6.88501 ms (enqueue 4.1792 ms)
[10/04/2026-22:04:21] [I] Average on 1 runs - GPU latency: 6.79297 ms - Host latency: 6.88794 ms (enqueue 4.19678 ms)
[10/04/2026-22:04:21] [I] Average on 1 runs - GPU latency: 6.79663 ms - Host latency: 6.90356 ms (enqueue 4.1311 ms)
[10/04/2026-22:04:21] [I] Average on 1 runs - GPU latency: 6.78369 ms - Host latency: 6.87402 ms (enqueue 4.15479 ms)
[10/04/2026-22:04:21] [I] Average on 1 runs - GPU latency: 6.79028 ms - Host latency: 6.88647 ms (enqueue 4.20044 ms)
[10/04/2026-22:04:21] [I] Average on 1 runs - GPU latency: 6.78271 ms - Host latency: 6.88086 ms (enqueue 4.23779 ms)
[10/04/2026-22:04:21] [I] Average on 1 runs - GPU latency: 6.78784 ms - Host latency: 6.88818 ms (enqueue 4.19775 ms)
[10/04/2026-22:04:21] [I] Average on 1 runs - GPU latency: 6.78955 ms - Host latency: 6.88232 ms (enqueue 4.18726 ms)
[10/04/2026-22:04:21] [I] Average on 1 runs - GPU latency: 6.79102 ms - Host latency: 6.89014 ms (enqueue 4.17676 ms)
[10/04/2026-22:04:21] [I] Average on 1 runs - GPU latency: 6.7981 ms - Host latency: 6.89404 ms (enqueue 4.23071 ms)
[10/04/2026-22:04:21] [I] Average on 1 runs - GPU latency: 6.79565 ms - Host latency: 6.89526 ms (enqueue 4.24463 ms)
[10/04/2026-22:04:21] [I] Average on 1 runs - GPU latency: 6.79199 ms - Host latency: 6.89087 ms (enqueue 4.21167 ms)
[10/04/2026-22:04:21] [I] Average on 1 runs - GPU latency: 6.78101 ms - Host latency: 6.88135 ms (enqueue 4.19482 ms)
[10/04/2026-22:04:21] [I] Average on 1 runs - GPU latency: 6.79126 ms - Host latency: 6.88794 ms (enqueue 4.14429 ms)
[10/04/2026-22:04:21] [I] Average on 1 runs - GPU latency: 6.79541 ms - Host latency: 6.89355 ms (enqueue 4.19214 ms)
[10/04/2026-22:04:21] [I] Average on 1 runs - GPU latency: 6.79004 ms - Host latency: 6.88916 ms (enqueue 4.17725 ms)
[10/04/2026-22:04:21] [I] Average on 1 runs - GPU latency: 6.78662 ms - Host latency: 6.89307 ms (enqueue 4.17627 ms)
[10/04/2026-22:04:21] [I] Average on 1 runs - GPU latency: 6.79492 ms - Host latency: 6.89209 ms (enqueue 4.18115 ms)
[10/04/2026-22:04:21] [I] Average on 1 runs - GPU latency: 6.78955 ms - Host latency: 6.88721 ms (enqueue 4.22412 ms)
[10/04/2026-22:04:21] [I] Average on 1 runs - GPU latency: 6.78906 ms - Host latency: 6.88232 ms (enqueue 4.1626 ms)
[10/04/2026-22:04:21] [I] Average on 1 runs - GPU latency: 6.80225 ms - Host latency: 6.89844 ms (enqueue 4.1665 ms)
[10/04/2026-22:04:21] [I] Average on 1 runs - GPU latency: 6.79639 ms - Host latency: 6.88965 ms (enqueue 4.22949 ms)
[10/04/2026-22:04:21] [I] Average on 1 runs - GPU latency: 6.80127 ms - Host latency: 6.89844 ms (enqueue 4.23389 ms)
[10/04/2026-22:04:21] [I] Average on 1 runs - GPU latency: 6.7832 ms - Host latency: 6.87891 ms (enqueue 4.2417 ms)
[10/04/2026-22:04:21] [I] Average on 1 runs - GPU latency: 6.78906 ms - Host latency: 6.87939 ms (enqueue 4.1792 ms)
[10/04/2026-22:04:21] [I] Average on 1 runs - GPU latency: 6.79883 ms - Host latency: 6.89844 ms (enqueue 4.22217 ms)
[10/04/2026-22:04:21] [I] Average on 1 runs - GPU latency: 6.78516 ms - Host latency: 6.87842 ms (enqueue 4.18994 ms)
[10/04/2026-22:04:21] [I] Average on 1 runs - GPU latency: 6.7915 ms - Host latency: 6.88623 ms (enqueue 4.17236 ms)
[10/04/2026-22:04:21] [I] Average on 1 runs - GPU latency: 6.79395 ms - Host latency: 6.88379 ms (enqueue 4.17725 ms)
[10/04/2026-22:04:21] [I] Average on 1 runs - GPU latency: 6.77881 ms - Host latency: 6.87256 ms (enqueue 4.1582 ms)
[10/04/2026-22:04:21] [I] Average on 1 runs - GPU latency: 6.79297 ms - Host latency: 6.89307 ms (enqueue 4.16553 ms)
[10/04/2026-22:04:21] [I] Average on 1 runs - GPU latency: 6.78662 ms - Host latency: 6.88037 ms (enqueue 4.22266 ms)
[10/04/2026-22:04:21] [I] Average on 1 runs - GPU latency: 6.79443 ms - Host latency: 6.89648 ms (enqueue 4.17432 ms)
[10/04/2026-22:04:21] [I] Average on 1 runs - GPU latency: 6.79443 ms - Host latency: 6.89062 ms (enqueue 4.21582 ms)
[10/04/2026-22:04:21] [I] Average on 1 runs - GPU latency: 6.7915 ms - Host latency: 6.88916 ms (enqueue 4.27246 ms)
[10/04/2026-22:04:21] [I] Average on 1 runs - GPU latency: 6.78711 ms - Host latency: 6.88574 ms (enqueue 4.18164 ms)
[10/04/2026-22:04:21] [I] Average on 1 runs - GPU latency: 6.78809 ms - Host latency: 6.88281 ms (enqueue 4.13916 ms)
[10/04/2026-22:04:21] [I] Average on 1 runs - GPU latency: 6.78906 ms - Host latency: 6.88428 ms (enqueue 4.23242 ms)
[10/04/2026-22:04:21] [I] Average on 1 runs - GPU latency: 6.79248 ms - Host latency: 6.89258 ms (enqueue 4.17578 ms)
[10/04/2026-22:04:21] [I] Average on 1 runs - GPU latency: 6.78564 ms - Host latency: 6.88574 ms (enqueue 4.2251 ms)
[10/04/2026-22:04:21] [I] Average on 1 runs - GPU latency: 6.79395 ms - Host latency: 6.89062 ms (enqueue 4.20557 ms)
[10/04/2026-22:04:21] [I] Average on 1 runs - GPU latency: 6.78809 ms - Host latency: 6.88086 ms (enqueue 4.23291 ms)
[10/04/2026-22:04:21] [I] Average on 1 runs - GPU latency: 6.83496 ms - Host latency: 6.9292 ms (enqueue 4.16943 ms)
[10/04/2026-22:04:21] [I] Average on 1 runs - GPU latency: 6.80859 ms - Host latency: 6.92041 ms (enqueue 4.18604 ms)
[10/04/2026-22:04:21] [I] Average on 1 runs - GPU latency: 6.80127 ms - Host latency: 6.89648 ms (enqueue 4.19531 ms)
[10/04/2026-22:04:21] [I] Average on 1 runs - GPU latency: 6.8042 ms - Host latency: 6.90186 ms (enqueue 4.24658 ms)
[10/04/2026-22:04:21] [I] Average on 1 runs - GPU latency: 6.80029 ms - Host latency: 6.90039 ms (enqueue 4.1665 ms)
[10/04/2026-22:04:21] [I] Average on 1 runs - GPU latency: 6.79199 ms - Host latency: 6.8916 ms (enqueue 4.26172 ms)
[10/04/2026-22:04:21] [I] Average on 1 runs - GPU latency: 6.79883 ms - Host latency: 6.89307 ms (enqueue 4.18506 ms)
[10/04/2026-22:04:21] [I] Average on 1 runs - GPU latency: 6.7915 ms - Host latency: 6.89111 ms (enqueue 4.20557 ms)
[10/04/2026-22:04:21] [I] Average on 1 runs - GPU latency: 6.78271 ms - Host latency: 6.87793 ms (enqueue 4.19678 ms)
[10/04/2026-22:04:21] [I] Average on 1 runs - GPU latency: 6.79199 ms - Host latency: 6.89111 ms (enqueue 4.18311 ms)
[10/04/2026-22:04:21] [I] Average on 1 runs - GPU latency: 6.78223 ms - Host latency: 6.87549 ms (enqueue 4.18408 ms)
[10/04/2026-22:04:21] [I] ... Omitting 1809 lines
[10/04/2026-22:04:21] [I] Average on 1 runs - GPU latency: 6.78711 ms - Host latency: 6.88477 ms (enqueue 4.24023 ms)
[10/04/2026-22:04:21] [I] Average on 1 runs - GPU latency: 6.78516 ms - Host latency: 6.88086 ms (enqueue 4.18359 ms)
[10/04/2026-22:04:21] [I] Average on 1 runs - GPU latency: 6.78125 ms - Host latency: 6.88086 ms (enqueue 4.19336 ms)
[10/04/2026-22:04:21] [I] Average on 1 runs - GPU latency: 6.79102 ms - Host latency: 6.88867 ms (enqueue 4.19141 ms)
[10/04/2026-22:04:21] [I] Average on 1 runs - GPU latency: 6.78711 ms - Host latency: 6.88086 ms (enqueue 4.28711 ms)
[10/04/2026-22:04:21] [I] Average on 1 runs - GPU latency: 6.78711 ms - Host latency: 6.88672 ms (enqueue 4.24219 ms)
[10/04/2026-22:04:21] [I] Average on 1 runs - GPU latency: 6.7832 ms - Host latency: 6.87695 ms (enqueue 4.19531 ms)
[10/04/2026-22:04:21] [I] Average on 1 runs - GPU latency: 6.79492 ms - Host latency: 6.89062 ms (enqueue 4.19336 ms)
[10/04/2026-22:04:21] [I] Average on 1 runs - GPU latency: 6.78906 ms - Host latency: 6.88281 ms (enqueue 4.25781 ms)
[10/04/2026-22:04:21] [I] Average on 1 runs - GPU latency: 6.78906 ms - Host latency: 6.88672 ms (enqueue 4.18555 ms)
[10/04/2026-22:04:21] [I] Average on 1 runs - GPU latency: 6.78906 ms - Host latency: 6.88672 ms (enqueue 4.16016 ms)
[10/04/2026-22:04:21] [I] Average on 1 runs - GPU latency: 6.78125 ms - Host latency: 6.875 ms (enqueue 4.15039 ms)
[10/04/2026-22:04:21] [I] Average on 1 runs - GPU latency: 6.78711 ms - Host latency: 6.89648 ms (enqueue 4.19531 ms)
[10/04/2026-22:04:21] [I] Average on 1 runs - GPU latency: 6.78906 ms - Host latency: 6.88086 ms (enqueue 4.20508 ms)
[10/04/2026-22:04:21] [I] Average on 1 runs - GPU latency: 6.78711 ms - Host latency: 6.88281 ms (enqueue 4.18945 ms)
[10/04/2026-22:04:21] [I] Average on 1 runs - GPU latency: 6.78711 ms - Host latency: 6.88281 ms (enqueue 4.1582 ms)
[10/04/2026-22:04:21] [I] Average on 1 runs - GPU latency: 6.79102 ms - Host latency: 6.88672 ms (enqueue 4.16602 ms)
[10/04/2026-22:04:21] [I] Average on 1 runs - GPU latency: 6.78711 ms - Host latency: 6.88477 ms (enqueue 4.20117 ms)
[10/04/2026-22:04:21] [I] Average on 1 runs - GPU latency: 6.78516 ms - Host latency: 6.88086 ms (enqueue 4.16211 ms)
[10/04/2026-22:04:21] [I] Average on 1 runs - GPU latency: 6.79297 ms - Host latency: 6.88867 ms (enqueue 4.2168 ms)
[10/04/2026-22:04:21] [I] Average on 1 runs - GPU latency: 6.78711 ms - Host latency: 6.88477 ms (enqueue 4.17578 ms)
[10/04/2026-22:04:21] [I] Average on 1 runs - GPU latency: 6.78711 ms - Host latency: 6.87891 ms (enqueue 4.18359 ms)
[10/04/2026-22:04:21] [I] Average on 1 runs - GPU latency: 6.79688 ms - Host latency: 6.89258 ms (enqueue 4.1582 ms)
[10/04/2026-22:04:21] [I] Average on 1 runs - GPU latency: 6.7832 ms - Host latency: 6.87695 ms (enqueue 4.17773 ms)
[10/04/2026-22:04:21] [I] Average on 1 runs - GPU latency: 6.78906 ms - Host latency: 6.88477 ms (enqueue 4.11133 ms)
[10/04/2026-22:04:21] [I] Average on 1 runs - GPU latency: 6.78711 ms - Host latency: 6.88477 ms (enqueue 4.1875 ms)
[10/04/2026-22:04:21] [I] Average on 1 runs - GPU latency: 6.78906 ms - Host latency: 6.88672 ms (enqueue 4.17773 ms)
[10/04/2026-22:04:21] [I] Average on 1 runs - GPU latency: 6.78906 ms - Host latency: 6.88086 ms (enqueue 4.15625 ms)
[10/04/2026-22:04:21] [I] Average on 1 runs - GPU latency: 6.79297 ms - Host latency: 6.88672 ms (enqueue 4.17188 ms)
[10/04/2026-22:04:21] [I] Average on 1 runs - GPU latency: 6.79297 ms - Host latency: 6.88867 ms (enqueue 4.23633 ms)
[10/04/2026-22:04:21] [I] Average on 1 runs - GPU latency: 6.80078 ms - Host latency: 6.89844 ms (enqueue 4.1875 ms)
[10/04/2026-22:04:21] [I] Average on 1 runs - GPU latency: 6.78906 ms - Host latency: 6.88281 ms (enqueue 4.21875 ms)
[10/04/2026-22:04:21] [I] Average on 1 runs - GPU latency: 6.78906 ms - Host latency: 6.88086 ms (enqueue 4.16406 ms)
[10/04/2026-22:04:21] [I] Average on 1 runs - GPU latency: 6.78906 ms - Host latency: 6.89062 ms (enqueue 4.1875 ms)
[10/04/2026-22:04:21] [I] Average on 1 runs - GPU latency: 6.78711 ms - Host latency: 6.87891 ms (enqueue 4.17578 ms)
[10/04/2026-22:04:21] [I] Average on 1 runs - GPU latency: 6.7832 ms - Host latency: 6.87695 ms (enqueue 4.2207 ms)
[10/04/2026-22:04:21] [I] Average on 1 runs - GPU latency: 6.78906 ms - Host latency: 6.88672 ms (enqueue 4.19141 ms)
[10/04/2026-22:04:21] [I] Average on 1 runs - GPU latency: 6.79688 ms - Host latency: 6.89258 ms (enqueue 4.16797 ms)
[10/04/2026-22:04:21] [I] Average on 1 runs - GPU latency: 6.7832 ms - Host latency: 6.88086 ms (enqueue 4.29102 ms)
[10/04/2026-22:04:21] [I] Average on 1 runs - GPU latency: 6.78906 ms - Host latency: 6.88281 ms (enqueue 4.2168 ms)
[10/04/2026-22:04:21] [I] Average on 1 runs - GPU latency: 6.8125 ms - Host latency: 6.91016 ms (enqueue 4.21875 ms)
[10/04/2026-22:04:21] [I] Average on 1 runs - GPU latency: 6.79688 ms - Host latency: 6.88867 ms (enqueue 4.13477 ms)
[10/04/2026-22:04:21] [I] Average on 1 runs - GPU latency: 6.78516 ms - Host latency: 6.88281 ms (enqueue 4.17578 ms)
[10/04/2026-22:04:21] [I] Average on 1 runs - GPU latency: 6.79297 ms - Host latency: 6.89062 ms (enqueue 4.19336 ms)
[10/04/2026-22:04:21] [I] Average on 1 runs - GPU latency: 6.79492 ms - Host latency: 6.88867 ms (enqueue 4.24805 ms)
[10/04/2026-22:04:21] [I] Average on 1 runs - GPU latency: 6.79297 ms - Host latency: 6.89258 ms (enqueue 4.16016 ms)
[10/04/2026-22:04:21] [I] Average on 1 runs - GPU latency: 6.79492 ms - Host latency: 6.88867 ms (enqueue 4.24609 ms)
[10/04/2026-22:04:21] [I] Average on 1 runs - GPU latency: 6.79102 ms - Host latency: 6.89258 ms (enqueue 4.21094 ms)
[10/04/2026-22:04:21] [I] Average on 1 runs - GPU latency: 6.79492 ms - Host latency: 6.88867 ms (enqueue 4.18359 ms)
[10/04/2026-22:04:21] [I] Average on 1 runs - GPU latency: 6.78711 ms - Host latency: 6.87891 ms (enqueue 4.21875 ms)
[10/04/2026-22:04:21] [I] Average on 1 runs - GPU latency: 6.79102 ms - Host latency: 6.88672 ms (enqueue 4.1543 ms)
[10/04/2026-22:04:21] [I] Average on 1 runs - GPU latency: 6.78516 ms - Host latency: 6.87891 ms (enqueue 4.23047 ms)
[10/04/2026-22:04:21] [I] Average on 1 runs - GPU latency: 6.79102 ms - Host latency: 6.88672 ms (enqueue 4.18164 ms)
[10/04/2026-22:04:21] [I] Average on 1 runs - GPU latency: 6.79883 ms - Host latency: 6.9082 ms (enqueue 4.17773 ms)
[10/04/2026-22:04:21] [I] Average on 1 runs - GPU latency: 6.79297 ms - Host latency: 6.89258 ms (enqueue 4.19141 ms)
[10/04/2026-22:04:21] [I] Average on 1 runs - GPU latency: 6.7793 ms - Host latency: 6.875 ms (enqueue 4.22656 ms)
[10/04/2026-22:04:21] [I] Average on 1 runs - GPU latency: 6.80664 ms - Host latency: 6.89062 ms (enqueue 4.2168 ms)
[10/04/2026-22:04:21] [I] Average on 1 runs - GPU latency: 6.80859 ms - Host latency: 6.9043 ms (enqueue 4.26172 ms)
[10/04/2026-22:04:21] [I] Average on 1 runs - GPU latency: 6.79297 ms - Host latency: 6.89648 ms (enqueue 4.21094 ms)
[10/04/2026-22:04:21] [I] Average on 1 runs - GPU latency: 6.79492 ms - Host latency: 6.89648 ms (enqueue 4.17773 ms)
[10/04/2026-22:04:21] [I] Average on 1 runs - GPU latency: 6.80078 ms - Host latency: 6.89844 ms (enqueue 4.16211 ms)
[10/04/2026-22:04:21] [I] Average on 1 runs - GPU latency: 6.80273 ms - Host latency: 6.9043 ms (enqueue 4.20898 ms)
[10/04/2026-22:04:21] [I] Average on 1 runs - GPU latency: 6.78711 ms - Host latency: 6.88867 ms (enqueue 4.23242 ms)
[10/04/2026-22:04:21] [I] Average on 1 runs - GPU latency: 6.78711 ms - Host latency: 6.88477 ms (enqueue 4.20312 ms)
[10/04/2026-22:04:21] [I] Average on 1 runs - GPU latency: 6.78906 ms - Host latency: 6.88477 ms (enqueue 4.1543 ms)
[10/04/2026-22:04:21] [I] Average on 1 runs - GPU latency: 6.79492 ms - Host latency: 6.89062 ms (enqueue 4.1875 ms)
[10/04/2026-22:04:21] [I] Average on 1 runs - GPU latency: 6.78711 ms - Host latency: 6.88477 ms (enqueue 4.18359 ms)
[10/04/2026-22:04:21] [I] Average on 1 runs - GPU latency: 6.79492 ms - Host latency: 6.88867 ms (enqueue 4.23828 ms)
[10/04/2026-22:04:21] [I] Average on 1 runs - GPU latency: 6.78906 ms - Host latency: 6.88477 ms (enqueue 4.16016 ms)
[10/04/2026-22:04:21] [I] Average on 1 runs - GPU latency: 6.79688 ms - Host latency: 6.89648 ms (enqueue 4.19531 ms)
[10/04/2026-22:04:21] [I] Average on 1 runs - GPU latency: 6.79883 ms - Host latency: 6.89844 ms (enqueue 4.18945 ms)
[10/04/2026-22:04:21] [I] Average on 1 runs - GPU latency: 6.78711 ms - Host latency: 6.88281 ms (enqueue 4.23047 ms)
[10/04/2026-22:04:21] [I] Average on 1 runs - GPU latency: 6.7793 ms - Host latency: 6.87305 ms (enqueue 4.19141 ms)
[10/04/2026-22:04:21] [I] Average on 1 runs - GPU latency: 6.79297 ms - Host latency: 6.89062 ms (enqueue 4.16016 ms)
[10/04/2026-22:04:21] [I] Average on 1 runs - GPU latency: 6.78906 ms - Host latency: 6.88477 ms (enqueue 4.21094 ms)
[10/04/2026-22:04:21] [I] Average on 1 runs - GPU latency: 6.79297 ms - Host latency: 6.89062 ms (enqueue 4.19336 ms)
[10/04/2026-22:04:21] [I] Average on 1 runs - GPU latency: 6.79102 ms - Host latency: 6.88672 ms (enqueue 4.19727 ms)
[10/04/2026-22:04:21] [I] Average on 1 runs - GPU latency: 6.79688 ms - Host latency: 6.88672 ms (enqueue 4.2168 ms)
[10/04/2026-22:04:21] [I] Average on 1 runs - GPU latency: 6.7832 ms - Host latency: 6.88086 ms (enqueue 4.23633 ms)
[10/04/2026-22:04:21] [I] Average on 1 runs - GPU latency: 6.79492 ms - Host latency: 6.88867 ms (enqueue 4.21094 ms)
[10/04/2026-22:04:21] [I] Average on 1 runs - GPU latency: 6.78125 ms - Host latency: 6.88672 ms (enqueue 4.21094 ms)
[10/04/2026-22:04:21] [I] Average on 1 runs - GPU latency: 6.79883 ms - Host latency: 6.89453 ms (enqueue 4.21289 ms)
[10/04/2026-22:04:21] [I] Average on 1 runs - GPU latency: 6.7832 ms - Host latency: 6.88281 ms (enqueue 4.20508 ms)
[10/04/2026-22:04:21] [I] Average on 1 runs - GPU latency: 6.79297 ms - Host latency: 6.89062 ms (enqueue 4.17969 ms)
[10/04/2026-22:04:21] [I] Average on 1 runs - GPU latency: 6.80078 ms - Host latency: 6.89844 ms (enqueue 4.15039 ms)
[10/04/2026-22:04:21] [I] Average on 1 runs - GPU latency: 6.79102 ms - Host latency: 6.88867 ms (enqueue 4.19336 ms)
[10/04/2026-22:04:21] [I] Average on 1 runs - GPU latency: 6.79102 ms - Host latency: 6.89062 ms (enqueue 4.18555 ms)
[10/04/2026-22:04:21] [I] Average on 1 runs - GPU latency: 6.7832 ms - Host latency: 6.88867 ms (enqueue 4.18164 ms)
[10/04/2026-22:04:21] [I] Average on 1 runs - GPU latency: 6.78906 ms - Host latency: 6.88672 ms (enqueue 4.1875 ms)
[10/04/2026-22:04:21] [I] Average on 1 runs - GPU latency: 6.79297 ms - Host latency: 6.88477 ms (enqueue 4.29102 ms)
[10/04/2026-22:04:21] [I] Average on 1 runs - GPU latency: 6.7832 ms - Host latency: 6.87891 ms (enqueue 4.18359 ms)
[10/04/2026-22:04:21] [I] Average on 1 runs - GPU latency: 6.7793 ms - Host latency: 6.86914 ms (enqueue 4.14844 ms)
[10/04/2026-22:04:21] [I] Average on 1 runs - GPU latency: 6.77734 ms - Host latency: 6.87305 ms (enqueue 4.16992 ms)
[10/04/2026-22:04:21] [I] Average on 1 runs - GPU latency: 6.78906 ms - Host latency: 6.88477 ms (enqueue 4.20117 ms)
[10/04/2026-22:04:21] [I] Average on 1 runs - GPU latency: 6.78711 ms - Host latency: 6.89844 ms (enqueue 4.19922 ms)
[10/04/2026-22:04:21] [I] Average on 1 runs - GPU latency: 6.79883 ms - Host latency: 6.89453 ms (enqueue 4.21875 ms)
[10/04/2026-22:04:21] [I] Average on 1 runs - GPU latency: 6.77344 ms - Host latency: 6.87305 ms (enqueue 4.17188 ms)
[10/04/2026-22:04:21] [I] Average on 1 runs - GPU latency: 6.78906 ms - Host latency: 6.88867 ms (enqueue 4.19531 ms)
[10/04/2026-22:04:21] [I] Average on 1 runs - GPU latency: 6.78125 ms - Host latency: 6.88086 ms (enqueue 4.24219 ms)
[10/04/2026-22:04:21] [I] Average on 1 runs - GPU latency: 6.78906 ms - Host latency: 6.88477 ms (enqueue 4.18945 ms)
[10/04/2026-22:04:21] [I] Average on 1 runs - GPU latency: 6.78906 ms - Host latency: 6.88281 ms (enqueue 4.1543 ms)
[10/04/2026-22:04:21] [I] Average on 1 runs - GPU latency: 6.78516 ms - Host latency: 6.88672 ms (enqueue 4.22266 ms)
[10/04/2026-22:04:21] [I] Average on 1 runs - GPU latency: 6.79102 ms - Host latency: 6.89062 ms (enqueue 4.25 ms)
[10/04/2026-22:04:21] [I] Average on 1 runs - GPU latency: 6.78711 ms - Host latency: 6.88281 ms (enqueue 4.20312 ms)
[10/04/2026-22:04:21] [I] Average on 1 runs - GPU latency: 6.79297 ms - Host latency: 6.88672 ms (enqueue 4.20508 ms)
[10/04/2026-22:04:21] [I] Average on 1 runs - GPU latency: 6.79883 ms - Host latency: 6.89648 ms (enqueue 4.19727 ms)
[10/04/2026-22:04:21] [I] Average on 1 runs - GPU latency: 6.78711 ms - Host latency: 6.88281 ms (enqueue 4.17969 ms)
[10/04/2026-22:04:21] [I] Average on 1 runs - GPU latency: 6.79492 ms - Host latency: 6.89062 ms (enqueue 4.20312 ms)
[10/04/2026-22:04:21] [I] Average on 1 runs - GPU latency: 6.79883 ms - Host latency: 6.89453 ms (enqueue 4.23438 ms)
[10/04/2026-22:04:21] [I] Average on 1 runs - GPU latency: 6.79297 ms - Host latency: 6.89258 ms (enqueue 4.18359 ms)
[10/04/2026-22:04:21] [I] Average on 1 runs - GPU latency: 6.79492 ms - Host latency: 6.88672 ms (enqueue 4.26172 ms)
[10/04/2026-22:04:21] [I] Average on 1 runs - GPU latency: 6.79883 ms - Host latency: 6.89453 ms (enqueue 4.20312 ms)
[10/04/2026-22:04:21] [I] Average on 1 runs - GPU latency: 6.7793 ms - Host latency: 6.87695 ms (enqueue 4.25977 ms)
[10/04/2026-22:04:21] [I] Average on 1 runs - GPU latency: 6.79102 ms - Host latency: 6.88867 ms (enqueue 4.18555 ms)
[10/04/2026-22:04:21] [I] Average on 1 runs - GPU latency: 6.79492 ms - Host latency: 6.89062 ms (enqueue 4.23828 ms)
[10/04/2026-22:04:21] [I] Average on 1 runs - GPU latency: 6.79297 ms - Host latency: 6.89258 ms (enqueue 4.20898 ms)
[10/04/2026-22:04:21] [I] Average on 1 runs - GPU latency: 6.78906 ms - Host latency: 6.88867 ms (enqueue 4.22656 ms)
[10/04/2026-22:04:21] [I] Average on 1 runs - GPU latency: 6.79102 ms - Host latency: 6.88867 ms (enqueue 4.19531 ms)
[10/04/2026-22:04:21] [I] Average on 1 runs - GPU latency: 6.78516 ms - Host latency: 6.88086 ms (enqueue 4.23242 ms)
[10/04/2026-22:04:21] [I] Average on 1 runs - GPU latency: 6.78711 ms - Host latency: 6.87891 ms (enqueue 4.18359 ms)
[10/04/2026-22:04:21] [I] Average on 1 runs - GPU latency: 6.79297 ms - Host latency: 6.88867 ms (enqueue 4.24414 ms)
[10/04/2026-22:04:21] [I] Average on 1 runs - GPU latency: 6.78516 ms - Host latency: 6.88477 ms (enqueue 4.17188 ms)
[10/04/2026-22:04:21] [I] Average on 1 runs - GPU latency: 6.7793 ms - Host latency: 6.88086 ms (enqueue 4.25391 ms)
[10/04/2026-22:04:21] [I] Average on 1 runs - GPU latency: 6.79297 ms - Host latency: 6.88672 ms (enqueue 4.14453 ms)
[10/04/2026-22:04:21] [I] Average on 1 runs - GPU latency: 6.79102 ms - Host latency: 6.89062 ms (enqueue 4.18945 ms)
[10/04/2026-22:04:21] [I] Average on 1 runs - GPU latency: 6.78125 ms - Host latency: 6.87891 ms (enqueue 4.23438 ms)
[10/04/2026-22:04:21] [I] Average on 1 runs - GPU latency: 6.79297 ms - Host latency: 6.88867 ms (enqueue 4.22656 ms)
[10/04/2026-22:04:21] [I] Average on 1 runs - GPU latency: 6.79297 ms - Host latency: 6.88477 ms (enqueue 4.15625 ms)
[10/04/2026-22:04:21] [I] Average on 1 runs - GPU latency: 6.79492 ms - Host latency: 6.88672 ms (enqueue 4.17383 ms)
[10/04/2026-22:04:21] [I] Average on 1 runs - GPU latency: 6.78711 ms - Host latency: 6.88477 ms (enqueue 4.16992 ms)
[10/04/2026-22:04:21] [I] Average on 1 runs - GPU latency: 6.78516 ms - Host latency: 6.88281 ms (enqueue 4.23242 ms)
[10/04/2026-22:04:21] [I] Average on 1 runs - GPU latency: 6.79297 ms - Host latency: 6.88477 ms (enqueue 4.22852 ms)
[10/04/2026-22:04:21] [I] Average on 1 runs - GPU latency: 6.79883 ms - Host latency: 6.89648 ms (enqueue 4.24023 ms)
[10/04/2026-22:04:21] [I] Average on 1 runs - GPU latency: 6.78711 ms - Host latency: 6.88086 ms (enqueue 4.22266 ms)
[10/04/2026-22:04:21] [I] Average on 1 runs - GPU latency: 6.79492 ms - Host latency: 6.88672 ms (enqueue 4.21484 ms)
[10/04/2026-22:04:21] [I] Average on 1 runs - GPU latency: 6.78125 ms - Host latency: 6.89258 ms (enqueue 4.16797 ms)
[10/04/2026-22:04:21] [I] Average on 1 runs - GPU latency: 6.78125 ms - Host latency: 6.88086 ms (enqueue 4.17773 ms)
[10/04/2026-22:04:21] [I] Average on 1 runs - GPU latency: 6.80469 ms - Host latency: 6.90039 ms (enqueue 4.23828 ms)
[10/04/2026-22:04:21] [I] Average on 1 runs - GPU latency: 6.8125 ms - Host latency: 6.9082 ms (enqueue 4.2207 ms)
[10/04/2026-22:04:21] [I] Average on 1 runs - GPU latency: 6.80273 ms - Host latency: 6.90039 ms (enqueue 4.21289 ms)
[10/04/2026-22:04:21] [I] Average on 1 runs - GPU latency: 6.78711 ms - Host latency: 6.88672 ms (enqueue 4.16211 ms)
[10/04/2026-22:04:21] [I] Average on 1 runs - GPU latency: 6.80078 ms - Host latency: 6.89648 ms (enqueue 4.20703 ms)
[10/04/2026-22:04:21] [I] Average on 1 runs - GPU latency: 6.80469 ms - Host latency: 6.9043 ms (enqueue 4.21875 ms)
[10/04/2026-22:04:21] [I] Average on 1 runs - GPU latency: 6.80078 ms - Host latency: 6.89648 ms (enqueue 4.17188 ms)
[10/04/2026-22:04:21] [I] Average on 1 runs - GPU latency: 6.80469 ms - Host latency: 6.89648 ms (enqueue 4.17578 ms)
[10/04/2026-22:04:21] [I] Average on 1 runs - GPU latency: 6.78125 ms - Host latency: 6.875 ms (enqueue 4.23828 ms)
[10/04/2026-22:04:21] [I] Average on 1 runs - GPU latency: 6.78711 ms - Host latency: 6.88086 ms (enqueue 4.24414 ms)
[10/04/2026-22:04:21] [I] Average on 1 runs - GPU latency: 6.7832 ms - Host latency: 6.88672 ms (enqueue 4.19336 ms)
[10/04/2026-22:04:21] [I] Average on 1 runs - GPU latency: 6.79297 ms - Host latency: 6.88867 ms (enqueue 4.25195 ms)
[10/04/2026-22:04:21] [I] Average on 1 runs - GPU latency: 6.78711 ms - Host latency: 6.88281 ms (enqueue 4.19727 ms)
[10/04/2026-22:04:21] [I] Average on 1 runs - GPU latency: 6.78906 ms - Host latency: 6.88672 ms (enqueue 4.14062 ms)
[10/04/2026-22:04:21] [I] Average on 1 runs - GPU latency: 6.79492 ms - Host latency: 6.89453 ms (enqueue 4.16016 ms)
[10/04/2026-22:04:21] [I] Average on 1 runs - GPU latency: 6.79297 ms - Host latency: 6.89258 ms (enqueue 4.19141 ms)
[10/04/2026-22:04:21] [I] Average on 1 runs - GPU latency: 6.78906 ms - Host latency: 6.88281 ms (enqueue 4.19336 ms)
[10/04/2026-22:04:21] [I] Average on 1 runs - GPU latency: 6.79102 ms - Host latency: 6.88867 ms (enqueue 4.17969 ms)
[10/04/2026-22:04:21] [I] Average on 1 runs - GPU latency: 6.79297 ms - Host latency: 6.88672 ms (enqueue 4.16797 ms)
[10/04/2026-22:04:21] [I] Average on 1 runs - GPU latency: 6.78906 ms - Host latency: 6.88281 ms (enqueue 4.16797 ms)
[10/04/2026-22:04:21] [I] Average on 1 runs - GPU latency: 6.79688 ms - Host latency: 6.88867 ms (enqueue 4.19141 ms)
[10/04/2026-22:04:21] [I] Average on 1 runs - GPU latency: 6.80273 ms - Host latency: 6.90234 ms (enqueue 4.18945 ms)
[10/04/2026-22:04:21] [I] Average on 1 runs - GPU latency: 6.78516 ms - Host latency: 6.88281 ms (enqueue 4.17578 ms)
[10/04/2026-22:04:21] [I] Average on 1 runs - GPU latency: 6.79492 ms - Host latency: 6.89258 ms (enqueue 4.20508 ms)
[10/04/2026-22:04:21] [I] Average on 1 runs - GPU latency: 6.79297 ms - Host latency: 6.88867 ms (enqueue 4.27539 ms)
[10/04/2026-22:04:21] [I] Average on 1 runs - GPU latency: 6.79297 ms - Host latency: 6.90234 ms (enqueue 4.2168 ms)
[10/04/2026-22:04:21] [I] Average on 1 runs - GPU latency: 6.79492 ms - Host latency: 6.89258 ms (enqueue 4.20508 ms)
[10/04/2026-22:04:21] [I] Average on 1 runs - GPU latency: 6.79492 ms - Host latency: 6.89062 ms (enqueue 4.18555 ms)
[10/04/2026-22:04:21] [I] Average on 1 runs - GPU latency: 6.80469 ms - Host latency: 6.89844 ms (enqueue 4.25781 ms)
[10/04/2026-22:04:21] [I] Average on 1 runs - GPU latency: 6.79297 ms - Host latency: 6.88867 ms (enqueue 4.15234 ms)
[10/04/2026-22:04:21] [I] Average on 1 runs - GPU latency: 6.79102 ms - Host latency: 6.89258 ms (enqueue 4.17969 ms)
[10/04/2026-22:04:21] [I] Average on 1 runs - GPU latency: 6.79492 ms - Host latency: 6.88867 ms (enqueue 4.20898 ms)
[10/04/2026-22:04:21] [I] Average on 1 runs - GPU latency: 6.79492 ms - Host latency: 6.89453 ms (enqueue 4.24219 ms)
[10/04/2026-22:04:21] [I] Average on 1 runs - GPU latency: 6.78516 ms - Host latency: 6.88086 ms (enqueue 4.24414 ms)
[10/04/2026-22:04:21] [I] Average on 1 runs - GPU latency: 6.78906 ms - Host latency: 6.88477 ms (enqueue 4.19336 ms)
[10/04/2026-22:04:21] [I] Average on 1 runs - GPU latency: 6.78516 ms - Host latency: 6.88477 ms (enqueue 4.23242 ms)
[10/04/2026-22:04:21] [I] Average on 1 runs - GPU latency: 6.80273 ms - Host latency: 6.90234 ms (enqueue 4.19727 ms)
[10/04/2026-22:04:21] [I] Average on 1 runs - GPU latency: 6.7832 ms - Host latency: 6.875 ms (enqueue 4.16406 ms)
[10/04/2026-22:04:21] [I] Average on 1 runs - GPU latency: 6.78711 ms - Host latency: 6.88477 ms (enqueue 4.22266 ms)
[10/04/2026-22:04:21] [I] Average on 1 runs - GPU latency: 6.79297 ms - Host latency: 6.91406 ms (enqueue 4.23828 ms)
[10/04/2026-22:04:21] [I] Average on 1 runs - GPU latency: 6.79102 ms - Host latency: 6.89062 ms (enqueue 4.19727 ms)
[10/04/2026-22:04:21] [I] Average on 1 runs - GPU latency: 6.79297 ms - Host latency: 6.88867 ms (enqueue 4.21484 ms)
[10/04/2026-22:04:21] [I] Average on 1 runs - GPU latency: 6.79297 ms - Host latency: 6.88477 ms (enqueue 4.20508 ms)
[10/04/2026-22:04:21] [I] Average on 1 runs - GPU latency: 6.79492 ms - Host latency: 6.88867 ms (enqueue 4.17773 ms)
[10/04/2026-22:04:21] [I] Average on 1 runs - GPU latency: 6.79297 ms - Host latency: 6.88867 ms (enqueue 4.22852 ms)
[10/04/2026-22:04:21] [I] Average on 1 runs - GPU latency: 6.79297 ms - Host latency: 6.89258 ms (enqueue 4.24219 ms)
[10/04/2026-22:04:21] [I] Average on 1 runs - GPU latency: 6.80078 ms - Host latency: 6.90039 ms (enqueue 4.17969 ms)
[10/04/2026-22:04:21] [I] Average on 1 runs - GPU latency: 6.79688 ms - Host latency: 6.88867 ms (enqueue 4.19922 ms)
[10/04/2026-22:04:21] [I] Average on 1 runs - GPU latency: 6.78125 ms - Host latency: 6.88086 ms (enqueue 4.25977 ms)
[10/04/2026-22:04:21] [I] Average on 1 runs - GPU latency: 6.7832 ms - Host latency: 6.88672 ms (enqueue 4.22656 ms)
[10/04/2026-22:04:21] [I] Average on 1 runs - GPU latency: 6.79102 ms - Host latency: 6.88477 ms (enqueue 4.15625 ms)
[10/04/2026-22:04:21] [I] Average on 1 runs - GPU latency: 6.79297 ms - Host latency: 6.88477 ms (enqueue 4.20508 ms)
[10/04/2026-22:04:21] [I] Average on 1 runs - GPU latency: 6.80078 ms - Host latency: 6.89453 ms (enqueue 4.18555 ms)
[10/04/2026-22:04:21] [I] Average on 1 runs - GPU latency: 6.79883 ms - Host latency: 6.89258 ms (enqueue 4.21484 ms)
[10/04/2026-22:04:21] [I] Average on 1 runs - GPU latency: 6.79688 ms - Host latency: 6.89062 ms (enqueue 4.20898 ms)
[10/04/2026-22:04:21] [I] Average on 1 runs - GPU latency: 6.79883 ms - Host latency: 6.89062 ms (enqueue 4.19727 ms)
[10/04/2026-22:04:21] [I] Average on 1 runs - GPU latency: 6.79102 ms - Host latency: 6.88477 ms (enqueue 4.20703 ms)
[10/04/2026-22:04:21] [I] Average on 1 runs - GPU latency: 6.79883 ms - Host latency: 6.89062 ms (enqueue 4.16797 ms)
[10/04/2026-22:04:21] [I] Average on 1 runs - GPU latency: 6.79688 ms - Host latency: 6.89844 ms (enqueue 4.16211 ms)
[10/04/2026-22:04:21] [I] Average on 1 runs - GPU latency: 6.78906 ms - Host latency: 6.88477 ms (enqueue 4.22461 ms)
[10/04/2026-22:04:21] [I] Average on 1 runs - GPU latency: 6.78711 ms - Host latency: 6.88867 ms (enqueue 4.25 ms)
[10/04/2026-22:04:21] [I] Average on 1 runs - GPU latency: 6.80273 ms - Host latency: 6.90234 ms (enqueue 4.1875 ms)
[10/04/2026-22:04:21] [I] Average on 1 runs - GPU latency: 6.79688 ms - Host latency: 6.89648 ms (enqueue 4.25781 ms)
[10/04/2026-22:04:21] [I] Average on 1 runs - GPU latency: 6.7793 ms - Host latency: 6.875 ms (enqueue 4.19141 ms)
[10/04/2026-22:04:21] [I] 
[10/04/2026-22:04:21] [I] === Performance summary ===
[10/04/2026-22:04:21] [I] Throughput: 147.108 qps
[10/04/2026-22:04:21] [I] Latency: min = 6.86768 ms, max = 6.98022 ms, mean = 6.88913 ms, median = 6.88818 ms, percentile(90%) = 6.89941 ms, percentile(95%) = 6.9043 ms, percentile(99%) = 6.91602 ms
[10/04/2026-22:04:21] [I] Enqueue Time: min = 2.06152 ms, max = 4.59473 ms, mean = 4.17205 ms, median = 4.19238 ms, percentile(90%) = 4.24561 ms, percentile(95%) = 4.25879 ms, percentile(99%) = 4.29395 ms
[10/04/2026-22:04:21] [I] H2D Latency: min = 0.0800781 ms, max = 0.168701 ms, mean = 0.0906101 ms, median = 0.0898438 ms, percentile(90%) = 0.0942383 ms, percentile(95%) = 0.0976562 ms, percentile(99%) = 0.108398 ms
[10/04/2026-22:04:21] [I] GPU Compute Time: min = 6.77295 ms, max = 6.83716 ms, mean = 6.79189 ms, median = 6.79102 ms, percentile(90%) = 6.7998 ms, percentile(95%) = 6.80371 ms, percentile(99%) = 6.81445 ms
[10/04/2026-22:04:21] [I] D2H Latency: min = 0.00390625 ms, max = 0.0107422 ms, mean = 0.00663391 ms, median = 0.00585938 ms, percentile(90%) = 0.00878906 ms, percentile(95%) = 0.00878906 ms, percentile(99%) = 0.00976562 ms
[10/04/2026-22:04:21] [I] Total Host Walltime: 15.0162 s
[10/04/2026-22:04:21] [I] Total GPU Compute Time: 15.0033 s
[10/04/2026-22:04:21] [I] Explanations of the performance metrics are printed in the verbose logs.
[10/04/2026-22:04:21] [I] 
&&&& PASSED TensorRT.trtexec [TensorRT v100300] # /usr/src/tensorrt/bin/trtexec --loadEngine=/tmp/engines/y26s_640_uint8_opt3.engine --warmUp=3000 --duration=15 --idleTime=1 --avgRuns=1
