&&&& RUNNING TensorRT.trtexec [TensorRT v100300] # /usr/src/tensorrt/bin/trtexec --loadEngine=/tmp/engines/y26s_640_uint8_opt3.engine --warmUp=3000 --duration=15 --idleTime=1 --avgRuns=1
[10/04/2026-22:15:06] [I] === Model Options ===
[10/04/2026-22:15:06] [I] Format: *
[10/04/2026-22:15:06] [I] Model: 
[10/04/2026-22:15:06] [I] Output:
[10/04/2026-22:15:06] [I] 
[10/04/2026-22:15:06] [I] === System Options ===
[10/04/2026-22:15:06] [I] Device: 0
[10/04/2026-22:15:06] [I] DLACore: 
[10/04/2026-22:15:06] [I] Plugins:
[10/04/2026-22:15:06] [I] setPluginsToSerialize:
[10/04/2026-22:15:06] [I] dynamicPlugins:
[10/04/2026-22:15:06] [I] ignoreParsedPluginLibs: 0
[10/04/2026-22:15:06] [I] 
[10/04/2026-22:15:06] [I] === Inference Options ===
[10/04/2026-22:15:06] [I] Batch: Explicit
[10/04/2026-22:15:06] [I] Input inference shapes: model
[10/04/2026-22:15:06] [I] Iterations: 10
[10/04/2026-22:15:06] [I] Duration: 15s (+ 3000ms warm up)
[10/04/2026-22:15:06] [I] Sleep time: 0ms
[10/04/2026-22:15:06] [I] Idle time: 1ms
[10/04/2026-22:15:06] [I] Inference Streams: 1
[10/04/2026-22:15:06] [I] ExposeDMA: Disabled
[10/04/2026-22:15:06] [I] Data transfers: Enabled
[10/04/2026-22:15:06] [I] Spin-wait: Disabled
[10/04/2026-22:15:06] [I] Multithreading: Disabled
[10/04/2026-22:15:06] [I] CUDA Graph: Disabled
[10/04/2026-22:15:06] [I] Separate profiling: Disabled
[10/04/2026-22:15:06] [I] Time Deserialize: Disabled
[10/04/2026-22:15:06] [I] Time Refit: Disabled
[10/04/2026-22:15:06] [I] NVTX verbosity: 0
[10/04/2026-22:15:06] [I] Persistent Cache Ratio: 0
[10/04/2026-22:15:06] [I] Optimization Profile Index: 0
[10/04/2026-22:15:06] [I] Weight Streaming Budget: 100.000000%
[10/04/2026-22:15:06] [I] Inputs:
[10/04/2026-22:15:06] [I] Debug Tensor Save Destinations:
[10/04/2026-22:15:06] [I] === Reporting Options ===
[10/04/2026-22:15:06] [I] Verbose: Disabled
[10/04/2026-22:15:06] [I] Averages: 1 inferences
[10/04/2026-22:15:06] [I] Percentiles: 90,95,99
[10/04/2026-22:15:06] [I] Dump refittable layers:Disabled
[10/04/2026-22:15:06] [I] Dump output: Disabled
[10/04/2026-22:15:06] [I] Profile: Disabled
[10/04/2026-22:15:06] [I] Export timing to JSON file: 
[10/04/2026-22:15:06] [I] Export output to JSON file: 
[10/04/2026-22:15:06] [I] Export profile to JSON file: 
[10/04/2026-22:15:06] [I] 
[10/04/2026-22:15:06] [I] === Device Information ===
[10/04/2026-22:15:06] [I] Available Devices: 
[10/04/2026-22:15:06] [I]   Device 0: "Orin" UUID: GPU-6e16c2c1-e394-5324-8f2e-63a975968f4e
[10/04/2026-22:15:06] [I] Selected Device: Orin
[10/04/2026-22:15:06] [I] Selected Device ID: 0
[10/04/2026-22:15:06] [I] Selected Device UUID: GPU-6e16c2c1-e394-5324-8f2e-63a975968f4e
[10/04/2026-22:15:06] [I] Compute Capability: 8.7
[10/04/2026-22:15:06] [I] SMs: 8
[10/04/2026-22:15:06] [I] Device Global Memory: 7607 MiB
[10/04/2026-22:15:06] [I] Shared Memory per SM: 164 KiB
[10/04/2026-22:15:06] [I] Memory Bus Width: 128 bits (ECC disabled)
[10/04/2026-22:15:06] [I] Application Compute Clock Rate: 1.02 GHz
[10/04/2026-22:15:06] [I] Application Memory Clock Rate: 1.02 GHz
[10/04/2026-22:15:06] [I] 
[10/04/2026-22:15:06] [I] Note: The application clock rates do not reflect the actual clock rates that the GPU is currently running at.
[10/04/2026-22:15:06] [I] 
[10/04/2026-22:15:06] [I] TensorRT version: 10.3.0
[10/04/2026-22:15:06] [I] Loading standard plugins
[10/04/2026-22:15:06] [I] [TRT] Loaded engine size: 21 MiB
[10/04/2026-22:15:06] [I] Engine deserialized in 0.0758991 sec.
[10/04/2026-22:15:06] [I] [TRT] [MemUsageChange] TensorRT-managed allocation in IExecutionContext creation: CPU +0, GPU +18, now: CPU 0, GPU 36 (MiB)
[10/04/2026-22:15:06] [I] Setting persistentCacheLimit to 0 bytes.
[10/04/2026-22:15:06] [I] Created execution context with device memory size: 18.1641 MiB
[10/04/2026-22:15:06] [I] Using random values for input images
[10/04/2026-22:15:06] [I] Input binding for images with dimensions 1x640x640x3 is created.
[10/04/2026-22:15:06] [I] Output binding for output0 with dimensions 1x300x6 is created.
[10/04/2026-22:15:06] [I] Starting inference
[10/04/2026-22:15:24] [I] Warmup completed 435 queries over 3000 ms
[10/04/2026-22:15:24] [I] Timing trace has 2211 queries over 15.0198 s
[10/04/2026-22:15:24] [I] 
[10/04/2026-22:15:24] [I] === Trace details ===
[10/04/2026-22:15:24] [I] Trace averages of 1 runs:
[10/04/2026-22:15:24] [I] Average on 1 runs - GPU latency: 6.81006 ms - Host latency: 6.94385 ms (enqueue 2.03052 ms)
[10/04/2026-22:15:24] [I] Average on 1 runs - GPU latency: 6.80493 ms - Host latency: 6.93994 ms (enqueue 2.10181 ms)
[10/04/2026-22:15:24] [I] Average on 1 runs - GPU latency: 6.78174 ms - Host latency: 6.87524 ms (enqueue 2.08838 ms)
[10/04/2026-22:15:24] [I] Average on 1 runs - GPU latency: 6.79028 ms - Host latency: 6.88086 ms (enqueue 1.99829 ms)
[10/04/2026-22:15:24] [I] Average on 1 runs - GPU latency: 6.79614 ms - Host latency: 6.88672 ms (enqueue 2.00293 ms)
[10/04/2026-22:15:24] [I] Average on 1 runs - GPU latency: 6.79639 ms - Host latency: 6.88525 ms (enqueue 2.04443 ms)
[10/04/2026-22:15:24] [I] Average on 1 runs - GPU latency: 6.78467 ms - Host latency: 6.87305 ms (enqueue 2.0564 ms)
[10/04/2026-22:15:24] [I] Average on 1 runs - GPU latency: 6.78613 ms - Host latency: 6.87793 ms (enqueue 2.0481 ms)
[10/04/2026-22:15:24] [I] Average on 1 runs - GPU latency: 6.78052 ms - Host latency: 6.86792 ms (enqueue 2.07031 ms)
[10/04/2026-22:15:24] [I] Average on 1 runs - GPU latency: 6.79785 ms - Host latency: 6.8855 ms (enqueue 2.05908 ms)
[10/04/2026-22:15:24] [I] Average on 1 runs - GPU latency: 6.7876 ms - Host latency: 6.87207 ms (enqueue 2.02783 ms)
[10/04/2026-22:15:24] [I] Average on 1 runs - GPU latency: 6.77417 ms - Host latency: 6.86523 ms (enqueue 2.03955 ms)
[10/04/2026-22:15:24] [I] Average on 1 runs - GPU latency: 6.77734 ms - Host latency: 6.86597 ms (enqueue 2.08008 ms)
[10/04/2026-22:15:24] [I] Average on 1 runs - GPU latency: 6.79785 ms - Host latency: 6.89014 ms (enqueue 2.03638 ms)
[10/04/2026-22:15:24] [I] Average on 1 runs - GPU latency: 6.78296 ms - Host latency: 6.87231 ms (enqueue 2.03906 ms)
[10/04/2026-22:15:24] [I] Average on 1 runs - GPU latency: 6.79028 ms - Host latency: 6.88013 ms (enqueue 2.08228 ms)
[10/04/2026-22:15:24] [I] Average on 1 runs - GPU latency: 6.79077 ms - Host latency: 6.8772 ms (enqueue 2.05566 ms)
[10/04/2026-22:15:24] [I] Average on 1 runs - GPU latency: 6.78198 ms - Host latency: 6.87256 ms (enqueue 2.03394 ms)
[10/04/2026-22:15:24] [I] Average on 1 runs - GPU latency: 6.7793 ms - Host latency: 6.86816 ms (enqueue 2.09888 ms)
[10/04/2026-22:15:24] [I] Average on 1 runs - GPU latency: 6.79346 ms - Host latency: 6.88208 ms (enqueue 2.104 ms)
[10/04/2026-22:15:24] [I] Average on 1 runs - GPU latency: 6.78638 ms - Host latency: 6.87231 ms (enqueue 2.0271 ms)
[10/04/2026-22:15:24] [I] Average on 1 runs - GPU latency: 6.78076 ms - Host latency: 6.87158 ms (enqueue 2.05664 ms)
[10/04/2026-22:15:24] [I] Average on 1 runs - GPU latency: 6.79053 ms - Host latency: 6.87866 ms (enqueue 2.05981 ms)
[10/04/2026-22:15:24] [I] Average on 1 runs - GPU latency: 6.78906 ms - Host latency: 6.87891 ms (enqueue 2.03369 ms)
[10/04/2026-22:15:24] [I] Average on 1 runs - GPU latency: 6.79272 ms - Host latency: 6.8833 ms (enqueue 2.03076 ms)
[10/04/2026-22:15:24] [I] Average on 1 runs - GPU latency: 6.79272 ms - Host latency: 6.88184 ms (enqueue 2.05493 ms)
[10/04/2026-22:15:24] [I] Average on 1 runs - GPU latency: 6.7832 ms - Host latency: 6.87061 ms (enqueue 2.02612 ms)
[10/04/2026-22:15:24] [I] Average on 1 runs - GPU latency: 6.78906 ms - Host latency: 6.88354 ms (enqueue 2.01855 ms)
[10/04/2026-22:15:24] [I] Average on 1 runs - GPU latency: 6.79126 ms - Host latency: 6.88354 ms (enqueue 2.07593 ms)
[10/04/2026-22:15:24] [I] Average on 1 runs - GPU latency: 6.78564 ms - Host latency: 6.88696 ms (enqueue 2.0896 ms)
[10/04/2026-22:15:24] [I] Average on 1 runs - GPU latency: 6.79077 ms - Host latency: 6.87891 ms (enqueue 2.03296 ms)
[10/04/2026-22:15:24] [I] Average on 1 runs - GPU latency: 6.78442 ms - Host latency: 6.87354 ms (enqueue 2.07471 ms)
[10/04/2026-22:15:24] [I] Average on 1 runs - GPU latency: 6.79346 ms - Host latency: 6.88647 ms (enqueue 2.07178 ms)
[10/04/2026-22:15:24] [I] Average on 1 runs - GPU latency: 6.77393 ms - Host latency: 6.86011 ms (enqueue 2.01831 ms)
[10/04/2026-22:15:24] [I] Average on 1 runs - GPU latency: 6.7793 ms - Host latency: 6.87061 ms (enqueue 2.03833 ms)
[10/04/2026-22:15:24] [I] Average on 1 runs - GPU latency: 6.79224 ms - Host latency: 6.88525 ms (enqueue 2.10718 ms)
[10/04/2026-22:15:24] [I] Average on 1 runs - GPU latency: 6.79248 ms - Host latency: 6.88135 ms (enqueue 2.03271 ms)
[10/04/2026-22:15:24] [I] Average on 1 runs - GPU latency: 6.78638 ms - Host latency: 6.87476 ms (enqueue 2.02417 ms)
[10/04/2026-22:15:24] [I] Average on 1 runs - GPU latency: 6.78711 ms - Host latency: 6.87524 ms (enqueue 2.07178 ms)
[10/04/2026-22:15:24] [I] Average on 1 runs - GPU latency: 6.78784 ms - Host latency: 6.87939 ms (enqueue 2.09058 ms)
[10/04/2026-22:15:24] [I] Average on 1 runs - GPU latency: 6.77515 ms - Host latency: 6.86597 ms (enqueue 2.03418 ms)
[10/04/2026-22:15:24] [I] Average on 1 runs - GPU latency: 6.79077 ms - Host latency: 6.87744 ms (enqueue 2.07861 ms)
[10/04/2026-22:15:24] [I] Average on 1 runs - GPU latency: 6.78442 ms - Host latency: 6.875 ms (enqueue 2.05859 ms)
[10/04/2026-22:15:24] [I] Average on 1 runs - GPU latency: 6.78906 ms - Host latency: 6.87817 ms (enqueue 2.03149 ms)
[10/04/2026-22:15:24] [I] Average on 1 runs - GPU latency: 6.78442 ms - Host latency: 6.87231 ms (enqueue 2.03369 ms)
[10/04/2026-22:15:24] [I] Average on 1 runs - GPU latency: 6.78125 ms - Host latency: 6.87158 ms (enqueue 2.10498 ms)
[10/04/2026-22:15:24] [I] Average on 1 runs - GPU latency: 6.77344 ms - Host latency: 6.86182 ms (enqueue 2.04272 ms)
[10/04/2026-22:15:24] [I] Average on 1 runs - GPU latency: 6.78491 ms - Host latency: 6.87354 ms (enqueue 2.02759 ms)
[10/04/2026-22:15:24] [I] Average on 1 runs - GPU latency: 6.78491 ms - Host latency: 6.87524 ms (enqueue 2.07275 ms)
[10/04/2026-22:15:24] [I] Average on 1 runs - GPU latency: 6.78125 ms - Host latency: 6.87402 ms (enqueue 2.09277 ms)
[10/04/2026-22:15:24] [I] Average on 1 runs - GPU latency: 6.78638 ms - Host latency: 6.87402 ms (enqueue 2.0376 ms)
[10/04/2026-22:15:24] [I] Average on 1 runs - GPU latency: 6.78564 ms - Host latency: 6.87451 ms (enqueue 2.05835 ms)
[10/04/2026-22:15:24] [I] Average on 1 runs - GPU latency: 6.78198 ms - Host latency: 6.8689 ms (enqueue 2.08423 ms)
[10/04/2026-22:15:24] [I] Average on 1 runs - GPU latency: 6.77905 ms - Host latency: 6.86523 ms (enqueue 2.02588 ms)
[10/04/2026-22:15:24] [I] Average on 1 runs - GPU latency: 6.79077 ms - Host latency: 6.88257 ms (enqueue 2.06128 ms)
[10/04/2026-22:15:24] [I] Average on 1 runs - GPU latency: 6.77832 ms - Host latency: 6.87036 ms (enqueue 2.07251 ms)
[10/04/2026-22:15:24] [I] Average on 1 runs - GPU latency: 6.78711 ms - Host latency: 6.87524 ms (enqueue 2.03735 ms)
[10/04/2026-22:15:24] [I] Average on 1 runs - GPU latency: 6.7876 ms - Host latency: 6.87817 ms (enqueue 2.03638 ms)
[10/04/2026-22:15:24] [I] Average on 1 runs - GPU latency: 6.78687 ms - Host latency: 6.87402 ms (enqueue 2.09082 ms)
[10/04/2026-22:15:24] [I] Average on 1 runs - GPU latency: 6.78931 ms - Host latency: 6.875 ms (enqueue 2.03345 ms)
[10/04/2026-22:15:24] [I] Average on 1 runs - GPU latency: 6.7915 ms - Host latency: 6.88794 ms (enqueue 2.03174 ms)
[10/04/2026-22:15:24] [I] Average on 1 runs - GPU latency: 6.78467 ms - Host latency: 6.87378 ms (enqueue 2.02759 ms)
[10/04/2026-22:15:24] [I] Average on 1 runs - GPU latency: 6.77881 ms - Host latency: 6.86646 ms (enqueue 2.06616 ms)
[10/04/2026-22:15:24] [I] Average on 1 runs - GPU latency: 6.77734 ms - Host latency: 6.86938 ms (enqueue 2.01172 ms)
[10/04/2026-22:15:24] [I] Average on 1 runs - GPU latency: 6.79248 ms - Host latency: 6.8772 ms (enqueue 2.06396 ms)
[10/04/2026-22:15:24] [I] Average on 1 runs - GPU latency: 6.80396 ms - Host latency: 6.88867 ms (enqueue 2.04468 ms)
[10/04/2026-22:15:24] [I] Average on 1 runs - GPU latency: 6.80151 ms - Host latency: 6.88892 ms (enqueue 2.03247 ms)
[10/04/2026-22:15:24] [I] Average on 1 runs - GPU latency: 6.79419 ms - Host latency: 6.8894 ms (enqueue 2.02759 ms)
[10/04/2026-22:15:24] [I] Average on 1 runs - GPU latency: 6.78931 ms - Host latency: 6.87476 ms (enqueue 2.08228 ms)
[10/04/2026-22:15:24] [I] Average on 1 runs - GPU latency: 6.79736 ms - Host latency: 6.88989 ms (enqueue 2.02246 ms)
[10/04/2026-22:15:24] [I] Average on 1 runs - GPU latency: 6.79492 ms - Host latency: 6.8999 ms (enqueue 2.02686 ms)
[10/04/2026-22:15:24] [I] Average on 1 runs - GPU latency: 6.79443 ms - Host latency: 6.88403 ms (enqueue 2.07764 ms)
[10/04/2026-22:15:24] [I] Average on 1 runs - GPU latency: 6.7832 ms - Host latency: 6.86938 ms (enqueue 2.0603 ms)
[10/04/2026-22:15:24] [I] Average on 1 runs - GPU latency: 6.7832 ms - Host latency: 6.87573 ms (enqueue 2.03955 ms)
[10/04/2026-22:15:24] [I] Average on 1 runs - GPU latency: 6.77856 ms - Host latency: 6.86914 ms (enqueue 2.09229 ms)
[10/04/2026-22:15:24] [I] Average on 1 runs - GPU latency: 6.78516 ms - Host latency: 6.87256 ms (enqueue 2.0498 ms)
[10/04/2026-22:15:24] [I] Average on 1 runs - GPU latency: 6.78418 ms - Host latency: 6.87817 ms (enqueue 2.02417 ms)
[10/04/2026-22:15:24] [I] Average on 1 runs - GPU latency: 6.78784 ms - Host latency: 6.88354 ms (enqueue 2.04614 ms)
[10/04/2026-22:15:24] [I] Average on 1 runs - GPU latency: 6.78418 ms - Host latency: 6.86914 ms (enqueue 2.06909 ms)
[10/04/2026-22:15:24] [I] Average on 1 runs - GPU latency: 6.77734 ms - Host latency: 6.86841 ms (enqueue 2.04443 ms)
[10/04/2026-22:15:24] [I] Average on 1 runs - GPU latency: 6.78857 ms - Host latency: 6.87598 ms (enqueue 2.02222 ms)
[10/04/2026-22:15:24] [I] Average on 1 runs - GPU latency: 6.78687 ms - Host latency: 6.87573 ms (enqueue 2.10254 ms)
[10/04/2026-22:15:24] [I] Average on 1 runs - GPU latency: 6.78784 ms - Host latency: 6.87451 ms (enqueue 2.06885 ms)
[10/04/2026-22:15:24] [I] Average on 1 runs - GPU latency: 6.79028 ms - Host latency: 6.87891 ms (enqueue 2.02734 ms)
[10/04/2026-22:15:24] [I] Average on 1 runs - GPU latency: 6.78198 ms - Host latency: 6.87354 ms (enqueue 2.08887 ms)
[10/04/2026-22:15:24] [I] Average on 1 runs - GPU latency: 6.78809 ms - Host latency: 6.87695 ms (enqueue 2.10083 ms)
[10/04/2026-22:15:24] [I] Average on 1 runs - GPU latency: 6.77319 ms - Host latency: 6.86108 ms (enqueue 2.03516 ms)
[10/04/2026-22:15:24] [I] Average on 1 runs - GPU latency: 6.79028 ms - Host latency: 6.88818 ms (enqueue 2.03394 ms)
[10/04/2026-22:15:24] [I] Average on 1 runs - GPU latency: 6.78174 ms - Host latency: 6.86938 ms (enqueue 2.0835 ms)
[10/04/2026-22:15:24] [I] Average on 1 runs - GPU latency: 6.78784 ms - Host latency: 6.87744 ms (enqueue 2.04272 ms)
[10/04/2026-22:15:24] [I] Average on 1 runs - GPU latency: 6.79199 ms - Host latency: 6.87964 ms (enqueue 2.03589 ms)
[10/04/2026-22:15:24] [I] Average on 1 runs - GPU latency: 6.79321 ms - Host latency: 6.88086 ms (enqueue 2.08203 ms)
[10/04/2026-22:15:24] [I] Average on 1 runs - GPU latency: 6.79346 ms - Host latency: 6.88477 ms (enqueue 2.06567 ms)
[10/04/2026-22:15:24] [I] Average on 1 runs - GPU latency: 6.79663 ms - Host latency: 6.88818 ms (enqueue 2.04248 ms)
[10/04/2026-22:15:24] [I] Average on 1 runs - GPU latency: 6.79248 ms - Host latency: 6.87939 ms (enqueue 2.06299 ms)
[10/04/2026-22:15:24] [I] Average on 1 runs - GPU latency: 6.78027 ms - Host latency: 6.86914 ms (enqueue 2.073 ms)
[10/04/2026-22:15:24] [I] Average on 1 runs - GPU latency: 6.78955 ms - Host latency: 6.88306 ms (enqueue 2.02783 ms)
[10/04/2026-22:15:24] [I] Average on 1 runs - GPU latency: 6.78735 ms - Host latency: 6.87549 ms (enqueue 2.03711 ms)
[10/04/2026-22:15:24] [I] Average on 1 runs - GPU latency: 6.7832 ms - Host latency: 6.86865 ms (enqueue 2.06323 ms)
[10/04/2026-22:15:24] [I] Average on 1 runs - GPU latency: 6.79126 ms - Host latency: 6.88062 ms (enqueue 2.02881 ms)
[10/04/2026-22:15:24] [I] Average on 1 runs - GPU latency: 6.78735 ms - Host latency: 6.87769 ms (enqueue 2.03809 ms)
[10/04/2026-22:15:24] [I] Average on 1 runs - GPU latency: 6.78467 ms - Host latency: 6.87231 ms (enqueue 2.08984 ms)
[10/04/2026-22:15:24] [I] Average on 1 runs - GPU latency: 6.79004 ms - Host latency: 6.88037 ms (enqueue 2.02271 ms)
[10/04/2026-22:15:24] [I] Average on 1 runs - GPU latency: 6.78101 ms - Host latency: 6.87085 ms (enqueue 2.02563 ms)
[10/04/2026-22:15:24] [I] Average on 1 runs - GPU latency: 6.78711 ms - Host latency: 6.88525 ms (enqueue 2.06909 ms)
[10/04/2026-22:15:24] [I] Average on 1 runs - GPU latency: 6.79053 ms - Host latency: 6.8772 ms (enqueue 2.07568 ms)
[10/04/2026-22:15:24] [I] Average on 1 runs - GPU latency: 6.78882 ms - Host latency: 6.875 ms (enqueue 2.04077 ms)
[10/04/2026-22:15:24] [I] Average on 1 runs - GPU latency: 6.79053 ms - Host latency: 6.87915 ms (enqueue 2.07568 ms)
[10/04/2026-22:15:24] [I] Average on 1 runs - GPU latency: 6.78735 ms - Host latency: 6.87891 ms (enqueue 2.06079 ms)
[10/04/2026-22:15:24] [I] Average on 1 runs - GPU latency: 6.78442 ms - Host latency: 6.87476 ms (enqueue 2.03296 ms)
[10/04/2026-22:15:24] [I] Average on 1 runs - GPU latency: 6.78125 ms - Host latency: 6.87061 ms (enqueue 2.03442 ms)
[10/04/2026-22:15:24] [I] Average on 1 runs - GPU latency: 6.7876 ms - Host latency: 6.88525 ms (enqueue 2.08398 ms)
[10/04/2026-22:15:24] [I] Average on 1 runs - GPU latency: 6.79712 ms - Host latency: 6.88721 ms (enqueue 2.02393 ms)
[10/04/2026-22:15:24] [I] Average on 1 runs - GPU latency: 6.77979 ms - Host latency: 6.87061 ms (enqueue 2.02734 ms)
[10/04/2026-22:15:24] [I] Average on 1 runs - GPU latency: 6.78833 ms - Host latency: 6.87573 ms (enqueue 2.05078 ms)
[10/04/2026-22:15:24] [I] Average on 1 runs - GPU latency: 6.78613 ms - Host latency: 6.87671 ms (enqueue 2.0603 ms)
[10/04/2026-22:15:24] [I] Average on 1 runs - GPU latency: 6.78516 ms - Host latency: 6.87134 ms (enqueue 2.0249 ms)
[10/04/2026-22:15:24] [I] Average on 1 runs - GPU latency: 6.78589 ms - Host latency: 6.87793 ms (enqueue 2.08911 ms)
[10/04/2026-22:15:24] [I] Average on 1 runs - GPU latency: 6.77539 ms - Host latency: 6.86523 ms (enqueue 2.06543 ms)
[10/04/2026-22:15:24] [I] Average on 1 runs - GPU latency: 6.79492 ms - Host latency: 6.88501 ms (enqueue 2.00195 ms)
[10/04/2026-22:15:24] [I] Average on 1 runs - GPU latency: 6.77637 ms - Host latency: 6.86914 ms (enqueue 1.98511 ms)
[10/04/2026-22:15:24] [I] Average on 1 runs - GPU latency: 6.78149 ms - Host latency: 6.87061 ms (enqueue 2.05688 ms)
[10/04/2026-22:15:24] [I] Average on 1 runs - GPU latency: 6.78345 ms - Host latency: 6.87329 ms (enqueue 2.00708 ms)
[10/04/2026-22:15:24] [I] Average on 1 runs - GPU latency: 6.78467 ms - Host latency: 6.87695 ms (enqueue 1.99927 ms)
[10/04/2026-22:15:24] [I] Average on 1 runs - GPU latency: 6.78687 ms - Host latency: 6.87427 ms (enqueue 2.05029 ms)
[10/04/2026-22:15:24] [I] Average on 1 runs - GPU latency: 6.79248 ms - Host latency: 6.87939 ms (enqueue 2.06665 ms)
[10/04/2026-22:15:24] [I] Average on 1 runs - GPU latency: 6.78906 ms - Host latency: 6.88037 ms (enqueue 2.01831 ms)
[10/04/2026-22:15:24] [I] Average on 1 runs - GPU latency: 6.80225 ms - Host latency: 6.88721 ms (enqueue 2.03052 ms)
[10/04/2026-22:15:24] [I] Average on 1 runs - GPU latency: 6.80859 ms - Host latency: 6.90112 ms (enqueue 2.06177 ms)
[10/04/2026-22:15:24] [I] Average on 1 runs - GPU latency: 6.7876 ms - Host latency: 6.88525 ms (enqueue 2.0188 ms)
[10/04/2026-22:15:24] [I] Average on 1 runs - GPU latency: 6.78784 ms - Host latency: 6.88135 ms (enqueue 2.02954 ms)
[10/04/2026-22:15:24] [I] Average on 1 runs - GPU latency: 6.77539 ms - Host latency: 6.86743 ms (enqueue 2.07788 ms)
[10/04/2026-22:15:24] [I] Average on 1 runs - GPU latency: 6.78931 ms - Host latency: 6.87671 ms (enqueue 2.01831 ms)
[10/04/2026-22:15:24] [I] Average on 1 runs - GPU latency: 6.78223 ms - Host latency: 6.86938 ms (enqueue 2.02344 ms)
[10/04/2026-22:15:24] [I] Average on 1 runs - GPU latency: 6.7876 ms - Host latency: 6.87695 ms (enqueue 2.06104 ms)
[10/04/2026-22:15:24] [I] Average on 1 runs - GPU latency: 6.78418 ms - Host latency: 6.87158 ms (enqueue 2.04346 ms)
[10/04/2026-22:15:24] [I] Average on 1 runs - GPU latency: 6.7915 ms - Host latency: 6.88306 ms (enqueue 2.01929 ms)
[10/04/2026-22:15:24] [I] Average on 1 runs - GPU latency: 6.79395 ms - Host latency: 6.8855 ms (enqueue 2.09961 ms)
[10/04/2026-22:15:24] [I] Average on 1 runs - GPU latency: 6.7749 ms - Host latency: 6.86157 ms (enqueue 2.07739 ms)
[10/04/2026-22:15:24] [I] Average on 1 runs - GPU latency: 6.79541 ms - Host latency: 6.88916 ms (enqueue 2.02588 ms)
[10/04/2026-22:15:24] [I] Average on 1 runs - GPU latency: 6.79761 ms - Host latency: 6.88843 ms (enqueue 2.06348 ms)
[10/04/2026-22:15:24] [I] Average on 1 runs - GPU latency: 6.78784 ms - Host latency: 6.87744 ms (enqueue 2.08447 ms)
[10/04/2026-22:15:24] [I] Average on 1 runs - GPU latency: 6.7832 ms - Host latency: 6.87012 ms (enqueue 2.02979 ms)
[10/04/2026-22:15:24] [I] Average on 1 runs - GPU latency: 6.7854 ms - Host latency: 6.87476 ms (enqueue 2.0293 ms)
[10/04/2026-22:15:24] [I] Average on 1 runs - GPU latency: 6.79199 ms - Host latency: 6.8811 ms (enqueue 2.05615 ms)
[10/04/2026-22:15:24] [I] Average on 1 runs - GPU latency: 6.79004 ms - Host latency: 6.88037 ms (enqueue 2.02515 ms)
[10/04/2026-22:15:24] [I] Average on 1 runs - GPU latency: 6.81982 ms - Host latency: 6.90796 ms (enqueue 2.02368 ms)
[10/04/2026-22:15:24] [I] Average on 1 runs - GPU latency: 6.79614 ms - Host latency: 6.89478 ms (enqueue 2.07104 ms)
[10/04/2026-22:15:24] [I] Average on 1 runs - GPU latency: 6.79858 ms - Host latency: 6.88989 ms (enqueue 2.05664 ms)
[10/04/2026-22:15:24] [I] Average on 1 runs - GPU latency: 6.80859 ms - Host latency: 6.89917 ms (enqueue 2.02905 ms)
[10/04/2026-22:15:24] [I] Average on 1 runs - GPU latency: 6.79517 ms - Host latency: 6.8855 ms (enqueue 2.06519 ms)
[10/04/2026-22:15:24] [I] Average on 1 runs - GPU latency: 6.79468 ms - Host latency: 6.88354 ms (enqueue 2.07959 ms)
[10/04/2026-22:15:24] [I] Average on 1 runs - GPU latency: 6.78442 ms - Host latency: 6.88306 ms (enqueue 2.02368 ms)
[10/04/2026-22:15:24] [I] Average on 1 runs - GPU latency: 6.7832 ms - Host latency: 6.87451 ms (enqueue 2.03003 ms)
[10/04/2026-22:15:24] [I] Average on 1 runs - GPU latency: 6.78271 ms - Host latency: 6.86914 ms (enqueue 2.06128 ms)
[10/04/2026-22:15:24] [I] Average on 1 runs - GPU latency: 6.7959 ms - Host latency: 6.88745 ms (enqueue 2.01587 ms)
[10/04/2026-22:15:24] [I] Average on 1 runs - GPU latency: 6.78369 ms - Host latency: 6.86865 ms (enqueue 2.02051 ms)
[10/04/2026-22:15:24] [I] Average on 1 runs - GPU latency: 6.78613 ms - Host latency: 6.87207 ms (enqueue 2.07349 ms)
[10/04/2026-22:15:24] [I] Average on 1 runs - GPU latency: 6.78955 ms - Host latency: 6.87524 ms (enqueue 2.06201 ms)
[10/04/2026-22:15:24] [I] Average on 1 runs - GPU latency: 6.78052 ms - Host latency: 6.86914 ms (enqueue 2.02954 ms)
[10/04/2026-22:15:24] [I] Average on 1 runs - GPU latency: 6.78003 ms - Host latency: 6.86816 ms (enqueue 2.08667 ms)
[10/04/2026-22:15:24] [I] Average on 1 runs - GPU latency: 6.7793 ms - Host latency: 6.86694 ms (enqueue 2.06299 ms)
[10/04/2026-22:15:24] [I] Average on 1 runs - GPU latency: 6.78857 ms - Host latency: 6.87939 ms (enqueue 2.02734 ms)
[10/04/2026-22:15:24] [I] Average on 1 runs - GPU latency: 6.78516 ms - Host latency: 6.87158 ms (enqueue 2.01221 ms)
[10/04/2026-22:15:24] [I] Average on 1 runs - GPU latency: 6.78369 ms - Host latency: 6.87207 ms (enqueue 2.08057 ms)
[10/04/2026-22:15:24] [I] Average on 1 runs - GPU latency: 6.79248 ms - Host latency: 6.88232 ms (enqueue 2.02881 ms)
[10/04/2026-22:15:24] [I] Average on 1 runs - GPU latency: 6.79053 ms - Host latency: 6.87842 ms (enqueue 2.03027 ms)
[10/04/2026-22:15:24] [I] Average on 1 runs - GPU latency: 6.7793 ms - Host latency: 6.86719 ms (enqueue 2.07129 ms)
[10/04/2026-22:15:24] [I] Average on 1 runs - GPU latency: 6.78076 ms - Host latency: 6.86963 ms (enqueue 2.06934 ms)
[10/04/2026-22:15:24] [I] Average on 1 runs - GPU latency: 6.78857 ms - Host latency: 6.88086 ms (enqueue 2.04199 ms)
[10/04/2026-22:15:24] [I] Average on 1 runs - GPU latency: 6.78564 ms - Host latency: 6.87549 ms (enqueue 2.03662 ms)
[10/04/2026-22:15:24] [I] Average on 1 runs - GPU latency: 6.78564 ms - Host latency: 6.87451 ms (enqueue 2.04785 ms)
[10/04/2026-22:15:24] [I] Average on 1 runs - GPU latency: 6.7915 ms - Host latency: 6.88135 ms (enqueue 2.00781 ms)
[10/04/2026-22:15:24] [I] Average on 1 runs - GPU latency: 6.78711 ms - Host latency: 6.87988 ms (enqueue 2.00244 ms)
[10/04/2026-22:15:24] [I] Average on 1 runs - GPU latency: 6.78174 ms - Host latency: 6.87256 ms (enqueue 2.05518 ms)
[10/04/2026-22:15:24] [I] Average on 1 runs - GPU latency: 6.78662 ms - Host latency: 6.87744 ms (enqueue 2.03955 ms)
[10/04/2026-22:15:24] [I] Average on 1 runs - GPU latency: 6.78711 ms - Host latency: 6.87695 ms (enqueue 2.02344 ms)
[10/04/2026-22:15:24] [I] Average on 1 runs - GPU latency: 6.79932 ms - Host latency: 6.89258 ms (enqueue 2.06689 ms)
[10/04/2026-22:15:24] [I] Average on 1 runs - GPU latency: 6.77881 ms - Host latency: 6.86816 ms (enqueue 2.08057 ms)
[10/04/2026-22:15:24] [I] Average on 1 runs - GPU latency: 6.78662 ms - Host latency: 6.87793 ms (enqueue 2.02637 ms)
[10/04/2026-22:15:24] [I] Average on 1 runs - GPU latency: 6.78076 ms - Host latency: 6.87207 ms (enqueue 2.0625 ms)
[10/04/2026-22:15:24] [I] Average on 1 runs - GPU latency: 6.79199 ms - Host latency: 6.88184 ms (enqueue 2.06055 ms)
[10/04/2026-22:15:24] [I] Average on 1 runs - GPU latency: 6.78271 ms - Host latency: 6.87305 ms (enqueue 2.0127 ms)
[10/04/2026-22:15:24] [I] Average on 1 runs - GPU latency: 6.7832 ms - Host latency: 6.90039 ms (enqueue 2.03125 ms)
[10/04/2026-22:15:24] [I] Average on 1 runs - GPU latency: 6.78027 ms - Host latency: 6.87256 ms (enqueue 2.08887 ms)
[10/04/2026-22:15:24] [I] Average on 1 runs - GPU latency: 6.79248 ms - Host latency: 6.88672 ms (enqueue 2.02148 ms)
[10/04/2026-22:15:24] [I] Average on 1 runs - GPU latency: 6.7876 ms - Host latency: 6.87402 ms (enqueue 2.02295 ms)
[10/04/2026-22:15:24] [I] Average on 1 runs - GPU latency: 6.78564 ms - Host latency: 6.87598 ms (enqueue 2.07959 ms)
[10/04/2026-22:15:24] [I] Average on 1 runs - GPU latency: 6.78271 ms - Host latency: 6.87305 ms (enqueue 2.02197 ms)
[10/04/2026-22:15:24] [I] Average on 1 runs - GPU latency: 6.79053 ms - Host latency: 6.87646 ms (enqueue 2.01709 ms)
[10/04/2026-22:15:24] [I] Average on 1 runs - GPU latency: 6.77832 ms - Host latency: 6.86768 ms (enqueue 2.06982 ms)
[10/04/2026-22:15:24] [I] Average on 1 runs - GPU latency: 6.7876 ms - Host latency: 6.87549 ms (enqueue 2.06299 ms)
[10/04/2026-22:15:24] [I] Average on 1 runs - GPU latency: 6.77783 ms - Host latency: 6.86816 ms (enqueue 2.03027 ms)
[10/04/2026-22:15:24] [I] Average on 1 runs - GPU latency: 6.79443 ms - Host latency: 6.89062 ms (enqueue 2.06201 ms)
[10/04/2026-22:15:24] [I] Average on 1 runs - GPU latency: 6.78271 ms - Host latency: 6.87354 ms (enqueue 2.05762 ms)
[10/04/2026-22:15:24] [I] Average on 1 runs - GPU latency: 6.78027 ms - Host latency: 6.86719 ms (enqueue 2.02686 ms)
[10/04/2026-22:15:24] [I] Average on 1 runs - GPU latency: 6.78418 ms - Host latency: 6.87256 ms (enqueue 2.03174 ms)
[10/04/2026-22:15:24] [I] Average on 1 runs - GPU latency: 6.78369 ms - Host latency: 6.86963 ms (enqueue 2.0625 ms)
[10/04/2026-22:15:24] [I] Average on 1 runs - GPU latency: 6.78857 ms - Host latency: 6.87549 ms (enqueue 2.03174 ms)
[10/04/2026-22:15:24] [I] Average on 1 runs - GPU latency: 6.78369 ms - Host latency: 6.87109 ms (enqueue 2.02783 ms)
[10/04/2026-22:15:24] [I] ... Omitting 1811 lines
[10/04/2026-22:15:24] [I] Average on 1 runs - GPU latency: 6.78906 ms - Host latency: 6.87891 ms (enqueue 2.0293 ms)
[10/04/2026-22:15:24] [I] Average on 1 runs - GPU latency: 6.7832 ms - Host latency: 6.87305 ms (enqueue 2.04102 ms)
[10/04/2026-22:15:24] [I] Average on 1 runs - GPU latency: 6.78711 ms - Host latency: 6.87695 ms (enqueue 2.08984 ms)
[10/04/2026-22:15:24] [I] Average on 1 runs - GPU latency: 6.79492 ms - Host latency: 6.89453 ms (enqueue 2.05078 ms)
[10/04/2026-22:15:24] [I] Average on 1 runs - GPU latency: 6.78711 ms - Host latency: 6.87891 ms (enqueue 2.02539 ms)
[10/04/2026-22:15:24] [I] Average on 1 runs - GPU latency: 6.77539 ms - Host latency: 6.86523 ms (enqueue 2.07617 ms)
[10/04/2026-22:15:24] [I] Average on 1 runs - GPU latency: 6.79492 ms - Host latency: 6.88672 ms (enqueue 2.05273 ms)
[10/04/2026-22:15:24] [I] Average on 1 runs - GPU latency: 6.79297 ms - Host latency: 6.88281 ms (enqueue 2.04297 ms)
[10/04/2026-22:15:24] [I] Average on 1 runs - GPU latency: 6.78516 ms - Host latency: 6.87305 ms (enqueue 2.03711 ms)
[10/04/2026-22:15:24] [I] Average on 1 runs - GPU latency: 6.78516 ms - Host latency: 6.875 ms (enqueue 2.09375 ms)
[10/04/2026-22:15:24] [I] Average on 1 runs - GPU latency: 6.7793 ms - Host latency: 6.87305 ms (enqueue 2.03906 ms)
[10/04/2026-22:15:24] [I] Average on 1 runs - GPU latency: 6.78906 ms - Host latency: 6.88086 ms (enqueue 2.01953 ms)
[10/04/2026-22:15:24] [I] Average on 1 runs - GPU latency: 6.7793 ms - Host latency: 6.86523 ms (enqueue 2.0918 ms)
[10/04/2026-22:15:24] [I] Average on 1 runs - GPU latency: 6.78711 ms - Host latency: 6.88086 ms (enqueue 2.08203 ms)
[10/04/2026-22:15:24] [I] Average on 1 runs - GPU latency: 6.7793 ms - Host latency: 6.86914 ms (enqueue 2.04102 ms)
[10/04/2026-22:15:24] [I] Average on 1 runs - GPU latency: 6.78516 ms - Host latency: 6.87695 ms (enqueue 2.07812 ms)
[10/04/2026-22:15:24] [I] Average on 1 runs - GPU latency: 6.79883 ms - Host latency: 6.89062 ms (enqueue 2.06055 ms)
[10/04/2026-22:15:24] [I] Average on 1 runs - GPU latency: 6.79492 ms - Host latency: 6.88281 ms (enqueue 2.01562 ms)
[10/04/2026-22:15:24] [I] Average on 1 runs - GPU latency: 6.78906 ms - Host latency: 6.87695 ms (enqueue 2.06641 ms)
[10/04/2026-22:15:24] [I] Average on 1 runs - GPU latency: 6.79297 ms - Host latency: 6.87891 ms (enqueue 2.06445 ms)
[10/04/2026-22:15:24] [I] Average on 1 runs - GPU latency: 6.78516 ms - Host latency: 6.87695 ms (enqueue 2.02148 ms)
[10/04/2026-22:15:24] [I] Average on 1 runs - GPU latency: 6.79883 ms - Host latency: 6.88672 ms (enqueue 2.03516 ms)
[10/04/2026-22:15:24] [I] Average on 1 runs - GPU latency: 6.78516 ms - Host latency: 6.87109 ms (enqueue 2.05859 ms)
[10/04/2026-22:15:24] [I] Average on 1 runs - GPU latency: 6.7832 ms - Host latency: 6.87695 ms (enqueue 2.02734 ms)
[10/04/2026-22:15:24] [I] Average on 1 runs - GPU latency: 6.79102 ms - Host latency: 6.88086 ms (enqueue 2.0293 ms)
[10/04/2026-22:15:24] [I] Average on 1 runs - GPU latency: 6.78516 ms - Host latency: 6.875 ms (enqueue 2.08789 ms)
[10/04/2026-22:15:24] [I] Average on 1 runs - GPU latency: 6.78906 ms - Host latency: 6.88672 ms (enqueue 2.05859 ms)
[10/04/2026-22:15:24] [I] Average on 1 runs - GPU latency: 6.78906 ms - Host latency: 6.875 ms (enqueue 2.02148 ms)
[10/04/2026-22:15:24] [I] Average on 1 runs - GPU latency: 6.78711 ms - Host latency: 6.87695 ms (enqueue 2.07812 ms)
[10/04/2026-22:15:24] [I] Average on 1 runs - GPU latency: 6.79102 ms - Host latency: 6.87891 ms (enqueue 2.08398 ms)
[10/04/2026-22:15:24] [I] Average on 1 runs - GPU latency: 6.79492 ms - Host latency: 6.88086 ms (enqueue 2.02734 ms)
[10/04/2026-22:15:24] [I] Average on 1 runs - GPU latency: 6.7793 ms - Host latency: 6.86914 ms (enqueue 2.02539 ms)
[10/04/2026-22:15:24] [I] Average on 1 runs - GPU latency: 6.79102 ms - Host latency: 6.88281 ms (enqueue 2.07812 ms)
[10/04/2026-22:15:24] [I] Average on 1 runs - GPU latency: 6.7793 ms - Host latency: 6.86719 ms (enqueue 2.04492 ms)
[10/04/2026-22:15:24] [I] Average on 1 runs - GPU latency: 6.78711 ms - Host latency: 6.87695 ms (enqueue 2.04297 ms)
[10/04/2026-22:15:24] [I] Average on 1 runs - GPU latency: 6.78125 ms - Host latency: 6.87109 ms (enqueue 2.08789 ms)
[10/04/2026-22:15:24] [I] Average on 1 runs - GPU latency: 6.78125 ms - Host latency: 6.87305 ms (enqueue 2.10352 ms)
[10/04/2026-22:15:24] [I] Average on 1 runs - GPU latency: 6.78711 ms - Host latency: 6.87305 ms (enqueue 2.03516 ms)
[10/04/2026-22:15:24] [I] Average on 1 runs - GPU latency: 6.7832 ms - Host latency: 6.87109 ms (enqueue 2.08203 ms)
[10/04/2026-22:15:24] [I] Average on 1 runs - GPU latency: 6.79102 ms - Host latency: 6.87891 ms (enqueue 2.06641 ms)
[10/04/2026-22:15:24] [I] Average on 1 runs - GPU latency: 6.79688 ms - Host latency: 6.89844 ms (enqueue 2.05273 ms)
[10/04/2026-22:15:24] [I] Average on 1 runs - GPU latency: 6.79492 ms - Host latency: 6.88086 ms (enqueue 2.0332 ms)
[10/04/2026-22:15:24] [I] Average on 1 runs - GPU latency: 6.79883 ms - Host latency: 6.88281 ms (enqueue 2.10938 ms)
[10/04/2026-22:15:24] [I] Average on 1 runs - GPU latency: 6.7832 ms - Host latency: 6.87109 ms (enqueue 2.0332 ms)
[10/04/2026-22:15:24] [I] Average on 1 runs - GPU latency: 6.79297 ms - Host latency: 6.88281 ms (enqueue 2.03516 ms)
[10/04/2026-22:15:24] [I] Average on 1 runs - GPU latency: 6.78516 ms - Host latency: 6.87891 ms (enqueue 2.07031 ms)
[10/04/2026-22:15:24] [I] Average on 1 runs - GPU latency: 6.79492 ms - Host latency: 6.88477 ms (enqueue 2.0918 ms)
[10/04/2026-22:15:24] [I] Average on 1 runs - GPU latency: 6.78125 ms - Host latency: 6.86914 ms (enqueue 2.01953 ms)
[10/04/2026-22:15:24] [I] Average on 1 runs - GPU latency: 6.79102 ms - Host latency: 6.88086 ms (enqueue 2.08008 ms)
[10/04/2026-22:15:24] [I] Average on 1 runs - GPU latency: 6.77734 ms - Host latency: 6.86719 ms (enqueue 2.07422 ms)
[10/04/2026-22:15:24] [I] Average on 1 runs - GPU latency: 6.7832 ms - Host latency: 6.875 ms (enqueue 2.02539 ms)
[10/04/2026-22:15:24] [I] Average on 1 runs - GPU latency: 6.7832 ms - Host latency: 6.87891 ms (enqueue 2.0293 ms)
[10/04/2026-22:15:24] [I] Average on 1 runs - GPU latency: 6.78516 ms - Host latency: 6.87695 ms (enqueue 2.0957 ms)
[10/04/2026-22:15:24] [I] Average on 1 runs - GPU latency: 6.78906 ms - Host latency: 6.88086 ms (enqueue 2.05273 ms)
[10/04/2026-22:15:24] [I] Average on 1 runs - GPU latency: 6.79297 ms - Host latency: 6.88477 ms (enqueue 2.04492 ms)
[10/04/2026-22:15:24] [I] Average on 1 runs - GPU latency: 6.7832 ms - Host latency: 6.87109 ms (enqueue 2.0918 ms)
[10/04/2026-22:15:24] [I] Average on 1 runs - GPU latency: 6.77539 ms - Host latency: 6.86719 ms (enqueue 2.04688 ms)
[10/04/2026-22:15:24] [I] Average on 1 runs - GPU latency: 6.78711 ms - Host latency: 6.87695 ms (enqueue 2.02734 ms)
[10/04/2026-22:15:24] [I] Average on 1 runs - GPU latency: 6.80859 ms - Host latency: 6.89844 ms (enqueue 2.08594 ms)
[10/04/2026-22:15:24] [I] Average on 1 runs - GPU latency: 6.80078 ms - Host latency: 6.88672 ms (enqueue 2.07617 ms)
[10/04/2026-22:15:24] [I] Average on 1 runs - GPU latency: 6.80078 ms - Host latency: 6.89453 ms (enqueue 2.03125 ms)
[10/04/2026-22:15:24] [I] Average on 1 runs - GPU latency: 6.79297 ms - Host latency: 6.88281 ms (enqueue 2.07422 ms)
[10/04/2026-22:15:24] [I] Average on 1 runs - GPU latency: 6.80664 ms - Host latency: 6.89648 ms (enqueue 2.07812 ms)
[10/04/2026-22:15:24] [I] Average on 1 runs - GPU latency: 6.79492 ms - Host latency: 6.88867 ms (enqueue 2.03906 ms)
[10/04/2026-22:15:24] [I] Average on 1 runs - GPU latency: 6.79688 ms - Host latency: 6.88672 ms (enqueue 2.04102 ms)
[10/04/2026-22:15:24] [I] Average on 1 runs - GPU latency: 6.78906 ms - Host latency: 6.87695 ms (enqueue 2.06445 ms)
[10/04/2026-22:15:24] [I] Average on 1 runs - GPU latency: 6.78125 ms - Host latency: 6.87109 ms (enqueue 2.05859 ms)
[10/04/2026-22:15:24] [I] Average on 1 runs - GPU latency: 6.78516 ms - Host latency: 6.88281 ms (enqueue 2.04492 ms)
[10/04/2026-22:15:24] [I] Average on 1 runs - GPU latency: 6.77734 ms - Host latency: 6.87109 ms (enqueue 2.10156 ms)
[10/04/2026-22:15:24] [I] Average on 1 runs - GPU latency: 6.79297 ms - Host latency: 6.88086 ms (enqueue 2.07812 ms)
[10/04/2026-22:15:24] [I] Average on 1 runs - GPU latency: 6.78125 ms - Host latency: 6.87109 ms (enqueue 2.03711 ms)
[10/04/2026-22:15:24] [I] Average on 1 runs - GPU latency: 6.7832 ms - Host latency: 6.875 ms (enqueue 2.08203 ms)
[10/04/2026-22:15:24] [I] Average on 1 runs - GPU latency: 6.78125 ms - Host latency: 6.87109 ms (enqueue 2.08203 ms)
[10/04/2026-22:15:24] [I] Average on 1 runs - GPU latency: 6.79102 ms - Host latency: 6.87695 ms (enqueue 2.02734 ms)
[10/04/2026-22:15:24] [I] Average on 1 runs - GPU latency: 6.78711 ms - Host latency: 6.88281 ms (enqueue 2.04297 ms)
[10/04/2026-22:15:24] [I] Average on 1 runs - GPU latency: 6.78125 ms - Host latency: 6.87109 ms (enqueue 2.09375 ms)
[10/04/2026-22:15:24] [I] Average on 1 runs - GPU latency: 6.7832 ms - Host latency: 6.87305 ms (enqueue 2.02344 ms)
[10/04/2026-22:15:24] [I] Average on 1 runs - GPU latency: 6.78711 ms - Host latency: 6.875 ms (enqueue 2.0293 ms)
[10/04/2026-22:15:24] [I] Average on 1 runs - GPU latency: 6.78516 ms - Host latency: 6.87695 ms (enqueue 2.07812 ms)
[10/04/2026-22:15:24] [I] Average on 1 runs - GPU latency: 6.78125 ms - Host latency: 6.875 ms (enqueue 2.09961 ms)
[10/04/2026-22:15:24] [I] Average on 1 runs - GPU latency: 6.78125 ms - Host latency: 6.87109 ms (enqueue 2.0332 ms)
[10/04/2026-22:15:24] [I] Average on 1 runs - GPU latency: 6.7832 ms - Host latency: 6.88477 ms (enqueue 2.05859 ms)
[10/04/2026-22:15:24] [I] Average on 1 runs - GPU latency: 6.78516 ms - Host latency: 6.875 ms (enqueue 2.07422 ms)
[10/04/2026-22:15:24] [I] Average on 1 runs - GPU latency: 6.7832 ms - Host latency: 6.87109 ms (enqueue 2.02539 ms)
[10/04/2026-22:15:24] [I] Average on 1 runs - GPU latency: 6.77539 ms - Host latency: 6.86523 ms (enqueue 2.03516 ms)
[10/04/2026-22:15:24] [I] Average on 1 runs - GPU latency: 6.78516 ms - Host latency: 6.875 ms (enqueue 2.09766 ms)
[10/04/2026-22:15:24] [I] Average on 1 runs - GPU latency: 6.7832 ms - Host latency: 6.875 ms (enqueue 2.01953 ms)
[10/04/2026-22:15:24] [I] Average on 1 runs - GPU latency: 6.78125 ms - Host latency: 6.875 ms (enqueue 2.02148 ms)
[10/04/2026-22:15:24] [I] Average on 1 runs - GPU latency: 6.79297 ms - Host latency: 6.88086 ms (enqueue 2.09766 ms)
[10/04/2026-22:15:24] [I] Average on 1 runs - GPU latency: 6.78516 ms - Host latency: 6.87891 ms (enqueue 2.06836 ms)
[10/04/2026-22:15:24] [I] Average on 1 runs - GPU latency: 6.78125 ms - Host latency: 6.86914 ms (enqueue 2.03711 ms)
[10/04/2026-22:15:24] [I] Average on 1 runs - GPU latency: 6.78906 ms - Host latency: 6.87695 ms (enqueue 2.08398 ms)
[10/04/2026-22:15:24] [I] Average on 1 runs - GPU latency: 6.78906 ms - Host latency: 6.87695 ms (enqueue 2.06445 ms)
[10/04/2026-22:15:24] [I] Average on 1 runs - GPU latency: 6.78516 ms - Host latency: 6.875 ms (enqueue 2.04102 ms)
[10/04/2026-22:15:24] [I] Average on 1 runs - GPU latency: 6.78711 ms - Host latency: 6.87695 ms (enqueue 2.05078 ms)
[10/04/2026-22:15:24] [I] Average on 1 runs - GPU latency: 6.78906 ms - Host latency: 6.87891 ms (enqueue 2.07227 ms)
[10/04/2026-22:15:24] [I] Average on 1 runs - GPU latency: 6.79883 ms - Host latency: 6.88672 ms (enqueue 2.02148 ms)
[10/04/2026-22:15:24] [I] Average on 1 runs - GPU latency: 6.78125 ms - Host latency: 6.86719 ms (enqueue 2.03906 ms)
[10/04/2026-22:15:24] [I] Average on 1 runs - GPU latency: 6.78711 ms - Host latency: 6.87695 ms (enqueue 2.08203 ms)
[10/04/2026-22:15:24] [I] Average on 1 runs - GPU latency: 6.79688 ms - Host latency: 6.88867 ms (enqueue 2.05664 ms)
[10/04/2026-22:15:24] [I] Average on 1 runs - GPU latency: 6.78906 ms - Host latency: 6.87891 ms (enqueue 2.04297 ms)
[10/04/2026-22:15:24] [I] Average on 1 runs - GPU latency: 6.78711 ms - Host latency: 6.87695 ms (enqueue 2.08984 ms)
[10/04/2026-22:15:24] [I] Average on 1 runs - GPU latency: 6.79102 ms - Host latency: 6.88086 ms (enqueue 2.07812 ms)
[10/04/2026-22:15:24] [I] Average on 1 runs - GPU latency: 6.78516 ms - Host latency: 6.87305 ms (enqueue 2.02148 ms)
[10/04/2026-22:15:24] [I] Average on 1 runs - GPU latency: 6.78711 ms - Host latency: 6.87695 ms (enqueue 2.05469 ms)
[10/04/2026-22:15:24] [I] Average on 1 runs - GPU latency: 6.79688 ms - Host latency: 6.88867 ms (enqueue 2.08008 ms)
[10/04/2026-22:15:24] [I] Average on 1 runs - GPU latency: 6.78906 ms - Host latency: 6.87891 ms (enqueue 2.0293 ms)
[10/04/2026-22:15:24] [I] Average on 1 runs - GPU latency: 6.7793 ms - Host latency: 6.86914 ms (enqueue 2.02344 ms)
[10/04/2026-22:15:24] [I] Average on 1 runs - GPU latency: 6.78906 ms - Host latency: 6.88672 ms (enqueue 2.05469 ms)
[10/04/2026-22:15:24] [I] Average on 1 runs - GPU latency: 6.78516 ms - Host latency: 6.87695 ms (enqueue 2.03516 ms)
[10/04/2026-22:15:24] [I] Average on 1 runs - GPU latency: 6.78906 ms - Host latency: 6.88086 ms (enqueue 2.04688 ms)
[10/04/2026-22:15:24] [I] Average on 1 runs - GPU latency: 6.78711 ms - Host latency: 6.87305 ms (enqueue 2.0918 ms)
[10/04/2026-22:15:24] [I] Average on 1 runs - GPU latency: 6.78711 ms - Host latency: 6.875 ms (enqueue 2.07227 ms)
[10/04/2026-22:15:24] [I] Average on 1 runs - GPU latency: 6.79102 ms - Host latency: 6.88086 ms (enqueue 2.04688 ms)
[10/04/2026-22:15:24] [I] Average on 1 runs - GPU latency: 6.79102 ms - Host latency: 6.87695 ms (enqueue 2.09961 ms)
[10/04/2026-22:15:24] [I] Average on 1 runs - GPU latency: 6.79102 ms - Host latency: 6.88086 ms (enqueue 2.0957 ms)
[10/04/2026-22:15:24] [I] Average on 1 runs - GPU latency: 6.79102 ms - Host latency: 6.88086 ms (enqueue 2.0332 ms)
[10/04/2026-22:15:24] [I] Average on 1 runs - GPU latency: 6.78711 ms - Host latency: 6.87891 ms (enqueue 2.03906 ms)
[10/04/2026-22:15:24] [I] Average on 1 runs - GPU latency: 6.7832 ms - Host latency: 6.87305 ms (enqueue 2.07031 ms)
[10/04/2026-22:15:24] [I] Average on 1 runs - GPU latency: 6.79492 ms - Host latency: 6.88086 ms (enqueue 2.03125 ms)
[10/04/2026-22:15:24] [I] Average on 1 runs - GPU latency: 6.7832 ms - Host latency: 6.87109 ms (enqueue 2.0332 ms)
[10/04/2026-22:15:24] [I] Average on 1 runs - GPU latency: 6.7832 ms - Host latency: 6.875 ms (enqueue 2.08398 ms)
[10/04/2026-22:15:24] [I] Average on 1 runs - GPU latency: 6.7832 ms - Host latency: 6.87109 ms (enqueue 2.06836 ms)
[10/04/2026-22:15:24] [I] Average on 1 runs - GPU latency: 6.7832 ms - Host latency: 6.875 ms (enqueue 2.03125 ms)
[10/04/2026-22:15:24] [I] Average on 1 runs - GPU latency: 6.79492 ms - Host latency: 6.87891 ms (enqueue 2.05664 ms)
[10/04/2026-22:15:24] [I] Average on 1 runs - GPU latency: 6.78125 ms - Host latency: 6.86914 ms (enqueue 2.07617 ms)
[10/04/2026-22:15:24] [I] Average on 1 runs - GPU latency: 6.79492 ms - Host latency: 6.89062 ms (enqueue 2.03125 ms)
[10/04/2026-22:15:24] [I] Average on 1 runs - GPU latency: 6.79883 ms - Host latency: 6.88672 ms (enqueue 2.0332 ms)
[10/04/2026-22:15:24] [I] Average on 1 runs - GPU latency: 6.78711 ms - Host latency: 6.87695 ms (enqueue 2.10547 ms)
[10/04/2026-22:15:24] [I] Average on 1 runs - GPU latency: 6.79492 ms - Host latency: 6.88477 ms (enqueue 2.0332 ms)
[10/04/2026-22:15:24] [I] Average on 1 runs - GPU latency: 6.80078 ms - Host latency: 6.89258 ms (enqueue 2.03516 ms)
[10/04/2026-22:15:24] [I] Average on 1 runs - GPU latency: 6.79297 ms - Host latency: 6.88281 ms (enqueue 2.08789 ms)
[10/04/2026-22:15:24] [I] Average on 1 runs - GPU latency: 6.78906 ms - Host latency: 6.88281 ms (enqueue 2.0918 ms)
[10/04/2026-22:15:24] [I] Average on 1 runs - GPU latency: 6.7832 ms - Host latency: 6.87109 ms (enqueue 2.03125 ms)
[10/04/2026-22:15:24] [I] Average on 1 runs - GPU latency: 6.78711 ms - Host latency: 6.875 ms (enqueue 2.07422 ms)
[10/04/2026-22:15:24] [I] Average on 1 runs - GPU latency: 6.79492 ms - Host latency: 6.88672 ms (enqueue 2.08789 ms)
[10/04/2026-22:15:24] [I] Average on 1 runs - GPU latency: 6.79883 ms - Host latency: 6.88672 ms (enqueue 2.02734 ms)
[10/04/2026-22:15:24] [I] Average on 1 runs - GPU latency: 6.78906 ms - Host latency: 6.88086 ms (enqueue 2.03906 ms)
[10/04/2026-22:15:24] [I] Average on 1 runs - GPU latency: 6.79688 ms - Host latency: 6.89062 ms (enqueue 2.08594 ms)
[10/04/2026-22:15:24] [I] Average on 1 runs - GPU latency: 6.81055 ms - Host latency: 6.89844 ms (enqueue 2.02734 ms)
[10/04/2026-22:15:24] [I] Average on 1 runs - GPU latency: 6.79492 ms - Host latency: 6.88281 ms (enqueue 2.04688 ms)
[10/04/2026-22:15:24] [I] Average on 1 runs - GPU latency: 6.79688 ms - Host latency: 6.89062 ms (enqueue 2.10156 ms)
[10/04/2026-22:15:24] [I] Average on 1 runs - GPU latency: 6.80469 ms - Host latency: 6.89648 ms (enqueue 2.06445 ms)
[10/04/2026-22:15:24] [I] Average on 1 runs - GPU latency: 6.80273 ms - Host latency: 6.89258 ms (enqueue 2.01953 ms)
[10/04/2026-22:15:24] [I] Average on 1 runs - GPU latency: 6.78906 ms - Host latency: 6.88281 ms (enqueue 2.0625 ms)
[10/04/2026-22:15:24] [I] Average on 1 runs - GPU latency: 6.79492 ms - Host latency: 6.88281 ms (enqueue 2.0918 ms)
[10/04/2026-22:15:24] [I] Average on 1 runs - GPU latency: 6.79297 ms - Host latency: 6.88086 ms (enqueue 2.0332 ms)
[10/04/2026-22:15:24] [I] Average on 1 runs - GPU latency: 6.79102 ms - Host latency: 6.87695 ms (enqueue 2.03516 ms)
[10/04/2026-22:15:24] [I] Average on 1 runs - GPU latency: 6.7793 ms - Host latency: 6.875 ms (enqueue 2.08594 ms)
[10/04/2026-22:15:24] [I] Average on 1 runs - GPU latency: 6.78906 ms - Host latency: 6.88672 ms (enqueue 2.02539 ms)
[10/04/2026-22:15:24] [I] Average on 1 runs - GPU latency: 6.79102 ms - Host latency: 6.87891 ms (enqueue 2.0293 ms)
[10/04/2026-22:15:24] [I] Average on 1 runs - GPU latency: 6.79297 ms - Host latency: 6.88477 ms (enqueue 2.08594 ms)
[10/04/2026-22:15:24] [I] Average on 1 runs - GPU latency: 6.78711 ms - Host latency: 6.88477 ms (enqueue 2.07422 ms)
[10/04/2026-22:15:24] [I] Average on 1 runs - GPU latency: 6.79492 ms - Host latency: 6.88086 ms (enqueue 2.03906 ms)
[10/04/2026-22:15:24] [I] Average on 1 runs - GPU latency: 6.79492 ms - Host latency: 6.88477 ms (enqueue 2.08594 ms)
[10/04/2026-22:15:24] [I] Average on 1 runs - GPU latency: 6.79492 ms - Host latency: 6.88477 ms (enqueue 2.0957 ms)
[10/04/2026-22:15:24] [I] Average on 1 runs - GPU latency: 6.78711 ms - Host latency: 6.87891 ms (enqueue 2.03906 ms)
[10/04/2026-22:15:24] [I] Average on 1 runs - GPU latency: 6.79297 ms - Host latency: 6.88281 ms (enqueue 2.03125 ms)
[10/04/2026-22:15:24] [I] Average on 1 runs - GPU latency: 6.77734 ms - Host latency: 6.86523 ms (enqueue 2.06836 ms)
[10/04/2026-22:15:24] [I] Average on 1 runs - GPU latency: 6.78711 ms - Host latency: 6.87695 ms (enqueue 2.0332 ms)
[10/04/2026-22:15:24] [I] Average on 1 runs - GPU latency: 6.78711 ms - Host latency: 6.87695 ms (enqueue 2.02148 ms)
[10/04/2026-22:15:24] [I] Average on 1 runs - GPU latency: 6.78711 ms - Host latency: 6.87305 ms (enqueue 2.0625 ms)
[10/04/2026-22:15:24] [I] Average on 1 runs - GPU latency: 6.7832 ms - Host latency: 6.87695 ms (enqueue 2.06445 ms)
[10/04/2026-22:15:24] [I] Average on 1 runs - GPU latency: 6.78516 ms - Host latency: 6.87109 ms (enqueue 2.00977 ms)
[10/04/2026-22:15:24] [I] Average on 1 runs - GPU latency: 6.78516 ms - Host latency: 6.87695 ms (enqueue 2.0918 ms)
[10/04/2026-22:15:24] [I] Average on 1 runs - GPU latency: 6.7832 ms - Host latency: 6.86719 ms (enqueue 2.05859 ms)
[10/04/2026-22:15:24] [I] Average on 1 runs - GPU latency: 6.79492 ms - Host latency: 6.88672 ms (enqueue 2.03516 ms)
[10/04/2026-22:15:24] [I] Average on 1 runs - GPU latency: 6.78906 ms - Host latency: 6.87891 ms (enqueue 2.07422 ms)
[10/04/2026-22:15:24] [I] Average on 1 runs - GPU latency: 6.78711 ms - Host latency: 6.88477 ms (enqueue 2.06445 ms)
[10/04/2026-22:15:24] [I] Average on 1 runs - GPU latency: 6.79102 ms - Host latency: 6.88281 ms (enqueue 2.03125 ms)
[10/04/2026-22:15:24] [I] Average on 1 runs - GPU latency: 6.78906 ms - Host latency: 6.875 ms (enqueue 2.02734 ms)
[10/04/2026-22:15:24] [I] Average on 1 runs - GPU latency: 6.78125 ms - Host latency: 6.86914 ms (enqueue 2.08203 ms)
[10/04/2026-22:15:24] [I] Average on 1 runs - GPU latency: 6.79297 ms - Host latency: 6.87891 ms (enqueue 2.02734 ms)
[10/04/2026-22:15:24] [I] Average on 1 runs - GPU latency: 6.78516 ms - Host latency: 6.87109 ms (enqueue 2.01758 ms)
[10/04/2026-22:15:24] [I] Average on 1 runs - GPU latency: 6.78516 ms - Host latency: 6.875 ms (enqueue 2.0918 ms)
[10/04/2026-22:15:24] [I] Average on 1 runs - GPU latency: 6.79102 ms - Host latency: 6.88086 ms (enqueue 2.08594 ms)
[10/04/2026-22:15:24] [I] Average on 1 runs - GPU latency: 6.79297 ms - Host latency: 6.88086 ms (enqueue 2.0293 ms)
[10/04/2026-22:15:24] [I] Average on 1 runs - GPU latency: 6.78711 ms - Host latency: 6.875 ms (enqueue 2.08594 ms)
[10/04/2026-22:15:24] [I] Average on 1 runs - GPU latency: 6.78711 ms - Host latency: 6.87695 ms (enqueue 2.0625 ms)
[10/04/2026-22:15:24] [I] Average on 1 runs - GPU latency: 6.78516 ms - Host latency: 6.87109 ms (enqueue 2.02734 ms)
[10/04/2026-22:15:24] [I] Average on 1 runs - GPU latency: 6.7793 ms - Host latency: 6.86523 ms (enqueue 2.04102 ms)
[10/04/2026-22:15:24] [I] Average on 1 runs - GPU latency: 6.78906 ms - Host latency: 6.87891 ms (enqueue 2.09961 ms)
[10/04/2026-22:15:24] [I] Average on 1 runs - GPU latency: 6.79102 ms - Host latency: 6.87695 ms (enqueue 2.03906 ms)
[10/04/2026-22:15:24] [I] Average on 1 runs - GPU latency: 6.79102 ms - Host latency: 6.88281 ms (enqueue 2.03125 ms)
[10/04/2026-22:15:24] [I] Average on 1 runs - GPU latency: 6.78711 ms - Host latency: 6.87891 ms (enqueue 2.06836 ms)
[10/04/2026-22:15:24] [I] Average on 1 runs - GPU latency: 6.78125 ms - Host latency: 6.87109 ms (enqueue 2.08594 ms)
[10/04/2026-22:15:24] [I] Average on 1 runs - GPU latency: 6.77148 ms - Host latency: 6.86133 ms (enqueue 2.04297 ms)
[10/04/2026-22:15:24] [I] Average on 1 runs - GPU latency: 6.79492 ms - Host latency: 6.88672 ms (enqueue 2.10352 ms)
[10/04/2026-22:15:24] [I] Average on 1 runs - GPU latency: 6.79492 ms - Host latency: 6.88086 ms (enqueue 2.07617 ms)
[10/04/2026-22:15:24] [I] Average on 1 runs - GPU latency: 6.77734 ms - Host latency: 6.86523 ms (enqueue 2.04102 ms)
[10/04/2026-22:15:24] [I] Average on 1 runs - GPU latency: 6.7793 ms - Host latency: 6.87305 ms (enqueue 2.02539 ms)
[10/04/2026-22:15:24] [I] Average on 1 runs - GPU latency: 6.7832 ms - Host latency: 6.87109 ms (enqueue 2.07031 ms)
[10/04/2026-22:15:24] [I] Average on 1 runs - GPU latency: 6.78906 ms - Host latency: 6.875 ms (enqueue 2.05859 ms)
[10/04/2026-22:15:24] [I] Average on 1 runs - GPU latency: 6.79688 ms - Host latency: 6.88477 ms (enqueue 2.04297 ms)
[10/04/2026-22:15:24] [I] Average on 1 runs - GPU latency: 6.78906 ms - Host latency: 6.87891 ms (enqueue 2.08008 ms)
[10/04/2026-22:15:24] [I] Average on 1 runs - GPU latency: 6.79688 ms - Host latency: 6.88672 ms (enqueue 2.08789 ms)
[10/04/2026-22:15:24] [I] Average on 1 runs - GPU latency: 6.78516 ms - Host latency: 6.875 ms (enqueue 2.01953 ms)
[10/04/2026-22:15:24] [I] Average on 1 runs - GPU latency: 6.79102 ms - Host latency: 6.88086 ms (enqueue 2.07227 ms)
[10/04/2026-22:15:24] [I] Average on 1 runs - GPU latency: 6.7832 ms - Host latency: 6.875 ms (enqueue 2.06055 ms)
[10/04/2026-22:15:24] [I] Average on 1 runs - GPU latency: 6.78711 ms - Host latency: 6.87305 ms (enqueue 2.02148 ms)
[10/04/2026-22:15:24] [I] Average on 1 runs - GPU latency: 6.77148 ms - Host latency: 6.87695 ms (enqueue 2.0293 ms)
[10/04/2026-22:15:24] [I] 
[10/04/2026-22:15:24] [I] === Performance summary ===
[10/04/2026-22:15:24] [I] Throughput: 147.206 qps
[10/04/2026-22:15:24] [I] Latency: min = 6.85156 ms, max = 6.94385 ms, mean = 6.87767 ms, median = 6.87695 ms, percentile(90%) = 6.88672 ms, percentile(95%) = 6.89111 ms, percentile(99%) = 6.89941 ms
[10/04/2026-22:15:24] [I] Enqueue Time: min = 1.97949 ms, max = 2.58691 ms, mean = 2.05944 ms, median = 2.05371 ms, percentile(90%) = 2.09766 ms, percentile(95%) = 2.11914 ms, percentile(99%) = 2.26074 ms
[10/04/2026-22:15:24] [I] H2D Latency: min = 0.0771484 ms, max = 0.130127 ms, mean = 0.0835032 ms, median = 0.0830078 ms, percentile(90%) = 0.0869141 ms, percentile(95%) = 0.0898438 ms, percentile(99%) = 0.0957031 ms
[10/04/2026-22:15:24] [I] GPU Compute Time: min = 6.7666 ms, max = 6.82861 ms, mean = 6.7874 ms, median = 6.78711 ms, percentile(90%) = 6.79517 ms, percentile(95%) = 6.79883 ms, percentile(99%) = 6.80762 ms
[10/04/2026-22:15:24] [I] D2H Latency: min = 0.00390625 ms, max = 0.0117188 ms, mean = 0.0067709 ms, median = 0.00683594 ms, percentile(90%) = 0.00878906 ms, percentile(95%) = 0.00927734 ms, percentile(99%) = 0.00976562 ms
[10/04/2026-22:15:24] [I] Total Host Walltime: 15.0198 s
[10/04/2026-22:15:24] [I] Total GPU Compute Time: 15.0069 s
[10/04/2026-22:15:24] [I] Explanations of the performance metrics are printed in the verbose logs.
[10/04/2026-22:15:24] [I] 
&&&& PASSED TensorRT.trtexec [TensorRT v100300] # /usr/src/tensorrt/bin/trtexec --loadEngine=/tmp/engines/y26s_640_uint8_opt3.engine --warmUp=3000 --duration=15 --idleTime=1 --avgRuns=1
