&&&& RUNNING TensorRT.trtexec [TensorRT v100300] # /usr/src/tensorrt/bin/trtexec --loadEngine=/tmp/yolo26n_84172_uint8_fp16_opt3.engine --warmUp=3000 --duration=15 --idleTime=16 --avgRuns=1
[10/04/2026-22:13:55] [I] === Model Options ===
[10/04/2026-22:13:55] [I] Format: *
[10/04/2026-22:13:55] [I] Model: 
[10/04/2026-22:13:55] [I] Output:
[10/04/2026-22:13:55] [I] 
[10/04/2026-22:13:55] [I] === System Options ===
[10/04/2026-22:13:55] [I] Device: 0
[10/04/2026-22:13:55] [I] DLACore: 
[10/04/2026-22:13:55] [I] Plugins:
[10/04/2026-22:13:55] [I] setPluginsToSerialize:
[10/04/2026-22:13:55] [I] dynamicPlugins:
[10/04/2026-22:13:55] [I] ignoreParsedPluginLibs: 0
[10/04/2026-22:13:55] [I] 
[10/04/2026-22:13:55] [I] === Inference Options ===
[10/04/2026-22:13:55] [I] Batch: Explicit
[10/04/2026-22:13:55] [I] Input inference shapes: model
[10/04/2026-22:13:55] [I] Iterations: 10
[10/04/2026-22:13:55] [I] Duration: 15s (+ 3000ms warm up)
[10/04/2026-22:13:55] [I] Sleep time: 0ms
[10/04/2026-22:13:55] [I] Idle time: 16ms
[10/04/2026-22:13:55] [I] Inference Streams: 1
[10/04/2026-22:13:55] [I] ExposeDMA: Disabled
[10/04/2026-22:13:55] [I] Data transfers: Enabled
[10/04/2026-22:13:55] [I] Spin-wait: Disabled
[10/04/2026-22:13:55] [I] Multithreading: Disabled
[10/04/2026-22:13:55] [I] CUDA Graph: Disabled
[10/04/2026-22:13:55] [I] Separate profiling: Disabled
[10/04/2026-22:13:55] [I] Time Deserialize: Disabled
[10/04/2026-22:13:55] [I] Time Refit: Disabled
[10/04/2026-22:13:55] [I] NVTX verbosity: 0
[10/04/2026-22:13:55] [I] Persistent Cache Ratio: 0
[10/04/2026-22:13:55] [I] Optimization Profile Index: 0
[10/04/2026-22:13:55] [I] Weight Streaming Budget: 100.000000%
[10/04/2026-22:13:55] [I] Inputs:
[10/04/2026-22:13:55] [I] Debug Tensor Save Destinations:
[10/04/2026-22:13:55] [I] === Reporting Options ===
[10/04/2026-22:13:55] [I] Verbose: Disabled
[10/04/2026-22:13:55] [I] Averages: 1 inferences
[10/04/2026-22:13:55] [I] Percentiles: 90,95,99
[10/04/2026-22:13:55] [I] Dump refittable layers:Disabled
[10/04/2026-22:13:55] [I] Dump output: Disabled
[10/04/2026-22:13:55] [I] Profile: Disabled
[10/04/2026-22:13:55] [I] Export timing to JSON file: 
[10/04/2026-22:13:55] [I] Export output to JSON file: 
[10/04/2026-22:13:55] [I] Export profile to JSON file: 
[10/04/2026-22:13:55] [I] 
[10/04/2026-22:13:55] [I] === Device Information ===
[10/04/2026-22:13:55] [I] Available Devices: 
[10/04/2026-22:13:55] [I]   Device 0: "Orin" UUID: GPU-6e16c2c1-e394-5324-8f2e-63a975968f4e
[10/04/2026-22:13:55] [I] Selected Device: Orin
[10/04/2026-22:13:55] [I] Selected Device ID: 0
[10/04/2026-22:13:55] [I] Selected Device UUID: GPU-6e16c2c1-e394-5324-8f2e-63a975968f4e
[10/04/2026-22:13:55] [I] Compute Capability: 8.7
[10/04/2026-22:13:55] [I] SMs: 8
[10/04/2026-22:13:55] [I] Device Global Memory: 7607 MiB
[10/04/2026-22:13:55] [I] Shared Memory per SM: 164 KiB
[10/04/2026-22:13:55] [I] Memory Bus Width: 128 bits (ECC disabled)
[10/04/2026-22:13:55] [I] Application Compute Clock Rate: 1.02 GHz
[10/04/2026-22:13:55] [I] Application Memory Clock Rate: 1.02 GHz
[10/04/2026-22:13:55] [I] 
[10/04/2026-22:13:55] [I] Note: The application clock rates do not reflect the actual clock rates that the GPU is currently running at.
[10/04/2026-22:13:55] [I] 
[10/04/2026-22:13:55] [I] TensorRT version: 10.3.0
[10/04/2026-22:13:55] [I] Loading standard plugins
[10/04/2026-22:13:55] [I] [TRT] Loaded engine size: 7 MiB
[10/04/2026-22:13:55] [I] Engine deserialized in 0.0577547 sec.
[10/04/2026-22:13:55] [I] [TRT] [MemUsageChange] TensorRT-managed allocation in IExecutionContext creation: CPU +0, GPU +12, now: CPU 0, GPU 16 (MiB)
[10/04/2026-22:13:55] [I] Setting persistentCacheLimit to 0 bytes.
[10/04/2026-22:13:55] [I] Created execution context with device memory size: 12.207 MiB
[10/04/2026-22:13:55] [I] Using random values for input images
[10/04/2026-22:13:56] [I] Input binding for images with dimensions 1x640x640x3 is created.
[10/04/2026-22:13:56] [I] Output binding for output0 with dimensions 1x300x6 is created.
[10/04/2026-22:13:56] [I] Starting inference
[10/04/2026-22:14:14] [I] Warmup completed 694 queries over 3000 ms
[10/04/2026-22:14:14] [I] Timing trace has 826 queries over 15.0426 s
[10/04/2026-22:14:14] [I] 
[10/04/2026-22:14:14] [I] === Trace details ===
[10/04/2026-22:14:14] [I] Trace averages of 1 runs:
[10/04/2026-22:14:14] [I] Average on 1 runs - GPU latency: 4.23828 ms - Host latency: 4.36792 ms (enqueue 2.08936 ms)
[10/04/2026-22:14:14] [I] Average on 1 runs - GPU latency: 4.20581 ms - Host latency: 4.33301 ms (enqueue 2.05811 ms)
[10/04/2026-22:14:14] [I] Average on 1 runs - GPU latency: 4.2085 ms - Host latency: 4.28101 ms (enqueue 2.0752 ms)
[10/04/2026-22:14:14] [I] Average on 1 runs - GPU latency: 4.2146 ms - Host latency: 4.27661 ms (enqueue 2.09351 ms)
[10/04/2026-22:14:14] [I] Average on 1 runs - GPU latency: 4.20923 ms - Host latency: 4.27075 ms (enqueue 2.05884 ms)
[10/04/2026-22:14:14] [I] Average on 1 runs - GPU latency: 4.21533 ms - Host latency: 4.27783 ms (enqueue 2.08716 ms)
[10/04/2026-22:14:14] [I] Average on 1 runs - GPU latency: 4.21289 ms - Host latency: 4.27393 ms (enqueue 2.04517 ms)
[10/04/2026-22:14:14] [I] Average on 1 runs - GPU latency: 4.21777 ms - Host latency: 4.2793 ms (enqueue 2.11011 ms)
[10/04/2026-22:14:14] [I] Average on 1 runs - GPU latency: 4.21729 ms - Host latency: 4.27881 ms (enqueue 2.04199 ms)
[10/04/2026-22:14:14] [I] Average on 1 runs - GPU latency: 4.21216 ms - Host latency: 4.27808 ms (enqueue 2.06836 ms)
[10/04/2026-22:14:14] [I] Average on 1 runs - GPU latency: 4.21802 ms - Host latency: 4.28052 ms (enqueue 2.08203 ms)
[10/04/2026-22:14:14] [I] Average on 1 runs - GPU latency: 4.21729 ms - Host latency: 4.27808 ms (enqueue 2.05054 ms)
[10/04/2026-22:14:14] [I] Average on 1 runs - GPU latency: 4.22607 ms - Host latency: 4.28809 ms (enqueue 2.14404 ms)
[10/04/2026-22:14:14] [I] Average on 1 runs - GPU latency: 4.2207 ms - Host latency: 4.29712 ms (enqueue 2.39453 ms)
[10/04/2026-22:14:14] [I] Average on 1 runs - GPU latency: 4.21582 ms - Host latency: 4.28638 ms (enqueue 2.40479 ms)
[10/04/2026-22:14:14] [I] Average on 1 runs - GPU latency: 4.21436 ms - Host latency: 4.28174 ms (enqueue 2.2002 ms)
[10/04/2026-22:14:14] [I] Average on 1 runs - GPU latency: 4.20361 ms - Host latency: 4.27979 ms (enqueue 2.08496 ms)
[10/04/2026-22:14:14] [I] Average on 1 runs - GPU latency: 4.21191 ms - Host latency: 4.27441 ms (enqueue 2.10767 ms)
[10/04/2026-22:14:14] [I] Average on 1 runs - GPU latency: 4.22168 ms - Host latency: 4.28589 ms (enqueue 2.02563 ms)
[10/04/2026-22:14:14] [I] Average on 1 runs - GPU latency: 4.21729 ms - Host latency: 4.28101 ms (enqueue 2.08008 ms)
[10/04/2026-22:14:14] [I] Average on 1 runs - GPU latency: 4.21118 ms - Host latency: 4.2771 ms (enqueue 2.01953 ms)
[10/04/2026-22:14:14] [I] Average on 1 runs - GPU latency: 4.22095 ms - Host latency: 4.28662 ms (enqueue 2.03027 ms)
[10/04/2026-22:14:14] [I] Average on 1 runs - GPU latency: 4.2146 ms - Host latency: 4.2771 ms (enqueue 2.03052 ms)
[10/04/2026-22:14:14] [I] Average on 1 runs - GPU latency: 4.21411 ms - Host latency: 4.27856 ms (enqueue 2.05029 ms)
[10/04/2026-22:14:14] [I] Average on 1 runs - GPU latency: 4.21558 ms - Host latency: 4.28027 ms (enqueue 2.02661 ms)
[10/04/2026-22:14:14] [I] Average on 1 runs - GPU latency: 4.21582 ms - Host latency: 4.28198 ms (enqueue 2.08545 ms)
[10/04/2026-22:14:14] [I] Average on 1 runs - GPU latency: 4.22021 ms - Host latency: 4.28589 ms (enqueue 2.0083 ms)
[10/04/2026-22:14:14] [I] Average on 1 runs - GPU latency: 4.21484 ms - Host latency: 4.27686 ms (enqueue 2.04395 ms)
[10/04/2026-22:14:14] [I] Average on 1 runs - GPU latency: 4.21069 ms - Host latency: 4.27466 ms (enqueue 2.05273 ms)
[10/04/2026-22:14:14] [I] Average on 1 runs - GPU latency: 4.21777 ms - Host latency: 4.28003 ms (enqueue 2.04614 ms)
[10/04/2026-22:14:14] [I] Average on 1 runs - GPU latency: 4.22021 ms - Host latency: 4.28394 ms (enqueue 2.09253 ms)
[10/04/2026-22:14:14] [I] Average on 1 runs - GPU latency: 4.21094 ms - Host latency: 4.27515 ms (enqueue 2.01123 ms)
[10/04/2026-22:14:14] [I] Average on 1 runs - GPU latency: 4.21143 ms - Host latency: 4.27417 ms (enqueue 2.07788 ms)
[10/04/2026-22:14:14] [I] Average on 1 runs - GPU latency: 4.21875 ms - Host latency: 4.28027 ms (enqueue 2.03394 ms)
[10/04/2026-22:14:14] [I] Average on 1 runs - GPU latency: 4.21606 ms - Host latency: 4.28369 ms (enqueue 2.17456 ms)
[10/04/2026-22:14:14] [I] Average on 1 runs - GPU latency: 4.21436 ms - Host latency: 4.27637 ms (enqueue 2.02612 ms)
[10/04/2026-22:14:14] [I] Average on 1 runs - GPU latency: 4.21899 ms - Host latency: 4.28101 ms (enqueue 2.0647 ms)
[10/04/2026-22:14:14] [I] Average on 1 runs - GPU latency: 4.21655 ms - Host latency: 4.28296 ms (enqueue 1.99902 ms)
[10/04/2026-22:14:14] [I] Average on 1 runs - GPU latency: 4.21924 ms - Host latency: 4.28052 ms (enqueue 1.99854 ms)
[10/04/2026-22:14:14] [I] Average on 1 runs - GPU latency: 4.21216 ms - Host latency: 4.27344 ms (enqueue 2.0686 ms)
[10/04/2026-22:14:14] [I] Average on 1 runs - GPU latency: 4.21313 ms - Host latency: 4.27368 ms (enqueue 2.03662 ms)
[10/04/2026-22:14:14] [I] Average on 1 runs - GPU latency: 4.2146 ms - Host latency: 4.2771 ms (enqueue 2.09497 ms)
[10/04/2026-22:14:14] [I] Average on 1 runs - GPU latency: 4.23633 ms - Host latency: 4.3042 ms (enqueue 2.1438 ms)
[10/04/2026-22:14:14] [I] Average on 1 runs - GPU latency: 4.22925 ms - Host latency: 4.30737 ms (enqueue 2.53003 ms)
[10/04/2026-22:14:14] [I] Average on 1 runs - GPU latency: 4.22314 ms - Host latency: 4.29443 ms (enqueue 2.40796 ms)
[10/04/2026-22:14:14] [I] Average on 1 runs - GPU latency: 4.2146 ms - Host latency: 4.27881 ms (enqueue 2.14355 ms)
[10/04/2026-22:14:14] [I] Average on 1 runs - GPU latency: 4.20776 ms - Host latency: 4.27222 ms (enqueue 2.11963 ms)
[10/04/2026-22:14:14] [I] Average on 1 runs - GPU latency: 4.21802 ms - Host latency: 4.28638 ms (enqueue 2.0686 ms)
[10/04/2026-22:14:14] [I] Average on 1 runs - GPU latency: 4.21338 ms - Host latency: 4.27881 ms (enqueue 2.07666 ms)
[10/04/2026-22:14:14] [I] Average on 1 runs - GPU latency: 4.21289 ms - Host latency: 4.27881 ms (enqueue 2.03467 ms)
[10/04/2026-22:14:14] [I] Average on 1 runs - GPU latency: 4.21533 ms - Host latency: 4.28003 ms (enqueue 2.0769 ms)
[10/04/2026-22:14:14] [I] Average on 1 runs - GPU latency: 4.21899 ms - Host latency: 4.28418 ms (enqueue 2.03198 ms)
[10/04/2026-22:14:14] [I] Average on 1 runs - GPU latency: 4.21484 ms - Host latency: 4.27808 ms (enqueue 2.07202 ms)
[10/04/2026-22:14:14] [I] Average on 1 runs - GPU latency: 4.21387 ms - Host latency: 4.27979 ms (enqueue 2.04346 ms)
[10/04/2026-22:14:14] [I] Average on 1 runs - GPU latency: 4.21802 ms - Host latency: 4.27954 ms (enqueue 2.0293 ms)
[10/04/2026-22:14:14] [I] Average on 1 runs - GPU latency: 4.90771 ms - Host latency: 4.97144 ms (enqueue 2.23364 ms)
[10/04/2026-22:14:14] [I] Average on 1 runs - GPU latency: 4.21777 ms - Host latency: 4.28003 ms (enqueue 2.07397 ms)
[10/04/2026-22:14:14] [I] Average on 1 runs - GPU latency: 4.21191 ms - Host latency: 4.28613 ms (enqueue 2.10938 ms)
[10/04/2026-22:14:14] [I] Average on 1 runs - GPU latency: 4.21411 ms - Host latency: 4.27661 ms (enqueue 2.05322 ms)
[10/04/2026-22:14:14] [I] Average on 1 runs - GPU latency: 4.21118 ms - Host latency: 4.27759 ms (enqueue 2.04395 ms)
[10/04/2026-22:14:14] [I] Average on 1 runs - GPU latency: 4.21045 ms - Host latency: 4.2749 ms (enqueue 2.02441 ms)
[10/04/2026-22:14:14] [I] Average on 1 runs - GPU latency: 4.21191 ms - Host latency: 4.27856 ms (enqueue 2.06152 ms)
[10/04/2026-22:14:14] [I] Average on 1 runs - GPU latency: 4.22021 ms - Host latency: 4.28076 ms (enqueue 2.02881 ms)
[10/04/2026-22:14:14] [I] Average on 1 runs - GPU latency: 4.21484 ms - Host latency: 4.2793 ms (enqueue 2.03467 ms)
[10/04/2026-22:14:14] [I] Average on 1 runs - GPU latency: 4.21484 ms - Host latency: 4.28027 ms (enqueue 2.04736 ms)
[10/04/2026-22:14:14] [I] Average on 1 runs - GPU latency: 4.21533 ms - Host latency: 4.28125 ms (enqueue 2.01904 ms)
[10/04/2026-22:14:14] [I] Average on 1 runs - GPU latency: 4.22021 ms - Host latency: 4.28174 ms (enqueue 2.07471 ms)
[10/04/2026-22:14:14] [I] Average on 1 runs - GPU latency: 4.2124 ms - Host latency: 4.27734 ms (enqueue 2.01367 ms)
[10/04/2026-22:14:14] [I] Average on 1 runs - GPU latency: 4.21729 ms - Host latency: 4.28271 ms (enqueue 2.06934 ms)
[10/04/2026-22:14:14] [I] Average on 1 runs - GPU latency: 4.2168 ms - Host latency: 4.27881 ms (enqueue 2.02197 ms)
[10/04/2026-22:14:14] [I] Average on 1 runs - GPU latency: 4.22363 ms - Host latency: 4.28857 ms (enqueue 2.05273 ms)
[10/04/2026-22:14:14] [I] Average on 1 runs - GPU latency: 4.21387 ms - Host latency: 4.27881 ms (enqueue 2.03662 ms)
[10/04/2026-22:14:14] [I] Average on 1 runs - GPU latency: 4.22754 ms - Host latency: 4.30078 ms (enqueue 2.3877 ms)
[10/04/2026-22:14:14] [I] Average on 1 runs - GPU latency: 4.21533 ms - Host latency: 4.28125 ms (enqueue 2.30908 ms)
[10/04/2026-22:14:14] [I] Average on 1 runs - GPU latency: 4.21094 ms - Host latency: 4.27588 ms (enqueue 2.23828 ms)
[10/04/2026-22:14:14] [I] Average on 1 runs - GPU latency: 4.20947 ms - Host latency: 4.27637 ms (enqueue 2.14502 ms)
[10/04/2026-22:14:14] [I] Average on 1 runs - GPU latency: 4.21338 ms - Host latency: 4.27734 ms (enqueue 2.0459 ms)
[10/04/2026-22:14:14] [I] Average on 1 runs - GPU latency: 4.21436 ms - Host latency: 4.28076 ms (enqueue 2.07568 ms)
[10/04/2026-22:14:14] [I] Average on 1 runs - GPU latency: 4.21631 ms - Host latency: 4.27881 ms (enqueue 2.01416 ms)
[10/04/2026-22:14:14] [I] Average on 1 runs - GPU latency: 4.21924 ms - Host latency: 4.28564 ms (enqueue 2.03955 ms)
[10/04/2026-22:14:14] [I] Average on 1 runs - GPU latency: 4.22168 ms - Host latency: 4.28369 ms (enqueue 2.00293 ms)
[10/04/2026-22:14:14] [I] Average on 1 runs - GPU latency: 4.21484 ms - Host latency: 4.28076 ms (enqueue 2.02734 ms)
[10/04/2026-22:14:14] [I] Average on 1 runs - GPU latency: 4.20752 ms - Host latency: 4.26855 ms (enqueue 2.02783 ms)
[10/04/2026-22:14:14] [I] Average on 1 runs - GPU latency: 4.22168 ms - Host latency: 4.28418 ms (enqueue 2.01367 ms)
[10/04/2026-22:14:14] [I] Average on 1 runs - GPU latency: 4.20703 ms - Host latency: 4.26758 ms (enqueue 2.06738 ms)
[10/04/2026-22:14:14] [I] Average on 1 runs - GPU latency: 4.21436 ms - Host latency: 4.27783 ms (enqueue 2.02588 ms)
[10/04/2026-22:14:14] [I] Average on 1 runs - GPU latency: 4.21094 ms - Host latency: 4.27344 ms (enqueue 2.09375 ms)
[10/04/2026-22:14:14] [I] Average on 1 runs - GPU latency: 4.21191 ms - Host latency: 4.27197 ms (enqueue 2.03857 ms)
[10/04/2026-22:14:14] [I] Average on 1 runs - GPU latency: 4.2207 ms - Host latency: 4.28076 ms (enqueue 2.07568 ms)
[10/04/2026-22:14:14] [I] Average on 1 runs - GPU latency: 4.20898 ms - Host latency: 4.27588 ms (enqueue 2.11963 ms)
[10/04/2026-22:14:14] [I] Average on 1 runs - GPU latency: 4.2124 ms - Host latency: 4.27344 ms (enqueue 2.09863 ms)
[10/04/2026-22:14:14] [I] Average on 1 runs - GPU latency: 4.21777 ms - Host latency: 4.27979 ms (enqueue 2.05127 ms)
[10/04/2026-22:14:14] [I] Average on 1 runs - GPU latency: 4.21582 ms - Host latency: 4.27637 ms (enqueue 2.08789 ms)
[10/04/2026-22:14:14] [I] Average on 1 runs - GPU latency: 4.2168 ms - Host latency: 4.28174 ms (enqueue 2.08691 ms)
[10/04/2026-22:14:14] [I] Average on 1 runs - GPU latency: 4.2168 ms - Host latency: 4.27832 ms (enqueue 2.03857 ms)
[10/04/2026-22:14:14] [I] Average on 1 runs - GPU latency: 4.2251 ms - Host latency: 4.28955 ms (enqueue 2.09131 ms)
[10/04/2026-22:14:14] [I] Average on 1 runs - GPU latency: 4.21777 ms - Host latency: 4.2832 ms (enqueue 1.99316 ms)
[10/04/2026-22:14:14] [I] Average on 1 runs - GPU latency: 4.22119 ms - Host latency: 4.28516 ms (enqueue 2.06348 ms)
[10/04/2026-22:14:14] [I] Average on 1 runs - GPU latency: 4.20996 ms - Host latency: 4.28369 ms (enqueue 2.01074 ms)
[10/04/2026-22:14:14] [I] Average on 1 runs - GPU latency: 4.21777 ms - Host latency: 4.2876 ms (enqueue 2.2168 ms)
[10/04/2026-22:14:14] [I] Average on 1 runs - GPU latency: 4.21973 ms - Host latency: 4.28564 ms (enqueue 2.10107 ms)
[10/04/2026-22:14:14] [I] Average on 1 runs - GPU latency: 4.21289 ms - Host latency: 4.27441 ms (enqueue 2.0708 ms)
[10/04/2026-22:14:14] [I] Average on 1 runs - GPU latency: 4.23096 ms - Host latency: 4.30371 ms (enqueue 2.40332 ms)
[10/04/2026-22:14:14] [I] Average on 1 runs - GPU latency: 4.21777 ms - Host latency: 4.29053 ms (enqueue 2.4126 ms)
[10/04/2026-22:14:14] [I] Average on 1 runs - GPU latency: 4.21826 ms - Host latency: 4.28906 ms (enqueue 2.34473 ms)
[10/04/2026-22:14:14] [I] Average on 1 runs - GPU latency: 4.21826 ms - Host latency: 4.28564 ms (enqueue 2.07715 ms)
[10/04/2026-22:14:14] [I] Average on 1 runs - GPU latency: 4.20703 ms - Host latency: 4.27197 ms (enqueue 2.10791 ms)
[10/04/2026-22:14:14] [I] Average on 1 runs - GPU latency: 4.21631 ms - Host latency: 4.28174 ms (enqueue 2.03125 ms)
[10/04/2026-22:14:14] [I] Average on 1 runs - GPU latency: 4.21289 ms - Host latency: 4.27832 ms (enqueue 1.98975 ms)
[10/04/2026-22:14:14] [I] Average on 1 runs - GPU latency: 4.22119 ms - Host latency: 4.2876 ms (enqueue 2.06299 ms)
[10/04/2026-22:14:14] [I] Average on 1 runs - GPU latency: 4.2124 ms - Host latency: 4.27686 ms (enqueue 2.01562 ms)
[10/04/2026-22:14:14] [I] Average on 1 runs - GPU latency: 4.21875 ms - Host latency: 4.28076 ms (enqueue 2.07666 ms)
[10/04/2026-22:14:14] [I] Average on 1 runs - GPU latency: 4.22217 ms - Host latency: 4.28857 ms (enqueue 2.00342 ms)
[10/04/2026-22:14:14] [I] Average on 1 runs - GPU latency: 4.21924 ms - Host latency: 4.2793 ms (enqueue 2.0752 ms)
[10/04/2026-22:14:14] [I] Average on 1 runs - GPU latency: 4.2168 ms - Host latency: 4.28271 ms (enqueue 2.00684 ms)
[10/04/2026-22:14:14] [I] Average on 1 runs - GPU latency: 4.21729 ms - Host latency: 4.28271 ms (enqueue 2.0625 ms)
[10/04/2026-22:14:14] [I] Average on 1 runs - GPU latency: 4.22705 ms - Host latency: 4.29248 ms (enqueue 2.11816 ms)
[10/04/2026-22:14:14] [I] Average on 1 runs - GPU latency: 4.20801 ms - Host latency: 4.27588 ms (enqueue 2.14795 ms)
[10/04/2026-22:14:14] [I] Average on 1 runs - GPU latency: 4.21631 ms - Host latency: 4.28027 ms (enqueue 2.10352 ms)
[10/04/2026-22:14:14] [I] Average on 1 runs - GPU latency: 4.21729 ms - Host latency: 4.28223 ms (enqueue 2.00293 ms)
[10/04/2026-22:14:14] [I] Average on 1 runs - GPU latency: 4.21191 ms - Host latency: 4.27686 ms (enqueue 2.06396 ms)
[10/04/2026-22:14:14] [I] Average on 1 runs - GPU latency: 4.21484 ms - Host latency: 4.27734 ms (enqueue 2.03174 ms)
[10/04/2026-22:14:14] [I] Average on 1 runs - GPU latency: 4.21631 ms - Host latency: 4.28662 ms (enqueue 2.04932 ms)
[10/04/2026-22:14:14] [I] Average on 1 runs - GPU latency: 4.21338 ms - Host latency: 4.27734 ms (enqueue 2.02246 ms)
[10/04/2026-22:14:14] [I] Average on 1 runs - GPU latency: 4.21777 ms - Host latency: 4.28369 ms (enqueue 2.03076 ms)
[10/04/2026-22:14:14] [I] Average on 1 runs - GPU latency: 4.21045 ms - Host latency: 4.27637 ms (enqueue 2.00928 ms)
[10/04/2026-22:14:14] [I] Average on 1 runs - GPU latency: 4.21436 ms - Host latency: 4.2793 ms (enqueue 2.05371 ms)
[10/04/2026-22:14:14] [I] Average on 1 runs - GPU latency: 4.20703 ms - Host latency: 4.27197 ms (enqueue 2 ms)
[10/04/2026-22:14:14] [I] Average on 1 runs - GPU latency: 4.21045 ms - Host latency: 4.2749 ms (enqueue 2.09521 ms)
[10/04/2026-22:14:14] [I] Average on 1 runs - GPU latency: 4.22559 ms - Host latency: 4.28711 ms (enqueue 2.06982 ms)
[10/04/2026-22:14:14] [I] Average on 1 runs - GPU latency: 4.21729 ms - Host latency: 4.28174 ms (enqueue 2.04443 ms)
[10/04/2026-22:14:14] [I] Average on 1 runs - GPU latency: 4.21387 ms - Host latency: 4.27637 ms (enqueue 2.09619 ms)
[10/04/2026-22:14:14] [I] Average on 1 runs - GPU latency: 4.21924 ms - Host latency: 4.2915 ms (enqueue 2.35107 ms)
[10/04/2026-22:14:14] [I] Average on 1 runs - GPU latency: 4.22119 ms - Host latency: 4.28955 ms (enqueue 2.31738 ms)
[10/04/2026-22:14:14] [I] Average on 1 runs - GPU latency: 4.22461 ms - Host latency: 4.28955 ms (enqueue 2.21436 ms)
[10/04/2026-22:14:14] [I] Average on 1 runs - GPU latency: 4.21191 ms - Host latency: 4.27637 ms (enqueue 2.14111 ms)
[10/04/2026-22:14:14] [I] Average on 1 runs - GPU latency: 4.21387 ms - Host latency: 4.27734 ms (enqueue 2.12012 ms)
[10/04/2026-22:14:14] [I] Average on 1 runs - GPU latency: 4.21631 ms - Host latency: 4.27783 ms (enqueue 2.05566 ms)
[10/04/2026-22:14:14] [I] Average on 1 runs - GPU latency: 4.22021 ms - Host latency: 4.28223 ms (enqueue 2.08838 ms)
[10/04/2026-22:14:14] [I] Average on 1 runs - GPU latency: 4.21436 ms - Host latency: 4.28857 ms (enqueue 2.06836 ms)
[10/04/2026-22:14:14] [I] Average on 1 runs - GPU latency: 4.21875 ms - Host latency: 4.28027 ms (enqueue 2.11279 ms)
[10/04/2026-22:14:14] [I] Average on 1 runs - GPU latency: 4.21094 ms - Host latency: 4.27246 ms (enqueue 2.04932 ms)
[10/04/2026-22:14:14] [I] Average on 1 runs - GPU latency: 4.22168 ms - Host latency: 4.28418 ms (enqueue 2.12598 ms)
[10/04/2026-22:14:14] [I] Average on 1 runs - GPU latency: 4.21631 ms - Host latency: 4.28125 ms (enqueue 2.06152 ms)
[10/04/2026-22:14:14] [I] Average on 1 runs - GPU latency: 4.22363 ms - Host latency: 4.29053 ms (enqueue 2.15479 ms)
[10/04/2026-22:14:14] [I] Average on 1 runs - GPU latency: 4.21045 ms - Host latency: 4.27295 ms (enqueue 2.09668 ms)
[10/04/2026-22:14:14] [I] Average on 1 runs - GPU latency: 4.21875 ms - Host latency: 4.28125 ms (enqueue 2.04541 ms)
[10/04/2026-22:14:14] [I] Average on 1 runs - GPU latency: 4.21045 ms - Host latency: 4.27344 ms (enqueue 2.08398 ms)
[10/04/2026-22:14:14] [I] Average on 1 runs - GPU latency: 4.22168 ms - Host latency: 4.28516 ms (enqueue 2.04785 ms)
[10/04/2026-22:14:14] [I] Average on 1 runs - GPU latency: 4.21289 ms - Host latency: 4.27783 ms (enqueue 2.08594 ms)
[10/04/2026-22:14:14] [I] Average on 1 runs - GPU latency: 4.21094 ms - Host latency: 4.27295 ms (enqueue 2.04541 ms)
[10/04/2026-22:14:14] [I] Average on 1 runs - GPU latency: 4.21436 ms - Host latency: 4.27881 ms (enqueue 2.12158 ms)
[10/04/2026-22:14:14] [I] Average on 1 runs - GPU latency: 4.21631 ms - Host latency: 4.27832 ms (enqueue 2.05518 ms)
[10/04/2026-22:14:14] [I] Average on 1 runs - GPU latency: 4.21729 ms - Host latency: 4.2793 ms (enqueue 2.09863 ms)
[10/04/2026-22:14:14] [I] Average on 1 runs - GPU latency: 4.21631 ms - Host latency: 4.27832 ms (enqueue 2.06152 ms)
[10/04/2026-22:14:14] [I] Average on 1 runs - GPU latency: 4.21143 ms - Host latency: 4.28271 ms (enqueue 2.2085 ms)
[10/04/2026-22:14:14] [I] Average on 1 runs - GPU latency: 4.21582 ms - Host latency: 4.27979 ms (enqueue 2.11084 ms)
[10/04/2026-22:14:14] [I] Average on 1 runs - GPU latency: 4.21191 ms - Host latency: 4.2793 ms (enqueue 2.04443 ms)
[10/04/2026-22:14:14] [I] Average on 1 runs - GPU latency: 4.21826 ms - Host latency: 4.2832 ms (enqueue 2.10303 ms)
[10/04/2026-22:14:14] [I] Average on 1 runs - GPU latency: 4.21973 ms - Host latency: 4.28223 ms (enqueue 2.03467 ms)
[10/04/2026-22:14:14] [I] Average on 1 runs - GPU latency: 4.21436 ms - Host latency: 4.27734 ms (enqueue 2.07959 ms)
[10/04/2026-22:14:14] [I] Average on 1 runs - GPU latency: 4.2124 ms - Host latency: 4.27393 ms (enqueue 2.03857 ms)
[10/04/2026-22:14:14] [I] Average on 1 runs - GPU latency: 4.21094 ms - Host latency: 4.28467 ms (enqueue 2.40039 ms)
[10/04/2026-22:14:14] [I] Average on 1 runs - GPU latency: 4.21045 ms - Host latency: 4.28027 ms (enqueue 2.37744 ms)
[10/04/2026-22:14:14] [I] Average on 1 runs - GPU latency: 4.21436 ms - Host latency: 4.2793 ms (enqueue 2.229 ms)
[10/04/2026-22:14:14] [I] Average on 1 runs - GPU latency: 4.21631 ms - Host latency: 4.27881 ms (enqueue 2.1377 ms)
[10/04/2026-22:14:14] [I] Average on 1 runs - GPU latency: 4.2207 ms - Host latency: 4.28125 ms (enqueue 2.0625 ms)
[10/04/2026-22:14:14] [I] Average on 1 runs - GPU latency: 4.21875 ms - Host latency: 4.27979 ms (enqueue 2.09375 ms)
[10/04/2026-22:14:14] [I] Average on 1 runs - GPU latency: 4.21533 ms - Host latency: 4.28076 ms (enqueue 2.00098 ms)
[10/04/2026-22:14:14] [I] Average on 1 runs - GPU latency: 4.21484 ms - Host latency: 4.27637 ms (enqueue 2.06982 ms)
[10/04/2026-22:14:14] [I] Average on 1 runs - GPU latency: 4.21143 ms - Host latency: 4.27148 ms (enqueue 2.04785 ms)
[10/04/2026-22:14:14] [I] Average on 1 runs - GPU latency: 4.21143 ms - Host latency: 4.27344 ms (enqueue 2.03174 ms)
[10/04/2026-22:14:14] [I] Average on 1 runs - GPU latency: 4.21631 ms - Host latency: 4.27686 ms (enqueue 2.08154 ms)
[10/04/2026-22:14:14] [I] Average on 1 runs - GPU latency: 4.21533 ms - Host latency: 4.27979 ms (enqueue 2.05127 ms)
[10/04/2026-22:14:14] [I] Average on 1 runs - GPU latency: 4.21826 ms - Host latency: 4.28418 ms (enqueue 2.05127 ms)
[10/04/2026-22:14:14] [I] Average on 1 runs - GPU latency: 4.21777 ms - Host latency: 4.28076 ms (enqueue 2.04541 ms)
[10/04/2026-22:14:14] [I] Average on 1 runs - GPU latency: 4.21631 ms - Host latency: 4.2832 ms (enqueue 2.0874 ms)
[10/04/2026-22:14:14] [I] Average on 1 runs - GPU latency: 4.22363 ms - Host latency: 4.28955 ms (enqueue 2.03467 ms)
[10/04/2026-22:14:14] [I] Average on 1 runs - GPU latency: 4.2168 ms - Host latency: 4.28271 ms (enqueue 2.09473 ms)
[10/04/2026-22:14:14] [I] Average on 1 runs - GPU latency: 4.21631 ms - Host latency: 4.28076 ms (enqueue 2.00098 ms)
[10/04/2026-22:14:14] [I] Average on 1 runs - GPU latency: 4.20996 ms - Host latency: 4.28076 ms (enqueue 2.07031 ms)
[10/04/2026-22:14:14] [I] Average on 1 runs - GPU latency: 4.21875 ms - Host latency: 4.27979 ms (enqueue 2.02197 ms)
[10/04/2026-22:14:14] [I] Average on 1 runs - GPU latency: 4.2168 ms - Host latency: 4.28174 ms (enqueue 2.01807 ms)
[10/04/2026-22:14:14] [I] Average on 1 runs - GPU latency: 4.21875 ms - Host latency: 4.28369 ms (enqueue 2.06641 ms)
[10/04/2026-22:14:14] [I] Average on 1 runs - GPU latency: 4.20898 ms - Host latency: 4.27002 ms (enqueue 2.04102 ms)
[10/04/2026-22:14:14] [I] Average on 1 runs - GPU latency: 4.21631 ms - Host latency: 4.28174 ms (enqueue 2.04834 ms)
[10/04/2026-22:14:14] [I] Average on 1 runs - GPU latency: 4.21631 ms - Host latency: 4.27734 ms (enqueue 2.02002 ms)
[10/04/2026-22:14:14] [I] Average on 1 runs - GPU latency: 4.21631 ms - Host latency: 4.27783 ms (enqueue 2.05957 ms)
[10/04/2026-22:14:14] [I] Average on 1 runs - GPU latency: 4.21777 ms - Host latency: 4.27979 ms (enqueue 2.02979 ms)
[10/04/2026-22:14:14] [I] Average on 1 runs - GPU latency: 4.21533 ms - Host latency: 4.27686 ms (enqueue 2.09131 ms)
[10/04/2026-22:14:14] [I] Average on 1 runs - GPU latency: 4.21924 ms - Host latency: 4.28467 ms (enqueue 2.02148 ms)
[10/04/2026-22:14:14] [I] Average on 1 runs - GPU latency: 4.21777 ms - Host latency: 4.28174 ms (enqueue 2.04443 ms)
[10/04/2026-22:14:14] [I] Average on 1 runs - GPU latency: 4.22168 ms - Host latency: 4.29443 ms (enqueue 2.46289 ms)
[10/04/2026-22:14:14] [I] Average on 1 runs - GPU latency: 4.2207 ms - Host latency: 4.29102 ms (enqueue 2.35498 ms)
[10/04/2026-22:14:14] [I] Average on 1 runs - GPU latency: 4.21826 ms - Host latency: 4.29736 ms (enqueue 2.32422 ms)
[10/04/2026-22:14:14] [I] Average on 1 runs - GPU latency: 4.21875 ms - Host latency: 4.28223 ms (enqueue 2.11035 ms)
[10/04/2026-22:14:14] [I] Average on 1 runs - GPU latency: 4.21582 ms - Host latency: 4.28174 ms (enqueue 2.07227 ms)
[10/04/2026-22:14:14] [I] Average on 1 runs - GPU latency: 4.20996 ms - Host latency: 4.27637 ms (enqueue 2.03174 ms)
[10/04/2026-22:14:14] [I] Average on 1 runs - GPU latency: 4.22754 ms - Host latency: 4.29297 ms (enqueue 2.12988 ms)
[10/04/2026-22:14:14] [I] Average on 1 runs - GPU latency: 4.22363 ms - Host latency: 4.2876 ms (enqueue 2.12939 ms)
[10/04/2026-22:14:14] [I] ... Omitting 426 lines
[10/04/2026-22:14:14] [I] Average on 1 runs - GPU latency: 4.21582 ms - Host latency: 4.28027 ms (enqueue 2.01562 ms)
[10/04/2026-22:14:14] [I] Average on 1 runs - GPU latency: 4.20215 ms - Host latency: 4.26465 ms (enqueue 2.125 ms)
[10/04/2026-22:14:14] [I] Average on 1 runs - GPU latency: 4.21191 ms - Host latency: 4.27539 ms (enqueue 2.08203 ms)
[10/04/2026-22:14:14] [I] Average on 1 runs - GPU latency: 4.21973 ms - Host latency: 4.28027 ms (enqueue 2.04297 ms)
[10/04/2026-22:14:14] [I] Average on 1 runs - GPU latency: 4.2168 ms - Host latency: 4.28223 ms (enqueue 2.07422 ms)
[10/04/2026-22:14:14] [I] Average on 1 runs - GPU latency: 4.21191 ms - Host latency: 4.27441 ms (enqueue 2.0127 ms)
[10/04/2026-22:14:14] [I] Average on 1 runs - GPU latency: 4.20898 ms - Host latency: 4.27051 ms (enqueue 2.0918 ms)
[10/04/2026-22:14:14] [I] Average on 1 runs - GPU latency: 4.21387 ms - Host latency: 4.28516 ms (enqueue 2.05176 ms)
[10/04/2026-22:14:14] [I] Average on 1 runs - GPU latency: 4.21484 ms - Host latency: 4.2793 ms (enqueue 2.08887 ms)
[10/04/2026-22:14:14] [I] Average on 1 runs - GPU latency: 4.20801 ms - Host latency: 4.27051 ms (enqueue 2.08594 ms)
[10/04/2026-22:14:14] [I] Average on 1 runs - GPU latency: 4.2168 ms - Host latency: 4.28223 ms (enqueue 2.04395 ms)
[10/04/2026-22:14:14] [I] Average on 1 runs - GPU latency: 4.21387 ms - Host latency: 4.27441 ms (enqueue 2.01758 ms)
[10/04/2026-22:14:14] [I] Average on 1 runs - GPU latency: 4.2041 ms - Host latency: 4.27051 ms (enqueue 2.13672 ms)
[10/04/2026-22:14:14] [I] Average on 1 runs - GPU latency: 4.21875 ms - Host latency: 4.28027 ms (enqueue 2.08984 ms)
[10/04/2026-22:14:14] [I] Average on 1 runs - GPU latency: 4.20996 ms - Host latency: 4.28418 ms (enqueue 2.43164 ms)
[10/04/2026-22:14:14] [I] Average on 1 runs - GPU latency: 4.21875 ms - Host latency: 4.29199 ms (enqueue 2.41797 ms)
[10/04/2026-22:14:14] [I] Average on 1 runs - GPU latency: 4.21777 ms - Host latency: 4.28613 ms (enqueue 2.17676 ms)
[10/04/2026-22:14:14] [I] Average on 1 runs - GPU latency: 4.20801 ms - Host latency: 4.27441 ms (enqueue 2.15527 ms)
[10/04/2026-22:14:14] [I] Average on 1 runs - GPU latency: 4.21094 ms - Host latency: 4.27734 ms (enqueue 2.08203 ms)
[10/04/2026-22:14:14] [I] Average on 1 runs - GPU latency: 4.20898 ms - Host latency: 4.27051 ms (enqueue 2.04199 ms)
[10/04/2026-22:14:14] [I] Average on 1 runs - GPU latency: 4.20898 ms - Host latency: 4.27539 ms (enqueue 2.11133 ms)
[10/04/2026-22:14:14] [I] Average on 1 runs - GPU latency: 4.21191 ms - Host latency: 4.27832 ms (enqueue 2.0293 ms)
[10/04/2026-22:14:14] [I] Average on 1 runs - GPU latency: 4.2168 ms - Host latency: 4.28223 ms (enqueue 2.04199 ms)
[10/04/2026-22:14:14] [I] Average on 1 runs - GPU latency: 4.21094 ms - Host latency: 4.27539 ms (enqueue 2.06055 ms)
[10/04/2026-22:14:14] [I] Average on 1 runs - GPU latency: 4.21582 ms - Host latency: 4.27637 ms (enqueue 2.05566 ms)
[10/04/2026-22:14:14] [I] Average on 1 runs - GPU latency: 4.2168 ms - Host latency: 4.28125 ms (enqueue 2.02246 ms)
[10/04/2026-22:14:14] [I] Average on 1 runs - GPU latency: 4.21191 ms - Host latency: 4.27832 ms (enqueue 2.1084 ms)
[10/04/2026-22:14:14] [I] Average on 1 runs - GPU latency: 4.21777 ms - Host latency: 4.2832 ms (enqueue 2.0293 ms)
[10/04/2026-22:14:14] [I] Average on 1 runs - GPU latency: 4.21191 ms - Host latency: 4.27637 ms (enqueue 2.10449 ms)
[10/04/2026-22:14:14] [I] Average on 1 runs - GPU latency: 4.21777 ms - Host latency: 4.28223 ms (enqueue 2.05957 ms)
[10/04/2026-22:14:14] [I] Average on 1 runs - GPU latency: 4.20898 ms - Host latency: 4.27441 ms (enqueue 2.01172 ms)
[10/04/2026-22:14:14] [I] Average on 1 runs - GPU latency: 4.21875 ms - Host latency: 4.2832 ms (enqueue 2.09473 ms)
[10/04/2026-22:14:14] [I] Average on 1 runs - GPU latency: 4.21289 ms - Host latency: 4.2793 ms (enqueue 2.04102 ms)
[10/04/2026-22:14:14] [I] Average on 1 runs - GPU latency: 4.21484 ms - Host latency: 4.27539 ms (enqueue 2.07129 ms)
[10/04/2026-22:14:14] [I] Average on 1 runs - GPU latency: 4.21191 ms - Host latency: 4.27344 ms (enqueue 2.09277 ms)
[10/04/2026-22:14:14] [I] Average on 1 runs - GPU latency: 4.21289 ms - Host latency: 4.28418 ms (enqueue 2.24707 ms)
[10/04/2026-22:14:14] [I] Average on 1 runs - GPU latency: 4.21387 ms - Host latency: 4.27637 ms (enqueue 2.0918 ms)
[10/04/2026-22:14:14] [I] Average on 1 runs - GPU latency: 4.21484 ms - Host latency: 4.28027 ms (enqueue 2.09473 ms)
[10/04/2026-22:14:14] [I] Average on 1 runs - GPU latency: 4.2207 ms - Host latency: 4.2832 ms (enqueue 2.08691 ms)
[10/04/2026-22:14:14] [I] Average on 1 runs - GPU latency: 4.2168 ms - Host latency: 4.27832 ms (enqueue 2.06836 ms)
[10/04/2026-22:14:14] [I] Average on 1 runs - GPU latency: 4.21582 ms - Host latency: 4.28125 ms (enqueue 2.15039 ms)
[10/04/2026-22:14:14] [I] Average on 1 runs - GPU latency: 4.21191 ms - Host latency: 4.27539 ms (enqueue 2.0918 ms)
[10/04/2026-22:14:14] [I] Average on 1 runs - GPU latency: 4.21973 ms - Host latency: 4.28516 ms (enqueue 2.13672 ms)
[10/04/2026-22:14:14] [I] Average on 1 runs - GPU latency: 4.21484 ms - Host latency: 4.2793 ms (enqueue 2.03809 ms)
[10/04/2026-22:14:14] [I] Average on 1 runs - GPU latency: 4.21973 ms - Host latency: 4.29492 ms (enqueue 2.47559 ms)
[10/04/2026-22:14:14] [I] Average on 1 runs - GPU latency: 4.21875 ms - Host latency: 4.29102 ms (enqueue 2.41504 ms)
[10/04/2026-22:14:14] [I] Average on 1 runs - GPU latency: 4.21094 ms - Host latency: 4.27637 ms (enqueue 2.16309 ms)
[10/04/2026-22:14:14] [I] Average on 1 runs - GPU latency: 4.2207 ms - Host latency: 4.28418 ms (enqueue 2.15137 ms)
[10/04/2026-22:14:14] [I] Average on 1 runs - GPU latency: 4.20898 ms - Host latency: 4.28418 ms (enqueue 2.06348 ms)
[10/04/2026-22:14:14] [I] Average on 1 runs - GPU latency: 4.21094 ms - Host latency: 4.27539 ms (enqueue 2.10156 ms)
[10/04/2026-22:14:14] [I] Average on 1 runs - GPU latency: 4.20605 ms - Host latency: 4.27051 ms (enqueue 2.06445 ms)
[10/04/2026-22:14:14] [I] Average on 1 runs - GPU latency: 4.21289 ms - Host latency: 4.27539 ms (enqueue 2.12012 ms)
[10/04/2026-22:14:14] [I] Average on 1 runs - GPU latency: 4.21289 ms - Host latency: 4.27441 ms (enqueue 2.08789 ms)
[10/04/2026-22:14:14] [I] Average on 1 runs - GPU latency: 4.20508 ms - Host latency: 4.26758 ms (enqueue 2.11133 ms)
[10/04/2026-22:14:14] [I] Average on 1 runs - GPU latency: 4.21582 ms - Host latency: 4.27734 ms (enqueue 2.13672 ms)
[10/04/2026-22:14:14] [I] Average on 1 runs - GPU latency: 4.21875 ms - Host latency: 4.2793 ms (enqueue 2.06738 ms)
[10/04/2026-22:14:14] [I] Average on 1 runs - GPU latency: 4.21387 ms - Host latency: 4.27734 ms (enqueue 2.13672 ms)
[10/04/2026-22:14:14] [I] Average on 1 runs - GPU latency: 4.21387 ms - Host latency: 4.2793 ms (enqueue 2.06836 ms)
[10/04/2026-22:14:14] [I] Average on 1 runs - GPU latency: 4.21387 ms - Host latency: 4.27539 ms (enqueue 2.11523 ms)
[10/04/2026-22:14:14] [I] Average on 1 runs - GPU latency: 4.21973 ms - Host latency: 4.2832 ms (enqueue 2.0752 ms)
[10/04/2026-22:14:14] [I] Average on 1 runs - GPU latency: 4.2168 ms - Host latency: 4.27832 ms (enqueue 2.10449 ms)
[10/04/2026-22:14:14] [I] Average on 1 runs - GPU latency: 4.21777 ms - Host latency: 4.28223 ms (enqueue 2.12012 ms)
[10/04/2026-22:14:14] [I] Average on 1 runs - GPU latency: 4.21387 ms - Host latency: 4.27734 ms (enqueue 2.05957 ms)
[10/04/2026-22:14:14] [I] Average on 1 runs - GPU latency: 4.20703 ms - Host latency: 4.27051 ms (enqueue 2.10938 ms)
[10/04/2026-22:14:14] [I] Average on 1 runs - GPU latency: 4.20996 ms - Host latency: 4.27246 ms (enqueue 2.10156 ms)
[10/04/2026-22:14:14] [I] Average on 1 runs - GPU latency: 4.21777 ms - Host latency: 4.28027 ms (enqueue 2.11035 ms)
[10/04/2026-22:14:14] [I] Average on 1 runs - GPU latency: 4.21289 ms - Host latency: 4.27344 ms (enqueue 2.05273 ms)
[10/04/2026-22:14:14] [I] Average on 1 runs - GPU latency: 4.21191 ms - Host latency: 4.27539 ms (enqueue 2.14648 ms)
[10/04/2026-22:14:14] [I] Average on 1 runs - GPU latency: 4.22168 ms - Host latency: 4.28418 ms (enqueue 2.07715 ms)
[10/04/2026-22:14:14] [I] Average on 1 runs - GPU latency: 4.21387 ms - Host latency: 4.27539 ms (enqueue 2.13379 ms)
[10/04/2026-22:14:14] [I] Average on 1 runs - GPU latency: 4.20898 ms - Host latency: 4.27441 ms (enqueue 2.11914 ms)
[10/04/2026-22:14:14] [I] Average on 1 runs - GPU latency: 4.21191 ms - Host latency: 4.27441 ms (enqueue 2.05957 ms)
[10/04/2026-22:14:14] [I] Average on 1 runs - GPU latency: 4.20605 ms - Host latency: 4.26855 ms (enqueue 2.12109 ms)
[10/04/2026-22:14:14] [I] Average on 1 runs - GPU latency: 4.23242 ms - Host latency: 4.2998 ms (enqueue 2.21191 ms)
[10/04/2026-22:14:14] [I] Average on 1 runs - GPU latency: 4.21387 ms - Host latency: 4.28711 ms (enqueue 2.42578 ms)
[10/04/2026-22:14:14] [I] Average on 1 runs - GPU latency: 4.21777 ms - Host latency: 4.29004 ms (enqueue 2.42773 ms)
[10/04/2026-22:14:14] [I] Average on 1 runs - GPU latency: 4.21387 ms - Host latency: 4.28027 ms (enqueue 2.19043 ms)
[10/04/2026-22:14:14] [I] Average on 1 runs - GPU latency: 4.21094 ms - Host latency: 4.27734 ms (enqueue 2.12891 ms)
[10/04/2026-22:14:14] [I] Average on 1 runs - GPU latency: 4.22266 ms - Host latency: 4.29004 ms (enqueue 2.08594 ms)
[10/04/2026-22:14:14] [I] Average on 1 runs - GPU latency: 4.21777 ms - Host latency: 4.28223 ms (enqueue 2.08398 ms)
[10/04/2026-22:14:14] [I] Average on 1 runs - GPU latency: 4.21582 ms - Host latency: 4.28027 ms (enqueue 2.04004 ms)
[10/04/2026-22:14:14] [I] Average on 1 runs - GPU latency: 4.21191 ms - Host latency: 4.27832 ms (enqueue 2.08887 ms)
[10/04/2026-22:14:14] [I] Average on 1 runs - GPU latency: 4.22168 ms - Host latency: 4.28906 ms (enqueue 2.02344 ms)
[10/04/2026-22:14:14] [I] Average on 1 runs - GPU latency: 4.21191 ms - Host latency: 4.2793 ms (enqueue 2.14648 ms)
[10/04/2026-22:14:14] [I] Average on 1 runs - GPU latency: 4.21191 ms - Host latency: 4.27734 ms (enqueue 2.06445 ms)
[10/04/2026-22:14:14] [I] Average on 1 runs - GPU latency: 4.20801 ms - Host latency: 4.27344 ms (enqueue 2.02832 ms)
[10/04/2026-22:14:14] [I] Average on 1 runs - GPU latency: 4.22266 ms - Host latency: 4.28418 ms (enqueue 2.11035 ms)
[10/04/2026-22:14:14] [I] Average on 1 runs - GPU latency: 4.20605 ms - Host latency: 4.26953 ms (enqueue 2.01953 ms)
[10/04/2026-22:14:14] [I] Average on 1 runs - GPU latency: 4.21973 ms - Host latency: 4.28125 ms (enqueue 2.12305 ms)
[10/04/2026-22:14:14] [I] Average on 1 runs - GPU latency: 4.21777 ms - Host latency: 4.29102 ms (enqueue 2.06836 ms)
[10/04/2026-22:14:14] [I] Average on 1 runs - GPU latency: 4.21777 ms - Host latency: 4.2832 ms (enqueue 2.09961 ms)
[10/04/2026-22:14:14] [I] Average on 1 runs - GPU latency: 4.22559 ms - Host latency: 4.29492 ms (enqueue 2.28711 ms)
[10/04/2026-22:14:14] [I] Average on 1 runs - GPU latency: 4.21484 ms - Host latency: 4.28223 ms (enqueue 2.08008 ms)
[10/04/2026-22:14:14] [I] Average on 1 runs - GPU latency: 4.21484 ms - Host latency: 4.27734 ms (enqueue 2.11133 ms)
[10/04/2026-22:14:14] [I] Average on 1 runs - GPU latency: 4.2168 ms - Host latency: 4.2832 ms (enqueue 2.05957 ms)
[10/04/2026-22:14:14] [I] Average on 1 runs - GPU latency: 4.2168 ms - Host latency: 4.27832 ms (enqueue 2.08203 ms)
[10/04/2026-22:14:14] [I] Average on 1 runs - GPU latency: 4.20996 ms - Host latency: 4.27539 ms (enqueue 2.00684 ms)
[10/04/2026-22:14:14] [I] Average on 1 runs - GPU latency: 4.21484 ms - Host latency: 4.27832 ms (enqueue 2.11426 ms)
[10/04/2026-22:14:14] [I] Average on 1 runs - GPU latency: 4.20996 ms - Host latency: 4.27637 ms (enqueue 2.02441 ms)
[10/04/2026-22:14:14] [I] Average on 1 runs - GPU latency: 4.20703 ms - Host latency: 4.27246 ms (enqueue 2.08203 ms)
[10/04/2026-22:14:14] [I] Average on 1 runs - GPU latency: 4.20605 ms - Host latency: 4.27051 ms (enqueue 2.08789 ms)
[10/04/2026-22:14:14] [I] Average on 1 runs - GPU latency: 4.20898 ms - Host latency: 4.27148 ms (enqueue 2.38184 ms)
[10/04/2026-22:14:14] [I] Average on 1 runs - GPU latency: 4.21875 ms - Host latency: 4.28418 ms (enqueue 2.10352 ms)
[10/04/2026-22:14:14] [I] Average on 1 runs - GPU latency: 4.21094 ms - Host latency: 4.2959 ms (enqueue 2.42676 ms)
[10/04/2026-22:14:14] [I] Average on 1 runs - GPU latency: 4.22266 ms - Host latency: 4.29199 ms (enqueue 2.38574 ms)
[10/04/2026-22:14:14] [I] Average on 1 runs - GPU latency: 4.21094 ms - Host latency: 4.28223 ms (enqueue 2.3125 ms)
[10/04/2026-22:14:14] [I] Average on 1 runs - GPU latency: 4.2207 ms - Host latency: 4.28418 ms (enqueue 2.08496 ms)
[10/04/2026-22:14:14] [I] Average on 1 runs - GPU latency: 4.21191 ms - Host latency: 4.27734 ms (enqueue 2.10742 ms)
[10/04/2026-22:14:14] [I] Average on 1 runs - GPU latency: 4.20898 ms - Host latency: 4.27539 ms (enqueue 2.07031 ms)
[10/04/2026-22:14:14] [I] Average on 1 runs - GPU latency: 4.20703 ms - Host latency: 4.27832 ms (enqueue 2.10156 ms)
[10/04/2026-22:14:14] [I] Average on 1 runs - GPU latency: 4.20898 ms - Host latency: 4.27344 ms (enqueue 2.01172 ms)
[10/04/2026-22:14:14] [I] Average on 1 runs - GPU latency: 4.20898 ms - Host latency: 4.27344 ms (enqueue 2.12695 ms)
[10/04/2026-22:14:14] [I] Average on 1 runs - GPU latency: 4.21094 ms - Host latency: 4.27539 ms (enqueue 2.0918 ms)
[10/04/2026-22:14:14] [I] Average on 1 runs - GPU latency: 4.22266 ms - Host latency: 4.28516 ms (enqueue 2.10742 ms)
[10/04/2026-22:14:14] [I] Average on 1 runs - GPU latency: 4.21094 ms - Host latency: 4.27539 ms (enqueue 2.07617 ms)
[10/04/2026-22:14:14] [I] Average on 1 runs - GPU latency: 4.21484 ms - Host latency: 4.2793 ms (enqueue 2.06836 ms)
[10/04/2026-22:14:14] [I] Average on 1 runs - GPU latency: 4.21484 ms - Host latency: 4.2793 ms (enqueue 2.13281 ms)
[10/04/2026-22:14:14] [I] Average on 1 runs - GPU latency: 4.20898 ms - Host latency: 4.27344 ms (enqueue 2.08203 ms)
[10/04/2026-22:14:14] [I] Average on 1 runs - GPU latency: 4.21289 ms - Host latency: 4.27734 ms (enqueue 2.11523 ms)
[10/04/2026-22:14:14] [I] Average on 1 runs - GPU latency: 4.21484 ms - Host latency: 4.27734 ms (enqueue 2.10938 ms)
[10/04/2026-22:14:14] [I] Average on 1 runs - GPU latency: 4.21484 ms - Host latency: 4.28125 ms (enqueue 2.10547 ms)
[10/04/2026-22:14:14] [I] Average on 1 runs - GPU latency: 4.21289 ms - Host latency: 4.27734 ms (enqueue 2.14062 ms)
[10/04/2026-22:14:14] [I] Average on 1 runs - GPU latency: 4.20703 ms - Host latency: 4.27539 ms (enqueue 2.19141 ms)
[10/04/2026-22:14:14] [I] Average on 1 runs - GPU latency: 4.21094 ms - Host latency: 4.27344 ms (enqueue 2.11133 ms)
[10/04/2026-22:14:14] [I] Average on 1 runs - GPU latency: 4.20703 ms - Host latency: 4.27148 ms (enqueue 2.07031 ms)
[10/04/2026-22:14:14] [I] Average on 1 runs - GPU latency: 4.2168 ms - Host latency: 4.2832 ms (enqueue 2.08984 ms)
[10/04/2026-22:14:14] [I] Average on 1 runs - GPU latency: 4.2168 ms - Host latency: 4.27734 ms (enqueue 2.05664 ms)
[10/04/2026-22:14:14] [I] Average on 1 runs - GPU latency: 4.2168 ms - Host latency: 4.28125 ms (enqueue 2.11523 ms)
[10/04/2026-22:14:14] [I] Average on 1 runs - GPU latency: 4.21094 ms - Host latency: 4.27539 ms (enqueue 2.06445 ms)
[10/04/2026-22:14:14] [I] Average on 1 runs - GPU latency: 4.20703 ms - Host latency: 4.26953 ms (enqueue 2.08203 ms)
[10/04/2026-22:14:14] [I] Average on 1 runs - GPU latency: 4.20898 ms - Host latency: 4.2832 ms (enqueue 2.09375 ms)
[10/04/2026-22:14:14] [I] Average on 1 runs - GPU latency: 4.21094 ms - Host latency: 4.27539 ms (enqueue 2.07227 ms)
[10/04/2026-22:14:14] [I] Average on 1 runs - GPU latency: 4.21094 ms - Host latency: 4.2793 ms (enqueue 2.125 ms)
[10/04/2026-22:14:14] [I] Average on 1 runs - GPU latency: 4.21289 ms - Host latency: 4.29102 ms (enqueue 2.50977 ms)
[10/04/2026-22:14:14] [I] Average on 1 runs - GPU latency: 4.21484 ms - Host latency: 4.2832 ms (enqueue 2.37109 ms)
[10/04/2026-22:14:14] [I] Average on 1 runs - GPU latency: 4.21094 ms - Host latency: 4.28125 ms (enqueue 2.2832 ms)
[10/04/2026-22:14:14] [I] Average on 1 runs - GPU latency: 4.21289 ms - Host latency: 4.2832 ms (enqueue 2.22461 ms)
[10/04/2026-22:14:14] [I] Average on 1 runs - GPU latency: 4.21289 ms - Host latency: 4.2832 ms (enqueue 2.1543 ms)
[10/04/2026-22:14:14] [I] Average on 1 runs - GPU latency: 4.20703 ms - Host latency: 4.27539 ms (enqueue 2.07227 ms)
[10/04/2026-22:14:14] [I] Average on 1 runs - GPU latency: 4.20898 ms - Host latency: 4.27344 ms (enqueue 2.13672 ms)
[10/04/2026-22:14:14] [I] Average on 1 runs - GPU latency: 4.2207 ms - Host latency: 4.28516 ms (enqueue 2.07227 ms)
[10/04/2026-22:14:14] [I] Average on 1 runs - GPU latency: 4.21484 ms - Host latency: 4.28125 ms (enqueue 2.14453 ms)
[10/04/2026-22:14:14] [I] Average on 1 runs - GPU latency: 4.2168 ms - Host latency: 4.2793 ms (enqueue 2.05664 ms)
[10/04/2026-22:14:14] [I] Average on 1 runs - GPU latency: 4.2207 ms - Host latency: 4.2832 ms (enqueue 2.37305 ms)
[10/04/2026-22:14:14] [I] Average on 1 runs - GPU latency: 4.21289 ms - Host latency: 4.29102 ms (enqueue 2.10742 ms)
[10/04/2026-22:14:14] [I] Average on 1 runs - GPU latency: 4.20703 ms - Host latency: 4.27148 ms (enqueue 2.08789 ms)
[10/04/2026-22:14:14] [I] Average on 1 runs - GPU latency: 4.21484 ms - Host latency: 4.2793 ms (enqueue 2.15039 ms)
[10/04/2026-22:14:14] [I] Average on 1 runs - GPU latency: 4.22656 ms - Host latency: 4.29102 ms (enqueue 2.17383 ms)
[10/04/2026-22:14:14] [I] Average on 1 runs - GPU latency: 4.21094 ms - Host latency: 4.2793 ms (enqueue 2.16992 ms)
[10/04/2026-22:14:14] [I] Average on 1 runs - GPU latency: 4.2207 ms - Host latency: 4.28906 ms (enqueue 2.10938 ms)
[10/04/2026-22:14:14] [I] Average on 1 runs - GPU latency: 4.21289 ms - Host latency: 4.2793 ms (enqueue 2.13086 ms)
[10/04/2026-22:14:14] [I] Average on 1 runs - GPU latency: 4.20898 ms - Host latency: 4.27344 ms (enqueue 2.06641 ms)
[10/04/2026-22:14:14] [I] Average on 1 runs - GPU latency: 4.2168 ms - Host latency: 4.28125 ms (enqueue 2.11328 ms)
[10/04/2026-22:14:14] [I] Average on 1 runs - GPU latency: 4.21094 ms - Host latency: 4.27539 ms (enqueue 2.08984 ms)
[10/04/2026-22:14:14] [I] Average on 1 runs - GPU latency: 4.21289 ms - Host latency: 4.27734 ms (enqueue 2.19336 ms)
[10/04/2026-22:14:14] [I] Average on 1 runs - GPU latency: 4.20898 ms - Host latency: 4.26953 ms (enqueue 2.11133 ms)
[10/04/2026-22:14:14] [I] Average on 1 runs - GPU latency: 4.21094 ms - Host latency: 4.27344 ms (enqueue 2.05859 ms)
[10/04/2026-22:14:14] [I] Average on 1 runs - GPU latency: 4.20703 ms - Host latency: 4.27344 ms (enqueue 2.25195 ms)
[10/04/2026-22:14:14] [I] Average on 1 runs - GPU latency: 4.21094 ms - Host latency: 4.27539 ms (enqueue 2.06445 ms)
[10/04/2026-22:14:14] [I] Average on 1 runs - GPU latency: 4.21875 ms - Host latency: 4.28711 ms (enqueue 2.23242 ms)
[10/04/2026-22:14:14] [I] Average on 1 runs - GPU latency: 4.2168 ms - Host latency: 4.2832 ms (enqueue 2.1582 ms)
[10/04/2026-22:14:14] [I] Average on 1 runs - GPU latency: 4.2168 ms - Host latency: 4.27734 ms (enqueue 2.25391 ms)
[10/04/2026-22:14:14] [I] Average on 1 runs - GPU latency: 4.21484 ms - Host latency: 4.2793 ms (enqueue 2.12109 ms)
[10/04/2026-22:14:14] [I] Average on 1 runs - GPU latency: 4.22656 ms - Host latency: 4.30664 ms (enqueue 2.54883 ms)
[10/04/2026-22:14:14] [I] Average on 1 runs - GPU latency: 4.21875 ms - Host latency: 4.28906 ms (enqueue 2.43359 ms)
[10/04/2026-22:14:14] [I] Average on 1 runs - GPU latency: 4.21875 ms - Host latency: 4.28906 ms (enqueue 2.30469 ms)
[10/04/2026-22:14:14] [I] Average on 1 runs - GPU latency: 4.21484 ms - Host latency: 4.2793 ms (enqueue 2.14258 ms)
[10/04/2026-22:14:14] [I] Average on 1 runs - GPU latency: 4.20898 ms - Host latency: 4.27734 ms (enqueue 2.16992 ms)
[10/04/2026-22:14:14] [I] Average on 1 runs - GPU latency: 4.2168 ms - Host latency: 4.2832 ms (enqueue 2.23047 ms)
[10/04/2026-22:14:14] [I] Average on 1 runs - GPU latency: 4.20508 ms - Host latency: 4.26953 ms (enqueue 2.26953 ms)
[10/04/2026-22:14:14] [I] Average on 1 runs - GPU latency: 4.2168 ms - Host latency: 4.28125 ms (enqueue 2.125 ms)
[10/04/2026-22:14:14] [I] Average on 1 runs - GPU latency: 4.2168 ms - Host latency: 4.29688 ms (enqueue 2.05859 ms)
[10/04/2026-22:14:14] [I] Average on 1 runs - GPU latency: 4.20703 ms - Host latency: 4.27344 ms (enqueue 2.09375 ms)
[10/04/2026-22:14:14] [I] Average on 1 runs - GPU latency: 4.2168 ms - Host latency: 4.27734 ms (enqueue 2.125 ms)
[10/04/2026-22:14:14] [I] Average on 1 runs - GPU latency: 4.21289 ms - Host latency: 4.28125 ms (enqueue 2.08984 ms)
[10/04/2026-22:14:14] [I] Average on 1 runs - GPU latency: 4.20508 ms - Host latency: 4.26758 ms (enqueue 2.05078 ms)
[10/04/2026-22:14:14] [I] Average on 1 runs - GPU latency: 4.20898 ms - Host latency: 4.27539 ms (enqueue 2.17969 ms)
[10/04/2026-22:14:14] [I] Average on 1 runs - GPU latency: 4.21875 ms - Host latency: 4.2832 ms (enqueue 2.06055 ms)
[10/04/2026-22:14:14] [I] Average on 1 runs - GPU latency: 4.2168 ms - Host latency: 4.2793 ms (enqueue 2.04492 ms)
[10/04/2026-22:14:14] [I] Average on 1 runs - GPU latency: 4.20898 ms - Host latency: 4.27344 ms (enqueue 2.11914 ms)
[10/04/2026-22:14:14] [I] Average on 1 runs - GPU latency: 4.21289 ms - Host latency: 4.2793 ms (enqueue 2.06641 ms)
[10/04/2026-22:14:14] [I] Average on 1 runs - GPU latency: 4.20508 ms - Host latency: 4.26758 ms (enqueue 2.07617 ms)
[10/04/2026-22:14:14] [I] Average on 1 runs - GPU latency: 4.2168 ms - Host latency: 4.2793 ms (enqueue 2.06641 ms)
[10/04/2026-22:14:14] [I] Average on 1 runs - GPU latency: 4.21289 ms - Host latency: 4.27734 ms (enqueue 2.09375 ms)
[10/04/2026-22:14:14] [I] Average on 1 runs - GPU latency: 4.21484 ms - Host latency: 4.27734 ms (enqueue 2.15625 ms)
[10/04/2026-22:14:14] [I] Average on 1 runs - GPU latency: 4.2168 ms - Host latency: 4.29102 ms (enqueue 2.23047 ms)
[10/04/2026-22:14:14] [I] Average on 1 runs - GPU latency: 4.2168 ms - Host latency: 4.2793 ms (enqueue 2.11719 ms)
[10/04/2026-22:14:14] [I] Average on 1 runs - GPU latency: 4.21094 ms - Host latency: 4.27734 ms (enqueue 2.0957 ms)
[10/04/2026-22:14:14] [I] Average on 1 runs - GPU latency: 4.21289 ms - Host latency: 4.27539 ms (enqueue 2.11719 ms)
[10/04/2026-22:14:14] [I] Average on 1 runs - GPU latency: 4.2168 ms - Host latency: 4.28125 ms (enqueue 2.06836 ms)
[10/04/2026-22:14:14] [I] Average on 1 runs - GPU latency: 4.21484 ms - Host latency: 4.2793 ms (enqueue 2.11523 ms)
[10/04/2026-22:14:14] [I] Average on 1 runs - GPU latency: 4.21094 ms - Host latency: 4.27539 ms (enqueue 2.08984 ms)
[10/04/2026-22:14:14] [I] Average on 1 runs - GPU latency: 4.24023 ms - Host latency: 4.30469 ms (enqueue 2.23242 ms)
[10/04/2026-22:14:14] [I] Average on 1 runs - GPU latency: 4.21875 ms - Host latency: 4.29297 ms (enqueue 2.49219 ms)
[10/04/2026-22:14:14] [I] Average on 1 runs - GPU latency: 4.21875 ms - Host latency: 4.28906 ms (enqueue 2.36133 ms)
[10/04/2026-22:14:14] [I] Average on 1 runs - GPU latency: 4.2168 ms - Host latency: 4.28516 ms (enqueue 2.45703 ms)
[10/04/2026-22:14:14] [I] Average on 1 runs - GPU latency: 4.21484 ms - Host latency: 4.28125 ms (enqueue 2.10352 ms)
[10/04/2026-22:14:14] [I] Average on 1 runs - GPU latency: 4.20898 ms - Host latency: 4.27539 ms (enqueue 2.11523 ms)
[10/04/2026-22:14:14] [I] Average on 1 runs - GPU latency: 4.21094 ms - Host latency: 4.27344 ms (enqueue 2.09961 ms)
[10/04/2026-22:14:14] [I] Average on 1 runs - GPU latency: 4.20898 ms - Host latency: 4.26953 ms (enqueue 2.07031 ms)
[10/04/2026-22:14:14] [I] Average on 1 runs - GPU latency: 4.21875 ms - Host latency: 4.2832 ms (enqueue 2.09375 ms)
[10/04/2026-22:14:14] [I] 
[10/04/2026-22:14:14] [I] === Performance summary ===
[10/04/2026-22:14:14] [I] Throughput: 54.9107 qps
[10/04/2026-22:14:14] [I] Latency: min = 4.26465 ms, max = 4.97144 ms, mean = 4.2815 ms, median = 4.28027 ms, percentile(90%) = 4.28906 ms, percentile(95%) = 4.29199 ms, percentile(99%) = 4.3042 ms
[10/04/2026-22:14:14] [I] Enqueue Time: min = 1.98975 ms, max = 2.54883 ms, mean = 2.11262 ms, median = 2.08447 ms, percentile(90%) = 2.25195 ms, percentile(95%) = 2.38184 ms, percentile(99%) = 2.46289 ms
[10/04/2026-22:14:14] [I] H2D Latency: min = 0.0561523 ms, max = 0.125488 ms, mean = 0.0615128 ms, median = 0.0610352 ms, percentile(90%) = 0.0668945 ms, percentile(95%) = 0.0693359 ms, percentile(99%) = 0.0742188 ms
[10/04/2026-22:14:14] [I] GPU Compute Time: min = 4.20215 ms, max = 4.90771 ms, mean = 4.21605 ms, median = 4.21484 ms, percentile(90%) = 4.2207 ms, percentile(95%) = 4.22363 ms, percentile(99%) = 4.23047 ms
[10/04/2026-22:14:14] [I] D2H Latency: min = 0.00195312 ms, max = 0.00585938 ms, mean = 0.00393462 ms, median = 0.00390625 ms, percentile(90%) = 0.00439453 ms, percentile(95%) = 0.00488281 ms, percentile(99%) = 0.00585938 ms
[10/04/2026-22:14:14] [I] Total Host Walltime: 15.0426 s
[10/04/2026-22:14:14] [I] Total GPU Compute Time: 3.48246 s
[10/04/2026-22:14:14] [I] Explanations of the performance metrics are printed in the verbose logs.
[10/04/2026-22:14:14] [I] 
&&&& PASSED TensorRT.trtexec [TensorRT v100300] # /usr/src/tensorrt/bin/trtexec --loadEngine=/tmp/yolo26n_84172_uint8_fp16_opt3.engine --warmUp=3000 --duration=15 --idleTime=16 --avgRuns=1
