&&&& RUNNING TensorRT.trtexec [TensorRT v100300] # /usr/src/tensorrt/bin/trtexec --loadEngine=/tmp/yolo26n_84172_uint8_fp16_opt3.engine --warmUp=3000 --duration=15 --idleTime=0 --avgRuns=1
[10/06/2026-14:11:50] [I] === Model Options ===
[10/06/2026-14:11:50] [I] Format: *
[10/06/2026-14:11:50] [I] Model: 
[10/06/2026-14:11:50] [I] Output:
[10/06/2026-14:11:50] [I] 
[10/06/2026-14:11:50] [I] === System Options ===
[10/06/2026-14:11:50] [I] Device: 0
[10/06/2026-14:11:50] [I] DLACore: 
[10/06/2026-14:11:50] [I] Plugins:
[10/06/2026-14:11:50] [I] setPluginsToSerialize:
[10/06/2026-14:11:50] [I] dynamicPlugins:
[10/06/2026-14:11:50] [I] ignoreParsedPluginLibs: 0
[10/06/2026-14:11:50] [I] 
[10/06/2026-14:11:50] [I] === Inference Options ===
[10/06/2026-14:11:50] [I] Batch: Explicit
[10/06/2026-14:11:50] [I] Input inference shapes: model
[10/06/2026-14:11:50] [I] Iterations: 10
[10/06/2026-14:11:50] [I] Duration: 15s (+ 3000ms warm up)
[10/06/2026-14:11:50] [I] Sleep time: 0ms
[10/06/2026-14:11:50] [I] Idle time: 0ms
[10/06/2026-14:11:50] [I] Inference Streams: 1
[10/06/2026-14:11:50] [I] ExposeDMA: Disabled
[10/06/2026-14:11:50] [I] Data transfers: Enabled
[10/06/2026-14:11:50] [I] Spin-wait: Disabled
[10/06/2026-14:11:50] [I] Multithreading: Disabled
[10/06/2026-14:11:50] [I] CUDA Graph: Disabled
[10/06/2026-14:11:50] [I] Separate profiling: Disabled
[10/06/2026-14:11:50] [I] Time Deserialize: Disabled
[10/06/2026-14:11:50] [I] Time Refit: Disabled
[10/06/2026-14:11:50] [I] NVTX verbosity: 0
[10/06/2026-14:11:50] [I] Persistent Cache Ratio: 0
[10/06/2026-14:11:50] [I] Optimization Profile Index: 0
[10/06/2026-14:11:50] [I] Weight Streaming Budget: 100.000000%
[10/06/2026-14:11:50] [I] Inputs:
[10/06/2026-14:11:50] [I] Debug Tensor Save Destinations:
[10/06/2026-14:11:50] [I] === Reporting Options ===
[10/06/2026-14:11:50] [I] Verbose: Disabled
[10/06/2026-14:11:50] [I] Averages: 1 inferences
[10/06/2026-14:11:50] [I] Percentiles: 90,95,99
[10/06/2026-14:11:50] [I] Dump refittable layers:Disabled
[10/06/2026-14:11:50] [I] Dump output: Disabled
[10/06/2026-14:11:50] [I] Profile: Disabled
[10/06/2026-14:11:50] [I] Export timing to JSON file: 
[10/06/2026-14:11:50] [I] Export output to JSON file: 
[10/06/2026-14:11:50] [I] Export profile to JSON file: 
[10/06/2026-14:11:50] [I] 
[10/06/2026-14:11:50] [I] === Device Information ===
[10/06/2026-14:11:50] [I] Available Devices: 
[10/06/2026-14:11:50] [I]   Device 0: "Orin" UUID: GPU-6e16c2c1-e394-5324-8f2e-63a975968f4e
[10/06/2026-14:11:50] [I] Selected Device: Orin
[10/06/2026-14:11:50] [I] Selected Device ID: 0
[10/06/2026-14:11:50] [I] Selected Device UUID: GPU-6e16c2c1-e394-5324-8f2e-63a975968f4e
[10/06/2026-14:11:50] [I] Compute Capability: 8.7
[10/06/2026-14:11:50] [I] SMs: 8
[10/06/2026-14:11:50] [I] Device Global Memory: 7607 MiB
[10/06/2026-14:11:50] [I] Shared Memory per SM: 164 KiB
[10/06/2026-14:11:50] [I] Memory Bus Width: 128 bits (ECC disabled)
[10/06/2026-14:11:50] [I] Application Compute Clock Rate: 1.02 GHz
[10/06/2026-14:11:50] [I] Application Memory Clock Rate: 1.02 GHz
[10/06/2026-14:11:50] [I] 
[10/06/2026-14:11:50] [I] Note: The application clock rates do not reflect the actual clock rates that the GPU is currently running at.
[10/06/2026-14:11:50] [I] 
[10/06/2026-14:11:50] [I] TensorRT version: 10.3.0
[10/06/2026-14:11:50] [I] Loading standard plugins
[10/06/2026-14:11:50] [I] [TRT] Loaded engine size: 7 MiB
[10/06/2026-14:11:50] [I] Engine deserialized in 0.0689228 sec.
[10/06/2026-14:11:50] [I] [TRT] [MemUsageChange] TensorRT-managed allocation in IExecutionContext creation: CPU +0, GPU +12, now: CPU 0, GPU 16 (MiB)
[10/06/2026-14:11:50] [I] Setting persistentCacheLimit to 0 bytes.
[10/06/2026-14:11:50] [I] Created execution context with device memory size: 12.207 MiB
[10/06/2026-14:11:50] [I] Using random values for input images
[10/06/2026-14:11:50] [I] Input binding for images with dimensions 1x640x640x3 is created.
[10/06/2026-14:11:50] [I] Output binding for output0 with dimensions 1x300x6 is created.
[10/06/2026-14:11:50] [I] Starting inference
[10/06/2026-14:12:08] [I] Warmup completed 670 queries over 3000 ms
[10/06/2026-14:12:08] [I] Timing trace has 3521 queries over 15.0149 s
[10/06/2026-14:12:08] [I] 
[10/06/2026-14:12:08] [I] === Trace details ===
[10/06/2026-14:12:08] [I] Trace averages of 1 runs:
[10/06/2026-14:12:08] [I] Average on 1 runs - GPU latency: 4.25928 ms - Host latency: 4.41187 ms (enqueue 3.09839 ms)
[10/06/2026-14:12:08] [I] Average on 1 runs - GPU latency: 4.26025 ms - Host latency: 4.40259 ms (enqueue 3.05859 ms)
[10/06/2026-14:12:08] [I] Average on 1 runs - GPU latency: 4.26001 ms - Host latency: 4.4375 ms (enqueue 3.08179 ms)
[10/06/2026-14:12:08] [I] Average on 1 runs - GPU latency: 4.26318 ms - Host latency: 4.40015 ms (enqueue 3.11035 ms)
[10/06/2026-14:12:08] [I] Average on 1 runs - GPU latency: 4.26025 ms - Host latency: 4.39844 ms (enqueue 3.09277 ms)
[10/06/2026-14:12:08] [I] Average on 1 runs - GPU latency: 4.26514 ms - Host latency: 4.40063 ms (enqueue 3.15234 ms)
[10/06/2026-14:12:08] [I] Average on 1 runs - GPU latency: 4.2605 ms - Host latency: 4.40259 ms (enqueue 3.09692 ms)
[10/06/2026-14:12:08] [I] Average on 1 runs - GPU latency: 4.25708 ms - Host latency: 4.39575 ms (enqueue 3.15869 ms)
[10/06/2026-14:12:08] [I] Average on 1 runs - GPU latency: 4.27173 ms - Host latency: 4.40649 ms (enqueue 3.09595 ms)
[10/06/2026-14:12:08] [I] Average on 1 runs - GPU latency: 4.26733 ms - Host latency: 4.41553 ms (enqueue 3.10986 ms)
[10/06/2026-14:12:08] [I] Average on 1 runs - GPU latency: 4.26221 ms - Host latency: 4.40137 ms (enqueue 3.104 ms)
[10/06/2026-14:12:08] [I] Average on 1 runs - GPU latency: 4.26294 ms - Host latency: 4.43311 ms (enqueue 3.12378 ms)
[10/06/2026-14:12:08] [I] Average on 1 runs - GPU latency: 4.26318 ms - Host latency: 4.40576 ms (enqueue 3.03247 ms)
[10/06/2026-14:12:08] [I] Average on 1 runs - GPU latency: 4.25391 ms - Host latency: 4.39551 ms (enqueue 3.04517 ms)
[10/06/2026-14:12:08] [I] Average on 1 runs - GPU latency: 4.26172 ms - Host latency: 4.42114 ms (enqueue 3.04346 ms)
[10/06/2026-14:12:08] [I] Average on 1 runs - GPU latency: 4.2561 ms - Host latency: 4.39868 ms (enqueue 3.11475 ms)
[10/06/2026-14:12:08] [I] Average on 1 runs - GPU latency: 4.26538 ms - Host latency: 4.43188 ms (enqueue 3.15723 ms)
[10/06/2026-14:12:08] [I] Average on 1 runs - GPU latency: 4.26172 ms - Host latency: 4.39771 ms (enqueue 3.10352 ms)
[10/06/2026-14:12:08] [I] Average on 1 runs - GPU latency: 4.25488 ms - Host latency: 4.38477 ms (enqueue 3.12354 ms)
[10/06/2026-14:12:08] [I] Average on 1 runs - GPU latency: 4.25439 ms - Host latency: 4.39014 ms (enqueue 3.13379 ms)
[10/06/2026-14:12:08] [I] Average on 1 runs - GPU latency: 4.26904 ms - Host latency: 4.40698 ms (enqueue 3.17383 ms)
[10/06/2026-14:12:08] [I] Average on 1 runs - GPU latency: 4.24683 ms - Host latency: 4.38843 ms (enqueue 3.12769 ms)
[10/06/2026-14:12:08] [I] Average on 1 runs - GPU latency: 4.25635 ms - Host latency: 4.39771 ms (enqueue 3.12622 ms)
[10/06/2026-14:12:08] [I] Average on 1 runs - GPU latency: 4.26147 ms - Host latency: 4.41187 ms (enqueue 3.15356 ms)
[10/06/2026-14:12:08] [I] Average on 1 runs - GPU latency: 4.25049 ms - Host latency: 4.40039 ms (enqueue 3.13135 ms)
[10/06/2026-14:12:08] [I] Average on 1 runs - GPU latency: 4.26782 ms - Host latency: 4.40894 ms (enqueue 3.12036 ms)
[10/06/2026-14:12:08] [I] Average on 1 runs - GPU latency: 4.25464 ms - Host latency: 4.41895 ms (enqueue 3.13916 ms)
[10/06/2026-14:12:08] [I] Average on 1 runs - GPU latency: 4.26831 ms - Host latency: 4.44702 ms (enqueue 3.06665 ms)
[10/06/2026-14:12:08] [I] Average on 1 runs - GPU latency: 4.25952 ms - Host latency: 4.40332 ms (enqueue 3.05884 ms)
[10/06/2026-14:12:08] [I] Average on 1 runs - GPU latency: 4.25708 ms - Host latency: 4.40161 ms (enqueue 3.05786 ms)
[10/06/2026-14:12:08] [I] Average on 1 runs - GPU latency: 4.25854 ms - Host latency: 4.39624 ms (enqueue 3.0437 ms)
[10/06/2026-14:12:08] [I] Average on 1 runs - GPU latency: 4.25488 ms - Host latency: 4.43677 ms (enqueue 3.11279 ms)
[10/06/2026-14:12:08] [I] Average on 1 runs - GPU latency: 4.25977 ms - Host latency: 4.39697 ms (enqueue 3.08081 ms)
[10/06/2026-14:12:08] [I] Average on 1 runs - GPU latency: 4.24341 ms - Host latency: 4.3833 ms (enqueue 3.14355 ms)
[10/06/2026-14:12:08] [I] Average on 1 runs - GPU latency: 4.2605 ms - Host latency: 4.41943 ms (enqueue 3.11646 ms)
[10/06/2026-14:12:08] [I] Average on 1 runs - GPU latency: 4.25879 ms - Host latency: 4.40137 ms (enqueue 3.11938 ms)
[10/06/2026-14:12:08] [I] Average on 1 runs - GPU latency: 4.25684 ms - Host latency: 4.39722 ms (enqueue 3.14014 ms)
[10/06/2026-14:12:08] [I] Average on 1 runs - GPU latency: 4.25928 ms - Host latency: 4.38892 ms (enqueue 3.07031 ms)
[10/06/2026-14:12:08] [I] Average on 1 runs - GPU latency: 4.26074 ms - Host latency: 4.40381 ms (enqueue 3.12158 ms)
[10/06/2026-14:12:08] [I] Average on 1 runs - GPU latency: 4.25049 ms - Host latency: 4.39111 ms (enqueue 3.08228 ms)
[10/06/2026-14:12:08] [I] Average on 1 runs - GPU latency: 4.26221 ms - Host latency: 4.4314 ms (enqueue 3.13452 ms)
[10/06/2026-14:12:08] [I] Average on 1 runs - GPU latency: 4.25952 ms - Host latency: 4.3999 ms (enqueue 3.1167 ms)
[10/06/2026-14:12:08] [I] Average on 1 runs - GPU latency: 4.25635 ms - Host latency: 4.43335 ms (enqueue 3.04736 ms)
[10/06/2026-14:12:08] [I] Average on 1 runs - GPU latency: 4.26074 ms - Host latency: 4.4043 ms (enqueue 3.05688 ms)
[10/06/2026-14:12:08] [I] Average on 1 runs - GPU latency: 4.26025 ms - Host latency: 4.39453 ms (enqueue 3.05005 ms)
[10/06/2026-14:12:08] [I] Average on 1 runs - GPU latency: 4.26123 ms - Host latency: 4.40771 ms (enqueue 3.03516 ms)
[10/06/2026-14:12:08] [I] Average on 1 runs - GPU latency: 4.26123 ms - Host latency: 4.39551 ms (enqueue 3.12915 ms)
[10/06/2026-14:12:08] [I] Average on 1 runs - GPU latency: 4.26538 ms - Host latency: 4.41235 ms (enqueue 3.11133 ms)
[10/06/2026-14:12:08] [I] Average on 1 runs - GPU latency: 4.25732 ms - Host latency: 4.40259 ms (enqueue 3.09424 ms)
[10/06/2026-14:12:08] [I] Average on 1 runs - GPU latency: 4.27417 ms - Host latency: 4.42261 ms (enqueue 3.13647 ms)
[10/06/2026-14:12:08] [I] Average on 1 runs - GPU latency: 4.25684 ms - Host latency: 4.40137 ms (enqueue 3.09131 ms)
[10/06/2026-14:12:08] [I] Average on 1 runs - GPU latency: 4.25488 ms - Host latency: 4.41675 ms (enqueue 3.11914 ms)
[10/06/2026-14:12:08] [I] Average on 1 runs - GPU latency: 4.26123 ms - Host latency: 4.40088 ms (enqueue 3.09326 ms)
[10/06/2026-14:12:08] [I] Average on 1 runs - GPU latency: 4.26001 ms - Host latency: 4.40869 ms (enqueue 3.11841 ms)
[10/06/2026-14:12:08] [I] Average on 1 runs - GPU latency: 4.25586 ms - Host latency: 4.39453 ms (enqueue 3.10132 ms)
[10/06/2026-14:12:08] [I] Average on 1 runs - GPU latency: 4.26172 ms - Host latency: 4.42871 ms (enqueue 3.14819 ms)
[10/06/2026-14:12:08] [I] Average on 1 runs - GPU latency: 4.24976 ms - Host latency: 4.38403 ms (enqueue 3.1333 ms)
[10/06/2026-14:12:08] [I] Average on 1 runs - GPU latency: 4.25293 ms - Host latency: 4.38867 ms (enqueue 3.09131 ms)
[10/06/2026-14:12:08] [I] Average on 1 runs - GPU latency: 4.25928 ms - Host latency: 4.40771 ms (enqueue 3.02246 ms)
[10/06/2026-14:12:08] [I] Average on 1 runs - GPU latency: 4.25854 ms - Host latency: 4.40039 ms (enqueue 3.03271 ms)
[10/06/2026-14:12:08] [I] Average on 1 runs - GPU latency: 4.25513 ms - Host latency: 4.38794 ms (enqueue 3.01782 ms)
[10/06/2026-14:12:08] [I] Average on 1 runs - GPU latency: 4.25244 ms - Host latency: 4.38843 ms (enqueue 3.0603 ms)
[10/06/2026-14:12:08] [I] Average on 1 runs - GPU latency: 4.26367 ms - Host latency: 4.40845 ms (enqueue 3.06055 ms)
[10/06/2026-14:12:08] [I] Average on 1 runs - GPU latency: 4.27124 ms - Host latency: 4.40503 ms (enqueue 3.10083 ms)
[10/06/2026-14:12:08] [I] Average on 1 runs - GPU latency: 4.26709 ms - Host latency: 4.40552 ms (enqueue 3.09839 ms)
[10/06/2026-14:12:08] [I] Average on 1 runs - GPU latency: 4.26343 ms - Host latency: 4.42847 ms (enqueue 3.08594 ms)
[10/06/2026-14:12:08] [I] Average on 1 runs - GPU latency: 4.25586 ms - Host latency: 4.39453 ms (enqueue 3.0979 ms)
[10/06/2026-14:12:08] [I] Average on 1 runs - GPU latency: 4.26099 ms - Host latency: 4.41479 ms (enqueue 3.09961 ms)
[10/06/2026-14:12:08] [I] Average on 1 runs - GPU latency: 4.2644 ms - Host latency: 4.4082 ms (enqueue 3.07349 ms)
[10/06/2026-14:12:08] [I] Average on 1 runs - GPU latency: 4.26147 ms - Host latency: 4.40039 ms (enqueue 3.12256 ms)
[10/06/2026-14:12:08] [I] Average on 1 runs - GPU latency: 4.25513 ms - Host latency: 4.40674 ms (enqueue 3.09229 ms)
[10/06/2026-14:12:08] [I] Average on 1 runs - GPU latency: 4.25806 ms - Host latency: 4.39697 ms (enqueue 3.09644 ms)
[10/06/2026-14:12:08] [I] Average on 1 runs - GPU latency: 4.26416 ms - Host latency: 4.40308 ms (enqueue 3.11206 ms)
[10/06/2026-14:12:08] [I] Average on 1 runs - GPU latency: 4.25684 ms - Host latency: 4.39917 ms (enqueue 3.03833 ms)
[10/06/2026-14:12:08] [I] Average on 1 runs - GPU latency: 4.26172 ms - Host latency: 4.3999 ms (enqueue 3.05762 ms)
[10/06/2026-14:12:08] [I] Average on 1 runs - GPU latency: 4.2644 ms - Host latency: 4.41431 ms (enqueue 3.04126 ms)
[10/06/2026-14:12:08] [I] Average on 1 runs - GPU latency: 4.2627 ms - Host latency: 4.41211 ms (enqueue 3.10449 ms)
[10/06/2026-14:12:08] [I] Average on 1 runs - GPU latency: 4.25854 ms - Host latency: 4.39917 ms (enqueue 3.09009 ms)
[10/06/2026-14:12:08] [I] Average on 1 runs - GPU latency: 4.25317 ms - Host latency: 4.39014 ms (enqueue 3.0813 ms)
[10/06/2026-14:12:08] [I] Average on 1 runs - GPU latency: 4.25317 ms - Host latency: 4.39282 ms (enqueue 3.07349 ms)
[10/06/2026-14:12:08] [I] Average on 1 runs - GPU latency: 4.25757 ms - Host latency: 4.40454 ms (enqueue 3.09961 ms)
[10/06/2026-14:12:08] [I] Average on 1 runs - GPU latency: 4.2644 ms - Host latency: 4.40918 ms (enqueue 3.06299 ms)
[10/06/2026-14:12:08] [I] Average on 1 runs - GPU latency: 4.26001 ms - Host latency: 4.40137 ms (enqueue 3.07983 ms)
[10/06/2026-14:12:08] [I] Average on 1 runs - GPU latency: 4.26074 ms - Host latency: 4.40015 ms (enqueue 3.0708 ms)
[10/06/2026-14:12:08] [I] Average on 1 runs - GPU latency: 4.26807 ms - Host latency: 4.3999 ms (enqueue 3.11597 ms)
[10/06/2026-14:12:08] [I] Average on 1 runs - GPU latency: 4.26074 ms - Host latency: 4.43262 ms (enqueue 3.0979 ms)
[10/06/2026-14:12:08] [I] Average on 1 runs - GPU latency: 4.26074 ms - Host latency: 4.39697 ms (enqueue 3.09668 ms)
[10/06/2026-14:12:08] [I] Average on 1 runs - GPU latency: 4.26587 ms - Host latency: 4.40723 ms (enqueue 3.10474 ms)
[10/06/2026-14:12:08] [I] Average on 1 runs - GPU latency: 4.25366 ms - Host latency: 4.38647 ms (enqueue 3.05103 ms)
[10/06/2026-14:12:08] [I] Average on 1 runs - GPU latency: 4.25635 ms - Host latency: 4.39136 ms (enqueue 3.05225 ms)
[10/06/2026-14:12:08] [I] Average on 1 runs - GPU latency: 4.26489 ms - Host latency: 4.41064 ms (enqueue 3.04761 ms)
[10/06/2026-14:12:08] [I] Average on 1 runs - GPU latency: 4.25684 ms - Host latency: 4.39331 ms (enqueue 3.04468 ms)
[10/06/2026-14:12:08] [I] Average on 1 runs - GPU latency: 4.25317 ms - Host latency: 4.41968 ms (enqueue 3.10181 ms)
[10/06/2026-14:12:08] [I] Average on 1 runs - GPU latency: 4.26343 ms - Host latency: 4.39868 ms (enqueue 3.09595 ms)
[10/06/2026-14:12:08] [I] Average on 1 runs - GPU latency: 4.25879 ms - Host latency: 4.39478 ms (enqueue 3.09302 ms)
[10/06/2026-14:12:08] [I] Average on 1 runs - GPU latency: 4.25854 ms - Host latency: 4.39917 ms (enqueue 3.11646 ms)
[10/06/2026-14:12:08] [I] Average on 1 runs - GPU latency: 4.25903 ms - Host latency: 4.39868 ms (enqueue 3.08521 ms)
[10/06/2026-14:12:08] [I] Average on 1 runs - GPU latency: 4.26074 ms - Host latency: 4.39966 ms (enqueue 3.09521 ms)
[10/06/2026-14:12:08] [I] Average on 1 runs - GPU latency: 4.25854 ms - Host latency: 4.39209 ms (enqueue 3.0813 ms)
[10/06/2026-14:12:08] [I] Average on 1 runs - GPU latency: 4.25854 ms - Host latency: 4.39697 ms (enqueue 3.15283 ms)
[10/06/2026-14:12:08] [I] Average on 1 runs - GPU latency: 4.2688 ms - Host latency: 4.40845 ms (enqueue 3.08765 ms)
[10/06/2026-14:12:08] [I] Average on 1 runs - GPU latency: 4.25806 ms - Host latency: 4.39673 ms (enqueue 3.11597 ms)
[10/06/2026-14:12:08] [I] Average on 1 runs - GPU latency: 4.25732 ms - Host latency: 4.39429 ms (enqueue 3.0874 ms)
[10/06/2026-14:12:08] [I] Average on 1 runs - GPU latency: 4.25439 ms - Host latency: 4.43384 ms (enqueue 3.08032 ms)
[10/06/2026-14:12:08] [I] Average on 1 runs - GPU latency: 4.25928 ms - Host latency: 4.40454 ms (enqueue 3.06958 ms)
[10/06/2026-14:12:08] [I] Average on 1 runs - GPU latency: 4.2605 ms - Host latency: 4.42505 ms (enqueue 3.05957 ms)
[10/06/2026-14:12:08] [I] Average on 1 runs - GPU latency: 4.26074 ms - Host latency: 4.43945 ms (enqueue 3.04565 ms)
[10/06/2026-14:12:08] [I] Average on 1 runs - GPU latency: 4.25684 ms - Host latency: 4.41772 ms (enqueue 3.12598 ms)
[10/06/2026-14:12:08] [I] Average on 1 runs - GPU latency: 4.26807 ms - Host latency: 4.4353 ms (enqueue 3.13428 ms)
[10/06/2026-14:12:08] [I] Average on 1 runs - GPU latency: 4.26318 ms - Host latency: 4.40405 ms (enqueue 3.09668 ms)
[10/06/2026-14:12:08] [I] Average on 1 runs - GPU latency: 4.2522 ms - Host latency: 4.38354 ms (enqueue 3.11328 ms)
[10/06/2026-14:12:08] [I] Average on 1 runs - GPU latency: 4.25244 ms - Host latency: 4.42456 ms (enqueue 3.09204 ms)
[10/06/2026-14:12:08] [I] Average on 1 runs - GPU latency: 4.25415 ms - Host latency: 4.39233 ms (enqueue 3.13208 ms)
[10/06/2026-14:12:08] [I] Average on 1 runs - GPU latency: 4.25317 ms - Host latency: 4.40186 ms (enqueue 3.15869 ms)
[10/06/2026-14:12:08] [I] Average on 1 runs - GPU latency: 4.25781 ms - Host latency: 4.40869 ms (enqueue 3.14941 ms)
[10/06/2026-14:12:08] [I] Average on 1 runs - GPU latency: 4.26147 ms - Host latency: 4.41602 ms (enqueue 3.1167 ms)
[10/06/2026-14:12:08] [I] Average on 1 runs - GPU latency: 4.25317 ms - Host latency: 4.38721 ms (enqueue 3.08545 ms)
[10/06/2026-14:12:08] [I] Average on 1 runs - GPU latency: 4.26099 ms - Host latency: 4.39453 ms (enqueue 3.08936 ms)
[10/06/2026-14:12:08] [I] Average on 1 runs - GPU latency: 4.25366 ms - Host latency: 4.38696 ms (enqueue 3.10278 ms)
[10/06/2026-14:12:08] [I] Average on 1 runs - GPU latency: 4.26562 ms - Host latency: 4.41772 ms (enqueue 3.06763 ms)
[10/06/2026-14:12:08] [I] Average on 1 runs - GPU latency: 4.26831 ms - Host latency: 4.4082 ms (enqueue 3.06909 ms)
[10/06/2026-14:12:08] [I] Average on 1 runs - GPU latency: 4.25952 ms - Host latency: 4.40454 ms (enqueue 3.04053 ms)
[10/06/2026-14:12:08] [I] Average on 1 runs - GPU latency: 4.26685 ms - Host latency: 4.42725 ms (enqueue 3.13477 ms)
[10/06/2026-14:12:08] [I] Average on 1 runs - GPU latency: 4.2561 ms - Host latency: 4.38989 ms (enqueue 3.08691 ms)
[10/06/2026-14:12:08] [I] Average on 1 runs - GPU latency: 4.26221 ms - Host latency: 4.41235 ms (enqueue 3.11792 ms)
[10/06/2026-14:12:08] [I] Average on 1 runs - GPU latency: 4.25781 ms - Host latency: 4.39551 ms (enqueue 3.15894 ms)
[10/06/2026-14:12:08] [I] Average on 1 runs - GPU latency: 4.26416 ms - Host latency: 4.40503 ms (enqueue 3.11475 ms)
[10/06/2026-14:12:08] [I] Average on 1 runs - GPU latency: 4.27271 ms - Host latency: 4.41138 ms (enqueue 3.13184 ms)
[10/06/2026-14:12:08] [I] Average on 1 runs - GPU latency: 4.28247 ms - Host latency: 4.42749 ms (enqueue 3.09741 ms)
[10/06/2026-14:12:08] [I] Average on 1 runs - GPU latency: 4.27637 ms - Host latency: 4.42114 ms (enqueue 3.07812 ms)
[10/06/2026-14:12:08] [I] Average on 1 runs - GPU latency: 4.27734 ms - Host latency: 4.41724 ms (enqueue 3.10718 ms)
[10/06/2026-14:12:08] [I] Average on 1 runs - GPU latency: 4.28223 ms - Host latency: 4.42065 ms (enqueue 3.11719 ms)
[10/06/2026-14:12:08] [I] Average on 1 runs - GPU latency: 4.26489 ms - Host latency: 4.40601 ms (enqueue 3.09009 ms)
[10/06/2026-14:12:08] [I] Average on 1 runs - GPU latency: 4.27295 ms - Host latency: 4.44678 ms (enqueue 3.04785 ms)
[10/06/2026-14:12:08] [I] Average on 1 runs - GPU latency: 4.27441 ms - Host latency: 4.41138 ms (enqueue 3.04834 ms)
[10/06/2026-14:12:08] [I] Average on 1 runs - GPU latency: 4.26636 ms - Host latency: 4.40625 ms (enqueue 3.05566 ms)
[10/06/2026-14:12:08] [I] Average on 1 runs - GPU latency: 4.26636 ms - Host latency: 4.40649 ms (enqueue 3.05225 ms)
[10/06/2026-14:12:08] [I] Average on 1 runs - GPU latency: 4.26196 ms - Host latency: 4.40332 ms (enqueue 3.09839 ms)
[10/06/2026-14:12:08] [I] Average on 1 runs - GPU latency: 4.26855 ms - Host latency: 4.40576 ms (enqueue 3.12109 ms)
[10/06/2026-14:12:08] [I] Average on 1 runs - GPU latency: 4.25391 ms - Host latency: 4.42749 ms (enqueue 3.12744 ms)
[10/06/2026-14:12:08] [I] Average on 1 runs - GPU latency: 4.26831 ms - Host latency: 4.40576 ms (enqueue 3.11353 ms)
[10/06/2026-14:12:08] [I] Average on 1 runs - GPU latency: 4.25635 ms - Host latency: 4.39502 ms (enqueue 3.11572 ms)
[10/06/2026-14:12:08] [I] Average on 1 runs - GPU latency: 4.26074 ms - Host latency: 4.42236 ms (enqueue 3.15063 ms)
[10/06/2026-14:12:08] [I] Average on 1 runs - GPU latency: 4.26709 ms - Host latency: 4.40332 ms (enqueue 3.07886 ms)
[10/06/2026-14:12:08] [I] Average on 1 runs - GPU latency: 4.25732 ms - Host latency: 4.42896 ms (enqueue 3.0896 ms)
[10/06/2026-14:12:08] [I] Average on 1 runs - GPU latency: 4.26099 ms - Host latency: 4.39648 ms (enqueue 3.10156 ms)
[10/06/2026-14:12:08] [I] Average on 1 runs - GPU latency: 4.2627 ms - Host latency: 4.427 ms (enqueue 3.10791 ms)
[10/06/2026-14:12:08] [I] Average on 1 runs - GPU latency: 4.25879 ms - Host latency: 4.41602 ms (enqueue 3.08228 ms)
[10/06/2026-14:12:08] [I] Average on 1 runs - GPU latency: 4.25684 ms - Host latency: 4.42896 ms (enqueue 3.05615 ms)
[10/06/2026-14:12:08] [I] Average on 1 runs - GPU latency: 4.26343 ms - Host latency: 4.44092 ms (enqueue 3.05225 ms)
[10/06/2026-14:12:08] [I] Average on 1 runs - GPU latency: 4.25977 ms - Host latency: 4.40698 ms (enqueue 3.04565 ms)
[10/06/2026-14:12:08] [I] Average on 1 runs - GPU latency: 4.26001 ms - Host latency: 4.39771 ms (enqueue 3.04688 ms)
[10/06/2026-14:12:08] [I] Average on 1 runs - GPU latency: 4.26392 ms - Host latency: 4.41162 ms (enqueue 3.11963 ms)
[10/06/2026-14:12:08] [I] Average on 1 runs - GPU latency: 4.25317 ms - Host latency: 4.39282 ms (enqueue 3.09912 ms)
[10/06/2026-14:12:08] [I] Average on 1 runs - GPU latency: 4.26196 ms - Host latency: 4.40137 ms (enqueue 3.14014 ms)
[10/06/2026-14:12:08] [I] Average on 1 runs - GPU latency: 4.25659 ms - Host latency: 4.41479 ms (enqueue 3.12622 ms)
[10/06/2026-14:12:08] [I] Average on 1 runs - GPU latency: 4.27734 ms - Host latency: 4.41821 ms (enqueue 3.09863 ms)
[10/06/2026-14:12:08] [I] Average on 1 runs - GPU latency: 4.26514 ms - Host latency: 4.40649 ms (enqueue 3.10083 ms)
[10/06/2026-14:12:08] [I] Average on 1 runs - GPU latency: 4.26416 ms - Host latency: 4.41431 ms (enqueue 3.10376 ms)
[10/06/2026-14:12:08] [I] Average on 1 runs - GPU latency: 4.2522 ms - Host latency: 4.396 ms (enqueue 3.13135 ms)
[10/06/2026-14:12:08] [I] Average on 1 runs - GPU latency: 4.25708 ms - Host latency: 4.39453 ms (enqueue 3.13403 ms)
[10/06/2026-14:12:08] [I] Average on 1 runs - GPU latency: 4.25879 ms - Host latency: 4.40015 ms (enqueue 3.1377 ms)
[10/06/2026-14:12:08] [I] Average on 1 runs - GPU latency: 4.26074 ms - Host latency: 4.3938 ms (enqueue 3.10522 ms)
[10/06/2026-14:12:08] [I] Average on 1 runs - GPU latency: 4.2644 ms - Host latency: 4.40527 ms (enqueue 3.07764 ms)
[10/06/2026-14:12:08] [I] Average on 1 runs - GPU latency: 4.26611 ms - Host latency: 4.40991 ms (enqueue 3.07446 ms)
[10/06/2026-14:12:08] [I] Average on 1 runs - GPU latency: 4.25928 ms - Host latency: 4.39233 ms (enqueue 3.05054 ms)
[10/06/2026-14:12:08] [I] Average on 1 runs - GPU latency: 4.26147 ms - Host latency: 4.40479 ms (enqueue 3.04736 ms)
[10/06/2026-14:12:08] [I] Average on 1 runs - GPU latency: 4.2561 ms - Host latency: 4.39038 ms (enqueue 3.13672 ms)
[10/06/2026-14:12:08] [I] Average on 1 runs - GPU latency: 4.26025 ms - Host latency: 4.40308 ms (enqueue 3.10181 ms)
[10/06/2026-14:12:08] [I] Average on 1 runs - GPU latency: 4.26147 ms - Host latency: 4.39673 ms (enqueue 3.10889 ms)
[10/06/2026-14:12:08] [I] Average on 1 runs - GPU latency: 4.25317 ms - Host latency: 4.42798 ms (enqueue 3.09277 ms)
[10/06/2026-14:12:08] [I] Average on 1 runs - GPU latency: 4.25732 ms - Host latency: 4.38843 ms (enqueue 3.1377 ms)
[10/06/2026-14:12:08] [I] Average on 1 runs - GPU latency: 4.25293 ms - Host latency: 4.39087 ms (enqueue 3.08716 ms)
[10/06/2026-14:12:08] [I] Average on 1 runs - GPU latency: 4.26074 ms - Host latency: 4.39502 ms (enqueue 3.08569 ms)
[10/06/2026-14:12:08] [I] Average on 1 runs - GPU latency: 4.26074 ms - Host latency: 4.39551 ms (enqueue 3.10425 ms)
[10/06/2026-14:12:08] [I] Average on 1 runs - GPU latency: 4.25806 ms - Host latency: 4.4021 ms (enqueue 3.07666 ms)
[10/06/2026-14:12:08] [I] Average on 1 runs - GPU latency: 4.26855 ms - Host latency: 4.40771 ms (enqueue 3.07495 ms)
[10/06/2026-14:12:08] [I] Average on 1 runs - GPU latency: 4.26587 ms - Host latency: 4.40332 ms (enqueue 3.13843 ms)
[10/06/2026-14:12:08] [I] Average on 1 runs - GPU latency: 4.26709 ms - Host latency: 4.40649 ms (enqueue 3.13428 ms)
[10/06/2026-14:12:08] [I] Average on 1 runs - GPU latency: 4.25854 ms - Host latency: 4.39526 ms (enqueue 3.0625 ms)
[10/06/2026-14:12:08] [I] Average on 1 runs - GPU latency: 4.25269 ms - Host latency: 4.38989 ms (enqueue 3.04688 ms)
[10/06/2026-14:12:08] [I] Average on 1 runs - GPU latency: 4.25342 ms - Host latency: 4.38623 ms (enqueue 3.05566 ms)
[10/06/2026-14:12:08] [I] Average on 1 runs - GPU latency: 4.25757 ms - Host latency: 4.39331 ms (enqueue 3.10645 ms)
[10/06/2026-14:12:08] [I] Average on 1 runs - GPU latency: 4.25806 ms - Host latency: 4.40112 ms (enqueue 3.09741 ms)
[10/06/2026-14:12:08] [I] Average on 1 runs - GPU latency: 4.25439 ms - Host latency: 4.40015 ms (enqueue 3.09253 ms)
[10/06/2026-14:12:08] [I] Average on 1 runs - GPU latency: 4.2605 ms - Host latency: 4.40894 ms (enqueue 3.10498 ms)
[10/06/2026-14:12:08] [I] Average on 1 runs - GPU latency: 4.26172 ms - Host latency: 4.40088 ms (enqueue 3.12354 ms)
[10/06/2026-14:12:08] [I] Average on 1 runs - GPU latency: 4.26318 ms - Host latency: 4.39551 ms (enqueue 3.14868 ms)
[10/06/2026-14:12:08] [I] Average on 1 runs - GPU latency: 4.25537 ms - Host latency: 4.39404 ms (enqueue 3.12866 ms)
[10/06/2026-14:12:08] [I] Average on 1 runs - GPU latency: 4.26489 ms - Host latency: 4.40649 ms (enqueue 3.09668 ms)
[10/06/2026-14:12:08] [I] Average on 1 runs - GPU latency: 4.27026 ms - Host latency: 4.41772 ms (enqueue 3.10596 ms)
[10/06/2026-14:12:08] [I] Average on 1 runs - GPU latency: 4.26709 ms - Host latency: 4.40747 ms (enqueue 3.12354 ms)
[10/06/2026-14:12:08] [I] Average on 1 runs - GPU latency: 4.25732 ms - Host latency: 4.39307 ms (enqueue 3.09448 ms)
[10/06/2026-14:12:08] [I] Average on 1 runs - GPU latency: 4.2561 ms - Host latency: 4.39111 ms (enqueue 3.12451 ms)
[10/06/2026-14:12:08] [I] Average on 1 runs - GPU latency: 4.25684 ms - Host latency: 4.41138 ms (enqueue 3.05664 ms)
[10/06/2026-14:12:08] [I] Average on 1 runs - GPU latency: 4.26099 ms - Host latency: 4.39648 ms (enqueue 3.05933 ms)
[10/06/2026-14:12:08] [I] Average on 1 runs - GPU latency: 4.25781 ms - Host latency: 4.40698 ms (enqueue 3.05347 ms)
[10/06/2026-14:12:08] [I] Average on 1 runs - GPU latency: 4.26318 ms - Host latency: 4.40771 ms (enqueue 3.0564 ms)
[10/06/2026-14:12:08] [I] Average on 1 runs - GPU latency: 4.26562 ms - Host latency: 4.40576 ms (enqueue 3.08447 ms)
[10/06/2026-14:12:08] [I] Average on 1 runs - GPU latency: 4.26514 ms - Host latency: 4.39819 ms (enqueue 3.13184 ms)
[10/06/2026-14:12:08] [I] ... Omitting 3121 lines
[10/06/2026-14:12:08] [I] Average on 1 runs - GPU latency: 4.25977 ms - Host latency: 4.40234 ms (enqueue 3.07812 ms)
[10/06/2026-14:12:08] [I] Average on 1 runs - GPU latency: 4.26367 ms - Host latency: 4.4082 ms (enqueue 3.10742 ms)
[10/06/2026-14:12:08] [I] Average on 1 runs - GPU latency: 4.26367 ms - Host latency: 4.40625 ms (enqueue 3.11523 ms)
[10/06/2026-14:12:08] [I] Average on 1 runs - GPU latency: 4.25977 ms - Host latency: 4.41016 ms (enqueue 3.07617 ms)
[10/06/2026-14:12:08] [I] Average on 1 runs - GPU latency: 4.26172 ms - Host latency: 4.41406 ms (enqueue 3.05078 ms)
[10/06/2026-14:12:08] [I] Average on 1 runs - GPU latency: 4.25781 ms - Host latency: 4.41992 ms (enqueue 3.03906 ms)
[10/06/2026-14:12:08] [I] Average on 1 runs - GPU latency: 4.25391 ms - Host latency: 4.39062 ms (enqueue 3.04297 ms)
[10/06/2026-14:12:08] [I] Average on 1 runs - GPU latency: 4.26562 ms - Host latency: 4.42773 ms (enqueue 3.10938 ms)
[10/06/2026-14:12:08] [I] Average on 1 runs - GPU latency: 4.25781 ms - Host latency: 4.38867 ms (enqueue 3.07812 ms)
[10/06/2026-14:12:08] [I] Average on 1 runs - GPU latency: 4.25977 ms - Host latency: 4.4043 ms (enqueue 3.14258 ms)
[10/06/2026-14:12:08] [I] Average on 1 runs - GPU latency: 4.25391 ms - Host latency: 4.41602 ms (enqueue 3.08008 ms)
[10/06/2026-14:12:08] [I] Average on 1 runs - GPU latency: 4.25977 ms - Host latency: 4.42188 ms (enqueue 3.0957 ms)
[10/06/2026-14:12:08] [I] Average on 1 runs - GPU latency: 4.26172 ms - Host latency: 4.40039 ms (enqueue 3.18164 ms)
[10/06/2026-14:12:08] [I] Average on 1 runs - GPU latency: 4.26758 ms - Host latency: 4.4375 ms (enqueue 3.19336 ms)
[10/06/2026-14:12:08] [I] Average on 1 runs - GPU latency: 4.26172 ms - Host latency: 4.40625 ms (enqueue 3.10156 ms)
[10/06/2026-14:12:08] [I] Average on 1 runs - GPU latency: 4.25586 ms - Host latency: 4.4082 ms (enqueue 3.10742 ms)
[10/06/2026-14:12:08] [I] Average on 1 runs - GPU latency: 4.25781 ms - Host latency: 4.39648 ms (enqueue 3.07617 ms)
[10/06/2026-14:12:08] [I] Average on 1 runs - GPU latency: 4.26172 ms - Host latency: 4.39648 ms (enqueue 3.06445 ms)
[10/06/2026-14:12:08] [I] Average on 1 runs - GPU latency: 4.27539 ms - Host latency: 4.41406 ms (enqueue 3.1875 ms)
[10/06/2026-14:12:08] [I] Average on 1 runs - GPU latency: 4.25391 ms - Host latency: 4.40039 ms (enqueue 3.08594 ms)
[10/06/2026-14:12:08] [I] Average on 1 runs - GPU latency: 4.26172 ms - Host latency: 4.41992 ms (enqueue 3.06055 ms)
[10/06/2026-14:12:08] [I] Average on 1 runs - GPU latency: 4.25977 ms - Host latency: 4.39844 ms (enqueue 3.0332 ms)
[10/06/2026-14:12:08] [I] Average on 1 runs - GPU latency: 4.25781 ms - Host latency: 4.39453 ms (enqueue 3.07422 ms)
[10/06/2026-14:12:08] [I] Average on 1 runs - GPU latency: 4.25586 ms - Host latency: 4.40234 ms (enqueue 3.12109 ms)
[10/06/2026-14:12:08] [I] Average on 1 runs - GPU latency: 4.24805 ms - Host latency: 4.39844 ms (enqueue 3.16016 ms)
[10/06/2026-14:12:08] [I] Average on 1 runs - GPU latency: 4.26172 ms - Host latency: 4.42383 ms (enqueue 3.08398 ms)
[10/06/2026-14:12:08] [I] Average on 1 runs - GPU latency: 4.25977 ms - Host latency: 4.4043 ms (enqueue 3.125 ms)
[10/06/2026-14:12:08] [I] Average on 1 runs - GPU latency: 4.25586 ms - Host latency: 4.39648 ms (enqueue 3.10156 ms)
[10/06/2026-14:12:08] [I] Average on 1 runs - GPU latency: 4.25977 ms - Host latency: 4.4082 ms (enqueue 3.09766 ms)
[10/06/2026-14:12:08] [I] Average on 1 runs - GPU latency: 4.25586 ms - Host latency: 4.40625 ms (enqueue 3.11328 ms)
[10/06/2026-14:12:08] [I] Average on 1 runs - GPU latency: 4.26367 ms - Host latency: 4.39844 ms (enqueue 3.23438 ms)
[10/06/2026-14:12:08] [I] Average on 1 runs - GPU latency: 4.26172 ms - Host latency: 4.40234 ms (enqueue 3.11523 ms)
[10/06/2026-14:12:08] [I] Average on 1 runs - GPU latency: 4.26758 ms - Host latency: 4.40234 ms (enqueue 3.13477 ms)
[10/06/2026-14:12:08] [I] Average on 1 runs - GPU latency: 4.26562 ms - Host latency: 4.41016 ms (enqueue 3.11719 ms)
[10/06/2026-14:12:08] [I] Average on 1 runs - GPU latency: 4.25977 ms - Host latency: 4.4043 ms (enqueue 3.04492 ms)
[10/06/2026-14:12:08] [I] Average on 1 runs - GPU latency: 4.25195 ms - Host latency: 4.38867 ms (enqueue 3.02734 ms)
[10/06/2026-14:12:08] [I] Average on 1 runs - GPU latency: 4.26953 ms - Host latency: 4.42383 ms (enqueue 3.04102 ms)
[10/06/2026-14:12:08] [I] Average on 1 runs - GPU latency: 4.25781 ms - Host latency: 4.40234 ms (enqueue 3.03125 ms)
[10/06/2026-14:12:08] [I] Average on 1 runs - GPU latency: 4.25 ms - Host latency: 4.41406 ms (enqueue 3.08008 ms)
[10/06/2026-14:12:08] [I] Average on 1 runs - GPU latency: 4.25977 ms - Host latency: 4.39648 ms (enqueue 3.12305 ms)
[10/06/2026-14:12:08] [I] Average on 1 runs - GPU latency: 4.26172 ms - Host latency: 4.40234 ms (enqueue 3.12305 ms)
[10/06/2026-14:12:08] [I] Average on 1 runs - GPU latency: 4.26758 ms - Host latency: 4.41016 ms (enqueue 3.19922 ms)
[10/06/2026-14:12:08] [I] Average on 1 runs - GPU latency: 4.26953 ms - Host latency: 4.44727 ms (enqueue 3.20703 ms)
[10/06/2026-14:12:08] [I] Average on 1 runs - GPU latency: 4.25977 ms - Host latency: 4.39844 ms (enqueue 3.13867 ms)
[10/06/2026-14:12:08] [I] Average on 1 runs - GPU latency: 4.26172 ms - Host latency: 4.43359 ms (enqueue 3.08594 ms)
[10/06/2026-14:12:08] [I] Average on 1 runs - GPU latency: 4.26367 ms - Host latency: 4.39844 ms (enqueue 3.08008 ms)
[10/06/2026-14:12:08] [I] Average on 1 runs - GPU latency: 4.26562 ms - Host latency: 4.4082 ms (enqueue 3.10547 ms)
[10/06/2026-14:12:08] [I] Average on 1 runs - GPU latency: 4.25586 ms - Host latency: 4.39648 ms (enqueue 3.09375 ms)
[10/06/2026-14:12:08] [I] Average on 1 runs - GPU latency: 4.26562 ms - Host latency: 4.41211 ms (enqueue 3.08594 ms)
[10/06/2026-14:12:08] [I] Average on 1 runs - GPU latency: 4.25781 ms - Host latency: 4.4043 ms (enqueue 3.05078 ms)
[10/06/2026-14:12:08] [I] Average on 1 runs - GPU latency: 4.25781 ms - Host latency: 4.40625 ms (enqueue 3.02734 ms)
[10/06/2026-14:12:08] [I] Average on 1 runs - GPU latency: 4.25781 ms - Host latency: 4.39453 ms (enqueue 3.04688 ms)
[10/06/2026-14:12:08] [I] Average on 1 runs - GPU latency: 4.26758 ms - Host latency: 4.42969 ms (enqueue 3.04102 ms)
[10/06/2026-14:12:08] [I] Average on 1 runs - GPU latency: 4.25977 ms - Host latency: 4.39453 ms (enqueue 2.86914 ms)
[10/06/2026-14:12:08] [I] Average on 1 runs - GPU latency: 4.26367 ms - Host latency: 4.40234 ms (enqueue 3.13477 ms)
[10/06/2026-14:12:08] [I] Average on 1 runs - GPU latency: 4.25586 ms - Host latency: 4.39258 ms (enqueue 3.16016 ms)
[10/06/2026-14:12:08] [I] Average on 1 runs - GPU latency: 4.26172 ms - Host latency: 4.39844 ms (enqueue 3.10156 ms)
[10/06/2026-14:12:08] [I] Average on 1 runs - GPU latency: 4.26758 ms - Host latency: 4.41602 ms (enqueue 3.12695 ms)
[10/06/2026-14:12:08] [I] Average on 1 runs - GPU latency: 4.28516 ms - Host latency: 4.42969 ms (enqueue 3.23242 ms)
[10/06/2026-14:12:08] [I] Average on 1 runs - GPU latency: 4.27148 ms - Host latency: 4.45508 ms (enqueue 3.20117 ms)
[10/06/2026-14:12:08] [I] Average on 1 runs - GPU latency: 4.26367 ms - Host latency: 4.4082 ms (enqueue 3.13086 ms)
[10/06/2026-14:12:08] [I] Average on 1 runs - GPU latency: 4.26367 ms - Host latency: 4.40039 ms (enqueue 3.12695 ms)
[10/06/2026-14:12:08] [I] Average on 1 runs - GPU latency: 4.25977 ms - Host latency: 4.39844 ms (enqueue 3.09766 ms)
[10/06/2026-14:12:08] [I] Average on 1 runs - GPU latency: 4.26172 ms - Host latency: 4.40234 ms (enqueue 3.13867 ms)
[10/06/2026-14:12:08] [I] Average on 1 runs - GPU latency: 4.26953 ms - Host latency: 4.44141 ms (enqueue 2.93359 ms)
[10/06/2026-14:12:08] [I] Average on 1 runs - GPU latency: 4.26172 ms - Host latency: 4.42969 ms (enqueue 3.05469 ms)
[10/06/2026-14:12:08] [I] Average on 1 runs - GPU latency: 4.26367 ms - Host latency: 4.41406 ms (enqueue 3.07617 ms)
[10/06/2026-14:12:08] [I] Average on 1 runs - GPU latency: 4.26758 ms - Host latency: 4.40234 ms (enqueue 3.05664 ms)
[10/06/2026-14:12:08] [I] Average on 1 runs - GPU latency: 4.27344 ms - Host latency: 4.41602 ms (enqueue 3.14648 ms)
[10/06/2026-14:12:08] [I] Average on 1 runs - GPU latency: 4.24805 ms - Host latency: 4.38867 ms (enqueue 3.24219 ms)
[10/06/2026-14:12:08] [I] Average on 1 runs - GPU latency: 4.25977 ms - Host latency: 4.40234 ms (enqueue 3.02344 ms)
[10/06/2026-14:12:08] [I] Average on 1 runs - GPU latency: 4.25391 ms - Host latency: 4.38867 ms (enqueue 3.10938 ms)
[10/06/2026-14:12:08] [I] Average on 1 runs - GPU latency: 4.26758 ms - Host latency: 4.42383 ms (enqueue 3.16211 ms)
[10/06/2026-14:12:08] [I] Average on 1 runs - GPU latency: 4.26562 ms - Host latency: 4.4043 ms (enqueue 3.08203 ms)
[10/06/2026-14:12:08] [I] Average on 1 runs - GPU latency: 4.25195 ms - Host latency: 4.39453 ms (enqueue 3.15625 ms)
[10/06/2026-14:12:08] [I] Average on 1 runs - GPU latency: 4.25391 ms - Host latency: 4.40625 ms (enqueue 3.15625 ms)
[10/06/2026-14:12:08] [I] Average on 1 runs - GPU latency: 4.25977 ms - Host latency: 4.39844 ms (enqueue 3.10352 ms)
[10/06/2026-14:12:08] [I] Average on 1 runs - GPU latency: 4.26562 ms - Host latency: 4.4082 ms (enqueue 3.12891 ms)
[10/06/2026-14:12:08] [I] Average on 1 runs - GPU latency: 4.26367 ms - Host latency: 4.41016 ms (enqueue 3.125 ms)
[10/06/2026-14:12:08] [I] Average on 1 runs - GPU latency: 4.26562 ms - Host latency: 4.41602 ms (enqueue 3.04688 ms)
[10/06/2026-14:12:08] [I] Average on 1 runs - GPU latency: 4.26172 ms - Host latency: 4.40625 ms (enqueue 3.06641 ms)
[10/06/2026-14:12:08] [I] Average on 1 runs - GPU latency: 4.25391 ms - Host latency: 4.39648 ms (enqueue 3.0625 ms)
[10/06/2026-14:12:08] [I] Average on 1 runs - GPU latency: 4.25977 ms - Host latency: 4.41992 ms (enqueue 3.06445 ms)
[10/06/2026-14:12:08] [I] Average on 1 runs - GPU latency: 4.25391 ms - Host latency: 4.39062 ms (enqueue 3.08984 ms)
[10/06/2026-14:12:08] [I] Average on 1 runs - GPU latency: 4.25977 ms - Host latency: 4.39648 ms (enqueue 3.11914 ms)
[10/06/2026-14:12:08] [I] Average on 1 runs - GPU latency: 4.26172 ms - Host latency: 4.40625 ms (enqueue 3.15039 ms)
[10/06/2026-14:12:08] [I] Average on 1 runs - GPU latency: 4.25586 ms - Host latency: 4.39453 ms (enqueue 3.16602 ms)
[10/06/2026-14:12:08] [I] Average on 1 runs - GPU latency: 4.25391 ms - Host latency: 4.42773 ms (enqueue 3.18359 ms)
[10/06/2026-14:12:08] [I] Average on 1 runs - GPU latency: 4.25977 ms - Host latency: 4.39648 ms (enqueue 3.14453 ms)
[10/06/2026-14:12:08] [I] Average on 1 runs - GPU latency: 4.26562 ms - Host latency: 4.4082 ms (enqueue 3.09375 ms)
[10/06/2026-14:12:08] [I] Average on 1 runs - GPU latency: 4.26172 ms - Host latency: 4.42578 ms (enqueue 3.14062 ms)
[10/06/2026-14:12:08] [I] Average on 1 runs - GPU latency: 4.25391 ms - Host latency: 4.39258 ms (enqueue 3.16992 ms)
[10/06/2026-14:12:08] [I] Average on 1 runs - GPU latency: 4.25977 ms - Host latency: 4.42578 ms (enqueue 3.09375 ms)
[10/06/2026-14:12:08] [I] Average on 1 runs - GPU latency: 4.26172 ms - Host latency: 4.43945 ms (enqueue 3.11914 ms)
[10/06/2026-14:12:08] [I] Average on 1 runs - GPU latency: 4.26172 ms - Host latency: 4.40039 ms (enqueue 3.07031 ms)
[10/06/2026-14:12:08] [I] Average on 1 runs - GPU latency: 4.26562 ms - Host latency: 4.4043 ms (enqueue 3.05664 ms)
[10/06/2026-14:12:08] [I] Average on 1 runs - GPU latency: 4.26562 ms - Host latency: 4.41992 ms (enqueue 3.04102 ms)
[10/06/2026-14:12:08] [I] Average on 1 runs - GPU latency: 4.25195 ms - Host latency: 4.39258 ms (enqueue 3.0625 ms)
[10/06/2026-14:12:08] [I] Average on 1 runs - GPU latency: 4.26172 ms - Host latency: 4.41797 ms (enqueue 3.09766 ms)
[10/06/2026-14:12:08] [I] Average on 1 runs - GPU latency: 4.26172 ms - Host latency: 4.40234 ms (enqueue 3.11914 ms)
[10/06/2026-14:12:08] [I] Average on 1 runs - GPU latency: 4.25781 ms - Host latency: 4.39062 ms (enqueue 3.09766 ms)
[10/06/2026-14:12:08] [I] Average on 1 runs - GPU latency: 4.25586 ms - Host latency: 4.4043 ms (enqueue 3.15625 ms)
[10/06/2026-14:12:08] [I] Average on 1 runs - GPU latency: 4.26367 ms - Host latency: 4.40625 ms (enqueue 3.12109 ms)
[10/06/2026-14:12:08] [I] Average on 1 runs - GPU latency: 4.25977 ms - Host latency: 4.4082 ms (enqueue 3.1875 ms)
[10/06/2026-14:12:08] [I] Average on 1 runs - GPU latency: 4.25391 ms - Host latency: 4.41992 ms (enqueue 3.14648 ms)
[10/06/2026-14:12:08] [I] Average on 1 runs - GPU latency: 4.25586 ms - Host latency: 4.39844 ms (enqueue 3.11523 ms)
[10/06/2026-14:12:08] [I] Average on 1 runs - GPU latency: 4.25781 ms - Host latency: 4.39258 ms (enqueue 3.08594 ms)
[10/06/2026-14:12:08] [I] Average on 1 runs - GPU latency: 4.25977 ms - Host latency: 4.41406 ms (enqueue 3.11133 ms)
[10/06/2026-14:12:08] [I] Average on 1 runs - GPU latency: 4.25781 ms - Host latency: 4.40039 ms (enqueue 3.10156 ms)
[10/06/2026-14:12:08] [I] Average on 1 runs - GPU latency: 4.25195 ms - Host latency: 4.38867 ms (enqueue 3.08594 ms)
[10/06/2026-14:12:08] [I] Average on 1 runs - GPU latency: 4.25977 ms - Host latency: 4.40625 ms (enqueue 3.06445 ms)
[10/06/2026-14:12:08] [I] Average on 1 runs - GPU latency: 4.25 ms - Host latency: 4.39062 ms (enqueue 3.0625 ms)
[10/06/2026-14:12:08] [I] Average on 1 runs - GPU latency: 4.25977 ms - Host latency: 4.4043 ms (enqueue 3.05469 ms)
[10/06/2026-14:12:08] [I] Average on 1 runs - GPU latency: 4.25195 ms - Host latency: 4.41211 ms (enqueue 3.15234 ms)
[10/06/2026-14:12:08] [I] Average on 1 runs - GPU latency: 4.25391 ms - Host latency: 4.39648 ms (enqueue 3.11719 ms)
[10/06/2026-14:12:08] [I] Average on 1 runs - GPU latency: 4.26758 ms - Host latency: 4.42578 ms (enqueue 3.23828 ms)
[10/06/2026-14:12:08] [I] Average on 1 runs - GPU latency: 4.25586 ms - Host latency: 4.40039 ms (enqueue 3.10156 ms)
[10/06/2026-14:12:08] [I] Average on 1 runs - GPU latency: 4.26562 ms - Host latency: 4.42188 ms (enqueue 3.13086 ms)
[10/06/2026-14:12:08] [I] Average on 1 runs - GPU latency: 4.25586 ms - Host latency: 4.39062 ms (enqueue 3.12695 ms)
[10/06/2026-14:12:08] [I] Average on 1 runs - GPU latency: 4.25195 ms - Host latency: 4.38867 ms (enqueue 3.10547 ms)
[10/06/2026-14:12:08] [I] Average on 1 runs - GPU latency: 4.25195 ms - Host latency: 4.38477 ms (enqueue 3.11719 ms)
[10/06/2026-14:12:08] [I] Average on 1 runs - GPU latency: 4.25586 ms - Host latency: 4.38672 ms (enqueue 3.12109 ms)
[10/06/2026-14:12:08] [I] Average on 1 runs - GPU latency: 4.26172 ms - Host latency: 4.40039 ms (enqueue 3.0957 ms)
[10/06/2026-14:12:08] [I] Average on 1 runs - GPU latency: 4.26367 ms - Host latency: 4.4082 ms (enqueue 3.09766 ms)
[10/06/2026-14:12:08] [I] Average on 1 runs - GPU latency: 4.25195 ms - Host latency: 4.39258 ms (enqueue 3.13281 ms)
[10/06/2026-14:12:08] [I] Average on 1 runs - GPU latency: 4.25977 ms - Host latency: 4.39453 ms (enqueue 3.08789 ms)
[10/06/2026-14:12:08] [I] Average on 1 runs - GPU latency: 4.25586 ms - Host latency: 4.39648 ms (enqueue 3.08594 ms)
[10/06/2026-14:12:08] [I] Average on 1 runs - GPU latency: 4.25391 ms - Host latency: 4.39258 ms (enqueue 3.07227 ms)
[10/06/2026-14:12:08] [I] Average on 1 runs - GPU latency: 4.26367 ms - Host latency: 4.42383 ms (enqueue 3.06055 ms)
[10/06/2026-14:12:08] [I] Average on 1 runs - GPU latency: 4.25977 ms - Host latency: 4.4082 ms (enqueue 3.15234 ms)
[10/06/2026-14:12:08] [I] Average on 1 runs - GPU latency: 4.25977 ms - Host latency: 4.39453 ms (enqueue 3.14258 ms)
[10/06/2026-14:12:08] [I] Average on 1 runs - GPU latency: 4.25977 ms - Host latency: 4.40039 ms (enqueue 3.13672 ms)
[10/06/2026-14:12:08] [I] Average on 1 runs - GPU latency: 4.26562 ms - Host latency: 4.4043 ms (enqueue 3.20312 ms)
[10/06/2026-14:12:08] [I] Average on 1 runs - GPU latency: 4.26758 ms - Host latency: 4.44336 ms (enqueue 3.25391 ms)
[10/06/2026-14:12:08] [I] Average on 1 runs - GPU latency: 4.25391 ms - Host latency: 4.39844 ms (enqueue 3.10156 ms)
[10/06/2026-14:12:08] [I] Average on 1 runs - GPU latency: 4.26758 ms - Host latency: 4.4043 ms (enqueue 3.11719 ms)
[10/06/2026-14:12:08] [I] Average on 1 runs - GPU latency: 4.26562 ms - Host latency: 4.40625 ms (enqueue 3.14062 ms)
[10/06/2026-14:12:08] [I] Average on 1 runs - GPU latency: 4.25781 ms - Host latency: 4.39844 ms (enqueue 3.11914 ms)
[10/06/2026-14:12:08] [I] Average on 1 runs - GPU latency: 4.25977 ms - Host latency: 4.39844 ms (enqueue 3.12695 ms)
[10/06/2026-14:12:08] [I] Average on 1 runs - GPU latency: 4.25195 ms - Host latency: 4.38672 ms (enqueue 3.11523 ms)
[10/06/2026-14:12:08] [I] Average on 1 runs - GPU latency: 4.26562 ms - Host latency: 4.44531 ms (enqueue 3.04102 ms)
[10/06/2026-14:12:08] [I] Average on 1 runs - GPU latency: 4.25781 ms - Host latency: 4.40039 ms (enqueue 3.03516 ms)
[10/06/2026-14:12:08] [I] Average on 1 runs - GPU latency: 4.26172 ms - Host latency: 4.39844 ms (enqueue 3.04883 ms)
[10/06/2026-14:12:08] [I] Average on 1 runs - GPU latency: 4.26172 ms - Host latency: 4.41406 ms (enqueue 3.03711 ms)
[10/06/2026-14:12:08] [I] Average on 1 runs - GPU latency: 4.25 ms - Host latency: 4.38281 ms (enqueue 3.08594 ms)
[10/06/2026-14:12:08] [I] Average on 1 runs - GPU latency: 4.26172 ms - Host latency: 4.41602 ms (enqueue 3.10547 ms)
[10/06/2026-14:12:08] [I] Average on 1 runs - GPU latency: 4.25 ms - Host latency: 4.39062 ms (enqueue 3.10352 ms)
[10/06/2026-14:12:08] [I] Average on 1 runs - GPU latency: 4.25977 ms - Host latency: 4.40234 ms (enqueue 3.14062 ms)
[10/06/2026-14:12:08] [I] Average on 1 runs - GPU latency: 4.25586 ms - Host latency: 4.39258 ms (enqueue 3.11133 ms)
[10/06/2026-14:12:08] [I] Average on 1 runs - GPU latency: 4.25781 ms - Host latency: 4.39258 ms (enqueue 3.13867 ms)
[10/06/2026-14:12:08] [I] Average on 1 runs - GPU latency: 4.26758 ms - Host latency: 4.44336 ms (enqueue 3.16016 ms)
[10/06/2026-14:12:08] [I] Average on 1 runs - GPU latency: 4.25977 ms - Host latency: 4.40234 ms (enqueue 3.10938 ms)
[10/06/2026-14:12:08] [I] Average on 1 runs - GPU latency: 4.25391 ms - Host latency: 4.39258 ms (enqueue 3.13086 ms)
[10/06/2026-14:12:08] [I] Average on 1 runs - GPU latency: 4.25195 ms - Host latency: 4.4082 ms (enqueue 3.14453 ms)
[10/06/2026-14:12:08] [I] Average on 1 runs - GPU latency: 4.25977 ms - Host latency: 4.41992 ms (enqueue 3.11133 ms)
[10/06/2026-14:12:08] [I] Average on 1 runs - GPU latency: 4.25391 ms - Host latency: 4.38672 ms (enqueue 3.04297 ms)
[10/06/2026-14:12:08] [I] Average on 1 runs - GPU latency: 4.26953 ms - Host latency: 4.42383 ms (enqueue 3.0625 ms)
[10/06/2026-14:12:08] [I] Average on 1 runs - GPU latency: 4.25977 ms - Host latency: 4.40234 ms (enqueue 3.05273 ms)
[10/06/2026-14:12:08] [I] Average on 1 runs - GPU latency: 4.26562 ms - Host latency: 4.41016 ms (enqueue 3.05078 ms)
[10/06/2026-14:12:08] [I] Average on 1 runs - GPU latency: 4.25781 ms - Host latency: 4.39062 ms (enqueue 3.08984 ms)
[10/06/2026-14:12:08] [I] Average on 1 runs - GPU latency: 4.25391 ms - Host latency: 4.40234 ms (enqueue 3.16602 ms)
[10/06/2026-14:12:08] [I] Average on 1 runs - GPU latency: 4.25781 ms - Host latency: 4.40039 ms (enqueue 3.25781 ms)
[10/06/2026-14:12:08] [I] Average on 1 runs - GPU latency: 4.25391 ms - Host latency: 4.39453 ms (enqueue 3.10938 ms)
[10/06/2026-14:12:08] [I] Average on 1 runs - GPU latency: 4.26172 ms - Host latency: 4.40039 ms (enqueue 3.11719 ms)
[10/06/2026-14:12:08] [I] Average on 1 runs - GPU latency: 4.26562 ms - Host latency: 4.4043 ms (enqueue 3.12109 ms)
[10/06/2026-14:12:08] [I] Average on 1 runs - GPU latency: 4.26172 ms - Host latency: 4.39844 ms (enqueue 3.12109 ms)
[10/06/2026-14:12:08] [I] Average on 1 runs - GPU latency: 4.25391 ms - Host latency: 4.39062 ms (enqueue 3.0918 ms)
[10/06/2026-14:12:08] [I] Average on 1 runs - GPU latency: 4.24609 ms - Host latency: 4.41406 ms (enqueue 3.12109 ms)
[10/06/2026-14:12:08] [I] Average on 1 runs - GPU latency: 4.26172 ms - Host latency: 4.39844 ms (enqueue 3.12695 ms)
[10/06/2026-14:12:08] [I] Average on 1 runs - GPU latency: 4.25781 ms - Host latency: 4.39258 ms (enqueue 3.08984 ms)
[10/06/2026-14:12:08] [I] Average on 1 runs - GPU latency: 4.26172 ms - Host latency: 4.39453 ms (enqueue 3.0957 ms)
[10/06/2026-14:12:08] [I] Average on 1 runs - GPU latency: 4.26367 ms - Host latency: 4.40039 ms (enqueue 3.05469 ms)
[10/06/2026-14:12:08] [I] Average on 1 runs - GPU latency: 4.25391 ms - Host latency: 4.39648 ms (enqueue 3.10156 ms)
[10/06/2026-14:12:08] [I] Average on 1 runs - GPU latency: 4.26953 ms - Host latency: 4.41406 ms (enqueue 3.05664 ms)
[10/06/2026-14:12:08] [I] Average on 1 runs - GPU latency: 4.26367 ms - Host latency: 4.39453 ms (enqueue 3.04688 ms)
[10/06/2026-14:12:08] [I] Average on 1 runs - GPU latency: 4.26172 ms - Host latency: 4.40039 ms (enqueue 3.08008 ms)
[10/06/2026-14:12:08] [I] Average on 1 runs - GPU latency: 4.26172 ms - Host latency: 4.4043 ms (enqueue 3.08008 ms)
[10/06/2026-14:12:08] [I] Average on 1 runs - GPU latency: 4.25586 ms - Host latency: 4.40039 ms (enqueue 3.09961 ms)
[10/06/2026-14:12:08] [I] Average on 1 runs - GPU latency: 4.25 ms - Host latency: 4.38867 ms (enqueue 3.20898 ms)
[10/06/2026-14:12:08] [I] Average on 1 runs - GPU latency: 4.24805 ms - Host latency: 4.41602 ms (enqueue 3.16602 ms)
[10/06/2026-14:12:08] [I] Average on 1 runs - GPU latency: 4.25781 ms - Host latency: 4.41797 ms (enqueue 3.14648 ms)
[10/06/2026-14:12:08] [I] Average on 1 runs - GPU latency: 4.25391 ms - Host latency: 4.39453 ms (enqueue 3.07812 ms)
[10/06/2026-14:12:08] [I] Average on 1 runs - GPU latency: 4.26172 ms - Host latency: 4.40234 ms (enqueue 3.11719 ms)
[10/06/2026-14:12:08] [I] Average on 1 runs - GPU latency: 4.25781 ms - Host latency: 4.42578 ms (enqueue 3.13477 ms)
[10/06/2026-14:12:08] [I] Average on 1 runs - GPU latency: 4.26172 ms - Host latency: 4.42773 ms (enqueue 3.15625 ms)
[10/06/2026-14:12:08] [I] Average on 1 runs - GPU latency: 4.26172 ms - Host latency: 4.40625 ms (enqueue 3.08008 ms)
[10/06/2026-14:12:08] [I] Average on 1 runs - GPU latency: 4.25977 ms - Host latency: 4.4082 ms (enqueue 3.05859 ms)
[10/06/2026-14:12:08] [I] Average on 1 runs - GPU latency: 4.26562 ms - Host latency: 4.44141 ms (enqueue 3.06055 ms)
[10/06/2026-14:12:08] [I] Average on 1 runs - GPU latency: 4.28516 ms - Host latency: 4.42773 ms (enqueue 3.03906 ms)
[10/06/2026-14:12:08] [I] Average on 1 runs - GPU latency: 4.26758 ms - Host latency: 4.40625 ms (enqueue 3.04688 ms)
[10/06/2026-14:12:08] [I] Average on 1 runs - GPU latency: 4.26367 ms - Host latency: 4.40625 ms (enqueue 2.98828 ms)
[10/06/2026-14:12:08] [I] Average on 1 runs - GPU latency: 4.26367 ms - Host latency: 4.4082 ms (enqueue 3.11914 ms)
[10/06/2026-14:12:08] [I] Average on 1 runs - GPU latency: 4.27344 ms - Host latency: 4.41211 ms (enqueue 3.09961 ms)
[10/06/2026-14:12:08] [I] Average on 1 runs - GPU latency: 4.26758 ms - Host latency: 4.4082 ms (enqueue 3.19727 ms)
[10/06/2026-14:12:08] [I] Average on 1 runs - GPU latency: 4.26172 ms - Host latency: 4.39844 ms (enqueue 3.08398 ms)
[10/06/2026-14:12:08] [I] Average on 1 runs - GPU latency: 4.25977 ms - Host latency: 4.39844 ms (enqueue 3.25391 ms)
[10/06/2026-14:12:08] [I] Average on 1 runs - GPU latency: 4.26562 ms - Host latency: 4.44336 ms (enqueue 3.20117 ms)
[10/06/2026-14:12:08] [I] Average on 1 runs - GPU latency: 4.26172 ms - Host latency: 4.41016 ms (enqueue 3.10547 ms)
[10/06/2026-14:12:08] [I] Average on 1 runs - GPU latency: 4.26172 ms - Host latency: 4.39844 ms (enqueue 3.08398 ms)
[10/06/2026-14:12:08] [I] Average on 1 runs - GPU latency: 4.27148 ms - Host latency: 4.41602 ms (enqueue 3.10742 ms)
[10/06/2026-14:12:08] [I] Average on 1 runs - GPU latency: 4.22461 ms - Host latency: 4.37695 ms (enqueue 3.08203 ms)
[10/06/2026-14:12:08] [I] 
[10/06/2026-14:12:08] [I] === Performance summary ===
[10/06/2026-14:12:08] [I] Throughput: 234.501 qps
[10/06/2026-14:12:08] [I] Latency: min = 4.3457 ms, max = 5.07422 ms, mean = 4.4052 ms, median = 4.40186 ms, percentile(90%) = 4.42383 ms, percentile(95%) = 4.43262 ms, percentile(99%) = 4.44678 ms
[10/06/2026-14:12:08] [I] Enqueue Time: min = 2.06348 ms, max = 4.45508 ms, mean = 3.06598 ms, median = 3.09033 ms, percentile(90%) = 3.14209 ms, percentile(95%) = 3.15674 ms, percentile(99%) = 3.20117 ms
[10/06/2026-14:12:08] [I] H2D Latency: min = 0.0810547 ms, max = 0.201172 ms, mean = 0.138246 ms, median = 0.133789 ms, percentile(90%) = 0.15625 ms, percentile(95%) = 0.165039 ms, percentile(99%) = 0.175781 ms
[10/06/2026-14:12:08] [I] GPU Compute Time: min = 4.22461 ms, max = 4.93457 ms, mean = 4.26029 ms, median = 4.25977 ms, percentile(90%) = 4.26709 ms, percentile(95%) = 4.26953 ms, percentile(99%) = 4.27734 ms
[10/06/2026-14:12:08] [I] D2H Latency: min = 0.00390625 ms, max = 0.0117188 ms, mean = 0.00666419 ms, median = 0.00585938 ms, percentile(90%) = 0.00878906 ms, percentile(95%) = 0.00927734 ms, percentile(99%) = 0.00976562 ms
[10/06/2026-14:12:08] [I] Total Host Walltime: 15.0149 s
[10/06/2026-14:12:08] [I] Total GPU Compute Time: 15.0005 s
[10/06/2026-14:12:08] [I] Explanations of the performance metrics are printed in the verbose logs.
[10/06/2026-14:12:08] [I] 
&&&& PASSED TensorRT.trtexec [TensorRT v100300] # /usr/src/tensorrt/bin/trtexec --loadEngine=/tmp/yolo26n_84172_uint8_fp16_opt3.engine --warmUp=3000 --duration=15 --idleTime=0 --avgRuns=1
