&&&& RUNNING TensorRT.trtexec [TensorRT v100300] # /usr/src/tensorrt/bin/trtexec --loadEngine=/tmp/engines/y26s_640_uint8_opt3.engine --warmUp=3000 --duration=15 --idleTime=16 --avgRuns=1
[10/04/2026-22:19:23] [I] === Model Options ===
[10/04/2026-22:19:23] [I] Format: *
[10/04/2026-22:19:23] [I] Model: 
[10/04/2026-22:19:23] [I] Output:
[10/04/2026-22:19:23] [I] 
[10/04/2026-22:19:23] [I] === System Options ===
[10/04/2026-22:19:23] [I] Device: 0
[10/04/2026-22:19:23] [I] DLACore: 
[10/04/2026-22:19:23] [I] Plugins:
[10/04/2026-22:19:23] [I] setPluginsToSerialize:
[10/04/2026-22:19:23] [I] dynamicPlugins:
[10/04/2026-22:19:23] [I] ignoreParsedPluginLibs: 0
[10/04/2026-22:19:23] [I] 
[10/04/2026-22:19:23] [I] === Inference Options ===
[10/04/2026-22:19:23] [I] Batch: Explicit
[10/04/2026-22:19:23] [I] Input inference shapes: model
[10/04/2026-22:19:23] [I] Iterations: 10
[10/04/2026-22:19:23] [I] Duration: 15s (+ 3000ms warm up)
[10/04/2026-22:19:23] [I] Sleep time: 0ms
[10/04/2026-22:19:23] [I] Idle time: 16ms
[10/04/2026-22:19:23] [I] Inference Streams: 1
[10/04/2026-22:19:23] [I] ExposeDMA: Disabled
[10/04/2026-22:19:23] [I] Data transfers: Enabled
[10/04/2026-22:19:23] [I] Spin-wait: Disabled
[10/04/2026-22:19:23] [I] Multithreading: Disabled
[10/04/2026-22:19:23] [I] CUDA Graph: Disabled
[10/04/2026-22:19:23] [I] Separate profiling: Disabled
[10/04/2026-22:19:23] [I] Time Deserialize: Disabled
[10/04/2026-22:19:23] [I] Time Refit: Disabled
[10/04/2026-22:19:23] [I] NVTX verbosity: 0
[10/04/2026-22:19:23] [I] Persistent Cache Ratio: 0
[10/04/2026-22:19:23] [I] Optimization Profile Index: 0
[10/04/2026-22:19:23] [I] Weight Streaming Budget: 100.000000%
[10/04/2026-22:19:23] [I] Inputs:
[10/04/2026-22:19:23] [I] Debug Tensor Save Destinations:
[10/04/2026-22:19:23] [I] === Reporting Options ===
[10/04/2026-22:19:23] [I] Verbose: Disabled
[10/04/2026-22:19:23] [I] Averages: 1 inferences
[10/04/2026-22:19:23] [I] Percentiles: 90,95,99
[10/04/2026-22:19:23] [I] Dump refittable layers:Disabled
[10/04/2026-22:19:23] [I] Dump output: Disabled
[10/04/2026-22:19:23] [I] Profile: Disabled
[10/04/2026-22:19:23] [I] Export timing to JSON file: 
[10/04/2026-22:19:23] [I] Export output to JSON file: 
[10/04/2026-22:19:23] [I] Export profile to JSON file: 
[10/04/2026-22:19:23] [I] 
[10/04/2026-22:19:23] [I] === Device Information ===
[10/04/2026-22:19:23] [I] Available Devices: 
[10/04/2026-22:19:23] [I]   Device 0: "Orin" UUID: GPU-6e16c2c1-e394-5324-8f2e-63a975968f4e
[10/04/2026-22:19:23] [I] Selected Device: Orin
[10/04/2026-22:19:23] [I] Selected Device ID: 0
[10/04/2026-22:19:23] [I] Selected Device UUID: GPU-6e16c2c1-e394-5324-8f2e-63a975968f4e
[10/04/2026-22:19:23] [I] Compute Capability: 8.7
[10/04/2026-22:19:23] [I] SMs: 8
[10/04/2026-22:19:23] [I] Device Global Memory: 7607 MiB
[10/04/2026-22:19:23] [I] Shared Memory per SM: 164 KiB
[10/04/2026-22:19:23] [I] Memory Bus Width: 128 bits (ECC disabled)
[10/04/2026-22:19:23] [I] Application Compute Clock Rate: 1.02 GHz
[10/04/2026-22:19:23] [I] Application Memory Clock Rate: 1.02 GHz
[10/04/2026-22:19:23] [I] 
[10/04/2026-22:19:23] [I] Note: The application clock rates do not reflect the actual clock rates that the GPU is currently running at.
[10/04/2026-22:19:23] [I] 
[10/04/2026-22:19:23] [I] TensorRT version: 10.3.0
[10/04/2026-22:19:23] [I] Loading standard plugins
[10/04/2026-22:19:23] [I] [TRT] Loaded engine size: 21 MiB
[10/04/2026-22:19:23] [I] Engine deserialized in 0.0754881 sec.
[10/04/2026-22:19:23] [I] [TRT] [MemUsageChange] TensorRT-managed allocation in IExecutionContext creation: CPU +0, GPU +18, now: CPU 0, GPU 36 (MiB)
[10/04/2026-22:19:23] [I] Setting persistentCacheLimit to 0 bytes.
[10/04/2026-22:19:23] [I] Created execution context with device memory size: 18.1641 MiB
[10/04/2026-22:19:23] [I] Using random values for input images
[10/04/2026-22:19:23] [I] Input binding for images with dimensions 1x640x640x3 is created.
[10/04/2026-22:19:23] [I] Output binding for output0 with dimensions 1x300x6 is created.
[10/04/2026-22:19:23] [I] Starting inference
[10/04/2026-22:19:42] [I] Warmup completed 435 queries over 3000 ms
[10/04/2026-22:19:42] [I] Timing trace has 829 queries over 15.044 s
[10/04/2026-22:19:42] [I] 
[10/04/2026-22:19:42] [I] === Trace details ===
[10/04/2026-22:19:42] [I] Trace averages of 1 runs:
[10/04/2026-22:19:42] [I] Average on 1 runs - GPU latency: 6.80347 ms - Host latency: 6.93359 ms (enqueue 2.05249 ms)
[10/04/2026-22:19:42] [I] Average on 1 runs - GPU latency: 6.75708 ms - Host latency: 6.88086 ms (enqueue 2.02344 ms)
[10/04/2026-22:19:42] [I] Average on 1 runs - GPU latency: 6.77026 ms - Host latency: 6.83398 ms (enqueue 2.01685 ms)
[10/04/2026-22:19:42] [I] Average on 1 runs - GPU latency: 6.76807 ms - Host latency: 6.83032 ms (enqueue 2.09424 ms)
[10/04/2026-22:19:42] [I] Average on 1 runs - GPU latency: 6.77637 ms - Host latency: 6.83521 ms (enqueue 2.02905 ms)
[10/04/2026-22:19:42] [I] Average on 1 runs - GPU latency: 6.7644 ms - Host latency: 6.82837 ms (enqueue 2.05078 ms)
[10/04/2026-22:19:42] [I] Average on 1 runs - GPU latency: 6.77295 ms - Host latency: 6.83301 ms (enqueue 2.02832 ms)
[10/04/2026-22:19:42] [I] Average on 1 runs - GPU latency: 6.771 ms - Host latency: 6.83521 ms (enqueue 2.05713 ms)
[10/04/2026-22:19:42] [I] Average on 1 runs - GPU latency: 6.77051 ms - Host latency: 6.82959 ms (enqueue 2.05786 ms)
[10/04/2026-22:19:42] [I] Average on 1 runs - GPU latency: 6.77271 ms - Host latency: 6.83276 ms (enqueue 2.05811 ms)
[10/04/2026-22:19:42] [I] Average on 1 runs - GPU latency: 6.77539 ms - Host latency: 6.83911 ms (enqueue 2.00757 ms)
[10/04/2026-22:19:42] [I] Average on 1 runs - GPU latency: 6.76562 ms - Host latency: 6.82764 ms (enqueue 2.03735 ms)
[10/04/2026-22:19:42] [I] Average on 1 runs - GPU latency: 6.77222 ms - Host latency: 6.83643 ms (enqueue 2.0542 ms)
[10/04/2026-22:19:42] [I] Average on 1 runs - GPU latency: 6.78125 ms - Host latency: 6.84546 ms (enqueue 2.04956 ms)
[10/04/2026-22:19:42] [I] Average on 1 runs - GPU latency: 6.76196 ms - Host latency: 6.82446 ms (enqueue 2.07642 ms)
[10/04/2026-22:19:42] [I] Average on 1 runs - GPU latency: 6.77222 ms - Host latency: 6.83789 ms (enqueue 2.01001 ms)
[10/04/2026-22:19:42] [I] Average on 1 runs - GPU latency: 6.77881 ms - Host latency: 6.83911 ms (enqueue 2.09741 ms)
[10/04/2026-22:19:42] [I] Average on 1 runs - GPU latency: 6.78076 ms - Host latency: 6.84546 ms (enqueue 2.01709 ms)
[10/04/2026-22:19:42] [I] Average on 1 runs - GPU latency: 6.76489 ms - Host latency: 6.82422 ms (enqueue 2.05542 ms)
[10/04/2026-22:19:42] [I] Average on 1 runs - GPU latency: 6.76807 ms - Host latency: 6.82764 ms (enqueue 2.03979 ms)
[10/04/2026-22:19:42] [I] Average on 1 runs - GPU latency: 6.77002 ms - Host latency: 6.83423 ms (enqueue 2.06689 ms)
[10/04/2026-22:19:42] [I] Average on 1 runs - GPU latency: 6.77271 ms - Host latency: 6.8335 ms (enqueue 2.01245 ms)
[10/04/2026-22:19:42] [I] Average on 1 runs - GPU latency: 6.77417 ms - Host latency: 6.83813 ms (enqueue 2.00415 ms)
[10/04/2026-22:19:42] [I] Average on 1 runs - GPU latency: 6.77295 ms - Host latency: 6.83813 ms (enqueue 2.03882 ms)
[10/04/2026-22:19:42] [I] Average on 1 runs - GPU latency: 6.77856 ms - Host latency: 6.83789 ms (enqueue 2.02222 ms)
[10/04/2026-22:19:42] [I] Average on 1 runs - GPU latency: 6.7749 ms - Host latency: 6.83887 ms (enqueue 2.04248 ms)
[10/04/2026-22:19:42] [I] Average on 1 runs - GPU latency: 6.77686 ms - Host latency: 6.8374 ms (enqueue 2.02661 ms)
[10/04/2026-22:19:42] [I] Average on 1 runs - GPU latency: 6.77612 ms - Host latency: 6.84033 ms (enqueue 2.05591 ms)
[10/04/2026-22:19:42] [I] Average on 1 runs - GPU latency: 6.80005 ms - Host latency: 6.86523 ms (enqueue 2.02271 ms)
[10/04/2026-22:19:42] [I] Average on 1 runs - GPU latency: 6.78735 ms - Host latency: 6.85938 ms (enqueue 2.11548 ms)
[10/04/2026-22:19:42] [I] Average on 1 runs - GPU latency: 6.77881 ms - Host latency: 6.84277 ms (enqueue 2.02197 ms)
[10/04/2026-22:19:42] [I] Average on 1 runs - GPU latency: 6.77246 ms - Host latency: 6.83398 ms (enqueue 2.06567 ms)
[10/04/2026-22:19:42] [I] Average on 1 runs - GPU latency: 6.76172 ms - Host latency: 6.8252 ms (enqueue 2.0083 ms)
[10/04/2026-22:19:42] [I] Average on 1 runs - GPU latency: 6.77832 ms - Host latency: 6.84009 ms (enqueue 2.03687 ms)
[10/04/2026-22:19:42] [I] Average on 1 runs - GPU latency: 6.79541 ms - Host latency: 6.85474 ms (enqueue 2.04834 ms)
[10/04/2026-22:19:42] [I] Average on 1 runs - GPU latency: 6.78394 ms - Host latency: 6.84863 ms (enqueue 2.01807 ms)
[10/04/2026-22:19:42] [I] Average on 1 runs - GPU latency: 6.77466 ms - Host latency: 6.8335 ms (enqueue 2.05566 ms)
[10/04/2026-22:19:42] [I] Average on 1 runs - GPU latency: 6.77881 ms - Host latency: 6.84302 ms (enqueue 2.0083 ms)
[10/04/2026-22:19:42] [I] Average on 1 runs - GPU latency: 6.77319 ms - Host latency: 6.83496 ms (enqueue 2.0481 ms)
[10/04/2026-22:19:42] [I] Average on 1 runs - GPU latency: 6.77734 ms - Host latency: 6.83691 ms (enqueue 2.01782 ms)
[10/04/2026-22:19:42] [I] Average on 1 runs - GPU latency: 6.77246 ms - Host latency: 6.83496 ms (enqueue 2.0481 ms)
[10/04/2026-22:19:42] [I] Average on 1 runs - GPU latency: 6.78857 ms - Host latency: 6.84766 ms (enqueue 2.0293 ms)
[10/04/2026-22:19:42] [I] Average on 1 runs - GPU latency: 6.76978 ms - Host latency: 6.83252 ms (enqueue 2.05029 ms)
[10/04/2026-22:19:42] [I] Average on 1 runs - GPU latency: 6.77148 ms - Host latency: 6.83667 ms (enqueue 2.01538 ms)
[10/04/2026-22:19:42] [I] Average on 1 runs - GPU latency: 6.78662 ms - Host latency: 6.84595 ms (enqueue 2.05493 ms)
[10/04/2026-22:19:42] [I] Average on 1 runs - GPU latency: 6.77563 ms - Host latency: 6.83936 ms (enqueue 2.00732 ms)
[10/04/2026-22:19:42] [I] Average on 1 runs - GPU latency: 6.77222 ms - Host latency: 6.83203 ms (enqueue 2.06323 ms)
[10/04/2026-22:19:42] [I] Average on 1 runs - GPU latency: 6.77051 ms - Host latency: 6.83447 ms (enqueue 2.04883 ms)
[10/04/2026-22:19:42] [I] Average on 1 runs - GPU latency: 6.77124 ms - Host latency: 6.83496 ms (enqueue 2.01245 ms)
[10/04/2026-22:19:42] [I] Average on 1 runs - GPU latency: 6.77808 ms - Host latency: 6.8418 ms (enqueue 2.06738 ms)
[10/04/2026-22:19:42] [I] Average on 1 runs - GPU latency: 6.77295 ms - Host latency: 6.83618 ms (enqueue 2.01733 ms)
[10/04/2026-22:19:42] [I] Average on 1 runs - GPU latency: 6.77808 ms - Host latency: 6.83813 ms (enqueue 2.09058 ms)
[10/04/2026-22:19:42] [I] Average on 1 runs - GPU latency: 6.77368 ms - Host latency: 6.83301 ms (enqueue 2.0105 ms)
[10/04/2026-22:19:42] [I] Average on 1 runs - GPU latency: 6.7627 ms - Host latency: 6.82275 ms (enqueue 2.07251 ms)
[10/04/2026-22:19:42] [I] Average on 1 runs - GPU latency: 6.78418 ms - Host latency: 6.84448 ms (enqueue 2.02466 ms)
[10/04/2026-22:19:42] [I] Average on 1 runs - GPU latency: 6.77637 ms - Host latency: 6.83691 ms (enqueue 2.07642 ms)
[10/04/2026-22:19:42] [I] Average on 1 runs - GPU latency: 6.77148 ms - Host latency: 6.83154 ms (enqueue 2.04175 ms)
[10/04/2026-22:19:42] [I] Average on 1 runs - GPU latency: 6.77002 ms - Host latency: 6.83447 ms (enqueue 2.05176 ms)
[10/04/2026-22:19:42] [I] Average on 1 runs - GPU latency: 6.81128 ms - Host latency: 6.87085 ms (enqueue 2.00024 ms)
[10/04/2026-22:19:42] [I] Average on 1 runs - GPU latency: 6.78418 ms - Host latency: 6.84473 ms (enqueue 2.02246 ms)
[10/04/2026-22:19:42] [I] Average on 1 runs - GPU latency: 6.77979 ms - Host latency: 6.84277 ms (enqueue 2.06909 ms)
[10/04/2026-22:19:42] [I] Average on 1 runs - GPU latency: 6.78076 ms - Host latency: 6.84473 ms (enqueue 2.03955 ms)
[10/04/2026-22:19:42] [I] Average on 1 runs - GPU latency: 6.76904 ms - Host latency: 6.8291 ms (enqueue 2.08008 ms)
[10/04/2026-22:19:42] [I] Average on 1 runs - GPU latency: 6.78076 ms - Host latency: 6.84082 ms (enqueue 2.02734 ms)
[10/04/2026-22:19:42] [I] Average on 1 runs - GPU latency: 6.7666 ms - Host latency: 6.82715 ms (enqueue 2.08545 ms)
[10/04/2026-22:19:42] [I] Average on 1 runs - GPU latency: 6.77002 ms - Host latency: 6.83008 ms (enqueue 2.03027 ms)
[10/04/2026-22:19:42] [I] Average on 1 runs - GPU latency: 6.77539 ms - Host latency: 6.83691 ms (enqueue 2.08643 ms)
[10/04/2026-22:19:42] [I] Average on 1 runs - GPU latency: 6.7749 ms - Host latency: 6.83496 ms (enqueue 2.04688 ms)
[10/04/2026-22:19:42] [I] Average on 1 runs - GPU latency: 6.77441 ms - Host latency: 6.83398 ms (enqueue 2.07422 ms)
[10/04/2026-22:19:42] [I] Average on 1 runs - GPU latency: 6.78223 ms - Host latency: 6.84277 ms (enqueue 2.03369 ms)
[10/04/2026-22:19:42] [I] Average on 1 runs - GPU latency: 6.7583 ms - Host latency: 6.83008 ms (enqueue 2.06299 ms)
[10/04/2026-22:19:42] [I] Average on 1 runs - GPU latency: 6.77832 ms - Host latency: 6.83789 ms (enqueue 2.07031 ms)
[10/04/2026-22:19:42] [I] Average on 1 runs - GPU latency: 6.76953 ms - Host latency: 6.8291 ms (enqueue 2.04932 ms)
[10/04/2026-22:19:42] [I] Average on 1 runs - GPU latency: 6.76709 ms - Host latency: 6.82715 ms (enqueue 2.11426 ms)
[10/04/2026-22:19:42] [I] Average on 1 runs - GPU latency: 6.76758 ms - Host latency: 6.82666 ms (enqueue 2.04248 ms)
[10/04/2026-22:19:42] [I] Average on 1 runs - GPU latency: 6.76953 ms - Host latency: 6.82959 ms (enqueue 2.08594 ms)
[10/04/2026-22:19:42] [I] Average on 1 runs - GPU latency: 6.76367 ms - Host latency: 6.82324 ms (enqueue 2.04053 ms)
[10/04/2026-22:19:42] [I] Average on 1 runs - GPU latency: 6.7793 ms - Host latency: 6.84033 ms (enqueue 2.09424 ms)
[10/04/2026-22:19:42] [I] Average on 1 runs - GPU latency: 6.76758 ms - Host latency: 6.8335 ms (enqueue 2.04053 ms)
[10/04/2026-22:19:42] [I] Average on 1 runs - GPU latency: 6.76416 ms - Host latency: 6.82715 ms (enqueue 2.05371 ms)
[10/04/2026-22:19:42] [I] Average on 1 runs - GPU latency: 6.76611 ms - Host latency: 6.8291 ms (enqueue 2.02197 ms)
[10/04/2026-22:19:42] [I] Average on 1 runs - GPU latency: 6.77441 ms - Host latency: 6.83496 ms (enqueue 2.02148 ms)
[10/04/2026-22:19:42] [I] Average on 1 runs - GPU latency: 6.77881 ms - Host latency: 6.84082 ms (enqueue 2.07959 ms)
[10/04/2026-22:19:42] [I] Average on 1 runs - GPU latency: 6.77148 ms - Host latency: 6.8335 ms (enqueue 2.0415 ms)
[10/04/2026-22:19:42] [I] Average on 1 runs - GPU latency: 6.7666 ms - Host latency: 6.82617 ms (enqueue 2.07471 ms)
[10/04/2026-22:19:42] [I] Average on 1 runs - GPU latency: 6.76514 ms - Host latency: 6.82568 ms (enqueue 2.04834 ms)
[10/04/2026-22:19:42] [I] Average on 1 runs - GPU latency: 6.7749 ms - Host latency: 6.83594 ms (enqueue 2.10156 ms)
[10/04/2026-22:19:42] [I] Average on 1 runs - GPU latency: 6.76855 ms - Host latency: 6.8291 ms (enqueue 2.04736 ms)
[10/04/2026-22:19:42] [I] Average on 1 runs - GPU latency: 6.78418 ms - Host latency: 6.84424 ms (enqueue 2.09668 ms)
[10/04/2026-22:19:42] [I] Average on 1 runs - GPU latency: 6.79248 ms - Host latency: 6.85449 ms (enqueue 2.04199 ms)
[10/04/2026-22:19:42] [I] Average on 1 runs - GPU latency: 6.76709 ms - Host latency: 6.82715 ms (enqueue 2.06885 ms)
[10/04/2026-22:19:42] [I] Average on 1 runs - GPU latency: 6.77197 ms - Host latency: 6.83252 ms (enqueue 2.03516 ms)
[10/04/2026-22:19:42] [I] Average on 1 runs - GPU latency: 6.77832 ms - Host latency: 6.83887 ms (enqueue 2.04248 ms)
[10/04/2026-22:19:42] [I] Average on 1 runs - GPU latency: 6.77588 ms - Host latency: 6.83643 ms (enqueue 2.05859 ms)
[10/04/2026-22:19:42] [I] Average on 1 runs - GPU latency: 6.76367 ms - Host latency: 6.82275 ms (enqueue 2.04492 ms)
[10/04/2026-22:19:42] [I] Average on 1 runs - GPU latency: 6.77783 ms - Host latency: 6.8374 ms (enqueue 2.08154 ms)
[10/04/2026-22:19:42] [I] Average on 1 runs - GPU latency: 6.76953 ms - Host latency: 6.83008 ms (enqueue 2.03174 ms)
[10/04/2026-22:19:42] [I] Average on 1 runs - GPU latency: 6.77881 ms - Host latency: 6.84473 ms (enqueue 2.06641 ms)
[10/04/2026-22:19:42] [I] Average on 1 runs - GPU latency: 6.7832 ms - Host latency: 6.8457 ms (enqueue 2.0293 ms)
[10/04/2026-22:19:42] [I] Average on 1 runs - GPU latency: 6.771 ms - Host latency: 6.83398 ms (enqueue 2.11914 ms)
[10/04/2026-22:19:42] [I] Average on 1 runs - GPU latency: 6.78418 ms - Host latency: 6.84912 ms (enqueue 2.00537 ms)
[10/04/2026-22:19:42] [I] Average on 1 runs - GPU latency: 6.76953 ms - Host latency: 6.83398 ms (enqueue 2.05664 ms)
[10/04/2026-22:19:42] [I] Average on 1 runs - GPU latency: 6.76904 ms - Host latency: 6.8291 ms (enqueue 2.02832 ms)
[10/04/2026-22:19:42] [I] Average on 1 runs - GPU latency: 6.77783 ms - Host latency: 6.83838 ms (enqueue 2.05225 ms)
[10/04/2026-22:19:42] [I] Average on 1 runs - GPU latency: 6.771 ms - Host latency: 6.83154 ms (enqueue 2.07129 ms)
[10/04/2026-22:19:42] [I] Average on 1 runs - GPU latency: 6.78125 ms - Host latency: 6.84082 ms (enqueue 2.03564 ms)
[10/04/2026-22:19:42] [I] Average on 1 runs - GPU latency: 6.77539 ms - Host latency: 6.83447 ms (enqueue 2.07617 ms)
[10/04/2026-22:19:42] [I] Average on 1 runs - GPU latency: 6.78125 ms - Host latency: 6.84229 ms (enqueue 2.04053 ms)
[10/04/2026-22:19:42] [I] Average on 1 runs - GPU latency: 6.76221 ms - Host latency: 6.82227 ms (enqueue 2.07764 ms)
[10/04/2026-22:19:42] [I] Average on 1 runs - GPU latency: 6.76318 ms - Host latency: 6.82373 ms (enqueue 2.04492 ms)
[10/04/2026-22:19:42] [I] Average on 1 runs - GPU latency: 6.76807 ms - Host latency: 6.83057 ms (enqueue 2.0752 ms)
[10/04/2026-22:19:42] [I] Average on 1 runs - GPU latency: 6.77588 ms - Host latency: 6.85059 ms (enqueue 2.04932 ms)
[10/04/2026-22:19:42] [I] Average on 1 runs - GPU latency: 6.77197 ms - Host latency: 6.83154 ms (enqueue 2.08496 ms)
[10/04/2026-22:19:42] [I] Average on 1 runs - GPU latency: 6.77441 ms - Host latency: 6.83496 ms (enqueue 2.0415 ms)
[10/04/2026-22:19:42] [I] Average on 1 runs - GPU latency: 6.76709 ms - Host latency: 6.82666 ms (enqueue 2.08252 ms)
[10/04/2026-22:19:42] [I] Average on 1 runs - GPU latency: 6.77441 ms - Host latency: 6.83545 ms (enqueue 2.09229 ms)
[10/04/2026-22:19:42] [I] Average on 1 runs - GPU latency: 6.77344 ms - Host latency: 6.83496 ms (enqueue 2.04883 ms)
[10/04/2026-22:19:42] [I] Average on 1 runs - GPU latency: 6.76904 ms - Host latency: 6.82959 ms (enqueue 2.09766 ms)
[10/04/2026-22:19:42] [I] Average on 1 runs - GPU latency: 6.77344 ms - Host latency: 6.83447 ms (enqueue 2.05566 ms)
[10/04/2026-22:19:42] [I] Average on 1 runs - GPU latency: 6.78467 ms - Host latency: 6.84473 ms (enqueue 2.10547 ms)
[10/04/2026-22:19:42] [I] Average on 1 runs - GPU latency: 6.77539 ms - Host latency: 6.83447 ms (enqueue 2.04053 ms)
[10/04/2026-22:19:42] [I] Average on 1 runs - GPU latency: 6.78076 ms - Host latency: 6.8418 ms (enqueue 2.0957 ms)
[10/04/2026-22:19:42] [I] Average on 1 runs - GPU latency: 6.76953 ms - Host latency: 6.82861 ms (enqueue 2.04932 ms)
[10/04/2026-22:19:42] [I] Average on 1 runs - GPU latency: 6.76807 ms - Host latency: 6.82861 ms (enqueue 2.08691 ms)
[10/04/2026-22:19:42] [I] Average on 1 runs - GPU latency: 6.77393 ms - Host latency: 6.83496 ms (enqueue 2.04639 ms)
[10/04/2026-22:19:42] [I] Average on 1 runs - GPU latency: 6.77637 ms - Host latency: 6.8374 ms (enqueue 2.04346 ms)
[10/04/2026-22:19:42] [I] Average on 1 runs - GPU latency: 6.77246 ms - Host latency: 6.83203 ms (enqueue 2.07471 ms)
[10/04/2026-22:19:42] [I] Average on 1 runs - GPU latency: 6.7666 ms - Host latency: 6.82666 ms (enqueue 2.04395 ms)
[10/04/2026-22:19:42] [I] Average on 1 runs - GPU latency: 6.76465 ms - Host latency: 6.8291 ms (enqueue 2.06445 ms)
[10/04/2026-22:19:42] [I] Average on 1 runs - GPU latency: 6.77539 ms - Host latency: 6.84033 ms (enqueue 2.00391 ms)
[10/04/2026-22:19:42] [I] Average on 1 runs - GPU latency: 6.76904 ms - Host latency: 6.83154 ms (enqueue 2.05225 ms)
[10/04/2026-22:19:42] [I] Average on 1 runs - GPU latency: 6.7627 ms - Host latency: 6.82812 ms (enqueue 1.99707 ms)
[10/04/2026-22:19:42] [I] Average on 1 runs - GPU latency: 6.76611 ms - Host latency: 6.83203 ms (enqueue 2.07812 ms)
[10/04/2026-22:19:42] [I] Average on 1 runs - GPU latency: 6.7666 ms - Host latency: 6.83203 ms (enqueue 2.021 ms)
[10/04/2026-22:19:42] [I] Average on 1 runs - GPU latency: 6.78027 ms - Host latency: 6.84473 ms (enqueue 2.05322 ms)
[10/04/2026-22:19:42] [I] Average on 1 runs - GPU latency: 6.77637 ms - Host latency: 6.83789 ms (enqueue 2.02246 ms)
[10/04/2026-22:19:42] [I] Average on 1 runs - GPU latency: 6.76514 ms - Host latency: 6.8291 ms (enqueue 2.04102 ms)
[10/04/2026-22:19:42] [I] Average on 1 runs - GPU latency: 6.77734 ms - Host latency: 6.8374 ms (enqueue 2.0918 ms)
[10/04/2026-22:19:42] [I] Average on 1 runs - GPU latency: 6.77686 ms - Host latency: 6.83984 ms (enqueue 2.0376 ms)
[10/04/2026-22:19:42] [I] Average on 1 runs - GPU latency: 6.76221 ms - Host latency: 6.82617 ms (enqueue 2.07812 ms)
[10/04/2026-22:19:42] [I] Average on 1 runs - GPU latency: 6.78369 ms - Host latency: 6.84668 ms (enqueue 2.03809 ms)
[10/04/2026-22:19:42] [I] Average on 1 runs - GPU latency: 6.77979 ms - Host latency: 6.84375 ms (enqueue 2.11377 ms)
[10/04/2026-22:19:42] [I] Average on 1 runs - GPU latency: 6.77148 ms - Host latency: 6.83154 ms (enqueue 2.05371 ms)
[10/04/2026-22:19:42] [I] Average on 1 runs - GPU latency: 6.771 ms - Host latency: 6.83545 ms (enqueue 2.04492 ms)
[10/04/2026-22:19:42] [I] Average on 1 runs - GPU latency: 6.77197 ms - Host latency: 6.83789 ms (enqueue 2.00146 ms)
[10/04/2026-22:19:42] [I] Average on 1 runs - GPU latency: 6.76074 ms - Host latency: 6.82129 ms (enqueue 2.06982 ms)
[10/04/2026-22:19:42] [I] Average on 1 runs - GPU latency: 6.77783 ms - Host latency: 6.8418 ms (enqueue 2.00488 ms)
[10/04/2026-22:19:42] [I] Average on 1 runs - GPU latency: 6.77441 ms - Host latency: 6.83447 ms (enqueue 2.05469 ms)
[10/04/2026-22:19:42] [I] Average on 1 runs - GPU latency: 6.77979 ms - Host latency: 6.84033 ms (enqueue 2.06543 ms)
[10/04/2026-22:19:42] [I] Average on 1 runs - GPU latency: 6.77588 ms - Host latency: 6.8418 ms (enqueue 2.01221 ms)
[10/04/2026-22:19:42] [I] Average on 1 runs - GPU latency: 6.77393 ms - Host latency: 6.83447 ms (enqueue 2.06104 ms)
[10/04/2026-22:19:42] [I] Average on 1 runs - GPU latency: 6.771 ms - Host latency: 6.83447 ms (enqueue 2.0083 ms)
[10/04/2026-22:19:42] [I] Average on 1 runs - GPU latency: 6.76904 ms - Host latency: 6.84326 ms (enqueue 2.0542 ms)
[10/04/2026-22:19:42] [I] Average on 1 runs - GPU latency: 6.76855 ms - Host latency: 6.82959 ms (enqueue 2.03027 ms)
[10/04/2026-22:19:42] [I] Average on 1 runs - GPU latency: 6.76758 ms - Host latency: 6.83105 ms (enqueue 2.05127 ms)
[10/04/2026-22:19:42] [I] Average on 1 runs - GPU latency: 6.76709 ms - Host latency: 6.82764 ms (enqueue 2.00977 ms)
[10/04/2026-22:19:42] [I] Average on 1 runs - GPU latency: 6.78711 ms - Host latency: 6.85254 ms (enqueue 2.03271 ms)
[10/04/2026-22:19:42] [I] Average on 1 runs - GPU latency: 6.76855 ms - Host latency: 6.83154 ms (enqueue 1.98926 ms)
[10/04/2026-22:19:42] [I] Average on 1 runs - GPU latency: 6.76611 ms - Host latency: 6.82568 ms (enqueue 2.06152 ms)
[10/04/2026-22:19:42] [I] Average on 1 runs - GPU latency: 6.77148 ms - Host latency: 6.83691 ms (enqueue 2.00488 ms)
[10/04/2026-22:19:42] [I] Average on 1 runs - GPU latency: 6.77197 ms - Host latency: 6.83154 ms (enqueue 2.06201 ms)
[10/04/2026-22:19:42] [I] Average on 1 runs - GPU latency: 6.76074 ms - Host latency: 6.8252 ms (enqueue 2.02637 ms)
[10/04/2026-22:19:42] [I] Average on 1 runs - GPU latency: 6.77246 ms - Host latency: 6.83691 ms (enqueue 2.00391 ms)
[10/04/2026-22:19:42] [I] Average on 1 runs - GPU latency: 6.77344 ms - Host latency: 6.83398 ms (enqueue 2.0542 ms)
[10/04/2026-22:19:42] [I] Average on 1 runs - GPU latency: 6.76367 ms - Host latency: 6.82812 ms (enqueue 1.98633 ms)
[10/04/2026-22:19:42] [I] Average on 1 runs - GPU latency: 6.77246 ms - Host latency: 6.83691 ms (enqueue 2.0542 ms)
[10/04/2026-22:19:42] [I] Average on 1 runs - GPU latency: 6.77881 ms - Host latency: 6.84229 ms (enqueue 2.00146 ms)
[10/04/2026-22:19:42] [I] Average on 1 runs - GPU latency: 6.76123 ms - Host latency: 6.82715 ms (enqueue 2.03516 ms)
[10/04/2026-22:19:42] [I] Average on 1 runs - GPU latency: 6.76758 ms - Host latency: 6.83301 ms (enqueue 2.02148 ms)
[10/04/2026-22:19:42] [I] Average on 1 runs - GPU latency: 6.7749 ms - Host latency: 6.84131 ms (enqueue 2.04639 ms)
[10/04/2026-22:19:42] [I] Average on 1 runs - GPU latency: 6.77148 ms - Host latency: 6.83496 ms (enqueue 2.00293 ms)
[10/04/2026-22:19:42] [I] Average on 1 runs - GPU latency: 6.77393 ms - Host latency: 6.83984 ms (enqueue 2.04541 ms)
[10/04/2026-22:19:42] [I] Average on 1 runs - GPU latency: 6.76953 ms - Host latency: 6.83301 ms (enqueue 1.98535 ms)
[10/04/2026-22:19:42] [I] Average on 1 runs - GPU latency: 6.77783 ms - Host latency: 6.83838 ms (enqueue 2.04688 ms)
[10/04/2026-22:19:42] [I] Average on 1 runs - GPU latency: 6.77148 ms - Host latency: 6.83496 ms (enqueue 2.01123 ms)
[10/04/2026-22:19:42] [I] Average on 1 runs - GPU latency: 6.77539 ms - Host latency: 6.83594 ms (enqueue 2.00732 ms)
[10/04/2026-22:19:42] [I] Average on 1 runs - GPU latency: 6.76953 ms - Host latency: 6.8335 ms (enqueue 2.04443 ms)
[10/04/2026-22:19:42] [I] Average on 1 runs - GPU latency: 6.76807 ms - Host latency: 6.83691 ms (enqueue 2.00049 ms)
[10/04/2026-22:19:42] [I] Average on 1 runs - GPU latency: 6.78076 ms - Host latency: 6.84229 ms (enqueue 2.06201 ms)
[10/04/2026-22:19:42] [I] Average on 1 runs - GPU latency: 6.78369 ms - Host latency: 6.84912 ms (enqueue 2.00488 ms)
[10/04/2026-22:19:42] [I] Average on 1 runs - GPU latency: 6.77734 ms - Host latency: 6.8374 ms (enqueue 2.07617 ms)
[10/04/2026-22:19:42] [I] Average on 1 runs - GPU latency: 6.76953 ms - Host latency: 6.83301 ms (enqueue 2.00098 ms)
[10/04/2026-22:19:42] [I] Average on 1 runs - GPU latency: 6.77441 ms - Host latency: 6.83936 ms (enqueue 2.03418 ms)
[10/04/2026-22:19:42] [I] Average on 1 runs - GPU latency: 6.78271 ms - Host latency: 6.84717 ms (enqueue 2.01709 ms)
[10/04/2026-22:19:42] [I] Average on 1 runs - GPU latency: 6.78125 ms - Host latency: 6.84668 ms (enqueue 2.04395 ms)
[10/04/2026-22:19:42] [I] Average on 1 runs - GPU latency: 6.77393 ms - Host latency: 6.8335 ms (enqueue 2.05615 ms)
[10/04/2026-22:19:42] [I] Average on 1 runs - GPU latency: 6.76367 ms - Host latency: 6.82324 ms (enqueue 2.08643 ms)
[10/04/2026-22:19:42] [I] Average on 1 runs - GPU latency: 6.76172 ms - Host latency: 6.82275 ms (enqueue 2.09424 ms)
[10/04/2026-22:19:42] [I] Average on 1 runs - GPU latency: 6.76562 ms - Host latency: 6.82471 ms (enqueue 2.04639 ms)
[10/04/2026-22:19:42] [I] Average on 1 runs - GPU latency: 6.77197 ms - Host latency: 6.83691 ms (enqueue 2.09717 ms)
[10/04/2026-22:19:42] [I] Average on 1 runs - GPU latency: 6.78027 ms - Host latency: 6.84229 ms (enqueue 2.05469 ms)
[10/04/2026-22:19:42] [I] Average on 1 runs - GPU latency: 6.79004 ms - Host latency: 6.8501 ms (enqueue 2.08691 ms)
[10/04/2026-22:19:42] [I] Average on 1 runs - GPU latency: 6.771 ms - Host latency: 6.8335 ms (enqueue 2.04248 ms)
[10/04/2026-22:19:42] [I] Average on 1 runs - GPU latency: 6.81006 ms - Host latency: 6.88184 ms (enqueue 2.10449 ms)
[10/04/2026-22:19:42] [I] Average on 1 runs - GPU latency: 6.77295 ms - Host latency: 6.83447 ms (enqueue 2.03076 ms)
[10/04/2026-22:19:42] [I] Average on 1 runs - GPU latency: 6.77197 ms - Host latency: 6.83691 ms (enqueue 2.05029 ms)
[10/04/2026-22:19:42] [I] Average on 1 runs - GPU latency: 6.75879 ms - Host latency: 6.81836 ms (enqueue 2.0127 ms)
[10/04/2026-22:19:42] [I] Average on 1 runs - GPU latency: 6.76807 ms - Host latency: 6.82861 ms (enqueue 2.06201 ms)
[10/04/2026-22:19:42] [I] Average on 1 runs - GPU latency: 6.76562 ms - Host latency: 6.82666 ms (enqueue 2.05908 ms)
[10/04/2026-22:19:42] [I] Average on 1 runs - GPU latency: 6.77441 ms - Host latency: 6.83496 ms (enqueue 2.02881 ms)
[10/04/2026-22:19:42] [I] ... Omitting 429 lines
[10/04/2026-22:19:42] [I] Average on 1 runs - GPU latency: 6.77344 ms - Host latency: 6.83398 ms (enqueue 2.09277 ms)
[10/04/2026-22:19:42] [I] Average on 1 runs - GPU latency: 6.77344 ms - Host latency: 6.83594 ms (enqueue 2.05957 ms)
[10/04/2026-22:19:42] [I] Average on 1 runs - GPU latency: 6.77246 ms - Host latency: 6.84277 ms (enqueue 2.07617 ms)
[10/04/2026-22:19:42] [I] Average on 1 runs - GPU latency: 6.7666 ms - Host latency: 6.82812 ms (enqueue 2.05469 ms)
[10/04/2026-22:19:42] [I] Average on 1 runs - GPU latency: 6.76074 ms - Host latency: 6.82324 ms (enqueue 2.09082 ms)
[10/04/2026-22:19:42] [I] Average on 1 runs - GPU latency: 6.7793 ms - Host latency: 6.83887 ms (enqueue 2.0498 ms)
[10/04/2026-22:19:42] [I] Average on 1 runs - GPU latency: 6.76367 ms - Host latency: 6.82324 ms (enqueue 2.08887 ms)
[10/04/2026-22:19:42] [I] Average on 1 runs - GPU latency: 6.77051 ms - Host latency: 6.83496 ms (enqueue 2.00684 ms)
[10/04/2026-22:19:42] [I] Average on 1 runs - GPU latency: 6.76758 ms - Host latency: 6.8291 ms (enqueue 2.08301 ms)
[10/04/2026-22:19:42] [I] Average on 1 runs - GPU latency: 6.77148 ms - Host latency: 6.83301 ms (enqueue 2.0293 ms)
[10/04/2026-22:19:42] [I] Average on 1 runs - GPU latency: 6.77051 ms - Host latency: 6.83203 ms (enqueue 2.08496 ms)
[10/04/2026-22:19:42] [I] Average on 1 runs - GPU latency: 6.77051 ms - Host latency: 6.83203 ms (enqueue 2.05371 ms)
[10/04/2026-22:19:42] [I] Average on 1 runs - GPU latency: 6.7666 ms - Host latency: 6.82617 ms (enqueue 2.03223 ms)
[10/04/2026-22:19:42] [I] Average on 1 runs - GPU latency: 6.76855 ms - Host latency: 6.83301 ms (enqueue 2.04883 ms)
[10/04/2026-22:19:42] [I] Average on 1 runs - GPU latency: 6.76855 ms - Host latency: 6.83008 ms (enqueue 2.02441 ms)
[10/04/2026-22:19:42] [I] Average on 1 runs - GPU latency: 6.77539 ms - Host latency: 6.83496 ms (enqueue 2.0791 ms)
[10/04/2026-22:19:42] [I] Average on 1 runs - GPU latency: 6.77246 ms - Host latency: 6.83301 ms (enqueue 2.02734 ms)
[10/04/2026-22:19:42] [I] Average on 1 runs - GPU latency: 6.76953 ms - Host latency: 6.83008 ms (enqueue 2.07031 ms)
[10/04/2026-22:19:42] [I] Average on 1 runs - GPU latency: 6.77344 ms - Host latency: 6.83398 ms (enqueue 2.02148 ms)
[10/04/2026-22:19:42] [I] Average on 1 runs - GPU latency: 6.76758 ms - Host latency: 6.8291 ms (enqueue 2.09473 ms)
[10/04/2026-22:19:42] [I] Average on 1 runs - GPU latency: 6.76953 ms - Host latency: 6.83008 ms (enqueue 2.03809 ms)
[10/04/2026-22:19:42] [I] Average on 1 runs - GPU latency: 6.77832 ms - Host latency: 6.83984 ms (enqueue 2.08984 ms)
[10/04/2026-22:19:42] [I] Average on 1 runs - GPU latency: 6.78516 ms - Host latency: 6.84375 ms (enqueue 2.04785 ms)
[10/04/2026-22:19:42] [I] Average on 1 runs - GPU latency: 6.76562 ms - Host latency: 6.82617 ms (enqueue 2.04395 ms)
[10/04/2026-22:19:42] [I] Average on 1 runs - GPU latency: 6.77148 ms - Host latency: 6.83105 ms (enqueue 2.08203 ms)
[10/04/2026-22:19:42] [I] Average on 1 runs - GPU latency: 6.77246 ms - Host latency: 6.83301 ms (enqueue 2.0498 ms)
[10/04/2026-22:19:42] [I] Average on 1 runs - GPU latency: 6.79004 ms - Host latency: 6.85059 ms (enqueue 2.09277 ms)
[10/04/2026-22:19:42] [I] Average on 1 runs - GPU latency: 6.7666 ms - Host latency: 6.82617 ms (enqueue 2.03906 ms)
[10/04/2026-22:19:42] [I] Average on 1 runs - GPU latency: 6.7832 ms - Host latency: 6.8457 ms (enqueue 2.09668 ms)
[10/04/2026-22:19:42] [I] Average on 1 runs - GPU latency: 6.78125 ms - Host latency: 6.85547 ms (enqueue 2.05566 ms)
[10/04/2026-22:19:42] [I] Average on 1 runs - GPU latency: 6.78711 ms - Host latency: 6.84668 ms (enqueue 2.08691 ms)
[10/04/2026-22:19:42] [I] Average on 1 runs - GPU latency: 6.76855 ms - Host latency: 6.82715 ms (enqueue 2.03809 ms)
[10/04/2026-22:19:42] [I] Average on 1 runs - GPU latency: 6.77832 ms - Host latency: 6.83984 ms (enqueue 2.09082 ms)
[10/04/2026-22:19:42] [I] Average on 1 runs - GPU latency: 6.7627 ms - Host latency: 6.82324 ms (enqueue 2.07617 ms)
[10/04/2026-22:19:42] [I] Average on 1 runs - GPU latency: 6.7627 ms - Host latency: 6.82715 ms (enqueue 2.02246 ms)
[10/04/2026-22:19:42] [I] Average on 1 runs - GPU latency: 6.77539 ms - Host latency: 6.83887 ms (enqueue 2.05371 ms)
[10/04/2026-22:19:42] [I] Average on 1 runs - GPU latency: 6.76855 ms - Host latency: 6.83008 ms (enqueue 2.03027 ms)
[10/04/2026-22:19:42] [I] Average on 1 runs - GPU latency: 6.76953 ms - Host latency: 6.8291 ms (enqueue 2.05762 ms)
[10/04/2026-22:19:42] [I] Average on 1 runs - GPU latency: 6.78027 ms - Host latency: 6.8418 ms (enqueue 2.03613 ms)
[10/04/2026-22:19:42] [I] Average on 1 runs - GPU latency: 6.77539 ms - Host latency: 6.83691 ms (enqueue 2.0625 ms)
[10/04/2026-22:19:42] [I] Average on 1 runs - GPU latency: 6.78223 ms - Host latency: 6.84473 ms (enqueue 2.0459 ms)
[10/04/2026-22:19:42] [I] Average on 1 runs - GPU latency: 6.76562 ms - Host latency: 6.82715 ms (enqueue 2.08008 ms)
[10/04/2026-22:19:42] [I] Average on 1 runs - GPU latency: 6.77344 ms - Host latency: 6.83203 ms (enqueue 2.03809 ms)
[10/04/2026-22:19:42] [I] Average on 1 runs - GPU latency: 6.77246 ms - Host latency: 6.83496 ms (enqueue 2.07227 ms)
[10/04/2026-22:19:42] [I] Average on 1 runs - GPU latency: 6.77246 ms - Host latency: 6.83887 ms (enqueue 2.01074 ms)
[10/04/2026-22:19:42] [I] Average on 1 runs - GPU latency: 6.77246 ms - Host latency: 6.83203 ms (enqueue 2.00488 ms)
[10/04/2026-22:19:42] [I] Average on 1 runs - GPU latency: 6.77246 ms - Host latency: 6.83203 ms (enqueue 2.05371 ms)
[10/04/2026-22:19:42] [I] Average on 1 runs - GPU latency: 6.7666 ms - Host latency: 6.82812 ms (enqueue 2.02637 ms)
[10/04/2026-22:19:42] [I] Average on 1 runs - GPU latency: 6.77246 ms - Host latency: 6.83203 ms (enqueue 2.07715 ms)
[10/04/2026-22:19:42] [I] Average on 1 runs - GPU latency: 6.7666 ms - Host latency: 6.82617 ms (enqueue 2.02734 ms)
[10/04/2026-22:19:42] [I] Average on 1 runs - GPU latency: 6.76953 ms - Host latency: 6.83105 ms (enqueue 2.09082 ms)
[10/04/2026-22:19:42] [I] Average on 1 runs - GPU latency: 6.7666 ms - Host latency: 6.83008 ms (enqueue 2.04102 ms)
[10/04/2026-22:19:42] [I] Average on 1 runs - GPU latency: 6.77051 ms - Host latency: 6.83203 ms (enqueue 2.06836 ms)
[10/04/2026-22:19:42] [I] Average on 1 runs - GPU latency: 6.76758 ms - Host latency: 6.82715 ms (enqueue 2.02734 ms)
[10/04/2026-22:19:42] [I] Average on 1 runs - GPU latency: 6.75879 ms - Host latency: 6.81836 ms (enqueue 2.08789 ms)
[10/04/2026-22:19:42] [I] Average on 1 runs - GPU latency: 6.77246 ms - Host latency: 6.83887 ms (enqueue 2.01758 ms)
[10/04/2026-22:19:42] [I] Average on 1 runs - GPU latency: 6.77637 ms - Host latency: 6.84082 ms (enqueue 2.06055 ms)
[10/04/2026-22:19:42] [I] Average on 1 runs - GPU latency: 6.76465 ms - Host latency: 6.8252 ms (enqueue 2.0332 ms)
[10/04/2026-22:19:42] [I] Average on 1 runs - GPU latency: 6.7793 ms - Host latency: 6.84082 ms (enqueue 2.03125 ms)
[10/04/2026-22:19:42] [I] Average on 1 runs - GPU latency: 6.78027 ms - Host latency: 6.8418 ms (enqueue 2.08594 ms)
[10/04/2026-22:19:42] [I] Average on 1 runs - GPU latency: 6.77344 ms - Host latency: 6.83301 ms (enqueue 2.04004 ms)
[10/04/2026-22:19:42] [I] Average on 1 runs - GPU latency: 6.76953 ms - Host latency: 6.83008 ms (enqueue 2.08984 ms)
[10/04/2026-22:19:42] [I] Average on 1 runs - GPU latency: 6.77539 ms - Host latency: 6.84082 ms (enqueue 2.01562 ms)
[10/04/2026-22:19:42] [I] Average on 1 runs - GPU latency: 6.78027 ms - Host latency: 6.84082 ms (enqueue 2.06152 ms)
[10/04/2026-22:19:42] [I] Average on 1 runs - GPU latency: 6.76758 ms - Host latency: 6.83301 ms (enqueue 1.99512 ms)
[10/04/2026-22:19:42] [I] Average on 1 runs - GPU latency: 6.7666 ms - Host latency: 6.83203 ms (enqueue 2.03613 ms)
[10/04/2026-22:19:42] [I] Average on 1 runs - GPU latency: 6.77246 ms - Host latency: 6.83398 ms (enqueue 2.01758 ms)
[10/04/2026-22:19:42] [I] Average on 1 runs - GPU latency: 6.77637 ms - Host latency: 6.84082 ms (enqueue 2.04102 ms)
[10/04/2026-22:19:42] [I] Average on 1 runs - GPU latency: 6.76758 ms - Host latency: 6.83008 ms (enqueue 2.02539 ms)
[10/04/2026-22:19:42] [I] Average on 1 runs - GPU latency: 6.76855 ms - Host latency: 6.83301 ms (enqueue 1.99609 ms)
[10/04/2026-22:19:42] [I] Average on 1 runs - GPU latency: 6.77734 ms - Host latency: 6.85254 ms (enqueue 2.05469 ms)
[10/04/2026-22:19:42] [I] Average on 1 runs - GPU latency: 6.77637 ms - Host latency: 6.83594 ms (enqueue 2.01367 ms)
[10/04/2026-22:19:42] [I] Average on 1 runs - GPU latency: 6.77637 ms - Host latency: 6.83984 ms (enqueue 2.04199 ms)
[10/04/2026-22:19:42] [I] Average on 1 runs - GPU latency: 6.76074 ms - Host latency: 6.82324 ms (enqueue 2.0166 ms)
[10/04/2026-22:19:42] [I] Average on 1 runs - GPU latency: 6.76562 ms - Host latency: 6.8291 ms (enqueue 2.0332 ms)
[10/04/2026-22:19:42] [I] Average on 1 runs - GPU latency: 6.77539 ms - Host latency: 6.84082 ms (enqueue 1.99414 ms)
[10/04/2026-22:19:42] [I] Average on 1 runs - GPU latency: 6.76172 ms - Host latency: 6.82129 ms (enqueue 2.04297 ms)
[10/04/2026-22:19:42] [I] Average on 1 runs - GPU latency: 6.7666 ms - Host latency: 6.83105 ms (enqueue 2 ms)
[10/04/2026-22:19:42] [I] Average on 1 runs - GPU latency: 6.76953 ms - Host latency: 6.8291 ms (enqueue 2.04883 ms)
[10/04/2026-22:19:42] [I] Average on 1 runs - GPU latency: 6.76758 ms - Host latency: 6.83203 ms (enqueue 1.99512 ms)
[10/04/2026-22:19:42] [I] Average on 1 runs - GPU latency: 6.77637 ms - Host latency: 6.8418 ms (enqueue 2.01562 ms)
[10/04/2026-22:19:42] [I] Average on 1 runs - GPU latency: 6.76172 ms - Host latency: 6.82227 ms (enqueue 2.00977 ms)
[10/04/2026-22:19:42] [I] Average on 1 runs - GPU latency: 6.7832 ms - Host latency: 6.84766 ms (enqueue 2.0293 ms)
[10/04/2026-22:19:42] [I] Average on 1 runs - GPU latency: 6.77637 ms - Host latency: 6.83594 ms (enqueue 2.04492 ms)
[10/04/2026-22:19:42] [I] Average on 1 runs - GPU latency: 6.76855 ms - Host latency: 6.83398 ms (enqueue 1.99902 ms)
[10/04/2026-22:19:42] [I] Average on 1 runs - GPU latency: 6.77148 ms - Host latency: 6.83594 ms (enqueue 2.03906 ms)
[10/04/2026-22:19:42] [I] Average on 1 runs - GPU latency: 6.76758 ms - Host latency: 6.82812 ms (enqueue 2.01562 ms)
[10/04/2026-22:19:42] [I] Average on 1 runs - GPU latency: 6.79102 ms - Host latency: 6.85449 ms (enqueue 2.03809 ms)
[10/04/2026-22:19:42] [I] Average on 1 runs - GPU latency: 6.78027 ms - Host latency: 6.84082 ms (enqueue 2.03027 ms)
[10/04/2026-22:19:42] [I] Average on 1 runs - GPU latency: 6.78516 ms - Host latency: 6.84961 ms (enqueue 2.05566 ms)
[10/04/2026-22:19:42] [I] Average on 1 runs - GPU latency: 6.77637 ms - Host latency: 6.8418 ms (enqueue 2.02051 ms)
[10/04/2026-22:19:42] [I] Average on 1 runs - GPU latency: 6.77539 ms - Host latency: 6.83691 ms (enqueue 2.07715 ms)
[10/04/2026-22:19:42] [I] Average on 1 runs - GPU latency: 6.77441 ms - Host latency: 6.83789 ms (enqueue 1.99609 ms)
[10/04/2026-22:19:42] [I] Average on 1 runs - GPU latency: 6.77246 ms - Host latency: 6.83496 ms (enqueue 2.04297 ms)
[10/04/2026-22:19:42] [I] Average on 1 runs - GPU latency: 6.76953 ms - Host latency: 6.83398 ms (enqueue 1.99609 ms)
[10/04/2026-22:19:42] [I] Average on 1 runs - GPU latency: 6.77344 ms - Host latency: 6.83789 ms (enqueue 2.03418 ms)
[10/04/2026-22:19:42] [I] Average on 1 runs - GPU latency: 6.76953 ms - Host latency: 6.83203 ms (enqueue 2.04883 ms)
[10/04/2026-22:19:42] [I] Average on 1 runs - GPU latency: 6.76562 ms - Host latency: 6.83008 ms (enqueue 2.00098 ms)
[10/04/2026-22:19:42] [I] Average on 1 runs - GPU latency: 6.75586 ms - Host latency: 6.81543 ms (enqueue 2.06738 ms)
[10/04/2026-22:19:42] [I] Average on 1 runs - GPU latency: 6.76953 ms - Host latency: 6.83398 ms (enqueue 2.01758 ms)
[10/04/2026-22:19:42] [I] Average on 1 runs - GPU latency: 6.77246 ms - Host latency: 6.83203 ms (enqueue 2.05469 ms)
[10/04/2026-22:19:42] [I] Average on 1 runs - GPU latency: 6.76953 ms - Host latency: 6.83008 ms (enqueue 2.03223 ms)
[10/04/2026-22:19:42] [I] Average on 1 runs - GPU latency: 6.77539 ms - Host latency: 6.83594 ms (enqueue 2.06055 ms)
[10/04/2026-22:19:42] [I] Average on 1 runs - GPU latency: 6.76953 ms - Host latency: 6.83008 ms (enqueue 2.04102 ms)
[10/04/2026-22:19:42] [I] Average on 1 runs - GPU latency: 6.76465 ms - Host latency: 6.82422 ms (enqueue 2.0752 ms)
[10/04/2026-22:19:42] [I] Average on 1 runs - GPU latency: 6.75977 ms - Host latency: 6.82129 ms (enqueue 2.04395 ms)
[10/04/2026-22:19:42] [I] Average on 1 runs - GPU latency: 6.76855 ms - Host latency: 6.83105 ms (enqueue 2.05664 ms)
[10/04/2026-22:19:42] [I] Average on 1 runs - GPU latency: 6.77441 ms - Host latency: 6.83398 ms (enqueue 2.0293 ms)
[10/04/2026-22:19:42] [I] Average on 1 runs - GPU latency: 6.76953 ms - Host latency: 6.83105 ms (enqueue 2.04395 ms)
[10/04/2026-22:19:42] [I] Average on 1 runs - GPU latency: 6.76562 ms - Host latency: 6.82715 ms (enqueue 2.08887 ms)
[10/04/2026-22:19:42] [I] Average on 1 runs - GPU latency: 6.77539 ms - Host latency: 6.83789 ms (enqueue 2.05078 ms)
[10/04/2026-22:19:42] [I] Average on 1 runs - GPU latency: 6.76758 ms - Host latency: 6.83789 ms (enqueue 2.08594 ms)
[10/04/2026-22:19:42] [I] Average on 1 runs - GPU latency: 6.77734 ms - Host latency: 6.83984 ms (enqueue 2.05078 ms)
[10/04/2026-22:19:42] [I] Average on 1 runs - GPU latency: 6.76562 ms - Host latency: 6.82617 ms (enqueue 2.09766 ms)
[10/04/2026-22:19:42] [I] Average on 1 runs - GPU latency: 6.76758 ms - Host latency: 6.82812 ms (enqueue 2.04688 ms)
[10/04/2026-22:19:42] [I] Average on 1 runs - GPU latency: 6.77539 ms - Host latency: 6.8418 ms (enqueue 2.10742 ms)
[10/04/2026-22:19:42] [I] Average on 1 runs - GPU latency: 6.7793 ms - Host latency: 6.8418 ms (enqueue 2.04883 ms)
[10/04/2026-22:19:42] [I] Average on 1 runs - GPU latency: 6.7832 ms - Host latency: 6.84766 ms (enqueue 2.07422 ms)
[10/04/2026-22:19:42] [I] Average on 1 runs - GPU latency: 6.77734 ms - Host latency: 6.83984 ms (enqueue 2.07031 ms)
[10/04/2026-22:19:42] [I] Average on 1 runs - GPU latency: 6.77734 ms - Host latency: 6.83789 ms (enqueue 2.04492 ms)
[10/04/2026-22:19:42] [I] Average on 1 runs - GPU latency: 6.77148 ms - Host latency: 6.83203 ms (enqueue 2.06445 ms)
[10/04/2026-22:19:42] [I] Average on 1 runs - GPU latency: 6.77148 ms - Host latency: 6.83594 ms (enqueue 2.02148 ms)
[10/04/2026-22:19:42] [I] Average on 1 runs - GPU latency: 6.76562 ms - Host latency: 6.83008 ms (enqueue 2.08008 ms)
[10/04/2026-22:19:42] [I] Average on 1 runs - GPU latency: 6.77539 ms - Host latency: 6.83594 ms (enqueue 2.03711 ms)
[10/04/2026-22:19:42] [I] Average on 1 runs - GPU latency: 6.77148 ms - Host latency: 6.83594 ms (enqueue 2.08789 ms)
[10/04/2026-22:19:42] [I] Average on 1 runs - GPU latency: 6.76367 ms - Host latency: 6.82422 ms (enqueue 2.04297 ms)
[10/04/2026-22:19:42] [I] Average on 1 runs - GPU latency: 6.77734 ms - Host latency: 6.83789 ms (enqueue 2.08789 ms)
[10/04/2026-22:19:42] [I] Average on 1 runs - GPU latency: 6.75781 ms - Host latency: 6.82031 ms (enqueue 2.04492 ms)
[10/04/2026-22:19:42] [I] Average on 1 runs - GPU latency: 6.77148 ms - Host latency: 6.83203 ms (enqueue 2.0625 ms)
[10/04/2026-22:19:42] [I] Average on 1 runs - GPU latency: 6.76562 ms - Host latency: 6.82617 ms (enqueue 2.07617 ms)
[10/04/2026-22:19:42] [I] Average on 1 runs - GPU latency: 6.76758 ms - Host latency: 6.83398 ms (enqueue 2.01953 ms)
[10/04/2026-22:19:42] [I] Average on 1 runs - GPU latency: 6.76172 ms - Host latency: 6.82422 ms (enqueue 2.0332 ms)
[10/04/2026-22:19:42] [I] Average on 1 runs - GPU latency: 6.76758 ms - Host latency: 6.82812 ms (enqueue 2.01953 ms)
[10/04/2026-22:19:42] [I] Average on 1 runs - GPU latency: 6.76562 ms - Host latency: 6.82422 ms (enqueue 2.0625 ms)
[10/04/2026-22:19:42] [I] Average on 1 runs - GPU latency: 6.78125 ms - Host latency: 6.8418 ms (enqueue 2.0293 ms)
[10/04/2026-22:19:42] [I] Average on 1 runs - GPU latency: 6.76367 ms - Host latency: 6.82227 ms (enqueue 2.08008 ms)
[10/04/2026-22:19:42] [I] Average on 1 runs - GPU latency: 6.77148 ms - Host latency: 6.83008 ms (enqueue 2.0332 ms)
[10/04/2026-22:19:42] [I] Average on 1 runs - GPU latency: 6.77148 ms - Host latency: 6.83203 ms (enqueue 2.08984 ms)
[10/04/2026-22:19:42] [I] Average on 1 runs - GPU latency: 6.76758 ms - Host latency: 6.82812 ms (enqueue 2.04688 ms)
[10/04/2026-22:19:42] [I] Average on 1 runs - GPU latency: 6.77344 ms - Host latency: 6.83398 ms (enqueue 2.08203 ms)
[10/04/2026-22:19:42] [I] Average on 1 runs - GPU latency: 6.76953 ms - Host latency: 6.82812 ms (enqueue 2.02734 ms)
[10/04/2026-22:19:42] [I] Average on 1 runs - GPU latency: 6.76953 ms - Host latency: 6.83008 ms (enqueue 2.04492 ms)
[10/04/2026-22:19:42] [I] Average on 1 runs - GPU latency: 6.76367 ms - Host latency: 6.82617 ms (enqueue 2.03906 ms)
[10/04/2026-22:19:42] [I] Average on 1 runs - GPU latency: 6.77148 ms - Host latency: 6.83203 ms (enqueue 2.01367 ms)
[10/04/2026-22:19:42] [I] Average on 1 runs - GPU latency: 6.76953 ms - Host latency: 6.83008 ms (enqueue 2.04102 ms)
[10/04/2026-22:19:42] [I] Average on 1 runs - GPU latency: 6.76953 ms - Host latency: 6.83008 ms (enqueue 2.02734 ms)
[10/04/2026-22:19:42] [I] Average on 1 runs - GPU latency: 6.76562 ms - Host latency: 6.82617 ms (enqueue 2.08789 ms)
[10/04/2026-22:19:42] [I] Average on 1 runs - GPU latency: 6.80469 ms - Host latency: 6.86523 ms (enqueue 2.02344 ms)
[10/04/2026-22:19:42] [I] Average on 1 runs - GPU latency: 6.7832 ms - Host latency: 6.8418 ms (enqueue 2.0957 ms)
[10/04/2026-22:19:42] [I] Average on 1 runs - GPU latency: 6.77148 ms - Host latency: 6.83203 ms (enqueue 2.04102 ms)
[10/04/2026-22:19:42] [I] Average on 1 runs - GPU latency: 6.7832 ms - Host latency: 6.8457 ms (enqueue 2.09375 ms)
[10/04/2026-22:19:42] [I] Average on 1 runs - GPU latency: 6.76172 ms - Host latency: 6.82227 ms (enqueue 2.04102 ms)
[10/04/2026-22:19:42] [I] Average on 1 runs - GPU latency: 6.77148 ms - Host latency: 6.8418 ms (enqueue 2.07617 ms)
[10/04/2026-22:19:42] [I] Average on 1 runs - GPU latency: 6.76562 ms - Host latency: 6.82812 ms (enqueue 2.0957 ms)
[10/04/2026-22:19:42] [I] Average on 1 runs - GPU latency: 6.77539 ms - Host latency: 6.83594 ms (enqueue 2.04688 ms)
[10/04/2026-22:19:42] [I] Average on 1 runs - GPU latency: 6.7832 ms - Host latency: 6.8457 ms (enqueue 2.10742 ms)
[10/04/2026-22:19:42] [I] Average on 1 runs - GPU latency: 6.76367 ms - Host latency: 6.82227 ms (enqueue 2.0332 ms)
[10/04/2026-22:19:42] [I] Average on 1 runs - GPU latency: 6.77734 ms - Host latency: 6.83984 ms (enqueue 2.0918 ms)
[10/04/2026-22:19:42] [I] Average on 1 runs - GPU latency: 6.77148 ms - Host latency: 6.83203 ms (enqueue 2.04102 ms)
[10/04/2026-22:19:42] [I] Average on 1 runs - GPU latency: 6.76758 ms - Host latency: 6.82812 ms (enqueue 2.07422 ms)
[10/04/2026-22:19:42] [I] Average on 1 runs - GPU latency: 6.77344 ms - Host latency: 6.83594 ms (enqueue 2.06445 ms)
[10/04/2026-22:19:42] [I] Average on 1 runs - GPU latency: 6.77734 ms - Host latency: 6.8418 ms (enqueue 2.10156 ms)
[10/04/2026-22:19:42] [I] Average on 1 runs - GPU latency: 6.77344 ms - Host latency: 6.83594 ms (enqueue 2.03906 ms)
[10/04/2026-22:19:42] [I] Average on 1 runs - GPU latency: 6.76758 ms - Host latency: 6.82617 ms (enqueue 2.03711 ms)
[10/04/2026-22:19:42] [I] Average on 1 runs - GPU latency: 6.76758 ms - Host latency: 6.83594 ms (enqueue 2.11133 ms)
[10/04/2026-22:19:42] [I] Average on 1 runs - GPU latency: 6.76758 ms - Host latency: 6.82812 ms (enqueue 2.01367 ms)
[10/04/2026-22:19:42] [I] Average on 1 runs - GPU latency: 6.77148 ms - Host latency: 6.83398 ms (enqueue 2.04492 ms)
[10/04/2026-22:19:42] [I] Average on 1 runs - GPU latency: 6.7793 ms - Host latency: 6.8418 ms (enqueue 2.01953 ms)
[10/04/2026-22:19:42] [I] Average on 1 runs - GPU latency: 6.77734 ms - Host latency: 6.83984 ms (enqueue 2.06445 ms)
[10/04/2026-22:19:42] [I] Average on 1 runs - GPU latency: 6.76367 ms - Host latency: 6.82422 ms (enqueue 2.00977 ms)
[10/04/2026-22:19:42] [I] Average on 1 runs - GPU latency: 6.77539 ms - Host latency: 6.83789 ms (enqueue 2.07812 ms)
[10/04/2026-22:19:42] [I] Average on 1 runs - GPU latency: 6.76562 ms - Host latency: 6.82617 ms (enqueue 2.0332 ms)
[10/04/2026-22:19:42] [I] Average on 1 runs - GPU latency: 6.76758 ms - Host latency: 6.83008 ms (enqueue 2.08398 ms)
[10/04/2026-22:19:42] [I] Average on 1 runs - GPU latency: 6.77344 ms - Host latency: 6.83789 ms (enqueue 2.03125 ms)
[10/04/2026-22:19:42] [I] Average on 1 runs - GPU latency: 6.76562 ms - Host latency: 6.82812 ms (enqueue 2.06836 ms)
[10/04/2026-22:19:42] [I] Average on 1 runs - GPU latency: 6.77734 ms - Host latency: 6.83789 ms (enqueue 2.06641 ms)
[10/04/2026-22:19:42] [I] Average on 1 runs - GPU latency: 6.77344 ms - Host latency: 6.83594 ms (enqueue 2.03711 ms)
[10/04/2026-22:19:42] [I] Average on 1 runs - GPU latency: 6.80664 ms - Host latency: 6.86914 ms (enqueue 2.08008 ms)
[10/04/2026-22:19:42] [I] Average on 1 runs - GPU latency: 6.78711 ms - Host latency: 6.84766 ms (enqueue 2.03906 ms)
[10/04/2026-22:19:42] [I] Average on 1 runs - GPU latency: 6.77344 ms - Host latency: 6.83398 ms (enqueue 2.09766 ms)
[10/04/2026-22:19:42] [I] Average on 1 runs - GPU latency: 6.76758 ms - Host latency: 6.82812 ms (enqueue 2.03125 ms)
[10/04/2026-22:19:42] [I] Average on 1 runs - GPU latency: 6.76758 ms - Host latency: 6.82617 ms (enqueue 2.07422 ms)
[10/04/2026-22:19:42] [I] Average on 1 runs - GPU latency: 6.77734 ms - Host latency: 6.83789 ms (enqueue 2.03711 ms)
[10/04/2026-22:19:42] [I] Average on 1 runs - GPU latency: 6.77734 ms - Host latency: 6.83789 ms (enqueue 2.07812 ms)
[10/04/2026-22:19:42] [I] Average on 1 runs - GPU latency: 6.77539 ms - Host latency: 6.83398 ms (enqueue 2.04688 ms)
[10/04/2026-22:19:42] [I] Average on 1 runs - GPU latency: 6.76953 ms - Host latency: 6.82812 ms (enqueue 2.05469 ms)
[10/04/2026-22:19:42] [I] Average on 1 runs - GPU latency: 6.76562 ms - Host latency: 6.83203 ms (enqueue 2.04297 ms)
[10/04/2026-22:19:42] [I] Average on 1 runs - GPU latency: 6.76953 ms - Host latency: 6.82812 ms (enqueue 2.01758 ms)
[10/04/2026-22:19:42] [I] Average on 1 runs - GPU latency: 6.76953 ms - Host latency: 6.83008 ms (enqueue 2.05273 ms)
[10/04/2026-22:19:42] [I] Average on 1 runs - GPU latency: 6.76367 ms - Host latency: 6.82422 ms (enqueue 2.01953 ms)
[10/04/2026-22:19:42] [I] Average on 1 runs - GPU latency: 6.76562 ms - Host latency: 6.82617 ms (enqueue 2.07031 ms)
[10/04/2026-22:19:42] [I] Average on 1 runs - GPU latency: 6.76758 ms - Host latency: 6.83203 ms (enqueue 2 ms)
[10/04/2026-22:19:42] [I] Average on 1 runs - GPU latency: 6.77539 ms - Host latency: 6.83594 ms (enqueue 2.03906 ms)
[10/04/2026-22:19:42] [I] Average on 1 runs - GPU latency: 6.76367 ms - Host latency: 6.83984 ms (enqueue 1.99414 ms)
[10/04/2026-22:19:42] [I] Average on 1 runs - GPU latency: 6.77344 ms - Host latency: 6.83398 ms (enqueue 2.08203 ms)
[10/04/2026-22:19:42] [I] Average on 1 runs - GPU latency: 6.76953 ms - Host latency: 6.83008 ms (enqueue 2.01953 ms)
[10/04/2026-22:19:42] [I] Average on 1 runs - GPU latency: 6.76953 ms - Host latency: 6.83203 ms (enqueue 2.03125 ms)
[10/04/2026-22:19:42] [I] Average on 1 runs - GPU latency: 6.77344 ms - Host latency: 6.83594 ms (enqueue 1.99219 ms)
[10/04/2026-22:19:42] [I] Average on 1 runs - GPU latency: 6.76758 ms - Host latency: 6.83203 ms (enqueue 2.01367 ms)
[10/04/2026-22:19:42] [I] Average on 1 runs - GPU latency: 6.78125 ms - Host latency: 6.8457 ms (enqueue 2.01758 ms)
[10/04/2026-22:19:42] [I] Average on 1 runs - GPU latency: 6.76953 ms - Host latency: 6.83008 ms (enqueue 2.00391 ms)
[10/04/2026-22:19:42] [I] 
[10/04/2026-22:19:42] [I] === Performance summary ===
[10/04/2026-22:19:42] [I] Throughput: 55.105 qps
[10/04/2026-22:19:42] [I] Latency: min = 6.81152 ms, max = 7.19043 ms, mean = 6.83577 ms, median = 6.83447 ms, percentile(90%) = 6.84521 ms, percentile(95%) = 6.84912 ms, percentile(99%) = 6.86523 ms
[10/04/2026-22:19:42] [I] Enqueue Time: min = 1.98535 ms, max = 2.24023 ms, mean = 2.0456 ms, median = 2.04297 ms, percentile(90%) = 2.08545 ms, percentile(95%) = 2.09375 ms, percentile(99%) = 2.10547 ms
[10/04/2026-22:19:42] [I] H2D Latency: min = 0.0546875 ms, max = 0.121094 ms, mean = 0.058334 ms, median = 0.057373 ms, percentile(90%) = 0.0615234 ms, percentile(95%) = 0.0620117 ms, percentile(99%) = 0.0698242 ms
[10/04/2026-22:19:42] [I] GPU Compute Time: min = 6.75195 ms, max = 7.12988 ms, mean = 6.77338 ms, median = 6.77246 ms, percentile(90%) = 6.78223 ms, percentile(95%) = 6.78613 ms, percentile(99%) = 6.79883 ms
[10/04/2026-22:19:42] [I] D2H Latency: min = 0.00195312 ms, max = 0.0090332 ms, mean = 0.00405468 ms, median = 0.00390625 ms, percentile(90%) = 0.00488281 ms, percentile(95%) = 0.00488281 ms, percentile(99%) = 0.00585938 ms
[10/04/2026-22:19:42] [I] Total Host Walltime: 15.044 s
[10/04/2026-22:19:42] [I] Total GPU Compute Time: 5.61513 s
[10/04/2026-22:19:42] [I] Explanations of the performance metrics are printed in the verbose logs.
[10/04/2026-22:19:42] [I] 
&&&& PASSED TensorRT.trtexec [TensorRT v100300] # /usr/src/tensorrt/bin/trtexec --loadEngine=/tmp/engines/y26s_640_uint8_opt3.engine --warmUp=3000 --duration=15 --idleTime=16 --avgRuns=1
