&&&& RUNNING TensorRT.trtexec [TensorRT v100300] # /usr/src/tensorrt/bin/trtexec --loadEngine=/tmp/engines/y26s_640_uint8_opt3.engine --warmUp=3000 --duration=15 --idleTime=2 --avgRuns=1
[10/04/2026-22:18:13] [I] === Model Options ===
[10/04/2026-22:18:13] [I] Format: *
[10/04/2026-22:18:13] [I] Model: 
[10/04/2026-22:18:13] [I] Output:
[10/04/2026-22:18:13] [I] 
[10/04/2026-22:18:13] [I] === System Options ===
[10/04/2026-22:18:13] [I] Device: 0
[10/04/2026-22:18:13] [I] DLACore: 
[10/04/2026-22:18:13] [I] Plugins:
[10/04/2026-22:18:13] [I] setPluginsToSerialize:
[10/04/2026-22:18:13] [I] dynamicPlugins:
[10/04/2026-22:18:13] [I] ignoreParsedPluginLibs: 0
[10/04/2026-22:18:13] [I] 
[10/04/2026-22:18:13] [I] === Inference Options ===
[10/04/2026-22:18:13] [I] Batch: Explicit
[10/04/2026-22:18:13] [I] Input inference shapes: model
[10/04/2026-22:18:13] [I] Iterations: 10
[10/04/2026-22:18:13] [I] Duration: 15s (+ 3000ms warm up)
[10/04/2026-22:18:13] [I] Sleep time: 0ms
[10/04/2026-22:18:13] [I] Idle time: 2ms
[10/04/2026-22:18:13] [I] Inference Streams: 1
[10/04/2026-22:18:13] [I] ExposeDMA: Disabled
[10/04/2026-22:18:13] [I] Data transfers: Enabled
[10/04/2026-22:18:13] [I] Spin-wait: Disabled
[10/04/2026-22:18:13] [I] Multithreading: Disabled
[10/04/2026-22:18:13] [I] CUDA Graph: Disabled
[10/04/2026-22:18:13] [I] Separate profiling: Disabled
[10/04/2026-22:18:13] [I] Time Deserialize: Disabled
[10/04/2026-22:18:13] [I] Time Refit: Disabled
[10/04/2026-22:18:13] [I] NVTX verbosity: 0
[10/04/2026-22:18:13] [I] Persistent Cache Ratio: 0
[10/04/2026-22:18:13] [I] Optimization Profile Index: 0
[10/04/2026-22:18:13] [I] Weight Streaming Budget: 100.000000%
[10/04/2026-22:18:13] [I] Inputs:
[10/04/2026-22:18:13] [I] Debug Tensor Save Destinations:
[10/04/2026-22:18:13] [I] === Reporting Options ===
[10/04/2026-22:18:13] [I] Verbose: Disabled
[10/04/2026-22:18:13] [I] Averages: 1 inferences
[10/04/2026-22:18:13] [I] Percentiles: 90,95,99
[10/04/2026-22:18:13] [I] Dump refittable layers:Disabled
[10/04/2026-22:18:13] [I] Dump output: Disabled
[10/04/2026-22:18:13] [I] Profile: Disabled
[10/04/2026-22:18:13] [I] Export timing to JSON file: 
[10/04/2026-22:18:13] [I] Export output to JSON file: 
[10/04/2026-22:18:13] [I] Export profile to JSON file: 
[10/04/2026-22:18:13] [I] 
[10/04/2026-22:18:13] [I] === Device Information ===
[10/04/2026-22:18:13] [I] Available Devices: 
[10/04/2026-22:18:13] [I]   Device 0: "Orin" UUID: GPU-6e16c2c1-e394-5324-8f2e-63a975968f4e
[10/04/2026-22:18:13] [I] Selected Device: Orin
[10/04/2026-22:18:13] [I] Selected Device ID: 0
[10/04/2026-22:18:13] [I] Selected Device UUID: GPU-6e16c2c1-e394-5324-8f2e-63a975968f4e
[10/04/2026-22:18:13] [I] Compute Capability: 8.7
[10/04/2026-22:18:13] [I] SMs: 8
[10/04/2026-22:18:13] [I] Device Global Memory: 7607 MiB
[10/04/2026-22:18:13] [I] Shared Memory per SM: 164 KiB
[10/04/2026-22:18:13] [I] Memory Bus Width: 128 bits (ECC disabled)
[10/04/2026-22:18:13] [I] Application Compute Clock Rate: 1.02 GHz
[10/04/2026-22:18:13] [I] Application Memory Clock Rate: 1.02 GHz
[10/04/2026-22:18:13] [I] 
[10/04/2026-22:18:13] [I] Note: The application clock rates do not reflect the actual clock rates that the GPU is currently running at.
[10/04/2026-22:18:13] [I] 
[10/04/2026-22:18:13] [I] TensorRT version: 10.3.0
[10/04/2026-22:18:13] [I] Loading standard plugins
[10/04/2026-22:18:13] [I] [TRT] Loaded engine size: 21 MiB
[10/04/2026-22:18:13] [I] Engine deserialized in 0.0669904 sec.
[10/04/2026-22:18:13] [I] [TRT] [MemUsageChange] TensorRT-managed allocation in IExecutionContext creation: CPU +0, GPU +18, now: CPU 0, GPU 36 (MiB)
[10/04/2026-22:18:13] [I] Setting persistentCacheLimit to 0 bytes.
[10/04/2026-22:18:13] [I] Created execution context with device memory size: 18.1641 MiB
[10/04/2026-22:18:13] [I] Using random values for input images
[10/04/2026-22:18:13] [I] Input binding for images with dimensions 1x640x640x3 is created.
[10/04/2026-22:18:13] [I] Output binding for output0 with dimensions 1x300x6 is created.
[10/04/2026-22:18:13] [I] Starting inference
[10/04/2026-22:18:31] [I] Warmup completed 435 queries over 3000 ms
[10/04/2026-22:18:31] [I] Timing trace has 2212 queries over 15.0178 s
[10/04/2026-22:18:31] [I] 
[10/04/2026-22:18:31] [I] === Trace details ===
[10/04/2026-22:18:31] [I] Trace averages of 1 runs:
[10/04/2026-22:18:31] [I] Average on 1 runs - GPU latency: 6.79468 ms - Host latency: 6.92432 ms (enqueue 2.08594 ms)
[10/04/2026-22:18:31] [I] Average on 1 runs - GPU latency: 6.78101 ms - Host latency: 6.9082 ms (enqueue 2.08203 ms)
[10/04/2026-22:18:31] [I] Average on 1 runs - GPU latency: 6.78296 ms - Host latency: 6.85938 ms (enqueue 2.08643 ms)
[10/04/2026-22:18:31] [I] Average on 1 runs - GPU latency: 6.78809 ms - Host latency: 6.85742 ms (enqueue 2.06201 ms)
[10/04/2026-22:18:31] [I] Average on 1 runs - GPU latency: 6.78467 ms - Host latency: 6.8562 ms (enqueue 2.0415 ms)
[10/04/2026-22:18:31] [I] Average on 1 runs - GPU latency: 6.79028 ms - Host latency: 6.86279 ms (enqueue 2.10132 ms)
[10/04/2026-22:18:31] [I] Average on 1 runs - GPU latency: 6.77808 ms - Host latency: 6.8479 ms (enqueue 2.08569 ms)
[10/04/2026-22:18:31] [I] Average on 1 runs - GPU latency: 6.77783 ms - Host latency: 6.85449 ms (enqueue 2.11938 ms)
[10/04/2026-22:18:31] [I] Average on 1 runs - GPU latency: 6.79004 ms - Host latency: 6.86621 ms (enqueue 2.05493 ms)
[10/04/2026-22:18:31] [I] Average on 1 runs - GPU latency: 6.77515 ms - Host latency: 6.84888 ms (enqueue 2.07666 ms)
[10/04/2026-22:18:31] [I] Average on 1 runs - GPU latency: 6.78467 ms - Host latency: 6.86035 ms (enqueue 2.03955 ms)
[10/04/2026-22:18:31] [I] Average on 1 runs - GPU latency: 6.80933 ms - Host latency: 6.88257 ms (enqueue 2.0459 ms)
[10/04/2026-22:18:31] [I] Average on 1 runs - GPU latency: 6.78833 ms - Host latency: 6.86621 ms (enqueue 2.27075 ms)
[10/04/2026-22:18:31] [I] Average on 1 runs - GPU latency: 6.78638 ms - Host latency: 6.86377 ms (enqueue 2.2583 ms)
[10/04/2026-22:18:31] [I] Average on 1 runs - GPU latency: 6.80225 ms - Host latency: 6.87329 ms (enqueue 2.15137 ms)
[10/04/2026-22:18:31] [I] Average on 1 runs - GPU latency: 6.78418 ms - Host latency: 6.85596 ms (enqueue 2.18018 ms)
[10/04/2026-22:18:31] [I] Average on 1 runs - GPU latency: 6.78931 ms - Host latency: 6.86304 ms (enqueue 2.21802 ms)
[10/04/2026-22:18:31] [I] Average on 1 runs - GPU latency: 6.78809 ms - Host latency: 6.86475 ms (enqueue 2.10718 ms)
[10/04/2026-22:18:31] [I] Average on 1 runs - GPU latency: 6.79541 ms - Host latency: 6.86841 ms (enqueue 2.09985 ms)
[10/04/2026-22:18:31] [I] Average on 1 runs - GPU latency: 6.79248 ms - Host latency: 6.86279 ms (enqueue 2.15063 ms)
[10/04/2026-22:18:31] [I] Average on 1 runs - GPU latency: 6.78638 ms - Host latency: 6.8584 ms (enqueue 2.073 ms)
[10/04/2026-22:18:31] [I] Average on 1 runs - GPU latency: 6.7832 ms - Host latency: 6.85522 ms (enqueue 2.05542 ms)
[10/04/2026-22:18:31] [I] Average on 1 runs - GPU latency: 6.79321 ms - Host latency: 6.86157 ms (enqueue 2.10376 ms)
[10/04/2026-22:18:31] [I] Average on 1 runs - GPU latency: 6.78247 ms - Host latency: 6.85449 ms (enqueue 2.09326 ms)
[10/04/2026-22:18:31] [I] Average on 1 runs - GPU latency: 6.78027 ms - Host latency: 6.85034 ms (enqueue 2.04712 ms)
[10/04/2026-22:18:31] [I] Average on 1 runs - GPU latency: 6.78223 ms - Host latency: 6.854 ms (enqueue 2.09937 ms)
[10/04/2026-22:18:31] [I] Average on 1 runs - GPU latency: 6.78101 ms - Host latency: 6.85132 ms (enqueue 2.07666 ms)
[10/04/2026-22:18:31] [I] Average on 1 runs - GPU latency: 6.78394 ms - Host latency: 6.85718 ms (enqueue 2.03784 ms)
[10/04/2026-22:18:31] [I] Average on 1 runs - GPU latency: 6.78979 ms - Host latency: 6.86304 ms (enqueue 2.08301 ms)
[10/04/2026-22:18:31] [I] Average on 1 runs - GPU latency: 6.78198 ms - Host latency: 6.86597 ms (enqueue 2.07227 ms)
[10/04/2026-22:18:31] [I] Average on 1 runs - GPU latency: 6.79077 ms - Host latency: 6.85962 ms (enqueue 2.02686 ms)
[10/04/2026-22:18:31] [I] Average on 1 runs - GPU latency: 6.77856 ms - Host latency: 6.8501 ms (enqueue 2.05151 ms)
[10/04/2026-22:18:31] [I] Average on 1 runs - GPU latency: 6.7876 ms - Host latency: 6.8606 ms (enqueue 2.09009 ms)
[10/04/2026-22:18:31] [I] Average on 1 runs - GPU latency: 6.7854 ms - Host latency: 6.8562 ms (enqueue 2.04028 ms)
[10/04/2026-22:18:31] [I] Average on 1 runs - GPU latency: 6.78613 ms - Host latency: 6.85352 ms (enqueue 2.04321 ms)
[10/04/2026-22:18:31] [I] Average on 1 runs - GPU latency: 6.79126 ms - Host latency: 6.85864 ms (enqueue 2.08618 ms)
[10/04/2026-22:18:31] [I] Average on 1 runs - GPU latency: 6.78442 ms - Host latency: 6.85693 ms (enqueue 2.06958 ms)
[10/04/2026-22:18:31] [I] Average on 1 runs - GPU latency: 6.78882 ms - Host latency: 6.85889 ms (enqueue 2.05029 ms)
[10/04/2026-22:18:31] [I] Average on 1 runs - GPU latency: 6.78687 ms - Host latency: 6.85596 ms (enqueue 2.06616 ms)
[10/04/2026-22:18:31] [I] Average on 1 runs - GPU latency: 6.78589 ms - Host latency: 6.85815 ms (enqueue 2.11914 ms)
[10/04/2026-22:18:31] [I] Average on 1 runs - GPU latency: 6.78418 ms - Host latency: 6.85449 ms (enqueue 2.04761 ms)
[10/04/2026-22:18:31] [I] Average on 1 runs - GPU latency: 6.77856 ms - Host latency: 6.84985 ms (enqueue 2.04688 ms)
[10/04/2026-22:18:31] [I] Average on 1 runs - GPU latency: 6.77905 ms - Host latency: 6.85132 ms (enqueue 2.08887 ms)
[10/04/2026-22:18:31] [I] Average on 1 runs - GPU latency: 6.78027 ms - Host latency: 6.86523 ms (enqueue 2.05859 ms)
[10/04/2026-22:18:31] [I] Average on 1 runs - GPU latency: 6.78638 ms - Host latency: 6.86377 ms (enqueue 2.06421 ms)
[10/04/2026-22:18:31] [I] Average on 1 runs - GPU latency: 6.78809 ms - Host latency: 6.86548 ms (enqueue 2.13281 ms)
[10/04/2026-22:18:31] [I] Average on 1 runs - GPU latency: 6.78003 ms - Host latency: 6.84937 ms (enqueue 2.07568 ms)
[10/04/2026-22:18:31] [I] Average on 1 runs - GPU latency: 6.79004 ms - Host latency: 6.85815 ms (enqueue 2.03589 ms)
[10/04/2026-22:18:31] [I] Average on 1 runs - GPU latency: 6.771 ms - Host latency: 6.84424 ms (enqueue 2.06909 ms)
[10/04/2026-22:18:31] [I] Average on 1 runs - GPU latency: 6.77905 ms - Host latency: 6.84863 ms (enqueue 2.09204 ms)
[10/04/2026-22:18:31] [I] Average on 1 runs - GPU latency: 6.78442 ms - Host latency: 6.86084 ms (enqueue 2.05322 ms)
[10/04/2026-22:18:31] [I] Average on 1 runs - GPU latency: 6.78589 ms - Host latency: 6.85571 ms (enqueue 2.04614 ms)
[10/04/2026-22:18:31] [I] Average on 1 runs - GPU latency: 6.78125 ms - Host latency: 6.85254 ms (enqueue 2.08984 ms)
[10/04/2026-22:18:31] [I] Average on 1 runs - GPU latency: 6.78271 ms - Host latency: 6.85596 ms (enqueue 2.04517 ms)
[10/04/2026-22:18:31] [I] Average on 1 runs - GPU latency: 6.78442 ms - Host latency: 6.85352 ms (enqueue 2.03931 ms)
[10/04/2026-22:18:31] [I] Average on 1 runs - GPU latency: 6.79785 ms - Host latency: 6.86768 ms (enqueue 2.08862 ms)
[10/04/2026-22:18:31] [I] Average on 1 runs - GPU latency: 6.78516 ms - Host latency: 6.85449 ms (enqueue 2.07129 ms)
[10/04/2026-22:18:31] [I] Average on 1 runs - GPU latency: 6.77466 ms - Host latency: 6.84619 ms (enqueue 2.03833 ms)
[10/04/2026-22:18:31] [I] Average on 1 runs - GPU latency: 6.78174 ms - Host latency: 6.84985 ms (enqueue 2.09229 ms)
[10/04/2026-22:18:31] [I] Average on 1 runs - GPU latency: 6.77563 ms - Host latency: 6.85034 ms (enqueue 2.05981 ms)
[10/04/2026-22:18:31] [I] Average on 1 runs - GPU latency: 6.78833 ms - Host latency: 6.85522 ms (enqueue 2.03345 ms)
[10/04/2026-22:18:31] [I] Average on 1 runs - GPU latency: 6.78174 ms - Host latency: 6.85034 ms (enqueue 2.07764 ms)
[10/04/2026-22:18:31] [I] Average on 1 runs - GPU latency: 6.78198 ms - Host latency: 6.84863 ms (enqueue 2.10791 ms)
[10/04/2026-22:18:31] [I] Average on 1 runs - GPU latency: 6.7771 ms - Host latency: 6.84619 ms (enqueue 2.04224 ms)
[10/04/2026-22:18:31] [I] Average on 1 runs - GPU latency: 6.78345 ms - Host latency: 6.85522 ms (enqueue 2.04688 ms)
[10/04/2026-22:18:31] [I] Average on 1 runs - GPU latency: 6.78003 ms - Host latency: 6.84912 ms (enqueue 2.09692 ms)
[10/04/2026-22:18:31] [I] Average on 1 runs - GPU latency: 6.78198 ms - Host latency: 6.85034 ms (enqueue 2.03735 ms)
[10/04/2026-22:18:31] [I] Average on 1 runs - GPU latency: 6.79248 ms - Host latency: 6.86694 ms (enqueue 2.04053 ms)
[10/04/2026-22:18:31] [I] Average on 1 runs - GPU latency: 6.77539 ms - Host latency: 6.84692 ms (enqueue 2.07031 ms)
[10/04/2026-22:18:31] [I] Average on 1 runs - GPU latency: 6.77246 ms - Host latency: 6.84766 ms (enqueue 2.08862 ms)
[10/04/2026-22:18:31] [I] Average on 1 runs - GPU latency: 6.78931 ms - Host latency: 6.87158 ms (enqueue 2.04248 ms)
[10/04/2026-22:18:31] [I] Average on 1 runs - GPU latency: 6.7793 ms - Host latency: 6.854 ms (enqueue 2.07446 ms)
[10/04/2026-22:18:31] [I] Average on 1 runs - GPU latency: 6.78491 ms - Host latency: 6.85303 ms (enqueue 2.08862 ms)
[10/04/2026-22:18:31] [I] Average on 1 runs - GPU latency: 6.77783 ms - Host latency: 6.8501 ms (enqueue 2.03857 ms)
[10/04/2026-22:18:31] [I] Average on 1 runs - GPU latency: 6.77979 ms - Host latency: 6.85156 ms (enqueue 2.04199 ms)
[10/04/2026-22:18:31] [I] Average on 1 runs - GPU latency: 6.78125 ms - Host latency: 6.85254 ms (enqueue 2.09692 ms)
[10/04/2026-22:18:31] [I] Average on 1 runs - GPU latency: 6.7771 ms - Host latency: 6.84521 ms (enqueue 2.03027 ms)
[10/04/2026-22:18:31] [I] Average on 1 runs - GPU latency: 6.77612 ms - Host latency: 6.84595 ms (enqueue 2.04907 ms)
[10/04/2026-22:18:31] [I] Average on 1 runs - GPU latency: 6.77612 ms - Host latency: 6.84814 ms (enqueue 2.08618 ms)
[10/04/2026-22:18:31] [I] Average on 1 runs - GPU latency: 6.79053 ms - Host latency: 6.86328 ms (enqueue 2.09912 ms)
[10/04/2026-22:18:31] [I] Average on 1 runs - GPU latency: 6.78149 ms - Host latency: 6.85327 ms (enqueue 2.03687 ms)
[10/04/2026-22:18:31] [I] Average on 1 runs - GPU latency: 6.77441 ms - Host latency: 6.84912 ms (enqueue 2.09863 ms)
[10/04/2026-22:18:31] [I] Average on 1 runs - GPU latency: 6.78418 ms - Host latency: 6.85962 ms (enqueue 2.10059 ms)
[10/04/2026-22:18:31] [I] Average on 1 runs - GPU latency: 6.78589 ms - Host latency: 6.85718 ms (enqueue 2.0437 ms)
[10/04/2026-22:18:31] [I] Average on 1 runs - GPU latency: 6.77637 ms - Host latency: 6.84961 ms (enqueue 2.06348 ms)
[10/04/2026-22:18:31] [I] Average on 1 runs - GPU latency: 6.77783 ms - Host latency: 6.8562 ms (enqueue 2.09473 ms)
[10/04/2026-22:18:31] [I] Average on 1 runs - GPU latency: 6.7793 ms - Host latency: 6.85034 ms (enqueue 2.03687 ms)
[10/04/2026-22:18:31] [I] Average on 1 runs - GPU latency: 6.78223 ms - Host latency: 6.85986 ms (enqueue 2.04663 ms)
[10/04/2026-22:18:31] [I] Average on 1 runs - GPU latency: 6.7771 ms - Host latency: 6.84839 ms (enqueue 2.08179 ms)
[10/04/2026-22:18:31] [I] Average on 1 runs - GPU latency: 6.7793 ms - Host latency: 6.85498 ms (enqueue 2.04175 ms)
[10/04/2026-22:18:31] [I] Average on 1 runs - GPU latency: 6.79077 ms - Host latency: 6.85938 ms (enqueue 2.02197 ms)
[10/04/2026-22:18:31] [I] Average on 1 runs - GPU latency: 6.79443 ms - Host latency: 6.86646 ms (enqueue 2.09277 ms)
[10/04/2026-22:18:31] [I] Average on 1 runs - GPU latency: 6.78247 ms - Host latency: 6.85376 ms (enqueue 2.22485 ms)
[10/04/2026-22:18:31] [I] Average on 1 runs - GPU latency: 6.78687 ms - Host latency: 6.86792 ms (enqueue 2.27222 ms)
[10/04/2026-22:18:31] [I] Average on 1 runs - GPU latency: 6.79297 ms - Host latency: 6.86914 ms (enqueue 2.16724 ms)
[10/04/2026-22:18:31] [I] Average on 1 runs - GPU latency: 6.80542 ms - Host latency: 6.88159 ms (enqueue 2.16406 ms)
[10/04/2026-22:18:31] [I] Average on 1 runs - GPU latency: 6.78418 ms - Host latency: 6.85938 ms (enqueue 2.15967 ms)
[10/04/2026-22:18:31] [I] Average on 1 runs - GPU latency: 6.78052 ms - Host latency: 6.85596 ms (enqueue 2.11377 ms)
[10/04/2026-22:18:31] [I] Average on 1 runs - GPU latency: 6.79199 ms - Host latency: 6.86841 ms (enqueue 2.15698 ms)
[10/04/2026-22:18:31] [I] Average on 1 runs - GPU latency: 6.78516 ms - Host latency: 6.85864 ms (enqueue 2.07593 ms)
[10/04/2026-22:18:31] [I] Average on 1 runs - GPU latency: 6.77393 ms - Host latency: 6.84888 ms (enqueue 2.04688 ms)
[10/04/2026-22:18:31] [I] Average on 1 runs - GPU latency: 6.7937 ms - Host latency: 6.87061 ms (enqueue 2.10376 ms)
[10/04/2026-22:18:31] [I] Average on 1 runs - GPU latency: 6.78223 ms - Host latency: 6.85449 ms (enqueue 2.06812 ms)
[10/04/2026-22:18:31] [I] Average on 1 runs - GPU latency: 6.78149 ms - Host latency: 6.85132 ms (enqueue 2.02856 ms)
[10/04/2026-22:18:31] [I] Average on 1 runs - GPU latency: 6.78076 ms - Host latency: 6.84985 ms (enqueue 2.10864 ms)
[10/04/2026-22:18:31] [I] Average on 1 runs - GPU latency: 6.79126 ms - Host latency: 6.86768 ms (enqueue 2.10034 ms)
[10/04/2026-22:18:31] [I] Average on 1 runs - GPU latency: 6.79517 ms - Host latency: 6.86816 ms (enqueue 2.02637 ms)
[10/04/2026-22:18:31] [I] Average on 1 runs - GPU latency: 6.78833 ms - Host latency: 6.86133 ms (enqueue 2.02832 ms)
[10/04/2026-22:18:31] [I] Average on 1 runs - GPU latency: 6.78369 ms - Host latency: 6.85742 ms (enqueue 2.07959 ms)
[10/04/2026-22:18:31] [I] Average on 1 runs - GPU latency: 6.77734 ms - Host latency: 6.85107 ms (enqueue 2.03589 ms)
[10/04/2026-22:18:31] [I] Average on 1 runs - GPU latency: 6.76904 ms - Host latency: 6.84082 ms (enqueue 2.04321 ms)
[10/04/2026-22:18:31] [I] Average on 1 runs - GPU latency: 6.78271 ms - Host latency: 6.86621 ms (enqueue 2.09155 ms)
[10/04/2026-22:18:31] [I] Average on 1 runs - GPU latency: 6.7876 ms - Host latency: 6.85938 ms (enqueue 2.05713 ms)
[10/04/2026-22:18:31] [I] Average on 1 runs - GPU latency: 6.77246 ms - Host latency: 6.84351 ms (enqueue 2.03955 ms)
[10/04/2026-22:18:31] [I] Average on 1 runs - GPU latency: 6.77686 ms - Host latency: 6.85352 ms (enqueue 2.08057 ms)
[10/04/2026-22:18:31] [I] Average on 1 runs - GPU latency: 6.78052 ms - Host latency: 6.85352 ms (enqueue 2.05884 ms)
[10/04/2026-22:18:31] [I] Average on 1 runs - GPU latency: 6.78931 ms - Host latency: 6.86206 ms (enqueue 2.03101 ms)
[10/04/2026-22:18:31] [I] Average on 1 runs - GPU latency: 6.77441 ms - Host latency: 6.84692 ms (enqueue 2.07593 ms)
[10/04/2026-22:18:31] [I] Average on 1 runs - GPU latency: 6.78101 ms - Host latency: 6.85571 ms (enqueue 2.05762 ms)
[10/04/2026-22:18:31] [I] Average on 1 runs - GPU latency: 6.78638 ms - Host latency: 6.85669 ms (enqueue 2.04419 ms)
[10/04/2026-22:18:31] [I] Average on 1 runs - GPU latency: 6.78613 ms - Host latency: 6.85571 ms (enqueue 2.03882 ms)
[10/04/2026-22:18:31] [I] Average on 1 runs - GPU latency: 6.77075 ms - Host latency: 6.84302 ms (enqueue 2.08594 ms)
[10/04/2026-22:18:31] [I] Average on 1 runs - GPU latency: 6.78418 ms - Host latency: 6.85352 ms (enqueue 2.0188 ms)
[10/04/2026-22:18:31] [I] Average on 1 runs - GPU latency: 6.77856 ms - Host latency: 6.8457 ms (enqueue 2.03271 ms)
[10/04/2026-22:18:31] [I] Average on 1 runs - GPU latency: 6.78271 ms - Host latency: 6.85278 ms (enqueue 2.07935 ms)
[10/04/2026-22:18:31] [I] Average on 1 runs - GPU latency: 6.78101 ms - Host latency: 6.85449 ms (enqueue 2.08521 ms)
[10/04/2026-22:18:31] [I] Average on 1 runs - GPU latency: 6.7793 ms - Host latency: 6.84985 ms (enqueue 2.03271 ms)
[10/04/2026-22:18:31] [I] Average on 1 runs - GPU latency: 6.78174 ms - Host latency: 6.85767 ms (enqueue 2.07446 ms)
[10/04/2026-22:18:31] [I] Average on 1 runs - GPU latency: 6.79004 ms - Host latency: 6.85864 ms (enqueue 2.104 ms)
[10/04/2026-22:18:31] [I] Average on 1 runs - GPU latency: 6.7959 ms - Host latency: 6.87036 ms (enqueue 2.0498 ms)
[10/04/2026-22:18:31] [I] Average on 1 runs - GPU latency: 6.78076 ms - Host latency: 6.85278 ms (enqueue 2.03271 ms)
[10/04/2026-22:18:31] [I] Average on 1 runs - GPU latency: 6.7832 ms - Host latency: 6.85474 ms (enqueue 2.09448 ms)
[10/04/2026-22:18:31] [I] Average on 1 runs - GPU latency: 6.78955 ms - Host latency: 6.8606 ms (enqueue 2.04077 ms)
[10/04/2026-22:18:31] [I] Average on 1 runs - GPU latency: 6.78174 ms - Host latency: 6.85547 ms (enqueue 2.03735 ms)
[10/04/2026-22:18:31] [I] Average on 1 runs - GPU latency: 6.77808 ms - Host latency: 6.85107 ms (enqueue 2.07349 ms)
[10/04/2026-22:18:31] [I] Average on 1 runs - GPU latency: 6.77686 ms - Host latency: 6.84644 ms (enqueue 2.08716 ms)
[10/04/2026-22:18:31] [I] Average on 1 runs - GPU latency: 6.77612 ms - Host latency: 6.84424 ms (enqueue 2.03882 ms)
[10/04/2026-22:18:31] [I] Average on 1 runs - GPU latency: 6.78052 ms - Host latency: 6.85083 ms (enqueue 2.07837 ms)
[10/04/2026-22:18:31] [I] Average on 1 runs - GPU latency: 6.7876 ms - Host latency: 6.85767 ms (enqueue 2.05835 ms)
[10/04/2026-22:18:31] [I] Average on 1 runs - GPU latency: 6.78003 ms - Host latency: 6.84814 ms (enqueue 2.03345 ms)
[10/04/2026-22:18:31] [I] Average on 1 runs - GPU latency: 6.78564 ms - Host latency: 6.85571 ms (enqueue 2.06909 ms)
[10/04/2026-22:18:31] [I] Average on 1 runs - GPU latency: 6.78174 ms - Host latency: 6.85205 ms (enqueue 2.07471 ms)
[10/04/2026-22:18:31] [I] Average on 1 runs - GPU latency: 6.79419 ms - Host latency: 6.86084 ms (enqueue 2.03076 ms)
[10/04/2026-22:18:31] [I] Average on 1 runs - GPU latency: 6.78833 ms - Host latency: 6.86206 ms (enqueue 2.03076 ms)
[10/04/2026-22:18:31] [I] Average on 1 runs - GPU latency: 6.78516 ms - Host latency: 6.85498 ms (enqueue 2.0835 ms)
[10/04/2026-22:18:31] [I] Average on 1 runs - GPU latency: 6.78784 ms - Host latency: 6.85938 ms (enqueue 2.04077 ms)
[10/04/2026-22:18:31] [I] Average on 1 runs - GPU latency: 6.78003 ms - Host latency: 6.84863 ms (enqueue 2.03516 ms)
[10/04/2026-22:18:31] [I] Average on 1 runs - GPU latency: 6.79028 ms - Host latency: 6.86108 ms (enqueue 2.10327 ms)
[10/04/2026-22:18:31] [I] Average on 1 runs - GPU latency: 6.79175 ms - Host latency: 6.86719 ms (enqueue 2.09546 ms)
[10/04/2026-22:18:31] [I] Average on 1 runs - GPU latency: 6.79614 ms - Host latency: 6.86865 ms (enqueue 2.04224 ms)
[10/04/2026-22:18:31] [I] Average on 1 runs - GPU latency: 6.77441 ms - Host latency: 6.84399 ms (enqueue 2.06177 ms)
[10/04/2026-22:18:31] [I] Average on 1 runs - GPU latency: 6.78735 ms - Host latency: 6.86401 ms (enqueue 2.11816 ms)
[10/04/2026-22:18:31] [I] Average on 1 runs - GPU latency: 6.7793 ms - Host latency: 6.86865 ms (enqueue 2.03906 ms)
[10/04/2026-22:18:31] [I] Average on 1 runs - GPU latency: 6.7876 ms - Host latency: 6.85645 ms (enqueue 2.03882 ms)
[10/04/2026-22:18:31] [I] Average on 1 runs - GPU latency: 6.78174 ms - Host latency: 6.85278 ms (enqueue 2.09277 ms)
[10/04/2026-22:18:31] [I] Average on 1 runs - GPU latency: 6.78101 ms - Host latency: 6.85352 ms (enqueue 2.05322 ms)
[10/04/2026-22:18:31] [I] Average on 1 runs - GPU latency: 6.7793 ms - Host latency: 6.85132 ms (enqueue 2.0437 ms)
[10/04/2026-22:18:31] [I] Average on 1 runs - GPU latency: 6.78564 ms - Host latency: 6.86401 ms (enqueue 2.09985 ms)
[10/04/2026-22:18:31] [I] Average on 1 runs - GPU latency: 6.78003 ms - Host latency: 6.85864 ms (enqueue 2.19702 ms)
[10/04/2026-22:18:31] [I] Average on 1 runs - GPU latency: 6.77783 ms - Host latency: 6.85474 ms (enqueue 2.0647 ms)
[10/04/2026-22:18:31] [I] Average on 1 runs - GPU latency: 6.78076 ms - Host latency: 6.84961 ms (enqueue 2.07202 ms)
[10/04/2026-22:18:31] [I] Average on 1 runs - GPU latency: 6.78027 ms - Host latency: 6.85474 ms (enqueue 2.07202 ms)
[10/04/2026-22:18:31] [I] Average on 1 runs - GPU latency: 6.77979 ms - Host latency: 6.85156 ms (enqueue 2.01758 ms)
[10/04/2026-22:18:31] [I] Average on 1 runs - GPU latency: 6.78174 ms - Host latency: 6.85547 ms (enqueue 2.02734 ms)
[10/04/2026-22:18:31] [I] Average on 1 runs - GPU latency: 6.77881 ms - Host latency: 6.85059 ms (enqueue 2.09668 ms)
[10/04/2026-22:18:31] [I] Average on 1 runs - GPU latency: 6.78906 ms - Host latency: 6.85791 ms (enqueue 2.02686 ms)
[10/04/2026-22:18:31] [I] Average on 1 runs - GPU latency: 6.78809 ms - Host latency: 6.86133 ms (enqueue 2.02637 ms)
[10/04/2026-22:18:31] [I] Average on 1 runs - GPU latency: 6.79053 ms - Host latency: 6.86133 ms (enqueue 2.09766 ms)
[10/04/2026-22:18:31] [I] Average on 1 runs - GPU latency: 6.78174 ms - Host latency: 6.85596 ms (enqueue 2.05957 ms)
[10/04/2026-22:18:31] [I] Average on 1 runs - GPU latency: 6.77783 ms - Host latency: 6.85059 ms (enqueue 2.02686 ms)
[10/04/2026-22:18:31] [I] Average on 1 runs - GPU latency: 6.7876 ms - Host latency: 6.85791 ms (enqueue 2.07617 ms)
[10/04/2026-22:18:31] [I] Average on 1 runs - GPU latency: 6.79102 ms - Host latency: 6.8623 ms (enqueue 2.06689 ms)
[10/04/2026-22:18:31] [I] Average on 1 runs - GPU latency: 6.81348 ms - Host latency: 6.8877 ms (enqueue 2.08643 ms)
[10/04/2026-22:18:31] [I] Average on 1 runs - GPU latency: 6.78613 ms - Host latency: 6.87207 ms (enqueue 2.27051 ms)
[10/04/2026-22:18:31] [I] Average on 1 runs - GPU latency: 6.7876 ms - Host latency: 6.86523 ms (enqueue 2.18945 ms)
[10/04/2026-22:18:31] [I] Average on 1 runs - GPU latency: 6.79883 ms - Host latency: 6.87744 ms (enqueue 2.11035 ms)
[10/04/2026-22:18:31] [I] Average on 1 runs - GPU latency: 6.78467 ms - Host latency: 6.86523 ms (enqueue 2.19043 ms)
[10/04/2026-22:18:31] [I] Average on 1 runs - GPU latency: 6.78174 ms - Host latency: 6.86279 ms (enqueue 2.18115 ms)
[10/04/2026-22:18:31] [I] Average on 1 runs - GPU latency: 6.78125 ms - Host latency: 6.86279 ms (enqueue 2.11914 ms)
[10/04/2026-22:18:31] [I] Average on 1 runs - GPU latency: 6.79395 ms - Host latency: 6.87305 ms (enqueue 2.07227 ms)
[10/04/2026-22:18:31] [I] Average on 1 runs - GPU latency: 6.79102 ms - Host latency: 6.86719 ms (enqueue 2.15771 ms)
[10/04/2026-22:18:31] [I] Average on 1 runs - GPU latency: 6.77783 ms - Host latency: 6.85352 ms (enqueue 2.104 ms)
[10/04/2026-22:18:31] [I] Average on 1 runs - GPU latency: 6.78223 ms - Host latency: 6.86084 ms (enqueue 2.05908 ms)
[10/04/2026-22:18:31] [I] Average on 1 runs - GPU latency: 6.78564 ms - Host latency: 6.85742 ms (enqueue 2.1084 ms)
[10/04/2026-22:18:31] [I] Average on 1 runs - GPU latency: 6.77686 ms - Host latency: 6.85205 ms (enqueue 2.12354 ms)
[10/04/2026-22:18:31] [I] Average on 1 runs - GPU latency: 6.78418 ms - Host latency: 6.86133 ms (enqueue 2.04297 ms)
[10/04/2026-22:18:31] [I] Average on 1 runs - GPU latency: 6.77295 ms - Host latency: 6.84766 ms (enqueue 2.05859 ms)
[10/04/2026-22:18:31] [I] Average on 1 runs - GPU latency: 6.78711 ms - Host latency: 6.86182 ms (enqueue 2.19531 ms)
[10/04/2026-22:18:31] [I] Average on 1 runs - GPU latency: 6.77197 ms - Host latency: 6.84033 ms (enqueue 2.00781 ms)
[10/04/2026-22:18:31] [I] Average on 1 runs - GPU latency: 6.78174 ms - Host latency: 6.85449 ms (enqueue 2.03076 ms)
[10/04/2026-22:18:31] [I] Average on 1 runs - GPU latency: 6.77148 ms - Host latency: 6.84375 ms (enqueue 2.07568 ms)
[10/04/2026-22:18:31] [I] Average on 1 runs - GPU latency: 6.78857 ms - Host latency: 6.86621 ms (enqueue 2.0791 ms)
[10/04/2026-22:18:31] [I] Average on 1 runs - GPU latency: 6.78809 ms - Host latency: 6.86621 ms (enqueue 2.04102 ms)
[10/04/2026-22:18:31] [I] Average on 1 runs - GPU latency: 6.78516 ms - Host latency: 6.87012 ms (enqueue 2.08691 ms)
[10/04/2026-22:18:31] [I] Average on 1 runs - GPU latency: 6.77881 ms - Host latency: 6.85547 ms (enqueue 2.07568 ms)
[10/04/2026-22:18:31] [I] Average on 1 runs - GPU latency: 6.78027 ms - Host latency: 6.86084 ms (enqueue 1.99756 ms)
[10/04/2026-22:18:31] [I] Average on 1 runs - GPU latency: 6.78027 ms - Host latency: 6.85596 ms (enqueue 2.021 ms)
[10/04/2026-22:18:31] [I] Average on 1 runs - GPU latency: 6.79297 ms - Host latency: 6.87109 ms (enqueue 2.0708 ms)
[10/04/2026-22:18:31] [I] Average on 1 runs - GPU latency: 6.78223 ms - Host latency: 6.85352 ms (enqueue 1.98242 ms)
[10/04/2026-22:18:31] [I] Average on 1 runs - GPU latency: 6.77881 ms - Host latency: 6.84912 ms (enqueue 1.99121 ms)
[10/04/2026-22:18:31] [I] ... Omitting 1812 lines
[10/04/2026-22:18:31] [I] Average on 1 runs - GPU latency: 6.77148 ms - Host latency: 6.83984 ms (enqueue 2.05273 ms)
[10/04/2026-22:18:31] [I] Average on 1 runs - GPU latency: 6.78125 ms - Host latency: 6.85938 ms (enqueue 2.0918 ms)
[10/04/2026-22:18:31] [I] Average on 1 runs - GPU latency: 6.78711 ms - Host latency: 6.87305 ms (enqueue 2.09766 ms)
[10/04/2026-22:18:31] [I] Average on 1 runs - GPU latency: 6.7832 ms - Host latency: 6.86133 ms (enqueue 2.06445 ms)
[10/04/2026-22:18:31] [I] Average on 1 runs - GPU latency: 6.7832 ms - Host latency: 6.85742 ms (enqueue 2.06055 ms)
[10/04/2026-22:18:31] [I] Average on 1 runs - GPU latency: 6.78711 ms - Host latency: 6.85742 ms (enqueue 2.10742 ms)
[10/04/2026-22:18:31] [I] Average on 1 runs - GPU latency: 6.78516 ms - Host latency: 6.85352 ms (enqueue 2.04102 ms)
[10/04/2026-22:18:31] [I] Average on 1 runs - GPU latency: 6.80664 ms - Host latency: 6.87695 ms (enqueue 2.08398 ms)
[10/04/2026-22:18:31] [I] Average on 1 runs - GPU latency: 6.79883 ms - Host latency: 6.88281 ms (enqueue 2.34961 ms)
[10/04/2026-22:18:31] [I] Average on 1 runs - GPU latency: 6.79688 ms - Host latency: 6.87109 ms (enqueue 2.20508 ms)
[10/04/2026-22:18:31] [I] Average on 1 runs - GPU latency: 6.79688 ms - Host latency: 6.87891 ms (enqueue 2.14062 ms)
[10/04/2026-22:18:31] [I] Average on 1 runs - GPU latency: 6.78516 ms - Host latency: 6.86328 ms (enqueue 2.23242 ms)
[10/04/2026-22:18:31] [I] Average on 1 runs - GPU latency: 6.78711 ms - Host latency: 6.86719 ms (enqueue 2.23047 ms)
[10/04/2026-22:18:31] [I] Average on 1 runs - GPU latency: 6.78516 ms - Host latency: 6.85938 ms (enqueue 2.30859 ms)
[10/04/2026-22:18:31] [I] Average on 1 runs - GPU latency: 6.78906 ms - Host latency: 6.86914 ms (enqueue 2.08789 ms)
[10/04/2026-22:18:31] [I] Average on 1 runs - GPU latency: 6.7832 ms - Host latency: 6.86328 ms (enqueue 2.21289 ms)
[10/04/2026-22:18:31] [I] Average on 1 runs - GPU latency: 6.7793 ms - Host latency: 6.85547 ms (enqueue 2.05273 ms)
[10/04/2026-22:18:31] [I] Average on 1 runs - GPU latency: 6.7832 ms - Host latency: 6.85938 ms (enqueue 2.0332 ms)
[10/04/2026-22:18:31] [I] Average on 1 runs - GPU latency: 6.78711 ms - Host latency: 6.85742 ms (enqueue 2.41016 ms)
[10/04/2026-22:18:31] [I] Average on 1 runs - GPU latency: 6.78711 ms - Host latency: 6.85742 ms (enqueue 2.08008 ms)
[10/04/2026-22:18:31] [I] Average on 1 runs - GPU latency: 6.76562 ms - Host latency: 6.83789 ms (enqueue 2.04688 ms)
[10/04/2026-22:18:31] [I] Average on 1 runs - GPU latency: 6.7793 ms - Host latency: 6.85547 ms (enqueue 2.12109 ms)
[10/04/2026-22:18:31] [I] Average on 1 runs - GPU latency: 6.78711 ms - Host latency: 6.85938 ms (enqueue 2.10938 ms)
[10/04/2026-22:18:31] [I] Average on 1 runs - GPU latency: 6.77539 ms - Host latency: 6.84961 ms (enqueue 2.04883 ms)
[10/04/2026-22:18:31] [I] Average on 1 runs - GPU latency: 6.7793 ms - Host latency: 6.85156 ms (enqueue 2.04883 ms)
[10/04/2026-22:18:31] [I] Average on 1 runs - GPU latency: 6.7832 ms - Host latency: 6.85938 ms (enqueue 2.11133 ms)
[10/04/2026-22:18:31] [I] Average on 1 runs - GPU latency: 6.7832 ms - Host latency: 6.85352 ms (enqueue 2.04297 ms)
[10/04/2026-22:18:31] [I] Average on 1 runs - GPU latency: 6.78906 ms - Host latency: 6.85547 ms (enqueue 2.03906 ms)
[10/04/2026-22:18:31] [I] Average on 1 runs - GPU latency: 6.79297 ms - Host latency: 6.86133 ms (enqueue 2.09766 ms)
[10/04/2026-22:18:31] [I] Average on 1 runs - GPU latency: 6.78125 ms - Host latency: 6.85352 ms (enqueue 2.07812 ms)
[10/04/2026-22:18:31] [I] Average on 1 runs - GPU latency: 6.79102 ms - Host latency: 6.85938 ms (enqueue 2.04102 ms)
[10/04/2026-22:18:31] [I] Average on 1 runs - GPU latency: 6.78125 ms - Host latency: 6.85352 ms (enqueue 2.09961 ms)
[10/04/2026-22:18:31] [I] Average on 1 runs - GPU latency: 6.77539 ms - Host latency: 6.8457 ms (enqueue 2.10938 ms)
[10/04/2026-22:18:31] [I] Average on 1 runs - GPU latency: 6.78516 ms - Host latency: 6.85352 ms (enqueue 2.05469 ms)
[10/04/2026-22:18:31] [I] Average on 1 runs - GPU latency: 6.79688 ms - Host latency: 6.86133 ms (enqueue 2.11523 ms)
[10/04/2026-22:18:31] [I] Average on 1 runs - GPU latency: 6.7832 ms - Host latency: 6.85156 ms (enqueue 2.11133 ms)
[10/04/2026-22:18:31] [I] Average on 1 runs - GPU latency: 6.78516 ms - Host latency: 6.86133 ms (enqueue 2.04883 ms)
[10/04/2026-22:18:31] [I] Average on 1 runs - GPU latency: 6.77539 ms - Host latency: 6.8457 ms (enqueue 2.04883 ms)
[10/04/2026-22:18:31] [I] Average on 1 runs - GPU latency: 6.77539 ms - Host latency: 6.85352 ms (enqueue 2.09961 ms)
[10/04/2026-22:18:31] [I] Average on 1 runs - GPU latency: 6.78906 ms - Host latency: 6.86914 ms (enqueue 2.06445 ms)
[10/04/2026-22:18:31] [I] Average on 1 runs - GPU latency: 6.78516 ms - Host latency: 6.85547 ms (enqueue 2.04883 ms)
[10/04/2026-22:18:31] [I] Average on 1 runs - GPU latency: 6.79297 ms - Host latency: 6.86523 ms (enqueue 2.0918 ms)
[10/04/2026-22:18:31] [I] Average on 1 runs - GPU latency: 6.78125 ms - Host latency: 6.85547 ms (enqueue 2.11914 ms)
[10/04/2026-22:18:31] [I] Average on 1 runs - GPU latency: 6.79883 ms - Host latency: 6.87695 ms (enqueue 2.05859 ms)
[10/04/2026-22:18:31] [I] Average on 1 runs - GPU latency: 6.77734 ms - Host latency: 6.85156 ms (enqueue 2.08984 ms)
[10/04/2026-22:18:31] [I] Average on 1 runs - GPU latency: 6.78516 ms - Host latency: 6.85352 ms (enqueue 2.12109 ms)
[10/04/2026-22:18:31] [I] Average on 1 runs - GPU latency: 6.78906 ms - Host latency: 6.86133 ms (enqueue 2.04492 ms)
[10/04/2026-22:18:31] [I] Average on 1 runs - GPU latency: 6.78906 ms - Host latency: 6.85938 ms (enqueue 2.04102 ms)
[10/04/2026-22:18:31] [I] Average on 1 runs - GPU latency: 6.78516 ms - Host latency: 6.85547 ms (enqueue 2.10938 ms)
[10/04/2026-22:18:31] [I] Average on 1 runs - GPU latency: 6.79102 ms - Host latency: 6.86328 ms (enqueue 2.04688 ms)
[10/04/2026-22:18:31] [I] Average on 1 runs - GPU latency: 6.79297 ms - Host latency: 6.85938 ms (enqueue 2.04688 ms)
[10/04/2026-22:18:31] [I] Average on 1 runs - GPU latency: 6.78125 ms - Host latency: 6.85352 ms (enqueue 2.12109 ms)
[10/04/2026-22:18:31] [I] Average on 1 runs - GPU latency: 6.78711 ms - Host latency: 6.85547 ms (enqueue 2.08984 ms)
[10/04/2026-22:18:31] [I] Average on 1 runs - GPU latency: 6.77734 ms - Host latency: 6.85156 ms (enqueue 2.04297 ms)
[10/04/2026-22:18:31] [I] Average on 1 runs - GPU latency: 6.79297 ms - Host latency: 6.86328 ms (enqueue 2.08789 ms)
[10/04/2026-22:18:31] [I] Average on 1 runs - GPU latency: 6.78516 ms - Host latency: 6.85547 ms (enqueue 2.11914 ms)
[10/04/2026-22:18:31] [I] Average on 1 runs - GPU latency: 6.78516 ms - Host latency: 6.86133 ms (enqueue 2.05664 ms)
[10/04/2026-22:18:31] [I] Average on 1 runs - GPU latency: 6.7832 ms - Host latency: 6.85352 ms (enqueue 2.05469 ms)
[10/04/2026-22:18:31] [I] Average on 1 runs - GPU latency: 6.79297 ms - Host latency: 6.86719 ms (enqueue 2.12109 ms)
[10/04/2026-22:18:31] [I] Average on 1 runs - GPU latency: 6.79102 ms - Host latency: 6.85742 ms (enqueue 2.04688 ms)
[10/04/2026-22:18:31] [I] Average on 1 runs - GPU latency: 6.77148 ms - Host latency: 6.84375 ms (enqueue 2.04688 ms)
[10/04/2026-22:18:31] [I] Average on 1 runs - GPU latency: 6.7832 ms - Host latency: 6.85547 ms (enqueue 2.11914 ms)
[10/04/2026-22:18:31] [I] Average on 1 runs - GPU latency: 6.78516 ms - Host latency: 6.85547 ms (enqueue 2.08008 ms)
[10/04/2026-22:18:31] [I] Average on 1 runs - GPU latency: 6.79102 ms - Host latency: 6.86523 ms (enqueue 2.05078 ms)
[10/04/2026-22:18:31] [I] Average on 1 runs - GPU latency: 6.79492 ms - Host latency: 6.86914 ms (enqueue 2.08594 ms)
[10/04/2026-22:18:31] [I] Average on 1 runs - GPU latency: 6.78125 ms - Host latency: 6.85156 ms (enqueue 2.08789 ms)
[10/04/2026-22:18:31] [I] Average on 1 runs - GPU latency: 6.77539 ms - Host latency: 6.84766 ms (enqueue 2.05273 ms)
[10/04/2026-22:18:31] [I] Average on 1 runs - GPU latency: 6.79102 ms - Host latency: 6.85938 ms (enqueue 2.08398 ms)
[10/04/2026-22:18:31] [I] Average on 1 runs - GPU latency: 6.78711 ms - Host latency: 6.86328 ms (enqueue 2.14062 ms)
[10/04/2026-22:18:31] [I] Average on 1 runs - GPU latency: 6.78516 ms - Host latency: 6.85938 ms (enqueue 2.06445 ms)
[10/04/2026-22:18:31] [I] Average on 1 runs - GPU latency: 6.78711 ms - Host latency: 6.86719 ms (enqueue 2.06641 ms)
[10/04/2026-22:18:31] [I] Average on 1 runs - GPU latency: 6.78906 ms - Host latency: 6.86719 ms (enqueue 2.10742 ms)
[10/04/2026-22:18:31] [I] Average on 1 runs - GPU latency: 6.7793 ms - Host latency: 6.85742 ms (enqueue 2.06445 ms)
[10/04/2026-22:18:31] [I] Average on 1 runs - GPU latency: 6.78516 ms - Host latency: 6.85742 ms (enqueue 2.06445 ms)
[10/04/2026-22:18:31] [I] Average on 1 runs - GPU latency: 6.76953 ms - Host latency: 6.84766 ms (enqueue 2.0957 ms)
[10/04/2026-22:18:31] [I] Average on 1 runs - GPU latency: 6.7793 ms - Host latency: 6.85156 ms (enqueue 2.08398 ms)
[10/04/2026-22:18:31] [I] Average on 1 runs - GPU latency: 6.78711 ms - Host latency: 6.86133 ms (enqueue 2.04297 ms)
[10/04/2026-22:18:31] [I] Average on 1 runs - GPU latency: 6.76953 ms - Host latency: 6.83789 ms (enqueue 2.10156 ms)
[10/04/2026-22:18:31] [I] Average on 1 runs - GPU latency: 6.7793 ms - Host latency: 6.84961 ms (enqueue 2.11719 ms)
[10/04/2026-22:18:31] [I] Average on 1 runs - GPU latency: 6.78125 ms - Host latency: 6.85156 ms (enqueue 2.05078 ms)
[10/04/2026-22:18:31] [I] Average on 1 runs - GPU latency: 6.77734 ms - Host latency: 6.85547 ms (enqueue 2.03711 ms)
[10/04/2026-22:18:31] [I] Average on 1 runs - GPU latency: 6.76758 ms - Host latency: 6.8418 ms (enqueue 2.0957 ms)
[10/04/2026-22:18:31] [I] Average on 1 runs - GPU latency: 6.77734 ms - Host latency: 6.84766 ms (enqueue 2.04297 ms)
[10/04/2026-22:18:31] [I] Average on 1 runs - GPU latency: 6.77148 ms - Host latency: 6.8457 ms (enqueue 2.04492 ms)
[10/04/2026-22:18:31] [I] Average on 1 runs - GPU latency: 6.7832 ms - Host latency: 6.85742 ms (enqueue 2.10742 ms)
[10/04/2026-22:18:31] [I] Average on 1 runs - GPU latency: 6.77734 ms - Host latency: 6.84961 ms (enqueue 2.11133 ms)
[10/04/2026-22:18:31] [I] Average on 1 runs - GPU latency: 6.7793 ms - Host latency: 6.85352 ms (enqueue 2.04492 ms)
[10/04/2026-22:18:31] [I] Average on 1 runs - GPU latency: 6.81641 ms - Host latency: 6.88867 ms (enqueue 2.08984 ms)
[10/04/2026-22:18:31] [I] Average on 1 runs - GPU latency: 6.78516 ms - Host latency: 6.85742 ms (enqueue 2.23828 ms)
[10/04/2026-22:18:31] [I] Average on 1 runs - GPU latency: 6.79297 ms - Host latency: 6.87109 ms (enqueue 2.17188 ms)
[10/04/2026-22:18:31] [I] Average on 1 runs - GPU latency: 6.79492 ms - Host latency: 6.86914 ms (enqueue 2.10156 ms)
[10/04/2026-22:18:31] [I] Average on 1 runs - GPU latency: 6.78516 ms - Host latency: 6.85742 ms (enqueue 2.19531 ms)
[10/04/2026-22:18:31] [I] Average on 1 runs - GPU latency: 6.79492 ms - Host latency: 6.86328 ms (enqueue 2.125 ms)
[10/04/2026-22:18:31] [I] Average on 1 runs - GPU latency: 6.7832 ms - Host latency: 6.86133 ms (enqueue 2.0918 ms)
[10/04/2026-22:18:31] [I] Average on 1 runs - GPU latency: 6.79688 ms - Host latency: 6.875 ms (enqueue 2.13281 ms)
[10/04/2026-22:18:31] [I] Average on 1 runs - GPU latency: 6.78516 ms - Host latency: 6.85742 ms (enqueue 2.125 ms)
[10/04/2026-22:18:31] [I] Average on 1 runs - GPU latency: 6.7832 ms - Host latency: 6.85742 ms (enqueue 2.05273 ms)
[10/04/2026-22:18:31] [I] Average on 1 runs - GPU latency: 6.79297 ms - Host latency: 6.86719 ms (enqueue 2.10156 ms)
[10/04/2026-22:18:31] [I] Average on 1 runs - GPU latency: 6.7832 ms - Host latency: 6.85352 ms (enqueue 2.09961 ms)
[10/04/2026-22:18:31] [I] Average on 1 runs - GPU latency: 6.78125 ms - Host latency: 6.84961 ms (enqueue 2.05078 ms)
[10/04/2026-22:18:31] [I] Average on 1 runs - GPU latency: 6.77344 ms - Host latency: 6.84766 ms (enqueue 2.08203 ms)
[10/04/2026-22:18:31] [I] Average on 1 runs - GPU latency: 6.7832 ms - Host latency: 6.85547 ms (enqueue 2.09961 ms)
[10/04/2026-22:18:31] [I] Average on 1 runs - GPU latency: 6.7793 ms - Host latency: 6.85156 ms (enqueue 2.04883 ms)
[10/04/2026-22:18:31] [I] Average on 1 runs - GPU latency: 6.79883 ms - Host latency: 6.875 ms (enqueue 2.06445 ms)
[10/04/2026-22:18:31] [I] Average on 1 runs - GPU latency: 6.78906 ms - Host latency: 6.85938 ms (enqueue 2.09766 ms)
[10/04/2026-22:18:31] [I] Average on 1 runs - GPU latency: 6.77734 ms - Host latency: 6.84766 ms (enqueue 2.04297 ms)
[10/04/2026-22:18:31] [I] Average on 1 runs - GPU latency: 6.77734 ms - Host latency: 6.84766 ms (enqueue 2.05664 ms)
[10/04/2026-22:18:31] [I] Average on 1 runs - GPU latency: 6.79492 ms - Host latency: 6.86328 ms (enqueue 2.11719 ms)
[10/04/2026-22:18:31] [I] Average on 1 runs - GPU latency: 6.7832 ms - Host latency: 6.85742 ms (enqueue 2.13086 ms)
[10/04/2026-22:18:31] [I] Average on 1 runs - GPU latency: 6.79297 ms - Host latency: 6.86133 ms (enqueue 2.03516 ms)
[10/04/2026-22:18:31] [I] Average on 1 runs - GPU latency: 6.7832 ms - Host latency: 6.85352 ms (enqueue 2.08984 ms)
[10/04/2026-22:18:31] [I] Average on 1 runs - GPU latency: 6.78516 ms - Host latency: 6.85352 ms (enqueue 2.10352 ms)
[10/04/2026-22:18:31] [I] Average on 1 runs - GPU latency: 6.77539 ms - Host latency: 6.8457 ms (enqueue 2.0332 ms)
[10/04/2026-22:18:31] [I] Average on 1 runs - GPU latency: 6.77539 ms - Host latency: 6.84375 ms (enqueue 2.03516 ms)
[10/04/2026-22:18:31] [I] Average on 1 runs - GPU latency: 6.78125 ms - Host latency: 6.85352 ms (enqueue 2.10156 ms)
[10/04/2026-22:18:31] [I] Average on 1 runs - GPU latency: 6.7793 ms - Host latency: 6.84961 ms (enqueue 2.04492 ms)
[10/04/2026-22:18:31] [I] Average on 1 runs - GPU latency: 6.7832 ms - Host latency: 6.85742 ms (enqueue 2.05859 ms)
[10/04/2026-22:18:31] [I] Average on 1 runs - GPU latency: 6.7793 ms - Host latency: 6.84766 ms (enqueue 2.13086 ms)
[10/04/2026-22:18:31] [I] Average on 1 runs - GPU latency: 6.7793 ms - Host latency: 6.85352 ms (enqueue 2.10742 ms)
[10/04/2026-22:18:31] [I] Average on 1 runs - GPU latency: 6.79297 ms - Host latency: 6.86133 ms (enqueue 2.04492 ms)
[10/04/2026-22:18:31] [I] Average on 1 runs - GPU latency: 6.78711 ms - Host latency: 6.85938 ms (enqueue 2.0918 ms)
[10/04/2026-22:18:31] [I] Average on 1 runs - GPU latency: 6.77148 ms - Host latency: 6.84766 ms (enqueue 2.12695 ms)
[10/04/2026-22:18:31] [I] Average on 1 runs - GPU latency: 6.78125 ms - Host latency: 6.85938 ms (enqueue 2.05664 ms)
[10/04/2026-22:18:31] [I] Average on 1 runs - GPU latency: 6.77344 ms - Host latency: 6.84766 ms (enqueue 2.06055 ms)
[10/04/2026-22:18:31] [I] Average on 1 runs - GPU latency: 6.76953 ms - Host latency: 6.84766 ms (enqueue 2.10938 ms)
[10/04/2026-22:18:31] [I] Average on 1 runs - GPU latency: 6.7793 ms - Host latency: 6.85156 ms (enqueue 2.05273 ms)
[10/04/2026-22:18:31] [I] Average on 1 runs - GPU latency: 6.7793 ms - Host latency: 6.85742 ms (enqueue 2.04102 ms)
[10/04/2026-22:18:31] [I] Average on 1 runs - GPU latency: 6.78711 ms - Host latency: 6.86523 ms (enqueue 2.10547 ms)
[10/04/2026-22:18:31] [I] Average on 1 runs - GPU latency: 6.78125 ms - Host latency: 6.85938 ms (enqueue 2.05469 ms)
[10/04/2026-22:18:31] [I] Average on 1 runs - GPU latency: 6.77734 ms - Host latency: 6.85156 ms (enqueue 2.05664 ms)
[10/04/2026-22:18:31] [I] Average on 1 runs - GPU latency: 6.78516 ms - Host latency: 6.85352 ms (enqueue 2.11914 ms)
[10/04/2026-22:18:31] [I] Average on 1 runs - GPU latency: 6.78516 ms - Host latency: 6.85547 ms (enqueue 2.08594 ms)
[10/04/2026-22:18:31] [I] Average on 1 runs - GPU latency: 6.7793 ms - Host latency: 6.85352 ms (enqueue 2.03906 ms)
[10/04/2026-22:18:31] [I] Average on 1 runs - GPU latency: 6.78711 ms - Host latency: 6.86328 ms (enqueue 2.11523 ms)
[10/04/2026-22:18:31] [I] Average on 1 runs - GPU latency: 6.76758 ms - Host latency: 6.83789 ms (enqueue 2.10742 ms)
[10/04/2026-22:18:31] [I] Average on 1 runs - GPU latency: 6.78516 ms - Host latency: 6.85742 ms (enqueue 2.04492 ms)
[10/04/2026-22:18:31] [I] Average on 1 runs - GPU latency: 6.7832 ms - Host latency: 6.85156 ms (enqueue 2.0625 ms)
[10/04/2026-22:18:31] [I] Average on 1 runs - GPU latency: 6.78125 ms - Host latency: 6.85352 ms (enqueue 2.09766 ms)
[10/04/2026-22:18:31] [I] Average on 1 runs - GPU latency: 6.7832 ms - Host latency: 6.85547 ms (enqueue 2.05469 ms)
[10/04/2026-22:18:31] [I] Average on 1 runs - GPU latency: 6.78125 ms - Host latency: 6.84961 ms (enqueue 2.04492 ms)
[10/04/2026-22:18:31] [I] Average on 1 runs - GPU latency: 6.77734 ms - Host latency: 6.84375 ms (enqueue 2.08203 ms)
[10/04/2026-22:18:31] [I] Average on 1 runs - GPU latency: 6.78711 ms - Host latency: 6.86133 ms (enqueue 2.0957 ms)
[10/04/2026-22:18:31] [I] Average on 1 runs - GPU latency: 6.79102 ms - Host latency: 6.86133 ms (enqueue 2.04102 ms)
[10/04/2026-22:18:31] [I] Average on 1 runs - GPU latency: 6.78711 ms - Host latency: 6.85938 ms (enqueue 2.10156 ms)
[10/04/2026-22:18:31] [I] Average on 1 runs - GPU latency: 6.78125 ms - Host latency: 6.85352 ms (enqueue 2.11328 ms)
[10/04/2026-22:18:31] [I] Average on 1 runs - GPU latency: 6.78906 ms - Host latency: 6.85547 ms (enqueue 2.05664 ms)
[10/04/2026-22:18:31] [I] Average on 1 runs - GPU latency: 6.7793 ms - Host latency: 6.85352 ms (enqueue 2.05469 ms)
[10/04/2026-22:18:31] [I] Average on 1 runs - GPU latency: 6.78125 ms - Host latency: 6.85352 ms (enqueue 2.10742 ms)
[10/04/2026-22:18:31] [I] Average on 1 runs - GPU latency: 6.77734 ms - Host latency: 6.85938 ms (enqueue 2.05273 ms)
[10/04/2026-22:18:31] [I] Average on 1 runs - GPU latency: 6.7793 ms - Host latency: 6.85156 ms (enqueue 2.03711 ms)
[10/04/2026-22:18:31] [I] Average on 1 runs - GPU latency: 6.79297 ms - Host latency: 6.86328 ms (enqueue 2.10938 ms)
[10/04/2026-22:18:31] [I] Average on 1 runs - GPU latency: 6.7793 ms - Host latency: 6.8457 ms (enqueue 2.10156 ms)
[10/04/2026-22:18:31] [I] Average on 1 runs - GPU latency: 6.77539 ms - Host latency: 6.8457 ms (enqueue 2.05469 ms)
[10/04/2026-22:18:31] [I] Average on 1 runs - GPU latency: 6.7793 ms - Host latency: 6.84766 ms (enqueue 2.10352 ms)
[10/04/2026-22:18:31] [I] Average on 1 runs - GPU latency: 6.78516 ms - Host latency: 6.85352 ms (enqueue 2.0918 ms)
[10/04/2026-22:18:31] [I] Average on 1 runs - GPU latency: 6.78711 ms - Host latency: 6.85742 ms (enqueue 2.04688 ms)
[10/04/2026-22:18:31] [I] Average on 1 runs - GPU latency: 6.77734 ms - Host latency: 6.8457 ms (enqueue 2.08398 ms)
[10/04/2026-22:18:31] [I] Average on 1 runs - GPU latency: 6.7793 ms - Host latency: 6.84961 ms (enqueue 2.11719 ms)
[10/04/2026-22:18:31] [I] Average on 1 runs - GPU latency: 6.7832 ms - Host latency: 6.85156 ms (enqueue 2.03711 ms)
[10/04/2026-22:18:31] [I] Average on 1 runs - GPU latency: 6.7793 ms - Host latency: 6.85156 ms (enqueue 2.05469 ms)
[10/04/2026-22:18:31] [I] Average on 1 runs - GPU latency: 6.7832 ms - Host latency: 6.85352 ms (enqueue 2.11523 ms)
[10/04/2026-22:18:31] [I] Average on 1 runs - GPU latency: 6.7832 ms - Host latency: 6.85547 ms (enqueue 2.05469 ms)
[10/04/2026-22:18:31] [I] Average on 1 runs - GPU latency: 6.76953 ms - Host latency: 6.85156 ms (enqueue 2.05078 ms)
[10/04/2026-22:18:31] [I] Average on 1 runs - GPU latency: 6.78906 ms - Host latency: 6.86523 ms (enqueue 2.11914 ms)
[10/04/2026-22:18:31] [I] Average on 1 runs - GPU latency: 6.78125 ms - Host latency: 6.85547 ms (enqueue 2.0918 ms)
[10/04/2026-22:18:31] [I] Average on 1 runs - GPU latency: 6.77734 ms - Host latency: 6.85352 ms (enqueue 2.05078 ms)
[10/04/2026-22:18:31] [I] Average on 1 runs - GPU latency: 6.78125 ms - Host latency: 6.85742 ms (enqueue 2.08789 ms)
[10/04/2026-22:18:31] [I] Average on 1 runs - GPU latency: 6.79297 ms - Host latency: 6.86133 ms (enqueue 2.07617 ms)
[10/04/2026-22:18:31] [I] Average on 1 runs - GPU latency: 6.79688 ms - Host latency: 6.87109 ms (enqueue 2.15625 ms)
[10/04/2026-22:18:31] [I] Average on 1 runs - GPU latency: 6.79297 ms - Host latency: 6.87305 ms (enqueue 2.21289 ms)
[10/04/2026-22:18:31] [I] Average on 1 runs - GPU latency: 6.80664 ms - Host latency: 6.88281 ms (enqueue 2.17773 ms)
[10/04/2026-22:18:31] [I] Average on 1 runs - GPU latency: 6.80078 ms - Host latency: 6.875 ms (enqueue 2.09766 ms)
[10/04/2026-22:18:31] [I] Average on 1 runs - GPU latency: 6.79688 ms - Host latency: 6.86719 ms (enqueue 2.14258 ms)
[10/04/2026-22:18:31] [I] Average on 1 runs - GPU latency: 6.79297 ms - Host latency: 6.86914 ms (enqueue 2.17578 ms)
[10/04/2026-22:18:31] [I] Average on 1 runs - GPU latency: 6.78906 ms - Host latency: 6.85742 ms (enqueue 2.14844 ms)
[10/04/2026-22:18:31] [I] Average on 1 runs - GPU latency: 6.7793 ms - Host latency: 6.85352 ms (enqueue 2.07031 ms)
[10/04/2026-22:18:31] [I] Average on 1 runs - GPU latency: 6.78711 ms - Host latency: 6.85938 ms (enqueue 2.09961 ms)
[10/04/2026-22:18:31] [I] Average on 1 runs - GPU latency: 6.78125 ms - Host latency: 6.85547 ms (enqueue 2.11719 ms)
[10/04/2026-22:18:31] [I] Average on 1 runs - GPU latency: 6.78711 ms - Host latency: 6.86719 ms (enqueue 2.04688 ms)
[10/04/2026-22:18:31] [I] Average on 1 runs - GPU latency: 6.7793 ms - Host latency: 6.85156 ms (enqueue 2.03906 ms)
[10/04/2026-22:18:31] [I] Average on 1 runs - GPU latency: 6.79102 ms - Host latency: 6.86523 ms (enqueue 2.10352 ms)
[10/04/2026-22:18:31] [I] Average on 1 runs - GPU latency: 6.7793 ms - Host latency: 6.85156 ms (enqueue 2.03906 ms)
[10/04/2026-22:18:31] [I] Average on 1 runs - GPU latency: 6.78516 ms - Host latency: 6.85742 ms (enqueue 2.04688 ms)
[10/04/2026-22:18:31] [I] Average on 1 runs - GPU latency: 6.7793 ms - Host latency: 6.84961 ms (enqueue 2.09375 ms)
[10/04/2026-22:18:31] [I] Average on 1 runs - GPU latency: 6.79297 ms - Host latency: 6.86523 ms (enqueue 2.08203 ms)
[10/04/2026-22:18:31] [I] Average on 1 runs - GPU latency: 6.77344 ms - Host latency: 6.8457 ms (enqueue 2.05859 ms)
[10/04/2026-22:18:31] [I] Average on 1 runs - GPU latency: 6.78125 ms - Host latency: 6.85547 ms (enqueue 2.11523 ms)
[10/04/2026-22:18:31] [I] Average on 1 runs - GPU latency: 6.79102 ms - Host latency: 6.86523 ms (enqueue 2.10742 ms)
[10/04/2026-22:18:31] [I] Average on 1 runs - GPU latency: 6.78711 ms - Host latency: 6.85742 ms (enqueue 2.04492 ms)
[10/04/2026-22:18:31] [I] Average on 1 runs - GPU latency: 6.78516 ms - Host latency: 6.86914 ms (enqueue 2.08789 ms)
[10/04/2026-22:18:31] [I] Average on 1 runs - GPU latency: 6.79102 ms - Host latency: 6.86133 ms (enqueue 2.10938 ms)
[10/04/2026-22:18:31] [I] Average on 1 runs - GPU latency: 6.78516 ms - Host latency: 6.86133 ms (enqueue 2.04883 ms)
[10/04/2026-22:18:31] [I] Average on 1 runs - GPU latency: 6.77539 ms - Host latency: 6.84375 ms (enqueue 2.04297 ms)
[10/04/2026-22:18:31] [I] Average on 1 runs - GPU latency: 6.7793 ms - Host latency: 6.84766 ms (enqueue 2.10547 ms)
[10/04/2026-22:18:31] [I] Average on 1 runs - GPU latency: 6.7832 ms - Host latency: 6.85156 ms (enqueue 2.03906 ms)
[10/04/2026-22:18:31] [I] Average on 1 runs - GPU latency: 6.7832 ms - Host latency: 6.85352 ms (enqueue 2.03711 ms)
[10/04/2026-22:18:31] [I] Average on 1 runs - GPU latency: 6.7832 ms - Host latency: 6.85352 ms (enqueue 2.11328 ms)
[10/04/2026-22:18:31] [I] Average on 1 runs - GPU latency: 6.78125 ms - Host latency: 6.85352 ms (enqueue 2.08594 ms)
[10/04/2026-22:18:31] [I] Average on 1 runs - GPU latency: 6.7793 ms - Host latency: 6.85938 ms (enqueue 2.04297 ms)
[10/04/2026-22:18:31] [I] Average on 1 runs - GPU latency: 6.77148 ms - Host latency: 6.8418 ms (enqueue 2.08008 ms)
[10/04/2026-22:18:31] [I] Average on 1 runs - GPU latency: 6.76953 ms - Host latency: 6.8418 ms (enqueue 2.09961 ms)
[10/04/2026-22:18:31] [I] 
[10/04/2026-22:18:31] [I] === Performance summary ===
[10/04/2026-22:18:31] [I] Throughput: 147.292 qps
[10/04/2026-22:18:31] [I] Latency: min = 6.83447 ms, max = 6.92432 ms, mean = 6.85715 ms, median = 6.85645 ms, percentile(90%) = 6.86768 ms, percentile(95%) = 6.87207 ms, percentile(99%) = 6.88257 ms
[10/04/2026-22:18:31] [I] Enqueue Time: min = 1.96777 ms, max = 2.90625 ms, mean = 2.08 ms, median = 2.06934 ms, percentile(90%) = 2.13184 ms, percentile(95%) = 2.19434 ms, percentile(99%) = 2.31348 ms
[10/04/2026-22:18:31] [I] H2D Latency: min = 0.0605469 ms, max = 0.124756 ms, mean = 0.0667768 ms, median = 0.065918 ms, percentile(90%) = 0.0712891 ms, percentile(95%) = 0.0732422 ms, percentile(99%) = 0.0800781 ms
[10/04/2026-22:18:31] [I] GPU Compute Time: min = 6.76367 ms, max = 6.81934 ms, mean = 6.78349 ms, median = 6.7832 ms, percentile(90%) = 6.79199 ms, percentile(95%) = 6.79541 ms, percentile(99%) = 6.80664 ms
[10/04/2026-22:18:31] [I] D2H Latency: min = 0.00292969 ms, max = 0.0107422 ms, mean = 0.00687688 ms, median = 0.00683594 ms, percentile(90%) = 0.00878906 ms, percentile(95%) = 0.00927734 ms, percentile(99%) = 0.00976562 ms
[10/04/2026-22:18:31] [I] Total Host Walltime: 15.0178 s
[10/04/2026-22:18:31] [I] Total GPU Compute Time: 15.0051 s
[10/04/2026-22:18:31] [I] Explanations of the performance metrics are printed in the verbose logs.
[10/04/2026-22:18:31] [I] 
&&&& PASSED TensorRT.trtexec [TensorRT v100300] # /usr/src/tensorrt/bin/trtexec --loadEngine=/tmp/engines/y26s_640_uint8_opt3.engine --warmUp=3000 --duration=15 --idleTime=2 --avgRuns=1
