&&&& RUNNING TensorRT.trtexec [TensorRT v100300] # /usr/src/tensorrt/bin/trtexec --loadEngine=/tmp/yolo26n_84172_uint8_fp16_opt3.engine --warmUp=3000 --duration=15 --idleTime=0 --avgRuns=1
[10/06/2026-16:12:58] [I] === Model Options ===
[10/06/2026-16:12:58] [I] Format: *
[10/06/2026-16:12:58] [I] Model: 
[10/06/2026-16:12:58] [I] Output:
[10/06/2026-16:12:58] [I] 
[10/06/2026-16:12:58] [I] === System Options ===
[10/06/2026-16:12:58] [I] Device: 0
[10/06/2026-16:12:58] [I] DLACore: 
[10/06/2026-16:12:58] [I] Plugins:
[10/06/2026-16:12:58] [I] setPluginsToSerialize:
[10/06/2026-16:12:58] [I] dynamicPlugins:
[10/06/2026-16:12:58] [I] ignoreParsedPluginLibs: 0
[10/06/2026-16:12:58] [I] 
[10/06/2026-16:12:58] [I] === Inference Options ===
[10/06/2026-16:12:58] [I] Batch: Explicit
[10/06/2026-16:12:58] [I] Input inference shapes: model
[10/06/2026-16:12:58] [I] Iterations: 10
[10/06/2026-16:12:58] [I] Duration: 15s (+ 3000ms warm up)
[10/06/2026-16:12:58] [I] Sleep time: 0ms
[10/06/2026-16:12:58] [I] Idle time: 0ms
[10/06/2026-16:12:58] [I] Inference Streams: 1
[10/06/2026-16:12:58] [I] ExposeDMA: Disabled
[10/06/2026-16:12:58] [I] Data transfers: Enabled
[10/06/2026-16:12:58] [I] Spin-wait: Disabled
[10/06/2026-16:12:58] [I] Multithreading: Disabled
[10/06/2026-16:12:58] [I] CUDA Graph: Disabled
[10/06/2026-16:12:58] [I] Separate profiling: Disabled
[10/06/2026-16:12:58] [I] Time Deserialize: Disabled
[10/06/2026-16:12:58] [I] Time Refit: Disabled
[10/06/2026-16:12:58] [I] NVTX verbosity: 0
[10/06/2026-16:12:58] [I] Persistent Cache Ratio: 0
[10/06/2026-16:12:58] [I] Optimization Profile Index: 0
[10/06/2026-16:12:58] [I] Weight Streaming Budget: 100.000000%
[10/06/2026-16:12:58] [I] Inputs:
[10/06/2026-16:12:58] [I] Debug Tensor Save Destinations:
[10/06/2026-16:12:58] [I] === Reporting Options ===
[10/06/2026-16:12:58] [I] Verbose: Disabled
[10/06/2026-16:12:58] [I] Averages: 1 inferences
[10/06/2026-16:12:58] [I] Percentiles: 90,95,99
[10/06/2026-16:12:58] [I] Dump refittable layers:Disabled
[10/06/2026-16:12:58] [I] Dump output: Disabled
[10/06/2026-16:12:58] [I] Profile: Disabled
[10/06/2026-16:12:58] [I] Export timing to JSON file: 
[10/06/2026-16:12:58] [I] Export output to JSON file: 
[10/06/2026-16:12:58] [I] Export profile to JSON file: 
[10/06/2026-16:12:58] [I] 
[10/06/2026-16:12:58] [I] === Device Information ===
[10/06/2026-16:12:58] [I] Available Devices: 
[10/06/2026-16:12:58] [I]   Device 0: "Orin" UUID: GPU-6e16c2c1-e394-5324-8f2e-63a975968f4e
[10/06/2026-16:12:58] [I] Selected Device: Orin
[10/06/2026-16:12:58] [I] Selected Device ID: 0
[10/06/2026-16:12:58] [I] Selected Device UUID: GPU-6e16c2c1-e394-5324-8f2e-63a975968f4e
[10/06/2026-16:12:58] [I] Compute Capability: 8.7
[10/06/2026-16:12:58] [I] SMs: 8
[10/06/2026-16:12:58] [I] Device Global Memory: 7607 MiB
[10/06/2026-16:12:58] [I] Shared Memory per SM: 164 KiB
[10/06/2026-16:12:58] [I] Memory Bus Width: 128 bits (ECC disabled)
[10/06/2026-16:12:58] [I] Application Compute Clock Rate: 1.02 GHz
[10/06/2026-16:12:58] [I] Application Memory Clock Rate: 0.612 GHz
[10/06/2026-16:12:58] [I] 
[10/06/2026-16:12:58] [I] Note: The application clock rates do not reflect the actual clock rates that the GPU is currently running at.
[10/06/2026-16:12:58] [I] 
[10/06/2026-16:12:58] [I] TensorRT version: 10.3.0
[10/06/2026-16:12:58] [I] Loading standard plugins
[10/06/2026-16:12:58] [I] [TRT] Loaded engine size: 7 MiB
[10/06/2026-16:12:58] [I] Engine deserialized in 0.0722202 sec.
[10/06/2026-16:12:58] [I] [TRT] [MemUsageChange] TensorRT-managed allocation in IExecutionContext creation: CPU +0, GPU +12, now: CPU 0, GPU 16 (MiB)
[10/06/2026-16:12:58] [I] Setting persistentCacheLimit to 0 bytes.
[10/06/2026-16:12:58] [I] Created execution context with device memory size: 12.207 MiB
[10/06/2026-16:12:58] [I] Using random values for input images
[10/06/2026-16:12:58] [I] Input binding for images with dimensions 1x640x640x3 is created.
[10/06/2026-16:12:58] [I] Output binding for output0 with dimensions 1x300x6 is created.
[10/06/2026-16:12:58] [I] Starting inference
[10/06/2026-16:13:16] [I] Warmup completed 444 queries over 3000 ms
[10/06/2026-16:13:16] [I] Timing trace has 2323 queries over 15.0238 s
[10/06/2026-16:13:16] [I] 
[10/06/2026-16:13:16] [I] === Trace details ===
[10/06/2026-16:13:16] [I] Trace averages of 1 runs:
[10/06/2026-16:13:16] [I] Average on 1 runs - GPU latency: 6.448 ms - Host latency: 6.55469 ms (enqueue 4.20972 ms)
[10/06/2026-16:13:16] [I] Average on 1 runs - GPU latency: 6.4729 ms - Host latency: 6.5752 ms (enqueue 4.22974 ms)
[10/06/2026-16:13:16] [I] Average on 1 runs - GPU latency: 6.46484 ms - Host latency: 6.58813 ms (enqueue 4.26562 ms)
[10/06/2026-16:13:16] [I] Average on 1 runs - GPU latency: 6.47241 ms - Host latency: 6.59692 ms (enqueue 4.20239 ms)
[10/06/2026-16:13:16] [I] Average on 1 runs - GPU latency: 6.47314 ms - Host latency: 6.58252 ms (enqueue 4.25513 ms)
[10/06/2026-16:13:16] [I] Average on 1 runs - GPU latency: 6.46558 ms - Host latency: 6.59473 ms (enqueue 4.24951 ms)
[10/06/2026-16:13:16] [I] Average on 1 runs - GPU latency: 6.47559 ms - Host latency: 6.6228 ms (enqueue 4.27271 ms)
[10/06/2026-16:13:16] [I] Average on 1 runs - GPU latency: 6.40649 ms - Host latency: 6.51489 ms (enqueue 4.26855 ms)
[10/06/2026-16:13:16] [I] Average on 1 runs - GPU latency: 6.46484 ms - Host latency: 6.62891 ms (enqueue 4.17041 ms)
[10/06/2026-16:13:16] [I] Average on 1 runs - GPU latency: 6.46948 ms - Host latency: 6.57715 ms (enqueue 4.27661 ms)
[10/06/2026-16:13:16] [I] Average on 1 runs - GPU latency: 6.45093 ms - Host latency: 6.57153 ms (enqueue 4.30005 ms)
[10/06/2026-16:13:16] [I] Average on 1 runs - GPU latency: 6.38257 ms - Host latency: 6.48975 ms (enqueue 4.28149 ms)
[10/06/2026-16:13:16] [I] Average on 1 runs - GPU latency: 6.46899 ms - Host latency: 6.58179 ms (enqueue 4.14893 ms)
[10/06/2026-16:13:16] [I] Average on 1 runs - GPU latency: 6.46606 ms - Host latency: 6.59106 ms (enqueue 4.25635 ms)
[10/06/2026-16:13:16] [I] Average on 1 runs - GPU latency: 6.46509 ms - Host latency: 6.58301 ms (enqueue 4.27441 ms)
[10/06/2026-16:13:16] [I] Average on 1 runs - GPU latency: 6.40967 ms - Host latency: 6.53101 ms (enqueue 4.32593 ms)
[10/06/2026-16:13:16] [I] Average on 1 runs - GPU latency: 6.46875 ms - Host latency: 6.60327 ms (enqueue 4.12671 ms)
[10/06/2026-16:13:16] [I] Average on 1 runs - GPU latency: 6.47388 ms - Host latency: 6.58618 ms (enqueue 4.24878 ms)
[10/06/2026-16:13:16] [I] Average on 1 runs - GPU latency: 6.46826 ms - Host latency: 6.57397 ms (enqueue 4.22363 ms)
[10/06/2026-16:13:16] [I] Average on 1 runs - GPU latency: 6.46851 ms - Host latency: 6.57349 ms (enqueue 4.31104 ms)
[10/06/2026-16:13:16] [I] Average on 1 runs - GPU latency: 6.47144 ms - Host latency: 6.58984 ms (enqueue 4.27979 ms)
[10/06/2026-16:13:16] [I] Average on 1 runs - GPU latency: 6.46753 ms - Host latency: 6.60303 ms (enqueue 4.3252 ms)
[10/06/2026-16:13:16] [I] Average on 1 runs - GPU latency: 6.45239 ms - Host latency: 6.55591 ms (enqueue 4.25269 ms)
[10/06/2026-16:13:16] [I] Average on 1 runs - GPU latency: 6.45679 ms - Host latency: 6.57202 ms (enqueue 4.26123 ms)
[10/06/2026-16:13:16] [I] Average on 1 runs - GPU latency: 6.47998 ms - Host latency: 6.59473 ms (enqueue 4.30737 ms)
[10/06/2026-16:13:16] [I] Average on 1 runs - GPU latency: 6.47046 ms - Host latency: 6.59302 ms (enqueue 4.27026 ms)
[10/06/2026-16:13:16] [I] Average on 1 runs - GPU latency: 6.47412 ms - Host latency: 6.60205 ms (enqueue 4.26465 ms)
[10/06/2026-16:13:16] [I] Average on 1 runs - GPU latency: 6.48193 ms - Host latency: 6.59863 ms (enqueue 4.28442 ms)
[10/06/2026-16:13:16] [I] Average on 1 runs - GPU latency: 6.48584 ms - Host latency: 6.61646 ms (enqueue 4.27295 ms)
[10/06/2026-16:13:16] [I] Average on 1 runs - GPU latency: 6.46924 ms - Host latency: 6.60425 ms (enqueue 4.23633 ms)
[10/06/2026-16:13:16] [I] Average on 1 runs - GPU latency: 6.42236 ms - Host latency: 6.52832 ms (enqueue 4.29883 ms)
[10/06/2026-16:13:16] [I] Average on 1 runs - GPU latency: 6.45874 ms - Host latency: 6.57153 ms (enqueue 4.2749 ms)
[10/06/2026-16:13:16] [I] Average on 1 runs - GPU latency: 6.4707 ms - Host latency: 6.57617 ms (enqueue 4.20044 ms)
[10/06/2026-16:13:16] [I] Average on 1 runs - GPU latency: 6.49438 ms - Host latency: 6.66602 ms (enqueue 4.27759 ms)
[10/06/2026-16:13:16] [I] Average on 1 runs - GPU latency: 6.47778 ms - Host latency: 6.61694 ms (enqueue 4.26855 ms)
[10/06/2026-16:13:16] [I] Average on 1 runs - GPU latency: 6.46704 ms - Host latency: 6.57104 ms (enqueue 4.3125 ms)
[10/06/2026-16:13:16] [I] Average on 1 runs - GPU latency: 6.47046 ms - Host latency: 6.57715 ms (enqueue 4.2981 ms)
[10/06/2026-16:13:16] [I] Average on 1 runs - GPU latency: 6.47241 ms - Host latency: 6.57812 ms (enqueue 4.2876 ms)
[10/06/2026-16:13:16] [I] Average on 1 runs - GPU latency: 6.44653 ms - Host latency: 6.57764 ms (enqueue 4.30713 ms)
[10/06/2026-16:13:16] [I] Average on 1 runs - GPU latency: 6.48169 ms - Host latency: 6.61646 ms (enqueue 4.2688 ms)
[10/06/2026-16:13:16] [I] Average on 1 runs - GPU latency: 6.47656 ms - Host latency: 6.59302 ms (enqueue 4.25562 ms)
[10/06/2026-16:13:16] [I] Average on 1 runs - GPU latency: 6.47217 ms - Host latency: 6.60889 ms (enqueue 4.26929 ms)
[10/06/2026-16:13:16] [I] Average on 1 runs - GPU latency: 6.479 ms - Host latency: 6.60742 ms (enqueue 4.34961 ms)
[10/06/2026-16:13:16] [I] Average on 1 runs - GPU latency: 6.47095 ms - Host latency: 6.57544 ms (enqueue 4.3103 ms)
[10/06/2026-16:13:16] [I] Average on 1 runs - GPU latency: 6.48193 ms - Host latency: 6.60889 ms (enqueue 4.31567 ms)
[10/06/2026-16:13:16] [I] Average on 1 runs - GPU latency: 6.48511 ms - Host latency: 6.61841 ms (enqueue 4.28491 ms)
[10/06/2026-16:13:16] [I] Average on 1 runs - GPU latency: 6.42871 ms - Host latency: 6.56567 ms (enqueue 4.31079 ms)
[10/06/2026-16:13:16] [I] Average on 1 runs - GPU latency: 6.48169 ms - Host latency: 6.62646 ms (enqueue 4.18018 ms)
[10/06/2026-16:13:16] [I] Average on 1 runs - GPU latency: 6.46973 ms - Host latency: 6.58643 ms (enqueue 4.31396 ms)
[10/06/2026-16:13:16] [I] Average on 1 runs - GPU latency: 6.47461 ms - Host latency: 6.60181 ms (enqueue 4.29272 ms)
[10/06/2026-16:13:16] [I] Average on 1 runs - GPU latency: 6.47363 ms - Host latency: 6.58081 ms (enqueue 4.31372 ms)
[10/06/2026-16:13:16] [I] Average on 1 runs - GPU latency: 6.47217 ms - Host latency: 6.5896 ms (enqueue 4.28833 ms)
[10/06/2026-16:13:16] [I] Average on 1 runs - GPU latency: 6.47681 ms - Host latency: 6.60229 ms (enqueue 4.31274 ms)
[10/06/2026-16:13:16] [I] Average on 1 runs - GPU latency: 6.44922 ms - Host latency: 6.55493 ms (enqueue 4.29736 ms)
[10/06/2026-16:13:16] [I] Average on 1 runs - GPU latency: 6.4856 ms - Host latency: 6.5979 ms (enqueue 4.28931 ms)
[10/06/2026-16:13:16] [I] Average on 1 runs - GPU latency: 6.46704 ms - Host latency: 6.63428 ms (enqueue 4.29517 ms)
[10/06/2026-16:13:16] [I] Average on 1 runs - GPU latency: 6.46802 ms - Host latency: 6.57056 ms (enqueue 4.26611 ms)
[10/06/2026-16:13:16] [I] Average on 1 runs - GPU latency: 6.46973 ms - Host latency: 6.5874 ms (enqueue 4.30542 ms)
[10/06/2026-16:13:16] [I] Average on 1 runs - GPU latency: 6.47095 ms - Host latency: 6.59985 ms (enqueue 4.27222 ms)
[10/06/2026-16:13:16] [I] Average on 1 runs - GPU latency: 6.47656 ms - Host latency: 6.59326 ms (enqueue 4.31885 ms)
[10/06/2026-16:13:16] [I] Average on 1 runs - GPU latency: 6.47705 ms - Host latency: 6.58936 ms (enqueue 4.25854 ms)
[10/06/2026-16:13:16] [I] Average on 1 runs - GPU latency: 6.42432 ms - Host latency: 6.53613 ms (enqueue 4.24561 ms)
[10/06/2026-16:13:16] [I] Average on 1 runs - GPU latency: 6.46704 ms - Host latency: 6.58765 ms (enqueue 4.21021 ms)
[10/06/2026-16:13:16] [I] Average on 1 runs - GPU latency: 6.46606 ms - Host latency: 6.57568 ms (enqueue 4.25928 ms)
[10/06/2026-16:13:16] [I] Average on 1 runs - GPU latency: 6.47412 ms - Host latency: 6.5813 ms (enqueue 4.2793 ms)
[10/06/2026-16:13:16] [I] Average on 1 runs - GPU latency: 6.46753 ms - Host latency: 6.56982 ms (enqueue 4.21313 ms)
[10/06/2026-16:13:16] [I] Average on 1 runs - GPU latency: 6.47412 ms - Host latency: 6.58716 ms (enqueue 4.21875 ms)
[10/06/2026-16:13:16] [I] Average on 1 runs - GPU latency: 6.47607 ms - Host latency: 6.60278 ms (enqueue 4.3125 ms)
[10/06/2026-16:13:16] [I] Average on 1 runs - GPU latency: 6.46387 ms - Host latency: 6.58301 ms (enqueue 4.29736 ms)
[10/06/2026-16:13:16] [I] Average on 1 runs - GPU latency: 6.46655 ms - Host latency: 6.60034 ms (enqueue 4.23608 ms)
[10/06/2026-16:13:16] [I] Average on 1 runs - GPU latency: 6.47803 ms - Host latency: 6.6311 ms (enqueue 4.37524 ms)
[10/06/2026-16:13:16] [I] Average on 1 runs - GPU latency: 6.40771 ms - Host latency: 6.52393 ms (enqueue 4.27026 ms)
[10/06/2026-16:13:16] [I] Average on 1 runs - GPU latency: 6.38745 ms - Host latency: 6.51514 ms (enqueue 4.24194 ms)
[10/06/2026-16:13:16] [I] Average on 1 runs - GPU latency: 6.39795 ms - Host latency: 6.52515 ms (enqueue 4.2583 ms)
[10/06/2026-16:13:16] [I] Average on 1 runs - GPU latency: 6.42847 ms - Host latency: 6.58179 ms (enqueue 4.21021 ms)
[10/06/2026-16:13:16] [I] Average on 1 runs - GPU latency: 6.42017 ms - Host latency: 6.52515 ms (enqueue 4.28442 ms)
[10/06/2026-16:13:16] [I] Average on 1 runs - GPU latency: 6.39136 ms - Host latency: 6.50732 ms (enqueue 4.22437 ms)
[10/06/2026-16:13:16] [I] Average on 1 runs - GPU latency: 6.39453 ms - Host latency: 6.49756 ms (enqueue 4.21362 ms)
[10/06/2026-16:13:16] [I] Average on 1 runs - GPU latency: 6.41968 ms - Host latency: 6.53784 ms (enqueue 4.19092 ms)
[10/06/2026-16:13:16] [I] Average on 1 runs - GPU latency: 6.47266 ms - Host latency: 6.60327 ms (enqueue 4.25562 ms)
[10/06/2026-16:13:16] [I] Average on 1 runs - GPU latency: 6.4729 ms - Host latency: 6.60376 ms (enqueue 4.27466 ms)
[10/06/2026-16:13:16] [I] Average on 1 runs - GPU latency: 6.4646 ms - Host latency: 6.56836 ms (enqueue 4.30566 ms)
[10/06/2026-16:13:16] [I] Average on 1 runs - GPU latency: 6.46631 ms - Host latency: 6.58423 ms (enqueue 4.32202 ms)
[10/06/2026-16:13:16] [I] Average on 1 runs - GPU latency: 6.4668 ms - Host latency: 6.58081 ms (enqueue 4.33374 ms)
[10/06/2026-16:13:16] [I] Average on 1 runs - GPU latency: 6.45654 ms - Host latency: 6.57764 ms (enqueue 4.27979 ms)
[10/06/2026-16:13:16] [I] Average on 1 runs - GPU latency: 6.41431 ms - Host latency: 6.54688 ms (enqueue 4.3064 ms)
[10/06/2026-16:13:16] [I] Average on 1 runs - GPU latency: 6.46582 ms - Host latency: 6.59131 ms (enqueue 4.14087 ms)
[10/06/2026-16:13:16] [I] Average on 1 runs - GPU latency: 6.45874 ms - Host latency: 6.56152 ms (enqueue 4.30493 ms)
[10/06/2026-16:13:16] [I] Average on 1 runs - GPU latency: 6.47559 ms - Host latency: 6.60767 ms (enqueue 4.31763 ms)
[10/06/2026-16:13:16] [I] Average on 1 runs - GPU latency: 6.46265 ms - Host latency: 6.57764 ms (enqueue 4.24854 ms)
[10/06/2026-16:13:16] [I] Average on 1 runs - GPU latency: 6.47681 ms - Host latency: 6.58936 ms (enqueue 4.22949 ms)
[10/06/2026-16:13:16] [I] Average on 1 runs - GPU latency: 6.48682 ms - Host latency: 6.62329 ms (enqueue 4.31689 ms)
[10/06/2026-16:13:16] [I] Average on 1 runs - GPU latency: 6.4248 ms - Host latency: 6.54248 ms (enqueue 4.30518 ms)
[10/06/2026-16:13:16] [I] Average on 1 runs - GPU latency: 6.47363 ms - Host latency: 6.60425 ms (enqueue 4.21118 ms)
[10/06/2026-16:13:16] [I] Average on 1 runs - GPU latency: 6.47925 ms - Host latency: 6.61963 ms (enqueue 4.31104 ms)
[10/06/2026-16:13:16] [I] Average on 1 runs - GPU latency: 6.47119 ms - Host latency: 6.57666 ms (enqueue 4.32397 ms)
[10/06/2026-16:13:16] [I] Average on 1 runs - GPU latency: 6.49634 ms - Host latency: 6.6311 ms (enqueue 4.28467 ms)
[10/06/2026-16:13:16] [I] Average on 1 runs - GPU latency: 6.47119 ms - Host latency: 6.60498 ms (enqueue 4.31104 ms)
[10/06/2026-16:13:16] [I] Average on 1 runs - GPU latency: 6.46509 ms - Host latency: 6.59351 ms (enqueue 4.29077 ms)
[10/06/2026-16:13:16] [I] Average on 1 runs - GPU latency: 6.47437 ms - Host latency: 6.59131 ms (enqueue 4.2832 ms)
[10/06/2026-16:13:16] [I] Average on 1 runs - GPU latency: 6.41138 ms - Host latency: 6.51904 ms (enqueue 4.27295 ms)
[10/06/2026-16:13:16] [I] Average on 1 runs - GPU latency: 6.46509 ms - Host latency: 6.58203 ms (enqueue 4.24487 ms)
[10/06/2026-16:13:16] [I] Average on 1 runs - GPU latency: 6.48486 ms - Host latency: 6.58667 ms (enqueue 4.26196 ms)
[10/06/2026-16:13:16] [I] Average on 1 runs - GPU latency: 6.48608 ms - Host latency: 6.62549 ms (enqueue 4.33643 ms)
[10/06/2026-16:13:16] [I] Average on 1 runs - GPU latency: 6.47119 ms - Host latency: 6.58423 ms (enqueue 4.32983 ms)
[10/06/2026-16:13:16] [I] Average on 1 runs - GPU latency: 6.46899 ms - Host latency: 6.59766 ms (enqueue 4.31787 ms)
[10/06/2026-16:13:16] [I] Average on 1 runs - GPU latency: 6.47827 ms - Host latency: 6.58276 ms (enqueue 4.31641 ms)
[10/06/2026-16:13:16] [I] Average on 1 runs - GPU latency: 6.47119 ms - Host latency: 6.62915 ms (enqueue 4.31128 ms)
[10/06/2026-16:13:16] [I] Average on 1 runs - GPU latency: 6.4292 ms - Host latency: 6.53345 ms (enqueue 4.31323 ms)
[10/06/2026-16:13:16] [I] Average on 1 runs - GPU latency: 6.47437 ms - Host latency: 6.60327 ms (enqueue 4.19849 ms)
[10/06/2026-16:13:16] [I] Average on 1 runs - GPU latency: 6.47046 ms - Host latency: 6.60303 ms (enqueue 4.27686 ms)
[10/06/2026-16:13:16] [I] Average on 1 runs - GPU latency: 6.47437 ms - Host latency: 6.60303 ms (enqueue 4.35693 ms)
[10/06/2026-16:13:16] [I] Average on 1 runs - GPU latency: 6.47949 ms - Host latency: 6.58667 ms (enqueue 4.2666 ms)
[10/06/2026-16:13:16] [I] Average on 1 runs - GPU latency: 6.47607 ms - Host latency: 6.58984 ms (enqueue 4.29028 ms)
[10/06/2026-16:13:16] [I] Average on 1 runs - GPU latency: 6.47339 ms - Host latency: 6.59448 ms (enqueue 4.30518 ms)
[10/06/2026-16:13:16] [I] Average on 1 runs - GPU latency: 6.44214 ms - Host latency: 6.59399 ms (enqueue 4.40332 ms)
[10/06/2026-16:13:16] [I] Average on 1 runs - GPU latency: 6.44019 ms - Host latency: 6.54663 ms (enqueue 4.25122 ms)
[10/06/2026-16:13:16] [I] Average on 1 runs - GPU latency: 6.46899 ms - Host latency: 6.5752 ms (enqueue 4.14453 ms)
[10/06/2026-16:13:16] [I] Average on 1 runs - GPU latency: 6.46704 ms - Host latency: 6.57275 ms (enqueue 4.28491 ms)
[10/06/2026-16:13:16] [I] Average on 1 runs - GPU latency: 6.46973 ms - Host latency: 6.58203 ms (enqueue 4.30762 ms)
[10/06/2026-16:13:16] [I] Average on 1 runs - GPU latency: 6.4707 ms - Host latency: 6.57495 ms (enqueue 4.30957 ms)
[10/06/2026-16:13:16] [I] Average on 1 runs - GPU latency: 6.47559 ms - Host latency: 6.58301 ms (enqueue 4.27417 ms)
[10/06/2026-16:13:16] [I] Average on 1 runs - GPU latency: 6.45996 ms - Host latency: 6.56738 ms (enqueue 4.25195 ms)
[10/06/2026-16:13:16] [I] Average on 1 runs - GPU latency: 6.41724 ms - Host latency: 6.54468 ms (enqueue 4.26587 ms)
[10/06/2026-16:13:16] [I] Average on 1 runs - GPU latency: 6.4729 ms - Host latency: 6.6084 ms (enqueue 4.22241 ms)
[10/06/2026-16:13:16] [I] Average on 1 runs - GPU latency: 6.46875 ms - Host latency: 6.60303 ms (enqueue 4.2876 ms)
[10/06/2026-16:13:16] [I] Average on 1 runs - GPU latency: 6.46655 ms - Host latency: 6.57666 ms (enqueue 4.26367 ms)
[10/06/2026-16:13:16] [I] Average on 1 runs - GPU latency: 6.47266 ms - Host latency: 6.58716 ms (enqueue 4.30957 ms)
[10/06/2026-16:13:16] [I] Average on 1 runs - GPU latency: 6.47168 ms - Host latency: 6.5979 ms (enqueue 4.32129 ms)
[10/06/2026-16:13:16] [I] Average on 1 runs - GPU latency: 6.47461 ms - Host latency: 6.62036 ms (enqueue 4.24854 ms)
[10/06/2026-16:13:16] [I] Average on 1 runs - GPU latency: 6.48193 ms - Host latency: 6.62598 ms (enqueue 4.28003 ms)
[10/06/2026-16:13:16] [I] Average on 1 runs - GPU latency: 6.41309 ms - Host latency: 6.55371 ms (enqueue 4.30713 ms)
[10/06/2026-16:13:16] [I] Average on 1 runs - GPU latency: 6.42212 ms - Host latency: 6.53223 ms (enqueue 4.20581 ms)
[10/06/2026-16:13:16] [I] Average on 1 runs - GPU latency: 6.47534 ms - Host latency: 6.61133 ms (enqueue 4.16162 ms)
[10/06/2026-16:13:16] [I] Average on 1 runs - GPU latency: 6.47363 ms - Host latency: 6.61035 ms (enqueue 4.25854 ms)
[10/06/2026-16:13:16] [I] Average on 1 runs - GPU latency: 6.47461 ms - Host latency: 6.59546 ms (enqueue 4.36011 ms)
[10/06/2026-16:13:16] [I] Average on 1 runs - GPU latency: 6.47363 ms - Host latency: 6.58228 ms (enqueue 4.24341 ms)
[10/06/2026-16:13:16] [I] Average on 1 runs - GPU latency: 6.46313 ms - Host latency: 6.57031 ms (enqueue 4.3208 ms)
[10/06/2026-16:13:16] [I] Average on 1 runs - GPU latency: 6.46655 ms - Host latency: 6.5708 ms (enqueue 4.24805 ms)
[10/06/2026-16:13:16] [I] Average on 1 runs - GPU latency: 6.43872 ms - Host latency: 6.54565 ms (enqueue 4.31274 ms)
[10/06/2026-16:13:16] [I] Average on 1 runs - GPU latency: 6.4707 ms - Host latency: 6.57935 ms (enqueue 4.22339 ms)
[10/06/2026-16:13:16] [I] Average on 1 runs - GPU latency: 6.47388 ms - Host latency: 6.5896 ms (enqueue 4.29199 ms)
[10/06/2026-16:13:16] [I] Average on 1 runs - GPU latency: 6.47998 ms - Host latency: 6.58569 ms (enqueue 4.24146 ms)
[10/06/2026-16:13:16] [I] Average on 1 runs - GPU latency: 6.47559 ms - Host latency: 6.62646 ms (enqueue 4.28784 ms)
[10/06/2026-16:13:16] [I] Average on 1 runs - GPU latency: 6.47046 ms - Host latency: 6.61035 ms (enqueue 4.27466 ms)
[10/06/2026-16:13:16] [I] Average on 1 runs - GPU latency: 6.46265 ms - Host latency: 6.59766 ms (enqueue 4.31592 ms)
[10/06/2026-16:13:16] [I] Average on 1 runs - GPU latency: 6.44116 ms - Host latency: 6.55298 ms (enqueue 4.2417 ms)
[10/06/2026-16:13:16] [I] Average on 1 runs - GPU latency: 6.46216 ms - Host latency: 6.58057 ms (enqueue 4.32617 ms)
[10/06/2026-16:13:16] [I] Average on 1 runs - GPU latency: 6.47705 ms - Host latency: 6.5918 ms (enqueue 4.26416 ms)
[10/06/2026-16:13:16] [I] Average on 1 runs - GPU latency: 6.46533 ms - Host latency: 6.56885 ms (enqueue 4.23633 ms)
[10/06/2026-16:13:16] [I] Average on 1 runs - GPU latency: 6.47119 ms - Host latency: 6.5752 ms (enqueue 4.26514 ms)
[10/06/2026-16:13:16] [I] Average on 1 runs - GPU latency: 6.48389 ms - Host latency: 6.58643 ms (enqueue 4.28345 ms)
[10/06/2026-16:13:16] [I] Average on 1 runs - GPU latency: 6.47949 ms - Host latency: 6.61377 ms (enqueue 4.2915 ms)
[10/06/2026-16:13:16] [I] Average on 1 runs - GPU latency: 6.48438 ms - Host latency: 6.62573 ms (enqueue 4.31665 ms)
[10/06/2026-16:13:16] [I] Average on 1 runs - GPU latency: 6.41553 ms - Host latency: 6.55566 ms (enqueue 4.28174 ms)
[10/06/2026-16:13:16] [I] Average on 1 runs - GPU latency: 6.47974 ms - Host latency: 6.58521 ms (enqueue 4.25342 ms)
[10/06/2026-16:13:16] [I] Average on 1 runs - GPU latency: 6.46753 ms - Host latency: 6.59961 ms (enqueue 4.30298 ms)
[10/06/2026-16:13:16] [I] Average on 1 runs - GPU latency: 6.47266 ms - Host latency: 6.58325 ms (enqueue 4.25195 ms)
[10/06/2026-16:13:16] [I] Average on 1 runs - GPU latency: 6.39355 ms - Host latency: 6.51221 ms (enqueue 4.28809 ms)
[10/06/2026-16:13:16] [I] Average on 1 runs - GPU latency: 6.39551 ms - Host latency: 6.53345 ms (enqueue 4.28833 ms)
[10/06/2026-16:13:16] [I] Average on 1 runs - GPU latency: 6.45508 ms - Host latency: 6.59277 ms (enqueue 4.21558 ms)
[10/06/2026-16:13:16] [I] Average on 1 runs - GPU latency: 6.39722 ms - Host latency: 6.51587 ms (enqueue 4.28491 ms)
[10/06/2026-16:13:16] [I] Average on 1 runs - GPU latency: 6.39233 ms - Host latency: 6.51245 ms (enqueue 4.25952 ms)
[10/06/2026-16:13:16] [I] Average on 1 runs - GPU latency: 6.3855 ms - Host latency: 6.52148 ms (enqueue 4.24976 ms)
[10/06/2026-16:13:16] [I] Average on 1 runs - GPU latency: 6.43823 ms - Host latency: 6.552 ms (enqueue 4.21899 ms)
[10/06/2026-16:13:16] [I] Average on 1 runs - GPU latency: 6.4707 ms - Host latency: 6.58496 ms (enqueue 4.31909 ms)
[10/06/2026-16:13:16] [I] Average on 1 runs - GPU latency: 6.46558 ms - Host latency: 6.5686 ms (enqueue 4.29956 ms)
[10/06/2026-16:13:16] [I] Average on 1 runs - GPU latency: 6.47046 ms - Host latency: 6.57861 ms (enqueue 4.3147 ms)
[10/06/2026-16:13:16] [I] Average on 1 runs - GPU latency: 6.47119 ms - Host latency: 6.58228 ms (enqueue 4.25 ms)
[10/06/2026-16:13:16] [I] Average on 1 runs - GPU latency: 6.47681 ms - Host latency: 6.58252 ms (enqueue 4.31494 ms)
[10/06/2026-16:13:16] [I] Average on 1 runs - GPU latency: 6.43896 ms - Host latency: 6.60425 ms (enqueue 4.28003 ms)
[10/06/2026-16:13:16] [I] Average on 1 runs - GPU latency: 6.48535 ms - Host latency: 6.59277 ms (enqueue 4.26807 ms)
[10/06/2026-16:13:16] [I] Average on 1 runs - GPU latency: 6.47363 ms - Host latency: 6.625 ms (enqueue 4.28027 ms)
[10/06/2026-16:13:16] [I] Average on 1 runs - GPU latency: 6.47266 ms - Host latency: 6.604 ms (enqueue 4.28906 ms)
[10/06/2026-16:13:16] [I] Average on 1 runs - GPU latency: 6.47412 ms - Host latency: 6.58447 ms (enqueue 4.27686 ms)
[10/06/2026-16:13:16] [I] Average on 1 runs - GPU latency: 6.47217 ms - Host latency: 6.57861 ms (enqueue 4.25635 ms)
[10/06/2026-16:13:16] [I] Average on 1 runs - GPU latency: 6.4751 ms - Host latency: 6.58936 ms (enqueue 4.31689 ms)
[10/06/2026-16:13:16] [I] Average on 1 runs - GPU latency: 6.45361 ms - Host latency: 6.56836 ms (enqueue 4.27686 ms)
[10/06/2026-16:13:16] [I] Average on 1 runs - GPU latency: 6.47217 ms - Host latency: 6.59277 ms (enqueue 4.31592 ms)
[10/06/2026-16:13:16] [I] Average on 1 runs - GPU latency: 6.46631 ms - Host latency: 6.60303 ms (enqueue 4.31738 ms)
[10/06/2026-16:13:16] [I] Average on 1 runs - GPU latency: 6.46875 ms - Host latency: 6.57568 ms (enqueue 4.30566 ms)
[10/06/2026-16:13:16] [I] Average on 1 runs - GPU latency: 6.48779 ms - Host latency: 6.59082 ms (enqueue 4.2583 ms)
[10/06/2026-16:13:16] [I] Average on 1 runs - GPU latency: 6.4707 ms - Host latency: 6.61182 ms (enqueue 4.29199 ms)
[10/06/2026-16:13:16] [I] Average on 1 runs - GPU latency: 6.47217 ms - Host latency: 6.58447 ms (enqueue 4.2793 ms)
[10/06/2026-16:13:16] [I] Average on 1 runs - GPU latency: 6.47021 ms - Host latency: 6.57471 ms (enqueue 4.24512 ms)
[10/06/2026-16:13:16] [I] Average on 1 runs - GPU latency: 6.43799 ms - Host latency: 6.54492 ms (enqueue 4.24951 ms)
[10/06/2026-16:13:16] [I] Average on 1 runs - GPU latency: 6.45703 ms - Host latency: 6.56152 ms (enqueue 4.20947 ms)
[10/06/2026-16:13:16] [I] Average on 1 runs - GPU latency: 6.46826 ms - Host latency: 6.57471 ms (enqueue 4.32959 ms)
[10/06/2026-16:13:16] [I] Average on 1 runs - GPU latency: 6.47168 ms - Host latency: 6.5752 ms (enqueue 4.27441 ms)
[10/06/2026-16:13:16] [I] Average on 1 runs - GPU latency: 6.4707 ms - Host latency: 6.58887 ms (enqueue 4.25635 ms)
[10/06/2026-16:13:16] [I] Average on 1 runs - GPU latency: 6.47168 ms - Host latency: 6.5791 ms (enqueue 4.27344 ms)
[10/06/2026-16:13:16] [I] Average on 1 runs - GPU latency: 6.47363 ms - Host latency: 6.58594 ms (enqueue 4.29248 ms)
[10/06/2026-16:13:16] [I] Average on 1 runs - GPU latency: 6.47656 ms - Host latency: 6.60449 ms (enqueue 4.27637 ms)
[10/06/2026-16:13:16] [I] Average on 1 runs - GPU latency: 6.39697 ms - Host latency: 6.54883 ms (enqueue 4.27588 ms)
[10/06/2026-16:13:16] [I] Average on 1 runs - GPU latency: 6.48779 ms - Host latency: 6.60547 ms (enqueue 4.16895 ms)
[10/06/2026-16:13:16] [I] Average on 1 runs - GPU latency: 6.4873 ms - Host latency: 6.62744 ms (enqueue 4.34912 ms)
[10/06/2026-16:13:16] [I] Average on 1 runs - GPU latency: 6.47656 ms - Host latency: 6.61182 ms (enqueue 4.28076 ms)
[10/06/2026-16:13:16] [I] Average on 1 runs - GPU latency: 6.47607 ms - Host latency: 6.62402 ms (enqueue 4.27051 ms)
[10/06/2026-16:13:16] [I] Average on 1 runs - GPU latency: 6.47949 ms - Host latency: 6.62451 ms (enqueue 4.26318 ms)
[10/06/2026-16:13:16] [I] Average on 1 runs - GPU latency: 6.46094 ms - Host latency: 6.60059 ms (enqueue 4.30469 ms)
[10/06/2026-16:13:16] [I] ... Omitting 1923 lines
[10/06/2026-16:13:16] [I] Average on 1 runs - GPU latency: 6.45508 ms - Host latency: 6.5957 ms (enqueue 4.28906 ms)
[10/06/2026-16:13:16] [I] Average on 1 runs - GPU latency: 6.47461 ms - Host latency: 6.56641 ms (enqueue 2.56836 ms)
[10/06/2026-16:13:16] [I] Average on 1 runs - GPU latency: 6.4707 ms - Host latency: 6.58203 ms (enqueue 4.27148 ms)
[10/06/2026-16:13:16] [I] Average on 1 runs - GPU latency: 6.4707 ms - Host latency: 6.57617 ms (enqueue 4.25195 ms)
[10/06/2026-16:13:16] [I] Average on 1 runs - GPU latency: 6.46289 ms - Host latency: 6.56445 ms (enqueue 4.34961 ms)
[10/06/2026-16:13:16] [I] Average on 1 runs - GPU latency: 6.4707 ms - Host latency: 6.57227 ms (enqueue 4.26367 ms)
[10/06/2026-16:13:16] [I] Average on 1 runs - GPU latency: 6.4707 ms - Host latency: 6.57422 ms (enqueue 4.32812 ms)
[10/06/2026-16:13:16] [I] Average on 1 runs - GPU latency: 6.44141 ms - Host latency: 6.54492 ms (enqueue 4.30664 ms)
[10/06/2026-16:13:16] [I] Average on 1 runs - GPU latency: 6.4707 ms - Host latency: 6.58008 ms (enqueue 4.08984 ms)
[10/06/2026-16:13:16] [I] Average on 1 runs - GPU latency: 6.47266 ms - Host latency: 6.57031 ms (enqueue 4.29883 ms)
[10/06/2026-16:13:16] [I] Average on 1 runs - GPU latency: 6.48242 ms - Host latency: 6.61523 ms (enqueue 4.26172 ms)
[10/06/2026-16:13:16] [I] Average on 1 runs - GPU latency: 6.4707 ms - Host latency: 6.62109 ms (enqueue 4.34375 ms)
[10/06/2026-16:13:16] [I] Average on 1 runs - GPU latency: 6.47656 ms - Host latency: 6.58984 ms (enqueue 4.33984 ms)
[10/06/2026-16:13:16] [I] Average on 1 runs - GPU latency: 6.47656 ms - Host latency: 6.58398 ms (enqueue 4.28516 ms)
[10/06/2026-16:13:16] [I] Average on 1 runs - GPU latency: 6.48242 ms - Host latency: 6.60938 ms (enqueue 4.30078 ms)
[10/06/2026-16:13:16] [I] Average on 1 runs - GPU latency: 6.47461 ms - Host latency: 6.61328 ms (enqueue 3.30664 ms)
[10/06/2026-16:13:16] [I] Average on 1 runs - GPU latency: 6.48438 ms - Host latency: 6.62109 ms (enqueue 3.1875 ms)
[10/06/2026-16:13:16] [I] Average on 1 runs - GPU latency: 6.43164 ms - Host latency: 6.58594 ms (enqueue 3.19922 ms)
[10/06/2026-16:13:16] [I] Average on 1 runs - GPU latency: 6.37109 ms - Host latency: 6.47656 ms (enqueue 2.95898 ms)
[10/06/2026-16:13:16] [I] Average on 1 runs - GPU latency: 6.40039 ms - Host latency: 6.50391 ms (enqueue 2.73633 ms)
[10/06/2026-16:13:16] [I] Average on 1 runs - GPU latency: 6.43945 ms - Host latency: 6.57617 ms (enqueue 2.85938 ms)
[10/06/2026-16:13:16] [I] Average on 1 runs - GPU latency: 6.38672 ms - Host latency: 6.52539 ms (enqueue 3.16602 ms)
[10/06/2026-16:13:16] [I] Average on 1 runs - GPU latency: 6.38086 ms - Host latency: 6.48633 ms (enqueue 2.64648 ms)
[10/06/2026-16:13:16] [I] Average on 1 runs - GPU latency: 6.40625 ms - Host latency: 6.50781 ms (enqueue 2.39258 ms)
[10/06/2026-16:13:16] [I] Average on 1 runs - GPU latency: 6.4707 ms - Host latency: 6.58203 ms (enqueue 2.52539 ms)
[10/06/2026-16:13:16] [I] Average on 1 runs - GPU latency: 6.4668 ms - Host latency: 6.58594 ms (enqueue 4.00195 ms)
[10/06/2026-16:13:16] [I] Average on 1 runs - GPU latency: 6.4707 ms - Host latency: 6.57422 ms (enqueue 3.99023 ms)
[10/06/2026-16:13:16] [I] Average on 1 runs - GPU latency: 6.48242 ms - Host latency: 6.59766 ms (enqueue 3.97266 ms)
[10/06/2026-16:13:16] [I] Average on 1 runs - GPU latency: 6.48438 ms - Host latency: 6.60547 ms (enqueue 4.10352 ms)
[10/06/2026-16:13:16] [I] Average on 1 runs - GPU latency: 6.47266 ms - Host latency: 6.61328 ms (enqueue 3.88672 ms)
[10/06/2026-16:13:16] [I] Average on 1 runs - GPU latency: 6.47656 ms - Host latency: 6.61523 ms (enqueue 4.03711 ms)
[10/06/2026-16:13:16] [I] Average on 1 runs - GPU latency: 6.45312 ms - Host latency: 6.59961 ms (enqueue 4.04688 ms)
[10/06/2026-16:13:16] [I] Average on 1 runs - GPU latency: 6.47852 ms - Host latency: 6.58203 ms (enqueue 2.17773 ms)
[10/06/2026-16:13:16] [I] Average on 1 runs - GPU latency: 6.47461 ms - Host latency: 6.60352 ms (enqueue 4.10938 ms)
[10/06/2026-16:13:16] [I] Average on 1 runs - GPU latency: 6.48828 ms - Host latency: 6.60156 ms (enqueue 4.27539 ms)
[10/06/2026-16:13:16] [I] Average on 1 runs - GPU latency: 6.47852 ms - Host latency: 6.60547 ms (enqueue 4.30078 ms)
[10/06/2026-16:13:16] [I] Average on 1 runs - GPU latency: 6.48438 ms - Host latency: 6.65039 ms (enqueue 4.49219 ms)
[10/06/2026-16:13:16] [I] Average on 1 runs - GPU latency: 6.48828 ms - Host latency: 6.65039 ms (enqueue 4.72852 ms)
[10/06/2026-16:13:16] [I] Average on 1 runs - GPU latency: 6.43945 ms - Host latency: 6.58398 ms (enqueue 3.79297 ms)
[10/06/2026-16:13:16] [I] Average on 1 runs - GPU latency: 6.40234 ms - Host latency: 6.5625 ms (enqueue 3.58789 ms)
[10/06/2026-16:13:16] [I] Average on 1 runs - GPU latency: 6.42188 ms - Host latency: 6.57812 ms (enqueue 2.66016 ms)
[10/06/2026-16:13:16] [I] Average on 1 runs - GPU latency: 6.39062 ms - Host latency: 6.56836 ms (enqueue 3.41602 ms)
[10/06/2026-16:13:16] [I] Average on 1 runs - GPU latency: 6.38477 ms - Host latency: 6.52734 ms (enqueue 3.30078 ms)
[10/06/2026-16:13:16] [I] Average on 1 runs - GPU latency: 6.39453 ms - Host latency: 6.53711 ms (enqueue 2.79102 ms)
[10/06/2026-16:13:16] [I] Average on 1 runs - GPU latency: 6.39453 ms - Host latency: 6.53125 ms (enqueue 2.72656 ms)
[10/06/2026-16:13:16] [I] Average on 1 runs - GPU latency: 6.39062 ms - Host latency: 6.51953 ms (enqueue 3.21289 ms)
[10/06/2026-16:13:16] [I] Average on 1 runs - GPU latency: 6.38867 ms - Host latency: 6.49414 ms (enqueue 2.98242 ms)
[10/06/2026-16:13:16] [I] Average on 1 runs - GPU latency: 6.38867 ms - Host latency: 6.54492 ms (enqueue 2.53711 ms)
[10/06/2026-16:13:16] [I] Average on 1 runs - GPU latency: 6.41211 ms - Host latency: 6.52734 ms (enqueue 3.14844 ms)
[10/06/2026-16:13:16] [I] Average on 1 runs - GPU latency: 6.46484 ms - Host latency: 6.58203 ms (enqueue 3.03125 ms)
[10/06/2026-16:13:16] [I] Average on 1 runs - GPU latency: 6.47266 ms - Host latency: 6.57227 ms (enqueue 3.29102 ms)
[10/06/2026-16:13:16] [I] Average on 1 runs - GPU latency: 6.4707 ms - Host latency: 6.57812 ms (enqueue 3.20703 ms)
[10/06/2026-16:13:16] [I] Average on 1 runs - GPU latency: 6.47852 ms - Host latency: 6.58789 ms (enqueue 3.1543 ms)
[10/06/2026-16:13:16] [I] Average on 1 runs - GPU latency: 6.46875 ms - Host latency: 6.61719 ms (enqueue 3.28125 ms)
[10/06/2026-16:13:16] [I] Average on 1 runs - GPU latency: 6.44531 ms - Host latency: 6.55078 ms (enqueue 3.12695 ms)
[10/06/2026-16:13:16] [I] Average on 1 runs - GPU latency: 6.39258 ms - Host latency: 6.5332 ms (enqueue 3.06641 ms)
[10/06/2026-16:13:16] [I] Average on 1 runs - GPU latency: 6.41797 ms - Host latency: 6.53711 ms (enqueue 3.13477 ms)
[10/06/2026-16:13:16] [I] Average on 1 runs - GPU latency: 6.38477 ms - Host latency: 6.49219 ms (enqueue 2.94922 ms)
[10/06/2026-16:13:16] [I] Average on 1 runs - GPU latency: 6.38672 ms - Host latency: 6.48633 ms (enqueue 2.25781 ms)
[10/06/2026-16:13:16] [I] Average on 1 runs - GPU latency: 6.38672 ms - Host latency: 6.49023 ms (enqueue 2.21484 ms)
[10/06/2026-16:13:16] [I] Average on 1 runs - GPU latency: 6.39648 ms - Host latency: 6.5 ms (enqueue 2.38477 ms)
[10/06/2026-16:13:16] [I] Average on 1 runs - GPU latency: 6.39258 ms - Host latency: 6.53516 ms (enqueue 3.49805 ms)
[10/06/2026-16:13:16] [I] Average on 1 runs - GPU latency: 6.38281 ms - Host latency: 6.51562 ms (enqueue 3.71484 ms)
[10/06/2026-16:13:16] [I] Average on 1 runs - GPU latency: 6.37891 ms - Host latency: 6.50391 ms (enqueue 2.63086 ms)
[10/06/2026-16:13:16] [I] Average on 1 runs - GPU latency: 6.37695 ms - Host latency: 6.48242 ms (enqueue 2.34375 ms)
[10/06/2026-16:13:16] [I] Average on 1 runs - GPU latency: 6.39258 ms - Host latency: 6.52148 ms (enqueue 3.77734 ms)
[10/06/2026-16:13:16] [I] Average on 1 runs - GPU latency: 6.39258 ms - Host latency: 6.53125 ms (enqueue 3.88086 ms)
[10/06/2026-16:13:16] [I] Average on 1 runs - GPU latency: 6.39062 ms - Host latency: 6.51172 ms (enqueue 2.9375 ms)
[10/06/2026-16:13:16] [I] Average on 1 runs - GPU latency: 6.39258 ms - Host latency: 6.5293 ms (enqueue 4.07227 ms)
[10/06/2026-16:13:16] [I] Average on 1 runs - GPU latency: 6.47266 ms - Host latency: 6.58398 ms (enqueue 3.52344 ms)
[10/06/2026-16:13:16] [I] Average on 1 runs - GPU latency: 6.4668 ms - Host latency: 6.61133 ms (enqueue 3.82227 ms)
[10/06/2026-16:13:16] [I] Average on 1 runs - GPU latency: 6.46289 ms - Host latency: 6.57422 ms (enqueue 3.88672 ms)
[10/06/2026-16:13:16] [I] Average on 1 runs - GPU latency: 6.47266 ms - Host latency: 6.60938 ms (enqueue 4.28906 ms)
[10/06/2026-16:13:16] [I] Average on 1 runs - GPU latency: 6.47656 ms - Host latency: 6.63477 ms (enqueue 3.84961 ms)
[10/06/2026-16:13:16] [I] Average on 1 runs - GPU latency: 6.47266 ms - Host latency: 6.58594 ms (enqueue 3.66211 ms)
[10/06/2026-16:13:16] [I] Average on 1 runs - GPU latency: 6.48047 ms - Host latency: 6.59375 ms (enqueue 3.5918 ms)
[10/06/2026-16:13:16] [I] Average on 1 runs - GPU latency: 6.47266 ms - Host latency: 6.61328 ms (enqueue 4.04688 ms)
[10/06/2026-16:13:16] [I] Average on 1 runs - GPU latency: 6.44727 ms - Host latency: 6.56445 ms (enqueue 4.22266 ms)
[10/06/2026-16:13:16] [I] Average on 1 runs - GPU latency: 6.48047 ms - Host latency: 6.64258 ms (enqueue 4.06055 ms)
[10/06/2026-16:13:16] [I] Average on 1 runs - GPU latency: 6.46094 ms - Host latency: 6.64648 ms (enqueue 4.42188 ms)
[10/06/2026-16:13:16] [I] Average on 1 runs - GPU latency: 6.46875 ms - Host latency: 6.58398 ms (enqueue 4.72266 ms)
[10/06/2026-16:13:16] [I] Average on 1 runs - GPU latency: 6.47852 ms - Host latency: 6.63086 ms (enqueue 4.32422 ms)
[10/06/2026-16:13:16] [I] Average on 1 runs - GPU latency: 6.49023 ms - Host latency: 6.66406 ms (enqueue 4.48242 ms)
[10/06/2026-16:13:16] [I] Average on 1 runs - GPU latency: 6.47656 ms - Host latency: 6.61328 ms (enqueue 3.82227 ms)
[10/06/2026-16:13:16] [I] Average on 1 runs - GPU latency: 6.4668 ms - Host latency: 6.61914 ms (enqueue 5.08203 ms)
[10/06/2026-16:13:16] [I] Average on 1 runs - GPU latency: 6.44141 ms - Host latency: 6.56055 ms (enqueue 3.78516 ms)
[10/06/2026-16:13:16] [I] Average on 1 runs - GPU latency: 6.48047 ms - Host latency: 6.63477 ms (enqueue 3.60156 ms)
[10/06/2026-16:13:16] [I] Average on 1 runs - GPU latency: 6.47461 ms - Host latency: 6.62695 ms (enqueue 4.16406 ms)
[10/06/2026-16:13:16] [I] Average on 1 runs - GPU latency: 6.48047 ms - Host latency: 6.60352 ms (enqueue 4.2207 ms)
[10/06/2026-16:13:16] [I] Average on 1 runs - GPU latency: 6.48047 ms - Host latency: 6.62109 ms (enqueue 4.17773 ms)
[10/06/2026-16:13:16] [I] Average on 1 runs - GPU latency: 6.48047 ms - Host latency: 6.625 ms (enqueue 4.08789 ms)
[10/06/2026-16:13:16] [I] Average on 1 runs - GPU latency: 6.47461 ms - Host latency: 6.60938 ms (enqueue 4.23047 ms)
[10/06/2026-16:13:16] [I] Average on 1 runs - GPU latency: 6.48047 ms - Host latency: 6.60938 ms (enqueue 4.03125 ms)
[10/06/2026-16:13:16] [I] Average on 1 runs - GPU latency: 6.44727 ms - Host latency: 6.58984 ms (enqueue 4.5 ms)
[10/06/2026-16:13:16] [I] Average on 1 runs - GPU latency: 6.4707 ms - Host latency: 6.57812 ms (enqueue 2.88281 ms)
[10/06/2026-16:13:16] [I] Average on 1 runs - GPU latency: 6.48633 ms - Host latency: 6.60547 ms (enqueue 4.125 ms)
[10/06/2026-16:13:16] [I] Average on 1 runs - GPU latency: 6.4668 ms - Host latency: 6.62305 ms (enqueue 3.92383 ms)
[10/06/2026-16:13:16] [I] Average on 1 runs - GPU latency: 6.4707 ms - Host latency: 6.58203 ms (enqueue 4.07031 ms)
[10/06/2026-16:13:16] [I] Average on 1 runs - GPU latency: 6.47266 ms - Host latency: 6.60352 ms (enqueue 4.46094 ms)
[10/06/2026-16:13:16] [I] Average on 1 runs - GPU latency: 6.48047 ms - Host latency: 6.60742 ms (enqueue 4.10742 ms)
[10/06/2026-16:13:16] [I] Average on 1 runs - GPU latency: 6.47266 ms - Host latency: 6.59375 ms (enqueue 4.38477 ms)
[10/06/2026-16:13:16] [I] Average on 1 runs - GPU latency: 6.41992 ms - Host latency: 6.60742 ms (enqueue 4.45312 ms)
[10/06/2026-16:13:16] [I] Average on 1 runs - GPU latency: 6.38672 ms - Host latency: 6.48828 ms (enqueue 3.61914 ms)
[10/06/2026-16:13:16] [I] Average on 1 runs - GPU latency: 6.39062 ms - Host latency: 6.5332 ms (enqueue 2.62109 ms)
[10/06/2026-16:13:16] [I] Average on 1 runs - GPU latency: 6.37695 ms - Host latency: 6.49219 ms (enqueue 2.39258 ms)
[10/06/2026-16:13:16] [I] Average on 1 runs - GPU latency: 6.38672 ms - Host latency: 6.48633 ms (enqueue 2.26367 ms)
[10/06/2026-16:13:16] [I] Average on 1 runs - GPU latency: 6.39844 ms - Host latency: 6.5 ms (enqueue 2.17383 ms)
[10/06/2026-16:13:16] [I] Average on 1 runs - GPU latency: 6.38281 ms - Host latency: 6.48828 ms (enqueue 2.9668 ms)
[10/06/2026-16:13:16] [I] Average on 1 runs - GPU latency: 6.38477 ms - Host latency: 6.48633 ms (enqueue 2.6875 ms)
[10/06/2026-16:13:16] [I] Average on 1 runs - GPU latency: 6.375 ms - Host latency: 6.47852 ms (enqueue 2.63477 ms)
[10/06/2026-16:13:16] [I] Average on 1 runs - GPU latency: 6.39453 ms - Host latency: 6.49805 ms (enqueue 2.86523 ms)
[10/06/2026-16:13:16] [I] Average on 1 runs - GPU latency: 6.37695 ms - Host latency: 6.51172 ms (enqueue 3.95312 ms)
[10/06/2026-16:13:16] [I] Average on 1 runs - GPU latency: 6.39258 ms - Host latency: 6.50586 ms (enqueue 3.89648 ms)
[10/06/2026-16:13:16] [I] Average on 1 runs - GPU latency: 6.37695 ms - Host latency: 6.51953 ms (enqueue 4.04688 ms)
[10/06/2026-16:13:16] [I] Average on 1 runs - GPU latency: 6.39062 ms - Host latency: 6.50781 ms (enqueue 3.82812 ms)
[10/06/2026-16:13:16] [I] Average on 1 runs - GPU latency: 6.38672 ms - Host latency: 6.52539 ms (enqueue 3.94727 ms)
[10/06/2026-16:13:16] [I] Average on 1 runs - GPU latency: 6.39453 ms - Host latency: 6.50195 ms (enqueue 4.01758 ms)
[10/06/2026-16:13:16] [I] Average on 1 runs - GPU latency: 6.42969 ms - Host latency: 6.57422 ms (enqueue 3.73633 ms)
[10/06/2026-16:13:16] [I] Average on 1 runs - GPU latency: 6.48438 ms - Host latency: 6.58594 ms (enqueue 3.90234 ms)
[10/06/2026-16:13:16] [I] Average on 1 runs - GPU latency: 6.47266 ms - Host latency: 6.60156 ms (enqueue 4.29688 ms)
[10/06/2026-16:13:16] [I] Average on 1 runs - GPU latency: 6.47266 ms - Host latency: 6.5957 ms (enqueue 4.00977 ms)
[10/06/2026-16:13:16] [I] Average on 1 runs - GPU latency: 6.48242 ms - Host latency: 6.60547 ms (enqueue 4.23633 ms)
[10/06/2026-16:13:16] [I] Average on 1 runs - GPU latency: 6.47852 ms - Host latency: 6.58984 ms (enqueue 4.32812 ms)
[10/06/2026-16:13:16] [I] Average on 1 runs - GPU latency: 6.47656 ms - Host latency: 6.64648 ms (enqueue 4.2793 ms)
[10/06/2026-16:13:16] [I] Average on 1 runs - GPU latency: 6.39453 ms - Host latency: 6.49805 ms (enqueue 4.28711 ms)
[10/06/2026-16:13:16] [I] Average on 1 runs - GPU latency: 6.4707 ms - Host latency: 6.57812 ms (enqueue 2.8418 ms)
[10/06/2026-16:13:16] [I] Average on 1 runs - GPU latency: 6.48438 ms - Host latency: 6.5918 ms (enqueue 4.32031 ms)
[10/06/2026-16:13:16] [I] Average on 1 runs - GPU latency: 6.47461 ms - Host latency: 6.61328 ms (enqueue 4.28711 ms)
[10/06/2026-16:13:16] [I] Average on 1 runs - GPU latency: 6.47266 ms - Host latency: 6.5918 ms (enqueue 4.26367 ms)
[10/06/2026-16:13:16] [I] Average on 1 runs - GPU latency: 6.4707 ms - Host latency: 6.57812 ms (enqueue 4.28906 ms)
[10/06/2026-16:13:16] [I] Average on 1 runs - GPU latency: 6.47461 ms - Host latency: 6.57812 ms (enqueue 4.33203 ms)
[10/06/2026-16:13:16] [I] Average on 1 runs - GPU latency: 6.47461 ms - Host latency: 6.58984 ms (enqueue 4.30469 ms)
[10/06/2026-16:13:16] [I] Average on 1 runs - GPU latency: 6.45117 ms - Host latency: 6.55469 ms (enqueue 4.3418 ms)
[10/06/2026-16:13:16] [I] Average on 1 runs - GPU latency: 6.47266 ms - Host latency: 6.57227 ms (enqueue 2.48438 ms)
[10/06/2026-16:13:16] [I] Average on 1 runs - GPU latency: 6.48633 ms - Host latency: 6.5918 ms (enqueue 4.33984 ms)
[10/06/2026-16:13:16] [I] Average on 1 runs - GPU latency: 6.4707 ms - Host latency: 6.57422 ms (enqueue 4.2793 ms)
[10/06/2026-16:13:16] [I] Average on 1 runs - GPU latency: 6.48242 ms - Host latency: 6.59766 ms (enqueue 4.32422 ms)
[10/06/2026-16:13:16] [I] Average on 1 runs - GPU latency: 6.47852 ms - Host latency: 6.61133 ms (enqueue 4.2793 ms)
[10/06/2026-16:13:16] [I] Average on 1 runs - GPU latency: 6.48633 ms - Host latency: 6.60938 ms (enqueue 4.33008 ms)
[10/06/2026-16:13:16] [I] Average on 1 runs - GPU latency: 6.44922 ms - Host latency: 6.56641 ms (enqueue 4.33789 ms)
[10/06/2026-16:13:16] [I] Average on 1 runs - GPU latency: 6.4668 ms - Host latency: 6.57227 ms (enqueue 4.32031 ms)
[10/06/2026-16:13:16] [I] Average on 1 runs - GPU latency: 6.48242 ms - Host latency: 6.58594 ms (enqueue 4.3125 ms)
[10/06/2026-16:13:16] [I] Average on 1 runs - GPU latency: 6.47656 ms - Host latency: 6.57617 ms (enqueue 3.00586 ms)
[10/06/2026-16:13:16] [I] Average on 1 runs - GPU latency: 6.47266 ms - Host latency: 6.58008 ms (enqueue 3.09375 ms)
[10/06/2026-16:13:16] [I] Average on 1 runs - GPU latency: 6.48242 ms - Host latency: 6.58984 ms (enqueue 3.2793 ms)
[10/06/2026-16:13:16] [I] Average on 1 runs - GPU latency: 6.47852 ms - Host latency: 6.58789 ms (enqueue 3.70117 ms)
[10/06/2026-16:13:16] [I] Average on 1 runs - GPU latency: 6.47656 ms - Host latency: 6.59375 ms (enqueue 4.17383 ms)
[10/06/2026-16:13:16] [I] Average on 1 runs - GPU latency: 6.44531 ms - Host latency: 6.56055 ms (enqueue 4.32422 ms)
[10/06/2026-16:13:16] [I] Average on 1 runs - GPU latency: 6.48828 ms - Host latency: 6.60352 ms (enqueue 3.57812 ms)
[10/06/2026-16:13:16] [I] Average on 1 runs - GPU latency: 6.47852 ms - Host latency: 6.58594 ms (enqueue 4.31445 ms)
[10/06/2026-16:13:16] [I] Average on 1 runs - GPU latency: 6.48242 ms - Host latency: 6.60352 ms (enqueue 4.17773 ms)
[10/06/2026-16:13:16] [I] Average on 1 runs - GPU latency: 6.48047 ms - Host latency: 6.60156 ms (enqueue 4.14648 ms)
[10/06/2026-16:13:16] [I] Average on 1 runs - GPU latency: 6.47852 ms - Host latency: 6.5918 ms (enqueue 3.94531 ms)
[10/06/2026-16:13:16] [I] Average on 1 runs - GPU latency: 6.48242 ms - Host latency: 6.58594 ms (enqueue 3.91016 ms)
[10/06/2026-16:13:16] [I] Average on 1 runs - GPU latency: 6.47461 ms - Host latency: 6.58008 ms (enqueue 3.92188 ms)
[10/06/2026-16:13:16] [I] Average on 1 runs - GPU latency: 6.41797 ms - Host latency: 6.53516 ms (enqueue 4.18945 ms)
[10/06/2026-16:13:16] [I] Average on 1 runs - GPU latency: 6.48242 ms - Host latency: 6.58594 ms (enqueue 3.79883 ms)
[10/06/2026-16:13:16] [I] Average on 1 runs - GPU latency: 6.48047 ms - Host latency: 6.60547 ms (enqueue 3.89062 ms)
[10/06/2026-16:13:16] [I] Average on 1 runs - GPU latency: 6.47656 ms - Host latency: 6.60156 ms (enqueue 4.28711 ms)
[10/06/2026-16:13:16] [I] Average on 1 runs - GPU latency: 6.48633 ms - Host latency: 6.5957 ms (enqueue 4.22852 ms)
[10/06/2026-16:13:16] [I] Average on 1 runs - GPU latency: 6.47656 ms - Host latency: 6.58789 ms (enqueue 4.27539 ms)
[10/06/2026-16:13:16] [I] Average on 1 runs - GPU latency: 6.47461 ms - Host latency: 6.60547 ms (enqueue 4.30664 ms)
[10/06/2026-16:13:16] [I] Average on 1 runs - GPU latency: 6.47461 ms - Host latency: 6.59375 ms (enqueue 4.31836 ms)
[10/06/2026-16:13:16] [I] Average on 1 runs - GPU latency: 6.44336 ms - Host latency: 6.57227 ms (enqueue 4.25195 ms)
[10/06/2026-16:13:16] [I] Average on 1 runs - GPU latency: 6.47852 ms - Host latency: 6.65625 ms (enqueue 4.14648 ms)
[10/06/2026-16:13:16] [I] Average on 1 runs - GPU latency: 6.48242 ms - Host latency: 6.60742 ms (enqueue 4.25195 ms)
[10/06/2026-16:13:16] [I] Average on 1 runs - GPU latency: 6.48438 ms - Host latency: 6.62109 ms (enqueue 4.29492 ms)
[10/06/2026-16:13:16] [I] Average on 1 runs - GPU latency: 6.47266 ms - Host latency: 6.58594 ms (enqueue 4.28125 ms)
[10/06/2026-16:13:16] [I] Average on 1 runs - GPU latency: 6.47461 ms - Host latency: 6.58789 ms (enqueue 4.24414 ms)
[10/06/2026-16:13:16] [I] Average on 1 runs - GPU latency: 6.48047 ms - Host latency: 6.59961 ms (enqueue 4.27734 ms)
[10/06/2026-16:13:16] [I] Average on 1 runs - GPU latency: 6.44922 ms - Host latency: 6.58789 ms (enqueue 4.29297 ms)
[10/06/2026-16:13:16] [I] Average on 1 runs - GPU latency: 6.45703 ms - Host latency: 6.57422 ms (enqueue 4.24023 ms)
[10/06/2026-16:13:16] [I] Average on 1 runs - GPU latency: 6.47852 ms - Host latency: 6.58789 ms (enqueue 4.19922 ms)
[10/06/2026-16:13:16] [I] Average on 1 runs - GPU latency: 6.4707 ms - Host latency: 6.59961 ms (enqueue 4.25586 ms)
[10/06/2026-16:13:16] [I] Average on 1 runs - GPU latency: 6.48242 ms - Host latency: 6.60352 ms (enqueue 4.3418 ms)
[10/06/2026-16:13:16] [I] Average on 1 runs - GPU latency: 6.4707 ms - Host latency: 6.57422 ms (enqueue 4.24414 ms)
[10/06/2026-16:13:16] [I] Average on 1 runs - GPU latency: 6.48242 ms - Host latency: 6.59961 ms (enqueue 4.2832 ms)
[10/06/2026-16:13:16] [I] Average on 1 runs - GPU latency: 6.4707 ms - Host latency: 6.60938 ms (enqueue 4.30469 ms)
[10/06/2026-16:13:16] [I] Average on 1 runs - GPU latency: 6.4375 ms - Host latency: 6.57031 ms (enqueue 4.32812 ms)
[10/06/2026-16:13:16] [I] Average on 1 runs - GPU latency: 6.48047 ms - Host latency: 6.63477 ms (enqueue 4.27539 ms)
[10/06/2026-16:13:16] [I] Average on 1 runs - GPU latency: 6.47656 ms - Host latency: 6.60742 ms (enqueue 4.22266 ms)
[10/06/2026-16:13:16] [I] Average on 1 runs - GPU latency: 6.48438 ms - Host latency: 6.58789 ms (enqueue 4.25195 ms)
[10/06/2026-16:13:16] [I] Average on 1 runs - GPU latency: 6.4707 ms - Host latency: 6.60352 ms (enqueue 4.22656 ms)
[10/06/2026-16:13:16] [I] Average on 1 runs - GPU latency: 6.48047 ms - Host latency: 6.58789 ms (enqueue 4.23047 ms)
[10/06/2026-16:13:16] [I] Average on 1 runs - GPU latency: 6.47852 ms - Host latency: 6.59766 ms (enqueue 4.17773 ms)
[10/06/2026-16:13:16] [I] Average on 1 runs - GPU latency: 6.47656 ms - Host latency: 6.5957 ms (enqueue 4.19531 ms)
[10/06/2026-16:13:16] [I] Average on 1 runs - GPU latency: 6.42383 ms - Host latency: 6.54297 ms (enqueue 4.28906 ms)
[10/06/2026-16:13:16] [I] Average on 1 runs - GPU latency: 6.49023 ms - Host latency: 6.61523 ms (enqueue 4.20703 ms)
[10/06/2026-16:13:16] [I] Average on 1 runs - GPU latency: 6.48438 ms - Host latency: 6.62305 ms (enqueue 4.24219 ms)
[10/06/2026-16:13:16] [I] Average on 1 runs - GPU latency: 6.40039 ms - Host latency: 6.55664 ms (enqueue 4.38281 ms)
[10/06/2026-16:13:16] [I] Average on 1 runs - GPU latency: 6.39258 ms - Host latency: 6.52344 ms (enqueue 4.28711 ms)
[10/06/2026-16:13:16] [I] Average on 1 runs - GPU latency: 6.40039 ms - Host latency: 6.52148 ms (enqueue 4.22461 ms)
[10/06/2026-16:13:16] [I] Average on 1 runs - GPU latency: 6.47656 ms - Host latency: 6.58398 ms (enqueue 4.19336 ms)
[10/06/2026-16:13:16] [I] Average on 1 runs - GPU latency: 6.4375 ms - Host latency: 6.57227 ms (enqueue 4.24805 ms)
[10/06/2026-16:13:16] [I] Average on 1 runs - GPU latency: 6.38867 ms - Host latency: 6.50586 ms (enqueue 4.28516 ms)
[10/06/2026-16:13:16] [I] Average on 1 runs - GPU latency: 6.38281 ms - Host latency: 6.50391 ms (enqueue 4.14062 ms)
[10/06/2026-16:13:16] [I] Average on 1 runs - GPU latency: 6.47461 ms - Host latency: 6.60352 ms (enqueue 4.20898 ms)
[10/06/2026-16:13:16] [I] Average on 1 runs - GPU latency: 6.48047 ms - Host latency: 6.5957 ms (enqueue 4.27734 ms)
[10/06/2026-16:13:16] [I] Average on 1 runs - GPU latency: 6.4707 ms - Host latency: 6.60156 ms (enqueue 4.33203 ms)
[10/06/2026-16:13:16] [I] Average on 1 runs - GPU latency: 6.47656 ms - Host latency: 6.58203 ms (enqueue 4.30469 ms)
[10/06/2026-16:13:16] [I] Average on 1 runs - GPU latency: 6.42969 ms - Host latency: 6.55859 ms (enqueue 4.25391 ms)
[10/06/2026-16:13:16] [I] 
[10/06/2026-16:13:16] [I] === Performance summary ===
[10/06/2026-16:13:16] [I] Throughput: 154.621 qps
[10/06/2026-16:13:16] [I] Latency: min = 6.47461 ms, max = 6.67871 ms, mean = 6.58102 ms, median = 6.58496 ms, percentile(90%) = 6.61328 ms, percentile(95%) = 6.62109 ms, percentile(99%) = 6.63525 ms
[10/06/2026-16:13:16] [I] Enqueue Time: min = 2.08398 ms, max = 5.08203 ms, mean = 4.15839 ms, median = 4.26855 ms, percentile(90%) = 4.32861 ms, percentile(95%) = 4.34375 ms, percentile(99%) = 4.38965 ms
[10/06/2026-16:13:16] [I] H2D Latency: min = 0.0859375 ms, max = 0.195312 ms, mean = 0.11302 ms, median = 0.109375 ms, percentile(90%) = 0.132812 ms, percentile(95%) = 0.139893 ms, percentile(99%) = 0.160156 ms
[10/06/2026-16:13:16] [I] GPU Compute Time: min = 6.36914 ms, max = 6.49634 ms, mean = 6.46128 ms, median = 6.4707 ms, percentile(90%) = 6.48047 ms, percentile(95%) = 6.4834 ms, percentile(99%) = 6.48828 ms
[10/06/2026-16:13:16] [I] D2H Latency: min = 0.00390625 ms, max = 0.00976562 ms, mean = 0.00673042 ms, median = 0.00683594 ms, percentile(90%) = 0.0078125 ms, percentile(95%) = 0.0078125 ms, percentile(99%) = 0.0078125 ms
[10/06/2026-16:13:16] [I] Total Host Walltime: 15.0238 s
[10/06/2026-16:13:16] [I] Total GPU Compute Time: 15.0095 s
[10/06/2026-16:13:16] [I] Explanations of the performance metrics are printed in the verbose logs.
[10/06/2026-16:13:16] [I] 
&&&& PASSED TensorRT.trtexec [TensorRT v100300] # /usr/src/tensorrt/bin/trtexec --loadEngine=/tmp/yolo26n_84172_uint8_fp16_opt3.engine --warmUp=3000 --duration=15 --idleTime=0 --avgRuns=1
