&&&& RUNNING TensorRT.trtexec [TensorRT v100300] # /usr/src/tensorrt/bin/trtexec --loadEngine=/tmp/yolo26n_84172_uint8_fp16_opt3.engine --warmUp=3000 --duration=15 --idleTime=1 --avgRuns=1
[10/04/2026-22:12:22] [I] === Model Options ===
[10/04/2026-22:12:22] [I] Format: *
[10/04/2026-22:12:22] [I] Model: 
[10/04/2026-22:12:22] [I] Output:
[10/04/2026-22:12:22] [I] 
[10/04/2026-22:12:22] [I] === System Options ===
[10/04/2026-22:12:22] [I] Device: 0
[10/04/2026-22:12:22] [I] DLACore: 
[10/04/2026-22:12:22] [I] Plugins:
[10/04/2026-22:12:22] [I] setPluginsToSerialize:
[10/04/2026-22:12:22] [I] dynamicPlugins:
[10/04/2026-22:12:22] [I] ignoreParsedPluginLibs: 0
[10/04/2026-22:12:22] [I] 
[10/04/2026-22:12:22] [I] === Inference Options ===
[10/04/2026-22:12:22] [I] Batch: Explicit
[10/04/2026-22:12:22] [I] Input inference shapes: model
[10/04/2026-22:12:22] [I] Iterations: 10
[10/04/2026-22:12:22] [I] Duration: 15s (+ 3000ms warm up)
[10/04/2026-22:12:22] [I] Sleep time: 0ms
[10/04/2026-22:12:22] [I] Idle time: 1ms
[10/04/2026-22:12:22] [I] Inference Streams: 1
[10/04/2026-22:12:22] [I] ExposeDMA: Disabled
[10/04/2026-22:12:22] [I] Data transfers: Enabled
[10/04/2026-22:12:22] [I] Spin-wait: Disabled
[10/04/2026-22:12:22] [I] Multithreading: Disabled
[10/04/2026-22:12:22] [I] CUDA Graph: Disabled
[10/04/2026-22:12:22] [I] Separate profiling: Disabled
[10/04/2026-22:12:22] [I] Time Deserialize: Disabled
[10/04/2026-22:12:22] [I] Time Refit: Disabled
[10/04/2026-22:12:22] [I] NVTX verbosity: 0
[10/04/2026-22:12:22] [I] Persistent Cache Ratio: 0
[10/04/2026-22:12:22] [I] Optimization Profile Index: 0
[10/04/2026-22:12:22] [I] Weight Streaming Budget: 100.000000%
[10/04/2026-22:12:22] [I] Inputs:
[10/04/2026-22:12:22] [I] Debug Tensor Save Destinations:
[10/04/2026-22:12:22] [I] === Reporting Options ===
[10/04/2026-22:12:22] [I] Verbose: Disabled
[10/04/2026-22:12:22] [I] Averages: 1 inferences
[10/04/2026-22:12:22] [I] Percentiles: 90,95,99
[10/04/2026-22:12:22] [I] Dump refittable layers:Disabled
[10/04/2026-22:12:22] [I] Dump output: Disabled
[10/04/2026-22:12:22] [I] Profile: Disabled
[10/04/2026-22:12:22] [I] Export timing to JSON file: 
[10/04/2026-22:12:22] [I] Export output to JSON file: 
[10/04/2026-22:12:22] [I] Export profile to JSON file: 
[10/04/2026-22:12:22] [I] 
[10/04/2026-22:12:22] [I] === Device Information ===
[10/04/2026-22:12:22] [I] Available Devices: 
[10/04/2026-22:12:22] [I]   Device 0: "Orin" UUID: GPU-6e16c2c1-e394-5324-8f2e-63a975968f4e
[10/04/2026-22:12:22] [I] Selected Device: Orin
[10/04/2026-22:12:22] [I] Selected Device ID: 0
[10/04/2026-22:12:22] [I] Selected Device UUID: GPU-6e16c2c1-e394-5324-8f2e-63a975968f4e
[10/04/2026-22:12:22] [I] Compute Capability: 8.7
[10/04/2026-22:12:22] [I] SMs: 8
[10/04/2026-22:12:22] [I] Device Global Memory: 7607 MiB
[10/04/2026-22:12:22] [I] Shared Memory per SM: 164 KiB
[10/04/2026-22:12:22] [I] Memory Bus Width: 128 bits (ECC disabled)
[10/04/2026-22:12:22] [I] Application Compute Clock Rate: 1.02 GHz
[10/04/2026-22:12:22] [I] Application Memory Clock Rate: 1.02 GHz
[10/04/2026-22:12:22] [I] 
[10/04/2026-22:12:22] [I] Note: The application clock rates do not reflect the actual clock rates that the GPU is currently running at.
[10/04/2026-22:12:22] [I] 
[10/04/2026-22:12:22] [I] TensorRT version: 10.3.0
[10/04/2026-22:12:22] [I] Loading standard plugins
[10/04/2026-22:12:22] [I] [TRT] Loaded engine size: 7 MiB
[10/04/2026-22:12:22] [I] Engine deserialized in 0.0652147 sec.
[10/04/2026-22:12:22] [I] [TRT] [MemUsageChange] TensorRT-managed allocation in IExecutionContext creation: CPU +0, GPU +12, now: CPU 0, GPU 16 (MiB)
[10/04/2026-22:12:22] [I] Setting persistentCacheLimit to 0 bytes.
[10/04/2026-22:12:22] [I] Created execution context with device memory size: 12.207 MiB
[10/04/2026-22:12:22] [I] Using random values for input images
[10/04/2026-22:12:22] [I] Input binding for images with dimensions 1x640x640x3 is created.
[10/04/2026-22:12:22] [I] Output binding for output0 with dimensions 1x300x6 is created.
[10/04/2026-22:12:22] [I] Starting inference
[10/04/2026-22:12:40] [I] Warmup completed 693 queries over 3000 ms
[10/04/2026-22:12:40] [I] Timing trace has 3546 queries over 15.0126 s
[10/04/2026-22:12:40] [I] 
[10/04/2026-22:12:40] [I] === Trace details ===
[10/04/2026-22:12:40] [I] Trace averages of 1 runs:
[10/04/2026-22:12:40] [I] Average on 1 runs - GPU latency: 4.26221 ms - Host latency: 4.38403 ms (enqueue 2.05835 ms)
[10/04/2026-22:12:40] [I] Average on 1 runs - GPU latency: 4.22729 ms - Host latency: 4.36328 ms (enqueue 2.04761 ms)
[10/04/2026-22:12:40] [I] Average on 1 runs - GPU latency: 4.22583 ms - Host latency: 4.3042 ms (enqueue 2.1106 ms)
[10/04/2026-22:12:40] [I] Average on 1 runs - GPU latency: 4.23486 ms - Host latency: 4.31299 ms (enqueue 2.09131 ms)
[10/04/2026-22:12:40] [I] Average on 1 runs - GPU latency: 4.22827 ms - Host latency: 4.31006 ms (enqueue 2.1377 ms)
[10/04/2026-22:12:40] [I] Average on 1 runs - GPU latency: 4.23315 ms - Host latency: 4.30688 ms (enqueue 2.09351 ms)
[10/04/2026-22:12:40] [I] Average on 1 runs - GPU latency: 4.22241 ms - Host latency: 4.30078 ms (enqueue 2.10229 ms)
[10/04/2026-22:12:40] [I] Average on 1 runs - GPU latency: 4.23218 ms - Host latency: 4.31299 ms (enqueue 2.07153 ms)
[10/04/2026-22:12:40] [I] Average on 1 runs - GPU latency: 4.2312 ms - Host latency: 4.30762 ms (enqueue 2.05176 ms)
[10/04/2026-22:12:40] [I] Average on 1 runs - GPU latency: 4.23364 ms - Host latency: 4.31079 ms (enqueue 2.05518 ms)
[10/04/2026-22:12:40] [I] Average on 1 runs - GPU latency: 4.22925 ms - Host latency: 4.30493 ms (enqueue 2.04712 ms)
[10/04/2026-22:12:40] [I] Average on 1 runs - GPU latency: 4.2334 ms - Host latency: 4.30786 ms (enqueue 2.04346 ms)
[10/04/2026-22:12:40] [I] Average on 1 runs - GPU latency: 4.2312 ms - Host latency: 4.30542 ms (enqueue 2.03687 ms)
[10/04/2026-22:12:40] [I] Average on 1 runs - GPU latency: 4.22681 ms - Host latency: 4.30151 ms (enqueue 2.04102 ms)
[10/04/2026-22:12:40] [I] Average on 1 runs - GPU latency: 4.23291 ms - Host latency: 4.3103 ms (enqueue 2.0459 ms)
[10/04/2026-22:12:40] [I] Average on 1 runs - GPU latency: 4.23169 ms - Host latency: 4.31348 ms (enqueue 2.04468 ms)
[10/04/2026-22:12:40] [I] Average on 1 runs - GPU latency: 4.21973 ms - Host latency: 4.30322 ms (enqueue 2.10986 ms)
[10/04/2026-22:12:40] [I] Average on 1 runs - GPU latency: 4.229 ms - Host latency: 4.31567 ms (enqueue 2.11694 ms)
[10/04/2026-22:12:40] [I] Average on 1 runs - GPU latency: 4.22705 ms - Host latency: 4.30542 ms (enqueue 2.0896 ms)
[10/04/2026-22:12:40] [I] Average on 1 runs - GPU latency: 4.22778 ms - Host latency: 4.30811 ms (enqueue 2.09302 ms)
[10/04/2026-22:12:40] [I] Average on 1 runs - GPU latency: 4.22949 ms - Host latency: 4.30298 ms (enqueue 2.08228 ms)
[10/04/2026-22:12:40] [I] Average on 1 runs - GPU latency: 4.23169 ms - Host latency: 4.30493 ms (enqueue 2.08032 ms)
[10/04/2026-22:12:40] [I] Average on 1 runs - GPU latency: 4.22437 ms - Host latency: 4.30713 ms (enqueue 2.08252 ms)
[10/04/2026-22:12:40] [I] Average on 1 runs - GPU latency: 4.22266 ms - Host latency: 4.29565 ms (enqueue 2.11865 ms)
[10/04/2026-22:12:40] [I] Average on 1 runs - GPU latency: 4.23022 ms - Host latency: 4.30273 ms (enqueue 2.0332 ms)
[10/04/2026-22:12:40] [I] Average on 1 runs - GPU latency: 4.23193 ms - Host latency: 4.30859 ms (enqueue 2.04565 ms)
[10/04/2026-22:12:40] [I] Average on 1 runs - GPU latency: 4.2356 ms - Host latency: 4.3125 ms (enqueue 2.04907 ms)
[10/04/2026-22:12:40] [I] Average on 1 runs - GPU latency: 4.22876 ms - Host latency: 4.3042 ms (enqueue 2.04565 ms)
[10/04/2026-22:12:40] [I] Average on 1 runs - GPU latency: 4.23877 ms - Host latency: 4.32007 ms (enqueue 2.04663 ms)
[10/04/2026-22:12:40] [I] Average on 1 runs - GPU latency: 4.23755 ms - Host latency: 4.31982 ms (enqueue 2.05957 ms)
[10/04/2026-22:12:40] [I] Average on 1 runs - GPU latency: 4.22314 ms - Host latency: 4.30029 ms (enqueue 2.04004 ms)
[10/04/2026-22:12:40] [I] Average on 1 runs - GPU latency: 4.23096 ms - Host latency: 4.3103 ms (enqueue 2.04761 ms)
[10/04/2026-22:12:40] [I] Average on 1 runs - GPU latency: 4.22803 ms - Host latency: 4.30396 ms (enqueue 2.03491 ms)
[10/04/2026-22:12:40] [I] Average on 1 runs - GPU latency: 4.22827 ms - Host latency: 4.30957 ms (enqueue 2.09497 ms)
[10/04/2026-22:12:40] [I] Average on 1 runs - GPU latency: 4.22632 ms - Host latency: 4.29956 ms (enqueue 2.10132 ms)
[10/04/2026-22:12:40] [I] Average on 1 runs - GPU latency: 4.22339 ms - Host latency: 4.30396 ms (enqueue 2.10889 ms)
[10/04/2026-22:12:40] [I] Average on 1 runs - GPU latency: 4.22778 ms - Host latency: 4.30493 ms (enqueue 2.09326 ms)
[10/04/2026-22:12:40] [I] Average on 1 runs - GPU latency: 4.21997 ms - Host latency: 4.29272 ms (enqueue 2.08569 ms)
[10/04/2026-22:12:40] [I] Average on 1 runs - GPU latency: 4.23608 ms - Host latency: 4.31909 ms (enqueue 2.10596 ms)
[10/04/2026-22:12:40] [I] Average on 1 runs - GPU latency: 4.23193 ms - Host latency: 4.31055 ms (enqueue 2.08765 ms)
[10/04/2026-22:12:40] [I] Average on 1 runs - GPU latency: 4.22607 ms - Host latency: 4.30542 ms (enqueue 2.12036 ms)
[10/04/2026-22:12:40] [I] Average on 1 runs - GPU latency: 4.22485 ms - Host latency: 4.29956 ms (enqueue 2.0835 ms)
[10/04/2026-22:12:40] [I] Average on 1 runs - GPU latency: 4.2312 ms - Host latency: 4.31128 ms (enqueue 2.0415 ms)
[10/04/2026-22:12:40] [I] Average on 1 runs - GPU latency: 4.22876 ms - Host latency: 4.30713 ms (enqueue 2.04321 ms)
[10/04/2026-22:12:40] [I] Average on 1 runs - GPU latency: 4.23145 ms - Host latency: 4.3147 ms (enqueue 2.04248 ms)
[10/04/2026-22:12:40] [I] Average on 1 runs - GPU latency: 4.22876 ms - Host latency: 4.30591 ms (enqueue 2.04346 ms)
[10/04/2026-22:12:40] [I] Average on 1 runs - GPU latency: 4.22925 ms - Host latency: 4.30298 ms (enqueue 2.03979 ms)
[10/04/2026-22:12:40] [I] Average on 1 runs - GPU latency: 4.23438 ms - Host latency: 4.30981 ms (enqueue 2.02075 ms)
[10/04/2026-22:12:40] [I] Average on 1 runs - GPU latency: 4.23047 ms - Host latency: 4.30664 ms (enqueue 2.021 ms)
[10/04/2026-22:12:40] [I] Average on 1 runs - GPU latency: 4.22461 ms - Host latency: 4.30786 ms (enqueue 2.10596 ms)
[10/04/2026-22:12:40] [I] Average on 1 runs - GPU latency: 4.23193 ms - Host latency: 4.30322 ms (enqueue 2.04956 ms)
[10/04/2026-22:12:40] [I] Average on 1 runs - GPU latency: 4.22729 ms - Host latency: 4.30322 ms (enqueue 2.0791 ms)
[10/04/2026-22:12:40] [I] Average on 1 runs - GPU latency: 4.229 ms - Host latency: 4.30347 ms (enqueue 2.07666 ms)
[10/04/2026-22:12:40] [I] Average on 1 runs - GPU latency: 4.22803 ms - Host latency: 4.302 ms (enqueue 2.07227 ms)
[10/04/2026-22:12:40] [I] Average on 1 runs - GPU latency: 4.24316 ms - Host latency: 4.3147 ms (enqueue 2.05103 ms)
[10/04/2026-22:12:40] [I] Average on 1 runs - GPU latency: 4.22705 ms - Host latency: 4.30713 ms (enqueue 2.22388 ms)
[10/04/2026-22:12:40] [I] Average on 1 runs - GPU latency: 4.22852 ms - Host latency: 4.30811 ms (enqueue 2.11914 ms)
[10/04/2026-22:12:40] [I] Average on 1 runs - GPU latency: 4.23267 ms - Host latency: 4.31152 ms (enqueue 2.1228 ms)
[10/04/2026-22:12:40] [I] Average on 1 runs - GPU latency: 4.2229 ms - Host latency: 4.29053 ms (enqueue 2.10913 ms)
[10/04/2026-22:12:40] [I] Average on 1 runs - GPU latency: 4.22485 ms - Host latency: 4.30713 ms (enqueue 2.04492 ms)
[10/04/2026-22:12:40] [I] Average on 1 runs - GPU latency: 4.24341 ms - Host latency: 4.31738 ms (enqueue 2.04761 ms)
[10/04/2026-22:12:40] [I] Average on 1 runs - GPU latency: 4.24634 ms - Host latency: 4.32617 ms (enqueue 2.19995 ms)
[10/04/2026-22:12:40] [I] Average on 1 runs - GPU latency: 4.23657 ms - Host latency: 4.31641 ms (enqueue 2.26172 ms)
[10/04/2026-22:12:40] [I] Average on 1 runs - GPU latency: 4.22998 ms - Host latency: 4.30664 ms (enqueue 2.17456 ms)
[10/04/2026-22:12:40] [I] Average on 1 runs - GPU latency: 4.23633 ms - Host latency: 4.31592 ms (enqueue 2.14917 ms)
[10/04/2026-22:12:40] [I] Average on 1 runs - GPU latency: 4.23291 ms - Host latency: 4.31641 ms (enqueue 2.10669 ms)
[10/04/2026-22:12:40] [I] Average on 1 runs - GPU latency: 4.2356 ms - Host latency: 4.31812 ms (enqueue 2.15015 ms)
[10/04/2026-22:12:40] [I] Average on 1 runs - GPU latency: 4.23438 ms - Host latency: 4.31738 ms (enqueue 2.21484 ms)
[10/04/2026-22:12:40] [I] Average on 1 runs - GPU latency: 4.23193 ms - Host latency: 4.29858 ms (enqueue 2.12842 ms)
[10/04/2026-22:12:40] [I] Average on 1 runs - GPU latency: 4.24023 ms - Host latency: 4.31836 ms (enqueue 2.15918 ms)
[10/04/2026-22:12:40] [I] Average on 1 runs - GPU latency: 4.23535 ms - Host latency: 4.31079 ms (enqueue 2.15308 ms)
[10/04/2026-22:12:40] [I] Average on 1 runs - GPU latency: 4.23511 ms - Host latency: 4.31616 ms (enqueue 2.15161 ms)
[10/04/2026-22:12:40] [I] Average on 1 runs - GPU latency: 4.22607 ms - Host latency: 4.30225 ms (enqueue 2.12329 ms)
[10/04/2026-22:12:40] [I] Average on 1 runs - GPU latency: 4.23169 ms - Host latency: 4.30762 ms (enqueue 2.14185 ms)
[10/04/2026-22:12:40] [I] Average on 1 runs - GPU latency: 4.23364 ms - Host latency: 4.30493 ms (enqueue 2.21533 ms)
[10/04/2026-22:12:40] [I] Average on 1 runs - GPU latency: 4.22974 ms - Host latency: 4.30054 ms (enqueue 2.11206 ms)
[10/04/2026-22:12:40] [I] Average on 1 runs - GPU latency: 4.22583 ms - Host latency: 4.29883 ms (enqueue 2.05029 ms)
[10/04/2026-22:12:40] [I] Average on 1 runs - GPU latency: 4.22534 ms - Host latency: 4.30273 ms (enqueue 2.04199 ms)
[10/04/2026-22:12:40] [I] Average on 1 runs - GPU latency: 4.22534 ms - Host latency: 4.2998 ms (enqueue 2.05469 ms)
[10/04/2026-22:12:40] [I] Average on 1 runs - GPU latency: 4.22949 ms - Host latency: 4.30493 ms (enqueue 2.04443 ms)
[10/04/2026-22:12:40] [I] Average on 1 runs - GPU latency: 4.22314 ms - Host latency: 4.29199 ms (enqueue 2.05029 ms)
[10/04/2026-22:12:40] [I] Average on 1 runs - GPU latency: 4.23364 ms - Host latency: 4.31323 ms (enqueue 2.05249 ms)
[10/04/2026-22:12:40] [I] Average on 1 runs - GPU latency: 4.229 ms - Host latency: 4.30103 ms (enqueue 2.03564 ms)
[10/04/2026-22:12:40] [I] Average on 1 runs - GPU latency: 4.21729 ms - Host latency: 4.29932 ms (enqueue 2.03687 ms)
[10/04/2026-22:12:40] [I] Average on 1 runs - GPU latency: 4.22559 ms - Host latency: 4.30225 ms (enqueue 2.05908 ms)
[10/04/2026-22:12:40] [I] Average on 1 runs - GPU latency: 4.22754 ms - Host latency: 4.31177 ms (enqueue 2.08105 ms)
[10/04/2026-22:12:40] [I] Average on 1 runs - GPU latency: 4.22705 ms - Host latency: 4.3042 ms (enqueue 2.28809 ms)
[10/04/2026-22:12:40] [I] Average on 1 runs - GPU latency: 4.22754 ms - Host latency: 4.30615 ms (enqueue 2.08813 ms)
[10/04/2026-22:12:40] [I] Average on 1 runs - GPU latency: 4.22266 ms - Host latency: 4.30518 ms (enqueue 2.08691 ms)
[10/04/2026-22:12:40] [I] Average on 1 runs - GPU latency: 4.22437 ms - Host latency: 4.30078 ms (enqueue 2.08813 ms)
[10/04/2026-22:12:40] [I] Average on 1 runs - GPU latency: 4.229 ms - Host latency: 4.3042 ms (enqueue 2.09058 ms)
[10/04/2026-22:12:40] [I] Average on 1 runs - GPU latency: 4.22607 ms - Host latency: 4.29785 ms (enqueue 2.09644 ms)
[10/04/2026-22:12:40] [I] Average on 1 runs - GPU latency: 4.22974 ms - Host latency: 4.30811 ms (enqueue 2.10498 ms)
[10/04/2026-22:12:40] [I] Average on 1 runs - GPU latency: 4.23218 ms - Host latency: 4.32446 ms (enqueue 2.03857 ms)
[10/04/2026-22:12:40] [I] Average on 1 runs - GPU latency: 4.22729 ms - Host latency: 4.3042 ms (enqueue 2.03394 ms)
[10/04/2026-22:12:40] [I] Average on 1 runs - GPU latency: 4.23535 ms - Host latency: 4.31348 ms (enqueue 2.03345 ms)
[10/04/2026-22:12:40] [I] Average on 1 runs - GPU latency: 4.229 ms - Host latency: 4.30713 ms (enqueue 2.04956 ms)
[10/04/2026-22:12:40] [I] Average on 1 runs - GPU latency: 4.22778 ms - Host latency: 4.2998 ms (enqueue 2.04346 ms)
[10/04/2026-22:12:40] [I] Average on 1 runs - GPU latency: 4.22656 ms - Host latency: 4.30566 ms (enqueue 2.31226 ms)
[10/04/2026-22:12:40] [I] Average on 1 runs - GPU latency: 4.21899 ms - Host latency: 4.29639 ms (enqueue 2.06274 ms)
[10/04/2026-22:12:40] [I] Average on 1 runs - GPU latency: 4.22461 ms - Host latency: 4.30029 ms (enqueue 2.05591 ms)
[10/04/2026-22:12:40] [I] Average on 1 runs - GPU latency: 4.22852 ms - Host latency: 4.30298 ms (enqueue 2.04541 ms)
[10/04/2026-22:12:40] [I] Average on 1 runs - GPU latency: 4.22559 ms - Host latency: 4.30298 ms (enqueue 2.08936 ms)
[10/04/2026-22:12:40] [I] Average on 1 runs - GPU latency: 4.22925 ms - Host latency: 4.30688 ms (enqueue 2.11792 ms)
[10/04/2026-22:12:40] [I] Average on 1 runs - GPU latency: 4.2251 ms - Host latency: 4.29565 ms (enqueue 2.1084 ms)
[10/04/2026-22:12:40] [I] Average on 1 runs - GPU latency: 4.22339 ms - Host latency: 4.3042 ms (enqueue 2.07715 ms)
[10/04/2026-22:12:40] [I] Average on 1 runs - GPU latency: 4.23706 ms - Host latency: 4.30884 ms (enqueue 2.09546 ms)
[10/04/2026-22:12:40] [I] Average on 1 runs - GPU latency: 4.21948 ms - Host latency: 4.29785 ms (enqueue 2.08008 ms)
[10/04/2026-22:12:40] [I] Average on 1 runs - GPU latency: 4.2251 ms - Host latency: 4.30249 ms (enqueue 2.09473 ms)
[10/04/2026-22:12:40] [I] Average on 1 runs - GPU latency: 4.22803 ms - Host latency: 4.3064 ms (enqueue 2.10742 ms)
[10/04/2026-22:12:40] [I] Average on 1 runs - GPU latency: 4.21899 ms - Host latency: 4.3042 ms (enqueue 2.21948 ms)
[10/04/2026-22:12:40] [I] Average on 1 runs - GPU latency: 4.22974 ms - Host latency: 4.3064 ms (enqueue 2.05347 ms)
[10/04/2026-22:12:40] [I] Average on 1 runs - GPU latency: 4.2251 ms - Host latency: 4.3042 ms (enqueue 2.06152 ms)
[10/04/2026-22:12:40] [I] Average on 1 runs - GPU latency: 4.22876 ms - Host latency: 4.30518 ms (enqueue 2.02002 ms)
[10/04/2026-22:12:40] [I] Average on 1 runs - GPU latency: 4.22827 ms - Host latency: 4.29834 ms (enqueue 2.01904 ms)
[10/04/2026-22:12:40] [I] Average on 1 runs - GPU latency: 4.22363 ms - Host latency: 4.30713 ms (enqueue 2.03809 ms)
[10/04/2026-22:12:40] [I] Average on 1 runs - GPU latency: 4.22217 ms - Host latency: 4.30225 ms (enqueue 2.03101 ms)
[10/04/2026-22:12:40] [I] Average on 1 runs - GPU latency: 4.22583 ms - Host latency: 4.30151 ms (enqueue 2.03638 ms)
[10/04/2026-22:12:40] [I] Average on 1 runs - GPU latency: 4.22632 ms - Host latency: 4.3042 ms (enqueue 2.02588 ms)
[10/04/2026-22:12:40] [I] Average on 1 runs - GPU latency: 4.22876 ms - Host latency: 4.30103 ms (enqueue 2.08398 ms)
[10/04/2026-22:12:40] [I] Average on 1 runs - GPU latency: 4.23169 ms - Host latency: 4.30298 ms (enqueue 2.09058 ms)
[10/04/2026-22:12:40] [I] Average on 1 runs - GPU latency: 4.22632 ms - Host latency: 4.29395 ms (enqueue 2.08862 ms)
[10/04/2026-22:12:40] [I] Average on 1 runs - GPU latency: 4.22461 ms - Host latency: 4.30688 ms (enqueue 2.10498 ms)
[10/04/2026-22:12:40] [I] Average on 1 runs - GPU latency: 4.2373 ms - Host latency: 4.31958 ms (enqueue 2.08765 ms)
[10/04/2026-22:12:40] [I] Average on 1 runs - GPU latency: 4.22876 ms - Host latency: 4.30786 ms (enqueue 2.08569 ms)
[10/04/2026-22:12:40] [I] Average on 1 runs - GPU latency: 4.2251 ms - Host latency: 4.30615 ms (enqueue 2.10327 ms)
[10/04/2026-22:12:40] [I] Average on 1 runs - GPU latency: 4.23071 ms - Host latency: 4.3147 ms (enqueue 2.09912 ms)
[10/04/2026-22:12:40] [I] Average on 1 runs - GPU latency: 4.22632 ms - Host latency: 4.30957 ms (enqueue 2.08667 ms)
[10/04/2026-22:12:40] [I] Average on 1 runs - GPU latency: 4.21997 ms - Host latency: 4.302 ms (enqueue 2.05322 ms)
[10/04/2026-22:12:40] [I] Average on 1 runs - GPU latency: 4.22119 ms - Host latency: 4.29736 ms (enqueue 2.04077 ms)
[10/04/2026-22:12:40] [I] Average on 1 runs - GPU latency: 4.22095 ms - Host latency: 4.30127 ms (enqueue 2.04614 ms)
[10/04/2026-22:12:40] [I] Average on 1 runs - GPU latency: 4.22974 ms - Host latency: 4.30664 ms (enqueue 2.0437 ms)
[10/04/2026-22:12:40] [I] Average on 1 runs - GPU latency: 4.23145 ms - Host latency: 4.31079 ms (enqueue 2.05493 ms)
[10/04/2026-22:12:40] [I] Average on 1 runs - GPU latency: 4.22632 ms - Host latency: 4.30444 ms (enqueue 2.0437 ms)
[10/04/2026-22:12:40] [I] Average on 1 runs - GPU latency: 4.22192 ms - Host latency: 4.30054 ms (enqueue 2.04663 ms)
[10/04/2026-22:12:40] [I] Average on 1 runs - GPU latency: 4.22632 ms - Host latency: 4.30078 ms (enqueue 2.03784 ms)
[10/04/2026-22:12:40] [I] Average on 1 runs - GPU latency: 4.22778 ms - Host latency: 4.30151 ms (enqueue 2.07202 ms)
[10/04/2026-22:12:40] [I] Average on 1 runs - GPU latency: 4.22607 ms - Host latency: 4.30444 ms (enqueue 2.11426 ms)
[10/04/2026-22:12:40] [I] Average on 1 runs - GPU latency: 4.22339 ms - Host latency: 4.30811 ms (enqueue 2.10254 ms)
[10/04/2026-22:12:40] [I] Average on 1 runs - GPU latency: 4.23071 ms - Host latency: 4.31177 ms (enqueue 2.09692 ms)
[10/04/2026-22:12:40] [I] Average on 1 runs - GPU latency: 4.22827 ms - Host latency: 4.29736 ms (enqueue 2.0979 ms)
[10/04/2026-22:12:40] [I] Average on 1 runs - GPU latency: 4.23193 ms - Host latency: 4.31079 ms (enqueue 2.08081 ms)
[10/04/2026-22:12:40] [I] Average on 1 runs - GPU latency: 4.2251 ms - Host latency: 4.29712 ms (enqueue 2.09009 ms)
[10/04/2026-22:12:40] [I] Average on 1 runs - GPU latency: 4.23584 ms - Host latency: 4.30664 ms (enqueue 2.08179 ms)
[10/04/2026-22:12:40] [I] Average on 1 runs - GPU latency: 4.23682 ms - Host latency: 4.31079 ms (enqueue 2.09058 ms)
[10/04/2026-22:12:40] [I] Average on 1 runs - GPU latency: 4.22729 ms - Host latency: 4.30444 ms (enqueue 2.20239 ms)
[10/04/2026-22:12:40] [I] Average on 1 runs - GPU latency: 4.23145 ms - Host latency: 4.30737 ms (enqueue 2.05249 ms)
[10/04/2026-22:12:40] [I] Average on 1 runs - GPU latency: 4.22949 ms - Host latency: 4.30493 ms (enqueue 2.04297 ms)
[10/04/2026-22:12:40] [I] Average on 1 runs - GPU latency: 4.22949 ms - Host latency: 4.30859 ms (enqueue 2.04541 ms)
[10/04/2026-22:12:40] [I] Average on 1 runs - GPU latency: 4.21924 ms - Host latency: 4.29761 ms (enqueue 2.03955 ms)
[10/04/2026-22:12:40] [I] Average on 1 runs - GPU latency: 4.22876 ms - Host latency: 4.30444 ms (enqueue 2.05225 ms)
[10/04/2026-22:12:40] [I] Average on 1 runs - GPU latency: 4.23291 ms - Host latency: 4.31177 ms (enqueue 2.04614 ms)
[10/04/2026-22:12:40] [I] Average on 1 runs - GPU latency: 4.22705 ms - Host latency: 4.30078 ms (enqueue 2.04907 ms)
[10/04/2026-22:12:40] [I] Average on 1 runs - GPU latency: 4.2229 ms - Host latency: 4.29883 ms (enqueue 2.03882 ms)
[10/04/2026-22:12:40] [I] Average on 1 runs - GPU latency: 4.22705 ms - Host latency: 4.30835 ms (enqueue 2.08154 ms)
[10/04/2026-22:12:40] [I] Average on 1 runs - GPU latency: 4.22168 ms - Host latency: 4.2937 ms (enqueue 2.08057 ms)
[10/04/2026-22:12:40] [I] Average on 1 runs - GPU latency: 4.21729 ms - Host latency: 4.28662 ms (enqueue 2.09424 ms)
[10/04/2026-22:12:40] [I] Average on 1 runs - GPU latency: 4.22339 ms - Host latency: 4.30029 ms (enqueue 2.34619 ms)
[10/04/2026-22:12:40] [I] Average on 1 runs - GPU latency: 4.22705 ms - Host latency: 4.30029 ms (enqueue 2.09033 ms)
[10/04/2026-22:12:40] [I] Average on 1 runs - GPU latency: 4.22534 ms - Host latency: 4.2981 ms (enqueue 2.08057 ms)
[10/04/2026-22:12:40] [I] Average on 1 runs - GPU latency: 4.23096 ms - Host latency: 4.31152 ms (enqueue 2.08154 ms)
[10/04/2026-22:12:40] [I] Average on 1 runs - GPU latency: 4.23071 ms - Host latency: 4.30688 ms (enqueue 2.10254 ms)
[10/04/2026-22:12:40] [I] Average on 1 runs - GPU latency: 4.23218 ms - Host latency: 4.31152 ms (enqueue 2.08032 ms)
[10/04/2026-22:12:40] [I] Average on 1 runs - GPU latency: 4.23242 ms - Host latency: 4.31104 ms (enqueue 2.04077 ms)
[10/04/2026-22:12:40] [I] Average on 1 runs - GPU latency: 4.22412 ms - Host latency: 4.29883 ms (enqueue 2.05322 ms)
[10/04/2026-22:12:40] [I] Average on 1 runs - GPU latency: 4.22583 ms - Host latency: 4.30713 ms (enqueue 2.05444 ms)
[10/04/2026-22:12:40] [I] Average on 1 runs - GPU latency: 4.22656 ms - Host latency: 4.30054 ms (enqueue 2.0647 ms)
[10/04/2026-22:12:40] [I] Average on 1 runs - GPU latency: 4.22998 ms - Host latency: 4.30688 ms (enqueue 2.06055 ms)
[10/04/2026-22:12:40] [I] Average on 1 runs - GPU latency: 4.22339 ms - Host latency: 4.29492 ms (enqueue 2.05444 ms)
[10/04/2026-22:12:40] [I] Average on 1 runs - GPU latency: 4.23315 ms - Host latency: 4.31201 ms (enqueue 2.30225 ms)
[10/04/2026-22:12:40] [I] Average on 1 runs - GPU latency: 4.23218 ms - Host latency: 4.30664 ms (enqueue 2.05322 ms)
[10/04/2026-22:12:40] [I] Average on 1 runs - GPU latency: 4.22974 ms - Host latency: 4.30225 ms (enqueue 2.10522 ms)
[10/04/2026-22:12:40] [I] Average on 1 runs - GPU latency: 4.23535 ms - Host latency: 4.30908 ms (enqueue 2.10547 ms)
[10/04/2026-22:12:40] [I] Average on 1 runs - GPU latency: 4.22729 ms - Host latency: 4.31006 ms (enqueue 2.08765 ms)
[10/04/2026-22:12:40] [I] Average on 1 runs - GPU latency: 4.2251 ms - Host latency: 4.30347 ms (enqueue 2.08765 ms)
[10/04/2026-22:12:40] [I] Average on 1 runs - GPU latency: 4.22339 ms - Host latency: 4.29663 ms (enqueue 2.10352 ms)
[10/04/2026-22:12:40] [I] Average on 1 runs - GPU latency: 4.22681 ms - Host latency: 4.30762 ms (enqueue 2.09937 ms)
[10/04/2026-22:12:40] [I] Average on 1 runs - GPU latency: 4.23169 ms - Host latency: 4.31201 ms (enqueue 2.08691 ms)
[10/04/2026-22:12:40] [I] Average on 1 runs - GPU latency: 4.22803 ms - Host latency: 4.30322 ms (enqueue 2.09937 ms)
[10/04/2026-22:12:40] [I] Average on 1 runs - GPU latency: 4.23145 ms - Host latency: 4.31348 ms (enqueue 2.08887 ms)
[10/04/2026-22:12:40] [I] Average on 1 runs - GPU latency: 4.22754 ms - Host latency: 4.30542 ms (enqueue 2.05884 ms)
[10/04/2026-22:12:40] [I] Average on 1 runs - GPU latency: 4.23291 ms - Host latency: 4.30981 ms (enqueue 2.18286 ms)
[10/04/2026-22:12:40] [I] Average on 1 runs - GPU latency: 4.23047 ms - Host latency: 4.30664 ms (enqueue 2.05103 ms)
[10/04/2026-22:12:40] [I] Average on 1 runs - GPU latency: 4.23413 ms - Host latency: 4.31226 ms (enqueue 2.04761 ms)
[10/04/2026-22:12:40] [I] Average on 1 runs - GPU latency: 4.21802 ms - Host latency: 4.2937 ms (enqueue 2.06519 ms)
[10/04/2026-22:12:40] [I] Average on 1 runs - GPU latency: 4.22412 ms - Host latency: 4.29688 ms (enqueue 2.06323 ms)
[10/04/2026-22:12:40] [I] Average on 1 runs - GPU latency: 4.2251 ms - Host latency: 4.30371 ms (enqueue 2.05371 ms)
[10/04/2026-22:12:40] [I] Average on 1 runs - GPU latency: 4.23901 ms - Host latency: 4.3125 ms (enqueue 2.06177 ms)
[10/04/2026-22:12:40] [I] Average on 1 runs - GPU latency: 4.22339 ms - Host latency: 4.30347 ms (enqueue 2.11499 ms)
[10/04/2026-22:12:40] [I] Average on 1 runs - GPU latency: 4.2395 ms - Host latency: 4.31519 ms (enqueue 2.07886 ms)
[10/04/2026-22:12:40] [I] Average on 1 runs - GPU latency: 4.24121 ms - Host latency: 4.32031 ms (enqueue 2.22729 ms)
[10/04/2026-22:12:40] [I] Average on 1 runs - GPU latency: 4.23755 ms - Host latency: 4.31274 ms (enqueue 2.34546 ms)
[10/04/2026-22:12:40] [I] Average on 1 runs - GPU latency: 4.2417 ms - Host latency: 4.31641 ms (enqueue 2.18433 ms)
[10/04/2026-22:12:40] [I] Average on 1 runs - GPU latency: 4.23462 ms - Host latency: 4.31104 ms (enqueue 2.11743 ms)
[10/04/2026-22:12:40] [I] Average on 1 runs - GPU latency: 4.23315 ms - Host latency: 4.30811 ms (enqueue 2.09717 ms)
[10/04/2026-22:12:40] [I] Average on 1 runs - GPU latency: 4.2356 ms - Host latency: 4.31665 ms (enqueue 2.1394 ms)
[10/04/2026-22:12:40] [I] Average on 1 runs - GPU latency: 4.23804 ms - Host latency: 4.31494 ms (enqueue 2.1731 ms)
[10/04/2026-22:12:40] [I] Average on 1 runs - GPU latency: 4.23022 ms - Host latency: 4.31372 ms (enqueue 2.08179 ms)
[10/04/2026-22:12:40] [I] Average on 1 runs - GPU latency: 4.22852 ms - Host latency: 4.31152 ms (enqueue 2.03296 ms)
[10/04/2026-22:12:40] [I] Average on 1 runs - GPU latency: 4.23169 ms - Host latency: 4.31177 ms (enqueue 2.04224 ms)
[10/04/2026-22:12:40] [I] ... Omitting 3146 lines
[10/04/2026-22:12:40] [I] Average on 1 runs - GPU latency: 4.23047 ms - Host latency: 4.31445 ms (enqueue 2.05078 ms)
[10/04/2026-22:12:40] [I] Average on 1 runs - GPU latency: 4.22852 ms - Host latency: 4.30078 ms (enqueue 2.04102 ms)
[10/04/2026-22:12:40] [I] Average on 1 runs - GPU latency: 4.23242 ms - Host latency: 4.30469 ms (enqueue 2.04883 ms)
[10/04/2026-22:12:40] [I] Average on 1 runs - GPU latency: 4.23242 ms - Host latency: 4.3125 ms (enqueue 2.04883 ms)
[10/04/2026-22:12:40] [I] Average on 1 runs - GPU latency: 4.23047 ms - Host latency: 4.31641 ms (enqueue 2.04297 ms)
[10/04/2026-22:12:40] [I] Average on 1 runs - GPU latency: 4.23047 ms - Host latency: 4.3125 ms (enqueue 2.04883 ms)
[10/04/2026-22:12:40] [I] Average on 1 runs - GPU latency: 4.23242 ms - Host latency: 4.31445 ms (enqueue 2.04297 ms)
[10/04/2026-22:12:40] [I] Average on 1 runs - GPU latency: 4.22266 ms - Host latency: 4.30078 ms (enqueue 2.10547 ms)
[10/04/2026-22:12:40] [I] Average on 1 runs - GPU latency: 4.22852 ms - Host latency: 4.31055 ms (enqueue 2.03125 ms)
[10/04/2026-22:12:40] [I] Average on 1 runs - GPU latency: 4.21875 ms - Host latency: 4.29102 ms (enqueue 2.08203 ms)
[10/04/2026-22:12:40] [I] Average on 1 runs - GPU latency: 4.23047 ms - Host latency: 4.30859 ms (enqueue 2.0625 ms)
[10/04/2026-22:12:40] [I] Average on 1 runs - GPU latency: 4.23047 ms - Host latency: 4.31055 ms (enqueue 2.0625 ms)
[10/04/2026-22:12:40] [I] Average on 1 runs - GPU latency: 4.23242 ms - Host latency: 4.31445 ms (enqueue 2.08203 ms)
[10/04/2026-22:12:40] [I] Average on 1 runs - GPU latency: 4.22852 ms - Host latency: 4.30664 ms (enqueue 2.06836 ms)
[10/04/2026-22:12:40] [I] Average on 1 runs - GPU latency: 4.23242 ms - Host latency: 4.31055 ms (enqueue 2.06836 ms)
[10/04/2026-22:12:40] [I] Average on 1 runs - GPU latency: 4.22461 ms - Host latency: 4.29883 ms (enqueue 2.0957 ms)
[10/04/2026-22:12:40] [I] Average on 1 runs - GPU latency: 4.2168 ms - Host latency: 4.29492 ms (enqueue 2.03906 ms)
[10/04/2026-22:12:40] [I] Average on 1 runs - GPU latency: 4.23047 ms - Host latency: 4.30664 ms (enqueue 2.02734 ms)
[10/04/2026-22:12:40] [I] Average on 1 runs - GPU latency: 4.22852 ms - Host latency: 4.30273 ms (enqueue 2.03516 ms)
[10/04/2026-22:12:40] [I] Average on 1 runs - GPU latency: 4.23242 ms - Host latency: 4.30469 ms (enqueue 2.03906 ms)
[10/04/2026-22:12:40] [I] Average on 1 runs - GPU latency: 4.22461 ms - Host latency: 4.29102 ms (enqueue 2.04102 ms)
[10/04/2026-22:12:40] [I] Average on 1 runs - GPU latency: 4.22852 ms - Host latency: 4.30469 ms (enqueue 2.03906 ms)
[10/04/2026-22:12:40] [I] Average on 1 runs - GPU latency: 4.22461 ms - Host latency: 4.29883 ms (enqueue 2.03711 ms)
[10/04/2026-22:12:40] [I] Average on 1 runs - GPU latency: 4.23047 ms - Host latency: 4.30859 ms (enqueue 2.04297 ms)
[10/04/2026-22:12:40] [I] Average on 1 runs - GPU latency: 4.23242 ms - Host latency: 4.3125 ms (enqueue 2.07617 ms)
[10/04/2026-22:12:40] [I] Average on 1 runs - GPU latency: 4.22852 ms - Host latency: 4.30273 ms (enqueue 2.09375 ms)
[10/04/2026-22:12:40] [I] Average on 1 runs - GPU latency: 4.23438 ms - Host latency: 4.3125 ms (enqueue 2.11719 ms)
[10/04/2026-22:12:40] [I] Average on 1 runs - GPU latency: 4.22852 ms - Host latency: 4.30664 ms (enqueue 2.08594 ms)
[10/04/2026-22:12:40] [I] Average on 1 runs - GPU latency: 4.23438 ms - Host latency: 4.3125 ms (enqueue 2.09766 ms)
[10/04/2026-22:12:40] [I] Average on 1 runs - GPU latency: 4.22852 ms - Host latency: 4.3125 ms (enqueue 2.07812 ms)
[10/04/2026-22:12:40] [I] Average on 1 runs - GPU latency: 4.22852 ms - Host latency: 4.30859 ms (enqueue 2.11133 ms)
[10/04/2026-22:12:40] [I] Average on 1 runs - GPU latency: 4.22656 ms - Host latency: 4.30078 ms (enqueue 2.08789 ms)
[10/04/2026-22:12:40] [I] Average on 1 runs - GPU latency: 4.22852 ms - Host latency: 4.30469 ms (enqueue 2.08789 ms)
[10/04/2026-22:12:40] [I] Average on 1 runs - GPU latency: 4.22852 ms - Host latency: 4.30859 ms (enqueue 2.05469 ms)
[10/04/2026-22:12:40] [I] Average on 1 runs - GPU latency: 4.23242 ms - Host latency: 4.31055 ms (enqueue 2.03906 ms)
[10/04/2026-22:12:40] [I] Average on 1 runs - GPU latency: 4.22656 ms - Host latency: 4.30273 ms (enqueue 2.04102 ms)
[10/04/2026-22:12:40] [I] Average on 1 runs - GPU latency: 4.22852 ms - Host latency: 4.30078 ms (enqueue 2.02148 ms)
[10/04/2026-22:12:40] [I] Average on 1 runs - GPU latency: 4.22852 ms - Host latency: 4.30664 ms (enqueue 2.00781 ms)
[10/04/2026-22:12:40] [I] Average on 1 runs - GPU latency: 4.22656 ms - Host latency: 4.29883 ms (enqueue 2.02148 ms)
[10/04/2026-22:12:40] [I] Average on 1 runs - GPU latency: 4.2207 ms - Host latency: 4.30078 ms (enqueue 2.02148 ms)
[10/04/2026-22:12:40] [I] Average on 1 runs - GPU latency: 4.23047 ms - Host latency: 4.30664 ms (enqueue 2.02344 ms)
[10/04/2026-22:12:40] [I] Average on 1 runs - GPU latency: 4.22656 ms - Host latency: 4.30469 ms (enqueue 2.01562 ms)
[10/04/2026-22:12:40] [I] Average on 1 runs - GPU latency: 4.23047 ms - Host latency: 4.31445 ms (enqueue 2.05664 ms)
[10/04/2026-22:12:40] [I] Average on 1 runs - GPU latency: 4.23047 ms - Host latency: 4.3125 ms (enqueue 2.08398 ms)
[10/04/2026-22:12:40] [I] Average on 1 runs - GPU latency: 4.23047 ms - Host latency: 4.30469 ms (enqueue 2.08594 ms)
[10/04/2026-22:12:40] [I] Average on 1 runs - GPU latency: 4.22656 ms - Host latency: 4.30273 ms (enqueue 2.11328 ms)
[10/04/2026-22:12:40] [I] Average on 1 runs - GPU latency: 4.22656 ms - Host latency: 4.30273 ms (enqueue 2.07031 ms)
[10/04/2026-22:12:40] [I] Average on 1 runs - GPU latency: 4.22266 ms - Host latency: 4.29883 ms (enqueue 2.09961 ms)
[10/04/2026-22:12:40] [I] Average on 1 runs - GPU latency: 4.23047 ms - Host latency: 4.30273 ms (enqueue 2.07812 ms)
[10/04/2026-22:12:40] [I] Average on 1 runs - GPU latency: 4.22461 ms - Host latency: 4.30469 ms (enqueue 2.09375 ms)
[10/04/2026-22:12:40] [I] Average on 1 runs - GPU latency: 4.2207 ms - Host latency: 4.29297 ms (enqueue 2.03906 ms)
[10/04/2026-22:12:40] [I] Average on 1 runs - GPU latency: 4.22461 ms - Host latency: 4.30664 ms (enqueue 2.0332 ms)
[10/04/2026-22:12:40] [I] Average on 1 runs - GPU latency: 4.23047 ms - Host latency: 4.30859 ms (enqueue 2.03711 ms)
[10/04/2026-22:12:40] [I] Average on 1 runs - GPU latency: 4.22852 ms - Host latency: 4.31055 ms (enqueue 2.0293 ms)
[10/04/2026-22:12:40] [I] Average on 1 runs - GPU latency: 4.23633 ms - Host latency: 4.31445 ms (enqueue 2.04102 ms)
[10/04/2026-22:12:40] [I] Average on 1 runs - GPU latency: 4.2207 ms - Host latency: 4.30078 ms (enqueue 2.0293 ms)
[10/04/2026-22:12:40] [I] Average on 1 runs - GPU latency: 4.23438 ms - Host latency: 4.3125 ms (enqueue 2.02539 ms)
[10/04/2026-22:12:40] [I] Average on 1 runs - GPU latency: 4.23828 ms - Host latency: 4.31836 ms (enqueue 2.04102 ms)
[10/04/2026-22:12:40] [I] Average on 1 runs - GPU latency: 4.22266 ms - Host latency: 4.30469 ms (enqueue 2.0293 ms)
[10/04/2026-22:12:40] [I] Average on 1 runs - GPU latency: 4.23828 ms - Host latency: 4.31641 ms (enqueue 2.10156 ms)
[10/04/2026-22:12:40] [I] Average on 1 runs - GPU latency: 4.22461 ms - Host latency: 4.30469 ms (enqueue 2.125 ms)
[10/04/2026-22:12:40] [I] Average on 1 runs - GPU latency: 4.24023 ms - Host latency: 4.31836 ms (enqueue 2.09766 ms)
[10/04/2026-22:12:40] [I] Average on 1 runs - GPU latency: 4.25977 ms - Host latency: 4.33984 ms (enqueue 2.08203 ms)
[10/04/2026-22:12:40] [I] Average on 1 runs - GPU latency: 4.23047 ms - Host latency: 4.31836 ms (enqueue 2.0957 ms)
[10/04/2026-22:12:40] [I] Average on 1 runs - GPU latency: 4.23633 ms - Host latency: 4.31641 ms (enqueue 2.10547 ms)
[10/04/2026-22:12:40] [I] Average on 1 runs - GPU latency: 4.24219 ms - Host latency: 4.31641 ms (enqueue 2.08984 ms)
[10/04/2026-22:12:40] [I] Average on 1 runs - GPU latency: 4.23438 ms - Host latency: 4.30664 ms (enqueue 2.10156 ms)
[10/04/2026-22:12:40] [I] Average on 1 runs - GPU latency: 4.24219 ms - Host latency: 4.31445 ms (enqueue 2.04688 ms)
[10/04/2026-22:12:40] [I] Average on 1 runs - GPU latency: 4.24219 ms - Host latency: 4.32031 ms (enqueue 2.03906 ms)
[10/04/2026-22:12:40] [I] Average on 1 runs - GPU latency: 4.24023 ms - Host latency: 4.31641 ms (enqueue 2.03711 ms)
[10/04/2026-22:12:40] [I] Average on 1 runs - GPU latency: 4.23242 ms - Host latency: 4.3125 ms (enqueue 2.05469 ms)
[10/04/2026-22:12:40] [I] Average on 1 runs - GPU latency: 4.23633 ms - Host latency: 4.31055 ms (enqueue 2.03906 ms)
[10/04/2026-22:12:40] [I] Average on 1 runs - GPU latency: 4.22656 ms - Host latency: 4.30273 ms (enqueue 2.04492 ms)
[10/04/2026-22:12:40] [I] Average on 1 runs - GPU latency: 4.22461 ms - Host latency: 4.30469 ms (enqueue 2.04102 ms)
[10/04/2026-22:12:40] [I] Average on 1 runs - GPU latency: 4.23047 ms - Host latency: 4.31641 ms (enqueue 2.04102 ms)
[10/04/2026-22:12:40] [I] Average on 1 runs - GPU latency: 4.22266 ms - Host latency: 4.29883 ms (enqueue 2.07227 ms)
[10/04/2026-22:12:40] [I] Average on 1 runs - GPU latency: 4.23242 ms - Host latency: 4.31055 ms (enqueue 2.06836 ms)
[10/04/2026-22:12:40] [I] Average on 1 runs - GPU latency: 4.23828 ms - Host latency: 4.31055 ms (enqueue 2.10742 ms)
[10/04/2026-22:12:40] [I] Average on 1 runs - GPU latency: 4.23047 ms - Host latency: 4.31445 ms (enqueue 2.13086 ms)
[10/04/2026-22:12:40] [I] Average on 1 runs - GPU latency: 4.23047 ms - Host latency: 4.30469 ms (enqueue 2.11328 ms)
[10/04/2026-22:12:40] [I] Average on 1 runs - GPU latency: 4.23828 ms - Host latency: 4.3125 ms (enqueue 2.08203 ms)
[10/04/2026-22:12:40] [I] Average on 1 runs - GPU latency: 4.22461 ms - Host latency: 4.30273 ms (enqueue 2.11328 ms)
[10/04/2026-22:12:40] [I] Average on 1 runs - GPU latency: 4.23438 ms - Host latency: 4.30859 ms (enqueue 2.125 ms)
[10/04/2026-22:12:40] [I] Average on 1 runs - GPU latency: 4.23047 ms - Host latency: 4.30469 ms (enqueue 2.09961 ms)
[10/04/2026-22:12:40] [I] Average on 1 runs - GPU latency: 4.2168 ms - Host latency: 4.29297 ms (enqueue 2.05078 ms)
[10/04/2026-22:12:40] [I] Average on 1 runs - GPU latency: 4.22656 ms - Host latency: 4.30469 ms (enqueue 2.06055 ms)
[10/04/2026-22:12:40] [I] Average on 1 runs - GPU latency: 4.22461 ms - Host latency: 4.30664 ms (enqueue 2.04102 ms)
[10/04/2026-22:12:40] [I] Average on 1 runs - GPU latency: 4.22656 ms - Host latency: 4.29688 ms (enqueue 2.03906 ms)
[10/04/2026-22:12:40] [I] Average on 1 runs - GPU latency: 4.23633 ms - Host latency: 4.31445 ms (enqueue 2.03906 ms)
[10/04/2026-22:12:40] [I] Average on 1 runs - GPU latency: 4.22852 ms - Host latency: 4.3125 ms (enqueue 2.04492 ms)
[10/04/2026-22:12:40] [I] Average on 1 runs - GPU latency: 4.22656 ms - Host latency: 4.30273 ms (enqueue 2.04883 ms)
[10/04/2026-22:12:40] [I] Average on 1 runs - GPU latency: 4.22656 ms - Host latency: 4.30664 ms (enqueue 2.03906 ms)
[10/04/2026-22:12:40] [I] Average on 1 runs - GPU latency: 4.22461 ms - Host latency: 4.30664 ms (enqueue 2.04297 ms)
[10/04/2026-22:12:40] [I] Average on 1 runs - GPU latency: 4.22461 ms - Host latency: 4.30469 ms (enqueue 2.08008 ms)
[10/04/2026-22:12:40] [I] Average on 1 runs - GPU latency: 4.22656 ms - Host latency: 4.30273 ms (enqueue 2.10156 ms)
[10/04/2026-22:12:40] [I] Average on 1 runs - GPU latency: 4.23242 ms - Host latency: 4.31445 ms (enqueue 2.09961 ms)
[10/04/2026-22:12:40] [I] Average on 1 runs - GPU latency: 4.23047 ms - Host latency: 4.30859 ms (enqueue 2.10742 ms)
[10/04/2026-22:12:40] [I] Average on 1 runs - GPU latency: 4.2207 ms - Host latency: 4.29883 ms (enqueue 2.08984 ms)
[10/04/2026-22:12:40] [I] Average on 1 runs - GPU latency: 4.22461 ms - Host latency: 4.30078 ms (enqueue 2.11914 ms)
[10/04/2026-22:12:40] [I] Average on 1 runs - GPU latency: 4.22656 ms - Host latency: 4.30273 ms (enqueue 2.08789 ms)
[10/04/2026-22:12:40] [I] Average on 1 runs - GPU latency: 4.22656 ms - Host latency: 4.30078 ms (enqueue 2.10156 ms)
[10/04/2026-22:12:40] [I] Average on 1 runs - GPU latency: 4.23047 ms - Host latency: 4.30469 ms (enqueue 2.07227 ms)
[10/04/2026-22:12:40] [I] Average on 1 runs - GPU latency: 4.22852 ms - Host latency: 4.31055 ms (enqueue 2.05664 ms)
[10/04/2026-22:12:40] [I] Average on 1 runs - GPU latency: 4.23047 ms - Host latency: 4.30664 ms (enqueue 2.04883 ms)
[10/04/2026-22:12:40] [I] Average on 1 runs - GPU latency: 4.22461 ms - Host latency: 4.30859 ms (enqueue 2.05078 ms)
[10/04/2026-22:12:40] [I] Average on 1 runs - GPU latency: 4.22461 ms - Host latency: 4.30273 ms (enqueue 2.05078 ms)
[10/04/2026-22:12:40] [I] Average on 1 runs - GPU latency: 4.22656 ms - Host latency: 4.30469 ms (enqueue 2.04102 ms)
[10/04/2026-22:12:40] [I] Average on 1 runs - GPU latency: 4.23047 ms - Host latency: 4.31055 ms (enqueue 2.05078 ms)
[10/04/2026-22:12:40] [I] Average on 1 runs - GPU latency: 4.22266 ms - Host latency: 4.30078 ms (enqueue 2.04492 ms)
[10/04/2026-22:12:40] [I] Average on 1 runs - GPU latency: 4.22656 ms - Host latency: 4.30273 ms (enqueue 2.04492 ms)
[10/04/2026-22:12:40] [I] Average on 1 runs - GPU latency: 4.22656 ms - Host latency: 4.30469 ms (enqueue 2.0918 ms)
[10/04/2026-22:12:40] [I] Average on 1 runs - GPU latency: 4.23047 ms - Host latency: 4.30273 ms (enqueue 2.09961 ms)
[10/04/2026-22:12:40] [I] Average on 1 runs - GPU latency: 4.22852 ms - Host latency: 4.30469 ms (enqueue 2.07812 ms)
[10/04/2026-22:12:40] [I] Average on 1 runs - GPU latency: 4.23047 ms - Host latency: 4.30859 ms (enqueue 2.07812 ms)
[10/04/2026-22:12:40] [I] Average on 1 runs - GPU latency: 4.23047 ms - Host latency: 4.30273 ms (enqueue 2.08594 ms)
[10/04/2026-22:12:40] [I] Average on 1 runs - GPU latency: 4.22852 ms - Host latency: 4.30859 ms (enqueue 2.09766 ms)
[10/04/2026-22:12:40] [I] Average on 1 runs - GPU latency: 4.23242 ms - Host latency: 4.30273 ms (enqueue 2.12891 ms)
[10/04/2026-22:12:40] [I] Average on 1 runs - GPU latency: 4.22266 ms - Host latency: 4.30078 ms (enqueue 2.10742 ms)
[10/04/2026-22:12:40] [I] Average on 1 runs - GPU latency: 4.23242 ms - Host latency: 4.31055 ms (enqueue 2.07812 ms)
[10/04/2026-22:12:40] [I] Average on 1 runs - GPU latency: 4.22266 ms - Host latency: 4.30078 ms (enqueue 2.03711 ms)
[10/04/2026-22:12:40] [I] Average on 1 runs - GPU latency: 4.22852 ms - Host latency: 4.30664 ms (enqueue 2.04297 ms)
[10/04/2026-22:12:40] [I] Average on 1 runs - GPU latency: 4.22461 ms - Host latency: 4.29883 ms (enqueue 2.0332 ms)
[10/04/2026-22:12:40] [I] Average on 1 runs - GPU latency: 4.21875 ms - Host latency: 4.30078 ms (enqueue 1.99609 ms)
[10/04/2026-22:12:40] [I] Average on 1 runs - GPU latency: 4.22656 ms - Host latency: 4.30859 ms (enqueue 2.01562 ms)
[10/04/2026-22:12:40] [I] Average on 1 runs - GPU latency: 4.22852 ms - Host latency: 4.30664 ms (enqueue 2.00781 ms)
[10/04/2026-22:12:40] [I] Average on 1 runs - GPU latency: 4.23047 ms - Host latency: 4.31055 ms (enqueue 2.01172 ms)
[10/04/2026-22:12:40] [I] Average on 1 runs - GPU latency: 4.2168 ms - Host latency: 4.29297 ms (enqueue 2.03711 ms)
[10/04/2026-22:12:40] [I] Average on 1 runs - GPU latency: 4.23438 ms - Host latency: 4.3125 ms (enqueue 2.04102 ms)
[10/04/2026-22:12:40] [I] Average on 1 runs - GPU latency: 4.22656 ms - Host latency: 4.30664 ms (enqueue 2.09766 ms)
[10/04/2026-22:12:40] [I] Average on 1 runs - GPU latency: 4.22461 ms - Host latency: 4.30273 ms (enqueue 2.10742 ms)
[10/04/2026-22:12:40] [I] Average on 1 runs - GPU latency: 4.23047 ms - Host latency: 4.3125 ms (enqueue 2.09961 ms)
[10/04/2026-22:12:40] [I] Average on 1 runs - GPU latency: 4.22461 ms - Host latency: 4.30664 ms (enqueue 2.07812 ms)
[10/04/2026-22:12:40] [I] Average on 1 runs - GPU latency: 4.22852 ms - Host latency: 4.30469 ms (enqueue 2.07227 ms)
[10/04/2026-22:12:40] [I] Average on 1 runs - GPU latency: 4.23242 ms - Host latency: 4.3125 ms (enqueue 2.10547 ms)
[10/04/2026-22:12:40] [I] Average on 1 runs - GPU latency: 4.22656 ms - Host latency: 4.29883 ms (enqueue 2.08203 ms)
[10/04/2026-22:12:40] [I] Average on 1 runs - GPU latency: 4.22656 ms - Host latency: 4.30859 ms (enqueue 2.0957 ms)
[10/04/2026-22:12:40] [I] Average on 1 runs - GPU latency: 4.2207 ms - Host latency: 4.30859 ms (enqueue 2.03516 ms)
[10/04/2026-22:12:40] [I] Average on 1 runs - GPU latency: 4.22852 ms - Host latency: 4.30859 ms (enqueue 2.03125 ms)
[10/04/2026-22:12:40] [I] Average on 1 runs - GPU latency: 4.22461 ms - Host latency: 4.29883 ms (enqueue 2.0293 ms)
[10/04/2026-22:12:40] [I] Average on 1 runs - GPU latency: 4.23242 ms - Host latency: 4.3125 ms (enqueue 2.03516 ms)
[10/04/2026-22:12:40] [I] Average on 1 runs - GPU latency: 4.22656 ms - Host latency: 4.30273 ms (enqueue 2.02539 ms)
[10/04/2026-22:12:40] [I] Average on 1 runs - GPU latency: 4.23438 ms - Host latency: 4.31641 ms (enqueue 2.04688 ms)
[10/04/2026-22:12:40] [I] Average on 1 runs - GPU latency: 4.22266 ms - Host latency: 4.30078 ms (enqueue 2.0332 ms)
[10/04/2026-22:12:40] [I] Average on 1 runs - GPU latency: 4.22656 ms - Host latency: 4.30664 ms (enqueue 2.0332 ms)
[10/04/2026-22:12:40] [I] Average on 1 runs - GPU latency: 4.22656 ms - Host latency: 4.30859 ms (enqueue 2.0293 ms)
[10/04/2026-22:12:40] [I] Average on 1 runs - GPU latency: 4.22656 ms - Host latency: 4.30859 ms (enqueue 2.08008 ms)
[10/04/2026-22:12:40] [I] Average on 1 runs - GPU latency: 4.22266 ms - Host latency: 4.30664 ms (enqueue 2.08984 ms)
[10/04/2026-22:12:40] [I] Average on 1 runs - GPU latency: 4.23633 ms - Host latency: 4.32031 ms (enqueue 2.10352 ms)
[10/04/2026-22:12:40] [I] Average on 1 runs - GPU latency: 4.22852 ms - Host latency: 4.29883 ms (enqueue 2.08984 ms)
[10/04/2026-22:12:40] [I] Average on 1 runs - GPU latency: 4.22852 ms - Host latency: 4.30664 ms (enqueue 2.07422 ms)
[10/04/2026-22:12:40] [I] Average on 1 runs - GPU latency: 4.22656 ms - Host latency: 4.30664 ms (enqueue 2.07812 ms)
[10/04/2026-22:12:40] [I] Average on 1 runs - GPU latency: 4.22461 ms - Host latency: 4.30273 ms (enqueue 2.10547 ms)
[10/04/2026-22:12:40] [I] Average on 1 runs - GPU latency: 4.23242 ms - Host latency: 4.31055 ms (enqueue 2.09766 ms)
[10/04/2026-22:12:40] [I] Average on 1 runs - GPU latency: 4.25195 ms - Host latency: 4.33398 ms (enqueue 2.07422 ms)
[10/04/2026-22:12:40] [I] Average on 1 runs - GPU latency: 4.22461 ms - Host latency: 4.30273 ms (enqueue 2.04688 ms)
[10/04/2026-22:12:40] [I] Average on 1 runs - GPU latency: 4.23438 ms - Host latency: 4.3125 ms (enqueue 2.03906 ms)
[10/04/2026-22:12:40] [I] Average on 1 runs - GPU latency: 4.23242 ms - Host latency: 4.31055 ms (enqueue 2.04688 ms)
[10/04/2026-22:12:40] [I] Average on 1 runs - GPU latency: 4.23047 ms - Host latency: 4.30859 ms (enqueue 2.04492 ms)
[10/04/2026-22:12:40] [I] Average on 1 runs - GPU latency: 4.23047 ms - Host latency: 4.32031 ms (enqueue 2.05273 ms)
[10/04/2026-22:12:40] [I] Average on 1 runs - GPU latency: 4.22656 ms - Host latency: 4.30469 ms (enqueue 2.04883 ms)
[10/04/2026-22:12:40] [I] Average on 1 runs - GPU latency: 4.23047 ms - Host latency: 4.31445 ms (enqueue 2.04102 ms)
[10/04/2026-22:12:40] [I] Average on 1 runs - GPU latency: 4.22656 ms - Host latency: 4.30469 ms (enqueue 2.04297 ms)
[10/04/2026-22:12:40] [I] Average on 1 runs - GPU latency: 4.22852 ms - Host latency: 4.30859 ms (enqueue 2.0918 ms)
[10/04/2026-22:12:40] [I] Average on 1 runs - GPU latency: 4.23438 ms - Host latency: 4.30664 ms (enqueue 2.10938 ms)
[10/04/2026-22:12:40] [I] Average on 1 runs - GPU latency: 4.22852 ms - Host latency: 4.30859 ms (enqueue 2.07812 ms)
[10/04/2026-22:12:40] [I] Average on 1 runs - GPU latency: 4.25391 ms - Host latency: 4.33203 ms (enqueue 2.11523 ms)
[10/04/2026-22:12:40] [I] Average on 1 runs - GPU latency: 4.22852 ms - Host latency: 4.31055 ms (enqueue 2.05859 ms)
[10/04/2026-22:12:40] [I] Average on 1 runs - GPU latency: 4.22656 ms - Host latency: 4.30469 ms (enqueue 2.06836 ms)
[10/04/2026-22:12:40] [I] Average on 1 runs - GPU latency: 4.22461 ms - Host latency: 4.29883 ms (enqueue 2.07812 ms)
[10/04/2026-22:12:40] [I] Average on 1 runs - GPU latency: 4.22656 ms - Host latency: 4.29688 ms (enqueue 2.08398 ms)
[10/04/2026-22:12:40] [I] Average on 1 runs - GPU latency: 4.23047 ms - Host latency: 4.30664 ms (enqueue 2.08008 ms)
[10/04/2026-22:12:40] [I] Average on 1 runs - GPU latency: 4.22852 ms - Host latency: 4.30469 ms (enqueue 2.04102 ms)
[10/04/2026-22:12:40] [I] Average on 1 runs - GPU latency: 4.22656 ms - Host latency: 4.30469 ms (enqueue 2.04102 ms)
[10/04/2026-22:12:40] [I] Average on 1 runs - GPU latency: 4.23438 ms - Host latency: 4.30859 ms (enqueue 2.0332 ms)
[10/04/2026-22:12:40] [I] Average on 1 runs - GPU latency: 4.22852 ms - Host latency: 4.30859 ms (enqueue 2.04102 ms)
[10/04/2026-22:12:40] [I] Average on 1 runs - GPU latency: 4.23047 ms - Host latency: 4.30273 ms (enqueue 2.03125 ms)
[10/04/2026-22:12:40] [I] Average on 1 runs - GPU latency: 4.23438 ms - Host latency: 4.31055 ms (enqueue 2.03711 ms)
[10/04/2026-22:12:40] [I] Average on 1 runs - GPU latency: 4.24219 ms - Host latency: 4.32031 ms (enqueue 2.02734 ms)
[10/04/2026-22:12:40] [I] Average on 1 runs - GPU latency: 4.23633 ms - Host latency: 4.31445 ms (enqueue 2.04102 ms)
[10/04/2026-22:12:40] [I] Average on 1 runs - GPU latency: 4.23633 ms - Host latency: 4.32031 ms (enqueue 2.08398 ms)
[10/04/2026-22:12:40] [I] Average on 1 runs - GPU latency: 4.22852 ms - Host latency: 4.30273 ms (enqueue 2.08398 ms)
[10/04/2026-22:12:40] [I] Average on 1 runs - GPU latency: 4.23047 ms - Host latency: 4.31055 ms (enqueue 2.10742 ms)
[10/04/2026-22:12:40] [I] Average on 1 runs - GPU latency: 4.23047 ms - Host latency: 4.30664 ms (enqueue 2.0918 ms)
[10/04/2026-22:12:40] [I] Average on 1 runs - GPU latency: 4.22656 ms - Host latency: 4.29883 ms (enqueue 2.0918 ms)
[10/04/2026-22:12:40] [I] Average on 1 runs - GPU latency: 4.22852 ms - Host latency: 4.30273 ms (enqueue 2.07422 ms)
[10/04/2026-22:12:40] [I] Average on 1 runs - GPU latency: 4.23047 ms - Host latency: 4.30664 ms (enqueue 2.08789 ms)
[10/04/2026-22:12:40] [I] Average on 1 runs - GPU latency: 4.22461 ms - Host latency: 4.30273 ms (enqueue 2.10352 ms)
[10/04/2026-22:12:40] [I] Average on 1 runs - GPU latency: 4.22656 ms - Host latency: 4.30469 ms (enqueue 2.08008 ms)
[10/04/2026-22:12:40] [I] Average on 1 runs - GPU latency: 4.22852 ms - Host latency: 4.30859 ms (enqueue 2.04102 ms)
[10/04/2026-22:12:40] [I] Average on 1 runs - GPU latency: 4.22266 ms - Host latency: 4.29492 ms (enqueue 2.02734 ms)
[10/04/2026-22:12:40] [I] Average on 1 runs - GPU latency: 4.25391 ms - Host latency: 4.33008 ms (enqueue 2.01172 ms)
[10/04/2026-22:12:40] [I] Average on 1 runs - GPU latency: 4.24805 ms - Host latency: 4.33203 ms (enqueue 2.01758 ms)
[10/04/2026-22:12:40] [I] Average on 1 runs - GPU latency: 4.22852 ms - Host latency: 4.30664 ms (enqueue 2.0293 ms)
[10/04/2026-22:12:40] [I] Average on 1 runs - GPU latency: 4.22852 ms - Host latency: 4.30469 ms (enqueue 2.04883 ms)
[10/04/2026-22:12:40] [I] Average on 1 runs - GPU latency: 4.23047 ms - Host latency: 4.30078 ms (enqueue 2.03906 ms)
[10/04/2026-22:12:40] [I] Average on 1 runs - GPU latency: 4.23633 ms - Host latency: 4.3125 ms (enqueue 2.04883 ms)
[10/04/2026-22:12:40] [I] Average on 1 runs - GPU latency: 4.23047 ms - Host latency: 4.30859 ms (enqueue 2.08203 ms)
[10/04/2026-22:12:40] [I] Average on 1 runs - GPU latency: 4.22852 ms - Host latency: 4.30859 ms (enqueue 2.0957 ms)
[10/04/2026-22:12:40] [I] Average on 1 runs - GPU latency: 4.23242 ms - Host latency: 4.3125 ms (enqueue 2.11328 ms)
[10/04/2026-22:12:40] [I] Average on 1 runs - GPU latency: 4.23438 ms - Host latency: 4.3125 ms (enqueue 2.08203 ms)
[10/04/2026-22:12:40] [I] Average on 1 runs - GPU latency: 4.21094 ms - Host latency: 4.28906 ms (enqueue 2.09766 ms)
[10/04/2026-22:12:40] [I] 
[10/04/2026-22:12:40] [I] === Performance summary ===
[10/04/2026-22:12:40] [I] Throughput: 236.202 qps
[10/04/2026-22:12:40] [I] Latency: min = 4.28662 ms, max = 4.38403 ms, mean = 4.30728 ms, median = 4.30664 ms, percentile(90%) = 4.31494 ms, percentile(95%) = 4.31885 ms, percentile(99%) = 4.33105 ms
[10/04/2026-22:12:40] [I] Enqueue Time: min = 1.9834 ms, max = 2.66064 ms, mean = 2.07488 ms, median = 2.06738 ms, percentile(90%) = 2.11523 ms, percentile(95%) = 2.14648 ms, percentile(99%) = 2.3042 ms
[10/04/2026-22:12:40] [I] H2D Latency: min = 0.0605469 ms, max = 0.127441 ms, mean = 0.071206 ms, median = 0.0712891 ms, percentile(90%) = 0.0751953 ms, percentile(95%) = 0.0771484 ms, percentile(99%) = 0.0800781 ms
[10/04/2026-22:12:40] [I] GPU Compute Time: min = 4.21094 ms, max = 4.2915 ms, mean = 4.22962 ms, median = 4.229 ms, percentile(90%) = 4.23584 ms, percentile(95%) = 4.23877 ms, percentile(99%) = 4.24951 ms
[10/04/2026-22:12:40] [I] D2H Latency: min = 0.00390625 ms, max = 0.0117188 ms, mean = 0.00646394 ms, median = 0.00585938 ms, percentile(90%) = 0.00878906 ms, percentile(95%) = 0.00878906 ms, percentile(99%) = 0.00976562 ms
[10/04/2026-22:12:40] [I] Total Host Walltime: 15.0126 s
[10/04/2026-22:12:40] [I] Total GPU Compute Time: 14.9982 s
[10/04/2026-22:12:40] [I] Explanations of the performance metrics are printed in the verbose logs.
[10/04/2026-22:12:40] [I] 
&&&& PASSED TensorRT.trtexec [TensorRT v100300] # /usr/src/tensorrt/bin/trtexec --loadEngine=/tmp/yolo26n_84172_uint8_fp16_opt3.engine --warmUp=3000 --duration=15 --idleTime=1 --avgRuns=1
