&&&& RUNNING TensorRT.trtexec [TensorRT v100300] # /usr/src/tensorrt/bin/trtexec --loadEngine=/tmp/engines/y26s_640_uint8_opt3.engine --warmUp=3000 --duration=15 --idleTime=0 --avgRuns=1
[10/04/2026-22:14:42] [I] === Model Options ===
[10/04/2026-22:14:42] [I] Format: *
[10/04/2026-22:14:42] [I] Model: 
[10/04/2026-22:14:42] [I] Output:
[10/04/2026-22:14:42] [I] 
[10/04/2026-22:14:42] [I] === System Options ===
[10/04/2026-22:14:42] [I] Device: 0
[10/04/2026-22:14:42] [I] DLACore: 
[10/04/2026-22:14:42] [I] Plugins:
[10/04/2026-22:14:42] [I] setPluginsToSerialize:
[10/04/2026-22:14:42] [I] dynamicPlugins:
[10/04/2026-22:14:42] [I] ignoreParsedPluginLibs: 0
[10/04/2026-22:14:42] [I] 
[10/04/2026-22:14:42] [I] === Inference Options ===
[10/04/2026-22:14:42] [I] Batch: Explicit
[10/04/2026-22:14:42] [I] Input inference shapes: model
[10/04/2026-22:14:42] [I] Iterations: 10
[10/04/2026-22:14:42] [I] Duration: 15s (+ 3000ms warm up)
[10/04/2026-22:14:42] [I] Sleep time: 0ms
[10/04/2026-22:14:42] [I] Idle time: 0ms
[10/04/2026-22:14:42] [I] Inference Streams: 1
[10/04/2026-22:14:42] [I] ExposeDMA: Disabled
[10/04/2026-22:14:42] [I] Data transfers: Enabled
[10/04/2026-22:14:42] [I] Spin-wait: Disabled
[10/04/2026-22:14:42] [I] Multithreading: Disabled
[10/04/2026-22:14:42] [I] CUDA Graph: Disabled
[10/04/2026-22:14:42] [I] Separate profiling: Disabled
[10/04/2026-22:14:42] [I] Time Deserialize: Disabled
[10/04/2026-22:14:42] [I] Time Refit: Disabled
[10/04/2026-22:14:42] [I] NVTX verbosity: 0
[10/04/2026-22:14:42] [I] Persistent Cache Ratio: 0
[10/04/2026-22:14:42] [I] Optimization Profile Index: 0
[10/04/2026-22:14:42] [I] Weight Streaming Budget: 100.000000%
[10/04/2026-22:14:42] [I] Inputs:
[10/04/2026-22:14:42] [I] Debug Tensor Save Destinations:
[10/04/2026-22:14:42] [I] === Reporting Options ===
[10/04/2026-22:14:42] [I] Verbose: Disabled
[10/04/2026-22:14:42] [I] Averages: 1 inferences
[10/04/2026-22:14:42] [I] Percentiles: 90,95,99
[10/04/2026-22:14:42] [I] Dump refittable layers:Disabled
[10/04/2026-22:14:42] [I] Dump output: Disabled
[10/04/2026-22:14:42] [I] Profile: Disabled
[10/04/2026-22:14:42] [I] Export timing to JSON file: 
[10/04/2026-22:14:42] [I] Export output to JSON file: 
[10/04/2026-22:14:42] [I] Export profile to JSON file: 
[10/04/2026-22:14:42] [I] 
[10/04/2026-22:14:42] [I] === Device Information ===
[10/04/2026-22:14:42] [I] Available Devices: 
[10/04/2026-22:14:42] [I]   Device 0: "Orin" UUID: GPU-6e16c2c1-e394-5324-8f2e-63a975968f4e
[10/04/2026-22:14:42] [I] Selected Device: Orin
[10/04/2026-22:14:42] [I] Selected Device ID: 0
[10/04/2026-22:14:42] [I] Selected Device UUID: GPU-6e16c2c1-e394-5324-8f2e-63a975968f4e
[10/04/2026-22:14:42] [I] Compute Capability: 8.7
[10/04/2026-22:14:42] [I] SMs: 8
[10/04/2026-22:14:42] [I] Device Global Memory: 7607 MiB
[10/04/2026-22:14:42] [I] Shared Memory per SM: 164 KiB
[10/04/2026-22:14:42] [I] Memory Bus Width: 128 bits (ECC disabled)
[10/04/2026-22:14:42] [I] Application Compute Clock Rate: 1.02 GHz
[10/04/2026-22:14:42] [I] Application Memory Clock Rate: 1.02 GHz
[10/04/2026-22:14:42] [I] 
[10/04/2026-22:14:42] [I] Note: The application clock rates do not reflect the actual clock rates that the GPU is currently running at.
[10/04/2026-22:14:42] [I] 
[10/04/2026-22:14:42] [I] TensorRT version: 10.3.0
[10/04/2026-22:14:42] [I] Loading standard plugins
[10/04/2026-22:14:42] [I] [TRT] Loaded engine size: 21 MiB
[10/04/2026-22:14:42] [I] Engine deserialized in 0.0798917 sec.
[10/04/2026-22:14:42] [I] [TRT] [MemUsageChange] TensorRT-managed allocation in IExecutionContext creation: CPU +0, GPU +18, now: CPU 0, GPU 36 (MiB)
[10/04/2026-22:14:42] [I] Setting persistentCacheLimit to 0 bytes.
[10/04/2026-22:14:42] [I] Created execution context with device memory size: 18.1641 MiB
[10/04/2026-22:14:42] [I] Using random values for input images
[10/04/2026-22:14:42] [I] Input binding for images with dimensions 1x640x640x3 is created.
[10/04/2026-22:14:42] [I] Output binding for output0 with dimensions 1x300x6 is created.
[10/04/2026-22:14:42] [I] Starting inference
[10/04/2026-22:15:00] [I] Warmup completed 435 queries over 3000 ms
[10/04/2026-22:15:00] [I] Timing trace has 2208 queries over 15.0226 s
[10/04/2026-22:15:00] [I] 
[10/04/2026-22:15:00] [I] === Trace details ===
[10/04/2026-22:15:00] [I] Trace averages of 1 runs:
[10/04/2026-22:15:00] [I] Average on 1 runs - GPU latency: 6.7998 ms - Host latency: 6.94653 ms (enqueue 2.05005 ms)
[10/04/2026-22:15:00] [I] Average on 1 runs - GPU latency: 6.80371 ms - Host latency: 6.94287 ms (enqueue 2.01904 ms)
[10/04/2026-22:15:00] [I] Average on 1 runs - GPU latency: 6.80029 ms - Host latency: 6.96606 ms (enqueue 2.07617 ms)
[10/04/2026-22:15:00] [I] Average on 1 runs - GPU latency: 6.80396 ms - Host latency: 6.94043 ms (enqueue 2.09424 ms)
[10/04/2026-22:15:00] [I] Average on 1 runs - GPU latency: 6.79346 ms - Host latency: 6.92505 ms (enqueue 2.02832 ms)
[10/04/2026-22:15:00] [I] Average on 1 runs - GPU latency: 6.79932 ms - Host latency: 6.93799 ms (enqueue 2.02319 ms)
[10/04/2026-22:15:00] [I] Average on 1 runs - GPU latency: 6.79395 ms - Host latency: 6.92163 ms (enqueue 2.09741 ms)
[10/04/2026-22:15:00] [I] Average on 1 runs - GPU latency: 6.78979 ms - Host latency: 6.91479 ms (enqueue 2.03369 ms)
[10/04/2026-22:15:00] [I] Average on 1 runs - GPU latency: 6.78931 ms - Host latency: 6.91211 ms (enqueue 2.02783 ms)
[10/04/2026-22:15:00] [I] Average on 1 runs - GPU latency: 6.79736 ms - Host latency: 6.9248 ms (enqueue 2.06226 ms)
[10/04/2026-22:15:00] [I] Average on 1 runs - GPU latency: 6.80225 ms - Host latency: 6.92407 ms (enqueue 2.08789 ms)
[10/04/2026-22:15:00] [I] Average on 1 runs - GPU latency: 6.79858 ms - Host latency: 6.92578 ms (enqueue 2.03198 ms)
[10/04/2026-22:15:00] [I] Average on 1 runs - GPU latency: 6.7981 ms - Host latency: 6.92188 ms (enqueue 2.05029 ms)
[10/04/2026-22:15:00] [I] Average on 1 runs - GPU latency: 6.79248 ms - Host latency: 6.92773 ms (enqueue 2.08032 ms)
[10/04/2026-22:15:00] [I] Average on 1 runs - GPU latency: 6.79419 ms - Host latency: 6.927 ms (enqueue 2.02368 ms)
[10/04/2026-22:15:00] [I] Average on 1 runs - GPU latency: 6.79761 ms - Host latency: 6.92871 ms (enqueue 2.02295 ms)
[10/04/2026-22:15:00] [I] Average on 1 runs - GPU latency: 6.802 ms - Host latency: 6.93945 ms (enqueue 2.07495 ms)
[10/04/2026-22:15:00] [I] Average on 1 runs - GPU latency: 6.79224 ms - Host latency: 6.91309 ms (enqueue 2.03101 ms)
[10/04/2026-22:15:00] [I] Average on 1 runs - GPU latency: 6.80786 ms - Host latency: 6.94116 ms (enqueue 2.01489 ms)
[10/04/2026-22:15:00] [I] Average on 1 runs - GPU latency: 6.79321 ms - Host latency: 6.91797 ms (enqueue 2.05518 ms)
[10/04/2026-22:15:00] [I] Average on 1 runs - GPU latency: 6.79932 ms - Host latency: 6.9187 ms (enqueue 2.08228 ms)
[10/04/2026-22:15:00] [I] Average on 1 runs - GPU latency: 6.78857 ms - Host latency: 6.91895 ms (enqueue 2.03442 ms)
[10/04/2026-22:15:00] [I] Average on 1 runs - GPU latency: 6.78955 ms - Host latency: 6.92139 ms (enqueue 2.10205 ms)
[10/04/2026-22:15:00] [I] Average on 1 runs - GPU latency: 6.78516 ms - Host latency: 6.91797 ms (enqueue 2.06396 ms)
[10/04/2026-22:15:00] [I] Average on 1 runs - GPU latency: 6.81421 ms - Host latency: 6.94092 ms (enqueue 2.03687 ms)
[10/04/2026-22:15:00] [I] Average on 1 runs - GPU latency: 6.79468 ms - Host latency: 6.93384 ms (enqueue 2.04541 ms)
[10/04/2026-22:15:00] [I] Average on 1 runs - GPU latency: 6.79395 ms - Host latency: 6.92554 ms (enqueue 2.07471 ms)
[10/04/2026-22:15:00] [I] Average on 1 runs - GPU latency: 6.80078 ms - Host latency: 6.92163 ms (enqueue 2.06323 ms)
[10/04/2026-22:15:00] [I] Average on 1 runs - GPU latency: 6.79712 ms - Host latency: 6.92285 ms (enqueue 2.05029 ms)
[10/04/2026-22:15:00] [I] Average on 1 runs - GPU latency: 6.79443 ms - Host latency: 6.95605 ms (enqueue 2.06152 ms)
[10/04/2026-22:15:00] [I] Average on 1 runs - GPU latency: 6.79565 ms - Host latency: 6.92041 ms (enqueue 2.08911 ms)
[10/04/2026-22:15:00] [I] Average on 1 runs - GPU latency: 6.78662 ms - Host latency: 6.91553 ms (enqueue 2.02051 ms)
[10/04/2026-22:15:00] [I] Average on 1 runs - GPU latency: 6.79663 ms - Host latency: 6.91602 ms (enqueue 2.0686 ms)
[10/04/2026-22:15:00] [I] Average on 1 runs - GPU latency: 6.79639 ms - Host latency: 6.9187 ms (enqueue 2.06128 ms)
[10/04/2026-22:15:00] [I] Average on 1 runs - GPU latency: 6.79395 ms - Host latency: 6.9165 ms (enqueue 2.03857 ms)
[10/04/2026-22:15:00] [I] Average on 1 runs - GPU latency: 6.78931 ms - Host latency: 6.92554 ms (enqueue 1.98291 ms)
[10/04/2026-22:15:00] [I] Average on 1 runs - GPU latency: 6.7915 ms - Host latency: 6.92139 ms (enqueue 2.05786 ms)
[10/04/2026-22:15:00] [I] Average on 1 runs - GPU latency: 6.79468 ms - Host latency: 6.92798 ms (enqueue 2.01416 ms)
[10/04/2026-22:15:00] [I] Average on 1 runs - GPU latency: 6.79492 ms - Host latency: 6.91699 ms (enqueue 2.00879 ms)
[10/04/2026-22:15:00] [I] Average on 1 runs - GPU latency: 6.79199 ms - Host latency: 6.92212 ms (enqueue 2.05371 ms)
[10/04/2026-22:15:00] [I] Average on 1 runs - GPU latency: 6.79956 ms - Host latency: 6.91992 ms (enqueue 2.05273 ms)
[10/04/2026-22:15:00] [I] Average on 1 runs - GPU latency: 6.79102 ms - Host latency: 6.9165 ms (enqueue 2.02051 ms)
[10/04/2026-22:15:00] [I] Average on 1 runs - GPU latency: 6.79492 ms - Host latency: 6.9314 ms (enqueue 2.07227 ms)
[10/04/2026-22:15:00] [I] Average on 1 runs - GPU latency: 6.78638 ms - Host latency: 6.93066 ms (enqueue 2.06128 ms)
[10/04/2026-22:15:00] [I] Average on 1 runs - GPU latency: 6.802 ms - Host latency: 6.92651 ms (enqueue 2.02417 ms)
[10/04/2026-22:15:00] [I] Average on 1 runs - GPU latency: 6.80322 ms - Host latency: 6.93799 ms (enqueue 2.03564 ms)
[10/04/2026-22:15:00] [I] Average on 1 runs - GPU latency: 6.79468 ms - Host latency: 6.91748 ms (enqueue 2.07056 ms)
[10/04/2026-22:15:00] [I] Average on 1 runs - GPU latency: 6.79517 ms - Host latency: 6.92554 ms (enqueue 2.03003 ms)
[10/04/2026-22:15:00] [I] Average on 1 runs - GPU latency: 6.79932 ms - Host latency: 6.94653 ms (enqueue 2.03345 ms)
[10/04/2026-22:15:00] [I] Average on 1 runs - GPU latency: 6.80176 ms - Host latency: 6.93774 ms (enqueue 2.07935 ms)
[10/04/2026-22:15:00] [I] Average on 1 runs - GPU latency: 6.79956 ms - Host latency: 6.93774 ms (enqueue 2.08667 ms)
[10/04/2026-22:15:00] [I] Average on 1 runs - GPU latency: 6.79565 ms - Host latency: 6.92871 ms (enqueue 2.03198 ms)
[10/04/2026-22:15:00] [I] Average on 1 runs - GPU latency: 6.80615 ms - Host latency: 6.93506 ms (enqueue 2.08154 ms)
[10/04/2026-22:15:00] [I] Average on 1 runs - GPU latency: 6.7854 ms - Host latency: 6.90991 ms (enqueue 2.10303 ms)
[10/04/2026-22:15:00] [I] Average on 1 runs - GPU latency: 6.79663 ms - Host latency: 6.92285 ms (enqueue 2.04443 ms)
[10/04/2026-22:15:00] [I] Average on 1 runs - GPU latency: 6.79517 ms - Host latency: 6.91821 ms (enqueue 2.0376 ms)
[10/04/2026-22:15:00] [I] Average on 1 runs - GPU latency: 6.79468 ms - Host latency: 6.91821 ms (enqueue 2.06006 ms)
[10/04/2026-22:15:00] [I] Average on 1 runs - GPU latency: 6.78809 ms - Host latency: 6.91235 ms (enqueue 2.02832 ms)
[10/04/2026-22:15:00] [I] Average on 1 runs - GPU latency: 6.79541 ms - Host latency: 6.91187 ms (enqueue 2.02515 ms)
[10/04/2026-22:15:00] [I] Average on 1 runs - GPU latency: 6.78589 ms - Host latency: 6.91626 ms (enqueue 2.07349 ms)
[10/04/2026-22:15:00] [I] Average on 1 runs - GPU latency: 6.79419 ms - Host latency: 6.91772 ms (enqueue 2.05762 ms)
[10/04/2026-22:15:00] [I] Average on 1 runs - GPU latency: 6.79639 ms - Host latency: 6.93433 ms (enqueue 2.04199 ms)
[10/04/2026-22:15:00] [I] Average on 1 runs - GPU latency: 6.802 ms - Host latency: 6.92236 ms (enqueue 2.09033 ms)
[10/04/2026-22:15:00] [I] Average on 1 runs - GPU latency: 6.79175 ms - Host latency: 6.93188 ms (enqueue 2.04907 ms)
[10/04/2026-22:15:00] [I] Average on 1 runs - GPU latency: 6.7981 ms - Host latency: 6.92676 ms (enqueue 2.03198 ms)
[10/04/2026-22:15:00] [I] Average on 1 runs - GPU latency: 6.79858 ms - Host latency: 6.92358 ms (enqueue 2.02808 ms)
[10/04/2026-22:15:00] [I] Average on 1 runs - GPU latency: 6.79492 ms - Host latency: 6.91626 ms (enqueue 2.08789 ms)
[10/04/2026-22:15:00] [I] Average on 1 runs - GPU latency: 6.7981 ms - Host latency: 6.91846 ms (enqueue 2.0144 ms)
[10/04/2026-22:15:00] [I] Average on 1 runs - GPU latency: 6.7876 ms - Host latency: 6.91113 ms (enqueue 2.02881 ms)
[10/04/2026-22:15:00] [I] Average on 1 runs - GPU latency: 6.79517 ms - Host latency: 6.92847 ms (enqueue 2.0874 ms)
[10/04/2026-22:15:00] [I] Average on 1 runs - GPU latency: 6.78735 ms - Host latency: 6.93579 ms (enqueue 2.07666 ms)
[10/04/2026-22:15:00] [I] Average on 1 runs - GPU latency: 6.79517 ms - Host latency: 6.91455 ms (enqueue 2.01196 ms)
[10/04/2026-22:15:00] [I] Average on 1 runs - GPU latency: 6.78516 ms - Host latency: 6.91968 ms (enqueue 2.05835 ms)
[10/04/2026-22:15:00] [I] Average on 1 runs - GPU latency: 6.82129 ms - Host latency: 6.94946 ms (enqueue 2.08325 ms)
[10/04/2026-22:15:00] [I] Average on 1 runs - GPU latency: 6.81055 ms - Host latency: 6.94678 ms (enqueue 2.03101 ms)
[10/04/2026-22:15:00] [I] Average on 1 runs - GPU latency: 6.80347 ms - Host latency: 6.92944 ms (enqueue 2.02954 ms)
[10/04/2026-22:15:00] [I] Average on 1 runs - GPU latency: 6.80566 ms - Host latency: 6.94849 ms (enqueue 2.06323 ms)
[10/04/2026-22:15:00] [I] Average on 1 runs - GPU latency: 6.80664 ms - Host latency: 6.9353 ms (enqueue 2.03809 ms)
[10/04/2026-22:15:00] [I] Average on 1 runs - GPU latency: 6.80176 ms - Host latency: 6.94287 ms (enqueue 2.04663 ms)
[10/04/2026-22:15:00] [I] Average on 1 runs - GPU latency: 6.80005 ms - Host latency: 6.97729 ms (enqueue 2.08643 ms)
[10/04/2026-22:15:00] [I] Average on 1 runs - GPU latency: 6.79565 ms - Host latency: 6.94482 ms (enqueue 2.05054 ms)
[10/04/2026-22:15:00] [I] Average on 1 runs - GPU latency: 6.80029 ms - Host latency: 6.92529 ms (enqueue 2.02563 ms)
[10/04/2026-22:15:00] [I] Average on 1 runs - GPU latency: 6.80518 ms - Host latency: 6.93555 ms (enqueue 2.0708 ms)
[10/04/2026-22:15:00] [I] Average on 1 runs - GPU latency: 6.79053 ms - Host latency: 6.9292 ms (enqueue 2.01953 ms)
[10/04/2026-22:15:00] [I] Average on 1 runs - GPU latency: 6.79272 ms - Host latency: 6.91895 ms (enqueue 1.99683 ms)
[10/04/2026-22:15:00] [I] Average on 1 runs - GPU latency: 6.7959 ms - Host latency: 6.92578 ms (enqueue 2.02075 ms)
[10/04/2026-22:15:00] [I] Average on 1 runs - GPU latency: 6.78735 ms - Host latency: 6.92456 ms (enqueue 2.06592 ms)
[10/04/2026-22:15:00] [I] Average on 1 runs - GPU latency: 6.79297 ms - Host latency: 6.91846 ms (enqueue 2.01855 ms)
[10/04/2026-22:15:00] [I] Average on 1 runs - GPU latency: 6.78857 ms - Host latency: 6.91089 ms (enqueue 2.01074 ms)
[10/04/2026-22:15:00] [I] Average on 1 runs - GPU latency: 6.79321 ms - Host latency: 6.91748 ms (enqueue 2.0769 ms)
[10/04/2026-22:15:00] [I] Average on 1 runs - GPU latency: 6.79248 ms - Host latency: 6.93042 ms (enqueue 2.07104 ms)
[10/04/2026-22:15:00] [I] Average on 1 runs - GPU latency: 6.79565 ms - Host latency: 6.92847 ms (enqueue 2.01831 ms)
[10/04/2026-22:15:00] [I] Average on 1 runs - GPU latency: 6.79053 ms - Host latency: 6.91284 ms (enqueue 2.06104 ms)
[10/04/2026-22:15:00] [I] Average on 1 runs - GPU latency: 6.79541 ms - Host latency: 6.93481 ms (enqueue 2.052 ms)
[10/04/2026-22:15:00] [I] Average on 1 runs - GPU latency: 6.79028 ms - Host latency: 6.91479 ms (enqueue 2.01367 ms)
[10/04/2026-22:15:00] [I] Average on 1 runs - GPU latency: 6.80127 ms - Host latency: 6.93164 ms (enqueue 2.02319 ms)
[10/04/2026-22:15:00] [I] Average on 1 runs - GPU latency: 6.80029 ms - Host latency: 6.93359 ms (enqueue 2.18066 ms)
[10/04/2026-22:15:00] [I] Average on 1 runs - GPU latency: 6.80005 ms - Host latency: 6.93384 ms (enqueue 2.05005 ms)
[10/04/2026-22:15:00] [I] Average on 1 runs - GPU latency: 6.79907 ms - Host latency: 6.92725 ms (enqueue 2.04126 ms)
[10/04/2026-22:15:00] [I] Average on 1 runs - GPU latency: 6.79639 ms - Host latency: 6.92896 ms (enqueue 2.08081 ms)
[10/04/2026-22:15:00] [I] Average on 1 runs - GPU latency: 6.78882 ms - Host latency: 6.92432 ms (enqueue 2.05981 ms)
[10/04/2026-22:15:00] [I] Average on 1 runs - GPU latency: 6.7959 ms - Host latency: 6.92358 ms (enqueue 2.00928 ms)
[10/04/2026-22:15:00] [I] Average on 1 runs - GPU latency: 6.79761 ms - Host latency: 6.93579 ms (enqueue 2.09399 ms)
[10/04/2026-22:15:00] [I] Average on 1 runs - GPU latency: 6.80225 ms - Host latency: 6.93433 ms (enqueue 2.0835 ms)
[10/04/2026-22:15:00] [I] Average on 1 runs - GPU latency: 6.78564 ms - Host latency: 6.92725 ms (enqueue 2.02856 ms)
[10/04/2026-22:15:00] [I] Average on 1 runs - GPU latency: 6.80249 ms - Host latency: 6.91943 ms (enqueue 2.02539 ms)
[10/04/2026-22:15:00] [I] Average on 1 runs - GPU latency: 6.80811 ms - Host latency: 6.94775 ms (enqueue 2.0791 ms)
[10/04/2026-22:15:00] [I] Average on 1 runs - GPU latency: 6.79834 ms - Host latency: 6.9209 ms (enqueue 2.01245 ms)
[10/04/2026-22:15:00] [I] Average on 1 runs - GPU latency: 6.802 ms - Host latency: 6.92773 ms (enqueue 2.02808 ms)
[10/04/2026-22:15:00] [I] Average on 1 runs - GPU latency: 6.79712 ms - Host latency: 6.92114 ms (enqueue 2.06445 ms)
[10/04/2026-22:15:00] [I] Average on 1 runs - GPU latency: 6.79639 ms - Host latency: 6.93262 ms (enqueue 2.06812 ms)
[10/04/2026-22:15:00] [I] Average on 1 runs - GPU latency: 6.78906 ms - Host latency: 6.93286 ms (enqueue 2.00366 ms)
[10/04/2026-22:15:00] [I] Average on 1 runs - GPU latency: 6.79248 ms - Host latency: 6.92065 ms (enqueue 2.05151 ms)
[10/04/2026-22:15:00] [I] Average on 1 runs - GPU latency: 6.7959 ms - Host latency: 6.92163 ms (enqueue 2.05591 ms)
[10/04/2026-22:15:00] [I] Average on 1 runs - GPU latency: 6.81152 ms - Host latency: 6.94043 ms (enqueue 2.01782 ms)
[10/04/2026-22:15:00] [I] Average on 1 runs - GPU latency: 6.79199 ms - Host latency: 6.91797 ms (enqueue 2.03662 ms)
[10/04/2026-22:15:00] [I] Average on 1 runs - GPU latency: 6.79858 ms - Host latency: 6.93408 ms (enqueue 2.05762 ms)
[10/04/2026-22:15:00] [I] Average on 1 runs - GPU latency: 6.79297 ms - Host latency: 6.927 ms (enqueue 2.0249 ms)
[10/04/2026-22:15:00] [I] Average on 1 runs - GPU latency: 6.7959 ms - Host latency: 6.91724 ms (enqueue 2.0166 ms)
[10/04/2026-22:15:00] [I] Average on 1 runs - GPU latency: 6.79517 ms - Host latency: 6.92896 ms (enqueue 2.07104 ms)
[10/04/2026-22:15:00] [I] Average on 1 runs - GPU latency: 6.79541 ms - Host latency: 6.92188 ms (enqueue 2.05469 ms)
[10/04/2026-22:15:00] [I] Average on 1 runs - GPU latency: 6.79907 ms - Host latency: 6.92554 ms (enqueue 2.03418 ms)
[10/04/2026-22:15:00] [I] Average on 1 runs - GPU latency: 6.78979 ms - Host latency: 6.90723 ms (enqueue 2.07715 ms)
[10/04/2026-22:15:00] [I] Average on 1 runs - GPU latency: 6.80591 ms - Host latency: 6.94336 ms (enqueue 2.08691 ms)
[10/04/2026-22:15:00] [I] Average on 1 runs - GPU latency: 6.80127 ms - Host latency: 6.93481 ms (enqueue 2.02979 ms)
[10/04/2026-22:15:00] [I] Average on 1 runs - GPU latency: 6.79419 ms - Host latency: 6.93652 ms (enqueue 2.03247 ms)
[10/04/2026-22:15:00] [I] Average on 1 runs - GPU latency: 6.80078 ms - Host latency: 6.92651 ms (enqueue 2.06934 ms)
[10/04/2026-22:15:00] [I] Average on 1 runs - GPU latency: 6.79541 ms - Host latency: 6.92261 ms (enqueue 2.0293 ms)
[10/04/2026-22:15:00] [I] Average on 1 runs - GPU latency: 6.79175 ms - Host latency: 6.91772 ms (enqueue 2.01685 ms)
[10/04/2026-22:15:00] [I] Average on 1 runs - GPU latency: 6.78296 ms - Host latency: 6.90283 ms (enqueue 2.05298 ms)
[10/04/2026-22:15:00] [I] Average on 1 runs - GPU latency: 6.79614 ms - Host latency: 6.92212 ms (enqueue 2.07056 ms)
[10/04/2026-22:15:00] [I] Average on 1 runs - GPU latency: 6.7959 ms - Host latency: 6.9165 ms (enqueue 2.02222 ms)
[10/04/2026-22:15:00] [I] Average on 1 runs - GPU latency: 6.79858 ms - Host latency: 6.92749 ms (enqueue 2.08203 ms)
[10/04/2026-22:15:00] [I] Average on 1 runs - GPU latency: 6.79688 ms - Host latency: 6.91821 ms (enqueue 2.0791 ms)
[10/04/2026-22:15:00] [I] Average on 1 runs - GPU latency: 6.79004 ms - Host latency: 6.93481 ms (enqueue 2.01782 ms)
[10/04/2026-22:15:00] [I] Average on 1 runs - GPU latency: 6.80493 ms - Host latency: 6.92554 ms (enqueue 2.03247 ms)
[10/04/2026-22:15:00] [I] Average on 1 runs - GPU latency: 6.79297 ms - Host latency: 6.91821 ms (enqueue 2.08228 ms)
[10/04/2026-22:15:00] [I] Average on 1 runs - GPU latency: 6.79932 ms - Host latency: 6.93872 ms (enqueue 2.03198 ms)
[10/04/2026-22:15:00] [I] Average on 1 runs - GPU latency: 6.79004 ms - Host latency: 6.92358 ms (enqueue 2.02759 ms)
[10/04/2026-22:15:00] [I] Average on 1 runs - GPU latency: 6.78857 ms - Host latency: 6.9126 ms (enqueue 2.08594 ms)
[10/04/2026-22:15:00] [I] Average on 1 runs - GPU latency: 6.79565 ms - Host latency: 6.92139 ms (enqueue 2.06055 ms)
[10/04/2026-22:15:00] [I] Average on 1 runs - GPU latency: 6.79688 ms - Host latency: 6.93433 ms (enqueue 2.02954 ms)
[10/04/2026-22:15:00] [I] Average on 1 runs - GPU latency: 6.80542 ms - Host latency: 6.93408 ms (enqueue 2.06665 ms)
[10/04/2026-22:15:00] [I] Average on 1 runs - GPU latency: 6.78809 ms - Host latency: 6.92407 ms (enqueue 2.06128 ms)
[10/04/2026-22:15:00] [I] Average on 1 runs - GPU latency: 6.79199 ms - Host latency: 6.91919 ms (enqueue 2.03955 ms)
[10/04/2026-22:15:00] [I] Average on 1 runs - GPU latency: 6.79688 ms - Host latency: 6.91895 ms (enqueue 2.0354 ms)
[10/04/2026-22:15:00] [I] Average on 1 runs - GPU latency: 6.80737 ms - Host latency: 6.9353 ms (enqueue 2.0835 ms)
[10/04/2026-22:15:00] [I] Average on 1 runs - GPU latency: 6.79883 ms - Host latency: 6.93823 ms (enqueue 2.02832 ms)
[10/04/2026-22:15:00] [I] Average on 1 runs - GPU latency: 6.79956 ms - Host latency: 6.92407 ms (enqueue 2.03223 ms)
[10/04/2026-22:15:00] [I] Average on 1 runs - GPU latency: 6.80176 ms - Host latency: 6.94263 ms (enqueue 2.08105 ms)
[10/04/2026-22:15:00] [I] Average on 1 runs - GPU latency: 6.80298 ms - Host latency: 6.92627 ms (enqueue 2.07153 ms)
[10/04/2026-22:15:00] [I] Average on 1 runs - GPU latency: 6.79761 ms - Host latency: 6.93896 ms (enqueue 2.01099 ms)
[10/04/2026-22:15:00] [I] Average on 1 runs - GPU latency: 6.79492 ms - Host latency: 6.93701 ms (enqueue 2.05981 ms)
[10/04/2026-22:15:00] [I] Average on 1 runs - GPU latency: 6.83081 ms - Host latency: 6.96338 ms (enqueue 2.07935 ms)
[10/04/2026-22:15:00] [I] Average on 1 runs - GPU latency: 6.80005 ms - Host latency: 6.92383 ms (enqueue 2.02466 ms)
[10/04/2026-22:15:00] [I] Average on 1 runs - GPU latency: 6.80225 ms - Host latency: 6.9314 ms (enqueue 2.01733 ms)
[10/04/2026-22:15:00] [I] Average on 1 runs - GPU latency: 6.80957 ms - Host latency: 6.93848 ms (enqueue 2.0603 ms)
[10/04/2026-22:15:00] [I] Average on 1 runs - GPU latency: 6.80225 ms - Host latency: 6.94653 ms (enqueue 2.02295 ms)
[10/04/2026-22:15:00] [I] Average on 1 runs - GPU latency: 6.81128 ms - Host latency: 6.94263 ms (enqueue 2.02344 ms)
[10/04/2026-22:15:00] [I] Average on 1 runs - GPU latency: 6.79126 ms - Host latency: 6.91772 ms (enqueue 2.09204 ms)
[10/04/2026-22:15:00] [I] Average on 1 runs - GPU latency: 6.79956 ms - Host latency: 6.91772 ms (enqueue 2.07959 ms)
[10/04/2026-22:15:00] [I] Average on 1 runs - GPU latency: 6.79907 ms - Host latency: 6.91968 ms (enqueue 2.01196 ms)
[10/04/2026-22:15:00] [I] Average on 1 runs - GPU latency: 6.80811 ms - Host latency: 6.93164 ms (enqueue 2.04785 ms)
[10/04/2026-22:15:00] [I] Average on 1 runs - GPU latency: 6.7959 ms - Host latency: 6.91797 ms (enqueue 2.06641 ms)
[10/04/2026-22:15:00] [I] Average on 1 runs - GPU latency: 6.80615 ms - Host latency: 6.93555 ms (enqueue 2.01367 ms)
[10/04/2026-22:15:00] [I] Average on 1 runs - GPU latency: 6.79297 ms - Host latency: 6.93652 ms (enqueue 2.02686 ms)
[10/04/2026-22:15:00] [I] Average on 1 runs - GPU latency: 6.79688 ms - Host latency: 6.93262 ms (enqueue 2.06836 ms)
[10/04/2026-22:15:00] [I] Average on 1 runs - GPU latency: 6.79395 ms - Host latency: 6.92139 ms (enqueue 2.01855 ms)
[10/04/2026-22:15:00] [I] Average on 1 runs - GPU latency: 6.8042 ms - Host latency: 6.93945 ms (enqueue 2.0332 ms)
[10/04/2026-22:15:00] [I] Average on 1 runs - GPU latency: 6.79004 ms - Host latency: 6.92383 ms (enqueue 2.09668 ms)
[10/04/2026-22:15:00] [I] Average on 1 runs - GPU latency: 6.79785 ms - Host latency: 6.91748 ms (enqueue 2.03369 ms)
[10/04/2026-22:15:00] [I] Average on 1 runs - GPU latency: 6.79639 ms - Host latency: 6.92236 ms (enqueue 2.02246 ms)
[10/04/2026-22:15:00] [I] Average on 1 runs - GPU latency: 6.80029 ms - Host latency: 6.93018 ms (enqueue 2.0874 ms)
[10/04/2026-22:15:00] [I] Average on 1 runs - GPU latency: 6.79199 ms - Host latency: 6.92139 ms (enqueue 2.06152 ms)
[10/04/2026-22:15:00] [I] Average on 1 runs - GPU latency: 6.78955 ms - Host latency: 6.91064 ms (enqueue 2.02539 ms)
[10/04/2026-22:15:00] [I] Average on 1 runs - GPU latency: 6.80127 ms - Host latency: 6.94043 ms (enqueue 2.02344 ms)
[10/04/2026-22:15:00] [I] Average on 1 runs - GPU latency: 6.80762 ms - Host latency: 6.93701 ms (enqueue 2.07568 ms)
[10/04/2026-22:15:00] [I] Average on 1 runs - GPU latency: 6.79102 ms - Host latency: 6.93604 ms (enqueue 2.03809 ms)
[10/04/2026-22:15:00] [I] Average on 1 runs - GPU latency: 6.79492 ms - Host latency: 6.92578 ms (enqueue 2.02295 ms)
[10/04/2026-22:15:00] [I] Average on 1 runs - GPU latency: 6.79883 ms - Host latency: 6.92383 ms (enqueue 2.05957 ms)
[10/04/2026-22:15:00] [I] Average on 1 runs - GPU latency: 6.79688 ms - Host latency: 6.92822 ms (enqueue 2.06396 ms)
[10/04/2026-22:15:00] [I] Average on 1 runs - GPU latency: 6.78613 ms - Host latency: 6.91748 ms (enqueue 2.0249 ms)
[10/04/2026-22:15:00] [I] Average on 1 runs - GPU latency: 6.79102 ms - Host latency: 6.93164 ms (enqueue 2.07373 ms)
[10/04/2026-22:15:00] [I] Average on 1 runs - GPU latency: 6.79492 ms - Host latency: 6.92725 ms (enqueue 2.07959 ms)
[10/04/2026-22:15:00] [I] Average on 1 runs - GPU latency: 6.80322 ms - Host latency: 6.92822 ms (enqueue 2.02686 ms)
[10/04/2026-22:15:00] [I] Average on 1 runs - GPU latency: 6.79639 ms - Host latency: 6.92969 ms (enqueue 2.03076 ms)
[10/04/2026-22:15:00] [I] Average on 1 runs - GPU latency: 6.79688 ms - Host latency: 6.92529 ms (enqueue 2.08496 ms)
[10/04/2026-22:15:00] [I] Average on 1 runs - GPU latency: 6.7959 ms - Host latency: 6.92188 ms (enqueue 2.03662 ms)
[10/04/2026-22:15:00] [I] Average on 1 runs - GPU latency: 6.78516 ms - Host latency: 6.92139 ms (enqueue 2.03369 ms)
[10/04/2026-22:15:00] [I] Average on 1 runs - GPU latency: 6.79199 ms - Host latency: 6.91699 ms (enqueue 2.09521 ms)
[10/04/2026-22:15:00] [I] Average on 1 runs - GPU latency: 6.8125 ms - Host latency: 6.94678 ms (enqueue 2.09033 ms)
[10/04/2026-22:15:00] [I] Average on 1 runs - GPU latency: 6.79736 ms - Host latency: 6.91943 ms (enqueue 2.03955 ms)
[10/04/2026-22:15:00] [I] Average on 1 runs - GPU latency: 6.79688 ms - Host latency: 6.91748 ms (enqueue 2.07373 ms)
[10/04/2026-22:15:00] [I] Average on 1 runs - GPU latency: 6.78467 ms - Host latency: 6.92871 ms (enqueue 2.0957 ms)
[10/04/2026-22:15:00] [I] Average on 1 runs - GPU latency: 6.78516 ms - Host latency: 6.92188 ms (enqueue 2.02881 ms)
[10/04/2026-22:15:00] [I] Average on 1 runs - GPU latency: 6.79834 ms - Host latency: 6.9165 ms (enqueue 2.04834 ms)
[10/04/2026-22:15:00] [I] Average on 1 runs - GPU latency: 6.79102 ms - Host latency: 6.92139 ms (enqueue 2.07715 ms)
[10/04/2026-22:15:00] [I] Average on 1 runs - GPU latency: 6.79102 ms - Host latency: 6.91602 ms (enqueue 2.03369 ms)
[10/04/2026-22:15:00] [I] Average on 1 runs - GPU latency: 6.79932 ms - Host latency: 6.93115 ms (enqueue 2.03418 ms)
[10/04/2026-22:15:00] [I] Average on 1 runs - GPU latency: 6.79102 ms - Host latency: 6.9248 ms (enqueue 2.0835 ms)
[10/04/2026-22:15:00] [I] ... Omitting 1808 lines
[10/04/2026-22:15:00] [I] Average on 1 runs - GPU latency: 6.79883 ms - Host latency: 6.91797 ms (enqueue 2.05664 ms)
[10/04/2026-22:15:00] [I] Average on 1 runs - GPU latency: 6.80664 ms - Host latency: 6.9375 ms (enqueue 2.02148 ms)
[10/04/2026-22:15:00] [I] Average on 1 runs - GPU latency: 6.79688 ms - Host latency: 6.95312 ms (enqueue 2.03711 ms)
[10/04/2026-22:15:00] [I] Average on 1 runs - GPU latency: 6.80664 ms - Host latency: 6.92773 ms (enqueue 2.06641 ms)
[10/04/2026-22:15:00] [I] Average on 1 runs - GPU latency: 6.79883 ms - Host latency: 6.94141 ms (enqueue 2.08984 ms)
[10/04/2026-22:15:00] [I] Average on 1 runs - GPU latency: 6.79883 ms - Host latency: 6.91797 ms (enqueue 2.03125 ms)
[10/04/2026-22:15:00] [I] Average on 1 runs - GPU latency: 6.79688 ms - Host latency: 6.94727 ms (enqueue 2.06836 ms)
[10/04/2026-22:15:00] [I] Average on 1 runs - GPU latency: 6.79883 ms - Host latency: 6.92969 ms (enqueue 2.05664 ms)
[10/04/2026-22:15:00] [I] Average on 1 runs - GPU latency: 6.79492 ms - Host latency: 6.92578 ms (enqueue 2.01562 ms)
[10/04/2026-22:15:00] [I] Average on 1 runs - GPU latency: 6.79883 ms - Host latency: 6.92578 ms (enqueue 2.01367 ms)
[10/04/2026-22:15:00] [I] Average on 1 runs - GPU latency: 6.79297 ms - Host latency: 6.91797 ms (enqueue 2.04883 ms)
[10/04/2026-22:15:00] [I] Average on 1 runs - GPU latency: 6.80273 ms - Host latency: 6.92578 ms (enqueue 2.02344 ms)
[10/04/2026-22:15:00] [I] Average on 1 runs - GPU latency: 6.79883 ms - Host latency: 6.91992 ms (enqueue 2.01562 ms)
[10/04/2026-22:15:00] [I] Average on 1 runs - GPU latency: 6.79297 ms - Host latency: 6.91406 ms (enqueue 2.10547 ms)
[10/04/2026-22:15:00] [I] Average on 1 runs - GPU latency: 6.79883 ms - Host latency: 6.92383 ms (enqueue 2.05859 ms)
[10/04/2026-22:15:00] [I] Average on 1 runs - GPU latency: 6.78516 ms - Host latency: 6.90625 ms (enqueue 2.02344 ms)
[10/04/2026-22:15:00] [I] Average on 1 runs - GPU latency: 6.79492 ms - Host latency: 6.92188 ms (enqueue 2.07812 ms)
[10/04/2026-22:15:00] [I] Average on 1 runs - GPU latency: 6.80469 ms - Host latency: 6.92578 ms (enqueue 2.05664 ms)
[10/04/2026-22:15:00] [I] Average on 1 runs - GPU latency: 6.79688 ms - Host latency: 6.91602 ms (enqueue 2.0293 ms)
[10/04/2026-22:15:00] [I] Average on 1 runs - GPU latency: 6.78906 ms - Host latency: 6.91016 ms (enqueue 2.01562 ms)
[10/04/2026-22:15:00] [I] Average on 1 runs - GPU latency: 6.79688 ms - Host latency: 6.91797 ms (enqueue 2.0957 ms)
[10/04/2026-22:15:00] [I] Average on 1 runs - GPU latency: 6.79102 ms - Host latency: 6.93359 ms (enqueue 2.04688 ms)
[10/04/2026-22:15:00] [I] Average on 1 runs - GPU latency: 6.79883 ms - Host latency: 6.92188 ms (enqueue 2.02344 ms)
[10/04/2026-22:15:00] [I] Average on 1 runs - GPU latency: 6.79102 ms - Host latency: 6.91992 ms (enqueue 2.05664 ms)
[10/04/2026-22:15:00] [I] Average on 1 runs - GPU latency: 6.79102 ms - Host latency: 6.92578 ms (enqueue 2.05469 ms)
[10/04/2026-22:15:00] [I] Average on 1 runs - GPU latency: 6.79688 ms - Host latency: 6.92383 ms (enqueue 2.01562 ms)
[10/04/2026-22:15:00] [I] Average on 1 runs - GPU latency: 6.79492 ms - Host latency: 6.91406 ms (enqueue 2.04883 ms)
[10/04/2026-22:15:00] [I] Average on 1 runs - GPU latency: 6.79492 ms - Host latency: 6.91797 ms (enqueue 2.04102 ms)
[10/04/2026-22:15:00] [I] Average on 1 runs - GPU latency: 6.79492 ms - Host latency: 6.92383 ms (enqueue 2.02539 ms)
[10/04/2026-22:15:00] [I] Average on 1 runs - GPU latency: 6.78125 ms - Host latency: 6.92969 ms (enqueue 2.0332 ms)
[10/04/2026-22:15:00] [I] Average on 1 runs - GPU latency: 6.79297 ms - Host latency: 6.92383 ms (enqueue 2.07227 ms)
[10/04/2026-22:15:00] [I] Average on 1 runs - GPU latency: 6.80273 ms - Host latency: 6.93555 ms (enqueue 2.02734 ms)
[10/04/2026-22:15:00] [I] Average on 1 runs - GPU latency: 6.80078 ms - Host latency: 6.92188 ms (enqueue 2.01758 ms)
[10/04/2026-22:15:00] [I] Average on 1 runs - GPU latency: 6.78906 ms - Host latency: 6.91211 ms (enqueue 2.08789 ms)
[10/04/2026-22:15:00] [I] Average on 1 runs - GPU latency: 6.79688 ms - Host latency: 6.92383 ms (enqueue 2.04883 ms)
[10/04/2026-22:15:00] [I] Average on 1 runs - GPU latency: 6.78711 ms - Host latency: 6.90625 ms (enqueue 2.01172 ms)
[10/04/2026-22:15:00] [I] Average on 1 runs - GPU latency: 6.80078 ms - Host latency: 6.94141 ms (enqueue 2.09961 ms)
[10/04/2026-22:15:00] [I] Average on 1 runs - GPU latency: 6.79492 ms - Host latency: 6.92383 ms (enqueue 2.08594 ms)
[10/04/2026-22:15:00] [I] Average on 1 runs - GPU latency: 6.78906 ms - Host latency: 6.91992 ms (enqueue 2.0293 ms)
[10/04/2026-22:15:00] [I] Average on 1 runs - GPU latency: 6.79688 ms - Host latency: 6.93555 ms (enqueue 2.01172 ms)
[10/04/2026-22:15:00] [I] Average on 1 runs - GPU latency: 6.79883 ms - Host latency: 6.92383 ms (enqueue 2.05859 ms)
[10/04/2026-22:15:00] [I] Average on 1 runs - GPU latency: 6.79297 ms - Host latency: 6.91406 ms (enqueue 2.01758 ms)
[10/04/2026-22:15:00] [I] Average on 1 runs - GPU latency: 6.80273 ms - Host latency: 6.92578 ms (enqueue 2.01367 ms)
[10/04/2026-22:15:00] [I] Average on 1 runs - GPU latency: 6.79102 ms - Host latency: 6.94141 ms (enqueue 2.07422 ms)
[10/04/2026-22:15:00] [I] Average on 1 runs - GPU latency: 6.78711 ms - Host latency: 6.91797 ms (enqueue 2.08008 ms)
[10/04/2026-22:15:00] [I] Average on 1 runs - GPU latency: 6.80273 ms - Host latency: 6.92578 ms (enqueue 2.02539 ms)
[10/04/2026-22:15:00] [I] Average on 1 runs - GPU latency: 6.79102 ms - Host latency: 6.91797 ms (enqueue 2.06641 ms)
[10/04/2026-22:15:00] [I] Average on 1 runs - GPU latency: 6.78711 ms - Host latency: 6.91797 ms (enqueue 2.08203 ms)
[10/04/2026-22:15:00] [I] Average on 1 runs - GPU latency: 6.79102 ms - Host latency: 6.93164 ms (enqueue 2.02539 ms)
[10/04/2026-22:15:00] [I] Average on 1 runs - GPU latency: 6.79102 ms - Host latency: 6.92773 ms (enqueue 2.04297 ms)
[10/04/2026-22:15:00] [I] Average on 1 runs - GPU latency: 6.80469 ms - Host latency: 6.93164 ms (enqueue 2.06641 ms)
[10/04/2026-22:15:00] [I] Average on 1 runs - GPU latency: 6.79297 ms - Host latency: 6.92578 ms (enqueue 2.0293 ms)
[10/04/2026-22:15:00] [I] Average on 1 runs - GPU latency: 6.79102 ms - Host latency: 6.94141 ms (enqueue 2.03125 ms)
[10/04/2026-22:15:00] [I] Average on 1 runs - GPU latency: 6.80273 ms - Host latency: 6.93164 ms (enqueue 2.07227 ms)
[10/04/2026-22:15:00] [I] Average on 1 runs - GPU latency: 6.80273 ms - Host latency: 6.94336 ms (enqueue 2.05273 ms)
[10/04/2026-22:15:00] [I] Average on 1 runs - GPU latency: 6.80078 ms - Host latency: 6.92188 ms (enqueue 2.0293 ms)
[10/04/2026-22:15:00] [I] Average on 1 runs - GPU latency: 6.78906 ms - Host latency: 6.92578 ms (enqueue 2.08594 ms)
[10/04/2026-22:15:00] [I] Average on 1 runs - GPU latency: 7.58203 ms - Host latency: 7.71484 ms (enqueue 2.05078 ms)
[10/04/2026-22:15:00] [I] Average on 1 runs - GPU latency: 6.78906 ms - Host latency: 6.91602 ms (enqueue 2.03125 ms)
[10/04/2026-22:15:00] [I] Average on 1 runs - GPU latency: 6.80469 ms - Host latency: 6.93359 ms (enqueue 2.03906 ms)
[10/04/2026-22:15:00] [I] Average on 1 runs - GPU latency: 6.79688 ms - Host latency: 6.93359 ms (enqueue 2.02148 ms)
[10/04/2026-22:15:00] [I] Average on 1 runs - GPU latency: 6.79492 ms - Host latency: 6.91797 ms (enqueue 2.03516 ms)
[10/04/2026-22:15:00] [I] Average on 1 runs - GPU latency: 6.79688 ms - Host latency: 6.92383 ms (enqueue 2.01172 ms)
[10/04/2026-22:15:00] [I] Average on 1 runs - GPU latency: 6.79883 ms - Host latency: 6.92773 ms (enqueue 2.06641 ms)
[10/04/2026-22:15:00] [I] Average on 1 runs - GPU latency: 6.81836 ms - Host latency: 6.95312 ms (enqueue 2.07812 ms)
[10/04/2026-22:15:00] [I] Average on 1 runs - GPU latency: 6.80078 ms - Host latency: 6.92773 ms (enqueue 2.03125 ms)
[10/04/2026-22:15:00] [I] Average on 1 runs - GPU latency: 6.80469 ms - Host latency: 6.93555 ms (enqueue 2.01758 ms)
[10/04/2026-22:15:00] [I] Average on 1 runs - GPU latency: 6.82422 ms - Host latency: 6.95703 ms (enqueue 2.0332 ms)
[10/04/2026-22:15:00] [I] Average on 1 runs - GPU latency: 6.81641 ms - Host latency: 6.95898 ms (enqueue 2.05078 ms)
[10/04/2026-22:15:00] [I] Average on 1 runs - GPU latency: 6.8125 ms - Host latency: 6.94727 ms (enqueue 2.03125 ms)
[10/04/2026-22:15:00] [I] Average on 1 runs - GPU latency: 6.79688 ms - Host latency: 6.94727 ms (enqueue 2.07422 ms)
[10/04/2026-22:15:00] [I] Average on 1 runs - GPU latency: 6.79102 ms - Host latency: 6.91406 ms (enqueue 2.06055 ms)
[10/04/2026-22:15:00] [I] Average on 1 runs - GPU latency: 6.79883 ms - Host latency: 6.93945 ms (enqueue 2.01562 ms)
[10/04/2026-22:15:00] [I] Average on 1 runs - GPU latency: 6.80273 ms - Host latency: 6.93359 ms (enqueue 2.02734 ms)
[10/04/2026-22:15:00] [I] Average on 1 runs - GPU latency: 6.78906 ms - Host latency: 6.9082 ms (enqueue 2.08789 ms)
[10/04/2026-22:15:00] [I] Average on 1 runs - GPU latency: 6.78906 ms - Host latency: 6.91602 ms (enqueue 2.01367 ms)
[10/04/2026-22:15:00] [I] Average on 1 runs - GPU latency: 6.80664 ms - Host latency: 6.9375 ms (enqueue 2.03125 ms)
[10/04/2026-22:15:00] [I] Average on 1 runs - GPU latency: 6.80078 ms - Host latency: 6.93555 ms (enqueue 2.07031 ms)
[10/04/2026-22:15:00] [I] Average on 1 runs - GPU latency: 6.80859 ms - Host latency: 6.94336 ms (enqueue 2.06055 ms)
[10/04/2026-22:15:00] [I] Average on 1 runs - GPU latency: 6.79883 ms - Host latency: 6.91797 ms (enqueue 2.02734 ms)
[10/04/2026-22:15:00] [I] Average on 1 runs - GPU latency: 6.80078 ms - Host latency: 6.91602 ms (enqueue 2.05469 ms)
[10/04/2026-22:15:00] [I] Average on 1 runs - GPU latency: 6.80078 ms - Host latency: 6.94141 ms (enqueue 2.07422 ms)
[10/04/2026-22:15:00] [I] Average on 1 runs - GPU latency: 6.80078 ms - Host latency: 6.92969 ms (enqueue 2.01562 ms)
[10/04/2026-22:15:00] [I] Average on 1 runs - GPU latency: 6.8125 ms - Host latency: 6.94531 ms (enqueue 2.02344 ms)
[10/04/2026-22:15:00] [I] Average on 1 runs - GPU latency: 6.81836 ms - Host latency: 6.96875 ms (enqueue 2.09375 ms)
[10/04/2026-22:15:00] [I] Average on 1 runs - GPU latency: 6.79297 ms - Host latency: 6.92773 ms (enqueue 2.02344 ms)
[10/04/2026-22:15:00] [I] Average on 1 runs - GPU latency: 6.80664 ms - Host latency: 6.93164 ms (enqueue 2.02148 ms)
[10/04/2026-22:15:00] [I] Average on 1 runs - GPU latency: 6.80078 ms - Host latency: 6.92383 ms (enqueue 2.07617 ms)
[10/04/2026-22:15:00] [I] Average on 1 runs - GPU latency: 6.80078 ms - Host latency: 6.93555 ms (enqueue 2.07617 ms)
[10/04/2026-22:15:00] [I] Average on 1 runs - GPU latency: 6.80078 ms - Host latency: 6.93555 ms (enqueue 2.03711 ms)
[10/04/2026-22:15:00] [I] Average on 1 runs - GPU latency: 6.80273 ms - Host latency: 6.9375 ms (enqueue 2.05859 ms)
[10/04/2026-22:15:00] [I] Average on 1 runs - GPU latency: 6.79883 ms - Host latency: 6.93555 ms (enqueue 2.09961 ms)
[10/04/2026-22:15:00] [I] Average on 1 runs - GPU latency: 6.79688 ms - Host latency: 6.92383 ms (enqueue 2.03906 ms)
[10/04/2026-22:15:00] [I] Average on 1 runs - GPU latency: 6.80273 ms - Host latency: 6.93359 ms (enqueue 2.02148 ms)
[10/04/2026-22:15:00] [I] Average on 1 runs - GPU latency: 6.79492 ms - Host latency: 6.92383 ms (enqueue 2.07227 ms)
[10/04/2026-22:15:00] [I] Average on 1 runs - GPU latency: 6.79688 ms - Host latency: 6.92188 ms (enqueue 2.03125 ms)
[10/04/2026-22:15:00] [I] Average on 1 runs - GPU latency: 6.80078 ms - Host latency: 6.92969 ms (enqueue 2.0332 ms)
[10/04/2026-22:15:00] [I] Average on 1 runs - GPU latency: 6.79883 ms - Host latency: 6.92969 ms (enqueue 2.07422 ms)
[10/04/2026-22:15:00] [I] Average on 1 runs - GPU latency: 6.80273 ms - Host latency: 6.92578 ms (enqueue 2.06445 ms)
[10/04/2026-22:15:00] [I] Average on 1 runs - GPU latency: 6.79688 ms - Host latency: 6.92773 ms (enqueue 2.02148 ms)
[10/04/2026-22:15:00] [I] Average on 1 runs - GPU latency: 6.79297 ms - Host latency: 6.91211 ms (enqueue 2.07812 ms)
[10/04/2026-22:15:00] [I] Average on 1 runs - GPU latency: 6.78516 ms - Host latency: 6.91602 ms (enqueue 2.07031 ms)
[10/04/2026-22:15:00] [I] Average on 1 runs - GPU latency: 6.78906 ms - Host latency: 6.92578 ms (enqueue 2.04883 ms)
[10/04/2026-22:15:00] [I] Average on 1 runs - GPU latency: 6.80469 ms - Host latency: 6.93164 ms (enqueue 2.03711 ms)
[10/04/2026-22:15:00] [I] Average on 1 runs - GPU latency: 6.79102 ms - Host latency: 6.91016 ms (enqueue 2.08398 ms)
[10/04/2026-22:15:00] [I] Average on 1 runs - GPU latency: 6.79883 ms - Host latency: 6.92578 ms (enqueue 2.0332 ms)
[10/04/2026-22:15:00] [I] Average on 1 runs - GPU latency: 6.79883 ms - Host latency: 6.91992 ms (enqueue 2.03516 ms)
[10/04/2026-22:15:00] [I] Average on 1 runs - GPU latency: 6.79688 ms - Host latency: 6.92773 ms (enqueue 2.0625 ms)
[10/04/2026-22:15:00] [I] Average on 1 runs - GPU latency: 6.80273 ms - Host latency: 6.93359 ms (enqueue 2.08594 ms)
[10/04/2026-22:15:00] [I] Average on 1 runs - GPU latency: 6.79297 ms - Host latency: 6.9375 ms (enqueue 2 ms)
[10/04/2026-22:15:00] [I] Average on 1 runs - GPU latency: 6.80664 ms - Host latency: 6.93359 ms (enqueue 2.03125 ms)
[10/04/2026-22:15:00] [I] Average on 1 runs - GPU latency: 6.79102 ms - Host latency: 6.94727 ms (enqueue 2.03711 ms)
[10/04/2026-22:15:00] [I] Average on 1 runs - GPU latency: 6.80078 ms - Host latency: 6.92383 ms (enqueue 2.00781 ms)
[10/04/2026-22:15:00] [I] Average on 1 runs - GPU latency: 6.79297 ms - Host latency: 6.93359 ms (enqueue 2.01172 ms)
[10/04/2026-22:15:00] [I] Average on 1 runs - GPU latency: 6.80078 ms - Host latency: 6.93164 ms (enqueue 2.07227 ms)
[10/04/2026-22:15:00] [I] Average on 1 runs - GPU latency: 6.79492 ms - Host latency: 6.92383 ms (enqueue 2.01953 ms)
[10/04/2026-22:15:00] [I] Average on 1 runs - GPU latency: 6.78906 ms - Host latency: 6.92188 ms (enqueue 2.02344 ms)
[10/04/2026-22:15:00] [I] Average on 1 runs - GPU latency: 6.80469 ms - Host latency: 6.93555 ms (enqueue 2.07031 ms)
[10/04/2026-22:15:00] [I] Average on 1 runs - GPU latency: 6.79297 ms - Host latency: 6.91992 ms (enqueue 2.0625 ms)
[10/04/2026-22:15:00] [I] Average on 1 runs - GPU latency: 6.80273 ms - Host latency: 6.92383 ms (enqueue 2.01758 ms)
[10/04/2026-22:15:00] [I] Average on 1 runs - GPU latency: 6.79492 ms - Host latency: 6.91211 ms (enqueue 2.07422 ms)
[10/04/2026-22:15:00] [I] Average on 1 runs - GPU latency: 6.80078 ms - Host latency: 6.91992 ms (enqueue 2.0625 ms)
[10/04/2026-22:15:00] [I] Average on 1 runs - GPU latency: 6.79688 ms - Host latency: 6.91992 ms (enqueue 2.01953 ms)
[10/04/2026-22:15:00] [I] Average on 1 runs - GPU latency: 6.79688 ms - Host latency: 6.92383 ms (enqueue 2.02539 ms)
[10/04/2026-22:15:00] [I] Average on 1 runs - GPU latency: 6.79102 ms - Host latency: 6.91992 ms (enqueue 2.11133 ms)
[10/04/2026-22:15:00] [I] Average on 1 runs - GPU latency: 6.80664 ms - Host latency: 6.93945 ms (enqueue 2.0293 ms)
[10/04/2026-22:15:00] [I] Average on 1 runs - GPU latency: 6.79883 ms - Host latency: 6.92969 ms (enqueue 2.0293 ms)
[10/04/2026-22:15:00] [I] Average on 1 runs - GPU latency: 6.79883 ms - Host latency: 6.9375 ms (enqueue 2.06445 ms)
[10/04/2026-22:15:00] [I] Average on 1 runs - GPU latency: 6.80469 ms - Host latency: 6.94336 ms (enqueue 2.08398 ms)
[10/04/2026-22:15:00] [I] Average on 1 runs - GPU latency: 6.79297 ms - Host latency: 6.93164 ms (enqueue 2.03125 ms)
[10/04/2026-22:15:00] [I] Average on 1 runs - GPU latency: 6.78516 ms - Host latency: 6.9043 ms (enqueue 2.04492 ms)
[10/04/2026-22:15:00] [I] Average on 1 runs - GPU latency: 6.79102 ms - Host latency: 6.91602 ms (enqueue 2.06055 ms)
[10/04/2026-22:15:00] [I] Average on 1 runs - GPU latency: 6.78906 ms - Host latency: 6.91406 ms (enqueue 2.02344 ms)
[10/04/2026-22:15:00] [I] Average on 1 runs - GPU latency: 6.78906 ms - Host latency: 6.91797 ms (enqueue 2.02539 ms)
[10/04/2026-22:15:00] [I] Average on 1 runs - GPU latency: 6.80078 ms - Host latency: 6.92383 ms (enqueue 2.06641 ms)
[10/04/2026-22:15:00] [I] Average on 1 runs - GPU latency: 6.78906 ms - Host latency: 6.91992 ms (enqueue 2.02539 ms)
[10/04/2026-22:15:00] [I] Average on 1 runs - GPU latency: 6.79492 ms - Host latency: 6.92773 ms (enqueue 2.02539 ms)
[10/04/2026-22:15:00] [I] Average on 1 runs - GPU latency: 6.79883 ms - Host latency: 6.9668 ms (enqueue 2.09375 ms)
[10/04/2026-22:15:00] [I] Average on 1 runs - GPU latency: 6.79492 ms - Host latency: 6.91602 ms (enqueue 2.06641 ms)
[10/04/2026-22:15:00] [I] Average on 1 runs - GPU latency: 6.79297 ms - Host latency: 6.91797 ms (enqueue 2.02344 ms)
[10/04/2026-22:15:00] [I] Average on 1 runs - GPU latency: 6.79297 ms - Host latency: 6.91602 ms (enqueue 2.07422 ms)
[10/04/2026-22:15:00] [I] Average on 1 runs - GPU latency: 6.79492 ms - Host latency: 6.9375 ms (enqueue 2.07812 ms)
[10/04/2026-22:15:00] [I] Average on 1 runs - GPU latency: 6.79297 ms - Host latency: 6.91602 ms (enqueue 2.02734 ms)
[10/04/2026-22:15:00] [I] Average on 1 runs - GPU latency: 6.79883 ms - Host latency: 6.92773 ms (enqueue 2.04102 ms)
[10/04/2026-22:15:00] [I] Average on 1 runs - GPU latency: 6.82617 ms - Host latency: 6.94727 ms (enqueue 2.09766 ms)
[10/04/2026-22:15:00] [I] Average on 1 runs - GPU latency: 6.80469 ms - Host latency: 6.94727 ms (enqueue 2.02734 ms)
[10/04/2026-22:15:00] [I] Average on 1 runs - GPU latency: 6.81641 ms - Host latency: 6.95508 ms (enqueue 2.01562 ms)
[10/04/2026-22:15:00] [I] Average on 1 runs - GPU latency: 6.81055 ms - Host latency: 6.9375 ms (enqueue 2.07227 ms)
[10/04/2026-22:15:00] [I] Average on 1 runs - GPU latency: 6.8125 ms - Host latency: 6.95117 ms (enqueue 2.07422 ms)
[10/04/2026-22:15:00] [I] Average on 1 runs - GPU latency: 6.80664 ms - Host latency: 6.93164 ms (enqueue 2.02539 ms)
[10/04/2026-22:15:00] [I] Average on 1 runs - GPU latency: 6.80078 ms - Host latency: 6.92578 ms (enqueue 2.07227 ms)
[10/04/2026-22:15:00] [I] Average on 1 runs - GPU latency: 6.80859 ms - Host latency: 6.94336 ms (enqueue 2.06836 ms)
[10/04/2026-22:15:00] [I] Average on 1 runs - GPU latency: 6.80273 ms - Host latency: 6.95312 ms (enqueue 2.02148 ms)
[10/04/2026-22:15:00] [I] Average on 1 runs - GPU latency: 6.79492 ms - Host latency: 6.91992 ms (enqueue 2.02539 ms)
[10/04/2026-22:15:00] [I] Average on 1 runs - GPU latency: 6.78711 ms - Host latency: 6.91992 ms (enqueue 2.06641 ms)
[10/04/2026-22:15:00] [I] Average on 1 runs - GPU latency: 6.79883 ms - Host latency: 6.91992 ms (enqueue 2.01172 ms)
[10/04/2026-22:15:00] [I] Average on 1 runs - GPU latency: 6.79102 ms - Host latency: 6.92383 ms (enqueue 2.0332 ms)
[10/04/2026-22:15:00] [I] Average on 1 runs - GPU latency: 6.79297 ms - Host latency: 6.92383 ms (enqueue 2.07617 ms)
[10/04/2026-22:15:00] [I] Average on 1 runs - GPU latency: 6.79688 ms - Host latency: 6.92383 ms (enqueue 2.04688 ms)
[10/04/2026-22:15:00] [I] Average on 1 runs - GPU latency: 6.79492 ms - Host latency: 6.91992 ms (enqueue 2.0332 ms)
[10/04/2026-22:15:00] [I] Average on 1 runs - GPU latency: 6.79297 ms - Host latency: 6.91211 ms (enqueue 2.07812 ms)
[10/04/2026-22:15:00] [I] Average on 1 runs - GPU latency: 6.79297 ms - Host latency: 6.91602 ms (enqueue 2.05664 ms)
[10/04/2026-22:15:00] [I] Average on 1 runs - GPU latency: 6.79883 ms - Host latency: 6.93164 ms (enqueue 2.03711 ms)
[10/04/2026-22:15:00] [I] Average on 1 runs - GPU latency: 6.81055 ms - Host latency: 6.93555 ms (enqueue 2.02148 ms)
[10/04/2026-22:15:00] [I] Average on 1 runs - GPU latency: 6.79688 ms - Host latency: 6.93945 ms (enqueue 2.08789 ms)
[10/04/2026-22:15:00] [I] Average on 1 runs - GPU latency: 6.79297 ms - Host latency: 6.91992 ms (enqueue 2.03711 ms)
[10/04/2026-22:15:00] [I] Average on 1 runs - GPU latency: 6.79297 ms - Host latency: 6.93945 ms (enqueue 2.03906 ms)
[10/04/2026-22:15:00] [I] Average on 1 runs - GPU latency: 6.79102 ms - Host latency: 6.91992 ms (enqueue 2.03125 ms)
[10/04/2026-22:15:00] [I] Average on 1 runs - GPU latency: 6.79883 ms - Host latency: 6.92773 ms (enqueue 2.08594 ms)
[10/04/2026-22:15:00] [I] Average on 1 runs - GPU latency: 6.79883 ms - Host latency: 6.93555 ms (enqueue 2.02344 ms)
[10/04/2026-22:15:00] [I] Average on 1 runs - GPU latency: 6.79688 ms - Host latency: 6.91797 ms (enqueue 2.04102 ms)
[10/04/2026-22:15:00] [I] Average on 1 runs - GPU latency: 6.79688 ms - Host latency: 6.93555 ms (enqueue 2.05859 ms)
[10/04/2026-22:15:00] [I] Average on 1 runs - GPU latency: 6.80078 ms - Host latency: 6.92773 ms (enqueue 2.01562 ms)
[10/04/2026-22:15:00] [I] Average on 1 runs - GPU latency: 6.79297 ms - Host latency: 6.92188 ms (enqueue 2.0332 ms)
[10/04/2026-22:15:00] [I] Average on 1 runs - GPU latency: 6.79492 ms - Host latency: 6.92188 ms (enqueue 2.05273 ms)
[10/04/2026-22:15:00] [I] Average on 1 runs - GPU latency: 6.79688 ms - Host latency: 6.91602 ms (enqueue 2.02734 ms)
[10/04/2026-22:15:00] [I] Average on 1 runs - GPU latency: 6.79492 ms - Host latency: 6.93555 ms (enqueue 2.01562 ms)
[10/04/2026-22:15:00] [I] Average on 1 runs - GPU latency: 6.79492 ms - Host latency: 6.91992 ms (enqueue 2.08008 ms)
[10/04/2026-22:15:00] [I] Average on 1 runs - GPU latency: 6.78711 ms - Host latency: 6.91406 ms (enqueue 2.07812 ms)
[10/04/2026-22:15:00] [I] Average on 1 runs - GPU latency: 6.80469 ms - Host latency: 6.93359 ms (enqueue 2.0293 ms)
[10/04/2026-22:15:00] [I] Average on 1 runs - GPU latency: 6.79102 ms - Host latency: 6.92383 ms (enqueue 2.08008 ms)
[10/04/2026-22:15:00] [I] Average on 1 runs - GPU latency: 6.79297 ms - Host latency: 6.92188 ms (enqueue 2.0918 ms)
[10/04/2026-22:15:00] [I] Average on 1 runs - GPU latency: 6.79297 ms - Host latency: 6.92773 ms (enqueue 2.0332 ms)
[10/04/2026-22:15:00] [I] Average on 1 runs - GPU latency: 6.7832 ms - Host latency: 6.90625 ms (enqueue 2.03125 ms)
[10/04/2026-22:15:00] [I] Average on 1 runs - GPU latency: 6.79688 ms - Host latency: 6.91992 ms (enqueue 2.07422 ms)
[10/04/2026-22:15:00] [I] Average on 1 runs - GPU latency: 6.79297 ms - Host latency: 6.92383 ms (enqueue 2.0293 ms)
[10/04/2026-22:15:00] [I] Average on 1 runs - GPU latency: 6.79102 ms - Host latency: 6.92383 ms (enqueue 2.03125 ms)
[10/04/2026-22:15:00] [I] Average on 1 runs - GPU latency: 6.80273 ms - Host latency: 6.92969 ms (enqueue 2.0957 ms)
[10/04/2026-22:15:00] [I] Average on 1 runs - GPU latency: 6.79688 ms - Host latency: 6.92383 ms (enqueue 2.06641 ms)
[10/04/2026-22:15:00] [I] Average on 1 runs - GPU latency: 6.79297 ms - Host latency: 6.91797 ms (enqueue 2.02539 ms)
[10/04/2026-22:15:00] [I] Average on 1 runs - GPU latency: 6.79102 ms - Host latency: 6.91797 ms (enqueue 2.0625 ms)
[10/04/2026-22:15:00] [I] Average on 1 runs - GPU latency: 6.79883 ms - Host latency: 6.92383 ms (enqueue 2.07812 ms)
[10/04/2026-22:15:00] [I] Average on 1 runs - GPU latency: 6.79688 ms - Host latency: 6.92969 ms (enqueue 2.02344 ms)
[10/04/2026-22:15:00] [I] Average on 1 runs - GPU latency: 6.80859 ms - Host latency: 6.96094 ms (enqueue 2.03711 ms)
[10/04/2026-22:15:00] [I] Average on 1 runs - GPU latency: 6.80469 ms - Host latency: 6.94141 ms (enqueue 2.07031 ms)
[10/04/2026-22:15:00] [I] Average on 1 runs - GPU latency: 6.79883 ms - Host latency: 6.92969 ms (enqueue 2.04297 ms)
[10/04/2026-22:15:00] [I] Average on 1 runs - GPU latency: 6.79883 ms - Host latency: 6.92188 ms (enqueue 2.04102 ms)
[10/04/2026-22:15:00] [I] Average on 1 runs - GPU latency: 6.80078 ms - Host latency: 6.93555 ms (enqueue 2.08203 ms)
[10/04/2026-22:15:00] [I] Average on 1 runs - GPU latency: 6.80078 ms - Host latency: 6.93164 ms (enqueue 2.05859 ms)
[10/04/2026-22:15:00] [I] Average on 1 runs - GPU latency: 6.79492 ms - Host latency: 6.92969 ms (enqueue 2.0332 ms)
[10/04/2026-22:15:00] [I] Average on 1 runs - GPU latency: 6.76562 ms - Host latency: 6.88477 ms (enqueue 2.07812 ms)
[10/04/2026-22:15:00] [I] 
[10/04/2026-22:15:00] [I] === Performance summary ===
[10/04/2026-22:15:00] [I] Throughput: 146.979 qps
[10/04/2026-22:15:00] [I] Latency: min = 6.88477 ms, max = 7.71484 ms, mean = 6.92832 ms, median = 6.92676 ms, percentile(90%) = 6.94238 ms, percentile(95%) = 6.94824 ms, percentile(99%) = 6.96338 ms
[10/04/2026-22:15:00] [I] Enqueue Time: min = 1.94727 ms, max = 2.24121 ms, mean = 2.04608 ms, median = 2.04138 ms, percentile(90%) = 2.0835 ms, percentile(95%) = 2.09204 ms, percentile(99%) = 2.10547 ms
[10/04/2026-22:15:00] [I] H2D Latency: min = 0.107422 ms, max = 0.185547 ms, mean = 0.124116 ms, median = 0.123047 ms, percentile(90%) = 0.133789 ms, percentile(95%) = 0.137695 ms, percentile(99%) = 0.149414 ms
[10/04/2026-22:15:00] [I] GPU Compute Time: min = 6.76562 ms, max = 7.58203 ms, mean = 6.79789 ms, median = 6.79688 ms, percentile(90%) = 6.80566 ms, percentile(95%) = 6.80859 ms, percentile(99%) = 6.82324 ms
[10/04/2026-22:15:00] [I] D2H Latency: min = 0.00390625 ms, max = 0.0117188 ms, mean = 0.00631404 ms, median = 0.00585938 ms, percentile(90%) = 0.00878906 ms, percentile(95%) = 0.00927734 ms, percentile(99%) = 0.00976562 ms
[10/04/2026-22:15:00] [I] Total Host Walltime: 15.0226 s
[10/04/2026-22:15:00] [I] Total GPU Compute Time: 15.0097 s
[10/04/2026-22:15:00] [I] Explanations of the performance metrics are printed in the verbose logs.
[10/04/2026-22:15:00] [I] 
&&&& PASSED TensorRT.trtexec [TensorRT v100300] # /usr/src/tensorrt/bin/trtexec --loadEngine=/tmp/engines/y26s_640_uint8_opt3.engine --warmUp=3000 --duration=15 --idleTime=0 --avgRuns=1
