&&&& RUNNING TensorRT.trtexec [TensorRT v100300] # /usr/src/tensorrt/bin/trtexec --loadEngine=/tmp/engines/y26s_640_uint8_opt3.engine --warmUp=3000 --duration=15 --idleTime=2 --avgRuns=1
[10/04/2026-22:07:11] [I] === Model Options ===
[10/04/2026-22:07:11] [I] Format: *
[10/04/2026-22:07:11] [I] Model: 
[10/04/2026-22:07:11] [I] Output:
[10/04/2026-22:07:11] [I] 
[10/04/2026-22:07:11] [I] === System Options ===
[10/04/2026-22:07:11] [I] Device: 0
[10/04/2026-22:07:11] [I] DLACore: 
[10/04/2026-22:07:11] [I] Plugins:
[10/04/2026-22:07:11] [I] setPluginsToSerialize:
[10/04/2026-22:07:11] [I] dynamicPlugins:
[10/04/2026-22:07:11] [I] ignoreParsedPluginLibs: 0
[10/04/2026-22:07:11] [I] 
[10/04/2026-22:07:11] [I] === Inference Options ===
[10/04/2026-22:07:11] [I] Batch: Explicit
[10/04/2026-22:07:11] [I] Input inference shapes: model
[10/04/2026-22:07:11] [I] Iterations: 10
[10/04/2026-22:07:11] [I] Duration: 15s (+ 3000ms warm up)
[10/04/2026-22:07:11] [I] Sleep time: 0ms
[10/04/2026-22:07:11] [I] Idle time: 2ms
[10/04/2026-22:07:11] [I] Inference Streams: 1
[10/04/2026-22:07:11] [I] ExposeDMA: Disabled
[10/04/2026-22:07:11] [I] Data transfers: Enabled
[10/04/2026-22:07:11] [I] Spin-wait: Disabled
[10/04/2026-22:07:11] [I] Multithreading: Disabled
[10/04/2026-22:07:11] [I] CUDA Graph: Disabled
[10/04/2026-22:07:11] [I] Separate profiling: Disabled
[10/04/2026-22:07:11] [I] Time Deserialize: Disabled
[10/04/2026-22:07:11] [I] Time Refit: Disabled
[10/04/2026-22:07:11] [I] NVTX verbosity: 0
[10/04/2026-22:07:11] [I] Persistent Cache Ratio: 0
[10/04/2026-22:07:11] [I] Optimization Profile Index: 0
[10/04/2026-22:07:11] [I] Weight Streaming Budget: 100.000000%
[10/04/2026-22:07:11] [I] Inputs:
[10/04/2026-22:07:11] [I] Debug Tensor Save Destinations:
[10/04/2026-22:07:11] [I] === Reporting Options ===
[10/04/2026-22:07:11] [I] Verbose: Disabled
[10/04/2026-22:07:11] [I] Averages: 1 inferences
[10/04/2026-22:07:11] [I] Percentiles: 90,95,99
[10/04/2026-22:07:11] [I] Dump refittable layers:Disabled
[10/04/2026-22:07:11] [I] Dump output: Disabled
[10/04/2026-22:07:11] [I] Profile: Disabled
[10/04/2026-22:07:11] [I] Export timing to JSON file: 
[10/04/2026-22:07:11] [I] Export output to JSON file: 
[10/04/2026-22:07:11] [I] Export profile to JSON file: 
[10/04/2026-22:07:11] [I] 
[10/04/2026-22:07:11] [I] === Device Information ===
[10/04/2026-22:07:11] [I] Available Devices: 
[10/04/2026-22:07:11] [I]   Device 0: "Orin" UUID: GPU-6e16c2c1-e394-5324-8f2e-63a975968f4e
[10/04/2026-22:07:11] [I] Selected Device: Orin
[10/04/2026-22:07:11] [I] Selected Device ID: 0
[10/04/2026-22:07:11] [I] Selected Device UUID: GPU-6e16c2c1-e394-5324-8f2e-63a975968f4e
[10/04/2026-22:07:11] [I] Compute Capability: 8.7
[10/04/2026-22:07:11] [I] SMs: 8
[10/04/2026-22:07:11] [I] Device Global Memory: 7607 MiB
[10/04/2026-22:07:11] [I] Shared Memory per SM: 164 KiB
[10/04/2026-22:07:11] [I] Memory Bus Width: 128 bits (ECC disabled)
[10/04/2026-22:07:11] [I] Application Compute Clock Rate: 1.02 GHz
[10/04/2026-22:07:11] [I] Application Memory Clock Rate: 1.02 GHz
[10/04/2026-22:07:11] [I] 
[10/04/2026-22:07:11] [I] Note: The application clock rates do not reflect the actual clock rates that the GPU is currently running at.
[10/04/2026-22:07:11] [I] 
[10/04/2026-22:07:11] [I] TensorRT version: 10.3.0
[10/04/2026-22:07:11] [I] Loading standard plugins
[10/04/2026-22:07:11] [I] [TRT] Loaded engine size: 21 MiB
[10/04/2026-22:07:12] [I] Engine deserialized in 0.0906669 sec.
[10/04/2026-22:07:12] [I] [TRT] [MemUsageChange] TensorRT-managed allocation in IExecutionContext creation: CPU +0, GPU +18, now: CPU 0, GPU 36 (MiB)
[10/04/2026-22:07:12] [I] Setting persistentCacheLimit to 0 bytes.
[10/04/2026-22:07:12] [I] Created execution context with device memory size: 18.1641 MiB
[10/04/2026-22:07:12] [I] Using random values for input images
[10/04/2026-22:07:12] [I] Input binding for images with dimensions 1x640x640x3 is created.
[10/04/2026-22:07:12] [I] Output binding for output0 with dimensions 1x300x6 is created.
[10/04/2026-22:07:12] [I] Starting inference
[10/04/2026-22:07:30] [I] Warmup completed 412 queries over 3000 ms
[10/04/2026-22:07:30] [I] Timing trace has 2211 queries over 15.0179 s
[10/04/2026-22:07:30] [I] 
[10/04/2026-22:07:30] [I] === Trace details ===
[10/04/2026-22:07:30] [I] Trace averages of 1 runs:
[10/04/2026-22:07:30] [I] Average on 1 runs - GPU latency: 6.80835 ms - Host latency: 6.98389 ms (enqueue 4.20288 ms)
[10/04/2026-22:07:30] [I] Average on 1 runs - GPU latency: 6.78613 ms - Host latency: 6.96167 ms (enqueue 4.19458 ms)
[10/04/2026-22:07:30] [I] Average on 1 runs - GPU latency: 6.79565 ms - Host latency: 6.86987 ms (enqueue 4.19165 ms)
[10/04/2026-22:07:30] [I] Average on 1 runs - GPU latency: 6.78149 ms - Host latency: 6.85498 ms (enqueue 4.24048 ms)
[10/04/2026-22:07:30] [I] Average on 1 runs - GPU latency: 6.79077 ms - Host latency: 6.86499 ms (enqueue 2.19409 ms)
[10/04/2026-22:07:30] [I] Average on 1 runs - GPU latency: 6.78418 ms - Host latency: 6.86572 ms (enqueue 4.20679 ms)
[10/04/2026-22:07:30] [I] Average on 1 runs - GPU latency: 6.80884 ms - Host latency: 6.89014 ms (enqueue 3.76367 ms)
[10/04/2026-22:07:30] [I] Average on 1 runs - GPU latency: 6.79077 ms - Host latency: 6.86938 ms (enqueue 3.0415 ms)
[10/04/2026-22:07:30] [I] Average on 1 runs - GPU latency: 6.79004 ms - Host latency: 6.87158 ms (enqueue 3.05371 ms)
[10/04/2026-22:07:30] [I] Average on 1 runs - GPU latency: 6.79346 ms - Host latency: 6.87549 ms (enqueue 2.68457 ms)
[10/04/2026-22:07:30] [I] Average on 1 runs - GPU latency: 6.80469 ms - Host latency: 6.88452 ms (enqueue 4.20752 ms)
[10/04/2026-22:07:30] [I] Average on 1 runs - GPU latency: 6.79077 ms - Host latency: 6.87451 ms (enqueue 4.19727 ms)
[10/04/2026-22:07:30] [I] Average on 1 runs - GPU latency: 6.79272 ms - Host latency: 6.87207 ms (enqueue 4.22705 ms)
[10/04/2026-22:07:30] [I] Average on 1 runs - GPU latency: 6.78125 ms - Host latency: 6.86304 ms (enqueue 4.15405 ms)
[10/04/2026-22:07:30] [I] Average on 1 runs - GPU latency: 6.78955 ms - Host latency: 6.86841 ms (enqueue 4.14648 ms)
[10/04/2026-22:07:30] [I] Average on 1 runs - GPU latency: 6.77856 ms - Host latency: 6.8623 ms (enqueue 4.08398 ms)
[10/04/2026-22:07:30] [I] Average on 1 runs - GPU latency: 6.78711 ms - Host latency: 6.86572 ms (enqueue 4.10254 ms)
[10/04/2026-22:07:30] [I] Average on 1 runs - GPU latency: 6.78809 ms - Host latency: 6.86743 ms (enqueue 4.09473 ms)
[10/04/2026-22:07:30] [I] Average on 1 runs - GPU latency: 6.77954 ms - Host latency: 6.86011 ms (enqueue 4.15405 ms)
[10/04/2026-22:07:30] [I] Average on 1 runs - GPU latency: 6.77563 ms - Host latency: 6.85596 ms (enqueue 4.21289 ms)
[10/04/2026-22:07:30] [I] Average on 1 runs - GPU latency: 6.78882 ms - Host latency: 6.8689 ms (enqueue 4.11279 ms)
[10/04/2026-22:07:30] [I] Average on 1 runs - GPU latency: 6.78613 ms - Host latency: 6.86523 ms (enqueue 4.125 ms)
[10/04/2026-22:07:30] [I] Average on 1 runs - GPU latency: 6.7771 ms - Host latency: 6.85669 ms (enqueue 4.17676 ms)
[10/04/2026-22:07:30] [I] Average on 1 runs - GPU latency: 6.78687 ms - Host latency: 6.87012 ms (enqueue 4.17456 ms)
[10/04/2026-22:07:30] [I] Average on 1 runs - GPU latency: 6.77075 ms - Host latency: 6.86768 ms (enqueue 4.20337 ms)
[10/04/2026-22:07:30] [I] Average on 1 runs - GPU latency: 6.78101 ms - Host latency: 6.86646 ms (enqueue 4.12476 ms)
[10/04/2026-22:07:30] [I] Average on 1 runs - GPU latency: 6.79297 ms - Host latency: 6.86792 ms (enqueue 4.18359 ms)
[10/04/2026-22:07:30] [I] Average on 1 runs - GPU latency: 6.78931 ms - Host latency: 6.86719 ms (enqueue 4.17017 ms)
[10/04/2026-22:07:30] [I] Average on 1 runs - GPU latency: 6.77954 ms - Host latency: 6.85767 ms (enqueue 4.14917 ms)
[10/04/2026-22:07:30] [I] Average on 1 runs - GPU latency: 6.78711 ms - Host latency: 6.86548 ms (enqueue 4.17822 ms)
[10/04/2026-22:07:30] [I] Average on 1 runs - GPU latency: 6.78491 ms - Host latency: 6.86377 ms (enqueue 4.13647 ms)
[10/04/2026-22:07:30] [I] Average on 1 runs - GPU latency: 6.78223 ms - Host latency: 6.85913 ms (enqueue 4.14551 ms)
[10/04/2026-22:07:30] [I] Average on 1 runs - GPU latency: 6.7854 ms - Host latency: 6.86963 ms (enqueue 4.16162 ms)
[10/04/2026-22:07:30] [I] Average on 1 runs - GPU latency: 6.78564 ms - Host latency: 6.86646 ms (enqueue 4.22925 ms)
[10/04/2026-22:07:30] [I] Average on 1 runs - GPU latency: 6.78149 ms - Host latency: 6.85815 ms (enqueue 4.22339 ms)
[10/04/2026-22:07:30] [I] Average on 1 runs - GPU latency: 6.7937 ms - Host latency: 6.87305 ms (enqueue 4.20288 ms)
[10/04/2026-22:07:30] [I] Average on 1 runs - GPU latency: 6.78491 ms - Host latency: 6.86279 ms (enqueue 4.17676 ms)
[10/04/2026-22:07:30] [I] Average on 1 runs - GPU latency: 6.78564 ms - Host latency: 6.85913 ms (enqueue 4.15161 ms)
[10/04/2026-22:07:30] [I] Average on 1 runs - GPU latency: 6.79517 ms - Host latency: 6.88794 ms (enqueue 4.14893 ms)
[10/04/2026-22:07:30] [I] Average on 1 runs - GPU latency: 6.80127 ms - Host latency: 6.87988 ms (enqueue 4.13477 ms)
[10/04/2026-22:07:30] [I] Average on 1 runs - GPU latency: 6.78589 ms - Host latency: 6.86377 ms (enqueue 4.125 ms)
[10/04/2026-22:07:30] [I] Average on 1 runs - GPU latency: 6.7793 ms - Host latency: 6.86206 ms (enqueue 4.23218 ms)
[10/04/2026-22:07:30] [I] Average on 1 runs - GPU latency: 6.78174 ms - Host latency: 6.86182 ms (enqueue 4.20898 ms)
[10/04/2026-22:07:30] [I] Average on 1 runs - GPU latency: 6.7915 ms - Host latency: 6.87451 ms (enqueue 4.13452 ms)
[10/04/2026-22:07:30] [I] Average on 1 runs - GPU latency: 6.79102 ms - Host latency: 6.875 ms (enqueue 4.15967 ms)
[10/04/2026-22:07:30] [I] Average on 1 runs - GPU latency: 6.77881 ms - Host latency: 6.85889 ms (enqueue 4.24707 ms)
[10/04/2026-22:07:30] [I] Average on 1 runs - GPU latency: 6.78564 ms - Host latency: 6.8606 ms (enqueue 4.15576 ms)
[10/04/2026-22:07:30] [I] Average on 1 runs - GPU latency: 6.78345 ms - Host latency: 6.86255 ms (enqueue 4.1582 ms)
[10/04/2026-22:07:30] [I] Average on 1 runs - GPU latency: 6.78833 ms - Host latency: 6.86841 ms (enqueue 4.23682 ms)
[10/04/2026-22:07:30] [I] Average on 1 runs - GPU latency: 6.78247 ms - Host latency: 6.85791 ms (enqueue 4.21655 ms)
[10/04/2026-22:07:30] [I] Average on 1 runs - GPU latency: 6.78223 ms - Host latency: 6.8562 ms (enqueue 4.15649 ms)
[10/04/2026-22:07:30] [I] Average on 1 runs - GPU latency: 6.79175 ms - Host latency: 6.86987 ms (enqueue 4.23291 ms)
[10/04/2026-22:07:30] [I] Average on 1 runs - GPU latency: 6.78125 ms - Host latency: 6.8606 ms (enqueue 4.18066 ms)
[10/04/2026-22:07:30] [I] Average on 1 runs - GPU latency: 6.78003 ms - Host latency: 6.86182 ms (enqueue 4.15747 ms)
[10/04/2026-22:07:30] [I] Average on 1 runs - GPU latency: 6.78223 ms - Host latency: 6.86157 ms (enqueue 4.18018 ms)
[10/04/2026-22:07:30] [I] Average on 1 runs - GPU latency: 6.7771 ms - Host latency: 6.85767 ms (enqueue 4.15894 ms)
[10/04/2026-22:07:30] [I] Average on 1 runs - GPU latency: 6.78564 ms - Host latency: 6.86865 ms (enqueue 4.24463 ms)
[10/04/2026-22:07:30] [I] Average on 1 runs - GPU latency: 6.78687 ms - Host latency: 6.86743 ms (enqueue 4.27148 ms)
[10/04/2026-22:07:30] [I] Average on 1 runs - GPU latency: 6.7832 ms - Host latency: 6.86475 ms (enqueue 4.18188 ms)
[10/04/2026-22:07:30] [I] Average on 1 runs - GPU latency: 6.79663 ms - Host latency: 6.8772 ms (enqueue 4.15259 ms)
[10/04/2026-22:07:30] [I] Average on 1 runs - GPU latency: 6.78247 ms - Host latency: 6.86621 ms (enqueue 4.13257 ms)
[10/04/2026-22:07:30] [I] Average on 1 runs - GPU latency: 6.79126 ms - Host latency: 6.875 ms (enqueue 4.1582 ms)
[10/04/2026-22:07:30] [I] Average on 1 runs - GPU latency: 6.7915 ms - Host latency: 6.87012 ms (enqueue 4.19482 ms)
[10/04/2026-22:07:30] [I] Average on 1 runs - GPU latency: 6.7832 ms - Host latency: 6.86133 ms (enqueue 4.19116 ms)
[10/04/2026-22:07:30] [I] Average on 1 runs - GPU latency: 6.79077 ms - Host latency: 6.86914 ms (enqueue 4.14355 ms)
[10/04/2026-22:07:30] [I] Average on 1 runs - GPU latency: 6.79126 ms - Host latency: 6.89233 ms (enqueue 4.11572 ms)
[10/04/2026-22:07:30] [I] Average on 1 runs - GPU latency: 6.78833 ms - Host latency: 6.86768 ms (enqueue 4.18945 ms)
[10/04/2026-22:07:30] [I] Average on 1 runs - GPU latency: 6.78125 ms - Host latency: 6.85889 ms (enqueue 4.11182 ms)
[10/04/2026-22:07:30] [I] Average on 1 runs - GPU latency: 6.77905 ms - Host latency: 6.85474 ms (enqueue 4.23779 ms)
[10/04/2026-22:07:30] [I] Average on 1 runs - GPU latency: 6.78979 ms - Host latency: 6.87183 ms (enqueue 4.1499 ms)
[10/04/2026-22:07:30] [I] Average on 1 runs - GPU latency: 6.79639 ms - Host latency: 6.87573 ms (enqueue 4.21045 ms)
[10/04/2026-22:07:30] [I] Average on 1 runs - GPU latency: 6.79199 ms - Host latency: 6.87134 ms (enqueue 4.24634 ms)
[10/04/2026-22:07:30] [I] Average on 1 runs - GPU latency: 6.78003 ms - Host latency: 6.85938 ms (enqueue 4.19067 ms)
[10/04/2026-22:07:30] [I] Average on 1 runs - GPU latency: 6.7771 ms - Host latency: 6.85474 ms (enqueue 4.23242 ms)
[10/04/2026-22:07:30] [I] Average on 1 runs - GPU latency: 6.78613 ms - Host latency: 6.87158 ms (enqueue 4.18262 ms)
[10/04/2026-22:07:30] [I] Average on 1 runs - GPU latency: 6.77319 ms - Host latency: 6.85522 ms (enqueue 4.15527 ms)
[10/04/2026-22:07:30] [I] Average on 1 runs - GPU latency: 6.78101 ms - Host latency: 6.86353 ms (enqueue 4.16797 ms)
[10/04/2026-22:07:30] [I] Average on 1 runs - GPU latency: 6.78857 ms - Host latency: 6.86621 ms (enqueue 4.23267 ms)
[10/04/2026-22:07:30] [I] Average on 1 runs - GPU latency: 6.77954 ms - Host latency: 6.85791 ms (enqueue 4.2168 ms)
[10/04/2026-22:07:30] [I] Average on 1 runs - GPU latency: 6.77808 ms - Host latency: 6.85986 ms (enqueue 4.17261 ms)
[10/04/2026-22:07:30] [I] Average on 1 runs - GPU latency: 6.78149 ms - Host latency: 6.86084 ms (enqueue 4.20972 ms)
[10/04/2026-22:07:30] [I] Average on 1 runs - GPU latency: 6.78223 ms - Host latency: 6.86206 ms (enqueue 4.22925 ms)
[10/04/2026-22:07:30] [I] Average on 1 runs - GPU latency: 6.7771 ms - Host latency: 6.85596 ms (enqueue 4.2356 ms)
[10/04/2026-22:07:30] [I] Average on 1 runs - GPU latency: 6.7915 ms - Host latency: 6.86743 ms (enqueue 4.19507 ms)
[10/04/2026-22:07:30] [I] Average on 1 runs - GPU latency: 6.78564 ms - Host latency: 6.86548 ms (enqueue 4.20459 ms)
[10/04/2026-22:07:30] [I] Average on 1 runs - GPU latency: 6.79199 ms - Host latency: 6.8728 ms (enqueue 4.2168 ms)
[10/04/2026-22:07:30] [I] Average on 1 runs - GPU latency: 6.78638 ms - Host latency: 6.86304 ms (enqueue 4.15845 ms)
[10/04/2026-22:07:30] [I] Average on 1 runs - GPU latency: 6.78906 ms - Host latency: 6.86401 ms (enqueue 4.17725 ms)
[10/04/2026-22:07:30] [I] Average on 1 runs - GPU latency: 6.81201 ms - Host latency: 6.88989 ms (enqueue 4.22974 ms)
[10/04/2026-22:07:30] [I] Average on 1 runs - GPU latency: 6.80298 ms - Host latency: 6.88428 ms (enqueue 4.12476 ms)
[10/04/2026-22:07:30] [I] Average on 1 runs - GPU latency: 6.79565 ms - Host latency: 6.87891 ms (enqueue 4.18091 ms)
[10/04/2026-22:07:30] [I] Average on 1 runs - GPU latency: 6.78906 ms - Host latency: 6.87061 ms (enqueue 4.21924 ms)
[10/04/2026-22:07:30] [I] Average on 1 runs - GPU latency: 6.79688 ms - Host latency: 6.87427 ms (enqueue 4.19434 ms)
[10/04/2026-22:07:30] [I] Average on 1 runs - GPU latency: 6.78711 ms - Host latency: 6.86816 ms (enqueue 4.2124 ms)
[10/04/2026-22:07:30] [I] Average on 1 runs - GPU latency: 6.78711 ms - Host latency: 6.86646 ms (enqueue 4.20312 ms)
[10/04/2026-22:07:30] [I] Average on 1 runs - GPU latency: 6.78784 ms - Host latency: 6.86694 ms (enqueue 4.17993 ms)
[10/04/2026-22:07:30] [I] Average on 1 runs - GPU latency: 6.79565 ms - Host latency: 6.87524 ms (enqueue 4.18726 ms)
[10/04/2026-22:07:30] [I] Average on 1 runs - GPU latency: 6.79565 ms - Host latency: 6.87891 ms (enqueue 4.1377 ms)
[10/04/2026-22:07:30] [I] Average on 1 runs - GPU latency: 6.78613 ms - Host latency: 6.86353 ms (enqueue 4.20508 ms)
[10/04/2026-22:07:30] [I] Average on 1 runs - GPU latency: 6.78784 ms - Host latency: 6.86914 ms (enqueue 4.18457 ms)
[10/04/2026-22:07:30] [I] Average on 1 runs - GPU latency: 6.78271 ms - Host latency: 6.86548 ms (enqueue 4.27295 ms)
[10/04/2026-22:07:30] [I] Average on 1 runs - GPU latency: 6.78735 ms - Host latency: 6.8645 ms (enqueue 4.19312 ms)
[10/04/2026-22:07:30] [I] Average on 1 runs - GPU latency: 6.77734 ms - Host latency: 6.85547 ms (enqueue 4.17285 ms)
[10/04/2026-22:07:30] [I] Average on 1 runs - GPU latency: 6.79126 ms - Host latency: 6.87158 ms (enqueue 4.19556 ms)
[10/04/2026-22:07:30] [I] Average on 1 runs - GPU latency: 6.7876 ms - Host latency: 6.86987 ms (enqueue 4.20337 ms)
[10/04/2026-22:07:30] [I] Average on 1 runs - GPU latency: 6.79004 ms - Host latency: 6.87524 ms (enqueue 4.17651 ms)
[10/04/2026-22:07:30] [I] Average on 1 runs - GPU latency: 6.78857 ms - Host latency: 6.88403 ms (enqueue 4.10962 ms)
[10/04/2026-22:07:30] [I] Average on 1 runs - GPU latency: 6.78906 ms - Host latency: 6.87036 ms (enqueue 4.20166 ms)
[10/04/2026-22:07:30] [I] Average on 1 runs - GPU latency: 6.7876 ms - Host latency: 6.87134 ms (enqueue 4.19165 ms)
[10/04/2026-22:07:30] [I] Average on 1 runs - GPU latency: 6.78052 ms - Host latency: 6.8606 ms (enqueue 4.23804 ms)
[10/04/2026-22:07:30] [I] Average on 1 runs - GPU latency: 6.79077 ms - Host latency: 6.86401 ms (enqueue 4.14551 ms)
[10/04/2026-22:07:30] [I] Average on 1 runs - GPU latency: 6.78955 ms - Host latency: 6.8728 ms (enqueue 4.18555 ms)
[10/04/2026-22:07:30] [I] Average on 1 runs - GPU latency: 6.78296 ms - Host latency: 6.86328 ms (enqueue 4.16162 ms)
[10/04/2026-22:07:30] [I] Average on 1 runs - GPU latency: 6.78931 ms - Host latency: 6.86304 ms (enqueue 4.1687 ms)
[10/04/2026-22:07:30] [I] Average on 1 runs - GPU latency: 6.79419 ms - Host latency: 6.86865 ms (enqueue 4.18237 ms)
[10/04/2026-22:07:30] [I] Average on 1 runs - GPU latency: 6.78882 ms - Host latency: 6.86865 ms (enqueue 4.22363 ms)
[10/04/2026-22:07:30] [I] Average on 1 runs - GPU latency: 6.77905 ms - Host latency: 6.86255 ms (enqueue 4.24512 ms)
[10/04/2026-22:07:30] [I] Average on 1 runs - GPU latency: 6.77979 ms - Host latency: 6.86328 ms (enqueue 4.16113 ms)
[10/04/2026-22:07:30] [I] Average on 1 runs - GPU latency: 6.78345 ms - Host latency: 6.8667 ms (enqueue 4.19263 ms)
[10/04/2026-22:07:30] [I] Average on 1 runs - GPU latency: 6.78198 ms - Host latency: 6.86914 ms (enqueue 4.18066 ms)
[10/04/2026-22:07:30] [I] Average on 1 runs - GPU latency: 6.78711 ms - Host latency: 6.8689 ms (enqueue 4.2002 ms)
[10/04/2026-22:07:30] [I] Average on 1 runs - GPU latency: 6.79126 ms - Host latency: 6.8689 ms (enqueue 4.17847 ms)
[10/04/2026-22:07:30] [I] Average on 1 runs - GPU latency: 6.79053 ms - Host latency: 6.8667 ms (enqueue 4.198 ms)
[10/04/2026-22:07:30] [I] Average on 1 runs - GPU latency: 6.77979 ms - Host latency: 6.85815 ms (enqueue 4.17676 ms)
[10/04/2026-22:07:30] [I] Average on 1 runs - GPU latency: 6.79395 ms - Host latency: 6.88013 ms (enqueue 4.1543 ms)
[10/04/2026-22:07:30] [I] Average on 1 runs - GPU latency: 6.78564 ms - Host latency: 6.86621 ms (enqueue 4.18945 ms)
[10/04/2026-22:07:30] [I] Average on 1 runs - GPU latency: 6.78394 ms - Host latency: 6.86084 ms (enqueue 4.14917 ms)
[10/04/2026-22:07:30] [I] Average on 1 runs - GPU latency: 6.78931 ms - Host latency: 6.87158 ms (enqueue 4.19507 ms)
[10/04/2026-22:07:30] [I] Average on 1 runs - GPU latency: 6.78027 ms - Host latency: 6.85864 ms (enqueue 4.19653 ms)
[10/04/2026-22:07:30] [I] Average on 1 runs - GPU latency: 6.78564 ms - Host latency: 6.86816 ms (enqueue 4.18774 ms)
[10/04/2026-22:07:30] [I] Average on 1 runs - GPU latency: 6.78516 ms - Host latency: 6.86401 ms (enqueue 4.18604 ms)
[10/04/2026-22:07:30] [I] Average on 1 runs - GPU latency: 6.78149 ms - Host latency: 6.86548 ms (enqueue 4.19995 ms)
[10/04/2026-22:07:30] [I] Average on 1 runs - GPU latency: 6.76831 ms - Host latency: 6.8877 ms (enqueue 4.13306 ms)
[10/04/2026-22:07:30] [I] Average on 1 runs - GPU latency: 6.7854 ms - Host latency: 6.86255 ms (enqueue 4.18945 ms)
[10/04/2026-22:07:30] [I] Average on 1 runs - GPU latency: 6.78052 ms - Host latency: 6.85596 ms (enqueue 4.1731 ms)
[10/04/2026-22:07:30] [I] Average on 1 runs - GPU latency: 6.78418 ms - Host latency: 6.8606 ms (enqueue 4.17578 ms)
[10/04/2026-22:07:30] [I] Average on 1 runs - GPU latency: 6.79053 ms - Host latency: 6.86792 ms (enqueue 4.21167 ms)
[10/04/2026-22:07:30] [I] Average on 1 runs - GPU latency: 6.79907 ms - Host latency: 6.88159 ms (enqueue 4.18066 ms)
[10/04/2026-22:07:30] [I] Average on 1 runs - GPU latency: 6.78003 ms - Host latency: 6.86255 ms (enqueue 4.19116 ms)
[10/04/2026-22:07:30] [I] Average on 1 runs - GPU latency: 6.7771 ms - Host latency: 6.85254 ms (enqueue 4.15796 ms)
[10/04/2026-22:07:30] [I] Average on 1 runs - GPU latency: 6.78369 ms - Host latency: 6.86646 ms (enqueue 4.27222 ms)
[10/04/2026-22:07:30] [I] Average on 1 runs - GPU latency: 6.78027 ms - Host latency: 6.86328 ms (enqueue 4.17871 ms)
[10/04/2026-22:07:30] [I] Average on 1 runs - GPU latency: 6.78516 ms - Host latency: 6.86255 ms (enqueue 4.25781 ms)
[10/04/2026-22:07:30] [I] Average on 1 runs - GPU latency: 6.78613 ms - Host latency: 6.86694 ms (enqueue 4.18286 ms)
[10/04/2026-22:07:30] [I] Average on 1 runs - GPU latency: 6.78394 ms - Host latency: 6.85913 ms (enqueue 4.17212 ms)
[10/04/2026-22:07:30] [I] Average on 1 runs - GPU latency: 6.78223 ms - Host latency: 6.86621 ms (enqueue 4.23535 ms)
[10/04/2026-22:07:30] [I] Average on 1 runs - GPU latency: 6.79272 ms - Host latency: 6.87012 ms (enqueue 4.21094 ms)
[10/04/2026-22:07:30] [I] Average on 1 runs - GPU latency: 6.78638 ms - Host latency: 6.88672 ms (enqueue 4.15796 ms)
[10/04/2026-22:07:30] [I] Average on 1 runs - GPU latency: 6.78906 ms - Host latency: 6.86768 ms (enqueue 4.20825 ms)
[10/04/2026-22:07:30] [I] Average on 1 runs - GPU latency: 6.78125 ms - Host latency: 6.86279 ms (enqueue 4.15088 ms)
[10/04/2026-22:07:30] [I] Average on 1 runs - GPU latency: 6.79028 ms - Host latency: 6.87329 ms (enqueue 4.14893 ms)
[10/04/2026-22:07:30] [I] Average on 1 runs - GPU latency: 6.79272 ms - Host latency: 6.8689 ms (enqueue 4.21924 ms)
[10/04/2026-22:07:30] [I] Average on 1 runs - GPU latency: 6.77954 ms - Host latency: 6.85742 ms (enqueue 4.15601 ms)
[10/04/2026-22:07:30] [I] Average on 1 runs - GPU latency: 6.78052 ms - Host latency: 6.86475 ms (enqueue 4.16602 ms)
[10/04/2026-22:07:30] [I] Average on 1 runs - GPU latency: 6.78955 ms - Host latency: 6.86597 ms (enqueue 4.14795 ms)
[10/04/2026-22:07:30] [I] Average on 1 runs - GPU latency: 6.78271 ms - Host latency: 6.86572 ms (enqueue 4.18506 ms)
[10/04/2026-22:07:30] [I] Average on 1 runs - GPU latency: 6.78979 ms - Host latency: 6.87427 ms (enqueue 4.14307 ms)
[10/04/2026-22:07:30] [I] Average on 1 runs - GPU latency: 6.78467 ms - Host latency: 6.86523 ms (enqueue 4.20679 ms)
[10/04/2026-22:07:30] [I] Average on 1 runs - GPU latency: 6.77808 ms - Host latency: 6.85596 ms (enqueue 4.17725 ms)
[10/04/2026-22:07:30] [I] Average on 1 runs - GPU latency: 6.79102 ms - Host latency: 6.86816 ms (enqueue 4.22803 ms)
[10/04/2026-22:07:30] [I] Average on 1 runs - GPU latency: 6.78345 ms - Host latency: 6.8667 ms (enqueue 4.25513 ms)
[10/04/2026-22:07:30] [I] Average on 1 runs - GPU latency: 6.78564 ms - Host latency: 6.86523 ms (enqueue 4.15698 ms)
[10/04/2026-22:07:30] [I] Average on 1 runs - GPU latency: 6.78418 ms - Host latency: 6.86377 ms (enqueue 4.15723 ms)
[10/04/2026-22:07:30] [I] Average on 1 runs - GPU latency: 6.78027 ms - Host latency: 6.86084 ms (enqueue 4.23291 ms)
[10/04/2026-22:07:30] [I] Average on 1 runs - GPU latency: 6.78613 ms - Host latency: 6.8667 ms (enqueue 4.18604 ms)
[10/04/2026-22:07:30] [I] Average on 1 runs - GPU latency: 6.78857 ms - Host latency: 6.91406 ms (enqueue 4.12939 ms)
[10/04/2026-22:07:30] [I] Average on 1 runs - GPU latency: 6.78564 ms - Host latency: 6.86523 ms (enqueue 4.21191 ms)
[10/04/2026-22:07:30] [I] Average on 1 runs - GPU latency: 6.78955 ms - Host latency: 6.86572 ms (enqueue 4.18848 ms)
[10/04/2026-22:07:30] [I] Average on 1 runs - GPU latency: 6.79248 ms - Host latency: 6.86816 ms (enqueue 4.20312 ms)
[10/04/2026-22:07:30] [I] Average on 1 runs - GPU latency: 6.81299 ms - Host latency: 6.89307 ms (enqueue 4.17725 ms)
[10/04/2026-22:07:30] [I] Average on 1 runs - GPU latency: 6.7915 ms - Host latency: 6.87451 ms (enqueue 4.17822 ms)
[10/04/2026-22:07:30] [I] Average on 1 runs - GPU latency: 6.78955 ms - Host latency: 6.8667 ms (enqueue 4.18701 ms)
[10/04/2026-22:07:30] [I] Average on 1 runs - GPU latency: 6.79541 ms - Host latency: 6.87256 ms (enqueue 4.14746 ms)
[10/04/2026-22:07:30] [I] Average on 1 runs - GPU latency: 6.81055 ms - Host latency: 6.89014 ms (enqueue 4.20117 ms)
[10/04/2026-22:07:30] [I] Average on 1 runs - GPU latency: 6.79688 ms - Host latency: 6.87842 ms (enqueue 4.20557 ms)
[10/04/2026-22:07:30] [I] Average on 1 runs - GPU latency: 6.78564 ms - Host latency: 6.86328 ms (enqueue 4.20215 ms)
[10/04/2026-22:07:30] [I] Average on 1 runs - GPU latency: 6.7915 ms - Host latency: 6.86719 ms (enqueue 4.18701 ms)
[10/04/2026-22:07:30] [I] Average on 1 runs - GPU latency: 6.78418 ms - Host latency: 6.86719 ms (enqueue 4.20996 ms)
[10/04/2026-22:07:30] [I] Average on 1 runs - GPU latency: 6.80762 ms - Host latency: 6.88672 ms (enqueue 4.15576 ms)
[10/04/2026-22:07:30] [I] Average on 1 runs - GPU latency: 6.79004 ms - Host latency: 6.87158 ms (enqueue 4.1582 ms)
[10/04/2026-22:07:30] [I] Average on 1 runs - GPU latency: 6.80127 ms - Host latency: 6.88086 ms (enqueue 4.15771 ms)
[10/04/2026-22:07:30] [I] Average on 1 runs - GPU latency: 6.78516 ms - Host latency: 6.86719 ms (enqueue 4.22314 ms)
[10/04/2026-22:07:30] [I] Average on 1 runs - GPU latency: 6.78467 ms - Host latency: 6.86084 ms (enqueue 4.20898 ms)
[10/04/2026-22:07:30] [I] Average on 1 runs - GPU latency: 6.79053 ms - Host latency: 6.87061 ms (enqueue 4.18311 ms)
[10/04/2026-22:07:30] [I] Average on 1 runs - GPU latency: 6.78955 ms - Host latency: 6.86865 ms (enqueue 4.18164 ms)
[10/04/2026-22:07:30] [I] Average on 1 runs - GPU latency: 6.78613 ms - Host latency: 6.86768 ms (enqueue 4.18701 ms)
[10/04/2026-22:07:30] [I] Average on 1 runs - GPU latency: 6.78125 ms - Host latency: 6.8584 ms (enqueue 4.21973 ms)
[10/04/2026-22:07:30] [I] Average on 1 runs - GPU latency: 6.7832 ms - Host latency: 6.86719 ms (enqueue 4.20264 ms)
[10/04/2026-22:07:30] [I] Average on 1 runs - GPU latency: 6.79395 ms - Host latency: 6.89746 ms (enqueue 4.16553 ms)
[10/04/2026-22:07:30] [I] Average on 1 runs - GPU latency: 6.79102 ms - Host latency: 6.87158 ms (enqueue 4.22266 ms)
[10/04/2026-22:07:30] [I] Average on 1 runs - GPU latency: 6.78467 ms - Host latency: 6.87012 ms (enqueue 4.18262 ms)
[10/04/2026-22:07:30] [I] Average on 1 runs - GPU latency: 6.78516 ms - Host latency: 6.86719 ms (enqueue 4.15479 ms)
[10/04/2026-22:07:30] [I] Average on 1 runs - GPU latency: 6.78467 ms - Host latency: 6.86865 ms (enqueue 4.21191 ms)
[10/04/2026-22:07:30] [I] Average on 1 runs - GPU latency: 6.77979 ms - Host latency: 6.86084 ms (enqueue 4.15479 ms)
[10/04/2026-22:07:30] [I] Average on 1 runs - GPU latency: 6.79443 ms - Host latency: 6.87207 ms (enqueue 4.20068 ms)
[10/04/2026-22:07:30] [I] Average on 1 runs - GPU latency: 6.78223 ms - Host latency: 6.86279 ms (enqueue 4.13721 ms)
[10/04/2026-22:07:30] [I] Average on 1 runs - GPU latency: 6.78467 ms - Host latency: 6.86475 ms (enqueue 4.21094 ms)
[10/04/2026-22:07:30] [I] Average on 1 runs - GPU latency: 6.78125 ms - Host latency: 6.85938 ms (enqueue 4.19727 ms)
[10/04/2026-22:07:30] [I] Average on 1 runs - GPU latency: 6.77881 ms - Host latency: 6.85449 ms (enqueue 4.1665 ms)
[10/04/2026-22:07:30] [I] Average on 1 runs - GPU latency: 6.78467 ms - Host latency: 6.86426 ms (enqueue 4.18457 ms)
[10/04/2026-22:07:30] [I] ... Omitting 1811 lines
[10/04/2026-22:07:30] [I] Average on 1 runs - GPU latency: 6.78906 ms - Host latency: 6.86523 ms (enqueue 4.16602 ms)
[10/04/2026-22:07:30] [I] Average on 1 runs - GPU latency: 6.78516 ms - Host latency: 6.86133 ms (enqueue 4.15234 ms)
[10/04/2026-22:07:30] [I] Average on 1 runs - GPU latency: 6.7793 ms - Host latency: 6.85742 ms (enqueue 4.18359 ms)
[10/04/2026-22:07:30] [I] Average on 1 runs - GPU latency: 6.79297 ms - Host latency: 6.87305 ms (enqueue 4.20117 ms)
[10/04/2026-22:07:30] [I] Average on 1 runs - GPU latency: 6.7793 ms - Host latency: 6.85742 ms (enqueue 4.2207 ms)
[10/04/2026-22:07:30] [I] Average on 1 runs - GPU latency: 6.78711 ms - Host latency: 6.86719 ms (enqueue 4.13867 ms)
[10/04/2026-22:07:30] [I] Average on 1 runs - GPU latency: 6.79492 ms - Host latency: 6.87109 ms (enqueue 4.14844 ms)
[10/04/2026-22:07:30] [I] Average on 1 runs - GPU latency: 6.78906 ms - Host latency: 6.86523 ms (enqueue 4.1543 ms)
[10/04/2026-22:07:30] [I] Average on 1 runs - GPU latency: 6.78516 ms - Host latency: 6.86328 ms (enqueue 4.22852 ms)
[10/04/2026-22:07:30] [I] Average on 1 runs - GPU latency: 6.79102 ms - Host latency: 6.87109 ms (enqueue 4.15234 ms)
[10/04/2026-22:07:30] [I] Average on 1 runs - GPU latency: 6.78516 ms - Host latency: 6.85938 ms (enqueue 4.14844 ms)
[10/04/2026-22:07:30] [I] Average on 1 runs - GPU latency: 6.80078 ms - Host latency: 6.87695 ms (enqueue 4.22266 ms)
[10/04/2026-22:07:30] [I] Average on 1 runs - GPU latency: 6.78906 ms - Host latency: 6.87109 ms (enqueue 4.19727 ms)
[10/04/2026-22:07:30] [I] Average on 1 runs - GPU latency: 6.78906 ms - Host latency: 6.86719 ms (enqueue 4.1543 ms)
[10/04/2026-22:07:30] [I] Average on 1 runs - GPU latency: 6.78906 ms - Host latency: 6.86914 ms (enqueue 4.22266 ms)
[10/04/2026-22:07:30] [I] Average on 1 runs - GPU latency: 6.77734 ms - Host latency: 6.85938 ms (enqueue 4.19727 ms)
[10/04/2026-22:07:30] [I] Average on 1 runs - GPU latency: 6.78516 ms - Host latency: 6.86328 ms (enqueue 4.21289 ms)
[10/04/2026-22:07:30] [I] Average on 1 runs - GPU latency: 6.7832 ms - Host latency: 6.86133 ms (enqueue 4.1543 ms)
[10/04/2026-22:07:30] [I] Average on 1 runs - GPU latency: 6.7832 ms - Host latency: 6.86328 ms (enqueue 4.19141 ms)
[10/04/2026-22:07:30] [I] Average on 1 runs - GPU latency: 6.7832 ms - Host latency: 6.85938 ms (enqueue 4.14844 ms)
[10/04/2026-22:07:30] [I] Average on 1 runs - GPU latency: 6.78711 ms - Host latency: 6.87891 ms (enqueue 4.22656 ms)
[10/04/2026-22:07:30] [I] Average on 1 runs - GPU latency: 6.78516 ms - Host latency: 6.86133 ms (enqueue 4.18164 ms)
[10/04/2026-22:07:30] [I] Average on 1 runs - GPU latency: 6.77734 ms - Host latency: 6.85938 ms (enqueue 4.17969 ms)
[10/04/2026-22:07:30] [I] Average on 1 runs - GPU latency: 6.79883 ms - Host latency: 6.87891 ms (enqueue 4.1582 ms)
[10/04/2026-22:07:30] [I] Average on 1 runs - GPU latency: 6.7832 ms - Host latency: 6.86133 ms (enqueue 4.21484 ms)
[10/04/2026-22:07:30] [I] Average on 1 runs - GPU latency: 6.78711 ms - Host latency: 6.86523 ms (enqueue 4.20117 ms)
[10/04/2026-22:07:30] [I] Average on 1 runs - GPU latency: 6.78516 ms - Host latency: 6.86523 ms (enqueue 4.1875 ms)
[10/04/2026-22:07:30] [I] Average on 1 runs - GPU latency: 6.78516 ms - Host latency: 6.86523 ms (enqueue 4.21484 ms)
[10/04/2026-22:07:30] [I] Average on 1 runs - GPU latency: 6.78906 ms - Host latency: 6.86914 ms (enqueue 4.16797 ms)
[10/04/2026-22:07:30] [I] Average on 1 runs - GPU latency: 6.7832 ms - Host latency: 6.86328 ms (enqueue 4.16016 ms)
[10/04/2026-22:07:30] [I] Average on 1 runs - GPU latency: 6.78711 ms - Host latency: 6.86914 ms (enqueue 4.19727 ms)
[10/04/2026-22:07:30] [I] Average on 1 runs - GPU latency: 6.7832 ms - Host latency: 6.85938 ms (enqueue 4.22656 ms)
[10/04/2026-22:07:30] [I] Average on 1 runs - GPU latency: 6.79492 ms - Host latency: 6.86914 ms (enqueue 4.21094 ms)
[10/04/2026-22:07:30] [I] Average on 1 runs - GPU latency: 6.78711 ms - Host latency: 6.86914 ms (enqueue 4.1875 ms)
[10/04/2026-22:07:30] [I] Average on 1 runs - GPU latency: 6.77734 ms - Host latency: 6.87109 ms (enqueue 4.25391 ms)
[10/04/2026-22:07:30] [I] Average on 1 runs - GPU latency: 6.77734 ms - Host latency: 6.85742 ms (enqueue 4.16602 ms)
[10/04/2026-22:07:30] [I] Average on 1 runs - GPU latency: 6.79688 ms - Host latency: 6.87695 ms (enqueue 4.20312 ms)
[10/04/2026-22:07:30] [I] Average on 1 runs - GPU latency: 6.80664 ms - Host latency: 6.88672 ms (enqueue 4.19336 ms)
[10/04/2026-22:07:30] [I] Average on 1 runs - GPU latency: 6.79688 ms - Host latency: 6.88086 ms (enqueue 4.17383 ms)
[10/04/2026-22:07:30] [I] Average on 1 runs - GPU latency: 6.79688 ms - Host latency: 6.875 ms (enqueue 4.12891 ms)
[10/04/2026-22:07:30] [I] Average on 1 runs - GPU latency: 6.79688 ms - Host latency: 6.87891 ms (enqueue 4.24219 ms)
[10/04/2026-22:07:30] [I] Average on 1 runs - GPU latency: 6.79688 ms - Host latency: 6.87695 ms (enqueue 4.22461 ms)
[10/04/2026-22:07:30] [I] Average on 1 runs - GPU latency: 6.78711 ms - Host latency: 6.87109 ms (enqueue 4.26758 ms)
[10/04/2026-22:07:30] [I] Average on 1 runs - GPU latency: 6.79492 ms - Host latency: 6.87109 ms (enqueue 4.24219 ms)
[10/04/2026-22:07:30] [I] Average on 1 runs - GPU latency: 6.79492 ms - Host latency: 6.875 ms (enqueue 4.1875 ms)
[10/04/2026-22:07:30] [I] Average on 1 runs - GPU latency: 6.79492 ms - Host latency: 6.87695 ms (enqueue 4.12695 ms)
[10/04/2026-22:07:30] [I] Average on 1 runs - GPU latency: 6.79102 ms - Host latency: 6.86914 ms (enqueue 4.16211 ms)
[10/04/2026-22:07:30] [I] Average on 1 runs - GPU latency: 6.78125 ms - Host latency: 6.85938 ms (enqueue 4.17383 ms)
[10/04/2026-22:07:30] [I] Average on 1 runs - GPU latency: 6.7793 ms - Host latency: 6.85547 ms (enqueue 4.24023 ms)
[10/04/2026-22:07:30] [I] Average on 1 runs - GPU latency: 6.78516 ms - Host latency: 6.86133 ms (enqueue 4.17383 ms)
[10/04/2026-22:07:30] [I] Average on 1 runs - GPU latency: 6.79688 ms - Host latency: 6.875 ms (enqueue 4.11328 ms)
[10/04/2026-22:07:30] [I] Average on 1 runs - GPU latency: 6.77734 ms - Host latency: 6.85352 ms (enqueue 4.16797 ms)
[10/04/2026-22:07:30] [I] Average on 1 runs - GPU latency: 6.7793 ms - Host latency: 6.86328 ms (enqueue 4.13086 ms)
[10/04/2026-22:07:30] [I] Average on 1 runs - GPU latency: 6.78906 ms - Host latency: 6.87109 ms (enqueue 4.20898 ms)
[10/04/2026-22:07:30] [I] Average on 1 runs - GPU latency: 6.78906 ms - Host latency: 6.86328 ms (enqueue 4.16016 ms)
[10/04/2026-22:07:30] [I] Average on 1 runs - GPU latency: 6.79102 ms - Host latency: 6.86914 ms (enqueue 4.13672 ms)
[10/04/2026-22:07:30] [I] Average on 1 runs - GPU latency: 6.79297 ms - Host latency: 6.87305 ms (enqueue 4.14648 ms)
[10/04/2026-22:07:30] [I] Average on 1 runs - GPU latency: 6.7832 ms - Host latency: 6.86328 ms (enqueue 4.14648 ms)
[10/04/2026-22:07:30] [I] Average on 1 runs - GPU latency: 6.78711 ms - Host latency: 6.86328 ms (enqueue 4.17773 ms)
[10/04/2026-22:07:30] [I] Average on 1 runs - GPU latency: 6.79883 ms - Host latency: 6.87695 ms (enqueue 4.17578 ms)
[10/04/2026-22:07:30] [I] Average on 1 runs - GPU latency: 6.78516 ms - Host latency: 6.86523 ms (enqueue 4.16602 ms)
[10/04/2026-22:07:30] [I] Average on 1 runs - GPU latency: 6.78906 ms - Host latency: 6.88672 ms (enqueue 4.17773 ms)
[10/04/2026-22:07:30] [I] Average on 1 runs - GPU latency: 6.7793 ms - Host latency: 6.86133 ms (enqueue 4.15625 ms)
[10/04/2026-22:07:30] [I] Average on 1 runs - GPU latency: 6.78711 ms - Host latency: 6.87109 ms (enqueue 4.21289 ms)
[10/04/2026-22:07:30] [I] Average on 1 runs - GPU latency: 6.78906 ms - Host latency: 6.86719 ms (enqueue 4.18945 ms)
[10/04/2026-22:07:30] [I] Average on 1 runs - GPU latency: 6.7793 ms - Host latency: 6.86133 ms (enqueue 4.1582 ms)
[10/04/2026-22:07:30] [I] Average on 1 runs - GPU latency: 6.7793 ms - Host latency: 6.86133 ms (enqueue 4.18359 ms)
[10/04/2026-22:07:30] [I] Average on 1 runs - GPU latency: 6.7793 ms - Host latency: 6.86133 ms (enqueue 4.21484 ms)
[10/04/2026-22:07:30] [I] Average on 1 runs - GPU latency: 6.78516 ms - Host latency: 6.86523 ms (enqueue 4.20312 ms)
[10/04/2026-22:07:30] [I] Average on 1 runs - GPU latency: 6.78906 ms - Host latency: 6.86328 ms (enqueue 4.17188 ms)
[10/04/2026-22:07:30] [I] Average on 1 runs - GPU latency: 6.77734 ms - Host latency: 6.85352 ms (enqueue 4.23633 ms)
[10/04/2026-22:07:30] [I] Average on 1 runs - GPU latency: 6.78516 ms - Host latency: 6.86719 ms (enqueue 4.16797 ms)
[10/04/2026-22:07:30] [I] Average on 1 runs - GPU latency: 6.78516 ms - Host latency: 6.86133 ms (enqueue 4.1543 ms)
[10/04/2026-22:07:30] [I] Average on 1 runs - GPU latency: 6.77539 ms - Host latency: 6.85352 ms (enqueue 4.20703 ms)
[10/04/2026-22:07:30] [I] Average on 1 runs - GPU latency: 6.7793 ms - Host latency: 6.86328 ms (enqueue 4.17773 ms)
[10/04/2026-22:07:30] [I] Average on 1 runs - GPU latency: 6.78906 ms - Host latency: 6.87891 ms (enqueue 4.17578 ms)
[10/04/2026-22:07:30] [I] Average on 1 runs - GPU latency: 6.7832 ms - Host latency: 6.86523 ms (enqueue 4.15625 ms)
[10/04/2026-22:07:30] [I] Average on 1 runs - GPU latency: 6.78516 ms - Host latency: 6.86133 ms (enqueue 4.14453 ms)
[10/04/2026-22:07:30] [I] Average on 1 runs - GPU latency: 6.78125 ms - Host latency: 6.86328 ms (enqueue 4.17188 ms)
[10/04/2026-22:07:30] [I] Average on 1 runs - GPU latency: 6.78516 ms - Host latency: 6.86133 ms (enqueue 4.24023 ms)
[10/04/2026-22:07:30] [I] Average on 1 runs - GPU latency: 6.77734 ms - Host latency: 6.85352 ms (enqueue 4.17969 ms)
[10/04/2026-22:07:30] [I] Average on 1 runs - GPU latency: 6.78516 ms - Host latency: 6.87109 ms (enqueue 4.18945 ms)
[10/04/2026-22:07:30] [I] Average on 1 runs - GPU latency: 6.78516 ms - Host latency: 6.86523 ms (enqueue 4.13477 ms)
[10/04/2026-22:07:30] [I] Average on 1 runs - GPU latency: 6.78711 ms - Host latency: 6.86914 ms (enqueue 4.18945 ms)
[10/04/2026-22:07:30] [I] Average on 1 runs - GPU latency: 6.78125 ms - Host latency: 6.86133 ms (enqueue 4.15234 ms)
[10/04/2026-22:07:30] [I] Average on 1 runs - GPU latency: 6.78711 ms - Host latency: 6.86719 ms (enqueue 4.11914 ms)
[10/04/2026-22:07:30] [I] Average on 1 runs - GPU latency: 6.78711 ms - Host latency: 6.86523 ms (enqueue 4.17383 ms)
[10/04/2026-22:07:30] [I] Average on 1 runs - GPU latency: 6.77539 ms - Host latency: 6.85742 ms (enqueue 4.15234 ms)
[10/04/2026-22:07:30] [I] Average on 1 runs - GPU latency: 6.7832 ms - Host latency: 6.86328 ms (enqueue 4.17383 ms)
[10/04/2026-22:07:30] [I] Average on 1 runs - GPU latency: 6.78711 ms - Host latency: 6.86523 ms (enqueue 4.15039 ms)
[10/04/2026-22:07:30] [I] Average on 1 runs - GPU latency: 6.78711 ms - Host latency: 6.86719 ms (enqueue 4.23047 ms)
[10/04/2026-22:07:30] [I] Average on 1 runs - GPU latency: 6.77539 ms - Host latency: 6.85547 ms (enqueue 4.17188 ms)
[10/04/2026-22:07:30] [I] Average on 1 runs - GPU latency: 6.79492 ms - Host latency: 6.86914 ms (enqueue 4.17188 ms)
[10/04/2026-22:07:30] [I] Average on 1 runs - GPU latency: 6.7832 ms - Host latency: 6.85938 ms (enqueue 4.17383 ms)
[10/04/2026-22:07:30] [I] Average on 1 runs - GPU latency: 6.78711 ms - Host latency: 6.86328 ms (enqueue 4.19922 ms)
[10/04/2026-22:07:30] [I] Average on 1 runs - GPU latency: 6.78711 ms - Host latency: 6.86719 ms (enqueue 4.19336 ms)
[10/04/2026-22:07:30] [I] Average on 1 runs - GPU latency: 6.77539 ms - Host latency: 6.85742 ms (enqueue 4.19141 ms)
[10/04/2026-22:07:30] [I] Average on 1 runs - GPU latency: 6.79297 ms - Host latency: 6.87695 ms (enqueue 4.27539 ms)
[10/04/2026-22:07:30] [I] Average on 1 runs - GPU latency: 6.78906 ms - Host latency: 6.89062 ms (enqueue 4.39844 ms)
[10/04/2026-22:07:30] [I] Average on 1 runs - GPU latency: 6.77734 ms - Host latency: 6.86914 ms (enqueue 4.15625 ms)
[10/04/2026-22:07:30] [I] Average on 1 runs - GPU latency: 6.78516 ms - Host latency: 6.86328 ms (enqueue 4.12695 ms)
[10/04/2026-22:07:30] [I] Average on 1 runs - GPU latency: 6.77734 ms - Host latency: 6.85547 ms (enqueue 4.17383 ms)
[10/04/2026-22:07:30] [I] Average on 1 runs - GPU latency: 6.78125 ms - Host latency: 6.88086 ms (enqueue 4.12305 ms)
[10/04/2026-22:07:30] [I] Average on 1 runs - GPU latency: 6.79492 ms - Host latency: 6.87305 ms (enqueue 4.1582 ms)
[10/04/2026-22:07:30] [I] Average on 1 runs - GPU latency: 6.77344 ms - Host latency: 6.84961 ms (enqueue 2.06641 ms)
[10/04/2026-22:07:30] [I] Average on 1 runs - GPU latency: 6.7832 ms - Host latency: 6.86328 ms (enqueue 4.12305 ms)
[10/04/2026-22:07:30] [I] Average on 1 runs - GPU latency: 6.78711 ms - Host latency: 6.86328 ms (enqueue 4.20703 ms)
[10/04/2026-22:07:30] [I] Average on 1 runs - GPU latency: 6.7832 ms - Host latency: 6.86133 ms (enqueue 4.11523 ms)
[10/04/2026-22:07:30] [I] Average on 1 runs - GPU latency: 6.79492 ms - Host latency: 6.87305 ms (enqueue 4.07031 ms)
[10/04/2026-22:07:30] [I] Average on 1 runs - GPU latency: 6.79102 ms - Host latency: 6.87891 ms (enqueue 4.12891 ms)
[10/04/2026-22:07:30] [I] Average on 1 runs - GPU latency: 6.78906 ms - Host latency: 6.87109 ms (enqueue 4.10742 ms)
[10/04/2026-22:07:30] [I] Average on 1 runs - GPU latency: 6.78711 ms - Host latency: 6.86523 ms (enqueue 2.51562 ms)
[10/04/2026-22:07:30] [I] Average on 1 runs - GPU latency: 6.79102 ms - Host latency: 6.86719 ms (enqueue 4.12891 ms)
[10/04/2026-22:07:30] [I] Average on 1 runs - GPU latency: 6.79297 ms - Host latency: 6.86719 ms (enqueue 4.19727 ms)
[10/04/2026-22:07:30] [I] Average on 1 runs - GPU latency: 6.7793 ms - Host latency: 6.85547 ms (enqueue 4.16406 ms)
[10/04/2026-22:07:30] [I] Average on 1 runs - GPU latency: 6.78711 ms - Host latency: 6.86523 ms (enqueue 4.22852 ms)
[10/04/2026-22:07:30] [I] Average on 1 runs - GPU latency: 6.78711 ms - Host latency: 6.88477 ms (enqueue 4.14844 ms)
[10/04/2026-22:07:30] [I] Average on 1 runs - GPU latency: 6.78711 ms - Host latency: 6.86133 ms (enqueue 4.19727 ms)
[10/04/2026-22:07:30] [I] Average on 1 runs - GPU latency: 6.81641 ms - Host latency: 6.89453 ms (enqueue 3.79883 ms)
[10/04/2026-22:07:30] [I] Average on 1 runs - GPU latency: 6.79688 ms - Host latency: 6.87891 ms (enqueue 3.03516 ms)
[10/04/2026-22:07:30] [I] Average on 1 runs - GPU latency: 6.79297 ms - Host latency: 6.87695 ms (enqueue 2.94531 ms)
[10/04/2026-22:07:30] [I] Average on 1 runs - GPU latency: 6.79883 ms - Host latency: 6.875 ms (enqueue 2.64258 ms)
[10/04/2026-22:07:30] [I] Average on 1 runs - GPU latency: 6.80664 ms - Host latency: 6.88281 ms (enqueue 2.60547 ms)
[10/04/2026-22:07:30] [I] Average on 1 runs - GPU latency: 6.78516 ms - Host latency: 6.875 ms (enqueue 2.64453 ms)
[10/04/2026-22:07:30] [I] Average on 1 runs - GPU latency: 6.78906 ms - Host latency: 6.87305 ms (enqueue 2.6543 ms)
[10/04/2026-22:07:30] [I] Average on 1 runs - GPU latency: 6.79883 ms - Host latency: 6.87109 ms (enqueue 2.55664 ms)
[10/04/2026-22:07:30] [I] Average on 1 runs - GPU latency: 6.77734 ms - Host latency: 6.85156 ms (enqueue 2.22266 ms)
[10/04/2026-22:07:30] [I] Average on 1 runs - GPU latency: 6.79492 ms - Host latency: 6.88477 ms (enqueue 4.26172 ms)
[10/04/2026-22:07:30] [I] Average on 1 runs - GPU latency: 6.78125 ms - Host latency: 6.86328 ms (enqueue 4.12695 ms)
[10/04/2026-22:07:30] [I] Average on 1 runs - GPU latency: 6.78906 ms - Host latency: 6.875 ms (enqueue 4.21484 ms)
[10/04/2026-22:07:30] [I] Average on 1 runs - GPU latency: 6.7832 ms - Host latency: 6.875 ms (enqueue 4.23828 ms)
[10/04/2026-22:07:30] [I] Average on 1 runs - GPU latency: 6.78906 ms - Host latency: 6.86719 ms (enqueue 4.14258 ms)
[10/04/2026-22:07:30] [I] Average on 1 runs - GPU latency: 6.79883 ms - Host latency: 6.88477 ms (enqueue 4.21094 ms)
[10/04/2026-22:07:30] [I] Average on 1 runs - GPU latency: 6.7832 ms - Host latency: 6.86523 ms (enqueue 2.97852 ms)
[10/04/2026-22:07:30] [I] Average on 1 runs - GPU latency: 6.7832 ms - Host latency: 6.86133 ms (enqueue 4.19531 ms)
[10/04/2026-22:07:30] [I] Average on 1 runs - GPU latency: 6.7793 ms - Host latency: 6.85742 ms (enqueue 4.21484 ms)
[10/04/2026-22:07:30] [I] Average on 1 runs - GPU latency: 6.77344 ms - Host latency: 6.85547 ms (enqueue 4.2207 ms)
[10/04/2026-22:07:30] [I] Average on 1 runs - GPU latency: 6.78516 ms - Host latency: 6.86914 ms (enqueue 4.17578 ms)
[10/04/2026-22:07:30] [I] Average on 1 runs - GPU latency: 6.7793 ms - Host latency: 6.85938 ms (enqueue 4.20703 ms)
[10/04/2026-22:07:30] [I] Average on 1 runs - GPU latency: 6.78125 ms - Host latency: 6.85938 ms (enqueue 4.22266 ms)
[10/04/2026-22:07:30] [I] Average on 1 runs - GPU latency: 6.80078 ms - Host latency: 6.88281 ms (enqueue 4.17969 ms)
[10/04/2026-22:07:30] [I] Average on 1 runs - GPU latency: 6.77539 ms - Host latency: 6.89844 ms (enqueue 4.23438 ms)
[10/04/2026-22:07:30] [I] Average on 1 runs - GPU latency: 6.78516 ms - Host latency: 6.86523 ms (enqueue 4.20703 ms)
[10/04/2026-22:07:30] [I] Average on 1 runs - GPU latency: 6.79102 ms - Host latency: 6.87109 ms (enqueue 3.32422 ms)
[10/04/2026-22:07:30] [I] Average on 1 runs - GPU latency: 6.78711 ms - Host latency: 6.86914 ms (enqueue 4.20117 ms)
[10/04/2026-22:07:30] [I] Average on 1 runs - GPU latency: 6.7832 ms - Host latency: 6.86328 ms (enqueue 4.18945 ms)
[10/04/2026-22:07:30] [I] Average on 1 runs - GPU latency: 6.78906 ms - Host latency: 6.86719 ms (enqueue 4.19336 ms)
[10/04/2026-22:07:30] [I] Average on 1 runs - GPU latency: 6.78711 ms - Host latency: 6.86328 ms (enqueue 4.27148 ms)
[10/04/2026-22:07:30] [I] Average on 1 runs - GPU latency: 6.78125 ms - Host latency: 6.85938 ms (enqueue 2.16992 ms)
[10/04/2026-22:07:30] [I] Average on 1 runs - GPU latency: 6.7793 ms - Host latency: 6.85938 ms (enqueue 4.25 ms)
[10/04/2026-22:07:30] [I] Average on 1 runs - GPU latency: 6.79102 ms - Host latency: 6.86914 ms (enqueue 4.19727 ms)
[10/04/2026-22:07:30] [I] Average on 1 runs - GPU latency: 6.78711 ms - Host latency: 6.86523 ms (enqueue 4.23633 ms)
[10/04/2026-22:07:30] [I] Average on 1 runs - GPU latency: 6.78516 ms - Host latency: 6.86523 ms (enqueue 4.17578 ms)
[10/04/2026-22:07:30] [I] Average on 1 runs - GPU latency: 6.7832 ms - Host latency: 6.86133 ms (enqueue 4.19336 ms)
[10/04/2026-22:07:30] [I] Average on 1 runs - GPU latency: 6.7793 ms - Host latency: 6.85742 ms (enqueue 4.22266 ms)
[10/04/2026-22:07:30] [I] Average on 1 runs - GPU latency: 6.78125 ms - Host latency: 6.85742 ms (enqueue 3.45312 ms)
[10/04/2026-22:07:30] [I] Average on 1 runs - GPU latency: 6.78711 ms - Host latency: 6.87109 ms (enqueue 4.22656 ms)
[10/04/2026-22:07:30] [I] Average on 1 runs - GPU latency: 6.7793 ms - Host latency: 6.86328 ms (enqueue 4.16797 ms)
[10/04/2026-22:07:30] [I] Average on 1 runs - GPU latency: 6.78125 ms - Host latency: 6.86133 ms (enqueue 4.1543 ms)
[10/04/2026-22:07:30] [I] Average on 1 runs - GPU latency: 6.78516 ms - Host latency: 6.86719 ms (enqueue 4.21484 ms)
[10/04/2026-22:07:30] [I] Average on 1 runs - GPU latency: 6.78125 ms - Host latency: 6.85742 ms (enqueue 4.23438 ms)
[10/04/2026-22:07:30] [I] Average on 1 runs - GPU latency: 6.78516 ms - Host latency: 6.86133 ms (enqueue 4.16602 ms)
[10/04/2026-22:07:30] [I] Average on 1 runs - GPU latency: 6.79492 ms - Host latency: 6.87305 ms (enqueue 4.19336 ms)
[10/04/2026-22:07:30] [I] Average on 1 runs - GPU latency: 6.78516 ms - Host latency: 6.86328 ms (enqueue 3.33789 ms)
[10/04/2026-22:07:30] [I] Average on 1 runs - GPU latency: 6.78711 ms - Host latency: 6.86328 ms (enqueue 4.25391 ms)
[10/04/2026-22:07:30] [I] Average on 1 runs - GPU latency: 6.78711 ms - Host latency: 6.86523 ms (enqueue 4.23828 ms)
[10/04/2026-22:07:30] [I] Average on 1 runs - GPU latency: 6.7832 ms - Host latency: 6.86719 ms (enqueue 4.17578 ms)
[10/04/2026-22:07:30] [I] Average on 1 runs - GPU latency: 6.78516 ms - Host latency: 6.86133 ms (enqueue 4.21094 ms)
[10/04/2026-22:07:30] [I] Average on 1 runs - GPU latency: 6.79102 ms - Host latency: 6.86719 ms (enqueue 4.20703 ms)
[10/04/2026-22:07:30] [I] Average on 1 runs - GPU latency: 6.78125 ms - Host latency: 6.85938 ms (enqueue 4.19531 ms)
[10/04/2026-22:07:30] [I] Average on 1 runs - GPU latency: 6.7832 ms - Host latency: 6.86328 ms (enqueue 2.5625 ms)
[10/04/2026-22:07:30] [I] Average on 1 runs - GPU latency: 6.78906 ms - Host latency: 6.86914 ms (enqueue 4.23242 ms)
[10/04/2026-22:07:30] [I] Average on 1 runs - GPU latency: 6.77539 ms - Host latency: 6.85547 ms (enqueue 4.25977 ms)
[10/04/2026-22:07:30] [I] Average on 1 runs - GPU latency: 6.77734 ms - Host latency: 6.85547 ms (enqueue 4.20703 ms)
[10/04/2026-22:07:30] [I] Average on 1 runs - GPU latency: 6.79688 ms - Host latency: 6.87891 ms (enqueue 4.17578 ms)
[10/04/2026-22:07:30] [I] Average on 1 runs - GPU latency: 6.78906 ms - Host latency: 6.86719 ms (enqueue 4.16797 ms)
[10/04/2026-22:07:30] [I] Average on 1 runs - GPU latency: 6.79297 ms - Host latency: 6.86719 ms (enqueue 4.24023 ms)
[10/04/2026-22:07:30] [I] Average on 1 runs - GPU latency: 6.78516 ms - Host latency: 6.86328 ms (enqueue 3.85742 ms)
[10/04/2026-22:07:30] [I] Average on 1 runs - GPU latency: 6.78906 ms - Host latency: 6.85742 ms (enqueue 4.26172 ms)
[10/04/2026-22:07:30] [I] Average on 1 runs - GPU latency: 6.78906 ms - Host latency: 6.86719 ms (enqueue 4.22852 ms)
[10/04/2026-22:07:30] [I] Average on 1 runs - GPU latency: 6.78711 ms - Host latency: 6.86914 ms (enqueue 4.20703 ms)
[10/04/2026-22:07:30] [I] Average on 1 runs - GPU latency: 6.79102 ms - Host latency: 6.86914 ms (enqueue 4.24609 ms)
[10/04/2026-22:07:30] [I] Average on 1 runs - GPU latency: 6.78516 ms - Host latency: 6.86328 ms (enqueue 4.20703 ms)
[10/04/2026-22:07:30] [I] Average on 1 runs - GPU latency: 6.79102 ms - Host latency: 6.87109 ms (enqueue 4.30859 ms)
[10/04/2026-22:07:30] [I] Average on 1 runs - GPU latency: 6.78711 ms - Host latency: 6.86328 ms (enqueue 4.18359 ms)
[10/04/2026-22:07:30] [I] Average on 1 runs - GPU latency: 6.7832 ms - Host latency: 6.85547 ms (enqueue 2.95312 ms)
[10/04/2026-22:07:30] [I] Average on 1 runs - GPU latency: 6.78516 ms - Host latency: 6.86133 ms (enqueue 4.19336 ms)
[10/04/2026-22:07:30] [I] Average on 1 runs - GPU latency: 6.78125 ms - Host latency: 6.85742 ms (enqueue 4.17969 ms)
[10/04/2026-22:07:30] [I] Average on 1 runs - GPU latency: 6.78711 ms - Host latency: 6.86914 ms (enqueue 4.17969 ms)
[10/04/2026-22:07:30] [I] Average on 1 runs - GPU latency: 6.78125 ms - Host latency: 6.86133 ms (enqueue 4.18945 ms)
[10/04/2026-22:07:30] [I] Average on 1 runs - GPU latency: 6.78711 ms - Host latency: 6.86523 ms (enqueue 4.23047 ms)
[10/04/2026-22:07:30] [I] Average on 1 runs - GPU latency: 6.78711 ms - Host latency: 6.86133 ms (enqueue 4.17188 ms)
[10/04/2026-22:07:30] [I] Average on 1 runs - GPU latency: 6.78125 ms - Host latency: 6.86523 ms (enqueue 3.0293 ms)
[10/04/2026-22:07:30] [I] Average on 1 runs - GPU latency: 6.79102 ms - Host latency: 6.87305 ms (enqueue 4.26367 ms)
[10/04/2026-22:07:30] [I] Average on 1 runs - GPU latency: 6.78906 ms - Host latency: 6.86523 ms (enqueue 4.27539 ms)
[10/04/2026-22:07:30] [I] Average on 1 runs - GPU latency: 6.7793 ms - Host latency: 6.85742 ms (enqueue 4.19141 ms)
[10/04/2026-22:07:30] [I] Average on 1 runs - GPU latency: 6.78906 ms - Host latency: 6.86523 ms (enqueue 4.18945 ms)
[10/04/2026-22:07:30] [I] Average on 1 runs - GPU latency: 6.78906 ms - Host latency: 6.86914 ms (enqueue 4.17188 ms)
[10/04/2026-22:07:30] [I] Average on 1 runs - GPU latency: 6.78711 ms - Host latency: 6.87695 ms (enqueue 4.27539 ms)
[10/04/2026-22:07:30] [I] Average on 1 runs - GPU latency: 6.79688 ms - Host latency: 6.88086 ms (enqueue 4.16992 ms)
[10/04/2026-22:07:30] [I] Average on 1 runs - GPU latency: 6.79492 ms - Host latency: 6.86719 ms (enqueue 2.90234 ms)
[10/04/2026-22:07:30] [I] 
[10/04/2026-22:07:30] [I] === Performance summary ===
[10/04/2026-22:07:30] [I] Throughput: 147.224 qps
[10/04/2026-22:07:30] [I] Latency: min = 6.84082 ms, max = 6.98389 ms, mean = 6.86679 ms, median = 6.86621 ms, percentile(90%) = 6.87695 ms, percentile(95%) = 6.88086 ms, percentile(99%) = 6.89209 ms
[10/04/2026-22:07:30] [I] Enqueue Time: min = 1.99902 ms, max = 5.26855 ms, mean = 4.10168 ms, median = 4.17969 ms, percentile(90%) = 4.23145 ms, percentile(95%) = 4.24658 ms, percentile(99%) = 4.28809 ms
[10/04/2026-22:07:30] [I] H2D Latency: min = 0.0625 ms, max = 0.166748 ms, mean = 0.0733669 ms, median = 0.0722656 ms, percentile(90%) = 0.0771484 ms, percentile(95%) = 0.0800781 ms, percentile(99%) = 0.0917969 ms
[10/04/2026-22:07:30] [I] GPU Compute Time: min = 6.76562 ms, max = 6.82324 ms, mean = 6.78664 ms, median = 6.78613 ms, percentile(90%) = 6.79492 ms, percentile(95%) = 6.79785 ms, percentile(99%) = 6.80713 ms
[10/04/2026-22:07:30] [I] D2H Latency: min = 0.00390625 ms, max = 0.0117188 ms, mean = 0.00677719 ms, median = 0.00683594 ms, percentile(90%) = 0.00878906 ms, percentile(95%) = 0.00927734 ms, percentile(99%) = 0.00976562 ms
[10/04/2026-22:07:30] [I] Total Host Walltime: 15.0179 s
[10/04/2026-22:07:30] [I] Total GPU Compute Time: 15.0053 s
[10/04/2026-22:07:30] [I] Explanations of the performance metrics are printed in the verbose logs.
[10/04/2026-22:07:30] [I] 
&&&& PASSED TensorRT.trtexec [TensorRT v100300] # /usr/src/tensorrt/bin/trtexec --loadEngine=/tmp/engines/y26s_640_uint8_opt3.engine --warmUp=3000 --duration=15 --idleTime=2 --avgRuns=1
