&&&& RUNNING TensorRT.trtexec [TensorRT v100300] # /usr/src/tensorrt/bin/trtexec --loadEngine=/tmp/yolo26n_84172_uint8_fp16_opt3.engine --warmUp=3000 --duration=15 --idleTime=0 --avgRuns=1
[10/06/2026-16:15:32] [I] === Model Options ===
[10/06/2026-16:15:32] [I] Format: *
[10/06/2026-16:15:32] [I] Model: 
[10/06/2026-16:15:32] [I] Output:
[10/06/2026-16:15:32] [I] 
[10/06/2026-16:15:32] [I] === System Options ===
[10/06/2026-16:15:32] [I] Device: 0
[10/06/2026-16:15:32] [I] DLACore: 
[10/06/2026-16:15:32] [I] Plugins:
[10/06/2026-16:15:32] [I] setPluginsToSerialize:
[10/06/2026-16:15:32] [I] dynamicPlugins:
[10/06/2026-16:15:32] [I] ignoreParsedPluginLibs: 0
[10/06/2026-16:15:32] [I] 
[10/06/2026-16:15:32] [I] === Inference Options ===
[10/06/2026-16:15:32] [I] Batch: Explicit
[10/06/2026-16:15:32] [I] Input inference shapes: model
[10/06/2026-16:15:32] [I] Iterations: 10
[10/06/2026-16:15:32] [I] Duration: 15s (+ 3000ms warm up)
[10/06/2026-16:15:32] [I] Sleep time: 0ms
[10/06/2026-16:15:32] [I] Idle time: 0ms
[10/06/2026-16:15:32] [I] Inference Streams: 1
[10/06/2026-16:15:32] [I] ExposeDMA: Disabled
[10/06/2026-16:15:32] [I] Data transfers: Enabled
[10/06/2026-16:15:32] [I] Spin-wait: Disabled
[10/06/2026-16:15:32] [I] Multithreading: Disabled
[10/06/2026-16:15:32] [I] CUDA Graph: Disabled
[10/06/2026-16:15:32] [I] Separate profiling: Disabled
[10/06/2026-16:15:32] [I] Time Deserialize: Disabled
[10/06/2026-16:15:32] [I] Time Refit: Disabled
[10/06/2026-16:15:32] [I] NVTX verbosity: 0
[10/06/2026-16:15:32] [I] Persistent Cache Ratio: 0
[10/06/2026-16:15:32] [I] Optimization Profile Index: 0
[10/06/2026-16:15:32] [I] Weight Streaming Budget: 100.000000%
[10/06/2026-16:15:32] [I] Inputs:
[10/06/2026-16:15:32] [I] Debug Tensor Save Destinations:
[10/06/2026-16:15:32] [I] === Reporting Options ===
[10/06/2026-16:15:32] [I] Verbose: Disabled
[10/06/2026-16:15:32] [I] Averages: 1 inferences
[10/06/2026-16:15:32] [I] Percentiles: 90,95,99
[10/06/2026-16:15:32] [I] Dump refittable layers:Disabled
[10/06/2026-16:15:32] [I] Dump output: Disabled
[10/06/2026-16:15:32] [I] Profile: Disabled
[10/06/2026-16:15:32] [I] Export timing to JSON file: 
[10/06/2026-16:15:32] [I] Export output to JSON file: 
[10/06/2026-16:15:32] [I] Export profile to JSON file: 
[10/06/2026-16:15:32] [I] 
[10/06/2026-16:15:32] [I] === Device Information ===
[10/06/2026-16:15:32] [I] Available Devices: 
[10/06/2026-16:15:32] [I]   Device 0: "Orin" UUID: GPU-6e16c2c1-e394-5324-8f2e-63a975968f4e
[10/06/2026-16:15:32] [I] Selected Device: Orin
[10/06/2026-16:15:32] [I] Selected Device ID: 0
[10/06/2026-16:15:32] [I] Selected Device UUID: GPU-6e16c2c1-e394-5324-8f2e-63a975968f4e
[10/06/2026-16:15:32] [I] Compute Capability: 8.7
[10/06/2026-16:15:32] [I] SMs: 8
[10/06/2026-16:15:32] [I] Device Global Memory: 7607 MiB
[10/06/2026-16:15:32] [I] Shared Memory per SM: 164 KiB
[10/06/2026-16:15:32] [I] Memory Bus Width: 128 bits (ECC disabled)
[10/06/2026-16:15:32] [I] Application Compute Clock Rate: 1.02 GHz
[10/06/2026-16:15:32] [I] Application Memory Clock Rate: 0.816 GHz
[10/06/2026-16:15:32] [I] 
[10/06/2026-16:15:32] [I] Note: The application clock rates do not reflect the actual clock rates that the GPU is currently running at.
[10/06/2026-16:15:32] [I] 
[10/06/2026-16:15:32] [I] TensorRT version: 10.3.0
[10/06/2026-16:15:32] [I] Loading standard plugins
[10/06/2026-16:15:32] [I] [TRT] Loaded engine size: 7 MiB
[10/06/2026-16:15:32] [I] Engine deserialized in 0.0698439 sec.
[10/06/2026-16:15:32] [I] [TRT] [MemUsageChange] TensorRT-managed allocation in IExecutionContext creation: CPU +0, GPU +12, now: CPU 0, GPU 16 (MiB)
[10/06/2026-16:15:32] [I] Setting persistentCacheLimit to 0 bytes.
[10/06/2026-16:15:32] [I] Created execution context with device memory size: 12.207 MiB
[10/06/2026-16:15:32] [I] Using random values for input images
[10/06/2026-16:15:32] [I] Input binding for images with dimensions 1x640x640x3 is created.
[10/06/2026-16:15:32] [I] Output binding for output0 with dimensions 1x300x6 is created.
[10/06/2026-16:15:32] [I] Starting inference
[10/06/2026-16:15:50] [I] Warmup completed 577 queries over 3000 ms
[10/06/2026-16:15:50] [I] Timing trace has 2975 queries over 15.0131 s
[10/06/2026-16:15:50] [I] 
[10/06/2026-16:15:50] [I] === Trace details ===
[10/06/2026-16:15:50] [I] Trace averages of 1 runs:
[10/06/2026-16:15:50] [I] Average on 1 runs - GPU latency: 5.01221 ms - Host latency: 5.14893 ms (enqueue 3.44507 ms)
[10/06/2026-16:15:50] [I] Average on 1 runs - GPU latency: 5.05835 ms - Host latency: 5.16895 ms (enqueue 2.10303 ms)
[10/06/2026-16:15:50] [I] Average on 1 runs - GPU latency: 5.04443 ms - Host latency: 5.19165 ms (enqueue 3.44629 ms)
[10/06/2026-16:15:50] [I] Average on 1 runs - GPU latency: 5.04419 ms - Host latency: 5.15356 ms (enqueue 3.35278 ms)
[10/06/2026-16:15:50] [I] Average on 1 runs - GPU latency: 5.03589 ms - Host latency: 5.18335 ms (enqueue 3.39941 ms)
[10/06/2026-16:15:50] [I] Average on 1 runs - GPU latency: 5.05688 ms - Host latency: 5.16919 ms (enqueue 3.38062 ms)
[10/06/2026-16:15:50] [I] Average on 1 runs - GPU latency: 5.04102 ms - Host latency: 5.18896 ms (enqueue 3.56836 ms)
[10/06/2026-16:15:50] [I] Average on 1 runs - GPU latency: 5.05005 ms - Host latency: 5.17432 ms (enqueue 3.27368 ms)
[10/06/2026-16:15:50] [I] Average on 1 runs - GPU latency: 5.04688 ms - Host latency: 5.19067 ms (enqueue 3.57104 ms)
[10/06/2026-16:15:50] [I] Average on 1 runs - GPU latency: 5.05078 ms - Host latency: 5.19141 ms (enqueue 3.51245 ms)
[10/06/2026-16:15:50] [I] Average on 1 runs - GPU latency: 5.00146 ms - Host latency: 5.16724 ms (enqueue 3.323 ms)
[10/06/2026-16:15:50] [I] Average on 1 runs - GPU latency: 5.04858 ms - Host latency: 5.16138 ms (enqueue 2.10522 ms)
[10/06/2026-16:15:50] [I] Average on 1 runs - GPU latency: 5.04956 ms - Host latency: 5.18823 ms (enqueue 3.39209 ms)
[10/06/2026-16:15:50] [I] Average on 1 runs - GPU latency: 5.04028 ms - Host latency: 5.16284 ms (enqueue 3.39526 ms)
[10/06/2026-16:15:50] [I] Average on 1 runs - GPU latency: 5.04321 ms - Host latency: 5.1731 ms (enqueue 3.32178 ms)
[10/06/2026-16:15:50] [I] Average on 1 runs - GPU latency: 5.04004 ms - Host latency: 5.15869 ms (enqueue 3.54346 ms)
[10/06/2026-16:15:50] [I] Average on 1 runs - GPU latency: 5.04834 ms - Host latency: 5.15698 ms (enqueue 3.3689 ms)
[10/06/2026-16:15:50] [I] Average on 1 runs - GPU latency: 5.04224 ms - Host latency: 5.18555 ms (enqueue 3.37329 ms)
[10/06/2026-16:15:50] [I] Average on 1 runs - GPU latency: 5.04395 ms - Host latency: 5.16968 ms (enqueue 3.50757 ms)
[10/06/2026-16:15:50] [I] Average on 1 runs - GPU latency: 5.02588 ms - Host latency: 5.14673 ms (enqueue 3.57056 ms)
[10/06/2026-16:15:50] [I] Average on 1 runs - GPU latency: 5.02344 ms - Host latency: 5.13574 ms (enqueue 3.36694 ms)
[10/06/2026-16:15:50] [I] Average on 1 runs - GPU latency: 5.04785 ms - Host latency: 5.15601 ms (enqueue 2.61523 ms)
[10/06/2026-16:15:50] [I] Average on 1 runs - GPU latency: 5.01855 ms - Host latency: 5.16235 ms (enqueue 3.46875 ms)
[10/06/2026-16:15:50] [I] Average on 1 runs - GPU latency: 5.04761 ms - Host latency: 5.19141 ms (enqueue 2.40942 ms)
[10/06/2026-16:15:50] [I] Average on 1 runs - GPU latency: 5.04175 ms - Host latency: 5.18335 ms (enqueue 2.91162 ms)
[10/06/2026-16:15:50] [I] Average on 1 runs - GPU latency: 5.0647 ms - Host latency: 5.19067 ms (enqueue 2.82788 ms)
[10/06/2026-16:15:50] [I] Average on 1 runs - GPU latency: 5.04565 ms - Host latency: 5.28906 ms (enqueue 2.76636 ms)
[10/06/2026-16:15:50] [I] Average on 1 runs - GPU latency: 5.04834 ms - Host latency: 5.19702 ms (enqueue 2.6416 ms)
[10/06/2026-16:15:50] [I] Average on 1 runs - GPU latency: 5.05029 ms - Host latency: 5.18652 ms (enqueue 3.24292 ms)
[10/06/2026-16:15:50] [I] Average on 1 runs - GPU latency: 5.03516 ms - Host latency: 5.18164 ms (enqueue 3.07812 ms)
[10/06/2026-16:15:50] [I] Average on 1 runs - GPU latency: 5.01538 ms - Host latency: 5.15137 ms (enqueue 2.73486 ms)
[10/06/2026-16:15:50] [I] Average on 1 runs - GPU latency: 5.04712 ms - Host latency: 5.15869 ms (enqueue 2.21289 ms)
[10/06/2026-16:15:50] [I] Average on 1 runs - GPU latency: 5.04443 ms - Host latency: 5.16382 ms (enqueue 2.57861 ms)
[10/06/2026-16:15:50] [I] Average on 1 runs - GPU latency: 5.04028 ms - Host latency: 5.1665 ms (enqueue 2.67871 ms)
[10/06/2026-16:15:50] [I] Average on 1 runs - GPU latency: 5.04321 ms - Host latency: 5.18677 ms (enqueue 3.32764 ms)
[10/06/2026-16:15:50] [I] Average on 1 runs - GPU latency: 5.05591 ms - Host latency: 5.20142 ms (enqueue 3.39917 ms)
[10/06/2026-16:15:50] [I] Average on 1 runs - GPU latency: 5.03833 ms - Host latency: 5.16284 ms (enqueue 3.38037 ms)
[10/06/2026-16:15:50] [I] Average on 1 runs - GPU latency: 5.04077 ms - Host latency: 5.15796 ms (enqueue 3.3418 ms)
[10/06/2026-16:15:50] [I] Average on 1 runs - GPU latency: 5.04663 ms - Host latency: 5.16846 ms (enqueue 3.46997 ms)
[10/06/2026-16:15:50] [I] Average on 1 runs - GPU latency: 5.01831 ms - Host latency: 5.12476 ms (enqueue 3.39966 ms)
[10/06/2026-16:15:50] [I] Average on 1 runs - GPU latency: 5.03931 ms - Host latency: 5.15649 ms (enqueue 3.18896 ms)
[10/06/2026-16:15:50] [I] Average on 1 runs - GPU latency: 5.04419 ms - Host latency: 5.15161 ms (enqueue 3.40112 ms)
[10/06/2026-16:15:50] [I] Average on 1 runs - GPU latency: 5.03735 ms - Host latency: 5.15869 ms (enqueue 3.29565 ms)
[10/06/2026-16:15:50] [I] Average on 1 runs - GPU latency: 5.04858 ms - Host latency: 5.16724 ms (enqueue 3.40137 ms)
[10/06/2026-16:15:50] [I] Average on 1 runs - GPU latency: 5.03857 ms - Host latency: 5.18115 ms (enqueue 3.40845 ms)
[10/06/2026-16:15:50] [I] Average on 1 runs - GPU latency: 5.04614 ms - Host latency: 5.16113 ms (enqueue 3.33691 ms)
[10/06/2026-16:15:50] [I] Average on 1 runs - GPU latency: 5.04419 ms - Host latency: 5.17456 ms (enqueue 3.51929 ms)
[10/06/2026-16:15:50] [I] Average on 1 runs - GPU latency: 5.04224 ms - Host latency: 5.17676 ms (enqueue 3.35083 ms)
[10/06/2026-16:15:50] [I] Average on 1 runs - GPU latency: 5.04614 ms - Host latency: 5.16528 ms (enqueue 3.36548 ms)
[10/06/2026-16:15:50] [I] Average on 1 runs - GPU latency: 5.04028 ms - Host latency: 5.17358 ms (enqueue 3.2998 ms)
[10/06/2026-16:15:50] [I] Average on 1 runs - GPU latency: 5.04077 ms - Host latency: 5.15649 ms (enqueue 3.49316 ms)
[10/06/2026-16:15:50] [I] Average on 1 runs - GPU latency: 5.04443 ms - Host latency: 5.19385 ms (enqueue 3.40601 ms)
[10/06/2026-16:15:50] [I] Average on 1 runs - GPU latency: 5.04639 ms - Host latency: 5.15967 ms (enqueue 3.37793 ms)
[10/06/2026-16:15:50] [I] Average on 1 runs - GPU latency: 5.04688 ms - Host latency: 5.16919 ms (enqueue 3.56006 ms)
[10/06/2026-16:15:50] [I] Average on 1 runs - GPU latency: 5.05005 ms - Host latency: 5.16309 ms (enqueue 3.36841 ms)
[10/06/2026-16:15:50] [I] Average on 1 runs - GPU latency: 5.02832 ms - Host latency: 5.14722 ms (enqueue 3.40063 ms)
[10/06/2026-16:15:50] [I] Average on 1 runs - GPU latency: 5.04517 ms - Host latency: 5.15796 ms (enqueue 3.35376 ms)
[10/06/2026-16:15:50] [I] Average on 1 runs - GPU latency: 5.03638 ms - Host latency: 5.15918 ms (enqueue 3.45337 ms)
[10/06/2026-16:15:50] [I] Average on 1 runs - GPU latency: 5.04028 ms - Host latency: 5.16138 ms (enqueue 3.38672 ms)
[10/06/2026-16:15:50] [I] Average on 1 runs - GPU latency: 5.04468 ms - Host latency: 5.18091 ms (enqueue 3.48486 ms)
[10/06/2026-16:15:50] [I] Average on 1 runs - GPU latency: 5.05371 ms - Host latency: 5.16528 ms (enqueue 3.44751 ms)
[10/06/2026-16:15:50] [I] Average on 1 runs - GPU latency: 5.04077 ms - Host latency: 5.18726 ms (enqueue 3.43701 ms)
[10/06/2026-16:15:50] [I] Average on 1 runs - GPU latency: 5.04199 ms - Host latency: 5.14966 ms (enqueue 3.50049 ms)
[10/06/2026-16:15:50] [I] Average on 1 runs - GPU latency: 5.0459 ms - Host latency: 5.15649 ms (enqueue 3.36182 ms)
[10/06/2026-16:15:50] [I] Average on 1 runs - GPU latency: 5.05811 ms - Host latency: 5.17212 ms (enqueue 3.41382 ms)
[10/06/2026-16:15:50] [I] Average on 1 runs - GPU latency: 5.03833 ms - Host latency: 5.17847 ms (enqueue 3.61279 ms)
[10/06/2026-16:15:50] [I] Average on 1 runs - GPU latency: 5.03906 ms - Host latency: 5.14087 ms (enqueue 3.38501 ms)
[10/06/2026-16:15:50] [I] Average on 1 runs - GPU latency: 5.03516 ms - Host latency: 5.15356 ms (enqueue 3.43164 ms)
[10/06/2026-16:15:50] [I] Average on 1 runs - GPU latency: 5.05029 ms - Host latency: 5.16333 ms (enqueue 3.42944 ms)
[10/06/2026-16:15:50] [I] Average on 1 runs - GPU latency: 5.04858 ms - Host latency: 5.17993 ms (enqueue 3.56787 ms)
[10/06/2026-16:15:50] [I] Average on 1 runs - GPU latency: 5.03833 ms - Host latency: 5.16846 ms (enqueue 3.55737 ms)
[10/06/2026-16:15:50] [I] Average on 1 runs - GPU latency: 5.04443 ms - Host latency: 5.16406 ms (enqueue 3.6333 ms)
[10/06/2026-16:15:50] [I] Average on 1 runs - GPU latency: 5.05127 ms - Host latency: 5.19385 ms (enqueue 3.52856 ms)
[10/06/2026-16:15:50] [I] Average on 1 runs - GPU latency: 5.04492 ms - Host latency: 5.16699 ms (enqueue 3.24561 ms)
[10/06/2026-16:15:50] [I] Average on 1 runs - GPU latency: 5.04565 ms - Host latency: 5.17114 ms (enqueue 3.07275 ms)
[10/06/2026-16:15:50] [I] Average on 1 runs - GPU latency: 5.04321 ms - Host latency: 5.17505 ms (enqueue 3.1333 ms)
[10/06/2026-16:15:50] [I] Average on 1 runs - GPU latency: 5.04712 ms - Host latency: 5.17285 ms (enqueue 3.32007 ms)
[10/06/2026-16:15:50] [I] Average on 1 runs - GPU latency: 5.04126 ms - Host latency: 5.15356 ms (enqueue 3.64966 ms)
[10/06/2026-16:15:50] [I] Average on 1 runs - GPU latency: 5.04492 ms - Host latency: 5.177 ms (enqueue 3.59009 ms)
[10/06/2026-16:15:50] [I] Average on 1 runs - GPU latency: 5.00171 ms - Host latency: 5.1228 ms (enqueue 3.45264 ms)
[10/06/2026-16:15:50] [I] Average on 1 runs - GPU latency: 5.04541 ms - Host latency: 5.16675 ms (enqueue 2.58154 ms)
[10/06/2026-16:15:50] [I] Average on 1 runs - GPU latency: 5.04761 ms - Host latency: 5.16235 ms (enqueue 3.41016 ms)
[10/06/2026-16:15:50] [I] Average on 1 runs - GPU latency: 5.05127 ms - Host latency: 5.1853 ms (enqueue 3.38989 ms)
[10/06/2026-16:15:50] [I] Average on 1 runs - GPU latency: 5.05078 ms - Host latency: 5.17871 ms (enqueue 3.34448 ms)
[10/06/2026-16:15:50] [I] Average on 1 runs - GPU latency: 5.04761 ms - Host latency: 5.19067 ms (enqueue 3.60474 ms)
[10/06/2026-16:15:50] [I] Average on 1 runs - GPU latency: 5.04614 ms - Host latency: 5.1543 ms (enqueue 3.34863 ms)
[10/06/2026-16:15:50] [I] Average on 1 runs - GPU latency: 5.05225 ms - Host latency: 5.16943 ms (enqueue 3.39771 ms)
[10/06/2026-16:15:50] [I] Average on 1 runs - GPU latency: 5.04321 ms - Host latency: 5.18286 ms (enqueue 3.32495 ms)
[10/06/2026-16:15:50] [I] Average on 1 runs - GPU latency: 5.03955 ms - Host latency: 5.16772 ms (enqueue 3.55444 ms)
[10/06/2026-16:15:50] [I] Average on 1 runs - GPU latency: 4.9873 ms - Host latency: 5.09717 ms (enqueue 3.41602 ms)
[10/06/2026-16:15:50] [I] Average on 1 runs - GPU latency: 5.03271 ms - Host latency: 5.15039 ms (enqueue 2.4585 ms)
[10/06/2026-16:15:50] [I] Average on 1 runs - GPU latency: 5.05493 ms - Host latency: 5.1626 ms (enqueue 3.35278 ms)
[10/06/2026-16:15:50] [I] Average on 1 runs - GPU latency: 5.04834 ms - Host latency: 5.2063 ms (enqueue 3.59424 ms)
[10/06/2026-16:15:50] [I] Average on 1 runs - GPU latency: 5.04956 ms - Host latency: 5.16528 ms (enqueue 3.39209 ms)
[10/06/2026-16:15:50] [I] Average on 1 runs - GPU latency: 5.05005 ms - Host latency: 5.15576 ms (enqueue 3.39331 ms)
[10/06/2026-16:15:50] [I] Average on 1 runs - GPU latency: 5.03857 ms - Host latency: 5.17651 ms (enqueue 3.52441 ms)
[10/06/2026-16:15:50] [I] Average on 1 runs - GPU latency: 5.04321 ms - Host latency: 5.17627 ms (enqueue 3.37646 ms)
[10/06/2026-16:15:50] [I] Average on 1 runs - GPU latency: 5.04639 ms - Host latency: 5.16626 ms (enqueue 3.46167 ms)
[10/06/2026-16:15:50] [I] Average on 1 runs - GPU latency: 5.0437 ms - Host latency: 5.15967 ms (enqueue 3.40039 ms)
[10/06/2026-16:15:50] [I] Average on 1 runs - GPU latency: 5.00098 ms - Host latency: 5.13525 ms (enqueue 3.38062 ms)
[10/06/2026-16:15:50] [I] Average on 1 runs - GPU latency: 5.03784 ms - Host latency: 5.17871 ms (enqueue 2.50342 ms)
[10/06/2026-16:15:50] [I] Average on 1 runs - GPU latency: 5.04883 ms - Host latency: 5.17358 ms (enqueue 3.37671 ms)
[10/06/2026-16:15:50] [I] Average on 1 runs - GPU latency: 5.04468 ms - Host latency: 5.177 ms (enqueue 3.39478 ms)
[10/06/2026-16:15:50] [I] Average on 1 runs - GPU latency: 5.04199 ms - Host latency: 5.16821 ms (enqueue 3.4939 ms)
[10/06/2026-16:15:50] [I] Average on 1 runs - GPU latency: 5.03906 ms - Host latency: 5.15918 ms (enqueue 3.41455 ms)
[10/06/2026-16:15:50] [I] Average on 1 runs - GPU latency: 5.04346 ms - Host latency: 5.1582 ms (enqueue 3.36255 ms)
[10/06/2026-16:15:50] [I] Average on 1 runs - GPU latency: 5.04297 ms - Host latency: 5.18164 ms (enqueue 3.35229 ms)
[10/06/2026-16:15:50] [I] Average on 1 runs - GPU latency: 5.04175 ms - Host latency: 5.17896 ms (enqueue 3.54541 ms)
[10/06/2026-16:15:50] [I] Average on 1 runs - GPU latency: 5.04614 ms - Host latency: 5.16943 ms (enqueue 3.34741 ms)
[10/06/2026-16:15:50] [I] Average on 1 runs - GPU latency: 5.03979 ms - Host latency: 5.15576 ms (enqueue 3.38013 ms)
[10/06/2026-16:15:50] [I] Average on 1 runs - GPU latency: 5.03955 ms - Host latency: 5.15283 ms (enqueue 3.42896 ms)
[10/06/2026-16:15:50] [I] Average on 1 runs - GPU latency: 5.04199 ms - Host latency: 5.17871 ms (enqueue 3.52197 ms)
[10/06/2026-16:15:50] [I] Average on 1 runs - GPU latency: 5.04199 ms - Host latency: 5.15796 ms (enqueue 3.50781 ms)
[10/06/2026-16:15:50] [I] Average on 1 runs - GPU latency: 5.04028 ms - Host latency: 5.16553 ms (enqueue 3.40259 ms)
[10/06/2026-16:15:50] [I] Average on 1 runs - GPU latency: 5.04395 ms - Host latency: 5.15625 ms (enqueue 3.40234 ms)
[10/06/2026-16:15:50] [I] Average on 1 runs - GPU latency: 5.04443 ms - Host latency: 5.17163 ms (enqueue 3.55981 ms)
[10/06/2026-16:15:50] [I] Average on 1 runs - GPU latency: 5.05933 ms - Host latency: 5.17456 ms (enqueue 3.33472 ms)
[10/06/2026-16:15:50] [I] Average on 1 runs - GPU latency: 5.0354 ms - Host latency: 5.17529 ms (enqueue 3.36548 ms)
[10/06/2026-16:15:50] [I] Average on 1 runs - GPU latency: 5.05981 ms - Host latency: 5.16846 ms (enqueue 3.38672 ms)
[10/06/2026-16:15:50] [I] Average on 1 runs - GPU latency: 5.05981 ms - Host latency: 5.20264 ms (enqueue 3.59814 ms)
[10/06/2026-16:15:50] [I] Average on 1 runs - GPU latency: 5.04199 ms - Host latency: 5.19043 ms (enqueue 3.66016 ms)
[10/06/2026-16:15:50] [I] Average on 1 runs - GPU latency: 5.03931 ms - Host latency: 5.17603 ms (enqueue 3.60571 ms)
[10/06/2026-16:15:50] [I] Average on 1 runs - GPU latency: 5.03711 ms - Host latency: 5.15137 ms (enqueue 3.50708 ms)
[10/06/2026-16:15:50] [I] Average on 1 runs - GPU latency: 5.04761 ms - Host latency: 5.18506 ms (enqueue 3.59839 ms)
[10/06/2026-16:15:50] [I] Average on 1 runs - GPU latency: 5.0354 ms - Host latency: 5.18823 ms (enqueue 3.12183 ms)
[10/06/2026-16:15:50] [I] Average on 1 runs - GPU latency: 5.04224 ms - Host latency: 5.14966 ms (enqueue 3.02124 ms)
[10/06/2026-16:15:50] [I] Average on 1 runs - GPU latency: 5.03711 ms - Host latency: 5.15625 ms (enqueue 2.94092 ms)
[10/06/2026-16:15:50] [I] Average on 1 runs - GPU latency: 5.04077 ms - Host latency: 5.15234 ms (enqueue 3.64478 ms)
[10/06/2026-16:15:50] [I] Average on 1 runs - GPU latency: 5.04834 ms - Host latency: 5.15918 ms (enqueue 3.62109 ms)
[10/06/2026-16:15:50] [I] Average on 1 runs - GPU latency: 5.04443 ms - Host latency: 5.1792 ms (enqueue 3.38574 ms)
[10/06/2026-16:15:50] [I] Average on 1 runs - GPU latency: 5.03711 ms - Host latency: 5.15894 ms (enqueue 3.65649 ms)
[10/06/2026-16:15:50] [I] Average on 1 runs - GPU latency: 5.04736 ms - Host latency: 5.15942 ms (enqueue 3.60571 ms)
[10/06/2026-16:15:50] [I] Average on 1 runs - GPU latency: 5.04712 ms - Host latency: 5.16699 ms (enqueue 3.59399 ms)
[10/06/2026-16:15:50] [I] Average on 1 runs - GPU latency: 5.04517 ms - Host latency: 5.22485 ms (enqueue 3.60718 ms)
[10/06/2026-16:15:50] [I] Average on 1 runs - GPU latency: 5.05273 ms - Host latency: 5.23145 ms (enqueue 3.49146 ms)
[10/06/2026-16:15:50] [I] Average on 1 runs - GPU latency: 5.04565 ms - Host latency: 5.17847 ms (enqueue 2.91016 ms)
[10/06/2026-16:15:50] [I] Average on 1 runs - GPU latency: 5.0437 ms - Host latency: 5.1604 ms (enqueue 2.7478 ms)
[10/06/2026-16:15:50] [I] Average on 1 runs - GPU latency: 5.04126 ms - Host latency: 5.18384 ms (enqueue 2.57227 ms)
[10/06/2026-16:15:50] [I] Average on 1 runs - GPU latency: 5.04395 ms - Host latency: 5.15503 ms (enqueue 2.4812 ms)
[10/06/2026-16:15:50] [I] Average on 1 runs - GPU latency: 5.021 ms - Host latency: 5.13745 ms (enqueue 2.58887 ms)
[10/06/2026-16:15:50] [I] Average on 1 runs - GPU latency: 5.04565 ms - Host latency: 5.1626 ms (enqueue 2.21484 ms)
[10/06/2026-16:15:50] [I] Average on 1 runs - GPU latency: 5.04395 ms - Host latency: 5.17432 ms (enqueue 3.13379 ms)
[10/06/2026-16:15:50] [I] Average on 1 runs - GPU latency: 5.04883 ms - Host latency: 5.17017 ms (enqueue 2.97729 ms)
[10/06/2026-16:15:50] [I] Average on 1 runs - GPU latency: 5.04614 ms - Host latency: 5.16064 ms (enqueue 2.95044 ms)
[10/06/2026-16:15:50] [I] Average on 1 runs - GPU latency: 5.04224 ms - Host latency: 5.14917 ms (enqueue 3.12598 ms)
[10/06/2026-16:15:50] [I] Average on 1 runs - GPU latency: 5.04956 ms - Host latency: 5.16333 ms (enqueue 3.29517 ms)
[10/06/2026-16:15:50] [I] Average on 1 runs - GPU latency: 5.04419 ms - Host latency: 5.18628 ms (enqueue 3.52563 ms)
[10/06/2026-16:15:50] [I] Average on 1 runs - GPU latency: 5.04272 ms - Host latency: 5.18091 ms (enqueue 3.36646 ms)
[10/06/2026-16:15:50] [I] Average on 1 runs - GPU latency: 5.03955 ms - Host latency: 5.17676 ms (enqueue 3.32837 ms)
[10/06/2026-16:15:50] [I] Average on 1 runs - GPU latency: 5.01147 ms - Host latency: 5.14331 ms (enqueue 3.47217 ms)
[10/06/2026-16:15:50] [I] Average on 1 runs - GPU latency: 5.04395 ms - Host latency: 5.15479 ms (enqueue 2.10181 ms)
[10/06/2026-16:15:50] [I] Average on 1 runs - GPU latency: 5.04199 ms - Host latency: 5.15405 ms (enqueue 3.35669 ms)
[10/06/2026-16:15:50] [I] Average on 1 runs - GPU latency: 5.03955 ms - Host latency: 5.15796 ms (enqueue 3.35596 ms)
[10/06/2026-16:15:50] [I] Average on 1 runs - GPU latency: 5.03687 ms - Host latency: 5.15405 ms (enqueue 3.55591 ms)
[10/06/2026-16:15:50] [I] Average on 1 runs - GPU latency: 5.04395 ms - Host latency: 5.15161 ms (enqueue 3.37183 ms)
[10/06/2026-16:15:50] [I] Average on 1 runs - GPU latency: 5.04321 ms - Host latency: 5.1853 ms (enqueue 3.34302 ms)
[10/06/2026-16:15:50] [I] Average on 1 runs - GPU latency: 5.04443 ms - Host latency: 5.16113 ms (enqueue 3.33911 ms)
[10/06/2026-16:15:50] [I] Average on 1 runs - GPU latency: 5.05591 ms - Host latency: 5.1731 ms (enqueue 3.49121 ms)
[10/06/2026-16:15:50] [I] Average on 1 runs - GPU latency: 5.02563 ms - Host latency: 5.17236 ms (enqueue 3.47314 ms)
[10/06/2026-16:15:50] [I] Average on 1 runs - GPU latency: 5.0083 ms - Host latency: 5.12012 ms (enqueue 3.34082 ms)
[10/06/2026-16:15:50] [I] Average on 1 runs - GPU latency: 5.04663 ms - Host latency: 5.15649 ms (enqueue 2.09058 ms)
[10/06/2026-16:15:50] [I] Average on 1 runs - GPU latency: 5.0498 ms - Host latency: 5.17212 ms (enqueue 3.35303 ms)
[10/06/2026-16:15:50] [I] Average on 1 runs - GPU latency: 5.04053 ms - Host latency: 5.15186 ms (enqueue 3.34033 ms)
[10/06/2026-16:15:50] [I] Average on 1 runs - GPU latency: 5.04443 ms - Host latency: 5.16016 ms (enqueue 3.32544 ms)
[10/06/2026-16:15:50] [I] Average on 1 runs - GPU latency: 5.04224 ms - Host latency: 5.1543 ms (enqueue 3.51489 ms)
[10/06/2026-16:15:50] [I] Average on 1 runs - GPU latency: 5.04102 ms - Host latency: 5.16553 ms (enqueue 3.34521 ms)
[10/06/2026-16:15:50] [I] Average on 1 runs - GPU latency: 5.03662 ms - Host latency: 5.14087 ms (enqueue 3.32593 ms)
[10/06/2026-16:15:50] [I] Average on 1 runs - GPU latency: 5.04688 ms - Host latency: 5.15918 ms (enqueue 3.37622 ms)
[10/06/2026-16:15:50] [I] Average on 1 runs - GPU latency: 5.02979 ms - Host latency: 5.17212 ms (enqueue 3.53369 ms)
[10/06/2026-16:15:50] [I] Average on 1 runs - GPU latency: 5.04468 ms - Host latency: 5.16089 ms (enqueue 3.25244 ms)
[10/06/2026-16:15:50] [I] Average on 1 runs - GPU latency: 5.05688 ms - Host latency: 5.17578 ms (enqueue 3.62427 ms)
[10/06/2026-16:15:50] [I] Average on 1 runs - GPU latency: 5.05298 ms - Host latency: 5.19214 ms (enqueue 3.64795 ms)
[10/06/2026-16:15:50] [I] Average on 1 runs - GPU latency: 5.05322 ms - Host latency: 5.18701 ms (enqueue 3.61963 ms)
[10/06/2026-16:15:50] [I] Average on 1 runs - GPU latency: 5.05249 ms - Host latency: 5.1958 ms (enqueue 3.55176 ms)
[10/06/2026-16:15:50] [I] Average on 1 runs - GPU latency: 5.04663 ms - Host latency: 5.2041 ms (enqueue 3.51855 ms)
[10/06/2026-16:15:50] [I] Average on 1 runs - GPU latency: 5.04736 ms - Host latency: 5.16992 ms (enqueue 3.63013 ms)
[10/06/2026-16:15:50] [I] Average on 1 runs - GPU latency: 5.04419 ms - Host latency: 5.18384 ms (enqueue 3.59717 ms)
[10/06/2026-16:15:50] [I] Average on 1 runs - GPU latency: 5.03662 ms - Host latency: 5.15332 ms (enqueue 3.60034 ms)
[10/06/2026-16:15:50] [I] Average on 1 runs - GPU latency: 5.01514 ms - Host latency: 5.12939 ms (enqueue 3.46777 ms)
[10/06/2026-16:15:50] [I] Average on 1 runs - GPU latency: 5.03857 ms - Host latency: 5.15845 ms (enqueue 3.20557 ms)
[10/06/2026-16:15:50] [I] Average on 1 runs - GPU latency: 5.04712 ms - Host latency: 5.16333 ms (enqueue 3.40967 ms)
[10/06/2026-16:15:50] [I] Average on 1 runs - GPU latency: 4.99756 ms - Host latency: 5.1377 ms (enqueue 3.39819 ms)
[10/06/2026-16:15:50] [I] Average on 1 runs - GPU latency: 5.04736 ms - Host latency: 5.1665 ms (enqueue 2.72095 ms)
[10/06/2026-16:15:50] [I] Average on 1 runs - GPU latency: 5.04565 ms - Host latency: 5.2229 ms (enqueue 3.30591 ms)
[10/06/2026-16:15:50] [I] Average on 1 runs - GPU latency: 5.04199 ms - Host latency: 5.18359 ms (enqueue 3.3291 ms)
[10/06/2026-16:15:50] [I] Average on 1 runs - GPU latency: 5.0415 ms - Host latency: 5.16333 ms (enqueue 3.39429 ms)
[10/06/2026-16:15:50] [I] Average on 1 runs - GPU latency: 5.04785 ms - Host latency: 5.16211 ms (enqueue 3.33301 ms)
[10/06/2026-16:15:50] [I] Average on 1 runs - GPU latency: 5.04883 ms - Host latency: 5.1748 ms (enqueue 3.39526 ms)
[10/06/2026-16:15:50] [I] Average on 1 runs - GPU latency: 5.01245 ms - Host latency: 5.15625 ms (enqueue 3.36938 ms)
[10/06/2026-16:15:50] [I] Average on 1 runs - GPU latency: 5.04004 ms - Host latency: 5.1521 ms (enqueue 2.99683 ms)
[10/06/2026-16:15:50] [I] Average on 1 runs - GPU latency: 5.04907 ms - Host latency: 5.17676 ms (enqueue 3.37207 ms)
[10/06/2026-16:15:50] [I] Average on 1 runs - GPU latency: 5.04419 ms - Host latency: 5.19214 ms (enqueue 3.55005 ms)
[10/06/2026-16:15:50] [I] Average on 1 runs - GPU latency: 5.04517 ms - Host latency: 5.16382 ms (enqueue 3.32812 ms)
[10/06/2026-16:15:50] [I] Average on 1 runs - GPU latency: 5.04224 ms - Host latency: 5.15601 ms (enqueue 3.3916 ms)
[10/06/2026-16:15:50] [I] Average on 1 runs - GPU latency: 5.04224 ms - Host latency: 5.15039 ms (enqueue 3.34399 ms)
[10/06/2026-16:15:50] [I] Average on 1 runs - GPU latency: 5.03809 ms - Host latency: 5.16382 ms (enqueue 3.40503 ms)
[10/06/2026-16:15:50] [I] Average on 1 runs - GPU latency: 5.0437 ms - Host latency: 5.16284 ms (enqueue 3.38647 ms)
[10/06/2026-16:15:50] [I] Average on 1 runs - GPU latency: 5.03979 ms - Host latency: 5.17676 ms (enqueue 3.41211 ms)
[10/06/2026-16:15:50] [I] Average on 1 runs - GPU latency: 5.05054 ms - Host latency: 5.17017 ms (enqueue 3.36792 ms)
[10/06/2026-16:15:50] [I] Average on 1 runs - GPU latency: 5.04785 ms - Host latency: 5.17578 ms (enqueue 3.45337 ms)
[10/06/2026-16:15:50] [I] ... Omitting 2575 lines
[10/06/2026-16:15:50] [I] Average on 1 runs - GPU latency: 4.98828 ms - Host latency: 5.12109 ms (enqueue 2.92188 ms)
[10/06/2026-16:15:50] [I] Average on 1 runs - GPU latency: 5.01172 ms - Host latency: 5.15039 ms (enqueue 2.25977 ms)
[10/06/2026-16:15:50] [I] Average on 1 runs - GPU latency: 5.04492 ms - Host latency: 5.17578 ms (enqueue 2.14258 ms)
[10/06/2026-16:15:50] [I] Average on 1 runs - GPU latency: 5.04688 ms - Host latency: 5.17383 ms (enqueue 2.70117 ms)
[10/06/2026-16:15:50] [I] Average on 1 runs - GPU latency: 5.05273 ms - Host latency: 5.18555 ms (enqueue 2.54883 ms)
[10/06/2026-16:15:50] [I] Average on 1 runs - GPU latency: 5.05078 ms - Host latency: 5.20898 ms (enqueue 2.81055 ms)
[10/06/2026-16:15:50] [I] Average on 1 runs - GPU latency: 5.04297 ms - Host latency: 5.17773 ms (enqueue 2.88086 ms)
[10/06/2026-16:15:50] [I] Average on 1 runs - GPU latency: 5.04297 ms - Host latency: 5.15625 ms (enqueue 2.72461 ms)
[10/06/2026-16:15:50] [I] Average on 1 runs - GPU latency: 5.04297 ms - Host latency: 5.17578 ms (enqueue 2.58398 ms)
[10/06/2026-16:15:50] [I] Average on 1 runs - GPU latency: 5.05273 ms - Host latency: 5.17188 ms (enqueue 3.20508 ms)
[10/06/2026-16:15:50] [I] Average on 1 runs - GPU latency: 5.03711 ms - Host latency: 5.15625 ms (enqueue 3.37305 ms)
[10/06/2026-16:15:50] [I] Average on 1 runs - GPU latency: 5.03516 ms - Host latency: 5.14648 ms (enqueue 3.31445 ms)
[10/06/2026-16:15:50] [I] Average on 1 runs - GPU latency: 5.04883 ms - Host latency: 5.16211 ms (enqueue 3.3418 ms)
[10/06/2026-16:15:50] [I] Average on 1 runs - GPU latency: 5.04492 ms - Host latency: 5.1582 ms (enqueue 3.24023 ms)
[10/06/2026-16:15:50] [I] Average on 1 runs - GPU latency: 5.04102 ms - Host latency: 5.18555 ms (enqueue 3.27344 ms)
[10/06/2026-16:15:50] [I] Average on 1 runs - GPU latency: 5.00781 ms - Host latency: 5.12305 ms (enqueue 3.31641 ms)
[10/06/2026-16:15:50] [I] Average on 1 runs - GPU latency: 5.04492 ms - Host latency: 5.16211 ms (enqueue 2.93945 ms)
[10/06/2026-16:15:50] [I] Average on 1 runs - GPU latency: 5.05078 ms - Host latency: 5.1582 ms (enqueue 3.28906 ms)
[10/06/2026-16:15:50] [I] Average on 1 runs - GPU latency: 5.04297 ms - Host latency: 5.17969 ms (enqueue 3.33984 ms)
[10/06/2026-16:15:50] [I] Average on 1 runs - GPU latency: 5.05664 ms - Host latency: 5.19531 ms (enqueue 3.38672 ms)
[10/06/2026-16:15:50] [I] Average on 1 runs - GPU latency: 5.05078 ms - Host latency: 5.23828 ms (enqueue 3.24219 ms)
[10/06/2026-16:15:50] [I] Average on 1 runs - GPU latency: 5.04297 ms - Host latency: 5.18164 ms (enqueue 3.29883 ms)
[10/06/2026-16:15:50] [I] Average on 1 runs - GPU latency: 5.04688 ms - Host latency: 5.16016 ms (enqueue 3.31641 ms)
[10/06/2026-16:15:50] [I] Average on 1 runs - GPU latency: 5.05273 ms - Host latency: 5.16406 ms (enqueue 3.30273 ms)
[10/06/2026-16:15:50] [I] Average on 1 runs - GPU latency: 5.04688 ms - Host latency: 5.19141 ms (enqueue 3.40625 ms)
[10/06/2026-16:15:50] [I] Average on 1 runs - GPU latency: 5.00781 ms - Host latency: 5.13867 ms (enqueue 3.33789 ms)
[10/06/2026-16:15:50] [I] Average on 1 runs - GPU latency: 5.04688 ms - Host latency: 5.1582 ms (enqueue 2.79688 ms)
[10/06/2026-16:15:50] [I] Average on 1 runs - GPU latency: 4.99805 ms - Host latency: 5.14258 ms (enqueue 3.04688 ms)
[10/06/2026-16:15:50] [I] Average on 1 runs - GPU latency: 5.04492 ms - Host latency: 5.19141 ms (enqueue 2.29102 ms)
[10/06/2026-16:15:50] [I] Average on 1 runs - GPU latency: 5.04102 ms - Host latency: 5.15039 ms (enqueue 2.31445 ms)
[10/06/2026-16:15:50] [I] Average on 1 runs - GPU latency: 5.04297 ms - Host latency: 5.1543 ms (enqueue 2.41992 ms)
[10/06/2026-16:15:50] [I] Average on 1 runs - GPU latency: 5.04883 ms - Host latency: 5.17773 ms (enqueue 2.54102 ms)
[10/06/2026-16:15:50] [I] Average on 1 runs - GPU latency: 5.04297 ms - Host latency: 5.18945 ms (enqueue 2.43945 ms)
[10/06/2026-16:15:50] [I] Average on 1 runs - GPU latency: 5.05273 ms - Host latency: 5.16797 ms (enqueue 2.61719 ms)
[10/06/2026-16:15:50] [I] Average on 1 runs - GPU latency: 5.04297 ms - Host latency: 5.17969 ms (enqueue 2.61719 ms)
[10/06/2026-16:15:50] [I] Average on 1 runs - GPU latency: 5.00195 ms - Host latency: 5.11914 ms (enqueue 2.74023 ms)
[10/06/2026-16:15:50] [I] Average on 1 runs - GPU latency: 5.04492 ms - Host latency: 5.1543 ms (enqueue 2.63867 ms)
[10/06/2026-16:15:50] [I] Average on 1 runs - GPU latency: 5.04102 ms - Host latency: 5.16016 ms (enqueue 2.93555 ms)
[10/06/2026-16:15:50] [I] Average on 1 runs - GPU latency: 5.04688 ms - Host latency: 5.16406 ms (enqueue 2.95117 ms)
[10/06/2026-16:15:50] [I] Average on 1 runs - GPU latency: 5.05078 ms - Host latency: 5.16406 ms (enqueue 2.88867 ms)
[10/06/2026-16:15:50] [I] Average on 1 runs - GPU latency: 5.05273 ms - Host latency: 5.18359 ms (enqueue 2.86328 ms)
[10/06/2026-16:15:50] [I] Average on 1 runs - GPU latency: 5.05273 ms - Host latency: 5.16602 ms (enqueue 3.07812 ms)
[10/06/2026-16:15:50] [I] Average on 1 runs - GPU latency: 5.04102 ms - Host latency: 5.17969 ms (enqueue 3.08203 ms)
[10/06/2026-16:15:50] [I] Average on 1 runs - GPU latency: 5.04883 ms - Host latency: 5.17773 ms (enqueue 2.97461 ms)
[10/06/2026-16:15:50] [I] Average on 1 runs - GPU latency: 5.05078 ms - Host latency: 5.17188 ms (enqueue 3.27148 ms)
[10/06/2026-16:15:50] [I] Average on 1 runs - GPU latency: 5.05469 ms - Host latency: 5.16797 ms (enqueue 3.33203 ms)
[10/06/2026-16:15:50] [I] Average on 1 runs - GPU latency: 5.04688 ms - Host latency: 5.19141 ms (enqueue 3.26953 ms)
[10/06/2026-16:15:50] [I] Average on 1 runs - GPU latency: 5.04492 ms - Host latency: 5.15039 ms (enqueue 3.05273 ms)
[10/06/2026-16:15:50] [I] Average on 1 runs - GPU latency: 5.03906 ms - Host latency: 5.15625 ms (enqueue 3.32227 ms)
[10/06/2026-16:15:50] [I] Average on 1 runs - GPU latency: 5.04297 ms - Host latency: 5.1543 ms (enqueue 3.2832 ms)
[10/06/2026-16:15:50] [I] Average on 1 runs - GPU latency: 5.04688 ms - Host latency: 5.16211 ms (enqueue 3.28516 ms)
[10/06/2026-16:15:50] [I] Average on 1 runs - GPU latency: 5.04883 ms - Host latency: 5.1875 ms (enqueue 3.38281 ms)
[10/06/2026-16:15:50] [I] Average on 1 runs - GPU latency: 5.05273 ms - Host latency: 5.19141 ms (enqueue 3.29688 ms)
[10/06/2026-16:15:50] [I] Average on 1 runs - GPU latency: 5.03906 ms - Host latency: 5.16992 ms (enqueue 3.55859 ms)
[10/06/2026-16:15:50] [I] Average on 1 runs - GPU latency: 5.04297 ms - Host latency: 5.14844 ms (enqueue 3.28125 ms)
[10/06/2026-16:15:50] [I] Average on 1 runs - GPU latency: 5.03711 ms - Host latency: 5.17383 ms (enqueue 3.52148 ms)
[10/06/2026-16:15:50] [I] Average on 1 runs - GPU latency: 5.05078 ms - Host latency: 5.16602 ms (enqueue 3.55664 ms)
[10/06/2026-16:15:50] [I] Average on 1 runs - GPU latency: 5.04297 ms - Host latency: 5.17969 ms (enqueue 3.55859 ms)
[10/06/2026-16:15:50] [I] Average on 1 runs - GPU latency: 5.05273 ms - Host latency: 5.17969 ms (enqueue 3.30469 ms)
[10/06/2026-16:15:50] [I] Average on 1 runs - GPU latency: 5.04492 ms - Host latency: 5.17188 ms (enqueue 3.59961 ms)
[10/06/2026-16:15:50] [I] Average on 1 runs - GPU latency: 5.05469 ms - Host latency: 5.20508 ms (enqueue 3.54102 ms)
[10/06/2026-16:15:50] [I] Average on 1 runs - GPU latency: 5.04297 ms - Host latency: 5.18359 ms (enqueue 3.45117 ms)
[10/06/2026-16:15:50] [I] Average on 1 runs - GPU latency: 5.04883 ms - Host latency: 5.17383 ms (enqueue 3.48828 ms)
[10/06/2026-16:15:50] [I] Average on 1 runs - GPU latency: 5.05273 ms - Host latency: 5.19531 ms (enqueue 3.5625 ms)
[10/06/2026-16:15:50] [I] Average on 1 runs - GPU latency: 5.05078 ms - Host latency: 5.16602 ms (enqueue 3.55469 ms)
[10/06/2026-16:15:50] [I] Average on 1 runs - GPU latency: 5.02344 ms - Host latency: 5.17969 ms (enqueue 3.61328 ms)
[10/06/2026-16:15:50] [I] Average on 1 runs - GPU latency: 5.04492 ms - Host latency: 5.17578 ms (enqueue 2.24414 ms)
[10/06/2026-16:15:50] [I] Average on 1 runs - GPU latency: 5.04297 ms - Host latency: 5.17383 ms (enqueue 3.5332 ms)
[10/06/2026-16:15:50] [I] Average on 1 runs - GPU latency: 5.04102 ms - Host latency: 5.16016 ms (enqueue 3.60547 ms)
[10/06/2026-16:15:50] [I] Average on 1 runs - GPU latency: 5.04883 ms - Host latency: 5.16406 ms (enqueue 3.5332 ms)
[10/06/2026-16:15:50] [I] Average on 1 runs - GPU latency: 5.04883 ms - Host latency: 5.18555 ms (enqueue 3.47852 ms)
[10/06/2026-16:15:50] [I] Average on 1 runs - GPU latency: 5.04688 ms - Host latency: 5.16602 ms (enqueue 3.63477 ms)
[10/06/2026-16:15:50] [I] Average on 1 runs - GPU latency: 5.04883 ms - Host latency: 5.19141 ms (enqueue 3.54297 ms)
[10/06/2026-16:15:50] [I] Average on 1 runs - GPU latency: 5.04883 ms - Host latency: 5.19727 ms (enqueue 3.55664 ms)
[10/06/2026-16:15:50] [I] Average on 1 runs - GPU latency: 5.04688 ms - Host latency: 5.18359 ms (enqueue 3.57422 ms)
[10/06/2026-16:15:50] [I] Average on 1 runs - GPU latency: 5.05078 ms - Host latency: 5.1875 ms (enqueue 3.5293 ms)
[10/06/2026-16:15:50] [I] Average on 1 runs - GPU latency: 5.04688 ms - Host latency: 5.16602 ms (enqueue 3.60156 ms)
[10/06/2026-16:15:50] [I] Average on 1 runs - GPU latency: 5.05078 ms - Host latency: 5.17969 ms (enqueue 3.48633 ms)
[10/06/2026-16:15:50] [I] Average on 1 runs - GPU latency: 5.05078 ms - Host latency: 5.18555 ms (enqueue 2.86328 ms)
[10/06/2026-16:15:50] [I] Average on 1 runs - GPU latency: 5.05469 ms - Host latency: 5.19922 ms (enqueue 3.12305 ms)
[10/06/2026-16:15:50] [I] Average on 1 runs - GPU latency: 5.03906 ms - Host latency: 5.17773 ms (enqueue 3.25977 ms)
[10/06/2026-16:15:50] [I] Average on 1 runs - GPU latency: 5.05469 ms - Host latency: 5.16992 ms (enqueue 3.54297 ms)
[10/06/2026-16:15:50] [I] Average on 1 runs - GPU latency: 5.04883 ms - Host latency: 5.19336 ms (enqueue 3.56641 ms)
[10/06/2026-16:15:50] [I] Average on 1 runs - GPU latency: 5.04688 ms - Host latency: 5.16992 ms (enqueue 3.54688 ms)
[10/06/2026-16:15:50] [I] Average on 1 runs - GPU latency: 5.05273 ms - Host latency: 5.18359 ms (enqueue 3.5293 ms)
[10/06/2026-16:15:50] [I] Average on 1 runs - GPU latency: 5.00586 ms - Host latency: 5.16406 ms (enqueue 3.5 ms)
[10/06/2026-16:15:50] [I] Average on 1 runs - GPU latency: 5.04102 ms - Host latency: 5.15234 ms (enqueue 2.0957 ms)
[10/06/2026-16:15:50] [I] Average on 1 runs - GPU latency: 5.04297 ms - Host latency: 5.19141 ms (enqueue 3.55273 ms)
[10/06/2026-16:15:50] [I] Average on 1 runs - GPU latency: 5.04492 ms - Host latency: 5.16211 ms (enqueue 3.58203 ms)
[10/06/2026-16:15:50] [I] Average on 1 runs - GPU latency: 5.04102 ms - Host latency: 5.17773 ms (enqueue 3.49219 ms)
[10/06/2026-16:15:50] [I] Average on 1 runs - GPU latency: 5.04492 ms - Host latency: 5.1582 ms (enqueue 3.5625 ms)
[10/06/2026-16:15:50] [I] Average on 1 runs - GPU latency: 5.05078 ms - Host latency: 5.19531 ms (enqueue 3.57227 ms)
[10/06/2026-16:15:50] [I] Average on 1 runs - GPU latency: 5.04883 ms - Host latency: 5.17969 ms (enqueue 3.62109 ms)
[10/06/2026-16:15:50] [I] Average on 1 runs - GPU latency: 5.05078 ms - Host latency: 5.18164 ms (enqueue 3.49414 ms)
[10/06/2026-16:15:50] [I] Average on 1 runs - GPU latency: 5.03125 ms - Host latency: 5.14844 ms (enqueue 3.55469 ms)
[10/06/2026-16:15:50] [I] Average on 1 runs - GPU latency: 5.01367 ms - Host latency: 5.14648 ms (enqueue 3.54492 ms)
[10/06/2026-16:15:50] [I] Average on 1 runs - GPU latency: 5.00977 ms - Host latency: 5.11328 ms (enqueue 2.10547 ms)
[10/06/2026-16:15:50] [I] Average on 1 runs - GPU latency: 5.03906 ms - Host latency: 5.14648 ms (enqueue 2.11719 ms)
[10/06/2026-16:15:50] [I] Average on 1 runs - GPU latency: 5.03906 ms - Host latency: 5.15625 ms (enqueue 3.57031 ms)
[10/06/2026-16:15:50] [I] Average on 1 runs - GPU latency: 5.05078 ms - Host latency: 5.16016 ms (enqueue 3.47852 ms)
[10/06/2026-16:15:50] [I] Average on 1 runs - GPU latency: 5.04492 ms - Host latency: 5.17188 ms (enqueue 3.53125 ms)
[10/06/2026-16:15:50] [I] Average on 1 runs - GPU latency: 5.04883 ms - Host latency: 5.16211 ms (enqueue 3.51562 ms)
[10/06/2026-16:15:50] [I] Average on 1 runs - GPU latency: 5.05078 ms - Host latency: 5.17383 ms (enqueue 3.5293 ms)
[10/06/2026-16:15:50] [I] Average on 1 runs - GPU latency: 5.04102 ms - Host latency: 5.1582 ms (enqueue 3.55859 ms)
[10/06/2026-16:15:50] [I] Average on 1 runs - GPU latency: 5.03125 ms - Host latency: 5.15234 ms (enqueue 3.33594 ms)
[10/06/2026-16:15:50] [I] Average on 1 runs - GPU latency: 5.01367 ms - Host latency: 5.13477 ms (enqueue 3.57617 ms)
[10/06/2026-16:15:50] [I] Average on 1 runs - GPU latency: 5.0625 ms - Host latency: 5.17578 ms (enqueue 2.18164 ms)
[10/06/2026-16:15:50] [I] Average on 1 runs - GPU latency: 5.05273 ms - Host latency: 5.19727 ms (enqueue 3.61523 ms)
[10/06/2026-16:15:50] [I] Average on 1 runs - GPU latency: 5.04883 ms - Host latency: 5.18164 ms (enqueue 3.5 ms)
[10/06/2026-16:15:50] [I] Average on 1 runs - GPU latency: 5.04492 ms - Host latency: 5.18555 ms (enqueue 3.64453 ms)
[10/06/2026-16:15:50] [I] Average on 1 runs - GPU latency: 5.04883 ms - Host latency: 5.18359 ms (enqueue 2.88867 ms)
[10/06/2026-16:15:50] [I] Average on 1 runs - GPU latency: 5.05273 ms - Host latency: 5.19727 ms (enqueue 2.72852 ms)
[10/06/2026-16:15:50] [I] Average on 1 runs - GPU latency: 5.04492 ms - Host latency: 5.17383 ms (enqueue 2.81836 ms)
[10/06/2026-16:15:50] [I] Average on 1 runs - GPU latency: 5.05078 ms - Host latency: 5.17383 ms (enqueue 2.67773 ms)
[10/06/2026-16:15:50] [I] Average on 1 runs - GPU latency: 5.04297 ms - Host latency: 5.18945 ms (enqueue 2.67383 ms)
[10/06/2026-16:15:50] [I] Average on 1 runs - GPU latency: 5.05273 ms - Host latency: 5.17188 ms (enqueue 2.50391 ms)
[10/06/2026-16:15:50] [I] Average on 1 runs - GPU latency: 5.05273 ms - Host latency: 5.23828 ms (enqueue 2.92383 ms)
[10/06/2026-16:15:50] [I] Average on 1 runs - GPU latency: 5.04688 ms - Host latency: 5.19531 ms (enqueue 2.88086 ms)
[10/06/2026-16:15:50] [I] Average on 1 runs - GPU latency: 5.04492 ms - Host latency: 5.16602 ms (enqueue 2.61719 ms)
[10/06/2026-16:15:50] [I] Average on 1 runs - GPU latency: 5.03906 ms - Host latency: 5.1582 ms (enqueue 2.56836 ms)
[10/06/2026-16:15:50] [I] Average on 1 runs - GPU latency: 5.05469 ms - Host latency: 5.16602 ms (enqueue 2.41797 ms)
[10/06/2026-16:15:50] [I] Average on 1 runs - GPU latency: 5.04102 ms - Host latency: 5.18555 ms (enqueue 3.29883 ms)
[10/06/2026-16:15:50] [I] Average on 1 runs - GPU latency: 5.05469 ms - Host latency: 5.17578 ms (enqueue 3.31055 ms)
[10/06/2026-16:15:50] [I] Average on 1 runs - GPU latency: 5.04492 ms - Host latency: 5.1582 ms (enqueue 3.38281 ms)
[10/06/2026-16:15:50] [I] Average on 1 runs - GPU latency: 5.03125 ms - Host latency: 5.17383 ms (enqueue 3.49609 ms)
[10/06/2026-16:15:50] [I] Average on 1 runs - GPU latency: 5.02734 ms - Host latency: 5.16602 ms (enqueue 3.28906 ms)
[10/06/2026-16:15:50] [I] Average on 1 runs - GPU latency: 5.04492 ms - Host latency: 5.15039 ms (enqueue 2.70312 ms)
[10/06/2026-16:15:50] [I] Average on 1 runs - GPU latency: 5.03906 ms - Host latency: 5.21484 ms (enqueue 3.39844 ms)
[10/06/2026-16:15:50] [I] Average on 1 runs - GPU latency: 4.98828 ms - Host latency: 5.18555 ms (enqueue 3.12305 ms)
[10/06/2026-16:15:50] [I] Average on 1 runs - GPU latency: 5.03906 ms - Host latency: 5.17773 ms (enqueue 2.34961 ms)
[10/06/2026-16:15:50] [I] Average on 1 runs - GPU latency: 5.04102 ms - Host latency: 5.14844 ms (enqueue 2.39258 ms)
[10/06/2026-16:15:50] [I] Average on 1 runs - GPU latency: 5.04883 ms - Host latency: 5.14844 ms (enqueue 2.36133 ms)
[10/06/2026-16:15:50] [I] Average on 1 runs - GPU latency: 5.04492 ms - Host latency: 5.15039 ms (enqueue 2.45117 ms)
[10/06/2026-16:15:50] [I] Average on 1 runs - GPU latency: 5.04688 ms - Host latency: 5.16992 ms (enqueue 2.48828 ms)
[10/06/2026-16:15:50] [I] Average on 1 runs - GPU latency: 5.04883 ms - Host latency: 5.17383 ms (enqueue 2.68164 ms)
[10/06/2026-16:15:50] [I] Average on 1 runs - GPU latency: 5.04297 ms - Host latency: 5.15234 ms (enqueue 2.50586 ms)
[10/06/2026-16:15:50] [I] Average on 1 runs - GPU latency: 5.03906 ms - Host latency: 5.15234 ms (enqueue 2.78125 ms)
[10/06/2026-16:15:50] [I] Average on 1 runs - GPU latency: 5.05078 ms - Host latency: 5.17188 ms (enqueue 2.76172 ms)
[10/06/2026-16:15:50] [I] Average on 1 runs - GPU latency: 5.04492 ms - Host latency: 5.16406 ms (enqueue 2.9082 ms)
[10/06/2026-16:15:50] [I] Average on 1 runs - GPU latency: 5.04492 ms - Host latency: 5.15039 ms (enqueue 2.7168 ms)
[10/06/2026-16:15:50] [I] Average on 1 runs - GPU latency: 5.04102 ms - Host latency: 5.14648 ms (enqueue 2.95898 ms)
[10/06/2026-16:15:50] [I] Average on 1 runs - GPU latency: 5.04688 ms - Host latency: 5.16406 ms (enqueue 3.08008 ms)
[10/06/2026-16:15:50] [I] Average on 1 runs - GPU latency: 5.03906 ms - Host latency: 5.16016 ms (enqueue 3.11719 ms)
[10/06/2026-16:15:50] [I] Average on 1 runs - GPU latency: 5.03711 ms - Host latency: 5.14648 ms (enqueue 3.00977 ms)
[10/06/2026-16:15:50] [I] Average on 1 runs - GPU latency: 5.00781 ms - Host latency: 5.11914 ms (enqueue 2.97461 ms)
[10/06/2026-16:15:50] [I] Average on 1 runs - GPU latency: 5.04102 ms - Host latency: 5.14844 ms (enqueue 2.92188 ms)
[10/06/2026-16:15:50] [I] Average on 1 runs - GPU latency: 5.04102 ms - Host latency: 5.17188 ms (enqueue 3.14062 ms)
[10/06/2026-16:15:50] [I] Average on 1 runs - GPU latency: 5.04492 ms - Host latency: 5.15039 ms (enqueue 3.06445 ms)
[10/06/2026-16:15:50] [I] Average on 1 runs - GPU latency: 5.05273 ms - Host latency: 5.16797 ms (enqueue 3.2793 ms)
[10/06/2026-16:15:50] [I] Average on 1 runs - GPU latency: 5.04883 ms - Host latency: 5.17188 ms (enqueue 3.34375 ms)
[10/06/2026-16:15:50] [I] Average on 1 runs - GPU latency: 5.05469 ms - Host latency: 5.24219 ms (enqueue 3.04297 ms)
[10/06/2026-16:15:50] [I] Average on 1 runs - GPU latency: 5.04492 ms - Host latency: 5.17969 ms (enqueue 3.26367 ms)
[10/06/2026-16:15:50] [I] Average on 1 runs - GPU latency: 5.04297 ms - Host latency: 5.16016 ms (enqueue 3.25977 ms)
[10/06/2026-16:15:50] [I] Average on 1 runs - GPU latency: 5.04102 ms - Host latency: 5.16992 ms (enqueue 3.24805 ms)
[10/06/2026-16:15:50] [I] Average on 1 runs - GPU latency: 5.01758 ms - Host latency: 5.13672 ms (enqueue 3.41211 ms)
[10/06/2026-16:15:50] [I] Average on 1 runs - GPU latency: 5.03906 ms - Host latency: 5.19141 ms (enqueue 2.86328 ms)
[10/06/2026-16:15:50] [I] Average on 1 runs - GPU latency: 5.04688 ms - Host latency: 5.15625 ms (enqueue 3.33008 ms)
[10/06/2026-16:15:50] [I] Average on 1 runs - GPU latency: 5.04102 ms - Host latency: 5.1875 ms (enqueue 3.26562 ms)
[10/06/2026-16:15:50] [I] Average on 1 runs - GPU latency: 5.04688 ms - Host latency: 5.17188 ms (enqueue 3.20312 ms)
[10/06/2026-16:15:50] [I] Average on 1 runs - GPU latency: 5.05273 ms - Host latency: 5.18945 ms (enqueue 3.29688 ms)
[10/06/2026-16:15:50] [I] Average on 1 runs - GPU latency: 5.05078 ms - Host latency: 5.18555 ms (enqueue 3.31641 ms)
[10/06/2026-16:15:50] [I] Average on 1 runs - GPU latency: 5.03516 ms - Host latency: 5.14844 ms (enqueue 3.27539 ms)
[10/06/2026-16:15:50] [I] Average on 1 runs - GPU latency: 5.03711 ms - Host latency: 5.1582 ms (enqueue 3.49023 ms)
[10/06/2026-16:15:50] [I] Average on 1 runs - GPU latency: 5.03906 ms - Host latency: 5.16016 ms (enqueue 3.30664 ms)
[10/06/2026-16:15:50] [I] Average on 1 runs - GPU latency: 4.99805 ms - Host latency: 5.10352 ms (enqueue 3.28516 ms)
[10/06/2026-16:15:50] [I] Average on 1 runs - GPU latency: 5.04297 ms - Host latency: 5.15625 ms (enqueue 2.74023 ms)
[10/06/2026-16:15:50] [I] Average on 1 runs - GPU latency: 5.04102 ms - Host latency: 5.16211 ms (enqueue 3.36133 ms)
[10/06/2026-16:15:50] [I] Average on 1 runs - GPU latency: 5.05273 ms - Host latency: 5.18945 ms (enqueue 3.33984 ms)
[10/06/2026-16:15:50] [I] Average on 1 runs - GPU latency: 5.05469 ms - Host latency: 5.19531 ms (enqueue 3.33008 ms)
[10/06/2026-16:15:50] [I] Average on 1 runs - GPU latency: 5.04883 ms - Host latency: 5.18945 ms (enqueue 3.30664 ms)
[10/06/2026-16:15:50] [I] Average on 1 runs - GPU latency: 5.03906 ms - Host latency: 5.14844 ms (enqueue 3.52148 ms)
[10/06/2026-16:15:50] [I] Average on 1 runs - GPU latency: 5.04297 ms - Host latency: 5.17969 ms (enqueue 3.33008 ms)
[10/06/2026-16:15:50] [I] Average on 1 runs - GPU latency: 5.05273 ms - Host latency: 5.16797 ms (enqueue 3.30469 ms)
[10/06/2026-16:15:50] [I] Average on 1 runs - GPU latency: 5.04883 ms - Host latency: 5.19141 ms (enqueue 3.23828 ms)
[10/06/2026-16:15:50] [I] Average on 1 runs - GPU latency: 5.04297 ms - Host latency: 5.16797 ms (enqueue 3.41406 ms)
[10/06/2026-16:15:50] [I] Average on 1 runs - GPU latency: 5.04688 ms - Host latency: 5.16406 ms (enqueue 3.42383 ms)
[10/06/2026-16:15:50] [I] Average on 1 runs - GPU latency: 5.04492 ms - Host latency: 5.16406 ms (enqueue 3.38086 ms)
[10/06/2026-16:15:50] [I] Average on 1 runs - GPU latency: 5.04688 ms - Host latency: 5.16406 ms (enqueue 3.5 ms)
[10/06/2026-16:15:50] [I] Average on 1 runs - GPU latency: 5.04883 ms - Host latency: 5.18555 ms (enqueue 3.30078 ms)
[10/06/2026-16:15:50] [I] Average on 1 runs - GPU latency: 5.05078 ms - Host latency: 5.19141 ms (enqueue 2.91797 ms)
[10/06/2026-16:15:50] [I] Average on 1 runs - GPU latency: 5.05078 ms - Host latency: 5.1875 ms (enqueue 3.49414 ms)
[10/06/2026-16:15:50] [I] Average on 1 runs - GPU latency: 5.05273 ms - Host latency: 5.17773 ms (enqueue 3.49219 ms)
[10/06/2026-16:15:50] [I] Average on 1 runs - GPU latency: 5.03906 ms - Host latency: 5.18555 ms (enqueue 3.58594 ms)
[10/06/2026-16:15:50] [I] Average on 1 runs - GPU latency: 5.04102 ms - Host latency: 5.16016 ms (enqueue 3.5293 ms)
[10/06/2026-16:15:50] [I] Average on 1 runs - GPU latency: 5.00391 ms - Host latency: 5.12109 ms (enqueue 3.53711 ms)
[10/06/2026-16:15:50] [I] Average on 1 runs - GPU latency: 5.04883 ms - Host latency: 5.17773 ms (enqueue 2.45508 ms)
[10/06/2026-16:15:50] [I] Average on 1 runs - GPU latency: 5.04688 ms - Host latency: 5.18555 ms (enqueue 3.65234 ms)
[10/06/2026-16:15:50] [I] Average on 1 runs - GPU latency: 5.05078 ms - Host latency: 5.17188 ms (enqueue 3.34766 ms)
[10/06/2026-16:15:50] [I] Average on 1 runs - GPU latency: 5.04297 ms - Host latency: 5.18164 ms (enqueue 3.19531 ms)
[10/06/2026-16:15:50] [I] Average on 1 runs - GPU latency: 5.04883 ms - Host latency: 5.16406 ms (enqueue 2.81836 ms)
[10/06/2026-16:15:50] [I] Average on 1 runs - GPU latency: 5.05273 ms - Host latency: 5.19141 ms (enqueue 2.97266 ms)
[10/06/2026-16:15:50] [I] Average on 1 runs - GPU latency: 5.04492 ms - Host latency: 5.18945 ms (enqueue 3.4043 ms)
[10/06/2026-16:15:50] [I] Average on 1 runs - GPU latency: 5.04688 ms - Host latency: 5.16406 ms (enqueue 3.31641 ms)
[10/06/2026-16:15:50] [I] Average on 1 runs - GPU latency: 5.03711 ms - Host latency: 5.20508 ms (enqueue 3.52148 ms)
[10/06/2026-16:15:50] [I] Average on 1 runs - GPU latency: 5.00586 ms - Host latency: 5.11328 ms (enqueue 3.32227 ms)
[10/06/2026-16:15:50] [I] Average on 1 runs - GPU latency: 5.04883 ms - Host latency: 5.16016 ms (enqueue 2.36914 ms)
[10/06/2026-16:15:50] [I] Average on 1 runs - GPU latency: 5.05664 ms - Host latency: 5.24219 ms (enqueue 3.5625 ms)
[10/06/2026-16:15:50] [I] Average on 1 runs - GPU latency: 5.05273 ms - Host latency: 5.19336 ms (enqueue 3.30469 ms)
[10/06/2026-16:15:50] [I] Average on 1 runs - GPU latency: 5.04102 ms - Host latency: 5.17773 ms (enqueue 3.33008 ms)
[10/06/2026-16:15:50] [I] Average on 1 runs - GPU latency: 5.04102 ms - Host latency: 5.17773 ms (enqueue 3.30469 ms)
[10/06/2026-16:15:50] [I] Average on 1 runs - GPU latency: 5.01172 ms - Host latency: 5.125 ms (enqueue 3.21094 ms)
[10/06/2026-16:15:50] [I] 
[10/06/2026-16:15:50] [I] === Performance summary ===
[10/06/2026-16:15:50] [I] Throughput: 198.161 qps
[10/06/2026-16:15:50] [I] Latency: min = 5.09082 ms, max = 5.28906 ms, mean = 5.16967 ms, median = 5.16895 ms, percentile(90%) = 5.19141 ms, percentile(95%) = 5.19824 ms, percentile(99%) = 5.22559 ms
[10/06/2026-16:15:50] [I] Enqueue Time: min = 2.04688 ms, max = 4.6748 ms, mean = 3.36947 ms, median = 3.48535 ms, percentile(90%) = 3.61914 ms, percentile(95%) = 3.77051 ms, percentile(99%) = 3.86523 ms
[10/06/2026-16:15:50] [I] H2D Latency: min = 0.0917969 ms, max = 0.237793 ms, mean = 0.121894 ms, median = 0.119141 ms, percentile(90%) = 0.138672 ms, percentile(95%) = 0.144531 ms, percentile(99%) = 0.172852 ms
[10/06/2026-16:15:50] [I] GPU Compute Time: min = 4.97559 ms, max = 5.06836 ms, mean = 5.04185 ms, median = 5.04492 ms, percentile(90%) = 5.05273 ms, percentile(95%) = 5.05469 ms, percentile(99%) = 5.06006 ms
[10/06/2026-16:15:50] [I] D2H Latency: min = 0.00390625 ms, max = 0.00976562 ms, mean = 0.00592765 ms, median = 0.00585938 ms, percentile(90%) = 0.00683594 ms, percentile(95%) = 0.0078125 ms, percentile(99%) = 0.00878906 ms
[10/06/2026-16:15:50] [I] Total Host Walltime: 15.0131 s
[10/06/2026-16:15:50] [I] Total GPU Compute Time: 14.9995 s
[10/06/2026-16:15:50] [I] Explanations of the performance metrics are printed in the verbose logs.
[10/06/2026-16:15:50] [I] 
&&&& PASSED TensorRT.trtexec [TensorRT v100300] # /usr/src/tensorrt/bin/trtexec --loadEngine=/tmp/yolo26n_84172_uint8_fp16_opt3.engine --warmUp=3000 --duration=15 --idleTime=0 --avgRuns=1
