&&&& RUNNING TensorRT.trtexec [TensorRT v100300] # /usr/src/tensorrt/bin/trtexec --loadEngine=/tmp/yolo26n_84172_uint8_fp16_opt3.engine --warmUp=3000 --duration=15 --idleTime=1 --avgRuns=1
[10/04/2026-22:09:38] [I] === Model Options ===
[10/04/2026-22:09:38] [I] Format: *
[10/04/2026-22:09:38] [I] Model: 
[10/04/2026-22:09:38] [I] Output:
[10/04/2026-22:09:38] [I] 
[10/04/2026-22:09:38] [I] === System Options ===
[10/04/2026-22:09:38] [I] Device: 0
[10/04/2026-22:09:38] [I] DLACore: 
[10/04/2026-22:09:38] [I] Plugins:
[10/04/2026-22:09:38] [I] setPluginsToSerialize:
[10/04/2026-22:09:38] [I] dynamicPlugins:
[10/04/2026-22:09:38] [I] ignoreParsedPluginLibs: 0
[10/04/2026-22:09:38] [I] 
[10/04/2026-22:09:38] [I] === Inference Options ===
[10/04/2026-22:09:38] [I] Batch: Explicit
[10/04/2026-22:09:38] [I] Input inference shapes: model
[10/04/2026-22:09:38] [I] Iterations: 10
[10/04/2026-22:09:38] [I] Duration: 15s (+ 3000ms warm up)
[10/04/2026-22:09:38] [I] Sleep time: 0ms
[10/04/2026-22:09:38] [I] Idle time: 1ms
[10/04/2026-22:09:38] [I] Inference Streams: 1
[10/04/2026-22:09:38] [I] ExposeDMA: Disabled
[10/04/2026-22:09:38] [I] Data transfers: Enabled
[10/04/2026-22:09:38] [I] Spin-wait: Disabled
[10/04/2026-22:09:38] [I] Multithreading: Disabled
[10/04/2026-22:09:38] [I] CUDA Graph: Disabled
[10/04/2026-22:09:38] [I] Separate profiling: Disabled
[10/04/2026-22:09:38] [I] Time Deserialize: Disabled
[10/04/2026-22:09:38] [I] Time Refit: Disabled
[10/04/2026-22:09:38] [I] NVTX verbosity: 0
[10/04/2026-22:09:38] [I] Persistent Cache Ratio: 0
[10/04/2026-22:09:38] [I] Optimization Profile Index: 0
[10/04/2026-22:09:38] [I] Weight Streaming Budget: 100.000000%
[10/04/2026-22:09:38] [I] Inputs:
[10/04/2026-22:09:38] [I] Debug Tensor Save Destinations:
[10/04/2026-22:09:38] [I] === Reporting Options ===
[10/04/2026-22:09:38] [I] Verbose: Disabled
[10/04/2026-22:09:38] [I] Averages: 1 inferences
[10/04/2026-22:09:38] [I] Percentiles: 90,95,99
[10/04/2026-22:09:38] [I] Dump refittable layers:Disabled
[10/04/2026-22:09:38] [I] Dump output: Disabled
[10/04/2026-22:09:38] [I] Profile: Disabled
[10/04/2026-22:09:38] [I] Export timing to JSON file: 
[10/04/2026-22:09:38] [I] Export output to JSON file: 
[10/04/2026-22:09:38] [I] Export profile to JSON file: 
[10/04/2026-22:09:38] [I] 
[10/04/2026-22:09:38] [I] === Device Information ===
[10/04/2026-22:09:38] [I] Available Devices: 
[10/04/2026-22:09:38] [I]   Device 0: "Orin" UUID: GPU-6e16c2c1-e394-5324-8f2e-63a975968f4e
[10/04/2026-22:09:38] [I] Selected Device: Orin
[10/04/2026-22:09:38] [I] Selected Device ID: 0
[10/04/2026-22:09:38] [I] Selected Device UUID: GPU-6e16c2c1-e394-5324-8f2e-63a975968f4e
[10/04/2026-22:09:38] [I] Compute Capability: 8.7
[10/04/2026-22:09:38] [I] SMs: 8
[10/04/2026-22:09:38] [I] Device Global Memory: 7607 MiB
[10/04/2026-22:09:38] [I] Shared Memory per SM: 164 KiB
[10/04/2026-22:09:38] [I] Memory Bus Width: 128 bits (ECC disabled)
[10/04/2026-22:09:38] [I] Application Compute Clock Rate: 1.02 GHz
[10/04/2026-22:09:38] [I] Application Memory Clock Rate: 1.02 GHz
[10/04/2026-22:09:38] [I] 
[10/04/2026-22:09:38] [I] Note: The application clock rates do not reflect the actual clock rates that the GPU is currently running at.
[10/04/2026-22:09:38] [I] 
[10/04/2026-22:09:38] [I] TensorRT version: 10.3.0
[10/04/2026-22:09:38] [I] Loading standard plugins
[10/04/2026-22:09:38] [I] [TRT] Loaded engine size: 7 MiB
[10/04/2026-22:09:38] [I] Engine deserialized in 0.0649362 sec.
[10/04/2026-22:09:38] [I] [TRT] [MemUsageChange] TensorRT-managed allocation in IExecutionContext creation: CPU +0, GPU +12, now: CPU 0, GPU 16 (MiB)
[10/04/2026-22:09:38] [I] Setting persistentCacheLimit to 0 bytes.
[10/04/2026-22:09:38] [I] Created execution context with device memory size: 12.207 MiB
[10/04/2026-22:09:38] [I] Using random values for input images
[10/04/2026-22:09:38] [I] Input binding for images with dimensions 1x640x640x3 is created.
[10/04/2026-22:09:38] [I] Output binding for output0 with dimensions 1x300x6 is created.
[10/04/2026-22:09:38] [I] Starting inference
[10/04/2026-22:09:56] [I] Warmup completed 695 queries over 3000 ms
[10/04/2026-22:09:56] [I] Timing trace has 3559 queries over 15.0151 s
[10/04/2026-22:09:56] [I] 
[10/04/2026-22:09:56] [I] === Trace details ===
[10/04/2026-22:09:56] [I] Trace averages of 1 runs:
[10/04/2026-22:09:56] [I] Average on 1 runs - GPU latency: 4.2395 ms - Host latency: 4.36304 ms (enqueue 2.09399 ms)
[10/04/2026-22:09:56] [I] Average on 1 runs - GPU latency: 4.21289 ms - Host latency: 4.35205 ms (enqueue 2.10181 ms)
[10/04/2026-22:09:56] [I] Average on 1 runs - GPU latency: 4.20801 ms - Host latency: 4.28931 ms (enqueue 2.08643 ms)
[10/04/2026-22:09:56] [I] Average on 1 runs - GPU latency: 4.21436 ms - Host latency: 4.2937 ms (enqueue 2.08984 ms)
[10/04/2026-22:09:56] [I] Average on 1 runs - GPU latency: 4.22485 ms - Host latency: 4.29834 ms (enqueue 2.05078 ms)
[10/04/2026-22:09:56] [I] Average on 1 runs - GPU latency: 4.21851 ms - Host latency: 4.29077 ms (enqueue 2.04126 ms)
[10/04/2026-22:09:56] [I] Average on 1 runs - GPU latency: 4.21313 ms - Host latency: 4.28662 ms (enqueue 2.05151 ms)
[10/04/2026-22:09:56] [I] Average on 1 runs - GPU latency: 4.20605 ms - Host latency: 4.28247 ms (enqueue 2.04395 ms)
[10/04/2026-22:09:56] [I] Average on 1 runs - GPU latency: 4.2124 ms - Host latency: 4.29517 ms (enqueue 2.03662 ms)
[10/04/2026-22:09:56] [I] Average on 1 runs - GPU latency: 4.21216 ms - Host latency: 4.28418 ms (enqueue 2.03125 ms)
[10/04/2026-22:09:56] [I] Average on 1 runs - GPU latency: 4.21777 ms - Host latency: 4.29883 ms (enqueue 2.03882 ms)
[10/04/2026-22:09:56] [I] Average on 1 runs - GPU latency: 4.21143 ms - Host latency: 4.28589 ms (enqueue 2.04321 ms)
[10/04/2026-22:09:56] [I] Average on 1 runs - GPU latency: 4.2124 ms - Host latency: 4.29443 ms (enqueue 2.03833 ms)
[10/04/2026-22:09:56] [I] Average on 1 runs - GPU latency: 4.20825 ms - Host latency: 4.29077 ms (enqueue 2.0376 ms)
[10/04/2026-22:09:56] [I] Average on 1 runs - GPU latency: 4.2124 ms - Host latency: 4.29517 ms (enqueue 2.08521 ms)
[10/04/2026-22:09:56] [I] Average on 1 runs - GPU latency: 4.21777 ms - Host latency: 4.29907 ms (enqueue 2.07642 ms)
[10/04/2026-22:09:56] [I] Average on 1 runs - GPU latency: 4.21533 ms - Host latency: 4.29443 ms (enqueue 2.09302 ms)
[10/04/2026-22:09:56] [I] Average on 1 runs - GPU latency: 4.21216 ms - Host latency: 4.28711 ms (enqueue 2.09131 ms)
[10/04/2026-22:09:56] [I] Average on 1 runs - GPU latency: 4.21167 ms - Host latency: 4.28687 ms (enqueue 2.08838 ms)
[10/04/2026-22:09:56] [I] Average on 1 runs - GPU latency: 4.2251 ms - Host latency: 4.30322 ms (enqueue 2.05908 ms)
[10/04/2026-22:09:56] [I] Average on 1 runs - GPU latency: 4.23901 ms - Host latency: 4.32202 ms (enqueue 2.05786 ms)
[10/04/2026-22:09:56] [I] Average on 1 runs - GPU latency: 4.21997 ms - Host latency: 4.30688 ms (enqueue 2.09863 ms)
[10/04/2026-22:09:56] [I] Average on 1 runs - GPU latency: 4.21826 ms - Host latency: 4.29419 ms (enqueue 2.0979 ms)
[10/04/2026-22:09:56] [I] Average on 1 runs - GPU latency: 4.21753 ms - Host latency: 4.29224 ms (enqueue 2.05005 ms)
[10/04/2026-22:09:56] [I] Average on 1 runs - GPU latency: 4.22168 ms - Host latency: 4.30078 ms (enqueue 2.03516 ms)
[10/04/2026-22:09:56] [I] Average on 1 runs - GPU latency: 4.22729 ms - Host latency: 4.30347 ms (enqueue 2.04492 ms)
[10/04/2026-22:09:56] [I] Average on 1 runs - GPU latency: 4.22437 ms - Host latency: 4.30176 ms (enqueue 2.0498 ms)
[10/04/2026-22:09:56] [I] Average on 1 runs - GPU latency: 4.21997 ms - Host latency: 4.29932 ms (enqueue 2.03516 ms)
[10/04/2026-22:09:56] [I] Average on 1 runs - GPU latency: 4.21973 ms - Host latency: 4.29663 ms (enqueue 2.0376 ms)
[10/04/2026-22:09:56] [I] Average on 1 runs - GPU latency: 4.20557 ms - Host latency: 4.28223 ms (enqueue 2.03711 ms)
[10/04/2026-22:09:56] [I] Average on 1 runs - GPU latency: 4.21265 ms - Host latency: 4.2937 ms (enqueue 2.03589 ms)
[10/04/2026-22:09:56] [I] Average on 1 runs - GPU latency: 4.21362 ms - Host latency: 4.28931 ms (enqueue 2.03833 ms)
[10/04/2026-22:09:56] [I] Average on 1 runs - GPU latency: 4.21265 ms - Host latency: 4.29077 ms (enqueue 2.07275 ms)
[10/04/2026-22:09:56] [I] Average on 1 runs - GPU latency: 4.21265 ms - Host latency: 4.29248 ms (enqueue 2.0835 ms)
[10/04/2026-22:09:56] [I] Average on 1 runs - GPU latency: 4.21094 ms - Host latency: 4.28857 ms (enqueue 2.0835 ms)
[10/04/2026-22:09:56] [I] Average on 1 runs - GPU latency: 4.21631 ms - Host latency: 4.29712 ms (enqueue 2.09839 ms)
[10/04/2026-22:09:56] [I] Average on 1 runs - GPU latency: 4.21069 ms - Host latency: 4.29248 ms (enqueue 2.07129 ms)
[10/04/2026-22:09:56] [I] Average on 1 runs - GPU latency: 4.21094 ms - Host latency: 4.29224 ms (enqueue 2.08325 ms)
[10/04/2026-22:09:56] [I] Average on 1 runs - GPU latency: 4.22144 ms - Host latency: 4.30029 ms (enqueue 2.0708 ms)
[10/04/2026-22:09:56] [I] Average on 1 runs - GPU latency: 4.21118 ms - Host latency: 4.28979 ms (enqueue 2.08521 ms)
[10/04/2026-22:09:56] [I] Average on 1 runs - GPU latency: 4.21851 ms - Host latency: 4.29907 ms (enqueue 2.06689 ms)
[10/04/2026-22:09:56] [I] Average on 1 runs - GPU latency: 4.21899 ms - Host latency: 4.29468 ms (enqueue 2.0354 ms)
[10/04/2026-22:09:56] [I] Average on 1 runs - GPU latency: 4.22314 ms - Host latency: 4.31104 ms (enqueue 2.03198 ms)
[10/04/2026-22:09:56] [I] Average on 1 runs - GPU latency: 4.21021 ms - Host latency: 4.28394 ms (enqueue 2.03394 ms)
[10/04/2026-22:09:56] [I] Average on 1 runs - GPU latency: 4.21289 ms - Host latency: 4.28833 ms (enqueue 2.02393 ms)
[10/04/2026-22:09:56] [I] Average on 1 runs - GPU latency: 4.21777 ms - Host latency: 4.29712 ms (enqueue 2.04321 ms)
[10/04/2026-22:09:56] [I] Average on 1 runs - GPU latency: 4.21118 ms - Host latency: 4.28442 ms (enqueue 2.03638 ms)
[10/04/2026-22:09:56] [I] Average on 1 runs - GPU latency: 4.21362 ms - Host latency: 4.28809 ms (enqueue 2.02661 ms)
[10/04/2026-22:09:56] [I] Average on 1 runs - GPU latency: 4.2146 ms - Host latency: 4.29858 ms (enqueue 2.04297 ms)
[10/04/2026-22:09:56] [I] Average on 1 runs - GPU latency: 4.21631 ms - Host latency: 4.29761 ms (enqueue 2.03662 ms)
[10/04/2026-22:09:56] [I] Average on 1 runs - GPU latency: 4.21338 ms - Host latency: 4.29028 ms (enqueue 2.06567 ms)
[10/04/2026-22:09:56] [I] Average on 1 runs - GPU latency: 4.21338 ms - Host latency: 4.28638 ms (enqueue 2.07471 ms)
[10/04/2026-22:09:56] [I] Average on 1 runs - GPU latency: 4.20801 ms - Host latency: 4.28076 ms (enqueue 2.09595 ms)
[10/04/2026-22:09:56] [I] Average on 1 runs - GPU latency: 4.21777 ms - Host latency: 4.29395 ms (enqueue 2.0918 ms)
[10/04/2026-22:09:56] [I] Average on 1 runs - GPU latency: 4.20996 ms - Host latency: 4.28491 ms (enqueue 2.06421 ms)
[10/04/2026-22:09:56] [I] Average on 1 runs - GPU latency: 4.21216 ms - Host latency: 4.29443 ms (enqueue 2.06543 ms)
[10/04/2026-22:09:56] [I] Average on 1 runs - GPU latency: 4.21411 ms - Host latency: 4.29053 ms (enqueue 2.09839 ms)
[10/04/2026-22:09:56] [I] Average on 1 runs - GPU latency: 4.21387 ms - Host latency: 4.29248 ms (enqueue 2.08765 ms)
[10/04/2026-22:09:56] [I] Average on 1 runs - GPU latency: 4.21021 ms - Host latency: 4.28735 ms (enqueue 2.05591 ms)
[10/04/2026-22:09:56] [I] Average on 1 runs - GPU latency: 4.20923 ms - Host latency: 4.28882 ms (enqueue 2.02808 ms)
[10/04/2026-22:09:56] [I] Average on 1 runs - GPU latency: 4.21997 ms - Host latency: 4.2959 ms (enqueue 2.03735 ms)
[10/04/2026-22:09:56] [I] Average on 1 runs - GPU latency: 4.2124 ms - Host latency: 4.28711 ms (enqueue 2.03125 ms)
[10/04/2026-22:09:56] [I] Average on 1 runs - GPU latency: 4.21899 ms - Host latency: 4.2937 ms (enqueue 2.04761 ms)
[10/04/2026-22:09:56] [I] Average on 1 runs - GPU latency: 4.20947 ms - Host latency: 4.28564 ms (enqueue 2.05273 ms)
[10/04/2026-22:09:56] [I] Average on 1 runs - GPU latency: 4.21582 ms - Host latency: 4.29443 ms (enqueue 2.04517 ms)
[10/04/2026-22:09:56] [I] Average on 1 runs - GPU latency: 4.21387 ms - Host latency: 4.2937 ms (enqueue 2.03149 ms)
[10/04/2026-22:09:56] [I] Average on 1 runs - GPU latency: 4.21313 ms - Host latency: 4.29395 ms (enqueue 2.04541 ms)
[10/04/2026-22:09:56] [I] Average on 1 runs - GPU latency: 4.20947 ms - Host latency: 4.29004 ms (enqueue 2.03711 ms)
[10/04/2026-22:09:56] [I] Average on 1 runs - GPU latency: 4.21973 ms - Host latency: 4.30249 ms (enqueue 2.0769 ms)
[10/04/2026-22:09:56] [I] Average on 1 runs - GPU latency: 4.21484 ms - Host latency: 4.28687 ms (enqueue 2.08887 ms)
[10/04/2026-22:09:56] [I] Average on 1 runs - GPU latency: 4.21753 ms - Host latency: 4.29004 ms (enqueue 2.08008 ms)
[10/04/2026-22:09:56] [I] Average on 1 runs - GPU latency: 4.20996 ms - Host latency: 4.29346 ms (enqueue 2.06738 ms)
[10/04/2026-22:09:56] [I] Average on 1 runs - GPU latency: 4.21655 ms - Host latency: 4.29443 ms (enqueue 2.06519 ms)
[10/04/2026-22:09:56] [I] Average on 1 runs - GPU latency: 4.20752 ms - Host latency: 4.28271 ms (enqueue 2.06177 ms)
[10/04/2026-22:09:56] [I] Average on 1 runs - GPU latency: 4.22021 ms - Host latency: 4.29736 ms (enqueue 2.10034 ms)
[10/04/2026-22:09:56] [I] Average on 1 runs - GPU latency: 4.22046 ms - Host latency: 4.30176 ms (enqueue 2.0752 ms)
[10/04/2026-22:09:56] [I] Average on 1 runs - GPU latency: 4.21094 ms - Host latency: 4.29321 ms (enqueue 2.08374 ms)
[10/04/2026-22:09:56] [I] Average on 1 runs - GPU latency: 4.22119 ms - Host latency: 4.2998 ms (enqueue 2.05396 ms)
[10/04/2026-22:09:56] [I] Average on 1 runs - GPU latency: 4.21777 ms - Host latency: 4.30029 ms (enqueue 2.03369 ms)
[10/04/2026-22:09:56] [I] Average on 1 runs - GPU latency: 4.21265 ms - Host latency: 4.2876 ms (enqueue 2.03003 ms)
[10/04/2026-22:09:56] [I] Average on 1 runs - GPU latency: 4.20825 ms - Host latency: 4.28735 ms (enqueue 2.03174 ms)
[10/04/2026-22:09:56] [I] Average on 1 runs - GPU latency: 4.21094 ms - Host latency: 4.2854 ms (enqueue 2.04321 ms)
[10/04/2026-22:09:56] [I] Average on 1 runs - GPU latency: 4.21606 ms - Host latency: 4.29492 ms (enqueue 2.04028 ms)
[10/04/2026-22:09:56] [I] Average on 1 runs - GPU latency: 4.21484 ms - Host latency: 4.29956 ms (enqueue 2.04297 ms)
[10/04/2026-22:09:56] [I] Average on 1 runs - GPU latency: 4.20923 ms - Host latency: 4.29053 ms (enqueue 2.05396 ms)
[10/04/2026-22:09:56] [I] Average on 1 runs - GPU latency: 4.20532 ms - Host latency: 4.28442 ms (enqueue 2.04395 ms)
[10/04/2026-22:09:56] [I] Average on 1 runs - GPU latency: 4.21509 ms - Host latency: 4.29199 ms (enqueue 2.18359 ms)
[10/04/2026-22:09:56] [I] Average on 1 runs - GPU latency: 4.21021 ms - Host latency: 4.28931 ms (enqueue 2.08838 ms)
[10/04/2026-22:09:56] [I] Average on 1 runs - GPU latency: 4.21118 ms - Host latency: 4.29102 ms (enqueue 2.0564 ms)
[10/04/2026-22:09:56] [I] Average on 1 runs - GPU latency: 4.21704 ms - Host latency: 4.29712 ms (enqueue 2.06738 ms)
[10/04/2026-22:09:56] [I] Average on 1 runs - GPU latency: 4.21094 ms - Host latency: 4.28613 ms (enqueue 2.08789 ms)
[10/04/2026-22:09:56] [I] Average on 1 runs - GPU latency: 4.21216 ms - Host latency: 4.2854 ms (enqueue 2.073 ms)
[10/04/2026-22:09:56] [I] Average on 1 runs - GPU latency: 4.21582 ms - Host latency: 4.29541 ms (enqueue 2.08765 ms)
[10/04/2026-22:09:56] [I] Average on 1 runs - GPU latency: 4.21289 ms - Host latency: 4.29565 ms (enqueue 2.06885 ms)
[10/04/2026-22:09:56] [I] Average on 1 runs - GPU latency: 4.21533 ms - Host latency: 4.29614 ms (enqueue 2.07935 ms)
[10/04/2026-22:09:56] [I] Average on 1 runs - GPU latency: 4.21094 ms - Host latency: 4.28784 ms (enqueue 2.05957 ms)
[10/04/2026-22:09:56] [I] Average on 1 runs - GPU latency: 4.21533 ms - Host latency: 4.28687 ms (enqueue 2.04395 ms)
[10/04/2026-22:09:56] [I] Average on 1 runs - GPU latency: 4.21094 ms - Host latency: 4.28442 ms (enqueue 2.03369 ms)
[10/04/2026-22:09:56] [I] Average on 1 runs - GPU latency: 4.21997 ms - Host latency: 4.30176 ms (enqueue 2.03833 ms)
[10/04/2026-22:09:56] [I] Average on 1 runs - GPU latency: 4.21191 ms - Host latency: 4.28882 ms (enqueue 2.03906 ms)
[10/04/2026-22:09:56] [I] Average on 1 runs - GPU latency: 4.21533 ms - Host latency: 4.29492 ms (enqueue 2.04077 ms)
[10/04/2026-22:09:56] [I] Average on 1 runs - GPU latency: 4.20923 ms - Host latency: 4.2876 ms (enqueue 2.03125 ms)
[10/04/2026-22:09:56] [I] Average on 1 runs - GPU latency: 4.2168 ms - Host latency: 4.29614 ms (enqueue 2.03149 ms)
[10/04/2026-22:09:56] [I] Average on 1 runs - GPU latency: 4.20874 ms - Host latency: 4.28784 ms (enqueue 2.03418 ms)
[10/04/2026-22:09:56] [I] Average on 1 runs - GPU latency: 4.21362 ms - Host latency: 4.29028 ms (enqueue 2.04297 ms)
[10/04/2026-22:09:56] [I] Average on 1 runs - GPU latency: 4.21167 ms - Host latency: 4.29028 ms (enqueue 2.05615 ms)
[10/04/2026-22:09:56] [I] Average on 1 runs - GPU latency: 4.21167 ms - Host latency: 4.28711 ms (enqueue 2.05127 ms)
[10/04/2026-22:09:56] [I] Average on 1 runs - GPU latency: 4.21631 ms - Host latency: 4.29639 ms (enqueue 2.08594 ms)
[10/04/2026-22:09:56] [I] Average on 1 runs - GPU latency: 4.20825 ms - Host latency: 4.28662 ms (enqueue 2.05713 ms)
[10/04/2026-22:09:56] [I] Average on 1 runs - GPU latency: 4.21558 ms - Host latency: 4.28979 ms (enqueue 2.09399 ms)
[10/04/2026-22:09:56] [I] Average on 1 runs - GPU latency: 4.21582 ms - Host latency: 4.29028 ms (enqueue 2.07837 ms)
[10/04/2026-22:09:56] [I] Average on 1 runs - GPU latency: 4.21606 ms - Host latency: 4.29663 ms (enqueue 2.06543 ms)
[10/04/2026-22:09:56] [I] Average on 1 runs - GPU latency: 4.21167 ms - Host latency: 4.28735 ms (enqueue 2.06372 ms)
[10/04/2026-22:09:56] [I] Average on 1 runs - GPU latency: 4.2124 ms - Host latency: 4.28442 ms (enqueue 2.07812 ms)
[10/04/2026-22:09:56] [I] Average on 1 runs - GPU latency: 4.21875 ms - Host latency: 4.28882 ms (enqueue 2.03125 ms)
[10/04/2026-22:09:56] [I] Average on 1 runs - GPU latency: 4.20923 ms - Host latency: 4.28857 ms (enqueue 1.99487 ms)
[10/04/2026-22:09:56] [I] Average on 1 runs - GPU latency: 4.21631 ms - Host latency: 4.2959 ms (enqueue 2.00757 ms)
[10/04/2026-22:09:56] [I] Average on 1 runs - GPU latency: 4.21387 ms - Host latency: 4.28662 ms (enqueue 2.00488 ms)
[10/04/2026-22:09:56] [I] Average on 1 runs - GPU latency: 4.21167 ms - Host latency: 4.2937 ms (enqueue 2.02856 ms)
[10/04/2026-22:09:56] [I] Average on 1 runs - GPU latency: 4.21191 ms - Host latency: 4.28345 ms (enqueue 1.99512 ms)
[10/04/2026-22:09:56] [I] Average on 1 runs - GPU latency: 4.21875 ms - Host latency: 4.30029 ms (enqueue 1.98999 ms)
[10/04/2026-22:09:56] [I] Average on 1 runs - GPU latency: 4.20752 ms - Host latency: 4.28882 ms (enqueue 1.99316 ms)
[10/04/2026-22:09:56] [I] Average on 1 runs - GPU latency: 4.21118 ms - Host latency: 4.28296 ms (enqueue 2.021 ms)
[10/04/2026-22:09:56] [I] Average on 1 runs - GPU latency: 4.20923 ms - Host latency: 4.28931 ms (enqueue 2.0271 ms)
[10/04/2026-22:09:56] [I] Average on 1 runs - GPU latency: 4.21753 ms - Host latency: 4.30444 ms (enqueue 2.06567 ms)
[10/04/2026-22:09:56] [I] Average on 1 runs - GPU latency: 4.21851 ms - Host latency: 4.29785 ms (enqueue 2.07788 ms)
[10/04/2026-22:09:56] [I] Average on 1 runs - GPU latency: 4.21558 ms - Host latency: 4.29224 ms (enqueue 2.10034 ms)
[10/04/2026-22:09:56] [I] Average on 1 runs - GPU latency: 4.2146 ms - Host latency: 4.2915 ms (enqueue 2.08521 ms)
[10/04/2026-22:09:56] [I] Average on 1 runs - GPU latency: 4.21436 ms - Host latency: 4.29395 ms (enqueue 2.06226 ms)
[10/04/2026-22:09:56] [I] Average on 1 runs - GPU latency: 4.21167 ms - Host latency: 4.28955 ms (enqueue 2.05371 ms)
[10/04/2026-22:09:56] [I] Average on 1 runs - GPU latency: 4.21216 ms - Host latency: 4.28613 ms (enqueue 2.07739 ms)
[10/04/2026-22:09:56] [I] Average on 1 runs - GPU latency: 4.21924 ms - Host latency: 4.29761 ms (enqueue 2.09448 ms)
[10/04/2026-22:09:56] [I] Average on 1 runs - GPU latency: 4.21753 ms - Host latency: 4.29248 ms (enqueue 2.07983 ms)
[10/04/2026-22:09:56] [I] Average on 1 runs - GPU latency: 4.21753 ms - Host latency: 4.29736 ms (enqueue 2.03564 ms)
[10/04/2026-22:09:56] [I] Average on 1 runs - GPU latency: 4.2124 ms - Host latency: 4.29126 ms (enqueue 2.02881 ms)
[10/04/2026-22:09:56] [I] Average on 1 runs - GPU latency: 4.21411 ms - Host latency: 4.29199 ms (enqueue 2.03394 ms)
[10/04/2026-22:09:56] [I] Average on 1 runs - GPU latency: 4.21631 ms - Host latency: 4.29272 ms (enqueue 2.0415 ms)
[10/04/2026-22:09:56] [I] Average on 1 runs - GPU latency: 4.21606 ms - Host latency: 4.29053 ms (enqueue 2.03442 ms)
[10/04/2026-22:09:56] [I] Average on 1 runs - GPU latency: 4.21802 ms - Host latency: 4.29663 ms (enqueue 2.04346 ms)
[10/04/2026-22:09:56] [I] Average on 1 runs - GPU latency: 4.2207 ms - Host latency: 4.29492 ms (enqueue 2.02783 ms)
[10/04/2026-22:09:56] [I] Average on 1 runs - GPU latency: 4.20801 ms - Host latency: 4.29053 ms (enqueue 2.03027 ms)
[10/04/2026-22:09:56] [I] Average on 1 runs - GPU latency: 4.2229 ms - Host latency: 4.29785 ms (enqueue 2.03418 ms)
[10/04/2026-22:09:56] [I] Average on 1 runs - GPU latency: 4.2146 ms - Host latency: 4.29321 ms (enqueue 2.06152 ms)
[10/04/2026-22:09:56] [I] Average on 1 runs - GPU latency: 4.20874 ms - Host latency: 4.28955 ms (enqueue 2.08447 ms)
[10/04/2026-22:09:56] [I] Average on 1 runs - GPU latency: 4.21094 ms - Host latency: 4.28931 ms (enqueue 2.10327 ms)
[10/04/2026-22:09:56] [I] Average on 1 runs - GPU latency: 4.21997 ms - Host latency: 4.29907 ms (enqueue 2.08716 ms)
[10/04/2026-22:09:56] [I] Average on 1 runs - GPU latency: 4.21753 ms - Host latency: 4.29639 ms (enqueue 2.06812 ms)
[10/04/2026-22:09:56] [I] Average on 1 runs - GPU latency: 4.2124 ms - Host latency: 4.28442 ms (enqueue 2.09473 ms)
[10/04/2026-22:09:56] [I] Average on 1 runs - GPU latency: 4.2229 ms - Host latency: 4.29639 ms (enqueue 2.09985 ms)
[10/04/2026-22:09:56] [I] Average on 1 runs - GPU latency: 4.23438 ms - Host latency: 4.31812 ms (enqueue 2.09937 ms)
[10/04/2026-22:09:56] [I] Average on 1 runs - GPU latency: 4.21191 ms - Host latency: 4.2937 ms (enqueue 2.0686 ms)
[10/04/2026-22:09:56] [I] Average on 1 runs - GPU latency: 4.22095 ms - Host latency: 4.30005 ms (enqueue 2.0481 ms)
[10/04/2026-22:09:56] [I] Average on 1 runs - GPU latency: 4.22363 ms - Host latency: 4.30566 ms (enqueue 2.04834 ms)
[10/04/2026-22:09:56] [I] Average on 1 runs - GPU latency: 4.22095 ms - Host latency: 4.30103 ms (enqueue 1.9939 ms)
[10/04/2026-22:09:56] [I] Average on 1 runs - GPU latency: 4.21533 ms - Host latency: 4.29443 ms (enqueue 2.00391 ms)
[10/04/2026-22:09:56] [I] Average on 1 runs - GPU latency: 4.22144 ms - Host latency: 4.30225 ms (enqueue 2.01001 ms)
[10/04/2026-22:09:56] [I] Average on 1 runs - GPU latency: 4.21924 ms - Host latency: 4.28784 ms (enqueue 2.02124 ms)
[10/04/2026-22:09:56] [I] Average on 1 runs - GPU latency: 4.21558 ms - Host latency: 4.2915 ms (enqueue 2.01147 ms)
[10/04/2026-22:09:56] [I] Average on 1 runs - GPU latency: 4.22412 ms - Host latency: 4.29883 ms (enqueue 2.02759 ms)
[10/04/2026-22:09:56] [I] Average on 1 runs - GPU latency: 4.21338 ms - Host latency: 4.29688 ms (enqueue 2.02197 ms)
[10/04/2026-22:09:56] [I] Average on 1 runs - GPU latency: 4.2168 ms - Host latency: 4.29175 ms (enqueue 2.05151 ms)
[10/04/2026-22:09:56] [I] Average on 1 runs - GPU latency: 4.2229 ms - Host latency: 4.2959 ms (enqueue 2.0896 ms)
[10/04/2026-22:09:56] [I] Average on 1 runs - GPU latency: 4.21094 ms - Host latency: 4.2832 ms (enqueue 2.09229 ms)
[10/04/2026-22:09:56] [I] Average on 1 runs - GPU latency: 4.2146 ms - Host latency: 4.28638 ms (enqueue 2.0708 ms)
[10/04/2026-22:09:56] [I] Average on 1 runs - GPU latency: 4.21899 ms - Host latency: 4.29785 ms (enqueue 2.11426 ms)
[10/04/2026-22:09:56] [I] Average on 1 runs - GPU latency: 4.21704 ms - Host latency: 4.30273 ms (enqueue 2.07788 ms)
[10/04/2026-22:09:56] [I] Average on 1 runs - GPU latency: 4.21826 ms - Host latency: 4.29688 ms (enqueue 2.0752 ms)
[10/04/2026-22:09:56] [I] Average on 1 runs - GPU latency: 4.21167 ms - Host latency: 4.2915 ms (enqueue 2.08643 ms)
[10/04/2026-22:09:56] [I] Average on 1 runs - GPU latency: 4.21631 ms - Host latency: 4.29443 ms (enqueue 2.08618 ms)
[10/04/2026-22:09:56] [I] Average on 1 runs - GPU latency: 4.21289 ms - Host latency: 4.29102 ms (enqueue 2.06055 ms)
[10/04/2026-22:09:56] [I] Average on 1 runs - GPU latency: 4.21924 ms - Host latency: 4.29761 ms (enqueue 2.04443 ms)
[10/04/2026-22:09:56] [I] Average on 1 runs - GPU latency: 4.22729 ms - Host latency: 4.30225 ms (enqueue 2.04004 ms)
[10/04/2026-22:09:56] [I] Average on 1 runs - GPU latency: 4.21533 ms - Host latency: 4.29492 ms (enqueue 2.04004 ms)
[10/04/2026-22:09:56] [I] Average on 1 runs - GPU latency: 4.21436 ms - Host latency: 4.29175 ms (enqueue 1.98438 ms)
[10/04/2026-22:09:56] [I] Average on 1 runs - GPU latency: 4.21509 ms - Host latency: 4.28857 ms (enqueue 2.00488 ms)
[10/04/2026-22:09:56] [I] Average on 1 runs - GPU latency: 4.21655 ms - Host latency: 4.29272 ms (enqueue 2.02222 ms)
[10/04/2026-22:09:56] [I] Average on 1 runs - GPU latency: 4.20801 ms - Host latency: 4.28857 ms (enqueue 1.98193 ms)
[10/04/2026-22:09:56] [I] Average on 1 runs - GPU latency: 4.21875 ms - Host latency: 4.30054 ms (enqueue 2.00269 ms)
[10/04/2026-22:09:56] [I] Average on 1 runs - GPU latency: 4.21167 ms - Host latency: 4.28931 ms (enqueue 2.0105 ms)
[10/04/2026-22:09:56] [I] Average on 1 runs - GPU latency: 4.21167 ms - Host latency: 4.28198 ms (enqueue 2.05591 ms)
[10/04/2026-22:09:56] [I] Average on 1 runs - GPU latency: 4.21289 ms - Host latency: 4.2915 ms (enqueue 2.09448 ms)
[10/04/2026-22:09:56] [I] Average on 1 runs - GPU latency: 4.21094 ms - Host latency: 4.29126 ms (enqueue 2.06934 ms)
[10/04/2026-22:09:56] [I] Average on 1 runs - GPU latency: 4.22485 ms - Host latency: 4.30518 ms (enqueue 2.07568 ms)
[10/04/2026-22:09:56] [I] Average on 1 runs - GPU latency: 4.21289 ms - Host latency: 4.29321 ms (enqueue 2.09766 ms)
[10/04/2026-22:09:56] [I] Average on 1 runs - GPU latency: 4.21338 ms - Host latency: 4.29614 ms (enqueue 2.10083 ms)
[10/04/2026-22:09:56] [I] Average on 1 runs - GPU latency: 4.2146 ms - Host latency: 4.29663 ms (enqueue 2.07202 ms)
[10/04/2026-22:09:56] [I] Average on 1 runs - GPU latency: 4.21582 ms - Host latency: 4.29443 ms (enqueue 2.0603 ms)
[10/04/2026-22:09:56] [I] Average on 1 runs - GPU latency: 4.21606 ms - Host latency: 4.29419 ms (enqueue 2.06958 ms)
[10/04/2026-22:09:56] [I] Average on 1 runs - GPU latency: 4.2146 ms - Host latency: 4.29126 ms (enqueue 2.03906 ms)
[10/04/2026-22:09:56] [I] Average on 1 runs - GPU latency: 4.2146 ms - Host latency: 4.29688 ms (enqueue 2.03491 ms)
[10/04/2026-22:09:56] [I] Average on 1 runs - GPU latency: 4.21533 ms - Host latency: 4.29248 ms (enqueue 2.03174 ms)
[10/04/2026-22:09:56] [I] Average on 1 runs - GPU latency: 4.21118 ms - Host latency: 4.28735 ms (enqueue 2.02563 ms)
[10/04/2026-22:09:56] [I] Average on 1 runs - GPU latency: 4.21997 ms - Host latency: 4.29468 ms (enqueue 2.01392 ms)
[10/04/2026-22:09:56] [I] Average on 1 runs - GPU latency: 4.22217 ms - Host latency: 4.29785 ms (enqueue 2.04004 ms)
[10/04/2026-22:09:56] [I] Average on 1 runs - GPU latency: 4.21411 ms - Host latency: 4.29102 ms (enqueue 2.03369 ms)
[10/04/2026-22:09:56] [I] Average on 1 runs - GPU latency: 4.21313 ms - Host latency: 4.29126 ms (enqueue 2.02563 ms)
[10/04/2026-22:09:56] [I] Average on 1 runs - GPU latency: 4.21021 ms - Host latency: 4.28857 ms (enqueue 2.03442 ms)
[10/04/2026-22:09:56] [I] Average on 1 runs - GPU latency: 4.20972 ms - Host latency: 4.29126 ms (enqueue 2.08521 ms)
[10/04/2026-22:09:56] [I] Average on 1 runs - GPU latency: 4.20776 ms - Host latency: 4.28735 ms (enqueue 2.07178 ms)
[10/04/2026-22:09:56] [I] Average on 1 runs - GPU latency: 4.21924 ms - Host latency: 4.30054 ms (enqueue 2.07104 ms)
[10/04/2026-22:09:56] [I] ... Omitting 3159 lines
[10/04/2026-22:09:56] [I] Average on 1 runs - GPU latency: 4.22656 ms - Host latency: 4.30859 ms (enqueue 2.0918 ms)
[10/04/2026-22:09:56] [I] Average on 1 runs - GPU latency: 4.21875 ms - Host latency: 4.29492 ms (enqueue 2.07617 ms)
[10/04/2026-22:09:56] [I] Average on 1 runs - GPU latency: 4.21094 ms - Host latency: 4.28906 ms (enqueue 2.08203 ms)
[10/04/2026-22:09:56] [I] Average on 1 runs - GPU latency: 4.2207 ms - Host latency: 4.30078 ms (enqueue 2.07617 ms)
[10/04/2026-22:09:56] [I] Average on 1 runs - GPU latency: 4.21484 ms - Host latency: 4.29297 ms (enqueue 2.05664 ms)
[10/04/2026-22:09:56] [I] Average on 1 runs - GPU latency: 4.2168 ms - Host latency: 4.29492 ms (enqueue 2.06836 ms)
[10/04/2026-22:09:56] [I] Average on 1 runs - GPU latency: 4.21875 ms - Host latency: 4.29883 ms (enqueue 2.0918 ms)
[10/04/2026-22:09:56] [I] Average on 1 runs - GPU latency: 4.21289 ms - Host latency: 4.28906 ms (enqueue 2.08594 ms)
[10/04/2026-22:09:56] [I] Average on 1 runs - GPU latency: 4.21484 ms - Host latency: 4.29688 ms (enqueue 2.03711 ms)
[10/04/2026-22:09:56] [I] Average on 1 runs - GPU latency: 4.21484 ms - Host latency: 4.28906 ms (enqueue 2.03906 ms)
[10/04/2026-22:09:56] [I] Average on 1 runs - GPU latency: 4.21289 ms - Host latency: 4.29102 ms (enqueue 2.02734 ms)
[10/04/2026-22:09:56] [I] Average on 1 runs - GPU latency: 4.2207 ms - Host latency: 4.29492 ms (enqueue 2.0293 ms)
[10/04/2026-22:09:56] [I] Average on 1 runs - GPU latency: 4.21289 ms - Host latency: 4.29102 ms (enqueue 2.0332 ms)
[10/04/2026-22:09:56] [I] Average on 1 runs - GPU latency: 4.2207 ms - Host latency: 4.29883 ms (enqueue 2.03906 ms)
[10/04/2026-22:09:56] [I] Average on 1 runs - GPU latency: 4.21484 ms - Host latency: 4.29102 ms (enqueue 2.0293 ms)
[10/04/2026-22:09:56] [I] Average on 1 runs - GPU latency: 4.22461 ms - Host latency: 4.29688 ms (enqueue 2.02734 ms)
[10/04/2026-22:09:56] [I] Average on 1 runs - GPU latency: 4.21875 ms - Host latency: 4.29492 ms (enqueue 2.04102 ms)
[10/04/2026-22:09:56] [I] Average on 1 runs - GPU latency: 4.25195 ms - Host latency: 4.33398 ms (enqueue 2.06445 ms)
[10/04/2026-22:09:56] [I] Average on 1 runs - GPU latency: 4.22266 ms - Host latency: 4.30469 ms (enqueue 2.08203 ms)
[10/04/2026-22:09:56] [I] Average on 1 runs - GPU latency: 4.20703 ms - Host latency: 4.2832 ms (enqueue 2.0625 ms)
[10/04/2026-22:09:56] [I] Average on 1 runs - GPU latency: 4.2207 ms - Host latency: 4.29883 ms (enqueue 2.08398 ms)
[10/04/2026-22:09:56] [I] Average on 1 runs - GPU latency: 4.21875 ms - Host latency: 4.29297 ms (enqueue 2.05664 ms)
[10/04/2026-22:09:56] [I] Average on 1 runs - GPU latency: 4.21875 ms - Host latency: 4.29883 ms (enqueue 2.08594 ms)
[10/04/2026-22:09:56] [I] Average on 1 runs - GPU latency: 4.2207 ms - Host latency: 4.29297 ms (enqueue 2.07227 ms)
[10/04/2026-22:09:56] [I] Average on 1 runs - GPU latency: 4.22461 ms - Host latency: 4.30273 ms (enqueue 2.09961 ms)
[10/04/2026-22:09:56] [I] Average on 1 runs - GPU latency: 4.22266 ms - Host latency: 4.30078 ms (enqueue 2.06445 ms)
[10/04/2026-22:09:56] [I] Average on 1 runs - GPU latency: 4.22461 ms - Host latency: 4.29688 ms (enqueue 1.98633 ms)
[10/04/2026-22:09:56] [I] Average on 1 runs - GPU latency: 4.2168 ms - Host latency: 4.29688 ms (enqueue 2.01367 ms)
[10/04/2026-22:09:56] [I] Average on 1 runs - GPU latency: 4.2168 ms - Host latency: 4.29297 ms (enqueue 2.00391 ms)
[10/04/2026-22:09:56] [I] Average on 1 runs - GPU latency: 4.21484 ms - Host latency: 4.29297 ms (enqueue 2.01367 ms)
[10/04/2026-22:09:56] [I] Average on 1 runs - GPU latency: 4.21875 ms - Host latency: 4.29102 ms (enqueue 2.02734 ms)
[10/04/2026-22:09:56] [I] Average on 1 runs - GPU latency: 4.21484 ms - Host latency: 4.28906 ms (enqueue 2.02539 ms)
[10/04/2026-22:09:56] [I] Average on 1 runs - GPU latency: 4.21289 ms - Host latency: 4.28711 ms (enqueue 2.02539 ms)
[10/04/2026-22:09:56] [I] Average on 1 runs - GPU latency: 4.21875 ms - Host latency: 4.29102 ms (enqueue 2.0332 ms)
[10/04/2026-22:09:56] [I] Average on 1 runs - GPU latency: 4.2168 ms - Host latency: 4.29688 ms (enqueue 2.03711 ms)
[10/04/2026-22:09:56] [I] Average on 1 runs - GPU latency: 4.21484 ms - Host latency: 4.29492 ms (enqueue 2.07617 ms)
[10/04/2026-22:09:56] [I] Average on 1 runs - GPU latency: 4.21875 ms - Host latency: 4.29102 ms (enqueue 2.05469 ms)
[10/04/2026-22:09:56] [I] Average on 1 runs - GPU latency: 4.21289 ms - Host latency: 4.28906 ms (enqueue 2.06055 ms)
[10/04/2026-22:09:56] [I] Average on 1 runs - GPU latency: 4.21094 ms - Host latency: 4.28906 ms (enqueue 2.03906 ms)
[10/04/2026-22:09:56] [I] Average on 1 runs - GPU latency: 4.2207 ms - Host latency: 4.30664 ms (enqueue 2.08008 ms)
[10/04/2026-22:09:56] [I] Average on 1 runs - GPU latency: 4.21875 ms - Host latency: 4.29688 ms (enqueue 2.08984 ms)
[10/04/2026-22:09:56] [I] Average on 1 runs - GPU latency: 4.22656 ms - Host latency: 4.30273 ms (enqueue 2.09375 ms)
[10/04/2026-22:09:56] [I] Average on 1 runs - GPU latency: 4.22461 ms - Host latency: 4.30859 ms (enqueue 2.06055 ms)
[10/04/2026-22:09:56] [I] Average on 1 runs - GPU latency: 4.22461 ms - Host latency: 4.29688 ms (enqueue 2.09375 ms)
[10/04/2026-22:09:56] [I] Average on 1 runs - GPU latency: 4.2207 ms - Host latency: 4.30859 ms (enqueue 2.03711 ms)
[10/04/2026-22:09:56] [I] Average on 1 runs - GPU latency: 4.21289 ms - Host latency: 4.28711 ms (enqueue 2.04492 ms)
[10/04/2026-22:09:56] [I] Average on 1 runs - GPU latency: 4.2168 ms - Host latency: 4.29102 ms (enqueue 2.0332 ms)
[10/04/2026-22:09:56] [I] Average on 1 runs - GPU latency: 4.2168 ms - Host latency: 4.29102 ms (enqueue 2.10156 ms)
[10/04/2026-22:09:56] [I] Average on 1 runs - GPU latency: 4.21289 ms - Host latency: 4.29492 ms (enqueue 2.02344 ms)
[10/04/2026-22:09:56] [I] Average on 1 runs - GPU latency: 4.22266 ms - Host latency: 4.30078 ms (enqueue 2.00586 ms)
[10/04/2026-22:09:56] [I] Average on 1 runs - GPU latency: 4.21875 ms - Host latency: 4.29883 ms (enqueue 1.99609 ms)
[10/04/2026-22:09:56] [I] Average on 1 runs - GPU latency: 4.20703 ms - Host latency: 4.28125 ms (enqueue 2.00391 ms)
[10/04/2026-22:09:56] [I] Average on 1 runs - GPU latency: 4.21875 ms - Host latency: 4.29688 ms (enqueue 2.00195 ms)
[10/04/2026-22:09:56] [I] Average on 1 runs - GPU latency: 4.2168 ms - Host latency: 4.29883 ms (enqueue 2.00586 ms)
[10/04/2026-22:09:56] [I] Average on 1 runs - GPU latency: 4.21289 ms - Host latency: 4.29688 ms (enqueue 2.00977 ms)
[10/04/2026-22:09:56] [I] Average on 1 runs - GPU latency: 4.21484 ms - Host latency: 4.29492 ms (enqueue 2.04492 ms)
[10/04/2026-22:09:56] [I] Average on 1 runs - GPU latency: 4.22266 ms - Host latency: 4.30078 ms (enqueue 2.06055 ms)
[10/04/2026-22:09:56] [I] Average on 1 runs - GPU latency: 4.21094 ms - Host latency: 4.29102 ms (enqueue 2.05078 ms)
[10/04/2026-22:09:56] [I] Average on 1 runs - GPU latency: 4.2168 ms - Host latency: 4.30078 ms (enqueue 2.05859 ms)
[10/04/2026-22:09:56] [I] Average on 1 runs - GPU latency: 4.21289 ms - Host latency: 4.28711 ms (enqueue 2.03906 ms)
[10/04/2026-22:09:56] [I] Average on 1 runs - GPU latency: 4.21484 ms - Host latency: 4.29297 ms (enqueue 2.07227 ms)
[10/04/2026-22:09:56] [I] Average on 1 runs - GPU latency: 4.2168 ms - Host latency: 4.30273 ms (enqueue 2.00391 ms)
[10/04/2026-22:09:56] [I] Average on 1 runs - GPU latency: 4.21094 ms - Host latency: 4.2832 ms (enqueue 1.99805 ms)
[10/04/2026-22:09:56] [I] Average on 1 runs - GPU latency: 4.2207 ms - Host latency: 4.30273 ms (enqueue 2.00391 ms)
[10/04/2026-22:09:56] [I] Average on 1 runs - GPU latency: 4.21094 ms - Host latency: 4.29297 ms (enqueue 2.0293 ms)
[10/04/2026-22:09:56] [I] Average on 1 runs - GPU latency: 4.21875 ms - Host latency: 4.29297 ms (enqueue 2.01953 ms)
[10/04/2026-22:09:56] [I] Average on 1 runs - GPU latency: 4.21094 ms - Host latency: 4.29102 ms (enqueue 2.03125 ms)
[10/04/2026-22:09:56] [I] Average on 1 runs - GPU latency: 4.20898 ms - Host latency: 4.29297 ms (enqueue 2.06055 ms)
[10/04/2026-22:09:56] [I] Average on 1 runs - GPU latency: 4.21484 ms - Host latency: 4.29102 ms (enqueue 2.05664 ms)
[10/04/2026-22:09:56] [I] Average on 1 runs - GPU latency: 4.21289 ms - Host latency: 4.29102 ms (enqueue 2.03906 ms)
[10/04/2026-22:09:56] [I] Average on 1 runs - GPU latency: 4.2207 ms - Host latency: 4.30664 ms (enqueue 2.03125 ms)
[10/04/2026-22:09:56] [I] Average on 1 runs - GPU latency: 4.20703 ms - Host latency: 4.2832 ms (enqueue 2.05469 ms)
[10/04/2026-22:09:56] [I] Average on 1 runs - GPU latency: 4.21289 ms - Host latency: 4.28906 ms (enqueue 2.05469 ms)
[10/04/2026-22:09:56] [I] Average on 1 runs - GPU latency: 4.20898 ms - Host latency: 4.28711 ms (enqueue 2.07422 ms)
[10/04/2026-22:09:56] [I] Average on 1 runs - GPU latency: 4.2207 ms - Host latency: 4.29297 ms (enqueue 2.07812 ms)
[10/04/2026-22:09:56] [I] Average on 1 runs - GPU latency: 4.21289 ms - Host latency: 4.29102 ms (enqueue 2.08203 ms)
[10/04/2026-22:09:56] [I] Average on 1 runs - GPU latency: 4.21094 ms - Host latency: 4.28516 ms (enqueue 2.06055 ms)
[10/04/2026-22:09:56] [I] Average on 1 runs - GPU latency: 4.21094 ms - Host latency: 4.29102 ms (enqueue 2.05859 ms)
[10/04/2026-22:09:56] [I] Average on 1 runs - GPU latency: 4.21289 ms - Host latency: 4.29492 ms (enqueue 2.04297 ms)
[10/04/2026-22:09:56] [I] Average on 1 runs - GPU latency: 4.21875 ms - Host latency: 4.30078 ms (enqueue 2.03711 ms)
[10/04/2026-22:09:56] [I] Average on 1 runs - GPU latency: 4.21484 ms - Host latency: 4.28711 ms (enqueue 2.03516 ms)
[10/04/2026-22:09:56] [I] Average on 1 runs - GPU latency: 4.20508 ms - Host latency: 4.28516 ms (enqueue 2.01758 ms)
[10/04/2026-22:09:56] [I] Average on 1 runs - GPU latency: 4.21094 ms - Host latency: 4.29297 ms (enqueue 2.02539 ms)
[10/04/2026-22:09:56] [I] Average on 1 runs - GPU latency: 4.21484 ms - Host latency: 4.28711 ms (enqueue 2.02539 ms)
[10/04/2026-22:09:56] [I] Average on 1 runs - GPU latency: 4.21484 ms - Host latency: 4.29297 ms (enqueue 2.02344 ms)
[10/04/2026-22:09:56] [I] Average on 1 runs - GPU latency: 4.21289 ms - Host latency: 4.29492 ms (enqueue 2.0332 ms)
[10/04/2026-22:09:56] [I] Average on 1 runs - GPU latency: 4.21484 ms - Host latency: 4.29102 ms (enqueue 2.02344 ms)
[10/04/2026-22:09:56] [I] Average on 1 runs - GPU latency: 4.20898 ms - Host latency: 4.28711 ms (enqueue 2.02344 ms)
[10/04/2026-22:09:56] [I] Average on 1 runs - GPU latency: 4.2207 ms - Host latency: 4.29883 ms (enqueue 2.02539 ms)
[10/04/2026-22:09:56] [I] Average on 1 runs - GPU latency: 4.2207 ms - Host latency: 4.30469 ms (enqueue 2.01758 ms)
[10/04/2026-22:09:56] [I] Average on 1 runs - GPU latency: 4.21484 ms - Host latency: 4.29102 ms (enqueue 2.09375 ms)
[10/04/2026-22:09:56] [I] Average on 1 runs - GPU latency: 4.21289 ms - Host latency: 4.29102 ms (enqueue 2.07227 ms)
[10/04/2026-22:09:56] [I] Average on 1 runs - GPU latency: 4.20898 ms - Host latency: 4.28711 ms (enqueue 2.10352 ms)
[10/04/2026-22:09:56] [I] Average on 1 runs - GPU latency: 4.20508 ms - Host latency: 4.28711 ms (enqueue 2.07422 ms)
[10/04/2026-22:09:56] [I] Average on 1 runs - GPU latency: 4.21875 ms - Host latency: 4.29688 ms (enqueue 2.07031 ms)
[10/04/2026-22:09:56] [I] Average on 1 runs - GPU latency: 4.2207 ms - Host latency: 4.30273 ms (enqueue 2.06641 ms)
[10/04/2026-22:09:56] [I] Average on 1 runs - GPU latency: 4.21094 ms - Host latency: 4.28516 ms (enqueue 2.09766 ms)
[10/04/2026-22:09:56] [I] Average on 1 runs - GPU latency: 4.22266 ms - Host latency: 4.30469 ms (enqueue 2.05273 ms)
[10/04/2026-22:09:56] [I] Average on 1 runs - GPU latency: 4.21289 ms - Host latency: 4.28906 ms (enqueue 2.10547 ms)
[10/04/2026-22:09:56] [I] Average on 1 runs - GPU latency: 4.22266 ms - Host latency: 4.30469 ms (enqueue 2.02539 ms)
[10/04/2026-22:09:56] [I] Average on 1 runs - GPU latency: 4.21875 ms - Host latency: 4.29492 ms (enqueue 2.02734 ms)
[10/04/2026-22:09:56] [I] Average on 1 runs - GPU latency: 4.21484 ms - Host latency: 4.28906 ms (enqueue 2.03516 ms)
[10/04/2026-22:09:56] [I] Average on 1 runs - GPU latency: 4.21484 ms - Host latency: 4.29102 ms (enqueue 2.03516 ms)
[10/04/2026-22:09:56] [I] Average on 1 runs - GPU latency: 4.21484 ms - Host latency: 4.29102 ms (enqueue 2.03125 ms)
[10/04/2026-22:09:56] [I] Average on 1 runs - GPU latency: 4.21289 ms - Host latency: 4.28516 ms (enqueue 2.03125 ms)
[10/04/2026-22:09:56] [I] Average on 1 runs - GPU latency: 4.20703 ms - Host latency: 4.28711 ms (enqueue 2.02344 ms)
[10/04/2026-22:09:56] [I] Average on 1 runs - GPU latency: 4.21094 ms - Host latency: 4.28711 ms (enqueue 2.02539 ms)
[10/04/2026-22:09:56] [I] Average on 1 runs - GPU latency: 4.21484 ms - Host latency: 4.29102 ms (enqueue 2.02539 ms)
[10/04/2026-22:09:56] [I] Average on 1 runs - GPU latency: 4.21094 ms - Host latency: 4.29297 ms (enqueue 2.08398 ms)
[10/04/2026-22:09:56] [I] Average on 1 runs - GPU latency: 4.20898 ms - Host latency: 4.28906 ms (enqueue 2.0957 ms)
[10/04/2026-22:09:56] [I] Average on 1 runs - GPU latency: 4.2207 ms - Host latency: 4.29688 ms (enqueue 2.06055 ms)
[10/04/2026-22:09:56] [I] Average on 1 runs - GPU latency: 4.21875 ms - Host latency: 4.29688 ms (enqueue 2.07227 ms)
[10/04/2026-22:09:56] [I] Average on 1 runs - GPU latency: 4.21289 ms - Host latency: 4.29102 ms (enqueue 2.07617 ms)
[10/04/2026-22:09:56] [I] Average on 1 runs - GPU latency: 4.20703 ms - Host latency: 4.2832 ms (enqueue 2.10352 ms)
[10/04/2026-22:09:56] [I] Average on 1 runs - GPU latency: 4.21484 ms - Host latency: 4.29297 ms (enqueue 2.08203 ms)
[10/04/2026-22:09:56] [I] Average on 1 runs - GPU latency: 4.21094 ms - Host latency: 4.28906 ms (enqueue 2.0957 ms)
[10/04/2026-22:09:56] [I] Average on 1 runs - GPU latency: 4.21484 ms - Host latency: 4.29102 ms (enqueue 2.08789 ms)
[10/04/2026-22:09:56] [I] Average on 1 runs - GPU latency: 4.21289 ms - Host latency: 4.29297 ms (enqueue 2.05664 ms)
[10/04/2026-22:09:56] [I] Average on 1 runs - GPU latency: 4.21289 ms - Host latency: 4.28711 ms (enqueue 2.0332 ms)
[10/04/2026-22:09:56] [I] Average on 1 runs - GPU latency: 4.2168 ms - Host latency: 4.29297 ms (enqueue 2.0293 ms)
[10/04/2026-22:09:56] [I] Average on 1 runs - GPU latency: 4.21289 ms - Host latency: 4.28906 ms (enqueue 2.02734 ms)
[10/04/2026-22:09:56] [I] Average on 1 runs - GPU latency: 4.20898 ms - Host latency: 4.28125 ms (enqueue 2.03516 ms)
[10/04/2026-22:09:56] [I] Average on 1 runs - GPU latency: 4.21289 ms - Host latency: 4.29297 ms (enqueue 2.03906 ms)
[10/04/2026-22:09:56] [I] Average on 1 runs - GPU latency: 4.20898 ms - Host latency: 4.2832 ms (enqueue 2.03516 ms)
[10/04/2026-22:09:56] [I] Average on 1 runs - GPU latency: 4.21875 ms - Host latency: 4.29883 ms (enqueue 2.02539 ms)
[10/04/2026-22:09:56] [I] Average on 1 runs - GPU latency: 4.21289 ms - Host latency: 4.28906 ms (enqueue 2.0293 ms)
[10/04/2026-22:09:56] [I] Average on 1 runs - GPU latency: 4.21484 ms - Host latency: 4.29297 ms (enqueue 2.0332 ms)
[10/04/2026-22:09:56] [I] Average on 1 runs - GPU latency: 4.2168 ms - Host latency: 4.29102 ms (enqueue 2.07422 ms)
[10/04/2026-22:09:56] [I] Average on 1 runs - GPU latency: 4.21484 ms - Host latency: 4.28906 ms (enqueue 2.06055 ms)
[10/04/2026-22:09:56] [I] Average on 1 runs - GPU latency: 4.21484 ms - Host latency: 4.29492 ms (enqueue 2.06641 ms)
[10/04/2026-22:09:56] [I] Average on 1 runs - GPU latency: 4.21484 ms - Host latency: 4.29297 ms (enqueue 2.07031 ms)
[10/04/2026-22:09:56] [I] Average on 1 runs - GPU latency: 4.21484 ms - Host latency: 4.29492 ms (enqueue 2.06055 ms)
[10/04/2026-22:09:56] [I] Average on 1 runs - GPU latency: 4.2207 ms - Host latency: 4.29492 ms (enqueue 2.08789 ms)
[10/04/2026-22:09:56] [I] Average on 1 runs - GPU latency: 4.2168 ms - Host latency: 4.29492 ms (enqueue 2.07812 ms)
[10/04/2026-22:09:56] [I] Average on 1 runs - GPU latency: 4.21289 ms - Host latency: 4.28711 ms (enqueue 2.06641 ms)
[10/04/2026-22:09:56] [I] Average on 1 runs - GPU latency: 4.21289 ms - Host latency: 4.28906 ms (enqueue 2.07031 ms)
[10/04/2026-22:09:56] [I] Average on 1 runs - GPU latency: 4.21875 ms - Host latency: 4.29883 ms (enqueue 2.02734 ms)
[10/04/2026-22:09:56] [I] Average on 1 runs - GPU latency: 4.21289 ms - Host latency: 4.29102 ms (enqueue 2.01953 ms)
[10/04/2026-22:09:56] [I] Average on 1 runs - GPU latency: 4.20898 ms - Host latency: 4.28125 ms (enqueue 2.02148 ms)
[10/04/2026-22:09:56] [I] Average on 1 runs - GPU latency: 4.21289 ms - Host latency: 4.28711 ms (enqueue 2.01758 ms)
[10/04/2026-22:09:56] [I] Average on 1 runs - GPU latency: 4.21289 ms - Host latency: 4.28906 ms (enqueue 2.01953 ms)
[10/04/2026-22:09:56] [I] Average on 1 runs - GPU latency: 4.21289 ms - Host latency: 4.28516 ms (enqueue 2.02344 ms)
[10/04/2026-22:09:56] [I] Average on 1 runs - GPU latency: 4.21289 ms - Host latency: 4.29492 ms (enqueue 2.02344 ms)
[10/04/2026-22:09:56] [I] Average on 1 runs - GPU latency: 4.2207 ms - Host latency: 4.30078 ms (enqueue 2.03516 ms)
[10/04/2026-22:09:56] [I] Average on 1 runs - GPU latency: 4.21289 ms - Host latency: 4.29297 ms (enqueue 2.03906 ms)
[10/04/2026-22:09:56] [I] Average on 1 runs - GPU latency: 4.21484 ms - Host latency: 4.29492 ms (enqueue 2.08594 ms)
[10/04/2026-22:09:56] [I] Average on 1 runs - GPU latency: 4.23438 ms - Host latency: 4.31055 ms (enqueue 2.10352 ms)
[10/04/2026-22:09:56] [I] Average on 1 runs - GPU latency: 4.2207 ms - Host latency: 4.30469 ms (enqueue 2.10156 ms)
[10/04/2026-22:09:56] [I] Average on 1 runs - GPU latency: 4.22266 ms - Host latency: 4.30469 ms (enqueue 2.09375 ms)
[10/04/2026-22:09:56] [I] Average on 1 runs - GPU latency: 4.2207 ms - Host latency: 4.29492 ms (enqueue 2.11133 ms)
[10/04/2026-22:09:56] [I] Average on 1 runs - GPU latency: 4.22461 ms - Host latency: 4.29492 ms (enqueue 2.07812 ms)
[10/04/2026-22:09:56] [I] Average on 1 runs - GPU latency: 4.22266 ms - Host latency: 4.29883 ms (enqueue 2.05273 ms)
[10/04/2026-22:09:56] [I] Average on 1 runs - GPU latency: 4.22656 ms - Host latency: 4.30273 ms (enqueue 2.07617 ms)
[10/04/2026-22:09:56] [I] Average on 1 runs - GPU latency: 4.21875 ms - Host latency: 4.29883 ms (enqueue 2.10352 ms)
[10/04/2026-22:09:56] [I] Average on 1 runs - GPU latency: 4.22461 ms - Host latency: 4.31055 ms (enqueue 2.03516 ms)
[10/04/2026-22:09:56] [I] Average on 1 runs - GPU latency: 4.22852 ms - Host latency: 4.30859 ms (enqueue 2.03906 ms)
[10/04/2026-22:09:56] [I] Average on 1 runs - GPU latency: 4.21289 ms - Host latency: 4.29102 ms (enqueue 2.04688 ms)
[10/04/2026-22:09:56] [I] Average on 1 runs - GPU latency: 4.21484 ms - Host latency: 4.29297 ms (enqueue 2.02734 ms)
[10/04/2026-22:09:56] [I] Average on 1 runs - GPU latency: 4.22656 ms - Host latency: 4.30469 ms (enqueue 2.02539 ms)
[10/04/2026-22:09:56] [I] Average on 1 runs - GPU latency: 4.21875 ms - Host latency: 4.30273 ms (enqueue 2.01562 ms)
[10/04/2026-22:09:56] [I] Average on 1 runs - GPU latency: 4.21289 ms - Host latency: 4.29102 ms (enqueue 2.04297 ms)
[10/04/2026-22:09:56] [I] Average on 1 runs - GPU latency: 4.22266 ms - Host latency: 4.30859 ms (enqueue 2.03125 ms)
[10/04/2026-22:09:56] [I] Average on 1 runs - GPU latency: 4.2168 ms - Host latency: 4.30078 ms (enqueue 2.03711 ms)
[10/04/2026-22:09:56] [I] Average on 1 runs - GPU latency: 4.21289 ms - Host latency: 4.29102 ms (enqueue 2.07422 ms)
[10/04/2026-22:09:56] [I] Average on 1 runs - GPU latency: 4.21875 ms - Host latency: 4.29883 ms (enqueue 2.07422 ms)
[10/04/2026-22:09:56] [I] Average on 1 runs - GPU latency: 4.20898 ms - Host latency: 4.28516 ms (enqueue 2.07617 ms)
[10/04/2026-22:09:56] [I] Average on 1 runs - GPU latency: 4.21875 ms - Host latency: 4.29883 ms (enqueue 2.06445 ms)
[10/04/2026-22:09:56] [I] Average on 1 runs - GPU latency: 4.21875 ms - Host latency: 4.30078 ms (enqueue 2.07422 ms)
[10/04/2026-22:09:56] [I] Average on 1 runs - GPU latency: 4.21484 ms - Host latency: 4.29102 ms (enqueue 2.07812 ms)
[10/04/2026-22:09:56] [I] Average on 1 runs - GPU latency: 4.2207 ms - Host latency: 4.29883 ms (enqueue 2.09766 ms)
[10/04/2026-22:09:56] [I] Average on 1 runs - GPU latency: 4.22266 ms - Host latency: 4.29688 ms (enqueue 2.07031 ms)
[10/04/2026-22:09:56] [I] Average on 1 runs - GPU latency: 4.2168 ms - Host latency: 4.29102 ms (enqueue 2.07617 ms)
[10/04/2026-22:09:56] [I] Average on 1 runs - GPU latency: 4.21094 ms - Host latency: 4.29688 ms (enqueue 1.99219 ms)
[10/04/2026-22:09:56] [I] Average on 1 runs - GPU latency: 4.21484 ms - Host latency: 4.28906 ms (enqueue 2.00195 ms)
[10/04/2026-22:09:56] [I] Average on 1 runs - GPU latency: 4.21484 ms - Host latency: 4.29492 ms (enqueue 2.00586 ms)
[10/04/2026-22:09:56] [I] Average on 1 runs - GPU latency: 4.2207 ms - Host latency: 4.30078 ms (enqueue 2.02539 ms)
[10/04/2026-22:09:56] [I] Average on 1 runs - GPU latency: 4.21875 ms - Host latency: 4.29492 ms (enqueue 2.02734 ms)
[10/04/2026-22:09:56] [I] Average on 1 runs - GPU latency: 4.22266 ms - Host latency: 4.29688 ms (enqueue 2.01367 ms)
[10/04/2026-22:09:56] [I] Average on 1 runs - GPU latency: 4.2168 ms - Host latency: 4.29102 ms (enqueue 2.02539 ms)
[10/04/2026-22:09:56] [I] Average on 1 runs - GPU latency: 4.21484 ms - Host latency: 4.29688 ms (enqueue 2.03125 ms)
[10/04/2026-22:09:56] [I] Average on 1 runs - GPU latency: 4.21875 ms - Host latency: 4.29297 ms (enqueue 2.0293 ms)
[10/04/2026-22:09:56] [I] Average on 1 runs - GPU latency: 4.22461 ms - Host latency: 4.30273 ms (enqueue 2.05859 ms)
[10/04/2026-22:09:56] [I] Average on 1 runs - GPU latency: 4.21484 ms - Host latency: 4.28906 ms (enqueue 2.0625 ms)
[10/04/2026-22:09:56] [I] Average on 1 runs - GPU latency: 4.21484 ms - Host latency: 4.29102 ms (enqueue 2.09375 ms)
[10/04/2026-22:09:56] [I] Average on 1 runs - GPU latency: 4.21094 ms - Host latency: 4.28711 ms (enqueue 2.08203 ms)
[10/04/2026-22:09:56] [I] Average on 1 runs - GPU latency: 4.21875 ms - Host latency: 4.30078 ms (enqueue 2.08398 ms)
[10/04/2026-22:09:56] [I] Average on 1 runs - GPU latency: 4.21289 ms - Host latency: 4.29102 ms (enqueue 2.05859 ms)
[10/04/2026-22:09:56] [I] Average on 1 runs - GPU latency: 4.21484 ms - Host latency: 4.29688 ms (enqueue 2.05859 ms)
[10/04/2026-22:09:56] [I] Average on 1 runs - GPU latency: 4.2168 ms - Host latency: 4.29688 ms (enqueue 2.08008 ms)
[10/04/2026-22:09:56] [I] Average on 1 runs - GPU latency: 4.21875 ms - Host latency: 4.29883 ms (enqueue 2.09766 ms)
[10/04/2026-22:09:56] [I] Average on 1 runs - GPU latency: 4.2168 ms - Host latency: 4.29102 ms (enqueue 2.04492 ms)
[10/04/2026-22:09:56] [I] Average on 1 runs - GPU latency: 4.22461 ms - Host latency: 4.30859 ms (enqueue 2.0332 ms)
[10/04/2026-22:09:56] [I] Average on 1 runs - GPU latency: 4.2168 ms - Host latency: 4.29297 ms (enqueue 2.03125 ms)
[10/04/2026-22:09:56] [I] Average on 1 runs - GPU latency: 4.2207 ms - Host latency: 4.29883 ms (enqueue 2.03906 ms)
[10/04/2026-22:09:56] [I] Average on 1 runs - GPU latency: 4.22461 ms - Host latency: 4.30078 ms (enqueue 2.05469 ms)
[10/04/2026-22:09:56] [I] Average on 1 runs - GPU latency: 4.22266 ms - Host latency: 4.29492 ms (enqueue 2.04102 ms)
[10/04/2026-22:09:56] [I] Average on 1 runs - GPU latency: 4.21289 ms - Host latency: 4.29688 ms (enqueue 2.03516 ms)
[10/04/2026-22:09:56] [I] Average on 1 runs - GPU latency: 4.21484 ms - Host latency: 4.29492 ms (enqueue 2.03711 ms)
[10/04/2026-22:09:56] [I] Average on 1 runs - GPU latency: 4.20508 ms - Host latency: 4.2832 ms (enqueue 2.04688 ms)
[10/04/2026-22:09:56] [I] Average on 1 runs - GPU latency: 4.21484 ms - Host latency: 4.29492 ms (enqueue 2.08594 ms)
[10/04/2026-22:09:56] [I] Average on 1 runs - GPU latency: 4.19922 ms - Host latency: 4.26953 ms (enqueue 2.07422 ms)
[10/04/2026-22:09:56] [I] 
[10/04/2026-22:09:56] [I] === Performance summary ===
[10/04/2026-22:09:56] [I] Throughput: 237.029 qps
[10/04/2026-22:09:56] [I] Latency: min = 4.26953 ms, max = 4.36304 ms, mean = 4.29316 ms, median = 4.29297 ms, percentile(90%) = 4.30054 ms, percentile(95%) = 4.30322 ms, percentile(99%) = 4.31152 ms
[10/04/2026-22:09:56] [I] Enqueue Time: min = 1.97461 ms, max = 2.39111 ms, mean = 2.06362 ms, median = 2.05957 ms, percentile(90%) = 2.10205 ms, percentile(95%) = 2.11572 ms, percentile(99%) = 2.19141 ms
[10/04/2026-22:09:56] [I] H2D Latency: min = 0.0605469 ms, max = 0.130127 ms, mean = 0.071502 ms, median = 0.0722656 ms, percentile(90%) = 0.0751953 ms, percentile(95%) = 0.0761719 ms, percentile(99%) = 0.0791016 ms
[10/04/2026-22:09:56] [I] GPU Compute Time: min = 4.19922 ms, max = 4.25195 ms, mean = 4.21495 ms, median = 4.21484 ms, percentile(90%) = 4.2207 ms, percentile(95%) = 4.2229 ms, percentile(99%) = 4.23047 ms
[10/04/2026-22:09:56] [I] D2H Latency: min = 0.00390625 ms, max = 0.0117188 ms, mean = 0.00671157 ms, median = 0.00683594 ms, percentile(90%) = 0.00878906 ms, percentile(95%) = 0.00927734 ms, percentile(99%) = 0.00976562 ms
[10/04/2026-22:09:56] [I] Total Host Walltime: 15.0151 s
[10/04/2026-22:09:56] [I] Total GPU Compute Time: 15.001 s
[10/04/2026-22:09:56] [I] Explanations of the performance metrics are printed in the verbose logs.
[10/04/2026-22:09:56] [I] 
&&&& PASSED TensorRT.trtexec [TensorRT v100300] # /usr/src/tensorrt/bin/trtexec --loadEngine=/tmp/yolo26n_84172_uint8_fp16_opt3.engine --warmUp=3000 --duration=15 --idleTime=1 --avgRuns=1
