&&&& RUNNING TensorRT.trtexec [TensorRT v100300] # /usr/src/tensorrt/bin/trtexec --loadEngine=/tmp/yolo26n_84172_uint8_fp16_opt3.engine --warmUp=3000 --duration=15 --idleTime=4 --avgRuns=1
[10/04/2026-22:02:06] [I] === Model Options ===
[10/04/2026-22:02:06] [I] Format: *
[10/04/2026-22:02:06] [I] Model: 
[10/04/2026-22:02:06] [I] Output:
[10/04/2026-22:02:06] [I] 
[10/04/2026-22:02:06] [I] === System Options ===
[10/04/2026-22:02:06] [I] Device: 0
[10/04/2026-22:02:06] [I] DLACore: 
[10/04/2026-22:02:06] [I] Plugins:
[10/04/2026-22:02:06] [I] setPluginsToSerialize:
[10/04/2026-22:02:06] [I] dynamicPlugins:
[10/04/2026-22:02:06] [I] ignoreParsedPluginLibs: 0
[10/04/2026-22:02:06] [I] 
[10/04/2026-22:02:06] [I] === Inference Options ===
[10/04/2026-22:02:06] [I] Batch: Explicit
[10/04/2026-22:02:06] [I] Input inference shapes: model
[10/04/2026-22:02:06] [I] Iterations: 10
[10/04/2026-22:02:06] [I] Duration: 15s (+ 3000ms warm up)
[10/04/2026-22:02:06] [I] Sleep time: 0ms
[10/04/2026-22:02:06] [I] Idle time: 4ms
[10/04/2026-22:02:06] [I] Inference Streams: 1
[10/04/2026-22:02:06] [I] ExposeDMA: Disabled
[10/04/2026-22:02:06] [I] Data transfers: Enabled
[10/04/2026-22:02:06] [I] Spin-wait: Disabled
[10/04/2026-22:02:06] [I] Multithreading: Disabled
[10/04/2026-22:02:06] [I] CUDA Graph: Disabled
[10/04/2026-22:02:06] [I] Separate profiling: Disabled
[10/04/2026-22:02:06] [I] Time Deserialize: Disabled
[10/04/2026-22:02:06] [I] Time Refit: Disabled
[10/04/2026-22:02:06] [I] NVTX verbosity: 0
[10/04/2026-22:02:06] [I] Persistent Cache Ratio: 0
[10/04/2026-22:02:06] [I] Optimization Profile Index: 0
[10/04/2026-22:02:06] [I] Weight Streaming Budget: 100.000000%
[10/04/2026-22:02:06] [I] Inputs:
[10/04/2026-22:02:06] [I] Debug Tensor Save Destinations:
[10/04/2026-22:02:06] [I] === Reporting Options ===
[10/04/2026-22:02:06] [I] Verbose: Disabled
[10/04/2026-22:02:06] [I] Averages: 1 inferences
[10/04/2026-22:02:06] [I] Percentiles: 90,95,99
[10/04/2026-22:02:06] [I] Dump refittable layers:Disabled
[10/04/2026-22:02:06] [I] Dump output: Disabled
[10/04/2026-22:02:06] [I] Profile: Disabled
[10/04/2026-22:02:06] [I] Export timing to JSON file: 
[10/04/2026-22:02:06] [I] Export output to JSON file: 
[10/04/2026-22:02:06] [I] Export profile to JSON file: 
[10/04/2026-22:02:06] [I] 
[10/04/2026-22:02:06] [I] === Device Information ===
[10/04/2026-22:02:06] [I] Available Devices: 
[10/04/2026-22:02:06] [I]   Device 0: "Orin" UUID: GPU-6e16c2c1-e394-5324-8f2e-63a975968f4e
[10/04/2026-22:02:06] [I] Selected Device: Orin
[10/04/2026-22:02:06] [I] Selected Device ID: 0
[10/04/2026-22:02:06] [I] Selected Device UUID: GPU-6e16c2c1-e394-5324-8f2e-63a975968f4e
[10/04/2026-22:02:06] [I] Compute Capability: 8.7
[10/04/2026-22:02:06] [I] SMs: 8
[10/04/2026-22:02:06] [I] Device Global Memory: 7607 MiB
[10/04/2026-22:02:06] [I] Shared Memory per SM: 164 KiB
[10/04/2026-22:02:06] [I] Memory Bus Width: 128 bits (ECC disabled)
[10/04/2026-22:02:06] [I] Application Compute Clock Rate: 1.02 GHz
[10/04/2026-22:02:06] [I] Application Memory Clock Rate: 1.02 GHz
[10/04/2026-22:02:06] [I] 
[10/04/2026-22:02:06] [I] Note: The application clock rates do not reflect the actual clock rates that the GPU is currently running at.
[10/04/2026-22:02:06] [I] 
[10/04/2026-22:02:06] [I] TensorRT version: 10.3.0
[10/04/2026-22:02:06] [I] Loading standard plugins
[10/04/2026-22:02:06] [I] [TRT] Loaded engine size: 7 MiB
[10/04/2026-22:02:06] [I] Engine deserialized in 0.0829618 sec.
[10/04/2026-22:02:06] [I] [TRT] [MemUsageChange] TensorRT-managed allocation in IExecutionContext creation: CPU +0, GPU +12, now: CPU 0, GPU 16 (MiB)
[10/04/2026-22:02:06] [I] Setting persistentCacheLimit to 0 bytes.
[10/04/2026-22:02:06] [I] Created execution context with device memory size: 12.207 MiB
[10/04/2026-22:02:06] [I] Using random values for input images
[10/04/2026-22:02:06] [I] Input binding for images with dimensions 1x640x640x3 is created.
[10/04/2026-22:02:06] [I] Output binding for output0 with dimensions 1x300x6 is created.
[10/04/2026-22:02:06] [I] Starting inference
[10/04/2026-22:02:24] [I] Warmup completed 662 queries over 3000 ms
[10/04/2026-22:02:24] [I] Timing trace has 1773 queries over 15.0192 s
[10/04/2026-22:02:24] [I] 
[10/04/2026-22:02:24] [I] === Trace details ===
[10/04/2026-22:02:24] [I] Trace averages of 1 runs:
[10/04/2026-22:02:24] [I] Average on 1 runs - GPU latency: 4.24707 ms - Host latency: 4.38354 ms (enqueue 3.08521 ms)
[10/04/2026-22:02:24] [I] Average on 1 runs - GPU latency: 4.20581 ms - Host latency: 4.34302 ms (enqueue 3.16699 ms)
[10/04/2026-22:02:24] [I] Average on 1 runs - GPU latency: 4.21362 ms - Host latency: 4.27759 ms (enqueue 3.15503 ms)
[10/04/2026-22:02:24] [I] Average on 1 runs - GPU latency: 4.21265 ms - Host latency: 4.27905 ms (enqueue 3.43042 ms)
[10/04/2026-22:02:24] [I] Average on 1 runs - GPU latency: 4.21777 ms - Host latency: 4.28271 ms (enqueue 3.47607 ms)
[10/04/2026-22:02:24] [I] Average on 1 runs - GPU latency: 4.21655 ms - Host latency: 4.2832 ms (enqueue 3.57202 ms)
[10/04/2026-22:02:24] [I] Average on 1 runs - GPU latency: 4.21655 ms - Host latency: 4.28198 ms (enqueue 3.26978 ms)
[10/04/2026-22:02:24] [I] Average on 1 runs - GPU latency: 4.21021 ms - Host latency: 4.27612 ms (enqueue 3.48315 ms)
[10/04/2026-22:02:24] [I] Average on 1 runs - GPU latency: 4.21265 ms - Host latency: 4.27734 ms (enqueue 3.54883 ms)
[10/04/2026-22:02:24] [I] Average on 1 runs - GPU latency: 4.2146 ms - Host latency: 4.28442 ms (enqueue 3.53613 ms)
[10/04/2026-22:02:24] [I] Average on 1 runs - GPU latency: 4.3186 ms - Host latency: 4.38501 ms (enqueue 3.88062 ms)
[10/04/2026-22:02:24] [I] Average on 1 runs - GPU latency: 4.23413 ms - Host latency: 4.30078 ms (enqueue 3.79321 ms)
[10/04/2026-22:02:24] [I] Average on 1 runs - GPU latency: 4.57349 ms - Host latency: 4.63965 ms (enqueue 4.15771 ms)
[10/04/2026-22:02:24] [I] Average on 1 runs - GPU latency: 4.57178 ms - Host latency: 4.63892 ms (enqueue 4.15723 ms)
[10/04/2026-22:02:24] [I] Average on 1 runs - GPU latency: 4.573 ms - Host latency: 4.64966 ms (enqueue 4.17407 ms)
[10/04/2026-22:02:24] [I] Average on 1 runs - GPU latency: 4.57593 ms - Host latency: 4.6416 ms (enqueue 4.17798 ms)
[10/04/2026-22:02:24] [I] Average on 1 runs - GPU latency: 4.55981 ms - Host latency: 4.62646 ms (enqueue 4.15063 ms)
[10/04/2026-22:02:24] [I] Average on 1 runs - GPU latency: 4.55493 ms - Host latency: 4.62183 ms (enqueue 4.14404 ms)
[10/04/2026-22:02:24] [I] Average on 1 runs - GPU latency: 4.60254 ms - Host latency: 4.66895 ms (enqueue 4.1897 ms)
[10/04/2026-22:02:24] [I] Average on 1 runs - GPU latency: 4.63135 ms - Host latency: 4.69849 ms (enqueue 4.21606 ms)
[10/04/2026-22:02:24] [I] Average on 1 runs - GPU latency: 4.6123 ms - Host latency: 4.6792 ms (enqueue 4.19556 ms)
[10/04/2026-22:02:24] [I] Average on 1 runs - GPU latency: 4.61646 ms - Host latency: 4.68311 ms (enqueue 4.20337 ms)
[10/04/2026-22:02:24] [I] Average on 1 runs - GPU latency: 4.58911 ms - Host latency: 4.65698 ms (enqueue 4.17188 ms)
[10/04/2026-22:02:24] [I] Average on 1 runs - GPU latency: 4.55151 ms - Host latency: 4.61865 ms (enqueue 4.13647 ms)
[10/04/2026-22:02:24] [I] Average on 1 runs - GPU latency: 4.56006 ms - Host latency: 4.62646 ms (enqueue 4.14746 ms)
[10/04/2026-22:02:24] [I] Average on 1 runs - GPU latency: 4.55835 ms - Host latency: 4.62573 ms (enqueue 4.14526 ms)
[10/04/2026-22:02:24] [I] Average on 1 runs - GPU latency: 4.52588 ms - Host latency: 4.59155 ms (enqueue 4.17798 ms)
[10/04/2026-22:02:24] [I] Average on 1 runs - GPU latency: 4.62964 ms - Host latency: 4.70728 ms (enqueue 4.22314 ms)
[10/04/2026-22:02:24] [I] Average on 1 runs - GPU latency: 4.61499 ms - Host latency: 4.6814 ms (enqueue 4.20337 ms)
[10/04/2026-22:02:24] [I] Average on 1 runs - GPU latency: 4.64526 ms - Host latency: 4.7146 ms (enqueue 4.23242 ms)
[10/04/2026-22:02:24] [I] Average on 1 runs - GPU latency: 4.64331 ms - Host latency: 4.71094 ms (enqueue 4.23267 ms)
[10/04/2026-22:02:24] [I] Average on 1 runs - GPU latency: 4.59766 ms - Host latency: 4.66675 ms (enqueue 4.18286 ms)
[10/04/2026-22:02:24] [I] Average on 1 runs - GPU latency: 4.60352 ms - Host latency: 4.67261 ms (enqueue 4.18945 ms)
[10/04/2026-22:02:24] [I] Average on 1 runs - GPU latency: 4.57104 ms - Host latency: 4.64038 ms (enqueue 4.15869 ms)
[10/04/2026-22:02:24] [I] Average on 1 runs - GPU latency: 4.57397 ms - Host latency: 4.63989 ms (enqueue 4.15845 ms)
[10/04/2026-22:02:24] [I] Average on 1 runs - GPU latency: 4.63232 ms - Host latency: 4.70215 ms (enqueue 4.22607 ms)
[10/04/2026-22:02:24] [I] Average on 1 runs - GPU latency: 4.56714 ms - Host latency: 4.6333 ms (enqueue 4.19556 ms)
[10/04/2026-22:02:24] [I] Average on 1 runs - GPU latency: 4.59888 ms - Host latency: 4.67651 ms (enqueue 4.18408 ms)
[10/04/2026-22:02:24] [I] Average on 1 runs - GPU latency: 4.61914 ms - Host latency: 4.68579 ms (enqueue 4.20508 ms)
[10/04/2026-22:02:24] [I] Average on 1 runs - GPU latency: 4.59985 ms - Host latency: 4.66748 ms (enqueue 4.18506 ms)
[10/04/2026-22:02:24] [I] Average on 1 runs - GPU latency: 4.57739 ms - Host latency: 4.6438 ms (enqueue 4.16406 ms)
[10/04/2026-22:02:24] [I] Average on 1 runs - GPU latency: 4.64795 ms - Host latency: 4.72412 ms (enqueue 4.22681 ms)
[10/04/2026-22:02:24] [I] Average on 1 runs - GPU latency: 4.5957 ms - Host latency: 4.66309 ms (enqueue 4.17847 ms)
[10/04/2026-22:02:24] [I] Average on 1 runs - GPU latency: 4.60449 ms - Host latency: 4.67188 ms (enqueue 4.19116 ms)
[10/04/2026-22:02:24] [I] Average on 1 runs - GPU latency: 4.57959 ms - Host latency: 4.64624 ms (enqueue 4.16455 ms)
[10/04/2026-22:02:24] [I] Average on 1 runs - GPU latency: 4.57422 ms - Host latency: 4.6499 ms (enqueue 4.16187 ms)
[10/04/2026-22:02:24] [I] Average on 1 runs - GPU latency: 4.5481 ms - Host latency: 4.61694 ms (enqueue 4.13916 ms)
[10/04/2026-22:02:24] [I] Average on 1 runs - GPU latency: 4.55371 ms - Host latency: 4.62329 ms (enqueue 4.17505 ms)
[10/04/2026-22:02:24] [I] Average on 1 runs - GPU latency: 4.5874 ms - Host latency: 4.65454 ms (enqueue 4.17798 ms)
[10/04/2026-22:02:24] [I] Average on 1 runs - GPU latency: 4.59814 ms - Host latency: 4.66821 ms (enqueue 4.18213 ms)
[10/04/2026-22:02:24] [I] Average on 1 runs - GPU latency: 4.62231 ms - Host latency: 4.68823 ms (enqueue 4.2146 ms)
[10/04/2026-22:02:24] [I] Average on 1 runs - GPU latency: 4.61621 ms - Host latency: 4.68384 ms (enqueue 4.19897 ms)
[10/04/2026-22:02:24] [I] Average on 1 runs - GPU latency: 4.58008 ms - Host latency: 4.64697 ms (enqueue 4.16626 ms)
[10/04/2026-22:02:24] [I] Average on 1 runs - GPU latency: 4.59961 ms - Host latency: 4.6665 ms (enqueue 4.18286 ms)
[10/04/2026-22:02:24] [I] Average on 1 runs - GPU latency: 4.6167 ms - Host latency: 4.68384 ms (enqueue 4.20044 ms)
[10/04/2026-22:02:24] [I] Average on 1 runs - GPU latency: 4.59204 ms - Host latency: 4.65845 ms (enqueue 4.17749 ms)
[10/04/2026-22:02:24] [I] Average on 1 runs - GPU latency: 4.58813 ms - Host latency: 4.65503 ms (enqueue 4.16846 ms)
[10/04/2026-22:02:24] [I] Average on 1 runs - GPU latency: 4.67505 ms - Host latency: 4.7417 ms (enqueue 4.26514 ms)
[10/04/2026-22:02:24] [I] Average on 1 runs - GPU latency: 4.57568 ms - Host latency: 4.64136 ms (enqueue 4.20898 ms)
[10/04/2026-22:02:24] [I] Average on 1 runs - GPU latency: 4.59375 ms - Host latency: 4.66016 ms (enqueue 4.18286 ms)
[10/04/2026-22:02:24] [I] Average on 1 runs - GPU latency: 4.60327 ms - Host latency: 4.66919 ms (enqueue 4.1897 ms)
[10/04/2026-22:02:24] [I] Average on 1 runs - GPU latency: 4.59204 ms - Host latency: 4.65894 ms (enqueue 4.17578 ms)
[10/04/2026-22:02:24] [I] Average on 1 runs - GPU latency: 4.6228 ms - Host latency: 4.69092 ms (enqueue 4.21094 ms)
[10/04/2026-22:02:24] [I] Average on 1 runs - GPU latency: 4.60449 ms - Host latency: 4.67041 ms (enqueue 4.18896 ms)
[10/04/2026-22:02:24] [I] Average on 1 runs - GPU latency: 4.61548 ms - Host latency: 4.68164 ms (enqueue 4.20117 ms)
[10/04/2026-22:02:24] [I] Average on 1 runs - GPU latency: 4.59888 ms - Host latency: 4.66553 ms (enqueue 4.18311 ms)
[10/04/2026-22:02:24] [I] Average on 1 runs - GPU latency: 4.56323 ms - Host latency: 4.63037 ms (enqueue 4.14575 ms)
[10/04/2026-22:02:24] [I] Average on 1 runs - GPU latency: 4.57617 ms - Host latency: 4.64478 ms (enqueue 4.15894 ms)
[10/04/2026-22:02:24] [I] Average on 1 runs - GPU latency: 4.57837 ms - Host latency: 4.64502 ms (enqueue 4.16772 ms)
[10/04/2026-22:02:24] [I] Average on 1 runs - GPU latency: 4.56738 ms - Host latency: 4.63794 ms (enqueue 4.19897 ms)
[10/04/2026-22:02:24] [I] Average on 1 runs - GPU latency: 4.5957 ms - Host latency: 4.66406 ms (enqueue 4.18677 ms)
[10/04/2026-22:02:24] [I] Average on 1 runs - GPU latency: 4.59351 ms - Host latency: 4.65991 ms (enqueue 4.18018 ms)
[10/04/2026-22:02:24] [I] Average on 1 runs - GPU latency: 4.59424 ms - Host latency: 4.6604 ms (enqueue 4.17822 ms)
[10/04/2026-22:02:24] [I] Average on 1 runs - GPU latency: 4.61011 ms - Host latency: 4.67676 ms (enqueue 4.19678 ms)
[10/04/2026-22:02:24] [I] Average on 1 runs - GPU latency: 4.60986 ms - Host latency: 4.67603 ms (enqueue 4.19458 ms)
[10/04/2026-22:02:24] [I] Average on 1 runs - GPU latency: 4.61694 ms - Host latency: 4.68555 ms (enqueue 4.20654 ms)
[10/04/2026-22:02:24] [I] Average on 1 runs - GPU latency: 4.63501 ms - Host latency: 4.70142 ms (enqueue 4.22437 ms)
[10/04/2026-22:02:24] [I] Average on 1 runs - GPU latency: 4.64526 ms - Host latency: 4.71338 ms (enqueue 4.2312 ms)
[10/04/2026-22:02:24] [I] Average on 1 runs - GPU latency: 4.62964 ms - Host latency: 4.69629 ms (enqueue 4.2168 ms)
[10/04/2026-22:02:24] [I] Average on 1 runs - GPU latency: 4.57129 ms - Host latency: 4.63745 ms (enqueue 4.15527 ms)
[10/04/2026-22:02:24] [I] Average on 1 runs - GPU latency: 4.55347 ms - Host latency: 4.62036 ms (enqueue 4.1792 ms)
[10/04/2026-22:02:24] [I] Average on 1 runs - GPU latency: 4.60327 ms - Host latency: 4.66919 ms (enqueue 4.19849 ms)
[10/04/2026-22:02:24] [I] Average on 1 runs - GPU latency: 4.2959 ms - Host latency: 4.36279 ms (enqueue 4.17798 ms)
[10/04/2026-22:02:24] [I] Average on 1 runs - GPU latency: 4.55933 ms - Host latency: 4.6333 ms (enqueue 4.22876 ms)
[10/04/2026-22:02:24] [I] Average on 1 runs - GPU latency: 4.53979 ms - Host latency: 4.61035 ms (enqueue 4.2085 ms)
[10/04/2026-22:02:24] [I] Average on 1 runs - GPU latency: 4.56128 ms - Host latency: 4.63501 ms (enqueue 4.19995 ms)
[10/04/2026-22:02:24] [I] Average on 1 runs - GPU latency: 4.55835 ms - Host latency: 4.62866 ms (enqueue 4.177 ms)
[10/04/2026-22:02:24] [I] Average on 1 runs - GPU latency: 4.55737 ms - Host latency: 4.62988 ms (enqueue 4.17114 ms)
[10/04/2026-22:02:24] [I] Average on 1 runs - GPU latency: 4.56787 ms - Host latency: 4.64038 ms (enqueue 4.20654 ms)
[10/04/2026-22:02:24] [I] Average on 1 runs - GPU latency: 4.56323 ms - Host latency: 4.63574 ms (enqueue 4.16187 ms)
[10/04/2026-22:02:24] [I] Average on 1 runs - GPU latency: 4.54858 ms - Host latency: 4.62012 ms (enqueue 4.2395 ms)
[10/04/2026-22:02:24] [I] Average on 1 runs - GPU latency: 4.55103 ms - Host latency: 4.62134 ms (enqueue 4.17554 ms)
[10/04/2026-22:02:24] [I] Average on 1 runs - GPU latency: 4.56055 ms - Host latency: 4.63184 ms (enqueue 4.19995 ms)
[10/04/2026-22:02:24] [I] Average on 1 runs - GPU latency: 4.56885 ms - Host latency: 4.64136 ms (enqueue 4.17358 ms)
[10/04/2026-22:02:24] [I] Average on 1 runs - GPU latency: 4.54785 ms - Host latency: 4.61914 ms (enqueue 4.17798 ms)
[10/04/2026-22:02:24] [I] Average on 1 runs - GPU latency: 4.5647 ms - Host latency: 4.63623 ms (enqueue 4.18115 ms)
[10/04/2026-22:02:24] [I] Average on 1 runs - GPU latency: 4.54492 ms - Host latency: 4.61646 ms (enqueue 4.19287 ms)
[10/04/2026-22:02:24] [I] Average on 1 runs - GPU latency: 4.55811 ms - Host latency: 4.63037 ms (enqueue 4.20068 ms)
[10/04/2026-22:02:24] [I] Average on 1 runs - GPU latency: 4.55811 ms - Host latency: 4.6311 ms (enqueue 4.17773 ms)
[10/04/2026-22:02:24] [I] Average on 1 runs - GPU latency: 4.56592 ms - Host latency: 4.63916 ms (enqueue 4.18115 ms)
[10/04/2026-22:02:24] [I] Average on 1 runs - GPU latency: 4.55835 ms - Host latency: 4.62964 ms (enqueue 4.14575 ms)
[10/04/2026-22:02:24] [I] Average on 1 runs - GPU latency: 4.55713 ms - Host latency: 4.63037 ms (enqueue 4.18091 ms)
[10/04/2026-22:02:24] [I] Average on 1 runs - GPU latency: 4.56274 ms - Host latency: 4.64429 ms (enqueue 4.18945 ms)
[10/04/2026-22:02:24] [I] Average on 1 runs - GPU latency: 4.55859 ms - Host latency: 4.63013 ms (enqueue 4.17896 ms)
[10/04/2026-22:02:24] [I] Average on 1 runs - GPU latency: 4.56274 ms - Host latency: 4.6355 ms (enqueue 4.18872 ms)
[10/04/2026-22:02:24] [I] Average on 1 runs - GPU latency: 4.56274 ms - Host latency: 4.63647 ms (enqueue 4.1936 ms)
[10/04/2026-22:02:24] [I] Average on 1 runs - GPU latency: 4.56226 ms - Host latency: 4.63428 ms (enqueue 4.23242 ms)
[10/04/2026-22:02:24] [I] Average on 1 runs - GPU latency: 4.56641 ms - Host latency: 4.63965 ms (enqueue 4.18433 ms)
[10/04/2026-22:02:24] [I] Average on 1 runs - GPU latency: 4.54541 ms - Host latency: 4.61646 ms (enqueue 4.14941 ms)
[10/04/2026-22:02:24] [I] Average on 1 runs - GPU latency: 4.55396 ms - Host latency: 4.625 ms (enqueue 4.1355 ms)
[10/04/2026-22:02:24] [I] Average on 1 runs - GPU latency: 4.5603 ms - Host latency: 4.63525 ms (enqueue 4.15088 ms)
[10/04/2026-22:02:24] [I] Average on 1 runs - GPU latency: 4.57202 ms - Host latency: 4.64478 ms (enqueue 4.17529 ms)
[10/04/2026-22:02:24] [I] Average on 1 runs - GPU latency: 4.573 ms - Host latency: 4.64429 ms (enqueue 4.16626 ms)
[10/04/2026-22:02:24] [I] Average on 1 runs - GPU latency: 4.69629 ms - Host latency: 4.7688 ms (enqueue 4.21973 ms)
[10/04/2026-22:02:24] [I] Average on 1 runs - GPU latency: 5.10205 ms - Host latency: 5.17896 ms (enqueue 4.26904 ms)
[10/04/2026-22:02:24] [I] Average on 1 runs - GPU latency: 5.10522 ms - Host latency: 5.18286 ms (enqueue 4.27271 ms)
[10/04/2026-22:02:24] [I] Average on 1 runs - GPU latency: 5.10938 ms - Host latency: 5.18774 ms (enqueue 4.25342 ms)
[10/04/2026-22:02:24] [I] Average on 1 runs - GPU latency: 5.10864 ms - Host latency: 5.18726 ms (enqueue 4.3606 ms)
[10/04/2026-22:02:24] [I] Average on 1 runs - GPU latency: 5.10547 ms - Host latency: 5.18311 ms (enqueue 4.25781 ms)
[10/04/2026-22:02:24] [I] Average on 1 runs - GPU latency: 5.09888 ms - Host latency: 5.17651 ms (enqueue 4.26147 ms)
[10/04/2026-22:02:24] [I] Average on 1 runs - GPU latency: 5.10229 ms - Host latency: 5.18018 ms (enqueue 4.21997 ms)
[10/04/2026-22:02:24] [I] Average on 1 runs - GPU latency: 5.10889 ms - Host latency: 5.18823 ms (enqueue 4.24341 ms)
[10/04/2026-22:02:24] [I] Average on 1 runs - GPU latency: 5.10156 ms - Host latency: 5.18042 ms (enqueue 4.25317 ms)
[10/04/2026-22:02:24] [I] Average on 1 runs - GPU latency: 5.10059 ms - Host latency: 5.18164 ms (enqueue 4.19775 ms)
[10/04/2026-22:02:24] [I] Average on 1 runs - GPU latency: 5.11572 ms - Host latency: 5.19385 ms (enqueue 4.271 ms)
[10/04/2026-22:02:24] [I] Average on 1 runs - GPU latency: 5.08325 ms - Host latency: 5.16309 ms (enqueue 4.27515 ms)
[10/04/2026-22:02:24] [I] Average on 1 runs - GPU latency: 5.10547 ms - Host latency: 5.18286 ms (enqueue 4.30444 ms)
[10/04/2026-22:02:24] [I] Average on 1 runs - GPU latency: 5.11353 ms - Host latency: 5.19702 ms (enqueue 4.24316 ms)
[10/04/2026-22:02:24] [I] Average on 1 runs - GPU latency: 5.09985 ms - Host latency: 5.17798 ms (enqueue 4.23462 ms)
[10/04/2026-22:02:24] [I] Average on 1 runs - GPU latency: 5.10352 ms - Host latency: 5.18042 ms (enqueue 4.29688 ms)
[10/04/2026-22:02:24] [I] Average on 1 runs - GPU latency: 5.11279 ms - Host latency: 5.19116 ms (enqueue 4.27734 ms)
[10/04/2026-22:02:24] [I] Average on 1 runs - GPU latency: 5.08667 ms - Host latency: 5.16406 ms (enqueue 4.22705 ms)
[10/04/2026-22:02:24] [I] Average on 1 runs - GPU latency: 5.10278 ms - Host latency: 5.17993 ms (enqueue 4.29053 ms)
[10/04/2026-22:02:24] [I] Average on 1 runs - GPU latency: 5.11426 ms - Host latency: 5.19287 ms (enqueue 4.24023 ms)
[10/04/2026-22:02:24] [I] Average on 1 runs - GPU latency: 5.10645 ms - Host latency: 5.18506 ms (enqueue 4.29443 ms)
[10/04/2026-22:02:24] [I] Average on 1 runs - GPU latency: 5.10449 ms - Host latency: 5.18262 ms (enqueue 4.24658 ms)
[10/04/2026-22:02:24] [I] Average on 1 runs - GPU latency: 5.10352 ms - Host latency: 5.18066 ms (enqueue 4.22217 ms)
[10/04/2026-22:02:24] [I] Average on 1 runs - GPU latency: 5.07812 ms - Host latency: 5.15625 ms (enqueue 4.35742 ms)
[10/04/2026-22:02:24] [I] Average on 1 runs - GPU latency: 5.10303 ms - Host latency: 5.18018 ms (enqueue 4.2832 ms)
[10/04/2026-22:02:24] [I] Average on 1 runs - GPU latency: 5.11084 ms - Host latency: 5.18945 ms (enqueue 4.38672 ms)
[10/04/2026-22:02:24] [I] Average on 1 runs - GPU latency: 5.10742 ms - Host latency: 5.18506 ms (enqueue 4.31543 ms)
[10/04/2026-22:02:24] [I] Average on 1 runs - GPU latency: 5.10742 ms - Host latency: 5.18408 ms (enqueue 4.23145 ms)
[10/04/2026-22:02:24] [I] Average on 1 runs - GPU latency: 5.10645 ms - Host latency: 5.18359 ms (enqueue 4.28906 ms)
[10/04/2026-22:02:24] [I] Average on 1 runs - GPU latency: 5.0752 ms - Host latency: 5.15332 ms (enqueue 4.26221 ms)
[10/04/2026-22:02:24] [I] Average on 1 runs - GPU latency: 5.12109 ms - Host latency: 5.19873 ms (enqueue 4.28564 ms)
[10/04/2026-22:02:24] [I] Average on 1 runs - GPU latency: 5.11328 ms - Host latency: 5.19141 ms (enqueue 4.30078 ms)
[10/04/2026-22:02:24] [I] Average on 1 runs - GPU latency: 5.09912 ms - Host latency: 5.17822 ms (enqueue 4.24268 ms)
[10/04/2026-22:02:24] [I] Average on 1 runs - GPU latency: 5.11279 ms - Host latency: 5.18945 ms (enqueue 4.23926 ms)
[10/04/2026-22:02:24] [I] Average on 1 runs - GPU latency: 5.10205 ms - Host latency: 5.19873 ms (enqueue 4.22266 ms)
[10/04/2026-22:02:24] [I] Average on 1 runs - GPU latency: 5.09082 ms - Host latency: 5.16895 ms (enqueue 4.25 ms)
[10/04/2026-22:02:24] [I] Average on 1 runs - GPU latency: 5.10742 ms - Host latency: 5.18506 ms (enqueue 4.31885 ms)
[10/04/2026-22:02:24] [I] Average on 1 runs - GPU latency: 5.1084 ms - Host latency: 5.1875 ms (enqueue 4.22949 ms)
[10/04/2026-22:02:24] [I] Average on 1 runs - GPU latency: 5.10059 ms - Host latency: 5.17822 ms (enqueue 4.29102 ms)
[10/04/2026-22:02:24] [I] Average on 1 runs - GPU latency: 5.11328 ms - Host latency: 5.19092 ms (enqueue 4.21191 ms)
[10/04/2026-22:02:24] [I] Average on 1 runs - GPU latency: 5.10986 ms - Host latency: 5.19824 ms (enqueue 4.26172 ms)
[10/04/2026-22:02:24] [I] Average on 1 runs - GPU latency: 5.08154 ms - Host latency: 5.16113 ms (enqueue 4.24023 ms)
[10/04/2026-22:02:24] [I] Average on 1 runs - GPU latency: 5.10547 ms - Host latency: 5.18311 ms (enqueue 4.27002 ms)
[10/04/2026-22:02:24] [I] Average on 1 runs - GPU latency: 5.10352 ms - Host latency: 5.18896 ms (enqueue 4.26514 ms)
[10/04/2026-22:02:24] [I] Average on 1 runs - GPU latency: 5.10254 ms - Host latency: 5.18652 ms (enqueue 4.30371 ms)
[10/04/2026-22:02:24] [I] Average on 1 runs - GPU latency: 5.11768 ms - Host latency: 5.19873 ms (enqueue 4.31689 ms)
[10/04/2026-22:02:24] [I] Average on 1 runs - GPU latency: 5.11914 ms - Host latency: 5.20068 ms (enqueue 4.30225 ms)
[10/04/2026-22:02:24] [I] Average on 1 runs - GPU latency: 5.1123 ms - Host latency: 5.19092 ms (enqueue 4.23242 ms)
[10/04/2026-22:02:24] [I] Average on 1 runs - GPU latency: 5.09814 ms - Host latency: 5.1748 ms (enqueue 4.21777 ms)
[10/04/2026-22:02:24] [I] Average on 1 runs - GPU latency: 5.11133 ms - Host latency: 5.19043 ms (enqueue 4.27441 ms)
[10/04/2026-22:02:24] [I] Average on 1 runs - GPU latency: 5.10938 ms - Host latency: 5.18799 ms (enqueue 4.26709 ms)
[10/04/2026-22:02:24] [I] Average on 1 runs - GPU latency: 5.10596 ms - Host latency: 5.1875 ms (enqueue 4.23926 ms)
[10/04/2026-22:02:24] [I] Average on 1 runs - GPU latency: 5.11084 ms - Host latency: 5.18896 ms (enqueue 4.23926 ms)
[10/04/2026-22:02:24] [I] Average on 1 runs - GPU latency: 5.15137 ms - Host latency: 5.23145 ms (enqueue 4.24902 ms)
[10/04/2026-22:02:24] [I] Average on 1 runs - GPU latency: 5.1377 ms - Host latency: 5.21582 ms (enqueue 4.31006 ms)
[10/04/2026-22:02:24] [I] Average on 1 runs - GPU latency: 5.11621 ms - Host latency: 5.19727 ms (enqueue 4.24072 ms)
[10/04/2026-22:02:24] [I] Average on 1 runs - GPU latency: 5.13428 ms - Host latency: 5.21191 ms (enqueue 4.34082 ms)
[10/04/2026-22:02:24] [I] Average on 1 runs - GPU latency: 5.11084 ms - Host latency: 5.18896 ms (enqueue 4.24316 ms)
[10/04/2026-22:02:24] [I] Average on 1 runs - GPU latency: 5.11914 ms - Host latency: 5.2002 ms (enqueue 4.26123 ms)
[10/04/2026-22:02:24] [I] Average on 1 runs - GPU latency: 5.1123 ms - Host latency: 5.18896 ms (enqueue 4.27441 ms)
[10/04/2026-22:02:24] [I] Average on 1 runs - GPU latency: 5.1123 ms - Host latency: 5.19336 ms (enqueue 4.33594 ms)
[10/04/2026-22:02:24] [I] Average on 1 runs - GPU latency: 5.1123 ms - Host latency: 5.19385 ms (enqueue 4.31006 ms)
[10/04/2026-22:02:24] [I] Average on 1 runs - GPU latency: 5.11523 ms - Host latency: 5.19189 ms (enqueue 4.26074 ms)
[10/04/2026-22:02:24] [I] Average on 1 runs - GPU latency: 5.10596 ms - Host latency: 5.18359 ms (enqueue 4.30273 ms)
[10/04/2026-22:02:24] [I] Average on 1 runs - GPU latency: 5.104 ms - Host latency: 5.18506 ms (enqueue 4.28027 ms)
[10/04/2026-22:02:24] [I] Average on 1 runs - GPU latency: 5.10059 ms - Host latency: 5.17773 ms (enqueue 4.20947 ms)
[10/04/2026-22:02:24] [I] Average on 1 runs - GPU latency: 5.10303 ms - Host latency: 5.18164 ms (enqueue 4.26709 ms)
[10/04/2026-22:02:24] [I] Average on 1 runs - GPU latency: 5.104 ms - Host latency: 5.18066 ms (enqueue 4.24414 ms)
[10/04/2026-22:02:24] [I] Average on 1 runs - GPU latency: 5.1084 ms - Host latency: 5.18848 ms (enqueue 4.25391 ms)
[10/04/2026-22:02:24] [I] Average on 1 runs - GPU latency: 5.10107 ms - Host latency: 5.18115 ms (enqueue 4.33008 ms)
[10/04/2026-22:02:24] [I] Average on 1 runs - GPU latency: 5.10498 ms - Host latency: 5.19043 ms (enqueue 4.36816 ms)
[10/04/2026-22:02:24] [I] Average on 1 runs - GPU latency: 5.09619 ms - Host latency: 5.1792 ms (enqueue 4.30127 ms)
[10/04/2026-22:02:24] [I] Average on 1 runs - GPU latency: 5.10254 ms - Host latency: 5.18311 ms (enqueue 4.29443 ms)
[10/04/2026-22:02:24] [I] Average on 1 runs - GPU latency: 5.10889 ms - Host latency: 5.18701 ms (enqueue 4.27783 ms)
[10/04/2026-22:02:24] [I] Average on 1 runs - GPU latency: 5.10498 ms - Host latency: 5.18896 ms (enqueue 4.27197 ms)
[10/04/2026-22:02:24] [I] Average on 1 runs - GPU latency: 5.10645 ms - Host latency: 5.18359 ms (enqueue 4.28271 ms)
[10/04/2026-22:02:24] [I] Average on 1 runs - GPU latency: 5.104 ms - Host latency: 5.18164 ms (enqueue 4.30469 ms)
[10/04/2026-22:02:24] [I] Average on 1 runs - GPU latency: 5.11084 ms - Host latency: 5.1958 ms (enqueue 4.31104 ms)
[10/04/2026-22:02:24] [I] Average on 1 runs - GPU latency: 5.10645 ms - Host latency: 5.18311 ms (enqueue 4.26221 ms)
[10/04/2026-22:02:24] [I] Average on 1 runs - GPU latency: 5.11426 ms - Host latency: 5.19238 ms (enqueue 4.26318 ms)
[10/04/2026-22:02:24] [I] Average on 1 runs - GPU latency: 5.09863 ms - Host latency: 5.17432 ms (enqueue 4.2666 ms)
[10/04/2026-22:02:24] [I] Average on 1 runs - GPU latency: 5.10352 ms - Host latency: 5.18799 ms (enqueue 4.29639 ms)
[10/04/2026-22:02:24] [I] Average on 1 runs - GPU latency: 5.07812 ms - Host latency: 5.16211 ms (enqueue 4.30225 ms)
[10/04/2026-22:02:24] [I] Average on 1 runs - GPU latency: 5.11475 ms - Host latency: 5.19385 ms (enqueue 4.35254 ms)
[10/04/2026-22:02:24] [I] Average on 1 runs - GPU latency: 5.11035 ms - Host latency: 5.1875 ms (enqueue 4.30469 ms)
[10/04/2026-22:02:24] [I] Average on 1 runs - GPU latency: 5.11377 ms - Host latency: 5.19141 ms (enqueue 4.29004 ms)
[10/04/2026-22:02:24] [I] ... Omitting 1373 lines
[10/04/2026-22:02:24] [I] Average on 1 runs - GPU latency: 5.51855 ms - Host latency: 5.59863 ms (enqueue 4.31348 ms)
[10/04/2026-22:02:24] [I] Average on 1 runs - GPU latency: 5.5127 ms - Host latency: 5.59766 ms (enqueue 4.33105 ms)
[10/04/2026-22:02:24] [I] Average on 1 runs - GPU latency: 5.50293 ms - Host latency: 5.60059 ms (enqueue 4.27051 ms)
[10/04/2026-22:02:24] [I] Average on 1 runs - GPU latency: 5.50977 ms - Host latency: 5.59961 ms (enqueue 4.27148 ms)
[10/04/2026-22:02:24] [I] Average on 1 runs - GPU latency: 5.4873 ms - Host latency: 5.56738 ms (enqueue 4.28809 ms)
[10/04/2026-22:02:24] [I] Average on 1 runs - GPU latency: 5.50781 ms - Host latency: 5.58789 ms (enqueue 4.22461 ms)
[10/04/2026-22:02:24] [I] Average on 1 runs - GPU latency: 5.50684 ms - Host latency: 5.5957 ms (enqueue 4.35352 ms)
[10/04/2026-22:02:24] [I] Average on 1 runs - GPU latency: 5.50781 ms - Host latency: 5.58789 ms (enqueue 4.28125 ms)
[10/04/2026-22:02:24] [I] Average on 1 runs - GPU latency: 5.50781 ms - Host latency: 5.59766 ms (enqueue 4.28906 ms)
[10/04/2026-22:02:24] [I] Average on 1 runs - GPU latency: 5.50781 ms - Host latency: 5.58594 ms (enqueue 4.25391 ms)
[10/04/2026-22:02:24] [I] Average on 1 runs - GPU latency: 5.50195 ms - Host latency: 5.58789 ms (enqueue 4.30859 ms)
[10/04/2026-22:02:24] [I] Average on 1 runs - GPU latency: 5.50586 ms - Host latency: 5.58594 ms (enqueue 4.25977 ms)
[10/04/2026-22:02:24] [I] Average on 1 runs - GPU latency: 5.50781 ms - Host latency: 5.58594 ms (enqueue 4.32812 ms)
[10/04/2026-22:02:24] [I] Average on 1 runs - GPU latency: 5.50781 ms - Host latency: 5.59375 ms (enqueue 4.32422 ms)
[10/04/2026-22:02:24] [I] Average on 1 runs - GPU latency: 5.51172 ms - Host latency: 5.58984 ms (enqueue 4.25977 ms)
[10/04/2026-22:02:24] [I] Average on 1 runs - GPU latency: 5.51367 ms - Host latency: 5.59375 ms (enqueue 4.29883 ms)
[10/04/2026-22:02:24] [I] Average on 1 runs - GPU latency: 5.47266 ms - Host latency: 5.55664 ms (enqueue 4.30859 ms)
[10/04/2026-22:02:24] [I] Average on 1 runs - GPU latency: 5.51172 ms - Host latency: 5.5918 ms (enqueue 4.29492 ms)
[10/04/2026-22:02:24] [I] Average on 1 runs - GPU latency: 5.52734 ms - Host latency: 5.61719 ms (enqueue 4.34961 ms)
[10/04/2026-22:02:24] [I] Average on 1 runs - GPU latency: 5.5 ms - Host latency: 5.58203 ms (enqueue 4.30273 ms)
[10/04/2026-22:02:24] [I] Average on 1 runs - GPU latency: 5.50781 ms - Host latency: 5.5957 ms (enqueue 4.35547 ms)
[10/04/2026-22:02:24] [I] Average on 1 runs - GPU latency: 5.50391 ms - Host latency: 5.58203 ms (enqueue 4.31641 ms)
[10/04/2026-22:02:24] [I] Average on 1 runs - GPU latency: 5.46289 ms - Host latency: 5.54297 ms (enqueue 4.21484 ms)
[10/04/2026-22:02:24] [I] Average on 1 runs - GPU latency: 5.50586 ms - Host latency: 5.58789 ms (enqueue 4.35547 ms)
[10/04/2026-22:02:24] [I] Average on 1 runs - GPU latency: 5.51367 ms - Host latency: 5.59961 ms (enqueue 4.30859 ms)
[10/04/2026-22:02:24] [I] Average on 1 runs - GPU latency: 5.51758 ms - Host latency: 5.59961 ms (enqueue 4.32617 ms)
[10/04/2026-22:02:24] [I] Average on 1 runs - GPU latency: 5.50586 ms - Host latency: 5.58594 ms (enqueue 4.29102 ms)
[10/04/2026-22:02:24] [I] Average on 1 runs - GPU latency: 5.50391 ms - Host latency: 5.58398 ms (enqueue 4.3125 ms)
[10/04/2026-22:02:24] [I] Average on 1 runs - GPU latency: 5.49023 ms - Host latency: 5.57422 ms (enqueue 4.23828 ms)
[10/04/2026-22:02:24] [I] Average on 1 runs - GPU latency: 5.51758 ms - Host latency: 5.60156 ms (enqueue 4.33594 ms)
[10/04/2026-22:02:24] [I] Average on 1 runs - GPU latency: 5.50977 ms - Host latency: 5.5918 ms (enqueue 4.30469 ms)
[10/04/2026-22:02:24] [I] Average on 1 runs - GPU latency: 5.50586 ms - Host latency: 5.58789 ms (enqueue 4.3125 ms)
[10/04/2026-22:02:24] [I] Average on 1 runs - GPU latency: 5.51172 ms - Host latency: 5.59375 ms (enqueue 4.25 ms)
[10/04/2026-22:02:24] [I] Average on 1 runs - GPU latency: 5.50977 ms - Host latency: 5.5918 ms (enqueue 4.27539 ms)
[10/04/2026-22:02:24] [I] Average on 1 runs - GPU latency: 5.48828 ms - Host latency: 5.56836 ms (enqueue 4.23242 ms)
[10/04/2026-22:02:24] [I] Average on 1 runs - GPU latency: 5.50391 ms - Host latency: 5.58789 ms (enqueue 4.29102 ms)
[10/04/2026-22:02:24] [I] Average on 1 runs - GPU latency: 5.50781 ms - Host latency: 5.5918 ms (enqueue 4.30859 ms)
[10/04/2026-22:02:24] [I] Average on 1 runs - GPU latency: 5.51562 ms - Host latency: 5.60156 ms (enqueue 4.35352 ms)
[10/04/2026-22:02:24] [I] Average on 1 runs - GPU latency: 5.54297 ms - Host latency: 5.63281 ms (enqueue 4.29688 ms)
[10/04/2026-22:02:24] [I] Average on 1 runs - GPU latency: 5.52539 ms - Host latency: 5.60742 ms (enqueue 4.27344 ms)
[10/04/2026-22:02:24] [I] Average on 1 runs - GPU latency: 5.49805 ms - Host latency: 5.58008 ms (enqueue 4.25781 ms)
[10/04/2026-22:02:24] [I] Average on 1 runs - GPU latency: 5.51172 ms - Host latency: 5.5957 ms (enqueue 4.24414 ms)
[10/04/2026-22:02:24] [I] Average on 1 runs - GPU latency: 5.5293 ms - Host latency: 5.61133 ms (enqueue 4.2793 ms)
[10/04/2026-22:02:24] [I] Average on 1 runs - GPU latency: 5.5293 ms - Host latency: 5.63086 ms (enqueue 4.31445 ms)
[10/04/2026-22:02:24] [I] Average on 1 runs - GPU latency: 5.51562 ms - Host latency: 5.5957 ms (enqueue 4.26758 ms)
[10/04/2026-22:02:24] [I] Average on 1 runs - GPU latency: 5.51562 ms - Host latency: 5.60352 ms (enqueue 4.33594 ms)
[10/04/2026-22:02:24] [I] Average on 1 runs - GPU latency: 5.47852 ms - Host latency: 5.55859 ms (enqueue 4.26367 ms)
[10/04/2026-22:02:24] [I] Average on 1 runs - GPU latency: 5.51562 ms - Host latency: 5.59961 ms (enqueue 4.33398 ms)
[10/04/2026-22:02:24] [I] Average on 1 runs - GPU latency: 5.50391 ms - Host latency: 5.58594 ms (enqueue 4.27734 ms)
[10/04/2026-22:02:24] [I] Average on 1 runs - GPU latency: 5.50586 ms - Host latency: 5.58594 ms (enqueue 4.31641 ms)
[10/04/2026-22:02:24] [I] Average on 1 runs - GPU latency: 5.51367 ms - Host latency: 5.59766 ms (enqueue 4.30273 ms)
[10/04/2026-22:02:24] [I] Average on 1 runs - GPU latency: 5.51367 ms - Host latency: 5.59961 ms (enqueue 4.30273 ms)
[10/04/2026-22:02:24] [I] Average on 1 runs - GPU latency: 5.5 ms - Host latency: 5.58984 ms (enqueue 4.31641 ms)
[10/04/2026-22:02:24] [I] Average on 1 runs - GPU latency: 5.51172 ms - Host latency: 5.60156 ms (enqueue 4.32617 ms)
[10/04/2026-22:02:24] [I] Average on 1 runs - GPU latency: 5.51758 ms - Host latency: 5.60156 ms (enqueue 4.28906 ms)
[10/04/2026-22:02:24] [I] Average on 1 runs - GPU latency: 5.50586 ms - Host latency: 5.58594 ms (enqueue 4.28516 ms)
[10/04/2026-22:02:24] [I] Average on 1 runs - GPU latency: 5.50586 ms - Host latency: 5.58789 ms (enqueue 4.33594 ms)
[10/04/2026-22:02:24] [I] Average on 1 runs - GPU latency: 5.50391 ms - Host latency: 5.58594 ms (enqueue 4.31055 ms)
[10/04/2026-22:02:24] [I] Average on 1 runs - GPU latency: 5.50977 ms - Host latency: 5.58984 ms (enqueue 4.27344 ms)
[10/04/2026-22:02:24] [I] Average on 1 runs - GPU latency: 5.51367 ms - Host latency: 5.59375 ms (enqueue 4.32227 ms)
[10/04/2026-22:02:24] [I] Average on 1 runs - GPU latency: 5.50391 ms - Host latency: 5.58398 ms (enqueue 4.26367 ms)
[10/04/2026-22:02:24] [I] Average on 1 runs - GPU latency: 5.50977 ms - Host latency: 5.58789 ms (enqueue 4.30078 ms)
[10/04/2026-22:02:24] [I] Average on 1 runs - GPU latency: 5.50391 ms - Host latency: 5.58203 ms (enqueue 4.35938 ms)
[10/04/2026-22:02:24] [I] Average on 1 runs - GPU latency: 5.48633 ms - Host latency: 5.57422 ms (enqueue 4.35352 ms)
[10/04/2026-22:02:24] [I] Average on 1 runs - GPU latency: 5.50195 ms - Host latency: 5.58008 ms (enqueue 4.33984 ms)
[10/04/2026-22:02:24] [I] Average on 1 runs - GPU latency: 5.50781 ms - Host latency: 5.58789 ms (enqueue 4.27539 ms)
[10/04/2026-22:02:24] [I] Average on 1 runs - GPU latency: 5.50195 ms - Host latency: 5.5918 ms (enqueue 4.29297 ms)
[10/04/2026-22:02:24] [I] Average on 1 runs - GPU latency: 5.50195 ms - Host latency: 5.58398 ms (enqueue 4.30273 ms)
[10/04/2026-22:02:24] [I] Average on 1 runs - GPU latency: 5.50586 ms - Host latency: 5.58789 ms (enqueue 4.33398 ms)
[10/04/2026-22:02:24] [I] Average on 1 runs - GPU latency: 5.48242 ms - Host latency: 5.57031 ms (enqueue 4.35352 ms)
[10/04/2026-22:02:24] [I] Average on 1 runs - GPU latency: 5.51953 ms - Host latency: 5.60156 ms (enqueue 4.26758 ms)
[10/04/2026-22:02:24] [I] Average on 1 runs - GPU latency: 5.51172 ms - Host latency: 5.60156 ms (enqueue 4.33008 ms)
[10/04/2026-22:02:24] [I] Average on 1 runs - GPU latency: 5.50977 ms - Host latency: 5.59375 ms (enqueue 4.31055 ms)
[10/04/2026-22:02:24] [I] Average on 1 runs - GPU latency: 5.50586 ms - Host latency: 5.58789 ms (enqueue 4.30273 ms)
[10/04/2026-22:02:24] [I] Average on 1 runs - GPU latency: 5.50586 ms - Host latency: 5.58594 ms (enqueue 4.2793 ms)
[10/04/2026-22:02:24] [I] Average on 1 runs - GPU latency: 5.4707 ms - Host latency: 5.55273 ms (enqueue 4.33594 ms)
[10/04/2026-22:02:24] [I] Average on 1 runs - GPU latency: 5.50781 ms - Host latency: 5.59766 ms (enqueue 4.33594 ms)
[10/04/2026-22:02:24] [I] Average on 1 runs - GPU latency: 5.50195 ms - Host latency: 5.58203 ms (enqueue 4.28516 ms)
[10/04/2026-22:02:24] [I] Average on 1 runs - GPU latency: 5.50781 ms - Host latency: 5.58984 ms (enqueue 4.2793 ms)
[10/04/2026-22:02:24] [I] Average on 1 runs - GPU latency: 5.51367 ms - Host latency: 5.59375 ms (enqueue 4.3418 ms)
[10/04/2026-22:02:24] [I] Average on 1 runs - GPU latency: 5.50977 ms - Host latency: 5.58984 ms (enqueue 4.31641 ms)
[10/04/2026-22:02:24] [I] Average on 1 runs - GPU latency: 5.45312 ms - Host latency: 5.5332 ms (enqueue 4.25586 ms)
[10/04/2026-22:02:24] [I] Average on 1 runs - GPU latency: 5.50781 ms - Host latency: 5.58984 ms (enqueue 4.30664 ms)
[10/04/2026-22:02:24] [I] Average on 1 runs - GPU latency: 5.50195 ms - Host latency: 5.5918 ms (enqueue 4.375 ms)
[10/04/2026-22:02:24] [I] Average on 1 runs - GPU latency: 5.51758 ms - Host latency: 5.61133 ms (enqueue 4.30469 ms)
[10/04/2026-22:02:24] [I] Average on 1 runs - GPU latency: 5.50391 ms - Host latency: 5.58789 ms (enqueue 4.32227 ms)
[10/04/2026-22:02:24] [I] Average on 1 runs - GPU latency: 5.50781 ms - Host latency: 5.5918 ms (enqueue 4.38477 ms)
[10/04/2026-22:02:24] [I] Average on 1 runs - GPU latency: 5.4707 ms - Host latency: 5.55273 ms (enqueue 4.27148 ms)
[10/04/2026-22:02:24] [I] Average on 1 runs - GPU latency: 5.50781 ms - Host latency: 5.58789 ms (enqueue 4.30469 ms)
[10/04/2026-22:02:24] [I] Average on 1 runs - GPU latency: 5.51367 ms - Host latency: 5.59766 ms (enqueue 4.36719 ms)
[10/04/2026-22:02:24] [I] Average on 1 runs - GPU latency: 5.51758 ms - Host latency: 5.5957 ms (enqueue 4.26172 ms)
[10/04/2026-22:02:24] [I] Average on 1 runs - GPU latency: 5.50977 ms - Host latency: 5.58984 ms (enqueue 4.34961 ms)
[10/04/2026-22:02:24] [I] Average on 1 runs - GPU latency: 5.50195 ms - Host latency: 5.58203 ms (enqueue 4.25586 ms)
[10/04/2026-22:02:24] [I] Average on 1 runs - GPU latency: 5.48633 ms - Host latency: 5.56836 ms (enqueue 4.24414 ms)
[10/04/2026-22:02:24] [I] Average on 1 runs - GPU latency: 5.50391 ms - Host latency: 5.58984 ms (enqueue 4.32227 ms)
[10/04/2026-22:02:24] [I] Average on 1 runs - GPU latency: 5.51367 ms - Host latency: 5.59961 ms (enqueue 4.41211 ms)
[10/04/2026-22:02:24] [I] Average on 1 runs - GPU latency: 5.51367 ms - Host latency: 5.59766 ms (enqueue 4.35547 ms)
[10/04/2026-22:02:24] [I] Average on 1 runs - GPU latency: 5.51562 ms - Host latency: 5.5957 ms (enqueue 4.25195 ms)
[10/04/2026-22:02:24] [I] Average on 1 runs - GPU latency: 5.50977 ms - Host latency: 5.5957 ms (enqueue 4.32617 ms)
[10/04/2026-22:02:24] [I] Average on 1 runs - GPU latency: 5.47461 ms - Host latency: 5.55664 ms (enqueue 4.23438 ms)
[10/04/2026-22:02:24] [I] Average on 1 runs - GPU latency: 5.50586 ms - Host latency: 5.58398 ms (enqueue 4.31836 ms)
[10/04/2026-22:02:24] [I] Average on 1 runs - GPU latency: 5.50391 ms - Host latency: 5.5918 ms (enqueue 4.31445 ms)
[10/04/2026-22:02:24] [I] Average on 1 runs - GPU latency: 5.50977 ms - Host latency: 5.5957 ms (enqueue 4.32617 ms)
[10/04/2026-22:02:24] [I] Average on 1 runs - GPU latency: 5.50391 ms - Host latency: 5.5918 ms (enqueue 4.25586 ms)
[10/04/2026-22:02:24] [I] Average on 1 runs - GPU latency: 5.54688 ms - Host latency: 5.63086 ms (enqueue 4.28125 ms)
[10/04/2026-22:02:24] [I] Average on 1 runs - GPU latency: 5.51562 ms - Host latency: 5.5957 ms (enqueue 4.28906 ms)
[10/04/2026-22:02:24] [I] Average on 1 runs - GPU latency: 5.51758 ms - Host latency: 5.60156 ms (enqueue 4.26953 ms)
[10/04/2026-22:02:24] [I] Average on 1 runs - GPU latency: 5.52734 ms - Host latency: 5.60938 ms (enqueue 4.34375 ms)
[10/04/2026-22:02:24] [I] Average on 1 runs - GPU latency: 5.51172 ms - Host latency: 5.59961 ms (enqueue 4.35156 ms)
[10/04/2026-22:02:24] [I] Average on 1 runs - GPU latency: 5.51758 ms - Host latency: 5.59961 ms (enqueue 4.2832 ms)
[10/04/2026-22:02:24] [I] Average on 1 runs - GPU latency: 5.51367 ms - Host latency: 5.59766 ms (enqueue 4.37305 ms)
[10/04/2026-22:02:24] [I] Average on 1 runs - GPU latency: 5.50391 ms - Host latency: 5.58594 ms (enqueue 4.34766 ms)
[10/04/2026-22:02:24] [I] Average on 1 runs - GPU latency: 5.50977 ms - Host latency: 5.59375 ms (enqueue 4.27539 ms)
[10/04/2026-22:02:24] [I] Average on 1 runs - GPU latency: 5.51758 ms - Host latency: 5.59961 ms (enqueue 4.31055 ms)
[10/04/2026-22:02:24] [I] Average on 1 runs - GPU latency: 5.51953 ms - Host latency: 5.59961 ms (enqueue 4.25977 ms)
[10/04/2026-22:02:24] [I] Average on 1 runs - GPU latency: 5.50977 ms - Host latency: 5.59961 ms (enqueue 4.375 ms)
[10/04/2026-22:02:24] [I] Average on 1 runs - GPU latency: 5.49023 ms - Host latency: 5.56836 ms (enqueue 4.26562 ms)
[10/04/2026-22:02:24] [I] Average on 1 runs - GPU latency: 5.50391 ms - Host latency: 5.58398 ms (enqueue 4.29883 ms)
[10/04/2026-22:02:24] [I] Average on 1 runs - GPU latency: 5.50586 ms - Host latency: 5.58789 ms (enqueue 4.38477 ms)
[10/04/2026-22:02:24] [I] Average on 1 runs - GPU latency: 5.50391 ms - Host latency: 5.58398 ms (enqueue 4.37109 ms)
[10/04/2026-22:02:24] [I] Average on 1 runs - GPU latency: 5.51562 ms - Host latency: 5.60547 ms (enqueue 4.31641 ms)
[10/04/2026-22:02:24] [I] Average on 1 runs - GPU latency: 5.50586 ms - Host latency: 5.58789 ms (enqueue 4.3125 ms)
[10/04/2026-22:02:24] [I] Average on 1 runs - GPU latency: 5.47461 ms - Host latency: 5.55664 ms (enqueue 4.28711 ms)
[10/04/2026-22:02:24] [I] Average on 1 runs - GPU latency: 5.51758 ms - Host latency: 5.60352 ms (enqueue 4.33008 ms)
[10/04/2026-22:02:24] [I] Average on 1 runs - GPU latency: 5.50391 ms - Host latency: 5.5957 ms (enqueue 4.34961 ms)
[10/04/2026-22:02:24] [I] Average on 1 runs - GPU latency: 5.50195 ms - Host latency: 5.59961 ms (enqueue 4.29297 ms)
[10/04/2026-22:02:24] [I] Average on 1 runs - GPU latency: 5.50195 ms - Host latency: 5.58398 ms (enqueue 4.31055 ms)
[10/04/2026-22:02:24] [I] Average on 1 runs - GPU latency: 5.51758 ms - Host latency: 5.59961 ms (enqueue 4.29688 ms)
[10/04/2026-22:02:24] [I] Average on 1 runs - GPU latency: 5.47656 ms - Host latency: 5.55859 ms (enqueue 4.32422 ms)
[10/04/2026-22:02:24] [I] Average on 1 runs - GPU latency: 5.50781 ms - Host latency: 5.58984 ms (enqueue 4.28516 ms)
[10/04/2026-22:02:24] [I] Average on 1 runs - GPU latency: 5.52344 ms - Host latency: 5.60547 ms (enqueue 4.2793 ms)
[10/04/2026-22:02:24] [I] Average on 1 runs - GPU latency: 5.51172 ms - Host latency: 5.5957 ms (enqueue 4.33398 ms)
[10/04/2026-22:02:24] [I] Average on 1 runs - GPU latency: 5.51172 ms - Host latency: 5.5918 ms (enqueue 4.24023 ms)
[10/04/2026-22:02:24] [I] Average on 1 runs - GPU latency: 5.49805 ms - Host latency: 5.58008 ms (enqueue 4.33398 ms)
[10/04/2026-22:02:24] [I] Average on 1 runs - GPU latency: 5.46094 ms - Host latency: 5.54297 ms (enqueue 4.28906 ms)
[10/04/2026-22:02:24] [I] Average on 1 runs - GPU latency: 5.50195 ms - Host latency: 5.5918 ms (enqueue 4.3418 ms)
[10/04/2026-22:02:24] [I] Average on 1 runs - GPU latency: 5.51367 ms - Host latency: 5.59961 ms (enqueue 4.32812 ms)
[10/04/2026-22:02:24] [I] Average on 1 runs - GPU latency: 5.50586 ms - Host latency: 5.5918 ms (enqueue 4.33789 ms)
[10/04/2026-22:02:24] [I] Average on 1 runs - GPU latency: 5.51172 ms - Host latency: 5.5918 ms (enqueue 4.26367 ms)
[10/04/2026-22:02:24] [I] Average on 1 runs - GPU latency: 5.49805 ms - Host latency: 5.58398 ms (enqueue 4.31445 ms)
[10/04/2026-22:02:24] [I] Average on 1 runs - GPU latency: 5.47656 ms - Host latency: 5.55664 ms (enqueue 4.23633 ms)
[10/04/2026-22:02:24] [I] Average on 1 runs - GPU latency: 5.49805 ms - Host latency: 5.58203 ms (enqueue 4.35547 ms)
[10/04/2026-22:02:24] [I] Average on 1 runs - GPU latency: 5.50781 ms - Host latency: 5.58984 ms (enqueue 4.31836 ms)
[10/04/2026-22:02:24] [I] Average on 1 runs - GPU latency: 5.51758 ms - Host latency: 5.59961 ms (enqueue 4.33203 ms)
[10/04/2026-22:02:24] [I] Average on 1 runs - GPU latency: 5.50195 ms - Host latency: 5.58203 ms (enqueue 4.27539 ms)
[10/04/2026-22:02:24] [I] Average on 1 runs - GPU latency: 5.50977 ms - Host latency: 5.5918 ms (enqueue 4.26758 ms)
[10/04/2026-22:02:24] [I] Average on 1 runs - GPU latency: 5.4668 ms - Host latency: 5.55078 ms (enqueue 4.33008 ms)
[10/04/2026-22:02:24] [I] Average on 1 runs - GPU latency: 5.50977 ms - Host latency: 5.58984 ms (enqueue 4.38867 ms)
[10/04/2026-22:02:24] [I] Average on 1 runs - GPU latency: 5.50781 ms - Host latency: 5.5957 ms (enqueue 4.33789 ms)
[10/04/2026-22:02:24] [I] Average on 1 runs - GPU latency: 5.51367 ms - Host latency: 5.59766 ms (enqueue 4.28125 ms)
[10/04/2026-22:02:24] [I] Average on 1 runs - GPU latency: 5.50977 ms - Host latency: 5.58789 ms (enqueue 4.26953 ms)
[10/04/2026-22:02:24] [I] Average on 1 runs - GPU latency: 5.5 ms - Host latency: 5.58203 ms (enqueue 4.26953 ms)
[10/04/2026-22:02:24] [I] Average on 1 runs - GPU latency: 5.50586 ms - Host latency: 5.59375 ms (enqueue 4.25586 ms)
[10/04/2026-22:02:24] [I] Average on 1 runs - GPU latency: 5.51367 ms - Host latency: 5.59766 ms (enqueue 4.25 ms)
[10/04/2026-22:02:24] [I] Average on 1 runs - GPU latency: 5.50781 ms - Host latency: 5.58984 ms (enqueue 4.2793 ms)
[10/04/2026-22:02:24] [I] Average on 1 runs - GPU latency: 5.50586 ms - Host latency: 5.58789 ms (enqueue 4.23828 ms)
[10/04/2026-22:02:24] [I] Average on 1 runs - GPU latency: 5.51562 ms - Host latency: 5.59766 ms (enqueue 4.28906 ms)
[10/04/2026-22:02:24] [I] Average on 1 runs - GPU latency: 5.50781 ms - Host latency: 5.5918 ms (enqueue 4.29883 ms)
[10/04/2026-22:02:24] [I] Average on 1 runs - GPU latency: 5.49414 ms - Host latency: 5.57617 ms (enqueue 4.2793 ms)
[10/04/2026-22:02:24] [I] Average on 1 runs - GPU latency: 5.50586 ms - Host latency: 5.58789 ms (enqueue 4.29297 ms)
[10/04/2026-22:02:24] [I] Average on 1 runs - GPU latency: 5.50586 ms - Host latency: 5.58789 ms (enqueue 4.28516 ms)
[10/04/2026-22:02:24] [I] Average on 1 runs - GPU latency: 5.51172 ms - Host latency: 5.59766 ms (enqueue 4.37305 ms)
[10/04/2026-22:02:24] [I] Average on 1 runs - GPU latency: 5.51172 ms - Host latency: 5.59375 ms (enqueue 4.33398 ms)
[10/04/2026-22:02:24] [I] Average on 1 runs - GPU latency: 5.50586 ms - Host latency: 5.58789 ms (enqueue 4.25781 ms)
[10/04/2026-22:02:24] [I] Average on 1 runs - GPU latency: 5.51172 ms - Host latency: 5.60156 ms (enqueue 4.30078 ms)
[10/04/2026-22:02:24] [I] Average on 1 runs - GPU latency: 5.50195 ms - Host latency: 5.58594 ms (enqueue 4.27734 ms)
[10/04/2026-22:02:24] [I] Average on 1 runs - GPU latency: 5.50977 ms - Host latency: 5.60352 ms (enqueue 4.3125 ms)
[10/04/2026-22:02:24] [I] Average on 1 runs - GPU latency: 5.50586 ms - Host latency: 5.58398 ms (enqueue 4.28125 ms)
[10/04/2026-22:02:24] [I] Average on 1 runs - GPU latency: 5.49414 ms - Host latency: 5.58008 ms (enqueue 4.33008 ms)
[10/04/2026-22:02:24] [I] Average on 1 runs - GPU latency: 5.53906 ms - Host latency: 5.625 ms (enqueue 4.31641 ms)
[10/04/2026-22:02:24] [I] Average on 1 runs - GPU latency: 5.53125 ms - Host latency: 5.61133 ms (enqueue 4.30859 ms)
[10/04/2026-22:02:24] [I] Average on 1 runs - GPU latency: 5.51562 ms - Host latency: 5.60352 ms (enqueue 4.33203 ms)
[10/04/2026-22:02:24] [I] Average on 1 runs - GPU latency: 5.52148 ms - Host latency: 5.60352 ms (enqueue 4.31836 ms)
[10/04/2026-22:02:24] [I] Average on 1 runs - GPU latency: 5.46875 ms - Host latency: 5.55469 ms (enqueue 2.55273 ms)
[10/04/2026-22:02:24] [I] Average on 1 runs - GPU latency: 5.51367 ms - Host latency: 5.59766 ms (enqueue 3.08984 ms)
[10/04/2026-22:02:24] [I] Average on 1 runs - GPU latency: 5.52344 ms - Host latency: 5.60938 ms (enqueue 2.83984 ms)
[10/04/2026-22:02:24] [I] Average on 1 runs - GPU latency: 5.49609 ms - Host latency: 5.57227 ms (enqueue 2.52539 ms)
[10/04/2026-22:02:24] [I] Average on 1 runs - GPU latency: 5.50391 ms - Host latency: 5.58789 ms (enqueue 4.39258 ms)
[10/04/2026-22:02:24] [I] Average on 1 runs - GPU latency: 5.50391 ms - Host latency: 5.58398 ms (enqueue 4.43945 ms)
[10/04/2026-22:02:24] [I] Average on 1 runs - GPU latency: 5.52148 ms - Host latency: 5.60156 ms (enqueue 4.35938 ms)
[10/04/2026-22:02:24] [I] Average on 1 runs - GPU latency: 5.50781 ms - Host latency: 5.59961 ms (enqueue 4.32422 ms)
[10/04/2026-22:02:24] [I] Average on 1 runs - GPU latency: 5.50781 ms - Host latency: 5.58789 ms (enqueue 4.32422 ms)
[10/04/2026-22:02:24] [I] Average on 1 runs - GPU latency: 5.46094 ms - Host latency: 5.54297 ms (enqueue 4.24805 ms)
[10/04/2026-22:02:24] [I] Average on 1 runs - GPU latency: 5.50391 ms - Host latency: 5.58594 ms (enqueue 4.30078 ms)
[10/04/2026-22:02:24] [I] Average on 1 runs - GPU latency: 5.50391 ms - Host latency: 5.58398 ms (enqueue 4.31641 ms)
[10/04/2026-22:02:24] [I] Average on 1 runs - GPU latency: 5.4668 ms - Host latency: 5.54688 ms (enqueue 4.26367 ms)
[10/04/2026-22:02:24] [I] Average on 1 runs - GPU latency: 5.50586 ms - Host latency: 5.58789 ms (enqueue 4.2832 ms)
[10/04/2026-22:02:24] [I] Average on 1 runs - GPU latency: 5.50781 ms - Host latency: 5.5918 ms (enqueue 4.29297 ms)
[10/04/2026-22:02:24] [I] Average on 1 runs - GPU latency: 5.50391 ms - Host latency: 5.59375 ms (enqueue 4.31641 ms)
[10/04/2026-22:02:24] [I] Average on 1 runs - GPU latency: 5.51758 ms - Host latency: 5.60742 ms (enqueue 4.32812 ms)
[10/04/2026-22:02:24] [I] Average on 1 runs - GPU latency: 5.50391 ms - Host latency: 5.58594 ms (enqueue 4.26953 ms)
[10/04/2026-22:02:24] [I] Average on 1 runs - GPU latency: 5.50391 ms - Host latency: 5.58398 ms (enqueue 4.30469 ms)
[10/04/2026-22:02:24] [I] Average on 1 runs - GPU latency: 5.50781 ms - Host latency: 5.58984 ms (enqueue 4.32227 ms)
[10/04/2026-22:02:24] [I] Average on 1 runs - GPU latency: 5.50977 ms - Host latency: 5.61523 ms (enqueue 4.29297 ms)
[10/04/2026-22:02:24] [I] Average on 1 runs - GPU latency: 5.48633 ms - Host latency: 5.56641 ms (enqueue 4.26367 ms)
[10/04/2026-22:02:24] [I] Average on 1 runs - GPU latency: 5.50586 ms - Host latency: 5.58789 ms (enqueue 4.3125 ms)
[10/04/2026-22:02:24] [I] Average on 1 runs - GPU latency: 5.51367 ms - Host latency: 5.59375 ms (enqueue 4.30273 ms)
[10/04/2026-22:02:24] [I] Average on 1 runs - GPU latency: 5.50977 ms - Host latency: 5.60352 ms (enqueue 4.3418 ms)
[10/04/2026-22:02:24] [I] Average on 1 runs - GPU latency: 5.50977 ms - Host latency: 5.58984 ms (enqueue 4.29492 ms)
[10/04/2026-22:02:24] [I] Average on 1 runs - GPU latency: 5.50781 ms - Host latency: 5.58789 ms (enqueue 4.30859 ms)
[10/04/2026-22:02:24] [I] Average on 1 runs - GPU latency: 5.50195 ms - Host latency: 5.58008 ms (enqueue 4.37305 ms)
[10/04/2026-22:02:24] [I] 
[10/04/2026-22:02:24] [I] === Performance summary ===
[10/04/2026-22:02:24] [I] Throughput: 118.049 qps
[10/04/2026-22:02:24] [I] Latency: min = 4.27612 ms, max = 5.65918 ms, mean = 5.49835 ms, median = 5.58887 ms, percentile(90%) = 5.60156 ms, percentile(95%) = 5.60791 ms, percentile(99%) = 5.62695 ms
[10/04/2026-22:02:24] [I] Enqueue Time: min = 2.52539 ms, max = 4.44922 ms, mean = 4.28688 ms, median = 4.2998 ms, percentile(90%) = 4.34766 ms, percentile(95%) = 4.36621 ms, percentile(99%) = 4.39258 ms
[10/04/2026-22:02:24] [I] H2D Latency: min = 0.0605469 ms, max = 0.128174 ms, mean = 0.0765145 ms, median = 0.0756836 ms, percentile(90%) = 0.0820312 ms, percentile(95%) = 0.0849609 ms, percentile(99%) = 0.09375 ms
[10/04/2026-22:02:24] [I] GPU Compute Time: min = 4.20581 ms, max = 5.57812 ms, mean = 5.4166 ms, median = 5.50684 ms, percentile(90%) = 5.51758 ms, percentile(95%) = 5.52246 ms, percentile(99%) = 5.54004 ms
[10/04/2026-22:02:24] [I] D2H Latency: min = 0.00341797 ms, max = 0.0090332 ms, mean = 0.00524221 ms, median = 0.00537109 ms, percentile(90%) = 0.00585938 ms, percentile(95%) = 0.00585938 ms, percentile(99%) = 0.00585938 ms
[10/04/2026-22:02:24] [I] Total Host Walltime: 15.0192 s
[10/04/2026-22:02:24] [I] Total GPU Compute Time: 9.60363 s
[10/04/2026-22:02:24] [I] Explanations of the performance metrics are printed in the verbose logs.
[10/04/2026-22:02:24] [I] 
&&&& PASSED TensorRT.trtexec [TensorRT v100300] # /usr/src/tensorrt/bin/trtexec --loadEngine=/tmp/yolo26n_84172_uint8_fp16_opt3.engine --warmUp=3000 --duration=15 --idleTime=4 --avgRuns=1
