&&&& RUNNING TensorRT.trtexec [TensorRT v100300] # /usr/src/tensorrt/bin/trtexec --loadEngine=/tmp/yolo26n_84172_uint8_fp16_opt3.engine --warmUp=3000 --duration=15 --idleTime=0 --avgRuns=1
[10/04/2026-21:58:11] [I] === Model Options ===
[10/04/2026-21:58:11] [I] Format: *
[10/04/2026-21:58:11] [I] Model: 
[10/04/2026-21:58:11] [I] Output:
[10/04/2026-21:58:11] [I] 
[10/04/2026-21:58:11] [I] === System Options ===
[10/04/2026-21:58:11] [I] Device: 0
[10/04/2026-21:58:11] [I] DLACore: 
[10/04/2026-21:58:11] [I] Plugins:
[10/04/2026-21:58:11] [I] setPluginsToSerialize:
[10/04/2026-21:58:11] [I] dynamicPlugins:
[10/04/2026-21:58:11] [I] ignoreParsedPluginLibs: 0
[10/04/2026-21:58:11] [I] 
[10/04/2026-21:58:11] [I] === Inference Options ===
[10/04/2026-21:58:11] [I] Batch: Explicit
[10/04/2026-21:58:11] [I] Input inference shapes: model
[10/04/2026-21:58:11] [I] Iterations: 10
[10/04/2026-21:58:11] [I] Duration: 15s (+ 3000ms warm up)
[10/04/2026-21:58:11] [I] Sleep time: 0ms
[10/04/2026-21:58:11] [I] Idle time: 0ms
[10/04/2026-21:58:11] [I] Inference Streams: 1
[10/04/2026-21:58:11] [I] ExposeDMA: Disabled
[10/04/2026-21:58:11] [I] Data transfers: Enabled
[10/04/2026-21:58:11] [I] Spin-wait: Disabled
[10/04/2026-21:58:11] [I] Multithreading: Disabled
[10/04/2026-21:58:11] [I] CUDA Graph: Disabled
[10/04/2026-21:58:11] [I] Separate profiling: Disabled
[10/04/2026-21:58:11] [I] Time Deserialize: Disabled
[10/04/2026-21:58:11] [I] Time Refit: Disabled
[10/04/2026-21:58:11] [I] NVTX verbosity: 0
[10/04/2026-21:58:11] [I] Persistent Cache Ratio: 0
[10/04/2026-21:58:11] [I] Optimization Profile Index: 0
[10/04/2026-21:58:11] [I] Weight Streaming Budget: 100.000000%
[10/04/2026-21:58:11] [I] Inputs:
[10/04/2026-21:58:11] [I] Debug Tensor Save Destinations:
[10/04/2026-21:58:11] [I] === Reporting Options ===
[10/04/2026-21:58:11] [I] Verbose: Disabled
[10/04/2026-21:58:11] [I] Averages: 1 inferences
[10/04/2026-21:58:11] [I] Percentiles: 90,95,99
[10/04/2026-21:58:11] [I] Dump refittable layers:Disabled
[10/04/2026-21:58:11] [I] Dump output: Disabled
[10/04/2026-21:58:11] [I] Profile: Disabled
[10/04/2026-21:58:11] [I] Export timing to JSON file: 
[10/04/2026-21:58:11] [I] Export output to JSON file: 
[10/04/2026-21:58:11] [I] Export profile to JSON file: 
[10/04/2026-21:58:11] [I] 
[10/04/2026-21:58:11] [I] === Device Information ===
[10/04/2026-21:58:11] [I] Available Devices: 
[10/04/2026-21:58:11] [I]   Device 0: "Orin" UUID: GPU-6e16c2c1-e394-5324-8f2e-63a975968f4e
[10/04/2026-21:58:11] [I] Selected Device: Orin
[10/04/2026-21:58:11] [I] Selected Device ID: 0
[10/04/2026-21:58:11] [I] Selected Device UUID: GPU-6e16c2c1-e394-5324-8f2e-63a975968f4e
[10/04/2026-21:58:11] [I] Compute Capability: 8.7
[10/04/2026-21:58:11] [I] SMs: 8
[10/04/2026-21:58:11] [I] Device Global Memory: 7607 MiB
[10/04/2026-21:58:11] [I] Shared Memory per SM: 164 KiB
[10/04/2026-21:58:11] [I] Memory Bus Width: 128 bits (ECC disabled)
[10/04/2026-21:58:11] [I] Application Compute Clock Rate: 1.02 GHz
[10/04/2026-21:58:11] [I] Application Memory Clock Rate: 1.02 GHz
[10/04/2026-21:58:11] [I] 
[10/04/2026-21:58:11] [I] Note: The application clock rates do not reflect the actual clock rates that the GPU is currently running at.
[10/04/2026-21:58:11] [I] 
[10/04/2026-21:58:11] [I] TensorRT version: 10.3.0
[10/04/2026-21:58:11] [I] Loading standard plugins
[10/04/2026-21:58:11] [I] [TRT] Loaded engine size: 7 MiB
[10/04/2026-21:58:11] [I] Engine deserialized in 0.0805791 sec.
[10/04/2026-21:58:11] [I] [TRT] [MemUsageChange] TensorRT-managed allocation in IExecutionContext creation: CPU +0, GPU +12, now: CPU 0, GPU 16 (MiB)
[10/04/2026-21:58:11] [I] Setting persistentCacheLimit to 0 bytes.
[10/04/2026-21:58:11] [I] Created execution context with device memory size: 12.207 MiB
[10/04/2026-21:58:11] [I] Using random values for input images
[10/04/2026-21:58:11] [I] Input binding for images with dimensions 1x640x640x3 is created.
[10/04/2026-21:58:11] [I] Output binding for output0 with dimensions 1x300x6 is created.
[10/04/2026-21:58:11] [I] Starting inference
[10/04/2026-21:58:29] [I] Warmup completed 662 queries over 3000 ms
[10/04/2026-21:58:29] [I] Timing trace has 3524 queries over 15.012 s
[10/04/2026-21:58:29] [I] 
[10/04/2026-21:58:29] [I] === Trace details ===
[10/04/2026-21:58:29] [I] Trace averages of 1 runs:
[10/04/2026-21:58:29] [I] Average on 1 runs - GPU latency: 4.24414 ms - Host latency: 4.38916 ms (enqueue 2.91382 ms)
[10/04/2026-21:58:29] [I] Average on 1 runs - GPU latency: 4.24805 ms - Host latency: 4.4043 ms (enqueue 3.01099 ms)
[10/04/2026-21:58:29] [I] Average on 1 runs - GPU latency: 4.24731 ms - Host latency: 4.3999 ms (enqueue 2.87085 ms)
[10/04/2026-21:58:29] [I] Average on 1 runs - GPU latency: 4.25854 ms - Host latency: 4.41162 ms (enqueue 3.03857 ms)
[10/04/2026-21:58:29] [I] Average on 1 runs - GPU latency: 4.25317 ms - Host latency: 4.39844 ms (enqueue 2.85718 ms)
[10/04/2026-21:58:29] [I] Average on 1 runs - GPU latency: 4.25342 ms - Host latency: 4.41406 ms (enqueue 3.06006 ms)
[10/04/2026-21:58:29] [I] Average on 1 runs - GPU latency: 4.24658 ms - Host latency: 4.39185 ms (enqueue 2.92065 ms)
[10/04/2026-21:58:29] [I] Average on 1 runs - GPU latency: 4.26343 ms - Host latency: 4.44482 ms (enqueue 2.95386 ms)
[10/04/2026-21:58:29] [I] Average on 1 runs - GPU latency: 4.26172 ms - Host latency: 4.40747 ms (enqueue 2.93408 ms)
[10/04/2026-21:58:29] [I] Average on 1 runs - GPU latency: 4.24683 ms - Host latency: 4.38599 ms (enqueue 2.38818 ms)
[10/04/2026-21:58:29] [I] Average on 1 runs - GPU latency: 4.25635 ms - Host latency: 4.39746 ms (enqueue 3.11548 ms)
[10/04/2026-21:58:29] [I] Average on 1 runs - GPU latency: 4.24756 ms - Host latency: 4.39282 ms (enqueue 2.89673 ms)
[10/04/2026-21:58:29] [I] Average on 1 runs - GPU latency: 4.25366 ms - Host latency: 4.39844 ms (enqueue 2.93188 ms)
[10/04/2026-21:58:29] [I] Average on 1 runs - GPU latency: 4.25684 ms - Host latency: 4.39185 ms (enqueue 2.93433 ms)
[10/04/2026-21:58:29] [I] Average on 1 runs - GPU latency: 4.24976 ms - Host latency: 4.39355 ms (enqueue 2.927 ms)
[10/04/2026-21:58:29] [I] Average on 1 runs - GPU latency: 4.24512 ms - Host latency: 4.38281 ms (enqueue 2.92456 ms)
[10/04/2026-21:58:29] [I] Average on 1 runs - GPU latency: 4.25073 ms - Host latency: 4.40845 ms (enqueue 2.85596 ms)
[10/04/2026-21:58:29] [I] Average on 1 runs - GPU latency: 4.25366 ms - Host latency: 4.39551 ms (enqueue 3.02173 ms)
[10/04/2026-21:58:29] [I] Average on 1 runs - GPU latency: 4.25195 ms - Host latency: 4.39355 ms (enqueue 2.84595 ms)
[10/04/2026-21:58:29] [I] Average on 1 runs - GPU latency: 4.24805 ms - Host latency: 4.40552 ms (enqueue 3.03833 ms)
[10/04/2026-21:58:29] [I] Average on 1 runs - GPU latency: 4.24976 ms - Host latency: 4.38818 ms (enqueue 2.84326 ms)
[10/04/2026-21:58:29] [I] Average on 1 runs - GPU latency: 4.25562 ms - Host latency: 4.43213 ms (enqueue 2.67773 ms)
[10/04/2026-21:58:29] [I] Average on 1 runs - GPU latency: 4.25439 ms - Host latency: 4.42578 ms (enqueue 2.98804 ms)
[10/04/2026-21:58:29] [I] Average on 1 runs - GPU latency: 4.25122 ms - Host latency: 4.39111 ms (enqueue 2.88159 ms)
[10/04/2026-21:58:29] [I] Average on 1 runs - GPU latency: 4.25171 ms - Host latency: 4.39429 ms (enqueue 2.95386 ms)
[10/04/2026-21:58:29] [I] Average on 1 runs - GPU latency: 4.25073 ms - Host latency: 4.41211 ms (enqueue 2.90454 ms)
[10/04/2026-21:58:29] [I] Average on 1 runs - GPU latency: 4.25562 ms - Host latency: 4.40259 ms (enqueue 2.90698 ms)
[10/04/2026-21:58:29] [I] Average on 1 runs - GPU latency: 4.25244 ms - Host latency: 4.38721 ms (enqueue 2.87939 ms)
[10/04/2026-21:58:29] [I] Average on 1 runs - GPU latency: 4.24609 ms - Host latency: 4.3811 ms (enqueue 2.87158 ms)
[10/04/2026-21:58:29] [I] Average on 1 runs - GPU latency: 4.26538 ms - Host latency: 4.43481 ms (enqueue 2.88208 ms)
[10/04/2026-21:58:29] [I] Average on 1 runs - GPU latency: 4.25439 ms - Host latency: 4.39233 ms (enqueue 2.91553 ms)
[10/04/2026-21:58:29] [I] Average on 1 runs - GPU latency: 4.24756 ms - Host latency: 4.39966 ms (enqueue 2.88428 ms)
[10/04/2026-21:58:29] [I] Average on 1 runs - GPU latency: 4.25562 ms - Host latency: 4.43091 ms (enqueue 3.03198 ms)
[10/04/2026-21:58:29] [I] Average on 1 runs - GPU latency: 4.24414 ms - Host latency: 4.39624 ms (enqueue 2.86938 ms)
[10/04/2026-21:58:29] [I] Average on 1 runs - GPU latency: 4.25586 ms - Host latency: 4.41064 ms (enqueue 2.84741 ms)
[10/04/2026-21:58:29] [I] Average on 1 runs - GPU latency: 4.25488 ms - Host latency: 4.40527 ms (enqueue 2.85889 ms)
[10/04/2026-21:58:29] [I] Average on 1 runs - GPU latency: 4.24829 ms - Host latency: 4.38623 ms (enqueue 2.84033 ms)
[10/04/2026-21:58:29] [I] Average on 1 runs - GPU latency: 4.25122 ms - Host latency: 4.40967 ms (enqueue 2.92065 ms)
[10/04/2026-21:58:29] [I] Average on 1 runs - GPU latency: 4.25293 ms - Host latency: 4.40015 ms (enqueue 2.90747 ms)
[10/04/2026-21:58:29] [I] Average on 1 runs - GPU latency: 4.25415 ms - Host latency: 4.42676 ms (enqueue 2.91162 ms)
[10/04/2026-21:58:29] [I] Average on 1 runs - GPU latency: 4.25415 ms - Host latency: 4.39404 ms (enqueue 2.94653 ms)
[10/04/2026-21:58:29] [I] Average on 1 runs - GPU latency: 4.25586 ms - Host latency: 4.39819 ms (enqueue 2.9104 ms)
[10/04/2026-21:58:29] [I] Average on 1 runs - GPU latency: 4.26172 ms - Host latency: 4.39966 ms (enqueue 2.89502 ms)
[10/04/2026-21:58:29] [I] Average on 1 runs - GPU latency: 4.25513 ms - Host latency: 4.39307 ms (enqueue 2.93945 ms)
[10/04/2026-21:58:29] [I] Average on 1 runs - GPU latency: 4.25806 ms - Host latency: 4.40039 ms (enqueue 2.7522 ms)
[10/04/2026-21:58:29] [I] Average on 1 runs - GPU latency: 4.25049 ms - Host latency: 4.39014 ms (enqueue 2.9729 ms)
[10/04/2026-21:58:29] [I] Average on 1 runs - GPU latency: 4.25244 ms - Host latency: 4.41699 ms (enqueue 3.05859 ms)
[10/04/2026-21:58:29] [I] Average on 1 runs - GPU latency: 4.24829 ms - Host latency: 4.39062 ms (enqueue 2.85547 ms)
[10/04/2026-21:58:29] [I] Average on 1 runs - GPU latency: 4.25977 ms - Host latency: 4.40771 ms (enqueue 3 ms)
[10/04/2026-21:58:29] [I] Average on 1 runs - GPU latency: 4.26904 ms - Host latency: 4.40454 ms (enqueue 2.82617 ms)
[10/04/2026-21:58:29] [I] Average on 1 runs - GPU latency: 4.25562 ms - Host latency: 4.39404 ms (enqueue 3.02271 ms)
[10/04/2026-21:58:29] [I] Average on 1 runs - GPU latency: 4.25903 ms - Host latency: 4.40186 ms (enqueue 2.84229 ms)
[10/04/2026-21:58:29] [I] Average on 1 runs - GPU latency: 4.25977 ms - Host latency: 4.43896 ms (enqueue 3.05933 ms)
[10/04/2026-21:58:29] [I] Average on 1 runs - GPU latency: 4.25122 ms - Host latency: 4.396 ms (enqueue 2.96265 ms)
[10/04/2026-21:58:29] [I] Average on 1 runs - GPU latency: 4.25513 ms - Host latency: 4.39941 ms (enqueue 2.92163 ms)
[10/04/2026-21:58:29] [I] Average on 1 runs - GPU latency: 4.26367 ms - Host latency: 4.40088 ms (enqueue 2.92285 ms)
[10/04/2026-21:58:29] [I] Average on 1 runs - GPU latency: 4.25317 ms - Host latency: 4.39014 ms (enqueue 2.45459 ms)
[10/04/2026-21:58:29] [I] Average on 1 runs - GPU latency: 4.25586 ms - Host latency: 4.39038 ms (enqueue 2.9646 ms)
[10/04/2026-21:58:29] [I] Average on 1 runs - GPU latency: 4.2605 ms - Host latency: 4.41748 ms (enqueue 2.97632 ms)
[10/04/2026-21:58:29] [I] Average on 1 runs - GPU latency: 4.24585 ms - Host latency: 4.38379 ms (enqueue 2.95654 ms)
[10/04/2026-21:58:29] [I] Average on 1 runs - GPU latency: 4.25 ms - Host latency: 4.38892 ms (enqueue 2.94775 ms)
[10/04/2026-21:58:29] [I] Average on 1 runs - GPU latency: 4.2583 ms - Host latency: 4.39966 ms (enqueue 2.9353 ms)
[10/04/2026-21:58:29] [I] Average on 1 runs - GPU latency: 4.25464 ms - Host latency: 4.39111 ms (enqueue 2.92188 ms)
[10/04/2026-21:58:29] [I] Average on 1 runs - GPU latency: 4.24805 ms - Host latency: 4.42798 ms (enqueue 2.86475 ms)
[10/04/2026-21:58:29] [I] Average on 1 runs - GPU latency: 4.25879 ms - Host latency: 4.39746 ms (enqueue 3.03906 ms)
[10/04/2026-21:58:29] [I] Average on 1 runs - GPU latency: 4.25781 ms - Host latency: 4.39819 ms (enqueue 2.85425 ms)
[10/04/2026-21:58:29] [I] Average on 1 runs - GPU latency: 4.24829 ms - Host latency: 4.3894 ms (enqueue 2.97046 ms)
[10/04/2026-21:58:29] [I] Average on 1 runs - GPU latency: 4.24585 ms - Host latency: 4.40259 ms (enqueue 2.85205 ms)
[10/04/2026-21:58:29] [I] Average on 1 runs - GPU latency: 4.25342 ms - Host latency: 4.41821 ms (enqueue 2.13208 ms)
[10/04/2026-21:58:29] [I] Average on 1 runs - GPU latency: 4.24707 ms - Host latency: 4.40918 ms (enqueue 3.01587 ms)
[10/04/2026-21:58:29] [I] Average on 1 runs - GPU latency: 4.25293 ms - Host latency: 4.40552 ms (enqueue 2.94727 ms)
[10/04/2026-21:58:29] [I] Average on 1 runs - GPU latency: 4.25146 ms - Host latency: 4.40332 ms (enqueue 2.96509 ms)
[10/04/2026-21:58:29] [I] Average on 1 runs - GPU latency: 4.24585 ms - Host latency: 4.38599 ms (enqueue 2.96558 ms)
[10/04/2026-21:58:29] [I] Average on 1 runs - GPU latency: 4.25366 ms - Host latency: 4.40698 ms (enqueue 2.91553 ms)
[10/04/2026-21:58:29] [I] Average on 1 runs - GPU latency: 4.25903 ms - Host latency: 4.38965 ms (enqueue 2.89795 ms)
[10/04/2026-21:58:29] [I] Average on 1 runs - GPU latency: 4.26929 ms - Host latency: 4.44336 ms (enqueue 2.93408 ms)
[10/04/2026-21:58:29] [I] Average on 1 runs - GPU latency: 4.26147 ms - Host latency: 4.40552 ms (enqueue 2.88208 ms)
[10/04/2026-21:58:29] [I] Average on 1 runs - GPU latency: 4.2644 ms - Host latency: 4.44336 ms (enqueue 3.07837 ms)
[10/04/2026-21:58:29] [I] Average on 1 runs - GPU latency: 4.26953 ms - Host latency: 4.42212 ms (enqueue 2.85474 ms)
[10/04/2026-21:58:29] [I] Average on 1 runs - GPU latency: 4.25659 ms - Host latency: 4.39526 ms (enqueue 2.61792 ms)
[10/04/2026-21:58:29] [I] Average on 1 runs - GPU latency: 4.26001 ms - Host latency: 4.39966 ms (enqueue 2.16162 ms)
[10/04/2026-21:58:29] [I] Average on 1 runs - GPU latency: 4.26318 ms - Host latency: 4.40576 ms (enqueue 2.53271 ms)
[10/04/2026-21:58:29] [I] Average on 1 runs - GPU latency: 4.2644 ms - Host latency: 4.41016 ms (enqueue 2.63989 ms)
[10/04/2026-21:58:29] [I] Average on 1 runs - GPU latency: 4.25732 ms - Host latency: 4.41968 ms (enqueue 2.83301 ms)
[10/04/2026-21:58:29] [I] Average on 1 runs - GPU latency: 4.25635 ms - Host latency: 4.39673 ms (enqueue 2.7063 ms)
[10/04/2026-21:58:29] [I] Average on 1 runs - GPU latency: 4.26147 ms - Host latency: 4.40698 ms (enqueue 2.64941 ms)
[10/04/2026-21:58:29] [I] Average on 1 runs - GPU latency: 4.26611 ms - Host latency: 4.40698 ms (enqueue 2.53906 ms)
[10/04/2026-21:58:29] [I] Average on 1 runs - GPU latency: 4.25684 ms - Host latency: 4.39746 ms (enqueue 2.42798 ms)
[10/04/2026-21:58:29] [I] Average on 1 runs - GPU latency: 4.25073 ms - Host latency: 4.39209 ms (enqueue 2.59473 ms)
[10/04/2026-21:58:29] [I] Average on 1 runs - GPU latency: 4.25146 ms - Host latency: 4.40332 ms (enqueue 2.92944 ms)
[10/04/2026-21:58:29] [I] Average on 1 runs - GPU latency: 4.25439 ms - Host latency: 4.3938 ms (enqueue 2.94971 ms)
[10/04/2026-21:58:29] [I] Average on 1 runs - GPU latency: 4.25317 ms - Host latency: 4.39111 ms (enqueue 2.78735 ms)
[10/04/2026-21:58:29] [I] Average on 1 runs - GPU latency: 4.25195 ms - Host latency: 4.38574 ms (enqueue 2.7876 ms)
[10/04/2026-21:58:29] [I] Average on 1 runs - GPU latency: 4.25244 ms - Host latency: 4.39355 ms (enqueue 2.9314 ms)
[10/04/2026-21:58:29] [I] Average on 1 runs - GPU latency: 4.25293 ms - Host latency: 4.44067 ms (enqueue 3.09961 ms)
[10/04/2026-21:58:29] [I] Average on 1 runs - GPU latency: 4.24854 ms - Host latency: 4.38916 ms (enqueue 2.83105 ms)
[10/04/2026-21:58:29] [I] Average on 1 runs - GPU latency: 4.25684 ms - Host latency: 4.40039 ms (enqueue 2.84619 ms)
[10/04/2026-21:58:29] [I] Average on 1 runs - GPU latency: 4.25757 ms - Host latency: 4.40356 ms (enqueue 3.00684 ms)
[10/04/2026-21:58:29] [I] Average on 1 runs - GPU latency: 4.25366 ms - Host latency: 4.39746 ms (enqueue 2.95068 ms)
[10/04/2026-21:58:29] [I] Average on 1 runs - GPU latency: 4.25562 ms - Host latency: 4.39307 ms (enqueue 2.9436 ms)
[10/04/2026-21:58:29] [I] Average on 1 runs - GPU latency: 4.24414 ms - Host latency: 4.37988 ms (enqueue 2.9314 ms)
[10/04/2026-21:58:29] [I] Average on 1 runs - GPU latency: 4.25488 ms - Host latency: 4.38867 ms (enqueue 2.9231 ms)
[10/04/2026-21:58:29] [I] Average on 1 runs - GPU latency: 4.25244 ms - Host latency: 4.39111 ms (enqueue 2.94531 ms)
[10/04/2026-21:58:29] [I] Average on 1 runs - GPU latency: 4.25366 ms - Host latency: 4.39136 ms (enqueue 2.48755 ms)
[10/04/2026-21:58:29] [I] Average on 1 runs - GPU latency: 4.25415 ms - Host latency: 4.39233 ms (enqueue 2.9314 ms)
[10/04/2026-21:58:29] [I] Average on 1 runs - GPU latency: 4.25195 ms - Host latency: 4.3999 ms (enqueue 2.93921 ms)
[10/04/2026-21:58:29] [I] Average on 1 runs - GPU latency: 4.25806 ms - Host latency: 4.40356 ms (enqueue 2.94727 ms)
[10/04/2026-21:58:29] [I] Average on 1 runs - GPU latency: 4.25146 ms - Host latency: 4.39429 ms (enqueue 2.91553 ms)
[10/04/2026-21:58:29] [I] Average on 1 runs - GPU latency: 4.25562 ms - Host latency: 4.39746 ms (enqueue 2.90283 ms)
[10/04/2026-21:58:29] [I] Average on 1 runs - GPU latency: 4.24805 ms - Host latency: 4.3855 ms (enqueue 2.93726 ms)
[10/04/2026-21:58:29] [I] Average on 1 runs - GPU latency: 4.25488 ms - Host latency: 4.39893 ms (enqueue 3.04175 ms)
[10/04/2026-21:58:29] [I] Average on 1 runs - GPU latency: 4.25854 ms - Host latency: 4.40063 ms (enqueue 2.86328 ms)
[10/04/2026-21:58:29] [I] Average on 1 runs - GPU latency: 4.24854 ms - Host latency: 4.38989 ms (enqueue 3.02051 ms)
[10/04/2026-21:58:29] [I] Average on 1 runs - GPU latency: 4.25269 ms - Host latency: 4.40259 ms (enqueue 2.8623 ms)
[10/04/2026-21:58:29] [I] Average on 1 runs - GPU latency: 4.25513 ms - Host latency: 4.39575 ms (enqueue 3.06909 ms)
[10/04/2026-21:58:29] [I] Average on 1 runs - GPU latency: 4.25073 ms - Host latency: 4.40259 ms (enqueue 2.28223 ms)
[10/04/2026-21:58:29] [I] Average on 1 runs - GPU latency: 4.25317 ms - Host latency: 4.43652 ms (enqueue 2.94702 ms)
[10/04/2026-21:58:29] [I] Average on 1 runs - GPU latency: 4.24756 ms - Host latency: 4.40454 ms (enqueue 2.91821 ms)
[10/04/2026-21:58:29] [I] Average on 1 runs - GPU latency: 4.25293 ms - Host latency: 4.39014 ms (enqueue 2.90479 ms)
[10/04/2026-21:58:29] [I] Average on 1 runs - GPU latency: 4.24756 ms - Host latency: 4.39038 ms (enqueue 2.89941 ms)
[10/04/2026-21:58:29] [I] Average on 1 runs - GPU latency: 4.25171 ms - Host latency: 4.39062 ms (enqueue 2.90918 ms)
[10/04/2026-21:58:29] [I] Average on 1 runs - GPU latency: 4.25098 ms - Host latency: 4.39526 ms (enqueue 2.87402 ms)
[10/04/2026-21:58:29] [I] Average on 1 runs - GPU latency: 4.26099 ms - Host latency: 4.39429 ms (enqueue 2.89941 ms)
[10/04/2026-21:58:29] [I] Average on 1 runs - GPU latency: 4.24854 ms - Host latency: 4.38843 ms (enqueue 2.87964 ms)
[10/04/2026-21:58:29] [I] Average on 1 runs - GPU latency: 4.24292 ms - Host latency: 4.38647 ms (enqueue 2.94775 ms)
[10/04/2026-21:58:29] [I] Average on 1 runs - GPU latency: 4.25122 ms - Host latency: 4.43799 ms (enqueue 2.94189 ms)
[10/04/2026-21:58:29] [I] Average on 1 runs - GPU latency: 4.25244 ms - Host latency: 4.40698 ms (enqueue 3.02222 ms)
[10/04/2026-21:58:29] [I] Average on 1 runs - GPU latency: 4.25 ms - Host latency: 4.38232 ms (enqueue 2.09009 ms)
[10/04/2026-21:58:29] [I] Average on 1 runs - GPU latency: 4.25415 ms - Host latency: 4.39062 ms (enqueue 2.86035 ms)
[10/04/2026-21:58:29] [I] Average on 1 runs - GPU latency: 4.25317 ms - Host latency: 4.39331 ms (enqueue 3.06104 ms)
[10/04/2026-21:58:29] [I] Average on 1 runs - GPU latency: 4.24951 ms - Host latency: 4.39429 ms (enqueue 2.9126 ms)
[10/04/2026-21:58:29] [I] Average on 1 runs - GPU latency: 4.24341 ms - Host latency: 4.39844 ms (enqueue 2.89624 ms)
[10/04/2026-21:58:29] [I] Average on 1 runs - GPU latency: 4.25464 ms - Host latency: 4.39355 ms (enqueue 2.88428 ms)
[10/04/2026-21:58:29] [I] Average on 1 runs - GPU latency: 4.25024 ms - Host latency: 4.39917 ms (enqueue 2.9248 ms)
[10/04/2026-21:58:29] [I] Average on 1 runs - GPU latency: 4.25635 ms - Host latency: 4.4165 ms (enqueue 2.94678 ms)
[10/04/2026-21:58:29] [I] Average on 1 runs - GPU latency: 4.24951 ms - Host latency: 4.39307 ms (enqueue 2.87378 ms)
[10/04/2026-21:58:29] [I] Average on 1 runs - GPU latency: 4.25171 ms - Host latency: 4.40063 ms (enqueue 2.95947 ms)
[10/04/2026-21:58:29] [I] Average on 1 runs - GPU latency: 4.26318 ms - Host latency: 4.41113 ms (enqueue 2.92285 ms)
[10/04/2026-21:58:29] [I] Average on 1 runs - GPU latency: 4.26221 ms - Host latency: 4.41968 ms (enqueue 2.98706 ms)
[10/04/2026-21:58:29] [I] Average on 1 runs - GPU latency: 4.24805 ms - Host latency: 4.38843 ms (enqueue 2.91382 ms)
[10/04/2026-21:58:29] [I] Average on 1 runs - GPU latency: 4.25024 ms - Host latency: 4.41089 ms (enqueue 3.10425 ms)
[10/04/2026-21:58:29] [I] Average on 1 runs - GPU latency: 4.24609 ms - Host latency: 4.41797 ms (enqueue 2.8479 ms)
[10/04/2026-21:58:29] [I] Average on 1 runs - GPU latency: 4.24878 ms - Host latency: 4.41772 ms (enqueue 3.00586 ms)
[10/04/2026-21:58:29] [I] Average on 1 runs - GPU latency: 4.25537 ms - Host latency: 4.41919 ms (enqueue 2.83081 ms)
[10/04/2026-21:58:29] [I] Average on 1 runs - GPU latency: 4.25195 ms - Host latency: 4.4021 ms (enqueue 2.87744 ms)
[10/04/2026-21:58:29] [I] Average on 1 runs - GPU latency: 4.25513 ms - Host latency: 4.39209 ms (enqueue 3.06201 ms)
[10/04/2026-21:58:29] [I] Average on 1 runs - GPU latency: 4.25293 ms - Host latency: 4.39307 ms (enqueue 2.92383 ms)
[10/04/2026-21:58:29] [I] Average on 1 runs - GPU latency: 4.25415 ms - Host latency: 4.39038 ms (enqueue 2.96997 ms)
[10/04/2026-21:58:29] [I] Average on 1 runs - GPU latency: 4.24902 ms - Host latency: 4.39136 ms (enqueue 3.06201 ms)
[10/04/2026-21:58:29] [I] Average on 1 runs - GPU latency: 4.24756 ms - Host latency: 4.38599 ms (enqueue 2.94458 ms)
[10/04/2026-21:58:29] [I] Average on 1 runs - GPU latency: 4.26025 ms - Host latency: 4.39478 ms (enqueue 2.97705 ms)
[10/04/2026-21:58:29] [I] Average on 1 runs - GPU latency: 4.25928 ms - Host latency: 4.4021 ms (enqueue 2.95068 ms)
[10/04/2026-21:58:29] [I] Average on 1 runs - GPU latency: 4.25928 ms - Host latency: 4.43384 ms (enqueue 3.00464 ms)
[10/04/2026-21:58:29] [I] Average on 1 runs - GPU latency: 4.25098 ms - Host latency: 4.39722 ms (enqueue 3.1084 ms)
[10/04/2026-21:58:29] [I] Average on 1 runs - GPU latency: 4.25244 ms - Host latency: 4.43359 ms (enqueue 2.93091 ms)
[10/04/2026-21:58:29] [I] Average on 1 runs - GPU latency: 4.24756 ms - Host latency: 4.41113 ms (enqueue 3.11377 ms)
[10/04/2026-21:58:29] [I] Average on 1 runs - GPU latency: 4.25269 ms - Host latency: 4.42261 ms (enqueue 2.8916 ms)
[10/04/2026-21:58:29] [I] Average on 1 runs - GPU latency: 4.25488 ms - Host latency: 4.41211 ms (enqueue 3.03052 ms)
[10/04/2026-21:58:29] [I] Average on 1 runs - GPU latency: 4.24512 ms - Host latency: 4.39429 ms (enqueue 2.95215 ms)
[10/04/2026-21:58:29] [I] Average on 1 runs - GPU latency: 4.25122 ms - Host latency: 4.39453 ms (enqueue 3.03784 ms)
[10/04/2026-21:58:29] [I] Average on 1 runs - GPU latency: 4.25635 ms - Host latency: 4.43018 ms (enqueue 2.83813 ms)
[10/04/2026-21:58:29] [I] Average on 1 runs - GPU latency: 4.25903 ms - Host latency: 4.40234 ms (enqueue 3.0625 ms)
[10/04/2026-21:58:29] [I] Average on 1 runs - GPU latency: 4.26074 ms - Host latency: 4.39941 ms (enqueue 2.25098 ms)
[10/04/2026-21:58:29] [I] Average on 1 runs - GPU latency: 4.25366 ms - Host latency: 4.39233 ms (enqueue 3.08081 ms)
[10/04/2026-21:58:29] [I] Average on 1 runs - GPU latency: 4.26318 ms - Host latency: 4.39966 ms (enqueue 2.9624 ms)
[10/04/2026-21:58:29] [I] Average on 1 runs - GPU latency: 4.25269 ms - Host latency: 4.3877 ms (enqueue 2.92456 ms)
[10/04/2026-21:58:29] [I] Average on 1 runs - GPU latency: 4.25659 ms - Host latency: 4.39404 ms (enqueue 2.89233 ms)
[10/04/2026-21:58:29] [I] Average on 1 runs - GPU latency: 4.25293 ms - Host latency: 4.39624 ms (enqueue 2.9043 ms)
[10/04/2026-21:58:29] [I] Average on 1 runs - GPU latency: 4.25146 ms - Host latency: 4.38843 ms (enqueue 2.91772 ms)
[10/04/2026-21:58:29] [I] Average on 1 runs - GPU latency: 4.24609 ms - Host latency: 4.39307 ms (enqueue 2.95679 ms)
[10/04/2026-21:58:29] [I] Average on 1 runs - GPU latency: 4.2478 ms - Host latency: 4.38525 ms (enqueue 2.95264 ms)
[10/04/2026-21:58:29] [I] Average on 1 runs - GPU latency: 4.25708 ms - Host latency: 4.3938 ms (enqueue 2.92456 ms)
[10/04/2026-21:58:29] [I] Average on 1 runs - GPU latency: 4.25977 ms - Host latency: 4.43384 ms (enqueue 2.84058 ms)
[10/04/2026-21:58:29] [I] Average on 1 runs - GPU latency: 4.25342 ms - Host latency: 4.3999 ms (enqueue 3.01758 ms)
[10/04/2026-21:58:29] [I] Average on 1 runs - GPU latency: 4.25293 ms - Host latency: 4.40674 ms (enqueue 2.91138 ms)
[10/04/2026-21:58:29] [I] Average on 1 runs - GPU latency: 4.25415 ms - Host latency: 4.3938 ms (enqueue 3.04321 ms)
[10/04/2026-21:58:29] [I] Average on 1 runs - GPU latency: 4.25513 ms - Host latency: 4.39648 ms (enqueue 2.85791 ms)
[10/04/2026-21:58:29] [I] Average on 1 runs - GPU latency: 4.25513 ms - Host latency: 4.39404 ms (enqueue 2.89673 ms)
[10/04/2026-21:58:29] [I] Average on 1 runs - GPU latency: 4.26196 ms - Host latency: 4.39868 ms (enqueue 2.98657 ms)
[10/04/2026-21:58:29] [I] Average on 1 runs - GPU latency: 4.25317 ms - Host latency: 4.39282 ms (enqueue 2.94873 ms)
[10/04/2026-21:58:29] [I] Average on 1 runs - GPU latency: 4.24829 ms - Host latency: 4.38989 ms (enqueue 3.10132 ms)
[10/04/2026-21:58:29] [I] Average on 1 runs - GPU latency: 4.25659 ms - Host latency: 4.39233 ms (enqueue 2.97217 ms)
[10/04/2026-21:58:29] [I] Average on 1 runs - GPU latency: 4.26001 ms - Host latency: 4.41699 ms (enqueue 3.01562 ms)
[10/04/2026-21:58:29] [I] Average on 1 runs - GPU latency: 4.25171 ms - Host latency: 4.38965 ms (enqueue 2.92065 ms)
[10/04/2026-21:58:29] [I] Average on 1 runs - GPU latency: 4.24609 ms - Host latency: 4.38428 ms (enqueue 3.01123 ms)
[10/04/2026-21:58:29] [I] Average on 1 runs - GPU latency: 4.25781 ms - Host latency: 4.40088 ms (enqueue 3.07983 ms)
[10/04/2026-21:58:29] [I] Average on 1 runs - GPU latency: 4.24976 ms - Host latency: 4.38867 ms (enqueue 2.97266 ms)
[10/04/2026-21:58:29] [I] Average on 1 runs - GPU latency: 4.25537 ms - Host latency: 4.38037 ms (enqueue 2.93384 ms)
[10/04/2026-21:58:29] [I] Average on 1 runs - GPU latency: 4.25586 ms - Host latency: 4.41211 ms (enqueue 3.02856 ms)
[10/04/2026-21:58:29] [I] Average on 1 runs - GPU latency: 4.24731 ms - Host latency: 4.38843 ms (enqueue 2.89648 ms)
[10/04/2026-21:58:29] [I] Average on 1 runs - GPU latency: 4.25635 ms - Host latency: 4.42139 ms (enqueue 2.94873 ms)
[10/04/2026-21:58:29] [I] Average on 1 runs - GPU latency: 4.25903 ms - Host latency: 4.40601 ms (enqueue 2.86353 ms)
[10/04/2026-21:58:29] [I] Average on 1 runs - GPU latency: 4.25464 ms - Host latency: 4.40405 ms (enqueue 3.09741 ms)
[10/04/2026-21:58:29] [I] Average on 1 runs - GPU latency: 4.25977 ms - Host latency: 4.40894 ms (enqueue 2.89526 ms)
[10/04/2026-21:58:29] [I] Average on 1 runs - GPU latency: 4.24634 ms - Host latency: 4.38281 ms (enqueue 3.05542 ms)
[10/04/2026-21:58:29] [I] Average on 1 runs - GPU latency: 4.25708 ms - Host latency: 4.39795 ms (enqueue 2.91821 ms)
[10/04/2026-21:58:29] [I] Average on 1 runs - GPU latency: 4.26245 ms - Host latency: 4.40527 ms (enqueue 3.03149 ms)
[10/04/2026-21:58:29] [I] Average on 1 runs - GPU latency: 4.25269 ms - Host latency: 4.39526 ms (enqueue 2.67212 ms)
[10/04/2026-21:58:29] [I] Average on 1 runs - GPU latency: 4.25684 ms - Host latency: 4.40649 ms (enqueue 2.95679 ms)
[10/04/2026-21:58:29] [I] Average on 1 runs - GPU latency: 4.25098 ms - Host latency: 4.38867 ms (enqueue 2.9231 ms)
[10/04/2026-21:58:29] [I] ... Omitting 3124 lines
[10/04/2026-21:58:29] [I] Average on 1 runs - GPU latency: 4.25781 ms - Host latency: 4.4375 ms (enqueue 2.99219 ms)
[10/04/2026-21:58:29] [I] Average on 1 runs - GPU latency: 4.25586 ms - Host latency: 4.39648 ms (enqueue 3.20117 ms)
[10/04/2026-21:58:29] [I] Average on 1 runs - GPU latency: 4.25 ms - Host latency: 4.38867 ms (enqueue 3.00781 ms)
[10/04/2026-21:58:29] [I] Average on 1 runs - GPU latency: 4.25586 ms - Host latency: 4.4082 ms (enqueue 2.99805 ms)
[10/04/2026-21:58:29] [I] Average on 1 runs - GPU latency: 4.25781 ms - Host latency: 4.39844 ms (enqueue 3.07031 ms)
[10/04/2026-21:58:29] [I] Average on 1 runs - GPU latency: 4.25586 ms - Host latency: 4.4043 ms (enqueue 3.05469 ms)
[10/04/2026-21:58:29] [I] Average on 1 runs - GPU latency: 4.25195 ms - Host latency: 4.38477 ms (enqueue 3.05078 ms)
[10/04/2026-21:58:29] [I] Average on 1 runs - GPU latency: 4.25195 ms - Host latency: 4.39258 ms (enqueue 3.0625 ms)
[10/04/2026-21:58:29] [I] Average on 1 runs - GPU latency: 4.26953 ms - Host latency: 4.4043 ms (enqueue 3.07617 ms)
[10/04/2026-21:58:29] [I] Average on 1 runs - GPU latency: 4.26758 ms - Host latency: 4.42383 ms (enqueue 3.07031 ms)
[10/04/2026-21:58:29] [I] Average on 1 runs - GPU latency: 4.26562 ms - Host latency: 4.40234 ms (enqueue 3.12109 ms)
[10/04/2026-21:58:29] [I] Average on 1 runs - GPU latency: 4.25781 ms - Host latency: 4.42773 ms (enqueue 3.05859 ms)
[10/04/2026-21:58:29] [I] Average on 1 runs - GPU latency: 4.25586 ms - Host latency: 4.40234 ms (enqueue 3.08984 ms)
[10/04/2026-21:58:29] [I] Average on 1 runs - GPU latency: 4.26758 ms - Host latency: 4.41406 ms (enqueue 3.05664 ms)
[10/04/2026-21:58:29] [I] Average on 1 runs - GPU latency: 4.26367 ms - Host latency: 4.40234 ms (enqueue 3.04102 ms)
[10/04/2026-21:58:29] [I] Average on 1 runs - GPU latency: 4.25586 ms - Host latency: 4.39844 ms (enqueue 3.07812 ms)
[10/04/2026-21:58:29] [I] Average on 1 runs - GPU latency: 4.25781 ms - Host latency: 4.40625 ms (enqueue 3.22656 ms)
[10/04/2026-21:58:29] [I] Average on 1 runs - GPU latency: 4.26172 ms - Host latency: 4.39844 ms (enqueue 3 ms)
[10/04/2026-21:58:29] [I] Average on 1 runs - GPU latency: 4.25977 ms - Host latency: 4.39844 ms (enqueue 3.01562 ms)
[10/04/2026-21:58:29] [I] Average on 1 runs - GPU latency: 4.26367 ms - Host latency: 4.41797 ms (enqueue 3.00977 ms)
[10/04/2026-21:58:29] [I] Average on 1 runs - GPU latency: 4.25391 ms - Host latency: 4.39062 ms (enqueue 3.06445 ms)
[10/04/2026-21:58:29] [I] Average on 1 runs - GPU latency: 4.25977 ms - Host latency: 4.41406 ms (enqueue 3.09375 ms)
[10/04/2026-21:58:29] [I] Average on 1 runs - GPU latency: 4.25977 ms - Host latency: 4.4043 ms (enqueue 3.08789 ms)
[10/04/2026-21:58:29] [I] Average on 1 runs - GPU latency: 4.26367 ms - Host latency: 4.40234 ms (enqueue 3.11328 ms)
[10/04/2026-21:58:29] [I] Average on 1 runs - GPU latency: 4.26953 ms - Host latency: 4.41211 ms (enqueue 3.08008 ms)
[10/04/2026-21:58:29] [I] Average on 1 runs - GPU latency: 4.26172 ms - Host latency: 4.39844 ms (enqueue 3.06445 ms)
[10/04/2026-21:58:29] [I] Average on 1 runs - GPU latency: 4.25977 ms - Host latency: 4.39453 ms (enqueue 3.05469 ms)
[10/04/2026-21:58:29] [I] Average on 1 runs - GPU latency: 4.26172 ms - Host latency: 4.4043 ms (enqueue 3.09766 ms)
[10/04/2026-21:58:29] [I] Average on 1 runs - GPU latency: 4.26172 ms - Host latency: 4.4043 ms (enqueue 3.06836 ms)
[10/04/2026-21:58:29] [I] Average on 1 runs - GPU latency: 4.25586 ms - Host latency: 4.39844 ms (enqueue 3.04688 ms)
[10/04/2026-21:58:29] [I] Average on 1 runs - GPU latency: 4.25586 ms - Host latency: 4.39062 ms (enqueue 3.06836 ms)
[10/04/2026-21:58:29] [I] Average on 1 runs - GPU latency: 4.26562 ms - Host latency: 4.40625 ms (enqueue 3.21484 ms)
[10/04/2026-21:58:29] [I] Average on 1 runs - GPU latency: 4.24805 ms - Host latency: 4.38672 ms (enqueue 3.01367 ms)
[10/04/2026-21:58:29] [I] Average on 1 runs - GPU latency: 4.25977 ms - Host latency: 4.39844 ms (enqueue 3.00391 ms)
[10/04/2026-21:58:29] [I] Average on 1 runs - GPU latency: 4.25391 ms - Host latency: 4.39258 ms (enqueue 2.99219 ms)
[10/04/2026-21:58:29] [I] Average on 1 runs - GPU latency: 4.26172 ms - Host latency: 4.41797 ms (enqueue 3.06055 ms)
[10/04/2026-21:58:29] [I] Average on 1 runs - GPU latency: 4.25391 ms - Host latency: 4.39453 ms (enqueue 3.10547 ms)
[10/04/2026-21:58:29] [I] Average on 1 runs - GPU latency: 4.25977 ms - Host latency: 4.4082 ms (enqueue 3.0625 ms)
[10/04/2026-21:58:29] [I] Average on 1 runs - GPU latency: 4.25977 ms - Host latency: 4.39844 ms (enqueue 3.10547 ms)
[10/04/2026-21:58:29] [I] Average on 1 runs - GPU latency: 4.26172 ms - Host latency: 4.39453 ms (enqueue 3.06836 ms)
[10/04/2026-21:58:29] [I] Average on 1 runs - GPU latency: 4.26562 ms - Host latency: 4.4082 ms (enqueue 3.07617 ms)
[10/04/2026-21:58:29] [I] Average on 1 runs - GPU latency: 4.26367 ms - Host latency: 4.40234 ms (enqueue 3.06055 ms)
[10/04/2026-21:58:29] [I] Average on 1 runs - GPU latency: 4.26172 ms - Host latency: 4.39453 ms (enqueue 3.07031 ms)
[10/04/2026-21:58:29] [I] Average on 1 runs - GPU latency: 4.25391 ms - Host latency: 4.39844 ms (enqueue 3.04688 ms)
[10/04/2026-21:58:29] [I] Average on 1 runs - GPU latency: 4.25586 ms - Host latency: 4.39648 ms (enqueue 3.07422 ms)
[10/04/2026-21:58:29] [I] Average on 1 runs - GPU latency: 4.25 ms - Host latency: 4.38672 ms (enqueue 3.0957 ms)
[10/04/2026-21:58:29] [I] Average on 1 runs - GPU latency: 4.25195 ms - Host latency: 4.40039 ms (enqueue 3.00195 ms)
[10/04/2026-21:58:29] [I] Average on 1 runs - GPU latency: 4.26172 ms - Host latency: 4.41992 ms (enqueue 3.21875 ms)
[10/04/2026-21:58:29] [I] Average on 1 runs - GPU latency: 4.26562 ms - Host latency: 4.4043 ms (enqueue 3.03711 ms)
[10/04/2026-21:58:29] [I] Average on 1 runs - GPU latency: 4.25586 ms - Host latency: 4.39062 ms (enqueue 3.00586 ms)
[10/04/2026-21:58:29] [I] Average on 1 runs - GPU latency: 4.25977 ms - Host latency: 4.41992 ms (enqueue 3.11133 ms)
[10/04/2026-21:58:29] [I] Average on 1 runs - GPU latency: 4.26367 ms - Host latency: 4.40039 ms (enqueue 3.08203 ms)
[10/04/2026-21:58:29] [I] Average on 1 runs - GPU latency: 4.25586 ms - Host latency: 4.39258 ms (enqueue 3.04102 ms)
[10/04/2026-21:58:29] [I] Average on 1 runs - GPU latency: 4.25586 ms - Host latency: 4.39453 ms (enqueue 3.07227 ms)
[10/04/2026-21:58:29] [I] Average on 1 runs - GPU latency: 4.25781 ms - Host latency: 4.4082 ms (enqueue 3.11133 ms)
[10/04/2026-21:58:29] [I] Average on 1 runs - GPU latency: 4.25391 ms - Host latency: 4.39453 ms (enqueue 3.05273 ms)
[10/04/2026-21:58:29] [I] Average on 1 runs - GPU latency: 4.26367 ms - Host latency: 4.40625 ms (enqueue 3.06836 ms)
[10/04/2026-21:58:29] [I] Average on 1 runs - GPU latency: 4.25 ms - Host latency: 4.39258 ms (enqueue 3.04688 ms)
[10/04/2026-21:58:29] [I] Average on 1 runs - GPU latency: 4.26172 ms - Host latency: 4.40039 ms (enqueue 3.07812 ms)
[10/04/2026-21:58:29] [I] Average on 1 runs - GPU latency: 4.25586 ms - Host latency: 4.40039 ms (enqueue 3.07617 ms)
[10/04/2026-21:58:29] [I] Average on 1 runs - GPU latency: 4.25 ms - Host latency: 4.40625 ms (enqueue 3.09375 ms)
[10/04/2026-21:58:29] [I] Average on 1 runs - GPU latency: 4.25391 ms - Host latency: 4.39453 ms (enqueue 3.08203 ms)
[10/04/2026-21:58:29] [I] Average on 1 runs - GPU latency: 4.25195 ms - Host latency: 4.39844 ms (enqueue 3.01758 ms)
[10/04/2026-21:58:29] [I] Average on 1 runs - GPU latency: 4.25586 ms - Host latency: 4.39258 ms (enqueue 3.03711 ms)
[10/04/2026-21:58:29] [I] Average on 1 runs - GPU latency: 4.25586 ms - Host latency: 4.39453 ms (enqueue 3.00781 ms)
[10/04/2026-21:58:29] [I] Average on 1 runs - GPU latency: 4.25781 ms - Host latency: 4.39844 ms (enqueue 3.01172 ms)
[10/04/2026-21:58:29] [I] Average on 1 runs - GPU latency: 4.25586 ms - Host latency: 4.39453 ms (enqueue 3.08594 ms)
[10/04/2026-21:58:29] [I] Average on 1 runs - GPU latency: 4.25586 ms - Host latency: 4.40039 ms (enqueue 3.07422 ms)
[10/04/2026-21:58:29] [I] Average on 1 runs - GPU latency: 4.25781 ms - Host latency: 4.39453 ms (enqueue 3.0957 ms)
[10/04/2026-21:58:29] [I] Average on 1 runs - GPU latency: 4.25195 ms - Host latency: 4.39844 ms (enqueue 3.125 ms)
[10/04/2026-21:58:29] [I] Average on 1 runs - GPU latency: 4.25586 ms - Host latency: 4.40039 ms (enqueue 3.07227 ms)
[10/04/2026-21:58:29] [I] Average on 1 runs - GPU latency: 4.25586 ms - Host latency: 4.39648 ms (enqueue 3.05859 ms)
[10/04/2026-21:58:29] [I] Average on 1 runs - GPU latency: 4.25781 ms - Host latency: 4.4082 ms (enqueue 3.07227 ms)
[10/04/2026-21:58:29] [I] Average on 1 runs - GPU latency: 4.25586 ms - Host latency: 4.39844 ms (enqueue 3.08984 ms)
[10/04/2026-21:58:29] [I] Average on 1 runs - GPU latency: 4.25391 ms - Host latency: 4.39258 ms (enqueue 3.06641 ms)
[10/04/2026-21:58:29] [I] Average on 1 runs - GPU latency: 4.26172 ms - Host latency: 4.39648 ms (enqueue 3.05469 ms)
[10/04/2026-21:58:29] [I] Average on 1 runs - GPU latency: 4.26172 ms - Host latency: 4.40234 ms (enqueue 3.11328 ms)
[10/04/2026-21:58:29] [I] Average on 1 runs - GPU latency: 4.25977 ms - Host latency: 4.40625 ms (enqueue 3.0332 ms)
[10/04/2026-21:58:29] [I] Average on 1 runs - GPU latency: 4.25586 ms - Host latency: 4.41406 ms (enqueue 3.01562 ms)
[10/04/2026-21:58:29] [I] Average on 1 runs - GPU latency: 4.25391 ms - Host latency: 4.39453 ms (enqueue 3.01172 ms)
[10/04/2026-21:58:29] [I] Average on 1 runs - GPU latency: 4.25195 ms - Host latency: 4.4043 ms (enqueue 3.01758 ms)
[10/04/2026-21:58:29] [I] Average on 1 runs - GPU latency: 4.25195 ms - Host latency: 4.42188 ms (enqueue 3.04688 ms)
[10/04/2026-21:58:29] [I] Average on 1 runs - GPU latency: 4.25977 ms - Host latency: 4.41602 ms (enqueue 3.08398 ms)
[10/04/2026-21:58:29] [I] Average on 1 runs - GPU latency: 4.24414 ms - Host latency: 4.38672 ms (enqueue 3.05469 ms)
[10/04/2026-21:58:29] [I] Average on 1 runs - GPU latency: 4.25781 ms - Host latency: 4.40039 ms (enqueue 3.09961 ms)
[10/04/2026-21:58:29] [I] Average on 1 runs - GPU latency: 4.24609 ms - Host latency: 4.38281 ms (enqueue 3.07422 ms)
[10/04/2026-21:58:29] [I] Average on 1 runs - GPU latency: 4.24609 ms - Host latency: 4.38672 ms (enqueue 3.07422 ms)
[10/04/2026-21:58:29] [I] Average on 1 runs - GPU latency: 4.25 ms - Host latency: 4.38477 ms (enqueue 3.08203 ms)
[10/04/2026-21:58:29] [I] Average on 1 runs - GPU latency: 4.26172 ms - Host latency: 4.41016 ms (enqueue 3.03711 ms)
[10/04/2026-21:58:29] [I] Average on 1 runs - GPU latency: 4.26562 ms - Host latency: 4.40234 ms (enqueue 3.12305 ms)
[10/04/2026-21:58:29] [I] Average on 1 runs - GPU latency: 4.25586 ms - Host latency: 4.40039 ms (enqueue 3.09375 ms)
[10/04/2026-21:58:29] [I] Average on 1 runs - GPU latency: 4.25391 ms - Host latency: 4.39844 ms (enqueue 3.05078 ms)
[10/04/2026-21:58:29] [I] Average on 1 runs - GPU latency: 4.26172 ms - Host latency: 4.42188 ms (enqueue 3.04297 ms)
[10/04/2026-21:58:29] [I] Average on 1 runs - GPU latency: 4.26758 ms - Host latency: 4.41016 ms (enqueue 3.01953 ms)
[10/04/2026-21:58:29] [I] Average on 1 runs - GPU latency: 4.25781 ms - Host latency: 4.40234 ms (enqueue 3.00391 ms)
[10/04/2026-21:58:29] [I] Average on 1 runs - GPU latency: 4.25391 ms - Host latency: 4.39844 ms (enqueue 3.01367 ms)
[10/04/2026-21:58:29] [I] Average on 1 runs - GPU latency: 4.25781 ms - Host latency: 4.43164 ms (enqueue 3.0293 ms)
[10/04/2026-21:58:29] [I] Average on 1 runs - GPU latency: 4.24609 ms - Host latency: 4.39258 ms (enqueue 3.03125 ms)
[10/04/2026-21:58:29] [I] Average on 1 runs - GPU latency: 4.25586 ms - Host latency: 4.41992 ms (enqueue 3.04688 ms)
[10/04/2026-21:58:29] [I] Average on 1 runs - GPU latency: 4.25781 ms - Host latency: 4.41797 ms (enqueue 3.10156 ms)
[10/04/2026-21:58:29] [I] Average on 1 runs - GPU latency: 4.25586 ms - Host latency: 4.39648 ms (enqueue 3.04688 ms)
[10/04/2026-21:58:29] [I] Average on 1 runs - GPU latency: 4.25977 ms - Host latency: 4.39648 ms (enqueue 3.08789 ms)
[10/04/2026-21:58:29] [I] Average on 1 runs - GPU latency: 4.25977 ms - Host latency: 4.40625 ms (enqueue 3.14648 ms)
[10/04/2026-21:58:29] [I] Average on 1 runs - GPU latency: 4.25586 ms - Host latency: 4.39258 ms (enqueue 3.06641 ms)
[10/04/2026-21:58:29] [I] Average on 1 runs - GPU latency: 4.25391 ms - Host latency: 4.39062 ms (enqueue 3.06641 ms)
[10/04/2026-21:58:29] [I] Average on 1 runs - GPU latency: 4.25195 ms - Host latency: 4.39258 ms (enqueue 3.04297 ms)
[10/04/2026-21:58:29] [I] Average on 1 runs - GPU latency: 4.25195 ms - Host latency: 4.39258 ms (enqueue 3.07227 ms)
[10/04/2026-21:58:29] [I] Average on 1 runs - GPU latency: 4.25781 ms - Host latency: 4.39258 ms (enqueue 3.08008 ms)
[10/04/2026-21:58:29] [I] Average on 1 runs - GPU latency: 4.26172 ms - Host latency: 4.40039 ms (enqueue 3.20898 ms)
[10/04/2026-21:58:29] [I] Average on 1 runs - GPU latency: 4.25 ms - Host latency: 4.39062 ms (enqueue 2.99414 ms)
[10/04/2026-21:58:29] [I] Average on 1 runs - GPU latency: 4.25391 ms - Host latency: 4.39648 ms (enqueue 3.01953 ms)
[10/04/2026-21:58:29] [I] Average on 1 runs - GPU latency: 4.24414 ms - Host latency: 4.38672 ms (enqueue 3.01172 ms)
[10/04/2026-21:58:29] [I] Average on 1 runs - GPU latency: 4.23828 ms - Host latency: 4.375 ms (enqueue 3.08398 ms)
[10/04/2026-21:58:29] [I] Average on 1 runs - GPU latency: 4.25 ms - Host latency: 4.36328 ms (enqueue 3.11133 ms)
[10/04/2026-21:58:29] [I] Average on 1 runs - GPU latency: 4.25391 ms - Host latency: 4.39844 ms (enqueue 3.07812 ms)
[10/04/2026-21:58:29] [I] Average on 1 runs - GPU latency: 4.25977 ms - Host latency: 4.41406 ms (enqueue 3.10938 ms)
[10/04/2026-21:58:29] [I] Average on 1 runs - GPU latency: 4.25977 ms - Host latency: 4.4043 ms (enqueue 3.0625 ms)
[10/04/2026-21:58:29] [I] Average on 1 runs - GPU latency: 4.25195 ms - Host latency: 4.40039 ms (enqueue 3.10742 ms)
[10/04/2026-21:58:29] [I] Average on 1 runs - GPU latency: 4.25977 ms - Host latency: 4.42773 ms (enqueue 3.07227 ms)
[10/04/2026-21:58:29] [I] Average on 1 runs - GPU latency: 4.25977 ms - Host latency: 4.39844 ms (enqueue 3.10352 ms)
[10/04/2026-21:58:29] [I] Average on 1 runs - GPU latency: 4.25 ms - Host latency: 4.39648 ms (enqueue 3.05859 ms)
[10/04/2026-21:58:29] [I] Average on 1 runs - GPU latency: 4.25195 ms - Host latency: 4.4043 ms (enqueue 3.08594 ms)
[10/04/2026-21:58:29] [I] Average on 1 runs - GPU latency: 4.25586 ms - Host latency: 4.39844 ms (enqueue 3.05078 ms)
[10/04/2026-21:58:29] [I] Average on 1 runs - GPU latency: 4.25586 ms - Host latency: 4.40234 ms (enqueue 3.05078 ms)
[10/04/2026-21:58:29] [I] Average on 1 runs - GPU latency: 4.24805 ms - Host latency: 4.39258 ms (enqueue 3.01758 ms)
[10/04/2026-21:58:29] [I] Average on 1 runs - GPU latency: 4.25195 ms - Host latency: 4.40625 ms (enqueue 3.02539 ms)
[10/04/2026-21:58:29] [I] Average on 1 runs - GPU latency: 4.26172 ms - Host latency: 4.40039 ms (enqueue 3.00977 ms)
[10/04/2026-21:58:29] [I] Average on 1 runs - GPU latency: 4.24414 ms - Host latency: 4.37891 ms (enqueue 2.99805 ms)
[10/04/2026-21:58:29] [I] Average on 1 runs - GPU latency: 4.25586 ms - Host latency: 4.43164 ms (enqueue 3.10352 ms)
[10/04/2026-21:58:29] [I] Average on 1 runs - GPU latency: 4.24805 ms - Host latency: 4.38672 ms (enqueue 3.04102 ms)
[10/04/2026-21:58:29] [I] Average on 1 runs - GPU latency: 4.25195 ms - Host latency: 4.40039 ms (enqueue 3.08008 ms)
[10/04/2026-21:58:29] [I] Average on 1 runs - GPU latency: 4.25195 ms - Host latency: 4.40039 ms (enqueue 3.08789 ms)
[10/04/2026-21:58:29] [I] Average on 1 runs - GPU latency: 4.25 ms - Host latency: 4.38477 ms (enqueue 3.08984 ms)
[10/04/2026-21:58:29] [I] Average on 1 runs - GPU latency: 4.25977 ms - Host latency: 4.42188 ms (enqueue 3.05078 ms)
[10/04/2026-21:58:29] [I] Average on 1 runs - GPU latency: 4.26562 ms - Host latency: 4.42383 ms (enqueue 3.08984 ms)
[10/04/2026-21:58:29] [I] Average on 1 runs - GPU latency: 4.25391 ms - Host latency: 4.39648 ms (enqueue 3.09961 ms)
[10/04/2026-21:58:29] [I] Average on 1 runs - GPU latency: 4.26172 ms - Host latency: 4.4043 ms (enqueue 3.10352 ms)
[10/04/2026-21:58:29] [I] Average on 1 runs - GPU latency: 4.25586 ms - Host latency: 4.39844 ms (enqueue 3.06445 ms)
[10/04/2026-21:58:29] [I] Average on 1 runs - GPU latency: 4.27148 ms - Host latency: 4.40625 ms (enqueue 3.08594 ms)
[10/04/2026-21:58:29] [I] Average on 1 runs - GPU latency: 4.26562 ms - Host latency: 4.43164 ms (enqueue 3.01172 ms)
[10/04/2026-21:58:29] [I] Average on 1 runs - GPU latency: 4.25586 ms - Host latency: 4.4082 ms (enqueue 3.01953 ms)
[10/04/2026-21:58:29] [I] Average on 1 runs - GPU latency: 4.25391 ms - Host latency: 4.41602 ms (enqueue 3.00977 ms)
[10/04/2026-21:58:29] [I] Average on 1 runs - GPU latency: 4.26172 ms - Host latency: 4.41797 ms (enqueue 3 ms)
[10/04/2026-21:58:29] [I] Average on 1 runs - GPU latency: 4.25781 ms - Host latency: 4.41602 ms (enqueue 3.23438 ms)
[10/04/2026-21:58:29] [I] Average on 1 runs - GPU latency: 4.26367 ms - Host latency: 4.40039 ms (enqueue 3.03906 ms)
[10/04/2026-21:58:29] [I] Average on 1 runs - GPU latency: 4.26172 ms - Host latency: 4.39844 ms (enqueue 3.04688 ms)
[10/04/2026-21:58:29] [I] Average on 1 runs - GPU latency: 4.27344 ms - Host latency: 4.42969 ms (enqueue 3.07617 ms)
[10/04/2026-21:58:29] [I] Average on 1 runs - GPU latency: 4.25586 ms - Host latency: 4.40625 ms (enqueue 3.12305 ms)
[10/04/2026-21:58:29] [I] Average on 1 runs - GPU latency: 4.26172 ms - Host latency: 4.42383 ms (enqueue 3.11328 ms)
[10/04/2026-21:58:29] [I] Average on 1 runs - GPU latency: 4.25391 ms - Host latency: 4.40234 ms (enqueue 3.06445 ms)
[10/04/2026-21:58:29] [I] Average on 1 runs - GPU latency: 4.24609 ms - Host latency: 4.38086 ms (enqueue 3.07812 ms)
[10/04/2026-21:58:29] [I] Average on 1 runs - GPU latency: 4.25977 ms - Host latency: 4.43164 ms (enqueue 3.10742 ms)
[10/04/2026-21:58:29] [I] Average on 1 runs - GPU latency: 4.26367 ms - Host latency: 4.4043 ms (enqueue 3.10742 ms)
[10/04/2026-21:58:29] [I] Average on 1 runs - GPU latency: 4.26367 ms - Host latency: 4.40234 ms (enqueue 3.07812 ms)
[10/04/2026-21:58:29] [I] Average on 1 runs - GPU latency: 4.26367 ms - Host latency: 4.47266 ms (enqueue 3.01172 ms)
[10/04/2026-21:58:29] [I] Average on 1 runs - GPU latency: 4.25 ms - Host latency: 4.38867 ms (enqueue 3.00781 ms)
[10/04/2026-21:58:29] [I] Average on 1 runs - GPU latency: 4.25977 ms - Host latency: 4.41602 ms (enqueue 3.01953 ms)
[10/04/2026-21:58:29] [I] Average on 1 runs - GPU latency: 4.26172 ms - Host latency: 4.40625 ms (enqueue 3.01172 ms)
[10/04/2026-21:58:29] [I] Average on 1 runs - GPU latency: 4.25195 ms - Host latency: 4.39062 ms (enqueue 3.09766 ms)
[10/04/2026-21:58:29] [I] Average on 1 runs - GPU latency: 4.25195 ms - Host latency: 4.41211 ms (enqueue 3.11133 ms)
[10/04/2026-21:58:29] [I] Average on 1 runs - GPU latency: 4.25391 ms - Host latency: 4.39453 ms (enqueue 3.07227 ms)
[10/04/2026-21:58:29] [I] Average on 1 runs - GPU latency: 4.24609 ms - Host latency: 4.4082 ms (enqueue 3.06445 ms)
[10/04/2026-21:58:29] [I] Average on 1 runs - GPU latency: 4.25586 ms - Host latency: 4.42773 ms (enqueue 3.07422 ms)
[10/04/2026-21:58:29] [I] Average on 1 runs - GPU latency: 4.25977 ms - Host latency: 4.4043 ms (enqueue 3.0293 ms)
[10/04/2026-21:58:29] [I] Average on 1 runs - GPU latency: 4.25781 ms - Host latency: 4.39648 ms (enqueue 3.12109 ms)
[10/04/2026-21:58:29] [I] Average on 1 runs - GPU latency: 4.25195 ms - Host latency: 4.39258 ms (enqueue 3.0918 ms)
[10/04/2026-21:58:29] [I] Average on 1 runs - GPU latency: 4.25586 ms - Host latency: 4.39648 ms (enqueue 3.05859 ms)
[10/04/2026-21:58:29] [I] Average on 1 runs - GPU latency: 4.25 ms - Host latency: 4.39844 ms (enqueue 3.07422 ms)
[10/04/2026-21:58:29] [I] Average on 1 runs - GPU latency: 4.26172 ms - Host latency: 4.40039 ms (enqueue 3.08789 ms)
[10/04/2026-21:58:29] [I] Average on 1 runs - GPU latency: 4.25 ms - Host latency: 4.39844 ms (enqueue 3.05859 ms)
[10/04/2026-21:58:29] [I] Average on 1 runs - GPU latency: 4.25781 ms - Host latency: 4.41602 ms (enqueue 3.02734 ms)
[10/04/2026-21:58:29] [I] Average on 1 runs - GPU latency: 4.24609 ms - Host latency: 4.38672 ms (enqueue 3.00195 ms)
[10/04/2026-21:58:29] [I] Average on 1 runs - GPU latency: 4.24805 ms - Host latency: 4.41211 ms (enqueue 3.00195 ms)
[10/04/2026-21:58:29] [I] Average on 1 runs - GPU latency: 4.24805 ms - Host latency: 4.39844 ms (enqueue 2.99609 ms)
[10/04/2026-21:58:29] [I] Average on 1 runs - GPU latency: 4.26172 ms - Host latency: 4.43164 ms (enqueue 3.08008 ms)
[10/04/2026-21:58:29] [I] Average on 1 runs - GPU latency: 4.25781 ms - Host latency: 4.40234 ms (enqueue 3.10742 ms)
[10/04/2026-21:58:29] [I] Average on 1 runs - GPU latency: 4.26172 ms - Host latency: 4.41211 ms (enqueue 3.04688 ms)
[10/04/2026-21:58:29] [I] Average on 1 runs - GPU latency: 4.25195 ms - Host latency: 4.39648 ms (enqueue 3.05273 ms)
[10/04/2026-21:58:29] [I] Average on 1 runs - GPU latency: 4.24805 ms - Host latency: 4.38867 ms (enqueue 3.05469 ms)
[10/04/2026-21:58:29] [I] Average on 1 runs - GPU latency: 4.24219 ms - Host latency: 4.39062 ms (enqueue 3.11914 ms)
[10/04/2026-21:58:29] [I] Average on 1 runs - GPU latency: 4.25 ms - Host latency: 4.38867 ms (enqueue 3.04688 ms)
[10/04/2026-21:58:29] [I] Average on 1 runs - GPU latency: 4.24219 ms - Host latency: 4.40039 ms (enqueue 3.14648 ms)
[10/04/2026-21:58:29] [I] Average on 1 runs - GPU latency: 4.25977 ms - Host latency: 4.41797 ms (enqueue 3.08789 ms)
[10/04/2026-21:58:29] [I] Average on 1 runs - GPU latency: 4.25586 ms - Host latency: 4.39258 ms (enqueue 3.04492 ms)
[10/04/2026-21:58:29] [I] Average on 1 runs - GPU latency: 4.25391 ms - Host latency: 4.39258 ms (enqueue 3.0332 ms)
[10/04/2026-21:58:29] [I] Average on 1 runs - GPU latency: 4.25195 ms - Host latency: 4.39062 ms (enqueue 3.03711 ms)
[10/04/2026-21:58:29] [I] Average on 1 runs - GPU latency: 4.25781 ms - Host latency: 4.39453 ms (enqueue 3.02148 ms)
[10/04/2026-21:58:29] [I] Average on 1 runs - GPU latency: 4.24414 ms - Host latency: 4.39648 ms (enqueue 3.04102 ms)
[10/04/2026-21:58:29] [I] Average on 1 runs - GPU latency: 4.25781 ms - Host latency: 4.39453 ms (enqueue 3.02734 ms)
[10/04/2026-21:58:29] [I] Average on 1 runs - GPU latency: 4.25781 ms - Host latency: 4.39453 ms (enqueue 3.07227 ms)
[10/04/2026-21:58:29] [I] Average on 1 runs - GPU latency: 4.25586 ms - Host latency: 4.39453 ms (enqueue 3.06445 ms)
[10/04/2026-21:58:29] [I] Average on 1 runs - GPU latency: 4.25781 ms - Host latency: 4.4043 ms (enqueue 3.05273 ms)
[10/04/2026-21:58:29] [I] Average on 1 runs - GPU latency: 4.25391 ms - Host latency: 4.39062 ms (enqueue 3.09961 ms)
[10/04/2026-21:58:29] [I] Average on 1 runs - GPU latency: 4.25 ms - Host latency: 4.39844 ms (enqueue 3.10352 ms)
[10/04/2026-21:58:29] [I] Average on 1 runs - GPU latency: 4.25781 ms - Host latency: 4.40625 ms (enqueue 3.12891 ms)
[10/04/2026-21:58:29] [I] Average on 1 runs - GPU latency: 4.25586 ms - Host latency: 4.39648 ms (enqueue 3.08984 ms)
[10/04/2026-21:58:29] [I] Average on 1 runs - GPU latency: 4.25781 ms - Host latency: 4.39453 ms (enqueue 3.04297 ms)
[10/04/2026-21:58:29] [I] Average on 1 runs - GPU latency: 4.25977 ms - Host latency: 4.39844 ms (enqueue 3.06055 ms)
[10/04/2026-21:58:29] [I] Average on 1 runs - GPU latency: 4.26758 ms - Host latency: 4.40234 ms (enqueue 3.08984 ms)
[10/04/2026-21:58:29] [I] Average on 1 runs - GPU latency: 4.25586 ms - Host latency: 4.39844 ms (enqueue 3.08008 ms)
[10/04/2026-21:58:29] [I] Average on 1 runs - GPU latency: 4.2168 ms - Host latency: 4.34961 ms (enqueue 3.09961 ms)
[10/04/2026-21:58:29] [I] 
[10/04/2026-21:58:29] [I] === Performance summary ===
[10/04/2026-21:58:29] [I] Throughput: 234.746 qps
[10/04/2026-21:58:29] [I] Latency: min = 4.34229 ms, max = 4.47461 ms, mean = 4.40252 ms, median = 4.39941 ms, percentile(90%) = 4.4209 ms, percentile(95%) = 4.42969 ms, percentile(99%) = 4.44238 ms
[10/04/2026-21:58:29] [I] Enqueue Time: min = 2.06006 ms, max = 4.30908 ms, mean = 3.0045 ms, median = 3.04492 ms, percentile(90%) = 3.10352 ms, percentile(95%) = 3.11523 ms, percentile(99%) = 3.19141 ms
[10/04/2026-21:58:29] [I] H2D Latency: min = 0.0839844 ms, max = 0.203125 ms, mean = 0.139117 ms, median = 0.134766 ms, percentile(90%) = 0.157227 ms, percentile(95%) = 0.165527 ms, percentile(99%) = 0.176758 ms
[10/04/2026-21:58:29] [I] GPU Compute Time: min = 4.2168 ms, max = 4.28418 ms, mean = 4.25602 ms, median = 4.25586 ms, percentile(90%) = 4.26318 ms, percentile(95%) = 4.26562 ms, percentile(99%) = 4.27148 ms
[10/04/2026-21:58:29] [I] D2H Latency: min = 0.00390625 ms, max = 0.0117188 ms, mean = 0.00738754 ms, median = 0.0078125 ms, percentile(90%) = 0.00878906 ms, percentile(95%) = 0.00976562 ms, percentile(99%) = 0.00976562 ms
[10/04/2026-21:58:29] [I] Total Host Walltime: 15.012 s
[10/04/2026-21:58:29] [I] Total GPU Compute Time: 14.9982 s
[10/04/2026-21:58:29] [I] Explanations of the performance metrics are printed in the verbose logs.
[10/04/2026-21:58:29] [I] 
&&&& PASSED TensorRT.trtexec [TensorRT v100300] # /usr/src/tensorrt/bin/trtexec --loadEngine=/tmp/yolo26n_84172_uint8_fp16_opt3.engine --warmUp=3000 --duration=15 --idleTime=0 --avgRuns=1
