&&&& RUNNING TensorRT.trtexec [TensorRT v100300] # /usr/src/tensorrt/bin/trtexec --loadEngine=/tmp/yolo26n_84172_uint8_fp16_opt3.engine --warmUp=3000 --duration=15 --idleTime=8 --avgRuns=1
[10/04/2026-21:59:45] [I] === Model Options ===
[10/04/2026-21:59:45] [I] Format: *
[10/04/2026-21:59:45] [I] Model: 
[10/04/2026-21:59:45] [I] Output:
[10/04/2026-21:59:45] [I] 
[10/04/2026-21:59:45] [I] === System Options ===
[10/04/2026-21:59:45] [I] Device: 0
[10/04/2026-21:59:45] [I] DLACore: 
[10/04/2026-21:59:45] [I] Plugins:
[10/04/2026-21:59:45] [I] setPluginsToSerialize:
[10/04/2026-21:59:45] [I] dynamicPlugins:
[10/04/2026-21:59:45] [I] ignoreParsedPluginLibs: 0
[10/04/2026-21:59:45] [I] 
[10/04/2026-21:59:45] [I] === Inference Options ===
[10/04/2026-21:59:45] [I] Batch: Explicit
[10/04/2026-21:59:45] [I] Input inference shapes: model
[10/04/2026-21:59:45] [I] Iterations: 10
[10/04/2026-21:59:45] [I] Duration: 15s (+ 3000ms warm up)
[10/04/2026-21:59:45] [I] Sleep time: 0ms
[10/04/2026-21:59:45] [I] Idle time: 8ms
[10/04/2026-21:59:45] [I] Inference Streams: 1
[10/04/2026-21:59:45] [I] ExposeDMA: Disabled
[10/04/2026-21:59:45] [I] Data transfers: Enabled
[10/04/2026-21:59:45] [I] Spin-wait: Disabled
[10/04/2026-21:59:45] [I] Multithreading: Disabled
[10/04/2026-21:59:45] [I] CUDA Graph: Disabled
[10/04/2026-21:59:45] [I] Separate profiling: Disabled
[10/04/2026-21:59:45] [I] Time Deserialize: Disabled
[10/04/2026-21:59:45] [I] Time Refit: Disabled
[10/04/2026-21:59:45] [I] NVTX verbosity: 0
[10/04/2026-21:59:45] [I] Persistent Cache Ratio: 0
[10/04/2026-21:59:45] [I] Optimization Profile Index: 0
[10/04/2026-21:59:45] [I] Weight Streaming Budget: 100.000000%
[10/04/2026-21:59:45] [I] Inputs:
[10/04/2026-21:59:45] [I] Debug Tensor Save Destinations:
[10/04/2026-21:59:45] [I] === Reporting Options ===
[10/04/2026-21:59:45] [I] Verbose: Disabled
[10/04/2026-21:59:45] [I] Averages: 1 inferences
[10/04/2026-21:59:45] [I] Percentiles: 90,95,99
[10/04/2026-21:59:45] [I] Dump refittable layers:Disabled
[10/04/2026-21:59:45] [I] Dump output: Disabled
[10/04/2026-21:59:45] [I] Profile: Disabled
[10/04/2026-21:59:45] [I] Export timing to JSON file: 
[10/04/2026-21:59:45] [I] Export output to JSON file: 
[10/04/2026-21:59:45] [I] Export profile to JSON file: 
[10/04/2026-21:59:45] [I] 
[10/04/2026-21:59:45] [I] === Device Information ===
[10/04/2026-21:59:45] [I] Available Devices: 
[10/04/2026-21:59:45] [I]   Device 0: "Orin" UUID: GPU-6e16c2c1-e394-5324-8f2e-63a975968f4e
[10/04/2026-21:59:45] [I] Selected Device: Orin
[10/04/2026-21:59:45] [I] Selected Device ID: 0
[10/04/2026-21:59:45] [I] Selected Device UUID: GPU-6e16c2c1-e394-5324-8f2e-63a975968f4e
[10/04/2026-21:59:45] [I] Compute Capability: 8.7
[10/04/2026-21:59:45] [I] SMs: 8
[10/04/2026-21:59:45] [I] Device Global Memory: 7607 MiB
[10/04/2026-21:59:45] [I] Shared Memory per SM: 164 KiB
[10/04/2026-21:59:45] [I] Memory Bus Width: 128 bits (ECC disabled)
[10/04/2026-21:59:45] [I] Application Compute Clock Rate: 1.02 GHz
[10/04/2026-21:59:45] [I] Application Memory Clock Rate: 1.02 GHz
[10/04/2026-21:59:45] [I] 
[10/04/2026-21:59:45] [I] Note: The application clock rates do not reflect the actual clock rates that the GPU is currently running at.
[10/04/2026-21:59:45] [I] 
[10/04/2026-21:59:45] [I] TensorRT version: 10.3.0
[10/04/2026-21:59:45] [I] Loading standard plugins
[10/04/2026-21:59:45] [I] [TRT] Loaded engine size: 7 MiB
[10/04/2026-21:59:45] [I] Engine deserialized in 0.0813172 sec.
[10/04/2026-21:59:45] [I] [TRT] [MemUsageChange] TensorRT-managed allocation in IExecutionContext creation: CPU +0, GPU +12, now: CPU 0, GPU 16 (MiB)
[10/04/2026-21:59:45] [I] Setting persistentCacheLimit to 0 bytes.
[10/04/2026-21:59:45] [I] Created execution context with device memory size: 12.207 MiB
[10/04/2026-21:59:45] [I] Using random values for input images
[10/04/2026-21:59:45] [I] Input binding for images with dimensions 1x640x640x3 is created.
[10/04/2026-21:59:45] [I] Output binding for output0 with dimensions 1x300x6 is created.
[10/04/2026-21:59:45] [I] Starting inference
[10/04/2026-22:00:03] [I] Warmup completed 662 queries over 3000 ms
[10/04/2026-22:00:03] [I] Timing trace has 1226 queries over 15.0266 s
[10/04/2026-22:00:03] [I] 
[10/04/2026-22:00:03] [I] === Trace details ===
[10/04/2026-22:00:03] [I] Trace averages of 1 runs:
[10/04/2026-22:00:03] [I] Average on 1 runs - GPU latency: 4.25146 ms - Host latency: 4.3811 ms (enqueue 3.0188 ms)
[10/04/2026-22:00:03] [I] Average on 1 runs - GPU latency: 4.20898 ms - Host latency: 4.34619 ms (enqueue 3.00415 ms)
[10/04/2026-22:00:03] [I] Average on 1 runs - GPU latency: 4.21924 ms - Host latency: 4.28491 ms (enqueue 3.15698 ms)
[10/04/2026-22:00:03] [I] Average on 1 runs - GPU latency: 4.25635 ms - Host latency: 4.32593 ms (enqueue 3.76074 ms)
[10/04/2026-22:00:03] [I] Average on 1 runs - GPU latency: 4.22559 ms - Host latency: 4.29907 ms (enqueue 3.22998 ms)
[10/04/2026-22:00:03] [I] Average on 1 runs - GPU latency: 4.23242 ms - Host latency: 4.30078 ms (enqueue 3.51221 ms)
[10/04/2026-22:00:03] [I] Average on 1 runs - GPU latency: 4.2395 ms - Host latency: 4.30664 ms (enqueue 3.79785 ms)
[10/04/2026-22:00:03] [I] Average on 1 runs - GPU latency: 4.25757 ms - Host latency: 4.33862 ms (enqueue 3.81177 ms)
[10/04/2026-22:00:03] [I] Average on 1 runs - GPU latency: 4.32983 ms - Host latency: 4.39722 ms (enqueue 3.63599 ms)
[10/04/2026-22:00:03] [I] Average on 1 runs - GPU latency: 4.5686 ms - Host latency: 4.63794 ms (enqueue 4.14917 ms)
[10/04/2026-22:00:03] [I] Average on 1 runs - GPU latency: 4.57104 ms - Host latency: 4.64771 ms (enqueue 4.14697 ms)
[10/04/2026-22:00:03] [I] Average on 1 runs - GPU latency: 4.51489 ms - Host latency: 4.58203 ms (enqueue 4.10107 ms)
[10/04/2026-22:00:03] [I] Average on 1 runs - GPU latency: 4.56738 ms - Host latency: 4.64331 ms (enqueue 4.14331 ms)
[10/04/2026-22:00:03] [I] Average on 1 runs - GPU latency: 4.61743 ms - Host latency: 4.69116 ms (enqueue 4.19067 ms)
[10/04/2026-22:00:03] [I] Average on 1 runs - GPU latency: 4.60645 ms - Host latency: 4.67529 ms (enqueue 4.17749 ms)
[10/04/2026-22:00:03] [I] Average on 1 runs - GPU latency: 4.58154 ms - Host latency: 4.64893 ms (enqueue 4.15771 ms)
[10/04/2026-22:00:03] [I] Average on 1 runs - GPU latency: 4.59863 ms - Host latency: 4.67236 ms (enqueue 4.17041 ms)
[10/04/2026-22:00:03] [I] Average on 1 runs - GPU latency: 4.57764 ms - Host latency: 4.64478 ms (enqueue 4.14868 ms)
[10/04/2026-22:00:03] [I] Average on 1 runs - GPU latency: 4.61914 ms - Host latency: 4.68604 ms (enqueue 4.19458 ms)
[10/04/2026-22:00:03] [I] Average on 1 runs - GPU latency: 4.59326 ms - Host latency: 4.66431 ms (enqueue 4.16895 ms)
[10/04/2026-22:00:03] [I] Average on 1 runs - GPU latency: 4.56421 ms - Host latency: 4.63403 ms (enqueue 4.13867 ms)
[10/04/2026-22:00:03] [I] Average on 1 runs - GPU latency: 4.63159 ms - Host latency: 4.7085 ms (enqueue 4.20215 ms)
[10/04/2026-22:00:03] [I] Average on 1 runs - GPU latency: 4.24097 ms - Host latency: 4.30908 ms (enqueue 4.14087 ms)
[10/04/2026-22:00:03] [I] Average on 1 runs - GPU latency: 4.23511 ms - Host latency: 4.30176 ms (enqueue 4.13623 ms)
[10/04/2026-22:00:03] [I] Average on 1 runs - GPU latency: 4.22705 ms - Host latency: 4.29565 ms (enqueue 4.11255 ms)
[10/04/2026-22:00:03] [I] Average on 1 runs - GPU latency: 4.28296 ms - Host latency: 4.36255 ms (enqueue 4.1687 ms)
[10/04/2026-22:00:03] [I] Average on 1 runs - GPU latency: 4.22241 ms - Host latency: 4.29004 ms (enqueue 3.80884 ms)
[10/04/2026-22:00:03] [I] Average on 1 runs - GPU latency: 4.24512 ms - Host latency: 4.32349 ms (enqueue 4.11768 ms)
[10/04/2026-22:00:03] [I] Average on 1 runs - GPU latency: 4.22778 ms - Host latency: 4.29541 ms (enqueue 4.0957 ms)
[10/04/2026-22:00:03] [I] Average on 1 runs - GPU latency: 4.29883 ms - Host latency: 4.36694 ms (enqueue 4.16626 ms)
[10/04/2026-22:00:03] [I] Average on 1 runs - GPU latency: 4.30908 ms - Host latency: 4.38452 ms (enqueue 4.18774 ms)
[10/04/2026-22:00:03] [I] Average on 1 runs - GPU latency: 4.2561 ms - Host latency: 4.32446 ms (enqueue 4.12061 ms)
[10/04/2026-22:00:03] [I] Average on 1 runs - GPU latency: 4.28833 ms - Host latency: 4.35718 ms (enqueue 4.16284 ms)
[10/04/2026-22:00:03] [I] Average on 1 runs - GPU latency: 4.2395 ms - Host latency: 4.31055 ms (enqueue 2.96997 ms)
[10/04/2026-22:00:03] [I] Average on 1 runs - GPU latency: 4.30298 ms - Host latency: 4.37061 ms (enqueue 2.87964 ms)
[10/04/2026-22:00:03] [I] Average on 1 runs - GPU latency: 4.55298 ms - Host latency: 4.62451 ms (enqueue 2.59717 ms)
[10/04/2026-22:00:03] [I] Average on 1 runs - GPU latency: 4.55981 ms - Host latency: 4.63818 ms (enqueue 2.87329 ms)
[10/04/2026-22:00:03] [I] Average on 1 runs - GPU latency: 4.54907 ms - Host latency: 4.62646 ms (enqueue 2.59326 ms)
[10/04/2026-22:00:03] [I] Average on 1 runs - GPU latency: 4.56934 ms - Host latency: 4.65112 ms (enqueue 4.25024 ms)
[10/04/2026-22:00:03] [I] Average on 1 runs - GPU latency: 4.5708 ms - Host latency: 4.64233 ms (enqueue 4.19727 ms)
[10/04/2026-22:00:03] [I] Average on 1 runs - GPU latency: 4.56909 ms - Host latency: 4.64062 ms (enqueue 4.22876 ms)
[10/04/2026-22:00:03] [I] Average on 1 runs - GPU latency: 4.56372 ms - Host latency: 4.64453 ms (enqueue 4.14136 ms)
[10/04/2026-22:00:03] [I] Average on 1 runs - GPU latency: 4.56738 ms - Host latency: 4.63867 ms (enqueue 4.08472 ms)
[10/04/2026-22:00:03] [I] Average on 1 runs - GPU latency: 4.56396 ms - Host latency: 4.64429 ms (enqueue 4.19678 ms)
[10/04/2026-22:00:03] [I] Average on 1 runs - GPU latency: 4.56641 ms - Host latency: 4.64233 ms (enqueue 4.14868 ms)
[10/04/2026-22:00:03] [I] Average on 1 runs - GPU latency: 4.5686 ms - Host latency: 4.64307 ms (enqueue 4.18237 ms)
[10/04/2026-22:00:03] [I] Average on 1 runs - GPU latency: 4.56104 ms - Host latency: 4.63184 ms (enqueue 4.13745 ms)
[10/04/2026-22:00:03] [I] Average on 1 runs - GPU latency: 4.56055 ms - Host latency: 4.63623 ms (enqueue 4.17285 ms)
[10/04/2026-22:00:03] [I] Average on 1 runs - GPU latency: 5.03662 ms - Host latency: 5.11475 ms (enqueue 4.17798 ms)
[10/04/2026-22:00:03] [I] Average on 1 runs - GPU latency: 5.02661 ms - Host latency: 5.10498 ms (enqueue 4.17261 ms)
[10/04/2026-22:00:03] [I] Average on 1 runs - GPU latency: 5.02856 ms - Host latency: 5.10645 ms (enqueue 4.1875 ms)
[10/04/2026-22:00:03] [I] Average on 1 runs - GPU latency: 5.02539 ms - Host latency: 5.10767 ms (enqueue 4.21118 ms)
[10/04/2026-22:00:03] [I] Average on 1 runs - GPU latency: 5.51465 ms - Host latency: 5.59937 ms (enqueue 4.22266 ms)
[10/04/2026-22:00:03] [I] Average on 1 runs - GPU latency: 5.52051 ms - Host latency: 5.60376 ms (enqueue 4.22998 ms)
[10/04/2026-22:00:03] [I] Average on 1 runs - GPU latency: 5.52417 ms - Host latency: 5.60645 ms (enqueue 4.2915 ms)
[10/04/2026-22:00:03] [I] Average on 1 runs - GPU latency: 5.5144 ms - Host latency: 5.59668 ms (enqueue 4.25269 ms)
[10/04/2026-22:00:03] [I] Average on 1 runs - GPU latency: 5.52686 ms - Host latency: 5.61035 ms (enqueue 4.26611 ms)
[10/04/2026-22:00:03] [I] Average on 1 runs - GPU latency: 5.52856 ms - Host latency: 5.61133 ms (enqueue 4.30957 ms)
[10/04/2026-22:00:03] [I] Average on 1 runs - GPU latency: 5.52856 ms - Host latency: 5.60864 ms (enqueue 4.27637 ms)
[10/04/2026-22:00:03] [I] Average on 1 runs - GPU latency: 5.52246 ms - Host latency: 5.604 ms (enqueue 4.25562 ms)
[10/04/2026-22:00:03] [I] Average on 1 runs - GPU latency: 5.52832 ms - Host latency: 5.6106 ms (enqueue 4.27808 ms)
[10/04/2026-22:00:03] [I] Average on 1 runs - GPU latency: 5.52222 ms - Host latency: 5.60449 ms (enqueue 4.25293 ms)
[10/04/2026-22:00:03] [I] Average on 1 runs - GPU latency: 5.52588 ms - Host latency: 5.62158 ms (enqueue 4.26465 ms)
[10/04/2026-22:00:03] [I] Average on 1 runs - GPU latency: 5.51855 ms - Host latency: 5.60107 ms (enqueue 4.36572 ms)
[10/04/2026-22:00:03] [I] Average on 1 runs - GPU latency: 5.52368 ms - Host latency: 5.61499 ms (enqueue 4.27368 ms)
[10/04/2026-22:00:03] [I] Average on 1 runs - GPU latency: 5.51172 ms - Host latency: 5.59546 ms (enqueue 4.25586 ms)
[10/04/2026-22:00:03] [I] Average on 1 runs - GPU latency: 6.06152 ms - Host latency: 6.15063 ms (enqueue 4.30713 ms)
[10/04/2026-22:00:03] [I] Average on 1 runs - GPU latency: 6.06128 ms - Host latency: 6.16235 ms (enqueue 4.29565 ms)
[10/04/2026-22:00:03] [I] Average on 1 runs - GPU latency: 6.06201 ms - Host latency: 6.15039 ms (enqueue 4.32373 ms)
[10/04/2026-22:00:03] [I] Average on 1 runs - GPU latency: 6.05127 ms - Host latency: 6.15161 ms (enqueue 4.27808 ms)
[10/04/2026-22:00:03] [I] Average on 1 runs - GPU latency: 6.06226 ms - Host latency: 6.15625 ms (enqueue 4.26514 ms)
[10/04/2026-22:00:03] [I] Average on 1 runs - GPU latency: 6.05249 ms - Host latency: 6.14258 ms (enqueue 4.36499 ms)
[10/04/2026-22:00:03] [I] Average on 1 runs - GPU latency: 6.0481 ms - Host latency: 6.13696 ms (enqueue 4.29688 ms)
[10/04/2026-22:00:03] [I] Average on 1 runs - GPU latency: 6.0481 ms - Host latency: 6.13916 ms (enqueue 4.30322 ms)
[10/04/2026-22:00:03] [I] Average on 1 runs - GPU latency: 6.05762 ms - Host latency: 6.14648 ms (enqueue 4.27832 ms)
[10/04/2026-22:00:03] [I] Average on 1 runs - GPU latency: 6.05493 ms - Host latency: 6.14551 ms (enqueue 4.31299 ms)
[10/04/2026-22:00:03] [I] Average on 1 runs - GPU latency: 6.05688 ms - Host latency: 6.14722 ms (enqueue 4.27173 ms)
[10/04/2026-22:00:03] [I] Average on 1 runs - GPU latency: 6.05103 ms - Host latency: 6.14404 ms (enqueue 4.26733 ms)
[10/04/2026-22:00:03] [I] Average on 1 runs - GPU latency: 6.07837 ms - Host latency: 6.16821 ms (enqueue 3.42505 ms)
[10/04/2026-22:00:03] [I] Average on 1 runs - GPU latency: 6.05884 ms - Host latency: 6.1665 ms (enqueue 3.33594 ms)
[10/04/2026-22:00:03] [I] Average on 1 runs - GPU latency: 6.06494 ms - Host latency: 6.15625 ms (enqueue 2.82983 ms)
[10/04/2026-22:00:03] [I] Average on 1 runs - GPU latency: 6.07617 ms - Host latency: 6.17188 ms (enqueue 3.10596 ms)
[10/04/2026-22:00:03] [I] Average on 1 runs - GPU latency: 6.04175 ms - Host latency: 6.13208 ms (enqueue 2.73364 ms)
[10/04/2026-22:00:03] [I] Average on 1 runs - GPU latency: 6.05908 ms - Host latency: 6.14624 ms (enqueue 2.56372 ms)
[10/04/2026-22:00:03] [I] Average on 1 runs - GPU latency: 6.06787 ms - Host latency: 6.16333 ms (enqueue 4.31348 ms)
[10/04/2026-22:00:03] [I] Average on 1 runs - GPU latency: 6.05298 ms - Host latency: 6.14575 ms (enqueue 4.29199 ms)
[10/04/2026-22:00:03] [I] Average on 1 runs - GPU latency: 6.00903 ms - Host latency: 6.09863 ms (enqueue 3.70264 ms)
[10/04/2026-22:00:03] [I] Average on 1 runs - GPU latency: 6.06201 ms - Host latency: 6.15454 ms (enqueue 4.28027 ms)
[10/04/2026-22:00:03] [I] Average on 1 runs - GPU latency: 6.07349 ms - Host latency: 6.16455 ms (enqueue 4.28003 ms)
[10/04/2026-22:00:03] [I] Average on 1 runs - GPU latency: 6.0564 ms - Host latency: 6.1731 ms (enqueue 4.19727 ms)
[10/04/2026-22:00:03] [I] Average on 1 runs - GPU latency: 6.03052 ms - Host latency: 6.12109 ms (enqueue 4.12427 ms)
[10/04/2026-22:00:03] [I] Average on 1 runs - GPU latency: 6.05566 ms - Host latency: 6.14746 ms (enqueue 4.27051 ms)
[10/04/2026-22:00:03] [I] Average on 1 runs - GPU latency: 6.05371 ms - Host latency: 6.14355 ms (enqueue 4.25684 ms)
[10/04/2026-22:00:03] [I] Average on 1 runs - GPU latency: 6.05566 ms - Host latency: 6.15137 ms (enqueue 4.30029 ms)
[10/04/2026-22:00:03] [I] Average on 1 runs - GPU latency: 6.02539 ms - Host latency: 6.11523 ms (enqueue 4.2666 ms)
[10/04/2026-22:00:03] [I] Average on 1 runs - GPU latency: 6.05566 ms - Host latency: 6.14746 ms (enqueue 4.2749 ms)
[10/04/2026-22:00:03] [I] Average on 1 runs - GPU latency: 6.06006 ms - Host latency: 6.15088 ms (enqueue 4.27246 ms)
[10/04/2026-22:00:03] [I] Average on 1 runs - GPU latency: 6.07666 ms - Host latency: 6.16748 ms (enqueue 4.25391 ms)
[10/04/2026-22:00:03] [I] Average on 1 runs - GPU latency: 6.04004 ms - Host latency: 6.12988 ms (enqueue 4.3418 ms)
[10/04/2026-22:00:03] [I] Average on 1 runs - GPU latency: 6.06299 ms - Host latency: 6.17041 ms (enqueue 4.45752 ms)
[10/04/2026-22:00:03] [I] Average on 1 runs - GPU latency: 6.80176 ms - Host latency: 6.9082 ms (enqueue 4.38379 ms)
[10/04/2026-22:00:03] [I] Average on 1 runs - GPU latency: 6.81104 ms - Host latency: 6.92334 ms (enqueue 4.28271 ms)
[10/04/2026-22:00:03] [I] Average on 1 runs - GPU latency: 6.77295 ms - Host latency: 6.87451 ms (enqueue 4.25537 ms)
[10/04/2026-22:00:03] [I] Average on 1 runs - GPU latency: 6.81055 ms - Host latency: 6.94287 ms (enqueue 4.2915 ms)
[10/04/2026-22:00:03] [I] Average on 1 runs - GPU latency: 6.81689 ms - Host latency: 6.91846 ms (enqueue 4.3125 ms)
[10/04/2026-22:00:03] [I] Average on 1 runs - GPU latency: 6.81738 ms - Host latency: 6.91797 ms (enqueue 4.28369 ms)
[10/04/2026-22:00:03] [I] Average on 1 runs - GPU latency: 6.79199 ms - Host latency: 6.89551 ms (enqueue 4.31689 ms)
[10/04/2026-22:00:03] [I] Average on 1 runs - GPU latency: 6.80957 ms - Host latency: 6.91113 ms (enqueue 4.35889 ms)
[10/04/2026-22:00:03] [I] Average on 1 runs - GPU latency: 6.81055 ms - Host latency: 6.91016 ms (enqueue 4.29785 ms)
[10/04/2026-22:00:03] [I] Average on 1 runs - GPU latency: 6.83008 ms - Host latency: 6.93115 ms (enqueue 4.32861 ms)
[10/04/2026-22:00:03] [I] Average on 1 runs - GPU latency: 6.78076 ms - Host latency: 6.8833 ms (enqueue 4.28955 ms)
[10/04/2026-22:00:03] [I] Average on 1 runs - GPU latency: 6.82275 ms - Host latency: 6.92529 ms (enqueue 4.34863 ms)
[10/04/2026-22:00:03] [I] Average on 1 runs - GPU latency: 6.80762 ms - Host latency: 6.91309 ms (enqueue 4.35156 ms)
[10/04/2026-22:00:03] [I] Average on 1 runs - GPU latency: 6.80078 ms - Host latency: 6.90234 ms (enqueue 4.39502 ms)
[10/04/2026-22:00:03] [I] Average on 1 runs - GPU latency: 6.77441 ms - Host latency: 6.88379 ms (enqueue 4.33203 ms)
[10/04/2026-22:00:03] [I] Average on 1 runs - GPU latency: 6.8125 ms - Host latency: 6.91455 ms (enqueue 4.36963 ms)
[10/04/2026-22:00:03] [I] Average on 1 runs - GPU latency: 6.81836 ms - Host latency: 6.91846 ms (enqueue 4.34961 ms)
[10/04/2026-22:00:03] [I] Average on 1 runs - GPU latency: 6.79883 ms - Host latency: 6.92578 ms (enqueue 4.32422 ms)
[10/04/2026-22:00:03] [I] Average on 1 runs - GPU latency: 6.76611 ms - Host latency: 6.86719 ms (enqueue 4.33447 ms)
[10/04/2026-22:00:03] [I] Average on 1 runs - GPU latency: 6.80127 ms - Host latency: 6.90283 ms (enqueue 4.32715 ms)
[10/04/2026-22:00:03] [I] Average on 1 runs - GPU latency: 6.82178 ms - Host latency: 6.93018 ms (enqueue 4.33643 ms)
[10/04/2026-22:00:03] [I] Average on 1 runs - GPU latency: 6.81055 ms - Host latency: 6.9126 ms (enqueue 4.33496 ms)
[10/04/2026-22:00:03] [I] Average on 1 runs - GPU latency: 6.77344 ms - Host latency: 6.87451 ms (enqueue 4.28711 ms)
[10/04/2026-22:00:03] [I] Average on 1 runs - GPU latency: 6.80762 ms - Host latency: 6.91162 ms (enqueue 4.32617 ms)
[10/04/2026-22:00:03] [I] Average on 1 runs - GPU latency: 6.80029 ms - Host latency: 6.91211 ms (enqueue 3.14307 ms)
[10/04/2026-22:00:03] [I] Average on 1 runs - GPU latency: 6.72705 ms - Host latency: 6.82861 ms (enqueue 3.01123 ms)
[10/04/2026-22:00:03] [I] Average on 1 runs - GPU latency: 6.72852 ms - Host latency: 6.83252 ms (enqueue 2.6748 ms)
[10/04/2026-22:00:03] [I] Average on 1 runs - GPU latency: 6.74902 ms - Host latency: 6.85693 ms (enqueue 3.12061 ms)
[10/04/2026-22:00:03] [I] Average on 1 runs - GPU latency: 6.73535 ms - Host latency: 6.83984 ms (enqueue 2.83691 ms)
[10/04/2026-22:00:03] [I] Average on 1 runs - GPU latency: 6.81104 ms - Host latency: 6.90967 ms (enqueue 4.44385 ms)
[10/04/2026-22:00:03] [I] Average on 1 runs - GPU latency: 6.81641 ms - Host latency: 6.91992 ms (enqueue 4.34375 ms)
[10/04/2026-22:00:03] [I] Average on 1 runs - GPU latency: 6.80029 ms - Host latency: 6.89697 ms (enqueue 2.74561 ms)
[10/04/2026-22:00:03] [I] Average on 1 runs - GPU latency: 6.81055 ms - Host latency: 6.9126 ms (enqueue 4.35645 ms)
[10/04/2026-22:00:03] [I] Average on 1 runs - GPU latency: 6.80713 ms - Host latency: 6.91016 ms (enqueue 4.33691 ms)
[10/04/2026-22:00:03] [I] Average on 1 runs - GPU latency: 6.80322 ms - Host latency: 6.90625 ms (enqueue 4.375 ms)
[10/04/2026-22:00:03] [I] Average on 1 runs - GPU latency: 6.79102 ms - Host latency: 6.89746 ms (enqueue 2.39404 ms)
[10/04/2026-22:00:03] [I] Average on 1 runs - GPU latency: 6.81543 ms - Host latency: 6.92139 ms (enqueue 4.38574 ms)
[10/04/2026-22:00:03] [I] Average on 1 runs - GPU latency: 6.81299 ms - Host latency: 6.91504 ms (enqueue 4.33789 ms)
[10/04/2026-22:00:03] [I] Average on 1 runs - GPU latency: 6.81592 ms - Host latency: 6.9165 ms (enqueue 4.33838 ms)
[10/04/2026-22:00:03] [I] Average on 1 runs - GPU latency: 6.76123 ms - Host latency: 6.86328 ms (enqueue 3.31641 ms)
[10/04/2026-22:00:03] [I] Average on 1 runs - GPU latency: 6.80371 ms - Host latency: 6.90869 ms (enqueue 4.35889 ms)
[10/04/2026-22:00:03] [I] Average on 1 runs - GPU latency: 6.79932 ms - Host latency: 6.90967 ms (enqueue 4.3418 ms)
[10/04/2026-22:00:03] [I] Average on 1 runs - GPU latency: 6.8208 ms - Host latency: 6.92383 ms (enqueue 4.36865 ms)
[10/04/2026-22:00:03] [I] Average on 1 runs - GPU latency: 6.75293 ms - Host latency: 6.854 ms (enqueue 3.82666 ms)
[10/04/2026-22:00:03] [I] Average on 1 runs - GPU latency: 6.81201 ms - Host latency: 6.9292 ms (enqueue 4.39502 ms)
[10/04/2026-22:00:03] [I] Average on 1 runs - GPU latency: 6.81006 ms - Host latency: 6.91943 ms (enqueue 4.36475 ms)
[10/04/2026-22:00:03] [I] Average on 1 runs - GPU latency: 6.81201 ms - Host latency: 6.91357 ms (enqueue 4.34814 ms)
[10/04/2026-22:00:03] [I] Average on 1 runs - GPU latency: 6.76758 ms - Host latency: 6.86914 ms (enqueue 4.04736 ms)
[10/04/2026-22:00:03] [I] Average on 1 runs - GPU latency: 6.80908 ms - Host latency: 6.91162 ms (enqueue 4.33789 ms)
[10/04/2026-22:00:03] [I] Average on 1 runs - GPU latency: 6.82031 ms - Host latency: 6.92383 ms (enqueue 4.34619 ms)
[10/04/2026-22:00:03] [I] Average on 1 runs - GPU latency: 6.79688 ms - Host latency: 6.89941 ms (enqueue 4.39404 ms)
[10/04/2026-22:00:03] [I] Average on 1 runs - GPU latency: 6.77002 ms - Host latency: 6.87305 ms (enqueue 4.15527 ms)
[10/04/2026-22:00:03] [I] Average on 1 runs - GPU latency: 6.8125 ms - Host latency: 6.91455 ms (enqueue 4.38037 ms)
[10/04/2026-22:00:03] [I] Average on 1 runs - GPU latency: 6.82275 ms - Host latency: 6.93359 ms (enqueue 4.38477 ms)
[10/04/2026-22:00:03] [I] Average on 1 runs - GPU latency: 6.81201 ms - Host latency: 6.92627 ms (enqueue 4.43945 ms)
[10/04/2026-22:00:03] [I] Average on 1 runs - GPU latency: 6.7666 ms - Host latency: 6.86865 ms (enqueue 4.14404 ms)
[10/04/2026-22:00:03] [I] Average on 1 runs - GPU latency: 6.81348 ms - Host latency: 6.91455 ms (enqueue 4.35352 ms)
[10/04/2026-22:00:03] [I] Average on 1 runs - GPU latency: 6.81787 ms - Host latency: 6.92041 ms (enqueue 4.36182 ms)
[10/04/2026-22:00:03] [I] Average on 1 runs - GPU latency: 6.80322 ms - Host latency: 6.91016 ms (enqueue 4.37598 ms)
[10/04/2026-22:00:03] [I] Average on 1 runs - GPU latency: 6.76221 ms - Host latency: 6.86865 ms (enqueue 4.22412 ms)
[10/04/2026-22:00:03] [I] Average on 1 runs - GPU latency: 6.81055 ms - Host latency: 6.91455 ms (enqueue 4.39307 ms)
[10/04/2026-22:00:03] [I] Average on 1 runs - GPU latency: 6.80713 ms - Host latency: 6.91162 ms (enqueue 4.39014 ms)
[10/04/2026-22:00:03] [I] Average on 1 runs - GPU latency: 6.80908 ms - Host latency: 6.91455 ms (enqueue 4.36963 ms)
[10/04/2026-22:00:03] [I] Average on 1 runs - GPU latency: 6.76709 ms - Host latency: 6.86963 ms (enqueue 4.19824 ms)
[10/04/2026-22:00:03] [I] Average on 1 runs - GPU latency: 6.80664 ms - Host latency: 6.91016 ms (enqueue 4.33691 ms)
[10/04/2026-22:00:03] [I] Average on 1 runs - GPU latency: 6.80957 ms - Host latency: 6.91162 ms (enqueue 4.32861 ms)
[10/04/2026-22:00:03] [I] Average on 1 runs - GPU latency: 6.81543 ms - Host latency: 6.91602 ms (enqueue 4.35889 ms)
[10/04/2026-22:00:03] [I] Average on 1 runs - GPU latency: 6.77393 ms - Host latency: 6.87598 ms (enqueue 4.30908 ms)
[10/04/2026-22:00:03] [I] Average on 1 runs - GPU latency: 6.80908 ms - Host latency: 6.90869 ms (enqueue 4.37549 ms)
[10/04/2026-22:00:03] [I] Average on 1 runs - GPU latency: 6.81348 ms - Host latency: 6.91602 ms (enqueue 3.48926 ms)
[10/04/2026-22:00:03] [I] Average on 1 runs - GPU latency: 6.82031 ms - Host latency: 6.93604 ms (enqueue 3.48682 ms)
[10/04/2026-22:00:03] [I] Average on 1 runs - GPU latency: 6.73633 ms - Host latency: 6.83838 ms (enqueue 2.82715 ms)
[10/04/2026-22:00:03] [I] Average on 1 runs - GPU latency: 6.78809 ms - Host latency: 6.88867 ms (enqueue 2.79736 ms)
[10/04/2026-22:00:03] [I] Average on 1 runs - GPU latency: 6.72412 ms - Host latency: 6.8252 ms (enqueue 2.93018 ms)
[10/04/2026-22:00:03] [I] Average on 1 runs - GPU latency: 6.73438 ms - Host latency: 6.83105 ms (enqueue 2.59814 ms)
[10/04/2026-22:00:03] [I] Average on 1 runs - GPU latency: 6.79346 ms - Host latency: 6.89355 ms (enqueue 4.40283 ms)
[10/04/2026-22:00:03] [I] Average on 1 runs - GPU latency: 6.79443 ms - Host latency: 6.88916 ms (enqueue 2.13086 ms)
[10/04/2026-22:00:03] [I] Average on 1 runs - GPU latency: 6.81396 ms - Host latency: 6.92334 ms (enqueue 4.40674 ms)
[10/04/2026-22:00:03] [I] Average on 1 runs - GPU latency: 6.80664 ms - Host latency: 6.90723 ms (enqueue 4.35205 ms)
[10/04/2026-22:00:03] [I] Average on 1 runs - GPU latency: 6.80322 ms - Host latency: 6.93213 ms (enqueue 4.34814 ms)
[10/04/2026-22:00:03] [I] Average on 1 runs - GPU latency: 6.74414 ms - Host latency: 6.8457 ms (enqueue 3.02832 ms)
[10/04/2026-22:00:03] [I] Average on 1 runs - GPU latency: 6.80615 ms - Host latency: 6.91553 ms (enqueue 4.44434 ms)
[10/04/2026-22:00:03] [I] Average on 1 runs - GPU latency: 6.80811 ms - Host latency: 6.91211 ms (enqueue 4.37012 ms)
[10/04/2026-22:00:03] [I] Average on 1 runs - GPU latency: 6.82178 ms - Host latency: 6.93652 ms (enqueue 4.32617 ms)
[10/04/2026-22:00:03] [I] Average on 1 runs - GPU latency: 6.74951 ms - Host latency: 6.85107 ms (enqueue 3.64502 ms)
[10/04/2026-22:00:03] [I] Average on 1 runs - GPU latency: 6.81152 ms - Host latency: 6.93066 ms (enqueue 4.31201 ms)
[10/04/2026-22:00:03] [I] Average on 1 runs - GPU latency: 6.80908 ms - Host latency: 6.91064 ms (enqueue 4.3252 ms)
[10/04/2026-22:00:03] [I] Average on 1 runs - GPU latency: 6.80859 ms - Host latency: 6.91211 ms (enqueue 4.35693 ms)
[10/04/2026-22:00:03] [I] Average on 1 runs - GPU latency: 6.75879 ms - Host latency: 6.86279 ms (enqueue 4.0459 ms)
[10/04/2026-22:00:03] [I] Average on 1 runs - GPU latency: 6.81494 ms - Host latency: 6.90869 ms (enqueue 4.37158 ms)
[10/04/2026-22:00:03] [I] Average on 1 runs - GPU latency: 6.81201 ms - Host latency: 6.91406 ms (enqueue 4.3623 ms)
[10/04/2026-22:00:03] [I] Average on 1 runs - GPU latency: 6.8042 ms - Host latency: 6.90869 ms (enqueue 4.33057 ms)
[10/04/2026-22:00:03] [I] Average on 1 runs - GPU latency: 6.76221 ms - Host latency: 6.86377 ms (enqueue 4.14893 ms)
[10/04/2026-22:00:03] [I] Average on 1 runs - GPU latency: 6.80566 ms - Host latency: 6.91602 ms (enqueue 4.3916 ms)
[10/04/2026-22:00:03] [I] Average on 1 runs - GPU latency: 6.81104 ms - Host latency: 6.91162 ms (enqueue 4.44775 ms)
[10/04/2026-22:00:03] [I] Average on 1 runs - GPU latency: 6.81592 ms - Host latency: 6.91748 ms (enqueue 4.3916 ms)
[10/04/2026-22:00:03] [I] Average on 1 runs - GPU latency: 6.75879 ms - Host latency: 6.86572 ms (enqueue 4.12793 ms)
[10/04/2026-22:00:03] [I] Average on 1 runs - GPU latency: 6.80273 ms - Host latency: 6.89941 ms (enqueue 4.3252 ms)
[10/04/2026-22:00:03] [I] Average on 1 runs - GPU latency: 6.80713 ms - Host latency: 6.9082 ms (enqueue 4.38818 ms)
[10/04/2026-22:00:03] [I] Average on 1 runs - GPU latency: 6.81055 ms - Host latency: 6.91309 ms (enqueue 4.375 ms)
[10/04/2026-22:00:03] [I] ... Omitting 826 lines
[10/04/2026-22:00:03] [I] Average on 1 runs - GPU latency: 6.82129 ms - Host latency: 6.92676 ms (enqueue 4.37012 ms)
[10/04/2026-22:00:03] [I] Average on 1 runs - GPU latency: 6.80664 ms - Host latency: 6.90723 ms (enqueue 4.3252 ms)
[10/04/2026-22:00:03] [I] Average on 1 runs - GPU latency: 6.81152 ms - Host latency: 6.91211 ms (enqueue 4.28418 ms)
[10/04/2026-22:00:03] [I] Average on 1 runs - GPU latency: 6.79395 ms - Host latency: 6.9043 ms (enqueue 4.34375 ms)
[10/04/2026-22:00:03] [I] Average on 1 runs - GPU latency: 6.8125 ms - Host latency: 6.91699 ms (enqueue 4.3877 ms)
[10/04/2026-22:00:03] [I] Average on 1 runs - GPU latency: 6.80469 ms - Host latency: 6.90625 ms (enqueue 4.34668 ms)
[10/04/2026-22:00:03] [I] Average on 1 runs - GPU latency: 6.81738 ms - Host latency: 6.91797 ms (enqueue 4.36035 ms)
[10/04/2026-22:00:03] [I] Average on 1 runs - GPU latency: 6.77637 ms - Host latency: 6.87793 ms (enqueue 4.37891 ms)
[10/04/2026-22:00:03] [I] Average on 1 runs - GPU latency: 6.81641 ms - Host latency: 6.92188 ms (enqueue 4.33984 ms)
[10/04/2026-22:00:03] [I] Average on 1 runs - GPU latency: 6.80566 ms - Host latency: 6.90625 ms (enqueue 4.31152 ms)
[10/04/2026-22:00:03] [I] Average on 1 runs - GPU latency: 6.80371 ms - Host latency: 6.90625 ms (enqueue 4.27734 ms)
[10/04/2026-22:00:03] [I] Average on 1 runs - GPU latency: 6.8125 ms - Host latency: 6.9209 ms (enqueue 3.44141 ms)
[10/04/2026-22:00:03] [I] Average on 1 runs - GPU latency: 6.75879 ms - Host latency: 6.87402 ms (enqueue 3.3291 ms)
[10/04/2026-22:00:03] [I] Average on 1 runs - GPU latency: 6.7373 ms - Host latency: 6.83887 ms (enqueue 2.78906 ms)
[10/04/2026-22:00:03] [I] Average on 1 runs - GPU latency: 6.81152 ms - Host latency: 6.91797 ms (enqueue 3.3916 ms)
[10/04/2026-22:00:03] [I] Average on 1 runs - GPU latency: 6.72949 ms - Host latency: 6.83594 ms (enqueue 2.97559 ms)
[10/04/2026-22:00:03] [I] Average on 1 runs - GPU latency: 6.76758 ms - Host latency: 6.86914 ms (enqueue 2.3623 ms)
[10/04/2026-22:00:03] [I] Average on 1 runs - GPU latency: 6.80664 ms - Host latency: 6.91211 ms (enqueue 4.41113 ms)
[10/04/2026-22:00:03] [I] Average on 1 runs - GPU latency: 6.80957 ms - Host latency: 6.9209 ms (enqueue 4.40332 ms)
[10/04/2026-22:00:03] [I] Average on 1 runs - GPU latency: 6.80957 ms - Host latency: 6.9209 ms (enqueue 4.3584 ms)
[10/04/2026-22:00:03] [I] Average on 1 runs - GPU latency: 6.79102 ms - Host latency: 6.90527 ms (enqueue 2.33691 ms)
[10/04/2026-22:00:03] [I] Average on 1 runs - GPU latency: 6.81055 ms - Host latency: 6.93652 ms (enqueue 4.35156 ms)
[10/04/2026-22:00:03] [I] Average on 1 runs - GPU latency: 6.81738 ms - Host latency: 6.91895 ms (enqueue 4.35645 ms)
[10/04/2026-22:00:03] [I] Average on 1 runs - GPU latency: 6.81543 ms - Host latency: 6.9248 ms (enqueue 4.29785 ms)
[10/04/2026-22:00:03] [I] Average on 1 runs - GPU latency: 6.73438 ms - Host latency: 6.8457 ms (enqueue 3.07129 ms)
[10/04/2026-22:00:03] [I] Average on 1 runs - GPU latency: 6.80469 ms - Host latency: 6.91602 ms (enqueue 4.34473 ms)
[10/04/2026-22:00:03] [I] Average on 1 runs - GPU latency: 6.80566 ms - Host latency: 6.90723 ms (enqueue 4.36328 ms)
[10/04/2026-22:00:03] [I] Average on 1 runs - GPU latency: 6.82129 ms - Host latency: 6.92188 ms (enqueue 4.35254 ms)
[10/04/2026-22:00:03] [I] Average on 1 runs - GPU latency: 6.77246 ms - Host latency: 6.88281 ms (enqueue 3.66992 ms)
[10/04/2026-22:00:03] [I] Average on 1 runs - GPU latency: 6.80957 ms - Host latency: 6.91406 ms (enqueue 4.36719 ms)
[10/04/2026-22:00:03] [I] Average on 1 runs - GPU latency: 6.81445 ms - Host latency: 6.92383 ms (enqueue 4.30762 ms)
[10/04/2026-22:00:03] [I] Average on 1 runs - GPU latency: 6.80957 ms - Host latency: 6.91504 ms (enqueue 4.32812 ms)
[10/04/2026-22:00:03] [I] Average on 1 runs - GPU latency: 6.75879 ms - Host latency: 6.86133 ms (enqueue 4.02148 ms)
[10/04/2026-22:00:03] [I] Average on 1 runs - GPU latency: 6.82031 ms - Host latency: 6.92285 ms (enqueue 4.42285 ms)
[10/04/2026-22:00:03] [I] Average on 1 runs - GPU latency: 6.80664 ms - Host latency: 6.91016 ms (enqueue 4.38184 ms)
[10/04/2026-22:00:03] [I] Average on 1 runs - GPU latency: 6.81641 ms - Host latency: 6.91895 ms (enqueue 4.40332 ms)
[10/04/2026-22:00:03] [I] Average on 1 runs - GPU latency: 6.76855 ms - Host latency: 6.87891 ms (enqueue 4.06934 ms)
[10/04/2026-22:00:03] [I] Average on 1 runs - GPU latency: 6.80957 ms - Host latency: 6.92383 ms (enqueue 4.34766 ms)
[10/04/2026-22:00:03] [I] Average on 1 runs - GPU latency: 6.80469 ms - Host latency: 6.91699 ms (enqueue 4.26855 ms)
[10/04/2026-22:00:03] [I] Average on 1 runs - GPU latency: 6.81543 ms - Host latency: 6.91895 ms (enqueue 4.33594 ms)
[10/04/2026-22:00:03] [I] Average on 1 runs - GPU latency: 6.77148 ms - Host latency: 6.88184 ms (enqueue 4.18945 ms)
[10/04/2026-22:00:03] [I] Average on 1 runs - GPU latency: 6.81152 ms - Host latency: 6.91602 ms (enqueue 4.36133 ms)
[10/04/2026-22:00:03] [I] Average on 1 runs - GPU latency: 6.81055 ms - Host latency: 6.91699 ms (enqueue 4.35449 ms)
[10/04/2026-22:00:03] [I] Average on 1 runs - GPU latency: 6.80957 ms - Host latency: 6.91309 ms (enqueue 4.40527 ms)
[10/04/2026-22:00:03] [I] Average on 1 runs - GPU latency: 6.76074 ms - Host latency: 6.87207 ms (enqueue 4.26367 ms)
[10/04/2026-22:00:03] [I] Average on 1 runs - GPU latency: 6.80469 ms - Host latency: 6.9082 ms (enqueue 4.40039 ms)
[10/04/2026-22:00:03] [I] Average on 1 runs - GPU latency: 6.81445 ms - Host latency: 6.91797 ms (enqueue 4.3584 ms)
[10/04/2026-22:00:03] [I] Average on 1 runs - GPU latency: 6.80371 ms - Host latency: 6.90918 ms (enqueue 4.36426 ms)
[10/04/2026-22:00:03] [I] Average on 1 runs - GPU latency: 6.7793 ms - Host latency: 6.88672 ms (enqueue 4.24707 ms)
[10/04/2026-22:00:03] [I] Average on 1 runs - GPU latency: 6.80957 ms - Host latency: 6.91504 ms (enqueue 4.51367 ms)
[10/04/2026-22:00:03] [I] Average on 1 runs - GPU latency: 6.82031 ms - Host latency: 6.92383 ms (enqueue 4.38184 ms)
[10/04/2026-22:00:03] [I] Average on 1 runs - GPU latency: 6.80371 ms - Host latency: 6.90625 ms (enqueue 4.41309 ms)
[10/04/2026-22:00:03] [I] Average on 1 runs - GPU latency: 6.77832 ms - Host latency: 6.88184 ms (enqueue 4.10156 ms)
[10/04/2026-22:00:03] [I] Average on 1 runs - GPU latency: 6.81055 ms - Host latency: 6.91211 ms (enqueue 4.40918 ms)
[10/04/2026-22:00:03] [I] Average on 1 runs - GPU latency: 6.80078 ms - Host latency: 6.91113 ms (enqueue 4.38867 ms)
[10/04/2026-22:00:03] [I] Average on 1 runs - GPU latency: 6.80273 ms - Host latency: 6.9043 ms (enqueue 4.35156 ms)
[10/04/2026-22:00:03] [I] Average on 1 runs - GPU latency: 6.77344 ms - Host latency: 6.87988 ms (enqueue 4.15625 ms)
[10/04/2026-22:00:03] [I] Average on 1 runs - GPU latency: 6.82715 ms - Host latency: 6.92969 ms (enqueue 3.14355 ms)
[10/04/2026-22:00:03] [I] Average on 1 runs - GPU latency: 6.78223 ms - Host latency: 6.89551 ms (enqueue 3.32031 ms)
[10/04/2026-22:00:03] [I] Average on 1 runs - GPU latency: 6.73926 ms - Host latency: 6.84082 ms (enqueue 2.96875 ms)
[10/04/2026-22:00:03] [I] Average on 1 runs - GPU latency: 6.79297 ms - Host latency: 6.89648 ms (enqueue 3.3877 ms)
[10/04/2026-22:00:03] [I] Average on 1 runs - GPU latency: 6.72656 ms - Host latency: 6.8252 ms (enqueue 2.91797 ms)
[10/04/2026-22:00:03] [I] Average on 1 runs - GPU latency: 6.78516 ms - Host latency: 6.89746 ms (enqueue 2.56738 ms)
[10/04/2026-22:00:03] [I] Average on 1 runs - GPU latency: 6.81445 ms - Host latency: 6.91992 ms (enqueue 4.50098 ms)
[10/04/2026-22:00:03] [I] Average on 1 runs - GPU latency: 6.80469 ms - Host latency: 6.9082 ms (enqueue 4.36621 ms)
[10/04/2026-22:00:03] [I] Average on 1 runs - GPU latency: 6.78613 ms - Host latency: 6.87988 ms (enqueue 2.19043 ms)
[10/04/2026-22:00:03] [I] Average on 1 runs - GPU latency: 6.79688 ms - Host latency: 6.89844 ms (enqueue 4.37207 ms)
[10/04/2026-22:00:03] [I] Average on 1 runs - GPU latency: 6.8125 ms - Host latency: 6.91602 ms (enqueue 4.49023 ms)
[10/04/2026-22:00:03] [I] Average on 1 runs - GPU latency: 6.80664 ms - Host latency: 6.91602 ms (enqueue 4.39258 ms)
[10/04/2026-22:00:03] [I] Average on 1 runs - GPU latency: 6.78516 ms - Host latency: 6.88672 ms (enqueue 2.60352 ms)
[10/04/2026-22:00:03] [I] Average on 1 runs - GPU latency: 6.80859 ms - Host latency: 6.91211 ms (enqueue 4.50195 ms)
[10/04/2026-22:00:03] [I] Average on 1 runs - GPU latency: 6.81055 ms - Host latency: 6.91211 ms (enqueue 4.36719 ms)
[10/04/2026-22:00:03] [I] Average on 1 runs - GPU latency: 6.81445 ms - Host latency: 6.91992 ms (enqueue 4.34961 ms)
[10/04/2026-22:00:03] [I] Average on 1 runs - GPU latency: 6.73828 ms - Host latency: 6.84961 ms (enqueue 3.40039 ms)
[10/04/2026-22:00:03] [I] Average on 1 runs - GPU latency: 6.79688 ms - Host latency: 6.90039 ms (enqueue 4.43945 ms)
[10/04/2026-22:00:03] [I] Average on 1 runs - GPU latency: 6.81445 ms - Host latency: 6.92578 ms (enqueue 4.4082 ms)
[10/04/2026-22:00:03] [I] Average on 1 runs - GPU latency: 6.8125 ms - Host latency: 6.91406 ms (enqueue 4.38672 ms)
[10/04/2026-22:00:03] [I] Average on 1 runs - GPU latency: 6.7832 ms - Host latency: 6.88477 ms (enqueue 3.74219 ms)
[10/04/2026-22:00:03] [I] Average on 1 runs - GPU latency: 6.80273 ms - Host latency: 6.91406 ms (enqueue 4.41797 ms)
[10/04/2026-22:00:03] [I] Average on 1 runs - GPU latency: 6.8125 ms - Host latency: 6.91406 ms (enqueue 4.32812 ms)
[10/04/2026-22:00:03] [I] Average on 1 runs - GPU latency: 6.80273 ms - Host latency: 6.9043 ms (enqueue 4.35352 ms)
[10/04/2026-22:00:03] [I] Average on 1 runs - GPU latency: 6.76758 ms - Host latency: 6.87109 ms (enqueue 4.04688 ms)
[10/04/2026-22:00:03] [I] Average on 1 runs - GPU latency: 6.80469 ms - Host latency: 6.9082 ms (enqueue 4.40625 ms)
[10/04/2026-22:00:03] [I] Average on 1 runs - GPU latency: 6.82617 ms - Host latency: 6.92773 ms (enqueue 4.37695 ms)
[10/04/2026-22:00:03] [I] Average on 1 runs - GPU latency: 6.80859 ms - Host latency: 6.91602 ms (enqueue 4.37109 ms)
[10/04/2026-22:00:03] [I] Average on 1 runs - GPU latency: 6.76367 ms - Host latency: 6.87305 ms (enqueue 4.06055 ms)
[10/04/2026-22:00:03] [I] Average on 1 runs - GPU latency: 6.81055 ms - Host latency: 6.91016 ms (enqueue 4.46289 ms)
[10/04/2026-22:00:03] [I] Average on 1 runs - GPU latency: 6.81641 ms - Host latency: 6.91797 ms (enqueue 4.43164 ms)
[10/04/2026-22:00:03] [I] Average on 1 runs - GPU latency: 6.80664 ms - Host latency: 6.91406 ms (enqueue 4.38672 ms)
[10/04/2026-22:00:03] [I] Average on 1 runs - GPU latency: 6.76367 ms - Host latency: 6.86523 ms (enqueue 4.04492 ms)
[10/04/2026-22:00:03] [I] Average on 1 runs - GPU latency: 6.8125 ms - Host latency: 6.91602 ms (enqueue 4.39648 ms)
[10/04/2026-22:00:03] [I] Average on 1 runs - GPU latency: 6.80273 ms - Host latency: 6.91211 ms (enqueue 4.39258 ms)
[10/04/2026-22:00:03] [I] Average on 1 runs - GPU latency: 6.80859 ms - Host latency: 6.91016 ms (enqueue 4.38477 ms)
[10/04/2026-22:00:03] [I] Average on 1 runs - GPU latency: 6.76172 ms - Host latency: 6.87305 ms (enqueue 4.15234 ms)
[10/04/2026-22:00:03] [I] Average on 1 runs - GPU latency: 6.80469 ms - Host latency: 6.89844 ms (enqueue 4.38086 ms)
[10/04/2026-22:00:03] [I] Average on 1 runs - GPU latency: 6.80469 ms - Host latency: 6.91211 ms (enqueue 4.35938 ms)
[10/04/2026-22:00:03] [I] Average on 1 runs - GPU latency: 6.81055 ms - Host latency: 6.91211 ms (enqueue 4.39648 ms)
[10/04/2026-22:00:03] [I] Average on 1 runs - GPU latency: 6.76953 ms - Host latency: 6.86914 ms (enqueue 4.17383 ms)
[10/04/2026-22:00:03] [I] Average on 1 runs - GPU latency: 6.80078 ms - Host latency: 6.90234 ms (enqueue 4.42578 ms)
[10/04/2026-22:00:03] [I] Average on 1 runs - GPU latency: 6.80469 ms - Host latency: 6.90625 ms (enqueue 4.40234 ms)
[10/04/2026-22:00:03] [I] Average on 1 runs - GPU latency: 6.81445 ms - Host latency: 6.91602 ms (enqueue 4.36523 ms)
[10/04/2026-22:00:03] [I] Average on 1 runs - GPU latency: 6.77344 ms - Host latency: 6.875 ms (enqueue 4.20312 ms)
[10/04/2026-22:00:03] [I] Average on 1 runs - GPU latency: 6.80273 ms - Host latency: 6.91406 ms (enqueue 4.41406 ms)
[10/04/2026-22:00:03] [I] Average on 1 runs - GPU latency: 6.83398 ms - Host latency: 6.95312 ms (enqueue 3.39453 ms)
[10/04/2026-22:00:03] [I] Average on 1 runs - GPU latency: 6.73438 ms - Host latency: 6.83984 ms (enqueue 3.16992 ms)
[10/04/2026-22:00:03] [I] Average on 1 runs - GPU latency: 6.72852 ms - Host latency: 6.82617 ms (enqueue 2.83398 ms)
[10/04/2026-22:00:03] [I] Average on 1 runs - GPU latency: 6.75 ms - Host latency: 6.86328 ms (enqueue 3.27539 ms)
[10/04/2026-22:00:03] [I] Average on 1 runs - GPU latency: 6.73828 ms - Host latency: 6.8418 ms (enqueue 2.78125 ms)
[10/04/2026-22:00:03] [I] Average on 1 runs - GPU latency: 6.7832 ms - Host latency: 6.88281 ms (enqueue 2.92969 ms)
[10/04/2026-22:00:03] [I] Average on 1 runs - GPU latency: 6.80664 ms - Host latency: 6.9082 ms (enqueue 4.42969 ms)
[10/04/2026-22:00:03] [I] Average on 1 runs - GPU latency: 6.79102 ms - Host latency: 6.89258 ms (enqueue 2.27734 ms)
[10/04/2026-22:00:03] [I] Average on 1 runs - GPU latency: 6.80859 ms - Host latency: 6.91992 ms (enqueue 4.39062 ms)
[10/04/2026-22:00:03] [I] Average on 1 runs - GPU latency: 6.80078 ms - Host latency: 6.9082 ms (enqueue 4.39648 ms)
[10/04/2026-22:00:03] [I] Average on 1 runs - GPU latency: 6.81445 ms - Host latency: 6.91602 ms (enqueue 4.37305 ms)
[10/04/2026-22:00:03] [I] Average on 1 runs - GPU latency: 6.77148 ms - Host latency: 6.87305 ms (enqueue 2.76172 ms)
[10/04/2026-22:00:03] [I] Average on 1 runs - GPU latency: 6.80859 ms - Host latency: 6.91992 ms (enqueue 4.45312 ms)
[10/04/2026-22:00:03] [I] Average on 1 runs - GPU latency: 6.80859 ms - Host latency: 6.91211 ms (enqueue 4.34766 ms)
[10/04/2026-22:00:03] [I] Average on 1 runs - GPU latency: 6.80664 ms - Host latency: 6.91016 ms (enqueue 4.46289 ms)
[10/04/2026-22:00:03] [I] Average on 1 runs - GPU latency: 6.74805 ms - Host latency: 6.85352 ms (enqueue 3.38672 ms)
[10/04/2026-22:00:03] [I] Average on 1 runs - GPU latency: 6.81445 ms - Host latency: 6.92188 ms (enqueue 4.40625 ms)
[10/04/2026-22:00:03] [I] Average on 1 runs - GPU latency: 6.81641 ms - Host latency: 6.92188 ms (enqueue 4.36914 ms)
[10/04/2026-22:00:03] [I] Average on 1 runs - GPU latency: 6.81055 ms - Host latency: 6.91406 ms (enqueue 4.39062 ms)
[10/04/2026-22:00:03] [I] Average on 1 runs - GPU latency: 6.75 ms - Host latency: 6.85742 ms (enqueue 3.88477 ms)
[10/04/2026-22:00:03] [I] Average on 1 runs - GPU latency: 6.82031 ms - Host latency: 6.92773 ms (enqueue 4.39062 ms)
[10/04/2026-22:00:03] [I] Average on 1 runs - GPU latency: 6.80469 ms - Host latency: 6.91211 ms (enqueue 4.41211 ms)
[10/04/2026-22:00:03] [I] Average on 1 runs - GPU latency: 6.80664 ms - Host latency: 6.91016 ms (enqueue 4.31641 ms)
[10/04/2026-22:00:03] [I] Average on 1 runs - GPU latency: 6.75586 ms - Host latency: 6.85742 ms (enqueue 3.9707 ms)
[10/04/2026-22:00:03] [I] Average on 1 runs - GPU latency: 6.80469 ms - Host latency: 6.90625 ms (enqueue 4.47461 ms)
[10/04/2026-22:00:03] [I] Average on 1 runs - GPU latency: 6.81641 ms - Host latency: 6.91992 ms (enqueue 4.38281 ms)
[10/04/2026-22:00:03] [I] Average on 1 runs - GPU latency: 6.82031 ms - Host latency: 6.92578 ms (enqueue 4.38281 ms)
[10/04/2026-22:00:03] [I] Average on 1 runs - GPU latency: 6.75391 ms - Host latency: 6.85547 ms (enqueue 4.06055 ms)
[10/04/2026-22:00:03] [I] Average on 1 runs - GPU latency: 6.80859 ms - Host latency: 6.91211 ms (enqueue 4.48242 ms)
[10/04/2026-22:00:03] [I] Average on 1 runs - GPU latency: 6.79883 ms - Host latency: 6.9082 ms (enqueue 4.41211 ms)
[10/04/2026-22:00:03] [I] Average on 1 runs - GPU latency: 6.80469 ms - Host latency: 6.9082 ms (enqueue 4.375 ms)
[10/04/2026-22:00:03] [I] Average on 1 runs - GPU latency: 6.75781 ms - Host latency: 6.86133 ms (enqueue 4.06445 ms)
[10/04/2026-22:00:03] [I] Average on 1 runs - GPU latency: 6.80664 ms - Host latency: 6.90234 ms (enqueue 4.46094 ms)
[10/04/2026-22:00:03] [I] Average on 1 runs - GPU latency: 6.81445 ms - Host latency: 6.91406 ms (enqueue 4.4043 ms)
[10/04/2026-22:00:03] [I] Average on 1 runs - GPU latency: 6.80273 ms - Host latency: 6.91211 ms (enqueue 4.43359 ms)
[10/04/2026-22:00:03] [I] Average on 1 runs - GPU latency: 6.77148 ms - Host latency: 6.87305 ms (enqueue 4.06836 ms)
[10/04/2026-22:00:03] [I] Average on 1 runs - GPU latency: 6.81641 ms - Host latency: 6.92188 ms (enqueue 4.45117 ms)
[10/04/2026-22:00:03] [I] Average on 1 runs - GPU latency: 6.80469 ms - Host latency: 6.91211 ms (enqueue 4.41406 ms)
[10/04/2026-22:00:03] [I] Average on 1 runs - GPU latency: 6.80859 ms - Host latency: 6.91016 ms (enqueue 4.42383 ms)
[10/04/2026-22:00:03] [I] Average on 1 runs - GPU latency: 6.76172 ms - Host latency: 6.86523 ms (enqueue 4.07422 ms)
[10/04/2026-22:00:03] [I] Average on 1 runs - GPU latency: 6.80859 ms - Host latency: 6.91406 ms (enqueue 4.45898 ms)
[10/04/2026-22:00:03] [I] Average on 1 runs - GPU latency: 6.80859 ms - Host latency: 6.92969 ms (enqueue 4.38281 ms)
[10/04/2026-22:00:03] [I] Average on 1 runs - GPU latency: 6.80859 ms - Host latency: 6.91406 ms (enqueue 4.36719 ms)
[10/04/2026-22:00:03] [I] Average on 1 runs - GPU latency: 6.75977 ms - Host latency: 6.85938 ms (enqueue 4.09766 ms)
[10/04/2026-22:00:03] [I] Average on 1 runs - GPU latency: 6.81641 ms - Host latency: 6.92578 ms (enqueue 4.48047 ms)
[10/04/2026-22:00:03] [I] Average on 1 runs - GPU latency: 6.80859 ms - Host latency: 6.91797 ms (enqueue 4.39844 ms)
[10/04/2026-22:00:03] [I] Average on 1 runs - GPU latency: 6.73438 ms - Host latency: 6.85352 ms (enqueue 3.06641 ms)
[10/04/2026-22:00:03] [I] Average on 1 runs - GPU latency: 6.73438 ms - Host latency: 6.83984 ms (enqueue 3.00781 ms)
[10/04/2026-22:00:03] [I] Average on 1 runs - GPU latency: 6.80078 ms - Host latency: 6.90039 ms (enqueue 3.13867 ms)
[10/04/2026-22:00:03] [I] Average on 1 runs - GPU latency: 6.74414 ms - Host latency: 6.8457 ms (enqueue 2.91992 ms)
[10/04/2026-22:00:03] [I] Average on 1 runs - GPU latency: 6.73047 ms - Host latency: 6.83008 ms (enqueue 2.63477 ms)
[10/04/2026-22:00:03] [I] Average on 1 runs - GPU latency: 6.81445 ms - Host latency: 6.92188 ms (enqueue 4.39453 ms)
[10/04/2026-22:00:03] [I] Average on 1 runs - GPU latency: 6.80664 ms - Host latency: 6.9043 ms (enqueue 3.76758 ms)
[10/04/2026-22:00:03] [I] Average on 1 runs - GPU latency: 6.80273 ms - Host latency: 6.9082 ms (enqueue 4.4668 ms)
[10/04/2026-22:00:03] [I] Average on 1 runs - GPU latency: 6.80664 ms - Host latency: 6.9375 ms (enqueue 4.37109 ms)
[10/04/2026-22:00:03] [I] Average on 1 runs - GPU latency: 6.80859 ms - Host latency: 6.91797 ms (enqueue 4.35938 ms)
[10/04/2026-22:00:03] [I] Average on 1 runs - GPU latency: 6.79492 ms - Host latency: 6.89062 ms (enqueue 2.17188 ms)
[10/04/2026-22:00:03] [I] Average on 1 runs - GPU latency: 6.81641 ms - Host latency: 6.91992 ms (enqueue 4.38477 ms)
[10/04/2026-22:00:03] [I] Average on 1 runs - GPU latency: 6.81836 ms - Host latency: 6.9375 ms (enqueue 4.35742 ms)
[10/04/2026-22:00:03] [I] Average on 1 runs - GPU latency: 6.8125 ms - Host latency: 6.91602 ms (enqueue 4.35742 ms)
[10/04/2026-22:00:03] [I] Average on 1 runs - GPU latency: 6.7832 ms - Host latency: 6.88086 ms (enqueue 2.56055 ms)
[10/04/2026-22:00:03] [I] Average on 1 runs - GPU latency: 6.80859 ms - Host latency: 6.91797 ms (enqueue 4.45508 ms)
[10/04/2026-22:00:03] [I] Average on 1 runs - GPU latency: 6.79883 ms - Host latency: 6.90039 ms (enqueue 4.35352 ms)
[10/04/2026-22:00:03] [I] Average on 1 runs - GPU latency: 6.8125 ms - Host latency: 6.91797 ms (enqueue 4.39062 ms)
[10/04/2026-22:00:03] [I] Average on 1 runs - GPU latency: 6.75781 ms - Host latency: 6.85938 ms (enqueue 3.5625 ms)
[10/04/2026-22:00:03] [I] Average on 1 runs - GPU latency: 6.80859 ms - Host latency: 6.91797 ms (enqueue 4.38477 ms)
[10/04/2026-22:00:03] [I] Average on 1 runs - GPU latency: 6.80469 ms - Host latency: 6.90625 ms (enqueue 4.33398 ms)
[10/04/2026-22:00:03] [I] Average on 1 runs - GPU latency: 6.81641 ms - Host latency: 6.92188 ms (enqueue 4.32812 ms)
[10/04/2026-22:00:03] [I] Average on 1 runs - GPU latency: 6.77539 ms - Host latency: 6.875 ms (enqueue 3.74023 ms)
[10/04/2026-22:00:03] [I] Average on 1 runs - GPU latency: 6.81445 ms - Host latency: 6.91406 ms (enqueue 3.22656 ms)
[10/04/2026-22:00:03] [I] Average on 1 runs - GPU latency: 6.81836 ms - Host latency: 6.92383 ms (enqueue 3.92969 ms)
[10/04/2026-22:00:03] [I] Average on 1 runs - GPU latency: 6.8125 ms - Host latency: 6.91406 ms (enqueue 4.40039 ms)
[10/04/2026-22:00:03] [I] Average on 1 runs - GPU latency: 6.78711 ms - Host latency: 6.88672 ms (enqueue 4.33789 ms)
[10/04/2026-22:00:03] [I] Average on 1 runs - GPU latency: 6.81836 ms - Host latency: 6.92188 ms (enqueue 4.42383 ms)
[10/04/2026-22:00:03] [I] Average on 1 runs - GPU latency: 6.79688 ms - Host latency: 6.90234 ms (enqueue 4.4043 ms)
[10/04/2026-22:00:03] [I] Average on 1 runs - GPU latency: 6.80859 ms - Host latency: 6.91016 ms (enqueue 4.38672 ms)
[10/04/2026-22:00:03] [I] Average on 1 runs - GPU latency: 6.78711 ms - Host latency: 6.88867 ms (enqueue 4.37695 ms)
[10/04/2026-22:00:03] [I] Average on 1 runs - GPU latency: 6.79883 ms - Host latency: 6.91211 ms (enqueue 4.38477 ms)
[10/04/2026-22:00:03] [I] Average on 1 runs - GPU latency: 6.81641 ms - Host latency: 6.92188 ms (enqueue 4.35547 ms)
[10/04/2026-22:00:03] [I] Average on 1 runs - GPU latency: 6.80469 ms - Host latency: 6.91406 ms (enqueue 4.33398 ms)
[10/04/2026-22:00:03] [I] Average on 1 runs - GPU latency: 6.7793 ms - Host latency: 6.88086 ms (enqueue 4.28516 ms)
[10/04/2026-22:00:03] [I] Average on 1 runs - GPU latency: 6.8125 ms - Host latency: 6.92578 ms (enqueue 4.44141 ms)
[10/04/2026-22:00:03] [I] Average on 1 runs - GPU latency: 6.80664 ms - Host latency: 6.91406 ms (enqueue 4.3125 ms)
[10/04/2026-22:00:03] [I] Average on 1 runs - GPU latency: 6.80273 ms - Host latency: 6.91602 ms (enqueue 4.28906 ms)
[10/04/2026-22:00:03] [I] Average on 1 runs - GPU latency: 6.77148 ms - Host latency: 6.87695 ms (enqueue 4.33008 ms)
[10/04/2026-22:00:03] [I] Average on 1 runs - GPU latency: 6.8125 ms - Host latency: 6.91602 ms (enqueue 4.40625 ms)
[10/04/2026-22:00:03] [I] Average on 1 runs - GPU latency: 6.81055 ms - Host latency: 6.91211 ms (enqueue 4.38672 ms)
[10/04/2026-22:00:03] [I] Average on 1 runs - GPU latency: 6.80078 ms - Host latency: 6.90039 ms (enqueue 4.3418 ms)
[10/04/2026-22:00:03] [I] Average on 1 runs - GPU latency: 6.77734 ms - Host latency: 6.88281 ms (enqueue 4.39453 ms)
[10/04/2026-22:00:03] [I] Average on 1 runs - GPU latency: 6.81055 ms - Host latency: 6.92383 ms (enqueue 4.33984 ms)
[10/04/2026-22:00:03] [I] Average on 1 runs - GPU latency: 6.80273 ms - Host latency: 6.91211 ms (enqueue 4.30273 ms)
[10/04/2026-22:00:03] [I] Average on 1 runs - GPU latency: 6.80859 ms - Host latency: 6.91992 ms (enqueue 3.30859 ms)
[10/04/2026-22:00:03] [I] Average on 1 runs - GPU latency: 6.76367 ms - Host latency: 6.87695 ms (enqueue 3.36328 ms)
[10/04/2026-22:00:03] [I] Average on 1 runs - GPU latency: 6.72266 ms - Host latency: 6.82812 ms (enqueue 2.75977 ms)
[10/04/2026-22:00:03] [I] Average on 1 runs - GPU latency: 6.81641 ms - Host latency: 6.92188 ms (enqueue 3.77148 ms)
[10/04/2026-22:00:03] [I] Average on 1 runs - GPU latency: 6.72852 ms - Host latency: 6.83203 ms (enqueue 4.3457 ms)
[10/04/2026-22:00:03] [I] Average on 1 runs - GPU latency: 6.79883 ms - Host latency: 6.91016 ms (enqueue 4.35352 ms)
[10/04/2026-22:00:03] [I] Average on 1 runs - GPU latency: 6.80859 ms - Host latency: 6.91406 ms (enqueue 4.38867 ms)
[10/04/2026-22:00:03] [I] 
[10/04/2026-22:00:03] [I] === Performance summary ===
[10/04/2026-22:00:03] [I] Throughput: 81.5887 qps
[10/04/2026-22:00:03] [I] Latency: min = 4.28491 ms, max = 8.59277 ms, mean = 6.76719 ms, median = 6.90967 ms, percentile(90%) = 6.92285 ms, percentile(95%) = 6.92676 ms, percentile(99%) = 6.93701 ms
[10/04/2026-22:00:03] [I] Enqueue Time: min = 2.0918 ms, max = 4.58398 ms, mean = 4.08066 ms, median = 4.32129 ms, percentile(90%) = 4.40039 ms, percentile(95%) = 4.42871 ms, percentile(99%) = 4.4834 ms
[10/04/2026-22:00:03] [I] H2D Latency: min = 0.0620117 ms, max = 0.141602 ms, mean = 0.096693 ms, median = 0.0957031 ms, percentile(90%) = 0.105469 ms, percentile(95%) = 0.108398 ms, percentile(99%) = 0.120605 ms
[10/04/2026-22:00:03] [I] GPU Compute Time: min = 4.20898 ms, max = 8.48047 ms, mean = 6.66453 ms, median = 6.80566 ms, percentile(90%) = 6.81641 ms, percentile(95%) = 6.81934 ms, percentile(99%) = 6.82422 ms
[10/04/2026-22:00:03] [I] D2H Latency: min = 0.00366211 ms, max = 0.0078125 ms, mean = 0.00597049 ms, median = 0.00585938 ms, percentile(90%) = 0.00683594 ms, percentile(95%) = 0.00683594 ms, percentile(99%) = 0.0078125 ms
[10/04/2026-22:00:03] [I] Total Host Walltime: 15.0266 s
[10/04/2026-22:00:03] [I] Total GPU Compute Time: 8.17071 s
[10/04/2026-22:00:03] [I] Explanations of the performance metrics are printed in the verbose logs.
[10/04/2026-22:00:03] [I] 
&&&& PASSED TensorRT.trtexec [TensorRT v100300] # /usr/src/tensorrt/bin/trtexec --loadEngine=/tmp/yolo26n_84172_uint8_fp16_opt3.engine --warmUp=3000 --duration=15 --idleTime=8 --avgRuns=1
