&&&& RUNNING TensorRT.trtexec [TensorRT v100300] # /usr/src/tensorrt/bin/trtexec --loadEngine=/tmp/engines/y26s_640_uint8_opt3.engine --warmUp=3000 --duration=15 --idleTime=8 --avgRuns=1
[10/04/2026-22:05:14] [I] === Model Options ===
[10/04/2026-22:05:14] [I] Format: *
[10/04/2026-22:05:14] [I] Model: 
[10/04/2026-22:05:14] [I] Output:
[10/04/2026-22:05:14] [I] 
[10/04/2026-22:05:14] [I] === System Options ===
[10/04/2026-22:05:14] [I] Device: 0
[10/04/2026-22:05:14] [I] DLACore: 
[10/04/2026-22:05:14] [I] Plugins:
[10/04/2026-22:05:14] [I] setPluginsToSerialize:
[10/04/2026-22:05:14] [I] dynamicPlugins:
[10/04/2026-22:05:14] [I] ignoreParsedPluginLibs: 0
[10/04/2026-22:05:14] [I] 
[10/04/2026-22:05:14] [I] === Inference Options ===
[10/04/2026-22:05:14] [I] Batch: Explicit
[10/04/2026-22:05:14] [I] Input inference shapes: model
[10/04/2026-22:05:14] [I] Iterations: 10
[10/04/2026-22:05:14] [I] Duration: 15s (+ 3000ms warm up)
[10/04/2026-22:05:14] [I] Sleep time: 0ms
[10/04/2026-22:05:14] [I] Idle time: 8ms
[10/04/2026-22:05:14] [I] Inference Streams: 1
[10/04/2026-22:05:14] [I] ExposeDMA: Disabled
[10/04/2026-22:05:14] [I] Data transfers: Enabled
[10/04/2026-22:05:14] [I] Spin-wait: Disabled
[10/04/2026-22:05:14] [I] Multithreading: Disabled
[10/04/2026-22:05:14] [I] CUDA Graph: Disabled
[10/04/2026-22:05:14] [I] Separate profiling: Disabled
[10/04/2026-22:05:14] [I] Time Deserialize: Disabled
[10/04/2026-22:05:14] [I] Time Refit: Disabled
[10/04/2026-22:05:14] [I] NVTX verbosity: 0
[10/04/2026-22:05:14] [I] Persistent Cache Ratio: 0
[10/04/2026-22:05:14] [I] Optimization Profile Index: 0
[10/04/2026-22:05:14] [I] Weight Streaming Budget: 100.000000%
[10/04/2026-22:05:14] [I] Inputs:
[10/04/2026-22:05:14] [I] Debug Tensor Save Destinations:
[10/04/2026-22:05:14] [I] === Reporting Options ===
[10/04/2026-22:05:14] [I] Verbose: Disabled
[10/04/2026-22:05:14] [I] Averages: 1 inferences
[10/04/2026-22:05:14] [I] Percentiles: 90,95,99
[10/04/2026-22:05:14] [I] Dump refittable layers:Disabled
[10/04/2026-22:05:14] [I] Dump output: Disabled
[10/04/2026-22:05:14] [I] Profile: Disabled
[10/04/2026-22:05:14] [I] Export timing to JSON file: 
[10/04/2026-22:05:14] [I] Export output to JSON file: 
[10/04/2026-22:05:14] [I] Export profile to JSON file: 
[10/04/2026-22:05:14] [I] 
[10/04/2026-22:05:14] [I] === Device Information ===
[10/04/2026-22:05:14] [I] Available Devices: 
[10/04/2026-22:05:14] [I]   Device 0: "Orin" UUID: GPU-6e16c2c1-e394-5324-8f2e-63a975968f4e
[10/04/2026-22:05:14] [I] Selected Device: Orin
[10/04/2026-22:05:14] [I] Selected Device ID: 0
[10/04/2026-22:05:14] [I] Selected Device UUID: GPU-6e16c2c1-e394-5324-8f2e-63a975968f4e
[10/04/2026-22:05:14] [I] Compute Capability: 8.7
[10/04/2026-22:05:14] [I] SMs: 8
[10/04/2026-22:05:14] [I] Device Global Memory: 7607 MiB
[10/04/2026-22:05:14] [I] Shared Memory per SM: 164 KiB
[10/04/2026-22:05:14] [I] Memory Bus Width: 128 bits (ECC disabled)
[10/04/2026-22:05:14] [I] Application Compute Clock Rate: 1.02 GHz
[10/04/2026-22:05:14] [I] Application Memory Clock Rate: 1.02 GHz
[10/04/2026-22:05:14] [I] 
[10/04/2026-22:05:14] [I] Note: The application clock rates do not reflect the actual clock rates that the GPU is currently running at.
[10/04/2026-22:05:14] [I] 
[10/04/2026-22:05:14] [I] TensorRT version: 10.3.0
[10/04/2026-22:05:14] [I] Loading standard plugins
[10/04/2026-22:05:14] [I] [TRT] Loaded engine size: 21 MiB
[10/04/2026-22:05:14] [I] Engine deserialized in 0.0768286 sec.
[10/04/2026-22:05:14] [I] [TRT] [MemUsageChange] TensorRT-managed allocation in IExecutionContext creation: CPU +0, GPU +18, now: CPU 0, GPU 36 (MiB)
[10/04/2026-22:05:14] [I] Setting persistentCacheLimit to 0 bytes.
[10/04/2026-22:05:14] [I] Created execution context with device memory size: 18.1641 MiB
[10/04/2026-22:05:14] [I] Using random values for input images
[10/04/2026-22:05:14] [I] Input binding for images with dimensions 1x640x640x3 is created.
[10/04/2026-22:05:14] [I] Output binding for output0 with dimensions 1x300x6 is created.
[10/04/2026-22:05:14] [I] Starting inference
[10/04/2026-22:05:32] [I] Warmup completed 413 queries over 3000 ms
[10/04/2026-22:05:32] [I] Timing trace has 1241 queries over 15.0236 s
[10/04/2026-22:05:32] [I] 
[10/04/2026-22:05:32] [I] === Trace details ===
[10/04/2026-22:05:32] [I] Trace averages of 1 runs:
[10/04/2026-22:05:32] [I] Average on 1 runs - GPU latency: 6.79419 ms - Host latency: 6.96606 ms (enqueue 3.06812 ms)
[10/04/2026-22:05:32] [I] Average on 1 runs - GPU latency: 6.7561 ms - Host latency: 6.89233 ms (enqueue 4.23145 ms)
[10/04/2026-22:05:32] [I] Average on 1 runs - GPU latency: 6.7605 ms - Host latency: 6.82861 ms (enqueue 4.16479 ms)
[10/04/2026-22:05:32] [I] Average on 1 runs - GPU latency: 6.77344 ms - Host latency: 6.84619 ms (enqueue 4.2312 ms)
[10/04/2026-22:05:32] [I] Average on 1 runs - GPU latency: 6.7644 ms - Host latency: 6.83081 ms (enqueue 4.15308 ms)
[10/04/2026-22:05:32] [I] Average on 1 runs - GPU latency: 6.7627 ms - Host latency: 6.82886 ms (enqueue 4.17139 ms)
[10/04/2026-22:05:32] [I] Average on 1 runs - GPU latency: 6.76538 ms - Host latency: 6.8313 ms (enqueue 4.16406 ms)
[10/04/2026-22:05:32] [I] Average on 1 runs - GPU latency: 6.76636 ms - Host latency: 6.83276 ms (enqueue 4.1416 ms)
[10/04/2026-22:05:32] [I] Average on 1 runs - GPU latency: 6.76562 ms - Host latency: 6.83276 ms (enqueue 4.19214 ms)
[10/04/2026-22:05:32] [I] Average on 1 runs - GPU latency: 6.76318 ms - Host latency: 6.84521 ms (enqueue 4.23071 ms)
[10/04/2026-22:05:32] [I] Average on 1 runs - GPU latency: 6.76685 ms - Host latency: 6.84302 ms (enqueue 4.16455 ms)
[10/04/2026-22:05:32] [I] Average on 1 runs - GPU latency: 6.76221 ms - Host latency: 6.8396 ms (enqueue 4.14844 ms)
[10/04/2026-22:05:32] [I] Average on 1 runs - GPU latency: 6.76782 ms - Host latency: 6.86108 ms (enqueue 4.12354 ms)
[10/04/2026-22:05:32] [I] Average on 1 runs - GPU latency: 6.76172 ms - Host latency: 6.83325 ms (enqueue 4.17944 ms)
[10/04/2026-22:05:32] [I] Average on 1 runs - GPU latency: 6.7666 ms - Host latency: 6.83325 ms (enqueue 4.17065 ms)
[10/04/2026-22:05:32] [I] Average on 1 runs - GPU latency: 6.76392 ms - Host latency: 6.83276 ms (enqueue 4.21436 ms)
[10/04/2026-22:05:32] [I] Average on 1 runs - GPU latency: 6.771 ms - Host latency: 6.84082 ms (enqueue 4.17456 ms)
[10/04/2026-22:05:32] [I] Average on 1 runs - GPU latency: 6.76904 ms - Host latency: 6.83716 ms (enqueue 4.18433 ms)
[10/04/2026-22:05:32] [I] Average on 1 runs - GPU latency: 6.77979 ms - Host latency: 6.84839 ms (enqueue 4.17334 ms)
[10/04/2026-22:05:32] [I] Average on 1 runs - GPU latency: 6.76514 ms - Host latency: 6.83252 ms (enqueue 4.15479 ms)
[10/04/2026-22:05:32] [I] Average on 1 runs - GPU latency: 6.7832 ms - Host latency: 6.84937 ms (enqueue 4.18359 ms)
[10/04/2026-22:05:32] [I] Average on 1 runs - GPU latency: 6.78516 ms - Host latency: 6.86353 ms (enqueue 3.05347 ms)
[10/04/2026-22:05:32] [I] Average on 1 runs - GPU latency: 6.7605 ms - Host latency: 6.82617 ms (enqueue 2.71704 ms)
[10/04/2026-22:05:32] [I] Average on 1 runs - GPU latency: 6.77148 ms - Host latency: 6.84351 ms (enqueue 2.54077 ms)
[10/04/2026-22:05:32] [I] Average on 1 runs - GPU latency: 6.7749 ms - Host latency: 6.84888 ms (enqueue 2.59106 ms)
[10/04/2026-22:05:32] [I] Average on 1 runs - GPU latency: 6.76831 ms - Host latency: 6.83643 ms (enqueue 3.41797 ms)
[10/04/2026-22:05:32] [I] Average on 1 runs - GPU latency: 6.75171 ms - Host latency: 6.82959 ms (enqueue 4.14648 ms)
[10/04/2026-22:05:32] [I] Average on 1 runs - GPU latency: 6.77686 ms - Host latency: 6.85229 ms (enqueue 4.15112 ms)
[10/04/2026-22:05:32] [I] Average on 1 runs - GPU latency: 6.77686 ms - Host latency: 6.84351 ms (enqueue 4.13257 ms)
[10/04/2026-22:05:32] [I] Average on 1 runs - GPU latency: 6.76685 ms - Host latency: 6.84351 ms (enqueue 3.97168 ms)
[10/04/2026-22:05:32] [I] Average on 1 runs - GPU latency: 6.76807 ms - Host latency: 6.83496 ms (enqueue 4.17285 ms)
[10/04/2026-22:05:32] [I] Average on 1 runs - GPU latency: 6.76416 ms - Host latency: 6.83105 ms (enqueue 4.21167 ms)
[10/04/2026-22:05:32] [I] Average on 1 runs - GPU latency: 6.76245 ms - Host latency: 6.82812 ms (enqueue 4.10864 ms)
[10/04/2026-22:05:32] [I] Average on 1 runs - GPU latency: 6.77393 ms - Host latency: 6.84668 ms (enqueue 4.12866 ms)
[10/04/2026-22:05:32] [I] Average on 1 runs - GPU latency: 6.76099 ms - Host latency: 6.8269 ms (enqueue 4.12549 ms)
[10/04/2026-22:05:32] [I] Average on 1 runs - GPU latency: 6.76782 ms - Host latency: 6.83398 ms (enqueue 4.14453 ms)
[10/04/2026-22:05:32] [I] Average on 1 runs - GPU latency: 6.76733 ms - Host latency: 6.83228 ms (enqueue 4.14282 ms)
[10/04/2026-22:05:32] [I] Average on 1 runs - GPU latency: 6.77246 ms - Host latency: 6.85474 ms (enqueue 4.1416 ms)
[10/04/2026-22:05:32] [I] Average on 1 runs - GPU latency: 6.77002 ms - Host latency: 6.83667 ms (enqueue 4.11646 ms)
[10/04/2026-22:05:32] [I] Average on 1 runs - GPU latency: 6.75928 ms - Host latency: 6.82568 ms (enqueue 4.21289 ms)
[10/04/2026-22:05:32] [I] Average on 1 runs - GPU latency: 6.76904 ms - Host latency: 6.83496 ms (enqueue 4.18335 ms)
[10/04/2026-22:05:32] [I] Average on 1 runs - GPU latency: 6.7771 ms - Host latency: 6.84717 ms (enqueue 4.12305 ms)
[10/04/2026-22:05:32] [I] Average on 1 runs - GPU latency: 6.76953 ms - Host latency: 6.83447 ms (enqueue 4.1626 ms)
[10/04/2026-22:05:32] [I] Average on 1 runs - GPU latency: 6.76514 ms - Host latency: 6.83325 ms (enqueue 4.1792 ms)
[10/04/2026-22:05:32] [I] Average on 1 runs - GPU latency: 6.76978 ms - Host latency: 6.83887 ms (enqueue 4.14795 ms)
[10/04/2026-22:05:32] [I] Average on 1 runs - GPU latency: 6.7771 ms - Host latency: 6.84717 ms (enqueue 4.1521 ms)
[10/04/2026-22:05:32] [I] Average on 1 runs - GPU latency: 6.77271 ms - Host latency: 6.84253 ms (enqueue 4.17163 ms)
[10/04/2026-22:05:32] [I] Average on 1 runs - GPU latency: 6.77148 ms - Host latency: 6.83862 ms (enqueue 4.19727 ms)
[10/04/2026-22:05:32] [I] Average on 1 runs - GPU latency: 6.76318 ms - Host latency: 6.82935 ms (enqueue 4.21362 ms)
[10/04/2026-22:05:32] [I] Average on 1 runs - GPU latency: 6.7583 ms - Host latency: 6.82495 ms (enqueue 4.18384 ms)
[10/04/2026-22:05:32] [I] Average on 1 runs - GPU latency: 6.76807 ms - Host latency: 6.83496 ms (enqueue 4.1936 ms)
[10/04/2026-22:05:32] [I] Average on 1 runs - GPU latency: 6.77539 ms - Host latency: 6.86572 ms (enqueue 4.19238 ms)
[10/04/2026-22:05:32] [I] Average on 1 runs - GPU latency: 6.77173 ms - Host latency: 6.83765 ms (enqueue 4.13892 ms)
[10/04/2026-22:05:32] [I] Average on 1 runs - GPU latency: 6.76416 ms - Host latency: 6.83032 ms (enqueue 4.12598 ms)
[10/04/2026-22:05:32] [I] Average on 1 runs - GPU latency: 6.76978 ms - Host latency: 6.82861 ms (enqueue 4.14233 ms)
[10/04/2026-22:05:32] [I] Average on 1 runs - GPU latency: 6.7644 ms - Host latency: 6.83032 ms (enqueue 4.09668 ms)
[10/04/2026-22:05:32] [I] Average on 1 runs - GPU latency: 6.75635 ms - Host latency: 6.8252 ms (enqueue 3.17529 ms)
[10/04/2026-22:05:32] [I] Average on 1 runs - GPU latency: 6.76685 ms - Host latency: 6.83203 ms (enqueue 3.27222 ms)
[10/04/2026-22:05:32] [I] Average on 1 runs - GPU latency: 6.77393 ms - Host latency: 6.83374 ms (enqueue 2.07007 ms)
[10/04/2026-22:05:32] [I] Average on 1 runs - GPU latency: 6.76611 ms - Host latency: 6.83228 ms (enqueue 4.18237 ms)
[10/04/2026-22:05:32] [I] Average on 1 runs - GPU latency: 6.76733 ms - Host latency: 6.83252 ms (enqueue 4.16406 ms)
[10/04/2026-22:05:32] [I] Average on 1 runs - GPU latency: 6.77002 ms - Host latency: 6.83545 ms (enqueue 4.17432 ms)
[10/04/2026-22:05:32] [I] Average on 1 runs - GPU latency: 6.75439 ms - Host latency: 6.8208 ms (enqueue 2.81787 ms)
[10/04/2026-22:05:32] [I] Average on 1 runs - GPU latency: 6.76392 ms - Host latency: 6.83081 ms (enqueue 4.13525 ms)
[10/04/2026-22:05:32] [I] Average on 1 runs - GPU latency: 6.7666 ms - Host latency: 6.83374 ms (enqueue 4.15601 ms)
[10/04/2026-22:05:32] [I] Average on 1 runs - GPU latency: 6.76709 ms - Host latency: 6.8335 ms (enqueue 4.13916 ms)
[10/04/2026-22:05:32] [I] Average on 1 runs - GPU latency: 6.76855 ms - Host latency: 6.83374 ms (enqueue 3.81567 ms)
[10/04/2026-22:05:32] [I] Average on 1 runs - GPU latency: 6.76904 ms - Host latency: 6.84644 ms (enqueue 2.98315 ms)
[10/04/2026-22:05:32] [I] Average on 1 runs - GPU latency: 6.77783 ms - Host latency: 6.84229 ms (enqueue 2.73096 ms)
[10/04/2026-22:05:32] [I] Average on 1 runs - GPU latency: 6.78271 ms - Host latency: 6.8479 ms (enqueue 2.84131 ms)
[10/04/2026-22:05:32] [I] Average on 1 runs - GPU latency: 6.77173 ms - Host latency: 6.83618 ms (enqueue 2.56641 ms)
[10/04/2026-22:05:32] [I] Average on 1 runs - GPU latency: 6.78076 ms - Host latency: 6.8479 ms (enqueue 2.42871 ms)
[10/04/2026-22:05:32] [I] Average on 1 runs - GPU latency: 6.76709 ms - Host latency: 6.83325 ms (enqueue 4.15967 ms)
[10/04/2026-22:05:32] [I] Average on 1 runs - GPU latency: 6.76758 ms - Host latency: 6.84229 ms (enqueue 4.1145 ms)
[10/04/2026-22:05:32] [I] Average on 1 runs - GPU latency: 6.77197 ms - Host latency: 6.84253 ms (enqueue 4.104 ms)
[10/04/2026-22:05:32] [I] Average on 1 runs - GPU latency: 6.76636 ms - Host latency: 6.83252 ms (enqueue 2.32373 ms)
[10/04/2026-22:05:32] [I] Average on 1 runs - GPU latency: 6.76904 ms - Host latency: 6.84375 ms (enqueue 4.14307 ms)
[10/04/2026-22:05:32] [I] Average on 1 runs - GPU latency: 6.76099 ms - Host latency: 6.82764 ms (enqueue 4.09302 ms)
[10/04/2026-22:05:32] [I] Average on 1 runs - GPU latency: 6.77319 ms - Host latency: 6.83984 ms (enqueue 4.13428 ms)
[10/04/2026-22:05:32] [I] Average on 1 runs - GPU latency: 6.76343 ms - Host latency: 6.83618 ms (enqueue 3.69189 ms)
[10/04/2026-22:05:32] [I] Average on 1 runs - GPU latency: 6.76025 ms - Host latency: 6.8335 ms (enqueue 4.18188 ms)
[10/04/2026-22:05:32] [I] Average on 1 runs - GPU latency: 6.77466 ms - Host latency: 6.84326 ms (enqueue 4.14209 ms)
[10/04/2026-22:05:32] [I] Average on 1 runs - GPU latency: 6.77246 ms - Host latency: 6.8374 ms (enqueue 4.15796 ms)
[10/04/2026-22:05:32] [I] Average on 1 runs - GPU latency: 6.76294 ms - Host latency: 6.8291 ms (enqueue 4.14282 ms)
[10/04/2026-22:05:32] [I] Average on 1 runs - GPU latency: 6.76489 ms - Host latency: 6.83569 ms (enqueue 4.13208 ms)
[10/04/2026-22:05:32] [I] Average on 1 runs - GPU latency: 6.77466 ms - Host latency: 6.84082 ms (enqueue 4.11719 ms)
[10/04/2026-22:05:32] [I] Average on 1 runs - GPU latency: 6.76489 ms - Host latency: 6.83057 ms (enqueue 4.15259 ms)
[10/04/2026-22:05:32] [I] Average on 1 runs - GPU latency: 7.16724 ms - Host latency: 7.23364 ms (enqueue 4.1311 ms)
[10/04/2026-22:05:32] [I] Average on 1 runs - GPU latency: 7.34424 ms - Host latency: 7.4209 ms (enqueue 4.22925 ms)
[10/04/2026-22:05:32] [I] Average on 1 runs - GPU latency: 7.34839 ms - Host latency: 7.41992 ms (enqueue 4.14697 ms)
[10/04/2026-22:05:32] [I] Average on 1 runs - GPU latency: 7.34351 ms - Host latency: 7.41382 ms (enqueue 4.16602 ms)
[10/04/2026-22:05:32] [I] Average on 1 runs - GPU latency: 7.33325 ms - Host latency: 7.4043 ms (enqueue 4.17944 ms)
[10/04/2026-22:05:32] [I] Average on 1 runs - GPU latency: 7.33594 ms - Host latency: 7.42139 ms (enqueue 4.16064 ms)
[10/04/2026-22:05:32] [I] Average on 1 runs - GPU latency: 7.3501 ms - Host latency: 7.42139 ms (enqueue 4.29199 ms)
[10/04/2026-22:05:32] [I] Average on 1 runs - GPU latency: 7.34521 ms - Host latency: 7.42188 ms (enqueue 4.16064 ms)
[10/04/2026-22:05:32] [I] Average on 1 runs - GPU latency: 7.3291 ms - Host latency: 7.39941 ms (enqueue 4.1792 ms)
[10/04/2026-22:05:32] [I] Average on 1 runs - GPU latency: 7.35352 ms - Host latency: 7.43066 ms (enqueue 4.16211 ms)
[10/04/2026-22:05:32] [I] Average on 1 runs - GPU latency: 7.34912 ms - Host latency: 7.41992 ms (enqueue 4.19727 ms)
[10/04/2026-22:05:32] [I] Average on 1 runs - GPU latency: 7.36475 ms - Host latency: 7.44385 ms (enqueue 4.11865 ms)
[10/04/2026-22:05:32] [I] Average on 1 runs - GPU latency: 7.34766 ms - Host latency: 7.41895 ms (enqueue 4.08984 ms)
[10/04/2026-22:05:32] [I] Average on 1 runs - GPU latency: 7.35059 ms - Host latency: 7.42041 ms (enqueue 4.15674 ms)
[10/04/2026-22:05:32] [I] Average on 1 runs - GPU latency: 7.34229 ms - Host latency: 7.42188 ms (enqueue 4.18848 ms)
[10/04/2026-22:05:32] [I] Average on 1 runs - GPU latency: 7.354 ms - Host latency: 7.42432 ms (enqueue 4.13916 ms)
[10/04/2026-22:05:32] [I] Average on 1 runs - GPU latency: 7.3501 ms - Host latency: 7.4209 ms (enqueue 4.14502 ms)
[10/04/2026-22:05:32] [I] Average on 1 runs - GPU latency: 7.3501 ms - Host latency: 7.41992 ms (enqueue 4.17627 ms)
[10/04/2026-22:05:32] [I] Average on 1 runs - GPU latency: 7.35107 ms - Host latency: 7.43115 ms (enqueue 4.18848 ms)
[10/04/2026-22:05:32] [I] Average on 1 runs - GPU latency: 7.34619 ms - Host latency: 7.42627 ms (enqueue 4.11719 ms)
[10/04/2026-22:05:32] [I] Average on 1 runs - GPU latency: 7.35449 ms - Host latency: 7.42529 ms (enqueue 4.13037 ms)
[10/04/2026-22:05:32] [I] Average on 1 runs - GPU latency: 7.35156 ms - Host latency: 7.41406 ms (enqueue 4.13818 ms)
[10/04/2026-22:05:32] [I] Average on 1 runs - GPU latency: 7.34521 ms - Host latency: 7.42529 ms (enqueue 4.15527 ms)
[10/04/2026-22:05:32] [I] Average on 1 runs - GPU latency: 7.34814 ms - Host latency: 7.41797 ms (enqueue 4.13086 ms)
[10/04/2026-22:05:32] [I] Average on 1 runs - GPU latency: 7.34473 ms - Host latency: 7.41553 ms (enqueue 4.14404 ms)
[10/04/2026-22:05:32] [I] Average on 1 runs - GPU latency: 7.34424 ms - Host latency: 7.41113 ms (enqueue 2.99805 ms)
[10/04/2026-22:05:32] [I] Average on 1 runs - GPU latency: 7.35059 ms - Host latency: 7.43408 ms (enqueue 3.16748 ms)
[10/04/2026-22:05:32] [I] Average on 1 runs - GPU latency: 7.3457 ms - Host latency: 7.42188 ms (enqueue 2.68164 ms)
[10/04/2026-22:05:32] [I] Average on 1 runs - GPU latency: 7.36133 ms - Host latency: 7.43457 ms (enqueue 3.01709 ms)
[10/04/2026-22:05:32] [I] Average on 1 runs - GPU latency: 7.31006 ms - Host latency: 7.3833 ms (enqueue 2.57715 ms)
[10/04/2026-22:05:32] [I] Average on 1 runs - GPU latency: 7.34473 ms - Host latency: 7.41357 ms (enqueue 4.25195 ms)
[10/04/2026-22:05:32] [I] Average on 1 runs - GPU latency: 7.34521 ms - Host latency: 7.41699 ms (enqueue 4.21338 ms)
[10/04/2026-22:05:32] [I] Average on 1 runs - GPU latency: 7.34814 ms - Host latency: 7.42236 ms (enqueue 4.27881 ms)
[10/04/2026-22:05:32] [I] Average on 1 runs - GPU latency: 7.31152 ms - Host latency: 7.39307 ms (enqueue 4.15527 ms)
[10/04/2026-22:05:32] [I] Average on 1 runs - GPU latency: 7.35742 ms - Host latency: 7.44092 ms (enqueue 4.15234 ms)
[10/04/2026-22:05:32] [I] Average on 1 runs - GPU latency: 7.34473 ms - Host latency: 7.41748 ms (enqueue 4.19873 ms)
[10/04/2026-22:05:32] [I] Average on 1 runs - GPU latency: 7.33984 ms - Host latency: 7.41455 ms (enqueue 4.17188 ms)
[10/04/2026-22:05:32] [I] Average on 1 runs - GPU latency: 7.32471 ms - Host latency: 7.39502 ms (enqueue 4.15723 ms)
[10/04/2026-22:05:32] [I] Average on 1 runs - GPU latency: 7.34131 ms - Host latency: 7.4126 ms (enqueue 4.16357 ms)
[10/04/2026-22:05:32] [I] Average on 1 runs - GPU latency: 7.34668 ms - Host latency: 7.41797 ms (enqueue 4.19434 ms)
[10/04/2026-22:05:32] [I] Average on 1 runs - GPU latency: 7.3374 ms - Host latency: 7.41211 ms (enqueue 4.18945 ms)
[10/04/2026-22:05:32] [I] Average on 1 runs - GPU latency: 7.33398 ms - Host latency: 7.40479 ms (enqueue 4.17236 ms)
[10/04/2026-22:05:32] [I] Average on 1 runs - GPU latency: 7.34131 ms - Host latency: 7.41357 ms (enqueue 4.1958 ms)
[10/04/2026-22:05:32] [I] Average on 1 runs - GPU latency: 7.34326 ms - Host latency: 7.41357 ms (enqueue 4.17383 ms)
[10/04/2026-22:05:32] [I] Average on 1 runs - GPU latency: 7.34863 ms - Host latency: 7.41943 ms (enqueue 4.17188 ms)
[10/04/2026-22:05:32] [I] Average on 1 runs - GPU latency: 7.33838 ms - Host latency: 7.41553 ms (enqueue 4.15967 ms)
[10/04/2026-22:05:32] [I] Average on 1 runs - GPU latency: 7.34912 ms - Host latency: 7.43262 ms (enqueue 4.18018 ms)
[10/04/2026-22:05:32] [I] Average on 1 runs - GPU latency: 7.34961 ms - Host latency: 7.42041 ms (enqueue 4.19482 ms)
[10/04/2026-22:05:32] [I] Average on 1 runs - GPU latency: 7.34619 ms - Host latency: 7.4165 ms (enqueue 4.18164 ms)
[10/04/2026-22:05:32] [I] Average on 1 runs - GPU latency: 7.34277 ms - Host latency: 7.41992 ms (enqueue 4.18359 ms)
[10/04/2026-22:05:32] [I] Average on 1 runs - GPU latency: 7.35693 ms - Host latency: 7.42676 ms (enqueue 4.18945 ms)
[10/04/2026-22:05:32] [I] Average on 1 runs - GPU latency: 7.34521 ms - Host latency: 7.41504 ms (enqueue 4.15234 ms)
[10/04/2026-22:05:32] [I] Average on 1 runs - GPU latency: 7.3501 ms - Host latency: 7.42139 ms (enqueue 4.1499 ms)
[10/04/2026-22:05:32] [I] Average on 1 runs - GPU latency: 7.34912 ms - Host latency: 7.42529 ms (enqueue 4.17725 ms)
[10/04/2026-22:05:32] [I] Average on 1 runs - GPU latency: 7.34717 ms - Host latency: 7.41211 ms (enqueue 4.20996 ms)
[10/04/2026-22:05:32] [I] Average on 1 runs - GPU latency: 7.34229 ms - Host latency: 7.41162 ms (enqueue 4.16895 ms)
[10/04/2026-22:05:32] [I] Average on 1 runs - GPU latency: 7.34229 ms - Host latency: 7.41992 ms (enqueue 4.18701 ms)
[10/04/2026-22:05:32] [I] Average on 1 runs - GPU latency: 7.34863 ms - Host latency: 7.41943 ms (enqueue 4.21973 ms)
[10/04/2026-22:05:32] [I] Average on 1 runs - GPU latency: 7.34473 ms - Host latency: 7.41602 ms (enqueue 4.15088 ms)
[10/04/2026-22:05:32] [I] Average on 1 runs - GPU latency: 7.33887 ms - Host latency: 7.40918 ms (enqueue 4.20215 ms)
[10/04/2026-22:05:32] [I] Average on 1 runs - GPU latency: 7.34082 ms - Host latency: 7.42578 ms (enqueue 4.23096 ms)
[10/04/2026-22:05:32] [I] Average on 1 runs - GPU latency: 7.34375 ms - Host latency: 7.41553 ms (enqueue 4.13037 ms)
[10/04/2026-22:05:32] [I] Average on 1 runs - GPU latency: 7.34424 ms - Host latency: 7.41064 ms (enqueue 4.11963 ms)
[10/04/2026-22:05:32] [I] Average on 1 runs - GPU latency: 7.35156 ms - Host latency: 7.42139 ms (enqueue 4.15869 ms)
[10/04/2026-22:05:32] [I] Average on 1 runs - GPU latency: 7.33936 ms - Host latency: 7.4126 ms (enqueue 4.17725 ms)
[10/04/2026-22:05:32] [I] Average on 1 runs - GPU latency: 7.3457 ms - Host latency: 7.41553 ms (enqueue 4.14844 ms)
[10/04/2026-22:05:32] [I] Average on 1 runs - GPU latency: 7.33691 ms - Host latency: 7.40771 ms (enqueue 4.13428 ms)
[10/04/2026-22:05:32] [I] Average on 1 runs - GPU latency: 7.35645 ms - Host latency: 7.42822 ms (enqueue 4.13525 ms)
[10/04/2026-22:05:32] [I] Average on 1 runs - GPU latency: 7.34424 ms - Host latency: 7.41406 ms (enqueue 4.14111 ms)
[10/04/2026-22:05:32] [I] Average on 1 runs - GPU latency: 7.35107 ms - Host latency: 7.4209 ms (enqueue 4.16846 ms)
[10/04/2026-22:05:32] [I] Average on 1 runs - GPU latency: 7.32031 ms - Host latency: 7.38525 ms (enqueue 2.03955 ms)
[10/04/2026-22:05:32] [I] Average on 1 runs - GPU latency: 7.34912 ms - Host latency: 7.4209 ms (enqueue 2.95117 ms)
[10/04/2026-22:05:32] [I] Average on 1 runs - GPU latency: 7.3501 ms - Host latency: 7.4209 ms (enqueue 2.83008 ms)
[10/04/2026-22:05:32] [I] Average on 1 runs - GPU latency: 7.34912 ms - Host latency: 7.4209 ms (enqueue 2.61182 ms)
[10/04/2026-22:05:32] [I] Average on 1 runs - GPU latency: 7.3335 ms - Host latency: 7.40332 ms (enqueue 2.72217 ms)
[10/04/2026-22:05:32] [I] Average on 1 runs - GPU latency: 7.32764 ms - Host latency: 7.39893 ms (enqueue 2.47949 ms)
[10/04/2026-22:05:32] [I] Average on 1 runs - GPU latency: 7.34863 ms - Host latency: 7.42139 ms (enqueue 4.20703 ms)
[10/04/2026-22:05:32] [I] Average on 1 runs - GPU latency: 7.34229 ms - Host latency: 7.41846 ms (enqueue 4.17041 ms)
[10/04/2026-22:05:32] [I] Average on 1 runs - GPU latency: 7.33887 ms - Host latency: 7.40918 ms (enqueue 4.14111 ms)
[10/04/2026-22:05:32] [I] Average on 1 runs - GPU latency: 7.33447 ms - Host latency: 7.39844 ms (enqueue 4.14258 ms)
[10/04/2026-22:05:32] [I] Average on 1 runs - GPU latency: 7.34375 ms - Host latency: 7.41504 ms (enqueue 4.16455 ms)
[10/04/2026-22:05:32] [I] Average on 1 runs - GPU latency: 7.35352 ms - Host latency: 7.43311 ms (enqueue 4.17969 ms)
[10/04/2026-22:05:32] [I] Average on 1 runs - GPU latency: 7.34326 ms - Host latency: 7.41455 ms (enqueue 4.11475 ms)
[10/04/2026-22:05:32] [I] Average on 1 runs - GPU latency: 7.33008 ms - Host latency: 7.3999 ms (enqueue 4.1167 ms)
[10/04/2026-22:05:32] [I] Average on 1 runs - GPU latency: 7.35498 ms - Host latency: 7.42627 ms (enqueue 4.11719 ms)
[10/04/2026-22:05:32] [I] Average on 1 runs - GPU latency: 7.34131 ms - Host latency: 7.41113 ms (enqueue 4.17529 ms)
[10/04/2026-22:05:32] [I] Average on 1 runs - GPU latency: 7.34424 ms - Host latency: 7.41699 ms (enqueue 4.1875 ms)
[10/04/2026-22:05:32] [I] Average on 1 runs - GPU latency: 7.33203 ms - Host latency: 7.40527 ms (enqueue 2.02441 ms)
[10/04/2026-22:05:32] [I] Average on 1 runs - GPU latency: 7.34277 ms - Host latency: 7.41406 ms (enqueue 4.16846 ms)
[10/04/2026-22:05:32] [I] Average on 1 runs - GPU latency: 7.33496 ms - Host latency: 7.40723 ms (enqueue 4.13916 ms)
[10/04/2026-22:05:32] [I] Average on 1 runs - GPU latency: 7.34131 ms - Host latency: 7.41211 ms (enqueue 4.19287 ms)
[10/04/2026-22:05:32] [I] Average on 1 runs - GPU latency: 7.31738 ms - Host latency: 7.40381 ms (enqueue 2.7168 ms)
[10/04/2026-22:05:32] [I] Average on 1 runs - GPU latency: 7.33691 ms - Host latency: 7.41113 ms (enqueue 4.11865 ms)
[10/04/2026-22:05:32] [I] Average on 1 runs - GPU latency: 7.34814 ms - Host latency: 7.4209 ms (enqueue 4.09863 ms)
[10/04/2026-22:05:32] [I] Average on 1 runs - GPU latency: 7.34912 ms - Host latency: 7.42041 ms (enqueue 4.14355 ms)
[10/04/2026-22:05:32] [I] Average on 1 runs - GPU latency: 7.28516 ms - Host latency: 7.35693 ms (enqueue 3.75977 ms)
[10/04/2026-22:05:32] [I] Average on 1 runs - GPU latency: 7.3457 ms - Host latency: 7.4165 ms (enqueue 4.12402 ms)
[10/04/2026-22:05:32] [I] Average on 1 runs - GPU latency: 7.35107 ms - Host latency: 7.42188 ms (enqueue 4.11328 ms)
[10/04/2026-22:05:32] [I] Average on 1 runs - GPU latency: 7.34668 ms - Host latency: 7.42041 ms (enqueue 4.13037 ms)
[10/04/2026-22:05:32] [I] Average on 1 runs - GPU latency: 7.3042 ms - Host latency: 7.37451 ms (enqueue 4.11816 ms)
[10/04/2026-22:05:32] [I] Average on 1 runs - GPU latency: 7.33789 ms - Host latency: 7.40869 ms (enqueue 4.14111 ms)
[10/04/2026-22:05:32] [I] Average on 1 runs - GPU latency: 7.34961 ms - Host latency: 7.43506 ms (enqueue 4.13184 ms)
[10/04/2026-22:05:32] [I] Average on 1 runs - GPU latency: 7.34668 ms - Host latency: 7.41797 ms (enqueue 4.12891 ms)
[10/04/2026-22:05:32] [I] Average on 1 runs - GPU latency: 7.32031 ms - Host latency: 7.3999 ms (enqueue 4.16309 ms)
[10/04/2026-22:05:32] [I] Average on 1 runs - GPU latency: 7.34619 ms - Host latency: 7.41748 ms (enqueue 4.09717 ms)
[10/04/2026-22:05:32] [I] Average on 1 runs - GPU latency: 7.35303 ms - Host latency: 7.42236 ms (enqueue 4.12842 ms)
[10/04/2026-22:05:32] [I] Average on 1 runs - GPU latency: 7.3374 ms - Host latency: 7.4082 ms (enqueue 4.15918 ms)
[10/04/2026-22:05:32] [I] Average on 1 runs - GPU latency: 7.32861 ms - Host latency: 7.39941 ms (enqueue 4.13379 ms)
[10/04/2026-22:05:32] [I] Average on 1 runs - GPU latency: 7.33301 ms - Host latency: 7.40625 ms (enqueue 4.15674 ms)
[10/04/2026-22:05:32] [I] Average on 1 runs - GPU latency: 7.3457 ms - Host latency: 7.41797 ms (enqueue 4.146 ms)
[10/04/2026-22:05:32] [I] Average on 1 runs - GPU latency: 7.35205 ms - Host latency: 7.42285 ms (enqueue 4.17188 ms)
[10/04/2026-22:05:32] [I] Average on 1 runs - GPU latency: 7.34814 ms - Host latency: 7.42529 ms (enqueue 4.19678 ms)
[10/04/2026-22:05:32] [I] Average on 1 runs - GPU latency: 7.33545 ms - Host latency: 7.40625 ms (enqueue 4.14746 ms)
[10/04/2026-22:05:32] [I] ... Omitting 841 lines
[10/04/2026-22:05:32] [I] Average on 1 runs - GPU latency: 7.34375 ms - Host latency: 7.42285 ms (enqueue 4.18066 ms)
[10/04/2026-22:05:32] [I] Average on 1 runs - GPU latency: 7.33203 ms - Host latency: 7.4043 ms (enqueue 4.13965 ms)
[10/04/2026-22:05:32] [I] Average on 1 runs - GPU latency: 7.33887 ms - Host latency: 7.41211 ms (enqueue 4.19629 ms)
[10/04/2026-22:05:32] [I] Average on 1 runs - GPU latency: 7.33301 ms - Host latency: 7.40527 ms (enqueue 4.17578 ms)
[10/04/2026-22:05:32] [I] Average on 1 runs - GPU latency: 7.35059 ms - Host latency: 7.43164 ms (enqueue 4.16602 ms)
[10/04/2026-22:05:32] [I] Average on 1 runs - GPU latency: 7.33789 ms - Host latency: 7.41113 ms (enqueue 4.17773 ms)
[10/04/2026-22:05:32] [I] Average on 1 runs - GPU latency: 7.3418 ms - Host latency: 7.42188 ms (enqueue 4.15332 ms)
[10/04/2026-22:05:32] [I] Average on 1 runs - GPU latency: 7.33301 ms - Host latency: 7.40527 ms (enqueue 4.15723 ms)
[10/04/2026-22:05:32] [I] Average on 1 runs - GPU latency: 7.34082 ms - Host latency: 7.41504 ms (enqueue 4.19727 ms)
[10/04/2026-22:05:32] [I] Average on 1 runs - GPU latency: 7.34277 ms - Host latency: 7.41504 ms (enqueue 4.21387 ms)
[10/04/2026-22:05:32] [I] Average on 1 runs - GPU latency: 7.33398 ms - Host latency: 7.40527 ms (enqueue 4.15527 ms)
[10/04/2026-22:05:32] [I] Average on 1 runs - GPU latency: 7.34863 ms - Host latency: 7.41211 ms (enqueue 4.18457 ms)
[10/04/2026-22:05:32] [I] Average on 1 runs - GPU latency: 7.34082 ms - Host latency: 7.43457 ms (enqueue 4.15918 ms)
[10/04/2026-22:05:32] [I] Average on 1 runs - GPU latency: 7.33984 ms - Host latency: 7.41699 ms (enqueue 4.1543 ms)
[10/04/2026-22:05:32] [I] Average on 1 runs - GPU latency: 7.3457 ms - Host latency: 7.41797 ms (enqueue 4.57617 ms)
[10/04/2026-22:05:32] [I] Average on 1 runs - GPU latency: 7.33789 ms - Host latency: 7.40918 ms (enqueue 4.15918 ms)
[10/04/2026-22:05:32] [I] Average on 1 runs - GPU latency: 7.34863 ms - Host latency: 7.4209 ms (enqueue 4.14941 ms)
[10/04/2026-22:05:32] [I] Average on 1 runs - GPU latency: 7.33496 ms - Host latency: 7.40723 ms (enqueue 4.16504 ms)
[10/04/2026-22:05:32] [I] Average on 1 runs - GPU latency: 7.33398 ms - Host latency: 7.41699 ms (enqueue 4.10059 ms)
[10/04/2026-22:05:32] [I] Average on 1 runs - GPU latency: 7.33496 ms - Host latency: 7.40039 ms (enqueue 4.10645 ms)
[10/04/2026-22:05:32] [I] Average on 1 runs - GPU latency: 7.34961 ms - Host latency: 7.42383 ms (enqueue 4.11621 ms)
[10/04/2026-22:05:32] [I] Average on 1 runs - GPU latency: 7.35156 ms - Host latency: 7.43457 ms (enqueue 4.14746 ms)
[10/04/2026-22:05:32] [I] Average on 1 runs - GPU latency: 7.35254 ms - Host latency: 7.4248 ms (enqueue 4.16602 ms)
[10/04/2026-22:05:32] [I] Average on 1 runs - GPU latency: 7.34082 ms - Host latency: 7.40625 ms (enqueue 4.12891 ms)
[10/04/2026-22:05:32] [I] Average on 1 runs - GPU latency: 7.34961 ms - Host latency: 7.4209 ms (enqueue 4.1543 ms)
[10/04/2026-22:05:32] [I] Average on 1 runs - GPU latency: 7.3457 ms - Host latency: 7.42578 ms (enqueue 4.1377 ms)
[10/04/2026-22:05:32] [I] Average on 1 runs - GPU latency: 7.34668 ms - Host latency: 7.4375 ms (enqueue 4.125 ms)
[10/04/2026-22:05:32] [I] Average on 1 runs - GPU latency: 7.33301 ms - Host latency: 7.39844 ms (enqueue 4.18164 ms)
[10/04/2026-22:05:32] [I] Average on 1 runs - GPU latency: 7.34277 ms - Host latency: 7.41309 ms (enqueue 4.20215 ms)
[10/04/2026-22:05:32] [I] Average on 1 runs - GPU latency: 7.35547 ms - Host latency: 7.42773 ms (enqueue 4.18359 ms)
[10/04/2026-22:05:32] [I] Average on 1 runs - GPU latency: 7.34473 ms - Host latency: 7.41504 ms (enqueue 4.15039 ms)
[10/04/2026-22:05:32] [I] Average on 1 runs - GPU latency: 7.33691 ms - Host latency: 7.40234 ms (enqueue 2.04395 ms)
[10/04/2026-22:05:32] [I] Average on 1 runs - GPU latency: 7.34277 ms - Host latency: 7.41602 ms (enqueue 4.13281 ms)
[10/04/2026-22:05:32] [I] Average on 1 runs - GPU latency: 7.35547 ms - Host latency: 7.43652 ms (enqueue 4.19824 ms)
[10/04/2026-22:05:32] [I] Average on 1 runs - GPU latency: 7.36035 ms - Host latency: 7.44238 ms (enqueue 3.06348 ms)
[10/04/2026-22:05:32] [I] Average on 1 runs - GPU latency: 7.28711 ms - Host latency: 7.36328 ms (enqueue 2.72754 ms)
[10/04/2026-22:05:32] [I] Average on 1 runs - GPU latency: 7.34473 ms - Host latency: 7.41895 ms (enqueue 2.82324 ms)
[10/04/2026-22:05:32] [I] Average on 1 runs - GPU latency: 7.3457 ms - Host latency: 7.4209 ms (enqueue 2.76367 ms)
[10/04/2026-22:05:32] [I] Average on 1 runs - GPU latency: 7.34863 ms - Host latency: 7.41699 ms (enqueue 2.52246 ms)
[10/04/2026-22:05:32] [I] Average on 1 runs - GPU latency: 7.34375 ms - Host latency: 7.41797 ms (enqueue 4.17871 ms)
[10/04/2026-22:05:32] [I] Average on 1 runs - GPU latency: 7.33984 ms - Host latency: 7.40527 ms (enqueue 4.12402 ms)
[10/04/2026-22:05:32] [I] Average on 1 runs - GPU latency: 7.33789 ms - Host latency: 7.41016 ms (enqueue 4.11328 ms)
[10/04/2026-22:05:32] [I] Average on 1 runs - GPU latency: 7.34082 ms - Host latency: 7.41406 ms (enqueue 4.16016 ms)
[10/04/2026-22:05:32] [I] Average on 1 runs - GPU latency: 7.34473 ms - Host latency: 7.41895 ms (enqueue 4.12012 ms)
[10/04/2026-22:05:32] [I] Average on 1 runs - GPU latency: 7.34473 ms - Host latency: 7.4082 ms (enqueue 4.11523 ms)
[10/04/2026-22:05:32] [I] Average on 1 runs - GPU latency: 7.33398 ms - Host latency: 7.4082 ms (enqueue 4.21484 ms)
[10/04/2026-22:05:32] [I] Average on 1 runs - GPU latency: 7.34668 ms - Host latency: 7.41895 ms (enqueue 4.14648 ms)
[10/04/2026-22:05:32] [I] Average on 1 runs - GPU latency: 7.35156 ms - Host latency: 7.43457 ms (enqueue 4.14648 ms)
[10/04/2026-22:05:32] [I] Average on 1 runs - GPU latency: 7.32422 ms - Host latency: 7.38867 ms (enqueue 2.47266 ms)
[10/04/2026-22:05:32] [I] Average on 1 runs - GPU latency: 7.34766 ms - Host latency: 7.42188 ms (enqueue 4.17578 ms)
[10/04/2026-22:05:32] [I] Average on 1 runs - GPU latency: 7.34668 ms - Host latency: 7.41699 ms (enqueue 4.17188 ms)
[10/04/2026-22:05:32] [I] Average on 1 runs - GPU latency: 7.34668 ms - Host latency: 7.41895 ms (enqueue 4.1543 ms)
[10/04/2026-22:05:32] [I] Average on 1 runs - GPU latency: 7.28125 ms - Host latency: 7.35254 ms (enqueue 2.58008 ms)
[10/04/2026-22:05:32] [I] Average on 1 runs - GPU latency: 7.34668 ms - Host latency: 7.41895 ms (enqueue 4.20605 ms)
[10/04/2026-22:05:32] [I] Average on 1 runs - GPU latency: 7.33594 ms - Host latency: 7.4082 ms (enqueue 4.21484 ms)
[10/04/2026-22:05:32] [I] Average on 1 runs - GPU latency: 7.33691 ms - Host latency: 7.41309 ms (enqueue 4.25293 ms)
[10/04/2026-22:05:32] [I] Average on 1 runs - GPU latency: 7.31152 ms - Host latency: 7.38281 ms (enqueue 3.65527 ms)
[10/04/2026-22:05:32] [I] Average on 1 runs - GPU latency: 7.33887 ms - Host latency: 7.41016 ms (enqueue 4.21582 ms)
[10/04/2026-22:05:32] [I] Average on 1 runs - GPU latency: 7.33887 ms - Host latency: 7.41016 ms (enqueue 4.14844 ms)
[10/04/2026-22:05:32] [I] Average on 1 runs - GPU latency: 7.3418 ms - Host latency: 7.41309 ms (enqueue 4.18359 ms)
[10/04/2026-22:05:32] [I] Average on 1 runs - GPU latency: 7.32129 ms - Host latency: 7.39746 ms (enqueue 4.16211 ms)
[10/04/2026-22:05:32] [I] Average on 1 runs - GPU latency: 7.3418 ms - Host latency: 7.41211 ms (enqueue 4.15527 ms)
[10/04/2026-22:05:32] [I] Average on 1 runs - GPU latency: 7.34375 ms - Host latency: 7.41504 ms (enqueue 4.15332 ms)
[10/04/2026-22:05:32] [I] Average on 1 runs - GPU latency: 7.33887 ms - Host latency: 7.41016 ms (enqueue 4.23047 ms)
[10/04/2026-22:05:32] [I] Average on 1 runs - GPU latency: 7.31152 ms - Host latency: 7.38965 ms (enqueue 4.18457 ms)
[10/04/2026-22:05:32] [I] Average on 1 runs - GPU latency: 7.34863 ms - Host latency: 7.42383 ms (enqueue 4.20703 ms)
[10/04/2026-22:05:32] [I] Average on 1 runs - GPU latency: 7.35547 ms - Host latency: 7.42773 ms (enqueue 4.16016 ms)
[10/04/2026-22:05:32] [I] Average on 1 runs - GPU latency: 7.33594 ms - Host latency: 7.42188 ms (enqueue 4.14844 ms)
[10/04/2026-22:05:32] [I] Average on 1 runs - GPU latency: 7.32031 ms - Host latency: 7.4043 ms (enqueue 4.31836 ms)
[10/04/2026-22:05:32] [I] Average on 1 runs - GPU latency: 7.33789 ms - Host latency: 7.41016 ms (enqueue 4.17578 ms)
[10/04/2026-22:05:32] [I] Average on 1 runs - GPU latency: 7.33984 ms - Host latency: 7.41016 ms (enqueue 4.16797 ms)
[10/04/2026-22:05:32] [I] Average on 1 runs - GPU latency: 7.3457 ms - Host latency: 7.41602 ms (enqueue 4.16602 ms)
[10/04/2026-22:05:32] [I] Average on 1 runs - GPU latency: 7.32227 ms - Host latency: 7.39258 ms (enqueue 4.17383 ms)
[10/04/2026-22:05:32] [I] Average on 1 runs - GPU latency: 7.35938 ms - Host latency: 7.42969 ms (enqueue 4.16797 ms)
[10/04/2026-22:05:32] [I] Average on 1 runs - GPU latency: 7.34766 ms - Host latency: 7.41797 ms (enqueue 4.15039 ms)
[10/04/2026-22:05:32] [I] Average on 1 runs - GPU latency: 7.3457 ms - Host latency: 7.42578 ms (enqueue 4.14258 ms)
[10/04/2026-22:05:32] [I] Average on 1 runs - GPU latency: 7.3418 ms - Host latency: 7.41406 ms (enqueue 4.17578 ms)
[10/04/2026-22:05:32] [I] Average on 1 runs - GPU latency: 7.3457 ms - Host latency: 7.41016 ms (enqueue 4.20703 ms)
[10/04/2026-22:05:32] [I] Average on 1 runs - GPU latency: 7.34961 ms - Host latency: 7.42969 ms (enqueue 4.17383 ms)
[10/04/2026-22:05:32] [I] Average on 1 runs - GPU latency: 7.34961 ms - Host latency: 7.42188 ms (enqueue 3.69922 ms)
[10/04/2026-22:05:32] [I] Average on 1 runs - GPU latency: 7.33984 ms - Host latency: 7.42383 ms (enqueue 3.14258 ms)
[10/04/2026-22:05:32] [I] Average on 1 runs - GPU latency: 7.34961 ms - Host latency: 7.43359 ms (enqueue 2.71875 ms)
[10/04/2026-22:05:32] [I] Average on 1 runs - GPU latency: 7.34766 ms - Host latency: 7.42578 ms (enqueue 2.57031 ms)
[10/04/2026-22:05:32] [I] Average on 1 runs - GPU latency: 7.3457 ms - Host latency: 7.41602 ms (enqueue 2.67578 ms)
[10/04/2026-22:05:32] [I] Average on 1 runs - GPU latency: 7.34375 ms - Host latency: 7.41797 ms (enqueue 2.39258 ms)
[10/04/2026-22:05:32] [I] Average on 1 runs - GPU latency: 7.29883 ms - Host latency: 7.38281 ms (enqueue 3.88672 ms)
[10/04/2026-22:05:32] [I] Average on 1 runs - GPU latency: 7.34961 ms - Host latency: 7.46094 ms (enqueue 4.14453 ms)
[10/04/2026-22:05:32] [I] Average on 1 runs - GPU latency: 7.34961 ms - Host latency: 7.43164 ms (enqueue 4.11523 ms)
[10/04/2026-22:05:32] [I] Average on 1 runs - GPU latency: 7.3418 ms - Host latency: 7.42188 ms (enqueue 4.12305 ms)
[10/04/2026-22:05:32] [I] Average on 1 runs - GPU latency: 7.31055 ms - Host latency: 7.39453 ms (enqueue 4.05859 ms)
[10/04/2026-22:05:32] [I] Average on 1 runs - GPU latency: 7.34375 ms - Host latency: 7.42578 ms (enqueue 4.13086 ms)
[10/04/2026-22:05:32] [I] Average on 1 runs - GPU latency: 7.29297 ms - Host latency: 7.36523 ms (enqueue 3.43555 ms)
[10/04/2026-22:05:32] [I] Average on 1 runs - GPU latency: 7.35742 ms - Host latency: 7.43164 ms (enqueue 4.125 ms)
[10/04/2026-22:05:32] [I] Average on 1 runs - GPU latency: 7.33008 ms - Host latency: 7.40234 ms (enqueue 4.13672 ms)
[10/04/2026-22:05:32] [I] Average on 1 runs - GPU latency: 7.33984 ms - Host latency: 7.41016 ms (enqueue 4.11719 ms)
[10/04/2026-22:05:32] [I] Average on 1 runs - GPU latency: 7.33594 ms - Host latency: 7.42188 ms (enqueue 4.19922 ms)
[10/04/2026-22:05:32] [I] Average on 1 runs - GPU latency: 7.34766 ms - Host latency: 7.41797 ms (enqueue 4.11523 ms)
[10/04/2026-22:05:32] [I] Average on 1 runs - GPU latency: 7.34375 ms - Host latency: 7.41211 ms (enqueue 4.15625 ms)
[10/04/2026-22:05:32] [I] Average on 1 runs - GPU latency: 7.34766 ms - Host latency: 7.41797 ms (enqueue 4.13086 ms)
[10/04/2026-22:05:32] [I] Average on 1 runs - GPU latency: 7.35156 ms - Host latency: 7.42188 ms (enqueue 4.1582 ms)
[10/04/2026-22:05:32] [I] Average on 1 runs - GPU latency: 7.32812 ms - Host latency: 7.39844 ms (enqueue 4.15234 ms)
[10/04/2026-22:05:32] [I] Average on 1 runs - GPU latency: 7.35547 ms - Host latency: 7.42773 ms (enqueue 4.11719 ms)
[10/04/2026-22:05:32] [I] Average on 1 runs - GPU latency: 7.34375 ms - Host latency: 7.41602 ms (enqueue 4.11328 ms)
[10/04/2026-22:05:32] [I] Average on 1 runs - GPU latency: 7.33984 ms - Host latency: 7.41406 ms (enqueue 4.16406 ms)
[10/04/2026-22:05:32] [I] Average on 1 runs - GPU latency: 7.3457 ms - Host latency: 7.41797 ms (enqueue 4.17188 ms)
[10/04/2026-22:05:32] [I] Average on 1 runs - GPU latency: 7.35547 ms - Host latency: 7.43359 ms (enqueue 4.13867 ms)
[10/04/2026-22:05:32] [I] Average on 1 runs - GPU latency: 7.35547 ms - Host latency: 7.41992 ms (enqueue 4.17578 ms)
[10/04/2026-22:05:32] [I] Average on 1 runs - GPU latency: 7.34375 ms - Host latency: 7.41406 ms (enqueue 4.17383 ms)
[10/04/2026-22:05:32] [I] Average on 1 runs - GPU latency: 7.34375 ms - Host latency: 7.42383 ms (enqueue 4.16016 ms)
[10/04/2026-22:05:32] [I] Average on 1 runs - GPU latency: 7.34766 ms - Host latency: 7.41992 ms (enqueue 4.14844 ms)
[10/04/2026-22:05:32] [I] Average on 1 runs - GPU latency: 7.34375 ms - Host latency: 7.40625 ms (enqueue 4.16602 ms)
[10/04/2026-22:05:32] [I] Average on 1 runs - GPU latency: 7.33984 ms - Host latency: 7.41211 ms (enqueue 4.17578 ms)
[10/04/2026-22:05:32] [I] Average on 1 runs - GPU latency: 7.3457 ms - Host latency: 7.41602 ms (enqueue 4.10742 ms)
[10/04/2026-22:05:32] [I] Average on 1 runs - GPU latency: 7.34375 ms - Host latency: 7.41406 ms (enqueue 4.14453 ms)
[10/04/2026-22:05:32] [I] Average on 1 runs - GPU latency: 7.34961 ms - Host latency: 7.41406 ms (enqueue 4.15039 ms)
[10/04/2026-22:05:32] [I] Average on 1 runs - GPU latency: 7.34766 ms - Host latency: 7.41992 ms (enqueue 4.16406 ms)
[10/04/2026-22:05:32] [I] Average on 1 runs - GPU latency: 7.33594 ms - Host latency: 7.40625 ms (enqueue 4.1543 ms)
[10/04/2026-22:05:32] [I] Average on 1 runs - GPU latency: 7.33984 ms - Host latency: 7.41016 ms (enqueue 4.1875 ms)
[10/04/2026-22:05:32] [I] Average on 1 runs - GPU latency: 7.3125 ms - Host latency: 7.37695 ms (enqueue 2.03516 ms)
[10/04/2026-22:05:32] [I] Average on 1 runs - GPU latency: 7.3457 ms - Host latency: 7.41797 ms (enqueue 4.1543 ms)
[10/04/2026-22:05:32] [I] Average on 1 runs - GPU latency: 7.3457 ms - Host latency: 7.41602 ms (enqueue 4.14453 ms)
[10/04/2026-22:05:32] [I] Average on 1 runs - GPU latency: 7.33789 ms - Host latency: 7.41211 ms (enqueue 4.11328 ms)
[10/04/2026-22:05:32] [I] Average on 1 runs - GPU latency: 7.26953 ms - Host latency: 7.34375 ms (enqueue 2.76953 ms)
[10/04/2026-22:05:32] [I] Average on 1 runs - GPU latency: 7.35547 ms - Host latency: 7.42578 ms (enqueue 4.14453 ms)
[10/04/2026-22:05:32] [I] Average on 1 runs - GPU latency: 7.33984 ms - Host latency: 7.41211 ms (enqueue 4.125 ms)
[10/04/2026-22:05:32] [I] Average on 1 runs - GPU latency: 7.35547 ms - Host latency: 7.42578 ms (enqueue 3.37891 ms)
[10/04/2026-22:05:32] [I] Average on 1 runs - GPU latency: 7.30469 ms - Host latency: 7.38672 ms (enqueue 2.96289 ms)
[10/04/2026-22:05:32] [I] Average on 1 runs - GPU latency: 7.33594 ms - Host latency: 7.4082 ms (enqueue 2.67578 ms)
[10/04/2026-22:05:32] [I] Average on 1 runs - GPU latency: 7.34766 ms - Host latency: 7.41602 ms (enqueue 3.0293 ms)
[10/04/2026-22:05:32] [I] Average on 1 runs - GPU latency: 7.3457 ms - Host latency: 7.41406 ms (enqueue 2.56836 ms)
[10/04/2026-22:05:32] [I] Average on 1 runs - GPU latency: 7.34375 ms - Host latency: 7.41406 ms (enqueue 3.11914 ms)
[10/04/2026-22:05:32] [I] Average on 1 runs - GPU latency: 7.33398 ms - Host latency: 7.40039 ms (enqueue 2.13672 ms)
[10/04/2026-22:05:32] [I] Average on 1 runs - GPU latency: 7.34766 ms - Host latency: 7.41992 ms (enqueue 4.21875 ms)
[10/04/2026-22:05:32] [I] Average on 1 runs - GPU latency: 7.3457 ms - Host latency: 7.42383 ms (enqueue 4.22266 ms)
[10/04/2026-22:05:32] [I] Average on 1 runs - GPU latency: 7.3457 ms - Host latency: 7.41406 ms (enqueue 4.17773 ms)
[10/04/2026-22:05:32] [I] Average on 1 runs - GPU latency: 7.30273 ms - Host latency: 7.375 ms (enqueue 3.09961 ms)
[10/04/2026-22:05:32] [I] Average on 1 runs - GPU latency: 7.34766 ms - Host latency: 7.44141 ms (enqueue 4.17773 ms)
[10/04/2026-22:05:32] [I] Average on 1 runs - GPU latency: 7.3418 ms - Host latency: 7.41406 ms (enqueue 4.16211 ms)
[10/04/2026-22:05:32] [I] Average on 1 runs - GPU latency: 7.33984 ms - Host latency: 7.41211 ms (enqueue 4.14258 ms)
[10/04/2026-22:05:32] [I] Average on 1 runs - GPU latency: 7.30273 ms - Host latency: 7.37305 ms (enqueue 3.99805 ms)
[10/04/2026-22:05:32] [I] Average on 1 runs - GPU latency: 7.3457 ms - Host latency: 7.42383 ms (enqueue 4.2207 ms)
[10/04/2026-22:05:32] [I] Average on 1 runs - GPU latency: 7.34375 ms - Host latency: 7.41602 ms (enqueue 4.16406 ms)
[10/04/2026-22:05:32] [I] Average on 1 runs - GPU latency: 7.35352 ms - Host latency: 7.42578 ms (enqueue 4.10352 ms)
[10/04/2026-22:05:32] [I] Average on 1 runs - GPU latency: 7.31445 ms - Host latency: 7.38672 ms (enqueue 4.13867 ms)
[10/04/2026-22:05:32] [I] Average on 1 runs - GPU latency: 7.35156 ms - Host latency: 7.41992 ms (enqueue 4.11719 ms)
[10/04/2026-22:05:32] [I] Average on 1 runs - GPU latency: 7.35547 ms - Host latency: 7.43164 ms (enqueue 4.13867 ms)
[10/04/2026-22:05:32] [I] Average on 1 runs - GPU latency: 7.33984 ms - Host latency: 7.41016 ms (enqueue 4.17188 ms)
[10/04/2026-22:05:32] [I] Average on 1 runs - GPU latency: 7.33008 ms - Host latency: 7.40039 ms (enqueue 4.15039 ms)
[10/04/2026-22:05:32] [I] Average on 1 runs - GPU latency: 7.34766 ms - Host latency: 7.41797 ms (enqueue 4.14453 ms)
[10/04/2026-22:05:32] [I] Average on 1 runs - GPU latency: 7.34961 ms - Host latency: 7.41992 ms (enqueue 4.16016 ms)
[10/04/2026-22:05:32] [I] Average on 1 runs - GPU latency: 7.34766 ms - Host latency: 7.41992 ms (enqueue 4.19727 ms)
[10/04/2026-22:05:32] [I] Average on 1 runs - GPU latency: 7.33594 ms - Host latency: 7.40625 ms (enqueue 4.15625 ms)
[10/04/2026-22:05:32] [I] Average on 1 runs - GPU latency: 7.34375 ms - Host latency: 7.41406 ms (enqueue 4.17773 ms)
[10/04/2026-22:05:32] [I] Average on 1 runs - GPU latency: 7.34766 ms - Host latency: 7.43359 ms (enqueue 4.24609 ms)
[10/04/2026-22:05:32] [I] Average on 1 runs - GPU latency: 7.34961 ms - Host latency: 7.42188 ms (enqueue 4.14648 ms)
[10/04/2026-22:05:32] [I] Average on 1 runs - GPU latency: 7.34961 ms - Host latency: 7.42188 ms (enqueue 4.11523 ms)
[10/04/2026-22:05:32] [I] Average on 1 runs - GPU latency: 7.33789 ms - Host latency: 7.4082 ms (enqueue 4.12109 ms)
[10/04/2026-22:05:32] [I] Average on 1 runs - GPU latency: 7.33984 ms - Host latency: 7.41016 ms (enqueue 4.14062 ms)
[10/04/2026-22:05:32] [I] Average on 1 runs - GPU latency: 7.3457 ms - Host latency: 7.41602 ms (enqueue 4.18359 ms)
[10/04/2026-22:05:32] [I] Average on 1 runs - GPU latency: 7.3457 ms - Host latency: 7.41602 ms (enqueue 4.15039 ms)
[10/04/2026-22:05:32] [I] Average on 1 runs - GPU latency: 7.34766 ms - Host latency: 7.41797 ms (enqueue 4.14062 ms)
[10/04/2026-22:05:32] [I] Average on 1 runs - GPU latency: 7.35156 ms - Host latency: 7.42188 ms (enqueue 4.14258 ms)
[10/04/2026-22:05:32] [I] Average on 1 runs - GPU latency: 7.3418 ms - Host latency: 7.41406 ms (enqueue 4.18555 ms)
[10/04/2026-22:05:32] [I] Average on 1 runs - GPU latency: 7.34766 ms - Host latency: 7.41992 ms (enqueue 4.19727 ms)
[10/04/2026-22:05:32] [I] Average on 1 runs - GPU latency: 7.34766 ms - Host latency: 7.41406 ms (enqueue 4.125 ms)
[10/04/2026-22:05:32] [I] Average on 1 runs - GPU latency: 7.33398 ms - Host latency: 7.41016 ms (enqueue 4.16406 ms)
[10/04/2026-22:05:32] [I] Average on 1 runs - GPU latency: 7.35352 ms - Host latency: 7.42578 ms (enqueue 4.14844 ms)
[10/04/2026-22:05:32] [I] Average on 1 runs - GPU latency: 7.3418 ms - Host latency: 7.41602 ms (enqueue 4.10742 ms)
[10/04/2026-22:05:32] [I] Average on 1 runs - GPU latency: 7.3457 ms - Host latency: 7.41406 ms (enqueue 4.13086 ms)
[10/04/2026-22:05:32] [I] Average on 1 runs - GPU latency: 7.34766 ms - Host latency: 7.41992 ms (enqueue 4.16016 ms)
[10/04/2026-22:05:32] [I] Average on 1 runs - GPU latency: 7.34375 ms - Host latency: 7.41406 ms (enqueue 4.18945 ms)
[10/04/2026-22:05:32] [I] Average on 1 runs - GPU latency: 7.34961 ms - Host latency: 7.41602 ms (enqueue 2.94336 ms)
[10/04/2026-22:05:32] [I] Average on 1 runs - GPU latency: 7.32227 ms - Host latency: 7.39844 ms (enqueue 2.29492 ms)
[10/04/2026-22:05:32] [I] Average on 1 runs - GPU latency: 7.35547 ms - Host latency: 7.42969 ms (enqueue 2.65625 ms)
[10/04/2026-22:05:32] [I] Average on 1 runs - GPU latency: 7.34375 ms - Host latency: 7.41602 ms (enqueue 3.03125 ms)
[10/04/2026-22:05:32] [I] Average on 1 runs - GPU latency: 7.35352 ms - Host latency: 7.42773 ms (enqueue 2.70703 ms)
[10/04/2026-22:05:32] [I] Average on 1 runs - GPU latency: 7.32227 ms - Host latency: 7.39258 ms (enqueue 2.70508 ms)
[10/04/2026-22:05:32] [I] Average on 1 runs - GPU latency: 7.3457 ms - Host latency: 7.43359 ms (enqueue 4.2168 ms)
[10/04/2026-22:05:32] [I] Average on 1 runs - GPU latency: 7.34961 ms - Host latency: 7.42969 ms (enqueue 4.22461 ms)
[10/04/2026-22:05:32] [I] Average on 1 runs - GPU latency: 7.35156 ms - Host latency: 7.42773 ms (enqueue 4.18359 ms)
[10/04/2026-22:05:32] [I] Average on 1 runs - GPU latency: 7.34961 ms - Host latency: 7.43164 ms (enqueue 4.18164 ms)
[10/04/2026-22:05:32] [I] Average on 1 runs - GPU latency: 7.34766 ms - Host latency: 7.41797 ms (enqueue 4.11914 ms)
[10/04/2026-22:05:32] [I] Average on 1 runs - GPU latency: 7.34375 ms - Host latency: 7.41406 ms (enqueue 4.13281 ms)
[10/04/2026-22:05:32] [I] Average on 1 runs - GPU latency: 7.34961 ms - Host latency: 7.41992 ms (enqueue 4.16016 ms)
[10/04/2026-22:05:32] [I] Average on 1 runs - GPU latency: 7.34766 ms - Host latency: 7.41992 ms (enqueue 4.16602 ms)
[10/04/2026-22:05:32] [I] Average on 1 runs - GPU latency: 7.3457 ms - Host latency: 7.42383 ms (enqueue 4.14648 ms)
[10/04/2026-22:05:32] [I] Average on 1 runs - GPU latency: 7.34375 ms - Host latency: 7.41406 ms (enqueue 4.18555 ms)
[10/04/2026-22:05:32] [I] Average on 1 runs - GPU latency: 7.34375 ms - Host latency: 7.41406 ms (enqueue 4.14258 ms)
[10/04/2026-22:05:32] [I] Average on 1 runs - GPU latency: 7.35156 ms - Host latency: 7.42188 ms (enqueue 4.18359 ms)
[10/04/2026-22:05:32] [I] Average on 1 runs - GPU latency: 7.34961 ms - Host latency: 7.41406 ms (enqueue 4.16406 ms)
[10/04/2026-22:05:32] [I] Average on 1 runs - GPU latency: 7.3457 ms - Host latency: 7.41602 ms (enqueue 4.1543 ms)
[10/04/2026-22:05:32] [I] Average on 1 runs - GPU latency: 7.33789 ms - Host latency: 7.41797 ms (enqueue 4.21875 ms)
[10/04/2026-22:05:32] [I] Average on 1 runs - GPU latency: 7.35352 ms - Host latency: 7.42383 ms (enqueue 4.16211 ms)
[10/04/2026-22:05:32] [I] Average on 1 runs - GPU latency: 7.35156 ms - Host latency: 7.42188 ms (enqueue 4.16602 ms)
[10/04/2026-22:05:32] [I] Average on 1 runs - GPU latency: 7.35352 ms - Host latency: 7.42773 ms (enqueue 4.16406 ms)
[10/04/2026-22:05:32] [I] Average on 1 runs - GPU latency: 7.34961 ms - Host latency: 7.42188 ms (enqueue 4.2168 ms)
[10/04/2026-22:05:32] [I] Average on 1 runs - GPU latency: 7.3457 ms - Host latency: 7.42188 ms (enqueue 4.18359 ms)
[10/04/2026-22:05:32] [I] Average on 1 runs - GPU latency: 7.35938 ms - Host latency: 7.42188 ms (enqueue 4.17188 ms)
[10/04/2026-22:05:32] [I] Average on 1 runs - GPU latency: 7.33594 ms - Host latency: 7.41406 ms (enqueue 4.19336 ms)
[10/04/2026-22:05:32] [I] Average on 1 runs - GPU latency: 7.33398 ms - Host latency: 7.40625 ms (enqueue 4.17773 ms)
[10/04/2026-22:05:32] [I] Average on 1 runs - GPU latency: 7.35156 ms - Host latency: 7.42969 ms (enqueue 4.13477 ms)
[10/04/2026-22:05:32] [I] 
[10/04/2026-22:05:32] [I] === Performance summary ===
[10/04/2026-22:05:32] [I] Throughput: 82.6034 qps
[10/04/2026-22:05:32] [I] Latency: min = 6.8208 ms, max = 7.46777 ms, mean = 7.37492 ms, median = 7.41699 ms, percentile(90%) = 7.42822 ms, percentile(95%) = 7.43262 ms, percentile(99%) = 7.44238 ms
[10/04/2026-22:05:32] [I] Enqueue Time: min = 1.99121 ms, max = 4.57617 ms, mean = 3.93428 ms, median = 4.15137 ms, percentile(90%) = 4.20703 ms, percentile(95%) = 4.22705 ms, percentile(99%) = 4.27051 ms
[10/04/2026-22:05:32] [I] H2D Latency: min = 0.0551758 ms, max = 0.162598 ms, mean = 0.0693033 ms, median = 0.0673828 ms, percentile(90%) = 0.0761719 ms, percentile(95%) = 0.0791016 ms, percentile(99%) = 0.0908203 ms
[10/04/2026-22:05:32] [I] GPU Compute Time: min = 6.75171 ms, max = 7.36523 ms, mean = 7.30161 ms, median = 7.34424 ms, percentile(90%) = 7.35254 ms, percentile(95%) = 7.35547 ms, percentile(99%) = 7.35938 ms
[10/04/2026-22:05:32] [I] D2H Latency: min = 0.00195312 ms, max = 0.00927734 ms, mean = 0.00400698 ms, median = 0.00390625 ms, percentile(90%) = 0.00488281 ms, percentile(95%) = 0.00488281 ms, percentile(99%) = 0.00488281 ms
[10/04/2026-22:05:32] [I] Total Host Walltime: 15.0236 s
[10/04/2026-22:05:32] [I] Total GPU Compute Time: 9.06129 s
[10/04/2026-22:05:32] [I] Explanations of the performance metrics are printed in the verbose logs.
[10/04/2026-22:05:32] [I] 
&&&& PASSED TensorRT.trtexec [TensorRT v100300] # /usr/src/tensorrt/bin/trtexec --loadEngine=/tmp/engines/y26s_640_uint8_opt3.engine --warmUp=3000 --duration=15 --idleTime=8 --avgRuns=1
