&&&& RUNNING TensorRT.trtexec [TensorRT v100300] # /usr/src/tensorrt/bin/trtexec --loadEngine=/tmp/yolo26n_84172_uint8_fp16_opt3.engine --warmUp=3000 --duration=15 --idleTime=1 --avgRuns=1
[10/04/2026-21:58:34] [I] === Model Options ===
[10/04/2026-21:58:34] [I] Format: *
[10/04/2026-21:58:34] [I] Model: 
[10/04/2026-21:58:34] [I] Output:
[10/04/2026-21:58:34] [I] 
[10/04/2026-21:58:34] [I] === System Options ===
[10/04/2026-21:58:34] [I] Device: 0
[10/04/2026-21:58:34] [I] DLACore: 
[10/04/2026-21:58:34] [I] Plugins:
[10/04/2026-21:58:34] [I] setPluginsToSerialize:
[10/04/2026-21:58:34] [I] dynamicPlugins:
[10/04/2026-21:58:34] [I] ignoreParsedPluginLibs: 0
[10/04/2026-21:58:34] [I] 
[10/04/2026-21:58:34] [I] === Inference Options ===
[10/04/2026-21:58:34] [I] Batch: Explicit
[10/04/2026-21:58:34] [I] Input inference shapes: model
[10/04/2026-21:58:34] [I] Iterations: 10
[10/04/2026-21:58:34] [I] Duration: 15s (+ 3000ms warm up)
[10/04/2026-21:58:34] [I] Sleep time: 0ms
[10/04/2026-21:58:34] [I] Idle time: 1ms
[10/04/2026-21:58:34] [I] Inference Streams: 1
[10/04/2026-21:58:34] [I] ExposeDMA: Disabled
[10/04/2026-21:58:34] [I] Data transfers: Enabled
[10/04/2026-21:58:34] [I] Spin-wait: Disabled
[10/04/2026-21:58:34] [I] Multithreading: Disabled
[10/04/2026-21:58:34] [I] CUDA Graph: Disabled
[10/04/2026-21:58:34] [I] Separate profiling: Disabled
[10/04/2026-21:58:34] [I] Time Deserialize: Disabled
[10/04/2026-21:58:34] [I] Time Refit: Disabled
[10/04/2026-21:58:34] [I] NVTX verbosity: 0
[10/04/2026-21:58:34] [I] Persistent Cache Ratio: 0
[10/04/2026-21:58:34] [I] Optimization Profile Index: 0
[10/04/2026-21:58:34] [I] Weight Streaming Budget: 100.000000%
[10/04/2026-21:58:34] [I] Inputs:
[10/04/2026-21:58:34] [I] Debug Tensor Save Destinations:
[10/04/2026-21:58:34] [I] === Reporting Options ===
[10/04/2026-21:58:34] [I] Verbose: Disabled
[10/04/2026-21:58:34] [I] Averages: 1 inferences
[10/04/2026-21:58:34] [I] Percentiles: 90,95,99
[10/04/2026-21:58:34] [I] Dump refittable layers:Disabled
[10/04/2026-21:58:34] [I] Dump output: Disabled
[10/04/2026-21:58:34] [I] Profile: Disabled
[10/04/2026-21:58:34] [I] Export timing to JSON file: 
[10/04/2026-21:58:34] [I] Export output to JSON file: 
[10/04/2026-21:58:34] [I] Export profile to JSON file: 
[10/04/2026-21:58:34] [I] 
[10/04/2026-21:58:34] [I] === Device Information ===
[10/04/2026-21:58:34] [I] Available Devices: 
[10/04/2026-21:58:34] [I]   Device 0: "Orin" UUID: GPU-6e16c2c1-e394-5324-8f2e-63a975968f4e
[10/04/2026-21:58:34] [I] Selected Device: Orin
[10/04/2026-21:58:34] [I] Selected Device ID: 0
[10/04/2026-21:58:34] [I] Selected Device UUID: GPU-6e16c2c1-e394-5324-8f2e-63a975968f4e
[10/04/2026-21:58:34] [I] Compute Capability: 8.7
[10/04/2026-21:58:34] [I] SMs: 8
[10/04/2026-21:58:34] [I] Device Global Memory: 7607 MiB
[10/04/2026-21:58:34] [I] Shared Memory per SM: 164 KiB
[10/04/2026-21:58:34] [I] Memory Bus Width: 128 bits (ECC disabled)
[10/04/2026-21:58:34] [I] Application Compute Clock Rate: 1.02 GHz
[10/04/2026-21:58:34] [I] Application Memory Clock Rate: 1.02 GHz
[10/04/2026-21:58:34] [I] 
[10/04/2026-21:58:34] [I] Note: The application clock rates do not reflect the actual clock rates that the GPU is currently running at.
[10/04/2026-21:58:34] [I] 
[10/04/2026-21:58:34] [I] TensorRT version: 10.3.0
[10/04/2026-21:58:34] [I] Loading standard plugins
[10/04/2026-21:58:34] [I] [TRT] Loaded engine size: 7 MiB
[10/04/2026-21:58:34] [I] Engine deserialized in 0.0789109 sec.
[10/04/2026-21:58:34] [I] [TRT] [MemUsageChange] TensorRT-managed allocation in IExecutionContext creation: CPU +0, GPU +12, now: CPU 0, GPU 16 (MiB)
[10/04/2026-21:58:34] [I] Setting persistentCacheLimit to 0 bytes.
[10/04/2026-21:58:34] [I] Created execution context with device memory size: 12.207 MiB
[10/04/2026-21:58:34] [I] Using random values for input images
[10/04/2026-21:58:34] [I] Input binding for images with dimensions 1x640x640x3 is created.
[10/04/2026-21:58:34] [I] Output binding for output0 with dimensions 1x300x6 is created.
[10/04/2026-21:58:34] [I] Starting inference
[10/04/2026-21:58:52] [I] Warmup completed 663 queries over 3000 ms
[10/04/2026-21:58:52] [I] Timing trace has 3543 queries over 15.0132 s
[10/04/2026-21:58:52] [I] 
[10/04/2026-21:58:52] [I] === Trace details ===
[10/04/2026-21:58:52] [I] Trace averages of 1 runs:
[10/04/2026-21:58:52] [I] Average on 1 runs - GPU latency: 4.25195 ms - Host latency: 4.39038 ms (enqueue 2.93604 ms)
[10/04/2026-21:58:52] [I] Average on 1 runs - GPU latency: 4.22998 ms - Host latency: 4.36572 ms (enqueue 2.90967 ms)
[10/04/2026-21:58:52] [I] Average on 1 runs - GPU latency: 4.23389 ms - Host latency: 4.31226 ms (enqueue 3.04419 ms)
[10/04/2026-21:58:52] [I] Average on 1 runs - GPU latency: 4.23022 ms - Host latency: 4.31055 ms (enqueue 2.86255 ms)
[10/04/2026-21:58:52] [I] Average on 1 runs - GPU latency: 4.22632 ms - Host latency: 4.30249 ms (enqueue 3.08984 ms)
[10/04/2026-21:58:52] [I] Average on 1 runs - GPU latency: 4.22803 ms - Host latency: 4.30469 ms (enqueue 2.88306 ms)
[10/04/2026-21:58:52] [I] Average on 1 runs - GPU latency: 4.229 ms - Host latency: 4.31177 ms (enqueue 3.13452 ms)
[10/04/2026-21:58:52] [I] Average on 1 runs - GPU latency: 4.23706 ms - Host latency: 4.30835 ms (enqueue 3.08008 ms)
[10/04/2026-21:58:52] [I] Average on 1 runs - GPU latency: 4.22705 ms - Host latency: 4.29614 ms (enqueue 3.0752 ms)
[10/04/2026-21:58:52] [I] Average on 1 runs - GPU latency: 4.23633 ms - Host latency: 4.30713 ms (enqueue 2.97314 ms)
[10/04/2026-21:58:52] [I] Average on 1 runs - GPU latency: 4.229 ms - Host latency: 4.30908 ms (enqueue 2.38647 ms)
[10/04/2026-21:58:52] [I] Average on 1 runs - GPU latency: 4.22681 ms - Host latency: 4.30493 ms (enqueue 3.02173 ms)
[10/04/2026-21:58:52] [I] Average on 1 runs - GPU latency: 4.22583 ms - Host latency: 4.29883 ms (enqueue 3.1001 ms)
[10/04/2026-21:58:52] [I] Average on 1 runs - GPU latency: 4.22998 ms - Host latency: 4.30566 ms (enqueue 3.09741 ms)
[10/04/2026-21:58:52] [I] Average on 1 runs - GPU latency: 4.23096 ms - Host latency: 4.30151 ms (enqueue 3.07837 ms)
[10/04/2026-21:58:52] [I] Average on 1 runs - GPU latency: 4.22437 ms - Host latency: 4.29736 ms (enqueue 3.08887 ms)
[10/04/2026-21:58:52] [I] Average on 1 runs - GPU latency: 4.22681 ms - Host latency: 4.29956 ms (enqueue 3.04248 ms)
[10/04/2026-21:58:52] [I] Average on 1 runs - GPU latency: 4.22803 ms - Host latency: 4.30835 ms (enqueue 3.02734 ms)
[10/04/2026-21:58:52] [I] Average on 1 runs - GPU latency: 4.21924 ms - Host latency: 4.29663 ms (enqueue 3.03418 ms)
[10/04/2026-21:58:52] [I] Average on 1 runs - GPU latency: 4.23608 ms - Host latency: 4.31787 ms (enqueue 3.03613 ms)
[10/04/2026-21:58:52] [I] Average on 1 runs - GPU latency: 4.23169 ms - Host latency: 4.31055 ms (enqueue 3.04102 ms)
[10/04/2026-21:58:52] [I] Average on 1 runs - GPU latency: 4.23608 ms - Host latency: 4.30884 ms (enqueue 2.70728 ms)
[10/04/2026-21:58:52] [I] Average on 1 runs - GPU latency: 4.23682 ms - Host latency: 4.31299 ms (enqueue 3.08813 ms)
[10/04/2026-21:58:52] [I] Average on 1 runs - GPU latency: 4.22852 ms - Host latency: 4.30127 ms (enqueue 2.92358 ms)
[10/04/2026-21:58:52] [I] Average on 1 runs - GPU latency: 4.23657 ms - Host latency: 4.30493 ms (enqueue 3.0957 ms)
[10/04/2026-21:58:52] [I] Average on 1 runs - GPU latency: 4.23413 ms - Host latency: 4.30835 ms (enqueue 2.93555 ms)
[10/04/2026-21:58:52] [I] Average on 1 runs - GPU latency: 4.23389 ms - Host latency: 4.31372 ms (enqueue 2.93384 ms)
[10/04/2026-21:58:52] [I] Average on 1 runs - GPU latency: 4.23071 ms - Host latency: 4.30029 ms (enqueue 2.93311 ms)
[10/04/2026-21:58:52] [I] Average on 1 runs - GPU latency: 4.22729 ms - Host latency: 4.29688 ms (enqueue 2.9624 ms)
[10/04/2026-21:58:52] [I] Average on 1 runs - GPU latency: 4.22656 ms - Host latency: 4.3042 ms (enqueue 2.96582 ms)
[10/04/2026-21:58:52] [I] Average on 1 runs - GPU latency: 4.23193 ms - Host latency: 4.30005 ms (enqueue 2.94287 ms)
[10/04/2026-21:58:52] [I] Average on 1 runs - GPU latency: 4.23218 ms - Host latency: 4.30542 ms (enqueue 3.15576 ms)
[10/04/2026-21:58:52] [I] Average on 1 runs - GPU latency: 4.22705 ms - Host latency: 4.29468 ms (enqueue 2.93311 ms)
[10/04/2026-21:58:52] [I] Average on 1 runs - GPU latency: 4.22803 ms - Host latency: 4.30542 ms (enqueue 2.4668 ms)
[10/04/2026-21:58:52] [I] Average on 1 runs - GPU latency: 4.23755 ms - Host latency: 4.30908 ms (enqueue 3.04272 ms)
[10/04/2026-21:58:52] [I] Average on 1 runs - GPU latency: 4.23193 ms - Host latency: 4.30859 ms (enqueue 2.86084 ms)
[10/04/2026-21:58:52] [I] Average on 1 runs - GPU latency: 4.2334 ms - Host latency: 4.30518 ms (enqueue 3.03857 ms)
[10/04/2026-21:58:52] [I] Average on 1 runs - GPU latency: 4.22705 ms - Host latency: 4.30542 ms (enqueue 2.89478 ms)
[10/04/2026-21:58:52] [I] Average on 1 runs - GPU latency: 4.2312 ms - Host latency: 4.30151 ms (enqueue 2.95679 ms)
[10/04/2026-21:58:52] [I] Average on 1 runs - GPU latency: 4.23389 ms - Host latency: 4.31055 ms (enqueue 3.10254 ms)
[10/04/2026-21:58:52] [I] Average on 1 runs - GPU latency: 4.22827 ms - Host latency: 4.29712 ms (enqueue 2.94434 ms)
[10/04/2026-21:58:52] [I] Average on 1 runs - GPU latency: 4.2334 ms - Host latency: 4.30322 ms (enqueue 2.91211 ms)
[10/04/2026-21:58:52] [I] Average on 1 runs - GPU latency: 4.2439 ms - Host latency: 4.31689 ms (enqueue 3.10767 ms)
[10/04/2026-21:58:52] [I] Average on 1 runs - GPU latency: 4.23657 ms - Host latency: 4.30933 ms (enqueue 2.90991 ms)
[10/04/2026-21:58:52] [I] Average on 1 runs - GPU latency: 4.23389 ms - Host latency: 4.30688 ms (enqueue 2.98682 ms)
[10/04/2026-21:58:52] [I] Average on 1 runs - GPU latency: 4.23389 ms - Host latency: 4.30737 ms (enqueue 2.36743 ms)
[10/04/2026-21:58:52] [I] Average on 1 runs - GPU latency: 4.23389 ms - Host latency: 4.31201 ms (enqueue 2.86426 ms)
[10/04/2026-21:58:52] [I] Average on 1 runs - GPU latency: 4.23877 ms - Host latency: 4.31738 ms (enqueue 2.61108 ms)
[10/04/2026-21:58:52] [I] Average on 1 runs - GPU latency: 4.23169 ms - Host latency: 4.30005 ms (enqueue 2.58374 ms)
[10/04/2026-21:58:52] [I] Average on 1 runs - GPU latency: 4.24194 ms - Host latency: 4.30933 ms (enqueue 2.50732 ms)
[10/04/2026-21:58:52] [I] Average on 1 runs - GPU latency: 4.22363 ms - Host latency: 4.30054 ms (enqueue 2.9519 ms)
[10/04/2026-21:58:52] [I] Average on 1 runs - GPU latency: 4.2417 ms - Host latency: 4.31543 ms (enqueue 2.62109 ms)
[10/04/2026-21:58:52] [I] Average on 1 runs - GPU latency: 4.23682 ms - Host latency: 4.31055 ms (enqueue 2.50659 ms)
[10/04/2026-21:58:52] [I] Average on 1 runs - GPU latency: 4.23901 ms - Host latency: 4.31885 ms (enqueue 2.51221 ms)
[10/04/2026-21:58:52] [I] Average on 1 runs - GPU latency: 4.23877 ms - Host latency: 4.31055 ms (enqueue 2.41138 ms)
[10/04/2026-21:58:52] [I] Average on 1 runs - GPU latency: 4.22705 ms - Host latency: 4.29688 ms (enqueue 3.01123 ms)
[10/04/2026-21:58:52] [I] Average on 1 runs - GPU latency: 4.23462 ms - Host latency: 4.31445 ms (enqueue 2.91602 ms)
[10/04/2026-21:58:52] [I] Average on 1 runs - GPU latency: 4.23364 ms - Host latency: 4.30981 ms (enqueue 2.04907 ms)
[10/04/2026-21:58:52] [I] Average on 1 runs - GPU latency: 4.22314 ms - Host latency: 4.29395 ms (enqueue 2.95459 ms)
[10/04/2026-21:58:52] [I] Average on 1 runs - GPU latency: 4.22656 ms - Host latency: 4.29565 ms (enqueue 2.90869 ms)
[10/04/2026-21:58:52] [I] Average on 1 runs - GPU latency: 4.23535 ms - Host latency: 4.31299 ms (enqueue 2.93604 ms)
[10/04/2026-21:58:52] [I] Average on 1 runs - GPU latency: 4.23462 ms - Host latency: 4.30688 ms (enqueue 2.92871 ms)
[10/04/2026-21:58:52] [I] Average on 1 runs - GPU latency: 4.23267 ms - Host latency: 4.3042 ms (enqueue 2.97363 ms)
[10/04/2026-21:58:52] [I] Average on 1 runs - GPU latency: 4.22412 ms - Host latency: 4.29932 ms (enqueue 2.90991 ms)
[10/04/2026-21:58:52] [I] Average on 1 runs - GPU latency: 4.2312 ms - Host latency: 4.30469 ms (enqueue 2.9541 ms)
[10/04/2026-21:58:52] [I] Average on 1 runs - GPU latency: 4.23022 ms - Host latency: 4.30518 ms (enqueue 2.90234 ms)
[10/04/2026-21:58:52] [I] Average on 1 runs - GPU latency: 4.2312 ms - Host latency: 4.31323 ms (enqueue 2.93481 ms)
[10/04/2026-21:58:52] [I] Average on 1 runs - GPU latency: 4.23145 ms - Host latency: 4.30298 ms (enqueue 2.92969 ms)
[10/04/2026-21:58:52] [I] Average on 1 runs - GPU latency: 4.22729 ms - Host latency: 4.29932 ms (enqueue 3.03931 ms)
[10/04/2026-21:58:52] [I] Average on 1 runs - GPU latency: 4.23706 ms - Host latency: 4.31055 ms (enqueue 2.85547 ms)
[10/04/2026-21:58:52] [I] Average on 1 runs - GPU latency: 4.22339 ms - Host latency: 4.29834 ms (enqueue 2.96191 ms)
[10/04/2026-21:58:52] [I] Average on 1 runs - GPU latency: 4.23169 ms - Host latency: 4.30737 ms (enqueue 3.0415 ms)
[10/04/2026-21:58:52] [I] Average on 1 runs - GPU latency: 4.23364 ms - Host latency: 4.30591 ms (enqueue 2.92798 ms)
[10/04/2026-21:58:52] [I] Average on 1 runs - GPU latency: 4.22998 ms - Host latency: 4.29834 ms (enqueue 2.91406 ms)
[10/04/2026-21:58:52] [I] Average on 1 runs - GPU latency: 4.22949 ms - Host latency: 4.31567 ms (enqueue 2.9375 ms)
[10/04/2026-21:58:52] [I] Average on 1 runs - GPU latency: 4.23364 ms - Host latency: 4.30127 ms (enqueue 2.94482 ms)
[10/04/2026-21:58:52] [I] Average on 1 runs - GPU latency: 4.22925 ms - Host latency: 4.30444 ms (enqueue 2.96069 ms)
[10/04/2026-21:58:52] [I] Average on 1 runs - GPU latency: 4.22974 ms - Host latency: 4.30493 ms (enqueue 2.96973 ms)
[10/04/2026-21:58:52] [I] Average on 1 runs - GPU latency: 4.23657 ms - Host latency: 4.30249 ms (enqueue 2.97461 ms)
[10/04/2026-21:58:52] [I] Average on 1 runs - GPU latency: 4.22754 ms - Host latency: 4.29834 ms (enqueue 2.92969 ms)
[10/04/2026-21:58:52] [I] Average on 1 runs - GPU latency: 4.23071 ms - Host latency: 4.30664 ms (enqueue 2.89941 ms)
[10/04/2026-21:58:52] [I] Average on 1 runs - GPU latency: 4.23218 ms - Host latency: 4.30786 ms (enqueue 2.67725 ms)
[10/04/2026-21:58:52] [I] Average on 1 runs - GPU latency: 4.22803 ms - Host latency: 4.3064 ms (enqueue 2.94409 ms)
[10/04/2026-21:58:52] [I] Average on 1 runs - GPU latency: 4.23315 ms - Host latency: 4.30273 ms (enqueue 2.94897 ms)
[10/04/2026-21:58:52] [I] Average on 1 runs - GPU latency: 4.22876 ms - Host latency: 4.30005 ms (enqueue 2.94043 ms)
[10/04/2026-21:58:52] [I] Average on 1 runs - GPU latency: 4.22461 ms - Host latency: 4.29785 ms (enqueue 2.98877 ms)
[10/04/2026-21:58:52] [I] Average on 1 runs - GPU latency: 4.229 ms - Host latency: 4.29956 ms (enqueue 2.87378 ms)
[10/04/2026-21:58:52] [I] Average on 1 runs - GPU latency: 4.23145 ms - Host latency: 4.30371 ms (enqueue 3.05029 ms)
[10/04/2026-21:58:52] [I] Average on 1 runs - GPU latency: 4.23242 ms - Host latency: 4.30542 ms (enqueue 2.73145 ms)
[10/04/2026-21:58:52] [I] Average on 1 runs - GPU latency: 4.23389 ms - Host latency: 4.30713 ms (enqueue 2.06763 ms)
[10/04/2026-21:58:52] [I] Average on 1 runs - GPU latency: 4.23145 ms - Host latency: 4.30371 ms (enqueue 2.93994 ms)
[10/04/2026-21:58:52] [I] Average on 1 runs - GPU latency: 4.22656 ms - Host latency: 4.29761 ms (enqueue 2.97485 ms)
[10/04/2026-21:58:52] [I] Average on 1 runs - GPU latency: 4.23071 ms - Host latency: 4.30737 ms (enqueue 2.63647 ms)
[10/04/2026-21:58:52] [I] Average on 1 runs - GPU latency: 4.23486 ms - Host latency: 4.30908 ms (enqueue 2.95117 ms)
[10/04/2026-21:58:52] [I] Average on 1 runs - GPU latency: 4.2373 ms - Host latency: 4.30811 ms (enqueue 2.93311 ms)
[10/04/2026-21:58:52] [I] Average on 1 runs - GPU latency: 4.23047 ms - Host latency: 4.30151 ms (enqueue 2.97876 ms)
[10/04/2026-21:58:52] [I] Average on 1 runs - GPU latency: 4.22388 ms - Host latency: 4.29468 ms (enqueue 2.93213 ms)
[10/04/2026-21:58:52] [I] Average on 1 runs - GPU latency: 4.23511 ms - Host latency: 4.31128 ms (enqueue 3.00122 ms)
[10/04/2026-21:58:52] [I] Average on 1 runs - GPU latency: 4.2312 ms - Host latency: 4.30859 ms (enqueue 2.9397 ms)
[10/04/2026-21:58:52] [I] Average on 1 runs - GPU latency: 4.22754 ms - Host latency: 4.30029 ms (enqueue 2.95215 ms)
[10/04/2026-21:58:52] [I] Average on 1 runs - GPU latency: 4.22461 ms - Host latency: 4.29761 ms (enqueue 2.91968 ms)
[10/04/2026-21:58:52] [I] Average on 1 runs - GPU latency: 4.22998 ms - Host latency: 4.29736 ms (enqueue 2.91138 ms)
[10/04/2026-21:58:52] [I] Average on 1 runs - GPU latency: 4.23047 ms - Host latency: 4.30786 ms (enqueue 3.0542 ms)
[10/04/2026-21:58:52] [I] Average on 1 runs - GPU latency: 4.2356 ms - Host latency: 4.31055 ms (enqueue 2.87134 ms)
[10/04/2026-21:58:52] [I] Average on 1 runs - GPU latency: 4.23267 ms - Host latency: 4.30249 ms (enqueue 2.54175 ms)
[10/04/2026-21:58:52] [I] Average on 1 runs - GPU latency: 4.22729 ms - Host latency: 4.30298 ms (enqueue 2.05493 ms)
[10/04/2026-21:58:52] [I] Average on 1 runs - GPU latency: 4.23267 ms - Host latency: 4.30908 ms (enqueue 2.8811 ms)
[10/04/2026-21:58:52] [I] Average on 1 runs - GPU latency: 4.22778 ms - Host latency: 4.29858 ms (enqueue 2.95801 ms)
[10/04/2026-21:58:52] [I] Average on 1 runs - GPU latency: 4.22778 ms - Host latency: 4.3064 ms (enqueue 2.93164 ms)
[10/04/2026-21:58:52] [I] Average on 1 runs - GPU latency: 4.22729 ms - Host latency: 4.29883 ms (enqueue 2.95117 ms)
[10/04/2026-21:58:52] [I] Average on 1 runs - GPU latency: 4.229 ms - Host latency: 4.30396 ms (enqueue 2.94678 ms)
[10/04/2026-21:58:52] [I] Average on 1 runs - GPU latency: 4.23706 ms - Host latency: 4.30933 ms (enqueue 2.94458 ms)
[10/04/2026-21:58:52] [I] Average on 1 runs - GPU latency: 4.22852 ms - Host latency: 4.30542 ms (enqueue 2.92578 ms)
[10/04/2026-21:58:52] [I] Average on 1 runs - GPU latency: 4.22534 ms - Host latency: 4.29858 ms (enqueue 2.93188 ms)
[10/04/2026-21:58:52] [I] Average on 1 runs - GPU latency: 4.23462 ms - Host latency: 4.30396 ms (enqueue 2.94019 ms)
[10/04/2026-21:58:52] [I] Average on 1 runs - GPU latency: 4.23804 ms - Host latency: 4.32178 ms (enqueue 2.97705 ms)
[10/04/2026-21:58:52] [I] Average on 1 runs - GPU latency: 4.22656 ms - Host latency: 4.30176 ms (enqueue 2.24487 ms)
[10/04/2026-21:58:52] [I] Average on 1 runs - GPU latency: 4.22534 ms - Host latency: 4.302 ms (enqueue 2.92749 ms)
[10/04/2026-21:58:52] [I] Average on 1 runs - GPU latency: 4.23267 ms - Host latency: 4.30664 ms (enqueue 2.96411 ms)
[10/04/2026-21:58:52] [I] Average on 1 runs - GPU latency: 4.22534 ms - Host latency: 4.29907 ms (enqueue 3.03857 ms)
[10/04/2026-21:58:52] [I] Average on 1 runs - GPU latency: 4.22974 ms - Host latency: 4.30762 ms (enqueue 2.87915 ms)
[10/04/2026-21:58:52] [I] Average on 1 runs - GPU latency: 4.23047 ms - Host latency: 4.30273 ms (enqueue 3.02783 ms)
[10/04/2026-21:58:52] [I] Average on 1 runs - GPU latency: 4.2312 ms - Host latency: 4.31226 ms (enqueue 2.86646 ms)
[10/04/2026-21:58:52] [I] Average on 1 runs - GPU latency: 4.23242 ms - Host latency: 4.31079 ms (enqueue 3.10254 ms)
[10/04/2026-21:58:52] [I] Average on 1 runs - GPU latency: 4.22656 ms - Host latency: 4.30591 ms (enqueue 2.95337 ms)
[10/04/2026-21:58:52] [I] Average on 1 runs - GPU latency: 4.23486 ms - Host latency: 4.31006 ms (enqueue 3.0293 ms)
[10/04/2026-21:58:52] [I] Average on 1 runs - GPU latency: 4.23169 ms - Host latency: 4.30298 ms (enqueue 2.91187 ms)
[10/04/2026-21:58:52] [I] Average on 1 runs - GPU latency: 4.22705 ms - Host latency: 4.30127 ms (enqueue 2.96436 ms)
[10/04/2026-21:58:52] [I] Average on 1 runs - GPU latency: 4.23438 ms - Host latency: 4.31079 ms (enqueue 2.20361 ms)
[10/04/2026-21:58:52] [I] Average on 1 runs - GPU latency: 4.22412 ms - Host latency: 4.2981 ms (enqueue 2.93457 ms)
[10/04/2026-21:58:52] [I] Average on 1 runs - GPU latency: 4.22559 ms - Host latency: 4.29761 ms (enqueue 2.92773 ms)
[10/04/2026-21:58:52] [I] Average on 1 runs - GPU latency: 4.23193 ms - Host latency: 4.30151 ms (enqueue 2.948 ms)
[10/04/2026-21:58:52] [I] Average on 1 runs - GPU latency: 4.22559 ms - Host latency: 4.30591 ms (enqueue 2.94824 ms)
[10/04/2026-21:58:52] [I] Average on 1 runs - GPU latency: 4.22778 ms - Host latency: 4.29614 ms (enqueue 2.95264 ms)
[10/04/2026-21:58:52] [I] Average on 1 runs - GPU latency: 4.22949 ms - Host latency: 4.30176 ms (enqueue 3.06812 ms)
[10/04/2026-21:58:52] [I] Average on 1 runs - GPU latency: 4.22607 ms - Host latency: 4.30664 ms (enqueue 2.92676 ms)
[10/04/2026-21:58:52] [I] Average on 1 runs - GPU latency: 4.22461 ms - Host latency: 4.29688 ms (enqueue 2.89014 ms)
[10/04/2026-21:58:52] [I] Average on 1 runs - GPU latency: 4.22388 ms - Host latency: 4.30225 ms (enqueue 3.0459 ms)
[10/04/2026-21:58:52] [I] Average on 1 runs - GPU latency: 4.22754 ms - Host latency: 4.30371 ms (enqueue 2.87256 ms)
[10/04/2026-21:58:52] [I] Average on 1 runs - GPU latency: 4.23389 ms - Host latency: 4.30249 ms (enqueue 3.00171 ms)
[10/04/2026-21:58:52] [I] Average on 1 runs - GPU latency: 4.23193 ms - Host latency: 4.31421 ms (enqueue 2.1062 ms)
[10/04/2026-21:58:52] [I] Average on 1 runs - GPU latency: 4.23145 ms - Host latency: 4.30737 ms (enqueue 2.94385 ms)
[10/04/2026-21:58:52] [I] Average on 1 runs - GPU latency: 4.23438 ms - Host latency: 4.30981 ms (enqueue 2.93237 ms)
[10/04/2026-21:58:52] [I] Average on 1 runs - GPU latency: 4.22705 ms - Host latency: 4.29468 ms (enqueue 2.92285 ms)
[10/04/2026-21:58:52] [I] Average on 1 runs - GPU latency: 4.23218 ms - Host latency: 4.30298 ms (enqueue 2.93506 ms)
[10/04/2026-21:58:52] [I] Average on 1 runs - GPU latency: 4.23267 ms - Host latency: 4.31055 ms (enqueue 2.95581 ms)
[10/04/2026-21:58:52] [I] Average on 1 runs - GPU latency: 4.22412 ms - Host latency: 4.30347 ms (enqueue 2.9624 ms)
[10/04/2026-21:58:52] [I] Average on 1 runs - GPU latency: 4.23169 ms - Host latency: 4.30151 ms (enqueue 2.93286 ms)
[10/04/2026-21:58:52] [I] Average on 1 runs - GPU latency: 4.22461 ms - Host latency: 4.29443 ms (enqueue 2.9436 ms)
[10/04/2026-21:58:52] [I] Average on 1 runs - GPU latency: 4.22803 ms - Host latency: 4.29907 ms (enqueue 3.12891 ms)
[10/04/2026-21:58:52] [I] Average on 1 runs - GPU latency: 4.23071 ms - Host latency: 4.30103 ms (enqueue 2.92065 ms)
[10/04/2026-21:58:52] [I] Average on 1 runs - GPU latency: 4.23096 ms - Host latency: 4.30518 ms (enqueue 2.84058 ms)
[10/04/2026-21:58:52] [I] Average on 1 runs - GPU latency: 4.22314 ms - Host latency: 4.2998 ms (enqueue 2.85645 ms)
[10/04/2026-21:58:52] [I] Average on 1 runs - GPU latency: 4.23608 ms - Host latency: 4.31567 ms (enqueue 2.87549 ms)
[10/04/2026-21:58:52] [I] Average on 1 runs - GPU latency: 4.22949 ms - Host latency: 4.30103 ms (enqueue 3.0415 ms)
[10/04/2026-21:58:52] [I] Average on 1 runs - GPU latency: 4.23779 ms - Host latency: 4.30933 ms (enqueue 2.86475 ms)
[10/04/2026-21:58:52] [I] Average on 1 runs - GPU latency: 4.23462 ms - Host latency: 4.31494 ms (enqueue 3.01489 ms)
[10/04/2026-21:58:52] [I] Average on 1 runs - GPU latency: 4.21826 ms - Host latency: 4.30176 ms (enqueue 2.85376 ms)
[10/04/2026-21:58:52] [I] Average on 1 runs - GPU latency: 4.22144 ms - Host latency: 4.30176 ms (enqueue 3.11426 ms)
[10/04/2026-21:58:52] [I] Average on 1 runs - GPU latency: 4.23242 ms - Host latency: 4.30347 ms (enqueue 3.06787 ms)
[10/04/2026-21:58:52] [I] Average on 1 runs - GPU latency: 4.22778 ms - Host latency: 4.30347 ms (enqueue 2.91455 ms)
[10/04/2026-21:58:52] [I] Average on 1 runs - GPU latency: 4.23169 ms - Host latency: 4.30225 ms (enqueue 3.09766 ms)
[10/04/2026-21:58:52] [I] Average on 1 runs - GPU latency: 4.2395 ms - Host latency: 4.31689 ms (enqueue 3.08032 ms)
[10/04/2026-21:58:52] [I] Average on 1 runs - GPU latency: 4.23291 ms - Host latency: 4.30273 ms (enqueue 3.02295 ms)
[10/04/2026-21:58:52] [I] Average on 1 runs - GPU latency: 4.22998 ms - Host latency: 4.30078 ms (enqueue 3.11572 ms)
[10/04/2026-21:58:52] [I] Average on 1 runs - GPU latency: 4.22412 ms - Host latency: 4.29541 ms (enqueue 3.09277 ms)
[10/04/2026-21:58:52] [I] Average on 1 runs - GPU latency: 4.22998 ms - Host latency: 4.30786 ms (enqueue 3.09961 ms)
[10/04/2026-21:58:52] [I] Average on 1 runs - GPU latency: 4.22192 ms - Host latency: 4.29077 ms (enqueue 3.06836 ms)
[10/04/2026-21:58:52] [I] Average on 1 runs - GPU latency: 4.22534 ms - Host latency: 4.29614 ms (enqueue 3.06421 ms)
[10/04/2026-21:58:52] [I] Average on 1 runs - GPU latency: 4.23413 ms - Host latency: 4.30566 ms (enqueue 3.11938 ms)
[10/04/2026-21:58:52] [I] Average on 1 runs - GPU latency: 4.2395 ms - Host latency: 4.32251 ms (enqueue 3.04517 ms)
[10/04/2026-21:58:52] [I] Average on 1 runs - GPU latency: 4.22339 ms - Host latency: 4.29175 ms (enqueue 3.01514 ms)
[10/04/2026-21:58:52] [I] Average on 1 runs - GPU latency: 4.23535 ms - Host latency: 4.30566 ms (enqueue 3.0498 ms)
[10/04/2026-21:58:52] [I] Average on 1 runs - GPU latency: 4.25122 ms - Host latency: 4.33032 ms (enqueue 3.05176 ms)
[10/04/2026-21:58:52] [I] Average on 1 runs - GPU latency: 4.25732 ms - Host latency: 4.33179 ms (enqueue 2.85181 ms)
[10/04/2026-21:58:52] [I] Average on 1 runs - GPU latency: 4.23779 ms - Host latency: 4.31689 ms (enqueue 2.88477 ms)
[10/04/2026-21:58:52] [I] Average on 1 runs - GPU latency: 4.2312 ms - Host latency: 4.30688 ms (enqueue 2.8374 ms)
[10/04/2026-21:58:52] [I] Average on 1 runs - GPU latency: 4.24146 ms - Host latency: 4.31543 ms (enqueue 2.80542 ms)
[10/04/2026-21:58:52] [I] Average on 1 runs - GPU latency: 4.23608 ms - Host latency: 4.30566 ms (enqueue 2.65503 ms)
[10/04/2026-21:58:52] [I] Average on 1 runs - GPU latency: 4.23315 ms - Host latency: 4.30298 ms (enqueue 2.59863 ms)
[10/04/2026-21:58:52] [I] Average on 1 runs - GPU latency: 4.23291 ms - Host latency: 4.31348 ms (enqueue 2.53833 ms)
[10/04/2026-21:58:52] [I] Average on 1 runs - GPU latency: 4.22729 ms - Host latency: 4.30688 ms (enqueue 2.96289 ms)
[10/04/2026-21:58:52] [I] Average on 1 runs - GPU latency: 4.23633 ms - Host latency: 4.31396 ms (enqueue 3.00708 ms)
[10/04/2026-21:58:52] [I] Average on 1 runs - GPU latency: 4.23096 ms - Host latency: 4.30688 ms (enqueue 2.95996 ms)
[10/04/2026-21:58:52] [I] Average on 1 runs - GPU latency: 4.22876 ms - Host latency: 4.30542 ms (enqueue 2.99854 ms)
[10/04/2026-21:58:52] [I] Average on 1 runs - GPU latency: 4.23291 ms - Host latency: 4.31177 ms (enqueue 2.95996 ms)
[10/04/2026-21:58:52] [I] Average on 1 runs - GPU latency: 4.23364 ms - Host latency: 4.30542 ms (enqueue 2.96899 ms)
[10/04/2026-21:58:52] [I] Average on 1 runs - GPU latency: 4.23438 ms - Host latency: 4.30542 ms (enqueue 2.22827 ms)
[10/04/2026-21:58:52] [I] Average on 1 runs - GPU latency: 4.22852 ms - Host latency: 4.31104 ms (enqueue 2.81982 ms)
[10/04/2026-21:58:52] [I] Average on 1 runs - GPU latency: 4.22949 ms - Host latency: 4.3103 ms (enqueue 2.8335 ms)
[10/04/2026-21:58:52] [I] Average on 1 runs - GPU latency: 4.23364 ms - Host latency: 4.30542 ms (enqueue 2.83765 ms)
[10/04/2026-21:58:52] [I] Average on 1 runs - GPU latency: 4.23291 ms - Host latency: 4.30469 ms (enqueue 2.87207 ms)
[10/04/2026-21:58:52] [I] Average on 1 runs - GPU latency: 4.23535 ms - Host latency: 4.31519 ms (enqueue 3.09009 ms)
[10/04/2026-21:58:52] [I] Average on 1 runs - GPU latency: 4.23145 ms - Host latency: 4.30054 ms (enqueue 2.90308 ms)
[10/04/2026-21:58:52] [I] Average on 1 runs - GPU latency: 4.23364 ms - Host latency: 4.302 ms (enqueue 2.9104 ms)
[10/04/2026-21:58:52] [I] Average on 1 runs - GPU latency: 4.22754 ms - Host latency: 4.29541 ms (enqueue 2.92847 ms)
[10/04/2026-21:58:52] [I] Average on 1 runs - GPU latency: 4.23047 ms - Host latency: 4.29883 ms (enqueue 2.89844 ms)
[10/04/2026-21:58:52] [I] Average on 1 runs - GPU latency: 4.23364 ms - Host latency: 4.31274 ms (enqueue 2.96191 ms)
[10/04/2026-21:58:52] [I] Average on 1 runs - GPU latency: 4.22876 ms - Host latency: 4.30591 ms (enqueue 3.02393 ms)
[10/04/2026-21:58:52] [I] Average on 1 runs - GPU latency: 4.22461 ms - Host latency: 4.30615 ms (enqueue 2.07959 ms)
[10/04/2026-21:58:52] [I] ... Omitting 3143 lines
[10/04/2026-21:58:52] [I] Average on 1 runs - GPU latency: 4.23242 ms - Host latency: 4.30273 ms (enqueue 3.11133 ms)
[10/04/2026-21:58:52] [I] Average on 1 runs - GPU latency: 4.24023 ms - Host latency: 4.32031 ms (enqueue 3.11914 ms)
[10/04/2026-21:58:52] [I] Average on 1 runs - GPU latency: 4.2207 ms - Host latency: 4.29688 ms (enqueue 3.11719 ms)
[10/04/2026-21:58:52] [I] Average on 1 runs - GPU latency: 4.23438 ms - Host latency: 4.3125 ms (enqueue 3.08398 ms)
[10/04/2026-21:58:52] [I] Average on 1 runs - GPU latency: 4.23633 ms - Host latency: 4.3125 ms (enqueue 3.07812 ms)
[10/04/2026-21:58:52] [I] Average on 1 runs - GPU latency: 4.22461 ms - Host latency: 4.30469 ms (enqueue 3.13086 ms)
[10/04/2026-21:58:52] [I] Average on 1 runs - GPU latency: 4.23633 ms - Host latency: 4.30469 ms (enqueue 3.0957 ms)
[10/04/2026-21:58:52] [I] Average on 1 runs - GPU latency: 4.23047 ms - Host latency: 4.30078 ms (enqueue 3.06055 ms)
[10/04/2026-21:58:52] [I] Average on 1 runs - GPU latency: 4.23047 ms - Host latency: 4.30469 ms (enqueue 3.03516 ms)
[10/04/2026-21:58:52] [I] Average on 1 runs - GPU latency: 4.22852 ms - Host latency: 4.31055 ms (enqueue 3.03711 ms)
[10/04/2026-21:58:52] [I] Average on 1 runs - GPU latency: 4.23047 ms - Host latency: 4.3125 ms (enqueue 3.0332 ms)
[10/04/2026-21:58:52] [I] Average on 1 runs - GPU latency: 4.22852 ms - Host latency: 4.30859 ms (enqueue 3.04492 ms)
[10/04/2026-21:58:52] [I] Average on 1 runs - GPU latency: 4.22461 ms - Host latency: 4.29297 ms (enqueue 3.07227 ms)
[10/04/2026-21:58:52] [I] Average on 1 runs - GPU latency: 4.23633 ms - Host latency: 4.30664 ms (enqueue 3.09766 ms)
[10/04/2026-21:58:52] [I] Average on 1 runs - GPU latency: 4.23828 ms - Host latency: 4.30664 ms (enqueue 3.11914 ms)
[10/04/2026-21:58:52] [I] Average on 1 runs - GPU latency: 4.24023 ms - Host latency: 4.31445 ms (enqueue 3.11523 ms)
[10/04/2026-21:58:52] [I] Average on 1 runs - GPU latency: 4.23633 ms - Host latency: 4.32031 ms (enqueue 3.10547 ms)
[10/04/2026-21:58:52] [I] Average on 1 runs - GPU latency: 4.23633 ms - Host latency: 4.31836 ms (enqueue 3.09375 ms)
[10/04/2026-21:58:52] [I] Average on 1 runs - GPU latency: 4.23438 ms - Host latency: 4.31641 ms (enqueue 3.11133 ms)
[10/04/2026-21:58:52] [I] Average on 1 runs - GPU latency: 4.23242 ms - Host latency: 4.30859 ms (enqueue 3.06836 ms)
[10/04/2026-21:58:52] [I] Average on 1 runs - GPU latency: 4.23047 ms - Host latency: 4.31055 ms (enqueue 3.10156 ms)
[10/04/2026-21:58:52] [I] Average on 1 runs - GPU latency: 4.23047 ms - Host latency: 4.3125 ms (enqueue 3.08594 ms)
[10/04/2026-21:58:52] [I] Average on 1 runs - GPU latency: 4.22656 ms - Host latency: 4.30664 ms (enqueue 3.08984 ms)
[10/04/2026-21:58:52] [I] Average on 1 runs - GPU latency: 4.22852 ms - Host latency: 4.30664 ms (enqueue 3.10938 ms)
[10/04/2026-21:58:52] [I] Average on 1 runs - GPU latency: 4.23242 ms - Host latency: 4.30273 ms (enqueue 3.07812 ms)
[10/04/2026-21:58:52] [I] Average on 1 runs - GPU latency: 4.22461 ms - Host latency: 4.29688 ms (enqueue 3.04492 ms)
[10/04/2026-21:58:52] [I] Average on 1 runs - GPU latency: 4.24023 ms - Host latency: 4.32031 ms (enqueue 3.02344 ms)
[10/04/2026-21:58:52] [I] Average on 1 runs - GPU latency: 4.23242 ms - Host latency: 4.3125 ms (enqueue 3.01758 ms)
[10/04/2026-21:58:52] [I] Average on 1 runs - GPU latency: 4.23047 ms - Host latency: 4.29688 ms (enqueue 3.01172 ms)
[10/04/2026-21:58:52] [I] Average on 1 runs - GPU latency: 4.22461 ms - Host latency: 4.31055 ms (enqueue 3.04297 ms)
[10/04/2026-21:58:52] [I] Average on 1 runs - GPU latency: 4.22852 ms - Host latency: 4.29883 ms (enqueue 3.07422 ms)
[10/04/2026-21:58:52] [I] Average on 1 runs - GPU latency: 4.22656 ms - Host latency: 4.29688 ms (enqueue 3.09375 ms)
[10/04/2026-21:58:52] [I] Average on 1 runs - GPU latency: 4.24023 ms - Host latency: 4.3125 ms (enqueue 3.05664 ms)
[10/04/2026-21:58:52] [I] Average on 1 runs - GPU latency: 4.23047 ms - Host latency: 4.30664 ms (enqueue 3.09766 ms)
[10/04/2026-21:58:52] [I] Average on 1 runs - GPU latency: 4.23047 ms - Host latency: 4.30469 ms (enqueue 3.08789 ms)
[10/04/2026-21:58:52] [I] Average on 1 runs - GPU latency: 4.23047 ms - Host latency: 4.30469 ms (enqueue 3.08008 ms)
[10/04/2026-21:58:52] [I] Average on 1 runs - GPU latency: 4.23047 ms - Host latency: 4.30273 ms (enqueue 3.05469 ms)
[10/04/2026-21:58:52] [I] Average on 1 runs - GPU latency: 4.23047 ms - Host latency: 4.30469 ms (enqueue 3.11133 ms)
[10/04/2026-21:58:52] [I] Average on 1 runs - GPU latency: 4.22656 ms - Host latency: 4.30273 ms (enqueue 3.10547 ms)
[10/04/2026-21:58:52] [I] Average on 1 runs - GPU latency: 4.23047 ms - Host latency: 4.29883 ms (enqueue 3.08984 ms)
[10/04/2026-21:58:52] [I] Average on 1 runs - GPU latency: 4.23047 ms - Host latency: 4.30078 ms (enqueue 3.07812 ms)
[10/04/2026-21:58:52] [I] Average on 1 runs - GPU latency: 4.22852 ms - Host latency: 4.30273 ms (enqueue 3.09375 ms)
[10/04/2026-21:58:52] [I] Average on 1 runs - GPU latency: 4.22852 ms - Host latency: 4.30664 ms (enqueue 3.04688 ms)
[10/04/2026-21:58:52] [I] Average on 1 runs - GPU latency: 4.22852 ms - Host latency: 4.30469 ms (enqueue 3.05664 ms)
[10/04/2026-21:58:52] [I] Average on 1 runs - GPU latency: 4.22656 ms - Host latency: 4.30078 ms (enqueue 3.04102 ms)
[10/04/2026-21:58:52] [I] Average on 1 runs - GPU latency: 4.22656 ms - Host latency: 4.30859 ms (enqueue 3.04688 ms)
[10/04/2026-21:58:52] [I] Average on 1 runs - GPU latency: 4.22656 ms - Host latency: 4.30859 ms (enqueue 3.03711 ms)
[10/04/2026-21:58:52] [I] Average on 1 runs - GPU latency: 4.22656 ms - Host latency: 4.30664 ms (enqueue 3.08398 ms)
[10/04/2026-21:58:52] [I] Average on 1 runs - GPU latency: 4.22852 ms - Host latency: 4.30664 ms (enqueue 3.0918 ms)
[10/04/2026-21:58:52] [I] Average on 1 runs - GPU latency: 4.2207 ms - Host latency: 4.29297 ms (enqueue 3.12109 ms)
[10/04/2026-21:58:52] [I] Average on 1 runs - GPU latency: 4.23242 ms - Host latency: 4.30273 ms (enqueue 3.14062 ms)
[10/04/2026-21:58:52] [I] Average on 1 runs - GPU latency: 4.23242 ms - Host latency: 4.30469 ms (enqueue 3.11133 ms)
[10/04/2026-21:58:52] [I] Average on 1 runs - GPU latency: 4.23438 ms - Host latency: 4.31836 ms (enqueue 3.06836 ms)
[10/04/2026-21:58:52] [I] Average on 1 runs - GPU latency: 4.24414 ms - Host latency: 4.32227 ms (enqueue 3.11133 ms)
[10/04/2026-21:58:52] [I] Average on 1 runs - GPU latency: 4.23828 ms - Host latency: 4.31641 ms (enqueue 3.08789 ms)
[10/04/2026-21:58:52] [I] Average on 1 runs - GPU latency: 4.24219 ms - Host latency: 4.32031 ms (enqueue 3.10547 ms)
[10/04/2026-21:58:52] [I] Average on 1 runs - GPU latency: 4.22852 ms - Host latency: 4.31055 ms (enqueue 3.06641 ms)
[10/04/2026-21:58:52] [I] Average on 1 runs - GPU latency: 4.23438 ms - Host latency: 4.31836 ms (enqueue 3.11133 ms)
[10/04/2026-21:58:52] [I] Average on 1 runs - GPU latency: 4.24219 ms - Host latency: 4.32227 ms (enqueue 3.06836 ms)
[10/04/2026-21:58:52] [I] Average on 1 runs - GPU latency: 4.22461 ms - Host latency: 4.30469 ms (enqueue 3.03516 ms)
[10/04/2026-21:58:52] [I] Average on 1 runs - GPU latency: 4.23047 ms - Host latency: 4.29688 ms (enqueue 3.01172 ms)
[10/04/2026-21:58:52] [I] Average on 1 runs - GPU latency: 4.23828 ms - Host latency: 4.30859 ms (enqueue 3.03516 ms)
[10/04/2026-21:58:52] [I] Average on 1 runs - GPU latency: 4.23633 ms - Host latency: 4.31055 ms (enqueue 3.04492 ms)
[10/04/2026-21:58:52] [I] Average on 1 runs - GPU latency: 4.22266 ms - Host latency: 4.30664 ms (enqueue 3.04492 ms)
[10/04/2026-21:58:52] [I] Average on 1 runs - GPU latency: 4.23242 ms - Host latency: 4.30859 ms (enqueue 3.11133 ms)
[10/04/2026-21:58:52] [I] Average on 1 runs - GPU latency: 4.22852 ms - Host latency: 4.30859 ms (enqueue 3.08008 ms)
[10/04/2026-21:58:52] [I] Average on 1 runs - GPU latency: 4.23828 ms - Host latency: 4.31055 ms (enqueue 3.10547 ms)
[10/04/2026-21:58:52] [I] Average on 1 runs - GPU latency: 4.24023 ms - Host latency: 4.32031 ms (enqueue 3.0918 ms)
[10/04/2026-21:58:52] [I] Average on 1 runs - GPU latency: 4.23242 ms - Host latency: 4.31836 ms (enqueue 3.10742 ms)
[10/04/2026-21:58:52] [I] Average on 1 runs - GPU latency: 4.23438 ms - Host latency: 4.30859 ms (enqueue 3.0957 ms)
[10/04/2026-21:58:52] [I] Average on 1 runs - GPU latency: 4.22656 ms - Host latency: 4.30273 ms (enqueue 3.09961 ms)
[10/04/2026-21:58:52] [I] Average on 1 runs - GPU latency: 4.22852 ms - Host latency: 4.30664 ms (enqueue 3.10156 ms)
[10/04/2026-21:58:52] [I] Average on 1 runs - GPU latency: 4.22852 ms - Host latency: 4.30664 ms (enqueue 3.11719 ms)
[10/04/2026-21:58:52] [I] Average on 1 runs - GPU latency: 4.22656 ms - Host latency: 4.29883 ms (enqueue 3.09961 ms)
[10/04/2026-21:58:52] [I] Average on 1 runs - GPU latency: 4.23242 ms - Host latency: 4.30078 ms (enqueue 3.10352 ms)
[10/04/2026-21:58:52] [I] Average on 1 runs - GPU latency: 4.23828 ms - Host latency: 4.3125 ms (enqueue 3.07812 ms)
[10/04/2026-21:58:52] [I] Average on 1 runs - GPU latency: 4.22852 ms - Host latency: 4.30078 ms (enqueue 3.03711 ms)
[10/04/2026-21:58:52] [I] Average on 1 runs - GPU latency: 4.23828 ms - Host latency: 4.31055 ms (enqueue 3.22656 ms)
[10/04/2026-21:58:52] [I] Average on 1 runs - GPU latency: 4.24414 ms - Host latency: 4.31055 ms (enqueue 3.02539 ms)
[10/04/2026-21:58:52] [I] Average on 1 runs - GPU latency: 4.22266 ms - Host latency: 4.29492 ms (enqueue 3.02734 ms)
[10/04/2026-21:58:52] [I] Average on 1 runs - GPU latency: 4.23242 ms - Host latency: 4.30273 ms (enqueue 3.12891 ms)
[10/04/2026-21:58:52] [I] Average on 1 runs - GPU latency: 4.23242 ms - Host latency: 4.30469 ms (enqueue 3.0957 ms)
[10/04/2026-21:58:52] [I] Average on 1 runs - GPU latency: 4.23438 ms - Host latency: 4.31055 ms (enqueue 3.10156 ms)
[10/04/2026-21:58:52] [I] Average on 1 runs - GPU latency: 4.23438 ms - Host latency: 4.30859 ms (enqueue 3.10742 ms)
[10/04/2026-21:58:52] [I] Average on 1 runs - GPU latency: 4.23047 ms - Host latency: 4.29688 ms (enqueue 3.07812 ms)
[10/04/2026-21:58:52] [I] Average on 1 runs - GPU latency: 4.23242 ms - Host latency: 4.29883 ms (enqueue 3.11719 ms)
[10/04/2026-21:58:52] [I] Average on 1 runs - GPU latency: 4.24219 ms - Host latency: 4.3125 ms (enqueue 3.0918 ms)
[10/04/2026-21:58:52] [I] Average on 1 runs - GPU latency: 4.24023 ms - Host latency: 4.30859 ms (enqueue 3.07422 ms)
[10/04/2026-21:58:52] [I] Average on 1 runs - GPU latency: 4.23047 ms - Host latency: 4.30469 ms (enqueue 3.10156 ms)
[10/04/2026-21:58:52] [I] Average on 1 runs - GPU latency: 4.23633 ms - Host latency: 4.30273 ms (enqueue 3.10938 ms)
[10/04/2026-21:58:52] [I] Average on 1 runs - GPU latency: 4.23242 ms - Host latency: 4.30469 ms (enqueue 3.13672 ms)
[10/04/2026-21:58:52] [I] Average on 1 runs - GPU latency: 4.23047 ms - Host latency: 4.30273 ms (enqueue 3.09961 ms)
[10/04/2026-21:58:52] [I] Average on 1 runs - GPU latency: 4.23047 ms - Host latency: 4.30469 ms (enqueue 3.04883 ms)
[10/04/2026-21:58:52] [I] Average on 1 runs - GPU latency: 4.23242 ms - Host latency: 4.29883 ms (enqueue 3.05078 ms)
[10/04/2026-21:58:52] [I] Average on 1 runs - GPU latency: 4.23047 ms - Host latency: 4.29688 ms (enqueue 3.04883 ms)
[10/04/2026-21:58:52] [I] Average on 1 runs - GPU latency: 4.22852 ms - Host latency: 4.29688 ms (enqueue 3.0332 ms)
[10/04/2026-21:58:52] [I] Average on 1 runs - GPU latency: 4.23438 ms - Host latency: 4.30469 ms (enqueue 3.09961 ms)
[10/04/2026-21:58:52] [I] Average on 1 runs - GPU latency: 4.23047 ms - Host latency: 4.29688 ms (enqueue 3.125 ms)
[10/04/2026-21:58:52] [I] Average on 1 runs - GPU latency: 4.23828 ms - Host latency: 4.30469 ms (enqueue 3.10352 ms)
[10/04/2026-21:58:52] [I] Average on 1 runs - GPU latency: 4.23633 ms - Host latency: 4.30078 ms (enqueue 3.0918 ms)
[10/04/2026-21:58:52] [I] Average on 1 runs - GPU latency: 4.25391 ms - Host latency: 4.32031 ms (enqueue 3.11914 ms)
[10/04/2026-21:58:52] [I] Average on 1 runs - GPU latency: 4.25781 ms - Host latency: 4.32422 ms (enqueue 3.0918 ms)
[10/04/2026-21:58:52] [I] Average on 1 runs - GPU latency: 4.24805 ms - Host latency: 4.32031 ms (enqueue 3.08984 ms)
[10/04/2026-21:58:52] [I] Average on 1 runs - GPU latency: 4.24609 ms - Host latency: 4.31836 ms (enqueue 3.13672 ms)
[10/04/2026-21:58:52] [I] Average on 1 runs - GPU latency: 4.24414 ms - Host latency: 4.3125 ms (enqueue 3.09961 ms)
[10/04/2026-21:58:52] [I] Average on 1 runs - GPU latency: 4.24609 ms - Host latency: 4.31641 ms (enqueue 3.10156 ms)
[10/04/2026-21:58:52] [I] Average on 1 runs - GPU latency: 4.24414 ms - Host latency: 4.3125 ms (enqueue 3.11133 ms)
[10/04/2026-21:58:52] [I] Average on 1 runs - GPU latency: 4.24219 ms - Host latency: 4.3125 ms (enqueue 3.0918 ms)
[10/04/2026-21:58:52] [I] Average on 1 runs - GPU latency: 4.24023 ms - Host latency: 4.31055 ms (enqueue 3.03906 ms)
[10/04/2026-21:58:52] [I] Average on 1 runs - GPU latency: 4.24023 ms - Host latency: 4.31055 ms (enqueue 3.03516 ms)
[10/04/2026-21:58:52] [I] Average on 1 runs - GPU latency: 4.24219 ms - Host latency: 4.30859 ms (enqueue 3.04492 ms)
[10/04/2026-21:58:52] [I] Average on 1 runs - GPU latency: 4.24023 ms - Host latency: 4.31641 ms (enqueue 3.02539 ms)
[10/04/2026-21:58:52] [I] Average on 1 runs - GPU latency: 4.23438 ms - Host latency: 4.30664 ms (enqueue 3.03711 ms)
[10/04/2026-21:58:52] [I] Average on 1 runs - GPU latency: 4.23633 ms - Host latency: 4.30469 ms (enqueue 3.09766 ms)
[10/04/2026-21:58:52] [I] Average on 1 runs - GPU latency: 4.22656 ms - Host latency: 4.29688 ms (enqueue 3.13086 ms)
[10/04/2026-21:58:52] [I] Average on 1 runs - GPU latency: 4.23633 ms - Host latency: 4.30469 ms (enqueue 3.11328 ms)
[10/04/2026-21:58:52] [I] Average on 1 runs - GPU latency: 4.22656 ms - Host latency: 4.29688 ms (enqueue 3.1582 ms)
[10/04/2026-21:58:52] [I] Average on 1 runs - GPU latency: 4.23047 ms - Host latency: 4.29883 ms (enqueue 3.09375 ms)
[10/04/2026-21:58:52] [I] Average on 1 runs - GPU latency: 4.23438 ms - Host latency: 4.30078 ms (enqueue 3.10547 ms)
[10/04/2026-21:58:52] [I] Average on 1 runs - GPU latency: 4.23828 ms - Host latency: 4.30664 ms (enqueue 3.08203 ms)
[10/04/2026-21:58:52] [I] Average on 1 runs - GPU latency: 4.23438 ms - Host latency: 4.30273 ms (enqueue 3.10156 ms)
[10/04/2026-21:58:52] [I] Average on 1 runs - GPU latency: 4.23242 ms - Host latency: 4.29688 ms (enqueue 3.11719 ms)
[10/04/2026-21:58:52] [I] Average on 1 runs - GPU latency: 4.23633 ms - Host latency: 4.30469 ms (enqueue 3.07031 ms)
[10/04/2026-21:58:52] [I] Average on 1 runs - GPU latency: 4.23242 ms - Host latency: 4.29883 ms (enqueue 3.08203 ms)
[10/04/2026-21:58:52] [I] Average on 1 runs - GPU latency: 4.22461 ms - Host latency: 4.29492 ms (enqueue 3.07227 ms)
[10/04/2026-21:58:52] [I] Average on 1 runs - GPU latency: 4.23438 ms - Host latency: 4.30273 ms (enqueue 3.02539 ms)
[10/04/2026-21:58:52] [I] Average on 1 runs - GPU latency: 4.23242 ms - Host latency: 4.30664 ms (enqueue 3.23438 ms)
[10/04/2026-21:58:52] [I] Average on 1 runs - GPU latency: 4.23828 ms - Host latency: 4.30859 ms (enqueue 3.0332 ms)
[10/04/2026-21:58:52] [I] Average on 1 runs - GPU latency: 4.23438 ms - Host latency: 4.30078 ms (enqueue 3.03711 ms)
[10/04/2026-21:58:52] [I] Average on 1 runs - GPU latency: 4.23242 ms - Host latency: 4.30078 ms (enqueue 3.09766 ms)
[10/04/2026-21:58:52] [I] Average on 1 runs - GPU latency: 4.23438 ms - Host latency: 4.30469 ms (enqueue 3.09375 ms)
[10/04/2026-21:58:52] [I] Average on 1 runs - GPU latency: 4.23828 ms - Host latency: 4.3125 ms (enqueue 3.11719 ms)
[10/04/2026-21:58:52] [I] Average on 1 runs - GPU latency: 4.23438 ms - Host latency: 4.30078 ms (enqueue 3.09375 ms)
[10/04/2026-21:58:52] [I] Average on 1 runs - GPU latency: 4.23438 ms - Host latency: 4.30078 ms (enqueue 3.0918 ms)
[10/04/2026-21:58:52] [I] Average on 1 runs - GPU latency: 4.23438 ms - Host latency: 4.29883 ms (enqueue 3.07812 ms)
[10/04/2026-21:58:52] [I] Average on 1 runs - GPU latency: 4.24805 ms - Host latency: 4.31445 ms (enqueue 3.07227 ms)
[10/04/2026-21:58:52] [I] Average on 1 runs - GPU latency: 4.22656 ms - Host latency: 4.29688 ms (enqueue 3.07812 ms)
[10/04/2026-21:58:52] [I] Average on 1 runs - GPU latency: 4.23438 ms - Host latency: 4.30469 ms (enqueue 3.08203 ms)
[10/04/2026-21:58:52] [I] Average on 1 runs - GPU latency: 4.24023 ms - Host latency: 4.30859 ms (enqueue 3.11523 ms)
[10/04/2026-21:58:52] [I] Average on 1 runs - GPU latency: 4.23242 ms - Host latency: 4.30078 ms (enqueue 3.0957 ms)
[10/04/2026-21:58:52] [I] Average on 1 runs - GPU latency: 4.23047 ms - Host latency: 4.30273 ms (enqueue 3.08984 ms)
[10/04/2026-21:58:52] [I] Average on 1 runs - GPU latency: 4.22852 ms - Host latency: 4.29883 ms (enqueue 3.05664 ms)
[10/04/2026-21:58:52] [I] Average on 1 runs - GPU latency: 4.24023 ms - Host latency: 4.30664 ms (enqueue 3.04492 ms)
[10/04/2026-21:58:52] [I] Average on 1 runs - GPU latency: 4.24023 ms - Host latency: 4.31641 ms (enqueue 3.25781 ms)
[10/04/2026-21:58:52] [I] Average on 1 runs - GPU latency: 4.23242 ms - Host latency: 4.29688 ms (enqueue 3.03125 ms)
[10/04/2026-21:58:52] [I] Average on 1 runs - GPU latency: 4.23438 ms - Host latency: 4.30078 ms (enqueue 3.05469 ms)
[10/04/2026-21:58:52] [I] Average on 1 runs - GPU latency: 4.23828 ms - Host latency: 4.31055 ms (enqueue 3.11914 ms)
[10/04/2026-21:58:52] [I] Average on 1 runs - GPU latency: 4.23633 ms - Host latency: 4.30859 ms (enqueue 3.08594 ms)
[10/04/2026-21:58:52] [I] Average on 1 runs - GPU latency: 4.23242 ms - Host latency: 4.29883 ms (enqueue 3.09961 ms)
[10/04/2026-21:58:52] [I] Average on 1 runs - GPU latency: 4.23633 ms - Host latency: 4.30859 ms (enqueue 3.0918 ms)
[10/04/2026-21:58:52] [I] Average on 1 runs - GPU latency: 4.22852 ms - Host latency: 4.29688 ms (enqueue 3.11133 ms)
[10/04/2026-21:58:52] [I] Average on 1 runs - GPU latency: 4.23828 ms - Host latency: 4.30664 ms (enqueue 3.08398 ms)
[10/04/2026-21:58:52] [I] Average on 1 runs - GPU latency: 4.23047 ms - Host latency: 4.30078 ms (enqueue 3.07812 ms)
[10/04/2026-21:58:52] [I] Average on 1 runs - GPU latency: 4.23438 ms - Host latency: 4.30469 ms (enqueue 3.0625 ms)
[10/04/2026-21:58:52] [I] Average on 1 runs - GPU latency: 4.23828 ms - Host latency: 4.30469 ms (enqueue 3.0957 ms)
[10/04/2026-21:58:52] [I] Average on 1 runs - GPU latency: 4.23047 ms - Host latency: 4.29883 ms (enqueue 3.0918 ms)
[10/04/2026-21:58:52] [I] Average on 1 runs - GPU latency: 4.23047 ms - Host latency: 4.29688 ms (enqueue 3.13477 ms)
[10/04/2026-21:58:52] [I] Average on 1 runs - GPU latency: 4.24023 ms - Host latency: 4.3125 ms (enqueue 3.0918 ms)
[10/04/2026-21:58:52] [I] Average on 1 runs - GPU latency: 4.23438 ms - Host latency: 4.29883 ms (enqueue 3.03906 ms)
[10/04/2026-21:58:52] [I] Average on 1 runs - GPU latency: 4.23633 ms - Host latency: 4.30469 ms (enqueue 3.03711 ms)
[10/04/2026-21:58:52] [I] Average on 1 runs - GPU latency: 4.23047 ms - Host latency: 4.30078 ms (enqueue 3.0293 ms)
[10/04/2026-21:58:52] [I] Average on 1 runs - GPU latency: 4.24023 ms - Host latency: 4.30664 ms (enqueue 3.00977 ms)
[10/04/2026-21:58:52] [I] Average on 1 runs - GPU latency: 4.23828 ms - Host latency: 4.30664 ms (enqueue 3.0293 ms)
[10/04/2026-21:58:52] [I] Average on 1 runs - GPU latency: 4.24805 ms - Host latency: 4.31641 ms (enqueue 3.0625 ms)
[10/04/2026-21:58:52] [I] Average on 1 runs - GPU latency: 4.23633 ms - Host latency: 4.30664 ms (enqueue 3.10547 ms)
[10/04/2026-21:58:52] [I] Average on 1 runs - GPU latency: 4.23828 ms - Host latency: 4.31055 ms (enqueue 3.08398 ms)
[10/04/2026-21:58:52] [I] Average on 1 runs - GPU latency: 4.23633 ms - Host latency: 4.30859 ms (enqueue 3.09766 ms)
[10/04/2026-21:58:52] [I] Average on 1 runs - GPU latency: 4.23828 ms - Host latency: 4.30859 ms (enqueue 3.11328 ms)
[10/04/2026-21:58:52] [I] Average on 1 runs - GPU latency: 4.22852 ms - Host latency: 4.29688 ms (enqueue 3.10156 ms)
[10/04/2026-21:58:52] [I] Average on 1 runs - GPU latency: 4.22852 ms - Host latency: 4.29883 ms (enqueue 3.16016 ms)
[10/04/2026-21:58:52] [I] Average on 1 runs - GPU latency: 4.24219 ms - Host latency: 4.31445 ms (enqueue 3.09375 ms)
[10/04/2026-21:58:52] [I] Average on 1 runs - GPU latency: 4.23633 ms - Host latency: 4.30859 ms (enqueue 3.11133 ms)
[10/04/2026-21:58:52] [I] Average on 1 runs - GPU latency: 4.23828 ms - Host latency: 4.30859 ms (enqueue 3.08984 ms)
[10/04/2026-21:58:52] [I] Average on 1 runs - GPU latency: 4.23047 ms - Host latency: 4.30078 ms (enqueue 3.0957 ms)
[10/04/2026-21:58:52] [I] Average on 1 runs - GPU latency: 4.23047 ms - Host latency: 4.29883 ms (enqueue 3.08398 ms)
[10/04/2026-21:58:52] [I] Average on 1 runs - GPU latency: 4.22656 ms - Host latency: 4.29883 ms (enqueue 3.04297 ms)
[10/04/2026-21:58:52] [I] Average on 1 runs - GPU latency: 4.22852 ms - Host latency: 4.30078 ms (enqueue 3.03906 ms)
[10/04/2026-21:58:52] [I] Average on 1 runs - GPU latency: 4.23828 ms - Host latency: 4.30469 ms (enqueue 3.03125 ms)
[10/04/2026-21:58:52] [I] Average on 1 runs - GPU latency: 4.23242 ms - Host latency: 4.29883 ms (enqueue 3.02734 ms)
[10/04/2026-21:58:52] [I] Average on 1 runs - GPU latency: 4.22852 ms - Host latency: 4.30078 ms (enqueue 3.0293 ms)
[10/04/2026-21:58:52] [I] Average on 1 runs - GPU latency: 4.23047 ms - Host latency: 4.30859 ms (enqueue 3.01758 ms)
[10/04/2026-21:58:52] [I] Average on 1 runs - GPU latency: 4.23633 ms - Host latency: 4.3125 ms (enqueue 3.08398 ms)
[10/04/2026-21:58:52] [I] Average on 1 runs - GPU latency: 4.22656 ms - Host latency: 4.30469 ms (enqueue 3.12109 ms)
[10/04/2026-21:58:52] [I] Average on 1 runs - GPU latency: 4.22461 ms - Host latency: 4.30273 ms (enqueue 3.08398 ms)
[10/04/2026-21:58:52] [I] Average on 1 runs - GPU latency: 4.23242 ms - Host latency: 4.30859 ms (enqueue 3.08789 ms)
[10/04/2026-21:58:52] [I] Average on 1 runs - GPU latency: 4.23047 ms - Host latency: 4.30273 ms (enqueue 3.11328 ms)
[10/04/2026-21:58:52] [I] Average on 1 runs - GPU latency: 4.22852 ms - Host latency: 4.29883 ms (enqueue 3.11328 ms)
[10/04/2026-21:58:52] [I] Average on 1 runs - GPU latency: 4.23047 ms - Host latency: 4.30273 ms (enqueue 3.08789 ms)
[10/04/2026-21:58:52] [I] Average on 1 runs - GPU latency: 4.23438 ms - Host latency: 4.30469 ms (enqueue 3.08203 ms)
[10/04/2026-21:58:52] [I] Average on 1 runs - GPU latency: 4.23242 ms - Host latency: 4.30664 ms (enqueue 3.11719 ms)
[10/04/2026-21:58:52] [I] Average on 1 runs - GPU latency: 4.23438 ms - Host latency: 4.30469 ms (enqueue 3.12695 ms)
[10/04/2026-21:58:52] [I] Average on 1 runs - GPU latency: 4.23633 ms - Host latency: 4.30078 ms (enqueue 3.09766 ms)
[10/04/2026-21:58:52] [I] Average on 1 runs - GPU latency: 4.23438 ms - Host latency: 4.30273 ms (enqueue 3.10156 ms)
[10/04/2026-21:58:52] [I] Average on 1 runs - GPU latency: 4.23047 ms - Host latency: 4.29883 ms (enqueue 3.02734 ms)
[10/04/2026-21:58:52] [I] Average on 1 runs - GPU latency: 4.23828 ms - Host latency: 4.31836 ms (enqueue 3.04102 ms)
[10/04/2026-21:58:52] [I] Average on 1 runs - GPU latency: 4.22656 ms - Host latency: 4.29688 ms (enqueue 3.03125 ms)
[10/04/2026-21:58:52] [I] Average on 1 runs - GPU latency: 4.23828 ms - Host latency: 4.3125 ms (enqueue 3.0293 ms)
[10/04/2026-21:58:52] [I] Average on 1 runs - GPU latency: 4.24219 ms - Host latency: 4.31836 ms (enqueue 3.03711 ms)
[10/04/2026-21:58:52] [I] Average on 1 runs - GPU latency: 4.23828 ms - Host latency: 4.30859 ms (enqueue 3.04688 ms)
[10/04/2026-21:58:52] [I] Average on 1 runs - GPU latency: 4.23438 ms - Host latency: 4.30664 ms (enqueue 3.05664 ms)
[10/04/2026-21:58:52] [I] Average on 1 runs - GPU latency: 4.2207 ms - Host latency: 4.29297 ms (enqueue 3.08594 ms)
[10/04/2026-21:58:52] [I] 
[10/04/2026-21:58:52] [I] === Performance summary ===
[10/04/2026-21:58:52] [I] Throughput: 235.992 qps
[10/04/2026-21:58:52] [I] Latency: min = 4.28467 ms, max = 4.49023 ms, mean = 4.30718 ms, median = 4.30566 ms, percentile(90%) = 4.31738 ms, percentile(95%) = 4.32178 ms, percentile(99%) = 4.33691 ms
[10/04/2026-21:58:52] [I] Enqueue Time: min = 2.04834 ms, max = 4.60254 ms, mean = 3.01543 ms, median = 3.06543 ms, percentile(90%) = 3.11523 ms, percentile(95%) = 3.12939 ms, percentile(99%) = 3.24219 ms
[10/04/2026-21:58:52] [I] H2D Latency: min = 0.0585938 ms, max = 0.199219 ms, mean = 0.0671931 ms, median = 0.0664062 ms, percentile(90%) = 0.0732422 ms, percentile(95%) = 0.0751953 ms, percentile(99%) = 0.0820312 ms
[10/04/2026-21:58:52] [I] GPU Compute Time: min = 4.21631 ms, max = 4.28223 ms, mean = 4.23339 ms, median = 4.23242 ms, percentile(90%) = 4.24121 ms, percentile(95%) = 4.24414 ms, percentile(99%) = 4.25684 ms
[10/04/2026-21:58:52] [I] D2H Latency: min = 0.00292969 ms, max = 0.0126953 ms, mean = 0.00659552 ms, median = 0.00585938 ms, percentile(90%) = 0.00878906 ms, percentile(95%) = 0.00976562 ms, percentile(99%) = 0.0102539 ms
[10/04/2026-21:58:52] [I] Total Host Walltime: 15.0132 s
[10/04/2026-21:58:52] [I] Total GPU Compute Time: 14.9989 s
[10/04/2026-21:58:52] [I] Explanations of the performance metrics are printed in the verbose logs.
[10/04/2026-21:58:52] [I] 
&&&& PASSED TensorRT.trtexec [TensorRT v100300] # /usr/src/tensorrt/bin/trtexec --loadEngine=/tmp/yolo26n_84172_uint8_fp16_opt3.engine --warmUp=3000 --duration=15 --idleTime=1 --avgRuns=1
