&&&& RUNNING TensorRT.trtexec [TensorRT v100300] # /usr/src/tensorrt/bin/trtexec --loadEngine=/tmp/yolo26n_84172_uint8_fp16_opt3.engine --warmUp=3000 --duration=15 --idleTime=0 --avgRuns=1
[10/06/2026-16:11:28] [I] === Model Options ===
[10/06/2026-16:11:28] [I] Format: *
[10/06/2026-16:11:28] [I] Model: 
[10/06/2026-16:11:28] [I] Output:
[10/06/2026-16:11:28] [I] 
[10/06/2026-16:11:28] [I] === System Options ===
[10/06/2026-16:11:28] [I] Device: 0
[10/06/2026-16:11:28] [I] DLACore: 
[10/06/2026-16:11:28] [I] Plugins:
[10/06/2026-16:11:28] [I] setPluginsToSerialize:
[10/06/2026-16:11:28] [I] dynamicPlugins:
[10/06/2026-16:11:28] [I] ignoreParsedPluginLibs: 0
[10/06/2026-16:11:28] [I] 
[10/06/2026-16:11:28] [I] === Inference Options ===
[10/06/2026-16:11:28] [I] Batch: Explicit
[10/06/2026-16:11:28] [I] Input inference shapes: model
[10/06/2026-16:11:28] [I] Iterations: 10
[10/06/2026-16:11:28] [I] Duration: 15s (+ 3000ms warm up)
[10/06/2026-16:11:28] [I] Sleep time: 0ms
[10/06/2026-16:11:28] [I] Idle time: 0ms
[10/06/2026-16:11:28] [I] Inference Streams: 1
[10/06/2026-16:11:28] [I] ExposeDMA: Disabled
[10/06/2026-16:11:28] [I] Data transfers: Enabled
[10/06/2026-16:11:28] [I] Spin-wait: Disabled
[10/06/2026-16:11:28] [I] Multithreading: Disabled
[10/06/2026-16:11:28] [I] CUDA Graph: Disabled
[10/06/2026-16:11:28] [I] Separate profiling: Disabled
[10/06/2026-16:11:28] [I] Time Deserialize: Disabled
[10/06/2026-16:11:28] [I] Time Refit: Disabled
[10/06/2026-16:11:28] [I] NVTX verbosity: 0
[10/06/2026-16:11:28] [I] Persistent Cache Ratio: 0
[10/06/2026-16:11:28] [I] Optimization Profile Index: 0
[10/06/2026-16:11:28] [I] Weight Streaming Budget: 100.000000%
[10/06/2026-16:11:28] [I] Inputs:
[10/06/2026-16:11:28] [I] Debug Tensor Save Destinations:
[10/06/2026-16:11:28] [I] === Reporting Options ===
[10/06/2026-16:11:28] [I] Verbose: Disabled
[10/06/2026-16:11:28] [I] Averages: 1 inferences
[10/06/2026-16:11:28] [I] Percentiles: 90,95,99
[10/06/2026-16:11:28] [I] Dump refittable layers:Disabled
[10/06/2026-16:11:28] [I] Dump output: Disabled
[10/06/2026-16:11:28] [I] Profile: Disabled
[10/06/2026-16:11:28] [I] Export timing to JSON file: 
[10/06/2026-16:11:28] [I] Export output to JSON file: 
[10/06/2026-16:11:28] [I] Export profile to JSON file: 
[10/06/2026-16:11:28] [I] 
[10/06/2026-16:11:28] [I] === Device Information ===
[10/06/2026-16:11:28] [I] Available Devices: 
[10/06/2026-16:11:28] [I]   Device 0: "Orin" UUID: GPU-6e16c2c1-e394-5324-8f2e-63a975968f4e
[10/06/2026-16:11:28] [I] Selected Device: Orin
[10/06/2026-16:11:28] [I] Selected Device ID: 0
[10/06/2026-16:11:28] [I] Selected Device UUID: GPU-6e16c2c1-e394-5324-8f2e-63a975968f4e
[10/06/2026-16:11:28] [I] Compute Capability: 8.7
[10/06/2026-16:11:28] [I] SMs: 8
[10/06/2026-16:11:28] [I] Device Global Memory: 7607 MiB
[10/06/2026-16:11:28] [I] Shared Memory per SM: 164 KiB
[10/06/2026-16:11:28] [I] Memory Bus Width: 128 bits (ECC disabled)
[10/06/2026-16:11:28] [I] Application Compute Clock Rate: 1.02 GHz
[10/06/2026-16:11:28] [I] Application Memory Clock Rate: 0.408 GHz
[10/06/2026-16:11:28] [I] 
[10/06/2026-16:11:28] [I] Note: The application clock rates do not reflect the actual clock rates that the GPU is currently running at.
[10/06/2026-16:11:28] [I] 
[10/06/2026-16:11:28] [I] TensorRT version: 10.3.0
[10/06/2026-16:11:28] [I] Loading standard plugins
[10/06/2026-16:11:28] [I] [TRT] Loaded engine size: 7 MiB
[10/06/2026-16:11:28] [I] Engine deserialized in 0.0753276 sec.
[10/06/2026-16:11:28] [I] [TRT] [MemUsageChange] TensorRT-managed allocation in IExecutionContext creation: CPU +0, GPU +12, now: CPU 0, GPU 16 (MiB)
[10/06/2026-16:11:28] [I] Setting persistentCacheLimit to 0 bytes.
[10/06/2026-16:11:28] [I] Created execution context with device memory size: 12.207 MiB
[10/06/2026-16:11:28] [I] Using random values for input images
[10/06/2026-16:11:28] [I] Input binding for images with dimensions 1x640x640x3 is created.
[10/06/2026-16:11:28] [I] Output binding for output0 with dimensions 1x300x6 is created.
[10/06/2026-16:11:28] [I] Starting inference
[10/06/2026-16:11:46] [I] Warmup completed 309 queries over 3000 ms
[10/06/2026-16:11:46] [I] Timing trace has 1576 queries over 15.0247 s
[10/06/2026-16:11:46] [I] 
[10/06/2026-16:11:46] [I] === Trace details ===
[10/06/2026-16:11:46] [I] Trace averages of 1 runs:
[10/06/2026-16:11:46] [I] Average on 1 runs - GPU latency: 9.52588 ms - Host latency: 9.67139 ms (enqueue 4.27344 ms)
[10/06/2026-16:11:46] [I] Average on 1 runs - GPU latency: 9.521 ms - Host latency: 9.67188 ms (enqueue 4.20483 ms)
[10/06/2026-16:11:46] [I] Average on 1 runs - GPU latency: 9.52124 ms - Host latency: 9.66748 ms (enqueue 4.3418 ms)
[10/06/2026-16:11:46] [I] Average on 1 runs - GPU latency: 9.53296 ms - Host latency: 9.69751 ms (enqueue 4.771 ms)
[10/06/2026-16:11:46] [I] Average on 1 runs - GPU latency: 9.50854 ms - Host latency: 9.65967 ms (enqueue 4.35571 ms)
[10/06/2026-16:11:46] [I] Average on 1 runs - GPU latency: 9.51221 ms - Host latency: 9.69116 ms (enqueue 3.80786 ms)
[10/06/2026-16:11:46] [I] Average on 1 runs - GPU latency: 9.52441 ms - Host latency: 9.67749 ms (enqueue 4.39746 ms)
[10/06/2026-16:11:46] [I] Average on 1 runs - GPU latency: 9.5144 ms - Host latency: 9.66406 ms (enqueue 4.35425 ms)
[10/06/2026-16:11:46] [I] Average on 1 runs - GPU latency: 9.52124 ms - Host latency: 9.66919 ms (enqueue 4.35571 ms)
[10/06/2026-16:11:46] [I] Average on 1 runs - GPU latency: 9.52612 ms - Host latency: 9.68115 ms (enqueue 4.26758 ms)
[10/06/2026-16:11:46] [I] Average on 1 runs - GPU latency: 9.52954 ms - Host latency: 9.67944 ms (enqueue 4.36011 ms)
[10/06/2026-16:11:46] [I] Average on 1 runs - GPU latency: 9.52344 ms - Host latency: 9.67432 ms (enqueue 4.57935 ms)
[10/06/2026-16:11:46] [I] Average on 1 runs - GPU latency: 9.50977 ms - Host latency: 9.6604 ms (enqueue 3.92334 ms)
[10/06/2026-16:11:46] [I] Average on 1 runs - GPU latency: 9.52466 ms - Host latency: 9.67969 ms (enqueue 3.28809 ms)
[10/06/2026-16:11:46] [I] Average on 1 runs - GPU latency: 9.51904 ms - Host latency: 9.66943 ms (enqueue 3.81445 ms)
[10/06/2026-16:11:46] [I] Average on 1 runs - GPU latency: 9.53149 ms - Host latency: 9.67822 ms (enqueue 4.49487 ms)
[10/06/2026-16:11:46] [I] Average on 1 runs - GPU latency: 9.52197 ms - Host latency: 9.66479 ms (enqueue 4.448 ms)
[10/06/2026-16:11:46] [I] Average on 1 runs - GPU latency: 9.52173 ms - Host latency: 9.66821 ms (enqueue 4.37573 ms)
[10/06/2026-16:11:46] [I] Average on 1 runs - GPU latency: 9.52563 ms - Host latency: 9.67773 ms (enqueue 4.2522 ms)
[10/06/2026-16:11:46] [I] Average on 1 runs - GPU latency: 9.51685 ms - Host latency: 9.66748 ms (enqueue 5.25439 ms)
[10/06/2026-16:11:46] [I] Average on 1 runs - GPU latency: 9.52905 ms - Host latency: 9.67578 ms (enqueue 4.28418 ms)
[10/06/2026-16:11:46] [I] Average on 1 runs - GPU latency: 9.52466 ms - Host latency: 9.67188 ms (enqueue 2.56616 ms)
[10/06/2026-16:11:46] [I] Average on 1 runs - GPU latency: 9.50757 ms - Host latency: 9.65894 ms (enqueue 4.34375 ms)
[10/06/2026-16:11:46] [I] Average on 1 runs - GPU latency: 9.50879 ms - Host latency: 9.65674 ms (enqueue 4.45581 ms)
[10/06/2026-16:11:46] [I] Average on 1 runs - GPU latency: 9.52026 ms - Host latency: 9.66748 ms (enqueue 4.33057 ms)
[10/06/2026-16:11:46] [I] Average on 1 runs - GPU latency: 9.52759 ms - Host latency: 9.67871 ms (enqueue 4.3103 ms)
[10/06/2026-16:11:46] [I] Average on 1 runs - GPU latency: 9.52271 ms - Host latency: 9.67212 ms (enqueue 3.80957 ms)
[10/06/2026-16:11:46] [I] Average on 1 runs - GPU latency: 9.51221 ms - Host latency: 9.66748 ms (enqueue 4.396 ms)
[10/06/2026-16:11:46] [I] Average on 1 runs - GPU latency: 9.51978 ms - Host latency: 9.66577 ms (enqueue 4.3728 ms)
[10/06/2026-16:11:46] [I] Average on 1 runs - GPU latency: 9.5271 ms - Host latency: 9.6748 ms (enqueue 4.39453 ms)
[10/06/2026-16:11:46] [I] Average on 1 runs - GPU latency: 9.5293 ms - Host latency: 9.73486 ms (enqueue 4.2915 ms)
[10/06/2026-16:11:46] [I] Average on 1 runs - GPU latency: 9.52002 ms - Host latency: 9.66479 ms (enqueue 4.48828 ms)
[10/06/2026-16:11:46] [I] Average on 1 runs - GPU latency: 9.52881 ms - Host latency: 9.6875 ms (enqueue 4.62915 ms)
[10/06/2026-16:11:46] [I] Average on 1 runs - GPU latency: 9.51538 ms - Host latency: 9.66113 ms (enqueue 4.31738 ms)
[10/06/2026-16:11:46] [I] Average on 1 runs - GPU latency: 9.5271 ms - Host latency: 9.67383 ms (enqueue 4.34155 ms)
[10/06/2026-16:11:46] [I] Average on 1 runs - GPU latency: 9.5249 ms - Host latency: 9.67236 ms (enqueue 4.34326 ms)
[10/06/2026-16:11:46] [I] Average on 1 runs - GPU latency: 9.53931 ms - Host latency: 9.69189 ms (enqueue 4.37207 ms)
[10/06/2026-16:11:46] [I] Average on 1 runs - GPU latency: 9.52319 ms - Host latency: 9.66016 ms (enqueue 3.39917 ms)
[10/06/2026-16:11:46] [I] Average on 1 runs - GPU latency: 9.52954 ms - Host latency: 9.67944 ms (enqueue 4.38403 ms)
[10/06/2026-16:11:46] [I] Average on 1 runs - GPU latency: 9.5271 ms - Host latency: 9.66748 ms (enqueue 3.39136 ms)
[10/06/2026-16:11:46] [I] Average on 1 runs - GPU latency: 9.51562 ms - Host latency: 9.66699 ms (enqueue 3.43774 ms)
[10/06/2026-16:11:46] [I] Average on 1 runs - GPU latency: 9.52026 ms - Host latency: 9.66968 ms (enqueue 4.61353 ms)
[10/06/2026-16:11:46] [I] Average on 1 runs - GPU latency: 9.53589 ms - Host latency: 9.68799 ms (enqueue 3.18091 ms)
[10/06/2026-16:11:46] [I] Average on 1 runs - GPU latency: 9.51416 ms - Host latency: 9.66187 ms (enqueue 4.43726 ms)
[10/06/2026-16:11:46] [I] Average on 1 runs - GPU latency: 9.51904 ms - Host latency: 9.66431 ms (enqueue 4.48022 ms)
[10/06/2026-16:11:46] [I] Average on 1 runs - GPU latency: 9.52319 ms - Host latency: 9.67188 ms (enqueue 4.31494 ms)
[10/06/2026-16:11:46] [I] Average on 1 runs - GPU latency: 9.52148 ms - Host latency: 9.67822 ms (enqueue 4.33765 ms)
[10/06/2026-16:11:46] [I] Average on 1 runs - GPU latency: 9.51953 ms - Host latency: 9.66406 ms (enqueue 3.84766 ms)
[10/06/2026-16:11:46] [I] Average on 1 runs - GPU latency: 9.5166 ms - Host latency: 9.66821 ms (enqueue 4.39844 ms)
[10/06/2026-16:11:46] [I] Average on 1 runs - GPU latency: 9.51587 ms - Host latency: 9.66553 ms (enqueue 4.33032 ms)
[10/06/2026-16:11:46] [I] Average on 1 runs - GPU latency: 9.50513 ms - Host latency: 9.65601 ms (enqueue 4.40527 ms)
[10/06/2026-16:11:46] [I] Average on 1 runs - GPU latency: 9.52026 ms - Host latency: 9.67114 ms (enqueue 4.39502 ms)
[10/06/2026-16:11:46] [I] Average on 1 runs - GPU latency: 9.52417 ms - Host latency: 9.69824 ms (enqueue 4.33691 ms)
[10/06/2026-16:11:46] [I] Average on 1 runs - GPU latency: 9.52222 ms - Host latency: 9.6748 ms (enqueue 4.47095 ms)
[10/06/2026-16:11:46] [I] Average on 1 runs - GPU latency: 9.52783 ms - Host latency: 9.67432 ms (enqueue 4.3562 ms)
[10/06/2026-16:11:46] [I] Average on 1 runs - GPU latency: 9.51416 ms - Host latency: 9.66406 ms (enqueue 4.32715 ms)
[10/06/2026-16:11:46] [I] Average on 1 runs - GPU latency: 9.5249 ms - Host latency: 9.67383 ms (enqueue 4.31567 ms)
[10/06/2026-16:11:46] [I] Average on 1 runs - GPU latency: 9.54736 ms - Host latency: 9.69531 ms (enqueue 3.34082 ms)
[10/06/2026-16:11:46] [I] Average on 1 runs - GPU latency: 9.52344 ms - Host latency: 9.68823 ms (enqueue 3.52979 ms)
[10/06/2026-16:11:46] [I] Average on 1 runs - GPU latency: 9.52319 ms - Host latency: 9.66919 ms (enqueue 2.85815 ms)
[10/06/2026-16:11:46] [I] Average on 1 runs - GPU latency: 9.5188 ms - Host latency: 9.66357 ms (enqueue 2.65771 ms)
[10/06/2026-16:11:46] [I] Average on 1 runs - GPU latency: 9.50757 ms - Host latency: 9.65649 ms (enqueue 3.06812 ms)
[10/06/2026-16:11:46] [I] Average on 1 runs - GPU latency: 9.52002 ms - Host latency: 9.66357 ms (enqueue 2.88818 ms)
[10/06/2026-16:11:46] [I] Average on 1 runs - GPU latency: 9.51416 ms - Host latency: 9.67554 ms (enqueue 3.2085 ms)
[10/06/2026-16:11:46] [I] Average on 1 runs - GPU latency: 9.50269 ms - Host latency: 9.66089 ms (enqueue 4.37085 ms)
[10/06/2026-16:11:46] [I] Average on 1 runs - GPU latency: 9.52783 ms - Host latency: 9.67773 ms (enqueue 4.37891 ms)
[10/06/2026-16:11:46] [I] Average on 1 runs - GPU latency: 9.52515 ms - Host latency: 9.67236 ms (enqueue 3.53027 ms)
[10/06/2026-16:11:46] [I] Average on 1 runs - GPU latency: 9.52686 ms - Host latency: 9.67505 ms (enqueue 4.39941 ms)
[10/06/2026-16:11:46] [I] Average on 1 runs - GPU latency: 9.52686 ms - Host latency: 9.67358 ms (enqueue 4.15918 ms)
[10/06/2026-16:11:46] [I] Average on 1 runs - GPU latency: 9.52124 ms - Host latency: 9.66895 ms (enqueue 4.41748 ms)
[10/06/2026-16:11:46] [I] Average on 1 runs - GPU latency: 9.52344 ms - Host latency: 9.67383 ms (enqueue 4.33105 ms)
[10/06/2026-16:11:46] [I] Average on 1 runs - GPU latency: 9.52148 ms - Host latency: 9.66895 ms (enqueue 4.39087 ms)
[10/06/2026-16:11:46] [I] Average on 1 runs - GPU latency: 9.53247 ms - Host latency: 9.67896 ms (enqueue 4.34375 ms)
[10/06/2026-16:11:46] [I] Average on 1 runs - GPU latency: 9.52271 ms - Host latency: 9.73828 ms (enqueue 5.22974 ms)
[10/06/2026-16:11:46] [I] Average on 1 runs - GPU latency: 9.52295 ms - Host latency: 9.67432 ms (enqueue 4.47729 ms)
[10/06/2026-16:11:46] [I] Average on 1 runs - GPU latency: 9.51831 ms - Host latency: 9.66675 ms (enqueue 4.28906 ms)
[10/06/2026-16:11:46] [I] Average on 1 runs - GPU latency: 9.521 ms - Host latency: 9.67432 ms (enqueue 4.31079 ms)
[10/06/2026-16:11:46] [I] Average on 1 runs - GPU latency: 9.52295 ms - Host latency: 9.66895 ms (enqueue 4.34351 ms)
[10/06/2026-16:11:46] [I] Average on 1 runs - GPU latency: 9.51831 ms - Host latency: 9.66431 ms (enqueue 4.39844 ms)
[10/06/2026-16:11:46] [I] Average on 1 runs - GPU latency: 9.52637 ms - Host latency: 9.67432 ms (enqueue 3.98853 ms)
[10/06/2026-16:11:46] [I] Average on 1 runs - GPU latency: 9.51074 ms - Host latency: 9.65796 ms (enqueue 4.3938 ms)
[10/06/2026-16:11:46] [I] Average on 1 runs - GPU latency: 9.52686 ms - Host latency: 9.67505 ms (enqueue 4.29395 ms)
[10/06/2026-16:11:46] [I] Average on 1 runs - GPU latency: 9.52295 ms - Host latency: 9.66821 ms (enqueue 4.34692 ms)
[10/06/2026-16:11:46] [I] Average on 1 runs - GPU latency: 9.51636 ms - Host latency: 9.6582 ms (enqueue 4.29883 ms)
[10/06/2026-16:11:46] [I] Average on 1 runs - GPU latency: 9.51733 ms - Host latency: 9.66602 ms (enqueue 3.00781 ms)
[10/06/2026-16:11:46] [I] Average on 1 runs - GPU latency: 9.52759 ms - Host latency: 9.68018 ms (enqueue 4.31519 ms)
[10/06/2026-16:11:46] [I] Average on 1 runs - GPU latency: 9.52783 ms - Host latency: 9.67529 ms (enqueue 4.36597 ms)
[10/06/2026-16:11:46] [I] Average on 1 runs - GPU latency: 9.50854 ms - Host latency: 9.70264 ms (enqueue 4.32837 ms)
[10/06/2026-16:11:46] [I] Average on 1 runs - GPU latency: 9.51953 ms - Host latency: 9.67041 ms (enqueue 4.30786 ms)
[10/06/2026-16:11:46] [I] Average on 1 runs - GPU latency: 9.53076 ms - Host latency: 9.6814 ms (enqueue 4.11255 ms)
[10/06/2026-16:11:46] [I] Average on 1 runs - GPU latency: 9.53052 ms - Host latency: 9.6814 ms (enqueue 4.38989 ms)
[10/06/2026-16:11:46] [I] Average on 1 runs - GPU latency: 9.52271 ms - Host latency: 9.67065 ms (enqueue 4.3147 ms)
[10/06/2026-16:11:46] [I] Average on 1 runs - GPU latency: 9.5166 ms - Host latency: 9.66284 ms (enqueue 4.36914 ms)
[10/06/2026-16:11:46] [I] Average on 1 runs - GPU latency: 9.51099 ms - Host latency: 9.66113 ms (enqueue 2.93042 ms)
[10/06/2026-16:11:46] [I] Average on 1 runs - GPU latency: 9.51514 ms - Host latency: 9.66504 ms (enqueue 4.03711 ms)
[10/06/2026-16:11:46] [I] Average on 1 runs - GPU latency: 9.52295 ms - Host latency: 9.66699 ms (enqueue 4.38379 ms)
[10/06/2026-16:11:46] [I] Average on 1 runs - GPU latency: 9.52881 ms - Host latency: 9.67896 ms (enqueue 4.28882 ms)
[10/06/2026-16:11:46] [I] Average on 1 runs - GPU latency: 9.52124 ms - Host latency: 9.67114 ms (enqueue 4.26392 ms)
[10/06/2026-16:11:46] [I] Average on 1 runs - GPU latency: 9.52051 ms - Host latency: 9.66504 ms (enqueue 4.32642 ms)
[10/06/2026-16:11:46] [I] Average on 1 runs - GPU latency: 9.51636 ms - Host latency: 9.67749 ms (enqueue 4.21948 ms)
[10/06/2026-16:11:46] [I] Average on 1 runs - GPU latency: 9.52026 ms - Host latency: 9.65747 ms (enqueue 2.12476 ms)
[10/06/2026-16:11:46] [I] Average on 1 runs - GPU latency: 9.51758 ms - Host latency: 9.66943 ms (enqueue 4.33276 ms)
[10/06/2026-16:11:46] [I] Average on 1 runs - GPU latency: 9.51807 ms - Host latency: 9.66821 ms (enqueue 4.2312 ms)
[10/06/2026-16:11:46] [I] Average on 1 runs - GPU latency: 9.51611 ms - Host latency: 9.66602 ms (enqueue 4.30591 ms)
[10/06/2026-16:11:46] [I] Average on 1 runs - GPU latency: 9.52881 ms - Host latency: 9.67578 ms (enqueue 4.25415 ms)
[10/06/2026-16:11:46] [I] Average on 1 runs - GPU latency: 9.51929 ms - Host latency: 9.67041 ms (enqueue 2.7959 ms)
[10/06/2026-16:11:46] [I] Average on 1 runs - GPU latency: 9.52124 ms - Host latency: 9.68091 ms (enqueue 4.40381 ms)
[10/06/2026-16:11:46] [I] Average on 1 runs - GPU latency: 9.53271 ms - Host latency: 9.70117 ms (enqueue 4.30054 ms)
[10/06/2026-16:11:46] [I] Average on 1 runs - GPU latency: 9.51636 ms - Host latency: 9.6626 ms (enqueue 4.32812 ms)
[10/06/2026-16:11:46] [I] Average on 1 runs - GPU latency: 9.52417 ms - Host latency: 9.67188 ms (enqueue 4.27759 ms)
[10/06/2026-16:11:46] [I] Average on 1 runs - GPU latency: 9.53271 ms - Host latency: 9.67407 ms (enqueue 4.14673 ms)
[10/06/2026-16:11:46] [I] Average on 1 runs - GPU latency: 9.51489 ms - Host latency: 9.66821 ms (enqueue 4.30127 ms)
[10/06/2026-16:11:46] [I] Average on 1 runs - GPU latency: 9.51172 ms - Host latency: 9.66528 ms (enqueue 4.40503 ms)
[10/06/2026-16:11:46] [I] Average on 1 runs - GPU latency: 9.52466 ms - Host latency: 9.6731 ms (enqueue 4.29468 ms)
[10/06/2026-16:11:46] [I] Average on 1 runs - GPU latency: 9.52417 ms - Host latency: 9.67114 ms (enqueue 4.2334 ms)
[10/06/2026-16:11:46] [I] Average on 1 runs - GPU latency: 9.52246 ms - Host latency: 9.6731 ms (enqueue 4.02515 ms)
[10/06/2026-16:11:46] [I] Average on 1 runs - GPU latency: 9.521 ms - Host latency: 9.67578 ms (enqueue 3.45215 ms)
[10/06/2026-16:11:46] [I] Average on 1 runs - GPU latency: 9.51709 ms - Host latency: 9.66455 ms (enqueue 3.12158 ms)
[10/06/2026-16:11:46] [I] Average on 1 runs - GPU latency: 9.51758 ms - Host latency: 9.66064 ms (enqueue 2.66553 ms)
[10/06/2026-16:11:46] [I] Average on 1 runs - GPU latency: 9.51562 ms - Host latency: 9.66504 ms (enqueue 3.38525 ms)
[10/06/2026-16:11:46] [I] Average on 1 runs - GPU latency: 9.53271 ms - Host latency: 9.68604 ms (enqueue 3.05176 ms)
[10/06/2026-16:11:46] [I] Average on 1 runs - GPU latency: 9.51318 ms - Host latency: 9.66211 ms (enqueue 2.85645 ms)
[10/06/2026-16:11:46] [I] Average on 1 runs - GPU latency: 9.521 ms - Host latency: 9.66406 ms (enqueue 3.25488 ms)
[10/06/2026-16:11:46] [I] Average on 1 runs - GPU latency: 9.53125 ms - Host latency: 9.67529 ms (enqueue 3.43945 ms)
[10/06/2026-16:11:46] [I] Average on 1 runs - GPU latency: 9.51318 ms - Host latency: 9.66016 ms (enqueue 3.54443 ms)
[10/06/2026-16:11:46] [I] Average on 1 runs - GPU latency: 9.5249 ms - Host latency: 9.67285 ms (enqueue 3.95557 ms)
[10/06/2026-16:11:46] [I] Average on 1 runs - GPU latency: 9.521 ms - Host latency: 9.6709 ms (enqueue 3.19629 ms)
[10/06/2026-16:11:46] [I] Average on 1 runs - GPU latency: 9.52637 ms - Host latency: 9.67822 ms (enqueue 4.38525 ms)
[10/06/2026-16:11:46] [I] Average on 1 runs - GPU latency: 9.52588 ms - Host latency: 9.67188 ms (enqueue 4.41504 ms)
[10/06/2026-16:11:46] [I] Average on 1 runs - GPU latency: 9.52148 ms - Host latency: 9.66699 ms (enqueue 4.32861 ms)
[10/06/2026-16:11:46] [I] Average on 1 runs - GPU latency: 9.52539 ms - Host latency: 9.67578 ms (enqueue 4.32373 ms)
[10/06/2026-16:11:46] [I] Average on 1 runs - GPU latency: 9.52783 ms - Host latency: 9.67627 ms (enqueue 4.26611 ms)
[10/06/2026-16:11:46] [I] Average on 1 runs - GPU latency: 9.51074 ms - Host latency: 9.66064 ms (enqueue 4.30615 ms)
[10/06/2026-16:11:46] [I] Average on 1 runs - GPU latency: 9.52588 ms - Host latency: 9.67676 ms (enqueue 4.33643 ms)
[10/06/2026-16:11:46] [I] Average on 1 runs - GPU latency: 9.51953 ms - Host latency: 9.66309 ms (enqueue 4.38037 ms)
[10/06/2026-16:11:46] [I] Average on 1 runs - GPU latency: 9.52344 ms - Host latency: 9.67188 ms (enqueue 4.31201 ms)
[10/06/2026-16:11:46] [I] Average on 1 runs - GPU latency: 9.51074 ms - Host latency: 9.65869 ms (enqueue 4.38965 ms)
[10/06/2026-16:11:46] [I] Average on 1 runs - GPU latency: 9.52979 ms - Host latency: 9.67529 ms (enqueue 4.43115 ms)
[10/06/2026-16:11:46] [I] Average on 1 runs - GPU latency: 9.50928 ms - Host latency: 9.65723 ms (enqueue 4.3501 ms)
[10/06/2026-16:11:46] [I] Average on 1 runs - GPU latency: 9.52393 ms - Host latency: 9.67041 ms (enqueue 4.30322 ms)
[10/06/2026-16:11:46] [I] Average on 1 runs - GPU latency: 9.53662 ms - Host latency: 9.68604 ms (enqueue 4.29932 ms)
[10/06/2026-16:11:46] [I] Average on 1 runs - GPU latency: 9.52051 ms - Host latency: 9.6709 ms (enqueue 4.31934 ms)
[10/06/2026-16:11:46] [I] Average on 1 runs - GPU latency: 9.51318 ms - Host latency: 9.65479 ms (enqueue 2.47119 ms)
[10/06/2026-16:11:46] [I] Average on 1 runs - GPU latency: 9.51807 ms - Host latency: 9.66846 ms (enqueue 4.34424 ms)
[10/06/2026-16:11:46] [I] Average on 1 runs - GPU latency: 9.52197 ms - Host latency: 9.67236 ms (enqueue 4.27246 ms)
[10/06/2026-16:11:46] [I] Average on 1 runs - GPU latency: 9.51416 ms - Host latency: 9.65869 ms (enqueue 4.36475 ms)
[10/06/2026-16:11:46] [I] Average on 1 runs - GPU latency: 9.51416 ms - Host latency: 9.66016 ms (enqueue 3.6167 ms)
[10/06/2026-16:11:46] [I] Average on 1 runs - GPU latency: 9.52344 ms - Host latency: 9.66602 ms (enqueue 3.27002 ms)
[10/06/2026-16:11:46] [I] Average on 1 runs - GPU latency: 9.51221 ms - Host latency: 9.66016 ms (enqueue 3.71191 ms)
[10/06/2026-16:11:46] [I] Average on 1 runs - GPU latency: 9.52783 ms - Host latency: 9.67969 ms (enqueue 4.35645 ms)
[10/06/2026-16:11:46] [I] Average on 1 runs - GPU latency: 9.52441 ms - Host latency: 9.67041 ms (enqueue 4.40332 ms)
[10/06/2026-16:11:46] [I] Average on 1 runs - GPU latency: 9.51562 ms - Host latency: 9.66162 ms (enqueue 4.30176 ms)
[10/06/2026-16:11:46] [I] Average on 1 runs - GPU latency: 9.52051 ms - Host latency: 9.6748 ms (enqueue 4.35645 ms)
[10/06/2026-16:11:46] [I] Average on 1 runs - GPU latency: 9.51318 ms - Host latency: 9.66748 ms (enqueue 4.4209 ms)
[10/06/2026-16:11:46] [I] Average on 1 runs - GPU latency: 9.5498 ms - Host latency: 9.69824 ms (enqueue 4.38379 ms)
[10/06/2026-16:11:46] [I] Average on 1 runs - GPU latency: 9.52197 ms - Host latency: 9.67236 ms (enqueue 4.41699 ms)
[10/06/2026-16:11:46] [I] Average on 1 runs - GPU latency: 9.52539 ms - Host latency: 9.6792 ms (enqueue 4.36377 ms)
[10/06/2026-16:11:46] [I] Average on 1 runs - GPU latency: 9.53076 ms - Host latency: 9.67383 ms (enqueue 4.33447 ms)
[10/06/2026-16:11:46] [I] Average on 1 runs - GPU latency: 9.52686 ms - Host latency: 9.66455 ms (enqueue 4.43066 ms)
[10/06/2026-16:11:46] [I] Average on 1 runs - GPU latency: 9.52588 ms - Host latency: 9.67188 ms (enqueue 4.30908 ms)
[10/06/2026-16:11:46] [I] Average on 1 runs - GPU latency: 9.51611 ms - Host latency: 9.66553 ms (enqueue 4.33887 ms)
[10/06/2026-16:11:46] [I] Average on 1 runs - GPU latency: 9.51514 ms - Host latency: 9.6626 ms (enqueue 4.3916 ms)
[10/06/2026-16:11:46] [I] Average on 1 runs - GPU latency: 9.52246 ms - Host latency: 9.66748 ms (enqueue 4.28613 ms)
[10/06/2026-16:11:46] [I] Average on 1 runs - GPU latency: 9.51904 ms - Host latency: 9.65479 ms (enqueue 2.2085 ms)
[10/06/2026-16:11:46] [I] Average on 1 runs - GPU latency: 9.51855 ms - Host latency: 9.66602 ms (enqueue 4.35889 ms)
[10/06/2026-16:11:46] [I] Average on 1 runs - GPU latency: 9.5332 ms - Host latency: 9.67822 ms (enqueue 4.35107 ms)
[10/06/2026-16:11:46] [I] Average on 1 runs - GPU latency: 9.53076 ms - Host latency: 9.68262 ms (enqueue 4.29443 ms)
[10/06/2026-16:11:46] [I] Average on 1 runs - GPU latency: 9.52588 ms - Host latency: 9.67969 ms (enqueue 4.25732 ms)
[10/06/2026-16:11:46] [I] Average on 1 runs - GPU latency: 9.51172 ms - Host latency: 9.65967 ms (enqueue 3.24609 ms)
[10/06/2026-16:11:46] [I] Average on 1 runs - GPU latency: 9.52881 ms - Host latency: 9.6792 ms (enqueue 4.33447 ms)
[10/06/2026-16:11:46] [I] Average on 1 runs - GPU latency: 9.52197 ms - Host latency: 9.67139 ms (enqueue 4.32422 ms)
[10/06/2026-16:11:46] [I] Average on 1 runs - GPU latency: 9.51172 ms - Host latency: 9.66064 ms (enqueue 4.33154 ms)
[10/06/2026-16:11:46] [I] Average on 1 runs - GPU latency: 9.50977 ms - Host latency: 9.65771 ms (enqueue 4.38477 ms)
[10/06/2026-16:11:46] [I] Average on 1 runs - GPU latency: 9.50732 ms - Host latency: 9.65137 ms (enqueue 3.2832 ms)
[10/06/2026-16:11:46] [I] Average on 1 runs - GPU latency: 9.52344 ms - Host latency: 9.67432 ms (enqueue 3.55273 ms)
[10/06/2026-16:11:46] [I] Average on 1 runs - GPU latency: 9.51172 ms - Host latency: 9.67285 ms (enqueue 2.77881 ms)
[10/06/2026-16:11:46] [I] Average on 1 runs - GPU latency: 9.54492 ms - Host latency: 9.69092 ms (enqueue 2.96338 ms)
[10/06/2026-16:11:46] [I] Average on 1 runs - GPU latency: 9.51514 ms - Host latency: 9.66113 ms (enqueue 2.69287 ms)
[10/06/2026-16:11:46] [I] Average on 1 runs - GPU latency: 9.51758 ms - Host latency: 9.66553 ms (enqueue 2.75928 ms)
[10/06/2026-16:11:46] [I] Average on 1 runs - GPU latency: 9.52881 ms - Host latency: 9.67725 ms (enqueue 2.75781 ms)
[10/06/2026-16:11:46] [I] Average on 1 runs - GPU latency: 9.51465 ms - Host latency: 9.65918 ms (enqueue 3.73438 ms)
[10/06/2026-16:11:46] [I] Average on 1 runs - GPU latency: 9.52979 ms - Host latency: 9.68408 ms (enqueue 4.42529 ms)
[10/06/2026-16:11:46] [I] Average on 1 runs - GPU latency: 9.52344 ms - Host latency: 9.67139 ms (enqueue 4.28955 ms)
[10/06/2026-16:11:46] [I] Average on 1 runs - GPU latency: 9.51953 ms - Host latency: 9.66602 ms (enqueue 4.33936 ms)
[10/06/2026-16:11:46] [I] Average on 1 runs - GPU latency: 9.5083 ms - Host latency: 9.65527 ms (enqueue 2.69775 ms)
[10/06/2026-16:11:46] [I] Average on 1 runs - GPU latency: 9.53418 ms - Host latency: 9.68408 ms (enqueue 4.39111 ms)
[10/06/2026-16:11:46] [I] Average on 1 runs - GPU latency: 9.52197 ms - Host latency: 9.67188 ms (enqueue 4.42578 ms)
[10/06/2026-16:11:46] [I] Average on 1 runs - GPU latency: 9.53271 ms - Host latency: 9.68457 ms (enqueue 4.25781 ms)
[10/06/2026-16:11:46] [I] Average on 1 runs - GPU latency: 9.52002 ms - Host latency: 9.66699 ms (enqueue 4.26318 ms)
[10/06/2026-16:11:46] [I] Average on 1 runs - GPU latency: 9.5166 ms - Host latency: 9.66406 ms (enqueue 3.729 ms)
[10/06/2026-16:11:46] [I] Average on 1 runs - GPU latency: 9.5249 ms - Host latency: 9.67969 ms (enqueue 4.39307 ms)
[10/06/2026-16:11:46] [I] Average on 1 runs - GPU latency: 9.52637 ms - Host latency: 9.67676 ms (enqueue 5.59961 ms)
[10/06/2026-16:11:46] [I] Average on 1 runs - GPU latency: 9.50879 ms - Host latency: 9.65771 ms (enqueue 4.46289 ms)
[10/06/2026-16:11:46] [I] Average on 1 runs - GPU latency: 9.52979 ms - Host latency: 9.68018 ms (enqueue 4.42627 ms)
[10/06/2026-16:11:46] [I] Average on 1 runs - GPU latency: 9.52441 ms - Host latency: 9.67188 ms (enqueue 4.35742 ms)
[10/06/2026-16:11:46] [I] Average on 1 runs - GPU latency: 9.53076 ms - Host latency: 9.68262 ms (enqueue 4.47119 ms)
[10/06/2026-16:11:46] [I] Average on 1 runs - GPU latency: 9.50879 ms - Host latency: 9.65576 ms (enqueue 4.46973 ms)
[10/06/2026-16:11:46] [I] Average on 1 runs - GPU latency: 9.52393 ms - Host latency: 9.67334 ms (enqueue 4.33252 ms)
[10/06/2026-16:11:46] [I] Average on 1 runs - GPU latency: 9.53125 ms - Host latency: 9.67627 ms (enqueue 4.4082 ms)
[10/06/2026-16:11:46] [I] Average on 1 runs - GPU latency: 9.52686 ms - Host latency: 9.67285 ms (enqueue 4.31152 ms)
[10/06/2026-16:11:46] [I] ... Omitting 1176 lines
[10/06/2026-16:11:46] [I] Average on 1 runs - GPU latency: 9.52148 ms - Host latency: 9.67285 ms (enqueue 4.3125 ms)
[10/06/2026-16:11:46] [I] Average on 1 runs - GPU latency: 9.52441 ms - Host latency: 9.66895 ms (enqueue 4.32715 ms)
[10/06/2026-16:11:46] [I] Average on 1 runs - GPU latency: 9.51074 ms - Host latency: 9.6582 ms (enqueue 4.18359 ms)
[10/06/2026-16:11:46] [I] Average on 1 runs - GPU latency: 9.52441 ms - Host latency: 9.66895 ms (enqueue 4.20801 ms)
[10/06/2026-16:11:46] [I] Average on 1 runs - GPU latency: 9.51367 ms - Host latency: 9.66406 ms (enqueue 4.27539 ms)
[10/06/2026-16:11:46] [I] Average on 1 runs - GPU latency: 9.51953 ms - Host latency: 9.66895 ms (enqueue 4.3125 ms)
[10/06/2026-16:11:46] [I] Average on 1 runs - GPU latency: 9.50977 ms - Host latency: 9.66016 ms (enqueue 4.25684 ms)
[10/06/2026-16:11:46] [I] Average on 1 runs - GPU latency: 9.52637 ms - Host latency: 9.67871 ms (enqueue 4.26465 ms)
[10/06/2026-16:11:46] [I] Average on 1 runs - GPU latency: 9.53125 ms - Host latency: 9.6748 ms (enqueue 4.33398 ms)
[10/06/2026-16:11:46] [I] Average on 1 runs - GPU latency: 9.51953 ms - Host latency: 9.66602 ms (enqueue 4.29785 ms)
[10/06/2026-16:11:46] [I] Average on 1 runs - GPU latency: 9.5293 ms - Host latency: 9.67383 ms (enqueue 4.25195 ms)
[10/06/2026-16:11:46] [I] Average on 1 runs - GPU latency: 9.53613 ms - Host latency: 9.68555 ms (enqueue 4.37109 ms)
[10/06/2026-16:11:46] [I] Average on 1 runs - GPU latency: 9.53711 ms - Host latency: 9.68164 ms (enqueue 4.30469 ms)
[10/06/2026-16:11:46] [I] Average on 1 runs - GPU latency: 9.52051 ms - Host latency: 9.66895 ms (enqueue 4.23926 ms)
[10/06/2026-16:11:46] [I] Average on 1 runs - GPU latency: 9.52344 ms - Host latency: 9.66992 ms (enqueue 4.32715 ms)
[10/06/2026-16:11:46] [I] Average on 1 runs - GPU latency: 9.52246 ms - Host latency: 9.67285 ms (enqueue 4.27344 ms)
[10/06/2026-16:11:46] [I] Average on 1 runs - GPU latency: 9.52539 ms - Host latency: 9.67383 ms (enqueue 4.30957 ms)
[10/06/2026-16:11:46] [I] Average on 1 runs - GPU latency: 9.53223 ms - Host latency: 9.67969 ms (enqueue 4.30859 ms)
[10/06/2026-16:11:46] [I] Average on 1 runs - GPU latency: 9.53711 ms - Host latency: 9.67871 ms (enqueue 4.19141 ms)
[10/06/2026-16:11:46] [I] Average on 1 runs - GPU latency: 9.51562 ms - Host latency: 9.66504 ms (enqueue 4.38379 ms)
[10/06/2026-16:11:46] [I] Average on 1 runs - GPU latency: 9.5166 ms - Host latency: 9.66113 ms (enqueue 4.3584 ms)
[10/06/2026-16:11:46] [I] Average on 1 runs - GPU latency: 9.53027 ms - Host latency: 9.70801 ms (enqueue 4.29395 ms)
[10/06/2026-16:11:46] [I] Average on 1 runs - GPU latency: 9.52832 ms - Host latency: 9.6748 ms (enqueue 4.26953 ms)
[10/06/2026-16:11:46] [I] Average on 1 runs - GPU latency: 9.53125 ms - Host latency: 9.67871 ms (enqueue 4.33301 ms)
[10/06/2026-16:11:46] [I] Average on 1 runs - GPU latency: 9.52246 ms - Host latency: 9.67285 ms (enqueue 4.35254 ms)
[10/06/2026-16:11:46] [I] Average on 1 runs - GPU latency: 9.50781 ms - Host latency: 9.64941 ms (enqueue 4.28125 ms)
[10/06/2026-16:11:46] [I] Average on 1 runs - GPU latency: 9.51758 ms - Host latency: 9.66895 ms (enqueue 4.41504 ms)
[10/06/2026-16:11:46] [I] Average on 1 runs - GPU latency: 9.52539 ms - Host latency: 9.67773 ms (enqueue 4.31152 ms)
[10/06/2026-16:11:46] [I] Average on 1 runs - GPU latency: 9.51367 ms - Host latency: 9.66016 ms (enqueue 4.29102 ms)
[10/06/2026-16:11:46] [I] Average on 1 runs - GPU latency: 9.51758 ms - Host latency: 9.66309 ms (enqueue 4.36621 ms)
[10/06/2026-16:11:46] [I] Average on 1 runs - GPU latency: 9.51172 ms - Host latency: 9.66406 ms (enqueue 4.32422 ms)
[10/06/2026-16:11:46] [I] Average on 1 runs - GPU latency: 9.50977 ms - Host latency: 9.65625 ms (enqueue 4.375 ms)
[10/06/2026-16:11:46] [I] Average on 1 runs - GPU latency: 9.53516 ms - Host latency: 9.67969 ms (enqueue 4.32422 ms)
[10/06/2026-16:11:46] [I] Average on 1 runs - GPU latency: 9.50977 ms - Host latency: 9.6582 ms (enqueue 4.36523 ms)
[10/06/2026-16:11:46] [I] Average on 1 runs - GPU latency: 9.51758 ms - Host latency: 9.66016 ms (enqueue 4.18359 ms)
[10/06/2026-16:11:46] [I] Average on 1 runs - GPU latency: 9.50586 ms - Host latency: 9.67773 ms (enqueue 4.26953 ms)
[10/06/2026-16:11:46] [I] Average on 1 runs - GPU latency: 9.51562 ms - Host latency: 9.66602 ms (enqueue 4.20898 ms)
[10/06/2026-16:11:46] [I] Average on 1 runs - GPU latency: 9.52148 ms - Host latency: 9.66797 ms (enqueue 4.23047 ms)
[10/06/2026-16:11:46] [I] Average on 1 runs - GPU latency: 9.51367 ms - Host latency: 9.6582 ms (enqueue 4.19727 ms)
[10/06/2026-16:11:46] [I] Average on 1 runs - GPU latency: 9.52148 ms - Host latency: 9.66797 ms (enqueue 4.23047 ms)
[10/06/2026-16:11:46] [I] Average on 1 runs - GPU latency: 9.52344 ms - Host latency: 9.66992 ms (enqueue 4.2793 ms)
[10/06/2026-16:11:46] [I] Average on 1 runs - GPU latency: 9.51172 ms - Host latency: 9.65234 ms (enqueue 4.42773 ms)
[10/06/2026-16:11:46] [I] Average on 1 runs - GPU latency: 9.52539 ms - Host latency: 9.67578 ms (enqueue 4.31445 ms)
[10/06/2026-16:11:46] [I] Average on 1 runs - GPU latency: 9.51953 ms - Host latency: 9.66992 ms (enqueue 4.32422 ms)
[10/06/2026-16:11:46] [I] Average on 1 runs - GPU latency: 9.53125 ms - Host latency: 9.67773 ms (enqueue 4.31055 ms)
[10/06/2026-16:11:46] [I] Average on 1 runs - GPU latency: 9.51562 ms - Host latency: 9.67188 ms (enqueue 4.31055 ms)
[10/06/2026-16:11:46] [I] Average on 1 runs - GPU latency: 9.51172 ms - Host latency: 9.66016 ms (enqueue 4.28125 ms)
[10/06/2026-16:11:46] [I] Average on 1 runs - GPU latency: 9.5293 ms - Host latency: 9.67773 ms (enqueue 4.33789 ms)
[10/06/2026-16:11:46] [I] Average on 1 runs - GPU latency: 9.50781 ms - Host latency: 9.6543 ms (enqueue 4.28711 ms)
[10/06/2026-16:11:46] [I] Average on 1 runs - GPU latency: 9.51758 ms - Host latency: 9.66211 ms (enqueue 4.29297 ms)
[10/06/2026-16:11:46] [I] Average on 1 runs - GPU latency: 9.50781 ms - Host latency: 9.65234 ms (enqueue 4.34375 ms)
[10/06/2026-16:11:46] [I] Average on 1 runs - GPU latency: 9.51367 ms - Host latency: 9.66016 ms (enqueue 4.30273 ms)
[10/06/2026-16:11:46] [I] Average on 1 runs - GPU latency: 9.5332 ms - Host latency: 9.68164 ms (enqueue 4.31836 ms)
[10/06/2026-16:11:46] [I] Average on 1 runs - GPU latency: 9.51562 ms - Host latency: 9.66602 ms (enqueue 4.32227 ms)
[10/06/2026-16:11:46] [I] Average on 1 runs - GPU latency: 9.50977 ms - Host latency: 9.66211 ms (enqueue 4.26953 ms)
[10/06/2026-16:11:46] [I] Average on 1 runs - GPU latency: 9.52539 ms - Host latency: 9.67188 ms (enqueue 4.18359 ms)
[10/06/2026-16:11:46] [I] Average on 1 runs - GPU latency: 9.52148 ms - Host latency: 9.66602 ms (enqueue 4.32617 ms)
[10/06/2026-16:11:46] [I] Average on 1 runs - GPU latency: 9.52148 ms - Host latency: 9.66406 ms (enqueue 4.32422 ms)
[10/06/2026-16:11:46] [I] Average on 1 runs - GPU latency: 9.51367 ms - Host latency: 9.6582 ms (enqueue 4.35742 ms)
[10/06/2026-16:11:46] [I] Average on 1 runs - GPU latency: 9.52539 ms - Host latency: 9.67578 ms (enqueue 4.25 ms)
[10/06/2026-16:11:46] [I] Average on 1 runs - GPU latency: 9.51367 ms - Host latency: 9.6582 ms (enqueue 4.22656 ms)
[10/06/2026-16:11:46] [I] Average on 1 runs - GPU latency: 9.51367 ms - Host latency: 9.6582 ms (enqueue 4.33789 ms)
[10/06/2026-16:11:46] [I] Average on 1 runs - GPU latency: 9.54297 ms - Host latency: 9.70117 ms (enqueue 4.38477 ms)
[10/06/2026-16:11:46] [I] Average on 1 runs - GPU latency: 9.51758 ms - Host latency: 9.66406 ms (enqueue 4.36523 ms)
[10/06/2026-16:11:46] [I] Average on 1 runs - GPU latency: 9.5293 ms - Host latency: 9.67383 ms (enqueue 4.27539 ms)
[10/06/2026-16:11:46] [I] Average on 1 runs - GPU latency: 9.52344 ms - Host latency: 9.66992 ms (enqueue 4.30273 ms)
[10/06/2026-16:11:46] [I] Average on 1 runs - GPU latency: 9.51367 ms - Host latency: 9.66602 ms (enqueue 4.31641 ms)
[10/06/2026-16:11:46] [I] Average on 1 runs - GPU latency: 9.53516 ms - Host latency: 9.68555 ms (enqueue 4.26172 ms)
[10/06/2026-16:11:46] [I] Average on 1 runs - GPU latency: 9.53906 ms - Host latency: 9.68945 ms (enqueue 4.41602 ms)
[10/06/2026-16:11:46] [I] Average on 1 runs - GPU latency: 9.52344 ms - Host latency: 9.67188 ms (enqueue 4.35156 ms)
[10/06/2026-16:11:46] [I] Average on 1 runs - GPU latency: 9.50195 ms - Host latency: 9.64844 ms (enqueue 4.27734 ms)
[10/06/2026-16:11:46] [I] Average on 1 runs - GPU latency: 9.5332 ms - Host latency: 9.67969 ms (enqueue 4.36914 ms)
[10/06/2026-16:11:46] [I] Average on 1 runs - GPU latency: 9.52148 ms - Host latency: 9.66797 ms (enqueue 4.29688 ms)
[10/06/2026-16:11:46] [I] Average on 1 runs - GPU latency: 9.51367 ms - Host latency: 9.66016 ms (enqueue 4.26758 ms)
[10/06/2026-16:11:46] [I] Average on 1 runs - GPU latency: 9.53125 ms - Host latency: 9.67773 ms (enqueue 4.31055 ms)
[10/06/2026-16:11:46] [I] Average on 1 runs - GPU latency: 9.51562 ms - Host latency: 9.66211 ms (enqueue 4.41211 ms)
[10/06/2026-16:11:46] [I] Average on 1 runs - GPU latency: 9.52734 ms - Host latency: 9.69727 ms (enqueue 4.22266 ms)
[10/06/2026-16:11:46] [I] Average on 1 runs - GPU latency: 9.52344 ms - Host latency: 9.67383 ms (enqueue 4.37891 ms)
[10/06/2026-16:11:46] [I] Average on 1 runs - GPU latency: 9.52344 ms - Host latency: 9.67188 ms (enqueue 4.29492 ms)
[10/06/2026-16:11:46] [I] Average on 1 runs - GPU latency: 9.52539 ms - Host latency: 9.66992 ms (enqueue 4.31445 ms)
[10/06/2026-16:11:46] [I] Average on 1 runs - GPU latency: 9.53125 ms - Host latency: 9.67969 ms (enqueue 4.29883 ms)
[10/06/2026-16:11:46] [I] Average on 1 runs - GPU latency: 9.53711 ms - Host latency: 9.68359 ms (enqueue 4.25781 ms)
[10/06/2026-16:11:46] [I] Average on 1 runs - GPU latency: 9.51367 ms - Host latency: 9.65625 ms (enqueue 4.3418 ms)
[10/06/2026-16:11:46] [I] Average on 1 runs - GPU latency: 9.5332 ms - Host latency: 9.68359 ms (enqueue 4.32617 ms)
[10/06/2026-16:11:46] [I] Average on 1 runs - GPU latency: 9.51562 ms - Host latency: 9.66016 ms (enqueue 4.3125 ms)
[10/06/2026-16:11:46] [I] Average on 1 runs - GPU latency: 9.52148 ms - Host latency: 9.66797 ms (enqueue 4.26953 ms)
[10/06/2026-16:11:46] [I] Average on 1 runs - GPU latency: 9.51562 ms - Host latency: 9.66016 ms (enqueue 4.33984 ms)
[10/06/2026-16:11:46] [I] Average on 1 runs - GPU latency: 9.50781 ms - Host latency: 9.65039 ms (enqueue 4.27539 ms)
[10/06/2026-16:11:46] [I] Average on 1 runs - GPU latency: 9.52539 ms - Host latency: 9.66992 ms (enqueue 4.28711 ms)
[10/06/2026-16:11:46] [I] Average on 1 runs - GPU latency: 9.52148 ms - Host latency: 9.66602 ms (enqueue 4.36328 ms)
[10/06/2026-16:11:46] [I] Average on 1 runs - GPU latency: 9.52734 ms - Host latency: 9.66992 ms (enqueue 4.2793 ms)
[10/06/2026-16:11:46] [I] Average on 1 runs - GPU latency: 9.51758 ms - Host latency: 9.66992 ms (enqueue 4.30273 ms)
[10/06/2026-16:11:46] [I] Average on 1 runs - GPU latency: 9.52344 ms - Host latency: 9.66406 ms (enqueue 4.2793 ms)
[10/06/2026-16:11:46] [I] Average on 1 runs - GPU latency: 9.51953 ms - Host latency: 9.66406 ms (enqueue 4.30664 ms)
[10/06/2026-16:11:46] [I] Average on 1 runs - GPU latency: 9.5293 ms - Host latency: 9.67773 ms (enqueue 4.25781 ms)
[10/06/2026-16:11:46] [I] Average on 1 runs - GPU latency: 9.52148 ms - Host latency: 9.66797 ms (enqueue 4.30664 ms)
[10/06/2026-16:11:46] [I] Average on 1 runs - GPU latency: 9.5332 ms - Host latency: 9.6875 ms (enqueue 4.28711 ms)
[10/06/2026-16:11:46] [I] Average on 1 runs - GPU latency: 9.52734 ms - Host latency: 9.67188 ms (enqueue 4.30469 ms)
[10/06/2026-16:11:46] [I] Average on 1 runs - GPU latency: 9.53125 ms - Host latency: 9.68359 ms (enqueue 4.35156 ms)
[10/06/2026-16:11:46] [I] Average on 1 runs - GPU latency: 9.50586 ms - Host latency: 9.65039 ms (enqueue 4.3125 ms)
[10/06/2026-16:11:46] [I] Average on 1 runs - GPU latency: 9.50977 ms - Host latency: 9.66016 ms (enqueue 4.3457 ms)
[10/06/2026-16:11:46] [I] Average on 1 runs - GPU latency: 9.52539 ms - Host latency: 9.66797 ms (enqueue 4.29297 ms)
[10/06/2026-16:11:46] [I] Average on 1 runs - GPU latency: 9.51562 ms - Host latency: 9.66602 ms (enqueue 4.26172 ms)
[10/06/2026-16:11:46] [I] Average on 1 runs - GPU latency: 9.52344 ms - Host latency: 9.69727 ms (enqueue 4.39844 ms)
[10/06/2026-16:11:46] [I] Average on 1 runs - GPU latency: 9.52148 ms - Host latency: 9.66797 ms (enqueue 4.33594 ms)
[10/06/2026-16:11:46] [I] Average on 1 runs - GPU latency: 9.51562 ms - Host latency: 9.6582 ms (enqueue 4.28711 ms)
[10/06/2026-16:11:46] [I] Average on 1 runs - GPU latency: 9.5332 ms - Host latency: 9.68164 ms (enqueue 4.30859 ms)
[10/06/2026-16:11:46] [I] Average on 1 runs - GPU latency: 9.51172 ms - Host latency: 9.6582 ms (enqueue 4.32617 ms)
[10/06/2026-16:11:46] [I] Average on 1 runs - GPU latency: 9.53906 ms - Host latency: 9.6875 ms (enqueue 4.29883 ms)
[10/06/2026-16:11:46] [I] Average on 1 runs - GPU latency: 9.51758 ms - Host latency: 9.66406 ms (enqueue 4.37891 ms)
[10/06/2026-16:11:46] [I] Average on 1 runs - GPU latency: 9.50977 ms - Host latency: 9.6582 ms (enqueue 4.36719 ms)
[10/06/2026-16:11:46] [I] Average on 1 runs - GPU latency: 9.51172 ms - Host latency: 9.6582 ms (enqueue 4.33008 ms)
[10/06/2026-16:11:46] [I] Average on 1 runs - GPU latency: 9.52734 ms - Host latency: 9.67383 ms (enqueue 4.33398 ms)
[10/06/2026-16:11:46] [I] Average on 1 runs - GPU latency: 9.51172 ms - Host latency: 9.6582 ms (enqueue 4.27539 ms)
[10/06/2026-16:11:46] [I] Average on 1 runs - GPU latency: 9.52539 ms - Host latency: 9.66406 ms (enqueue 4.3125 ms)
[10/06/2026-16:11:46] [I] Average on 1 runs - GPU latency: 9.51758 ms - Host latency: 9.66211 ms (enqueue 4.37305 ms)
[10/06/2026-16:11:46] [I] Average on 1 runs - GPU latency: 9.51758 ms - Host latency: 9.66406 ms (enqueue 4.31641 ms)
[10/06/2026-16:11:46] [I] Average on 1 runs - GPU latency: 9.50977 ms - Host latency: 9.65625 ms (enqueue 4.35742 ms)
[10/06/2026-16:11:46] [I] Average on 1 runs - GPU latency: 9.53711 ms - Host latency: 9.68359 ms (enqueue 4.26562 ms)
[10/06/2026-16:11:46] [I] Average on 1 runs - GPU latency: 9.51953 ms - Host latency: 9.6582 ms (enqueue 4.34375 ms)
[10/06/2026-16:11:46] [I] Average on 1 runs - GPU latency: 9.53516 ms - Host latency: 9.68164 ms (enqueue 4.29297 ms)
[10/06/2026-16:11:46] [I] Average on 1 runs - GPU latency: 9.53516 ms - Host latency: 9.67773 ms (enqueue 4.29102 ms)
[10/06/2026-16:11:46] [I] Average on 1 runs - GPU latency: 9.50781 ms - Host latency: 9.6543 ms (enqueue 4.24023 ms)
[10/06/2026-16:11:46] [I] Average on 1 runs - GPU latency: 9.53125 ms - Host latency: 9.67969 ms (enqueue 4.27344 ms)
[10/06/2026-16:11:46] [I] Average on 1 runs - GPU latency: 9.53516 ms - Host latency: 9.67383 ms (enqueue 4.33789 ms)
[10/06/2026-16:11:46] [I] Average on 1 runs - GPU latency: 9.50977 ms - Host latency: 9.65234 ms (enqueue 4.30078 ms)
[10/06/2026-16:11:46] [I] Average on 1 runs - GPU latency: 9.52344 ms - Host latency: 9.66797 ms (enqueue 4.3418 ms)
[10/06/2026-16:11:46] [I] Average on 1 runs - GPU latency: 9.52734 ms - Host latency: 9.67578 ms (enqueue 4.2793 ms)
[10/06/2026-16:11:46] [I] Average on 1 runs - GPU latency: 9.53125 ms - Host latency: 9.67969 ms (enqueue 4.37695 ms)
[10/06/2026-16:11:46] [I] Average on 1 runs - GPU latency: 9.52344 ms - Host latency: 9.66602 ms (enqueue 4.27148 ms)
[10/06/2026-16:11:46] [I] Average on 1 runs - GPU latency: 9.51172 ms - Host latency: 9.6543 ms (enqueue 4.30078 ms)
[10/06/2026-16:11:46] [I] Average on 1 runs - GPU latency: 9.52539 ms - Host latency: 9.66797 ms (enqueue 4.31055 ms)
[10/06/2026-16:11:46] [I] Average on 1 runs - GPU latency: 9.51562 ms - Host latency: 9.66016 ms (enqueue 4.35352 ms)
[10/06/2026-16:11:46] [I] Average on 1 runs - GPU latency: 9.53125 ms - Host latency: 9.67383 ms (enqueue 4.26953 ms)
[10/06/2026-16:11:46] [I] Average on 1 runs - GPU latency: 9.52148 ms - Host latency: 9.66211 ms (enqueue 4.25195 ms)
[10/06/2026-16:11:46] [I] Average on 1 runs - GPU latency: 9.51367 ms - Host latency: 9.66211 ms (enqueue 4.30469 ms)
[10/06/2026-16:11:46] [I] Average on 1 runs - GPU latency: 9.5332 ms - Host latency: 9.67969 ms (enqueue 4.35352 ms)
[10/06/2026-16:11:46] [I] Average on 1 runs - GPU latency: 9.51562 ms - Host latency: 9.66406 ms (enqueue 4.30859 ms)
[10/06/2026-16:11:46] [I] Average on 1 runs - GPU latency: 9.50977 ms - Host latency: 9.6582 ms (enqueue 4.3457 ms)
[10/06/2026-16:11:46] [I] Average on 1 runs - GPU latency: 9.52344 ms - Host latency: 9.66992 ms (enqueue 4.24609 ms)
[10/06/2026-16:11:46] [I] Average on 1 runs - GPU latency: 9.51562 ms - Host latency: 9.66602 ms (enqueue 4.35938 ms)
[10/06/2026-16:11:46] [I] Average on 1 runs - GPU latency: 9.52148 ms - Host latency: 9.67188 ms (enqueue 4.33594 ms)
[10/06/2026-16:11:46] [I] Average on 1 runs - GPU latency: 9.51562 ms - Host latency: 9.66797 ms (enqueue 4.28125 ms)
[10/06/2026-16:11:46] [I] Average on 1 runs - GPU latency: 9.52539 ms - Host latency: 9.67383 ms (enqueue 4.30469 ms)
[10/06/2026-16:11:46] [I] Average on 1 runs - GPU latency: 9.51562 ms - Host latency: 9.68945 ms (enqueue 4.29102 ms)
[10/06/2026-16:11:46] [I] Average on 1 runs - GPU latency: 9.53906 ms - Host latency: 9.68555 ms (enqueue 4.28125 ms)
[10/06/2026-16:11:46] [I] Average on 1 runs - GPU latency: 9.5293 ms - Host latency: 9.67773 ms (enqueue 4.32422 ms)
[10/06/2026-16:11:46] [I] Average on 1 runs - GPU latency: 9.52539 ms - Host latency: 9.67773 ms (enqueue 4.375 ms)
[10/06/2026-16:11:46] [I] Average on 1 runs - GPU latency: 9.52734 ms - Host latency: 9.67383 ms (enqueue 4.32617 ms)
[10/06/2026-16:11:46] [I] Average on 1 runs - GPU latency: 9.54492 ms - Host latency: 9.69141 ms (enqueue 4.32422 ms)
[10/06/2026-16:11:46] [I] Average on 1 runs - GPU latency: 9.5293 ms - Host latency: 9.69727 ms (enqueue 4.44727 ms)
[10/06/2026-16:11:46] [I] Average on 1 runs - GPU latency: 9.52734 ms - Host latency: 9.67188 ms (enqueue 4.2832 ms)
[10/06/2026-16:11:46] [I] Average on 1 runs - GPU latency: 9.5332 ms - Host latency: 9.67969 ms (enqueue 4.25391 ms)
[10/06/2026-16:11:46] [I] Average on 1 runs - GPU latency: 9.5332 ms - Host latency: 9.67969 ms (enqueue 4.2832 ms)
[10/06/2026-16:11:46] [I] Average on 1 runs - GPU latency: 9.54102 ms - Host latency: 9.69141 ms (enqueue 4.23828 ms)
[10/06/2026-16:11:46] [I] Average on 1 runs - GPU latency: 9.51953 ms - Host latency: 9.66992 ms (enqueue 4.23242 ms)
[10/06/2026-16:11:46] [I] Average on 1 runs - GPU latency: 9.51953 ms - Host latency: 9.66602 ms (enqueue 4.2832 ms)
[10/06/2026-16:11:46] [I] Average on 1 runs - GPU latency: 9.51953 ms - Host latency: 9.66211 ms (enqueue 4.35156 ms)
[10/06/2026-16:11:46] [I] Average on 1 runs - GPU latency: 9.50391 ms - Host latency: 9.64844 ms (enqueue 4.35352 ms)
[10/06/2026-16:11:46] [I] Average on 1 runs - GPU latency: 9.52344 ms - Host latency: 9.67578 ms (enqueue 4.31055 ms)
[10/06/2026-16:11:46] [I] Average on 1 runs - GPU latency: 9.51953 ms - Host latency: 9.66992 ms (enqueue 4.25391 ms)
[10/06/2026-16:11:46] [I] Average on 1 runs - GPU latency: 9.51953 ms - Host latency: 9.67188 ms (enqueue 4.29688 ms)
[10/06/2026-16:11:46] [I] Average on 1 runs - GPU latency: 9.50781 ms - Host latency: 9.6582 ms (enqueue 4.32812 ms)
[10/06/2026-16:11:46] [I] Average on 1 runs - GPU latency: 9.52148 ms - Host latency: 9.66602 ms (enqueue 4.33203 ms)
[10/06/2026-16:11:46] [I] Average on 1 runs - GPU latency: 9.51562 ms - Host latency: 9.66211 ms (enqueue 4.3418 ms)
[10/06/2026-16:11:46] [I] Average on 1 runs - GPU latency: 9.52344 ms - Host latency: 9.67578 ms (enqueue 4.33008 ms)
[10/06/2026-16:11:46] [I] Average on 1 runs - GPU latency: 9.53125 ms - Host latency: 9.67773 ms (enqueue 4.26562 ms)
[10/06/2026-16:11:46] [I] Average on 1 runs - GPU latency: 9.52344 ms - Host latency: 9.67383 ms (enqueue 4.33984 ms)
[10/06/2026-16:11:46] [I] Average on 1 runs - GPU latency: 9.51953 ms - Host latency: 9.66211 ms (enqueue 4.3125 ms)
[10/06/2026-16:11:46] [I] Average on 1 runs - GPU latency: 9.53125 ms - Host latency: 9.67383 ms (enqueue 4.31836 ms)
[10/06/2026-16:11:46] [I] Average on 1 runs - GPU latency: 9.53125 ms - Host latency: 9.67969 ms (enqueue 4.36133 ms)
[10/06/2026-16:11:46] [I] Average on 1 runs - GPU latency: 9.52734 ms - Host latency: 9.67773 ms (enqueue 4.32422 ms)
[10/06/2026-16:11:46] [I] Average on 1 runs - GPU latency: 9.51953 ms - Host latency: 9.66992 ms (enqueue 4.31445 ms)
[10/06/2026-16:11:46] [I] Average on 1 runs - GPU latency: 9.5293 ms - Host latency: 9.67578 ms (enqueue 4.30664 ms)
[10/06/2026-16:11:46] [I] Average on 1 runs - GPU latency: 9.51562 ms - Host latency: 9.66211 ms (enqueue 4.28906 ms)
[10/06/2026-16:11:46] [I] Average on 1 runs - GPU latency: 9.52148 ms - Host latency: 9.66602 ms (enqueue 4.2832 ms)
[10/06/2026-16:11:46] [I] Average on 1 runs - GPU latency: 9.51562 ms - Host latency: 9.65625 ms (enqueue 4.26367 ms)
[10/06/2026-16:11:46] [I] Average on 1 runs - GPU latency: 9.50977 ms - Host latency: 9.6582 ms (enqueue 4.27344 ms)
[10/06/2026-16:11:46] [I] Average on 1 runs - GPU latency: 9.54297 ms - Host latency: 9.68945 ms (enqueue 4.30664 ms)
[10/06/2026-16:11:46] [I] Average on 1 runs - GPU latency: 9.51953 ms - Host latency: 9.66797 ms (enqueue 4.35742 ms)
[10/06/2026-16:11:46] [I] Average on 1 runs - GPU latency: 9.51953 ms - Host latency: 9.66992 ms (enqueue 4.28906 ms)
[10/06/2026-16:11:46] [I] Average on 1 runs - GPU latency: 9.51367 ms - Host latency: 9.66211 ms (enqueue 4.24414 ms)
[10/06/2026-16:11:46] [I] Average on 1 runs - GPU latency: 9.51562 ms - Host latency: 9.66992 ms (enqueue 4.31641 ms)
[10/06/2026-16:11:46] [I] Average on 1 runs - GPU latency: 9.5293 ms - Host latency: 9.67773 ms (enqueue 4.26953 ms)
[10/06/2026-16:11:46] [I] Average on 1 runs - GPU latency: 9.51562 ms - Host latency: 9.66211 ms (enqueue 4.29297 ms)
[10/06/2026-16:11:46] [I] Average on 1 runs - GPU latency: 9.5293 ms - Host latency: 9.69336 ms (enqueue 4.4043 ms)
[10/06/2026-16:11:46] [I] Average on 1 runs - GPU latency: 9.52148 ms - Host latency: 9.67383 ms (enqueue 4.25391 ms)
[10/06/2026-16:11:46] [I] Average on 1 runs - GPU latency: 9.51172 ms - Host latency: 9.66211 ms (enqueue 4.26562 ms)
[10/06/2026-16:11:46] [I] Average on 1 runs - GPU latency: 9.53516 ms - Host latency: 9.67773 ms (enqueue 4.34375 ms)
[10/06/2026-16:11:46] [I] Average on 1 runs - GPU latency: 9.51758 ms - Host latency: 9.66602 ms (enqueue 4.31445 ms)
[10/06/2026-16:11:46] [I] Average on 1 runs - GPU latency: 9.51367 ms - Host latency: 9.65625 ms (enqueue 4.29883 ms)
[10/06/2026-16:11:46] [I] Average on 1 runs - GPU latency: 9.52344 ms - Host latency: 9.66602 ms (enqueue 4.33789 ms)
[10/06/2026-16:11:46] [I] Average on 1 runs - GPU latency: 9.51953 ms - Host latency: 9.66406 ms (enqueue 4.31445 ms)
[10/06/2026-16:11:46] [I] Average on 1 runs - GPU latency: 9.51758 ms - Host latency: 9.72461 ms (enqueue 4.26953 ms)
[10/06/2026-16:11:46] [I] Average on 1 runs - GPU latency: 9.53125 ms - Host latency: 9.67773 ms (enqueue 4.3418 ms)
[10/06/2026-16:11:46] [I] Average on 1 runs - GPU latency: 9.51367 ms - Host latency: 9.66602 ms (enqueue 4.29297 ms)
[10/06/2026-16:11:46] [I] Average on 1 runs - GPU latency: 9.51172 ms - Host latency: 9.6582 ms (enqueue 4.30664 ms)
[10/06/2026-16:11:46] [I] Average on 1 runs - GPU latency: 9.53516 ms - Host latency: 9.68164 ms (enqueue 4.2793 ms)
[10/06/2026-16:11:46] [I] Average on 1 runs - GPU latency: 9.53906 ms - Host latency: 9.68164 ms (enqueue 4.26172 ms)
[10/06/2026-16:11:46] [I] Average on 1 runs - GPU latency: 9.5332 ms - Host latency: 9.68164 ms (enqueue 4.29688 ms)
[10/06/2026-16:11:46] [I] Average on 1 runs - GPU latency: 9.49219 ms - Host latency: 9.63477 ms (enqueue 4.36719 ms)
[10/06/2026-16:11:46] [I] 
[10/06/2026-16:11:46] [I] === Performance summary ===
[10/06/2026-16:11:46] [I] Throughput: 104.894 qps
[10/06/2026-16:11:46] [I] Latency: min = 9.63477 ms, max = 9.75391 ms, mean = 9.67076 ms, median = 9.66992 ms, percentile(90%) = 9.68262 ms, percentile(95%) = 9.68848 ms, percentile(99%) = 9.7041 ms
[10/06/2026-16:11:46] [I] Enqueue Time: min = 2.12476 ms, max = 6.27051 ms, mean = 4.24192 ms, median = 4.29688 ms, percentile(90%) = 4.37012 ms, percentile(95%) = 4.40332 ms, percentile(99%) = 4.57666 ms
[10/06/2026-16:11:46] [I] H2D Latency: min = 0.125977 ms, max = 0.221191 ms, mean = 0.138954 ms, median = 0.137695 ms, percentile(90%) = 0.142578 ms, percentile(95%) = 0.148193 ms, percentile(99%) = 0.168945 ms
[10/06/2026-16:11:46] [I] GPU Compute Time: min = 9.49219 ms, max = 9.56934 ms, mean = 9.5223 ms, median = 9.52246 ms, percentile(90%) = 9.53223 ms, percentile(95%) = 9.53516 ms, percentile(99%) = 9.54199 ms
[10/06/2026-16:11:46] [I] D2H Latency: min = 0.00585938 ms, max = 0.0117188 ms, mean = 0.00951173 ms, median = 0.00976562 ms, percentile(90%) = 0.0107422 ms, percentile(95%) = 0.0107422 ms, percentile(99%) = 0.0117188 ms
[10/06/2026-16:11:46] [I] Total Host Walltime: 15.0247 s
[10/06/2026-16:11:46] [I] Total GPU Compute Time: 15.0071 s
[10/06/2026-16:11:46] [I] Explanations of the performance metrics are printed in the verbose logs.
[10/06/2026-16:11:46] [I] 
&&&& PASSED TensorRT.trtexec [TensorRT v100300] # /usr/src/tensorrt/bin/trtexec --loadEngine=/tmp/yolo26n_84172_uint8_fp16_opt3.engine --warmUp=3000 --duration=15 --idleTime=0 --avgRuns=1
