&&&& RUNNING TensorRT.trtexec [TensorRT v100300] # /usr/src/tensorrt/bin/trtexec --loadEngine=/tmp/yolo26n_84172_uint8_fp16_opt3.engine --warmUp=3000 --duration=15 --idleTime=0 --avgRuns=1
[10/06/2026-16:16:39] [I] === Model Options ===
[10/06/2026-16:16:39] [I] Format: *
[10/06/2026-16:16:39] [I] Model: 
[10/06/2026-16:16:39] [I] Output:
[10/06/2026-16:16:39] [I] 
[10/06/2026-16:16:39] [I] === System Options ===
[10/06/2026-16:16:39] [I] Device: 0
[10/06/2026-16:16:39] [I] DLACore: 
[10/06/2026-16:16:39] [I] Plugins:
[10/06/2026-16:16:39] [I] setPluginsToSerialize:
[10/06/2026-16:16:39] [I] dynamicPlugins:
[10/06/2026-16:16:39] [I] ignoreParsedPluginLibs: 0
[10/06/2026-16:16:39] [I] 
[10/06/2026-16:16:39] [I] === Inference Options ===
[10/06/2026-16:16:39] [I] Batch: Explicit
[10/06/2026-16:16:39] [I] Input inference shapes: model
[10/06/2026-16:16:39] [I] Iterations: 10
[10/06/2026-16:16:39] [I] Duration: 15s (+ 3000ms warm up)
[10/06/2026-16:16:39] [I] Sleep time: 0ms
[10/06/2026-16:16:39] [I] Idle time: 0ms
[10/06/2026-16:16:39] [I] Inference Streams: 1
[10/06/2026-16:16:39] [I] ExposeDMA: Disabled
[10/06/2026-16:16:39] [I] Data transfers: Enabled
[10/06/2026-16:16:39] [I] Spin-wait: Disabled
[10/06/2026-16:16:39] [I] Multithreading: Disabled
[10/06/2026-16:16:39] [I] CUDA Graph: Disabled
[10/06/2026-16:16:39] [I] Separate profiling: Disabled
[10/06/2026-16:16:39] [I] Time Deserialize: Disabled
[10/06/2026-16:16:39] [I] Time Refit: Disabled
[10/06/2026-16:16:39] [I] NVTX verbosity: 0
[10/06/2026-16:16:39] [I] Persistent Cache Ratio: 0
[10/06/2026-16:16:39] [I] Optimization Profile Index: 0
[10/06/2026-16:16:39] [I] Weight Streaming Budget: 100.000000%
[10/06/2026-16:16:39] [I] Inputs:
[10/06/2026-16:16:39] [I] Debug Tensor Save Destinations:
[10/06/2026-16:16:39] [I] === Reporting Options ===
[10/06/2026-16:16:39] [I] Verbose: Disabled
[10/06/2026-16:16:39] [I] Averages: 1 inferences
[10/06/2026-16:16:39] [I] Percentiles: 90,95,99
[10/06/2026-16:16:39] [I] Dump refittable layers:Disabled
[10/06/2026-16:16:39] [I] Dump output: Disabled
[10/06/2026-16:16:39] [I] Profile: Disabled
[10/06/2026-16:16:39] [I] Export timing to JSON file: 
[10/06/2026-16:16:39] [I] Export output to JSON file: 
[10/06/2026-16:16:39] [I] Export profile to JSON file: 
[10/06/2026-16:16:39] [I] 
[10/06/2026-16:16:39] [I] === Device Information ===
[10/06/2026-16:16:39] [I] Available Devices: 
[10/06/2026-16:16:39] [I]   Device 0: "Orin" UUID: GPU-6e16c2c1-e394-5324-8f2e-63a975968f4e
[10/06/2026-16:16:39] [I] Selected Device: Orin
[10/06/2026-16:16:39] [I] Selected Device ID: 0
[10/06/2026-16:16:39] [I] Selected Device UUID: GPU-6e16c2c1-e394-5324-8f2e-63a975968f4e
[10/06/2026-16:16:39] [I] Compute Capability: 8.7
[10/06/2026-16:16:39] [I] SMs: 8
[10/06/2026-16:16:39] [I] Device Global Memory: 7607 MiB
[10/06/2026-16:16:39] [I] Shared Memory per SM: 164 KiB
[10/06/2026-16:16:39] [I] Memory Bus Width: 128 bits (ECC disabled)
[10/06/2026-16:16:39] [I] Application Compute Clock Rate: 1.02 GHz
[10/06/2026-16:16:39] [I] Application Memory Clock Rate: 0.918 GHz
[10/06/2026-16:16:39] [I] 
[10/06/2026-16:16:39] [I] Note: The application clock rates do not reflect the actual clock rates that the GPU is currently running at.
[10/06/2026-16:16:39] [I] 
[10/06/2026-16:16:39] [I] TensorRT version: 10.3.0
[10/06/2026-16:16:39] [I] Loading standard plugins
[10/06/2026-16:16:39] [I] [TRT] Loaded engine size: 7 MiB
[10/06/2026-16:16:39] [I] Engine deserialized in 0.0698934 sec.
[10/06/2026-16:16:39] [I] [TRT] [MemUsageChange] TensorRT-managed allocation in IExecutionContext creation: CPU +0, GPU +12, now: CPU 0, GPU 16 (MiB)
[10/06/2026-16:16:39] [I] Setting persistentCacheLimit to 0 bytes.
[10/06/2026-16:16:39] [I] Created execution context with device memory size: 12.207 MiB
[10/06/2026-16:16:39] [I] Using random values for input images
[10/06/2026-16:16:39] [I] Input binding for images with dimensions 1x640x640x3 is created.
[10/06/2026-16:16:39] [I] Output binding for output0 with dimensions 1x300x6 is created.
[10/06/2026-16:16:39] [I] Starting inference
[10/06/2026-16:16:57] [I] Warmup completed 630 queries over 3000 ms
[10/06/2026-16:16:57] [I] Timing trace has 3272 queries over 15.0146 s
[10/06/2026-16:16:57] [I] 
[10/06/2026-16:16:57] [I] === Trace details ===
[10/06/2026-16:16:57] [I] Trace averages of 1 runs:
[10/06/2026-16:16:57] [I] Average on 1 runs - GPU latency: 4.59692 ms - Host latency: 4.76099 ms (enqueue 3.32788 ms)
[10/06/2026-16:16:57] [I] Average on 1 runs - GPU latency: 4.5874 ms - Host latency: 4.73389 ms (enqueue 3.32544 ms)
[10/06/2026-16:16:57] [I] Average on 1 runs - GPU latency: 4.58276 ms - Host latency: 4.73926 ms (enqueue 3.35938 ms)
[10/06/2026-16:16:57] [I] Average on 1 runs - GPU latency: 4.57861 ms - Host latency: 4.72412 ms (enqueue 3.35986 ms)
[10/06/2026-16:16:57] [I] Average on 1 runs - GPU latency: 4.59058 ms - Host latency: 4.75293 ms (enqueue 3.26001 ms)
[10/06/2026-16:16:57] [I] Average on 1 runs - GPU latency: 4.58569 ms - Host latency: 4.75952 ms (enqueue 3.32275 ms)
[10/06/2026-16:16:57] [I] Average on 1 runs - GPU latency: 4.59131 ms - Host latency: 4.76392 ms (enqueue 3.30103 ms)
[10/06/2026-16:16:57] [I] Average on 1 runs - GPU latency: 4.59277 ms - Host latency: 4.74292 ms (enqueue 3.31909 ms)
[10/06/2026-16:16:57] [I] Average on 1 runs - GPU latency: 4.58936 ms - Host latency: 4.74072 ms (enqueue 3.30566 ms)
[10/06/2026-16:16:57] [I] Average on 1 runs - GPU latency: 4.58569 ms - Host latency: 4.73853 ms (enqueue 3.35767 ms)
[10/06/2026-16:16:57] [I] Average on 1 runs - GPU latency: 4.5647 ms - Host latency: 4.71899 ms (enqueue 3.30493 ms)
[10/06/2026-16:16:57] [I] Average on 1 runs - GPU latency: 4.55029 ms - Host latency: 4.69849 ms (enqueue 3.2478 ms)
[10/06/2026-16:16:57] [I] Average on 1 runs - GPU latency: 4.59009 ms - Host latency: 4.72949 ms (enqueue 3.29419 ms)
[10/06/2026-16:16:57] [I] Average on 1 runs - GPU latency: 4.58521 ms - Host latency: 4.75195 ms (enqueue 3.32642 ms)
[10/06/2026-16:16:57] [I] Average on 1 runs - GPU latency: 4.58813 ms - Host latency: 4.72681 ms (enqueue 3.30908 ms)
[10/06/2026-16:16:57] [I] Average on 1 runs - GPU latency: 4.5835 ms - Host latency: 4.72388 ms (enqueue 3.32739 ms)
[10/06/2026-16:16:57] [I] Average on 1 runs - GPU latency: 4.58496 ms - Host latency: 4.72656 ms (enqueue 3.32422 ms)
[10/06/2026-16:16:57] [I] Average on 1 runs - GPU latency: 4.59814 ms - Host latency: 4.73022 ms (enqueue 3.27612 ms)
[10/06/2026-16:16:57] [I] Average on 1 runs - GPU latency: 4.58911 ms - Host latency: 4.72681 ms (enqueue 3.25464 ms)
[10/06/2026-16:16:57] [I] Average on 1 runs - GPU latency: 4.58887 ms - Host latency: 4.73169 ms (enqueue 3.28564 ms)
[10/06/2026-16:16:57] [I] Average on 1 runs - GPU latency: 4.58984 ms - Host latency: 4.73193 ms (enqueue 3.28662 ms)
[10/06/2026-16:16:57] [I] Average on 1 runs - GPU latency: 4.55054 ms - Host latency: 4.69092 ms (enqueue 3.25732 ms)
[10/06/2026-16:16:57] [I] Average on 1 runs - GPU latency: 4.58765 ms - Host latency: 4.74146 ms (enqueue 3.35156 ms)
[10/06/2026-16:16:57] [I] Average on 1 runs - GPU latency: 4.58643 ms - Host latency: 4.72949 ms (enqueue 3.31543 ms)
[10/06/2026-16:16:57] [I] Average on 1 runs - GPU latency: 4.58496 ms - Host latency: 4.72192 ms (enqueue 3.25049 ms)
[10/06/2026-16:16:57] [I] Average on 1 runs - GPU latency: 4.5835 ms - Host latency: 4.74194 ms (enqueue 3.24512 ms)
[10/06/2026-16:16:57] [I] Average on 1 runs - GPU latency: 4.58984 ms - Host latency: 4.71289 ms (enqueue 3.31958 ms)
[10/06/2026-16:16:57] [I] Average on 1 runs - GPU latency: 4.58521 ms - Host latency: 4.7229 ms (enqueue 3.34058 ms)
[10/06/2026-16:16:57] [I] Average on 1 runs - GPU latency: 4.58472 ms - Host latency: 4.71021 ms (enqueue 3.30615 ms)
[10/06/2026-16:16:57] [I] Average on 1 runs - GPU latency: 4.59009 ms - Host latency: 4.74487 ms (enqueue 3.33838 ms)
[10/06/2026-16:16:57] [I] Average on 1 runs - GPU latency: 4.5874 ms - Host latency: 4.72168 ms (enqueue 3.30127 ms)
[10/06/2026-16:16:57] [I] Average on 1 runs - GPU latency: 4.58325 ms - Host latency: 4.73804 ms (enqueue 3.24854 ms)
[10/06/2026-16:16:57] [I] Average on 1 runs - GPU latency: 4.54761 ms - Host latency: 4.68164 ms (enqueue 3.25781 ms)
[10/06/2026-16:16:57] [I] Average on 1 runs - GPU latency: 4.59253 ms - Host latency: 4.76147 ms (enqueue 3.34497 ms)
[10/06/2026-16:16:57] [I] Average on 1 runs - GPU latency: 4.58618 ms - Host latency: 4.71851 ms (enqueue 3.35059 ms)
[10/06/2026-16:16:57] [I] Average on 1 runs - GPU latency: 4.58252 ms - Host latency: 4.71899 ms (enqueue 3.31641 ms)
[10/06/2026-16:16:57] [I] Average on 1 runs - GPU latency: 4.59351 ms - Host latency: 4.72437 ms (enqueue 3.28101 ms)
[10/06/2026-16:16:57] [I] Average on 1 runs - GPU latency: 4.58765 ms - Host latency: 4.7312 ms (enqueue 3.26978 ms)
[10/06/2026-16:16:57] [I] Average on 1 runs - GPU latency: 4.58398 ms - Host latency: 4.71655 ms (enqueue 3.23071 ms)
[10/06/2026-16:16:57] [I] Average on 1 runs - GPU latency: 4.58545 ms - Host latency: 4.72266 ms (enqueue 3.29858 ms)
[10/06/2026-16:16:57] [I] Average on 1 runs - GPU latency: 4.58911 ms - Host latency: 4.73169 ms (enqueue 3.29834 ms)
[10/06/2026-16:16:57] [I] Average on 1 runs - GPU latency: 4.59326 ms - Host latency: 4.73755 ms (enqueue 3.29272 ms)
[10/06/2026-16:16:57] [I] Average on 1 runs - GPU latency: 4.58862 ms - Host latency: 4.72656 ms (enqueue 3.25513 ms)
[10/06/2026-16:16:57] [I] Average on 1 runs - GPU latency: 4.54004 ms - Host latency: 4.67456 ms (enqueue 3.26465 ms)
[10/06/2026-16:16:57] [I] Average on 1 runs - GPU latency: 4.58789 ms - Host latency: 4.74512 ms (enqueue 3.26074 ms)
[10/06/2026-16:16:57] [I] Average on 1 runs - GPU latency: 4.59302 ms - Host latency: 4.73145 ms (enqueue 3.22534 ms)
[10/06/2026-16:16:57] [I] Average on 1 runs - GPU latency: 4.58398 ms - Host latency: 4.7229 ms (enqueue 3.27856 ms)
[10/06/2026-16:16:57] [I] Average on 1 runs - GPU latency: 4.58813 ms - Host latency: 4.7417 ms (enqueue 3.32178 ms)
[10/06/2026-16:16:57] [I] Average on 1 runs - GPU latency: 4.58789 ms - Host latency: 4.72388 ms (enqueue 3.28101 ms)
[10/06/2026-16:16:57] [I] Average on 1 runs - GPU latency: 4.5791 ms - Host latency: 4.73999 ms (enqueue 3.34619 ms)
[10/06/2026-16:16:57] [I] Average on 1 runs - GPU latency: 4.59644 ms - Host latency: 4.72705 ms (enqueue 3.32886 ms)
[10/06/2026-16:16:57] [I] Average on 1 runs - GPU latency: 4.59229 ms - Host latency: 4.73389 ms (enqueue 3.31006 ms)
[10/06/2026-16:16:57] [I] Average on 1 runs - GPU latency: 4.59009 ms - Host latency: 4.73071 ms (enqueue 3.24316 ms)
[10/06/2026-16:16:57] [I] Average on 1 runs - GPU latency: 4.58911 ms - Host latency: 4.7356 ms (enqueue 3.33838 ms)
[10/06/2026-16:16:57] [I] Average on 1 runs - GPU latency: 4.54785 ms - Host latency: 4.68848 ms (enqueue 3.3064 ms)
[10/06/2026-16:16:57] [I] Average on 1 runs - GPU latency: 4.59106 ms - Host latency: 4.73608 ms (enqueue 3.31812 ms)
[10/06/2026-16:16:57] [I] Average on 1 runs - GPU latency: 4.5918 ms - Host latency: 4.74438 ms (enqueue 3.33936 ms)
[10/06/2026-16:16:57] [I] Average on 1 runs - GPU latency: 4.58276 ms - Host latency: 4.72754 ms (enqueue 3.33276 ms)
[10/06/2026-16:16:57] [I] Average on 1 runs - GPU latency: 4.58008 ms - Host latency: 4.72974 ms (enqueue 3.27075 ms)
[10/06/2026-16:16:57] [I] Average on 1 runs - GPU latency: 4.58813 ms - Host latency: 4.72925 ms (enqueue 3.25146 ms)
[10/06/2026-16:16:57] [I] Average on 1 runs - GPU latency: 4.59937 ms - Host latency: 4.73999 ms (enqueue 3.32959 ms)
[10/06/2026-16:16:57] [I] Average on 1 runs - GPU latency: 4.59204 ms - Host latency: 4.73242 ms (enqueue 3.31494 ms)
[10/06/2026-16:16:57] [I] Average on 1 runs - GPU latency: 4.59033 ms - Host latency: 4.74731 ms (enqueue 3.29297 ms)
[10/06/2026-16:16:57] [I] Average on 1 runs - GPU latency: 4.58765 ms - Host latency: 4.71826 ms (enqueue 3.36865 ms)
[10/06/2026-16:16:57] [I] Average on 1 runs - GPU latency: 4.58252 ms - Host latency: 4.73071 ms (enqueue 3.34521 ms)
[10/06/2026-16:16:57] [I] Average on 1 runs - GPU latency: 4.59131 ms - Host latency: 4.72803 ms (enqueue 3.23828 ms)
[10/06/2026-16:16:57] [I] Average on 1 runs - GPU latency: 4.58716 ms - Host latency: 4.73779 ms (enqueue 3.28711 ms)
[10/06/2026-16:16:57] [I] Average on 1 runs - GPU latency: 4.58447 ms - Host latency: 4.72485 ms (enqueue 3.28271 ms)
[10/06/2026-16:16:57] [I] Average on 1 runs - GPU latency: 4.5918 ms - Host latency: 4.72876 ms (enqueue 3.26709 ms)
[10/06/2026-16:16:57] [I] Average on 1 runs - GPU latency: 4.5918 ms - Host latency: 4.74609 ms (enqueue 3.30493 ms)
[10/06/2026-16:16:57] [I] Average on 1 runs - GPU latency: 4.59204 ms - Host latency: 4.72559 ms (enqueue 3.28394 ms)
[10/06/2026-16:16:57] [I] Average on 1 runs - GPU latency: 4.58765 ms - Host latency: 4.74561 ms (enqueue 3.34302 ms)
[10/06/2026-16:16:57] [I] Average on 1 runs - GPU latency: 4.58936 ms - Host latency: 4.71509 ms (enqueue 3.24414 ms)
[10/06/2026-16:16:57] [I] Average on 1 runs - GPU latency: 4.58643 ms - Host latency: 4.72192 ms (enqueue 3.34839 ms)
[10/06/2026-16:16:57] [I] Average on 1 runs - GPU latency: 4.58252 ms - Host latency: 4.71484 ms (enqueue 3.35645 ms)
[10/06/2026-16:16:57] [I] Average on 1 runs - GPU latency: 4.58716 ms - Host latency: 4.72192 ms (enqueue 3.2793 ms)
[10/06/2026-16:16:57] [I] Average on 1 runs - GPU latency: 4.54468 ms - Host latency: 4.68652 ms (enqueue 3.36035 ms)
[10/06/2026-16:16:57] [I] Average on 1 runs - GPU latency: 4.58447 ms - Host latency: 4.7251 ms (enqueue 3.30005 ms)
[10/06/2026-16:16:57] [I] Average on 1 runs - GPU latency: 4.58374 ms - Host latency: 4.73022 ms (enqueue 3.26978 ms)
[10/06/2026-16:16:57] [I] Average on 1 runs - GPU latency: 4.59326 ms - Host latency: 4.75366 ms (enqueue 3.24854 ms)
[10/06/2026-16:16:57] [I] Average on 1 runs - GPU latency: 4.58765 ms - Host latency: 4.73853 ms (enqueue 3.30762 ms)
[10/06/2026-16:16:57] [I] Average on 1 runs - GPU latency: 4.58862 ms - Host latency: 4.73267 ms (enqueue 3.30981 ms)
[10/06/2026-16:16:57] [I] Average on 1 runs - GPU latency: 4.59595 ms - Host latency: 4.73218 ms (enqueue 3.38208 ms)
[10/06/2026-16:16:57] [I] Average on 1 runs - GPU latency: 4.57935 ms - Host latency: 4.72412 ms (enqueue 3.302 ms)
[10/06/2026-16:16:57] [I] Average on 1 runs - GPU latency: 4.58472 ms - Host latency: 4.72656 ms (enqueue 3.30322 ms)
[10/06/2026-16:16:57] [I] Average on 1 runs - GPU latency: 4.58911 ms - Host latency: 4.73486 ms (enqueue 3.28003 ms)
[10/06/2026-16:16:57] [I] Average on 1 runs - GPU latency: 4.58423 ms - Host latency: 4.72266 ms (enqueue 3.29663 ms)
[10/06/2026-16:16:57] [I] Average on 1 runs - GPU latency: 4.56299 ms - Host latency: 4.71606 ms (enqueue 3.31616 ms)
[10/06/2026-16:16:57] [I] Average on 1 runs - GPU latency: 4.59692 ms - Host latency: 4.73193 ms (enqueue 3.30347 ms)
[10/06/2026-16:16:57] [I] Average on 1 runs - GPU latency: 4.59619 ms - Host latency: 4.73218 ms (enqueue 3.27808 ms)
[10/06/2026-16:16:57] [I] Average on 1 runs - GPU latency: 4.57764 ms - Host latency: 4.72217 ms (enqueue 3.29053 ms)
[10/06/2026-16:16:57] [I] Average on 1 runs - GPU latency: 4.58301 ms - Host latency: 4.72607 ms (enqueue 3.31982 ms)
[10/06/2026-16:16:57] [I] Average on 1 runs - GPU latency: 4.58081 ms - Host latency: 4.7439 ms (enqueue 3.24121 ms)
[10/06/2026-16:16:57] [I] Average on 1 runs - GPU latency: 4.58838 ms - Host latency: 4.72339 ms (enqueue 3.25659 ms)
[10/06/2026-16:16:57] [I] Average on 1 runs - GPU latency: 4.59375 ms - Host latency: 4.7312 ms (enqueue 3.30713 ms)
[10/06/2026-16:16:57] [I] Average on 1 runs - GPU latency: 4.58862 ms - Host latency: 4.72607 ms (enqueue 3.32153 ms)
[10/06/2026-16:16:57] [I] Average on 1 runs - GPU latency: 4.55811 ms - Host latency: 4.72192 ms (enqueue 3.32129 ms)
[10/06/2026-16:16:57] [I] Average on 1 runs - GPU latency: 4.58569 ms - Host latency: 4.7251 ms (enqueue 3.31177 ms)
[10/06/2026-16:16:57] [I] Average on 1 runs - GPU latency: 4.56055 ms - Host latency: 4.70386 ms (enqueue 3.33228 ms)
[10/06/2026-16:16:57] [I] Average on 1 runs - GPU latency: 4.59033 ms - Host latency: 4.74365 ms (enqueue 3.25342 ms)
[10/06/2026-16:16:57] [I] Average on 1 runs - GPU latency: 4.58643 ms - Host latency: 4.72656 ms (enqueue 3.23486 ms)
[10/06/2026-16:16:57] [I] Average on 1 runs - GPU latency: 4.58374 ms - Host latency: 4.73315 ms (enqueue 3.29248 ms)
[10/06/2026-16:16:57] [I] Average on 1 runs - GPU latency: 4.60107 ms - Host latency: 4.74854 ms (enqueue 3.28174 ms)
[10/06/2026-16:16:57] [I] Average on 1 runs - GPU latency: 4.59229 ms - Host latency: 4.73413 ms (enqueue 3.30273 ms)
[10/06/2026-16:16:57] [I] Average on 1 runs - GPU latency: 4.58594 ms - Host latency: 4.72607 ms (enqueue 3.3396 ms)
[10/06/2026-16:16:57] [I] Average on 1 runs - GPU latency: 4.59863 ms - Host latency: 4.72974 ms (enqueue 3.3208 ms)
[10/06/2026-16:16:57] [I] Average on 1 runs - GPU latency: 4.58325 ms - Host latency: 4.72559 ms (enqueue 3.24536 ms)
[10/06/2026-16:16:57] [I] Average on 1 runs - GPU latency: 4.58838 ms - Host latency: 4.73901 ms (enqueue 3.29932 ms)
[10/06/2026-16:16:57] [I] Average on 1 runs - GPU latency: 4.5769 ms - Host latency: 4.71118 ms (enqueue 3.29736 ms)
[10/06/2026-16:16:57] [I] Average on 1 runs - GPU latency: 4.57007 ms - Host latency: 4.71069 ms (enqueue 3.30078 ms)
[10/06/2026-16:16:57] [I] Average on 1 runs - GPU latency: 4.58618 ms - Host latency: 4.73462 ms (enqueue 3.26953 ms)
[10/06/2026-16:16:57] [I] Average on 1 runs - GPU latency: 4.5979 ms - Host latency: 4.73413 ms (enqueue 3.30542 ms)
[10/06/2026-16:16:57] [I] Average on 1 runs - GPU latency: 4.59302 ms - Host latency: 4.74048 ms (enqueue 3.302 ms)
[10/06/2026-16:16:57] [I] Average on 1 runs - GPU latency: 4.58594 ms - Host latency: 4.74072 ms (enqueue 3.27393 ms)
[10/06/2026-16:16:57] [I] Average on 1 runs - GPU latency: 4.58765 ms - Host latency: 4.75146 ms (enqueue 3.33276 ms)
[10/06/2026-16:16:57] [I] Average on 1 runs - GPU latency: 4.57812 ms - Host latency: 4.72437 ms (enqueue 3.31055 ms)
[10/06/2026-16:16:57] [I] Average on 1 runs - GPU latency: 4.58374 ms - Host latency: 4.74512 ms (enqueue 3.32373 ms)
[10/06/2026-16:16:57] [I] Average on 1 runs - GPU latency: 4.58398 ms - Host latency: 4.72412 ms (enqueue 3.33691 ms)
[10/06/2026-16:16:57] [I] Average on 1 runs - GPU latency: 4.58643 ms - Host latency: 4.74536 ms (enqueue 3.33374 ms)
[10/06/2026-16:16:57] [I] Average on 1 runs - GPU latency: 4.57129 ms - Host latency: 4.73389 ms (enqueue 3.31592 ms)
[10/06/2026-16:16:57] [I] Average on 1 runs - GPU latency: 4.55933 ms - Host latency: 4.71753 ms (enqueue 3.2644 ms)
[10/06/2026-16:16:57] [I] Average on 1 runs - GPU latency: 4.58813 ms - Host latency: 4.73267 ms (enqueue 3.30273 ms)
[10/06/2026-16:16:57] [I] Average on 1 runs - GPU latency: 4.59106 ms - Host latency: 4.7356 ms (enqueue 3.32788 ms)
[10/06/2026-16:16:57] [I] Average on 1 runs - GPU latency: 4.58472 ms - Host latency: 4.72314 ms (enqueue 3.30615 ms)
[10/06/2026-16:16:57] [I] Average on 1 runs - GPU latency: 4.58545 ms - Host latency: 4.729 ms (enqueue 3.29321 ms)
[10/06/2026-16:16:57] [I] Average on 1 runs - GPU latency: 4.57886 ms - Host latency: 4.72485 ms (enqueue 3.33154 ms)
[10/06/2026-16:16:57] [I] Average on 1 runs - GPU latency: 4.58057 ms - Host latency: 4.7688 ms (enqueue 3.23169 ms)
[10/06/2026-16:16:57] [I] Average on 1 runs - GPU latency: 4.58008 ms - Host latency: 4.71631 ms (enqueue 3.24219 ms)
[10/06/2026-16:16:57] [I] Average on 1 runs - GPU latency: 4.59448 ms - Host latency: 4.73291 ms (enqueue 3.29126 ms)
[10/06/2026-16:16:57] [I] Average on 1 runs - GPU latency: 4.57861 ms - Host latency: 4.71606 ms (enqueue 3.32275 ms)
[10/06/2026-16:16:57] [I] Average on 1 runs - GPU latency: 4.57056 ms - Host latency: 4.70557 ms (enqueue 3.32397 ms)
[10/06/2026-16:16:57] [I] Average on 1 runs - GPU latency: 4.58496 ms - Host latency: 4.7251 ms (enqueue 3.33423 ms)
[10/06/2026-16:16:57] [I] Average on 1 runs - GPU latency: 4.59058 ms - Host latency: 4.74243 ms (enqueue 3.29761 ms)
[10/06/2026-16:16:57] [I] Average on 1 runs - GPU latency: 4.58252 ms - Host latency: 4.73071 ms (enqueue 3.24585 ms)
[10/06/2026-16:16:57] [I] Average on 1 runs - GPU latency: 4.58496 ms - Host latency: 4.71973 ms (enqueue 3.23828 ms)
[10/06/2026-16:16:57] [I] Average on 1 runs - GPU latency: 4.60059 ms - Host latency: 4.74463 ms (enqueue 3.33105 ms)
[10/06/2026-16:16:57] [I] Average on 1 runs - GPU latency: 4.58936 ms - Host latency: 4.72681 ms (enqueue 3.30005 ms)
[10/06/2026-16:16:57] [I] Average on 1 runs - GPU latency: 4.60376 ms - Host latency: 4.73975 ms (enqueue 3.36084 ms)
[10/06/2026-16:16:57] [I] Average on 1 runs - GPU latency: 4.59326 ms - Host latency: 4.74487 ms (enqueue 3.31689 ms)
[10/06/2026-16:16:57] [I] Average on 1 runs - GPU latency: 4.5918 ms - Host latency: 4.73022 ms (enqueue 3.30859 ms)
[10/06/2026-16:16:57] [I] Average on 1 runs - GPU latency: 4.58179 ms - Host latency: 4.71826 ms (enqueue 3.23535 ms)
[10/06/2026-16:16:57] [I] Average on 1 runs - GPU latency: 4.55981 ms - Host latency: 4.69873 ms (enqueue 3.30273 ms)
[10/06/2026-16:16:57] [I] Average on 1 runs - GPU latency: 4.56006 ms - Host latency: 4.69971 ms (enqueue 3.31396 ms)
[10/06/2026-16:16:57] [I] Average on 1 runs - GPU latency: 4.59497 ms - Host latency: 4.73218 ms (enqueue 3.27344 ms)
[10/06/2026-16:16:57] [I] Average on 1 runs - GPU latency: 4.58325 ms - Host latency: 4.73047 ms (enqueue 3.30444 ms)
[10/06/2026-16:16:57] [I] Average on 1 runs - GPU latency: 4.59448 ms - Host latency: 4.73096 ms (enqueue 3.28613 ms)
[10/06/2026-16:16:57] [I] Average on 1 runs - GPU latency: 4.59277 ms - Host latency: 4.73315 ms (enqueue 3.31177 ms)
[10/06/2026-16:16:57] [I] Average on 1 runs - GPU latency: 4.58667 ms - Host latency: 4.74292 ms (enqueue 3.26416 ms)
[10/06/2026-16:16:57] [I] Average on 1 runs - GPU latency: 4.58643 ms - Host latency: 4.72827 ms (enqueue 3.29541 ms)
[10/06/2026-16:16:57] [I] Average on 1 runs - GPU latency: 4.58398 ms - Host latency: 4.71436 ms (enqueue 3.32349 ms)
[10/06/2026-16:16:57] [I] Average on 1 runs - GPU latency: 4.59546 ms - Host latency: 4.73755 ms (enqueue 3.2876 ms)
[10/06/2026-16:16:57] [I] Average on 1 runs - GPU latency: 4.58594 ms - Host latency: 4.73071 ms (enqueue 3.28247 ms)
[10/06/2026-16:16:57] [I] Average on 1 runs - GPU latency: 4.56787 ms - Host latency: 4.70435 ms (enqueue 3.32422 ms)
[10/06/2026-16:16:57] [I] Average on 1 runs - GPU latency: 4.58936 ms - Host latency: 4.72852 ms (enqueue 3.30322 ms)
[10/06/2026-16:16:57] [I] Average on 1 runs - GPU latency: 4.58179 ms - Host latency: 4.72119 ms (enqueue 3.25586 ms)
[10/06/2026-16:16:57] [I] Average on 1 runs - GPU latency: 4.59155 ms - Host latency: 4.7312 ms (enqueue 3.28442 ms)
[10/06/2026-16:16:57] [I] Average on 1 runs - GPU latency: 4.58691 ms - Host latency: 4.7334 ms (enqueue 3.30664 ms)
[10/06/2026-16:16:57] [I] Average on 1 runs - GPU latency: 4.59106 ms - Host latency: 4.75635 ms (enqueue 3.35938 ms)
[10/06/2026-16:16:57] [I] Average on 1 runs - GPU latency: 4.58862 ms - Host latency: 4.72803 ms (enqueue 3.30371 ms)
[10/06/2026-16:16:57] [I] Average on 1 runs - GPU latency: 4.58716 ms - Host latency: 4.72656 ms (enqueue 3.28784 ms)
[10/06/2026-16:16:57] [I] Average on 1 runs - GPU latency: 4.58276 ms - Host latency: 4.76611 ms (enqueue 3.23486 ms)
[10/06/2026-16:16:57] [I] Average on 1 runs - GPU latency: 4.5813 ms - Host latency: 4.73804 ms (enqueue 3.25659 ms)
[10/06/2026-16:16:57] [I] Average on 1 runs - GPU latency: 4.58545 ms - Host latency: 4.7478 ms (enqueue 3.34131 ms)
[10/06/2026-16:16:57] [I] Average on 1 runs - GPU latency: 4.55151 ms - Host latency: 4.70679 ms (enqueue 3.31445 ms)
[10/06/2026-16:16:57] [I] Average on 1 runs - GPU latency: 4.57666 ms - Host latency: 4.72119 ms (enqueue 3.30518 ms)
[10/06/2026-16:16:57] [I] Average on 1 runs - GPU latency: 4.59326 ms - Host latency: 4.73438 ms (enqueue 3.34155 ms)
[10/06/2026-16:16:57] [I] Average on 1 runs - GPU latency: 4.5957 ms - Host latency: 4.7356 ms (enqueue 3.27759 ms)
[10/06/2026-16:16:57] [I] Average on 1 runs - GPU latency: 4.57861 ms - Host latency: 4.72729 ms (enqueue 3.23291 ms)
[10/06/2026-16:16:57] [I] Average on 1 runs - GPU latency: 4.58936 ms - Host latency: 4.72461 ms (enqueue 3.25464 ms)
[10/06/2026-16:16:57] [I] Average on 1 runs - GPU latency: 4.58398 ms - Host latency: 4.72217 ms (enqueue 3.31274 ms)
[10/06/2026-16:16:57] [I] Average on 1 runs - GPU latency: 4.58252 ms - Host latency: 4.72388 ms (enqueue 3.29785 ms)
[10/06/2026-16:16:57] [I] Average on 1 runs - GPU latency: 4.58325 ms - Host latency: 4.73682 ms (enqueue 3.31494 ms)
[10/06/2026-16:16:57] [I] Average on 1 runs - GPU latency: 4.5813 ms - Host latency: 4.72192 ms (enqueue 3.27563 ms)
[10/06/2026-16:16:57] [I] Average on 1 runs - GPU latency: 4.57861 ms - Host latency: 4.71704 ms (enqueue 3.375 ms)
[10/06/2026-16:16:57] [I] Average on 1 runs - GPU latency: 4.5481 ms - Host latency: 4.68066 ms (enqueue 3.25146 ms)
[10/06/2026-16:16:57] [I] Average on 1 runs - GPU latency: 4.59424 ms - Host latency: 4.72388 ms (enqueue 3.26538 ms)
[10/06/2026-16:16:57] [I] Average on 1 runs - GPU latency: 4.58936 ms - Host latency: 4.73511 ms (enqueue 3.31885 ms)
[10/06/2026-16:16:57] [I] Average on 1 runs - GPU latency: 4.59473 ms - Host latency: 4.7334 ms (enqueue 3.2915 ms)
[10/06/2026-16:16:57] [I] Average on 1 runs - GPU latency: 4.58423 ms - Host latency: 4.74194 ms (enqueue 3.28149 ms)
[10/06/2026-16:16:57] [I] Average on 1 runs - GPU latency: 4.58667 ms - Host latency: 4.73267 ms (enqueue 3.36133 ms)
[10/06/2026-16:16:57] [I] Average on 1 runs - GPU latency: 4.59204 ms - Host latency: 4.72949 ms (enqueue 3.29761 ms)
[10/06/2026-16:16:57] [I] Average on 1 runs - GPU latency: 4.58643 ms - Host latency: 4.72803 ms (enqueue 3.24731 ms)
[10/06/2026-16:16:57] [I] Average on 1 runs - GPU latency: 4.59033 ms - Host latency: 4.71948 ms (enqueue 3.27515 ms)
[10/06/2026-16:16:57] [I] Average on 1 runs - GPU latency: 4.58472 ms - Host latency: 4.71118 ms (enqueue 3.34546 ms)
[10/06/2026-16:16:57] [I] Average on 1 runs - GPU latency: 4.58716 ms - Host latency: 4.74854 ms (enqueue 3.33936 ms)
[10/06/2026-16:16:57] [I] Average on 1 runs - GPU latency: 4.54224 ms - Host latency: 4.6792 ms (enqueue 3.2749 ms)
[10/06/2026-16:16:57] [I] Average on 1 runs - GPU latency: 4.58984 ms - Host latency: 4.72925 ms (enqueue 3.32153 ms)
[10/06/2026-16:16:57] [I] Average on 1 runs - GPU latency: 4.58447 ms - Host latency: 4.73926 ms (enqueue 3.30151 ms)
[10/06/2026-16:16:57] [I] Average on 1 runs - GPU latency: 4.58765 ms - Host latency: 4.77051 ms (enqueue 3.25171 ms)
[10/06/2026-16:16:57] [I] Average on 1 runs - GPU latency: 4.58887 ms - Host latency: 4.75 ms (enqueue 3.31055 ms)
[10/06/2026-16:16:57] [I] Average on 1 runs - GPU latency: 4.5835 ms - Host latency: 4.72485 ms (enqueue 3.29419 ms)
[10/06/2026-16:16:57] [I] Average on 1 runs - GPU latency: 4.58496 ms - Host latency: 4.71704 ms (enqueue 3.28662 ms)
[10/06/2026-16:16:57] [I] Average on 1 runs - GPU latency: 4.59351 ms - Host latency: 4.73145 ms (enqueue 3.28638 ms)
[10/06/2026-16:16:57] [I] Average on 1 runs - GPU latency: 4.59497 ms - Host latency: 4.7395 ms (enqueue 3.32446 ms)
[10/06/2026-16:16:57] [I] Average on 1 runs - GPU latency: 4.59668 ms - Host latency: 4.72876 ms (enqueue 3.33789 ms)
[10/06/2026-16:16:57] [I] Average on 1 runs - GPU latency: 4.59106 ms - Host latency: 4.74438 ms (enqueue 3.24634 ms)
[10/06/2026-16:16:57] [I] Average on 1 runs - GPU latency: 4.56543 ms - Host latency: 4.70142 ms (enqueue 3.35254 ms)
[10/06/2026-16:16:57] [I] Average on 1 runs - GPU latency: 4.58716 ms - Host latency: 4.74463 ms (enqueue 3.3147 ms)
[10/06/2026-16:16:57] [I] Average on 1 runs - GPU latency: 4.57983 ms - Host latency: 4.72583 ms (enqueue 3.37427 ms)
[10/06/2026-16:16:57] [I] Average on 1 runs - GPU latency: 4.58545 ms - Host latency: 4.75098 ms (enqueue 3.29883 ms)
[10/06/2026-16:16:57] [I] ... Omitting 2872 lines
[10/06/2026-16:16:57] [I] Average on 1 runs - GPU latency: 4.58398 ms - Host latency: 4.73828 ms (enqueue 3.33594 ms)
[10/06/2026-16:16:57] [I] Average on 1 runs - GPU latency: 4.58789 ms - Host latency: 4.73828 ms (enqueue 3.31445 ms)
[10/06/2026-16:16:57] [I] Average on 1 runs - GPU latency: 4.59375 ms - Host latency: 4.72852 ms (enqueue 3.24023 ms)
[10/06/2026-16:16:57] [I] Average on 1 runs - GPU latency: 4.61133 ms - Host latency: 4.74805 ms (enqueue 3.25977 ms)
[10/06/2026-16:16:57] [I] Average on 1 runs - GPU latency: 4.5918 ms - Host latency: 4.74023 ms (enqueue 3.3418 ms)
[10/06/2026-16:16:57] [I] Average on 1 runs - GPU latency: 4.58203 ms - Host latency: 4.72656 ms (enqueue 3.3125 ms)
[10/06/2026-16:16:57] [I] Average on 1 runs - GPU latency: 4.59375 ms - Host latency: 4.73633 ms (enqueue 3.31641 ms)
[10/06/2026-16:16:57] [I] Average on 1 runs - GPU latency: 4.54297 ms - Host latency: 4.68164 ms (enqueue 3.29492 ms)
[10/06/2026-16:16:57] [I] Average on 1 runs - GPU latency: 4.58789 ms - Host latency: 4.72656 ms (enqueue 3.27539 ms)
[10/06/2026-16:16:57] [I] Average on 1 runs - GPU latency: 4.5957 ms - Host latency: 4.72852 ms (enqueue 3.30273 ms)
[10/06/2026-16:16:57] [I] Average on 1 runs - GPU latency: 4.58789 ms - Host latency: 4.73438 ms (enqueue 3.25781 ms)
[10/06/2026-16:16:57] [I] Average on 1 runs - GPU latency: 4.58984 ms - Host latency: 4.72266 ms (enqueue 3.31836 ms)
[10/06/2026-16:16:57] [I] Average on 1 runs - GPU latency: 4.5957 ms - Host latency: 4.7793 ms (enqueue 3.36328 ms)
[10/06/2026-16:16:57] [I] Average on 1 runs - GPU latency: 4.58789 ms - Host latency: 4.7207 ms (enqueue 3.31445 ms)
[10/06/2026-16:16:57] [I] Average on 1 runs - GPU latency: 4.58984 ms - Host latency: 4.73047 ms (enqueue 3.29688 ms)
[10/06/2026-16:16:57] [I] Average on 1 runs - GPU latency: 4.58203 ms - Host latency: 4.71875 ms (enqueue 3.38281 ms)
[10/06/2026-16:16:57] [I] Average on 1 runs - GPU latency: 4.59375 ms - Host latency: 4.72656 ms (enqueue 3.25391 ms)
[10/06/2026-16:16:57] [I] Average on 1 runs - GPU latency: 4.58203 ms - Host latency: 4.7207 ms (enqueue 3.26172 ms)
[10/06/2026-16:16:57] [I] Average on 1 runs - GPU latency: 4.56445 ms - Host latency: 4.73047 ms (enqueue 3.31445 ms)
[10/06/2026-16:16:57] [I] Average on 1 runs - GPU latency: 4.5957 ms - Host latency: 4.75977 ms (enqueue 3.36133 ms)
[10/06/2026-16:16:57] [I] Average on 1 runs - GPU latency: 4.58789 ms - Host latency: 4.73242 ms (enqueue 3.33398 ms)
[10/06/2026-16:16:57] [I] Average on 1 runs - GPU latency: 4.58984 ms - Host latency: 4.71875 ms (enqueue 3.28516 ms)
[10/06/2026-16:16:57] [I] Average on 1 runs - GPU latency: 4.58984 ms - Host latency: 4.74023 ms (enqueue 3.28125 ms)
[10/06/2026-16:16:57] [I] Average on 1 runs - GPU latency: 4.5957 ms - Host latency: 4.75195 ms (enqueue 3.25586 ms)
[10/06/2026-16:16:57] [I] Average on 1 runs - GPU latency: 4.59961 ms - Host latency: 4.75 ms (enqueue 3.25977 ms)
[10/06/2026-16:16:57] [I] Average on 1 runs - GPU latency: 4.58594 ms - Host latency: 4.73047 ms (enqueue 3.32227 ms)
[10/06/2026-16:16:57] [I] Average on 1 runs - GPU latency: 4.58984 ms - Host latency: 4.72461 ms (enqueue 3.30273 ms)
[10/06/2026-16:16:57] [I] Average on 1 runs - GPU latency: 4.58984 ms - Host latency: 4.74023 ms (enqueue 3.32227 ms)
[10/06/2026-16:16:57] [I] Average on 1 runs - GPU latency: 4.58398 ms - Host latency: 4.72266 ms (enqueue 3.31836 ms)
[10/06/2026-16:16:57] [I] Average on 1 runs - GPU latency: 4.53711 ms - Host latency: 4.68555 ms (enqueue 3.31641 ms)
[10/06/2026-16:16:57] [I] Average on 1 runs - GPU latency: 4.5918 ms - Host latency: 4.73828 ms (enqueue 3.26172 ms)
[10/06/2026-16:16:57] [I] Average on 1 runs - GPU latency: 4.59961 ms - Host latency: 4.73828 ms (enqueue 3.29492 ms)
[10/06/2026-16:16:57] [I] Average on 1 runs - GPU latency: 4.5957 ms - Host latency: 4.73633 ms (enqueue 3.33398 ms)
[10/06/2026-16:16:57] [I] Average on 1 runs - GPU latency: 4.58789 ms - Host latency: 4.73047 ms (enqueue 3.30859 ms)
[10/06/2026-16:16:57] [I] Average on 1 runs - GPU latency: 4.59375 ms - Host latency: 4.73633 ms (enqueue 3.31445 ms)
[10/06/2026-16:16:57] [I] Average on 1 runs - GPU latency: 4.58789 ms - Host latency: 4.72656 ms (enqueue 3.30078 ms)
[10/06/2026-16:16:57] [I] Average on 1 runs - GPU latency: 4.5918 ms - Host latency: 4.72852 ms (enqueue 3.31836 ms)
[10/06/2026-16:16:57] [I] Average on 1 runs - GPU latency: 4.58789 ms - Host latency: 4.75781 ms (enqueue 3.25781 ms)
[10/06/2026-16:16:57] [I] Average on 1 runs - GPU latency: 4.58008 ms - Host latency: 4.73242 ms (enqueue 3.30078 ms)
[10/06/2026-16:16:57] [I] Average on 1 runs - GPU latency: 4.57617 ms - Host latency: 4.73438 ms (enqueue 3.40234 ms)
[10/06/2026-16:16:57] [I] Average on 1 runs - GPU latency: 4.57812 ms - Host latency: 4.73047 ms (enqueue 3.32422 ms)
[10/06/2026-16:16:57] [I] Average on 1 runs - GPU latency: 4.59375 ms - Host latency: 4.74219 ms (enqueue 3.31836 ms)
[10/06/2026-16:16:57] [I] Average on 1 runs - GPU latency: 4.58398 ms - Host latency: 4.72852 ms (enqueue 3.32617 ms)
[10/06/2026-16:16:57] [I] Average on 1 runs - GPU latency: 4.58008 ms - Host latency: 4.71875 ms (enqueue 3.29102 ms)
[10/06/2026-16:16:57] [I] Average on 1 runs - GPU latency: 4.58203 ms - Host latency: 4.7207 ms (enqueue 3.24609 ms)
[10/06/2026-16:16:57] [I] Average on 1 runs - GPU latency: 4.58398 ms - Host latency: 4.75 ms (enqueue 3.27344 ms)
[10/06/2026-16:16:57] [I] Average on 1 runs - GPU latency: 4.58008 ms - Host latency: 4.71484 ms (enqueue 3.28906 ms)
[10/06/2026-16:16:57] [I] Average on 1 runs - GPU latency: 4.58594 ms - Host latency: 4.72461 ms (enqueue 3.30664 ms)
[10/06/2026-16:16:57] [I] Average on 1 runs - GPU latency: 4.58594 ms - Host latency: 4.72266 ms (enqueue 3.33594 ms)
[10/06/2026-16:16:57] [I] Average on 1 runs - GPU latency: 4.58398 ms - Host latency: 4.71875 ms (enqueue 3.28516 ms)
[10/06/2026-16:16:57] [I] Average on 1 runs - GPU latency: 4.57422 ms - Host latency: 4.70898 ms (enqueue 3.23438 ms)
[10/06/2026-16:16:57] [I] Average on 1 runs - GPU latency: 4.56445 ms - Host latency: 4.71875 ms (enqueue 3.24219 ms)
[10/06/2026-16:16:57] [I] Average on 1 runs - GPU latency: 4.58203 ms - Host latency: 4.73438 ms (enqueue 3.35938 ms)
[10/06/2026-16:16:57] [I] Average on 1 runs - GPU latency: 4.58789 ms - Host latency: 4.74414 ms (enqueue 3.33594 ms)
[10/06/2026-16:16:57] [I] Average on 1 runs - GPU latency: 4.58398 ms - Host latency: 4.73438 ms (enqueue 3.31641 ms)
[10/06/2026-16:16:57] [I] Average on 1 runs - GPU latency: 4.58984 ms - Host latency: 4.72852 ms (enqueue 3.34961 ms)
[10/06/2026-16:16:57] [I] Average on 1 runs - GPU latency: 4.58398 ms - Host latency: 4.7168 ms (enqueue 3.28125 ms)
[10/06/2026-16:16:57] [I] Average on 1 runs - GPU latency: 4.58398 ms - Host latency: 4.73828 ms (enqueue 3.25391 ms)
[10/06/2026-16:16:57] [I] Average on 1 runs - GPU latency: 4.58594 ms - Host latency: 4.73047 ms (enqueue 3.2832 ms)
[10/06/2026-16:16:57] [I] Average on 1 runs - GPU latency: 4.58789 ms - Host latency: 4.73047 ms (enqueue 3.33008 ms)
[10/06/2026-16:16:57] [I] Average on 1 runs - GPU latency: 4.58398 ms - Host latency: 4.76758 ms (enqueue 3.32227 ms)
[10/06/2026-16:16:57] [I] Average on 1 runs - GPU latency: 4.57227 ms - Host latency: 4.72461 ms (enqueue 3.32031 ms)
[10/06/2026-16:16:57] [I] Average on 1 runs - GPU latency: 4.54102 ms - Host latency: 4.69531 ms (enqueue 3.36719 ms)
[10/06/2026-16:16:57] [I] Average on 1 runs - GPU latency: 4.58203 ms - Host latency: 4.73633 ms (enqueue 3.35742 ms)
[10/06/2026-16:16:57] [I] Average on 1 runs - GPU latency: 4.58398 ms - Host latency: 4.72461 ms (enqueue 3.25781 ms)
[10/06/2026-16:16:57] [I] Average on 1 runs - GPU latency: 4.58789 ms - Host latency: 4.74219 ms (enqueue 3.29492 ms)
[10/06/2026-16:16:57] [I] Average on 1 runs - GPU latency: 4.58008 ms - Host latency: 4.7207 ms (enqueue 3.3418 ms)
[10/06/2026-16:16:57] [I] Average on 1 runs - GPU latency: 4.59375 ms - Host latency: 4.72656 ms (enqueue 3.33984 ms)
[10/06/2026-16:16:57] [I] Average on 1 runs - GPU latency: 4.59766 ms - Host latency: 4.73242 ms (enqueue 3.31641 ms)
[10/06/2026-16:16:57] [I] Average on 1 runs - GPU latency: 4.58398 ms - Host latency: 4.72656 ms (enqueue 3.36914 ms)
[10/06/2026-16:16:57] [I] Average on 1 runs - GPU latency: 4.58398 ms - Host latency: 4.72461 ms (enqueue 3.28516 ms)
[10/06/2026-16:16:57] [I] Average on 1 runs - GPU latency: 4.58203 ms - Host latency: 4.75195 ms (enqueue 3.23828 ms)
[10/06/2026-16:16:57] [I] Average on 1 runs - GPU latency: 4.56641 ms - Host latency: 4.71875 ms (enqueue 3.3125 ms)
[10/06/2026-16:16:57] [I] Average on 1 runs - GPU latency: 4.59375 ms - Host latency: 4.73242 ms (enqueue 3.28516 ms)
[10/06/2026-16:16:57] [I] Average on 1 runs - GPU latency: 4.58203 ms - Host latency: 4.7168 ms (enqueue 3.33594 ms)
[10/06/2026-16:16:57] [I] Average on 1 runs - GPU latency: 4.5957 ms - Host latency: 4.73047 ms (enqueue 3.34375 ms)
[10/06/2026-16:16:57] [I] Average on 1 runs - GPU latency: 4.58203 ms - Host latency: 4.7207 ms (enqueue 3.36133 ms)
[10/06/2026-16:16:57] [I] Average on 1 runs - GPU latency: 4.5918 ms - Host latency: 4.72852 ms (enqueue 3.28125 ms)
[10/06/2026-16:16:57] [I] Average on 1 runs - GPU latency: 4.58984 ms - Host latency: 4.73438 ms (enqueue 3.27148 ms)
[10/06/2026-16:16:57] [I] Average on 1 runs - GPU latency: 4.58984 ms - Host latency: 4.72266 ms (enqueue 3.34375 ms)
[10/06/2026-16:16:57] [I] Average on 1 runs - GPU latency: 4.59375 ms - Host latency: 4.73242 ms (enqueue 3.34766 ms)
[10/06/2026-16:16:57] [I] Average on 1 runs - GPU latency: 4.58203 ms - Host latency: 4.72461 ms (enqueue 3.35156 ms)
[10/06/2026-16:16:57] [I] Average on 1 runs - GPU latency: 4.59375 ms - Host latency: 4.72852 ms (enqueue 3.28906 ms)
[10/06/2026-16:16:57] [I] Average on 1 runs - GPU latency: 4.56641 ms - Host latency: 4.70312 ms (enqueue 3.32422 ms)
[10/06/2026-16:16:57] [I] Average on 1 runs - GPU latency: 4.54297 ms - Host latency: 4.68359 ms (enqueue 3.29102 ms)
[10/06/2026-16:16:57] [I] Average on 1 runs - GPU latency: 4.58203 ms - Host latency: 4.72852 ms (enqueue 3.25195 ms)
[10/06/2026-16:16:57] [I] Average on 1 runs - GPU latency: 4.58008 ms - Host latency: 4.72266 ms (enqueue 3.27734 ms)
[10/06/2026-16:16:57] [I] Average on 1 runs - GPU latency: 4.58203 ms - Host latency: 4.7168 ms (enqueue 3.31445 ms)
[10/06/2026-16:16:57] [I] Average on 1 runs - GPU latency: 4.5918 ms - Host latency: 4.73242 ms (enqueue 3.3418 ms)
[10/06/2026-16:16:57] [I] Average on 1 runs - GPU latency: 4.58594 ms - Host latency: 4.72656 ms (enqueue 3.30859 ms)
[10/06/2026-16:16:57] [I] Average on 1 runs - GPU latency: 4.5918 ms - Host latency: 4.73633 ms (enqueue 3.36328 ms)
[10/06/2026-16:16:57] [I] Average on 1 runs - GPU latency: 4.5918 ms - Host latency: 4.80273 ms (enqueue 3.27344 ms)
[10/06/2026-16:16:57] [I] Average on 1 runs - GPU latency: 4.58984 ms - Host latency: 4.71875 ms (enqueue 3.24805 ms)
[10/06/2026-16:16:57] [I] Average on 1 runs - GPU latency: 4.5957 ms - Host latency: 4.73242 ms (enqueue 3.32422 ms)
[10/06/2026-16:16:57] [I] Average on 1 runs - GPU latency: 4.56055 ms - Host latency: 4.70117 ms (enqueue 3.29297 ms)
[10/06/2026-16:16:57] [I] Average on 1 runs - GPU latency: 4.58984 ms - Host latency: 4.74023 ms (enqueue 3.32812 ms)
[10/06/2026-16:16:57] [I] Average on 1 runs - GPU latency: 4.57617 ms - Host latency: 4.72266 ms (enqueue 3.35156 ms)
[10/06/2026-16:16:57] [I] Average on 1 runs - GPU latency: 4.58594 ms - Host latency: 4.75195 ms (enqueue 3.31055 ms)
[10/06/2026-16:16:57] [I] Average on 1 runs - GPU latency: 4.58008 ms - Host latency: 4.71289 ms (enqueue 3.25391 ms)
[10/06/2026-16:16:57] [I] Average on 1 runs - GPU latency: 4.58398 ms - Host latency: 4.75391 ms (enqueue 3.28711 ms)
[10/06/2026-16:16:57] [I] Average on 1 runs - GPU latency: 4.58594 ms - Host latency: 4.72266 ms (enqueue 3.33789 ms)
[10/06/2026-16:16:57] [I] Average on 1 runs - GPU latency: 4.58203 ms - Host latency: 4.74609 ms (enqueue 3.32031 ms)
[10/06/2026-16:16:57] [I] Average on 1 runs - GPU latency: 4.5918 ms - Host latency: 4.75586 ms (enqueue 3.33594 ms)
[10/06/2026-16:16:57] [I] Average on 1 runs - GPU latency: 4.5918 ms - Host latency: 4.72852 ms (enqueue 3.30469 ms)
[10/06/2026-16:16:57] [I] Average on 1 runs - GPU latency: 4.58984 ms - Host latency: 4.73242 ms (enqueue 3.28906 ms)
[10/06/2026-16:16:57] [I] Average on 1 runs - GPU latency: 4.55664 ms - Host latency: 4.69922 ms (enqueue 3.2793 ms)
[10/06/2026-16:16:57] [I] Average on 1 runs - GPU latency: 4.55469 ms - Host latency: 4.69336 ms (enqueue 3.32617 ms)
[10/06/2026-16:16:57] [I] Average on 1 runs - GPU latency: 4.58789 ms - Host latency: 4.71875 ms (enqueue 3.30078 ms)
[10/06/2026-16:16:57] [I] Average on 1 runs - GPU latency: 4.59375 ms - Host latency: 4.73828 ms (enqueue 3.28516 ms)
[10/06/2026-16:16:57] [I] Average on 1 runs - GPU latency: 4.58789 ms - Host latency: 4.72266 ms (enqueue 3.30859 ms)
[10/06/2026-16:16:57] [I] Average on 1 runs - GPU latency: 4.58398 ms - Host latency: 4.72461 ms (enqueue 3.30078 ms)
[10/06/2026-16:16:57] [I] Average on 1 runs - GPU latency: 4.57812 ms - Host latency: 4.7168 ms (enqueue 3.36133 ms)
[10/06/2026-16:16:57] [I] Average on 1 runs - GPU latency: 4.58203 ms - Host latency: 4.7168 ms (enqueue 3.24414 ms)
[10/06/2026-16:16:57] [I] Average on 1 runs - GPU latency: 4.5957 ms - Host latency: 4.73438 ms (enqueue 3.32812 ms)
[10/06/2026-16:16:57] [I] Average on 1 runs - GPU latency: 4.58203 ms - Host latency: 4.72852 ms (enqueue 3.32422 ms)
[10/06/2026-16:16:57] [I] Average on 1 runs - GPU latency: 4.59766 ms - Host latency: 4.73828 ms (enqueue 3.35156 ms)
[10/06/2026-16:16:57] [I] Average on 1 runs - GPU latency: 4.54492 ms - Host latency: 4.69141 ms (enqueue 3.30469 ms)
[10/06/2026-16:16:57] [I] Average on 1 runs - GPU latency: 4.58203 ms - Host latency: 4.73047 ms (enqueue 3.30273 ms)
[10/06/2026-16:16:57] [I] Average on 1 runs - GPU latency: 4.58398 ms - Host latency: 4.73242 ms (enqueue 3.28711 ms)
[10/06/2026-16:16:57] [I] Average on 1 runs - GPU latency: 4.5957 ms - Host latency: 4.74023 ms (enqueue 3.26953 ms)
[10/06/2026-16:16:57] [I] Average on 1 runs - GPU latency: 4.58789 ms - Host latency: 4.72656 ms (enqueue 3.31445 ms)
[10/06/2026-16:16:57] [I] Average on 1 runs - GPU latency: 4.58398 ms - Host latency: 4.72656 ms (enqueue 3.34766 ms)
[10/06/2026-16:16:57] [I] Average on 1 runs - GPU latency: 4.58203 ms - Host latency: 4.72461 ms (enqueue 3.32422 ms)
[10/06/2026-16:16:57] [I] Average on 1 runs - GPU latency: 4.60547 ms - Host latency: 4.74414 ms (enqueue 3.34961 ms)
[10/06/2026-16:16:57] [I] Average on 1 runs - GPU latency: 4.59375 ms - Host latency: 4.73633 ms (enqueue 3.33008 ms)
[10/06/2026-16:16:57] [I] Average on 1 runs - GPU latency: 4.5918 ms - Host latency: 4.75 ms (enqueue 3.32422 ms)
[10/06/2026-16:16:57] [I] Average on 1 runs - GPU latency: 4.58398 ms - Host latency: 4.72852 ms (enqueue 3.25781 ms)
[10/06/2026-16:16:57] [I] Average on 1 runs - GPU latency: 4.54102 ms - Host latency: 4.68555 ms (enqueue 3.33984 ms)
[10/06/2026-16:16:57] [I] Average on 1 runs - GPU latency: 4.57227 ms - Host latency: 4.73242 ms (enqueue 3.32812 ms)
[10/06/2026-16:16:57] [I] Average on 1 runs - GPU latency: 4.59375 ms - Host latency: 4.75195 ms (enqueue 3.36523 ms)
[10/06/2026-16:16:57] [I] Average on 1 runs - GPU latency: 4.58594 ms - Host latency: 4.74023 ms (enqueue 3.32422 ms)
[10/06/2026-16:16:57] [I] Average on 1 runs - GPU latency: 4.58984 ms - Host latency: 4.75 ms (enqueue 3.33203 ms)
[10/06/2026-16:16:57] [I] Average on 1 runs - GPU latency: 4.58594 ms - Host latency: 4.76172 ms (enqueue 3.26172 ms)
[10/06/2026-16:16:57] [I] Average on 1 runs - GPU latency: 4.58398 ms - Host latency: 4.72266 ms (enqueue 3.28711 ms)
[10/06/2026-16:16:57] [I] Average on 1 runs - GPU latency: 4.59375 ms - Host latency: 4.74023 ms (enqueue 3.32227 ms)
[10/06/2026-16:16:57] [I] Average on 1 runs - GPU latency: 4.58984 ms - Host latency: 4.73242 ms (enqueue 3.33008 ms)
[10/06/2026-16:16:57] [I] Average on 1 runs - GPU latency: 4.59375 ms - Host latency: 4.73633 ms (enqueue 3.30859 ms)
[10/06/2026-16:16:57] [I] Average on 1 runs - GPU latency: 4.5918 ms - Host latency: 4.72852 ms (enqueue 3.38086 ms)
[10/06/2026-16:16:57] [I] Average on 1 runs - GPU latency: 4.55859 ms - Host latency: 4.70117 ms (enqueue 3.35352 ms)
[10/06/2026-16:16:57] [I] Average on 1 runs - GPU latency: 4.57812 ms - Host latency: 4.7207 ms (enqueue 3.25391 ms)
[10/06/2026-16:16:57] [I] Average on 1 runs - GPU latency: 4.58984 ms - Host latency: 4.73047 ms (enqueue 3.30469 ms)
[10/06/2026-16:16:57] [I] Average on 1 runs - GPU latency: 4.58594 ms - Host latency: 4.72461 ms (enqueue 3.3457 ms)
[10/06/2026-16:16:57] [I] Average on 1 runs - GPU latency: 4.58594 ms - Host latency: 4.74414 ms (enqueue 3.3418 ms)
[10/06/2026-16:16:57] [I] Average on 1 runs - GPU latency: 4.58594 ms - Host latency: 4.73438 ms (enqueue 3.35547 ms)
[10/06/2026-16:16:57] [I] Average on 1 runs - GPU latency: 4.58398 ms - Host latency: 4.7207 ms (enqueue 3.34375 ms)
[10/06/2026-16:16:57] [I] Average on 1 runs - GPU latency: 4.58594 ms - Host latency: 4.74023 ms (enqueue 3.31641 ms)
[10/06/2026-16:16:57] [I] Average on 1 runs - GPU latency: 4.59375 ms - Host latency: 4.72852 ms (enqueue 3.26562 ms)
[10/06/2026-16:16:57] [I] Average on 1 runs - GPU latency: 4.58984 ms - Host latency: 4.72852 ms (enqueue 3.32617 ms)
[10/06/2026-16:16:57] [I] Average on 1 runs - GPU latency: 4.5918 ms - Host latency: 4.72852 ms (enqueue 3.31836 ms)
[10/06/2026-16:16:57] [I] Average on 1 runs - GPU latency: 4.54492 ms - Host latency: 4.68164 ms (enqueue 3.37305 ms)
[10/06/2026-16:16:57] [I] Average on 1 runs - GPU latency: 4.57617 ms - Host latency: 4.72656 ms (enqueue 3.29688 ms)
[10/06/2026-16:16:57] [I] Average on 1 runs - GPU latency: 4.58984 ms - Host latency: 4.73438 ms (enqueue 3.30664 ms)
[10/06/2026-16:16:57] [I] Average on 1 runs - GPU latency: 4.58789 ms - Host latency: 4.72852 ms (enqueue 3.31641 ms)
[10/06/2026-16:16:57] [I] Average on 1 runs - GPU latency: 4.58203 ms - Host latency: 4.73438 ms (enqueue 3.25586 ms)
[10/06/2026-16:16:57] [I] Average on 1 runs - GPU latency: 4.58008 ms - Host latency: 4.71289 ms (enqueue 3.34961 ms)
[10/06/2026-16:16:57] [I] Average on 1 runs - GPU latency: 4.58984 ms - Host latency: 4.72461 ms (enqueue 3.36328 ms)
[10/06/2026-16:16:57] [I] Average on 1 runs - GPU latency: 4.58398 ms - Host latency: 4.72266 ms (enqueue 3.30078 ms)
[10/06/2026-16:16:57] [I] Average on 1 runs - GPU latency: 4.5918 ms - Host latency: 4.73828 ms (enqueue 3.30078 ms)
[10/06/2026-16:16:57] [I] Average on 1 runs - GPU latency: 4.58398 ms - Host latency: 4.72656 ms (enqueue 3.30859 ms)
[10/06/2026-16:16:57] [I] Average on 1 runs - GPU latency: 4.5918 ms - Host latency: 4.73242 ms (enqueue 3.33008 ms)
[10/06/2026-16:16:57] [I] Average on 1 runs - GPU latency: 4.55469 ms - Host latency: 4.69336 ms (enqueue 3.25977 ms)
[10/06/2026-16:16:57] [I] Average on 1 runs - GPU latency: 4.58008 ms - Host latency: 4.72461 ms (enqueue 3.32031 ms)
[10/06/2026-16:16:57] [I] Average on 1 runs - GPU latency: 4.58984 ms - Host latency: 4.72461 ms (enqueue 3.29688 ms)
[10/06/2026-16:16:57] [I] Average on 1 runs - GPU latency: 4.58203 ms - Host latency: 4.72266 ms (enqueue 3.34375 ms)
[10/06/2026-16:16:57] [I] Average on 1 runs - GPU latency: 4.58398 ms - Host latency: 4.70898 ms (enqueue 3.29688 ms)
[10/06/2026-16:16:57] [I] Average on 1 runs - GPU latency: 4.58789 ms - Host latency: 4.72656 ms (enqueue 3.3125 ms)
[10/06/2026-16:16:57] [I] Average on 1 runs - GPU latency: 4.58594 ms - Host latency: 4.72852 ms (enqueue 3.25977 ms)
[10/06/2026-16:16:57] [I] Average on 1 runs - GPU latency: 4.58594 ms - Host latency: 4.74023 ms (enqueue 3.25195 ms)
[10/06/2026-16:16:57] [I] Average on 1 runs - GPU latency: 4.58203 ms - Host latency: 4.7168 ms (enqueue 3.31445 ms)
[10/06/2026-16:16:57] [I] Average on 1 runs - GPU latency: 4.58008 ms - Host latency: 4.7207 ms (enqueue 3.33398 ms)
[10/06/2026-16:16:57] [I] Average on 1 runs - GPU latency: 4.58398 ms - Host latency: 4.72656 ms (enqueue 3.36914 ms)
[10/06/2026-16:16:57] [I] Average on 1 runs - GPU latency: 4.54102 ms - Host latency: 4.69141 ms (enqueue 3.32031 ms)
[10/06/2026-16:16:57] [I] Average on 1 runs - GPU latency: 4.58203 ms - Host latency: 4.73633 ms (enqueue 3.30859 ms)
[10/06/2026-16:16:57] [I] Average on 1 runs - GPU latency: 4.57812 ms - Host latency: 4.75195 ms (enqueue 3.25 ms)
[10/06/2026-16:16:57] [I] Average on 1 runs - GPU latency: 4.5918 ms - Host latency: 4.73242 ms (enqueue 3.26367 ms)
[10/06/2026-16:16:57] [I] Average on 1 runs - GPU latency: 4.58789 ms - Host latency: 4.74414 ms (enqueue 3.33398 ms)
[10/06/2026-16:16:57] [I] Average on 1 runs - GPU latency: 4.57812 ms - Host latency: 4.73047 ms (enqueue 3.29883 ms)
[10/06/2026-16:16:57] [I] Average on 1 runs - GPU latency: 4.58984 ms - Host latency: 4.75 ms (enqueue 3.28516 ms)
[10/06/2026-16:16:57] [I] Average on 1 runs - GPU latency: 4.57812 ms - Host latency: 4.72852 ms (enqueue 3.30078 ms)
[10/06/2026-16:16:57] [I] Average on 1 runs - GPU latency: 4.58008 ms - Host latency: 4.7207 ms (enqueue 3.34375 ms)
[10/06/2026-16:16:57] [I] Average on 1 runs - GPU latency: 4.5957 ms - Host latency: 4.75391 ms (enqueue 3.26758 ms)
[10/06/2026-16:16:57] [I] Average on 1 runs - GPU latency: 4.56836 ms - Host latency: 4.71875 ms (enqueue 3.29883 ms)
[10/06/2026-16:16:57] [I] Average on 1 runs - GPU latency: 4.56055 ms - Host latency: 4.71289 ms (enqueue 3.29688 ms)
[10/06/2026-16:16:57] [I] Average on 1 runs - GPU latency: 4.58203 ms - Host latency: 4.7168 ms (enqueue 3.29688 ms)
[10/06/2026-16:16:57] [I] Average on 1 runs - GPU latency: 4.58008 ms - Host latency: 4.7168 ms (enqueue 3.31445 ms)
[10/06/2026-16:16:57] [I] Average on 1 runs - GPU latency: 4.58203 ms - Host latency: 4.74609 ms (enqueue 3.36719 ms)
[10/06/2026-16:16:57] [I] Average on 1 runs - GPU latency: 4.57812 ms - Host latency: 4.71094 ms (enqueue 3.31641 ms)
[10/06/2026-16:16:57] [I] Average on 1 runs - GPU latency: 4.59766 ms - Host latency: 4.73633 ms (enqueue 3.26367 ms)
[10/06/2026-16:16:57] [I] Average on 1 runs - GPU latency: 4.58008 ms - Host latency: 4.72266 ms (enqueue 3.28516 ms)
[10/06/2026-16:16:57] [I] Average on 1 runs - GPU latency: 4.5918 ms - Host latency: 4.72656 ms (enqueue 3.34961 ms)
[10/06/2026-16:16:57] [I] Average on 1 runs - GPU latency: 4.58594 ms - Host latency: 4.73633 ms (enqueue 3.32031 ms)
[10/06/2026-16:16:57] [I] Average on 1 runs - GPU latency: 4.5957 ms - Host latency: 4.73633 ms (enqueue 3.29688 ms)
[10/06/2026-16:16:57] [I] Average on 1 runs - GPU latency: 4.58008 ms - Host latency: 4.71875 ms (enqueue 3.32812 ms)
[10/06/2026-16:16:57] [I] Average on 1 runs - GPU latency: 4.58203 ms - Host latency: 4.72852 ms (enqueue 3.30273 ms)
[10/06/2026-16:16:57] [I] Average on 1 runs - GPU latency: 4.59375 ms - Host latency: 4.75195 ms (enqueue 3.27539 ms)
[10/06/2026-16:16:57] [I] Average on 1 runs - GPU latency: 4.5918 ms - Host latency: 4.74023 ms (enqueue 3.31641 ms)
[10/06/2026-16:16:57] [I] Average on 1 runs - GPU latency: 4.58789 ms - Host latency: 4.72656 ms (enqueue 3.32617 ms)
[10/06/2026-16:16:57] [I] Average on 1 runs - GPU latency: 4.58008 ms - Host latency: 4.7207 ms (enqueue 3.3418 ms)
[10/06/2026-16:16:57] [I] Average on 1 runs - GPU latency: 4.58789 ms - Host latency: 4.72266 ms (enqueue 3.35547 ms)
[10/06/2026-16:16:57] [I] Average on 1 runs - GPU latency: 4.5918 ms - Host latency: 4.73828 ms (enqueue 3.29688 ms)
[10/06/2026-16:16:57] [I] Average on 1 runs - GPU latency: 4.53711 ms - Host latency: 4.67188 ms (enqueue 3.28125 ms)
[10/06/2026-16:16:57] [I] 
[10/06/2026-16:16:57] [I] === Performance summary ===
[10/06/2026-16:16:57] [I] Throughput: 217.922 qps
[10/06/2026-16:16:57] [I] Latency: min = 4.6582 ms, max = 4.80518 ms, mean = 4.73028 ms, median = 4.73047 ms, percentile(90%) = 4.75 ms, percentile(95%) = 4.7583 ms, percentile(99%) = 4.77637 ms
[10/06/2026-16:16:57] [I] Enqueue Time: min = 2.55078 ms, max = 4.94629 ms, mean = 3.29686 ms, median = 3.29785 ms, percentile(90%) = 3.34766 ms, percentile(95%) = 3.36426 ms, percentile(99%) = 3.48438 ms
[10/06/2026-16:16:57] [I] H2D Latency: min = 0.0849609 ms, max = 0.208008 ms, mean = 0.13884 ms, median = 0.135254 ms, percentile(90%) = 0.155273 ms, percentile(95%) = 0.163086 ms, percentile(99%) = 0.180664 ms
[10/06/2026-16:16:57] [I] GPU Compute Time: min = 4.53027 ms, max = 4.61133 ms, mean = 4.58466 ms, median = 4.58691 ms, percentile(90%) = 4.59473 ms, percentile(95%) = 4.59619 ms, percentile(99%) = 4.60156 ms
[10/06/2026-16:16:57] [I] D2H Latency: min = 0.00195312 ms, max = 0.0117188 ms, mean = 0.00677789 ms, median = 0.00683594 ms, percentile(90%) = 0.00878906 ms, percentile(95%) = 0.00878906 ms, percentile(99%) = 0.00976562 ms
[10/06/2026-16:16:57] [I] Total Host Walltime: 15.0146 s
[10/06/2026-16:16:57] [I] Total GPU Compute Time: 15.001 s
[10/06/2026-16:16:57] [I] Explanations of the performance metrics are printed in the verbose logs.
[10/06/2026-16:16:57] [I] 
&&&& PASSED TensorRT.trtexec [TensorRT v100300] # /usr/src/tensorrt/bin/trtexec --loadEngine=/tmp/yolo26n_84172_uint8_fp16_opt3.engine --warmUp=3000 --duration=15 --idleTime=0 --avgRuns=1
