&&&& RUNNING TensorRT.trtexec [TensorRT v100300] # /usr/src/tensorrt/bin/trtexec --loadEngine=/tmp/yolo26n_84172_uint8_fp16_opt3.engine --warmUp=3000 --duration=15 --idleTime=0 --avgRuns=1
[10/06/2026-16:17:45] [I] === Model Options ===
[10/06/2026-16:17:45] [I] Format: *
[10/06/2026-16:17:45] [I] Model: 
[10/06/2026-16:17:45] [I] Output:
[10/06/2026-16:17:45] [I] 
[10/06/2026-16:17:45] [I] === System Options ===
[10/06/2026-16:17:45] [I] Device: 0
[10/06/2026-16:17:45] [I] DLACore: 
[10/06/2026-16:17:45] [I] Plugins:
[10/06/2026-16:17:45] [I] setPluginsToSerialize:
[10/06/2026-16:17:45] [I] dynamicPlugins:
[10/06/2026-16:17:45] [I] ignoreParsedPluginLibs: 0
[10/06/2026-16:17:45] [I] 
[10/06/2026-16:17:45] [I] === Inference Options ===
[10/06/2026-16:17:45] [I] Batch: Explicit
[10/06/2026-16:17:45] [I] Input inference shapes: model
[10/06/2026-16:17:45] [I] Iterations: 10
[10/06/2026-16:17:45] [I] Duration: 15s (+ 3000ms warm up)
[10/06/2026-16:17:45] [I] Sleep time: 0ms
[10/06/2026-16:17:45] [I] Idle time: 0ms
[10/06/2026-16:17:45] [I] Inference Streams: 1
[10/06/2026-16:17:45] [I] ExposeDMA: Disabled
[10/06/2026-16:17:45] [I] Data transfers: Enabled
[10/06/2026-16:17:45] [I] Spin-wait: Disabled
[10/06/2026-16:17:45] [I] Multithreading: Disabled
[10/06/2026-16:17:45] [I] CUDA Graph: Disabled
[10/06/2026-16:17:45] [I] Separate profiling: Disabled
[10/06/2026-16:17:45] [I] Time Deserialize: Disabled
[10/06/2026-16:17:45] [I] Time Refit: Disabled
[10/06/2026-16:17:45] [I] NVTX verbosity: 0
[10/06/2026-16:17:45] [I] Persistent Cache Ratio: 0
[10/06/2026-16:17:45] [I] Optimization Profile Index: 0
[10/06/2026-16:17:45] [I] Weight Streaming Budget: 100.000000%
[10/06/2026-16:17:45] [I] Inputs:
[10/06/2026-16:17:45] [I] Debug Tensor Save Destinations:
[10/06/2026-16:17:45] [I] === Reporting Options ===
[10/06/2026-16:17:45] [I] Verbose: Disabled
[10/06/2026-16:17:45] [I] Averages: 1 inferences
[10/06/2026-16:17:45] [I] Percentiles: 90,95,99
[10/06/2026-16:17:45] [I] Dump refittable layers:Disabled
[10/06/2026-16:17:45] [I] Dump output: Disabled
[10/06/2026-16:17:45] [I] Profile: Disabled
[10/06/2026-16:17:45] [I] Export timing to JSON file: 
[10/06/2026-16:17:45] [I] Export output to JSON file: 
[10/06/2026-16:17:45] [I] Export profile to JSON file: 
[10/06/2026-16:17:45] [I] 
[10/06/2026-16:17:45] [I] === Device Information ===
[10/06/2026-16:17:45] [I] Available Devices: 
[10/06/2026-16:17:45] [I]   Device 0: "Orin" UUID: GPU-6e16c2c1-e394-5324-8f2e-63a975968f4e
[10/06/2026-16:17:45] [I] Selected Device: Orin
[10/06/2026-16:17:45] [I] Selected Device ID: 0
[10/06/2026-16:17:45] [I] Selected Device UUID: GPU-6e16c2c1-e394-5324-8f2e-63a975968f4e
[10/06/2026-16:17:45] [I] Compute Capability: 8.7
[10/06/2026-16:17:45] [I] SMs: 8
[10/06/2026-16:17:45] [I] Device Global Memory: 7607 MiB
[10/06/2026-16:17:45] [I] Shared Memory per SM: 164 KiB
[10/06/2026-16:17:45] [I] Memory Bus Width: 128 bits (ECC disabled)
[10/06/2026-16:17:45] [I] Application Compute Clock Rate: 1.02 GHz
[10/06/2026-16:17:45] [I] Application Memory Clock Rate: 1.02 GHz
[10/06/2026-16:17:45] [I] 
[10/06/2026-16:17:45] [I] Note: The application clock rates do not reflect the actual clock rates that the GPU is currently running at.
[10/06/2026-16:17:45] [I] 
[10/06/2026-16:17:45] [I] TensorRT version: 10.3.0
[10/06/2026-16:17:45] [I] Loading standard plugins
[10/06/2026-16:17:45] [I] [TRT] Loaded engine size: 7 MiB
[10/06/2026-16:17:45] [I] Engine deserialized in 0.0707204 sec.
[10/06/2026-16:17:45] [I] [TRT] [MemUsageChange] TensorRT-managed allocation in IExecutionContext creation: CPU +0, GPU +12, now: CPU 0, GPU 16 (MiB)
[10/06/2026-16:17:45] [I] Setting persistentCacheLimit to 0 bytes.
[10/06/2026-16:17:45] [I] Created execution context with device memory size: 12.207 MiB
[10/06/2026-16:17:45] [I] Using random values for input images
[10/06/2026-16:17:45] [I] Input binding for images with dimensions 1x640x640x3 is created.
[10/06/2026-16:17:45] [I] Output binding for output0 with dimensions 1x300x6 is created.
[10/06/2026-16:17:45] [I] Starting inference
[10/06/2026-16:18:03] [I] Warmup completed 678 queries over 3000 ms
[10/06/2026-16:18:03] [I] Timing trace has 3531 queries over 15.0107 s
[10/06/2026-16:18:03] [I] 
[10/06/2026-16:18:03] [I] === Trace details ===
[10/06/2026-16:18:03] [I] Trace averages of 1 runs:
[10/06/2026-16:18:03] [I] Average on 1 runs - GPU latency: 4.24658 ms - Host latency: 4.38379 ms (enqueue 2.96704 ms)
[10/06/2026-16:18:03] [I] Average on 1 runs - GPU latency: 4.24683 ms - Host latency: 4.38525 ms (enqueue 2.88892 ms)
[10/06/2026-16:18:03] [I] Average on 1 runs - GPU latency: 4.24536 ms - Host latency: 4.39722 ms (enqueue 3.04004 ms)
[10/06/2026-16:18:03] [I] Average on 1 runs - GPU latency: 4.24634 ms - Host latency: 4.39062 ms (enqueue 3.05444 ms)
[10/06/2026-16:18:03] [I] Average on 1 runs - GPU latency: 4.24146 ms - Host latency: 4.38037 ms (enqueue 2.89478 ms)
[10/06/2026-16:18:03] [I] Average on 1 runs - GPU latency: 4.24585 ms - Host latency: 4.37451 ms (enqueue 3.05347 ms)
[10/06/2026-16:18:03] [I] Average on 1 runs - GPU latency: 4.23926 ms - Host latency: 4.39429 ms (enqueue 2.84424 ms)
[10/06/2026-16:18:03] [I] Average on 1 runs - GPU latency: 4.24023 ms - Host latency: 4.375 ms (enqueue 2.96899 ms)
[10/06/2026-16:18:03] [I] Average on 1 runs - GPU latency: 4.24756 ms - Host latency: 4.3811 ms (enqueue 2.84082 ms)
[10/06/2026-16:18:03] [I] Average on 1 runs - GPU latency: 4.23926 ms - Host latency: 4.37939 ms (enqueue 2.94458 ms)
[10/06/2026-16:18:03] [I] Average on 1 runs - GPU latency: 4.24072 ms - Host latency: 4.38574 ms (enqueue 2.84204 ms)
[10/06/2026-16:18:03] [I] Average on 1 runs - GPU latency: 4.2439 ms - Host latency: 4.37598 ms (enqueue 2.89502 ms)
[10/06/2026-16:18:03] [I] Average on 1 runs - GPU latency: 4.25049 ms - Host latency: 4.39087 ms (enqueue 2.88232 ms)
[10/06/2026-16:18:03] [I] Average on 1 runs - GPU latency: 4.24365 ms - Host latency: 4.38379 ms (enqueue 2.80249 ms)
[10/06/2026-16:18:03] [I] Average on 1 runs - GPU latency: 4.2561 ms - Host latency: 4.38232 ms (enqueue 3.09155 ms)
[10/06/2026-16:18:03] [I] Average on 1 runs - GPU latency: 4.24756 ms - Host latency: 4.39453 ms (enqueue 3.073 ms)
[10/06/2026-16:18:03] [I] Average on 1 runs - GPU latency: 4.24365 ms - Host latency: 4.38574 ms (enqueue 3.0957 ms)
[10/06/2026-16:18:03] [I] Average on 1 runs - GPU latency: 4.24414 ms - Host latency: 4.39404 ms (enqueue 3.10278 ms)
[10/06/2026-16:18:03] [I] Average on 1 runs - GPU latency: 4.24048 ms - Host latency: 4.37744 ms (enqueue 3.06738 ms)
[10/06/2026-16:18:03] [I] Average on 1 runs - GPU latency: 4.2395 ms - Host latency: 4.40356 ms (enqueue 2.97095 ms)
[10/06/2026-16:18:03] [I] Average on 1 runs - GPU latency: 4.23926 ms - Host latency: 4.41113 ms (enqueue 3.06958 ms)
[10/06/2026-16:18:03] [I] Average on 1 runs - GPU latency: 4.24365 ms - Host latency: 4.40454 ms (enqueue 3.08813 ms)
[10/06/2026-16:18:03] [I] Average on 1 runs - GPU latency: 4.23706 ms - Host latency: 4.40503 ms (enqueue 3.03589 ms)
[10/06/2026-16:18:03] [I] Average on 1 runs - GPU latency: 4.2395 ms - Host latency: 4.41772 ms (enqueue 3.02002 ms)
[10/06/2026-16:18:03] [I] Average on 1 runs - GPU latency: 4.24316 ms - Host latency: 4.38477 ms (enqueue 2.99609 ms)
[10/06/2026-16:18:03] [I] Average on 1 runs - GPU latency: 4.24683 ms - Host latency: 4.39062 ms (enqueue 2.44067 ms)
[10/06/2026-16:18:03] [I] Average on 1 runs - GPU latency: 4.24341 ms - Host latency: 4.37036 ms (enqueue 3.09131 ms)
[10/06/2026-16:18:03] [I] Average on 1 runs - GPU latency: 4.26172 ms - Host latency: 4.396 ms (enqueue 2.92188 ms)
[10/06/2026-16:18:03] [I] Average on 1 runs - GPU latency: 4.24023 ms - Host latency: 4.38403 ms (enqueue 2.93579 ms)
[10/06/2026-16:18:03] [I] Average on 1 runs - GPU latency: 4.24121 ms - Host latency: 4.40015 ms (enqueue 2.94043 ms)
[10/06/2026-16:18:03] [I] Average on 1 runs - GPU latency: 4.23877 ms - Host latency: 4.36938 ms (enqueue 2.91772 ms)
[10/06/2026-16:18:03] [I] Average on 1 runs - GPU latency: 4.24854 ms - Host latency: 4.40552 ms (enqueue 2.91089 ms)
[10/06/2026-16:18:03] [I] Average on 1 runs - GPU latency: 4.2395 ms - Host latency: 4.37378 ms (enqueue 2.88306 ms)
[10/06/2026-16:18:03] [I] Average on 1 runs - GPU latency: 4.24756 ms - Host latency: 4.3833 ms (enqueue 2.90454 ms)
[10/06/2026-16:18:03] [I] Average on 1 runs - GPU latency: 4.25122 ms - Host latency: 4.38696 ms (enqueue 2.89111 ms)
[10/06/2026-16:18:03] [I] Average on 1 runs - GPU latency: 4.24414 ms - Host latency: 4.3772 ms (enqueue 2.88159 ms)
[10/06/2026-16:18:03] [I] Average on 1 runs - GPU latency: 4.24512 ms - Host latency: 4.38159 ms (enqueue 2.9502 ms)
[10/06/2026-16:18:03] [I] Average on 1 runs - GPU latency: 4.24487 ms - Host latency: 4.38281 ms (enqueue 2.19507 ms)
[10/06/2026-16:18:03] [I] Average on 1 runs - GPU latency: 4.25269 ms - Host latency: 4.39893 ms (enqueue 2.85156 ms)
[10/06/2026-16:18:03] [I] Average on 1 runs - GPU latency: 4.25659 ms - Host latency: 4.39673 ms (enqueue 2.98364 ms)
[10/06/2026-16:18:03] [I] Average on 1 runs - GPU latency: 4.24805 ms - Host latency: 4.39087 ms (enqueue 2.8772 ms)
[10/06/2026-16:18:03] [I] Average on 1 runs - GPU latency: 4.24365 ms - Host latency: 4.37793 ms (enqueue 3.02539 ms)
[10/06/2026-16:18:03] [I] Average on 1 runs - GPU latency: 4.24194 ms - Host latency: 4.37671 ms (enqueue 2.85596 ms)
[10/06/2026-16:18:03] [I] Average on 1 runs - GPU latency: 4.24292 ms - Host latency: 4.37744 ms (enqueue 2.89526 ms)
[10/06/2026-16:18:03] [I] Average on 1 runs - GPU latency: 4.23804 ms - Host latency: 4.37402 ms (enqueue 2.88989 ms)
[10/06/2026-16:18:03] [I] Average on 1 runs - GPU latency: 4.23608 ms - Host latency: 4.39404 ms (enqueue 3.03247 ms)
[10/06/2026-16:18:03] [I] Average on 1 runs - GPU latency: 4.2522 ms - Host latency: 4.39111 ms (enqueue 2.89087 ms)
[10/06/2026-16:18:03] [I] Average on 1 runs - GPU latency: 4.24316 ms - Host latency: 4.38501 ms (enqueue 3.03345 ms)
[10/06/2026-16:18:03] [I] Average on 1 runs - GPU latency: 4.24634 ms - Host latency: 4.39087 ms (enqueue 2.89404 ms)
[10/06/2026-16:18:03] [I] Average on 1 runs - GPU latency: 4.24316 ms - Host latency: 4.39673 ms (enqueue 2.99023 ms)
[10/06/2026-16:18:03] [I] Average on 1 runs - GPU latency: 4.24878 ms - Host latency: 4.38379 ms (enqueue 2.90918 ms)
[10/06/2026-16:18:03] [I] Average on 1 runs - GPU latency: 4.24805 ms - Host latency: 4.39087 ms (enqueue 3.10352 ms)
[10/06/2026-16:18:03] [I] Average on 1 runs - GPU latency: 4.25024 ms - Host latency: 4.39136 ms (enqueue 2.86694 ms)
[10/06/2026-16:18:03] [I] Average on 1 runs - GPU latency: 4.24072 ms - Host latency: 4.38306 ms (enqueue 3.07715 ms)
[10/06/2026-16:18:03] [I] Average on 1 runs - GPU latency: 4.25073 ms - Host latency: 4.41846 ms (enqueue 2.84546 ms)
[10/06/2026-16:18:03] [I] Average on 1 runs - GPU latency: 4.24756 ms - Host latency: 4.38403 ms (enqueue 2.92676 ms)
[10/06/2026-16:18:03] [I] Average on 1 runs - GPU latency: 4.24951 ms - Host latency: 4.38867 ms (enqueue 3.02075 ms)
[10/06/2026-16:18:03] [I] Average on 1 runs - GPU latency: 4.24683 ms - Host latency: 4.39014 ms (enqueue 2.84473 ms)
[10/06/2026-16:18:03] [I] Average on 1 runs - GPU latency: 4.24561 ms - Host latency: 4.38159 ms (enqueue 2.94556 ms)
[10/06/2026-16:18:03] [I] Average on 1 runs - GPU latency: 4.25195 ms - Host latency: 4.38623 ms (enqueue 2.93164 ms)
[10/06/2026-16:18:03] [I] Average on 1 runs - GPU latency: 4.26709 ms - Host latency: 4.40674 ms (enqueue 2.87744 ms)
[10/06/2026-16:18:03] [I] Average on 1 runs - GPU latency: 4.25903 ms - Host latency: 4.40918 ms (enqueue 2.11499 ms)
[10/06/2026-16:18:03] [I] Average on 1 runs - GPU latency: 4.24927 ms - Host latency: 4.4314 ms (enqueue 3.19751 ms)
[10/06/2026-16:18:03] [I] Average on 1 runs - GPU latency: 4.25366 ms - Host latency: 4.41724 ms (enqueue 2.89136 ms)
[10/06/2026-16:18:03] [I] Average on 1 runs - GPU latency: 4.24292 ms - Host latency: 4.4104 ms (enqueue 3.17432 ms)
[10/06/2026-16:18:03] [I] Average on 1 runs - GPU latency: 4.25415 ms - Host latency: 4.39697 ms (enqueue 2.2124 ms)
[10/06/2026-16:18:03] [I] Average on 1 runs - GPU latency: 4.25195 ms - Host latency: 4.39258 ms (enqueue 2.17432 ms)
[10/06/2026-16:18:03] [I] Average on 1 runs - GPU latency: 4.2605 ms - Host latency: 4.40063 ms (enqueue 3.88232 ms)
[10/06/2026-16:18:03] [I] Average on 1 runs - GPU latency: 4.24805 ms - Host latency: 4.39062 ms (enqueue 2.77197 ms)
[10/06/2026-16:18:03] [I] Average on 1 runs - GPU latency: 4.26367 ms - Host latency: 4.39941 ms (enqueue 2.72461 ms)
[10/06/2026-16:18:03] [I] Average on 1 runs - GPU latency: 4.25488 ms - Host latency: 4.39819 ms (enqueue 2.8252 ms)
[10/06/2026-16:18:03] [I] Average on 1 runs - GPU latency: 4.25317 ms - Host latency: 4.39185 ms (enqueue 2.677 ms)
[10/06/2026-16:18:03] [I] Average on 1 runs - GPU latency: 4.24414 ms - Host latency: 4.39941 ms (enqueue 2.82886 ms)
[10/06/2026-16:18:03] [I] Average on 1 runs - GPU latency: 4.23853 ms - Host latency: 4.38037 ms (enqueue 2.72681 ms)
[10/06/2026-16:18:03] [I] Average on 1 runs - GPU latency: 4.2439 ms - Host latency: 4.40088 ms (enqueue 2.82983 ms)
[10/06/2026-16:18:03] [I] Average on 1 runs - GPU latency: 4.24829 ms - Host latency: 4.38672 ms (enqueue 2.70654 ms)
[10/06/2026-16:18:03] [I] Average on 1 runs - GPU latency: 4.24683 ms - Host latency: 4.38623 ms (enqueue 2.87598 ms)
[10/06/2026-16:18:03] [I] Average on 1 runs - GPU latency: 4.25049 ms - Host latency: 4.38696 ms (enqueue 2.85181 ms)
[10/06/2026-16:18:03] [I] Average on 1 runs - GPU latency: 4.2478 ms - Host latency: 4.38647 ms (enqueue 2.90991 ms)
[10/06/2026-16:18:03] [I] Average on 1 runs - GPU latency: 4.24121 ms - Host latency: 4.38281 ms (enqueue 2.86914 ms)
[10/06/2026-16:18:03] [I] Average on 1 runs - GPU latency: 4.24512 ms - Host latency: 4.38501 ms (enqueue 2.89575 ms)
[10/06/2026-16:18:03] [I] Average on 1 runs - GPU latency: 4.2417 ms - Host latency: 4.37671 ms (enqueue 2.87231 ms)
[10/06/2026-16:18:03] [I] Average on 1 runs - GPU latency: 4.24609 ms - Host latency: 4.38867 ms (enqueue 2.8894 ms)
[10/06/2026-16:18:03] [I] Average on 1 runs - GPU latency: 4.25244 ms - Host latency: 4.39209 ms (enqueue 2.88818 ms)
[10/06/2026-16:18:03] [I] Average on 1 runs - GPU latency: 4.24829 ms - Host latency: 4.39185 ms (enqueue 2.91138 ms)
[10/06/2026-16:18:03] [I] Average on 1 runs - GPU latency: 4.2439 ms - Host latency: 4.37451 ms (enqueue 2.90698 ms)
[10/06/2026-16:18:03] [I] Average on 1 runs - GPU latency: 4.24902 ms - Host latency: 4.39062 ms (enqueue 3.02002 ms)
[10/06/2026-16:18:03] [I] Average on 1 runs - GPU latency: 4.26025 ms - Host latency: 4.40381 ms (enqueue 2.81226 ms)
[10/06/2026-16:18:03] [I] Average on 1 runs - GPU latency: 4.25024 ms - Host latency: 4.39575 ms (enqueue 3.03418 ms)
[10/06/2026-16:18:03] [I] Average on 1 runs - GPU latency: 4.24292 ms - Host latency: 4.38208 ms (enqueue 2.82837 ms)
[10/06/2026-16:18:03] [I] Average on 1 runs - GPU latency: 4.24414 ms - Host latency: 4.38354 ms (enqueue 3.0249 ms)
[10/06/2026-16:18:03] [I] Average on 1 runs - GPU latency: 4.24683 ms - Host latency: 4.38916 ms (enqueue 2.86572 ms)
[10/06/2026-16:18:03] [I] Average on 1 runs - GPU latency: 4.2395 ms - Host latency: 4.37744 ms (enqueue 2.89233 ms)
[10/06/2026-16:18:03] [I] Average on 1 runs - GPU latency: 4.24976 ms - Host latency: 4.39453 ms (enqueue 3.0105 ms)
[10/06/2026-16:18:03] [I] Average on 1 runs - GPU latency: 4.24829 ms - Host latency: 4.3877 ms (enqueue 2.86646 ms)
[10/06/2026-16:18:03] [I] Average on 1 runs - GPU latency: 4.24609 ms - Host latency: 4.38477 ms (enqueue 2.98511 ms)
[10/06/2026-16:18:03] [I] Average on 1 runs - GPU latency: 4.24048 ms - Host latency: 4.3833 ms (enqueue 3.10327 ms)
[10/06/2026-16:18:03] [I] Average on 1 runs - GPU latency: 4.24097 ms - Host latency: 4.39038 ms (enqueue 2.8811 ms)
[10/06/2026-16:18:03] [I] Average on 1 runs - GPU latency: 4.24805 ms - Host latency: 4.39136 ms (enqueue 2.93262 ms)
[10/06/2026-16:18:03] [I] Average on 1 runs - GPU latency: 4.24683 ms - Host latency: 4.39062 ms (enqueue 3.07959 ms)
[10/06/2026-16:18:03] [I] Average on 1 runs - GPU latency: 4.23389 ms - Host latency: 4.37964 ms (enqueue 2.88403 ms)
[10/06/2026-16:18:03] [I] Average on 1 runs - GPU latency: 4.24097 ms - Host latency: 4.40527 ms (enqueue 3.09985 ms)
[10/06/2026-16:18:03] [I] Average on 1 runs - GPU latency: 4.24072 ms - Host latency: 4.37573 ms (enqueue 3.01172 ms)
[10/06/2026-16:18:03] [I] Average on 1 runs - GPU latency: 4.23926 ms - Host latency: 4.3938 ms (enqueue 3.01172 ms)
[10/06/2026-16:18:03] [I] Average on 1 runs - GPU latency: 4.24951 ms - Host latency: 4.3999 ms (enqueue 3.00391 ms)
[10/06/2026-16:18:03] [I] Average on 1 runs - GPU latency: 4.24512 ms - Host latency: 4.41064 ms (enqueue 3 ms)
[10/06/2026-16:18:03] [I] Average on 1 runs - GPU latency: 4.24194 ms - Host latency: 4.39062 ms (enqueue 3.06152 ms)
[10/06/2026-16:18:03] [I] Average on 1 runs - GPU latency: 4.24316 ms - Host latency: 4.38135 ms (enqueue 3.08398 ms)
[10/06/2026-16:18:03] [I] Average on 1 runs - GPU latency: 4.23877 ms - Host latency: 4.37231 ms (enqueue 3.03613 ms)
[10/06/2026-16:18:03] [I] Average on 1 runs - GPU latency: 4.2373 ms - Host latency: 4.39771 ms (enqueue 3.07495 ms)
[10/06/2026-16:18:03] [I] Average on 1 runs - GPU latency: 4.25024 ms - Host latency: 4.4043 ms (enqueue 2.95435 ms)
[10/06/2026-16:18:03] [I] Average on 1 runs - GPU latency: 4.24658 ms - Host latency: 4.39331 ms (enqueue 3.08545 ms)
[10/06/2026-16:18:03] [I] Average on 1 runs - GPU latency: 4.24365 ms - Host latency: 4.39795 ms (enqueue 3.09814 ms)
[10/06/2026-16:18:03] [I] Average on 1 runs - GPU latency: 4.24219 ms - Host latency: 4.37866 ms (enqueue 3.09448 ms)
[10/06/2026-16:18:03] [I] Average on 1 runs - GPU latency: 4.24951 ms - Host latency: 4.39111 ms (enqueue 3.07788 ms)
[10/06/2026-16:18:03] [I] Average on 1 runs - GPU latency: 4.24609 ms - Host latency: 4.38843 ms (enqueue 3.052 ms)
[10/06/2026-16:18:03] [I] Average on 1 runs - GPU latency: 4.24243 ms - Host latency: 4.38623 ms (enqueue 3.04541 ms)
[10/06/2026-16:18:03] [I] Average on 1 runs - GPU latency: 4.23584 ms - Host latency: 4.37695 ms (enqueue 3.09546 ms)
[10/06/2026-16:18:03] [I] Average on 1 runs - GPU latency: 4.24731 ms - Host latency: 4.4043 ms (enqueue 2.99976 ms)
[10/06/2026-16:18:03] [I] Average on 1 runs - GPU latency: 4.25 ms - Host latency: 4.38843 ms (enqueue 3.03027 ms)
[10/06/2026-16:18:03] [I] Average on 1 runs - GPU latency: 4.24023 ms - Host latency: 4.38403 ms (enqueue 3.07422 ms)
[10/06/2026-16:18:03] [I] Average on 1 runs - GPU latency: 4.25195 ms - Host latency: 4.39209 ms (enqueue 3.03931 ms)
[10/06/2026-16:18:03] [I] Average on 1 runs - GPU latency: 4.24048 ms - Host latency: 4.37842 ms (enqueue 3.11035 ms)
[10/06/2026-16:18:03] [I] Average on 1 runs - GPU latency: 4.23901 ms - Host latency: 4.40259 ms (enqueue 3.07593 ms)
[10/06/2026-16:18:03] [I] Average on 1 runs - GPU latency: 4.24268 ms - Host latency: 4.37427 ms (enqueue 3.12158 ms)
[10/06/2026-16:18:03] [I] Average on 1 runs - GPU latency: 4.24609 ms - Host latency: 4.38379 ms (enqueue 3.04492 ms)
[10/06/2026-16:18:03] [I] Average on 1 runs - GPU latency: 4.24561 ms - Host latency: 4.38159 ms (enqueue 3.06592 ms)
[10/06/2026-16:18:03] [I] Average on 1 runs - GPU latency: 4.24951 ms - Host latency: 4.39478 ms (enqueue 3.06079 ms)
[10/06/2026-16:18:03] [I] Average on 1 runs - GPU latency: 4.24829 ms - Host latency: 4.38452 ms (enqueue 3.06519 ms)
[10/06/2026-16:18:03] [I] Average on 1 runs - GPU latency: 4.24951 ms - Host latency: 4.39185 ms (enqueue 3.09814 ms)
[10/06/2026-16:18:03] [I] Average on 1 runs - GPU latency: 4.25244 ms - Host latency: 4.38892 ms (enqueue 3.06689 ms)
[10/06/2026-16:18:03] [I] Average on 1 runs - GPU latency: 4.24878 ms - Host latency: 4.38696 ms (enqueue 3.08301 ms)
[10/06/2026-16:18:03] [I] Average on 1 runs - GPU latency: 4.24976 ms - Host latency: 4.39087 ms (enqueue 3.07104 ms)
[10/06/2026-16:18:03] [I] Average on 1 runs - GPU latency: 4.23901 ms - Host latency: 4.37988 ms (enqueue 3.04932 ms)
[10/06/2026-16:18:03] [I] Average on 1 runs - GPU latency: 4.25464 ms - Host latency: 4.43506 ms (enqueue 3.01172 ms)
[10/06/2026-16:18:03] [I] Average on 1 runs - GPU latency: 4.24512 ms - Host latency: 4.39185 ms (enqueue 2.98706 ms)
[10/06/2026-16:18:03] [I] Average on 1 runs - GPU latency: 4.25 ms - Host latency: 4.42432 ms (enqueue 3.01147 ms)
[10/06/2026-16:18:03] [I] Average on 1 runs - GPU latency: 4.24805 ms - Host latency: 4.3894 ms (enqueue 3.00122 ms)
[10/06/2026-16:18:03] [I] Average on 1 runs - GPU latency: 4.2395 ms - Host latency: 4.39771 ms (enqueue 4.10156 ms)
[10/06/2026-16:18:03] [I] Average on 1 runs - GPU latency: 4.23096 ms - Host latency: 4.38574 ms (enqueue 3.04443 ms)
[10/06/2026-16:18:03] [I] Average on 1 runs - GPU latency: 4.24048 ms - Host latency: 4.40552 ms (enqueue 2.88916 ms)
[10/06/2026-16:18:03] [I] Average on 1 runs - GPU latency: 4.24097 ms - Host latency: 4.41113 ms (enqueue 3.18091 ms)
[10/06/2026-16:18:03] [I] Average on 1 runs - GPU latency: 4.23706 ms - Host latency: 4.37427 ms (enqueue 3.08252 ms)
[10/06/2026-16:18:03] [I] Average on 1 runs - GPU latency: 4.2373 ms - Host latency: 4.3894 ms (enqueue 3.20654 ms)
[10/06/2026-16:18:03] [I] Average on 1 runs - GPU latency: 4.24072 ms - Host latency: 4.41919 ms (enqueue 3.20312 ms)
[10/06/2026-16:18:03] [I] Average on 1 runs - GPU latency: 4.24707 ms - Host latency: 4.38892 ms (enqueue 3.07666 ms)
[10/06/2026-16:18:03] [I] Average on 1 runs - GPU latency: 4.24341 ms - Host latency: 4.38037 ms (enqueue 3.06616 ms)
[10/06/2026-16:18:03] [I] Average on 1 runs - GPU latency: 4.25879 ms - Host latency: 4.39771 ms (enqueue 3.0835 ms)
[10/06/2026-16:18:03] [I] Average on 1 runs - GPU latency: 4.24487 ms - Host latency: 4.38135 ms (enqueue 3.07275 ms)
[10/06/2026-16:18:03] [I] Average on 1 runs - GPU latency: 4.24829 ms - Host latency: 4.41357 ms (enqueue 3.16211 ms)
[10/06/2026-16:18:03] [I] Average on 1 runs - GPU latency: 4.25635 ms - Host latency: 4.39233 ms (enqueue 3.09668 ms)
[10/06/2026-16:18:03] [I] Average on 1 runs - GPU latency: 4.24609 ms - Host latency: 4.3772 ms (enqueue 3.03223 ms)
[10/06/2026-16:18:03] [I] Average on 1 runs - GPU latency: 4.24365 ms - Host latency: 4.40601 ms (enqueue 3.01294 ms)
[10/06/2026-16:18:03] [I] Average on 1 runs - GPU latency: 4.23926 ms - Host latency: 4.37158 ms (enqueue 3.01318 ms)
[10/06/2026-16:18:03] [I] Average on 1 runs - GPU latency: 4.24097 ms - Host latency: 4.3772 ms (enqueue 3.01587 ms)
[10/06/2026-16:18:03] [I] Average on 1 runs - GPU latency: 4.24854 ms - Host latency: 4.38599 ms (enqueue 3.26636 ms)
[10/06/2026-16:18:03] [I] Average on 1 runs - GPU latency: 4.25269 ms - Host latency: 4.39722 ms (enqueue 3.0979 ms)
[10/06/2026-16:18:03] [I] Average on 1 runs - GPU latency: 4.24146 ms - Host latency: 4.38306 ms (enqueue 3.04346 ms)
[10/06/2026-16:18:03] [I] Average on 1 runs - GPU latency: 4.24268 ms - Host latency: 4.38525 ms (enqueue 3.09497 ms)
[10/06/2026-16:18:03] [I] Average on 1 runs - GPU latency: 4.24146 ms - Host latency: 4.38452 ms (enqueue 3.05859 ms)
[10/06/2026-16:18:03] [I] Average on 1 runs - GPU latency: 4.24731 ms - Host latency: 4.38721 ms (enqueue 3.09937 ms)
[10/06/2026-16:18:03] [I] Average on 1 runs - GPU latency: 4.24463 ms - Host latency: 4.41797 ms (enqueue 3.16846 ms)
[10/06/2026-16:18:03] [I] Average on 1 runs - GPU latency: 4.24243 ms - Host latency: 4.37915 ms (enqueue 3.14526 ms)
[10/06/2026-16:18:03] [I] Average on 1 runs - GPU latency: 4.24268 ms - Host latency: 4.39746 ms (enqueue 3.07202 ms)
[10/06/2026-16:18:03] [I] Average on 1 runs - GPU latency: 4.2439 ms - Host latency: 4.3894 ms (enqueue 3.06885 ms)
[10/06/2026-16:18:03] [I] Average on 1 runs - GPU latency: 4.24683 ms - Host latency: 4.38672 ms (enqueue 3.03345 ms)
[10/06/2026-16:18:03] [I] Average on 1 runs - GPU latency: 4.25122 ms - Host latency: 4.3894 ms (enqueue 3.15039 ms)
[10/06/2026-16:18:03] [I] Average on 1 runs - GPU latency: 4.24585 ms - Host latency: 4.43042 ms (enqueue 3.08496 ms)
[10/06/2026-16:18:03] [I] Average on 1 runs - GPU latency: 4.24463 ms - Host latency: 4.38428 ms (enqueue 3.02368 ms)
[10/06/2026-16:18:03] [I] Average on 1 runs - GPU latency: 4.25195 ms - Host latency: 4.39648 ms (enqueue 3.02344 ms)
[10/06/2026-16:18:03] [I] Average on 1 runs - GPU latency: 4.24854 ms - Host latency: 4.38794 ms (enqueue 3.02173 ms)
[10/06/2026-16:18:03] [I] Average on 1 runs - GPU latency: 4.25391 ms - Host latency: 4.39062 ms (enqueue 3.09424 ms)
[10/06/2026-16:18:03] [I] Average on 1 runs - GPU latency: 4.24878 ms - Host latency: 4.38916 ms (enqueue 3.13647 ms)
[10/06/2026-16:18:03] [I] Average on 1 runs - GPU latency: 4.23657 ms - Host latency: 4.37793 ms (enqueue 3.03418 ms)
[10/06/2026-16:18:03] [I] Average on 1 runs - GPU latency: 4.23511 ms - Host latency: 4.40259 ms (enqueue 3.08838 ms)
[10/06/2026-16:18:03] [I] Average on 1 runs - GPU latency: 4.24512 ms - Host latency: 4.39087 ms (enqueue 3.09521 ms)
[10/06/2026-16:18:03] [I] Average on 1 runs - GPU latency: 4.24146 ms - Host latency: 4.38037 ms (enqueue 3.05859 ms)
[10/06/2026-16:18:03] [I] Average on 1 runs - GPU latency: 4.2439 ms - Host latency: 4.38867 ms (enqueue 3.04639 ms)
[10/06/2026-16:18:03] [I] Average on 1 runs - GPU latency: 4.24219 ms - Host latency: 4.38135 ms (enqueue 3.18018 ms)
[10/06/2026-16:18:03] [I] Average on 1 runs - GPU latency: 4.24194 ms - Host latency: 4.38281 ms (enqueue 3.16064 ms)
[10/06/2026-16:18:03] [I] Average on 1 runs - GPU latency: 4.2478 ms - Host latency: 4.3938 ms (enqueue 3.06763 ms)
[10/06/2026-16:18:03] [I] Average on 1 runs - GPU latency: 4.24414 ms - Host latency: 4.40259 ms (enqueue 3.0708 ms)
[10/06/2026-16:18:03] [I] Average on 1 runs - GPU latency: 4.24805 ms - Host latency: 4.38794 ms (enqueue 3.07861 ms)
[10/06/2026-16:18:03] [I] Average on 1 runs - GPU latency: 4.24902 ms - Host latency: 4.38867 ms (enqueue 3.02148 ms)
[10/06/2026-16:18:03] [I] Average on 1 runs - GPU latency: 4.24487 ms - Host latency: 4.41626 ms (enqueue 3.05518 ms)
[10/06/2026-16:18:03] [I] Average on 1 runs - GPU latency: 4.25049 ms - Host latency: 4.39062 ms (enqueue 3.0144 ms)
[10/06/2026-16:18:03] [I] Average on 1 runs - GPU latency: 4.25439 ms - Host latency: 4.3894 ms (enqueue 3.01245 ms)
[10/06/2026-16:18:03] [I] Average on 1 runs - GPU latency: 4.24463 ms - Host latency: 4.39111 ms (enqueue 3.08423 ms)
[10/06/2026-16:18:03] [I] Average on 1 runs - GPU latency: 4.24683 ms - Host latency: 4.39868 ms (enqueue 3.07251 ms)
[10/06/2026-16:18:03] [I] Average on 1 runs - GPU latency: 4.25977 ms - Host latency: 4.43262 ms (enqueue 3.19482 ms)
[10/06/2026-16:18:03] [I] Average on 1 runs - GPU latency: 4.24414 ms - Host latency: 4.38354 ms (enqueue 3.14771 ms)
[10/06/2026-16:18:03] [I] Average on 1 runs - GPU latency: 4.25952 ms - Host latency: 4.39868 ms (enqueue 3.08179 ms)
[10/06/2026-16:18:03] [I] Average on 1 runs - GPU latency: 4.26343 ms - Host latency: 4.40454 ms (enqueue 3.09009 ms)
[10/06/2026-16:18:03] [I] Average on 1 runs - GPU latency: 4.25049 ms - Host latency: 4.3999 ms (enqueue 3.07349 ms)
[10/06/2026-16:18:03] [I] Average on 1 runs - GPU latency: 4.25537 ms - Host latency: 4.39819 ms (enqueue 3.13037 ms)
[10/06/2026-16:18:03] [I] Average on 1 runs - GPU latency: 4.25195 ms - Host latency: 4.39746 ms (enqueue 3.11084 ms)
[10/06/2026-16:18:03] [I] Average on 1 runs - GPU latency: 4.25439 ms - Host latency: 4.39404 ms (enqueue 3.08569 ms)
[10/06/2026-16:18:03] [I] Average on 1 runs - GPU latency: 4.24976 ms - Host latency: 4.39746 ms (enqueue 3.04907 ms)
[10/06/2026-16:18:03] [I] Average on 1 runs - GPU latency: 4.26147 ms - Host latency: 4.40137 ms (enqueue 3.06226 ms)
[10/06/2026-16:18:03] [I] Average on 1 runs - GPU latency: 4.25928 ms - Host latency: 4.3999 ms (enqueue 3.00317 ms)
[10/06/2026-16:18:03] [I] ... Omitting 3131 lines
[10/06/2026-16:18:03] [I] Average on 1 runs - GPU latency: 4.25195 ms - Host latency: 4.39258 ms (enqueue 3.05664 ms)
[10/06/2026-16:18:03] [I] Average on 1 runs - GPU latency: 4.25195 ms - Host latency: 4.39062 ms (enqueue 3.12109 ms)
[10/06/2026-16:18:03] [I] Average on 1 runs - GPU latency: 4.24609 ms - Host latency: 4.39844 ms (enqueue 3.04883 ms)
[10/06/2026-16:18:03] [I] Average on 1 runs - GPU latency: 4.24805 ms - Host latency: 4.40234 ms (enqueue 3.08398 ms)
[10/06/2026-16:18:03] [I] Average on 1 runs - GPU latency: 4.24609 ms - Host latency: 4.38086 ms (enqueue 3.01367 ms)
[10/06/2026-16:18:03] [I] Average on 1 runs - GPU latency: 4.25391 ms - Host latency: 4.39258 ms (enqueue 3.00781 ms)
[10/06/2026-16:18:03] [I] Average on 1 runs - GPU latency: 4.24609 ms - Host latency: 4.38281 ms (enqueue 3.01172 ms)
[10/06/2026-16:18:03] [I] Average on 1 runs - GPU latency: 4.24609 ms - Host latency: 4.41797 ms (enqueue 3.23242 ms)
[10/06/2026-16:18:03] [I] Average on 1 runs - GPU latency: 4.24805 ms - Host latency: 4.39062 ms (enqueue 3.06055 ms)
[10/06/2026-16:18:03] [I] Average on 1 runs - GPU latency: 4.23828 ms - Host latency: 4.37695 ms (enqueue 3.01758 ms)
[10/06/2026-16:18:03] [I] Average on 1 runs - GPU latency: 4.24805 ms - Host latency: 4.38867 ms (enqueue 3.0293 ms)
[10/06/2026-16:18:03] [I] Average on 1 runs - GPU latency: 4.24023 ms - Host latency: 4.38477 ms (enqueue 3.03906 ms)
[10/06/2026-16:18:03] [I] Average on 1 runs - GPU latency: 4.24805 ms - Host latency: 4.41602 ms (enqueue 3.08203 ms)
[10/06/2026-16:18:03] [I] Average on 1 runs - GPU latency: 4.24414 ms - Host latency: 4.38086 ms (enqueue 3.07422 ms)
[10/06/2026-16:18:03] [I] Average on 1 runs - GPU latency: 4.24219 ms - Host latency: 4.375 ms (enqueue 3.05273 ms)
[10/06/2026-16:18:03] [I] Average on 1 runs - GPU latency: 4.24023 ms - Host latency: 4.41602 ms (enqueue 2.99609 ms)
[10/06/2026-16:18:03] [I] Average on 1 runs - GPU latency: 4.23633 ms - Host latency: 4.37891 ms (enqueue 3.04492 ms)
[10/06/2026-16:18:03] [I] Average on 1 runs - GPU latency: 4.25 ms - Host latency: 4.41211 ms (enqueue 3.0293 ms)
[10/06/2026-16:18:03] [I] Average on 1 runs - GPU latency: 4.24805 ms - Host latency: 4.38867 ms (enqueue 3.07812 ms)
[10/06/2026-16:18:03] [I] Average on 1 runs - GPU latency: 4.24023 ms - Host latency: 4.37891 ms (enqueue 3.07422 ms)
[10/06/2026-16:18:03] [I] Average on 1 runs - GPU latency: 4.24805 ms - Host latency: 4.4082 ms (enqueue 3.21094 ms)
[10/06/2026-16:18:03] [I] Average on 1 runs - GPU latency: 4.25195 ms - Host latency: 4.38672 ms (enqueue 3.01367 ms)
[10/06/2026-16:18:03] [I] Average on 1 runs - GPU latency: 4.25391 ms - Host latency: 4.4043 ms (enqueue 3.06055 ms)
[10/06/2026-16:18:03] [I] Average on 1 runs - GPU latency: 4.25391 ms - Host latency: 4.39062 ms (enqueue 3.01172 ms)
[10/06/2026-16:18:03] [I] Average on 1 runs - GPU latency: 4.24023 ms - Host latency: 4.37891 ms (enqueue 3.07812 ms)
[10/06/2026-16:18:03] [I] Average on 1 runs - GPU latency: 4.24609 ms - Host latency: 4.38086 ms (enqueue 3.08789 ms)
[10/06/2026-16:18:03] [I] Average on 1 runs - GPU latency: 4.24609 ms - Host latency: 4.37891 ms (enqueue 3.07617 ms)
[10/06/2026-16:18:03] [I] Average on 1 runs - GPU latency: 4.24414 ms - Host latency: 4.375 ms (enqueue 3.07227 ms)
[10/06/2026-16:18:03] [I] Average on 1 runs - GPU latency: 4.25 ms - Host latency: 4.38477 ms (enqueue 3.05859 ms)
[10/06/2026-16:18:03] [I] Average on 1 runs - GPU latency: 4.25391 ms - Host latency: 4.38477 ms (enqueue 3.04102 ms)
[10/06/2026-16:18:03] [I] Average on 1 runs - GPU latency: 4.24805 ms - Host latency: 4.38281 ms (enqueue 3.12305 ms)
[10/06/2026-16:18:03] [I] Average on 1 runs - GPU latency: 4.25 ms - Host latency: 4.38867 ms (enqueue 3.09766 ms)
[10/06/2026-16:18:03] [I] Average on 1 runs - GPU latency: 4.25195 ms - Host latency: 4.38672 ms (enqueue 3.10156 ms)
[10/06/2026-16:18:03] [I] Average on 1 runs - GPU latency: 4.24414 ms - Host latency: 4.39844 ms (enqueue 3.08594 ms)
[10/06/2026-16:18:03] [I] Average on 1 runs - GPU latency: 4.24219 ms - Host latency: 4.37891 ms (enqueue 3.03906 ms)
[10/06/2026-16:18:03] [I] Average on 1 runs - GPU latency: 4.25391 ms - Host latency: 4.39062 ms (enqueue 3.06445 ms)
[10/06/2026-16:18:03] [I] Average on 1 runs - GPU latency: 4.24805 ms - Host latency: 4.38867 ms (enqueue 3.21875 ms)
[10/06/2026-16:18:03] [I] Average on 1 runs - GPU latency: 4.23828 ms - Host latency: 4.375 ms (enqueue 3.02344 ms)
[10/06/2026-16:18:03] [I] Average on 1 runs - GPU latency: 4.24023 ms - Host latency: 4.38086 ms (enqueue 3.00977 ms)
[10/06/2026-16:18:03] [I] Average on 1 runs - GPU latency: 4.24609 ms - Host latency: 4.38281 ms (enqueue 3.02344 ms)
[10/06/2026-16:18:03] [I] Average on 1 runs - GPU latency: 4.25 ms - Host latency: 4.38672 ms (enqueue 3.05664 ms)
[10/06/2026-16:18:03] [I] Average on 1 runs - GPU latency: 4.24805 ms - Host latency: 4.38672 ms (enqueue 3.08789 ms)
[10/06/2026-16:18:03] [I] Average on 1 runs - GPU latency: 4.25195 ms - Host latency: 4.37891 ms (enqueue 3.10352 ms)
[10/06/2026-16:18:03] [I] Average on 1 runs - GPU latency: 4.24414 ms - Host latency: 4.38672 ms (enqueue 3.08008 ms)
[10/06/2026-16:18:03] [I] Average on 1 runs - GPU latency: 4.24805 ms - Host latency: 4.38086 ms (enqueue 3.04297 ms)
[10/06/2026-16:18:03] [I] Average on 1 runs - GPU latency: 4.24414 ms - Host latency: 4.37891 ms (enqueue 3.05469 ms)
[10/06/2026-16:18:03] [I] Average on 1 runs - GPU latency: 4.25195 ms - Host latency: 4.38672 ms (enqueue 3.04492 ms)
[10/06/2026-16:18:03] [I] Average on 1 runs - GPU latency: 4.24609 ms - Host latency: 4.38281 ms (enqueue 3.07031 ms)
[10/06/2026-16:18:03] [I] Average on 1 runs - GPU latency: 4.25 ms - Host latency: 4.39453 ms (enqueue 3.08203 ms)
[10/06/2026-16:18:03] [I] Average on 1 runs - GPU latency: 4.25 ms - Host latency: 4.39258 ms (enqueue 3.0957 ms)
[10/06/2026-16:18:03] [I] Average on 1 runs - GPU latency: 4.25781 ms - Host latency: 4.38867 ms (enqueue 3.05469 ms)
[10/06/2026-16:18:03] [I] Average on 1 runs - GPU latency: 4.24414 ms - Host latency: 4.38477 ms (enqueue 3.06055 ms)
[10/06/2026-16:18:03] [I] Average on 1 runs - GPU latency: 4.24609 ms - Host latency: 4.38477 ms (enqueue 3.21094 ms)
[10/06/2026-16:18:03] [I] Average on 1 runs - GPU latency: 4.25781 ms - Host latency: 4.39844 ms (enqueue 3.00391 ms)
[10/06/2026-16:18:03] [I] Average on 1 runs - GPU latency: 4.25 ms - Host latency: 4.39062 ms (enqueue 3.04102 ms)
[10/06/2026-16:18:03] [I] Average on 1 runs - GPU latency: 4.25391 ms - Host latency: 4.41797 ms (enqueue 3.03516 ms)
[10/06/2026-16:18:03] [I] Average on 1 runs - GPU latency: 4.25195 ms - Host latency: 4.39258 ms (enqueue 3.0293 ms)
[10/06/2026-16:18:03] [I] Average on 1 runs - GPU latency: 4.24609 ms - Host latency: 4.38672 ms (enqueue 3.07227 ms)
[10/06/2026-16:18:03] [I] Average on 1 runs - GPU latency: 4.24219 ms - Host latency: 4.38086 ms (enqueue 3.08203 ms)
[10/06/2026-16:18:03] [I] Average on 1 runs - GPU latency: 4.24219 ms - Host latency: 4.38281 ms (enqueue 3.06641 ms)
[10/06/2026-16:18:03] [I] Average on 1 runs - GPU latency: 4.25 ms - Host latency: 4.38477 ms (enqueue 3.06641 ms)
[10/06/2026-16:18:03] [I] Average on 1 runs - GPU latency: 4.24023 ms - Host latency: 4.38477 ms (enqueue 3.11133 ms)
[10/06/2026-16:18:03] [I] Average on 1 runs - GPU latency: 4.24609 ms - Host latency: 4.38867 ms (enqueue 3.07031 ms)
[10/06/2026-16:18:03] [I] Average on 1 runs - GPU latency: 4.24414 ms - Host latency: 4.39648 ms (enqueue 3.04492 ms)
[10/06/2026-16:18:03] [I] Average on 1 runs - GPU latency: 4.25195 ms - Host latency: 4.39062 ms (enqueue 3.10547 ms)
[10/06/2026-16:18:03] [I] Average on 1 runs - GPU latency: 4.25 ms - Host latency: 4.38477 ms (enqueue 3.09375 ms)
[10/06/2026-16:18:03] [I] Average on 1 runs - GPU latency: 4.25586 ms - Host latency: 4.39453 ms (enqueue 3.06055 ms)
[10/06/2026-16:18:03] [I] Average on 1 runs - GPU latency: 4.24805 ms - Host latency: 4.39258 ms (enqueue 3.07227 ms)
[10/06/2026-16:18:03] [I] Average on 1 runs - GPU latency: 4.24219 ms - Host latency: 4.38086 ms (enqueue 3.24414 ms)
[10/06/2026-16:18:03] [I] Average on 1 runs - GPU latency: 4.25 ms - Host latency: 4.39258 ms (enqueue 3.02539 ms)
[10/06/2026-16:18:03] [I] Average on 1 runs - GPU latency: 4.23828 ms - Host latency: 4.375 ms (enqueue 3.0293 ms)
[10/06/2026-16:18:03] [I] Average on 1 runs - GPU latency: 4.24414 ms - Host latency: 4.38672 ms (enqueue 3.00195 ms)
[10/06/2026-16:18:03] [I] Average on 1 runs - GPU latency: 4.25 ms - Host latency: 4.41016 ms (enqueue 3.06836 ms)
[10/06/2026-16:18:03] [I] Average on 1 runs - GPU latency: 4.25195 ms - Host latency: 4.39453 ms (enqueue 3.08984 ms)
[10/06/2026-16:18:03] [I] Average on 1 runs - GPU latency: 4.24414 ms - Host latency: 4.38672 ms (enqueue 3.07617 ms)
[10/06/2026-16:18:03] [I] Average on 1 runs - GPU latency: 4.25195 ms - Host latency: 4.39258 ms (enqueue 3.10547 ms)
[10/06/2026-16:18:03] [I] Average on 1 runs - GPU latency: 4.24219 ms - Host latency: 4.38086 ms (enqueue 3.08008 ms)
[10/06/2026-16:18:03] [I] Average on 1 runs - GPU latency: 4.24609 ms - Host latency: 4.38086 ms (enqueue 3.04297 ms)
[10/06/2026-16:18:03] [I] Average on 1 runs - GPU latency: 4.24805 ms - Host latency: 4.38672 ms (enqueue 3.08984 ms)
[10/06/2026-16:18:03] [I] Average on 1 runs - GPU latency: 4.25781 ms - Host latency: 4.39844 ms (enqueue 3.07227 ms)
[10/06/2026-16:18:03] [I] Average on 1 runs - GPU latency: 4.24609 ms - Host latency: 4.38477 ms (enqueue 3.05664 ms)
[10/06/2026-16:18:03] [I] Average on 1 runs - GPU latency: 4.25 ms - Host latency: 4.42188 ms (enqueue 3.11914 ms)
[10/06/2026-16:18:03] [I] Average on 1 runs - GPU latency: 4.24023 ms - Host latency: 4.38281 ms (enqueue 3.08789 ms)
[10/06/2026-16:18:03] [I] Average on 1 runs - GPU latency: 4.25195 ms - Host latency: 4.40625 ms (enqueue 3.03516 ms)
[10/06/2026-16:18:03] [I] Average on 1 runs - GPU latency: 4.25586 ms - Host latency: 4.39844 ms (enqueue 3.00781 ms)
[10/06/2026-16:18:03] [I] Average on 1 runs - GPU latency: 4.24219 ms - Host latency: 4.38672 ms (enqueue 3.01172 ms)
[10/06/2026-16:18:03] [I] Average on 1 runs - GPU latency: 4.25 ms - Host latency: 4.38672 ms (enqueue 3.00391 ms)
[10/06/2026-16:18:03] [I] Average on 1 runs - GPU latency: 4.24805 ms - Host latency: 4.38672 ms (enqueue 3.03125 ms)
[10/06/2026-16:18:03] [I] Average on 1 runs - GPU latency: 4.25781 ms - Host latency: 4.39844 ms (enqueue 3.07031 ms)
[10/06/2026-16:18:03] [I] Average on 1 runs - GPU latency: 4.24609 ms - Host latency: 4.38281 ms (enqueue 3.0918 ms)
[10/06/2026-16:18:03] [I] Average on 1 runs - GPU latency: 4.24609 ms - Host latency: 4.38477 ms (enqueue 3.10742 ms)
[10/06/2026-16:18:03] [I] Average on 1 runs - GPU latency: 4.25 ms - Host latency: 4.39258 ms (enqueue 3.08398 ms)
[10/06/2026-16:18:03] [I] Average on 1 runs - GPU latency: 4.24609 ms - Host latency: 4.37891 ms (enqueue 3.0918 ms)
[10/06/2026-16:18:03] [I] Average on 1 runs - GPU latency: 4.24609 ms - Host latency: 4.37891 ms (enqueue 3.06836 ms)
[10/06/2026-16:18:03] [I] Average on 1 runs - GPU latency: 4.24219 ms - Host latency: 4.37891 ms (enqueue 3.06055 ms)
[10/06/2026-16:18:03] [I] Average on 1 runs - GPU latency: 4.25391 ms - Host latency: 4.39258 ms (enqueue 3.09375 ms)
[10/06/2026-16:18:03] [I] Average on 1 runs - GPU latency: 4.24609 ms - Host latency: 4.38672 ms (enqueue 3.09375 ms)
[10/06/2026-16:18:03] [I] Average on 1 runs - GPU latency: 4.25 ms - Host latency: 4.39062 ms (enqueue 3.04883 ms)
[10/06/2026-16:18:03] [I] Average on 1 runs - GPU latency: 4.24805 ms - Host latency: 4.38477 ms (enqueue 3.11328 ms)
[10/06/2026-16:18:03] [I] Average on 1 runs - GPU latency: 4.25 ms - Host latency: 4.39062 ms (enqueue 3.06055 ms)
[10/06/2026-16:18:03] [I] Average on 1 runs - GPU latency: 4.25 ms - Host latency: 4.38477 ms (enqueue 3.02148 ms)
[10/06/2026-16:18:03] [I] Average on 1 runs - GPU latency: 4.25 ms - Host latency: 4.38281 ms (enqueue 3.03906 ms)
[10/06/2026-16:18:03] [I] Average on 1 runs - GPU latency: 4.24609 ms - Host latency: 4.38477 ms (enqueue 3.02148 ms)
[10/06/2026-16:18:03] [I] Average on 1 runs - GPU latency: 4.24609 ms - Host latency: 4.37305 ms (enqueue 3.01953 ms)
[10/06/2026-16:18:03] [I] Average on 1 runs - GPU latency: 4.24219 ms - Host latency: 4.37695 ms (enqueue 3.08594 ms)
[10/06/2026-16:18:03] [I] Average on 1 runs - GPU latency: 4.25 ms - Host latency: 4.41992 ms (enqueue 3.07617 ms)
[10/06/2026-16:18:03] [I] Average on 1 runs - GPU latency: 4.24023 ms - Host latency: 4.375 ms (enqueue 3.0625 ms)
[10/06/2026-16:18:03] [I] Average on 1 runs - GPU latency: 4.23828 ms - Host latency: 4.37695 ms (enqueue 3.04688 ms)
[10/06/2026-16:18:03] [I] Average on 1 runs - GPU latency: 4.24805 ms - Host latency: 4.41797 ms (enqueue 3.04102 ms)
[10/06/2026-16:18:03] [I] Average on 1 runs - GPU latency: 4.24805 ms - Host latency: 4.38281 ms (enqueue 3.13281 ms)
[10/06/2026-16:18:03] [I] Average on 1 runs - GPU latency: 4.25391 ms - Host latency: 4.39844 ms (enqueue 3.05273 ms)
[10/06/2026-16:18:03] [I] Average on 1 runs - GPU latency: 4.25391 ms - Host latency: 4.39258 ms (enqueue 3.05859 ms)
[10/06/2026-16:18:03] [I] Average on 1 runs - GPU latency: 4.24023 ms - Host latency: 4.37305 ms (enqueue 3.06641 ms)
[10/06/2026-16:18:03] [I] Average on 1 runs - GPU latency: 4.25391 ms - Host latency: 4.39062 ms (enqueue 3.11719 ms)
[10/06/2026-16:18:03] [I] Average on 1 runs - GPU latency: 4.24805 ms - Host latency: 4.38672 ms (enqueue 3.11719 ms)
[10/06/2026-16:18:03] [I] Average on 1 runs - GPU latency: 4.25195 ms - Host latency: 4.39453 ms (enqueue 3.0918 ms)
[10/06/2026-16:18:03] [I] Average on 1 runs - GPU latency: 4.25586 ms - Host latency: 4.40234 ms (enqueue 3.00391 ms)
[10/06/2026-16:18:03] [I] Average on 1 runs - GPU latency: 4.24805 ms - Host latency: 4.38867 ms (enqueue 3.01562 ms)
[10/06/2026-16:18:03] [I] Average on 1 runs - GPU latency: 4.25195 ms - Host latency: 4.38672 ms (enqueue 3.00586 ms)
[10/06/2026-16:18:03] [I] Average on 1 runs - GPU latency: 4.24805 ms - Host latency: 4.39258 ms (enqueue 3.00977 ms)
[10/06/2026-16:18:03] [I] Average on 1 runs - GPU latency: 4.25195 ms - Host latency: 4.38672 ms (enqueue 3.05469 ms)
[10/06/2026-16:18:03] [I] Average on 1 runs - GPU latency: 4.27344 ms - Host latency: 4.41406 ms (enqueue 3.11328 ms)
[10/06/2026-16:18:03] [I] Average on 1 runs - GPU latency: 4.25586 ms - Host latency: 4.39648 ms (enqueue 3.05469 ms)
[10/06/2026-16:18:03] [I] Average on 1 runs - GPU latency: 4.25586 ms - Host latency: 4.39062 ms (enqueue 3.09961 ms)
[10/06/2026-16:18:03] [I] Average on 1 runs - GPU latency: 4.25195 ms - Host latency: 4.39453 ms (enqueue 3.06445 ms)
[10/06/2026-16:18:03] [I] Average on 1 runs - GPU latency: 4.24609 ms - Host latency: 4.38086 ms (enqueue 3.0625 ms)
[10/06/2026-16:18:03] [I] Average on 1 runs - GPU latency: 4.25586 ms - Host latency: 4.42383 ms (enqueue 3.09766 ms)
[10/06/2026-16:18:03] [I] Average on 1 runs - GPU latency: 4.25586 ms - Host latency: 4.39453 ms (enqueue 3.0957 ms)
[10/06/2026-16:18:03] [I] Average on 1 runs - GPU latency: 4.25781 ms - Host latency: 4.39258 ms (enqueue 3.06641 ms)
[10/06/2026-16:18:03] [I] Average on 1 runs - GPU latency: 4.25391 ms - Host latency: 4.38477 ms (enqueue 3.04297 ms)
[10/06/2026-16:18:03] [I] Average on 1 runs - GPU latency: 4.25391 ms - Host latency: 4.4043 ms (enqueue 3.03516 ms)
[10/06/2026-16:18:03] [I] Average on 1 runs - GPU latency: 4.25391 ms - Host latency: 4.42969 ms (enqueue 3.01172 ms)
[10/06/2026-16:18:03] [I] Average on 1 runs - GPU latency: 4.24414 ms - Host latency: 4.41406 ms (enqueue 3.02539 ms)
[10/06/2026-16:18:03] [I] Average on 1 runs - GPU latency: 4.25195 ms - Host latency: 4.39062 ms (enqueue 3.00977 ms)
[10/06/2026-16:18:03] [I] Average on 1 runs - GPU latency: 4.24805 ms - Host latency: 4.38672 ms (enqueue 2.99805 ms)
[10/06/2026-16:18:03] [I] Average on 1 runs - GPU latency: 4.25781 ms - Host latency: 4.39258 ms (enqueue 3.02539 ms)
[10/06/2026-16:18:03] [I] Average on 1 runs - GPU latency: 4.24414 ms - Host latency: 4.37891 ms (enqueue 3.04883 ms)
[10/06/2026-16:18:03] [I] Average on 1 runs - GPU latency: 4.25 ms - Host latency: 4.38867 ms (enqueue 3.06055 ms)
[10/06/2026-16:18:03] [I] Average on 1 runs - GPU latency: 4.24609 ms - Host latency: 4.38672 ms (enqueue 3.08008 ms)
[10/06/2026-16:18:03] [I] Average on 1 runs - GPU latency: 4.25391 ms - Host latency: 4.39062 ms (enqueue 3.04297 ms)
[10/06/2026-16:18:03] [I] Average on 1 runs - GPU latency: 4.24805 ms - Host latency: 4.38672 ms (enqueue 3.08789 ms)
[10/06/2026-16:18:03] [I] Average on 1 runs - GPU latency: 4.24805 ms - Host latency: 4.39453 ms (enqueue 3.08203 ms)
[10/06/2026-16:18:03] [I] Average on 1 runs - GPU latency: 4.24609 ms - Host latency: 4.39258 ms (enqueue 3.04297 ms)
[10/06/2026-16:18:03] [I] Average on 1 runs - GPU latency: 4.25391 ms - Host latency: 4.39258 ms (enqueue 3.03516 ms)
[10/06/2026-16:18:03] [I] Average on 1 runs - GPU latency: 4.25195 ms - Host latency: 4.39062 ms (enqueue 3.03906 ms)
[10/06/2026-16:18:03] [I] Average on 1 runs - GPU latency: 4.24414 ms - Host latency: 4.37695 ms (enqueue 3.03711 ms)
[10/06/2026-16:18:03] [I] Average on 1 runs - GPU latency: 4.24609 ms - Host latency: 4.38672 ms (enqueue 3.02344 ms)
[10/06/2026-16:18:03] [I] Average on 1 runs - GPU latency: 4.25 ms - Host latency: 4.4043 ms (enqueue 3.20898 ms)
[10/06/2026-16:18:03] [I] Average on 1 runs - GPU latency: 4.23828 ms - Host latency: 4.37695 ms (enqueue 3.04883 ms)
[10/06/2026-16:18:03] [I] Average on 1 runs - GPU latency: 4.24609 ms - Host latency: 4.41016 ms (enqueue 3.0332 ms)
[10/06/2026-16:18:03] [I] Average on 1 runs - GPU latency: 4.24414 ms - Host latency: 4.40625 ms (enqueue 3.03516 ms)
[10/06/2026-16:18:03] [I] Average on 1 runs - GPU latency: 4.25586 ms - Host latency: 4.38867 ms (enqueue 3.13086 ms)
[10/06/2026-16:18:03] [I] Average on 1 runs - GPU latency: 4.25195 ms - Host latency: 4.39648 ms (enqueue 3.08008 ms)
[10/06/2026-16:18:03] [I] Average on 1 runs - GPU latency: 4.25391 ms - Host latency: 4.39062 ms (enqueue 3.09375 ms)
[10/06/2026-16:18:03] [I] Average on 1 runs - GPU latency: 4.24414 ms - Host latency: 4.38477 ms (enqueue 3.06836 ms)
[10/06/2026-16:18:03] [I] Average on 1 runs - GPU latency: 4.25195 ms - Host latency: 4.41406 ms (enqueue 3.0918 ms)
[10/06/2026-16:18:03] [I] Average on 1 runs - GPU latency: 4.25 ms - Host latency: 4.38281 ms (enqueue 3.06055 ms)
[10/06/2026-16:18:03] [I] Average on 1 runs - GPU latency: 4.24414 ms - Host latency: 4.38281 ms (enqueue 3.0625 ms)
[10/06/2026-16:18:03] [I] Average on 1 runs - GPU latency: 4.25 ms - Host latency: 4.39453 ms (enqueue 3.03906 ms)
[10/06/2026-16:18:03] [I] Average on 1 runs - GPU latency: 4.25 ms - Host latency: 4.39258 ms (enqueue 3.06836 ms)
[10/06/2026-16:18:03] [I] Average on 1 runs - GPU latency: 4.24023 ms - Host latency: 4.39648 ms (enqueue 3.07227 ms)
[10/06/2026-16:18:03] [I] Average on 1 runs - GPU latency: 4.24609 ms - Host latency: 4.38281 ms (enqueue 3.06641 ms)
[10/06/2026-16:18:03] [I] Average on 1 runs - GPU latency: 4.24805 ms - Host latency: 4.40234 ms (enqueue 3.07031 ms)
[10/06/2026-16:18:03] [I] Average on 1 runs - GPU latency: 4.25195 ms - Host latency: 4.41016 ms (enqueue 3.20508 ms)
[10/06/2026-16:18:03] [I] Average on 1 runs - GPU latency: 4.24805 ms - Host latency: 4.38477 ms (enqueue 3.00586 ms)
[10/06/2026-16:18:03] [I] Average on 1 runs - GPU latency: 4.25391 ms - Host latency: 4.40625 ms (enqueue 3.02344 ms)
[10/06/2026-16:18:03] [I] Average on 1 runs - GPU latency: 4.25391 ms - Host latency: 4.39453 ms (enqueue 3.00586 ms)
[10/06/2026-16:18:03] [I] Average on 1 runs - GPU latency: 4.25391 ms - Host latency: 4.38867 ms (enqueue 3.0625 ms)
[10/06/2026-16:18:03] [I] Average on 1 runs - GPU latency: 4.25 ms - Host latency: 4.38672 ms (enqueue 3.05273 ms)
[10/06/2026-16:18:03] [I] Average on 1 runs - GPU latency: 4.25586 ms - Host latency: 4.39648 ms (enqueue 3.04492 ms)
[10/06/2026-16:18:03] [I] Average on 1 runs - GPU latency: 4.25586 ms - Host latency: 4.40039 ms (enqueue 3.10938 ms)
[10/06/2026-16:18:03] [I] Average on 1 runs - GPU latency: 4.24414 ms - Host latency: 4.41211 ms (enqueue 3.12109 ms)
[10/06/2026-16:18:03] [I] Average on 1 runs - GPU latency: 4.25195 ms - Host latency: 4.40039 ms (enqueue 3.12695 ms)
[10/06/2026-16:18:03] [I] Average on 1 runs - GPU latency: 4.24805 ms - Host latency: 4.38867 ms (enqueue 3.07227 ms)
[10/06/2026-16:18:03] [I] Average on 1 runs - GPU latency: 4.26172 ms - Host latency: 4.40625 ms (enqueue 3.09766 ms)
[10/06/2026-16:18:03] [I] Average on 1 runs - GPU latency: 4.24805 ms - Host latency: 4.38477 ms (enqueue 3.08398 ms)
[10/06/2026-16:18:03] [I] Average on 1 runs - GPU latency: 4.25391 ms - Host latency: 4.39062 ms (enqueue 3.0293 ms)
[10/06/2026-16:18:03] [I] Average on 1 runs - GPU latency: 4.24023 ms - Host latency: 4.38281 ms (enqueue 3.0918 ms)
[10/06/2026-16:18:03] [I] Average on 1 runs - GPU latency: 4.24805 ms - Host latency: 4.41016 ms (enqueue 3.09375 ms)
[10/06/2026-16:18:03] [I] Average on 1 runs - GPU latency: 4.24609 ms - Host latency: 4.39453 ms (enqueue 3.01562 ms)
[10/06/2026-16:18:03] [I] Average on 1 runs - GPU latency: 4.24414 ms - Host latency: 4.41992 ms (enqueue 3.0293 ms)
[10/06/2026-16:18:03] [I] Average on 1 runs - GPU latency: 4.24414 ms - Host latency: 4.39844 ms (enqueue 3.00391 ms)
[10/06/2026-16:18:03] [I] Average on 1 runs - GPU latency: 4.24414 ms - Host latency: 4.38281 ms (enqueue 2.99219 ms)
[10/06/2026-16:18:03] [I] Average on 1 runs - GPU latency: 4.25391 ms - Host latency: 4.4082 ms (enqueue 3.07422 ms)
[10/06/2026-16:18:03] [I] Average on 1 runs - GPU latency: 4.24219 ms - Host latency: 4.38281 ms (enqueue 3.11133 ms)
[10/06/2026-16:18:03] [I] Average on 1 runs - GPU latency: 4.25195 ms - Host latency: 4.39062 ms (enqueue 3.04102 ms)
[10/06/2026-16:18:03] [I] Average on 1 runs - GPU latency: 4.24023 ms - Host latency: 4.37305 ms (enqueue 3.0957 ms)
[10/06/2026-16:18:03] [I] Average on 1 runs - GPU latency: 4.24805 ms - Host latency: 4.38477 ms (enqueue 3.01758 ms)
[10/06/2026-16:18:03] [I] Average on 1 runs - GPU latency: 4.25 ms - Host latency: 4.38672 ms (enqueue 3.05078 ms)
[10/06/2026-16:18:03] [I] Average on 1 runs - GPU latency: 4.24805 ms - Host latency: 4.40234 ms (enqueue 3.05469 ms)
[10/06/2026-16:18:03] [I] Average on 1 runs - GPU latency: 4.25 ms - Host latency: 4.38672 ms (enqueue 3.10156 ms)
[10/06/2026-16:18:03] [I] Average on 1 runs - GPU latency: 4.24609 ms - Host latency: 4.38672 ms (enqueue 3.04688 ms)
[10/06/2026-16:18:03] [I] Average on 1 runs - GPU latency: 4.25195 ms - Host latency: 4.39648 ms (enqueue 3.04688 ms)
[10/06/2026-16:18:03] [I] Average on 1 runs - GPU latency: 4.24805 ms - Host latency: 4.38477 ms (enqueue 3.08398 ms)
[10/06/2026-16:18:03] [I] Average on 1 runs - GPU latency: 4.24219 ms - Host latency: 4.38086 ms (enqueue 3.03125 ms)
[10/06/2026-16:18:03] [I] Average on 1 runs - GPU latency: 4.25 ms - Host latency: 4.41406 ms (enqueue 3.24414 ms)
[10/06/2026-16:18:03] [I] Average on 1 runs - GPU latency: 4.25391 ms - Host latency: 4.4043 ms (enqueue 3.02734 ms)
[10/06/2026-16:18:03] [I] Average on 1 runs - GPU latency: 4.24414 ms - Host latency: 4.4043 ms (enqueue 3.00195 ms)
[10/06/2026-16:18:03] [I] Average on 1 runs - GPU latency: 4.24805 ms - Host latency: 4.38086 ms (enqueue 3.00391 ms)
[10/06/2026-16:18:03] [I] Average on 1 runs - GPU latency: 4.25 ms - Host latency: 4.39258 ms (enqueue 3.0625 ms)
[10/06/2026-16:18:03] [I] Average on 1 runs - GPU latency: 4.21289 ms - Host latency: 4.34375 ms (enqueue 3.08594 ms)
[10/06/2026-16:18:03] [I] 
[10/06/2026-16:18:03] [I] === Performance summary ===
[10/06/2026-16:18:03] [I] Throughput: 235.231 qps
[10/06/2026-16:18:03] [I] Latency: min = 4.34375 ms, max = 5.16309 ms, mean = 4.39249 ms, median = 4.38916 ms, percentile(90%) = 4.4126 ms, percentile(95%) = 4.41992 ms, percentile(99%) = 4.43311 ms
[10/06/2026-16:18:03] [I] Enqueue Time: min = 2.01562 ms, max = 4.10156 ms, mean = 2.98469 ms, median = 3.03564 ms, percentile(90%) = 3.10449 ms, percentile(95%) = 3.11914 ms, percentile(99%) = 3.20312 ms
[10/06/2026-16:18:03] [I] H2D Latency: min = 0.113281 ms, max = 0.208984 ms, mean = 0.138301 ms, median = 0.133789 ms, percentile(90%) = 0.157715 ms, percentile(95%) = 0.166016 ms, percentile(99%) = 0.175781 ms
[10/06/2026-16:18:03] [I] GPU Compute Time: min = 4.21289 ms, max = 5.01953 ms, mean = 4.24723 ms, median = 4.24658 ms, percentile(90%) = 4.25391 ms, percentile(95%) = 4.25684 ms, percentile(99%) = 4.26172 ms
[10/06/2026-16:18:03] [I] D2H Latency: min = 0.00390625 ms, max = 0.0112305 ms, mean = 0.00695811 ms, median = 0.00683594 ms, percentile(90%) = 0.00878906 ms, percentile(95%) = 0.00927734 ms, percentile(99%) = 0.00976562 ms
[10/06/2026-16:18:03] [I] Total Host Walltime: 15.0107 s
[10/06/2026-16:18:03] [I] Total GPU Compute Time: 14.997 s
[10/06/2026-16:18:03] [I] Explanations of the performance metrics are printed in the verbose logs.
[10/06/2026-16:18:03] [I] 
&&&& PASSED TensorRT.trtexec [TensorRT v100300] # /usr/src/tensorrt/bin/trtexec --loadEngine=/tmp/yolo26n_84172_uint8_fp16_opt3.engine --warmUp=3000 --duration=15 --idleTime=0 --avgRuns=1
