&&&& RUNNING TensorRT.trtexec [TensorRT v100300] # /usr/src/tensorrt/bin/trtexec --loadEngine=/tmp/engines/y26s_640_uint8_opt3.engine --warmUp=3000 --duration=15 --idleTime=2 --avgRuns=1
[10/04/2026-22:15:29] [I] === Model Options ===
[10/04/2026-22:15:29] [I] Format: *
[10/04/2026-22:15:29] [I] Model: 
[10/04/2026-22:15:29] [I] Output:
[10/04/2026-22:15:29] [I] 
[10/04/2026-22:15:29] [I] === System Options ===
[10/04/2026-22:15:29] [I] Device: 0
[10/04/2026-22:15:29] [I] DLACore: 
[10/04/2026-22:15:29] [I] Plugins:
[10/04/2026-22:15:29] [I] setPluginsToSerialize:
[10/04/2026-22:15:29] [I] dynamicPlugins:
[10/04/2026-22:15:29] [I] ignoreParsedPluginLibs: 0
[10/04/2026-22:15:29] [I] 
[10/04/2026-22:15:29] [I] === Inference Options ===
[10/04/2026-22:15:29] [I] Batch: Explicit
[10/04/2026-22:15:29] [I] Input inference shapes: model
[10/04/2026-22:15:29] [I] Iterations: 10
[10/04/2026-22:15:29] [I] Duration: 15s (+ 3000ms warm up)
[10/04/2026-22:15:29] [I] Sleep time: 0ms
[10/04/2026-22:15:29] [I] Idle time: 2ms
[10/04/2026-22:15:29] [I] Inference Streams: 1
[10/04/2026-22:15:29] [I] ExposeDMA: Disabled
[10/04/2026-22:15:29] [I] Data transfers: Enabled
[10/04/2026-22:15:29] [I] Spin-wait: Disabled
[10/04/2026-22:15:29] [I] Multithreading: Disabled
[10/04/2026-22:15:29] [I] CUDA Graph: Disabled
[10/04/2026-22:15:29] [I] Separate profiling: Disabled
[10/04/2026-22:15:29] [I] Time Deserialize: Disabled
[10/04/2026-22:15:29] [I] Time Refit: Disabled
[10/04/2026-22:15:29] [I] NVTX verbosity: 0
[10/04/2026-22:15:29] [I] Persistent Cache Ratio: 0
[10/04/2026-22:15:29] [I] Optimization Profile Index: 0
[10/04/2026-22:15:29] [I] Weight Streaming Budget: 100.000000%
[10/04/2026-22:15:29] [I] Inputs:
[10/04/2026-22:15:29] [I] Debug Tensor Save Destinations:
[10/04/2026-22:15:29] [I] === Reporting Options ===
[10/04/2026-22:15:29] [I] Verbose: Disabled
[10/04/2026-22:15:29] [I] Averages: 1 inferences
[10/04/2026-22:15:29] [I] Percentiles: 90,95,99
[10/04/2026-22:15:29] [I] Dump refittable layers:Disabled
[10/04/2026-22:15:29] [I] Dump output: Disabled
[10/04/2026-22:15:29] [I] Profile: Disabled
[10/04/2026-22:15:29] [I] Export timing to JSON file: 
[10/04/2026-22:15:29] [I] Export output to JSON file: 
[10/04/2026-22:15:29] [I] Export profile to JSON file: 
[10/04/2026-22:15:29] [I] 
[10/04/2026-22:15:29] [I] === Device Information ===
[10/04/2026-22:15:29] [I] Available Devices: 
[10/04/2026-22:15:29] [I]   Device 0: "Orin" UUID: GPU-6e16c2c1-e394-5324-8f2e-63a975968f4e
[10/04/2026-22:15:29] [I] Selected Device: Orin
[10/04/2026-22:15:29] [I] Selected Device ID: 0
[10/04/2026-22:15:29] [I] Selected Device UUID: GPU-6e16c2c1-e394-5324-8f2e-63a975968f4e
[10/04/2026-22:15:29] [I] Compute Capability: 8.7
[10/04/2026-22:15:29] [I] SMs: 8
[10/04/2026-22:15:29] [I] Device Global Memory: 7607 MiB
[10/04/2026-22:15:29] [I] Shared Memory per SM: 164 KiB
[10/04/2026-22:15:29] [I] Memory Bus Width: 128 bits (ECC disabled)
[10/04/2026-22:15:29] [I] Application Compute Clock Rate: 1.02 GHz
[10/04/2026-22:15:29] [I] Application Memory Clock Rate: 1.02 GHz
[10/04/2026-22:15:29] [I] 
[10/04/2026-22:15:29] [I] Note: The application clock rates do not reflect the actual clock rates that the GPU is currently running at.
[10/04/2026-22:15:29] [I] 
[10/04/2026-22:15:29] [I] TensorRT version: 10.3.0
[10/04/2026-22:15:29] [I] Loading standard plugins
[10/04/2026-22:15:29] [I] [TRT] Loaded engine size: 21 MiB
[10/04/2026-22:15:29] [I] Engine deserialized in 0.0762813 sec.
[10/04/2026-22:15:29] [I] [TRT] [MemUsageChange] TensorRT-managed allocation in IExecutionContext creation: CPU +0, GPU +18, now: CPU 0, GPU 36 (MiB)
[10/04/2026-22:15:29] [I] Setting persistentCacheLimit to 0 bytes.
[10/04/2026-22:15:29] [I] Created execution context with device memory size: 18.1641 MiB
[10/04/2026-22:15:29] [I] Using random values for input images
[10/04/2026-22:15:29] [I] Input binding for images with dimensions 1x640x640x3 is created.
[10/04/2026-22:15:29] [I] Output binding for output0 with dimensions 1x300x6 is created.
[10/04/2026-22:15:29] [I] Starting inference
[10/04/2026-22:15:47] [I] Warmup completed 435 queries over 3000 ms
[10/04/2026-22:15:47] [I] Timing trace has 2213 queries over 15.0183 s
[10/04/2026-22:15:47] [I] 
[10/04/2026-22:15:47] [I] === Trace details ===
[10/04/2026-22:15:47] [I] Trace averages of 1 runs:
[10/04/2026-22:15:47] [I] Average on 1 runs - GPU latency: 6.79907 ms - Host latency: 6.92261 ms (enqueue 2.03784 ms)
[10/04/2026-22:15:47] [I] Average on 1 runs - GPU latency: 6.7749 ms - Host latency: 6.90259 ms (enqueue 2.11011 ms)
[10/04/2026-22:15:47] [I] Average on 1 runs - GPU latency: 6.77246 ms - Host latency: 6.84497 ms (enqueue 2.08789 ms)
[10/04/2026-22:15:47] [I] Average on 1 runs - GPU latency: 6.77051 ms - Host latency: 6.83911 ms (enqueue 2.09351 ms)
[10/04/2026-22:15:47] [I] Average on 1 runs - GPU latency: 6.78906 ms - Host latency: 6.86279 ms (enqueue 2.04736 ms)
[10/04/2026-22:15:47] [I] Average on 1 runs - GPU latency: 6.78052 ms - Host latency: 6.85474 ms (enqueue 2.05591 ms)
[10/04/2026-22:15:47] [I] Average on 1 runs - GPU latency: 6.7688 ms - Host latency: 6.84082 ms (enqueue 2.0957 ms)
[10/04/2026-22:15:47] [I] Average on 1 runs - GPU latency: 6.7854 ms - Host latency: 6.8606 ms (enqueue 2.05298 ms)
[10/04/2026-22:15:47] [I] Average on 1 runs - GPU latency: 6.77734 ms - Host latency: 6.84546 ms (enqueue 2.05151 ms)
[10/04/2026-22:15:47] [I] Average on 1 runs - GPU latency: 6.7832 ms - Host latency: 6.85425 ms (enqueue 2.10107 ms)
[10/04/2026-22:15:47] [I] Average on 1 runs - GPU latency: 6.77954 ms - Host latency: 6.8479 ms (enqueue 2.07544 ms)
[10/04/2026-22:15:47] [I] Average on 1 runs - GPU latency: 6.77539 ms - Host latency: 6.84546 ms (enqueue 2.04761 ms)
[10/04/2026-22:15:47] [I] Average on 1 runs - GPU latency: 6.77148 ms - Host latency: 6.84326 ms (enqueue 2.11426 ms)
[10/04/2026-22:15:47] [I] Average on 1 runs - GPU latency: 6.76929 ms - Host latency: 6.83887 ms (enqueue 2.10986 ms)
[10/04/2026-22:15:47] [I] Average on 1 runs - GPU latency: 6.78394 ms - Host latency: 6.85107 ms (enqueue 2.04639 ms)
[10/04/2026-22:15:47] [I] Average on 1 runs - GPU latency: 6.77124 ms - Host latency: 6.84155 ms (enqueue 2.07788 ms)
[10/04/2026-22:15:47] [I] Average on 1 runs - GPU latency: 6.77856 ms - Host latency: 6.84961 ms (enqueue 2.12524 ms)
[10/04/2026-22:15:47] [I] Average on 1 runs - GPU latency: 6.77563 ms - Host latency: 6.84692 ms (enqueue 2.04858 ms)
[10/04/2026-22:15:47] [I] Average on 1 runs - GPU latency: 6.77808 ms - Host latency: 6.85425 ms (enqueue 2.06445 ms)
[10/04/2026-22:15:47] [I] Average on 1 runs - GPU latency: 6.77881 ms - Host latency: 6.85498 ms (enqueue 2.08667 ms)
[10/04/2026-22:15:47] [I] Average on 1 runs - GPU latency: 6.78687 ms - Host latency: 6.85815 ms (enqueue 2.06226 ms)
[10/04/2026-22:15:47] [I] Average on 1 runs - GPU latency: 6.771 ms - Host latency: 6.84302 ms (enqueue 2.04736 ms)
[10/04/2026-22:15:47] [I] Average on 1 runs - GPU latency: 6.78687 ms - Host latency: 6.86084 ms (enqueue 2.10156 ms)
[10/04/2026-22:15:47] [I] Average on 1 runs - GPU latency: 6.77979 ms - Host latency: 6.8501 ms (enqueue 2.10107 ms)
[10/04/2026-22:15:47] [I] Average on 1 runs - GPU latency: 6.77759 ms - Host latency: 6.85229 ms (enqueue 2.04443 ms)
[10/04/2026-22:15:47] [I] Average on 1 runs - GPU latency: 6.78833 ms - Host latency: 6.85596 ms (enqueue 2.08521 ms)
[10/04/2026-22:15:47] [I] Average on 1 runs - GPU latency: 6.76929 ms - Host latency: 6.84082 ms (enqueue 2.1145 ms)
[10/04/2026-22:15:47] [I] Average on 1 runs - GPU latency: 6.77734 ms - Host latency: 6.85425 ms (enqueue 2.16235 ms)
[10/04/2026-22:15:47] [I] Average on 1 runs - GPU latency: 6.77246 ms - Host latency: 6.85742 ms (enqueue 2.28735 ms)
[10/04/2026-22:15:47] [I] Average on 1 runs - GPU latency: 6.78296 ms - Host latency: 6.86865 ms (enqueue 2.11304 ms)
[10/04/2026-22:15:47] [I] Average on 1 runs - GPU latency: 6.78833 ms - Host latency: 6.85864 ms (enqueue 2.07153 ms)
[10/04/2026-22:15:47] [I] Average on 1 runs - GPU latency: 6.77344 ms - Host latency: 6.84448 ms (enqueue 2.09644 ms)
[10/04/2026-22:15:47] [I] Average on 1 runs - GPU latency: 6.77783 ms - Host latency: 6.85254 ms (enqueue 2.10913 ms)
[10/04/2026-22:15:47] [I] Average on 1 runs - GPU latency: 6.77588 ms - Host latency: 6.84839 ms (enqueue 2.06738 ms)
[10/04/2026-22:15:47] [I] Average on 1 runs - GPU latency: 6.78296 ms - Host latency: 6.85205 ms (enqueue 2.04614 ms)
[10/04/2026-22:15:47] [I] Average on 1 runs - GPU latency: 6.77661 ms - Host latency: 6.84521 ms (enqueue 2.07959 ms)
[10/04/2026-22:15:47] [I] Average on 1 runs - GPU latency: 6.771 ms - Host latency: 6.84204 ms (enqueue 2.07178 ms)
[10/04/2026-22:15:47] [I] Average on 1 runs - GPU latency: 6.78467 ms - Host latency: 6.85278 ms (enqueue 2.02881 ms)
[10/04/2026-22:15:47] [I] Average on 1 runs - GPU latency: 6.78516 ms - Host latency: 6.85669 ms (enqueue 2.12085 ms)
[10/04/2026-22:15:47] [I] Average on 1 runs - GPU latency: 6.7666 ms - Host latency: 6.84155 ms (enqueue 2.07251 ms)
[10/04/2026-22:15:47] [I] Average on 1 runs - GPU latency: 6.77905 ms - Host latency: 6.8501 ms (enqueue 2.03784 ms)
[10/04/2026-22:15:47] [I] Average on 1 runs - GPU latency: 6.78052 ms - Host latency: 6.85522 ms (enqueue 2.00635 ms)
[10/04/2026-22:15:47] [I] Average on 1 runs - GPU latency: 6.78491 ms - Host latency: 6.85425 ms (enqueue 2.06982 ms)
[10/04/2026-22:15:47] [I] Average on 1 runs - GPU latency: 6.77271 ms - Host latency: 6.8501 ms (enqueue 2.01758 ms)
[10/04/2026-22:15:47] [I] Average on 1 runs - GPU latency: 6.78149 ms - Host latency: 6.85132 ms (enqueue 2.02515 ms)
[10/04/2026-22:15:47] [I] Average on 1 runs - GPU latency: 6.77856 ms - Host latency: 6.84839 ms (enqueue 2.10571 ms)
[10/04/2026-22:15:47] [I] Average on 1 runs - GPU latency: 6.78223 ms - Host latency: 6.85229 ms (enqueue 2.09204 ms)
[10/04/2026-22:15:47] [I] Average on 1 runs - GPU latency: 6.77905 ms - Host latency: 6.85107 ms (enqueue 2.04517 ms)
[10/04/2026-22:15:47] [I] Average on 1 runs - GPU latency: 6.78784 ms - Host latency: 6.86133 ms (enqueue 2.07397 ms)
[10/04/2026-22:15:47] [I] Average on 1 runs - GPU latency: 6.77905 ms - Host latency: 6.85083 ms (enqueue 2.07617 ms)
[10/04/2026-22:15:47] [I] Average on 1 runs - GPU latency: 6.78223 ms - Host latency: 6.85254 ms (enqueue 2.03198 ms)
[10/04/2026-22:15:47] [I] Average on 1 runs - GPU latency: 6.78174 ms - Host latency: 6.86157 ms (enqueue 2.14746 ms)
[10/04/2026-22:15:47] [I] Average on 1 runs - GPU latency: 6.77954 ms - Host latency: 6.85425 ms (enqueue 2.1189 ms)
[10/04/2026-22:15:47] [I] Average on 1 runs - GPU latency: 6.77881 ms - Host latency: 6.84814 ms (enqueue 2.05908 ms)
[10/04/2026-22:15:47] [I] Average on 1 runs - GPU latency: 6.78125 ms - Host latency: 6.85596 ms (enqueue 2.03564 ms)
[10/04/2026-22:15:47] [I] Average on 1 runs - GPU latency: 6.77051 ms - Host latency: 6.84229 ms (enqueue 2.08789 ms)
[10/04/2026-22:15:47] [I] Average on 1 runs - GPU latency: 6.78101 ms - Host latency: 6.85425 ms (enqueue 2.06641 ms)
[10/04/2026-22:15:47] [I] Average on 1 runs - GPU latency: 6.78101 ms - Host latency: 6.85107 ms (enqueue 2.01343 ms)
[10/04/2026-22:15:47] [I] Average on 1 runs - GPU latency: 6.78589 ms - Host latency: 6.85889 ms (enqueue 2.05957 ms)
[10/04/2026-22:15:47] [I] Average on 1 runs - GPU latency: 6.77637 ms - Host latency: 6.84717 ms (enqueue 2.04419 ms)
[10/04/2026-22:15:47] [I] Average on 1 runs - GPU latency: 6.78345 ms - Host latency: 6.86133 ms (enqueue 2.0144 ms)
[10/04/2026-22:15:47] [I] Average on 1 runs - GPU latency: 6.77881 ms - Host latency: 6.85132 ms (enqueue 2.04712 ms)
[10/04/2026-22:15:47] [I] Average on 1 runs - GPU latency: 6.82568 ms - Host latency: 6.89478 ms (enqueue 2.06714 ms)
[10/04/2026-22:15:47] [I] Average on 1 runs - GPU latency: 6.79199 ms - Host latency: 6.87524 ms (enqueue 2.38794 ms)
[10/04/2026-22:15:47] [I] Average on 1 runs - GPU latency: 6.79272 ms - Host latency: 6.87622 ms (enqueue 2.30396 ms)
[10/04/2026-22:15:47] [I] Average on 1 runs - GPU latency: 6.79077 ms - Host latency: 6.87402 ms (enqueue 2.25049 ms)
[10/04/2026-22:15:47] [I] Average on 1 runs - GPU latency: 6.78271 ms - Host latency: 6.85913 ms (enqueue 2.29834 ms)
[10/04/2026-22:15:47] [I] Average on 1 runs - GPU latency: 6.79541 ms - Host latency: 6.87207 ms (enqueue 2.17236 ms)
[10/04/2026-22:15:47] [I] Average on 1 runs - GPU latency: 6.80176 ms - Host latency: 6.87476 ms (enqueue 2.17627 ms)
[10/04/2026-22:15:47] [I] Average on 1 runs - GPU latency: 6.77734 ms - Host latency: 6.85718 ms (enqueue 2.14819 ms)
[10/04/2026-22:15:47] [I] Average on 1 runs - GPU latency: 6.78467 ms - Host latency: 6.86743 ms (enqueue 2.05249 ms)
[10/04/2026-22:15:47] [I] Average on 1 runs - GPU latency: 6.77856 ms - Host latency: 6.84741 ms (enqueue 2.09644 ms)
[10/04/2026-22:15:47] [I] Average on 1 runs - GPU latency: 6.78125 ms - Host latency: 6.84961 ms (enqueue 2.08057 ms)
[10/04/2026-22:15:47] [I] Average on 1 runs - GPU latency: 6.77979 ms - Host latency: 6.84766 ms (enqueue 2.04443 ms)
[10/04/2026-22:15:47] [I] Average on 1 runs - GPU latency: 6.78345 ms - Host latency: 6.85498 ms (enqueue 2.05859 ms)
[10/04/2026-22:15:47] [I] Average on 1 runs - GPU latency: 6.78052 ms - Host latency: 6.84839 ms (enqueue 2.0647 ms)
[10/04/2026-22:15:47] [I] Average on 1 runs - GPU latency: 6.77612 ms - Host latency: 6.84766 ms (enqueue 2.02246 ms)
[10/04/2026-22:15:47] [I] Average on 1 runs - GPU latency: 6.7793 ms - Host latency: 6.85156 ms (enqueue 2.03394 ms)
[10/04/2026-22:15:47] [I] Average on 1 runs - GPU latency: 6.78394 ms - Host latency: 6.85547 ms (enqueue 2.09863 ms)
[10/04/2026-22:15:47] [I] Average on 1 runs - GPU latency: 6.78711 ms - Host latency: 6.8606 ms (enqueue 2.15576 ms)
[10/04/2026-22:15:47] [I] Average on 1 runs - GPU latency: 6.77417 ms - Host latency: 6.84351 ms (enqueue 2.09888 ms)
[10/04/2026-22:15:47] [I] Average on 1 runs - GPU latency: 6.77954 ms - Host latency: 6.85767 ms (enqueue 2.10864 ms)
[10/04/2026-22:15:47] [I] Average on 1 runs - GPU latency: 6.77612 ms - Host latency: 6.84741 ms (enqueue 2.09814 ms)
[10/04/2026-22:15:47] [I] Average on 1 runs - GPU latency: 6.78394 ms - Host latency: 6.8623 ms (enqueue 2.01538 ms)
[10/04/2026-22:15:47] [I] Average on 1 runs - GPU latency: 6.78101 ms - Host latency: 6.85449 ms (enqueue 2.01636 ms)
[10/04/2026-22:15:47] [I] Average on 1 runs - GPU latency: 6.78418 ms - Host latency: 6.85596 ms (enqueue 2.07617 ms)
[10/04/2026-22:15:47] [I] Average on 1 runs - GPU latency: 6.78198 ms - Host latency: 6.85156 ms (enqueue 2.05518 ms)
[10/04/2026-22:15:47] [I] Average on 1 runs - GPU latency: 6.78076 ms - Host latency: 6.85498 ms (enqueue 2.03931 ms)
[10/04/2026-22:15:47] [I] Average on 1 runs - GPU latency: 6.78149 ms - Host latency: 6.85864 ms (enqueue 2.05566 ms)
[10/04/2026-22:15:47] [I] Average on 1 runs - GPU latency: 6.78687 ms - Host latency: 6.85718 ms (enqueue 2.01611 ms)
[10/04/2026-22:15:47] [I] Average on 1 runs - GPU latency: 6.76953 ms - Host latency: 6.84106 ms (enqueue 2.03149 ms)
[10/04/2026-22:15:47] [I] Average on 1 runs - GPU latency: 6.76709 ms - Host latency: 6.84106 ms (enqueue 2.05615 ms)
[10/04/2026-22:15:47] [I] Average on 1 runs - GPU latency: 6.78369 ms - Host latency: 6.85986 ms (enqueue 2.06006 ms)
[10/04/2026-22:15:47] [I] Average on 1 runs - GPU latency: 6.78247 ms - Host latency: 6.85449 ms (enqueue 2.02271 ms)
[10/04/2026-22:15:47] [I] Average on 1 runs - GPU latency: 6.78369 ms - Host latency: 6.85327 ms (enqueue 2.07593 ms)
[10/04/2026-22:15:47] [I] Average on 1 runs - GPU latency: 6.78027 ms - Host latency: 6.85156 ms (enqueue 2.08105 ms)
[10/04/2026-22:15:47] [I] Average on 1 runs - GPU latency: 6.78149 ms - Host latency: 6.85107 ms (enqueue 2.05249 ms)
[10/04/2026-22:15:47] [I] Average on 1 runs - GPU latency: 6.78442 ms - Host latency: 6.85718 ms (enqueue 2.052 ms)
[10/04/2026-22:15:47] [I] Average on 1 runs - GPU latency: 6.78711 ms - Host latency: 6.85913 ms (enqueue 2.1167 ms)
[10/04/2026-22:15:47] [I] Average on 1 runs - GPU latency: 6.78003 ms - Host latency: 6.85107 ms (enqueue 2.04932 ms)
[10/04/2026-22:15:47] [I] Average on 1 runs - GPU latency: 6.7793 ms - Host latency: 6.84961 ms (enqueue 2.03589 ms)
[10/04/2026-22:15:47] [I] Average on 1 runs - GPU latency: 6.78589 ms - Host latency: 6.85938 ms (enqueue 2.03955 ms)
[10/04/2026-22:15:47] [I] Average on 1 runs - GPU latency: 6.77686 ms - Host latency: 6.8479 ms (enqueue 2.04321 ms)
[10/04/2026-22:15:47] [I] Average on 1 runs - GPU latency: 6.77954 ms - Host latency: 6.85132 ms (enqueue 2.00342 ms)
[10/04/2026-22:15:47] [I] Average on 1 runs - GPU latency: 6.7749 ms - Host latency: 6.8457 ms (enqueue 2.06934 ms)
[10/04/2026-22:15:47] [I] Average on 1 runs - GPU latency: 6.77612 ms - Host latency: 6.84814 ms (enqueue 2.10498 ms)
[10/04/2026-22:15:47] [I] Average on 1 runs - GPU latency: 6.77222 ms - Host latency: 6.83911 ms (enqueue 2.03491 ms)
[10/04/2026-22:15:47] [I] Average on 1 runs - GPU latency: 6.78418 ms - Host latency: 6.85669 ms (enqueue 2.03564 ms)
[10/04/2026-22:15:47] [I] Average on 1 runs - GPU latency: 6.78442 ms - Host latency: 6.85474 ms (enqueue 2.07178 ms)
[10/04/2026-22:15:47] [I] Average on 1 runs - GPU latency: 6.78442 ms - Host latency: 6.85522 ms (enqueue 2.04053 ms)
[10/04/2026-22:15:47] [I] Average on 1 runs - GPU latency: 6.77612 ms - Host latency: 6.84668 ms (enqueue 2.01465 ms)
[10/04/2026-22:15:47] [I] Average on 1 runs - GPU latency: 6.78833 ms - Host latency: 6.87354 ms (enqueue 2.05737 ms)
[10/04/2026-22:15:47] [I] Average on 1 runs - GPU latency: 6.78394 ms - Host latency: 6.85693 ms (enqueue 2.02563 ms)
[10/04/2026-22:15:47] [I] Average on 1 runs - GPU latency: 6.78711 ms - Host latency: 6.85791 ms (enqueue 2.02759 ms)
[10/04/2026-22:15:47] [I] Average on 1 runs - GPU latency: 6.77979 ms - Host latency: 6.85962 ms (enqueue 2.06885 ms)
[10/04/2026-22:15:47] [I] Average on 1 runs - GPU latency: 6.76709 ms - Host latency: 6.84033 ms (enqueue 2.02319 ms)
[10/04/2026-22:15:47] [I] Average on 1 runs - GPU latency: 6.7854 ms - Host latency: 6.8584 ms (enqueue 1.99219 ms)
[10/04/2026-22:15:47] [I] Average on 1 runs - GPU latency: 6.7793 ms - Host latency: 6.84814 ms (enqueue 2.05029 ms)
[10/04/2026-22:15:47] [I] Average on 1 runs - GPU latency: 6.77515 ms - Host latency: 6.84424 ms (enqueue 2.09888 ms)
[10/04/2026-22:15:47] [I] Average on 1 runs - GPU latency: 6.78149 ms - Host latency: 6.8562 ms (enqueue 2.00977 ms)
[10/04/2026-22:15:47] [I] Average on 1 runs - GPU latency: 6.78906 ms - Host latency: 6.86084 ms (enqueue 2.01904 ms)
[10/04/2026-22:15:47] [I] Average on 1 runs - GPU latency: 6.78369 ms - Host latency: 6.85303 ms (enqueue 2.05176 ms)
[10/04/2026-22:15:47] [I] Average on 1 runs - GPU latency: 6.76855 ms - Host latency: 6.84058 ms (enqueue 2.01562 ms)
[10/04/2026-22:15:47] [I] Average on 1 runs - GPU latency: 6.76758 ms - Host latency: 6.84839 ms (enqueue 2.16479 ms)
[10/04/2026-22:15:47] [I] Average on 1 runs - GPU latency: 6.77905 ms - Host latency: 6.85352 ms (enqueue 2.12598 ms)
[10/04/2026-22:15:47] [I] Average on 1 runs - GPU latency: 6.77319 ms - Host latency: 6.84692 ms (enqueue 2.0791 ms)
[10/04/2026-22:15:47] [I] Average on 1 runs - GPU latency: 6.77002 ms - Host latency: 6.84595 ms (enqueue 2.19922 ms)
[10/04/2026-22:15:47] [I] Average on 1 runs - GPU latency: 6.76196 ms - Host latency: 6.83105 ms (enqueue 2.10889 ms)
[10/04/2026-22:15:47] [I] Average on 1 runs - GPU latency: 6.78516 ms - Host latency: 6.8606 ms (enqueue 2.07104 ms)
[10/04/2026-22:15:47] [I] Average on 1 runs - GPU latency: 6.77881 ms - Host latency: 6.85254 ms (enqueue 2.05396 ms)
[10/04/2026-22:15:47] [I] Average on 1 runs - GPU latency: 6.78003 ms - Host latency: 6.85132 ms (enqueue 2.0376 ms)
[10/04/2026-22:15:47] [I] Average on 1 runs - GPU latency: 6.77075 ms - Host latency: 6.84521 ms (enqueue 2.09351 ms)
[10/04/2026-22:15:47] [I] Average on 1 runs - GPU latency: 6.77197 ms - Host latency: 6.84058 ms (enqueue 2.04785 ms)
[10/04/2026-22:15:47] [I] Average on 1 runs - GPU latency: 6.77319 ms - Host latency: 6.84863 ms (enqueue 2.05273 ms)
[10/04/2026-22:15:47] [I] Average on 1 runs - GPU latency: 6.78003 ms - Host latency: 6.84888 ms (enqueue 2.09204 ms)
[10/04/2026-22:15:47] [I] Average on 1 runs - GPU latency: 6.77881 ms - Host latency: 6.85229 ms (enqueue 2.04761 ms)
[10/04/2026-22:15:47] [I] Average on 1 runs - GPU latency: 6.78101 ms - Host latency: 6.84985 ms (enqueue 2.05835 ms)
[10/04/2026-22:15:47] [I] Average on 1 runs - GPU latency: 6.77759 ms - Host latency: 6.85083 ms (enqueue 2.08618 ms)
[10/04/2026-22:15:47] [I] Average on 1 runs - GPU latency: 6.7793 ms - Host latency: 6.85645 ms (enqueue 2.09521 ms)
[10/04/2026-22:15:47] [I] Average on 1 runs - GPU latency: 6.78418 ms - Host latency: 6.8584 ms (enqueue 2.04932 ms)
[10/04/2026-22:15:47] [I] Average on 1 runs - GPU latency: 6.77905 ms - Host latency: 6.85327 ms (enqueue 2.08423 ms)
[10/04/2026-22:15:47] [I] Average on 1 runs - GPU latency: 6.77759 ms - Host latency: 6.84985 ms (enqueue 2.2666 ms)
[10/04/2026-22:15:47] [I] Average on 1 runs - GPU latency: 6.79956 ms - Host latency: 6.86743 ms (enqueue 2.04224 ms)
[10/04/2026-22:15:47] [I] Average on 1 runs - GPU latency: 6.77637 ms - Host latency: 6.84912 ms (enqueue 2.22705 ms)
[10/04/2026-22:15:47] [I] Average on 1 runs - GPU latency: 6.78076 ms - Host latency: 6.8689 ms (enqueue 2.32324 ms)
[10/04/2026-22:15:47] [I] Average on 1 runs - GPU latency: 6.78979 ms - Host latency: 6.86719 ms (enqueue 2.13232 ms)
[10/04/2026-22:15:47] [I] Average on 1 runs - GPU latency: 6.78027 ms - Host latency: 6.85547 ms (enqueue 2.14038 ms)
[10/04/2026-22:15:47] [I] Average on 1 runs - GPU latency: 6.78906 ms - Host latency: 6.86694 ms (enqueue 2.2229 ms)
[10/04/2026-22:15:47] [I] Average on 1 runs - GPU latency: 6.80347 ms - Host latency: 6.88257 ms (enqueue 2.13989 ms)
[10/04/2026-22:15:47] [I] Average on 1 runs - GPU latency: 6.77954 ms - Host latency: 6.85425 ms (enqueue 2.10059 ms)
[10/04/2026-22:15:47] [I] Average on 1 runs - GPU latency: 6.78394 ms - Host latency: 6.85938 ms (enqueue 2.12158 ms)
[10/04/2026-22:15:47] [I] Average on 1 runs - GPU latency: 6.77759 ms - Host latency: 6.85156 ms (enqueue 2.125 ms)
[10/04/2026-22:15:47] [I] Average on 1 runs - GPU latency: 6.77832 ms - Host latency: 6.86035 ms (enqueue 2.05713 ms)
[10/04/2026-22:15:47] [I] Average on 1 runs - GPU latency: 6.77759 ms - Host latency: 6.85107 ms (enqueue 2.08057 ms)
[10/04/2026-22:15:47] [I] Average on 1 runs - GPU latency: 6.77783 ms - Host latency: 6.85278 ms (enqueue 2.09253 ms)
[10/04/2026-22:15:47] [I] Average on 1 runs - GPU latency: 6.77588 ms - Host latency: 6.84521 ms (enqueue 2.04541 ms)
[10/04/2026-22:15:47] [I] Average on 1 runs - GPU latency: 6.77881 ms - Host latency: 6.85229 ms (enqueue 2.06104 ms)
[10/04/2026-22:15:47] [I] Average on 1 runs - GPU latency: 6.77954 ms - Host latency: 6.8501 ms (enqueue 2.09351 ms)
[10/04/2026-22:15:47] [I] Average on 1 runs - GPU latency: 6.77979 ms - Host latency: 6.85767 ms (enqueue 2.04688 ms)
[10/04/2026-22:15:47] [I] Average on 1 runs - GPU latency: 6.78296 ms - Host latency: 6.85449 ms (enqueue 2.05176 ms)
[10/04/2026-22:15:47] [I] Average on 1 runs - GPU latency: 6.77344 ms - Host latency: 6.84497 ms (enqueue 2.0979 ms)
[10/04/2026-22:15:47] [I] Average on 1 runs - GPU latency: 6.77539 ms - Host latency: 6.84741 ms (enqueue 2.06909 ms)
[10/04/2026-22:15:47] [I] Average on 1 runs - GPU latency: 6.77783 ms - Host latency: 6.85596 ms (enqueue 2.04248 ms)
[10/04/2026-22:15:47] [I] Average on 1 runs - GPU latency: 6.78418 ms - Host latency: 6.85889 ms (enqueue 2.3418 ms)
[10/04/2026-22:15:47] [I] Average on 1 runs - GPU latency: 6.78418 ms - Host latency: 6.8584 ms (enqueue 2.09863 ms)
[10/04/2026-22:15:47] [I] Average on 1 runs - GPU latency: 6.78955 ms - Host latency: 6.86182 ms (enqueue 2.04102 ms)
[10/04/2026-22:15:47] [I] Average on 1 runs - GPU latency: 6.77881 ms - Host latency: 6.85205 ms (enqueue 2.03467 ms)
[10/04/2026-22:15:47] [I] Average on 1 runs - GPU latency: 6.77588 ms - Host latency: 6.85352 ms (enqueue 2.04346 ms)
[10/04/2026-22:15:47] [I] Average on 1 runs - GPU latency: 6.76709 ms - Host latency: 6.84277 ms (enqueue 2.02441 ms)
[10/04/2026-22:15:47] [I] Average on 1 runs - GPU latency: 6.77393 ms - Host latency: 6.84863 ms (enqueue 2.02832 ms)
[10/04/2026-22:15:47] [I] Average on 1 runs - GPU latency: 6.77051 ms - Host latency: 6.84229 ms (enqueue 2.08545 ms)
[10/04/2026-22:15:47] [I] Average on 1 runs - GPU latency: 6.7749 ms - Host latency: 6.85254 ms (enqueue 2.0625 ms)
[10/04/2026-22:15:47] [I] Average on 1 runs - GPU latency: 6.78369 ms - Host latency: 6.85986 ms (enqueue 2.05029 ms)
[10/04/2026-22:15:47] [I] Average on 1 runs - GPU latency: 6.76904 ms - Host latency: 6.83936 ms (enqueue 2.07275 ms)
[10/04/2026-22:15:47] [I] Average on 1 runs - GPU latency: 6.7749 ms - Host latency: 6.85059 ms (enqueue 2.10547 ms)
[10/04/2026-22:15:47] [I] Average on 1 runs - GPU latency: 6.78076 ms - Host latency: 6.84717 ms (enqueue 2.04639 ms)
[10/04/2026-22:15:47] [I] Average on 1 runs - GPU latency: 6.79297 ms - Host latency: 6.88037 ms (enqueue 2.04102 ms)
[10/04/2026-22:15:47] [I] Average on 1 runs - GPU latency: 6.77246 ms - Host latency: 6.86279 ms (enqueue 2.271 ms)
[10/04/2026-22:15:47] [I] Average on 1 runs - GPU latency: 6.78076 ms - Host latency: 6.85107 ms (enqueue 2.12939 ms)
[10/04/2026-22:15:47] [I] Average on 1 runs - GPU latency: 6.7749 ms - Host latency: 6.84521 ms (enqueue 2.05078 ms)
[10/04/2026-22:15:47] [I] Average on 1 runs - GPU latency: 6.77441 ms - Host latency: 6.85156 ms (enqueue 2.1001 ms)
[10/04/2026-22:15:47] [I] Average on 1 runs - GPU latency: 6.79004 ms - Host latency: 6.86279 ms (enqueue 2.03711 ms)
[10/04/2026-22:15:47] [I] Average on 1 runs - GPU latency: 6.78467 ms - Host latency: 6.85742 ms (enqueue 2.04736 ms)
[10/04/2026-22:15:47] [I] Average on 1 runs - GPU latency: 6.77539 ms - Host latency: 6.84668 ms (enqueue 2.07959 ms)
[10/04/2026-22:15:47] [I] Average on 1 runs - GPU latency: 6.7793 ms - Host latency: 6.85645 ms (enqueue 2.08643 ms)
[10/04/2026-22:15:47] [I] Average on 1 runs - GPU latency: 6.78271 ms - Host latency: 6.8501 ms (enqueue 2.1499 ms)
[10/04/2026-22:15:47] [I] Average on 1 runs - GPU latency: 6.77588 ms - Host latency: 6.84326 ms (enqueue 2.0791 ms)
[10/04/2026-22:15:47] [I] Average on 1 runs - GPU latency: 6.77441 ms - Host latency: 6.85107 ms (enqueue 2.10791 ms)
[10/04/2026-22:15:47] [I] Average on 1 runs - GPU latency: 6.78711 ms - Host latency: 6.8584 ms (enqueue 2.04199 ms)
[10/04/2026-22:15:47] [I] Average on 1 runs - GPU latency: 6.77881 ms - Host latency: 6.85205 ms (enqueue 2.04248 ms)
[10/04/2026-22:15:47] [I] Average on 1 runs - GPU latency: 6.78857 ms - Host latency: 6.86084 ms (enqueue 2.06055 ms)
[10/04/2026-22:15:47] [I] Average on 1 runs - GPU latency: 6.78906 ms - Host latency: 6.85986 ms (enqueue 2.03076 ms)
[10/04/2026-22:15:47] [I] Average on 1 runs - GPU latency: 6.7832 ms - Host latency: 6.85352 ms (enqueue 2.0249 ms)
[10/04/2026-22:15:47] [I] Average on 1 runs - GPU latency: 6.77881 ms - Host latency: 6.86475 ms (enqueue 2.08789 ms)
[10/04/2026-22:15:47] [I] Average on 1 runs - GPU latency: 6.78076 ms - Host latency: 6.85156 ms (enqueue 2.07471 ms)
[10/04/2026-22:15:47] [I] Average on 1 runs - GPU latency: 6.78027 ms - Host latency: 6.85352 ms (enqueue 2.05176 ms)
[10/04/2026-22:15:47] [I] Average on 1 runs - GPU latency: 6.77539 ms - Host latency: 6.84814 ms (enqueue 2.09229 ms)
[10/04/2026-22:15:47] [I] Average on 1 runs - GPU latency: 6.77734 ms - Host latency: 6.84619 ms (enqueue 2.08105 ms)
[10/04/2026-22:15:47] [I] Average on 1 runs - GPU latency: 6.77783 ms - Host latency: 6.8501 ms (enqueue 2.03125 ms)
[10/04/2026-22:15:47] [I] Average on 1 runs - GPU latency: 6.78613 ms - Host latency: 6.86328 ms (enqueue 2.02344 ms)
[10/04/2026-22:15:47] [I] ... Omitting 1813 lines
[10/04/2026-22:15:47] [I] Average on 1 runs - GPU latency: 6.7793 ms - Host latency: 6.84961 ms (enqueue 2.09766 ms)
[10/04/2026-22:15:47] [I] Average on 1 runs - GPU latency: 6.78125 ms - Host latency: 6.85938 ms (enqueue 2.05664 ms)
[10/04/2026-22:15:47] [I] Average on 1 runs - GPU latency: 6.77734 ms - Host latency: 6.84766 ms (enqueue 2.05273 ms)
[10/04/2026-22:15:47] [I] Average on 1 runs - GPU latency: 6.78125 ms - Host latency: 6.84766 ms (enqueue 2.07812 ms)
[10/04/2026-22:15:47] [I] Average on 1 runs - GPU latency: 6.77539 ms - Host latency: 6.8457 ms (enqueue 2.08789 ms)
[10/04/2026-22:15:47] [I] Average on 1 runs - GPU latency: 6.77344 ms - Host latency: 6.8457 ms (enqueue 2.04883 ms)
[10/04/2026-22:15:47] [I] Average on 1 runs - GPU latency: 6.77344 ms - Host latency: 6.84375 ms (enqueue 2.07422 ms)
[10/04/2026-22:15:47] [I] Average on 1 runs - GPU latency: 6.78516 ms - Host latency: 6.85742 ms (enqueue 2.08789 ms)
[10/04/2026-22:15:47] [I] Average on 1 runs - GPU latency: 6.78516 ms - Host latency: 6.85352 ms (enqueue 2.03125 ms)
[10/04/2026-22:15:47] [I] Average on 1 runs - GPU latency: 6.77734 ms - Host latency: 6.84766 ms (enqueue 2.07031 ms)
[10/04/2026-22:15:47] [I] Average on 1 runs - GPU latency: 6.76953 ms - Host latency: 6.83984 ms (enqueue 2.12109 ms)
[10/04/2026-22:15:47] [I] Average on 1 runs - GPU latency: 6.7832 ms - Host latency: 6.85156 ms (enqueue 2.04883 ms)
[10/04/2026-22:15:47] [I] Average on 1 runs - GPU latency: 6.77734 ms - Host latency: 6.84766 ms (enqueue 2.04297 ms)
[10/04/2026-22:15:47] [I] Average on 1 runs - GPU latency: 6.78516 ms - Host latency: 6.85938 ms (enqueue 2.09375 ms)
[10/04/2026-22:15:47] [I] Average on 1 runs - GPU latency: 6.76953 ms - Host latency: 6.83789 ms (enqueue 1.99414 ms)
[10/04/2026-22:15:47] [I] Average on 1 runs - GPU latency: 6.77734 ms - Host latency: 6.84961 ms (enqueue 2.01172 ms)
[10/04/2026-22:15:47] [I] Average on 1 runs - GPU latency: 6.77539 ms - Host latency: 6.84766 ms (enqueue 2.07422 ms)
[10/04/2026-22:15:47] [I] Average on 1 runs - GPU latency: 6.78906 ms - Host latency: 6.86328 ms (enqueue 2.06836 ms)
[10/04/2026-22:15:47] [I] Average on 1 runs - GPU latency: 6.77734 ms - Host latency: 6.84766 ms (enqueue 2.02539 ms)
[10/04/2026-22:15:47] [I] Average on 1 runs - GPU latency: 6.77734 ms - Host latency: 6.84766 ms (enqueue 2.06445 ms)
[10/04/2026-22:15:47] [I] Average on 1 runs - GPU latency: 6.7832 ms - Host latency: 6.85352 ms (enqueue 2.10938 ms)
[10/04/2026-22:15:47] [I] Average on 1 runs - GPU latency: 6.77734 ms - Host latency: 6.84766 ms (enqueue 2.05664 ms)
[10/04/2026-22:15:47] [I] Average on 1 runs - GPU latency: 6.77344 ms - Host latency: 6.84375 ms (enqueue 2.06836 ms)
[10/04/2026-22:15:47] [I] Average on 1 runs - GPU latency: 6.77344 ms - Host latency: 6.84375 ms (enqueue 2.09961 ms)
[10/04/2026-22:15:47] [I] Average on 1 runs - GPU latency: 6.76953 ms - Host latency: 6.83789 ms (enqueue 2.05469 ms)
[10/04/2026-22:15:47] [I] Average on 1 runs - GPU latency: 6.76953 ms - Host latency: 6.84375 ms (enqueue 2.05859 ms)
[10/04/2026-22:15:47] [I] Average on 1 runs - GPU latency: 6.79883 ms - Host latency: 6.86914 ms (enqueue 2.10352 ms)
[10/04/2026-22:15:47] [I] Average on 1 runs - GPU latency: 6.77734 ms - Host latency: 6.84961 ms (enqueue 2.04883 ms)
[10/04/2026-22:15:47] [I] Average on 1 runs - GPU latency: 6.77148 ms - Host latency: 6.84375 ms (enqueue 2.05078 ms)
[10/04/2026-22:15:47] [I] Average on 1 runs - GPU latency: 6.7793 ms - Host latency: 6.8457 ms (enqueue 2.08984 ms)
[10/04/2026-22:15:47] [I] Average on 1 runs - GPU latency: 6.77539 ms - Host latency: 6.8457 ms (enqueue 2.0957 ms)
[10/04/2026-22:15:47] [I] Average on 1 runs - GPU latency: 6.77148 ms - Host latency: 6.84375 ms (enqueue 2.05664 ms)
[10/04/2026-22:15:47] [I] Average on 1 runs - GPU latency: 6.78125 ms - Host latency: 6.84961 ms (enqueue 2.10742 ms)
[10/04/2026-22:15:47] [I] Average on 1 runs - GPU latency: 6.77539 ms - Host latency: 6.8418 ms (enqueue 2.11133 ms)
[10/04/2026-22:15:47] [I] Average on 1 runs - GPU latency: 6.77539 ms - Host latency: 6.8457 ms (enqueue 2.05078 ms)
[10/04/2026-22:15:47] [I] Average on 1 runs - GPU latency: 6.77539 ms - Host latency: 6.8457 ms (enqueue 2.0625 ms)
[10/04/2026-22:15:47] [I] Average on 1 runs - GPU latency: 6.77539 ms - Host latency: 6.8457 ms (enqueue 2.08008 ms)
[10/04/2026-22:15:47] [I] Average on 1 runs - GPU latency: 6.7793 ms - Host latency: 6.84766 ms (enqueue 2.04688 ms)
[10/04/2026-22:15:47] [I] Average on 1 runs - GPU latency: 6.77539 ms - Host latency: 6.85938 ms (enqueue 2.04883 ms)
[10/04/2026-22:15:47] [I] Average on 1 runs - GPU latency: 6.76367 ms - Host latency: 6.83398 ms (enqueue 2.0957 ms)
[10/04/2026-22:15:47] [I] Average on 1 runs - GPU latency: 6.78516 ms - Host latency: 6.85938 ms (enqueue 2.06055 ms)
[10/04/2026-22:15:47] [I] Average on 1 runs - GPU latency: 6.77148 ms - Host latency: 6.8418 ms (enqueue 2.05664 ms)
[10/04/2026-22:15:47] [I] Average on 1 runs - GPU latency: 6.78516 ms - Host latency: 6.85938 ms (enqueue 2.10352 ms)
[10/04/2026-22:15:47] [I] Average on 1 runs - GPU latency: 6.77734 ms - Host latency: 6.84766 ms (enqueue 2.10156 ms)
[10/04/2026-22:15:47] [I] Average on 1 runs - GPU latency: 6.77344 ms - Host latency: 6.84961 ms (enqueue 2.04688 ms)
[10/04/2026-22:15:47] [I] Average on 1 runs - GPU latency: 6.78125 ms - Host latency: 6.85547 ms (enqueue 2.03516 ms)
[10/04/2026-22:15:47] [I] Average on 1 runs - GPU latency: 6.78125 ms - Host latency: 6.85547 ms (enqueue 2.06055 ms)
[10/04/2026-22:15:47] [I] Average on 1 runs - GPU latency: 6.77539 ms - Host latency: 6.84961 ms (enqueue 2.02344 ms)
[10/04/2026-22:15:47] [I] Average on 1 runs - GPU latency: 6.7832 ms - Host latency: 6.85156 ms (enqueue 2.03906 ms)
[10/04/2026-22:15:47] [I] Average on 1 runs - GPU latency: 6.7793 ms - Host latency: 6.85547 ms (enqueue 2.07617 ms)
[10/04/2026-22:15:47] [I] Average on 1 runs - GPU latency: 6.78125 ms - Host latency: 6.84961 ms (enqueue 2.03906 ms)
[10/04/2026-22:15:47] [I] Average on 1 runs - GPU latency: 6.77539 ms - Host latency: 6.84766 ms (enqueue 2.0332 ms)
[10/04/2026-22:15:47] [I] Average on 1 runs - GPU latency: 6.77539 ms - Host latency: 6.8457 ms (enqueue 2.08594 ms)
[10/04/2026-22:15:47] [I] Average on 1 runs - GPU latency: 6.7832 ms - Host latency: 6.85938 ms (enqueue 2.10547 ms)
[10/04/2026-22:15:47] [I] Average on 1 runs - GPU latency: 6.7832 ms - Host latency: 6.85156 ms (enqueue 2.03906 ms)
[10/04/2026-22:15:47] [I] Average on 1 runs - GPU latency: 6.81445 ms - Host latency: 6.88086 ms (enqueue 2.08203 ms)
[10/04/2026-22:15:47] [I] Average on 1 runs - GPU latency: 6.79102 ms - Host latency: 6.85938 ms (enqueue 2.0957 ms)
[10/04/2026-22:15:47] [I] Average on 1 runs - GPU latency: 6.79102 ms - Host latency: 6.86328 ms (enqueue 2.03711 ms)
[10/04/2026-22:15:47] [I] Average on 1 runs - GPU latency: 6.79688 ms - Host latency: 6.86523 ms (enqueue 2.03516 ms)
[10/04/2026-22:15:47] [I] Average on 1 runs - GPU latency: 6.78516 ms - Host latency: 6.85742 ms (enqueue 2.08984 ms)
[10/04/2026-22:15:47] [I] Average on 1 runs - GPU latency: 6.78516 ms - Host latency: 6.85742 ms (enqueue 2.04883 ms)
[10/04/2026-22:15:47] [I] Average on 1 runs - GPU latency: 6.77344 ms - Host latency: 6.8457 ms (enqueue 2.03906 ms)
[10/04/2026-22:15:47] [I] Average on 1 runs - GPU latency: 6.79688 ms - Host latency: 6.86914 ms (enqueue 2.09961 ms)
[10/04/2026-22:15:47] [I] Average on 1 runs - GPU latency: 6.7793 ms - Host latency: 6.84961 ms (enqueue 2.08398 ms)
[10/04/2026-22:15:47] [I] Average on 1 runs - GPU latency: 6.7793 ms - Host latency: 6.84961 ms (enqueue 2.05273 ms)
[10/04/2026-22:15:47] [I] Average on 1 runs - GPU latency: 6.77734 ms - Host latency: 6.85938 ms (enqueue 2.07031 ms)
[10/04/2026-22:15:47] [I] Average on 1 runs - GPU latency: 6.77539 ms - Host latency: 6.84766 ms (enqueue 2.09375 ms)
[10/04/2026-22:15:47] [I] Average on 1 runs - GPU latency: 6.77734 ms - Host latency: 6.8457 ms (enqueue 2.04883 ms)
[10/04/2026-22:15:47] [I] Average on 1 runs - GPU latency: 6.77539 ms - Host latency: 6.84766 ms (enqueue 2.04102 ms)
[10/04/2026-22:15:47] [I] Average on 1 runs - GPU latency: 6.7832 ms - Host latency: 6.85156 ms (enqueue 2.07617 ms)
[10/04/2026-22:15:47] [I] Average on 1 runs - GPU latency: 6.77539 ms - Host latency: 6.84375 ms (enqueue 2.03906 ms)
[10/04/2026-22:15:47] [I] Average on 1 runs - GPU latency: 6.78516 ms - Host latency: 6.85938 ms (enqueue 2.05273 ms)
[10/04/2026-22:15:47] [I] Average on 1 runs - GPU latency: 6.76953 ms - Host latency: 6.84375 ms (enqueue 2.0918 ms)
[10/04/2026-22:15:47] [I] Average on 1 runs - GPU latency: 6.77148 ms - Host latency: 6.8418 ms (enqueue 2.03516 ms)
[10/04/2026-22:15:47] [I] Average on 1 runs - GPU latency: 6.78516 ms - Host latency: 6.85742 ms (enqueue 2.03906 ms)
[10/04/2026-22:15:47] [I] Average on 1 runs - GPU latency: 6.78516 ms - Host latency: 6.85742 ms (enqueue 2.07031 ms)
[10/04/2026-22:15:47] [I] Average on 1 runs - GPU latency: 6.7793 ms - Host latency: 6.85352 ms (enqueue 2.08984 ms)
[10/04/2026-22:15:47] [I] Average on 1 runs - GPU latency: 6.78906 ms - Host latency: 6.85742 ms (enqueue 2.04102 ms)
[10/04/2026-22:15:47] [I] Average on 1 runs - GPU latency: 6.7832 ms - Host latency: 6.85352 ms (enqueue 2.08984 ms)
[10/04/2026-22:15:47] [I] Average on 1 runs - GPU latency: 6.77344 ms - Host latency: 6.85938 ms (enqueue 2.09961 ms)
[10/04/2026-22:15:47] [I] Average on 1 runs - GPU latency: 6.77539 ms - Host latency: 6.8457 ms (enqueue 2.04688 ms)
[10/04/2026-22:15:47] [I] Average on 1 runs - GPU latency: 6.76953 ms - Host latency: 6.8418 ms (enqueue 2.04688 ms)
[10/04/2026-22:15:47] [I] Average on 1 runs - GPU latency: 6.77539 ms - Host latency: 6.84766 ms (enqueue 2.07422 ms)
[10/04/2026-22:15:47] [I] Average on 1 runs - GPU latency: 6.7832 ms - Host latency: 6.85156 ms (enqueue 2.04102 ms)
[10/04/2026-22:15:47] [I] Average on 1 runs - GPU latency: 6.78125 ms - Host latency: 6.85156 ms (enqueue 2.03711 ms)
[10/04/2026-22:15:47] [I] Average on 1 runs - GPU latency: 6.78516 ms - Host latency: 6.85547 ms (enqueue 2.10938 ms)
[10/04/2026-22:15:47] [I] Average on 1 runs - GPU latency: 6.78711 ms - Host latency: 6.85742 ms (enqueue 2.07422 ms)
[10/04/2026-22:15:47] [I] Average on 1 runs - GPU latency: 6.77344 ms - Host latency: 6.84375 ms (enqueue 2.05469 ms)
[10/04/2026-22:15:47] [I] Average on 1 runs - GPU latency: 6.77344 ms - Host latency: 6.84375 ms (enqueue 2.07617 ms)
[10/04/2026-22:15:47] [I] Average on 1 runs - GPU latency: 6.79297 ms - Host latency: 6.86133 ms (enqueue 2.10547 ms)
[10/04/2026-22:15:47] [I] Average on 1 runs - GPU latency: 6.77734 ms - Host latency: 6.84961 ms (enqueue 2.05859 ms)
[10/04/2026-22:15:47] [I] Average on 1 runs - GPU latency: 6.78125 ms - Host latency: 6.84961 ms (enqueue 2.05664 ms)
[10/04/2026-22:15:47] [I] Average on 1 runs - GPU latency: 6.7793 ms - Host latency: 6.85352 ms (enqueue 2.14062 ms)
[10/04/2026-22:15:47] [I] Average on 1 runs - GPU latency: 6.77344 ms - Host latency: 6.84375 ms (enqueue 2.05469 ms)
[10/04/2026-22:15:47] [I] Average on 1 runs - GPU latency: 6.7793 ms - Host latency: 6.85938 ms (enqueue 2.05078 ms)
[10/04/2026-22:15:47] [I] Average on 1 runs - GPU latency: 6.78125 ms - Host latency: 6.84766 ms (enqueue 2.10352 ms)
[10/04/2026-22:15:47] [I] Average on 1 runs - GPU latency: 6.78125 ms - Host latency: 6.84961 ms (enqueue 2.05859 ms)
[10/04/2026-22:15:47] [I] Average on 1 runs - GPU latency: 6.7793 ms - Host latency: 6.84766 ms (enqueue 2.05664 ms)
[10/04/2026-22:15:47] [I] Average on 1 runs - GPU latency: 6.7793 ms - Host latency: 6.85156 ms (enqueue 2.09961 ms)
[10/04/2026-22:15:47] [I] Average on 1 runs - GPU latency: 6.7793 ms - Host latency: 6.85156 ms (enqueue 2.07422 ms)
[10/04/2026-22:15:47] [I] Average on 1 runs - GPU latency: 6.7793 ms - Host latency: 6.84375 ms (enqueue 2.06055 ms)
[10/04/2026-22:15:47] [I] Average on 1 runs - GPU latency: 6.78125 ms - Host latency: 6.84766 ms (enqueue 2.07031 ms)
[10/04/2026-22:15:47] [I] Average on 1 runs - GPU latency: 6.79492 ms - Host latency: 6.86523 ms (enqueue 2.11523 ms)
[10/04/2026-22:15:47] [I] Average on 1 runs - GPU latency: 6.78125 ms - Host latency: 6.85547 ms (enqueue 2.00391 ms)
[10/04/2026-22:15:47] [I] Average on 1 runs - GPU latency: 6.78125 ms - Host latency: 6.84766 ms (enqueue 2.02344 ms)
[10/04/2026-22:15:47] [I] Average on 1 runs - GPU latency: 6.77734 ms - Host latency: 6.84375 ms (enqueue 2.07617 ms)
[10/04/2026-22:15:47] [I] Average on 1 runs - GPU latency: 6.77734 ms - Host latency: 6.85742 ms (enqueue 2.03516 ms)
[10/04/2026-22:15:47] [I] Average on 1 runs - GPU latency: 6.78711 ms - Host latency: 6.85547 ms (enqueue 2.0332 ms)
[10/04/2026-22:15:47] [I] Average on 1 runs - GPU latency: 6.78516 ms - Host latency: 6.85547 ms (enqueue 2.10156 ms)
[10/04/2026-22:15:47] [I] Average on 1 runs - GPU latency: 6.7793 ms - Host latency: 6.84961 ms (enqueue 2.07227 ms)
[10/04/2026-22:15:47] [I] Average on 1 runs - GPU latency: 6.78125 ms - Host latency: 6.85352 ms (enqueue 2.04102 ms)
[10/04/2026-22:15:47] [I] Average on 1 runs - GPU latency: 6.77148 ms - Host latency: 6.84375 ms (enqueue 2.07812 ms)
[10/04/2026-22:15:47] [I] Average on 1 runs - GPU latency: 6.7832 ms - Host latency: 6.86133 ms (enqueue 2.11719 ms)
[10/04/2026-22:15:47] [I] Average on 1 runs - GPU latency: 6.77734 ms - Host latency: 6.85156 ms (enqueue 2.03906 ms)
[10/04/2026-22:15:47] [I] Average on 1 runs - GPU latency: 6.77539 ms - Host latency: 6.84961 ms (enqueue 2.04688 ms)
[10/04/2026-22:15:47] [I] Average on 1 runs - GPU latency: 6.77539 ms - Host latency: 6.84961 ms (enqueue 2.07617 ms)
[10/04/2026-22:15:47] [I] Average on 1 runs - GPU latency: 6.77734 ms - Host latency: 6.84766 ms (enqueue 2.04297 ms)
[10/04/2026-22:15:47] [I] Average on 1 runs - GPU latency: 6.77344 ms - Host latency: 6.85156 ms (enqueue 2.0625 ms)
[10/04/2026-22:15:47] [I] Average on 1 runs - GPU latency: 6.77148 ms - Host latency: 6.8418 ms (enqueue 2.10742 ms)
[10/04/2026-22:15:47] [I] Average on 1 runs - GPU latency: 6.78711 ms - Host latency: 6.85938 ms (enqueue 2.07227 ms)
[10/04/2026-22:15:47] [I] Average on 1 runs - GPU latency: 6.77734 ms - Host latency: 6.85352 ms (enqueue 2.04688 ms)
[10/04/2026-22:15:47] [I] Average on 1 runs - GPU latency: 6.78711 ms - Host latency: 6.85742 ms (enqueue 2.06836 ms)
[10/04/2026-22:15:47] [I] Average on 1 runs - GPU latency: 6.77539 ms - Host latency: 6.84766 ms (enqueue 2.08008 ms)
[10/04/2026-22:15:47] [I] Average on 1 runs - GPU latency: 6.78125 ms - Host latency: 6.85352 ms (enqueue 2.03516 ms)
[10/04/2026-22:15:47] [I] Average on 1 runs - GPU latency: 6.78125 ms - Host latency: 6.85156 ms (enqueue 2.08008 ms)
[10/04/2026-22:15:47] [I] Average on 1 runs - GPU latency: 6.7793 ms - Host latency: 6.84766 ms (enqueue 2.10547 ms)
[10/04/2026-22:15:47] [I] Average on 1 runs - GPU latency: 6.78125 ms - Host latency: 6.84961 ms (enqueue 2.04883 ms)
[10/04/2026-22:15:47] [I] Average on 1 runs - GPU latency: 6.77539 ms - Host latency: 6.8457 ms (enqueue 2.04688 ms)
[10/04/2026-22:15:47] [I] Average on 1 runs - GPU latency: 6.77734 ms - Host latency: 6.85352 ms (enqueue 2.07422 ms)
[10/04/2026-22:15:47] [I] Average on 1 runs - GPU latency: 6.77344 ms - Host latency: 6.8457 ms (enqueue 2.04492 ms)
[10/04/2026-22:15:47] [I] Average on 1 runs - GPU latency: 6.77539 ms - Host latency: 6.85156 ms (enqueue 2.04883 ms)
[10/04/2026-22:15:47] [I] Average on 1 runs - GPU latency: 6.77344 ms - Host latency: 6.84375 ms (enqueue 2.08203 ms)
[10/04/2026-22:15:47] [I] Average on 1 runs - GPU latency: 6.77734 ms - Host latency: 6.8457 ms (enqueue 2.08398 ms)
[10/04/2026-22:15:47] [I] Average on 1 runs - GPU latency: 6.76758 ms - Host latency: 6.83984 ms (enqueue 2.03125 ms)
[10/04/2026-22:15:47] [I] Average on 1 runs - GPU latency: 6.79688 ms - Host latency: 6.86719 ms (enqueue 2.08008 ms)
[10/04/2026-22:15:47] [I] Average on 1 runs - GPU latency: 6.79883 ms - Host latency: 6.87109 ms (enqueue 2.09766 ms)
[10/04/2026-22:15:47] [I] Average on 1 runs - GPU latency: 6.80273 ms - Host latency: 6.87891 ms (enqueue 2.06445 ms)
[10/04/2026-22:15:47] [I] Average on 1 runs - GPU latency: 6.78516 ms - Host latency: 6.86328 ms (enqueue 2.01367 ms)
[10/04/2026-22:15:47] [I] Average on 1 runs - GPU latency: 6.78516 ms - Host latency: 6.85938 ms (enqueue 2.03125 ms)
[10/04/2026-22:15:47] [I] Average on 1 runs - GPU latency: 6.78125 ms - Host latency: 6.85352 ms (enqueue 1.97266 ms)
[10/04/2026-22:15:47] [I] Average on 1 runs - GPU latency: 6.78906 ms - Host latency: 6.85742 ms (enqueue 1.99219 ms)
[10/04/2026-22:15:47] [I] Average on 1 runs - GPU latency: 6.78711 ms - Host latency: 6.85938 ms (enqueue 2.09766 ms)
[10/04/2026-22:15:47] [I] Average on 1 runs - GPU latency: 6.78516 ms - Host latency: 6.86133 ms (enqueue 2.00195 ms)
[10/04/2026-22:15:47] [I] Average on 1 runs - GPU latency: 6.78125 ms - Host latency: 6.84961 ms (enqueue 2.01758 ms)
[10/04/2026-22:15:47] [I] Average on 1 runs - GPU latency: 6.78711 ms - Host latency: 6.86328 ms (enqueue 2.07031 ms)
[10/04/2026-22:15:47] [I] Average on 1 runs - GPU latency: 6.77734 ms - Host latency: 6.84766 ms (enqueue 2.05078 ms)
[10/04/2026-22:15:47] [I] Average on 1 runs - GPU latency: 6.7793 ms - Host latency: 6.85352 ms (enqueue 2.01367 ms)
[10/04/2026-22:15:47] [I] Average on 1 runs - GPU latency: 6.77539 ms - Host latency: 6.86133 ms (enqueue 2.05078 ms)
[10/04/2026-22:15:47] [I] Average on 1 runs - GPU latency: 6.80273 ms - Host latency: 6.875 ms (enqueue 2.0918 ms)
[10/04/2026-22:15:47] [I] Average on 1 runs - GPU latency: 6.77148 ms - Host latency: 6.8457 ms (enqueue 2.03125 ms)
[10/04/2026-22:15:47] [I] Average on 1 runs - GPU latency: 6.77734 ms - Host latency: 6.8457 ms (enqueue 2.0332 ms)
[10/04/2026-22:15:47] [I] Average on 1 runs - GPU latency: 6.76562 ms - Host latency: 6.8418 ms (enqueue 2.02539 ms)
[10/04/2026-22:15:47] [I] Average on 1 runs - GPU latency: 6.7793 ms - Host latency: 6.85352 ms (enqueue 2.00781 ms)
[10/04/2026-22:15:47] [I] Average on 1 runs - GPU latency: 6.77734 ms - Host latency: 6.84961 ms (enqueue 2.00586 ms)
[10/04/2026-22:15:47] [I] Average on 1 runs - GPU latency: 6.79297 ms - Host latency: 6.86523 ms (enqueue 2.07812 ms)
[10/04/2026-22:15:47] [I] Average on 1 runs - GPU latency: 6.78125 ms - Host latency: 6.85352 ms (enqueue 2.04102 ms)
[10/04/2026-22:15:47] [I] Average on 1 runs - GPU latency: 6.78125 ms - Host latency: 6.85352 ms (enqueue 2.02148 ms)
[10/04/2026-22:15:47] [I] Average on 1 runs - GPU latency: 6.76953 ms - Host latency: 6.8457 ms (enqueue 2.06055 ms)
[10/04/2026-22:15:47] [I] Average on 1 runs - GPU latency: 6.7832 ms - Host latency: 6.84961 ms (enqueue 2.05859 ms)
[10/04/2026-22:15:47] [I] Average on 1 runs - GPU latency: 6.7793 ms - Host latency: 6.84766 ms (enqueue 2.03125 ms)
[10/04/2026-22:15:47] [I] Average on 1 runs - GPU latency: 6.77539 ms - Host latency: 6.84766 ms (enqueue 2.04492 ms)
[10/04/2026-22:15:47] [I] Average on 1 runs - GPU latency: 6.79297 ms - Host latency: 6.87695 ms (enqueue 2.07812 ms)
[10/04/2026-22:15:47] [I] Average on 1 runs - GPU latency: 6.79102 ms - Host latency: 6.86328 ms (enqueue 2.01562 ms)
[10/04/2026-22:15:47] [I] Average on 1 runs - GPU latency: 6.77539 ms - Host latency: 6.84766 ms (enqueue 2.01367 ms)
[10/04/2026-22:15:47] [I] Average on 1 runs - GPU latency: 6.78906 ms - Host latency: 6.85938 ms (enqueue 2.07227 ms)
[10/04/2026-22:15:47] [I] Average on 1 runs - GPU latency: 6.78516 ms - Host latency: 6.85742 ms (enqueue 2.07227 ms)
[10/04/2026-22:15:47] [I] Average on 1 runs - GPU latency: 6.78125 ms - Host latency: 6.85352 ms (enqueue 1.98047 ms)
[10/04/2026-22:15:47] [I] Average on 1 runs - GPU latency: 6.78516 ms - Host latency: 6.85547 ms (enqueue 2.0332 ms)
[10/04/2026-22:15:47] [I] Average on 1 runs - GPU latency: 6.77734 ms - Host latency: 6.84961 ms (enqueue 2.04688 ms)
[10/04/2026-22:15:47] [I] Average on 1 runs - GPU latency: 6.78711 ms - Host latency: 6.85156 ms (enqueue 2.02539 ms)
[10/04/2026-22:15:47] [I] Average on 1 runs - GPU latency: 6.78711 ms - Host latency: 6.85742 ms (enqueue 2.06055 ms)
[10/04/2026-22:15:47] [I] Average on 1 runs - GPU latency: 6.77539 ms - Host latency: 6.8457 ms (enqueue 2.07812 ms)
[10/04/2026-22:15:47] [I] Average on 1 runs - GPU latency: 6.77734 ms - Host latency: 6.8457 ms (enqueue 2.03906 ms)
[10/04/2026-22:15:47] [I] Average on 1 runs - GPU latency: 6.79297 ms - Host latency: 6.86523 ms (enqueue 2.04297 ms)
[10/04/2026-22:15:47] [I] Average on 1 runs - GPU latency: 6.7793 ms - Host latency: 6.85156 ms (enqueue 2.10156 ms)
[10/04/2026-22:15:47] [I] Average on 1 runs - GPU latency: 6.77148 ms - Host latency: 6.84961 ms (enqueue 2.04492 ms)
[10/04/2026-22:15:47] [I] Average on 1 runs - GPU latency: 6.7793 ms - Host latency: 6.84961 ms (enqueue 2.03125 ms)
[10/04/2026-22:15:47] [I] Average on 1 runs - GPU latency: 6.77539 ms - Host latency: 6.84375 ms (enqueue 2.08008 ms)
[10/04/2026-22:15:47] [I] Average on 1 runs - GPU latency: 6.76758 ms - Host latency: 6.83789 ms (enqueue 2.07422 ms)
[10/04/2026-22:15:47] [I] Average on 1 runs - GPU latency: 6.77148 ms - Host latency: 6.83984 ms (enqueue 2.03516 ms)
[10/04/2026-22:15:47] [I] Average on 1 runs - GPU latency: 6.7793 ms - Host latency: 6.85547 ms (enqueue 2.0918 ms)
[10/04/2026-22:15:47] [I] Average on 1 runs - GPU latency: 6.7793 ms - Host latency: 6.85938 ms (enqueue 2.03906 ms)
[10/04/2026-22:15:47] [I] Average on 1 runs - GPU latency: 6.77539 ms - Host latency: 6.85156 ms (enqueue 1.99805 ms)
[10/04/2026-22:15:47] [I] Average on 1 runs - GPU latency: 6.78711 ms - Host latency: 6.86133 ms (enqueue 1.99023 ms)
[10/04/2026-22:15:47] [I] Average on 1 runs - GPU latency: 6.77539 ms - Host latency: 6.84766 ms (enqueue 2.04688 ms)
[10/04/2026-22:15:47] [I] Average on 1 runs - GPU latency: 6.78125 ms - Host latency: 6.85156 ms (enqueue 2.01367 ms)
[10/04/2026-22:15:47] [I] Average on 1 runs - GPU latency: 6.78125 ms - Host latency: 6.85156 ms (enqueue 2.01758 ms)
[10/04/2026-22:15:47] [I] Average on 1 runs - GPU latency: 6.78711 ms - Host latency: 6.85938 ms (enqueue 2.07227 ms)
[10/04/2026-22:15:47] [I] Average on 1 runs - GPU latency: 6.77344 ms - Host latency: 6.84961 ms (enqueue 2.05859 ms)
[10/04/2026-22:15:47] [I] Average on 1 runs - GPU latency: 6.78125 ms - Host latency: 6.85352 ms (enqueue 2.02148 ms)
[10/04/2026-22:15:47] [I] Average on 1 runs - GPU latency: 6.7793 ms - Host latency: 6.84961 ms (enqueue 2.06445 ms)
[10/04/2026-22:15:47] [I] Average on 1 runs - GPU latency: 6.7793 ms - Host latency: 6.85352 ms (enqueue 2.07031 ms)
[10/04/2026-22:15:47] [I] Average on 1 runs - GPU latency: 6.79102 ms - Host latency: 6.86133 ms (enqueue 2.0332 ms)
[10/04/2026-22:15:47] [I] Average on 1 runs - GPU latency: 6.77734 ms - Host latency: 6.84766 ms (enqueue 2.07617 ms)
[10/04/2026-22:15:47] [I] Average on 1 runs - GPU latency: 6.77734 ms - Host latency: 6.84766 ms (enqueue 2.0957 ms)
[10/04/2026-22:15:47] [I] Average on 1 runs - GPU latency: 6.77539 ms - Host latency: 6.8418 ms (enqueue 2.06641 ms)
[10/04/2026-22:15:47] [I] Average on 1 runs - GPU latency: 6.7793 ms - Host latency: 6.84961 ms (enqueue 2.03711 ms)
[10/04/2026-22:15:47] [I] Average on 1 runs - GPU latency: 6.76953 ms - Host latency: 6.83789 ms (enqueue 2.08594 ms)
[10/04/2026-22:15:47] [I] Average on 1 runs - GPU latency: 6.7793 ms - Host latency: 6.85156 ms (enqueue 2.04102 ms)
[10/04/2026-22:15:47] [I] Average on 1 runs - GPU latency: 6.7793 ms - Host latency: 6.84961 ms (enqueue 2.03516 ms)
[10/04/2026-22:15:47] [I] Average on 1 runs - GPU latency: 6.76562 ms - Host latency: 6.83398 ms (enqueue 2.08008 ms)
[10/04/2026-22:15:47] [I] 
[10/04/2026-22:15:47] [I] === Performance summary ===
[10/04/2026-22:15:47] [I] Throughput: 147.353 qps
[10/04/2026-22:15:47] [I] Latency: min = 6.83105 ms, max = 6.92261 ms, mean = 6.85294 ms, median = 6.85254 ms, percentile(90%) = 6.86279 ms, percentile(95%) = 6.86719 ms, percentile(99%) = 6.87891 ms
[10/04/2026-22:15:47] [I] Enqueue Time: min = 1.97266 ms, max = 2.47559 ms, mean = 2.07166 ms, median = 2.06543 ms, percentile(90%) = 2.11035 ms, percentile(95%) = 2.13086 ms, percentile(99%) = 2.2832 ms
[10/04/2026-22:15:47] [I] H2D Latency: min = 0.0605469 ms, max = 0.122314 ms, mean = 0.0659076 ms, median = 0.0649414 ms, percentile(90%) = 0.0693359 ms, percentile(95%) = 0.0722656 ms, percentile(99%) = 0.0795898 ms
[10/04/2026-22:15:47] [I] GPU Compute Time: min = 6.76074 ms, max = 6.82568 ms, mean = 6.78062 ms, median = 6.78027 ms, percentile(90%) = 6.78906 ms, percentile(95%) = 6.79248 ms, percentile(99%) = 6.80273 ms
[10/04/2026-22:15:47] [I] D2H Latency: min = 0.00292969 ms, max = 0.0107422 ms, mean = 0.00640193 ms, median = 0.00585938 ms, percentile(90%) = 0.00878906 ms, percentile(95%) = 0.00878906 ms, percentile(99%) = 0.00976562 ms
[10/04/2026-22:15:47] [I] Total Host Walltime: 15.0183 s
[10/04/2026-22:15:47] [I] Total GPU Compute Time: 15.0055 s
[10/04/2026-22:15:47] [I] Explanations of the performance metrics are printed in the verbose logs.
[10/04/2026-22:15:47] [I] 
&&&& PASSED TensorRT.trtexec [TensorRT v100300] # /usr/src/tensorrt/bin/trtexec --loadEngine=/tmp/engines/y26s_640_uint8_opt3.engine --warmUp=3000 --duration=15 --idleTime=2 --avgRuns=1
