&&&& RUNNING TensorRT.trtexec [TensorRT v100300] # /usr/src/tensorrt/bin/trtexec --loadEngine=/tmp/yolo26n_84172_uint8_fp16_opt3.engine --warmUp=3000 --duration=15 --idleTime=16 --avgRuns=1
[10/04/2026-22:00:08] [I] === Model Options ===
[10/04/2026-22:00:08] [I] Format: *
[10/04/2026-22:00:08] [I] Model: 
[10/04/2026-22:00:08] [I] Output:
[10/04/2026-22:00:08] [I] 
[10/04/2026-22:00:08] [I] === System Options ===
[10/04/2026-22:00:08] [I] Device: 0
[10/04/2026-22:00:08] [I] DLACore: 
[10/04/2026-22:00:08] [I] Plugins:
[10/04/2026-22:00:08] [I] setPluginsToSerialize:
[10/04/2026-22:00:08] [I] dynamicPlugins:
[10/04/2026-22:00:08] [I] ignoreParsedPluginLibs: 0
[10/04/2026-22:00:08] [I] 
[10/04/2026-22:00:08] [I] === Inference Options ===
[10/04/2026-22:00:08] [I] Batch: Explicit
[10/04/2026-22:00:08] [I] Input inference shapes: model
[10/04/2026-22:00:08] [I] Iterations: 10
[10/04/2026-22:00:08] [I] Duration: 15s (+ 3000ms warm up)
[10/04/2026-22:00:08] [I] Sleep time: 0ms
[10/04/2026-22:00:08] [I] Idle time: 16ms
[10/04/2026-22:00:08] [I] Inference Streams: 1
[10/04/2026-22:00:08] [I] ExposeDMA: Disabled
[10/04/2026-22:00:08] [I] Data transfers: Enabled
[10/04/2026-22:00:08] [I] Spin-wait: Disabled
[10/04/2026-22:00:08] [I] Multithreading: Disabled
[10/04/2026-22:00:08] [I] CUDA Graph: Disabled
[10/04/2026-22:00:08] [I] Separate profiling: Disabled
[10/04/2026-22:00:08] [I] Time Deserialize: Disabled
[10/04/2026-22:00:08] [I] Time Refit: Disabled
[10/04/2026-22:00:08] [I] NVTX verbosity: 0
[10/04/2026-22:00:08] [I] Persistent Cache Ratio: 0
[10/04/2026-22:00:08] [I] Optimization Profile Index: 0
[10/04/2026-22:00:08] [I] Weight Streaming Budget: 100.000000%
[10/04/2026-22:00:08] [I] Inputs:
[10/04/2026-22:00:08] [I] Debug Tensor Save Destinations:
[10/04/2026-22:00:08] [I] === Reporting Options ===
[10/04/2026-22:00:08] [I] Verbose: Disabled
[10/04/2026-22:00:08] [I] Averages: 1 inferences
[10/04/2026-22:00:08] [I] Percentiles: 90,95,99
[10/04/2026-22:00:08] [I] Dump refittable layers:Disabled
[10/04/2026-22:00:08] [I] Dump output: Disabled
[10/04/2026-22:00:08] [I] Profile: Disabled
[10/04/2026-22:00:08] [I] Export timing to JSON file: 
[10/04/2026-22:00:08] [I] Export output to JSON file: 
[10/04/2026-22:00:08] [I] Export profile to JSON file: 
[10/04/2026-22:00:08] [I] 
[10/04/2026-22:00:08] [I] === Device Information ===
[10/04/2026-22:00:08] [I] Available Devices: 
[10/04/2026-22:00:08] [I]   Device 0: "Orin" UUID: GPU-6e16c2c1-e394-5324-8f2e-63a975968f4e
[10/04/2026-22:00:08] [I] Selected Device: Orin
[10/04/2026-22:00:08] [I] Selected Device ID: 0
[10/04/2026-22:00:08] [I] Selected Device UUID: GPU-6e16c2c1-e394-5324-8f2e-63a975968f4e
[10/04/2026-22:00:08] [I] Compute Capability: 8.7
[10/04/2026-22:00:08] [I] SMs: 8
[10/04/2026-22:00:08] [I] Device Global Memory: 7607 MiB
[10/04/2026-22:00:08] [I] Shared Memory per SM: 164 KiB
[10/04/2026-22:00:08] [I] Memory Bus Width: 128 bits (ECC disabled)
[10/04/2026-22:00:08] [I] Application Compute Clock Rate: 1.02 GHz
[10/04/2026-22:00:08] [I] Application Memory Clock Rate: 1.02 GHz
[10/04/2026-22:00:08] [I] 
[10/04/2026-22:00:08] [I] Note: The application clock rates do not reflect the actual clock rates that the GPU is currently running at.
[10/04/2026-22:00:08] [I] 
[10/04/2026-22:00:08] [I] TensorRT version: 10.3.0
[10/04/2026-22:00:08] [I] Loading standard plugins
[10/04/2026-22:00:08] [I] [TRT] Loaded engine size: 7 MiB
[10/04/2026-22:00:08] [I] Engine deserialized in 0.0812931 sec.
[10/04/2026-22:00:08] [I] [TRT] [MemUsageChange] TensorRT-managed allocation in IExecutionContext creation: CPU +0, GPU +12, now: CPU 0, GPU 16 (MiB)
[10/04/2026-22:00:08] [I] Setting persistentCacheLimit to 0 bytes.
[10/04/2026-22:00:08] [I] Created execution context with device memory size: 12.207 MiB
[10/04/2026-22:00:08] [I] Using random values for input images
[10/04/2026-22:00:08] [I] Input binding for images with dimensions 1x640x640x3 is created.
[10/04/2026-22:00:08] [I] Output binding for output0 with dimensions 1x300x6 is created.
[10/04/2026-22:00:08] [I] Starting inference
[10/04/2026-22:00:26] [I] Warmup completed 665 queries over 3000 ms
[10/04/2026-22:00:26] [I] Timing trace has 735 queries over 15.0416 s
[10/04/2026-22:00:26] [I] 
[10/04/2026-22:00:26] [I] === Trace details ===
[10/04/2026-22:00:26] [I] Trace averages of 1 runs:
[10/04/2026-22:00:26] [I] Average on 1 runs - GPU latency: 4.23779 ms - Host latency: 4.37622 ms (enqueue 3.06641 ms)
[10/04/2026-22:00:26] [I] Average on 1 runs - GPU latency: 4.20654 ms - Host latency: 4.33594 ms (enqueue 3.08545 ms)
[10/04/2026-22:00:26] [I] Average on 1 runs - GPU latency: 4.21143 ms - Host latency: 4.28662 ms (enqueue 3.12231 ms)
[10/04/2026-22:00:26] [I] Average on 1 runs - GPU latency: 4.21289 ms - Host latency: 4.28931 ms (enqueue 3.35742 ms)
[10/04/2026-22:00:26] [I] Average on 1 runs - GPU latency: 4.2124 ms - Host latency: 4.29907 ms (enqueue 3.55371 ms)
[10/04/2026-22:00:26] [I] Average on 1 runs - GPU latency: 4.20508 ms - Host latency: 4.28198 ms (enqueue 3.83154 ms)
[10/04/2026-22:00:26] [I] Average on 1 runs - GPU latency: 4.33423 ms - Host latency: 4.40503 ms (enqueue 4.21826 ms)
[10/04/2026-22:00:26] [I] Average on 1 runs - GPU latency: 4.28955 ms - Host latency: 4.36426 ms (enqueue 4.1709 ms)
[10/04/2026-22:00:26] [I] Average on 1 runs - GPU latency: 4.26611 ms - Host latency: 4.33545 ms (enqueue 4.15332 ms)
[10/04/2026-22:00:26] [I] Average on 1 runs - GPU latency: 4.29688 ms - Host latency: 4.36523 ms (enqueue 4.17871 ms)
[10/04/2026-22:00:26] [I] Average on 1 runs - GPU latency: 4.28979 ms - Host latency: 4.35742 ms (enqueue 4.16821 ms)
[10/04/2026-22:00:26] [I] Average on 1 runs - GPU latency: 4.29858 ms - Host latency: 4.36768 ms (enqueue 4.2085 ms)
[10/04/2026-22:00:26] [I] Average on 1 runs - GPU latency: 4.26782 ms - Host latency: 4.33545 ms (enqueue 4.14966 ms)
[10/04/2026-22:00:26] [I] Average on 1 runs - GPU latency: 4.30566 ms - Host latency: 4.37476 ms (enqueue 4.18701 ms)
[10/04/2026-22:00:26] [I] Average on 1 runs - GPU latency: 4.2981 ms - Host latency: 4.36597 ms (enqueue 4.17456 ms)
[10/04/2026-22:00:26] [I] Average on 1 runs - GPU latency: 4.30566 ms - Host latency: 4.37354 ms (enqueue 4.19189 ms)
[10/04/2026-22:00:26] [I] Average on 1 runs - GPU latency: 4.34839 ms - Host latency: 4.41699 ms (enqueue 4.16699 ms)
[10/04/2026-22:00:26] [I] Average on 1 runs - GPU latency: 4.5564 ms - Host latency: 4.63599 ms (enqueue 4.2002 ms)
[10/04/2026-22:00:26] [I] Average on 1 runs - GPU latency: 4.55786 ms - Host latency: 4.62866 ms (enqueue 4.19946 ms)
[10/04/2026-22:00:26] [I] Average on 1 runs - GPU latency: 4.56445 ms - Host latency: 4.64258 ms (enqueue 4.2041 ms)
[10/04/2026-22:00:26] [I] Average on 1 runs - GPU latency: 4.53369 ms - Host latency: 4.60815 ms (enqueue 4.20996 ms)
[10/04/2026-22:00:26] [I] Average on 1 runs - GPU latency: 5.01318 ms - Host latency: 5.09619 ms (enqueue 4.33691 ms)
[10/04/2026-22:00:26] [I] Average on 1 runs - GPU latency: 5.01294 ms - Host latency: 5.09814 ms (enqueue 4.23071 ms)
[10/04/2026-22:00:26] [I] Average on 1 runs - GPU latency: 5.01245 ms - Host latency: 5.10449 ms (enqueue 4.33545 ms)
[10/04/2026-22:00:26] [I] Average on 1 runs - GPU latency: 5.01465 ms - Host latency: 5.1062 ms (enqueue 4.15942 ms)
[10/04/2026-22:00:26] [I] Average on 1 runs - GPU latency: 5.50098 ms - Host latency: 5.59619 ms (enqueue 4.15601 ms)
[10/04/2026-22:00:26] [I] Average on 1 runs - GPU latency: 5.51587 ms - Host latency: 5.60815 ms (enqueue 4.20728 ms)
[10/04/2026-22:00:26] [I] Average on 1 runs - GPU latency: 5.77808 ms - Host latency: 5.87158 ms (enqueue 4.2229 ms)
[10/04/2026-22:00:26] [I] Average on 1 runs - GPU latency: 6.08105 ms - Host latency: 6.19019 ms (enqueue 4.65771 ms)
[10/04/2026-22:00:26] [I] Average on 1 runs - GPU latency: 6.04688 ms - Host latency: 6.13818 ms (enqueue 4.33008 ms)
[10/04/2026-22:00:26] [I] Average on 1 runs - GPU latency: 5.98511 ms - Host latency: 6.08472 ms (enqueue 4.20166 ms)
[10/04/2026-22:00:26] [I] Average on 1 runs - GPU latency: 6.05444 ms - Host latency: 6.15601 ms (enqueue 4.2876 ms)
[10/04/2026-22:00:26] [I] Average on 1 runs - GPU latency: 6.03613 ms - Host latency: 6.13184 ms (enqueue 4.33911 ms)
[10/04/2026-22:00:26] [I] Average on 1 runs - GPU latency: 6.04126 ms - Host latency: 6.14111 ms (enqueue 4.24878 ms)
[10/04/2026-22:00:26] [I] Average on 1 runs - GPU latency: 6.05054 ms - Host latency: 6.1416 ms (enqueue 4.32959 ms)
[10/04/2026-22:00:26] [I] Average on 1 runs - GPU latency: 6.77271 ms - Host latency: 6.87451 ms (enqueue 4.29541 ms)
[10/04/2026-22:00:26] [I] Average on 1 runs - GPU latency: 6.78955 ms - Host latency: 6.89185 ms (enqueue 4.32129 ms)
[10/04/2026-22:00:26] [I] Average on 1 runs - GPU latency: 6.76245 ms - Host latency: 6.86157 ms (enqueue 4.39282 ms)
[10/04/2026-22:00:26] [I] Average on 1 runs - GPU latency: 6.78662 ms - Host latency: 6.89697 ms (enqueue 4.26587 ms)
[10/04/2026-22:00:26] [I] Average on 1 runs - GPU latency: 6.7959 ms - Host latency: 6.89648 ms (enqueue 4.28418 ms)
[10/04/2026-22:00:26] [I] Average on 1 runs - GPU latency: 6.78638 ms - Host latency: 6.8894 ms (enqueue 4.26538 ms)
[10/04/2026-22:00:26] [I] Average on 1 runs - GPU latency: 6.78296 ms - Host latency: 6.89478 ms (enqueue 4.28613 ms)
[10/04/2026-22:00:26] [I] Average on 1 runs - GPU latency: 6.72974 ms - Host latency: 6.8291 ms (enqueue 4.24683 ms)
[10/04/2026-22:00:26] [I] Average on 1 runs - GPU latency: 7.80591 ms - Host latency: 7.93359 ms (enqueue 4.22144 ms)
[10/04/2026-22:00:26] [I] Average on 1 runs - GPU latency: 7.80103 ms - Host latency: 7.92017 ms (enqueue 4.29346 ms)
[10/04/2026-22:00:26] [I] Average on 1 runs - GPU latency: 7.79443 ms - Host latency: 7.93677 ms (enqueue 4.38135 ms)
[10/04/2026-22:00:26] [I] Average on 1 runs - GPU latency: 7.80786 ms - Host latency: 7.93433 ms (enqueue 4.32764 ms)
[10/04/2026-22:00:26] [I] Average on 1 runs - GPU latency: 7.80054 ms - Host latency: 7.92529 ms (enqueue 4.28931 ms)
[10/04/2026-22:00:26] [I] Average on 1 runs - GPU latency: 7.81104 ms - Host latency: 7.93555 ms (enqueue 4.21289 ms)
[10/04/2026-22:00:26] [I] Average on 1 runs - GPU latency: 7.8064 ms - Host latency: 7.92236 ms (enqueue 4.27417 ms)
[10/04/2026-22:00:26] [I] Average on 1 runs - GPU latency: 7.79492 ms - Host latency: 7.91724 ms (enqueue 4.30054 ms)
[10/04/2026-22:00:26] [I] Average on 1 runs - GPU latency: 7.802 ms - Host latency: 7.92139 ms (enqueue 4.34814 ms)
[10/04/2026-22:00:26] [I] Average on 1 runs - GPU latency: 7.80566 ms - Host latency: 7.93018 ms (enqueue 4.22949 ms)
[10/04/2026-22:00:26] [I] Average on 1 runs - GPU latency: 7.80933 ms - Host latency: 7.93848 ms (enqueue 4.26221 ms)
[10/04/2026-22:00:26] [I] Average on 1 runs - GPU latency: 7.78345 ms - Host latency: 7.90186 ms (enqueue 4.27759 ms)
[10/04/2026-22:00:26] [I] Average on 1 runs - GPU latency: 7.79639 ms - Host latency: 7.9209 ms (enqueue 4.24219 ms)
[10/04/2026-22:00:26] [I] Average on 1 runs - GPU latency: 7.80273 ms - Host latency: 7.93115 ms (enqueue 4.27539 ms)
[10/04/2026-22:00:26] [I] Average on 1 runs - GPU latency: 7.80371 ms - Host latency: 7.91992 ms (enqueue 4.39502 ms)
[10/04/2026-22:00:26] [I] Average on 1 runs - GPU latency: 7.81006 ms - Host latency: 7.92627 ms (enqueue 4.29785 ms)
[10/04/2026-22:00:26] [I] Average on 1 runs - GPU latency: 9.49609 ms - Host latency: 9.63428 ms (enqueue 4.31836 ms)
[10/04/2026-22:00:26] [I] Average on 1 runs - GPU latency: 9.49561 ms - Host latency: 9.6333 ms (enqueue 4.28564 ms)
[10/04/2026-22:00:26] [I] Average on 1 runs - GPU latency: 9.5 ms - Host latency: 9.63867 ms (enqueue 4.34766 ms)
[10/04/2026-22:00:26] [I] Average on 1 runs - GPU latency: 9.49609 ms - Host latency: 9.6333 ms (enqueue 4.31689 ms)
[10/04/2026-22:00:26] [I] Average on 1 runs - GPU latency: 9.50244 ms - Host latency: 9.63916 ms (enqueue 4.31445 ms)
[10/04/2026-22:00:26] [I] Average on 1 runs - GPU latency: 9.48682 ms - Host latency: 9.62402 ms (enqueue 4.29053 ms)
[10/04/2026-22:00:26] [I] Average on 1 runs - GPU latency: 9.5 ms - Host latency: 9.64648 ms (enqueue 4.38184 ms)
[10/04/2026-22:00:26] [I] Average on 1 runs - GPU latency: 9.51465 ms - Host latency: 9.66064 ms (enqueue 4.35938 ms)
[10/04/2026-22:00:26] [I] Average on 1 runs - GPU latency: 9.48486 ms - Host latency: 9.62451 ms (enqueue 4.37158 ms)
[10/04/2026-22:00:26] [I] Average on 1 runs - GPU latency: 9.50391 ms - Host latency: 9.64404 ms (enqueue 4.29932 ms)
[10/04/2026-22:00:26] [I] Average on 1 runs - GPU latency: 9.49268 ms - Host latency: 9.63037 ms (enqueue 4.29736 ms)
[10/04/2026-22:00:26] [I] Average on 1 runs - GPU latency: 9.50391 ms - Host latency: 9.64258 ms (enqueue 4.33789 ms)
[10/04/2026-22:00:26] [I] Average on 1 runs - GPU latency: 9.49072 ms - Host latency: 9.64014 ms (enqueue 4.25586 ms)
[10/04/2026-22:00:26] [I] Average on 1 runs - GPU latency: 9.49854 ms - Host latency: 9.64795 ms (enqueue 4.29736 ms)
[10/04/2026-22:00:26] [I] Average on 1 runs - GPU latency: 9.49463 ms - Host latency: 9.63281 ms (enqueue 4.29639 ms)
[10/04/2026-22:00:26] [I] Average on 1 runs - GPU latency: 9.49854 ms - Host latency: 9.64893 ms (enqueue 4.21191 ms)
[10/04/2026-22:00:26] [I] Average on 1 runs - GPU latency: 9.50586 ms - Host latency: 9.65625 ms (enqueue 4.23682 ms)
[10/04/2026-22:00:26] [I] Average on 1 runs - GPU latency: 9.49561 ms - Host latency: 9.64404 ms (enqueue 4.30469 ms)
[10/04/2026-22:00:26] [I] Average on 1 runs - GPU latency: 9.51416 ms - Host latency: 9.66162 ms (enqueue 4.19287 ms)
[10/04/2026-22:00:26] [I] Average on 1 runs - GPU latency: 9.49268 ms - Host latency: 9.63672 ms (enqueue 4.20898 ms)
[10/04/2026-22:00:26] [I] Average on 1 runs - GPU latency: 9.48926 ms - Host latency: 9.62549 ms (enqueue 4.31055 ms)
[10/04/2026-22:00:26] [I] Average on 1 runs - GPU latency: 9.50244 ms - Host latency: 9.64307 ms (enqueue 4.2832 ms)
[10/04/2026-22:00:26] [I] Average on 1 runs - GPU latency: 9.50342 ms - Host latency: 9.65479 ms (enqueue 4.26807 ms)
[10/04/2026-22:00:26] [I] Average on 1 runs - GPU latency: 9.49316 ms - Host latency: 9.63574 ms (enqueue 4.25244 ms)
[10/04/2026-22:00:26] [I] Average on 1 runs - GPU latency: 9.49707 ms - Host latency: 9.63525 ms (enqueue 4.29688 ms)
[10/04/2026-22:00:26] [I] Average on 1 runs - GPU latency: 9.5 ms - Host latency: 9.65625 ms (enqueue 4.33984 ms)
[10/04/2026-22:00:26] [I] Average on 1 runs - GPU latency: 9.5127 ms - Host latency: 9.66455 ms (enqueue 4.32178 ms)
[10/04/2026-22:00:26] [I] Average on 1 runs - GPU latency: 9.50537 ms - Host latency: 9.66748 ms (enqueue 4.22559 ms)
[10/04/2026-22:00:26] [I] Average on 1 runs - GPU latency: 9.49316 ms - Host latency: 9.63379 ms (enqueue 4.29004 ms)
[10/04/2026-22:00:26] [I] Average on 1 runs - GPU latency: 9.50098 ms - Host latency: 9.64258 ms (enqueue 4.31348 ms)
[10/04/2026-22:00:26] [I] Average on 1 runs - GPU latency: 9.50537 ms - Host latency: 9.64648 ms (enqueue 4.35449 ms)
[10/04/2026-22:00:26] [I] Average on 1 runs - GPU latency: 9.48779 ms - Host latency: 9.62695 ms (enqueue 4.30664 ms)
[10/04/2026-22:00:26] [I] Average on 1 runs - GPU latency: 9.50439 ms - Host latency: 9.64111 ms (enqueue 4.20068 ms)
[10/04/2026-22:00:26] [I] Average on 1 runs - GPU latency: 9.49805 ms - Host latency: 9.63818 ms (enqueue 4.26514 ms)
[10/04/2026-22:00:26] [I] Average on 1 runs - GPU latency: 9.52295 ms - Host latency: 9.66357 ms (enqueue 4.3208 ms)
[10/04/2026-22:00:26] [I] Average on 1 runs - GPU latency: 9.49121 ms - Host latency: 9.6416 ms (enqueue 4.30908 ms)
[10/04/2026-22:00:26] [I] Average on 1 runs - GPU latency: 9.48828 ms - Host latency: 9.64014 ms (enqueue 4.27441 ms)
[10/04/2026-22:00:26] [I] Average on 1 runs - GPU latency: 9.47998 ms - Host latency: 9.61816 ms (enqueue 4.18604 ms)
[10/04/2026-22:00:26] [I] Average on 1 runs - GPU latency: 9.49121 ms - Host latency: 9.63916 ms (enqueue 4.34082 ms)
[10/04/2026-22:00:26] [I] Average on 1 runs - GPU latency: 9.49805 ms - Host latency: 9.64014 ms (enqueue 4.29785 ms)
[10/04/2026-22:00:26] [I] Average on 1 runs - GPU latency: 9.49805 ms - Host latency: 9.64014 ms (enqueue 4.28613 ms)
[10/04/2026-22:00:26] [I] Average on 1 runs - GPU latency: 9.48975 ms - Host latency: 9.64258 ms (enqueue 4.25195 ms)
[10/04/2026-22:00:26] [I] Average on 1 runs - GPU latency: 9.50244 ms - Host latency: 9.6499 ms (enqueue 4.31934 ms)
[10/04/2026-22:00:26] [I] Average on 1 runs - GPU latency: 9.49707 ms - Host latency: 9.64453 ms (enqueue 4.30029 ms)
[10/04/2026-22:00:26] [I] Average on 1 runs - GPU latency: 9.49365 ms - Host latency: 9.64404 ms (enqueue 4.24414 ms)
[10/04/2026-22:00:26] [I] Average on 1 runs - GPU latency: 9.48633 ms - Host latency: 9.62305 ms (enqueue 4.26025 ms)
[10/04/2026-22:00:26] [I] Average on 1 runs - GPU latency: 9.48145 ms - Host latency: 9.61865 ms (enqueue 4.31006 ms)
[10/04/2026-22:00:26] [I] Average on 1 runs - GPU latency: 9.49902 ms - Host latency: 9.64014 ms (enqueue 4.34717 ms)
[10/04/2026-22:00:26] [I] Average on 1 runs - GPU latency: 9.50439 ms - Host latency: 9.646 ms (enqueue 4.3291 ms)
[10/04/2026-22:00:26] [I] Average on 1 runs - GPU latency: 9.50586 ms - Host latency: 9.646 ms (enqueue 4.30664 ms)
[10/04/2026-22:00:26] [I] Average on 1 runs - GPU latency: 9.49463 ms - Host latency: 9.63281 ms (enqueue 4.32568 ms)
[10/04/2026-22:00:26] [I] Average on 1 runs - GPU latency: 9.49951 ms - Host latency: 9.63721 ms (enqueue 4.30176 ms)
[10/04/2026-22:00:26] [I] Average on 1 runs - GPU latency: 9.51074 ms - Host latency: 9.64893 ms (enqueue 4.34131 ms)
[10/04/2026-22:00:26] [I] Average on 1 runs - GPU latency: 9.49805 ms - Host latency: 9.63867 ms (enqueue 4.3208 ms)
[10/04/2026-22:00:26] [I] Average on 1 runs - GPU latency: 9.50537 ms - Host latency: 9.64844 ms (enqueue 4.19434 ms)
[10/04/2026-22:00:26] [I] Average on 1 runs - GPU latency: 9.49365 ms - Host latency: 9.63232 ms (enqueue 4.38818 ms)
[10/04/2026-22:00:26] [I] Average on 1 runs - GPU latency: 9.48975 ms - Host latency: 9.62744 ms (enqueue 4.354 ms)
[10/04/2026-22:00:26] [I] Average on 1 runs - GPU latency: 9.48926 ms - Host latency: 9.64062 ms (enqueue 4.21729 ms)
[10/04/2026-22:00:26] [I] Average on 1 runs - GPU latency: 9.50293 ms - Host latency: 9.65234 ms (enqueue 4.29004 ms)
[10/04/2026-22:00:26] [I] Average on 1 runs - GPU latency: 9.51025 ms - Host latency: 9.65869 ms (enqueue 4.30566 ms)
[10/04/2026-22:00:26] [I] Average on 1 runs - GPU latency: 9.49072 ms - Host latency: 9.63037 ms (enqueue 4.32764 ms)
[10/04/2026-22:00:26] [I] Average on 1 runs - GPU latency: 9.5083 ms - Host latency: 9.6499 ms (enqueue 4.32568 ms)
[10/04/2026-22:00:26] [I] Average on 1 runs - GPU latency: 9.49854 ms - Host latency: 9.65137 ms (enqueue 4.24854 ms)
[10/04/2026-22:00:26] [I] Average on 1 runs - GPU latency: 9.49854 ms - Host latency: 9.6499 ms (enqueue 4.28076 ms)
[10/04/2026-22:00:26] [I] Average on 1 runs - GPU latency: 9.48926 ms - Host latency: 9.62939 ms (enqueue 4.28467 ms)
[10/04/2026-22:00:26] [I] Average on 1 runs - GPU latency: 9.50342 ms - Host latency: 9.64209 ms (enqueue 4.34912 ms)
[10/04/2026-22:00:26] [I] Average on 1 runs - GPU latency: 9.52246 ms - Host latency: 9.66113 ms (enqueue 4.354 ms)
[10/04/2026-22:00:26] [I] Average on 1 runs - GPU latency: 9.50146 ms - Host latency: 9.65283 ms (enqueue 4.23438 ms)
[10/04/2026-22:00:26] [I] Average on 1 runs - GPU latency: 9.51318 ms - Host latency: 9.66992 ms (enqueue 4.29541 ms)
[10/04/2026-22:00:26] [I] Average on 1 runs - GPU latency: 9.50781 ms - Host latency: 9.66309 ms (enqueue 4.40576 ms)
[10/04/2026-22:00:26] [I] Average on 1 runs - GPU latency: 9.4917 ms - Host latency: 9.64893 ms (enqueue 4.646 ms)
[10/04/2026-22:00:26] [I] Average on 1 runs - GPU latency: 9.50928 ms - Host latency: 9.65186 ms (enqueue 4.21436 ms)
[10/04/2026-22:00:26] [I] Average on 1 runs - GPU latency: 9.49658 ms - Host latency: 9.646 ms (enqueue 4.26709 ms)
[10/04/2026-22:00:26] [I] Average on 1 runs - GPU latency: 9.50488 ms - Host latency: 9.65576 ms (enqueue 4.22559 ms)
[10/04/2026-22:00:26] [I] Average on 1 runs - GPU latency: 9.49902 ms - Host latency: 9.65234 ms (enqueue 4.30566 ms)
[10/04/2026-22:00:26] [I] Average on 1 runs - GPU latency: 9.49854 ms - Host latency: 9.6499 ms (enqueue 4.26367 ms)
[10/04/2026-22:00:26] [I] Average on 1 runs - GPU latency: 9.49512 ms - Host latency: 9.6333 ms (enqueue 4.22559 ms)
[10/04/2026-22:00:26] [I] Average on 1 runs - GPU latency: 9.51221 ms - Host latency: 9.66357 ms (enqueue 4.25879 ms)
[10/04/2026-22:00:26] [I] Average on 1 runs - GPU latency: 9.48926 ms - Host latency: 9.6333 ms (enqueue 4.33838 ms)
[10/04/2026-22:00:26] [I] Average on 1 runs - GPU latency: 9.50195 ms - Host latency: 9.64111 ms (enqueue 4.30273 ms)
[10/04/2026-22:00:26] [I] Average on 1 runs - GPU latency: 9.51465 ms - Host latency: 9.6543 ms (enqueue 4.27051 ms)
[10/04/2026-22:00:26] [I] Average on 1 runs - GPU latency: 9.49072 ms - Host latency: 9.62793 ms (enqueue 4.22119 ms)
[10/04/2026-22:00:26] [I] Average on 1 runs - GPU latency: 9.50928 ms - Host latency: 9.66113 ms (enqueue 4.28125 ms)
[10/04/2026-22:00:26] [I] Average on 1 runs - GPU latency: 9.49561 ms - Host latency: 9.64502 ms (enqueue 4.31299 ms)
[10/04/2026-22:00:26] [I] Average on 1 runs - GPU latency: 9.49609 ms - Host latency: 9.64453 ms (enqueue 4.33301 ms)
[10/04/2026-22:00:26] [I] Average on 1 runs - GPU latency: 9.48975 ms - Host latency: 9.63721 ms (enqueue 4.28418 ms)
[10/04/2026-22:00:26] [I] Average on 1 runs - GPU latency: 9.48926 ms - Host latency: 9.62891 ms (enqueue 4.31885 ms)
[10/04/2026-22:00:26] [I] Average on 1 runs - GPU latency: 9.48877 ms - Host latency: 9.62695 ms (enqueue 4.29004 ms)
[10/04/2026-22:00:26] [I] Average on 1 runs - GPU latency: 9.49316 ms - Host latency: 9.63281 ms (enqueue 4.31934 ms)
[10/04/2026-22:00:26] [I] Average on 1 runs - GPU latency: 9.50391 ms - Host latency: 9.646 ms (enqueue 4.38281 ms)
[10/04/2026-22:00:26] [I] Average on 1 runs - GPU latency: 9.49365 ms - Host latency: 9.63281 ms (enqueue 4.35205 ms)
[10/04/2026-22:00:26] [I] Average on 1 runs - GPU latency: 9.51172 ms - Host latency: 9.64941 ms (enqueue 4.35889 ms)
[10/04/2026-22:00:26] [I] Average on 1 runs - GPU latency: 9.48975 ms - Host latency: 9.63818 ms (enqueue 4.38574 ms)
[10/04/2026-22:00:26] [I] Average on 1 runs - GPU latency: 9.49512 ms - Host latency: 9.63818 ms (enqueue 4.27051 ms)
[10/04/2026-22:00:26] [I] Average on 1 runs - GPU latency: 9.49854 ms - Host latency: 9.64014 ms (enqueue 4.36475 ms)
[10/04/2026-22:00:26] [I] Average on 1 runs - GPU latency: 9.50488 ms - Host latency: 9.64551 ms (enqueue 4.30566 ms)
[10/04/2026-22:00:26] [I] Average on 1 runs - GPU latency: 9.49609 ms - Host latency: 9.6333 ms (enqueue 4.29102 ms)
[10/04/2026-22:00:26] [I] Average on 1 runs - GPU latency: 9.50391 ms - Host latency: 9.64209 ms (enqueue 4.30273 ms)
[10/04/2026-22:00:26] [I] Average on 1 runs - GPU latency: 9.49365 ms - Host latency: 9.63574 ms (enqueue 4.19336 ms)
[10/04/2026-22:00:26] [I] Average on 1 runs - GPU latency: 9.48291 ms - Host latency: 9.62305 ms (enqueue 4.39258 ms)
[10/04/2026-22:00:26] [I] Average on 1 runs - GPU latency: 9.49072 ms - Host latency: 9.62598 ms (enqueue 4.32324 ms)
[10/04/2026-22:00:26] [I] Average on 1 runs - GPU latency: 9.49854 ms - Host latency: 9.63525 ms (enqueue 4.33252 ms)
[10/04/2026-22:00:26] [I] Average on 1 runs - GPU latency: 9.49414 ms - Host latency: 9.63135 ms (enqueue 4.3291 ms)
[10/04/2026-22:00:26] [I] Average on 1 runs - GPU latency: 9.49121 ms - Host latency: 9.62891 ms (enqueue 4.31299 ms)
[10/04/2026-22:00:26] [I] Average on 1 runs - GPU latency: 9.49561 ms - Host latency: 9.63721 ms (enqueue 4.36572 ms)
[10/04/2026-22:00:26] [I] Average on 1 runs - GPU latency: 9.50146 ms - Host latency: 9.63916 ms (enqueue 4.2915 ms)
[10/04/2026-22:00:26] [I] Average on 1 runs - GPU latency: 9.50391 ms - Host latency: 9.64209 ms (enqueue 4.35156 ms)
[10/04/2026-22:00:26] [I] Average on 1 runs - GPU latency: 9.50244 ms - Host latency: 9.64062 ms (enqueue 4.32422 ms)
[10/04/2026-22:00:26] [I] Average on 1 runs - GPU latency: 9.49902 ms - Host latency: 9.64062 ms (enqueue 4.31055 ms)
[10/04/2026-22:00:26] [I] Average on 1 runs - GPU latency: 9.49268 ms - Host latency: 9.65625 ms (enqueue 4.37744 ms)
[10/04/2026-22:00:26] [I] Average on 1 runs - GPU latency: 9.51562 ms - Host latency: 9.65674 ms (enqueue 4.29883 ms)
[10/04/2026-22:00:26] [I] Average on 1 runs - GPU latency: 9.49219 ms - Host latency: 9.63037 ms (enqueue 4.32471 ms)
[10/04/2026-22:00:26] [I] Average on 1 runs - GPU latency: 9.51367 ms - Host latency: 9.65137 ms (enqueue 4.34131 ms)
[10/04/2026-22:00:26] [I] Average on 1 runs - GPU latency: 9.50342 ms - Host latency: 9.65137 ms (enqueue 4.31543 ms)
[10/04/2026-22:00:26] [I] Average on 1 runs - GPU latency: 9.50781 ms - Host latency: 9.65137 ms (enqueue 4.37939 ms)
[10/04/2026-22:00:26] [I] Average on 1 runs - GPU latency: 9.5 ms - Host latency: 9.63721 ms (enqueue 4.26807 ms)
[10/04/2026-22:00:26] [I] Average on 1 runs - GPU latency: 9.49121 ms - Host latency: 9.62988 ms (enqueue 4.33496 ms)
[10/04/2026-22:00:26] [I] Average on 1 runs - GPU latency: 9.50928 ms - Host latency: 9.64746 ms (enqueue 4.33594 ms)
[10/04/2026-22:00:26] [I] Average on 1 runs - GPU latency: 9.50732 ms - Host latency: 9.65479 ms (enqueue 4.36182 ms)
[10/04/2026-22:00:26] [I] Average on 1 runs - GPU latency: 9.51074 ms - Host latency: 9.67188 ms (enqueue 4.64307 ms)
[10/04/2026-22:00:26] [I] Average on 1 runs - GPU latency: 9.50293 ms - Host latency: 9.65234 ms (enqueue 4.36084 ms)
[10/04/2026-22:00:26] [I] Average on 1 runs - GPU latency: 9.50391 ms - Host latency: 9.64795 ms (enqueue 4.37354 ms)
[10/04/2026-22:00:26] [I] Average on 1 runs - GPU latency: 9.51562 ms - Host latency: 9.65381 ms (enqueue 4.27783 ms)
[10/04/2026-22:00:26] [I] Average on 1 runs - GPU latency: 9.49805 ms - Host latency: 9.64014 ms (enqueue 4.37744 ms)
[10/04/2026-22:00:26] [I] Average on 1 runs - GPU latency: 9.49463 ms - Host latency: 9.6377 ms (enqueue 4.31445 ms)
[10/04/2026-22:00:26] [I] Average on 1 runs - GPU latency: 9.50244 ms - Host latency: 9.64795 ms (enqueue 4.30176 ms)
[10/04/2026-22:00:26] [I] Average on 1 runs - GPU latency: 9.49463 ms - Host latency: 9.6416 ms (enqueue 4.38086 ms)
[10/04/2026-22:00:26] [I] Average on 1 runs - GPU latency: 9.49805 ms - Host latency: 9.63672 ms (enqueue 4.34229 ms)
[10/04/2026-22:00:26] [I] Average on 1 runs - GPU latency: 12.0854 ms - Host latency: 12.2358 ms (enqueue 4.34668 ms)
[10/04/2026-22:00:26] [I] Average on 1 runs - GPU latency: 12.3975 ms - Host latency: 12.5786 ms (enqueue 4.31006 ms)
[10/04/2026-22:00:26] [I] Average on 1 runs - GPU latency: 12.4014 ms - Host latency: 12.5811 ms (enqueue 4.33936 ms)
[10/04/2026-22:00:26] [I] Average on 1 runs - GPU latency: 12.4194 ms - Host latency: 12.5996 ms (enqueue 4.35498 ms)
[10/04/2026-22:00:26] [I] Average on 1 runs - GPU latency: 12.396 ms - Host latency: 12.5825 ms (enqueue 4.25293 ms)
[10/04/2026-22:00:26] [I] Average on 1 runs - GPU latency: 12.3882 ms - Host latency: 12.5688 ms (enqueue 4.33447 ms)
[10/04/2026-22:00:26] [I] Average on 1 runs - GPU latency: 12.4033 ms - Host latency: 12.5913 ms (enqueue 4.33008 ms)
[10/04/2026-22:00:26] [I] Average on 1 runs - GPU latency: 12.3877 ms - Host latency: 12.5664 ms (enqueue 4.30957 ms)
[10/04/2026-22:00:26] [I] Average on 1 runs - GPU latency: 12.3862 ms - Host latency: 12.564 ms (enqueue 4.42334 ms)
[10/04/2026-22:00:26] [I] Average on 1 runs - GPU latency: 12.3872 ms - Host latency: 12.5664 ms (enqueue 4.16748 ms)
[10/04/2026-22:00:26] [I] Average on 1 runs - GPU latency: 12.3848 ms - Host latency: 12.564 ms (enqueue 4.30273 ms)
[10/04/2026-22:00:26] [I] Average on 1 runs - GPU latency: 12.3999 ms - Host latency: 12.583 ms (enqueue 4.35449 ms)
[10/04/2026-22:00:26] [I] Average on 1 runs - GPU latency: 12.4014 ms - Host latency: 12.5811 ms (enqueue 4.32617 ms)
[10/04/2026-22:00:26] [I] ... Omitting 335 lines
[10/04/2026-22:00:26] [I] Average on 1 runs - GPU latency: 12.3838 ms - Host latency: 12.5664 ms (enqueue 4.36133 ms)
[10/04/2026-22:00:26] [I] Average on 1 runs - GPU latency: 12.4072 ms - Host latency: 12.5869 ms (enqueue 4.30957 ms)
[10/04/2026-22:00:26] [I] Average on 1 runs - GPU latency: 12.3867 ms - Host latency: 12.5674 ms (enqueue 4.32715 ms)
[10/04/2026-22:00:26] [I] Average on 1 runs - GPU latency: 12.3828 ms - Host latency: 12.5752 ms (enqueue 4.26172 ms)
[10/04/2026-22:00:26] [I] Average on 1 runs - GPU latency: 12.4219 ms - Host latency: 12.6006 ms (enqueue 4.25586 ms)
[10/04/2026-22:00:26] [I] Average on 1 runs - GPU latency: 12.4043 ms - Host latency: 12.585 ms (enqueue 4.31836 ms)
[10/04/2026-22:00:26] [I] Average on 1 runs - GPU latency: 12.4023 ms - Host latency: 12.583 ms (enqueue 4.28125 ms)
[10/04/2026-22:00:26] [I] Average on 1 runs - GPU latency: 12.4033 ms - Host latency: 12.5889 ms (enqueue 4.37598 ms)
[10/04/2026-22:00:26] [I] Average on 1 runs - GPU latency: 12.3838 ms - Host latency: 12.5654 ms (enqueue 4.29688 ms)
[10/04/2026-22:00:26] [I] Average on 1 runs - GPU latency: 12.3857 ms - Host latency: 12.5654 ms (enqueue 4.34375 ms)
[10/04/2026-22:00:26] [I] Average on 1 runs - GPU latency: 12.3877 ms - Host latency: 12.5703 ms (enqueue 4.29297 ms)
[10/04/2026-22:00:26] [I] Average on 1 runs - GPU latency: 12.4053 ms - Host latency: 12.5879 ms (enqueue 4.31445 ms)
[10/04/2026-22:00:26] [I] Average on 1 runs - GPU latency: 12.4072 ms - Host latency: 12.5859 ms (enqueue 4.41699 ms)
[10/04/2026-22:00:26] [I] Average on 1 runs - GPU latency: 12.4023 ms - Host latency: 12.5801 ms (enqueue 4.31543 ms)
[10/04/2026-22:00:26] [I] Average on 1 runs - GPU latency: 12.4023 ms - Host latency: 12.584 ms (enqueue 4.375 ms)
[10/04/2026-22:00:26] [I] Average on 1 runs - GPU latency: 12.4111 ms - Host latency: 12.5918 ms (enqueue 4.36133 ms)
[10/04/2026-22:00:26] [I] Average on 1 runs - GPU latency: 12.3877 ms - Host latency: 12.5674 ms (enqueue 4.31055 ms)
[10/04/2026-22:00:26] [I] Average on 1 runs - GPU latency: 12.4033 ms - Host latency: 12.585 ms (enqueue 4.28809 ms)
[10/04/2026-22:00:26] [I] Average on 1 runs - GPU latency: 12.3799 ms - Host latency: 12.5693 ms (enqueue 4.36816 ms)
[10/04/2026-22:00:26] [I] Average on 1 runs - GPU latency: 12.4033 ms - Host latency: 12.585 ms (enqueue 4.31641 ms)
[10/04/2026-22:00:26] [I] Average on 1 runs - GPU latency: 12.4248 ms - Host latency: 12.6045 ms (enqueue 4.32617 ms)
[10/04/2026-22:00:26] [I] Average on 1 runs - GPU latency: 12.4092 ms - Host latency: 12.5967 ms (enqueue 4.24316 ms)
[10/04/2026-22:00:26] [I] Average on 1 runs - GPU latency: 12.3838 ms - Host latency: 12.5625 ms (enqueue 4.33008 ms)
[10/04/2026-22:00:26] [I] Average on 1 runs - GPU latency: 12.4014 ms - Host latency: 12.5889 ms (enqueue 4.36035 ms)
[10/04/2026-22:00:26] [I] Average on 1 runs - GPU latency: 12.3936 ms - Host latency: 12.5723 ms (enqueue 4.29004 ms)
[10/04/2026-22:00:26] [I] Average on 1 runs - GPU latency: 12.3965 ms - Host latency: 12.5869 ms (enqueue 4.31543 ms)
[10/04/2026-22:00:26] [I] Average on 1 runs - GPU latency: 12.3936 ms - Host latency: 12.5742 ms (enqueue 4.25977 ms)
[10/04/2026-22:00:26] [I] Average on 1 runs - GPU latency: 12.3926 ms - Host latency: 12.5732 ms (enqueue 4.32129 ms)
[10/04/2026-22:00:26] [I] Average on 1 runs - GPU latency: 12.3857 ms - Host latency: 12.5654 ms (enqueue 4.29297 ms)
[10/04/2026-22:00:26] [I] Average on 1 runs - GPU latency: 12.4102 ms - Host latency: 12.5898 ms (enqueue 4.31836 ms)
[10/04/2026-22:00:26] [I] Average on 1 runs - GPU latency: 12.3926 ms - Host latency: 12.5928 ms (enqueue 4.34473 ms)
[10/04/2026-22:00:26] [I] Average on 1 runs - GPU latency: 12.3945 ms - Host latency: 12.5732 ms (enqueue 4.3418 ms)
[10/04/2026-22:00:26] [I] Average on 1 runs - GPU latency: 12.4033 ms - Host latency: 12.583 ms (enqueue 4.26172 ms)
[10/04/2026-22:00:26] [I] Average on 1 runs - GPU latency: 12.3975 ms - Host latency: 12.5771 ms (enqueue 4.31641 ms)
[10/04/2026-22:00:26] [I] Average on 1 runs - GPU latency: 12.3936 ms - Host latency: 12.5723 ms (enqueue 4.32422 ms)
[10/04/2026-22:00:26] [I] Average on 1 runs - GPU latency: 12.3887 ms - Host latency: 12.5684 ms (enqueue 4.3916 ms)
[10/04/2026-22:00:26] [I] Average on 1 runs - GPU latency: 12.3965 ms - Host latency: 12.5742 ms (enqueue 4.26172 ms)
[10/04/2026-22:00:26] [I] Average on 1 runs - GPU latency: 12.3848 ms - Host latency: 12.5645 ms (enqueue 4.38184 ms)
[10/04/2026-22:00:26] [I] Average on 1 runs - GPU latency: 12.4131 ms - Host latency: 12.5928 ms (enqueue 4.28027 ms)
[10/04/2026-22:00:26] [I] Average on 1 runs - GPU latency: 12.4014 ms - Host latency: 12.5801 ms (enqueue 4.31152 ms)
[10/04/2026-22:00:26] [I] Average on 1 runs - GPU latency: 12.4053 ms - Host latency: 12.5859 ms (enqueue 4.33203 ms)
[10/04/2026-22:00:26] [I] Average on 1 runs - GPU latency: 12.3984 ms - Host latency: 12.5771 ms (enqueue 4.37305 ms)
[10/04/2026-22:00:26] [I] Average on 1 runs - GPU latency: 12.4043 ms - Host latency: 12.583 ms (enqueue 4.35645 ms)
[10/04/2026-22:00:26] [I] Average on 1 runs - GPU latency: 12.3945 ms - Host latency: 12.5742 ms (enqueue 4.30469 ms)
[10/04/2026-22:00:26] [I] Average on 1 runs - GPU latency: 12.3887 ms - Host latency: 12.5693 ms (enqueue 4.29395 ms)
[10/04/2026-22:00:26] [I] Average on 1 runs - GPU latency: 12.3779 ms - Host latency: 12.5576 ms (enqueue 4.33594 ms)
[10/04/2026-22:00:26] [I] Average on 1 runs - GPU latency: 12.3984 ms - Host latency: 12.5781 ms (enqueue 4.34863 ms)
[10/04/2026-22:00:26] [I] Average on 1 runs - GPU latency: 12.4062 ms - Host latency: 12.5869 ms (enqueue 4.35742 ms)
[10/04/2026-22:00:26] [I] Average on 1 runs - GPU latency: 12.377 ms - Host latency: 12.5566 ms (enqueue 4.3457 ms)
[10/04/2026-22:00:26] [I] Average on 1 runs - GPU latency: 12.4014 ms - Host latency: 12.5791 ms (enqueue 4.32715 ms)
[10/04/2026-22:00:26] [I] Average on 1 runs - GPU latency: 12.4121 ms - Host latency: 12.5918 ms (enqueue 4.28906 ms)
[10/04/2026-22:00:26] [I] Average on 1 runs - GPU latency: 12.4121 ms - Host latency: 12.6191 ms (enqueue 4.27734 ms)
[10/04/2026-22:00:26] [I] Average on 1 runs - GPU latency: 12.3857 ms - Host latency: 12.5654 ms (enqueue 4.31934 ms)
[10/04/2026-22:00:26] [I] Average on 1 runs - GPU latency: 12.4053 ms - Host latency: 12.585 ms (enqueue 4.35156 ms)
[10/04/2026-22:00:26] [I] Average on 1 runs - GPU latency: 12.4082 ms - Host latency: 12.5947 ms (enqueue 4.31641 ms)
[10/04/2026-22:00:26] [I] Average on 1 runs - GPU latency: 12.3955 ms - Host latency: 12.5752 ms (enqueue 4.30859 ms)
[10/04/2026-22:00:26] [I] Average on 1 runs - GPU latency: 12.417 ms - Host latency: 12.5986 ms (enqueue 4.32129 ms)
[10/04/2026-22:00:26] [I] Average on 1 runs - GPU latency: 12.4033 ms - Host latency: 12.5801 ms (enqueue 4.28125 ms)
[10/04/2026-22:00:26] [I] Average on 1 runs - GPU latency: 12.4082 ms - Host latency: 12.5879 ms (enqueue 4.29492 ms)
[10/04/2026-22:00:26] [I] Average on 1 runs - GPU latency: 12.4043 ms - Host latency: 12.584 ms (enqueue 4.23828 ms)
[10/04/2026-22:00:26] [I] Average on 1 runs - GPU latency: 12.3955 ms - Host latency: 12.5732 ms (enqueue 4.28027 ms)
[10/04/2026-22:00:26] [I] Average on 1 runs - GPU latency: 12.4014 ms - Host latency: 12.582 ms (enqueue 4.35547 ms)
[10/04/2026-22:00:26] [I] Average on 1 runs - GPU latency: 12.3926 ms - Host latency: 12.5771 ms (enqueue 4.33398 ms)
[10/04/2026-22:00:26] [I] Average on 1 runs - GPU latency: 12.4082 ms - Host latency: 12.5859 ms (enqueue 4.32227 ms)
[10/04/2026-22:00:26] [I] Average on 1 runs - GPU latency: 12.3975 ms - Host latency: 12.5771 ms (enqueue 4.32812 ms)
[10/04/2026-22:00:26] [I] Average on 1 runs - GPU latency: 12.3896 ms - Host latency: 12.5684 ms (enqueue 4.20898 ms)
[10/04/2026-22:00:26] [I] Average on 1 runs - GPU latency: 12.3916 ms - Host latency: 12.5732 ms (enqueue 4.33301 ms)
[10/04/2026-22:00:26] [I] Average on 1 runs - GPU latency: 12.4111 ms - Host latency: 12.5898 ms (enqueue 4.31738 ms)
[10/04/2026-22:00:26] [I] Average on 1 runs - GPU latency: 12.4033 ms - Host latency: 12.582 ms (enqueue 4.35254 ms)
[10/04/2026-22:00:26] [I] Average on 1 runs - GPU latency: 12.4072 ms - Host latency: 12.585 ms (enqueue 4.3291 ms)
[10/04/2026-22:00:26] [I] Average on 1 runs - GPU latency: 12.3965 ms - Host latency: 12.5742 ms (enqueue 4.32129 ms)
[10/04/2026-22:00:26] [I] Average on 1 runs - GPU latency: 12.3945 ms - Host latency: 12.5986 ms (enqueue 4.40039 ms)
[10/04/2026-22:00:26] [I] Average on 1 runs - GPU latency: 12.4082 ms - Host latency: 12.5898 ms (enqueue 4.375 ms)
[10/04/2026-22:00:26] [I] Average on 1 runs - GPU latency: 12.4033 ms - Host latency: 12.5889 ms (enqueue 4.34863 ms)
[10/04/2026-22:00:26] [I] Average on 1 runs - GPU latency: 12.3926 ms - Host latency: 12.5811 ms (enqueue 4.33203 ms)
[10/04/2026-22:00:26] [I] Average on 1 runs - GPU latency: 12.374 ms - Host latency: 12.5537 ms (enqueue 4.3252 ms)
[10/04/2026-22:00:26] [I] Average on 1 runs - GPU latency: 12.4004 ms - Host latency: 12.5801 ms (enqueue 4.34668 ms)
[10/04/2026-22:00:26] [I] Average on 1 runs - GPU latency: 12.3887 ms - Host latency: 12.5693 ms (enqueue 4.33887 ms)
[10/04/2026-22:00:26] [I] Average on 1 runs - GPU latency: 12.3975 ms - Host latency: 12.5781 ms (enqueue 4.34961 ms)
[10/04/2026-22:00:26] [I] Average on 1 runs - GPU latency: 12.4004 ms - Host latency: 12.583 ms (enqueue 4.39844 ms)
[10/04/2026-22:00:26] [I] Average on 1 runs - GPU latency: 12.4072 ms - Host latency: 12.5859 ms (enqueue 4.34863 ms)
[10/04/2026-22:00:26] [I] Average on 1 runs - GPU latency: 12.3965 ms - Host latency: 12.5762 ms (enqueue 4.35645 ms)
[10/04/2026-22:00:26] [I] Average on 1 runs - GPU latency: 12.3975 ms - Host latency: 12.5771 ms (enqueue 4.29102 ms)
[10/04/2026-22:00:26] [I] Average on 1 runs - GPU latency: 12.3857 ms - Host latency: 12.5664 ms (enqueue 4.31738 ms)
[10/04/2026-22:00:26] [I] Average on 1 runs - GPU latency: 12.4189 ms - Host latency: 12.5986 ms (enqueue 4.36426 ms)
[10/04/2026-22:00:26] [I] Average on 1 runs - GPU latency: 12.3916 ms - Host latency: 12.5703 ms (enqueue 4.29004 ms)
[10/04/2026-22:00:26] [I] Average on 1 runs - GPU latency: 12.3936 ms - Host latency: 12.5742 ms (enqueue 4.29395 ms)
[10/04/2026-22:00:26] [I] Average on 1 runs - GPU latency: 12.4043 ms - Host latency: 12.582 ms (enqueue 4.2666 ms)
[10/04/2026-22:00:26] [I] Average on 1 runs - GPU latency: 12.4053 ms - Host latency: 12.584 ms (enqueue 4.33105 ms)
[10/04/2026-22:00:26] [I] Average on 1 runs - GPU latency: 12.3887 ms - Host latency: 12.5684 ms (enqueue 4.35254 ms)
[10/04/2026-22:00:26] [I] Average on 1 runs - GPU latency: 12.3896 ms - Host latency: 12.5684 ms (enqueue 4.3252 ms)
[10/04/2026-22:00:26] [I] Average on 1 runs - GPU latency: 12.3975 ms - Host latency: 12.5771 ms (enqueue 4.33105 ms)
[10/04/2026-22:00:26] [I] Average on 1 runs - GPU latency: 12.4033 ms - Host latency: 12.583 ms (enqueue 4.31348 ms)
[10/04/2026-22:00:26] [I] Average on 1 runs - GPU latency: 12.3994 ms - Host latency: 12.582 ms (enqueue 4.4082 ms)
[10/04/2026-22:00:26] [I] Average on 1 runs - GPU latency: 12.4072 ms - Host latency: 12.5869 ms (enqueue 4.30762 ms)
[10/04/2026-22:00:26] [I] Average on 1 runs - GPU latency: 12.3906 ms - Host latency: 12.5713 ms (enqueue 4.33887 ms)
[10/04/2026-22:00:26] [I] Average on 1 runs - GPU latency: 12.3955 ms - Host latency: 12.5752 ms (enqueue 4.28027 ms)
[10/04/2026-22:00:26] [I] Average on 1 runs - GPU latency: 12.3975 ms - Host latency: 12.5791 ms (enqueue 4.3457 ms)
[10/04/2026-22:00:26] [I] Average on 1 runs - GPU latency: 12.3984 ms - Host latency: 12.5781 ms (enqueue 4.32324 ms)
[10/04/2026-22:00:26] [I] Average on 1 runs - GPU latency: 12.4014 ms - Host latency: 12.5811 ms (enqueue 4.30176 ms)
[10/04/2026-22:00:26] [I] Average on 1 runs - GPU latency: 12.4004 ms - Host latency: 12.5811 ms (enqueue 4.34668 ms)
[10/04/2026-22:00:26] [I] Average on 1 runs - GPU latency: 12.4043 ms - Host latency: 12.5879 ms (enqueue 4.35742 ms)
[10/04/2026-22:00:26] [I] Average on 1 runs - GPU latency: 12.3848 ms - Host latency: 12.5645 ms (enqueue 4.375 ms)
[10/04/2026-22:00:26] [I] Average on 1 runs - GPU latency: 12.3965 ms - Host latency: 12.5742 ms (enqueue 4.30469 ms)
[10/04/2026-22:00:26] [I] Average on 1 runs - GPU latency: 12.4004 ms - Host latency: 12.5801 ms (enqueue 4.25391 ms)
[10/04/2026-22:00:26] [I] Average on 1 runs - GPU latency: 12.4062 ms - Host latency: 12.584 ms (enqueue 4.45605 ms)
[10/04/2026-22:00:26] [I] Average on 1 runs - GPU latency: 12.3994 ms - Host latency: 12.5791 ms (enqueue 4.2959 ms)
[10/04/2026-22:00:26] [I] Average on 1 runs - GPU latency: 12.3916 ms - Host latency: 12.5703 ms (enqueue 4.33594 ms)
[10/04/2026-22:00:26] [I] Average on 1 runs - GPU latency: 12.3994 ms - Host latency: 12.5811 ms (enqueue 4.33008 ms)
[10/04/2026-22:00:26] [I] Average on 1 runs - GPU latency: 12.3838 ms - Host latency: 12.5625 ms (enqueue 4.25 ms)
[10/04/2026-22:00:26] [I] Average on 1 runs - GPU latency: 12.3994 ms - Host latency: 12.5781 ms (enqueue 4.3291 ms)
[10/04/2026-22:00:26] [I] Average on 1 runs - GPU latency: 12.3975 ms - Host latency: 12.5781 ms (enqueue 4.3291 ms)
[10/04/2026-22:00:26] [I] Average on 1 runs - GPU latency: 12.3965 ms - Host latency: 12.5928 ms (enqueue 4.25781 ms)
[10/04/2026-22:00:26] [I] Average on 1 runs - GPU latency: 12.3818 ms - Host latency: 12.5615 ms (enqueue 4.31836 ms)
[10/04/2026-22:00:26] [I] Average on 1 runs - GPU latency: 12.3945 ms - Host latency: 12.5771 ms (enqueue 4.32031 ms)
[10/04/2026-22:00:26] [I] Average on 1 runs - GPU latency: 12.3887 ms - Host latency: 12.5674 ms (enqueue 4.36719 ms)
[10/04/2026-22:00:26] [I] Average on 1 runs - GPU latency: 12.3955 ms - Host latency: 12.5742 ms (enqueue 4.33594 ms)
[10/04/2026-22:00:26] [I] Average on 1 runs - GPU latency: 12.3896 ms - Host latency: 12.5723 ms (enqueue 4.41211 ms)
[10/04/2026-22:00:26] [I] Average on 1 runs - GPU latency: 12.3955 ms - Host latency: 12.5762 ms (enqueue 4.34961 ms)
[10/04/2026-22:00:26] [I] Average on 1 runs - GPU latency: 12.4043 ms - Host latency: 12.584 ms (enqueue 4.35352 ms)
[10/04/2026-22:00:26] [I] Average on 1 runs - GPU latency: 12.4023 ms - Host latency: 12.582 ms (enqueue 4.3418 ms)
[10/04/2026-22:00:26] [I] Average on 1 runs - GPU latency: 12.4082 ms - Host latency: 12.5898 ms (enqueue 4.26367 ms)
[10/04/2026-22:00:26] [I] Average on 1 runs - GPU latency: 12.4004 ms - Host latency: 12.584 ms (enqueue 4.38867 ms)
[10/04/2026-22:00:26] [I] Average on 1 runs - GPU latency: 12.3945 ms - Host latency: 12.5742 ms (enqueue 4.35742 ms)
[10/04/2026-22:00:26] [I] Average on 1 runs - GPU latency: 12.4004 ms - Host latency: 12.5801 ms (enqueue 4.30273 ms)
[10/04/2026-22:00:26] [I] Average on 1 runs - GPU latency: 12.4043 ms - Host latency: 12.584 ms (enqueue 4.36328 ms)
[10/04/2026-22:00:26] [I] Average on 1 runs - GPU latency: 12.377 ms - Host latency: 12.5566 ms (enqueue 4.17188 ms)
[10/04/2026-22:00:26] [I] Average on 1 runs - GPU latency: 12.3945 ms - Host latency: 12.5859 ms (enqueue 4.34766 ms)
[10/04/2026-22:00:26] [I] Average on 1 runs - GPU latency: 12.4023 ms - Host latency: 12.584 ms (enqueue 4.33398 ms)
[10/04/2026-22:00:26] [I] Average on 1 runs - GPU latency: 12.3809 ms - Host latency: 12.5586 ms (enqueue 4.31445 ms)
[10/04/2026-22:00:26] [I] Average on 1 runs - GPU latency: 12.4004 ms - Host latency: 12.582 ms (enqueue 4.31836 ms)
[10/04/2026-22:00:26] [I] Average on 1 runs - GPU latency: 12.4004 ms - Host latency: 12.5801 ms (enqueue 4.21094 ms)
[10/04/2026-22:00:26] [I] Average on 1 runs - GPU latency: 12.3906 ms - Host latency: 12.5703 ms (enqueue 4.3457 ms)
[10/04/2026-22:00:26] [I] Average on 1 runs - GPU latency: 12.3867 ms - Host latency: 12.5664 ms (enqueue 4.31641 ms)
[10/04/2026-22:00:26] [I] Average on 1 runs - GPU latency: 12.3926 ms - Host latency: 12.5723 ms (enqueue 4.33594 ms)
[10/04/2026-22:00:26] [I] Average on 1 runs - GPU latency: 12.3867 ms - Host latency: 12.5645 ms (enqueue 4.32422 ms)
[10/04/2026-22:00:26] [I] Average on 1 runs - GPU latency: 12.3984 ms - Host latency: 12.584 ms (enqueue 4.41797 ms)
[10/04/2026-22:00:26] [I] Average on 1 runs - GPU latency: 12.3984 ms - Host latency: 12.582 ms (enqueue 4.35156 ms)
[10/04/2026-22:00:26] [I] Average on 1 runs - GPU latency: 12.3887 ms - Host latency: 12.5762 ms (enqueue 4.35938 ms)
[10/04/2026-22:00:26] [I] Average on 1 runs - GPU latency: 12.3945 ms - Host latency: 12.584 ms (enqueue 4.24219 ms)
[10/04/2026-22:00:26] [I] Average on 1 runs - GPU latency: 12.3984 ms - Host latency: 12.5801 ms (enqueue 4.25195 ms)
[10/04/2026-22:00:26] [I] Average on 1 runs - GPU latency: 12.3809 ms - Host latency: 12.5605 ms (enqueue 4.27734 ms)
[10/04/2026-22:00:26] [I] Average on 1 runs - GPU latency: 12.4023 ms - Host latency: 12.5859 ms (enqueue 4.34766 ms)
[10/04/2026-22:00:26] [I] Average on 1 runs - GPU latency: 12.3945 ms - Host latency: 12.5762 ms (enqueue 4.25977 ms)
[10/04/2026-22:00:26] [I] Average on 1 runs - GPU latency: 12.3984 ms - Host latency: 12.5801 ms (enqueue 4.37891 ms)
[10/04/2026-22:00:26] [I] Average on 1 runs - GPU latency: 12.3848 ms - Host latency: 12.5664 ms (enqueue 4.33398 ms)
[10/04/2026-22:00:26] [I] Average on 1 runs - GPU latency: 12.4004 ms - Host latency: 12.582 ms (enqueue 4.32031 ms)
[10/04/2026-22:00:26] [I] Average on 1 runs - GPU latency: 12.4004 ms - Host latency: 12.5801 ms (enqueue 4.3125 ms)
[10/04/2026-22:00:26] [I] Average on 1 runs - GPU latency: 12.3945 ms - Host latency: 12.5742 ms (enqueue 4.28711 ms)
[10/04/2026-22:00:26] [I] Average on 1 runs - GPU latency: 12.3984 ms - Host latency: 12.5781 ms (enqueue 4.32031 ms)
[10/04/2026-22:00:26] [I] Average on 1 runs - GPU latency: 12.4023 ms - Host latency: 12.5859 ms (enqueue 4.33984 ms)
[10/04/2026-22:00:26] [I] Average on 1 runs - GPU latency: 12.3965 ms - Host latency: 12.5781 ms (enqueue 4.29883 ms)
[10/04/2026-22:00:26] [I] Average on 1 runs - GPU latency: 12.4121 ms - Host latency: 12.5918 ms (enqueue 4.3457 ms)
[10/04/2026-22:00:26] [I] Average on 1 runs - GPU latency: 12.4102 ms - Host latency: 12.6133 ms (enqueue 4.30664 ms)
[10/04/2026-22:00:26] [I] Average on 1 runs - GPU latency: 12.4102 ms - Host latency: 12.5879 ms (enqueue 4.32031 ms)
[10/04/2026-22:00:26] [I] Average on 1 runs - GPU latency: 12.3887 ms - Host latency: 12.5703 ms (enqueue 4.33398 ms)
[10/04/2026-22:00:26] [I] Average on 1 runs - GPU latency: 12.3848 ms - Host latency: 12.5625 ms (enqueue 4.32617 ms)
[10/04/2026-22:00:26] [I] Average on 1 runs - GPU latency: 12.3867 ms - Host latency: 12.5664 ms (enqueue 4.36719 ms)
[10/04/2026-22:00:26] [I] Average on 1 runs - GPU latency: 12.3984 ms - Host latency: 12.5781 ms (enqueue 4.28711 ms)
[10/04/2026-22:00:26] [I] Average on 1 runs - GPU latency: 12.3926 ms - Host latency: 12.5742 ms (enqueue 4.31445 ms)
[10/04/2026-22:00:26] [I] Average on 1 runs - GPU latency: 12.3789 ms - Host latency: 12.5801 ms (enqueue 4.29688 ms)
[10/04/2026-22:00:26] [I] Average on 1 runs - GPU latency: 12.3828 ms - Host latency: 12.5625 ms (enqueue 4.29688 ms)
[10/04/2026-22:00:26] [I] Average on 1 runs - GPU latency: 12.3984 ms - Host latency: 12.5781 ms (enqueue 4.35352 ms)
[10/04/2026-22:00:26] [I] Average on 1 runs - GPU latency: 12.3984 ms - Host latency: 12.5781 ms (enqueue 4.29883 ms)
[10/04/2026-22:00:26] [I] Average on 1 runs - GPU latency: 12.4004 ms - Host latency: 12.582 ms (enqueue 4.30273 ms)
[10/04/2026-22:00:26] [I] Average on 1 runs - GPU latency: 12.3926 ms - Host latency: 12.5723 ms (enqueue 4.24219 ms)
[10/04/2026-22:00:26] [I] Average on 1 runs - GPU latency: 12.4043 ms - Host latency: 12.5859 ms (enqueue 4.27734 ms)
[10/04/2026-22:00:26] [I] Average on 1 runs - GPU latency: 12.3984 ms - Host latency: 12.5801 ms (enqueue 4.29297 ms)
[10/04/2026-22:00:26] [I] Average on 1 runs - GPU latency: 12.4043 ms - Host latency: 12.5859 ms (enqueue 4.33008 ms)
[10/04/2026-22:00:26] [I] Average on 1 runs - GPU latency: 12.418 ms - Host latency: 12.6055 ms (enqueue 4.31641 ms)
[10/04/2026-22:00:26] [I] Average on 1 runs - GPU latency: 12.4043 ms - Host latency: 12.582 ms (enqueue 4.22266 ms)
[10/04/2026-22:00:26] [I] Average on 1 runs - GPU latency: 12.3867 ms - Host latency: 12.5664 ms (enqueue 4.33008 ms)
[10/04/2026-22:00:26] [I] Average on 1 runs - GPU latency: 12.4102 ms - Host latency: 12.5898 ms (enqueue 4.3125 ms)
[10/04/2026-22:00:26] [I] Average on 1 runs - GPU latency: 12.3984 ms - Host latency: 12.5859 ms (enqueue 4.36328 ms)
[10/04/2026-22:00:26] [I] Average on 1 runs - GPU latency: 12.3867 ms - Host latency: 12.5664 ms (enqueue 4.33008 ms)
[10/04/2026-22:00:26] [I] Average on 1 runs - GPU latency: 12.3984 ms - Host latency: 12.5781 ms (enqueue 4.29883 ms)
[10/04/2026-22:00:26] [I] Average on 1 runs - GPU latency: 12.418 ms - Host latency: 12.5977 ms (enqueue 4.39062 ms)
[10/04/2026-22:00:26] [I] Average on 1 runs - GPU latency: 12.4297 ms - Host latency: 12.6094 ms (enqueue 4.31836 ms)
[10/04/2026-22:00:26] [I] Average on 1 runs - GPU latency: 12.3965 ms - Host latency: 12.5742 ms (enqueue 4.32617 ms)
[10/04/2026-22:00:26] [I] Average on 1 runs - GPU latency: 12.3867 ms - Host latency: 12.5645 ms (enqueue 4.3418 ms)
[10/04/2026-22:00:26] [I] Average on 1 runs - GPU latency: 12.3906 ms - Host latency: 12.5703 ms (enqueue 4.32617 ms)
[10/04/2026-22:00:26] [I] Average on 1 runs - GPU latency: 12.3945 ms - Host latency: 12.5742 ms (enqueue 4.3457 ms)
[10/04/2026-22:00:26] [I] Average on 1 runs - GPU latency: 12.3945 ms - Host latency: 12.5723 ms (enqueue 4.25781 ms)
[10/04/2026-22:00:26] [I] Average on 1 runs - GPU latency: 12.3789 ms - Host latency: 12.5625 ms (enqueue 4.34766 ms)
[10/04/2026-22:00:26] [I] Average on 1 runs - GPU latency: 12.4082 ms - Host latency: 12.5859 ms (enqueue 4.32031 ms)
[10/04/2026-22:00:26] [I] Average on 1 runs - GPU latency: 12.4004 ms - Host latency: 12.582 ms (enqueue 4.375 ms)
[10/04/2026-22:00:26] [I] Average on 1 runs - GPU latency: 12.3926 ms - Host latency: 12.5742 ms (enqueue 4.29883 ms)
[10/04/2026-22:00:26] [I] Average on 1 runs - GPU latency: 12.3906 ms - Host latency: 12.5781 ms (enqueue 4.3125 ms)
[10/04/2026-22:00:26] [I] Average on 1 runs - GPU latency: 12.3867 ms - Host latency: 12.5762 ms (enqueue 4.35547 ms)
[10/04/2026-22:00:26] [I] Average on 1 runs - GPU latency: 12.3926 ms - Host latency: 12.5742 ms (enqueue 4.33789 ms)
[10/04/2026-22:00:26] [I] Average on 1 runs - GPU latency: 12.4004 ms - Host latency: 12.5801 ms (enqueue 4.33203 ms)
[10/04/2026-22:00:26] [I] Average on 1 runs - GPU latency: 12.3887 ms - Host latency: 12.5684 ms (enqueue 4.30469 ms)
[10/04/2026-22:00:26] [I] Average on 1 runs - GPU latency: 12.3965 ms - Host latency: 12.5762 ms (enqueue 4.2168 ms)
[10/04/2026-22:00:26] [I] Average on 1 runs - GPU latency: 12.3867 ms - Host latency: 12.5703 ms (enqueue 4.3457 ms)
[10/04/2026-22:00:26] [I] Average on 1 runs - GPU latency: 12.3887 ms - Host latency: 12.5879 ms (enqueue 4.25781 ms)
[10/04/2026-22:00:26] [I] Average on 1 runs - GPU latency: 12.4355 ms - Host latency: 12.6152 ms (enqueue 4.23242 ms)
[10/04/2026-22:00:26] [I] Average on 1 runs - GPU latency: 12.3926 ms - Host latency: 12.5723 ms (enqueue 4.31055 ms)
[10/04/2026-22:00:26] [I] Average on 1 runs - GPU latency: 12.4121 ms - Host latency: 12.5918 ms (enqueue 4.22266 ms)
[10/04/2026-22:00:26] [I] Average on 1 runs - GPU latency: 12.4062 ms - Host latency: 12.5859 ms (enqueue 4.33008 ms)
[10/04/2026-22:00:26] [I] Average on 1 runs - GPU latency: 12.4004 ms - Host latency: 12.582 ms (enqueue 4.30078 ms)
[10/04/2026-22:00:26] [I] Average on 1 runs - GPU latency: 12.4004 ms - Host latency: 12.5859 ms (enqueue 4.31055 ms)
[10/04/2026-22:00:26] [I] 
[10/04/2026-22:00:26] [I] === Performance summary ===
[10/04/2026-22:00:26] [I] Throughput: 48.8644 qps
[10/04/2026-22:00:26] [I] Latency: min = 4.28198 ms, max = 12.624 ms, mean = 11.54 ms, median = 12.5737 ms, percentile(90%) = 12.5898 ms, percentile(95%) = 12.5967 ms, percentile(99%) = 12.6094 ms
[10/04/2026-22:00:26] [I] Enqueue Time: min = 3.06641 ms, max = 4.65771 ms, mean = 4.30041 ms, median = 4.3125 ms, percentile(90%) = 4.36426 ms, percentile(95%) = 4.38184 ms, percentile(99%) = 4.42969 ms
[10/04/2026-22:00:26] [I] H2D Latency: min = 0.0634766 ms, max = 0.214844 ms, mean = 0.159087 ms, median = 0.169922 ms, percentile(90%) = 0.175781 ms, percentile(95%) = 0.179688 ms, percentile(99%) = 0.19043 ms
[10/04/2026-22:00:26] [I] GPU Compute Time: min = 4.20508 ms, max = 12.4355 ms, mean = 11.3716 ms, median = 12.3926 ms, percentile(90%) = 12.4072 ms, percentile(95%) = 12.4111 ms, percentile(99%) = 12.4209 ms
[10/04/2026-22:00:26] [I] D2H Latency: min = 0.00366211 ms, max = 0.0117188 ms, mean = 0.00934311 ms, median = 0.00976562 ms, percentile(90%) = 0.0107422 ms, percentile(95%) = 0.0117188 ms, percentile(99%) = 0.0117188 ms
[10/04/2026-22:00:26] [I] Total Host Walltime: 15.0416 s
[10/04/2026-22:00:26] [I] Total GPU Compute Time: 8.35811 s
[10/04/2026-22:00:26] [I] Explanations of the performance metrics are printed in the verbose logs.
[10/04/2026-22:00:26] [I] 
&&&& PASSED TensorRT.trtexec [TensorRT v100300] # /usr/src/tensorrt/bin/trtexec --loadEngine=/tmp/yolo26n_84172_uint8_fp16_opt3.engine --warmUp=3000 --duration=15 --idleTime=16 --avgRuns=1
