&&&& RUNNING TensorRT.trtexec [TensorRT v100300] # /usr/src/tensorrt/bin/trtexec --loadEngine=/tmp/yolo26n_84172_uint8_fp16_opt3.engine --warmUp=3000 --duration=15 --idleTime=0 --avgRuns=1
[10/06/2026-16:12:13] [I] === Model Options ===
[10/06/2026-16:12:13] [I] Format: *
[10/06/2026-16:12:13] [I] Model: 
[10/06/2026-16:12:13] [I] Output:
[10/06/2026-16:12:13] [I] 
[10/06/2026-16:12:13] [I] === System Options ===
[10/06/2026-16:12:13] [I] Device: 0
[10/06/2026-16:12:13] [I] DLACore: 
[10/06/2026-16:12:13] [I] Plugins:
[10/06/2026-16:12:13] [I] setPluginsToSerialize:
[10/06/2026-16:12:13] [I] dynamicPlugins:
[10/06/2026-16:12:13] [I] ignoreParsedPluginLibs: 0
[10/06/2026-16:12:13] [I] 
[10/06/2026-16:12:13] [I] === Inference Options ===
[10/06/2026-16:12:13] [I] Batch: Explicit
[10/06/2026-16:12:13] [I] Input inference shapes: model
[10/06/2026-16:12:13] [I] Iterations: 10
[10/06/2026-16:12:13] [I] Duration: 15s (+ 3000ms warm up)
[10/06/2026-16:12:13] [I] Sleep time: 0ms
[10/06/2026-16:12:13] [I] Idle time: 0ms
[10/06/2026-16:12:13] [I] Inference Streams: 1
[10/06/2026-16:12:13] [I] ExposeDMA: Disabled
[10/06/2026-16:12:13] [I] Data transfers: Enabled
[10/06/2026-16:12:13] [I] Spin-wait: Disabled
[10/06/2026-16:12:13] [I] Multithreading: Disabled
[10/06/2026-16:12:13] [I] CUDA Graph: Disabled
[10/06/2026-16:12:13] [I] Separate profiling: Disabled
[10/06/2026-16:12:13] [I] Time Deserialize: Disabled
[10/06/2026-16:12:13] [I] Time Refit: Disabled
[10/06/2026-16:12:13] [I] NVTX verbosity: 0
[10/06/2026-16:12:13] [I] Persistent Cache Ratio: 0
[10/06/2026-16:12:13] [I] Optimization Profile Index: 0
[10/06/2026-16:12:13] [I] Weight Streaming Budget: 100.000000%
[10/06/2026-16:12:13] [I] Inputs:
[10/06/2026-16:12:13] [I] Debug Tensor Save Destinations:
[10/06/2026-16:12:13] [I] === Reporting Options ===
[10/06/2026-16:12:13] [I] Verbose: Disabled
[10/06/2026-16:12:13] [I] Averages: 1 inferences
[10/06/2026-16:12:13] [I] Percentiles: 90,95,99
[10/06/2026-16:12:13] [I] Dump refittable layers:Disabled
[10/06/2026-16:12:13] [I] Dump output: Disabled
[10/06/2026-16:12:13] [I] Profile: Disabled
[10/06/2026-16:12:13] [I] Export timing to JSON file: 
[10/06/2026-16:12:13] [I] Export output to JSON file: 
[10/06/2026-16:12:13] [I] Export profile to JSON file: 
[10/06/2026-16:12:13] [I] 
[10/06/2026-16:12:13] [I] === Device Information ===
[10/06/2026-16:12:13] [I] Available Devices: 
[10/06/2026-16:12:13] [I]   Device 0: "Orin" UUID: GPU-6e16c2c1-e394-5324-8f2e-63a975968f4e
[10/06/2026-16:12:13] [I] Selected Device: Orin
[10/06/2026-16:12:13] [I] Selected Device ID: 0
[10/06/2026-16:12:13] [I] Selected Device UUID: GPU-6e16c2c1-e394-5324-8f2e-63a975968f4e
[10/06/2026-16:12:13] [I] Compute Capability: 8.7
[10/06/2026-16:12:13] [I] SMs: 8
[10/06/2026-16:12:13] [I] Device Global Memory: 7607 MiB
[10/06/2026-16:12:13] [I] Shared Memory per SM: 164 KiB
[10/06/2026-16:12:13] [I] Memory Bus Width: 128 bits (ECC disabled)
[10/06/2026-16:12:13] [I] Application Compute Clock Rate: 1.02 GHz
[10/06/2026-16:12:13] [I] Application Memory Clock Rate: 0.51 GHz
[10/06/2026-16:12:13] [I] 
[10/06/2026-16:12:13] [I] Note: The application clock rates do not reflect the actual clock rates that the GPU is currently running at.
[10/06/2026-16:12:13] [I] 
[10/06/2026-16:12:13] [I] TensorRT version: 10.3.0
[10/06/2026-16:12:13] [I] Loading standard plugins
[10/06/2026-16:12:13] [I] [TRT] Loaded engine size: 7 MiB
[10/06/2026-16:12:13] [I] Engine deserialized in 0.0733792 sec.
[10/06/2026-16:12:13] [I] [TRT] [MemUsageChange] TensorRT-managed allocation in IExecutionContext creation: CPU +0, GPU +12, now: CPU 0, GPU 16 (MiB)
[10/06/2026-16:12:13] [I] Setting persistentCacheLimit to 0 bytes.
[10/06/2026-16:12:13] [I] Created execution context with device memory size: 12.207 MiB
[10/06/2026-16:12:13] [I] Using random values for input images
[10/06/2026-16:12:13] [I] Input binding for images with dimensions 1x640x640x3 is created.
[10/06/2026-16:12:13] [I] Output binding for output0 with dimensions 1x300x6 is created.
[10/06/2026-16:12:13] [I] Starting inference
[10/06/2026-16:12:31] [I] Warmup completed 373 queries over 3000 ms
[10/06/2026-16:12:31] [I] Timing trace has 1910 queries over 15.0228 s
[10/06/2026-16:12:31] [I] 
[10/06/2026-16:12:31] [I] === Trace details ===
[10/06/2026-16:12:31] [I] Trace averages of 1 runs:
[10/06/2026-16:12:31] [I] Average on 1 runs - GPU latency: 7.85547 ms - Host latency: 8.00073 ms (enqueue 4.24585 ms)
[10/06/2026-16:12:31] [I] Average on 1 runs - GPU latency: 7.86572 ms - Host latency: 8.02417 ms (enqueue 4.26587 ms)
[10/06/2026-16:12:31] [I] Average on 1 runs - GPU latency: 7.84326 ms - Host latency: 7.97754 ms (enqueue 4.29883 ms)
[10/06/2026-16:12:31] [I] Average on 1 runs - GPU latency: 7.84814 ms - Host latency: 7.99731 ms (enqueue 4.23413 ms)
[10/06/2026-16:12:31] [I] Average on 1 runs - GPU latency: 7.85425 ms - Host latency: 7.99805 ms (enqueue 4.27393 ms)
[10/06/2026-16:12:31] [I] Average on 1 runs - GPU latency: 7.8584 ms - Host latency: 7.99976 ms (enqueue 4.25806 ms)
[10/06/2026-16:12:31] [I] Average on 1 runs - GPU latency: 7.86572 ms - Host latency: 8.00684 ms (enqueue 4.23755 ms)
[10/06/2026-16:12:31] [I] Average on 1 runs - GPU latency: 7.85474 ms - Host latency: 7.99487 ms (enqueue 4.26611 ms)
[10/06/2026-16:12:31] [I] Average on 1 runs - GPU latency: 7.85913 ms - Host latency: 7.99316 ms (enqueue 4.25195 ms)
[10/06/2026-16:12:31] [I] Average on 1 runs - GPU latency: 7.84375 ms - Host latency: 7.98975 ms (enqueue 4.26953 ms)
[10/06/2026-16:12:31] [I] Average on 1 runs - GPU latency: 7.84766 ms - Host latency: 7.9939 ms (enqueue 4.27783 ms)
[10/06/2026-16:12:31] [I] Average on 1 runs - GPU latency: 7.85034 ms - Host latency: 7.99609 ms (enqueue 4.26318 ms)
[10/06/2026-16:12:31] [I] Average on 1 runs - GPU latency: 7.84717 ms - Host latency: 7.99292 ms (enqueue 4.2771 ms)
[10/06/2026-16:12:31] [I] Average on 1 runs - GPU latency: 7.85571 ms - Host latency: 8.01807 ms (enqueue 4.31689 ms)
[10/06/2026-16:12:31] [I] Average on 1 runs - GPU latency: 7.85181 ms - Host latency: 7.99316 ms (enqueue 4.24951 ms)
[10/06/2026-16:12:31] [I] Average on 1 runs - GPU latency: 7.86182 ms - Host latency: 8.0105 ms (enqueue 4.28467 ms)
[10/06/2026-16:12:31] [I] Average on 1 runs - GPU latency: 7.85303 ms - Host latency: 7.98901 ms (enqueue 4.33667 ms)
[10/06/2026-16:12:31] [I] Average on 1 runs - GPU latency: 7.85571 ms - Host latency: 8.00537 ms (enqueue 4.25684 ms)
[10/06/2026-16:12:31] [I] Average on 1 runs - GPU latency: 7.87793 ms - Host latency: 8.08081 ms (enqueue 4.30542 ms)
[10/06/2026-16:12:31] [I] Average on 1 runs - GPU latency: 7.84912 ms - Host latency: 8.01245 ms (enqueue 4.28174 ms)
[10/06/2026-16:12:31] [I] Average on 1 runs - GPU latency: 7.85645 ms - Host latency: 8.01001 ms (enqueue 4.2793 ms)
[10/06/2026-16:12:31] [I] Average on 1 runs - GPU latency: 7.854 ms - Host latency: 8.03857 ms (enqueue 4.25293 ms)
[10/06/2026-16:12:31] [I] Average on 1 runs - GPU latency: 7.85864 ms - Host latency: 8.00049 ms (enqueue 4.29077 ms)
[10/06/2026-16:12:31] [I] Average on 1 runs - GPU latency: 7.86157 ms - Host latency: 8.01367 ms (enqueue 4.23291 ms)
[10/06/2026-16:12:31] [I] Average on 1 runs - GPU latency: 7.85132 ms - Host latency: 7.99097 ms (enqueue 4.1897 ms)
[10/06/2026-16:12:31] [I] Average on 1 runs - GPU latency: 7.86157 ms - Host latency: 8.03101 ms (enqueue 4.12646 ms)
[10/06/2026-16:12:31] [I] Average on 1 runs - GPU latency: 7.86597 ms - Host latency: 8.0188 ms (enqueue 4.22314 ms)
[10/06/2026-16:12:31] [I] Average on 1 runs - GPU latency: 7.87402 ms - Host latency: 8.01416 ms (enqueue 4.23315 ms)
[10/06/2026-16:12:31] [I] Average on 1 runs - GPU latency: 7.86157 ms - Host latency: 8.04834 ms (enqueue 4.3501 ms)
[10/06/2026-16:12:31] [I] Average on 1 runs - GPU latency: 7.8728 ms - Host latency: 8.02759 ms (enqueue 4.28931 ms)
[10/06/2026-16:12:31] [I] Average on 1 runs - GPU latency: 7.86597 ms - Host latency: 8.02002 ms (enqueue 4.25928 ms)
[10/06/2026-16:12:31] [I] Average on 1 runs - GPU latency: 7.85449 ms - Host latency: 8.01196 ms (enqueue 4.20435 ms)
[10/06/2026-16:12:31] [I] Average on 1 runs - GPU latency: 7.87134 ms - Host latency: 8.02759 ms (enqueue 4.30908 ms)
[10/06/2026-16:12:31] [I] Average on 1 runs - GPU latency: 7.84644 ms - Host latency: 8.00684 ms (enqueue 4.22876 ms)
[10/06/2026-16:12:31] [I] Average on 1 runs - GPU latency: 7.85742 ms - Host latency: 8.00513 ms (enqueue 4.22803 ms)
[10/06/2026-16:12:31] [I] Average on 1 runs - GPU latency: 7.86548 ms - Host latency: 8.01416 ms (enqueue 4.34155 ms)
[10/06/2026-16:12:31] [I] Average on 1 runs - GPU latency: 7.86133 ms - Host latency: 8.07544 ms (enqueue 4.3042 ms)
[10/06/2026-16:12:31] [I] Average on 1 runs - GPU latency: 7.86475 ms - Host latency: 8.0188 ms (enqueue 4.28564 ms)
[10/06/2026-16:12:31] [I] Average on 1 runs - GPU latency: 7.85132 ms - Host latency: 7.98877 ms (enqueue 4.1897 ms)
[10/06/2026-16:12:31] [I] Average on 1 runs - GPU latency: 7.85107 ms - Host latency: 7.99902 ms (enqueue 4.2832 ms)
[10/06/2026-16:12:31] [I] Average on 1 runs - GPU latency: 7.84717 ms - Host latency: 7.98584 ms (enqueue 4.27271 ms)
[10/06/2026-16:12:31] [I] Average on 1 runs - GPU latency: 7.86279 ms - Host latency: 8.01123 ms (enqueue 4.28809 ms)
[10/06/2026-16:12:31] [I] Average on 1 runs - GPU latency: 7.85571 ms - Host latency: 8.00122 ms (enqueue 4.30981 ms)
[10/06/2026-16:12:31] [I] Average on 1 runs - GPU latency: 7.85962 ms - Host latency: 7.99854 ms (enqueue 4.33008 ms)
[10/06/2026-16:12:31] [I] Average on 1 runs - GPU latency: 7.85156 ms - Host latency: 8.01611 ms (enqueue 4.25293 ms)
[10/06/2026-16:12:31] [I] Average on 1 runs - GPU latency: 7.85132 ms - Host latency: 7.99878 ms (enqueue 4.31812 ms)
[10/06/2026-16:12:31] [I] Average on 1 runs - GPU latency: 7.86548 ms - Host latency: 8.00586 ms (enqueue 4.31201 ms)
[10/06/2026-16:12:31] [I] Average on 1 runs - GPU latency: 7.85742 ms - Host latency: 8.00659 ms (enqueue 4.30078 ms)
[10/06/2026-16:12:31] [I] Average on 1 runs - GPU latency: 7.84961 ms - Host latency: 8.0686 ms (enqueue 4.30249 ms)
[10/06/2026-16:12:31] [I] Average on 1 runs - GPU latency: 7.8584 ms - Host latency: 7.99365 ms (enqueue 4.34058 ms)
[10/06/2026-16:12:31] [I] Average on 1 runs - GPU latency: 7.86597 ms - Host latency: 8.00342 ms (enqueue 4.30444 ms)
[10/06/2026-16:12:31] [I] Average on 1 runs - GPU latency: 7.86475 ms - Host latency: 8.00757 ms (enqueue 4.30884 ms)
[10/06/2026-16:12:31] [I] Average on 1 runs - GPU latency: 7.8457 ms - Host latency: 7.99341 ms (enqueue 4.29712 ms)
[10/06/2026-16:12:31] [I] Average on 1 runs - GPU latency: 7.85376 ms - Host latency: 7.99707 ms (enqueue 4.28613 ms)
[10/06/2026-16:12:31] [I] Average on 1 runs - GPU latency: 7.85547 ms - Host latency: 7.99487 ms (enqueue 4.28491 ms)
[10/06/2026-16:12:31] [I] Average on 1 runs - GPU latency: 7.85693 ms - Host latency: 7.9917 ms (enqueue 4.31421 ms)
[10/06/2026-16:12:31] [I] Average on 1 runs - GPU latency: 7.854 ms - Host latency: 7.98828 ms (enqueue 4.30273 ms)
[10/06/2026-16:12:31] [I] Average on 1 runs - GPU latency: 7.8501 ms - Host latency: 7.99414 ms (enqueue 4.19775 ms)
[10/06/2026-16:12:31] [I] Average on 1 runs - GPU latency: 7.85059 ms - Host latency: 7.99927 ms (enqueue 4.35767 ms)
[10/06/2026-16:12:31] [I] Average on 1 runs - GPU latency: 7.85913 ms - Host latency: 8.00342 ms (enqueue 4.31763 ms)
[10/06/2026-16:12:31] [I] Average on 1 runs - GPU latency: 7.8623 ms - Host latency: 8.00024 ms (enqueue 4.28223 ms)
[10/06/2026-16:12:31] [I] Average on 1 runs - GPU latency: 7.85254 ms - Host latency: 8.04517 ms (enqueue 4.20874 ms)
[10/06/2026-16:12:31] [I] Average on 1 runs - GPU latency: 7.86035 ms - Host latency: 8.01196 ms (enqueue 4.26147 ms)
[10/06/2026-16:12:31] [I] Average on 1 runs - GPU latency: 7.84863 ms - Host latency: 8.05225 ms (enqueue 4.21851 ms)
[10/06/2026-16:12:31] [I] Average on 1 runs - GPU latency: 7.85132 ms - Host latency: 8.00366 ms (enqueue 4.26489 ms)
[10/06/2026-16:12:31] [I] Average on 1 runs - GPU latency: 7.84302 ms - Host latency: 7.98096 ms (enqueue 4.30054 ms)
[10/06/2026-16:12:31] [I] Average on 1 runs - GPU latency: 7.85938 ms - Host latency: 8.00659 ms (enqueue 4.25757 ms)
[10/06/2026-16:12:31] [I] Average on 1 runs - GPU latency: 7.85303 ms - Host latency: 8.00488 ms (enqueue 4.31494 ms)
[10/06/2026-16:12:31] [I] Average on 1 runs - GPU latency: 7.8562 ms - Host latency: 8.00635 ms (enqueue 4.28247 ms)
[10/06/2026-16:12:31] [I] Average on 1 runs - GPU latency: 7.86279 ms - Host latency: 8.00171 ms (enqueue 4.29907 ms)
[10/06/2026-16:12:31] [I] Average on 1 runs - GPU latency: 7.85376 ms - Host latency: 7.99243 ms (enqueue 4.18359 ms)
[10/06/2026-16:12:31] [I] Average on 1 runs - GPU latency: 7.85083 ms - Host latency: 7.99463 ms (enqueue 4.29199 ms)
[10/06/2026-16:12:31] [I] Average on 1 runs - GPU latency: 7.84473 ms - Host latency: 7.9856 ms (enqueue 4.31543 ms)
[10/06/2026-16:12:31] [I] Average on 1 runs - GPU latency: 7.86304 ms - Host latency: 8.00586 ms (enqueue 4.29199 ms)
[10/06/2026-16:12:31] [I] Average on 1 runs - GPU latency: 7.84717 ms - Host latency: 7.98901 ms (enqueue 4.3064 ms)
[10/06/2026-16:12:31] [I] Average on 1 runs - GPU latency: 7.85205 ms - Host latency: 7.9917 ms (enqueue 4.30786 ms)
[10/06/2026-16:12:31] [I] Average on 1 runs - GPU latency: 7.84766 ms - Host latency: 8 ms (enqueue 4.17114 ms)
[10/06/2026-16:12:31] [I] Average on 1 runs - GPU latency: 7.85913 ms - Host latency: 8.04712 ms (enqueue 4.35132 ms)
[10/06/2026-16:12:31] [I] Average on 1 runs - GPU latency: 7.8562 ms - Host latency: 7.99487 ms (enqueue 4.32788 ms)
[10/06/2026-16:12:31] [I] Average on 1 runs - GPU latency: 7.85156 ms - Host latency: 7.99927 ms (enqueue 4.27417 ms)
[10/06/2026-16:12:31] [I] Average on 1 runs - GPU latency: 7.85864 ms - Host latency: 7.99536 ms (enqueue 4.29541 ms)
[10/06/2026-16:12:31] [I] Average on 1 runs - GPU latency: 7.85181 ms - Host latency: 8.01831 ms (enqueue 4.31006 ms)
[10/06/2026-16:12:31] [I] Average on 1 runs - GPU latency: 7.86133 ms - Host latency: 7.99951 ms (enqueue 4.28174 ms)
[10/06/2026-16:12:31] [I] Average on 1 runs - GPU latency: 7.84961 ms - Host latency: 8.01025 ms (enqueue 4.28345 ms)
[10/06/2026-16:12:31] [I] Average on 1 runs - GPU latency: 7.85547 ms - Host latency: 8.00659 ms (enqueue 4.3186 ms)
[10/06/2026-16:12:31] [I] Average on 1 runs - GPU latency: 7.87012 ms - Host latency: 8.01538 ms (enqueue 4.25977 ms)
[10/06/2026-16:12:31] [I] Average on 1 runs - GPU latency: 7.86523 ms - Host latency: 8.00513 ms (enqueue 4.26343 ms)
[10/06/2026-16:12:31] [I] Average on 1 runs - GPU latency: 7.85913 ms - Host latency: 8.01074 ms (enqueue 4.32251 ms)
[10/06/2026-16:12:31] [I] Average on 1 runs - GPU latency: 7.84595 ms - Host latency: 7.99194 ms (enqueue 4.25488 ms)
[10/06/2026-16:12:31] [I] Average on 1 runs - GPU latency: 7.85303 ms - Host latency: 7.99829 ms (enqueue 4.2251 ms)
[10/06/2026-16:12:31] [I] Average on 1 runs - GPU latency: 7.86401 ms - Host latency: 8.00391 ms (enqueue 4.26514 ms)
[10/06/2026-16:12:31] [I] Average on 1 runs - GPU latency: 7.84253 ms - Host latency: 7.98682 ms (enqueue 4.31226 ms)
[10/06/2026-16:12:31] [I] Average on 1 runs - GPU latency: 7.85596 ms - Host latency: 7.98901 ms (enqueue 4.27051 ms)
[10/06/2026-16:12:31] [I] Average on 1 runs - GPU latency: 7.86279 ms - Host latency: 8.00903 ms (enqueue 4.34546 ms)
[10/06/2026-16:12:31] [I] Average on 1 runs - GPU latency: 7.84912 ms - Host latency: 7.99756 ms (enqueue 4.26636 ms)
[10/06/2026-16:12:31] [I] Average on 1 runs - GPU latency: 7.84521 ms - Host latency: 7.98877 ms (enqueue 4.18335 ms)
[10/06/2026-16:12:31] [I] Average on 1 runs - GPU latency: 7.86523 ms - Host latency: 8.00977 ms (enqueue 4.29614 ms)
[10/06/2026-16:12:31] [I] Average on 1 runs - GPU latency: 7.85693 ms - Host latency: 8.04883 ms (enqueue 4.26733 ms)
[10/06/2026-16:12:31] [I] Average on 1 runs - GPU latency: 7.87354 ms - Host latency: 8.03223 ms (enqueue 4.25488 ms)
[10/06/2026-16:12:31] [I] Average on 1 runs - GPU latency: 7.85376 ms - Host latency: 8.01709 ms (enqueue 4.25122 ms)
[10/06/2026-16:12:31] [I] Average on 1 runs - GPU latency: 7.86304 ms - Host latency: 8.01147 ms (enqueue 4.23877 ms)
[10/06/2026-16:12:31] [I] Average on 1 runs - GPU latency: 7.86011 ms - Host latency: 8.00439 ms (enqueue 4.20142 ms)
[10/06/2026-16:12:31] [I] Average on 1 runs - GPU latency: 7.8479 ms - Host latency: 7.99927 ms (enqueue 4.22192 ms)
[10/06/2026-16:12:31] [I] Average on 1 runs - GPU latency: 7.86499 ms - Host latency: 8.01782 ms (enqueue 4.23169 ms)
[10/06/2026-16:12:31] [I] Average on 1 runs - GPU latency: 7.87158 ms - Host latency: 8.0686 ms (enqueue 4.24829 ms)
[10/06/2026-16:12:31] [I] Average on 1 runs - GPU latency: 7.86133 ms - Host latency: 8.04565 ms (enqueue 4.17065 ms)
[10/06/2026-16:12:31] [I] Average on 1 runs - GPU latency: 7.84863 ms - Host latency: 7.98779 ms (enqueue 4.27588 ms)
[10/06/2026-16:12:31] [I] Average on 1 runs - GPU latency: 7.85889 ms - Host latency: 7.99438 ms (enqueue 4.34619 ms)
[10/06/2026-16:12:31] [I] Average on 1 runs - GPU latency: 7.85718 ms - Host latency: 8.00073 ms (enqueue 4.24536 ms)
[10/06/2026-16:12:31] [I] Average on 1 runs - GPU latency: 7.85205 ms - Host latency: 7.9939 ms (enqueue 4.31836 ms)
[10/06/2026-16:12:31] [I] Average on 1 runs - GPU latency: 7.84863 ms - Host latency: 7.98584 ms (enqueue 4.24829 ms)
[10/06/2026-16:12:31] [I] Average on 1 runs - GPU latency: 7.86035 ms - Host latency: 7.99316 ms (enqueue 4.32446 ms)
[10/06/2026-16:12:31] [I] Average on 1 runs - GPU latency: 7.86011 ms - Host latency: 8.0083 ms (enqueue 4.27856 ms)
[10/06/2026-16:12:31] [I] Average on 1 runs - GPU latency: 7.84863 ms - Host latency: 8.00073 ms (enqueue 4.28711 ms)
[10/06/2026-16:12:31] [I] Average on 1 runs - GPU latency: 7.85107 ms - Host latency: 7.98682 ms (enqueue 4.25317 ms)
[10/06/2026-16:12:31] [I] Average on 1 runs - GPU latency: 7.86523 ms - Host latency: 8.01294 ms (enqueue 4.27441 ms)
[10/06/2026-16:12:31] [I] Average on 1 runs - GPU latency: 7.85034 ms - Host latency: 8.01025 ms (enqueue 4.28833 ms)
[10/06/2026-16:12:31] [I] Average on 1 runs - GPU latency: 7.85352 ms - Host latency: 7.99023 ms (enqueue 4.28833 ms)
[10/06/2026-16:12:31] [I] Average on 1 runs - GPU latency: 7.85547 ms - Host latency: 8.03149 ms (enqueue 4.2937 ms)
[10/06/2026-16:12:31] [I] Average on 1 runs - GPU latency: 7.86157 ms - Host latency: 7.99829 ms (enqueue 4.29736 ms)
[10/06/2026-16:12:31] [I] Average on 1 runs - GPU latency: 7.85083 ms - Host latency: 7.99316 ms (enqueue 4.26562 ms)
[10/06/2026-16:12:31] [I] Average on 1 runs - GPU latency: 7.85034 ms - Host latency: 7.99194 ms (enqueue 4.2063 ms)
[10/06/2026-16:12:31] [I] Average on 1 runs - GPU latency: 7.8584 ms - Host latency: 7.99854 ms (enqueue 4.2583 ms)
[10/06/2026-16:12:31] [I] Average on 1 runs - GPU latency: 7.85205 ms - Host latency: 7.99609 ms (enqueue 4.26147 ms)
[10/06/2026-16:12:31] [I] Average on 1 runs - GPU latency: 7.84717 ms - Host latency: 8.00244 ms (enqueue 4.34204 ms)
[10/06/2026-16:12:31] [I] Average on 1 runs - GPU latency: 7.85791 ms - Host latency: 8.00977 ms (enqueue 4.28931 ms)
[10/06/2026-16:12:31] [I] Average on 1 runs - GPU latency: 7.85669 ms - Host latency: 8.00708 ms (enqueue 4.28711 ms)
[10/06/2026-16:12:31] [I] Average on 1 runs - GPU latency: 7.85132 ms - Host latency: 7.98438 ms (enqueue 4.20972 ms)
[10/06/2026-16:12:31] [I] Average on 1 runs - GPU latency: 7.85059 ms - Host latency: 8.00806 ms (enqueue 4.30981 ms)
[10/06/2026-16:12:31] [I] Average on 1 runs - GPU latency: 7.85059 ms - Host latency: 7.99146 ms (enqueue 4.27246 ms)
[10/06/2026-16:12:31] [I] Average on 1 runs - GPU latency: 7.85718 ms - Host latency: 7.99829 ms (enqueue 4.27588 ms)
[10/06/2026-16:12:31] [I] Average on 1 runs - GPU latency: 7.84424 ms - Host latency: 7.97827 ms (enqueue 4.29736 ms)
[10/06/2026-16:12:31] [I] Average on 1 runs - GPU latency: 7.8501 ms - Host latency: 7.99146 ms (enqueue 4.28784 ms)
[10/06/2026-16:12:31] [I] Average on 1 runs - GPU latency: 7.8457 ms - Host latency: 7.99268 ms (enqueue 4.29443 ms)
[10/06/2026-16:12:31] [I] Average on 1 runs - GPU latency: 7.8623 ms - Host latency: 8.00391 ms (enqueue 4.31567 ms)
[10/06/2026-16:12:31] [I] Average on 1 runs - GPU latency: 7.85498 ms - Host latency: 8.00122 ms (enqueue 4.39795 ms)
[10/06/2026-16:12:31] [I] Average on 1 runs - GPU latency: 7.85205 ms - Host latency: 7.99878 ms (enqueue 4.28198 ms)
[10/06/2026-16:12:31] [I] Average on 1 runs - GPU latency: 7.85449 ms - Host latency: 7.99121 ms (enqueue 4.27295 ms)
[10/06/2026-16:12:31] [I] Average on 1 runs - GPU latency: 7.85278 ms - Host latency: 8.00439 ms (enqueue 4.32227 ms)
[10/06/2026-16:12:31] [I] Average on 1 runs - GPU latency: 7.85962 ms - Host latency: 8.00928 ms (enqueue 4.30225 ms)
[10/06/2026-16:12:31] [I] Average on 1 runs - GPU latency: 7.86963 ms - Host latency: 8.03076 ms (enqueue 4.2229 ms)
[10/06/2026-16:12:31] [I] Average on 1 runs - GPU latency: 7.84619 ms - Host latency: 8.06689 ms (enqueue 4.29395 ms)
[10/06/2026-16:12:31] [I] Average on 1 runs - GPU latency: 7.85205 ms - Host latency: 8.00293 ms (enqueue 4.27441 ms)
[10/06/2026-16:12:31] [I] Average on 1 runs - GPU latency: 7.85889 ms - Host latency: 8.00098 ms (enqueue 4.24756 ms)
[10/06/2026-16:12:31] [I] Average on 1 runs - GPU latency: 7.86572 ms - Host latency: 8.00488 ms (enqueue 4.30371 ms)
[10/06/2026-16:12:31] [I] Average on 1 runs - GPU latency: 7.85254 ms - Host latency: 8.04639 ms (enqueue 4.24512 ms)
[10/06/2026-16:12:31] [I] Average on 1 runs - GPU latency: 7.85498 ms - Host latency: 7.99316 ms (enqueue 4.25635 ms)
[10/06/2026-16:12:31] [I] Average on 1 runs - GPU latency: 7.85889 ms - Host latency: 7.99414 ms (enqueue 4.26318 ms)
[10/06/2026-16:12:31] [I] Average on 1 runs - GPU latency: 7.85352 ms - Host latency: 7.99414 ms (enqueue 4.27881 ms)
[10/06/2026-16:12:31] [I] Average on 1 runs - GPU latency: 7.85254 ms - Host latency: 7.99414 ms (enqueue 4.28271 ms)
[10/06/2026-16:12:31] [I] Average on 1 runs - GPU latency: 7.85547 ms - Host latency: 7.99951 ms (enqueue 4.33008 ms)
[10/06/2026-16:12:31] [I] Average on 1 runs - GPU latency: 7.85742 ms - Host latency: 8.00342 ms (enqueue 4.27881 ms)
[10/06/2026-16:12:31] [I] Average on 1 runs - GPU latency: 7.854 ms - Host latency: 7.99756 ms (enqueue 4.2583 ms)
[10/06/2026-16:12:31] [I] Average on 1 runs - GPU latency: 7.86279 ms - Host latency: 8.01855 ms (enqueue 4.34375 ms)
[10/06/2026-16:12:31] [I] Average on 1 runs - GPU latency: 7.85986 ms - Host latency: 8.00195 ms (enqueue 4.28857 ms)
[10/06/2026-16:12:31] [I] Average on 1 runs - GPU latency: 7.85547 ms - Host latency: 8.01514 ms (enqueue 4.30957 ms)
[10/06/2026-16:12:31] [I] Average on 1 runs - GPU latency: 7.86865 ms - Host latency: 8.0083 ms (enqueue 4.29834 ms)
[10/06/2026-16:12:31] [I] Average on 1 runs - GPU latency: 7.854 ms - Host latency: 8.00928 ms (enqueue 4.30664 ms)
[10/06/2026-16:12:31] [I] Average on 1 runs - GPU latency: 7.87256 ms - Host latency: 8.01416 ms (enqueue 4.32275 ms)
[10/06/2026-16:12:31] [I] Average on 1 runs - GPU latency: 7.85742 ms - Host latency: 8.0249 ms (enqueue 4.19775 ms)
[10/06/2026-16:12:31] [I] Average on 1 runs - GPU latency: 7.84912 ms - Host latency: 8.01025 ms (enqueue 4.31543 ms)
[10/06/2026-16:12:31] [I] Average on 1 runs - GPU latency: 7.85449 ms - Host latency: 8.00293 ms (enqueue 4.29834 ms)
[10/06/2026-16:12:31] [I] Average on 1 runs - GPU latency: 7.84473 ms - Host latency: 8 ms (enqueue 4.30469 ms)
[10/06/2026-16:12:31] [I] Average on 1 runs - GPU latency: 7.85596 ms - Host latency: 7.99756 ms (enqueue 4.29639 ms)
[10/06/2026-16:12:31] [I] Average on 1 runs - GPU latency: 7.87207 ms - Host latency: 8.0166 ms (enqueue 4.39551 ms)
[10/06/2026-16:12:31] [I] Average on 1 runs - GPU latency: 7.84717 ms - Host latency: 7.98584 ms (enqueue 4.2085 ms)
[10/06/2026-16:12:31] [I] Average on 1 runs - GPU latency: 7.85059 ms - Host latency: 7.99268 ms (enqueue 4.24463 ms)
[10/06/2026-16:12:31] [I] Average on 1 runs - GPU latency: 7.85742 ms - Host latency: 8.00977 ms (enqueue 4.29688 ms)
[10/06/2026-16:12:31] [I] Average on 1 runs - GPU latency: 7.86426 ms - Host latency: 8.01416 ms (enqueue 4.26953 ms)
[10/06/2026-16:12:31] [I] Average on 1 runs - GPU latency: 7.87207 ms - Host latency: 8.04004 ms (enqueue 4.28564 ms)
[10/06/2026-16:12:31] [I] Average on 1 runs - GPU latency: 7.86182 ms - Host latency: 8.021 ms (enqueue 4.25586 ms)
[10/06/2026-16:12:31] [I] Average on 1 runs - GPU latency: 7.84961 ms - Host latency: 8.00049 ms (enqueue 4.2959 ms)
[10/06/2026-16:12:31] [I] Average on 1 runs - GPU latency: 7.8623 ms - Host latency: 8.00977 ms (enqueue 4.22803 ms)
[10/06/2026-16:12:31] [I] Average on 1 runs - GPU latency: 7.85449 ms - Host latency: 8.01465 ms (enqueue 4.19824 ms)
[10/06/2026-16:12:31] [I] Average on 1 runs - GPU latency: 7.85693 ms - Host latency: 8.01025 ms (enqueue 4.33643 ms)
[10/06/2026-16:12:31] [I] Average on 1 runs - GPU latency: 7.85986 ms - Host latency: 8.00342 ms (enqueue 4.21826 ms)
[10/06/2026-16:12:31] [I] Average on 1 runs - GPU latency: 7.8623 ms - Host latency: 8.00537 ms (enqueue 4.18994 ms)
[10/06/2026-16:12:31] [I] Average on 1 runs - GPU latency: 7.87256 ms - Host latency: 8.02783 ms (enqueue 4.27295 ms)
[10/06/2026-16:12:31] [I] Average on 1 runs - GPU latency: 7.86328 ms - Host latency: 8.01172 ms (enqueue 4.30176 ms)
[10/06/2026-16:12:31] [I] Average on 1 runs - GPU latency: 7.85938 ms - Host latency: 7.99268 ms (enqueue 4.27637 ms)
[10/06/2026-16:12:31] [I] Average on 1 runs - GPU latency: 7.86182 ms - Host latency: 8.01465 ms (enqueue 4.26953 ms)
[10/06/2026-16:12:31] [I] Average on 1 runs - GPU latency: 7.85938 ms - Host latency: 8.01416 ms (enqueue 4.31055 ms)
[10/06/2026-16:12:31] [I] Average on 1 runs - GPU latency: 7.85059 ms - Host latency: 8.00928 ms (enqueue 4.2749 ms)
[10/06/2026-16:12:31] [I] Average on 1 runs - GPU latency: 7.85254 ms - Host latency: 7.98975 ms (enqueue 4.30762 ms)
[10/06/2026-16:12:31] [I] Average on 1 runs - GPU latency: 7.8418 ms - Host latency: 8.00244 ms (enqueue 4.25732 ms)
[10/06/2026-16:12:31] [I] Average on 1 runs - GPU latency: 7.8667 ms - Host latency: 8.00732 ms (enqueue 4.29102 ms)
[10/06/2026-16:12:31] [I] Average on 1 runs - GPU latency: 7.86719 ms - Host latency: 8.06006 ms (enqueue 4.28027 ms)
[10/06/2026-16:12:31] [I] Average on 1 runs - GPU latency: 7.86621 ms - Host latency: 8.01123 ms (enqueue 4.34521 ms)
[10/06/2026-16:12:31] [I] Average on 1 runs - GPU latency: 7.86523 ms - Host latency: 7.99902 ms (enqueue 4.24902 ms)
[10/06/2026-16:12:31] [I] Average on 1 runs - GPU latency: 7.85449 ms - Host latency: 7.98828 ms (enqueue 4.35498 ms)
[10/06/2026-16:12:31] [I] Average on 1 runs - GPU latency: 7.84912 ms - Host latency: 7.99268 ms (enqueue 4.30127 ms)
[10/06/2026-16:12:31] [I] Average on 1 runs - GPU latency: 7.85059 ms - Host latency: 7.98438 ms (enqueue 4.22314 ms)
[10/06/2026-16:12:31] [I] Average on 1 runs - GPU latency: 7.85645 ms - Host latency: 7.99268 ms (enqueue 4.25391 ms)
[10/06/2026-16:12:31] [I] Average on 1 runs - GPU latency: 7.86523 ms - Host latency: 8.01709 ms (enqueue 4.33008 ms)
[10/06/2026-16:12:31] [I] Average on 1 runs - GPU latency: 7.85791 ms - Host latency: 7.99951 ms (enqueue 4.30615 ms)
[10/06/2026-16:12:31] [I] Average on 1 runs - GPU latency: 7.84863 ms - Host latency: 7.9917 ms (enqueue 4.30273 ms)
[10/06/2026-16:12:31] [I] Average on 1 runs - GPU latency: 7.84766 ms - Host latency: 7.9917 ms (enqueue 4.25732 ms)
[10/06/2026-16:12:31] [I] Average on 1 runs - GPU latency: 7.86084 ms - Host latency: 8.01709 ms (enqueue 4.23828 ms)
[10/06/2026-16:12:31] [I] Average on 1 runs - GPU latency: 7.85498 ms - Host latency: 8.02002 ms (enqueue 4.27344 ms)
[10/06/2026-16:12:31] [I] Average on 1 runs - GPU latency: 7.85596 ms - Host latency: 8.01318 ms (enqueue 4.26025 ms)
[10/06/2026-16:12:31] [I] ... Omitting 1510 lines
[10/06/2026-16:12:31] [I] Average on 1 runs - GPU latency: 7.86719 ms - Host latency: 8.00195 ms (enqueue 4.31445 ms)
[10/06/2026-16:12:31] [I] Average on 1 runs - GPU latency: 7.85742 ms - Host latency: 8.00586 ms (enqueue 4.30469 ms)
[10/06/2026-16:12:31] [I] Average on 1 runs - GPU latency: 7.85547 ms - Host latency: 8.00586 ms (enqueue 4.29883 ms)
[10/06/2026-16:12:31] [I] Average on 1 runs - GPU latency: 7.85742 ms - Host latency: 8.00195 ms (enqueue 4.31641 ms)
[10/06/2026-16:12:31] [I] Average on 1 runs - GPU latency: 7.85352 ms - Host latency: 8.01172 ms (enqueue 4.2832 ms)
[10/06/2026-16:12:31] [I] Average on 1 runs - GPU latency: 7.85156 ms - Host latency: 8.01172 ms (enqueue 4.32031 ms)
[10/06/2026-16:12:31] [I] Average on 1 runs - GPU latency: 7.85156 ms - Host latency: 8 ms (enqueue 4.30273 ms)
[10/06/2026-16:12:31] [I] Average on 1 runs - GPU latency: 7.84961 ms - Host latency: 7.99219 ms (enqueue 4.25586 ms)
[10/06/2026-16:12:31] [I] Average on 1 runs - GPU latency: 7.85938 ms - Host latency: 8.00586 ms (enqueue 4.29297 ms)
[10/06/2026-16:12:31] [I] Average on 1 runs - GPU latency: 7.86328 ms - Host latency: 8.01367 ms (enqueue 4.25781 ms)
[10/06/2026-16:12:31] [I] Average on 1 runs - GPU latency: 7.85938 ms - Host latency: 8.01758 ms (enqueue 4.32031 ms)
[10/06/2026-16:12:31] [I] Average on 1 runs - GPU latency: 7.8457 ms - Host latency: 8 ms (enqueue 4.18945 ms)
[10/06/2026-16:12:31] [I] Average on 1 runs - GPU latency: 7.86328 ms - Host latency: 8 ms (enqueue 4.25195 ms)
[10/06/2026-16:12:31] [I] Average on 1 runs - GPU latency: 7.85156 ms - Host latency: 7.99805 ms (enqueue 4.26367 ms)
[10/06/2026-16:12:31] [I] Average on 1 runs - GPU latency: 7.85156 ms - Host latency: 7.99023 ms (enqueue 4.34375 ms)
[10/06/2026-16:12:31] [I] Average on 1 runs - GPU latency: 7.86328 ms - Host latency: 8 ms (enqueue 4.30469 ms)
[10/06/2026-16:12:31] [I] Average on 1 runs - GPU latency: 7.85156 ms - Host latency: 8.00195 ms (enqueue 4.25586 ms)
[10/06/2026-16:12:31] [I] Average on 1 runs - GPU latency: 7.86523 ms - Host latency: 8.00586 ms (enqueue 4.24414 ms)
[10/06/2026-16:12:31] [I] Average on 1 runs - GPU latency: 7.84961 ms - Host latency: 7.98828 ms (enqueue 4.30273 ms)
[10/06/2026-16:12:31] [I] Average on 1 runs - GPU latency: 7.85547 ms - Host latency: 7.99609 ms (enqueue 4.28711 ms)
[10/06/2026-16:12:31] [I] Average on 1 runs - GPU latency: 7.83984 ms - Host latency: 8.01367 ms (enqueue 4.28906 ms)
[10/06/2026-16:12:31] [I] Average on 1 runs - GPU latency: 7.85352 ms - Host latency: 7.99414 ms (enqueue 4.26758 ms)
[10/06/2026-16:12:31] [I] Average on 1 runs - GPU latency: 7.86133 ms - Host latency: 8.00195 ms (enqueue 4.25391 ms)
[10/06/2026-16:12:31] [I] Average on 1 runs - GPU latency: 7.84961 ms - Host latency: 7.99609 ms (enqueue 4.23828 ms)
[10/06/2026-16:12:31] [I] Average on 1 runs - GPU latency: 7.86523 ms - Host latency: 8.01172 ms (enqueue 4.2832 ms)
[10/06/2026-16:12:31] [I] Average on 1 runs - GPU latency: 7.86523 ms - Host latency: 8.03516 ms (enqueue 4.31055 ms)
[10/06/2026-16:12:31] [I] Average on 1 runs - GPU latency: 7.85156 ms - Host latency: 8.00391 ms (enqueue 4.27344 ms)
[10/06/2026-16:12:31] [I] Average on 1 runs - GPU latency: 7.85938 ms - Host latency: 8.01172 ms (enqueue 4.20898 ms)
[10/06/2026-16:12:31] [I] Average on 1 runs - GPU latency: 7.8457 ms - Host latency: 7.99414 ms (enqueue 4.2793 ms)
[10/06/2026-16:12:31] [I] Average on 1 runs - GPU latency: 7.85938 ms - Host latency: 8.00781 ms (enqueue 4.25586 ms)
[10/06/2026-16:12:31] [I] Average on 1 runs - GPU latency: 7.87109 ms - Host latency: 8.03125 ms (enqueue 4.27344 ms)
[10/06/2026-16:12:31] [I] Average on 1 runs - GPU latency: 7.85547 ms - Host latency: 8.00391 ms (enqueue 4.23047 ms)
[10/06/2026-16:12:31] [I] Average on 1 runs - GPU latency: 7.85156 ms - Host latency: 8.00195 ms (enqueue 4.24219 ms)
[10/06/2026-16:12:31] [I] Average on 1 runs - GPU latency: 7.86914 ms - Host latency: 8.02539 ms (enqueue 4.2793 ms)
[10/06/2026-16:12:31] [I] Average on 1 runs - GPU latency: 7.84766 ms - Host latency: 7.99414 ms (enqueue 4.30859 ms)
[10/06/2026-16:12:31] [I] Average on 1 runs - GPU latency: 7.85156 ms - Host latency: 8.00586 ms (enqueue 4.31445 ms)
[10/06/2026-16:12:31] [I] Average on 1 runs - GPU latency: 7.86328 ms - Host latency: 8.00391 ms (enqueue 4.24219 ms)
[10/06/2026-16:12:31] [I] Average on 1 runs - GPU latency: 7.85547 ms - Host latency: 8.00977 ms (enqueue 4.28516 ms)
[10/06/2026-16:12:31] [I] Average on 1 runs - GPU latency: 7.84961 ms - Host latency: 7.98828 ms (enqueue 4.26562 ms)
[10/06/2026-16:12:31] [I] Average on 1 runs - GPU latency: 7.85938 ms - Host latency: 8.02148 ms (enqueue 4.26172 ms)
[10/06/2026-16:12:31] [I] Average on 1 runs - GPU latency: 7.86328 ms - Host latency: 8 ms (enqueue 4.3418 ms)
[10/06/2026-16:12:31] [I] Average on 1 runs - GPU latency: 7.85938 ms - Host latency: 8 ms (enqueue 4.26172 ms)
[10/06/2026-16:12:31] [I] Average on 1 runs - GPU latency: 7.85352 ms - Host latency: 8.01562 ms (enqueue 4.2793 ms)
[10/06/2026-16:12:31] [I] Average on 1 runs - GPU latency: 7.85156 ms - Host latency: 7.98828 ms (enqueue 4.28125 ms)
[10/06/2026-16:12:31] [I] Average on 1 runs - GPU latency: 7.85352 ms - Host latency: 7.99609 ms (enqueue 4.39844 ms)
[10/06/2026-16:12:31] [I] Average on 1 runs - GPU latency: 7.85547 ms - Host latency: 7.99805 ms (enqueue 4.28711 ms)
[10/06/2026-16:12:31] [I] Average on 1 runs - GPU latency: 7.85352 ms - Host latency: 8.00195 ms (enqueue 4.2832 ms)
[10/06/2026-16:12:31] [I] Average on 1 runs - GPU latency: 7.85156 ms - Host latency: 7.98828 ms (enqueue 4.26367 ms)
[10/06/2026-16:12:31] [I] Average on 1 runs - GPU latency: 7.86719 ms - Host latency: 8.00781 ms (enqueue 4.35352 ms)
[10/06/2026-16:12:31] [I] Average on 1 runs - GPU latency: 7.84766 ms - Host latency: 8.00195 ms (enqueue 4.16797 ms)
[10/06/2026-16:12:31] [I] Average on 1 runs - GPU latency: 7.85938 ms - Host latency: 8.00781 ms (enqueue 4.28711 ms)
[10/06/2026-16:12:31] [I] Average on 1 runs - GPU latency: 7.85938 ms - Host latency: 8.01758 ms (enqueue 4.25586 ms)
[10/06/2026-16:12:31] [I] Average on 1 runs - GPU latency: 7.85547 ms - Host latency: 8.01172 ms (enqueue 4.27734 ms)
[10/06/2026-16:12:31] [I] Average on 1 runs - GPU latency: 7.85742 ms - Host latency: 8.00977 ms (enqueue 4.31445 ms)
[10/06/2026-16:12:31] [I] Average on 1 runs - GPU latency: 7.85938 ms - Host latency: 8.03125 ms (enqueue 4.36328 ms)
[10/06/2026-16:12:31] [I] Average on 1 runs - GPU latency: 7.85352 ms - Host latency: 7.99805 ms (enqueue 4.25781 ms)
[10/06/2026-16:12:31] [I] Average on 1 runs - GPU latency: 7.85156 ms - Host latency: 8.01562 ms (enqueue 4.26953 ms)
[10/06/2026-16:12:31] [I] Average on 1 runs - GPU latency: 7.84961 ms - Host latency: 7.98633 ms (enqueue 4.26367 ms)
[10/06/2026-16:12:31] [I] Average on 1 runs - GPU latency: 7.8418 ms - Host latency: 7.97656 ms (enqueue 4.34375 ms)
[10/06/2026-16:12:31] [I] Average on 1 runs - GPU latency: 7.85156 ms - Host latency: 8.00195 ms (enqueue 4.24805 ms)
[10/06/2026-16:12:31] [I] Average on 1 runs - GPU latency: 7.85156 ms - Host latency: 8.01367 ms (enqueue 4.30664 ms)
[10/06/2026-16:12:31] [I] Average on 1 runs - GPU latency: 7.85352 ms - Host latency: 8.04102 ms (enqueue 4.28711 ms)
[10/06/2026-16:12:31] [I] Average on 1 runs - GPU latency: 7.85352 ms - Host latency: 7.99609 ms (enqueue 4.24219 ms)
[10/06/2026-16:12:31] [I] Average on 1 runs - GPU latency: 7.85156 ms - Host latency: 7.98828 ms (enqueue 4.3418 ms)
[10/06/2026-16:12:31] [I] Average on 1 runs - GPU latency: 7.84375 ms - Host latency: 7.98828 ms (enqueue 4.32617 ms)
[10/06/2026-16:12:31] [I] Average on 1 runs - GPU latency: 7.84375 ms - Host latency: 7.98047 ms (enqueue 4.27734 ms)
[10/06/2026-16:12:31] [I] Average on 1 runs - GPU latency: 7.85938 ms - Host latency: 7.99609 ms (enqueue 4.28516 ms)
[10/06/2026-16:12:31] [I] Average on 1 runs - GPU latency: 7.8457 ms - Host latency: 7.98828 ms (enqueue 4.27539 ms)
[10/06/2026-16:12:31] [I] Average on 1 runs - GPU latency: 7.85156 ms - Host latency: 7.99609 ms (enqueue 4.2207 ms)
[10/06/2026-16:12:31] [I] Average on 1 runs - GPU latency: 7.87109 ms - Host latency: 8.0293 ms (enqueue 4.3125 ms)
[10/06/2026-16:12:31] [I] Average on 1 runs - GPU latency: 7.86133 ms - Host latency: 8.05469 ms (enqueue 4.33594 ms)
[10/06/2026-16:12:31] [I] Average on 1 runs - GPU latency: 7.85352 ms - Host latency: 8.08203 ms (enqueue 4.23828 ms)
[10/06/2026-16:12:31] [I] Average on 1 runs - GPU latency: 7.85352 ms - Host latency: 7.99609 ms (enqueue 4.33203 ms)
[10/06/2026-16:12:31] [I] Average on 1 runs - GPU latency: 7.85742 ms - Host latency: 8.00586 ms (enqueue 4.35938 ms)
[10/06/2026-16:12:31] [I] Average on 1 runs - GPU latency: 7.86328 ms - Host latency: 8.00781 ms (enqueue 4.28516 ms)
[10/06/2026-16:12:31] [I] Average on 1 runs - GPU latency: 7.85742 ms - Host latency: 7.99609 ms (enqueue 4.23242 ms)
[10/06/2026-16:12:31] [I] Average on 1 runs - GPU latency: 7.85742 ms - Host latency: 8.00586 ms (enqueue 4.28906 ms)
[10/06/2026-16:12:31] [I] Average on 1 runs - GPU latency: 7.86133 ms - Host latency: 8.02344 ms (enqueue 4.28125 ms)
[10/06/2026-16:12:31] [I] Average on 1 runs - GPU latency: 7.85352 ms - Host latency: 8.02344 ms (enqueue 4.29297 ms)
[10/06/2026-16:12:31] [I] Average on 1 runs - GPU latency: 7.8457 ms - Host latency: 7.98828 ms (enqueue 4.21289 ms)
[10/06/2026-16:12:31] [I] Average on 1 runs - GPU latency: 7.87695 ms - Host latency: 8.02344 ms (enqueue 4.27539 ms)
[10/06/2026-16:12:31] [I] Average on 1 runs - GPU latency: 7.85938 ms - Host latency: 8.03125 ms (enqueue 4.27344 ms)
[10/06/2026-16:12:31] [I] Average on 1 runs - GPU latency: 7.85938 ms - Host latency: 8 ms (enqueue 4.28516 ms)
[10/06/2026-16:12:31] [I] Average on 1 runs - GPU latency: 7.84766 ms - Host latency: 7.99219 ms (enqueue 4.33594 ms)
[10/06/2026-16:12:31] [I] Average on 1 runs - GPU latency: 7.85938 ms - Host latency: 8.00195 ms (enqueue 4.26367 ms)
[10/06/2026-16:12:31] [I] Average on 1 runs - GPU latency: 7.85156 ms - Host latency: 7.99219 ms (enqueue 4.31641 ms)
[10/06/2026-16:12:31] [I] Average on 1 runs - GPU latency: 7.85352 ms - Host latency: 7.99805 ms (enqueue 4.32422 ms)
[10/06/2026-16:12:31] [I] Average on 1 runs - GPU latency: 7.85938 ms - Host latency: 8.01367 ms (enqueue 4.23633 ms)
[10/06/2026-16:12:31] [I] Average on 1 runs - GPU latency: 7.86133 ms - Host latency: 8.05273 ms (enqueue 4.31055 ms)
[10/06/2026-16:12:31] [I] Average on 1 runs - GPU latency: 7.85156 ms - Host latency: 7.99414 ms (enqueue 4.28125 ms)
[10/06/2026-16:12:31] [I] Average on 1 runs - GPU latency: 7.86523 ms - Host latency: 8.00977 ms (enqueue 4.26562 ms)
[10/06/2026-16:12:31] [I] Average on 1 runs - GPU latency: 7.86133 ms - Host latency: 7.99805 ms (enqueue 4.30273 ms)
[10/06/2026-16:12:31] [I] Average on 1 runs - GPU latency: 7.85938 ms - Host latency: 8.02734 ms (enqueue 4.35352 ms)
[10/06/2026-16:12:31] [I] Average on 1 runs - GPU latency: 7.84375 ms - Host latency: 8.01953 ms (enqueue 4.24414 ms)
[10/06/2026-16:12:31] [I] Average on 1 runs - GPU latency: 7.85352 ms - Host latency: 8.01758 ms (enqueue 4.26367 ms)
[10/06/2026-16:12:31] [I] Average on 1 runs - GPU latency: 7.86523 ms - Host latency: 7.99609 ms (enqueue 4.32422 ms)
[10/06/2026-16:12:31] [I] Average on 1 runs - GPU latency: 7.86914 ms - Host latency: 8.02344 ms (enqueue 4.23828 ms)
[10/06/2026-16:12:31] [I] Average on 1 runs - GPU latency: 7.85156 ms - Host latency: 8.03516 ms (enqueue 4.25781 ms)
[10/06/2026-16:12:31] [I] Average on 1 runs - GPU latency: 7.87109 ms - Host latency: 8.02344 ms (enqueue 4.19531 ms)
[10/06/2026-16:12:31] [I] Average on 1 runs - GPU latency: 7.87891 ms - Host latency: 8.02734 ms (enqueue 4.19531 ms)
[10/06/2026-16:12:31] [I] Average on 1 runs - GPU latency: 7.86328 ms - Host latency: 8.07617 ms (enqueue 4.23047 ms)
[10/06/2026-16:12:31] [I] Average on 1 runs - GPU latency: 7.86914 ms - Host latency: 8.00977 ms (enqueue 4.37891 ms)
[10/06/2026-16:12:31] [I] Average on 1 runs - GPU latency: 7.86914 ms - Host latency: 8.08398 ms (enqueue 4.24023 ms)
[10/06/2026-16:12:31] [I] Average on 1 runs - GPU latency: 7.875 ms - Host latency: 8.03516 ms (enqueue 4.23047 ms)
[10/06/2026-16:12:31] [I] Average on 1 runs - GPU latency: 7.86133 ms - Host latency: 8.01953 ms (enqueue 4.23828 ms)
[10/06/2026-16:12:31] [I] Average on 1 runs - GPU latency: 7.84961 ms - Host latency: 8.00781 ms (enqueue 4.26172 ms)
[10/06/2026-16:12:31] [I] Average on 1 runs - GPU latency: 7.85742 ms - Host latency: 8.00195 ms (enqueue 4.2832 ms)
[10/06/2026-16:12:31] [I] Average on 1 runs - GPU latency: 7.86523 ms - Host latency: 8.01367 ms (enqueue 4.28125 ms)
[10/06/2026-16:12:31] [I] Average on 1 runs - GPU latency: 7.85547 ms - Host latency: 8.0332 ms (enqueue 4.23438 ms)
[10/06/2026-16:12:31] [I] Average on 1 runs - GPU latency: 7.86133 ms - Host latency: 8.01172 ms (enqueue 4.19336 ms)
[10/06/2026-16:12:31] [I] Average on 1 runs - GPU latency: 7.85156 ms - Host latency: 8.01758 ms (enqueue 4.20508 ms)
[10/06/2026-16:12:31] [I] Average on 1 runs - GPU latency: 7.86133 ms - Host latency: 8.00586 ms (enqueue 4.2793 ms)
[10/06/2026-16:12:31] [I] Average on 1 runs - GPU latency: 7.84375 ms - Host latency: 8.00586 ms (enqueue 4.29297 ms)
[10/06/2026-16:12:31] [I] Average on 1 runs - GPU latency: 7.86719 ms - Host latency: 8.02344 ms (enqueue 4.27734 ms)
[10/06/2026-16:12:31] [I] Average on 1 runs - GPU latency: 7.86133 ms - Host latency: 8 ms (enqueue 4.26953 ms)
[10/06/2026-16:12:31] [I] Average on 1 runs - GPU latency: 7.875 ms - Host latency: 8.01758 ms (enqueue 4.3125 ms)
[10/06/2026-16:12:31] [I] Average on 1 runs - GPU latency: 7.85742 ms - Host latency: 8.00391 ms (enqueue 4.25977 ms)
[10/06/2026-16:12:31] [I] Average on 1 runs - GPU latency: 7.86523 ms - Host latency: 8.00781 ms (enqueue 4.2793 ms)
[10/06/2026-16:12:31] [I] Average on 1 runs - GPU latency: 7.86914 ms - Host latency: 8.02734 ms (enqueue 4.29492 ms)
[10/06/2026-16:12:31] [I] Average on 1 runs - GPU latency: 7.86133 ms - Host latency: 8.02148 ms (enqueue 4.26367 ms)
[10/06/2026-16:12:31] [I] Average on 1 runs - GPU latency: 7.86523 ms - Host latency: 8.00586 ms (enqueue 4.28906 ms)
[10/06/2026-16:12:31] [I] Average on 1 runs - GPU latency: 7.85938 ms - Host latency: 8.01562 ms (enqueue 4.33008 ms)
[10/06/2026-16:12:31] [I] Average on 1 runs - GPU latency: 7.85352 ms - Host latency: 7.99219 ms (enqueue 4.32227 ms)
[10/06/2026-16:12:31] [I] Average on 1 runs - GPU latency: 7.85156 ms - Host latency: 7.98633 ms (enqueue 4.30078 ms)
[10/06/2026-16:12:31] [I] Average on 1 runs - GPU latency: 7.85547 ms - Host latency: 8.00586 ms (enqueue 4.30469 ms)
[10/06/2026-16:12:31] [I] Average on 1 runs - GPU latency: 7.85352 ms - Host latency: 7.99609 ms (enqueue 4.31641 ms)
[10/06/2026-16:12:31] [I] Average on 1 runs - GPU latency: 7.8418 ms - Host latency: 7.98047 ms (enqueue 4.33398 ms)
[10/06/2026-16:12:31] [I] Average on 1 runs - GPU latency: 7.85547 ms - Host latency: 7.99414 ms (enqueue 4.31445 ms)
[10/06/2026-16:12:31] [I] Average on 1 runs - GPU latency: 7.85156 ms - Host latency: 7.98828 ms (enqueue 4.28125 ms)
[10/06/2026-16:12:31] [I] Average on 1 runs - GPU latency: 7.85156 ms - Host latency: 8.08008 ms (enqueue 4.26953 ms)
[10/06/2026-16:12:31] [I] Average on 1 runs - GPU latency: 7.85156 ms - Host latency: 7.99609 ms (enqueue 4.26172 ms)
[10/06/2026-16:12:31] [I] Average on 1 runs - GPU latency: 7.84766 ms - Host latency: 8.00391 ms (enqueue 4.26172 ms)
[10/06/2026-16:12:31] [I] Average on 1 runs - GPU latency: 7.86328 ms - Host latency: 8.01562 ms (enqueue 4.26953 ms)
[10/06/2026-16:12:31] [I] Average on 1 runs - GPU latency: 7.84961 ms - Host latency: 7.99414 ms (enqueue 4.2832 ms)
[10/06/2026-16:12:31] [I] Average on 1 runs - GPU latency: 7.86328 ms - Host latency: 8.00781 ms (enqueue 4.25781 ms)
[10/06/2026-16:12:31] [I] Average on 1 runs - GPU latency: 7.86133 ms - Host latency: 7.99805 ms (enqueue 4.25195 ms)
[10/06/2026-16:12:31] [I] Average on 1 runs - GPU latency: 7.85547 ms - Host latency: 8.01367 ms (enqueue 4.28125 ms)
[10/06/2026-16:12:31] [I] Average on 1 runs - GPU latency: 7.86719 ms - Host latency: 8.01758 ms (enqueue 4.29883 ms)
[10/06/2026-16:12:31] [I] Average on 1 runs - GPU latency: 7.85547 ms - Host latency: 8.01758 ms (enqueue 4.22852 ms)
[10/06/2026-16:12:31] [I] Average on 1 runs - GPU latency: 7.85156 ms - Host latency: 8.00977 ms (enqueue 4.29297 ms)
[10/06/2026-16:12:31] [I] Average on 1 runs - GPU latency: 7.85352 ms - Host latency: 7.99609 ms (enqueue 4.29297 ms)
[10/06/2026-16:12:31] [I] Average on 1 runs - GPU latency: 7.86133 ms - Host latency: 8.00586 ms (enqueue 4.32812 ms)
[10/06/2026-16:12:31] [I] Average on 1 runs - GPU latency: 7.85156 ms - Host latency: 8 ms (enqueue 4.33984 ms)
[10/06/2026-16:12:31] [I] Average on 1 runs - GPU latency: 7.86133 ms - Host latency: 8.05078 ms (enqueue 4.34766 ms)
[10/06/2026-16:12:31] [I] Average on 1 runs - GPU latency: 7.86328 ms - Host latency: 8.01758 ms (enqueue 4.2832 ms)
[10/06/2026-16:12:31] [I] Average on 1 runs - GPU latency: 7.86133 ms - Host latency: 8.00195 ms (enqueue 4.16406 ms)
[10/06/2026-16:12:31] [I] Average on 1 runs - GPU latency: 7.8457 ms - Host latency: 7.99609 ms (enqueue 4.29297 ms)
[10/06/2026-16:12:31] [I] Average on 1 runs - GPU latency: 7.84375 ms - Host latency: 8 ms (enqueue 4.2793 ms)
[10/06/2026-16:12:31] [I] Average on 1 runs - GPU latency: 7.84375 ms - Host latency: 7.98828 ms (enqueue 4.31641 ms)
[10/06/2026-16:12:31] [I] Average on 1 runs - GPU latency: 7.8457 ms - Host latency: 7.98438 ms (enqueue 4.27539 ms)
[10/06/2026-16:12:31] [I] Average on 1 runs - GPU latency: 7.85742 ms - Host latency: 7.99805 ms (enqueue 4.33398 ms)
[10/06/2026-16:12:31] [I] Average on 1 runs - GPU latency: 7.85547 ms - Host latency: 7.99609 ms (enqueue 4.2168 ms)
[10/06/2026-16:12:31] [I] Average on 1 runs - GPU latency: 7.85742 ms - Host latency: 8 ms (enqueue 4.29297 ms)
[10/06/2026-16:12:31] [I] Average on 1 runs - GPU latency: 7.85742 ms - Host latency: 8.00195 ms (enqueue 4.30664 ms)
[10/06/2026-16:12:31] [I] Average on 1 runs - GPU latency: 7.85547 ms - Host latency: 7.99609 ms (enqueue 4.16016 ms)
[10/06/2026-16:12:31] [I] Average on 1 runs - GPU latency: 7.85156 ms - Host latency: 7.99023 ms (enqueue 4.30664 ms)
[10/06/2026-16:12:31] [I] Average on 1 runs - GPU latency: 7.85547 ms - Host latency: 7.99414 ms (enqueue 4.28711 ms)
[10/06/2026-16:12:31] [I] Average on 1 runs - GPU latency: 7.87305 ms - Host latency: 8.01172 ms (enqueue 4.18164 ms)
[10/06/2026-16:12:31] [I] Average on 1 runs - GPU latency: 7.85352 ms - Host latency: 8.04688 ms (enqueue 4.23828 ms)
[10/06/2026-16:12:31] [I] Average on 1 runs - GPU latency: 7.86719 ms - Host latency: 8.00586 ms (enqueue 4.31641 ms)
[10/06/2026-16:12:31] [I] Average on 1 runs - GPU latency: 7.8457 ms - Host latency: 7.98438 ms (enqueue 4.37695 ms)
[10/06/2026-16:12:31] [I] Average on 1 runs - GPU latency: 7.85742 ms - Host latency: 8.03125 ms (enqueue 4.2832 ms)
[10/06/2026-16:12:31] [I] Average on 1 runs - GPU latency: 7.85156 ms - Host latency: 7.99219 ms (enqueue 4.29492 ms)
[10/06/2026-16:12:31] [I] Average on 1 runs - GPU latency: 7.85156 ms - Host latency: 8 ms (enqueue 4.29297 ms)
[10/06/2026-16:12:31] [I] Average on 1 runs - GPU latency: 7.85742 ms - Host latency: 7.99609 ms (enqueue 4.32031 ms)
[10/06/2026-16:12:31] [I] Average on 1 runs - GPU latency: 7.85742 ms - Host latency: 8.00195 ms (enqueue 4.26172 ms)
[10/06/2026-16:12:31] [I] Average on 1 runs - GPU latency: 7.87305 ms - Host latency: 8.01562 ms (enqueue 4.28125 ms)
[10/06/2026-16:12:31] [I] Average on 1 runs - GPU latency: 7.85938 ms - Host latency: 8.01367 ms (enqueue 4.27539 ms)
[10/06/2026-16:12:31] [I] Average on 1 runs - GPU latency: 7.86133 ms - Host latency: 8.01758 ms (enqueue 4.31055 ms)
[10/06/2026-16:12:31] [I] Average on 1 runs - GPU latency: 7.85938 ms - Host latency: 8.00195 ms (enqueue 4.24805 ms)
[10/06/2026-16:12:31] [I] Average on 1 runs - GPU latency: 7.86719 ms - Host latency: 8.07031 ms (enqueue 4.18945 ms)
[10/06/2026-16:12:31] [I] Average on 1 runs - GPU latency: 7.85547 ms - Host latency: 8.01172 ms (enqueue 4.26758 ms)
[10/06/2026-16:12:31] [I] Average on 1 runs - GPU latency: 7.85938 ms - Host latency: 8.02344 ms (enqueue 4.21875 ms)
[10/06/2026-16:12:31] [I] Average on 1 runs - GPU latency: 7.85938 ms - Host latency: 8.01562 ms (enqueue 4.25391 ms)
[10/06/2026-16:12:31] [I] Average on 1 runs - GPU latency: 7.85938 ms - Host latency: 8.01172 ms (enqueue 4.32031 ms)
[10/06/2026-16:12:31] [I] Average on 1 runs - GPU latency: 7.85352 ms - Host latency: 7.98828 ms (enqueue 4.29297 ms)
[10/06/2026-16:12:31] [I] Average on 1 runs - GPU latency: 7.84766 ms - Host latency: 7.99219 ms (enqueue 4.26953 ms)
[10/06/2026-16:12:31] [I] Average on 1 runs - GPU latency: 7.85352 ms - Host latency: 8.00195 ms (enqueue 4.25586 ms)
[10/06/2026-16:12:31] [I] Average on 1 runs - GPU latency: 7.87109 ms - Host latency: 8.00781 ms (enqueue 4.30859 ms)
[10/06/2026-16:12:31] [I] Average on 1 runs - GPU latency: 7.84961 ms - Host latency: 7.99805 ms (enqueue 4.2793 ms)
[10/06/2026-16:12:31] [I] Average on 1 runs - GPU latency: 7.85742 ms - Host latency: 7.99609 ms (enqueue 4.28711 ms)
[10/06/2026-16:12:31] [I] Average on 1 runs - GPU latency: 7.85352 ms - Host latency: 8.00195 ms (enqueue 4.29297 ms)
[10/06/2026-16:12:31] [I] Average on 1 runs - GPU latency: 7.85547 ms - Host latency: 7.99609 ms (enqueue 4.33398 ms)
[10/06/2026-16:12:31] [I] Average on 1 runs - GPU latency: 7.86719 ms - Host latency: 8.00391 ms (enqueue 4.17383 ms)
[10/06/2026-16:12:31] [I] Average on 1 runs - GPU latency: 7.8457 ms - Host latency: 8.03516 ms (enqueue 4.25195 ms)
[10/06/2026-16:12:31] [I] Average on 1 runs - GPU latency: 7.86719 ms - Host latency: 8.01758 ms (enqueue 4.32617 ms)
[10/06/2026-16:12:31] [I] Average on 1 runs - GPU latency: 7.85547 ms - Host latency: 8.01562 ms (enqueue 4.2832 ms)
[10/06/2026-16:12:31] [I] Average on 1 runs - GPU latency: 7.84766 ms - Host latency: 8.00586 ms (enqueue 4.24219 ms)
[10/06/2026-16:12:31] [I] Average on 1 runs - GPU latency: 7.85156 ms - Host latency: 7.99219 ms (enqueue 4.40039 ms)
[10/06/2026-16:12:31] [I] Average on 1 runs - GPU latency: 7.85742 ms - Host latency: 7.99609 ms (enqueue 4.35938 ms)
[10/06/2026-16:12:31] [I] Average on 1 runs - GPU latency: 7.85547 ms - Host latency: 7.98438 ms (enqueue 4.25195 ms)
[10/06/2026-16:12:31] [I] Average on 1 runs - GPU latency: 7.85352 ms - Host latency: 7.99609 ms (enqueue 4.32031 ms)
[10/06/2026-16:12:31] [I] Average on 1 runs - GPU latency: 7.85547 ms - Host latency: 8.00195 ms (enqueue 4.26172 ms)
[10/06/2026-16:12:31] [I] Average on 1 runs - GPU latency: 7.86523 ms - Host latency: 8.00586 ms (enqueue 4.28516 ms)
[10/06/2026-16:12:31] [I] Average on 1 runs - GPU latency: 7.86133 ms - Host latency: 8.00195 ms (enqueue 4.23633 ms)
[10/06/2026-16:12:31] [I] Average on 1 runs - GPU latency: 7.85938 ms - Host latency: 7.99609 ms (enqueue 4.27539 ms)
[10/06/2026-16:12:31] [I] Average on 1 runs - GPU latency: 7.85547 ms - Host latency: 8.01172 ms (enqueue 4.26758 ms)
[10/06/2026-16:12:31] [I] Average on 1 runs - GPU latency: 7.85352 ms - Host latency: 8.00977 ms (enqueue 4.31641 ms)
[10/06/2026-16:12:31] [I] Average on 1 runs - GPU latency: 7.85156 ms - Host latency: 7.99414 ms (enqueue 4.29102 ms)
[10/06/2026-16:12:31] [I] Average on 1 runs - GPU latency: 7.85547 ms - Host latency: 8 ms (enqueue 4.25 ms)
[10/06/2026-16:12:31] [I] Average on 1 runs - GPU latency: 7.81445 ms - Host latency: 7.94922 ms (enqueue 4.35742 ms)
[10/06/2026-16:12:31] [I] 
[10/06/2026-16:12:31] [I] === Performance summary ===
[10/06/2026-16:12:31] [I] Throughput: 127.14 qps
[10/06/2026-16:12:31] [I] Latency: min = 7.94922 ms, max = 8.10449 ms, mean = 8.00833 ms, median = 8.00488 ms, percentile(90%) = 8.03125 ms, percentile(95%) = 8.0459 ms, percentile(99%) = 8.07227 ms
[10/06/2026-16:12:31] [I] Enqueue Time: min = 4.12061 ms, max = 4.50879 ms, mean = 4.28327 ms, median = 4.28418 ms, percentile(90%) = 4.33984 ms, percentile(95%) = 4.35693 ms, percentile(99%) = 4.39502 ms
[10/06/2026-16:12:31] [I] H2D Latency: min = 0.121094 ms, max = 0.24707 ms, mean = 0.142973 ms, median = 0.13855 ms, percentile(90%) = 0.162109 ms, percentile(95%) = 0.178711 ms, percentile(99%) = 0.205078 ms
[10/06/2026-16:12:31] [I] GPU Compute Time: min = 7.81445 ms, max = 7.8833 ms, mean = 7.85675 ms, median = 7.85645 ms, percentile(90%) = 7.86572 ms, percentile(95%) = 7.86963 ms, percentile(99%) = 7.87598 ms
[10/06/2026-16:12:31] [I] D2H Latency: min = 0.00585938 ms, max = 0.0117188 ms, mean = 0.00861637 ms, median = 0.00878906 ms, percentile(90%) = 0.00976562 ms, percentile(95%) = 0.00976562 ms, percentile(99%) = 0.0107422 ms
[10/06/2026-16:12:31] [I] Total Host Walltime: 15.0228 s
[10/06/2026-16:12:31] [I] Total GPU Compute Time: 15.0064 s
[10/06/2026-16:12:31] [I] Explanations of the performance metrics are printed in the verbose logs.
[10/06/2026-16:12:31] [I] 
&&&& PASSED TensorRT.trtexec [TensorRT v100300] # /usr/src/tensorrt/bin/trtexec --loadEngine=/tmp/yolo26n_84172_uint8_fp16_opt3.engine --warmUp=3000 --duration=15 --idleTime=0 --avgRuns=1
