&&&& RUNNING TensorRT.trtexec [TensorRT v100300] # /usr/src/tensorrt/bin/trtexec --loadEngine=/tmp/engines/y26s_640_uint8_opt3.engine --warmUp=3000 --duration=15 --idleTime=8 --avgRuns=1
[10/04/2026-22:19:00] [I] === Model Options ===
[10/04/2026-22:19:00] [I] Format: *
[10/04/2026-22:19:00] [I] Model: 
[10/04/2026-22:19:00] [I] Output:
[10/04/2026-22:19:00] [I] 
[10/04/2026-22:19:00] [I] === System Options ===
[10/04/2026-22:19:00] [I] Device: 0
[10/04/2026-22:19:00] [I] DLACore: 
[10/04/2026-22:19:00] [I] Plugins:
[10/04/2026-22:19:00] [I] setPluginsToSerialize:
[10/04/2026-22:19:00] [I] dynamicPlugins:
[10/04/2026-22:19:00] [I] ignoreParsedPluginLibs: 0
[10/04/2026-22:19:00] [I] 
[10/04/2026-22:19:00] [I] === Inference Options ===
[10/04/2026-22:19:00] [I] Batch: Explicit
[10/04/2026-22:19:00] [I] Input inference shapes: model
[10/04/2026-22:19:00] [I] Iterations: 10
[10/04/2026-22:19:00] [I] Duration: 15s (+ 3000ms warm up)
[10/04/2026-22:19:00] [I] Sleep time: 0ms
[10/04/2026-22:19:00] [I] Idle time: 8ms
[10/04/2026-22:19:00] [I] Inference Streams: 1
[10/04/2026-22:19:00] [I] ExposeDMA: Disabled
[10/04/2026-22:19:00] [I] Data transfers: Enabled
[10/04/2026-22:19:00] [I] Spin-wait: Disabled
[10/04/2026-22:19:00] [I] Multithreading: Disabled
[10/04/2026-22:19:00] [I] CUDA Graph: Disabled
[10/04/2026-22:19:00] [I] Separate profiling: Disabled
[10/04/2026-22:19:00] [I] Time Deserialize: Disabled
[10/04/2026-22:19:00] [I] Time Refit: Disabled
[10/04/2026-22:19:00] [I] NVTX verbosity: 0
[10/04/2026-22:19:00] [I] Persistent Cache Ratio: 0
[10/04/2026-22:19:00] [I] Optimization Profile Index: 0
[10/04/2026-22:19:00] [I] Weight Streaming Budget: 100.000000%
[10/04/2026-22:19:00] [I] Inputs:
[10/04/2026-22:19:00] [I] Debug Tensor Save Destinations:
[10/04/2026-22:19:00] [I] === Reporting Options ===
[10/04/2026-22:19:00] [I] Verbose: Disabled
[10/04/2026-22:19:00] [I] Averages: 1 inferences
[10/04/2026-22:19:00] [I] Percentiles: 90,95,99
[10/04/2026-22:19:00] [I] Dump refittable layers:Disabled
[10/04/2026-22:19:00] [I] Dump output: Disabled
[10/04/2026-22:19:00] [I] Profile: Disabled
[10/04/2026-22:19:00] [I] Export timing to JSON file: 
[10/04/2026-22:19:00] [I] Export output to JSON file: 
[10/04/2026-22:19:00] [I] Export profile to JSON file: 
[10/04/2026-22:19:00] [I] 
[10/04/2026-22:19:00] [I] === Device Information ===
[10/04/2026-22:19:00] [I] Available Devices: 
[10/04/2026-22:19:00] [I]   Device 0: "Orin" UUID: GPU-6e16c2c1-e394-5324-8f2e-63a975968f4e
[10/04/2026-22:19:00] [I] Selected Device: Orin
[10/04/2026-22:19:00] [I] Selected Device ID: 0
[10/04/2026-22:19:00] [I] Selected Device UUID: GPU-6e16c2c1-e394-5324-8f2e-63a975968f4e
[10/04/2026-22:19:00] [I] Compute Capability: 8.7
[10/04/2026-22:19:00] [I] SMs: 8
[10/04/2026-22:19:00] [I] Device Global Memory: 7607 MiB
[10/04/2026-22:19:00] [I] Shared Memory per SM: 164 KiB
[10/04/2026-22:19:00] [I] Memory Bus Width: 128 bits (ECC disabled)
[10/04/2026-22:19:00] [I] Application Compute Clock Rate: 1.02 GHz
[10/04/2026-22:19:00] [I] Application Memory Clock Rate: 1.02 GHz
[10/04/2026-22:19:00] [I] 
[10/04/2026-22:19:00] [I] Note: The application clock rates do not reflect the actual clock rates that the GPU is currently running at.
[10/04/2026-22:19:00] [I] 
[10/04/2026-22:19:00] [I] TensorRT version: 10.3.0
[10/04/2026-22:19:00] [I] Loading standard plugins
[10/04/2026-22:19:00] [I] [TRT] Loaded engine size: 21 MiB
[10/04/2026-22:19:00] [I] Engine deserialized in 0.0757964 sec.
[10/04/2026-22:19:00] [I] [TRT] [MemUsageChange] TensorRT-managed allocation in IExecutionContext creation: CPU +0, GPU +18, now: CPU 0, GPU 36 (MiB)
[10/04/2026-22:19:00] [I] Setting persistentCacheLimit to 0 bytes.
[10/04/2026-22:19:00] [I] Created execution context with device memory size: 18.1641 MiB
[10/04/2026-22:19:00] [I] Using random values for input images
[10/04/2026-22:19:00] [I] Input binding for images with dimensions 1x640x640x3 is created.
[10/04/2026-22:19:00] [I] Output binding for output0 with dimensions 1x300x6 is created.
[10/04/2026-22:19:00] [I] Starting inference
[10/04/2026-22:19:18] [I] Warmup completed 437 queries over 3000 ms
[10/04/2026-22:19:18] [I] Timing trace has 1471 queries over 15.0259 s
[10/04/2026-22:19:18] [I] 
[10/04/2026-22:19:18] [I] === Trace details ===
[10/04/2026-22:19:18] [I] Trace averages of 1 runs:
[10/04/2026-22:19:18] [I] Average on 1 runs - GPU latency: 6.77881 ms - Host latency: 6.93286 ms (enqueue 2.10962 ms)
[10/04/2026-22:19:18] [I] Average on 1 runs - GPU latency: 6.74463 ms - Host latency: 6.8772 ms (enqueue 2.15503 ms)
[10/04/2026-22:19:18] [I] Average on 1 runs - GPU latency: 6.76172 ms - Host latency: 6.82935 ms (enqueue 2.24292 ms)
[10/04/2026-22:19:18] [I] Average on 1 runs - GPU latency: 6.74536 ms - Host latency: 6.80737 ms (enqueue 2.11182 ms)
[10/04/2026-22:19:18] [I] Average on 1 runs - GPU latency: 6.74658 ms - Host latency: 6.81055 ms (enqueue 2.10205 ms)
[10/04/2026-22:19:18] [I] Average on 1 runs - GPU latency: 6.76904 ms - Host latency: 6.8291 ms (enqueue 2.04468 ms)
[10/04/2026-22:19:18] [I] Average on 1 runs - GPU latency: 6.74487 ms - Host latency: 6.80493 ms (enqueue 2.07983 ms)
[10/04/2026-22:19:18] [I] Average on 1 runs - GPU latency: 6.74536 ms - Host latency: 6.80859 ms (enqueue 2.02612 ms)
[10/04/2026-22:19:18] [I] Average on 1 runs - GPU latency: 6.76294 ms - Host latency: 6.82227 ms (enqueue 2.07227 ms)
[10/04/2026-22:19:18] [I] Average on 1 runs - GPU latency: 6.73999 ms - Host latency: 6.80176 ms (enqueue 2.04297 ms)
[10/04/2026-22:19:18] [I] Average on 1 runs - GPU latency: 6.74609 ms - Host latency: 6.80957 ms (enqueue 2.05371 ms)
[10/04/2026-22:19:18] [I] Average on 1 runs - GPU latency: 6.75439 ms - Host latency: 6.81421 ms (enqueue 2.06616 ms)
[10/04/2026-22:19:18] [I] Average on 1 runs - GPU latency: 6.75708 ms - Host latency: 6.82056 ms (enqueue 2.05518 ms)
[10/04/2026-22:19:18] [I] Average on 1 runs - GPU latency: 6.75684 ms - Host latency: 6.82031 ms (enqueue 2.09741 ms)
[10/04/2026-22:19:18] [I] Average on 1 runs - GPU latency: 6.76172 ms - Host latency: 6.82104 ms (enqueue 2.03784 ms)
[10/04/2026-22:19:18] [I] Average on 1 runs - GPU latency: 6.75269 ms - Host latency: 6.81274 ms (enqueue 2.08154 ms)
[10/04/2026-22:19:18] [I] Average on 1 runs - GPU latency: 6.75073 ms - Host latency: 6.81152 ms (enqueue 2.04419 ms)
[10/04/2026-22:19:18] [I] Average on 1 runs - GPU latency: 6.74731 ms - Host latency: 6.80688 ms (enqueue 2.07153 ms)
[10/04/2026-22:19:18] [I] Average on 1 runs - GPU latency: 6.73877 ms - Host latency: 6.80176 ms (enqueue 2.052 ms)
[10/04/2026-22:19:18] [I] Average on 1 runs - GPU latency: 6.76245 ms - Host latency: 6.82324 ms (enqueue 2.07886 ms)
[10/04/2026-22:19:18] [I] Average on 1 runs - GPU latency: 6.74854 ms - Host latency: 6.81128 ms (enqueue 2.03833 ms)
[10/04/2026-22:19:18] [I] Average on 1 runs - GPU latency: 6.74634 ms - Host latency: 6.80664 ms (enqueue 2.06274 ms)
[10/04/2026-22:19:18] [I] Average on 1 runs - GPU latency: 6.75146 ms - Host latency: 6.81079 ms (enqueue 2.09375 ms)
[10/04/2026-22:19:18] [I] Average on 1 runs - GPU latency: 6.74463 ms - Host latency: 6.80469 ms (enqueue 2.05151 ms)
[10/04/2026-22:19:18] [I] Average on 1 runs - GPU latency: 6.74536 ms - Host latency: 6.80469 ms (enqueue 2.0918 ms)
[10/04/2026-22:19:18] [I] Average on 1 runs - GPU latency: 6.74463 ms - Host latency: 6.80493 ms (enqueue 2.03149 ms)
[10/04/2026-22:19:18] [I] Average on 1 runs - GPU latency: 6.74878 ms - Host latency: 6.80933 ms (enqueue 2.09619 ms)
[10/04/2026-22:19:18] [I] Average on 1 runs - GPU latency: 6.75439 ms - Host latency: 6.82251 ms (enqueue 2.03564 ms)
[10/04/2026-22:19:18] [I] Average on 1 runs - GPU latency: 6.75024 ms - Host latency: 6.81299 ms (enqueue 2.06958 ms)
[10/04/2026-22:19:18] [I] Average on 1 runs - GPU latency: 6.75391 ms - Host latency: 6.81665 ms (enqueue 2.0415 ms)
[10/04/2026-22:19:18] [I] Average on 1 runs - GPU latency: 6.75464 ms - Host latency: 6.82471 ms (enqueue 2.22217 ms)
[10/04/2026-22:19:18] [I] Average on 1 runs - GPU latency: 6.74512 ms - Host latency: 6.80957 ms (enqueue 2.04199 ms)
[10/04/2026-22:19:18] [I] Average on 1 runs - GPU latency: 6.75293 ms - Host latency: 6.81567 ms (enqueue 2.02173 ms)
[10/04/2026-22:19:18] [I] Average on 1 runs - GPU latency: 6.74463 ms - Host latency: 6.80957 ms (enqueue 2.05615 ms)
[10/04/2026-22:19:18] [I] Average on 1 runs - GPU latency: 6.74829 ms - Host latency: 6.81152 ms (enqueue 2.00586 ms)
[10/04/2026-22:19:18] [I] Average on 1 runs - GPU latency: 6.7439 ms - Host latency: 6.80518 ms (enqueue 2.06494 ms)
[10/04/2026-22:19:18] [I] Average on 1 runs - GPU latency: 6.74512 ms - Host latency: 6.80566 ms (enqueue 2.00879 ms)
[10/04/2026-22:19:18] [I] Average on 1 runs - GPU latency: 6.75366 ms - Host latency: 6.81494 ms (enqueue 2.06299 ms)
[10/04/2026-22:19:18] [I] Average on 1 runs - GPU latency: 6.75171 ms - Host latency: 6.81201 ms (enqueue 2.01611 ms)
[10/04/2026-22:19:18] [I] Average on 1 runs - GPU latency: 6.74585 ms - Host latency: 6.80762 ms (enqueue 2.05981 ms)
[10/04/2026-22:19:18] [I] Average on 1 runs - GPU latency: 6.73755 ms - Host latency: 6.79761 ms (enqueue 2.01831 ms)
[10/04/2026-22:19:18] [I] Average on 1 runs - GPU latency: 6.74658 ms - Host latency: 6.81543 ms (enqueue 2.05908 ms)
[10/04/2026-22:19:18] [I] Average on 1 runs - GPU latency: 6.74829 ms - Host latency: 6.80859 ms (enqueue 2.02832 ms)
[10/04/2026-22:19:18] [I] Average on 1 runs - GPU latency: 6.74951 ms - Host latency: 6.80981 ms (enqueue 2.06396 ms)
[10/04/2026-22:19:18] [I] Average on 1 runs - GPU latency: 6.74951 ms - Host latency: 6.80884 ms (enqueue 2.0564 ms)
[10/04/2026-22:19:18] [I] Average on 1 runs - GPU latency: 6.75684 ms - Host latency: 6.81787 ms (enqueue 2.02368 ms)
[10/04/2026-22:19:18] [I] Average on 1 runs - GPU latency: 6.74683 ms - Host latency: 6.80713 ms (enqueue 2.07617 ms)
[10/04/2026-22:19:18] [I] Average on 1 runs - GPU latency: 6.75415 ms - Host latency: 6.81689 ms (enqueue 2.03394 ms)
[10/04/2026-22:19:18] [I] Average on 1 runs - GPU latency: 6.75342 ms - Host latency: 6.81567 ms (enqueue 2.073 ms)
[10/04/2026-22:19:18] [I] Average on 1 runs - GPU latency: 6.74683 ms - Host latency: 6.80957 ms (enqueue 2.02002 ms)
[10/04/2026-22:19:18] [I] Average on 1 runs - GPU latency: 6.7478 ms - Host latency: 6.80762 ms (enqueue 2.06226 ms)
[10/04/2026-22:19:18] [I] Average on 1 runs - GPU latency: 6.75806 ms - Host latency: 6.8186 ms (enqueue 2.02148 ms)
[10/04/2026-22:19:18] [I] Average on 1 runs - GPU latency: 6.76978 ms - Host latency: 6.83276 ms (enqueue 2.2417 ms)
[10/04/2026-22:19:18] [I] Average on 1 runs - GPU latency: 6.75781 ms - Host latency: 6.83032 ms (enqueue 2.26172 ms)
[10/04/2026-22:19:18] [I] Average on 1 runs - GPU latency: 6.75537 ms - Host latency: 6.81934 ms (enqueue 2.20532 ms)
[10/04/2026-22:19:18] [I] Average on 1 runs - GPU latency: 6.75342 ms - Host latency: 6.82129 ms (enqueue 2.2583 ms)
[10/04/2026-22:19:18] [I] Average on 1 runs - GPU latency: 6.75024 ms - Host latency: 6.81372 ms (enqueue 2.10669 ms)
[10/04/2026-22:19:18] [I] Average on 1 runs - GPU latency: 6.74219 ms - Host latency: 6.80322 ms (enqueue 2.09082 ms)
[10/04/2026-22:19:18] [I] Average on 1 runs - GPU latency: 6.75464 ms - Host latency: 6.81543 ms (enqueue 2.03442 ms)
[10/04/2026-22:19:18] [I] Average on 1 runs - GPU latency: 6.75488 ms - Host latency: 6.81567 ms (enqueue 2.06958 ms)
[10/04/2026-22:19:18] [I] Average on 1 runs - GPU latency: 6.74316 ms - Host latency: 6.80298 ms (enqueue 2.02783 ms)
[10/04/2026-22:19:18] [I] Average on 1 runs - GPU latency: 6.7561 ms - Host latency: 6.81592 ms (enqueue 2.07788 ms)
[10/04/2026-22:19:18] [I] Average on 1 runs - GPU latency: 6.75586 ms - Host latency: 6.81592 ms (enqueue 2.05542 ms)
[10/04/2026-22:19:18] [I] Average on 1 runs - GPU latency: 6.75562 ms - Host latency: 6.81982 ms (enqueue 2.03491 ms)
[10/04/2026-22:19:18] [I] Average on 1 runs - GPU latency: 6.75269 ms - Host latency: 6.81226 ms (enqueue 2.0708 ms)
[10/04/2026-22:19:18] [I] Average on 1 runs - GPU latency: 6.75269 ms - Host latency: 6.81445 ms (enqueue 2.03003 ms)
[10/04/2026-22:19:18] [I] Average on 1 runs - GPU latency: 6.75415 ms - Host latency: 6.8147 ms (enqueue 2.08789 ms)
[10/04/2026-22:19:18] [I] Average on 1 runs - GPU latency: 6.75708 ms - Host latency: 6.81689 ms (enqueue 2.02271 ms)
[10/04/2026-22:19:18] [I] Average on 1 runs - GPU latency: 6.7439 ms - Host latency: 6.8147 ms (enqueue 2.09106 ms)
[10/04/2026-22:19:18] [I] Average on 1 runs - GPU latency: 6.76025 ms - Host latency: 6.82153 ms (enqueue 2.04443 ms)
[10/04/2026-22:19:18] [I] Average on 1 runs - GPU latency: 6.75049 ms - Host latency: 6.8103 ms (enqueue 2.08423 ms)
[10/04/2026-22:19:18] [I] Average on 1 runs - GPU latency: 6.75049 ms - Host latency: 6.81128 ms (enqueue 2.02612 ms)
[10/04/2026-22:19:18] [I] Average on 1 runs - GPU latency: 6.75171 ms - Host latency: 6.81177 ms (enqueue 2.07056 ms)
[10/04/2026-22:19:18] [I] Average on 1 runs - GPU latency: 6.74536 ms - Host latency: 6.80566 ms (enqueue 2.02979 ms)
[10/04/2026-22:19:18] [I] Average on 1 runs - GPU latency: 6.74976 ms - Host latency: 6.81055 ms (enqueue 2.02783 ms)
[10/04/2026-22:19:18] [I] Average on 1 runs - GPU latency: 6.74463 ms - Host latency: 6.80469 ms (enqueue 2.06665 ms)
[10/04/2026-22:19:18] [I] Average on 1 runs - GPU latency: 6.74243 ms - Host latency: 6.80273 ms (enqueue 2.021 ms)
[10/04/2026-22:19:18] [I] Average on 1 runs - GPU latency: 6.74976 ms - Host latency: 6.81079 ms (enqueue 2.09473 ms)
[10/04/2026-22:19:18] [I] Average on 1 runs - GPU latency: 6.75732 ms - Host latency: 6.81665 ms (enqueue 2.03516 ms)
[10/04/2026-22:19:18] [I] Average on 1 runs - GPU latency: 6.7395 ms - Host latency: 6.7998 ms (enqueue 2.07104 ms)
[10/04/2026-22:19:18] [I] Average on 1 runs - GPU latency: 6.74414 ms - Host latency: 6.8064 ms (enqueue 2.02441 ms)
[10/04/2026-22:19:18] [I] Average on 1 runs - GPU latency: 6.74609 ms - Host latency: 6.80713 ms (enqueue 2.07495 ms)
[10/04/2026-22:19:18] [I] Average on 1 runs - GPU latency: 6.74731 ms - Host latency: 6.80811 ms (enqueue 2.03418 ms)
[10/04/2026-22:19:18] [I] Average on 1 runs - GPU latency: 6.75122 ms - Host latency: 6.81201 ms (enqueue 2.06274 ms)
[10/04/2026-22:19:18] [I] Average on 1 runs - GPU latency: 6.75317 ms - Host latency: 6.81299 ms (enqueue 2.03101 ms)
[10/04/2026-22:19:18] [I] Average on 1 runs - GPU latency: 6.75073 ms - Host latency: 6.81104 ms (enqueue 2.0625 ms)
[10/04/2026-22:19:18] [I] Average on 1 runs - GPU latency: 6.74756 ms - Host latency: 6.80713 ms (enqueue 2.06274 ms)
[10/04/2026-22:19:18] [I] Average on 1 runs - GPU latency: 6.7478 ms - Host latency: 6.80786 ms (enqueue 2.03027 ms)
[10/04/2026-22:19:18] [I] Average on 1 runs - GPU latency: 6.75586 ms - Host latency: 6.81592 ms (enqueue 2.07007 ms)
[10/04/2026-22:19:18] [I] Average on 1 runs - GPU latency: 6.74658 ms - Host latency: 6.8064 ms (enqueue 2.021 ms)
[10/04/2026-22:19:18] [I] Average on 1 runs - GPU latency: 6.74609 ms - Host latency: 6.8064 ms (enqueue 2.07837 ms)
[10/04/2026-22:19:18] [I] Average on 1 runs - GPU latency: 6.73926 ms - Host latency: 6.80029 ms (enqueue 2.01953 ms)
[10/04/2026-22:19:18] [I] Average on 1 runs - GPU latency: 6.74878 ms - Host latency: 6.80786 ms (enqueue 2.0625 ms)
[10/04/2026-22:19:18] [I] Average on 1 runs - GPU latency: 6.74707 ms - Host latency: 6.80884 ms (enqueue 2.0249 ms)
[10/04/2026-22:19:18] [I] Average on 1 runs - GPU latency: 6.74951 ms - Host latency: 6.80957 ms (enqueue 2.06299 ms)
[10/04/2026-22:19:18] [I] Average on 1 runs - GPU latency: 6.7439 ms - Host latency: 6.80957 ms (enqueue 2.02319 ms)
[10/04/2026-22:19:18] [I] Average on 1 runs - GPU latency: 6.75977 ms - Host latency: 6.82031 ms (enqueue 2.08618 ms)
[10/04/2026-22:19:18] [I] Average on 1 runs - GPU latency: 6.74951 ms - Host latency: 6.81079 ms (enqueue 2.03711 ms)
[10/04/2026-22:19:18] [I] Average on 1 runs - GPU latency: 6.74536 ms - Host latency: 6.80566 ms (enqueue 2.02051 ms)
[10/04/2026-22:19:18] [I] Average on 1 runs - GPU latency: 6.74536 ms - Host latency: 6.80688 ms (enqueue 2.10596 ms)
[10/04/2026-22:19:18] [I] Average on 1 runs - GPU latency: 6.75391 ms - Host latency: 6.81714 ms (enqueue 2.09888 ms)
[10/04/2026-22:19:18] [I] Average on 1 runs - GPU latency: 6.74878 ms - Host latency: 6.80933 ms (enqueue 2.08691 ms)
[10/04/2026-22:19:18] [I] Average on 1 runs - GPU latency: 6.75708 ms - Host latency: 6.81934 ms (enqueue 2.0437 ms)
[10/04/2026-22:19:18] [I] Average on 1 runs - GPU latency: 6.74658 ms - Host latency: 6.80762 ms (enqueue 2.07104 ms)
[10/04/2026-22:19:18] [I] Average on 1 runs - GPU latency: 6.74243 ms - Host latency: 6.80249 ms (enqueue 2.02783 ms)
[10/04/2026-22:19:18] [I] Average on 1 runs - GPU latency: 6.7644 ms - Host latency: 6.82446 ms (enqueue 2.10059 ms)
[10/04/2026-22:19:18] [I] Average on 1 runs - GPU latency: 6.75073 ms - Host latency: 6.82446 ms (enqueue 2.39502 ms)
[10/04/2026-22:19:18] [I] Average on 1 runs - GPU latency: 6.76318 ms - Host latency: 6.82886 ms (enqueue 2.18457 ms)
[10/04/2026-22:19:18] [I] Average on 1 runs - GPU latency: 6.76221 ms - Host latency: 6.83057 ms (enqueue 2.31445 ms)
[10/04/2026-22:19:18] [I] Average on 1 runs - GPU latency: 6.74707 ms - Host latency: 6.82324 ms (enqueue 2.15088 ms)
[10/04/2026-22:19:18] [I] Average on 1 runs - GPU latency: 6.75049 ms - Host latency: 6.81494 ms (enqueue 2.14502 ms)
[10/04/2026-22:19:18] [I] Average on 1 runs - GPU latency: 6.75879 ms - Host latency: 6.82324 ms (enqueue 2.08496 ms)
[10/04/2026-22:19:18] [I] Average on 1 runs - GPU latency: 6.76221 ms - Host latency: 6.8252 ms (enqueue 2.10645 ms)
[10/04/2026-22:19:18] [I] Average on 1 runs - GPU latency: 6.75146 ms - Host latency: 6.81494 ms (enqueue 2.1709 ms)
[10/04/2026-22:19:18] [I] Average on 1 runs - GPU latency: 6.75293 ms - Host latency: 6.81641 ms (enqueue 2.06787 ms)
[10/04/2026-22:19:18] [I] Average on 1 runs - GPU latency: 6.75098 ms - Host latency: 6.81201 ms (enqueue 2.10107 ms)
[10/04/2026-22:19:18] [I] Average on 1 runs - GPU latency: 6.74756 ms - Host latency: 6.80811 ms (enqueue 2.04248 ms)
[10/04/2026-22:19:18] [I] Average on 1 runs - GPU latency: 6.76025 ms - Host latency: 6.82129 ms (enqueue 2.07812 ms)
[10/04/2026-22:19:18] [I] Average on 1 runs - GPU latency: 6.75488 ms - Host latency: 6.81689 ms (enqueue 2.31152 ms)
[10/04/2026-22:19:18] [I] Average on 1 runs - GPU latency: 6.74561 ms - Host latency: 6.80615 ms (enqueue 2.07764 ms)
[10/04/2026-22:19:18] [I] Average on 1 runs - GPU latency: 6.75684 ms - Host latency: 6.81738 ms (enqueue 2.05762 ms)
[10/04/2026-22:19:18] [I] Average on 1 runs - GPU latency: 6.75391 ms - Host latency: 6.81738 ms (enqueue 2.09131 ms)
[10/04/2026-22:19:18] [I] Average on 1 runs - GPU latency: 6.75732 ms - Host latency: 6.8208 ms (enqueue 2.07764 ms)
[10/04/2026-22:19:18] [I] Average on 1 runs - GPU latency: 6.75195 ms - Host latency: 6.82422 ms (enqueue 2.16553 ms)
[10/04/2026-22:19:18] [I] Average on 1 runs - GPU latency: 6.75586 ms - Host latency: 6.81836 ms (enqueue 2.11328 ms)
[10/04/2026-22:19:18] [I] Average on 1 runs - GPU latency: 6.74561 ms - Host latency: 6.80713 ms (enqueue 2.03711 ms)
[10/04/2026-22:19:18] [I] Average on 1 runs - GPU latency: 6.74512 ms - Host latency: 6.80859 ms (enqueue 2.06689 ms)
[10/04/2026-22:19:18] [I] Average on 1 runs - GPU latency: 6.75049 ms - Host latency: 6.81787 ms (enqueue 2.02734 ms)
[10/04/2026-22:19:18] [I] Average on 1 runs - GPU latency: 6.74902 ms - Host latency: 6.81348 ms (enqueue 2.06689 ms)
[10/04/2026-22:19:18] [I] Average on 1 runs - GPU latency: 6.75684 ms - Host latency: 6.81738 ms (enqueue 2.04443 ms)
[10/04/2026-22:19:18] [I] Average on 1 runs - GPU latency: 6.75 ms - Host latency: 6.81006 ms (enqueue 2.0835 ms)
[10/04/2026-22:19:18] [I] Average on 1 runs - GPU latency: 6.75098 ms - Host latency: 6.81104 ms (enqueue 2.03711 ms)
[10/04/2026-22:19:18] [I] Average on 1 runs - GPU latency: 6.75684 ms - Host latency: 6.81641 ms (enqueue 2.0376 ms)
[10/04/2026-22:19:18] [I] Average on 1 runs - GPU latency: 6.75439 ms - Host latency: 6.81592 ms (enqueue 2.07324 ms)
[10/04/2026-22:19:18] [I] Average on 1 runs - GPU latency: 6.75342 ms - Host latency: 6.81348 ms (enqueue 2.04395 ms)
[10/04/2026-22:19:18] [I] Average on 1 runs - GPU latency: 6.74756 ms - Host latency: 6.80762 ms (enqueue 2.07959 ms)
[10/04/2026-22:19:18] [I] Average on 1 runs - GPU latency: 6.7666 ms - Host latency: 6.82617 ms (enqueue 2.04492 ms)
[10/04/2026-22:19:18] [I] Average on 1 runs - GPU latency: 6.74756 ms - Host latency: 6.80762 ms (enqueue 2.0625 ms)
[10/04/2026-22:19:18] [I] Average on 1 runs - GPU latency: 6.74561 ms - Host latency: 6.80566 ms (enqueue 2.05615 ms)
[10/04/2026-22:19:18] [I] Average on 1 runs - GPU latency: 6.76514 ms - Host latency: 6.82568 ms (enqueue 2.11572 ms)
[10/04/2026-22:19:18] [I] Average on 1 runs - GPU latency: 6.74707 ms - Host latency: 6.80615 ms (enqueue 2.05322 ms)
[10/04/2026-22:19:18] [I] Average on 1 runs - GPU latency: 6.76123 ms - Host latency: 6.82129 ms (enqueue 2.08594 ms)
[10/04/2026-22:19:18] [I] Average on 1 runs - GPU latency: 6.75195 ms - Host latency: 6.81396 ms (enqueue 2.06006 ms)
[10/04/2026-22:19:18] [I] Average on 1 runs - GPU latency: 6.74902 ms - Host latency: 6.81006 ms (enqueue 2.0498 ms)
[10/04/2026-22:19:18] [I] Average on 1 runs - GPU latency: 6.75928 ms - Host latency: 6.81885 ms (enqueue 2.10254 ms)
[10/04/2026-22:19:18] [I] Average on 1 runs - GPU latency: 6.75098 ms - Host latency: 6.81152 ms (enqueue 2.04492 ms)
[10/04/2026-22:19:18] [I] Average on 1 runs - GPU latency: 6.74414 ms - Host latency: 6.80371 ms (enqueue 2.0791 ms)
[10/04/2026-22:19:18] [I] Average on 1 runs - GPU latency: 6.75928 ms - Host latency: 6.81982 ms (enqueue 2.04395 ms)
[10/04/2026-22:19:18] [I] Average on 1 runs - GPU latency: 6.74561 ms - Host latency: 6.81006 ms (enqueue 2.0874 ms)
[10/04/2026-22:19:18] [I] Average on 1 runs - GPU latency: 6.74512 ms - Host latency: 6.81006 ms (enqueue 2.05469 ms)
[10/04/2026-22:19:18] [I] Average on 1 runs - GPU latency: 6.75439 ms - Host latency: 6.82324 ms (enqueue 2.09717 ms)
[10/04/2026-22:19:18] [I] Average on 1 runs - GPU latency: 6.74463 ms - Host latency: 6.80518 ms (enqueue 2.03516 ms)
[10/04/2026-22:19:18] [I] Average on 1 runs - GPU latency: 6.74219 ms - Host latency: 6.80225 ms (enqueue 2.0918 ms)
[10/04/2026-22:19:18] [I] Average on 1 runs - GPU latency: 6.75635 ms - Host latency: 6.81738 ms (enqueue 2.06152 ms)
[10/04/2026-22:19:18] [I] Average on 1 runs - GPU latency: 6.74951 ms - Host latency: 6.81006 ms (enqueue 2.05371 ms)
[10/04/2026-22:19:18] [I] Average on 1 runs - GPU latency: 6.76221 ms - Host latency: 6.82275 ms (enqueue 2.08105 ms)
[10/04/2026-22:19:18] [I] Average on 1 runs - GPU latency: 6.74609 ms - Host latency: 6.80615 ms (enqueue 2.05713 ms)
[10/04/2026-22:19:18] [I] Average on 1 runs - GPU latency: 6.75781 ms - Host latency: 6.81689 ms (enqueue 2.08447 ms)
[10/04/2026-22:19:18] [I] Average on 1 runs - GPU latency: 6.75928 ms - Host latency: 6.8208 ms (enqueue 2.17529 ms)
[10/04/2026-22:19:18] [I] Average on 1 runs - GPU latency: 6.76807 ms - Host latency: 6.84229 ms (enqueue 2.48145 ms)
[10/04/2026-22:19:18] [I] Average on 1 runs - GPU latency: 6.75439 ms - Host latency: 6.82031 ms (enqueue 2.28174 ms)
[10/04/2026-22:19:18] [I] Average on 1 runs - GPU latency: 6.75049 ms - Host latency: 6.81543 ms (enqueue 2.27686 ms)
[10/04/2026-22:19:18] [I] Average on 1 runs - GPU latency: 6.76904 ms - Host latency: 6.83203 ms (enqueue 2.34131 ms)
[10/04/2026-22:19:18] [I] Average on 1 runs - GPU latency: 6.7627 ms - Host latency: 6.82764 ms (enqueue 2.13379 ms)
[10/04/2026-22:19:18] [I] Average on 1 runs - GPU latency: 6.75732 ms - Host latency: 6.81982 ms (enqueue 2.14746 ms)
[10/04/2026-22:19:18] [I] Average on 1 runs - GPU latency: 6.76367 ms - Host latency: 6.82764 ms (enqueue 2.10107 ms)
[10/04/2026-22:19:18] [I] Average on 1 runs - GPU latency: 6.74756 ms - Host latency: 6.80859 ms (enqueue 2.10889 ms)
[10/04/2026-22:19:18] [I] Average on 1 runs - GPU latency: 6.7666 ms - Host latency: 6.82715 ms (enqueue 2.40869 ms)
[10/04/2026-22:19:18] [I] Average on 1 runs - GPU latency: 6.75146 ms - Host latency: 6.81201 ms (enqueue 2.47217 ms)
[10/04/2026-22:19:18] [I] Average on 1 runs - GPU latency: 6.75537 ms - Host latency: 6.81592 ms (enqueue 2.11621 ms)
[10/04/2026-22:19:18] [I] Average on 1 runs - GPU latency: 6.75439 ms - Host latency: 6.81494 ms (enqueue 2.05762 ms)
[10/04/2026-22:19:18] [I] Average on 1 runs - GPU latency: 6.74463 ms - Host latency: 6.80615 ms (enqueue 2.10254 ms)
[10/04/2026-22:19:18] [I] Average on 1 runs - GPU latency: 6.75537 ms - Host latency: 6.81543 ms (enqueue 2.0625 ms)
[10/04/2026-22:19:18] [I] Average on 1 runs - GPU latency: 6.74121 ms - Host latency: 6.80176 ms (enqueue 2.05469 ms)
[10/04/2026-22:19:18] [I] Average on 1 runs - GPU latency: 6.75 ms - Host latency: 6.81055 ms (enqueue 2.07812 ms)
[10/04/2026-22:19:18] [I] Average on 1 runs - GPU latency: 6.75439 ms - Host latency: 6.82031 ms (enqueue 2.05273 ms)
[10/04/2026-22:19:18] [I] Average on 1 runs - GPU latency: 6.75439 ms - Host latency: 6.81738 ms (enqueue 2.10303 ms)
[10/04/2026-22:19:18] [I] Average on 1 runs - GPU latency: 6.74121 ms - Host latency: 6.80176 ms (enqueue 2.05518 ms)
[10/04/2026-22:19:18] [I] Average on 1 runs - GPU latency: 6.75049 ms - Host latency: 6.80957 ms (enqueue 2.47217 ms)
[10/04/2026-22:19:18] [I] Average on 1 runs - GPU latency: 6.76172 ms - Host latency: 6.82617 ms (enqueue 2.07324 ms)
[10/04/2026-22:19:18] [I] Average on 1 runs - GPU latency: 6.74268 ms - Host latency: 6.80273 ms (enqueue 2.09131 ms)
[10/04/2026-22:19:18] [I] Average on 1 runs - GPU latency: 6.75635 ms - Host latency: 6.81689 ms (enqueue 2.10596 ms)
[10/04/2026-22:19:18] [I] Average on 1 runs - GPU latency: 6.74072 ms - Host latency: 6.80371 ms (enqueue 2.06641 ms)
[10/04/2026-22:19:18] [I] Average on 1 runs - GPU latency: 6.75244 ms - Host latency: 6.81201 ms (enqueue 2.09375 ms)
[10/04/2026-22:19:18] [I] Average on 1 runs - GPU latency: 6.75293 ms - Host latency: 6.81592 ms (enqueue 2.04785 ms)
[10/04/2026-22:19:18] [I] Average on 1 runs - GPU latency: 6.74414 ms - Host latency: 6.8042 ms (enqueue 2.11133 ms)
[10/04/2026-22:19:18] [I] Average on 1 runs - GPU latency: 6.75 ms - Host latency: 6.80957 ms (enqueue 2.04883 ms)
[10/04/2026-22:19:18] [I] Average on 1 runs - GPU latency: 6.75732 ms - Host latency: 6.81934 ms (enqueue 2.09863 ms)
[10/04/2026-22:19:18] [I] Average on 1 runs - GPU latency: 6.75732 ms - Host latency: 6.81982 ms (enqueue 2.06836 ms)
[10/04/2026-22:19:18] [I] Average on 1 runs - GPU latency: 6.74658 ms - Host latency: 6.80908 ms (enqueue 2.08691 ms)
[10/04/2026-22:19:18] [I] Average on 1 runs - GPU latency: 6.75488 ms - Host latency: 6.81494 ms (enqueue 2.05615 ms)
[10/04/2026-22:19:18] [I] Average on 1 runs - GPU latency: 6.75928 ms - Host latency: 6.8291 ms (enqueue 2.05518 ms)
[10/04/2026-22:19:18] [I] Average on 1 runs - GPU latency: 6.75 ms - Host latency: 6.80908 ms (enqueue 2.09961 ms)
[10/04/2026-22:19:18] [I] Average on 1 runs - GPU latency: 6.74512 ms - Host latency: 6.80469 ms (enqueue 2.05371 ms)
[10/04/2026-22:19:18] [I] Average on 1 runs - GPU latency: 6.75977 ms - Host latency: 6.81934 ms (enqueue 2.11133 ms)
[10/04/2026-22:19:18] [I] Average on 1 runs - GPU latency: 6.75146 ms - Host latency: 6.81543 ms (enqueue 2.06836 ms)
[10/04/2026-22:19:18] [I] Average on 1 runs - GPU latency: 6.74854 ms - Host latency: 6.80957 ms (enqueue 2.08643 ms)
[10/04/2026-22:19:18] [I] Average on 1 runs - GPU latency: 6.75586 ms - Host latency: 6.82178 ms (enqueue 2.11279 ms)
[10/04/2026-22:19:18] [I] Average on 1 runs - GPU latency: 6.7417 ms - Host latency: 6.80664 ms (enqueue 2.13135 ms)
[10/04/2026-22:19:18] [I] Average on 1 runs - GPU latency: 6.74902 ms - Host latency: 6.81006 ms (enqueue 2.05469 ms)
[10/04/2026-22:19:18] [I] ... Omitting 1071 lines
[10/04/2026-22:19:18] [I] Average on 1 runs - GPU latency: 6.74512 ms - Host latency: 6.81152 ms (enqueue 2.05273 ms)
[10/04/2026-22:19:18] [I] Average on 1 runs - GPU latency: 6.75195 ms - Host latency: 6.81152 ms (enqueue 2.05176 ms)
[10/04/2026-22:19:18] [I] Average on 1 runs - GPU latency: 6.75586 ms - Host latency: 6.81641 ms (enqueue 2.08789 ms)
[10/04/2026-22:19:18] [I] Average on 1 runs - GPU latency: 6.75 ms - Host latency: 6.81055 ms (enqueue 2.03613 ms)
[10/04/2026-22:19:18] [I] Average on 1 runs - GPU latency: 6.74121 ms - Host latency: 6.80176 ms (enqueue 2.17383 ms)
[10/04/2026-22:19:18] [I] Average on 1 runs - GPU latency: 6.74902 ms - Host latency: 6.81055 ms (enqueue 2.06641 ms)
[10/04/2026-22:19:18] [I] Average on 1 runs - GPU latency: 6.76172 ms - Host latency: 6.82129 ms (enqueue 2.09082 ms)
[10/04/2026-22:19:18] [I] Average on 1 runs - GPU latency: 6.76367 ms - Host latency: 6.83398 ms (enqueue 2.31055 ms)
[10/04/2026-22:19:18] [I] Average on 1 runs - GPU latency: 6.75879 ms - Host latency: 6.83789 ms (enqueue 2.1543 ms)
[10/04/2026-22:19:18] [I] Average on 1 runs - GPU latency: 6.75586 ms - Host latency: 6.82715 ms (enqueue 2.60938 ms)
[10/04/2026-22:19:18] [I] Average on 1 runs - GPU latency: 6.74707 ms - Host latency: 6.8125 ms (enqueue 2.1709 ms)
[10/04/2026-22:19:18] [I] Average on 1 runs - GPU latency: 6.74219 ms - Host latency: 6.80664 ms (enqueue 2.1748 ms)
[10/04/2026-22:19:18] [I] Average on 1 runs - GPU latency: 6.74805 ms - Host latency: 6.81055 ms (enqueue 2.0791 ms)
[10/04/2026-22:19:18] [I] Average on 1 runs - GPU latency: 6.75879 ms - Host latency: 6.81934 ms (enqueue 2.27734 ms)
[10/04/2026-22:19:18] [I] Average on 1 runs - GPU latency: 6.75684 ms - Host latency: 6.82617 ms (enqueue 2.17383 ms)
[10/04/2026-22:19:18] [I] Average on 1 runs - GPU latency: 6.74902 ms - Host latency: 6.81152 ms (enqueue 2.06445 ms)
[10/04/2026-22:19:18] [I] Average on 1 runs - GPU latency: 6.74609 ms - Host latency: 6.80664 ms (enqueue 2.07812 ms)
[10/04/2026-22:19:18] [I] Average on 1 runs - GPU latency: 6.75586 ms - Host latency: 6.81836 ms (enqueue 2.05469 ms)
[10/04/2026-22:19:18] [I] Average on 1 runs - GPU latency: 6.74023 ms - Host latency: 6.80078 ms (enqueue 2.09277 ms)
[10/04/2026-22:19:18] [I] Average on 1 runs - GPU latency: 6.74414 ms - Host latency: 6.80566 ms (enqueue 2.06445 ms)
[10/04/2026-22:19:18] [I] Average on 1 runs - GPU latency: 6.74805 ms - Host latency: 6.80859 ms (enqueue 2.0957 ms)
[10/04/2026-22:19:18] [I] Average on 1 runs - GPU latency: 6.73926 ms - Host latency: 6.79883 ms (enqueue 2.04785 ms)
[10/04/2026-22:19:18] [I] Average on 1 runs - GPU latency: 6.74512 ms - Host latency: 6.80469 ms (enqueue 2.07812 ms)
[10/04/2026-22:19:18] [I] Average on 1 runs - GPU latency: 6.74414 ms - Host latency: 6.80469 ms (enqueue 2.08105 ms)
[10/04/2026-22:19:18] [I] Average on 1 runs - GPU latency: 6.74414 ms - Host latency: 6.80469 ms (enqueue 2.04785 ms)
[10/04/2026-22:19:18] [I] Average on 1 runs - GPU latency: 6.74414 ms - Host latency: 6.80371 ms (enqueue 2.10938 ms)
[10/04/2026-22:19:18] [I] Average on 1 runs - GPU latency: 6.75293 ms - Host latency: 6.81348 ms (enqueue 2.0459 ms)
[10/04/2026-22:19:18] [I] Average on 1 runs - GPU latency: 6.74902 ms - Host latency: 6.80762 ms (enqueue 2.08789 ms)
[10/04/2026-22:19:18] [I] Average on 1 runs - GPU latency: 6.75195 ms - Host latency: 6.8125 ms (enqueue 2.04883 ms)
[10/04/2026-22:19:18] [I] Average on 1 runs - GPU latency: 6.7334 ms - Host latency: 6.79395 ms (enqueue 2.0752 ms)
[10/04/2026-22:19:18] [I] Average on 1 runs - GPU latency: 6.74805 ms - Host latency: 6.80762 ms (enqueue 2.04688 ms)
[10/04/2026-22:19:18] [I] Average on 1 runs - GPU latency: 6.75 ms - Host latency: 6.81543 ms (enqueue 2.09375 ms)
[10/04/2026-22:19:18] [I] Average on 1 runs - GPU latency: 6.74902 ms - Host latency: 6.80957 ms (enqueue 2.02051 ms)
[10/04/2026-22:19:18] [I] Average on 1 runs - GPU latency: 6.75391 ms - Host latency: 6.81445 ms (enqueue 2.05469 ms)
[10/04/2026-22:19:18] [I] Average on 1 runs - GPU latency: 6.74805 ms - Host latency: 6.80957 ms (enqueue 2.0752 ms)
[10/04/2026-22:19:18] [I] Average on 1 runs - GPU latency: 6.75 ms - Host latency: 6.80859 ms (enqueue 2.03809 ms)
[10/04/2026-22:19:18] [I] Average on 1 runs - GPU latency: 6.74805 ms - Host latency: 6.80762 ms (enqueue 2.06445 ms)
[10/04/2026-22:19:18] [I] Average on 1 runs - GPU latency: 6.74121 ms - Host latency: 6.80078 ms (enqueue 2.03516 ms)
[10/04/2026-22:19:18] [I] Average on 1 runs - GPU latency: 6.75098 ms - Host latency: 6.81055 ms (enqueue 2.07617 ms)
[10/04/2026-22:19:18] [I] Average on 1 runs - GPU latency: 6.74512 ms - Host latency: 6.80664 ms (enqueue 2.0332 ms)
[10/04/2026-22:19:18] [I] Average on 1 runs - GPU latency: 6.75195 ms - Host latency: 6.81445 ms (enqueue 2.10547 ms)
[10/04/2026-22:19:18] [I] Average on 1 runs - GPU latency: 6.75 ms - Host latency: 6.81836 ms (enqueue 2.03906 ms)
[10/04/2026-22:19:18] [I] Average on 1 runs - GPU latency: 6.74609 ms - Host latency: 6.80664 ms (enqueue 2.07617 ms)
[10/04/2026-22:19:18] [I] Average on 1 runs - GPU latency: 6.74609 ms - Host latency: 6.81055 ms (enqueue 2.04102 ms)
[10/04/2026-22:19:18] [I] Average on 1 runs - GPU latency: 6.76367 ms - Host latency: 6.83008 ms (enqueue 2.08398 ms)
[10/04/2026-22:19:18] [I] Average on 1 runs - GPU latency: 6.75195 ms - Host latency: 6.81641 ms (enqueue 2.07812 ms)
[10/04/2026-22:19:18] [I] Average on 1 runs - GPU latency: 6.75 ms - Host latency: 6.81055 ms (enqueue 2.04102 ms)
[10/04/2026-22:19:18] [I] Average on 1 runs - GPU latency: 6.74609 ms - Host latency: 6.80469 ms (enqueue 2.08594 ms)
[10/04/2026-22:19:18] [I] Average on 1 runs - GPU latency: 6.75195 ms - Host latency: 6.8125 ms (enqueue 2.0293 ms)
[10/04/2026-22:19:18] [I] Average on 1 runs - GPU latency: 6.74805 ms - Host latency: 6.8125 ms (enqueue 2.11719 ms)
[10/04/2026-22:19:18] [I] Average on 1 runs - GPU latency: 6.75 ms - Host latency: 6.81445 ms (enqueue 2.05859 ms)
[10/04/2026-22:19:18] [I] Average on 1 runs - GPU latency: 6.73633 ms - Host latency: 6.79688 ms (enqueue 2.08594 ms)
[10/04/2026-22:19:18] [I] Average on 1 runs - GPU latency: 6.74805 ms - Host latency: 6.81055 ms (enqueue 2.05859 ms)
[10/04/2026-22:19:18] [I] Average on 1 runs - GPU latency: 6.75391 ms - Host latency: 6.8125 ms (enqueue 2.08203 ms)
[10/04/2026-22:19:18] [I] Average on 1 runs - GPU latency: 6.74414 ms - Host latency: 6.80859 ms (enqueue 2.05664 ms)
[10/04/2026-22:19:18] [I] Average on 1 runs - GPU latency: 6.74414 ms - Host latency: 6.8125 ms (enqueue 2.04883 ms)
[10/04/2026-22:19:18] [I] Average on 1 runs - GPU latency: 6.75 ms - Host latency: 6.81055 ms (enqueue 2.11133 ms)
[10/04/2026-22:19:18] [I] Average on 1 runs - GPU latency: 6.75391 ms - Host latency: 6.81445 ms (enqueue 2.05664 ms)
[10/04/2026-22:19:18] [I] Average on 1 runs - GPU latency: 6.75586 ms - Host latency: 6.81641 ms (enqueue 2.2168 ms)
[10/04/2026-22:19:18] [I] Average on 1 runs - GPU latency: 6.75781 ms - Host latency: 6.82031 ms (enqueue 2.05469 ms)
[10/04/2026-22:19:18] [I] Average on 1 runs - GPU latency: 6.77148 ms - Host latency: 6.83984 ms (enqueue 2.42969 ms)
[10/04/2026-22:19:18] [I] Average on 1 runs - GPU latency: 6.75 ms - Host latency: 6.81641 ms (enqueue 2.23047 ms)
[10/04/2026-22:19:18] [I] Average on 1 runs - GPU latency: 6.77539 ms - Host latency: 6.84375 ms (enqueue 2.30273 ms)
[10/04/2026-22:19:18] [I] Average on 1 runs - GPU latency: 6.75586 ms - Host latency: 6.82227 ms (enqueue 2.25977 ms)
[10/04/2026-22:19:18] [I] Average on 1 runs - GPU latency: 6.75391 ms - Host latency: 6.81641 ms (enqueue 2.12109 ms)
[10/04/2026-22:19:18] [I] Average on 1 runs - GPU latency: 6.75195 ms - Host latency: 6.81445 ms (enqueue 2.14062 ms)
[10/04/2026-22:19:18] [I] Average on 1 runs - GPU latency: 6.74609 ms - Host latency: 6.80859 ms (enqueue 2.01758 ms)
[10/04/2026-22:19:18] [I] Average on 1 runs - GPU latency: 6.74805 ms - Host latency: 6.80859 ms (enqueue 2.04492 ms)
[10/04/2026-22:19:18] [I] Average on 1 runs - GPU latency: 6.74805 ms - Host latency: 6.80664 ms (enqueue 2.03516 ms)
[10/04/2026-22:19:18] [I] Average on 1 runs - GPU latency: 6.74609 ms - Host latency: 6.81055 ms (enqueue 2.04102 ms)
[10/04/2026-22:19:18] [I] Average on 1 runs - GPU latency: 6.74414 ms - Host latency: 6.80469 ms (enqueue 2.05859 ms)
[10/04/2026-22:19:18] [I] Average on 1 runs - GPU latency: 6.75586 ms - Host latency: 6.81641 ms (enqueue 2.02539 ms)
[10/04/2026-22:19:18] [I] Average on 1 runs - GPU latency: 6.75195 ms - Host latency: 6.81641 ms (enqueue 2.0332 ms)
[10/04/2026-22:19:18] [I] Average on 1 runs - GPU latency: 6.75391 ms - Host latency: 6.81445 ms (enqueue 2 ms)
[10/04/2026-22:19:18] [I] Average on 1 runs - GPU latency: 6.74805 ms - Host latency: 6.80664 ms (enqueue 2.06445 ms)
[10/04/2026-22:19:18] [I] Average on 1 runs - GPU latency: 6.75391 ms - Host latency: 6.81836 ms (enqueue 1.99609 ms)
[10/04/2026-22:19:18] [I] Average on 1 runs - GPU latency: 6.74023 ms - Host latency: 6.79688 ms (enqueue 2.05664 ms)
[10/04/2026-22:19:18] [I] Average on 1 runs - GPU latency: 6.74805 ms - Host latency: 6.81055 ms (enqueue 2.01562 ms)
[10/04/2026-22:19:18] [I] Average on 1 runs - GPU latency: 6.74219 ms - Host latency: 6.80664 ms (enqueue 2.03125 ms)
[10/04/2026-22:19:18] [I] Average on 1 runs - GPU latency: 6.75391 ms - Host latency: 6.81445 ms (enqueue 2.00391 ms)
[10/04/2026-22:19:18] [I] Average on 1 runs - GPU latency: 6.75 ms - Host latency: 6.81055 ms (enqueue 2.05859 ms)
[10/04/2026-22:19:18] [I] Average on 1 runs - GPU latency: 6.75391 ms - Host latency: 6.81836 ms (enqueue 2.01367 ms)
[10/04/2026-22:19:18] [I] Average on 1 runs - GPU latency: 6.75781 ms - Host latency: 6.82617 ms (enqueue 2.05273 ms)
[10/04/2026-22:19:18] [I] Average on 1 runs - GPU latency: 6.74609 ms - Host latency: 6.80664 ms (enqueue 2.05078 ms)
[10/04/2026-22:19:18] [I] Average on 1 runs - GPU latency: 6.75 ms - Host latency: 6.8125 ms (enqueue 2.00195 ms)
[10/04/2026-22:19:18] [I] Average on 1 runs - GPU latency: 6.75195 ms - Host latency: 6.8125 ms (enqueue 2.05273 ms)
[10/04/2026-22:19:18] [I] Average on 1 runs - GPU latency: 6.73438 ms - Host latency: 6.79492 ms (enqueue 2.00977 ms)
[10/04/2026-22:19:18] [I] Average on 1 runs - GPU latency: 6.75 ms - Host latency: 6.81445 ms (enqueue 2.03906 ms)
[10/04/2026-22:19:18] [I] Average on 1 runs - GPU latency: 6.74219 ms - Host latency: 6.80469 ms (enqueue 1.99609 ms)
[10/04/2026-22:19:18] [I] Average on 1 runs - GPU latency: 6.74609 ms - Host latency: 6.80859 ms (enqueue 2.04297 ms)
[10/04/2026-22:19:18] [I] Average on 1 runs - GPU latency: 6.75586 ms - Host latency: 6.82031 ms (enqueue 1.99219 ms)
[10/04/2026-22:19:18] [I] Average on 1 runs - GPU latency: 6.74609 ms - Host latency: 6.80859 ms (enqueue 2.04883 ms)
[10/04/2026-22:19:18] [I] Average on 1 runs - GPU latency: 6.74609 ms - Host latency: 6.80664 ms (enqueue 2.00977 ms)
[10/04/2026-22:19:18] [I] Average on 1 runs - GPU latency: 6.74805 ms - Host latency: 6.8125 ms (enqueue 2.03516 ms)
[10/04/2026-22:19:18] [I] Average on 1 runs - GPU latency: 6.75 ms - Host latency: 6.80859 ms (enqueue 1.99414 ms)
[10/04/2026-22:19:18] [I] Average on 1 runs - GPU latency: 6.75 ms - Host latency: 6.8125 ms (enqueue 2.06836 ms)
[10/04/2026-22:19:18] [I] Average on 1 runs - GPU latency: 6.74609 ms - Host latency: 6.81641 ms (enqueue 1.99023 ms)
[10/04/2026-22:19:18] [I] Average on 1 runs - GPU latency: 6.76172 ms - Host latency: 6.82227 ms (enqueue 2.00391 ms)
[10/04/2026-22:19:18] [I] Average on 1 runs - GPU latency: 6.75391 ms - Host latency: 6.8125 ms (enqueue 2.07422 ms)
[10/04/2026-22:19:18] [I] Average on 1 runs - GPU latency: 6.74023 ms - Host latency: 6.80273 ms (enqueue 2 ms)
[10/04/2026-22:19:18] [I] Average on 1 runs - GPU latency: 6.75 ms - Host latency: 6.8125 ms (enqueue 2.06055 ms)
[10/04/2026-22:19:18] [I] Average on 1 runs - GPU latency: 6.75586 ms - Host latency: 6.81836 ms (enqueue 2.02148 ms)
[10/04/2026-22:19:18] [I] Average on 1 runs - GPU latency: 6.74609 ms - Host latency: 6.81445 ms (enqueue 2.1543 ms)
[10/04/2026-22:19:18] [I] Average on 1 runs - GPU latency: 6.74805 ms - Host latency: 6.81055 ms (enqueue 2.0293 ms)
[10/04/2026-22:19:18] [I] Average on 1 runs - GPU latency: 6.75586 ms - Host latency: 6.81445 ms (enqueue 2.06836 ms)
[10/04/2026-22:19:18] [I] Average on 1 runs - GPU latency: 6.75195 ms - Host latency: 6.81445 ms (enqueue 2.01562 ms)
[10/04/2026-22:19:18] [I] Average on 1 runs - GPU latency: 6.74609 ms - Host latency: 6.80664 ms (enqueue 2.05469 ms)
[10/04/2026-22:19:18] [I] Average on 1 runs - GPU latency: 6.75 ms - Host latency: 6.81055 ms (enqueue 2.03125 ms)
[10/04/2026-22:19:18] [I] Average on 1 runs - GPU latency: 6.76367 ms - Host latency: 6.82227 ms (enqueue 2.05273 ms)
[10/04/2026-22:19:18] [I] Average on 1 runs - GPU latency: 6.75 ms - Host latency: 6.81055 ms (enqueue 2.06641 ms)
[10/04/2026-22:19:18] [I] Average on 1 runs - GPU latency: 6.74805 ms - Host latency: 6.80664 ms (enqueue 2.01562 ms)
[10/04/2026-22:19:18] [I] Average on 1 runs - GPU latency: 6.75586 ms - Host latency: 6.81445 ms (enqueue 2.06641 ms)
[10/04/2026-22:19:18] [I] Average on 1 runs - GPU latency: 6.74805 ms - Host latency: 6.81055 ms (enqueue 2.03711 ms)
[10/04/2026-22:19:18] [I] Average on 1 runs - GPU latency: 6.76562 ms - Host latency: 6.82422 ms (enqueue 2.14844 ms)
[10/04/2026-22:19:18] [I] Average on 1 runs - GPU latency: 6.75586 ms - Host latency: 6.82617 ms (enqueue 2.31445 ms)
[10/04/2026-22:19:18] [I] Average on 1 runs - GPU latency: 6.77734 ms - Host latency: 6.83984 ms (enqueue 2.2168 ms)
[10/04/2026-22:19:18] [I] Average on 1 runs - GPU latency: 6.75391 ms - Host latency: 6.81641 ms (enqueue 2.23438 ms)
[10/04/2026-22:19:18] [I] Average on 1 runs - GPU latency: 6.75391 ms - Host latency: 6.81641 ms (enqueue 2.11133 ms)
[10/04/2026-22:19:18] [I] Average on 1 runs - GPU latency: 6.75977 ms - Host latency: 6.82031 ms (enqueue 2.11328 ms)
[10/04/2026-22:19:18] [I] Average on 1 runs - GPU latency: 6.74414 ms - Host latency: 6.80469 ms (enqueue 2.05469 ms)
[10/04/2026-22:19:18] [I] Average on 1 runs - GPU latency: 6.75 ms - Host latency: 6.81055 ms (enqueue 2.10352 ms)
[10/04/2026-22:19:18] [I] Average on 1 runs - GPU latency: 6.75 ms - Host latency: 6.81055 ms (enqueue 2.04102 ms)
[10/04/2026-22:19:18] [I] Average on 1 runs - GPU latency: 6.75586 ms - Host latency: 6.81445 ms (enqueue 2.08008 ms)
[10/04/2026-22:19:18] [I] Average on 1 runs - GPU latency: 6.74219 ms - Host latency: 6.8125 ms (enqueue 2.04688 ms)
[10/04/2026-22:19:18] [I] Average on 1 runs - GPU latency: 6.75391 ms - Host latency: 6.8125 ms (enqueue 2.08203 ms)
[10/04/2026-22:19:18] [I] Average on 1 runs - GPU latency: 6.74023 ms - Host latency: 6.80273 ms (enqueue 2.04492 ms)
[10/04/2026-22:19:18] [I] Average on 1 runs - GPU latency: 6.75781 ms - Host latency: 6.81641 ms (enqueue 2.0332 ms)
[10/04/2026-22:19:18] [I] Average on 1 runs - GPU latency: 6.75586 ms - Host latency: 6.81641 ms (enqueue 2.06445 ms)
[10/04/2026-22:19:18] [I] Average on 1 runs - GPU latency: 6.75977 ms - Host latency: 6.81836 ms (enqueue 2.0332 ms)
[10/04/2026-22:19:18] [I] Average on 1 runs - GPU latency: 6.74219 ms - Host latency: 6.80859 ms (enqueue 2.09375 ms)
[10/04/2026-22:19:18] [I] Average on 1 runs - GPU latency: 6.74023 ms - Host latency: 6.80078 ms (enqueue 2.02734 ms)
[10/04/2026-22:19:18] [I] Average on 1 runs - GPU latency: 6.74609 ms - Host latency: 6.80664 ms (enqueue 2.08008 ms)
[10/04/2026-22:19:18] [I] Average on 1 runs - GPU latency: 6.75 ms - Host latency: 6.80859 ms (enqueue 2.02734 ms)
[10/04/2026-22:19:18] [I] Average on 1 runs - GPU latency: 6.75781 ms - Host latency: 6.82227 ms (enqueue 2.08789 ms)
[10/04/2026-22:19:18] [I] Average on 1 runs - GPU latency: 6.74609 ms - Host latency: 6.80664 ms (enqueue 2.04102 ms)
[10/04/2026-22:19:18] [I] Average on 1 runs - GPU latency: 6.75195 ms - Host latency: 6.8125 ms (enqueue 2.08008 ms)
[10/04/2026-22:19:18] [I] Average on 1 runs - GPU latency: 6.75391 ms - Host latency: 6.81445 ms (enqueue 2.04102 ms)
[10/04/2026-22:19:18] [I] Average on 1 runs - GPU latency: 6.74609 ms - Host latency: 6.80469 ms (enqueue 2.07227 ms)
[10/04/2026-22:19:18] [I] Average on 1 runs - GPU latency: 6.75586 ms - Host latency: 6.81641 ms (enqueue 2.08398 ms)
[10/04/2026-22:19:18] [I] Average on 1 runs - GPU latency: 6.75391 ms - Host latency: 6.81641 ms (enqueue 2.05078 ms)
[10/04/2026-22:19:18] [I] Average on 1 runs - GPU latency: 6.75 ms - Host latency: 6.81055 ms (enqueue 2.08008 ms)
[10/04/2026-22:19:18] [I] Average on 1 runs - GPU latency: 6.74023 ms - Host latency: 6.80078 ms (enqueue 2.05664 ms)
[10/04/2026-22:19:18] [I] Average on 1 runs - GPU latency: 6.74805 ms - Host latency: 6.81055 ms (enqueue 2.04102 ms)
[10/04/2026-22:19:18] [I] Average on 1 runs - GPU latency: 6.74805 ms - Host latency: 6.80859 ms (enqueue 2.00977 ms)
[10/04/2026-22:19:18] [I] Average on 1 runs - GPU latency: 6.74609 ms - Host latency: 6.80469 ms (enqueue 2.07227 ms)
[10/04/2026-22:19:18] [I] Average on 1 runs - GPU latency: 6.75195 ms - Host latency: 6.81445 ms (enqueue 2.01953 ms)
[10/04/2026-22:19:18] [I] Average on 1 runs - GPU latency: 6.75 ms - Host latency: 6.8125 ms (enqueue 2.06641 ms)
[10/04/2026-22:19:18] [I] Average on 1 runs - GPU latency: 6.74805 ms - Host latency: 6.81055 ms (enqueue 2.01758 ms)
[10/04/2026-22:19:18] [I] Average on 1 runs - GPU latency: 6.74805 ms - Host latency: 6.80859 ms (enqueue 2.08789 ms)
[10/04/2026-22:19:18] [I] Average on 1 runs - GPU latency: 6.74219 ms - Host latency: 6.80273 ms (enqueue 2.06836 ms)
[10/04/2026-22:19:18] [I] Average on 1 runs - GPU latency: 6.75391 ms - Host latency: 6.81445 ms (enqueue 2.02344 ms)
[10/04/2026-22:19:18] [I] Average on 1 runs - GPU latency: 6.75977 ms - Host latency: 6.82422 ms (enqueue 2.08008 ms)
[10/04/2026-22:19:18] [I] Average on 1 runs - GPU latency: 6.75391 ms - Host latency: 6.8125 ms (enqueue 2.0332 ms)
[10/04/2026-22:19:18] [I] Average on 1 runs - GPU latency: 6.74609 ms - Host latency: 6.80469 ms (enqueue 2.10742 ms)
[10/04/2026-22:19:18] [I] Average on 1 runs - GPU latency: 6.75781 ms - Host latency: 6.82031 ms (enqueue 2.04297 ms)
[10/04/2026-22:19:18] [I] Average on 1 runs - GPU latency: 6.76172 ms - Host latency: 6.82031 ms (enqueue 2.05859 ms)
[10/04/2026-22:19:18] [I] Average on 1 runs - GPU latency: 6.74805 ms - Host latency: 6.80859 ms (enqueue 2.03906 ms)
[10/04/2026-22:19:18] [I] Average on 1 runs - GPU latency: 6.74805 ms - Host latency: 6.81055 ms (enqueue 2.08398 ms)
[10/04/2026-22:19:18] [I] Average on 1 runs - GPU latency: 6.74805 ms - Host latency: 6.80664 ms (enqueue 2.02734 ms)
[10/04/2026-22:19:18] [I] Average on 1 runs - GPU latency: 6.75 ms - Host latency: 6.80859 ms (enqueue 2.07422 ms)
[10/04/2026-22:19:18] [I] Average on 1 runs - GPU latency: 6.74414 ms - Host latency: 6.80273 ms (enqueue 2.07617 ms)
[10/04/2026-22:19:18] [I] Average on 1 runs - GPU latency: 6.74414 ms - Host latency: 6.80469 ms (enqueue 2.03125 ms)
[10/04/2026-22:19:18] [I] Average on 1 runs - GPU latency: 6.75195 ms - Host latency: 6.81055 ms (enqueue 2.08789 ms)
[10/04/2026-22:19:18] [I] Average on 1 runs - GPU latency: 6.75781 ms - Host latency: 6.82422 ms (enqueue 2.14648 ms)
[10/04/2026-22:19:18] [I] Average on 1 runs - GPU latency: 6.75391 ms - Host latency: 6.82227 ms (enqueue 2.0957 ms)
[10/04/2026-22:19:18] [I] Average on 1 runs - GPU latency: 6.75391 ms - Host latency: 6.8125 ms (enqueue 2.0293 ms)
[10/04/2026-22:19:18] [I] Average on 1 runs - GPU latency: 6.75781 ms - Host latency: 6.81836 ms (enqueue 2.06641 ms)
[10/04/2026-22:19:18] [I] Average on 1 runs - GPU latency: 6.76758 ms - Host latency: 6.83984 ms (enqueue 2.35938 ms)
[10/04/2026-22:19:18] [I] Average on 1 runs - GPU latency: 6.75586 ms - Host latency: 6.82031 ms (enqueue 2.18164 ms)
[10/04/2026-22:19:18] [I] Average on 1 runs - GPU latency: 6.76172 ms - Host latency: 6.83203 ms (enqueue 2.42969 ms)
[10/04/2026-22:19:18] [I] Average on 1 runs - GPU latency: 6.76367 ms - Host latency: 6.82812 ms (enqueue 2.17188 ms)
[10/04/2026-22:19:18] [I] Average on 1 runs - GPU latency: 6.75 ms - Host latency: 6.81641 ms (enqueue 2.4043 ms)
[10/04/2026-22:19:18] [I] Average on 1 runs - GPU latency: 6.75195 ms - Host latency: 6.81445 ms (enqueue 2.0957 ms)
[10/04/2026-22:19:18] [I] Average on 1 runs - GPU latency: 6.75195 ms - Host latency: 6.8125 ms (enqueue 2.10156 ms)
[10/04/2026-22:19:18] [I] Average on 1 runs - GPU latency: 6.73633 ms - Host latency: 6.79688 ms (enqueue 2.11523 ms)
[10/04/2026-22:19:18] [I] Average on 1 runs - GPU latency: 6.74414 ms - Host latency: 6.80664 ms (enqueue 2.0625 ms)
[10/04/2026-22:19:18] [I] Average on 1 runs - GPU latency: 6.75586 ms - Host latency: 6.81641 ms (enqueue 2.13867 ms)
[10/04/2026-22:19:18] [I] Average on 1 runs - GPU latency: 6.74414 ms - Host latency: 6.80859 ms (enqueue 2.13477 ms)
[10/04/2026-22:19:18] [I] Average on 1 runs - GPU latency: 6.75781 ms - Host latency: 6.82812 ms (enqueue 2.12109 ms)
[10/04/2026-22:19:18] [I] Average on 1 runs - GPU latency: 6.74219 ms - Host latency: 6.80273 ms (enqueue 2.05859 ms)
[10/04/2026-22:19:18] [I] Average on 1 runs - GPU latency: 6.75195 ms - Host latency: 6.81445 ms (enqueue 2.10547 ms)
[10/04/2026-22:19:18] [I] Average on 1 runs - GPU latency: 6.73828 ms - Host latency: 6.80469 ms (enqueue 2.48438 ms)
[10/04/2026-22:19:18] [I] Average on 1 runs - GPU latency: 6.74414 ms - Host latency: 6.80273 ms (enqueue 2.0625 ms)
[10/04/2026-22:19:18] [I] Average on 1 runs - GPU latency: 6.74609 ms - Host latency: 6.81055 ms (enqueue 2.11133 ms)
[10/04/2026-22:19:18] [I] Average on 1 runs - GPU latency: 6.75195 ms - Host latency: 6.81445 ms (enqueue 2.06445 ms)
[10/04/2026-22:19:18] [I] Average on 1 runs - GPU latency: 6.74609 ms - Host latency: 6.80664 ms (enqueue 2.10352 ms)
[10/04/2026-22:19:18] [I] Average on 1 runs - GPU latency: 6.74609 ms - Host latency: 6.80664 ms (enqueue 2.0625 ms)
[10/04/2026-22:19:18] [I] Average on 1 runs - GPU latency: 6.74609 ms - Host latency: 6.80664 ms (enqueue 2.10742 ms)
[10/04/2026-22:19:18] [I] Average on 1 runs - GPU latency: 6.74414 ms - Host latency: 6.80469 ms (enqueue 2.05859 ms)
[10/04/2026-22:19:18] [I] Average on 1 runs - GPU latency: 6.74414 ms - Host latency: 6.80664 ms (enqueue 2.09961 ms)
[10/04/2026-22:19:18] [I] Average on 1 runs - GPU latency: 6.74023 ms - Host latency: 6.79883 ms (enqueue 2.0957 ms)
[10/04/2026-22:19:18] [I] Average on 1 runs - GPU latency: 6.74805 ms - Host latency: 6.8125 ms (enqueue 2.07227 ms)
[10/04/2026-22:19:18] [I] Average on 1 runs - GPU latency: 6.75195 ms - Host latency: 6.8125 ms (enqueue 2.10938 ms)
[10/04/2026-22:19:18] [I] Average on 1 runs - GPU latency: 6.75 ms - Host latency: 6.81055 ms (enqueue 2.04297 ms)
[10/04/2026-22:19:18] [I] Average on 1 runs - GPU latency: 6.74023 ms - Host latency: 6.80273 ms (enqueue 2.0918 ms)
[10/04/2026-22:19:18] [I] Average on 1 runs - GPU latency: 6.75 ms - Host latency: 6.81055 ms (enqueue 2.04492 ms)
[10/04/2026-22:19:18] [I] Average on 1 runs - GPU latency: 6.75977 ms - Host latency: 6.82031 ms (enqueue 2.0918 ms)
[10/04/2026-22:19:18] [I] Average on 1 runs - GPU latency: 6.75195 ms - Host latency: 6.81055 ms (enqueue 2.03906 ms)
[10/04/2026-22:19:18] [I] Average on 1 runs - GPU latency: 6.75781 ms - Host latency: 6.81836 ms (enqueue 2.09375 ms)
[10/04/2026-22:19:18] [I] Average on 1 runs - GPU latency: 6.74023 ms - Host latency: 6.79883 ms (enqueue 2.04883 ms)
[10/04/2026-22:19:18] [I] Average on 1 runs - GPU latency: 6.74609 ms - Host latency: 6.81055 ms (enqueue 2.10742 ms)
[10/04/2026-22:19:18] [I] 
[10/04/2026-22:19:18] [I] === Performance summary ===
[10/04/2026-22:19:18] [I] Throughput: 97.8976 qps
[10/04/2026-22:19:18] [I] Latency: min = 6.7915 ms, max = 6.93286 ms, mean = 6.81415 ms, median = 6.8125 ms, percentile(90%) = 6.82422 ms, percentile(95%) = 6.83008 ms, percentile(99%) = 6.84375 ms
[10/04/2026-22:19:18] [I] Enqueue Time: min = 1.9751 ms, max = 2.61719 ms, mean = 2.09337 ms, median = 2.07227 ms, percentile(90%) = 2.20361 ms, percentile(95%) = 2.27734 ms, percentile(99%) = 2.42188 ms
[10/04/2026-22:19:18] [I] H2D Latency: min = 0.0546875 ms, max = 0.147949 ms, mean = 0.0583929 ms, median = 0.0571289 ms, percentile(90%) = 0.0620117 ms, percentile(95%) = 0.0654297 ms, percentile(99%) = 0.0693359 ms
[10/04/2026-22:19:18] [I] GPU Compute Time: min = 6.73145 ms, max = 6.79395 ms, mean = 6.75183 ms, median = 6.75098 ms, percentile(90%) = 6.76074 ms, percentile(95%) = 6.76465 ms, percentile(99%) = 6.77441 ms
[10/04/2026-22:19:18] [I] D2H Latency: min = 0.00195312 ms, max = 0.00610352 ms, mean = 0.0039343 ms, median = 0.00390625 ms, percentile(90%) = 0.00439453 ms, percentile(95%) = 0.00488281 ms, percentile(99%) = 0.00585938 ms
[10/04/2026-22:19:18] [I] Total Host Walltime: 15.0259 s
[10/04/2026-22:19:18] [I] Total GPU Compute Time: 9.93194 s
[10/04/2026-22:19:18] [I] Explanations of the performance metrics are printed in the verbose logs.
[10/04/2026-22:19:18] [I] 
&&&& PASSED TensorRT.trtexec [TensorRT v100300] # /usr/src/tensorrt/bin/trtexec --loadEngine=/tmp/engines/y26s_640_uint8_opt3.engine --warmUp=3000 --duration=15 --idleTime=8 --avgRuns=1
