&&&& RUNNING TensorRT.trtexec [TensorRT v100300] # /usr/src/tensorrt/bin/trtexec --loadEngine=/tmp/yolo26n_84172_uint8_fp16_opt3.engine --warmUp=3000 --duration=15 --idleTime=0 --avgRuns=1
[10/06/2026-14:10:59] [I] === Model Options ===
[10/06/2026-14:10:59] [I] Format: *
[10/06/2026-14:10:59] [I] Model: 
[10/06/2026-14:10:59] [I] Output:
[10/06/2026-14:10:59] [I] 
[10/06/2026-14:10:59] [I] === System Options ===
[10/06/2026-14:10:59] [I] Device: 0
[10/06/2026-14:10:59] [I] DLACore: 
[10/06/2026-14:10:59] [I] Plugins:
[10/06/2026-14:10:59] [I] setPluginsToSerialize:
[10/06/2026-14:10:59] [I] dynamicPlugins:
[10/06/2026-14:10:59] [I] ignoreParsedPluginLibs: 0
[10/06/2026-14:10:59] [I] 
[10/06/2026-14:10:59] [I] === Inference Options ===
[10/06/2026-14:10:59] [I] Batch: Explicit
[10/06/2026-14:10:59] [I] Input inference shapes: model
[10/06/2026-14:10:59] [I] Iterations: 10
[10/06/2026-14:10:59] [I] Duration: 15s (+ 3000ms warm up)
[10/06/2026-14:10:59] [I] Sleep time: 0ms
[10/06/2026-14:10:59] [I] Idle time: 0ms
[10/06/2026-14:10:59] [I] Inference Streams: 1
[10/06/2026-14:10:59] [I] ExposeDMA: Disabled
[10/06/2026-14:10:59] [I] Data transfers: Enabled
[10/06/2026-14:10:59] [I] Spin-wait: Disabled
[10/06/2026-14:10:59] [I] Multithreading: Disabled
[10/06/2026-14:10:59] [I] CUDA Graph: Disabled
[10/06/2026-14:10:59] [I] Separate profiling: Disabled
[10/06/2026-14:10:59] [I] Time Deserialize: Disabled
[10/06/2026-14:10:59] [I] Time Refit: Disabled
[10/06/2026-14:10:59] [I] NVTX verbosity: 0
[10/06/2026-14:10:59] [I] Persistent Cache Ratio: 0
[10/06/2026-14:10:59] [I] Optimization Profile Index: 0
[10/06/2026-14:10:59] [I] Weight Streaming Budget: 100.000000%
[10/06/2026-14:10:59] [I] Inputs:
[10/06/2026-14:10:59] [I] Debug Tensor Save Destinations:
[10/06/2026-14:10:59] [I] === Reporting Options ===
[10/06/2026-14:10:59] [I] Verbose: Disabled
[10/06/2026-14:10:59] [I] Averages: 1 inferences
[10/06/2026-14:10:59] [I] Percentiles: 90,95,99
[10/06/2026-14:10:59] [I] Dump refittable layers:Disabled
[10/06/2026-14:10:59] [I] Dump output: Disabled
[10/06/2026-14:10:59] [I] Profile: Disabled
[10/06/2026-14:10:59] [I] Export timing to JSON file: 
[10/06/2026-14:10:59] [I] Export output to JSON file: 
[10/06/2026-14:10:59] [I] Export profile to JSON file: 
[10/06/2026-14:10:59] [I] 
[10/06/2026-14:10:59] [I] === Device Information ===
[10/06/2026-14:10:59] [I] Available Devices: 
[10/06/2026-14:10:59] [I]   Device 0: "Orin" UUID: GPU-6e16c2c1-e394-5324-8f2e-63a975968f4e
[10/06/2026-14:10:59] [I] Selected Device: Orin
[10/06/2026-14:10:59] [I] Selected Device ID: 0
[10/06/2026-14:10:59] [I] Selected Device UUID: GPU-6e16c2c1-e394-5324-8f2e-63a975968f4e
[10/06/2026-14:10:59] [I] Compute Capability: 8.7
[10/06/2026-14:10:59] [I] SMs: 8
[10/06/2026-14:10:59] [I] Device Global Memory: 7607 MiB
[10/06/2026-14:10:59] [I] Shared Memory per SM: 164 KiB
[10/06/2026-14:10:59] [I] Memory Bus Width: 128 bits (ECC disabled)
[10/06/2026-14:10:59] [I] Application Compute Clock Rate: 1.02 GHz
[10/06/2026-14:10:59] [I] Application Memory Clock Rate: 0.816 GHz
[10/06/2026-14:10:59] [I] 
[10/06/2026-14:10:59] [I] Note: The application clock rates do not reflect the actual clock rates that the GPU is currently running at.
[10/06/2026-14:10:59] [I] 
[10/06/2026-14:10:59] [I] TensorRT version: 10.3.0
[10/06/2026-14:10:59] [I] Loading standard plugins
[10/06/2026-14:10:59] [I] [TRT] Loaded engine size: 7 MiB
[10/06/2026-14:10:59] [I] Engine deserialized in 0.0606402 sec.
[10/06/2026-14:10:59] [I] [TRT] [MemUsageChange] TensorRT-managed allocation in IExecutionContext creation: CPU +0, GPU +12, now: CPU 0, GPU 16 (MiB)
[10/06/2026-14:10:59] [I] Setting persistentCacheLimit to 0 bytes.
[10/06/2026-14:10:59] [I] Created execution context with device memory size: 12.207 MiB
[10/06/2026-14:10:59] [I] Using random values for input images
[10/06/2026-14:10:59] [I] Input binding for images with dimensions 1x640x640x3 is created.
[10/06/2026-14:10:59] [I] Output binding for output0 with dimensions 1x300x6 is created.
[10/06/2026-14:10:59] [I] Starting inference
[10/06/2026-14:11:17] [I] Warmup completed 576 queries over 3000 ms
[10/06/2026-14:11:17] [I] Timing trace has 2980 queries over 15.0146 s
[10/06/2026-14:11:17] [I] 
[10/06/2026-14:11:17] [I] === Trace details ===
[10/06/2026-14:11:17] [I] Trace averages of 1 runs:
[10/06/2026-14:11:17] [I] Average on 1 runs - GPU latency: 5.04199 ms - Host latency: 5.17407 ms (enqueue 3.58276 ms)
[10/06/2026-14:11:17] [I] Average on 1 runs - GPU latency: 5.04541 ms - Host latency: 5.18652 ms (enqueue 3.7998 ms)
[10/06/2026-14:11:17] [I] Average on 1 runs - GPU latency: 5.01123 ms - Host latency: 5.16528 ms (enqueue 3.57617 ms)
[10/06/2026-14:11:17] [I] Average on 1 runs - GPU latency: 5.04199 ms - Host latency: 5.18115 ms (enqueue 3.51172 ms)
[10/06/2026-14:11:17] [I] Average on 1 runs - GPU latency: 5.04102 ms - Host latency: 5.17114 ms (enqueue 3.55737 ms)
[10/06/2026-14:11:17] [I] Average on 1 runs - GPU latency: 5.03149 ms - Host latency: 5.16455 ms (enqueue 3.61694 ms)
[10/06/2026-14:11:17] [I] Average on 1 runs - GPU latency: 5.0332 ms - Host latency: 5.16943 ms (enqueue 3.54834 ms)
[10/06/2026-14:11:17] [I] Average on 1 runs - GPU latency: 5.03589 ms - Host latency: 5.16748 ms (enqueue 3.54077 ms)
[10/06/2026-14:11:17] [I] Average on 1 runs - GPU latency: 5.04102 ms - Host latency: 5.17749 ms (enqueue 3.75317 ms)
[10/06/2026-14:11:17] [I] Average on 1 runs - GPU latency: 5.05151 ms - Host latency: 5.19263 ms (enqueue 3.55176 ms)
[10/06/2026-14:11:17] [I] Average on 1 runs - GPU latency: 5.04199 ms - Host latency: 5.18481 ms (enqueue 3.61572 ms)
[10/06/2026-14:11:17] [I] Average on 1 runs - GPU latency: 5.03979 ms - Host latency: 5.18555 ms (enqueue 3.52246 ms)
[10/06/2026-14:11:17] [I] Average on 1 runs - GPU latency: 4.99829 ms - Host latency: 5.14502 ms (enqueue 3.83789 ms)
[10/06/2026-14:11:17] [I] Average on 1 runs - GPU latency: 5.0166 ms - Host latency: 5.14697 ms (enqueue 3.58105 ms)
[10/06/2026-14:11:17] [I] Average on 1 runs - GPU latency: 5.03174 ms - Host latency: 5.17212 ms (enqueue 3.50732 ms)
[10/06/2026-14:11:17] [I] Average on 1 runs - GPU latency: 5.04736 ms - Host latency: 5.17432 ms (enqueue 3.58447 ms)
[10/06/2026-14:11:17] [I] Average on 1 runs - GPU latency: 5.03662 ms - Host latency: 5.177 ms (enqueue 3.80737 ms)
[10/06/2026-14:11:17] [I] Average on 1 runs - GPU latency: 5.03442 ms - Host latency: 5.18604 ms (enqueue 3.56738 ms)
[10/06/2026-14:11:17] [I] Average on 1 runs - GPU latency: 5.03564 ms - Host latency: 5.16504 ms (enqueue 3.52881 ms)
[10/06/2026-14:11:17] [I] Average on 1 runs - GPU latency: 5.03467 ms - Host latency: 5.16772 ms (enqueue 3.54785 ms)
[10/06/2026-14:11:17] [I] Average on 1 runs - GPU latency: 5.03418 ms - Host latency: 5.17627 ms (enqueue 3.85742 ms)
[10/06/2026-14:11:17] [I] Average on 1 runs - GPU latency: 5.03564 ms - Host latency: 5.15869 ms (enqueue 3.52686 ms)
[10/06/2026-14:11:17] [I] Average on 1 runs - GPU latency: 4.98853 ms - Host latency: 5.12207 ms (enqueue 3.51758 ms)
[10/06/2026-14:11:17] [I] Average on 1 runs - GPU latency: 5.03687 ms - Host latency: 5.16528 ms (enqueue 3.52515 ms)
[10/06/2026-14:11:17] [I] Average on 1 runs - GPU latency: 5.04614 ms - Host latency: 5.20825 ms (enqueue 3.80249 ms)
[10/06/2026-14:11:17] [I] Average on 1 runs - GPU latency: 5.04248 ms - Host latency: 5.18115 ms (enqueue 3.59448 ms)
[10/06/2026-14:11:17] [I] Average on 1 runs - GPU latency: 5.03979 ms - Host latency: 5.16846 ms (enqueue 3.54785 ms)
[10/06/2026-14:11:17] [I] Average on 1 runs - GPU latency: 5.03223 ms - Host latency: 5.15771 ms (enqueue 3.50903 ms)
[10/06/2026-14:11:17] [I] Average on 1 runs - GPU latency: 5.04175 ms - Host latency: 5.17603 ms (enqueue 3.7356 ms)
[10/06/2026-14:11:17] [I] Average on 1 runs - GPU latency: 5.03516 ms - Host latency: 5.1687 ms (enqueue 3.53394 ms)
[10/06/2026-14:11:17] [I] Average on 1 runs - GPU latency: 5.03979 ms - Host latency: 5.17285 ms (enqueue 3.53857 ms)
[10/06/2026-14:11:17] [I] Average on 1 runs - GPU latency: 5.03589 ms - Host latency: 5.15356 ms (enqueue 3.53638 ms)
[10/06/2026-14:11:17] [I] Average on 1 runs - GPU latency: 5.00854 ms - Host latency: 5.14429 ms (enqueue 3.55029 ms)
[10/06/2026-14:11:17] [I] Average on 1 runs - GPU latency: 5.02881 ms - Host latency: 5.15649 ms (enqueue 3.56396 ms)
[10/06/2026-14:11:17] [I] Average on 1 runs - GPU latency: 5.03174 ms - Host latency: 5.15308 ms (enqueue 3.52954 ms)
[10/06/2026-14:11:17] [I] Average on 1 runs - GPU latency: 5.03345 ms - Host latency: 5.15063 ms (enqueue 3.74365 ms)
[10/06/2026-14:11:17] [I] Average on 1 runs - GPU latency: 5.03906 ms - Host latency: 5.17065 ms (enqueue 3.51318 ms)
[10/06/2026-14:11:17] [I] Average on 1 runs - GPU latency: 5.04028 ms - Host latency: 5.18042 ms (enqueue 3.56348 ms)
[10/06/2026-14:11:17] [I] Average on 1 runs - GPU latency: 5.03491 ms - Host latency: 5.18994 ms (enqueue 3.53003 ms)
[10/06/2026-14:11:17] [I] Average on 1 runs - GPU latency: 5.0332 ms - Host latency: 5.17188 ms (enqueue 3.80469 ms)
[10/06/2026-14:11:17] [I] Average on 1 runs - GPU latency: 5.03857 ms - Host latency: 5.17676 ms (enqueue 3.61865 ms)
[10/06/2026-14:11:17] [I] Average on 1 runs - GPU latency: 5.03516 ms - Host latency: 5.16431 ms (enqueue 3.52271 ms)
[10/06/2026-14:11:17] [I] Average on 1 runs - GPU latency: 4.99707 ms - Host latency: 5.13062 ms (enqueue 3.56738 ms)
[10/06/2026-14:11:17] [I] Average on 1 runs - GPU latency: 5.03345 ms - Host latency: 5.17065 ms (enqueue 3.77271 ms)
[10/06/2026-14:11:17] [I] Average on 1 runs - GPU latency: 5.04346 ms - Host latency: 5.16528 ms (enqueue 3.59814 ms)
[10/06/2026-14:11:17] [I] Average on 1 runs - GPU latency: 5.03662 ms - Host latency: 5.16968 ms (enqueue 3.5354 ms)
[10/06/2026-14:11:17] [I] Average on 1 runs - GPU latency: 5.03467 ms - Host latency: 5.16797 ms (enqueue 3.52466 ms)
[10/06/2026-14:11:17] [I] Average on 1 runs - GPU latency: 5.04028 ms - Host latency: 5.17554 ms (enqueue 3.81934 ms)
[10/06/2026-14:11:17] [I] Average on 1 runs - GPU latency: 5.0271 ms - Host latency: 5.15552 ms (enqueue 3.57031 ms)
[10/06/2026-14:11:17] [I] Average on 1 runs - GPU latency: 5.04126 ms - Host latency: 5.16455 ms (enqueue 3.61523 ms)
[10/06/2026-14:11:17] [I] Average on 1 runs - GPU latency: 5.02954 ms - Host latency: 5.16431 ms (enqueue 3.54663 ms)
[10/06/2026-14:11:17] [I] Average on 1 runs - GPU latency: 5.0376 ms - Host latency: 5.16528 ms (enqueue 3.81152 ms)
[10/06/2026-14:11:17] [I] Average on 1 runs - GPU latency: 4.98047 ms - Host latency: 5.10596 ms (enqueue 3.58643 ms)
[10/06/2026-14:11:17] [I] Average on 1 runs - GPU latency: 5.0249 ms - Host latency: 5.16187 ms (enqueue 3.56055 ms)
[10/06/2026-14:11:17] [I] Average on 1 runs - GPU latency: 5.04297 ms - Host latency: 5.16577 ms (enqueue 3.53955 ms)
[10/06/2026-14:11:17] [I] Average on 1 runs - GPU latency: 5.03076 ms - Host latency: 5.17285 ms (enqueue 3.7998 ms)
[10/06/2026-14:11:17] [I] Average on 1 runs - GPU latency: 5.03394 ms - Host latency: 5.15039 ms (enqueue 3.53174 ms)
[10/06/2026-14:11:17] [I] Average on 1 runs - GPU latency: 5.03076 ms - Host latency: 5.16113 ms (enqueue 3.51245 ms)
[10/06/2026-14:11:17] [I] Average on 1 runs - GPU latency: 5.04077 ms - Host latency: 5.16064 ms (enqueue 3.5127 ms)
[10/06/2026-14:11:17] [I] Average on 1 runs - GPU latency: 5.03418 ms - Host latency: 5.16211 ms (enqueue 3.81958 ms)
[10/06/2026-14:11:17] [I] Average on 1 runs - GPU latency: 5.03979 ms - Host latency: 5.1731 ms (enqueue 3.55273 ms)
[10/06/2026-14:11:17] [I] Average on 1 runs - GPU latency: 5.04321 ms - Host latency: 5.17651 ms (enqueue 3.55591 ms)
[10/06/2026-14:11:17] [I] Average on 1 runs - GPU latency: 4.97583 ms - Host latency: 5.12769 ms (enqueue 3.49561 ms)
[10/06/2026-14:11:17] [I] Average on 1 runs - GPU latency: 5.00854 ms - Host latency: 5.14258 ms (enqueue 3.75903 ms)
[10/06/2026-14:11:17] [I] Average on 1 runs - GPU latency: 5.0459 ms - Host latency: 5.16797 ms (enqueue 3.5647 ms)
[10/06/2026-14:11:17] [I] Average on 1 runs - GPU latency: 5.04419 ms - Host latency: 5.19629 ms (enqueue 3.58008 ms)
[10/06/2026-14:11:17] [I] Average on 1 runs - GPU latency: 5.0376 ms - Host latency: 5.17944 ms (enqueue 3.77173 ms)
[10/06/2026-14:11:17] [I] Average on 1 runs - GPU latency: 5.03076 ms - Host latency: 5.14355 ms (enqueue 3.53125 ms)
[10/06/2026-14:11:17] [I] Average on 1 runs - GPU latency: 5.03271 ms - Host latency: 5.15063 ms (enqueue 3.52417 ms)
[10/06/2026-14:11:17] [I] Average on 1 runs - GPU latency: 5.04175 ms - Host latency: 5.16675 ms (enqueue 3.54834 ms)
[10/06/2026-14:11:17] [I] Average on 1 runs - GPU latency: 5.02979 ms - Host latency: 5.15942 ms (enqueue 3.81543 ms)
[10/06/2026-14:11:17] [I] Average on 1 runs - GPU latency: 5.03198 ms - Host latency: 5.15649 ms (enqueue 3.55273 ms)
[10/06/2026-14:11:17] [I] Average on 1 runs - GPU latency: 4.97339 ms - Host latency: 5.09644 ms (enqueue 3.54395 ms)
[10/06/2026-14:11:17] [I] Average on 1 runs - GPU latency: 5.04492 ms - Host latency: 5.17041 ms (enqueue 3.47388 ms)
[10/06/2026-14:11:17] [I] Average on 1 runs - GPU latency: 5.03638 ms - Host latency: 5.17261 ms (enqueue 3.73315 ms)
[10/06/2026-14:11:17] [I] Average on 1 runs - GPU latency: 5.04053 ms - Host latency: 5.17261 ms (enqueue 3.62061 ms)
[10/06/2026-14:11:17] [I] Average on 1 runs - GPU latency: 5.03516 ms - Host latency: 5.17188 ms (enqueue 3.53467 ms)
[10/06/2026-14:11:17] [I] Average on 1 runs - GPU latency: 5.04077 ms - Host latency: 5.15991 ms (enqueue 3.53882 ms)
[10/06/2026-14:11:17] [I] Average on 1 runs - GPU latency: 5.04761 ms - Host latency: 5.18433 ms (enqueue 3.81641 ms)
[10/06/2026-14:11:17] [I] Average on 1 runs - GPU latency: 5.03345 ms - Host latency: 5.15674 ms (enqueue 3.61621 ms)
[10/06/2026-14:11:17] [I] Average on 1 runs - GPU latency: 5.0437 ms - Host latency: 5.17822 ms (enqueue 3.57422 ms)
[10/06/2026-14:11:17] [I] Average on 1 runs - GPU latency: 5.03857 ms - Host latency: 5.18066 ms (enqueue 3.53076 ms)
[10/06/2026-14:11:17] [I] Average on 1 runs - GPU latency: 5.0105 ms - Host latency: 5.13135 ms (enqueue 3.86621 ms)
[10/06/2026-14:11:17] [I] Average on 1 runs - GPU latency: 5.04272 ms - Host latency: 5.19116 ms (enqueue 3.54663 ms)
[10/06/2026-14:11:17] [I] Average on 1 runs - GPU latency: 5.03906 ms - Host latency: 5.16724 ms (enqueue 3.58887 ms)
[10/06/2026-14:11:17] [I] Average on 1 runs - GPU latency: 5.03979 ms - Host latency: 5.15479 ms (enqueue 3.60718 ms)
[10/06/2026-14:11:17] [I] Average on 1 runs - GPU latency: 5.03589 ms - Host latency: 5.16846 ms (enqueue 3.8269 ms)
[10/06/2026-14:11:17] [I] Average on 1 runs - GPU latency: 5.03809 ms - Host latency: 5.17407 ms (enqueue 3.5708 ms)
[10/06/2026-14:11:17] [I] Average on 1 runs - GPU latency: 5.03931 ms - Host latency: 5.15674 ms (enqueue 3.5686 ms)
[10/06/2026-14:11:17] [I] Average on 1 runs - GPU latency: 5.04272 ms - Host latency: 5.18237 ms (enqueue 3.48853 ms)
[10/06/2026-14:11:17] [I] Average on 1 runs - GPU latency: 5.03955 ms - Host latency: 5.16187 ms (enqueue 3.58423 ms)
[10/06/2026-14:11:17] [I] Average on 1 runs - GPU latency: 5.03882 ms - Host latency: 5.17236 ms (enqueue 3.57007 ms)
[10/06/2026-14:11:17] [I] Average on 1 runs - GPU latency: 5.00146 ms - Host latency: 5.13232 ms (enqueue 3.55347 ms)
[10/06/2026-14:11:17] [I] Average on 1 runs - GPU latency: 5.03052 ms - Host latency: 5.16992 ms (enqueue 3.74219 ms)
[10/06/2026-14:11:17] [I] Average on 1 runs - GPU latency: 5.04663 ms - Host latency: 5.18262 ms (enqueue 3.5603 ms)
[10/06/2026-14:11:17] [I] Average on 1 runs - GPU latency: 5.0376 ms - Host latency: 5.17529 ms (enqueue 3.57397 ms)
[10/06/2026-14:11:17] [I] Average on 1 runs - GPU latency: 5.03662 ms - Host latency: 5.16992 ms (enqueue 3.54004 ms)
[10/06/2026-14:11:17] [I] Average on 1 runs - GPU latency: 5.0332 ms - Host latency: 5.15381 ms (enqueue 3.78003 ms)
[10/06/2026-14:11:17] [I] Average on 1 runs - GPU latency: 5.03516 ms - Host latency: 5.16553 ms (enqueue 3.55737 ms)
[10/06/2026-14:11:17] [I] Average on 1 runs - GPU latency: 5.02612 ms - Host latency: 5.15869 ms (enqueue 3.60742 ms)
[10/06/2026-14:11:17] [I] Average on 1 runs - GPU latency: 5.04321 ms - Host latency: 5.15967 ms (enqueue 3.57935 ms)
[10/06/2026-14:11:17] [I] Average on 1 runs - GPU latency: 5.03516 ms - Host latency: 5.18237 ms (enqueue 3.82031 ms)
[10/06/2026-14:11:17] [I] Average on 1 runs - GPU latency: 5.01514 ms - Host latency: 5.15527 ms (enqueue 3.59717 ms)
[10/06/2026-14:11:17] [I] Average on 1 runs - GPU latency: 5.03955 ms - Host latency: 5.16895 ms (enqueue 3.50977 ms)
[10/06/2026-14:11:17] [I] Average on 1 runs - GPU latency: 5.04053 ms - Host latency: 5.15796 ms (enqueue 3.57642 ms)
[10/06/2026-14:11:17] [I] Average on 1 runs - GPU latency: 5.04419 ms - Host latency: 5.19897 ms (enqueue 3.80908 ms)
[10/06/2026-14:11:17] [I] Average on 1 runs - GPU latency: 5.04126 ms - Host latency: 5.1958 ms (enqueue 3.58447 ms)
[10/06/2026-14:11:17] [I] Average on 1 runs - GPU latency: 5.03662 ms - Host latency: 5.16943 ms (enqueue 3.60376 ms)
[10/06/2026-14:11:17] [I] Average on 1 runs - GPU latency: 5.04419 ms - Host latency: 5.16479 ms (enqueue 3.53467 ms)
[10/06/2026-14:11:17] [I] Average on 1 runs - GPU latency: 5.02588 ms - Host latency: 5.17334 ms (enqueue 3.8186 ms)
[10/06/2026-14:11:17] [I] Average on 1 runs - GPU latency: 5.03809 ms - Host latency: 5.16309 ms (enqueue 3.58643 ms)
[10/06/2026-14:11:17] [I] Average on 1 runs - GPU latency: 5.0249 ms - Host latency: 5.1521 ms (enqueue 3.55176 ms)
[10/06/2026-14:11:17] [I] Average on 1 runs - GPU latency: 5.02441 ms - Host latency: 5.14453 ms (enqueue 3.52075 ms)
[10/06/2026-14:11:17] [I] Average on 1 runs - GPU latency: 5.03027 ms - Host latency: 5.16284 ms (enqueue 3.52686 ms)
[10/06/2026-14:11:17] [I] Average on 1 runs - GPU latency: 5.0376 ms - Host latency: 5.16504 ms (enqueue 3.56665 ms)
[10/06/2026-14:11:17] [I] Average on 1 runs - GPU latency: 5.03882 ms - Host latency: 5.17261 ms (enqueue 3.56372 ms)
[10/06/2026-14:11:17] [I] Average on 1 runs - GPU latency: 5.0459 ms - Host latency: 5.16968 ms (enqueue 3.48071 ms)
[10/06/2026-14:11:17] [I] Average on 1 runs - GPU latency: 5.03857 ms - Host latency: 5.17383 ms (enqueue 3.55566 ms)
[10/06/2026-14:11:17] [I] Average on 1 runs - GPU latency: 5.0437 ms - Host latency: 5.19141 ms (enqueue 3.54102 ms)
[10/06/2026-14:11:17] [I] Average on 1 runs - GPU latency: 5.03516 ms - Host latency: 5.16187 ms (enqueue 3.56665 ms)
[10/06/2026-14:11:17] [I] Average on 1 runs - GPU latency: 5.02588 ms - Host latency: 5.15918 ms (enqueue 3.83228 ms)
[10/06/2026-14:11:17] [I] Average on 1 runs - GPU latency: 5.02295 ms - Host latency: 5.1394 ms (enqueue 3.60449 ms)
[10/06/2026-14:11:17] [I] Average on 1 runs - GPU latency: 5.03369 ms - Host latency: 5.15771 ms (enqueue 3.63013 ms)
[10/06/2026-14:11:17] [I] Average on 1 runs - GPU latency: 5.03638 ms - Host latency: 5.17456 ms (enqueue 3.52417 ms)
[10/06/2026-14:11:17] [I] Average on 1 runs - GPU latency: 5.04736 ms - Host latency: 5.17847 ms (enqueue 3.48047 ms)
[10/06/2026-14:11:17] [I] Average on 1 runs - GPU latency: 5.02954 ms - Host latency: 5.16846 ms (enqueue 3.56396 ms)
[10/06/2026-14:11:17] [I] Average on 1 runs - GPU latency: 5.03735 ms - Host latency: 5.16553 ms (enqueue 3.5061 ms)
[10/06/2026-14:11:17] [I] Average on 1 runs - GPU latency: 5.04712 ms - Host latency: 5.17896 ms (enqueue 3.55469 ms)
[10/06/2026-14:11:17] [I] Average on 1 runs - GPU latency: 5.02783 ms - Host latency: 5.18262 ms (enqueue 3.81177 ms)
[10/06/2026-14:11:17] [I] Average on 1 runs - GPU latency: 5.03613 ms - Host latency: 5.15869 ms (enqueue 3.62354 ms)
[10/06/2026-14:11:17] [I] Average on 1 runs - GPU latency: 5.03589 ms - Host latency: 5.16333 ms (enqueue 3.60889 ms)
[10/06/2026-14:11:17] [I] Average on 1 runs - GPU latency: 5.02588 ms - Host latency: 5.15454 ms (enqueue 3.56201 ms)
[10/06/2026-14:11:17] [I] Average on 1 runs - GPU latency: 5.0022 ms - Host latency: 5.15186 ms (enqueue 3.79175 ms)
[10/06/2026-14:11:17] [I] Average on 1 runs - GPU latency: 5.03809 ms - Host latency: 5.18384 ms (enqueue 3.5271 ms)
[10/06/2026-14:11:17] [I] Average on 1 runs - GPU latency: 5.0354 ms - Host latency: 5.17358 ms (enqueue 3.5791 ms)
[10/06/2026-14:11:17] [I] Average on 1 runs - GPU latency: 5.03369 ms - Host latency: 5.16724 ms (enqueue 3.56592 ms)
[10/06/2026-14:11:17] [I] Average on 1 runs - GPU latency: 5.03369 ms - Host latency: 5.16968 ms (enqueue 3.66162 ms)
[10/06/2026-14:11:17] [I] Average on 1 runs - GPU latency: 5.03589 ms - Host latency: 5.14893 ms (enqueue 3.58691 ms)
[10/06/2026-14:11:17] [I] Average on 1 runs - GPU latency: 5.03418 ms - Host latency: 5.16162 ms (enqueue 3.55347 ms)
[10/06/2026-14:11:17] [I] Average on 1 runs - GPU latency: 5.03101 ms - Host latency: 5.16211 ms (enqueue 3.60864 ms)
[10/06/2026-14:11:17] [I] Average on 1 runs - GPU latency: 5.04199 ms - Host latency: 5.17871 ms (enqueue 3.53735 ms)
[10/06/2026-14:11:17] [I] Average on 1 runs - GPU latency: 5.01514 ms - Host latency: 5.14722 ms (enqueue 3.53589 ms)
[10/06/2026-14:11:17] [I] Average on 1 runs - GPU latency: 5.03638 ms - Host latency: 5.16675 ms (enqueue 3.61597 ms)
[10/06/2026-14:11:17] [I] Average on 1 runs - GPU latency: 5.03198 ms - Host latency: 5.17969 ms (enqueue 3.49146 ms)
[10/06/2026-14:11:17] [I] Average on 1 runs - GPU latency: 5.05078 ms - Host latency: 5.18433 ms (enqueue 3.56958 ms)
[10/06/2026-14:11:17] [I] Average on 1 runs - GPU latency: 5.04297 ms - Host latency: 5.18237 ms (enqueue 3.57227 ms)
[10/06/2026-14:11:17] [I] Average on 1 runs - GPU latency: 5.03711 ms - Host latency: 5.17236 ms (enqueue 3.58496 ms)
[10/06/2026-14:11:17] [I] Average on 1 runs - GPU latency: 5.03809 ms - Host latency: 5.19653 ms (enqueue 3.74854 ms)
[10/06/2026-14:11:17] [I] Average on 1 runs - GPU latency: 5.04395 ms - Host latency: 5.16284 ms (enqueue 3.52368 ms)
[10/06/2026-14:11:17] [I] Average on 1 runs - GPU latency: 5.03467 ms - Host latency: 5.17163 ms (enqueue 3.61938 ms)
[10/06/2026-14:11:17] [I] Average on 1 runs - GPU latency: 5.03882 ms - Host latency: 5.15015 ms (enqueue 3.5564 ms)
[10/06/2026-14:11:17] [I] Average on 1 runs - GPU latency: 5.01318 ms - Host latency: 5.15308 ms (enqueue 3.82861 ms)
[10/06/2026-14:11:17] [I] Average on 1 runs - GPU latency: 5.01562 ms - Host latency: 5.15356 ms (enqueue 3.57422 ms)
[10/06/2026-14:11:17] [I] Average on 1 runs - GPU latency: 5.04053 ms - Host latency: 5.16895 ms (enqueue 3.56763 ms)
[10/06/2026-14:11:17] [I] Average on 1 runs - GPU latency: 5.0376 ms - Host latency: 5.17358 ms (enqueue 3.6228 ms)
[10/06/2026-14:11:17] [I] Average on 1 runs - GPU latency: 5.04126 ms - Host latency: 5.17383 ms (enqueue 3.84058 ms)
[10/06/2026-14:11:17] [I] Average on 1 runs - GPU latency: 5.03906 ms - Host latency: 5.17725 ms (enqueue 3.59668 ms)
[10/06/2026-14:11:17] [I] Average on 1 runs - GPU latency: 5.03247 ms - Host latency: 5.16138 ms (enqueue 3.5354 ms)
[10/06/2026-14:11:17] [I] Average on 1 runs - GPU latency: 5.0332 ms - Host latency: 5.15234 ms (enqueue 3.55078 ms)
[10/06/2026-14:11:17] [I] Average on 1 runs - GPU latency: 5.03198 ms - Host latency: 5.17432 ms (enqueue 3.83325 ms)
[10/06/2026-14:11:17] [I] Average on 1 runs - GPU latency: 5.03687 ms - Host latency: 5.15967 ms (enqueue 3.5647 ms)
[10/06/2026-14:11:17] [I] Average on 1 runs - GPU latency: 5.00952 ms - Host latency: 5.15234 ms (enqueue 3.56152 ms)
[10/06/2026-14:11:17] [I] Average on 1 runs - GPU latency: 5.0332 ms - Host latency: 5.17261 ms (enqueue 3.51245 ms)
[10/06/2026-14:11:17] [I] Average on 1 runs - GPU latency: 5.03833 ms - Host latency: 5.17334 ms (enqueue 3.6416 ms)
[10/06/2026-14:11:17] [I] Average on 1 runs - GPU latency: 5.03564 ms - Host latency: 5.16187 ms (enqueue 3.5874 ms)
[10/06/2026-14:11:17] [I] Average on 1 runs - GPU latency: 5.03369 ms - Host latency: 5.15845 ms (enqueue 3.53564 ms)
[10/06/2026-14:11:17] [I] Average on 1 runs - GPU latency: 5.03467 ms - Host latency: 5.17261 ms (enqueue 3.54443 ms)
[10/06/2026-14:11:17] [I] Average on 1 runs - GPU latency: 5.03931 ms - Host latency: 5.16968 ms (enqueue 3.53687 ms)
[10/06/2026-14:11:17] [I] Average on 1 runs - GPU latency: 5.03687 ms - Host latency: 5.17651 ms (enqueue 3.57861 ms)
[10/06/2026-14:11:17] [I] Average on 1 runs - GPU latency: 5.03906 ms - Host latency: 5.17603 ms (enqueue 3.62573 ms)
[10/06/2026-14:11:17] [I] Average on 1 runs - GPU latency: 5.03955 ms - Host latency: 5.21631 ms (enqueue 3.48413 ms)
[10/06/2026-14:11:17] [I] Average on 1 runs - GPU latency: 5.00806 ms - Host latency: 5.14062 ms (enqueue 3.52954 ms)
[10/06/2026-14:11:17] [I] Average on 1 runs - GPU latency: 5.02441 ms - Host latency: 5.16016 ms (enqueue 3.54883 ms)
[10/06/2026-14:11:17] [I] Average on 1 runs - GPU latency: 5.04199 ms - Host latency: 5.17432 ms (enqueue 3.57129 ms)
[10/06/2026-14:11:17] [I] Average on 1 runs - GPU latency: 5.03833 ms - Host latency: 5.20093 ms (enqueue 3.76587 ms)
[10/06/2026-14:11:17] [I] Average on 1 runs - GPU latency: 5.02832 ms - Host latency: 5.15405 ms (enqueue 3.552 ms)
[10/06/2026-14:11:17] [I] Average on 1 runs - GPU latency: 5.03101 ms - Host latency: 5.16113 ms (enqueue 3.56372 ms)
[10/06/2026-14:11:17] [I] Average on 1 runs - GPU latency: 5.02319 ms - Host latency: 5.1582 ms (enqueue 3.53613 ms)
[10/06/2026-14:11:17] [I] Average on 1 runs - GPU latency: 5.03394 ms - Host latency: 5.15356 ms (enqueue 3.83496 ms)
[10/06/2026-14:11:17] [I] Average on 1 runs - GPU latency: 5.03198 ms - Host latency: 5.1665 ms (enqueue 3.59106 ms)
[10/06/2026-14:11:17] [I] Average on 1 runs - GPU latency: 5.03223 ms - Host latency: 5.15308 ms (enqueue 3.5647 ms)
[10/06/2026-14:11:17] [I] Average on 1 runs - GPU latency: 5.00171 ms - Host latency: 5.13574 ms (enqueue 3.56104 ms)
[10/06/2026-14:11:17] [I] Average on 1 runs - GPU latency: 5.02539 ms - Host latency: 5.1814 ms (enqueue 3.86035 ms)
[10/06/2026-14:11:17] [I] Average on 1 runs - GPU latency: 5.04565 ms - Host latency: 5.1709 ms (enqueue 3.59912 ms)
[10/06/2026-14:11:17] [I] Average on 1 runs - GPU latency: 5.04443 ms - Host latency: 5.18115 ms (enqueue 3.5271 ms)
[10/06/2026-14:11:17] [I] Average on 1 runs - GPU latency: 5.03662 ms - Host latency: 5.16846 ms (enqueue 3.52222 ms)
[10/06/2026-14:11:17] [I] Average on 1 runs - GPU latency: 5.03418 ms - Host latency: 5.16748 ms (enqueue 3.86255 ms)
[10/06/2026-14:11:17] [I] Average on 1 runs - GPU latency: 5.04663 ms - Host latency: 5.1687 ms (enqueue 3.58643 ms)
[10/06/2026-14:11:17] [I] Average on 1 runs - GPU latency: 5.04883 ms - Host latency: 5.19775 ms (enqueue 3.56812 ms)
[10/06/2026-14:11:17] [I] Average on 1 runs - GPU latency: 5.04004 ms - Host latency: 5.18359 ms (enqueue 3.5603 ms)
[10/06/2026-14:11:17] [I] Average on 1 runs - GPU latency: 5.03809 ms - Host latency: 5.17114 ms (enqueue 3.79688 ms)
[10/06/2026-14:11:17] [I] Average on 1 runs - GPU latency: 5.02661 ms - Host latency: 5.15503 ms (enqueue 3.54468 ms)
[10/06/2026-14:11:17] [I] Average on 1 runs - GPU latency: 5.04028 ms - Host latency: 5.15918 ms (enqueue 3.58862 ms)
[10/06/2026-14:11:17] [I] Average on 1 runs - GPU latency: 5.0437 ms - Host latency: 5.1709 ms (enqueue 3.5813 ms)
[10/06/2026-14:11:17] [I] Average on 1 runs - GPU latency: 5.03931 ms - Host latency: 5.16089 ms (enqueue 3.79175 ms)
[10/06/2026-14:11:17] [I] Average on 1 runs - GPU latency: 5.03955 ms - Host latency: 5.16577 ms (enqueue 3.55469 ms)
[10/06/2026-14:11:17] [I] Average on 1 runs - GPU latency: 5.0376 ms - Host latency: 5.16675 ms (enqueue 3.54883 ms)
[10/06/2026-14:11:17] [I] Average on 1 runs - GPU latency: 5.03516 ms - Host latency: 5.19116 ms (enqueue 3.47705 ms)
[10/06/2026-14:11:17] [I] Average on 1 runs - GPU latency: 5.03809 ms - Host latency: 5.1709 ms (enqueue 3.78003 ms)
[10/06/2026-14:11:17] [I] Average on 1 runs - GPU latency: 5.03613 ms - Host latency: 5.17554 ms (enqueue 3.55127 ms)
[10/06/2026-14:11:17] [I] ... Omitting 2580 lines
[10/06/2026-14:11:17] [I] Average on 1 runs - GPU latency: 5.03906 ms - Host latency: 5.17773 ms (enqueue 3.60742 ms)
[10/06/2026-14:11:17] [I] Average on 1 runs - GPU latency: 5.0332 ms - Host latency: 5.16797 ms (enqueue 3.51953 ms)
[10/06/2026-14:11:17] [I] Average on 1 runs - GPU latency: 5.04492 ms - Host latency: 5.16406 ms (enqueue 3.51953 ms)
[10/06/2026-14:11:17] [I] Average on 1 runs - GPU latency: 5.0293 ms - Host latency: 5.18945 ms (enqueue 3.80664 ms)
[10/06/2026-14:11:17] [I] Average on 1 runs - GPU latency: 5.03906 ms - Host latency: 5.15234 ms (enqueue 3.54492 ms)
[10/06/2026-14:11:17] [I] Average on 1 runs - GPU latency: 5.03516 ms - Host latency: 5.16406 ms (enqueue 3.58203 ms)
[10/06/2026-14:11:17] [I] Average on 1 runs - GPU latency: 5.04688 ms - Host latency: 5.18164 ms (enqueue 3.51953 ms)
[10/06/2026-14:11:17] [I] Average on 1 runs - GPU latency: 5 ms - Host latency: 5.13086 ms (enqueue 3.68945 ms)
[10/06/2026-14:11:17] [I] Average on 1 runs - GPU latency: 5.0332 ms - Host latency: 5.16797 ms (enqueue 3.60352 ms)
[10/06/2026-14:11:17] [I] Average on 1 runs - GPU latency: 5.03125 ms - Host latency: 5.16406 ms (enqueue 3.5293 ms)
[10/06/2026-14:11:17] [I] Average on 1 runs - GPU latency: 5.03711 ms - Host latency: 5.16406 ms (enqueue 3.56055 ms)
[10/06/2026-14:11:17] [I] Average on 1 runs - GPU latency: 5.04688 ms - Host latency: 5.1875 ms (enqueue 3.53906 ms)
[10/06/2026-14:11:17] [I] Average on 1 runs - GPU latency: 5.03516 ms - Host latency: 5.16992 ms (enqueue 3.61133 ms)
[10/06/2026-14:11:17] [I] Average on 1 runs - GPU latency: 5.04688 ms - Host latency: 5.16602 ms (enqueue 3.52344 ms)
[10/06/2026-14:11:17] [I] Average on 1 runs - GPU latency: 5.03711 ms - Host latency: 5.18164 ms (enqueue 3.46484 ms)
[10/06/2026-14:11:17] [I] Average on 1 runs - GPU latency: 5.03516 ms - Host latency: 5.1582 ms (enqueue 3.57617 ms)
[10/06/2026-14:11:17] [I] Average on 1 runs - GPU latency: 5.04883 ms - Host latency: 5.17969 ms (enqueue 3.54688 ms)
[10/06/2026-14:11:17] [I] Average on 1 runs - GPU latency: 5.00977 ms - Host latency: 5.14844 ms (enqueue 3.51172 ms)
[10/06/2026-14:11:17] [I] Average on 1 runs - GPU latency: 5.03906 ms - Host latency: 5.17383 ms (enqueue 3.74609 ms)
[10/06/2026-14:11:17] [I] Average on 1 runs - GPU latency: 5.03711 ms - Host latency: 5.17188 ms (enqueue 3.53906 ms)
[10/06/2026-14:11:17] [I] Average on 1 runs - GPU latency: 5.03125 ms - Host latency: 5.16602 ms (enqueue 3.58789 ms)
[10/06/2026-14:11:17] [I] Average on 1 runs - GPU latency: 5.03125 ms - Host latency: 5.15234 ms (enqueue 3.57227 ms)
[10/06/2026-14:11:17] [I] Average on 1 runs - GPU latency: 5.04688 ms - Host latency: 5.17188 ms (enqueue 3.74023 ms)
[10/06/2026-14:11:17] [I] Average on 1 runs - GPU latency: 5.04102 ms - Host latency: 5.17773 ms (enqueue 3.55664 ms)
[10/06/2026-14:11:17] [I] Average on 1 runs - GPU latency: 5.04297 ms - Host latency: 5.17188 ms (enqueue 3.53125 ms)
[10/06/2026-14:11:17] [I] Average on 1 runs - GPU latency: 5.03906 ms - Host latency: 5.17188 ms (enqueue 3.5957 ms)
[10/06/2026-14:11:17] [I] Average on 1 runs - GPU latency: 5.05273 ms - Host latency: 5.19727 ms (enqueue 3.80469 ms)
[10/06/2026-14:11:17] [I] Average on 1 runs - GPU latency: 4.99023 ms - Host latency: 5.13477 ms (enqueue 3.57617 ms)
[10/06/2026-14:11:17] [I] Average on 1 runs - GPU latency: 5.03125 ms - Host latency: 5.15234 ms (enqueue 3.55273 ms)
[10/06/2026-14:11:17] [I] Average on 1 runs - GPU latency: 5.04688 ms - Host latency: 5.16211 ms (enqueue 3.51758 ms)
[10/06/2026-14:11:17] [I] Average on 1 runs - GPU latency: 5.03906 ms - Host latency: 5.18359 ms (enqueue 3.81641 ms)
[10/06/2026-14:11:17] [I] Average on 1 runs - GPU latency: 5.0293 ms - Host latency: 5.16016 ms (enqueue 3.62305 ms)
[10/06/2026-14:11:17] [I] Average on 1 runs - GPU latency: 5.03711 ms - Host latency: 5.16211 ms (enqueue 3.55273 ms)
[10/06/2026-14:11:17] [I] Average on 1 runs - GPU latency: 5.04102 ms - Host latency: 5.16992 ms (enqueue 3.58008 ms)
[10/06/2026-14:11:17] [I] Average on 1 runs - GPU latency: 5.03516 ms - Host latency: 5.17188 ms (enqueue 3.73828 ms)
[10/06/2026-14:11:17] [I] Average on 1 runs - GPU latency: 5.03125 ms - Host latency: 5.1582 ms (enqueue 3.60352 ms)
[10/06/2026-14:11:17] [I] Average on 1 runs - GPU latency: 5.04297 ms - Host latency: 5.17578 ms (enqueue 3.57617 ms)
[10/06/2026-14:11:17] [I] Average on 1 runs - GPU latency: 4.99609 ms - Host latency: 5.13086 ms (enqueue 3.54102 ms)
[10/06/2026-14:11:17] [I] Average on 1 runs - GPU latency: 5.02148 ms - Host latency: 5.16211 ms (enqueue 3.52344 ms)
[10/06/2026-14:11:17] [I] Average on 1 runs - GPU latency: 5.0332 ms - Host latency: 5.1582 ms (enqueue 3.51562 ms)
[10/06/2026-14:11:17] [I] Average on 1 runs - GPU latency: 5.03906 ms - Host latency: 5.15625 ms (enqueue 3.56445 ms)
[10/06/2026-14:11:17] [I] Average on 1 runs - GPU latency: 5.03516 ms - Host latency: 5.19531 ms (enqueue 3.48633 ms)
[10/06/2026-14:11:17] [I] Average on 1 runs - GPU latency: 5.04688 ms - Host latency: 5.18164 ms (enqueue 3.54688 ms)
[10/06/2026-14:11:17] [I] Average on 1 runs - GPU latency: 5.04102 ms - Host latency: 5.18555 ms (enqueue 3.55078 ms)
[10/06/2026-14:11:17] [I] Average on 1 runs - GPU latency: 5.04102 ms - Host latency: 5.17578 ms (enqueue 3.56055 ms)
[10/06/2026-14:11:17] [I] Average on 1 runs - GPU latency: 5.0332 ms - Host latency: 5.16992 ms (enqueue 3.83203 ms)
[10/06/2026-14:11:17] [I] Average on 1 runs - GPU latency: 5.03906 ms - Host latency: 5.16406 ms (enqueue 3.54688 ms)
[10/06/2026-14:11:17] [I] Average on 1 runs - GPU latency: 4.97852 ms - Host latency: 5.11523 ms (enqueue 3.53711 ms)
[10/06/2026-14:11:17] [I] Average on 1 runs - GPU latency: 5.0293 ms - Host latency: 5.15625 ms (enqueue 3.57617 ms)
[10/06/2026-14:11:17] [I] Average on 1 runs - GPU latency: 5.03711 ms - Host latency: 5.16992 ms (enqueue 3.4668 ms)
[10/06/2026-14:11:17] [I] Average on 1 runs - GPU latency: 5.05078 ms - Host latency: 5.17969 ms (enqueue 3.56641 ms)
[10/06/2026-14:11:17] [I] Average on 1 runs - GPU latency: 5.0293 ms - Host latency: 5.16992 ms (enqueue 3.57422 ms)
[10/06/2026-14:11:17] [I] Average on 1 runs - GPU latency: 5.04492 ms - Host latency: 5.16406 ms (enqueue 3.54102 ms)
[10/06/2026-14:11:17] [I] Average on 1 runs - GPU latency: 5.03516 ms - Host latency: 5.17773 ms (enqueue 3.82031 ms)
[10/06/2026-14:11:17] [I] Average on 1 runs - GPU latency: 5.03516 ms - Host latency: 5.1543 ms (enqueue 3.56836 ms)
[10/06/2026-14:11:17] [I] Average on 1 runs - GPU latency: 5.04297 ms - Host latency: 5.18164 ms (enqueue 3.57812 ms)
[10/06/2026-14:11:17] [I] Average on 1 runs - GPU latency: 5.05078 ms - Host latency: 5.18164 ms (enqueue 3.53906 ms)
[10/06/2026-14:11:17] [I] Average on 1 runs - GPU latency: 4.99805 ms - Host latency: 5.15039 ms (enqueue 3.82812 ms)
[10/06/2026-14:11:17] [I] Average on 1 runs - GPU latency: 5.03125 ms - Host latency: 5.19141 ms (enqueue 3.56445 ms)
[10/06/2026-14:11:17] [I] Average on 1 runs - GPU latency: 5.04688 ms - Host latency: 5.18359 ms (enqueue 3.54688 ms)
[10/06/2026-14:11:17] [I] Average on 1 runs - GPU latency: 5.03906 ms - Host latency: 5.17969 ms (enqueue 3.50977 ms)
[10/06/2026-14:11:17] [I] Average on 1 runs - GPU latency: 5.03516 ms - Host latency: 5.16992 ms (enqueue 3.78711 ms)
[10/06/2026-14:11:17] [I] Average on 1 runs - GPU latency: 5.04883 ms - Host latency: 5.17188 ms (enqueue 3.56641 ms)
[10/06/2026-14:11:17] [I] Average on 1 runs - GPU latency: 5.03125 ms - Host latency: 5.16602 ms (enqueue 3.50977 ms)
[10/06/2026-14:11:17] [I] Average on 1 runs - GPU latency: 5.04492 ms - Host latency: 5.17383 ms (enqueue 3.57422 ms)
[10/06/2026-14:11:17] [I] Average on 1 runs - GPU latency: 5.04492 ms - Host latency: 5.18359 ms (enqueue 3.75781 ms)
[10/06/2026-14:11:17] [I] Average on 1 runs - GPU latency: 5.03516 ms - Host latency: 5.18359 ms (enqueue 3.56641 ms)
[10/06/2026-14:11:17] [I] Average on 1 runs - GPU latency: 5.05273 ms - Host latency: 5.17773 ms (enqueue 3.51953 ms)
[10/06/2026-14:11:17] [I] Average on 1 runs - GPU latency: 5.04102 ms - Host latency: 5.17969 ms (enqueue 3.48047 ms)
[10/06/2026-14:11:17] [I] Average on 1 runs - GPU latency: 5.04297 ms - Host latency: 5.16992 ms (enqueue 3.56641 ms)
[10/06/2026-14:11:17] [I] Average on 1 runs - GPU latency: 5.04297 ms - Host latency: 5.18555 ms (enqueue 3.55469 ms)
[10/06/2026-14:11:17] [I] Average on 1 runs - GPU latency: 5.03516 ms - Host latency: 5.16016 ms (enqueue 3.57227 ms)
[10/06/2026-14:11:17] [I] Average on 1 runs - GPU latency: 5.04102 ms - Host latency: 5.17773 ms (enqueue 3.70898 ms)
[10/06/2026-14:11:17] [I] Average on 1 runs - GPU latency: 5.0332 ms - Host latency: 5.17188 ms (enqueue 3.57227 ms)
[10/06/2026-14:11:17] [I] Average on 1 runs - GPU latency: 5.04102 ms - Host latency: 5.17188 ms (enqueue 3.56445 ms)
[10/06/2026-14:11:17] [I] Average on 1 runs - GPU latency: 5.03125 ms - Host latency: 5.17969 ms (enqueue 3.55469 ms)
[10/06/2026-14:11:17] [I] Average on 1 runs - GPU latency: 5.04492 ms - Host latency: 5.18164 ms (enqueue 3.86523 ms)
[10/06/2026-14:11:17] [I] Average on 1 runs - GPU latency: 5.00195 ms - Host latency: 5.15234 ms (enqueue 3.63672 ms)
[10/06/2026-14:11:17] [I] Average on 1 runs - GPU latency: 5.02734 ms - Host latency: 5.16406 ms (enqueue 3.55664 ms)
[10/06/2026-14:11:17] [I] Average on 1 runs - GPU latency: 5.03516 ms - Host latency: 5.16016 ms (enqueue 3.56445 ms)
[10/06/2026-14:11:17] [I] Average on 1 runs - GPU latency: 5.03906 ms - Host latency: 5.17578 ms (enqueue 3.80859 ms)
[10/06/2026-14:11:17] [I] Average on 1 runs - GPU latency: 5.03516 ms - Host latency: 5.15039 ms (enqueue 3.60938 ms)
[10/06/2026-14:11:17] [I] Average on 1 runs - GPU latency: 5.03711 ms - Host latency: 5.1582 ms (enqueue 3.55078 ms)
[10/06/2026-14:11:17] [I] Average on 1 runs - GPU latency: 5.04492 ms - Host latency: 5.18555 ms (enqueue 3.56055 ms)
[10/06/2026-14:11:17] [I] Average on 1 runs - GPU latency: 5.03125 ms - Host latency: 5.1543 ms (enqueue 3.84961 ms)
[10/06/2026-14:11:17] [I] Average on 1 runs - GPU latency: 5.04297 ms - Host latency: 5.16211 ms (enqueue 3.5332 ms)
[10/06/2026-14:11:17] [I] Average on 1 runs - GPU latency: 5.0293 ms - Host latency: 5.1582 ms (enqueue 3.53906 ms)
[10/06/2026-14:11:17] [I] Average on 1 runs - GPU latency: 4.99805 ms - Host latency: 5.12695 ms (enqueue 3.56055 ms)
[10/06/2026-14:11:17] [I] Average on 1 runs - GPU latency: 5.03125 ms - Host latency: 5.16406 ms (enqueue 3.59766 ms)
[10/06/2026-14:11:17] [I] Average on 1 runs - GPU latency: 5.03906 ms - Host latency: 5.15625 ms (enqueue 3.55469 ms)
[10/06/2026-14:11:17] [I] Average on 1 runs - GPU latency: 5.03516 ms - Host latency: 5.16992 ms (enqueue 3.57422 ms)
[10/06/2026-14:11:17] [I] Average on 1 runs - GPU latency: 5.03906 ms - Host latency: 5.16211 ms (enqueue 3.50195 ms)
[10/06/2026-14:11:17] [I] Average on 1 runs - GPU latency: 5.03711 ms - Host latency: 5.17188 ms (enqueue 3.57031 ms)
[10/06/2026-14:11:17] [I] Average on 1 runs - GPU latency: 5.0332 ms - Host latency: 5.16211 ms (enqueue 3.54883 ms)
[10/06/2026-14:11:17] [I] Average on 1 runs - GPU latency: 5.0332 ms - Host latency: 5.15625 ms (enqueue 3.60547 ms)
[10/06/2026-14:11:17] [I] Average on 1 runs - GPU latency: 5.03516 ms - Host latency: 5.16797 ms (enqueue 3.77344 ms)
[10/06/2026-14:11:17] [I] Average on 1 runs - GPU latency: 5.03125 ms - Host latency: 5.17188 ms (enqueue 3.55273 ms)
[10/06/2026-14:11:17] [I] Average on 1 runs - GPU latency: 4.97656 ms - Host latency: 5.0918 ms (enqueue 3.60156 ms)
[10/06/2026-14:11:17] [I] Average on 1 runs - GPU latency: 5.03711 ms - Host latency: 5.16211 ms (enqueue 3.50977 ms)
[10/06/2026-14:11:17] [I] Average on 1 runs - GPU latency: 5.04297 ms - Host latency: 5.16406 ms (enqueue 3.49414 ms)
[10/06/2026-14:11:17] [I] Average on 1 runs - GPU latency: 5.04688 ms - Host latency: 5.17969 ms (enqueue 3.55273 ms)
[10/06/2026-14:11:17] [I] Average on 1 runs - GPU latency: 5.0332 ms - Host latency: 5.17578 ms (enqueue 3.57031 ms)
[10/06/2026-14:11:17] [I] Average on 1 runs - GPU latency: 5.04297 ms - Host latency: 5.16211 ms (enqueue 3.57031 ms)
[10/06/2026-14:11:17] [I] Average on 1 runs - GPU latency: 5.04688 ms - Host latency: 5.18945 ms (enqueue 3.84961 ms)
[10/06/2026-14:11:17] [I] Average on 1 runs - GPU latency: 5.0332 ms - Host latency: 5.17578 ms (enqueue 3.61523 ms)
[10/06/2026-14:11:17] [I] Average on 1 runs - GPU latency: 5.0293 ms - Host latency: 5.16016 ms (enqueue 3.58789 ms)
[10/06/2026-14:11:17] [I] Average on 1 runs - GPU latency: 5.03516 ms - Host latency: 5.15039 ms (enqueue 3.52734 ms)
[10/06/2026-14:11:17] [I] Average on 1 runs - GPU latency: 5.00195 ms - Host latency: 5.12109 ms (enqueue 3.84961 ms)
[10/06/2026-14:11:17] [I] Average on 1 runs - GPU latency: 5.04297 ms - Host latency: 5.18164 ms (enqueue 3.48242 ms)
[10/06/2026-14:11:17] [I] Average on 1 runs - GPU latency: 5.04102 ms - Host latency: 5.17773 ms (enqueue 3.58398 ms)
[10/06/2026-14:11:17] [I] Average on 1 runs - GPU latency: 5.0332 ms - Host latency: 5.16992 ms (enqueue 3.5293 ms)
[10/06/2026-14:11:17] [I] Average on 1 runs - GPU latency: 5.03906 ms - Host latency: 5.17383 ms (enqueue 3.69922 ms)
[10/06/2026-14:11:17] [I] Average on 1 runs - GPU latency: 5.03516 ms - Host latency: 5.17578 ms (enqueue 3.57617 ms)
[10/06/2026-14:11:17] [I] Average on 1 runs - GPU latency: 5.0332 ms - Host latency: 5.16406 ms (enqueue 3.54102 ms)
[10/06/2026-14:11:17] [I] Average on 1 runs - GPU latency: 5.03516 ms - Host latency: 5.14844 ms (enqueue 3.58008 ms)
[10/06/2026-14:11:17] [I] Average on 1 runs - GPU latency: 5.04297 ms - Host latency: 5.17578 ms (enqueue 3.84961 ms)
[10/06/2026-14:11:17] [I] Average on 1 runs - GPU latency: 5.01758 ms - Host latency: 5.15625 ms (enqueue 3.55078 ms)
[10/06/2026-14:11:17] [I] Average on 1 runs - GPU latency: 4.98047 ms - Host latency: 5.10352 ms (enqueue 3.55273 ms)
[10/06/2026-14:11:17] [I] Average on 1 runs - GPU latency: 5.03711 ms - Host latency: 5.16016 ms (enqueue 3.53711 ms)
[10/06/2026-14:11:17] [I] Average on 1 runs - GPU latency: 5.05273 ms - Host latency: 5.18945 ms (enqueue 3.66406 ms)
[10/06/2026-14:11:17] [I] Average on 1 runs - GPU latency: 5.02734 ms - Host latency: 5.16016 ms (enqueue 3.58984 ms)
[10/06/2026-14:11:17] [I] Average on 1 runs - GPU latency: 5.03906 ms - Host latency: 5.16016 ms (enqueue 3.54492 ms)
[10/06/2026-14:11:17] [I] Average on 1 runs - GPU latency: 5.0293 ms - Host latency: 5.21289 ms (enqueue 3.48242 ms)
[10/06/2026-14:11:17] [I] Average on 1 runs - GPU latency: 5.03711 ms - Host latency: 5.16016 ms (enqueue 3.55078 ms)
[10/06/2026-14:11:17] [I] Average on 1 runs - GPU latency: 5.03125 ms - Host latency: 5.16602 ms (enqueue 3.59961 ms)
[10/06/2026-14:11:17] [I] Average on 1 runs - GPU latency: 5.03906 ms - Host latency: 5.15625 ms (enqueue 3.61523 ms)
[10/06/2026-14:11:17] [I] Average on 1 runs - GPU latency: 5.03125 ms - Host latency: 5.16602 ms (enqueue 3.79102 ms)
[10/06/2026-14:11:17] [I] Average on 1 runs - GPU latency: 5.00195 ms - Host latency: 5.13867 ms (enqueue 3.55664 ms)
[10/06/2026-14:11:17] [I] Average on 1 runs - GPU latency: 5.04297 ms - Host latency: 5.17188 ms (enqueue 3.52344 ms)
[10/06/2026-14:11:17] [I] Average on 1 runs - GPU latency: 5.04102 ms - Host latency: 5.16797 ms (enqueue 3.58203 ms)
[10/06/2026-14:11:17] [I] Average on 1 runs - GPU latency: 5.04688 ms - Host latency: 5.19141 ms (enqueue 3.82812 ms)
[10/06/2026-14:11:17] [I] Average on 1 runs - GPU latency: 5.03906 ms - Host latency: 5.18164 ms (enqueue 3.54688 ms)
[10/06/2026-14:11:17] [I] Average on 1 runs - GPU latency: 5.04102 ms - Host latency: 5.1875 ms (enqueue 3.56055 ms)
[10/06/2026-14:11:17] [I] Average on 1 runs - GPU latency: 5.03125 ms - Host latency: 5.17578 ms (enqueue 3.5918 ms)
[10/06/2026-14:11:17] [I] Average on 1 runs - GPU latency: 5.03711 ms - Host latency: 5.15625 ms (enqueue 3.83594 ms)
[10/06/2026-14:11:17] [I] Average on 1 runs - GPU latency: 5.02734 ms - Host latency: 5.14648 ms (enqueue 3.54297 ms)
[10/06/2026-14:11:17] [I] Average on 1 runs - GPU latency: 5.01562 ms - Host latency: 5.13281 ms (enqueue 3.5918 ms)
[10/06/2026-14:11:17] [I] Average on 1 runs - GPU latency: 4.98047 ms - Host latency: 5.11328 ms (enqueue 3.53516 ms)
[10/06/2026-14:11:17] [I] Average on 1 runs - GPU latency: 5.03516 ms - Host latency: 5.17578 ms (enqueue 3.79297 ms)
[10/06/2026-14:11:17] [I] Average on 1 runs - GPU latency: 5.03516 ms - Host latency: 5.16602 ms (enqueue 3.60547 ms)
[10/06/2026-14:11:17] [I] Average on 1 runs - GPU latency: 5.04688 ms - Host latency: 5.16016 ms (enqueue 3.55664 ms)
[10/06/2026-14:11:17] [I] Average on 1 runs - GPU latency: 5.03711 ms - Host latency: 5.17969 ms (enqueue 3.59375 ms)
[10/06/2026-14:11:17] [I] Average on 1 runs - GPU latency: 5.03125 ms - Host latency: 5.16602 ms (enqueue 3.82227 ms)
[10/06/2026-14:11:17] [I] Average on 1 runs - GPU latency: 5.03125 ms - Host latency: 5.1543 ms (enqueue 3.56641 ms)
[10/06/2026-14:11:17] [I] Average on 1 runs - GPU latency: 5.04102 ms - Host latency: 5.1543 ms (enqueue 3.58984 ms)
[10/06/2026-14:11:17] [I] Average on 1 runs - GPU latency: 5.03711 ms - Host latency: 5.16797 ms (enqueue 3.59961 ms)
[10/06/2026-14:11:17] [I] Average on 1 runs - GPU latency: 5.02344 ms - Host latency: 5.1582 ms (enqueue 3.79102 ms)
[10/06/2026-14:11:17] [I] Average on 1 runs - GPU latency: 5.0293 ms - Host latency: 5.17188 ms (enqueue 3.5957 ms)
[10/06/2026-14:11:17] [I] Average on 1 runs - GPU latency: 5.03516 ms - Host latency: 5.16016 ms (enqueue 3.54492 ms)
[10/06/2026-14:11:17] [I] Average on 1 runs - GPU latency: 5.0332 ms - Host latency: 5.14648 ms (enqueue 3.5625 ms)
[10/06/2026-14:11:17] [I] Average on 1 runs - GPU latency: 5.04102 ms - Host latency: 5.17188 ms (enqueue 3.53711 ms)
[10/06/2026-14:11:17] [I] Average on 1 runs - GPU latency: 5.03516 ms - Host latency: 5.17578 ms (enqueue 3.56641 ms)
[10/06/2026-14:11:17] [I] Average on 1 runs - GPU latency: 5.04102 ms - Host latency: 5.16211 ms (enqueue 3.55469 ms)
[10/06/2026-14:11:17] [I] Average on 1 runs - GPU latency: 5.04102 ms - Host latency: 5.18359 ms (enqueue 3.79688 ms)
[10/06/2026-14:11:17] [I] Average on 1 runs - GPU latency: 5.03125 ms - Host latency: 5.17383 ms (enqueue 3.60938 ms)
[10/06/2026-14:11:17] [I] Average on 1 runs - GPU latency: 5.04297 ms - Host latency: 5.17383 ms (enqueue 3.61133 ms)
[10/06/2026-14:11:17] [I] Average on 1 runs - GPU latency: 5.01562 ms - Host latency: 5.14453 ms (enqueue 3.53711 ms)
[10/06/2026-14:11:17] [I] Average on 1 runs - GPU latency: 5.00391 ms - Host latency: 5.12305 ms (enqueue 3.62695 ms)
[10/06/2026-14:11:17] [I] Average on 1 runs - GPU latency: 5.04688 ms - Host latency: 5.19531 ms (enqueue 3.54297 ms)
[10/06/2026-14:11:17] [I] Average on 1 runs - GPU latency: 5.04102 ms - Host latency: 5.17383 ms (enqueue 3.57617 ms)
[10/06/2026-14:11:17] [I] Average on 1 runs - GPU latency: 5.0332 ms - Host latency: 5.16016 ms (enqueue 3.54102 ms)
[10/06/2026-14:11:17] [I] Average on 1 runs - GPU latency: 5.03711 ms - Host latency: 5.18164 ms (enqueue 3.875 ms)
[10/06/2026-14:11:17] [I] Average on 1 runs - GPU latency: 5.0332 ms - Host latency: 5.16992 ms (enqueue 3.58008 ms)
[10/06/2026-14:11:17] [I] Average on 1 runs - GPU latency: 5.03711 ms - Host latency: 5.16602 ms (enqueue 3.51758 ms)
[10/06/2026-14:11:17] [I] Average on 1 runs - GPU latency: 5.04492 ms - Host latency: 5.17188 ms (enqueue 3.57422 ms)
[10/06/2026-14:11:17] [I] Average on 1 runs - GPU latency: 5.04688 ms - Host latency: 5.18555 ms (enqueue 3.82422 ms)
[10/06/2026-14:11:17] [I] Average on 1 runs - GPU latency: 5.0293 ms - Host latency: 5.1582 ms (enqueue 3.58789 ms)
[10/06/2026-14:11:17] [I] Average on 1 runs - GPU latency: 5.04492 ms - Host latency: 5.17188 ms (enqueue 3.58008 ms)
[10/06/2026-14:11:17] [I] Average on 1 runs - GPU latency: 5.04297 ms - Host latency: 5.17188 ms (enqueue 3.53906 ms)
[10/06/2026-14:11:17] [I] Average on 1 runs - GPU latency: 5.04102 ms - Host latency: 5.17773 ms (enqueue 3.8418 ms)
[10/06/2026-14:11:17] [I] Average on 1 runs - GPU latency: 5.03711 ms - Host latency: 5.16797 ms (enqueue 3.52539 ms)
[10/06/2026-14:11:17] [I] Average on 1 runs - GPU latency: 5.02539 ms - Host latency: 5.13867 ms (enqueue 3.54688 ms)
[10/06/2026-14:11:17] [I] Average on 1 runs - GPU latency: 5.04492 ms - Host latency: 5.17188 ms (enqueue 3.53125 ms)
[10/06/2026-14:11:17] [I] Average on 1 runs - GPU latency: 5.03516 ms - Host latency: 5.16602 ms (enqueue 3.7793 ms)
[10/06/2026-14:11:17] [I] Average on 1 runs - GPU latency: 5.04492 ms - Host latency: 5.16797 ms (enqueue 3.59961 ms)
[10/06/2026-14:11:17] [I] Average on 1 runs - GPU latency: 5.03516 ms - Host latency: 5.16016 ms (enqueue 3.53516 ms)
[10/06/2026-14:11:17] [I] Average on 1 runs - GPU latency: 5.00977 ms - Host latency: 5.18555 ms (enqueue 3.50195 ms)
[10/06/2026-14:11:17] [I] Average on 1 runs - GPU latency: 4.99219 ms - Host latency: 5.12891 ms (enqueue 3.85156 ms)
[10/06/2026-14:11:17] [I] Average on 1 runs - GPU latency: 5.0332 ms - Host latency: 5.16602 ms (enqueue 3.55664 ms)
[10/06/2026-14:11:17] [I] Average on 1 runs - GPU latency: 5.03906 ms - Host latency: 5.16602 ms (enqueue 3.59375 ms)
[10/06/2026-14:11:17] [I] Average on 1 runs - GPU latency: 5.04688 ms - Host latency: 5.22852 ms (enqueue 4.08203 ms)
[10/06/2026-14:11:17] [I] Average on 1 runs - GPU latency: 5.04492 ms - Host latency: 5.19336 ms (enqueue 3.54688 ms)
[10/06/2026-14:11:17] [I] Average on 1 runs - GPU latency: 5.03516 ms - Host latency: 5.17578 ms (enqueue 3.53711 ms)
[10/06/2026-14:11:17] [I] Average on 1 runs - GPU latency: 5.03906 ms - Host latency: 5.1875 ms (enqueue 3.53125 ms)
[10/06/2026-14:11:17] [I] Average on 1 runs - GPU latency: 5.0332 ms - Host latency: 5.17578 ms (enqueue 3.39648 ms)
[10/06/2026-14:11:17] [I] Average on 1 runs - GPU latency: 5.03516 ms - Host latency: 5.17188 ms (enqueue 3.52539 ms)
[10/06/2026-14:11:17] [I] Average on 1 runs - GPU latency: 5 ms - Host latency: 5.13086 ms (enqueue 3.52539 ms)
[10/06/2026-14:11:17] [I] Average on 1 runs - GPU latency: 5.0332 ms - Host latency: 5.20117 ms (enqueue 3.80469 ms)
[10/06/2026-14:11:17] [I] Average on 1 runs - GPU latency: 5.03516 ms - Host latency: 5.16602 ms (enqueue 3.4375 ms)
[10/06/2026-14:11:17] [I] Average on 1 runs - GPU latency: 5.04688 ms - Host latency: 5.19141 ms (enqueue 3.54492 ms)
[10/06/2026-14:11:17] [I] Average on 1 runs - GPU latency: 5.04688 ms - Host latency: 5.20312 ms (enqueue 3.48828 ms)
[10/06/2026-14:11:17] [I] Average on 1 runs - GPU latency: 5.03711 ms - Host latency: 5.18164 ms (enqueue 3.53906 ms)
[10/06/2026-14:11:17] [I] Average on 1 runs - GPU latency: 5.0293 ms - Host latency: 5.24609 ms (enqueue 3.87109 ms)
[10/06/2026-14:11:17] [I] Average on 1 runs - GPU latency: 5.03516 ms - Host latency: 5.17773 ms (enqueue 3.54492 ms)
[10/06/2026-14:11:17] [I] Average on 1 runs - GPU latency: 5.02539 ms - Host latency: 5.1543 ms (enqueue 3.58398 ms)
[10/06/2026-14:11:17] [I] Average on 1 runs - GPU latency: 5.04102 ms - Host latency: 5.16797 ms (enqueue 3.54688 ms)
[10/06/2026-14:11:17] [I] Average on 1 runs - GPU latency: 4.99219 ms - Host latency: 5.14648 ms (enqueue 3.79883 ms)
[10/06/2026-14:11:17] [I] Average on 1 runs - GPU latency: 5.01758 ms - Host latency: 5.16602 ms (enqueue 3.44727 ms)
[10/06/2026-14:11:17] [I] Average on 1 runs - GPU latency: 5.03516 ms - Host latency: 5.15625 ms (enqueue 3.54102 ms)
[10/06/2026-14:11:17] [I] Average on 1 runs - GPU latency: 5.03516 ms - Host latency: 5.15625 ms (enqueue 3.52344 ms)
[10/06/2026-14:11:17] [I] Average on 1 runs - GPU latency: 4.99805 ms - Host latency: 5.13477 ms (enqueue 3.53516 ms)
[10/06/2026-14:11:17] [I] 
[10/06/2026-14:11:17] [I] === Performance summary ===
[10/06/2026-14:11:17] [I] Throughput: 198.474 qps
[10/06/2026-14:11:17] [I] Latency: min = 5.0918 ms, max = 5.26855 ms, mean = 5.16809 ms, median = 5.16992 ms, percentile(90%) = 5.18652 ms, percentile(95%) = 5.19482 ms, percentile(99%) = 5.21875 ms
[10/06/2026-14:11:17] [I] Enqueue Time: min = 2.06055 ms, max = 4.39844 ms, mean = 3.57721 ms, median = 3.56055 ms, percentile(90%) = 3.79907 ms, percentile(95%) = 3.83691 ms, percentile(99%) = 3.97656 ms
[10/06/2026-14:11:17] [I] H2D Latency: min = 0.0996094 ms, max = 0.22168 ms, mean = 0.127696 ms, median = 0.126953 ms, percentile(90%) = 0.140625 ms, percentile(95%) = 0.148438 ms, percentile(99%) = 0.172852 ms
[10/06/2026-14:11:17] [I] GPU Compute Time: min = 4.96777 ms, max = 5.05908 ms, mean = 5.03391 ms, median = 5.03711 ms, percentile(90%) = 5.04492 ms, percentile(95%) = 5.04712 ms, percentile(99%) = 5.05176 ms
[10/06/2026-14:11:17] [I] D2H Latency: min = 0.00390625 ms, max = 0.0107422 ms, mean = 0.00649463 ms, median = 0.00634766 ms, percentile(90%) = 0.0078125 ms, percentile(95%) = 0.00878906 ms, percentile(99%) = 0.00976562 ms
[10/06/2026-14:11:17] [I] Total Host Walltime: 15.0146 s
[10/06/2026-14:11:17] [I] Total GPU Compute Time: 15.001 s
[10/06/2026-14:11:17] [I] Explanations of the performance metrics are printed in the verbose logs.
[10/06/2026-14:11:17] [I] 
&&&& PASSED TensorRT.trtexec [TensorRT v100300] # /usr/src/tensorrt/bin/trtexec --loadEngine=/tmp/yolo26n_84172_uint8_fp16_opt3.engine --warmUp=3000 --duration=15 --idleTime=0 --avgRuns=1
