&&&& RUNNING TensorRT.trtexec [TensorRT v100300] # /usr/src/tensorrt/bin/trtexec --loadEngine=/tmp/yolo26n_84172_uint8_fp16_opt3.engine --warmUp=3000 --duration=15 --idleTime=4 --avgRuns=1
[10/04/2026-21:59:21] [I] === Model Options ===
[10/04/2026-21:59:21] [I] Format: *
[10/04/2026-21:59:21] [I] Model: 
[10/04/2026-21:59:21] [I] Output:
[10/04/2026-21:59:21] [I] 
[10/04/2026-21:59:21] [I] === System Options ===
[10/04/2026-21:59:21] [I] Device: 0
[10/04/2026-21:59:21] [I] DLACore: 
[10/04/2026-21:59:21] [I] Plugins:
[10/04/2026-21:59:21] [I] setPluginsToSerialize:
[10/04/2026-21:59:21] [I] dynamicPlugins:
[10/04/2026-21:59:21] [I] ignoreParsedPluginLibs: 0
[10/04/2026-21:59:21] [I] 
[10/04/2026-21:59:21] [I] === Inference Options ===
[10/04/2026-21:59:21] [I] Batch: Explicit
[10/04/2026-21:59:21] [I] Input inference shapes: model
[10/04/2026-21:59:21] [I] Iterations: 10
[10/04/2026-21:59:21] [I] Duration: 15s (+ 3000ms warm up)
[10/04/2026-21:59:21] [I] Sleep time: 0ms
[10/04/2026-21:59:21] [I] Idle time: 4ms
[10/04/2026-21:59:21] [I] Inference Streams: 1
[10/04/2026-21:59:21] [I] ExposeDMA: Disabled
[10/04/2026-21:59:21] [I] Data transfers: Enabled
[10/04/2026-21:59:21] [I] Spin-wait: Disabled
[10/04/2026-21:59:21] [I] Multithreading: Disabled
[10/04/2026-21:59:21] [I] CUDA Graph: Disabled
[10/04/2026-21:59:21] [I] Separate profiling: Disabled
[10/04/2026-21:59:21] [I] Time Deserialize: Disabled
[10/04/2026-21:59:21] [I] Time Refit: Disabled
[10/04/2026-21:59:21] [I] NVTX verbosity: 0
[10/04/2026-21:59:21] [I] Persistent Cache Ratio: 0
[10/04/2026-21:59:21] [I] Optimization Profile Index: 0
[10/04/2026-21:59:21] [I] Weight Streaming Budget: 100.000000%
[10/04/2026-21:59:21] [I] Inputs:
[10/04/2026-21:59:21] [I] Debug Tensor Save Destinations:
[10/04/2026-21:59:21] [I] === Reporting Options ===
[10/04/2026-21:59:21] [I] Verbose: Disabled
[10/04/2026-21:59:21] [I] Averages: 1 inferences
[10/04/2026-21:59:21] [I] Percentiles: 90,95,99
[10/04/2026-21:59:21] [I] Dump refittable layers:Disabled
[10/04/2026-21:59:21] [I] Dump output: Disabled
[10/04/2026-21:59:21] [I] Profile: Disabled
[10/04/2026-21:59:21] [I] Export timing to JSON file: 
[10/04/2026-21:59:21] [I] Export output to JSON file: 
[10/04/2026-21:59:21] [I] Export profile to JSON file: 
[10/04/2026-21:59:21] [I] 
[10/04/2026-21:59:21] [I] === Device Information ===
[10/04/2026-21:59:21] [I] Available Devices: 
[10/04/2026-21:59:21] [I]   Device 0: "Orin" UUID: GPU-6e16c2c1-e394-5324-8f2e-63a975968f4e
[10/04/2026-21:59:21] [I] Selected Device: Orin
[10/04/2026-21:59:21] [I] Selected Device ID: 0
[10/04/2026-21:59:21] [I] Selected Device UUID: GPU-6e16c2c1-e394-5324-8f2e-63a975968f4e
[10/04/2026-21:59:21] [I] Compute Capability: 8.7
[10/04/2026-21:59:21] [I] SMs: 8
[10/04/2026-21:59:21] [I] Device Global Memory: 7607 MiB
[10/04/2026-21:59:21] [I] Shared Memory per SM: 164 KiB
[10/04/2026-21:59:21] [I] Memory Bus Width: 128 bits (ECC disabled)
[10/04/2026-21:59:21] [I] Application Compute Clock Rate: 1.02 GHz
[10/04/2026-21:59:21] [I] Application Memory Clock Rate: 1.02 GHz
[10/04/2026-21:59:21] [I] 
[10/04/2026-21:59:21] [I] Note: The application clock rates do not reflect the actual clock rates that the GPU is currently running at.
[10/04/2026-21:59:21] [I] 
[10/04/2026-21:59:21] [I] TensorRT version: 10.3.0
[10/04/2026-21:59:21] [I] Loading standard plugins
[10/04/2026-21:59:21] [I] [TRT] Loaded engine size: 7 MiB
[10/04/2026-21:59:21] [I] Engine deserialized in 0.0818153 sec.
[10/04/2026-21:59:21] [I] [TRT] [MemUsageChange] TensorRT-managed allocation in IExecutionContext creation: CPU +0, GPU +12, now: CPU 0, GPU 16 (MiB)
[10/04/2026-21:59:21] [I] Setting persistentCacheLimit to 0 bytes.
[10/04/2026-21:59:21] [I] Created execution context with device memory size: 12.207 MiB
[10/04/2026-21:59:21] [I] Using random values for input images
[10/04/2026-21:59:21] [I] Input binding for images with dimensions 1x640x640x3 is created.
[10/04/2026-21:59:21] [I] Output binding for output0 with dimensions 1x300x6 is created.
[10/04/2026-21:59:21] [I] Starting inference
[10/04/2026-21:59:39] [I] Warmup completed 660 queries over 3000 ms
[10/04/2026-21:59:39] [I] Timing trace has 1777 queries over 15.0201 s
[10/04/2026-21:59:39] [I] 
[10/04/2026-21:59:39] [I] === Trace details ===
[10/04/2026-21:59:39] [I] Trace averages of 1 runs:
[10/04/2026-21:59:39] [I] Average on 1 runs - GPU latency: 4.26074 ms - Host latency: 4.39575 ms (enqueue 3.09863 ms)
[10/04/2026-21:59:39] [I] Average on 1 runs - GPU latency: 4.21729 ms - Host latency: 4.35815 ms (enqueue 3.12427 ms)
[10/04/2026-21:59:39] [I] Average on 1 runs - GPU latency: 4.23657 ms - Host latency: 4.30298 ms (enqueue 3.18042 ms)
[10/04/2026-21:59:39] [I] Average on 1 runs - GPU latency: 4.23389 ms - Host latency: 4.30396 ms (enqueue 3.27905 ms)
[10/04/2026-21:59:39] [I] Average on 1 runs - GPU latency: 4.22754 ms - Host latency: 4.29541 ms (enqueue 3.38037 ms)
[10/04/2026-21:59:39] [I] Average on 1 runs - GPU latency: 4.44604 ms - Host latency: 4.5166 ms (enqueue 3.93677 ms)
[10/04/2026-21:59:39] [I] Average on 1 runs - GPU latency: 4.34619 ms - Host latency: 4.4126 ms (enqueue 3.84814 ms)
[10/04/2026-21:59:39] [I] Average on 1 runs - GPU latency: 4.45679 ms - Host latency: 4.52515 ms (enqueue 3.97974 ms)
[10/04/2026-21:59:39] [I] Average on 1 runs - GPU latency: 4.22314 ms - Host latency: 4.2876 ms (enqueue 3.54663 ms)
[10/04/2026-21:59:39] [I] Average on 1 runs - GPU latency: 4.43677 ms - Host latency: 4.52344 ms (enqueue 3.98389 ms)
[10/04/2026-21:59:39] [I] Average on 1 runs - GPU latency: 4.32788 ms - Host latency: 4.39307 ms (enqueue 3.88013 ms)
[10/04/2026-21:59:39] [I] Average on 1 runs - GPU latency: 4.39966 ms - Host latency: 4.46997 ms (enqueue 3.94775 ms)
[10/04/2026-21:59:39] [I] Average on 1 runs - GPU latency: 4.63818 ms - Host latency: 4.70581 ms (enqueue 4.21753 ms)
[10/04/2026-21:59:39] [I] Average on 1 runs - GPU latency: 4.62769 ms - Host latency: 4.69385 ms (enqueue 4.20117 ms)
[10/04/2026-21:59:39] [I] Average on 1 runs - GPU latency: 4.62231 ms - Host latency: 4.68994 ms (enqueue 4.19775 ms)
[10/04/2026-21:59:39] [I] Average on 1 runs - GPU latency: 4.66553 ms - Host latency: 4.73218 ms (enqueue 4.23853 ms)
[10/04/2026-21:59:39] [I] Average on 1 runs - GPU latency: 4.63696 ms - Host latency: 4.70532 ms (enqueue 4.21216 ms)
[10/04/2026-21:59:39] [I] Average on 1 runs - GPU latency: 4.59668 ms - Host latency: 4.66406 ms (enqueue 4.17065 ms)
[10/04/2026-21:59:39] [I] Average on 1 runs - GPU latency: 4.5835 ms - Host latency: 4.65161 ms (enqueue 4.15234 ms)
[10/04/2026-21:59:39] [I] Average on 1 runs - GPU latency: 4.51416 ms - Host latency: 4.58276 ms (enqueue 4.18872 ms)
[10/04/2026-21:59:39] [I] Average on 1 runs - GPU latency: 4.60718 ms - Host latency: 4.67358 ms (enqueue 4.18042 ms)
[10/04/2026-21:59:39] [I] Average on 1 runs - GPU latency: 4.57202 ms - Host latency: 4.646 ms (enqueue 4.14111 ms)
[10/04/2026-21:59:39] [I] Average on 1 runs - GPU latency: 4.6355 ms - Host latency: 4.70801 ms (enqueue 4.18726 ms)
[10/04/2026-21:59:39] [I] Average on 1 runs - GPU latency: 4.58862 ms - Host latency: 4.65625 ms (enqueue 4.15747 ms)
[10/04/2026-21:59:39] [I] Average on 1 runs - GPU latency: 4.63916 ms - Host latency: 4.71143 ms (enqueue 4.21313 ms)
[10/04/2026-21:59:39] [I] Average on 1 runs - GPU latency: 4.63501 ms - Host latency: 4.70337 ms (enqueue 4.20215 ms)
[10/04/2026-21:59:39] [I] Average on 1 runs - GPU latency: 4.63892 ms - Host latency: 4.70557 ms (enqueue 4.21606 ms)
[10/04/2026-21:59:39] [I] Average on 1 runs - GPU latency: 4.59912 ms - Host latency: 4.6665 ms (enqueue 4.16846 ms)
[10/04/2026-21:59:39] [I] Average on 1 runs - GPU latency: 4.62476 ms - Host latency: 4.69141 ms (enqueue 4.19556 ms)
[10/04/2026-21:59:39] [I] Average on 1 runs - GPU latency: 4.60571 ms - Host latency: 4.68286 ms (enqueue 4.18188 ms)
[10/04/2026-21:59:39] [I] Average on 1 runs - GPU latency: 4.55884 ms - Host latency: 4.62695 ms (enqueue 4.17188 ms)
[10/04/2026-21:59:39] [I] Average on 1 runs - GPU latency: 4.61157 ms - Host latency: 4.68066 ms (enqueue 4.18579 ms)
[10/04/2026-21:59:39] [I] Average on 1 runs - GPU latency: 4.62695 ms - Host latency: 4.70068 ms (enqueue 4.19849 ms)
[10/04/2026-21:59:39] [I] Average on 1 runs - GPU latency: 4.61304 ms - Host latency: 4.68286 ms (enqueue 4.18433 ms)
[10/04/2026-21:59:39] [I] Average on 1 runs - GPU latency: 4.59033 ms - Host latency: 4.65845 ms (enqueue 4.15625 ms)
[10/04/2026-21:59:39] [I] Average on 1 runs - GPU latency: 4.59473 ms - Host latency: 4.66699 ms (enqueue 4.16846 ms)
[10/04/2026-21:59:39] [I] Average on 1 runs - GPU latency: 4.61401 ms - Host latency: 4.68066 ms (enqueue 4.17627 ms)
[10/04/2026-21:59:39] [I] Average on 1 runs - GPU latency: 4.61841 ms - Host latency: 4.68481 ms (enqueue 4.18774 ms)
[10/04/2026-21:59:39] [I] Average on 1 runs - GPU latency: 4.61499 ms - Host latency: 4.68237 ms (enqueue 4.18237 ms)
[10/04/2026-21:59:39] [I] Average on 1 runs - GPU latency: 4.60669 ms - Host latency: 4.67334 ms (enqueue 4.17725 ms)
[10/04/2026-21:59:39] [I] Average on 1 runs - GPU latency: 4.57788 ms - Host latency: 4.65088 ms (enqueue 4.18384 ms)
[10/04/2026-21:59:39] [I] Average on 1 runs - GPU latency: 4.60132 ms - Host latency: 4.66846 ms (enqueue 4.18311 ms)
[10/04/2026-21:59:39] [I] Average on 1 runs - GPU latency: 4.61401 ms - Host latency: 4.68604 ms (enqueue 4.18921 ms)
[10/04/2026-21:59:39] [I] Average on 1 runs - GPU latency: 4.66187 ms - Host latency: 4.73364 ms (enqueue 4.23511 ms)
[10/04/2026-21:59:39] [I] Average on 1 runs - GPU latency: 4.64429 ms - Host latency: 4.71191 ms (enqueue 4.21533 ms)
[10/04/2026-21:59:39] [I] Average on 1 runs - GPU latency: 4.58838 ms - Host latency: 4.65576 ms (enqueue 4.15771 ms)
[10/04/2026-21:59:39] [I] Average on 1 runs - GPU latency: 4.57959 ms - Host latency: 4.646 ms (enqueue 4.15039 ms)
[10/04/2026-21:59:39] [I] Average on 1 runs - GPU latency: 4.64038 ms - Host latency: 4.7085 ms (enqueue 4.21021 ms)
[10/04/2026-21:59:39] [I] Average on 1 runs - GPU latency: 4.58667 ms - Host latency: 4.65381 ms (enqueue 4.15698 ms)
[10/04/2026-21:59:39] [I] Average on 1 runs - GPU latency: 4.65503 ms - Host latency: 4.72461 ms (enqueue 4.21973 ms)
[10/04/2026-21:59:39] [I] Average on 1 runs - GPU latency: 4.6145 ms - Host latency: 4.69336 ms (enqueue 4.19116 ms)
[10/04/2026-21:59:39] [I] Average on 1 runs - GPU latency: 4.54077 ms - Host latency: 4.63159 ms (enqueue 4.15942 ms)
[10/04/2026-21:59:39] [I] Average on 1 runs - GPU latency: 4.61182 ms - Host latency: 4.67847 ms (enqueue 4.18872 ms)
[10/04/2026-21:59:39] [I] Average on 1 runs - GPU latency: 4.63477 ms - Host latency: 4.70166 ms (enqueue 4.20752 ms)
[10/04/2026-21:59:39] [I] Average on 1 runs - GPU latency: 4.59302 ms - Host latency: 4.65991 ms (enqueue 4.16479 ms)
[10/04/2026-21:59:39] [I] Average on 1 runs - GPU latency: 4.65552 ms - Host latency: 4.72314 ms (enqueue 4.23267 ms)
[10/04/2026-21:59:39] [I] Average on 1 runs - GPU latency: 4.76904 ms - Host latency: 4.85083 ms (enqueue 4.34253 ms)
[10/04/2026-21:59:39] [I] Average on 1 runs - GPU latency: 4.60352 ms - Host latency: 4.67993 ms (enqueue 4.17578 ms)
[10/04/2026-21:59:39] [I] Average on 1 runs - GPU latency: 4.5813 ms - Host latency: 4.65552 ms (enqueue 4.15234 ms)
[10/04/2026-21:59:39] [I] Average on 1 runs - GPU latency: 4.60669 ms - Host latency: 4.68384 ms (enqueue 4.18115 ms)
[10/04/2026-21:59:39] [I] Average on 1 runs - GPU latency: 4.57495 ms - Host latency: 4.64209 ms (enqueue 4.14502 ms)
[10/04/2026-21:59:39] [I] Average on 1 runs - GPU latency: 4.58691 ms - Host latency: 4.65381 ms (enqueue 4.18823 ms)
[10/04/2026-21:59:39] [I] Average on 1 runs - GPU latency: 4.63745 ms - Host latency: 4.70557 ms (enqueue 4.22192 ms)
[10/04/2026-21:59:39] [I] Average on 1 runs - GPU latency: 4.61646 ms - Host latency: 4.68359 ms (enqueue 4.19116 ms)
[10/04/2026-21:59:39] [I] Average on 1 runs - GPU latency: 4.61206 ms - Host latency: 4.6875 ms (enqueue 4.18921 ms)
[10/04/2026-21:59:39] [I] Average on 1 runs - GPU latency: 4.59839 ms - Host latency: 4.67383 ms (enqueue 4.17285 ms)
[10/04/2026-21:59:39] [I] Average on 1 runs - GPU latency: 4.58887 ms - Host latency: 4.65601 ms (enqueue 4.16431 ms)
[10/04/2026-21:59:39] [I] Average on 1 runs - GPU latency: 4.6377 ms - Host latency: 4.70508 ms (enqueue 4.20947 ms)
[10/04/2026-21:59:39] [I] Average on 1 runs - GPU latency: 4.59082 ms - Host latency: 4.65771 ms (enqueue 4.16089 ms)
[10/04/2026-21:59:39] [I] Average on 1 runs - GPU latency: 4.61621 ms - Host latency: 4.68384 ms (enqueue 4.1936 ms)
[10/04/2026-21:59:39] [I] Average on 1 runs - GPU latency: 4.59058 ms - Host latency: 4.6582 ms (enqueue 4.16162 ms)
[10/04/2026-21:59:39] [I] Average on 1 runs - GPU latency: 4.58423 ms - Host latency: 4.6521 ms (enqueue 4.15601 ms)
[10/04/2026-21:59:39] [I] Average on 1 runs - GPU latency: 4.59131 ms - Host latency: 4.65942 ms (enqueue 4.19971 ms)
[10/04/2026-21:59:39] [I] Average on 1 runs - GPU latency: 4.57739 ms - Host latency: 4.65332 ms (enqueue 4.1582 ms)
[10/04/2026-21:59:39] [I] Average on 1 runs - GPU latency: 4.6084 ms - Host latency: 4.67603 ms (enqueue 4.17896 ms)
[10/04/2026-21:59:39] [I] Average on 1 runs - GPU latency: 4.68604 ms - Host latency: 4.75317 ms (enqueue 4.25342 ms)
[10/04/2026-21:59:39] [I] Average on 1 runs - GPU latency: 4.62671 ms - Host latency: 4.69385 ms (enqueue 4.20239 ms)
[10/04/2026-21:59:39] [I] Average on 1 runs - GPU latency: 4.63672 ms - Host latency: 4.70386 ms (enqueue 4.20264 ms)
[10/04/2026-21:59:39] [I] Average on 1 runs - GPU latency: 4.61206 ms - Host latency: 4.67896 ms (enqueue 4.19043 ms)
[10/04/2026-21:59:39] [I] Average on 1 runs - GPU latency: 4.65088 ms - Host latency: 4.72876 ms (enqueue 4.14966 ms)
[10/04/2026-21:59:39] [I] Average on 1 runs - GPU latency: 4.66235 ms - Host latency: 4.73389 ms (enqueue 4.16699 ms)
[10/04/2026-21:59:39] [I] Average on 1 runs - GPU latency: 4.64893 ms - Host latency: 4.72095 ms (enqueue 4.16016 ms)
[10/04/2026-21:59:39] [I] Average on 1 runs - GPU latency: 4.6604 ms - Host latency: 4.73706 ms (enqueue 4.15894 ms)
[10/04/2026-21:59:39] [I] Average on 1 runs - GPU latency: 4.58667 ms - Host latency: 4.65796 ms (enqueue 4.14038 ms)
[10/04/2026-21:59:39] [I] Average on 1 runs - GPU latency: 4.65186 ms - Host latency: 4.7229 ms (enqueue 4.17188 ms)
[10/04/2026-21:59:39] [I] Average on 1 runs - GPU latency: 4.65063 ms - Host latency: 4.72827 ms (enqueue 4.15186 ms)
[10/04/2026-21:59:39] [I] Average on 1 runs - GPU latency: 4.70239 ms - Host latency: 4.77954 ms (enqueue 4.20068 ms)
[10/04/2026-21:59:39] [I] Average on 1 runs - GPU latency: 4.573 ms - Host latency: 4.64844 ms (enqueue 4.1875 ms)
[10/04/2026-21:59:39] [I] Average on 1 runs - GPU latency: 4.57397 ms - Host latency: 4.64575 ms (enqueue 4.20312 ms)
[10/04/2026-21:59:39] [I] Average on 1 runs - GPU latency: 4.55176 ms - Host latency: 4.62305 ms (enqueue 4.12695 ms)
[10/04/2026-21:59:39] [I] Average on 1 runs - GPU latency: 4.56958 ms - Host latency: 4.64673 ms (enqueue 4.18457 ms)
[10/04/2026-21:59:39] [I] Average on 1 runs - GPU latency: 4.56958 ms - Host latency: 4.65698 ms (enqueue 4.20703 ms)
[10/04/2026-21:59:39] [I] Average on 1 runs - GPU latency: 4.57007 ms - Host latency: 4.64136 ms (enqueue 4.18994 ms)
[10/04/2026-21:59:39] [I] Average on 1 runs - GPU latency: 4.57861 ms - Host latency: 4.65063 ms (enqueue 4.15869 ms)
[10/04/2026-21:59:39] [I] Average on 1 runs - GPU latency: 4.5686 ms - Host latency: 4.63965 ms (enqueue 4.22656 ms)
[10/04/2026-21:59:39] [I] Average on 1 runs - GPU latency: 4.54736 ms - Host latency: 4.62061 ms (enqueue 4.19312 ms)
[10/04/2026-21:59:39] [I] Average on 1 runs - GPU latency: 4.57031 ms - Host latency: 4.64526 ms (enqueue 4.19043 ms)
[10/04/2026-21:59:39] [I] Average on 1 runs - GPU latency: 4.57788 ms - Host latency: 4.65015 ms (enqueue 4.19727 ms)
[10/04/2026-21:59:39] [I] Average on 1 runs - GPU latency: 4.57202 ms - Host latency: 4.64355 ms (enqueue 4.16382 ms)
[10/04/2026-21:59:39] [I] Average on 1 runs - GPU latency: 4.56445 ms - Host latency: 4.63696 ms (enqueue 4.19458 ms)
[10/04/2026-21:59:39] [I] Average on 1 runs - GPU latency: 4.57397 ms - Host latency: 4.646 ms (enqueue 4.21411 ms)
[10/04/2026-21:59:39] [I] Average on 1 runs - GPU latency: 4.56201 ms - Host latency: 4.63647 ms (enqueue 4.19238 ms)
[10/04/2026-21:59:39] [I] Average on 1 runs - GPU latency: 4.573 ms - Host latency: 4.64478 ms (enqueue 4.1936 ms)
[10/04/2026-21:59:39] [I] Average on 1 runs - GPU latency: 4.57422 ms - Host latency: 4.64673 ms (enqueue 4.22314 ms)
[10/04/2026-21:59:39] [I] Average on 1 runs - GPU latency: 4.56812 ms - Host latency: 4.63965 ms (enqueue 4.16724 ms)
[10/04/2026-21:59:39] [I] Average on 1 runs - GPU latency: 4.57349 ms - Host latency: 4.64746 ms (enqueue 4.18701 ms)
[10/04/2026-21:59:39] [I] Average on 1 runs - GPU latency: 4.57397 ms - Host latency: 4.64575 ms (enqueue 4.19971 ms)
[10/04/2026-21:59:39] [I] Average on 1 runs - GPU latency: 4.55127 ms - Host latency: 4.62549 ms (enqueue 4.20557 ms)
[10/04/2026-21:59:39] [I] Average on 1 runs - GPU latency: 4.56567 ms - Host latency: 4.63818 ms (enqueue 4.23511 ms)
[10/04/2026-21:59:39] [I] Average on 1 runs - GPU latency: 4.56665 ms - Host latency: 4.64014 ms (enqueue 4.22485 ms)
[10/04/2026-21:59:39] [I] Average on 1 runs - GPU latency: 4.57349 ms - Host latency: 4.64429 ms (enqueue 4.16895 ms)
[10/04/2026-21:59:39] [I] Average on 1 runs - GPU latency: 4.57153 ms - Host latency: 4.64404 ms (enqueue 4.198 ms)
[10/04/2026-21:59:39] [I] Average on 1 runs - GPU latency: 4.57007 ms - Host latency: 4.6438 ms (enqueue 4.21655 ms)
[10/04/2026-21:59:39] [I] Average on 1 runs - GPU latency: 4.56226 ms - Host latency: 4.63379 ms (enqueue 4.17529 ms)
[10/04/2026-21:59:39] [I] Average on 1 runs - GPU latency: 4.56836 ms - Host latency: 4.64917 ms (enqueue 4.22363 ms)
[10/04/2026-21:59:39] [I] Average on 1 runs - GPU latency: 4.57129 ms - Host latency: 4.64453 ms (enqueue 4.21558 ms)
[10/04/2026-21:59:39] [I] Average on 1 runs - GPU latency: 4.56958 ms - Host latency: 4.65088 ms (enqueue 4.20923 ms)
[10/04/2026-21:59:39] [I] Average on 1 runs - GPU latency: 4.5708 ms - Host latency: 4.64282 ms (enqueue 4.22437 ms)
[10/04/2026-21:59:39] [I] Average on 1 runs - GPU latency: 4.56689 ms - Host latency: 4.63818 ms (enqueue 4.24634 ms)
[10/04/2026-21:59:39] [I] Average on 1 runs - GPU latency: 4.56934 ms - Host latency: 4.6416 ms (enqueue 4.19067 ms)
[10/04/2026-21:59:39] [I] Average on 1 runs - GPU latency: 4.57886 ms - Host latency: 4.65039 ms (enqueue 4.24829 ms)
[10/04/2026-21:59:39] [I] Average on 1 runs - GPU latency: 4.57031 ms - Host latency: 4.64355 ms (enqueue 4.29199 ms)
[10/04/2026-21:59:39] [I] Average on 1 runs - GPU latency: 4.5686 ms - Host latency: 4.64087 ms (enqueue 4.22046 ms)
[10/04/2026-21:59:39] [I] Average on 1 runs - GPU latency: 4.573 ms - Host latency: 4.64575 ms (enqueue 4.18677 ms)
[10/04/2026-21:59:39] [I] Average on 1 runs - GPU latency: 4.55054 ms - Host latency: 4.62231 ms (enqueue 4.15723 ms)
[10/04/2026-21:59:39] [I] Average on 1 runs - GPU latency: 4.70703 ms - Host latency: 4.78247 ms (enqueue 4.25708 ms)
[10/04/2026-21:59:39] [I] Average on 1 runs - GPU latency: 5.14502 ms - Host latency: 5.22266 ms (enqueue 4.2146 ms)
[10/04/2026-21:59:39] [I] Average on 1 runs - GPU latency: 5.13672 ms - Host latency: 5.21436 ms (enqueue 4.28125 ms)
[10/04/2026-21:59:39] [I] Average on 1 runs - GPU latency: 5.15234 ms - Host latency: 5.23047 ms (enqueue 4.29297 ms)
[10/04/2026-21:59:39] [I] Average on 1 runs - GPU latency: 5.1543 ms - Host latency: 5.23975 ms (enqueue 4.28418 ms)
[10/04/2026-21:59:39] [I] Average on 1 runs - GPU latency: 5.14307 ms - Host latency: 5.22314 ms (enqueue 4.25415 ms)
[10/04/2026-21:59:39] [I] Average on 1 runs - GPU latency: 5.16064 ms - Host latency: 5.24097 ms (enqueue 4.26733 ms)
[10/04/2026-21:59:39] [I] Average on 1 runs - GPU latency: 5.13916 ms - Host latency: 5.2373 ms (enqueue 4.2998 ms)
[10/04/2026-21:59:39] [I] Average on 1 runs - GPU latency: 5.14258 ms - Host latency: 5.22119 ms (enqueue 4.24414 ms)
[10/04/2026-21:59:39] [I] Average on 1 runs - GPU latency: 5.13184 ms - Host latency: 5.21094 ms (enqueue 4.26416 ms)
[10/04/2026-21:59:39] [I] Average on 1 runs - GPU latency: 5.13232 ms - Host latency: 5.20947 ms (enqueue 4.22656 ms)
[10/04/2026-21:59:39] [I] Average on 1 runs - GPU latency: 5.11963 ms - Host latency: 5.1958 ms (enqueue 4.26221 ms)
[10/04/2026-21:59:39] [I] Average on 1 runs - GPU latency: 5.12695 ms - Host latency: 5.20459 ms (enqueue 4.28027 ms)
[10/04/2026-21:59:39] [I] Average on 1 runs - GPU latency: 5.13525 ms - Host latency: 5.21191 ms (enqueue 4.30078 ms)
[10/04/2026-21:59:39] [I] Average on 1 runs - GPU latency: 5.13477 ms - Host latency: 5.21143 ms (enqueue 4.29102 ms)
[10/04/2026-21:59:39] [I] Average on 1 runs - GPU latency: 5.14062 ms - Host latency: 5.22021 ms (enqueue 4.22021 ms)
[10/04/2026-21:59:39] [I] Average on 1 runs - GPU latency: 5.14014 ms - Host latency: 5.2168 ms (enqueue 4.25684 ms)
[10/04/2026-21:59:39] [I] Average on 1 runs - GPU latency: 5.13525 ms - Host latency: 5.21729 ms (enqueue 4.25537 ms)
[10/04/2026-21:59:39] [I] Average on 1 runs - GPU latency: 5.13428 ms - Host latency: 5.21826 ms (enqueue 4.24902 ms)
[10/04/2026-21:59:39] [I] Average on 1 runs - GPU latency: 5.12451 ms - Host latency: 5.20605 ms (enqueue 4.23633 ms)
[10/04/2026-21:59:39] [I] Average on 1 runs - GPU latency: 5.13867 ms - Host latency: 5.22217 ms (enqueue 4.29004 ms)
[10/04/2026-21:59:39] [I] Average on 1 runs - GPU latency: 5.13818 ms - Host latency: 5.22314 ms (enqueue 4.25488 ms)
[10/04/2026-21:59:39] [I] Average on 1 runs - GPU latency: 5.13379 ms - Host latency: 5.21094 ms (enqueue 4.26025 ms)
[10/04/2026-21:59:39] [I] Average on 1 runs - GPU latency: 5.11865 ms - Host latency: 5.19434 ms (enqueue 4.28955 ms)
[10/04/2026-21:59:39] [I] Average on 1 runs - GPU latency: 5.12793 ms - Host latency: 5.21143 ms (enqueue 4.28857 ms)
[10/04/2026-21:59:39] [I] Average on 1 runs - GPU latency: 5.12549 ms - Host latency: 5.2041 ms (enqueue 4.23828 ms)
[10/04/2026-21:59:39] [I] Average on 1 runs - GPU latency: 5.13135 ms - Host latency: 5.21533 ms (enqueue 4.2583 ms)
[10/04/2026-21:59:39] [I] Average on 1 runs - GPU latency: 5.13721 ms - Host latency: 5.21436 ms (enqueue 4.24268 ms)
[10/04/2026-21:59:39] [I] Average on 1 runs - GPU latency: 5.14111 ms - Host latency: 5.21875 ms (enqueue 4.27197 ms)
[10/04/2026-21:59:39] [I] Average on 1 runs - GPU latency: 5.11035 ms - Host latency: 5.18652 ms (enqueue 4.31299 ms)
[10/04/2026-21:59:39] [I] Average on 1 runs - GPU latency: 5.14502 ms - Host latency: 5.22266 ms (enqueue 4.27344 ms)
[10/04/2026-21:59:39] [I] Average on 1 runs - GPU latency: 5.15039 ms - Host latency: 5.23633 ms (enqueue 4.23975 ms)
[10/04/2026-21:59:39] [I] Average on 1 runs - GPU latency: 5.11182 ms - Host latency: 5.18994 ms (enqueue 4.24756 ms)
[10/04/2026-21:59:39] [I] Average on 1 runs - GPU latency: 5.13477 ms - Host latency: 5.21191 ms (enqueue 4.22168 ms)
[10/04/2026-21:59:39] [I] Average on 1 runs - GPU latency: 5.12939 ms - Host latency: 5.20703 ms (enqueue 4.26172 ms)
[10/04/2026-21:59:39] [I] Average on 1 runs - GPU latency: 5.11963 ms - Host latency: 5.19775 ms (enqueue 4.24512 ms)
[10/04/2026-21:59:39] [I] Average on 1 runs - GPU latency: 5.13721 ms - Host latency: 5.21631 ms (enqueue 4.23926 ms)
[10/04/2026-21:59:39] [I] Average on 1 runs - GPU latency: 5.13037 ms - Host latency: 5.20703 ms (enqueue 4.26807 ms)
[10/04/2026-21:59:39] [I] Average on 1 runs - GPU latency: 5.14209 ms - Host latency: 5.22217 ms (enqueue 4.27979 ms)
[10/04/2026-21:59:39] [I] Average on 1 runs - GPU latency: 5.13086 ms - Host latency: 5.20752 ms (enqueue 4.26758 ms)
[10/04/2026-21:59:39] [I] Average on 1 runs - GPU latency: 5.13379 ms - Host latency: 5.21387 ms (enqueue 4.25195 ms)
[10/04/2026-21:59:39] [I] Average on 1 runs - GPU latency: 5.10156 ms - Host latency: 5.17969 ms (enqueue 4.2793 ms)
[10/04/2026-21:59:39] [I] Average on 1 runs - GPU latency: 5.13184 ms - Host latency: 5.21436 ms (enqueue 4.23926 ms)
[10/04/2026-21:59:39] [I] Average on 1 runs - GPU latency: 5.1377 ms - Host latency: 5.2207 ms (enqueue 4.22363 ms)
[10/04/2026-21:59:39] [I] Average on 1 runs - GPU latency: 5.13867 ms - Host latency: 5.22168 ms (enqueue 4.29736 ms)
[10/04/2026-21:59:39] [I] Average on 1 runs - GPU latency: 5.13721 ms - Host latency: 5.21484 ms (enqueue 4.21338 ms)
[10/04/2026-21:59:39] [I] Average on 1 runs - GPU latency: 5.13477 ms - Host latency: 5.2124 ms (enqueue 4.24414 ms)
[10/04/2026-21:59:39] [I] Average on 1 runs - GPU latency: 5.1001 ms - Host latency: 5.17627 ms (enqueue 4.2168 ms)
[10/04/2026-21:59:39] [I] Average on 1 runs - GPU latency: 5.13379 ms - Host latency: 5.21973 ms (enqueue 4.26611 ms)
[10/04/2026-21:59:39] [I] Average on 1 runs - GPU latency: 5.12939 ms - Host latency: 5.2124 ms (enqueue 4.25684 ms)
[10/04/2026-21:59:39] [I] Average on 1 runs - GPU latency: 5.14111 ms - Host latency: 5.21875 ms (enqueue 4.23096 ms)
[10/04/2026-21:59:39] [I] Average on 1 runs - GPU latency: 5.1333 ms - Host latency: 5.21387 ms (enqueue 4.23975 ms)
[10/04/2026-21:59:39] [I] Average on 1 runs - GPU latency: 5.15527 ms - Host latency: 5.23193 ms (enqueue 4.24414 ms)
[10/04/2026-21:59:39] [I] Average on 1 runs - GPU latency: 5.11084 ms - Host latency: 5.1875 ms (enqueue 4.32715 ms)
[10/04/2026-21:59:39] [I] Average on 1 runs - GPU latency: 5.1333 ms - Host latency: 5.2124 ms (enqueue 4.26562 ms)
[10/04/2026-21:59:39] [I] Average on 1 runs - GPU latency: 5.12451 ms - Host latency: 5.20117 ms (enqueue 4.25098 ms)
[10/04/2026-21:59:39] [I] Average on 1 runs - GPU latency: 5.13623 ms - Host latency: 5.21289 ms (enqueue 4.27002 ms)
[10/04/2026-21:59:39] [I] Average on 1 runs - GPU latency: 5.13477 ms - Host latency: 5.21289 ms (enqueue 4.27051 ms)
[10/04/2026-21:59:39] [I] Average on 1 runs - GPU latency: 5.13477 ms - Host latency: 5.21777 ms (enqueue 4.25732 ms)
[10/04/2026-21:59:39] [I] Average on 1 runs - GPU latency: 5.10645 ms - Host latency: 5.18359 ms (enqueue 4.25537 ms)
[10/04/2026-21:59:39] [I] Average on 1 runs - GPU latency: 5.12939 ms - Host latency: 5.20557 ms (enqueue 4.24023 ms)
[10/04/2026-21:59:39] [I] Average on 1 runs - GPU latency: 5.13672 ms - Host latency: 5.2168 ms (enqueue 4.22021 ms)
[10/04/2026-21:59:39] [I] Average on 1 runs - GPU latency: 5.12842 ms - Host latency: 5.20752 ms (enqueue 4.29443 ms)
[10/04/2026-21:59:39] [I] Average on 1 runs - GPU latency: 5.14404 ms - Host latency: 5.22266 ms (enqueue 4.23438 ms)
[10/04/2026-21:59:39] [I] Average on 1 runs - GPU latency: 5.12305 ms - Host latency: 5.20166 ms (enqueue 4.229 ms)
[10/04/2026-21:59:39] [I] Average on 1 runs - GPU latency: 5.13672 ms - Host latency: 5.2168 ms (enqueue 4.24805 ms)
[10/04/2026-21:59:39] [I] Average on 1 runs - GPU latency: 5.17969 ms - Host latency: 5.25928 ms (enqueue 4.24365 ms)
[10/04/2026-21:59:39] [I] Average on 1 runs - GPU latency: 5.14795 ms - Host latency: 5.22705 ms (enqueue 4.24707 ms)
[10/04/2026-21:59:39] [I] Average on 1 runs - GPU latency: 5.14941 ms - Host latency: 5.22998 ms (enqueue 4.24023 ms)
[10/04/2026-21:59:39] [I] Average on 1 runs - GPU latency: 5.16211 ms - Host latency: 5.23926 ms (enqueue 4.25049 ms)
[10/04/2026-21:59:39] [I] Average on 1 runs - GPU latency: 5.14209 ms - Host latency: 5.21875 ms (enqueue 4.23193 ms)
[10/04/2026-21:59:39] [I] Average on 1 runs - GPU latency: 5.13867 ms - Host latency: 5.21826 ms (enqueue 4.24707 ms)
[10/04/2026-21:59:39] [I] Average on 1 runs - GPU latency: 5.15869 ms - Host latency: 5.23975 ms (enqueue 4.27832 ms)
[10/04/2026-21:59:39] [I] Average on 1 runs - GPU latency: 5.13477 ms - Host latency: 5.21338 ms (enqueue 4.22705 ms)
[10/04/2026-21:59:39] [I] Average on 1 runs - GPU latency: 5.14014 ms - Host latency: 5.21924 ms (enqueue 4.25928 ms)
[10/04/2026-21:59:39] [I] ... Omitting 1377 lines
[10/04/2026-21:59:39] [I] Average on 1 runs - GPU latency: 5.5498 ms - Host latency: 5.65234 ms (enqueue 4.3252 ms)
[10/04/2026-21:59:39] [I] Average on 1 runs - GPU latency: 5.54785 ms - Host latency: 5.62793 ms (enqueue 4.29199 ms)
[10/04/2026-21:59:39] [I] Average on 1 runs - GPU latency: 5.55078 ms - Host latency: 5.63086 ms (enqueue 4.25781 ms)
[10/04/2026-21:59:39] [I] Average on 1 runs - GPU latency: 5.5498 ms - Host latency: 5.63281 ms (enqueue 4.27441 ms)
[10/04/2026-21:59:39] [I] Average on 1 runs - GPU latency: 5.55273 ms - Host latency: 5.63379 ms (enqueue 4.27246 ms)
[10/04/2026-21:59:39] [I] Average on 1 runs - GPU latency: 5.53125 ms - Host latency: 5.61426 ms (enqueue 4.25391 ms)
[10/04/2026-21:59:39] [I] Average on 1 runs - GPU latency: 5.5293 ms - Host latency: 5.60938 ms (enqueue 4.26953 ms)
[10/04/2026-21:59:39] [I] Average on 1 runs - GPU latency: 5.53613 ms - Host latency: 5.61816 ms (enqueue 4.26758 ms)
[10/04/2026-21:59:39] [I] Average on 1 runs - GPU latency: 5.53711 ms - Host latency: 5.62109 ms (enqueue 4.35352 ms)
[10/04/2026-21:59:39] [I] Average on 1 runs - GPU latency: 5.53125 ms - Host latency: 5.61133 ms (enqueue 4.25781 ms)
[10/04/2026-21:59:39] [I] Average on 1 runs - GPU latency: 5.49805 ms - Host latency: 5.57617 ms (enqueue 4.20117 ms)
[10/04/2026-21:59:39] [I] Average on 1 runs - GPU latency: 5.53125 ms - Host latency: 5.61328 ms (enqueue 4.35156 ms)
[10/04/2026-21:59:39] [I] Average on 1 runs - GPU latency: 5.5293 ms - Host latency: 5.61133 ms (enqueue 4.24805 ms)
[10/04/2026-21:59:39] [I] Average on 1 runs - GPU latency: 5.53711 ms - Host latency: 5.61719 ms (enqueue 4.28125 ms)
[10/04/2026-21:59:39] [I] Average on 1 runs - GPU latency: 5.5293 ms - Host latency: 5.62891 ms (enqueue 4.25977 ms)
[10/04/2026-21:59:39] [I] Average on 1 runs - GPU latency: 5.53516 ms - Host latency: 5.61523 ms (enqueue 4.24609 ms)
[10/04/2026-21:59:39] [I] Average on 1 runs - GPU latency: 5.5293 ms - Host latency: 5.61133 ms (enqueue 4.28516 ms)
[10/04/2026-21:59:39] [I] Average on 1 runs - GPU latency: 5.53516 ms - Host latency: 5.61523 ms (enqueue 4.30859 ms)
[10/04/2026-21:59:39] [I] Average on 1 runs - GPU latency: 5.5293 ms - Host latency: 5.60938 ms (enqueue 4.30078 ms)
[10/04/2026-21:59:39] [I] Average on 1 runs - GPU latency: 5.53906 ms - Host latency: 5.61914 ms (enqueue 4.30078 ms)
[10/04/2026-21:59:39] [I] Average on 1 runs - GPU latency: 5.53711 ms - Host latency: 5.61914 ms (enqueue 4.29883 ms)
[10/04/2026-21:59:39] [I] Average on 1 runs - GPU latency: 5.52734 ms - Host latency: 5.60742 ms (enqueue 4.26758 ms)
[10/04/2026-21:59:39] [I] Average on 1 runs - GPU latency: 5.53516 ms - Host latency: 5.61523 ms (enqueue 4.29883 ms)
[10/04/2026-21:59:39] [I] Average on 1 runs - GPU latency: 5.52539 ms - Host latency: 5.61523 ms (enqueue 4.27539 ms)
[10/04/2026-21:59:39] [I] Average on 1 runs - GPU latency: 5.5332 ms - Host latency: 5.61523 ms (enqueue 4.27148 ms)
[10/04/2026-21:59:39] [I] Average on 1 runs - GPU latency: 5.53516 ms - Host latency: 5.61914 ms (enqueue 4.29297 ms)
[10/04/2026-21:59:39] [I] Average on 1 runs - GPU latency: 5.53906 ms - Host latency: 5.61719 ms (enqueue 4.31641 ms)
[10/04/2026-21:59:39] [I] Average on 1 runs - GPU latency: 5.53906 ms - Host latency: 5.61914 ms (enqueue 4.30859 ms)
[10/04/2026-21:59:39] [I] Average on 1 runs - GPU latency: 5.5293 ms - Host latency: 5.61133 ms (enqueue 4.32812 ms)
[10/04/2026-21:59:39] [I] Average on 1 runs - GPU latency: 5.52539 ms - Host latency: 5.60742 ms (enqueue 4.24219 ms)
[10/04/2026-21:59:39] [I] Average on 1 runs - GPU latency: 5.53125 ms - Host latency: 5.60938 ms (enqueue 4.30078 ms)
[10/04/2026-21:59:39] [I] Average on 1 runs - GPU latency: 5.52148 ms - Host latency: 5.60156 ms (enqueue 4.26172 ms)
[10/04/2026-21:59:39] [I] Average on 1 runs - GPU latency: 5.5332 ms - Host latency: 5.61523 ms (enqueue 4.26367 ms)
[10/04/2026-21:59:39] [I] Average on 1 runs - GPU latency: 5.52734 ms - Host latency: 5.60938 ms (enqueue 4.25781 ms)
[10/04/2026-21:59:39] [I] Average on 1 runs - GPU latency: 5.52539 ms - Host latency: 5.60547 ms (enqueue 4.2832 ms)
[10/04/2026-21:59:39] [I] Average on 1 runs - GPU latency: 5.53516 ms - Host latency: 5.61914 ms (enqueue 4.32227 ms)
[10/04/2026-21:59:39] [I] Average on 1 runs - GPU latency: 5.5332 ms - Host latency: 5.62305 ms (enqueue 4.26953 ms)
[10/04/2026-21:59:39] [I] Average on 1 runs - GPU latency: 5.53906 ms - Host latency: 5.62305 ms (enqueue 4.30859 ms)
[10/04/2026-21:59:39] [I] Average on 1 runs - GPU latency: 5.54102 ms - Host latency: 5.625 ms (enqueue 4.27539 ms)
[10/04/2026-21:59:39] [I] Average on 1 runs - GPU latency: 5.52344 ms - Host latency: 5.60547 ms (enqueue 4.25195 ms)
[10/04/2026-21:59:39] [I] Average on 1 runs - GPU latency: 5.5293 ms - Host latency: 5.60938 ms (enqueue 4.25977 ms)
[10/04/2026-21:59:39] [I] Average on 1 runs - GPU latency: 5.53125 ms - Host latency: 5.62695 ms (enqueue 4.28516 ms)
[10/04/2026-21:59:39] [I] Average on 1 runs - GPU latency: 5.53906 ms - Host latency: 5.62109 ms (enqueue 4.29297 ms)
[10/04/2026-21:59:39] [I] Average on 1 runs - GPU latency: 5.53125 ms - Host latency: 5.61328 ms (enqueue 4.28711 ms)
[10/04/2026-21:59:39] [I] Average on 1 runs - GPU latency: 5.5332 ms - Host latency: 5.61328 ms (enqueue 4.24609 ms)
[10/04/2026-21:59:39] [I] Average on 1 runs - GPU latency: 5.5293 ms - Host latency: 5.61133 ms (enqueue 4.30469 ms)
[10/04/2026-21:59:39] [I] Average on 1 runs - GPU latency: 5.53906 ms - Host latency: 5.61914 ms (enqueue 4.26172 ms)
[10/04/2026-21:59:39] [I] Average on 1 runs - GPU latency: 5.52539 ms - Host latency: 5.60547 ms (enqueue 4.29883 ms)
[10/04/2026-21:59:39] [I] Average on 1 runs - GPU latency: 5.5332 ms - Host latency: 5.61523 ms (enqueue 4.32422 ms)
[10/04/2026-21:59:39] [I] Average on 1 runs - GPU latency: 5.52539 ms - Host latency: 5.60938 ms (enqueue 4.25195 ms)
[10/04/2026-21:59:39] [I] Average on 1 runs - GPU latency: 5.54297 ms - Host latency: 5.62695 ms (enqueue 4.27344 ms)
[10/04/2026-21:59:39] [I] Average on 1 runs - GPU latency: 5.50781 ms - Host latency: 5.58789 ms (enqueue 4.25 ms)
[10/04/2026-21:59:39] [I] Average on 1 runs - GPU latency: 5.52148 ms - Host latency: 5.60352 ms (enqueue 4.26758 ms)
[10/04/2026-21:59:39] [I] Average on 1 runs - GPU latency: 5.55859 ms - Host latency: 5.65625 ms (enqueue 4.45117 ms)
[10/04/2026-21:59:39] [I] Average on 1 runs - GPU latency: 5.53516 ms - Host latency: 5.61719 ms (enqueue 4.26562 ms)
[10/04/2026-21:59:39] [I] Average on 1 runs - GPU latency: 5.5332 ms - Host latency: 5.63281 ms (enqueue 4.31445 ms)
[10/04/2026-21:59:39] [I] Average on 1 runs - GPU latency: 5.53125 ms - Host latency: 5.61523 ms (enqueue 4.29883 ms)
[10/04/2026-21:59:39] [I] Average on 1 runs - GPU latency: 5.51367 ms - Host latency: 5.5957 ms (enqueue 4.26953 ms)
[10/04/2026-21:59:39] [I] Average on 1 runs - GPU latency: 5.52539 ms - Host latency: 5.60742 ms (enqueue 4.30273 ms)
[10/04/2026-21:59:39] [I] Average on 1 runs - GPU latency: 5.53516 ms - Host latency: 5.62305 ms (enqueue 4.28906 ms)
[10/04/2026-21:59:39] [I] Average on 1 runs - GPU latency: 5.53711 ms - Host latency: 5.61523 ms (enqueue 4.29102 ms)
[10/04/2026-21:59:39] [I] Average on 1 runs - GPU latency: 5.53516 ms - Host latency: 5.61719 ms (enqueue 4.2832 ms)
[10/04/2026-21:59:39] [I] Average on 1 runs - GPU latency: 5.53516 ms - Host latency: 5.61719 ms (enqueue 4.28711 ms)
[10/04/2026-21:59:39] [I] Average on 1 runs - GPU latency: 5.50195 ms - Host latency: 5.58203 ms (enqueue 4.25586 ms)
[10/04/2026-21:59:39] [I] Average on 1 runs - GPU latency: 5.58203 ms - Host latency: 5.66602 ms (enqueue 4.3125 ms)
[10/04/2026-21:59:39] [I] Average on 1 runs - GPU latency: 5.5332 ms - Host latency: 5.61719 ms (enqueue 4.30078 ms)
[10/04/2026-21:59:39] [I] Average on 1 runs - GPU latency: 5.5332 ms - Host latency: 5.61328 ms (enqueue 4.31445 ms)
[10/04/2026-21:59:39] [I] Average on 1 runs - GPU latency: 5.56055 ms - Host latency: 5.64453 ms (enqueue 4.29883 ms)
[10/04/2026-21:59:39] [I] Average on 1 runs - GPU latency: 5.56055 ms - Host latency: 5.64844 ms (enqueue 4.32422 ms)
[10/04/2026-21:59:39] [I] Average on 1 runs - GPU latency: 5.55273 ms - Host latency: 5.64258 ms (enqueue 4.28711 ms)
[10/04/2026-21:59:39] [I] Average on 1 runs - GPU latency: 5.54102 ms - Host latency: 5.62305 ms (enqueue 4.24609 ms)
[10/04/2026-21:59:39] [I] Average on 1 runs - GPU latency: 5.54102 ms - Host latency: 5.62305 ms (enqueue 4.25781 ms)
[10/04/2026-21:59:39] [I] Average on 1 runs - GPU latency: 5.53125 ms - Host latency: 5.61328 ms (enqueue 4.27734 ms)
[10/04/2026-21:59:39] [I] Average on 1 runs - GPU latency: 5.53711 ms - Host latency: 5.61914 ms (enqueue 4.26367 ms)
[10/04/2026-21:59:39] [I] Average on 1 runs - GPU latency: 5.52734 ms - Host latency: 5.60547 ms (enqueue 4.24805 ms)
[10/04/2026-21:59:39] [I] Average on 1 runs - GPU latency: 5.51367 ms - Host latency: 5.5957 ms (enqueue 4.23242 ms)
[10/04/2026-21:59:39] [I] Average on 1 runs - GPU latency: 5.53516 ms - Host latency: 5.61523 ms (enqueue 4.30078 ms)
[10/04/2026-21:59:39] [I] Average on 1 runs - GPU latency: 5.53711 ms - Host latency: 5.61914 ms (enqueue 4.30469 ms)
[10/04/2026-21:59:39] [I] Average on 1 runs - GPU latency: 5.5332 ms - Host latency: 5.61523 ms (enqueue 4.25195 ms)
[10/04/2026-21:59:39] [I] Average on 1 runs - GPU latency: 5.52539 ms - Host latency: 5.60547 ms (enqueue 4.23242 ms)
[10/04/2026-21:59:39] [I] Average on 1 runs - GPU latency: 5.53711 ms - Host latency: 5.61914 ms (enqueue 4.24609 ms)
[10/04/2026-21:59:39] [I] Average on 1 runs - GPU latency: 5.50977 ms - Host latency: 5.5918 ms (enqueue 4.23438 ms)
[10/04/2026-21:59:39] [I] Average on 1 runs - GPU latency: 5.53711 ms - Host latency: 5.63477 ms (enqueue 4.26367 ms)
[10/04/2026-21:59:39] [I] Average on 1 runs - GPU latency: 5.5332 ms - Host latency: 5.61328 ms (enqueue 4.26758 ms)
[10/04/2026-21:59:39] [I] Average on 1 runs - GPU latency: 5.52539 ms - Host latency: 5.60352 ms (enqueue 4.33789 ms)
[10/04/2026-21:59:39] [I] Average on 1 runs - GPU latency: 5.53906 ms - Host latency: 5.61914 ms (enqueue 4.26367 ms)
[10/04/2026-21:59:39] [I] Average on 1 runs - GPU latency: 5.54492 ms - Host latency: 5.62891 ms (enqueue 4.30859 ms)
[10/04/2026-21:59:39] [I] Average on 1 runs - GPU latency: 5.5 ms - Host latency: 5.58008 ms (enqueue 4.30273 ms)
[10/04/2026-21:59:39] [I] Average on 1 runs - GPU latency: 5.5332 ms - Host latency: 5.62109 ms (enqueue 4.26367 ms)
[10/04/2026-21:59:39] [I] Average on 1 runs - GPU latency: 5.5293 ms - Host latency: 5.60938 ms (enqueue 4.31445 ms)
[10/04/2026-21:59:39] [I] Average on 1 runs - GPU latency: 5.54102 ms - Host latency: 5.62109 ms (enqueue 4.28906 ms)
[10/04/2026-21:59:39] [I] Average on 1 runs - GPU latency: 5.52734 ms - Host latency: 5.60938 ms (enqueue 4.34375 ms)
[10/04/2026-21:59:39] [I] Average on 1 runs - GPU latency: 5.5332 ms - Host latency: 5.61523 ms (enqueue 4.28516 ms)
[10/04/2026-21:59:39] [I] Average on 1 runs - GPU latency: 5.52539 ms - Host latency: 5.60742 ms (enqueue 4.25195 ms)
[10/04/2026-21:59:39] [I] Average on 1 runs - GPU latency: 5.52734 ms - Host latency: 5.60547 ms (enqueue 4.24414 ms)
[10/04/2026-21:59:39] [I] Average on 1 runs - GPU latency: 5.5332 ms - Host latency: 5.61328 ms (enqueue 4.30664 ms)
[10/04/2026-21:59:39] [I] Average on 1 runs - GPU latency: 5.53711 ms - Host latency: 5.63477 ms (enqueue 4.29492 ms)
[10/04/2026-21:59:39] [I] Average on 1 runs - GPU latency: 5.54688 ms - Host latency: 5.62891 ms (enqueue 4.28711 ms)
[10/04/2026-21:59:39] [I] Average on 1 runs - GPU latency: 5.53711 ms - Host latency: 5.61914 ms (enqueue 4.31055 ms)
[10/04/2026-21:59:39] [I] Average on 1 runs - GPU latency: 5.51562 ms - Host latency: 5.59766 ms (enqueue 4.24805 ms)
[10/04/2026-21:59:39] [I] Average on 1 runs - GPU latency: 5.52344 ms - Host latency: 5.60547 ms (enqueue 4.24414 ms)
[10/04/2026-21:59:39] [I] Average on 1 runs - GPU latency: 5.53516 ms - Host latency: 5.61719 ms (enqueue 4.24023 ms)
[10/04/2026-21:59:39] [I] Average on 1 runs - GPU latency: 5.53125 ms - Host latency: 5.61133 ms (enqueue 4.29688 ms)
[10/04/2026-21:59:39] [I] Average on 1 runs - GPU latency: 5.52539 ms - Host latency: 5.60742 ms (enqueue 4.30859 ms)
[10/04/2026-21:59:39] [I] Average on 1 runs - GPU latency: 5.52539 ms - Host latency: 5.60938 ms (enqueue 4.33398 ms)
[10/04/2026-21:59:39] [I] Average on 1 runs - GPU latency: 5.5293 ms - Host latency: 5.61133 ms (enqueue 4.30078 ms)
[10/04/2026-21:59:39] [I] Average on 1 runs - GPU latency: 5.54297 ms - Host latency: 5.62891 ms (enqueue 4.27539 ms)
[10/04/2026-21:59:39] [I] Average on 1 runs - GPU latency: 5.52734 ms - Host latency: 5.60938 ms (enqueue 4.29297 ms)
[10/04/2026-21:59:39] [I] Average on 1 runs - GPU latency: 5.53906 ms - Host latency: 5.61719 ms (enqueue 4.35742 ms)
[10/04/2026-21:59:39] [I] Average on 1 runs - GPU latency: 5.53906 ms - Host latency: 5.62109 ms (enqueue 4.2832 ms)
[10/04/2026-21:59:39] [I] Average on 1 runs - GPU latency: 5.51562 ms - Host latency: 5.60352 ms (enqueue 4.28711 ms)
[10/04/2026-21:59:39] [I] Average on 1 runs - GPU latency: 5.53906 ms - Host latency: 5.61914 ms (enqueue 4.28125 ms)
[10/04/2026-21:59:39] [I] Average on 1 runs - GPU latency: 5.5293 ms - Host latency: 5.61328 ms (enqueue 4.2832 ms)
[10/04/2026-21:59:39] [I] Average on 1 runs - GPU latency: 5.53125 ms - Host latency: 5.61328 ms (enqueue 4.30078 ms)
[10/04/2026-21:59:39] [I] Average on 1 runs - GPU latency: 5.53711 ms - Host latency: 5.61914 ms (enqueue 4.30469 ms)
[10/04/2026-21:59:39] [I] Average on 1 runs - GPU latency: 5.53711 ms - Host latency: 5.61914 ms (enqueue 4.26758 ms)
[10/04/2026-21:59:39] [I] Average on 1 runs - GPU latency: 5.50781 ms - Host latency: 5.58984 ms (enqueue 4.30469 ms)
[10/04/2026-21:59:39] [I] Average on 1 runs - GPU latency: 5.5332 ms - Host latency: 5.61328 ms (enqueue 4.2832 ms)
[10/04/2026-21:59:39] [I] Average on 1 runs - GPU latency: 5.5293 ms - Host latency: 5.61523 ms (enqueue 4.36523 ms)
[10/04/2026-21:59:39] [I] Average on 1 runs - GPU latency: 5.53125 ms - Host latency: 5.61328 ms (enqueue 4.23828 ms)
[10/04/2026-21:59:39] [I] Average on 1 runs - GPU latency: 5.53906 ms - Host latency: 5.61914 ms (enqueue 4.25977 ms)
[10/04/2026-21:59:39] [I] Average on 1 runs - GPU latency: 5.52344 ms - Host latency: 5.60547 ms (enqueue 4.24805 ms)
[10/04/2026-21:59:39] [I] Average on 1 runs - GPU latency: 5.49805 ms - Host latency: 5.58398 ms (enqueue 4.25195 ms)
[10/04/2026-21:59:39] [I] Average on 1 runs - GPU latency: 5.53711 ms - Host latency: 5.63281 ms (enqueue 4.29492 ms)
[10/04/2026-21:59:39] [I] Average on 1 runs - GPU latency: 5.53516 ms - Host latency: 5.61523 ms (enqueue 4.30469 ms)
[10/04/2026-21:59:39] [I] Average on 1 runs - GPU latency: 5.52344 ms - Host latency: 5.60547 ms (enqueue 4.30078 ms)
[10/04/2026-21:59:39] [I] Average on 1 runs - GPU latency: 5.52734 ms - Host latency: 5.60938 ms (enqueue 4.26953 ms)
[10/04/2026-21:59:39] [I] Average on 1 runs - GPU latency: 5.53125 ms - Host latency: 5.62109 ms (enqueue 4.26562 ms)
[10/04/2026-21:59:39] [I] Average on 1 runs - GPU latency: 5.49023 ms - Host latency: 5.57031 ms (enqueue 4.24805 ms)
[10/04/2026-21:59:39] [I] Average on 1 runs - GPU latency: 5.54688 ms - Host latency: 5.62891 ms (enqueue 4.37695 ms)
[10/04/2026-21:59:39] [I] Average on 1 runs - GPU latency: 5.54102 ms - Host latency: 5.625 ms (enqueue 4.30859 ms)
[10/04/2026-21:59:39] [I] Average on 1 runs - GPU latency: 5.53711 ms - Host latency: 5.61914 ms (enqueue 4.32422 ms)
[10/04/2026-21:59:39] [I] Average on 1 runs - GPU latency: 5.54102 ms - Host latency: 5.62891 ms (enqueue 4.30859 ms)
[10/04/2026-21:59:39] [I] Average on 1 runs - GPU latency: 5.54883 ms - Host latency: 5.62891 ms (enqueue 4.28125 ms)
[10/04/2026-21:59:39] [I] Average on 1 runs - GPU latency: 5.51367 ms - Host latency: 5.5957 ms (enqueue 4.2832 ms)
[10/04/2026-21:59:39] [I] Average on 1 runs - GPU latency: 5.54688 ms - Host latency: 5.62695 ms (enqueue 4.30469 ms)
[10/04/2026-21:59:39] [I] Average on 1 runs - GPU latency: 5.5332 ms - Host latency: 5.61523 ms (enqueue 4.26367 ms)
[10/04/2026-21:59:39] [I] Average on 1 runs - GPU latency: 5.54492 ms - Host latency: 5.62695 ms (enqueue 4.30078 ms)
[10/04/2026-21:59:39] [I] Average on 1 runs - GPU latency: 5.52734 ms - Host latency: 5.60938 ms (enqueue 4.25781 ms)
[10/04/2026-21:59:39] [I] Average on 1 runs - GPU latency: 5.52344 ms - Host latency: 5.60352 ms (enqueue 4.27148 ms)
[10/04/2026-21:59:39] [I] Average on 1 runs - GPU latency: 5.51758 ms - Host latency: 5.59961 ms (enqueue 4.24414 ms)
[10/04/2026-21:59:39] [I] Average on 1 runs - GPU latency: 5.51953 ms - Host latency: 5.60156 ms (enqueue 4.25 ms)
[10/04/2026-21:59:39] [I] Average on 1 runs - GPU latency: 5.5293 ms - Host latency: 5.60938 ms (enqueue 4.2832 ms)
[10/04/2026-21:59:39] [I] Average on 1 runs - GPU latency: 5.52539 ms - Host latency: 5.60547 ms (enqueue 4.35352 ms)
[10/04/2026-21:59:39] [I] Average on 1 runs - GPU latency: 5.53125 ms - Host latency: 5.61328 ms (enqueue 4.3125 ms)
[10/04/2026-21:59:39] [I] Average on 1 runs - GPU latency: 5.53516 ms - Host latency: 5.62305 ms (enqueue 4.29492 ms)
[10/04/2026-21:59:39] [I] Average on 1 runs - GPU latency: 5.5293 ms - Host latency: 5.61328 ms (enqueue 4.27539 ms)
[10/04/2026-21:59:39] [I] Average on 1 runs - GPU latency: 5.53906 ms - Host latency: 5.61914 ms (enqueue 4.26758 ms)
[10/04/2026-21:59:39] [I] Average on 1 runs - GPU latency: 5.52344 ms - Host latency: 5.60547 ms (enqueue 4.25391 ms)
[10/04/2026-21:59:39] [I] Average on 1 runs - GPU latency: 5.52344 ms - Host latency: 5.60938 ms (enqueue 4.29492 ms)
[10/04/2026-21:59:39] [I] Average on 1 runs - GPU latency: 5.53516 ms - Host latency: 5.62305 ms (enqueue 4.29688 ms)
[10/04/2026-21:59:39] [I] Average on 1 runs - GPU latency: 5.5332 ms - Host latency: 5.61328 ms (enqueue 4.27539 ms)
[10/04/2026-21:59:39] [I] Average on 1 runs - GPU latency: 5.5332 ms - Host latency: 5.61523 ms (enqueue 4.24414 ms)
[10/04/2026-21:59:39] [I] Average on 1 runs - GPU latency: 5.5332 ms - Host latency: 5.61719 ms (enqueue 4.29297 ms)
[10/04/2026-21:59:39] [I] Average on 1 runs - GPU latency: 5.53516 ms - Host latency: 5.61523 ms (enqueue 4.23047 ms)
[10/04/2026-21:59:39] [I] Average on 1 runs - GPU latency: 5.52539 ms - Host latency: 5.60938 ms (enqueue 4.26172 ms)
[10/04/2026-21:59:39] [I] Average on 1 runs - GPU latency: 5.53711 ms - Host latency: 5.62109 ms (enqueue 4.26953 ms)
[10/04/2026-21:59:39] [I] Average on 1 runs - GPU latency: 5.5332 ms - Host latency: 5.61328 ms (enqueue 4.26367 ms)
[10/04/2026-21:59:39] [I] Average on 1 runs - GPU latency: 5.50391 ms - Host latency: 5.58984 ms (enqueue 4.27148 ms)
[10/04/2026-21:59:39] [I] Average on 1 runs - GPU latency: 5.53906 ms - Host latency: 5.625 ms (enqueue 4.24414 ms)
[10/04/2026-21:59:39] [I] Average on 1 runs - GPU latency: 5.53516 ms - Host latency: 5.62305 ms (enqueue 4.26562 ms)
[10/04/2026-21:59:39] [I] Average on 1 runs - GPU latency: 5.53516 ms - Host latency: 5.62109 ms (enqueue 4.27539 ms)
[10/04/2026-21:59:39] [I] Average on 1 runs - GPU latency: 5.53906 ms - Host latency: 5.62109 ms (enqueue 4.3418 ms)
[10/04/2026-21:59:39] [I] Average on 1 runs - GPU latency: 5.53711 ms - Host latency: 5.62305 ms (enqueue 4.33203 ms)
[10/04/2026-21:59:39] [I] Average on 1 runs - GPU latency: 5.54102 ms - Host latency: 5.63867 ms (enqueue 4.26367 ms)
[10/04/2026-21:59:39] [I] Average on 1 runs - GPU latency: 5.53516 ms - Host latency: 5.61523 ms (enqueue 4.26953 ms)
[10/04/2026-21:59:39] [I] Average on 1 runs - GPU latency: 5.52539 ms - Host latency: 5.61133 ms (enqueue 4.29102 ms)
[10/04/2026-21:59:39] [I] Average on 1 runs - GPU latency: 5.53711 ms - Host latency: 5.62109 ms (enqueue 4.29688 ms)
[10/04/2026-21:59:39] [I] Average on 1 runs - GPU latency: 5.54688 ms - Host latency: 5.62891 ms (enqueue 4.26562 ms)
[10/04/2026-21:59:39] [I] Average on 1 runs - GPU latency: 5.53516 ms - Host latency: 5.62305 ms (enqueue 4.26562 ms)
[10/04/2026-21:59:39] [I] Average on 1 runs - GPU latency: 5.5332 ms - Host latency: 5.61328 ms (enqueue 4.27539 ms)
[10/04/2026-21:59:39] [I] Average on 1 runs - GPU latency: 5.5332 ms - Host latency: 5.61328 ms (enqueue 4.31641 ms)
[10/04/2026-21:59:39] [I] Average on 1 runs - GPU latency: 5.53711 ms - Host latency: 5.61914 ms (enqueue 4.26172 ms)
[10/04/2026-21:59:39] [I] Average on 1 runs - GPU latency: 5.54297 ms - Host latency: 5.62891 ms (enqueue 4.3125 ms)
[10/04/2026-21:59:39] [I] Average on 1 runs - GPU latency: 5.54883 ms - Host latency: 5.63086 ms (enqueue 4.26953 ms)
[10/04/2026-21:59:39] [I] Average on 1 runs - GPU latency: 5.52344 ms - Host latency: 5.60352 ms (enqueue 4.29883 ms)
[10/04/2026-21:59:39] [I] Average on 1 runs - GPU latency: 5.52734 ms - Host latency: 5.61328 ms (enqueue 4.25 ms)
[10/04/2026-21:59:39] [I] Average on 1 runs - GPU latency: 5.52539 ms - Host latency: 5.60547 ms (enqueue 4.26758 ms)
[10/04/2026-21:59:39] [I] Average on 1 runs - GPU latency: 5.53125 ms - Host latency: 5.61719 ms (enqueue 4.24609 ms)
[10/04/2026-21:59:39] [I] Average on 1 runs - GPU latency: 5.53516 ms - Host latency: 5.61523 ms (enqueue 4.25391 ms)
[10/04/2026-21:59:39] [I] Average on 1 runs - GPU latency: 5.53516 ms - Host latency: 5.62109 ms (enqueue 4.26953 ms)
[10/04/2026-21:59:39] [I] Average on 1 runs - GPU latency: 5.51367 ms - Host latency: 5.59375 ms (enqueue 4.26758 ms)
[10/04/2026-21:59:39] [I] Average on 1 runs - GPU latency: 5.53711 ms - Host latency: 5.61719 ms (enqueue 4.26367 ms)
[10/04/2026-21:59:39] [I] Average on 1 runs - GPU latency: 5.53125 ms - Host latency: 5.61133 ms (enqueue 4.25 ms)
[10/04/2026-21:59:39] [I] Average on 1 runs - GPU latency: 5.53516 ms - Host latency: 5.61523 ms (enqueue 4.27148 ms)
[10/04/2026-21:59:39] [I] Average on 1 runs - GPU latency: 5.52344 ms - Host latency: 5.60742 ms (enqueue 4.26953 ms)
[10/04/2026-21:59:39] [I] Average on 1 runs - GPU latency: 5.5332 ms - Host latency: 5.61133 ms (enqueue 4.28125 ms)
[10/04/2026-21:59:39] [I] Average on 1 runs - GPU latency: 5.50586 ms - Host latency: 5.59375 ms (enqueue 4.23633 ms)
[10/04/2026-21:59:39] [I] Average on 1 runs - GPU latency: 5.5332 ms - Host latency: 5.61914 ms (enqueue 4.2793 ms)
[10/04/2026-21:59:39] [I] Average on 1 runs - GPU latency: 5.54688 ms - Host latency: 5.62891 ms (enqueue 4.29883 ms)
[10/04/2026-21:59:39] [I] Average on 1 runs - GPU latency: 5.53125 ms - Host latency: 5.61914 ms (enqueue 4.25781 ms)
[10/04/2026-21:59:39] [I] Average on 1 runs - GPU latency: 5.54688 ms - Host latency: 5.63477 ms (enqueue 4.30078 ms)
[10/04/2026-21:59:39] [I] Average on 1 runs - GPU latency: 5.54297 ms - Host latency: 5.62891 ms (enqueue 4.25391 ms)
[10/04/2026-21:59:39] [I] Average on 1 runs - GPU latency: 5.49609 ms - Host latency: 5.58203 ms (enqueue 4.24805 ms)
[10/04/2026-21:59:39] [I] Average on 1 runs - GPU latency: 5.5293 ms - Host latency: 5.60938 ms (enqueue 4.25391 ms)
[10/04/2026-21:59:39] [I] Average on 1 runs - GPU latency: 5.57227 ms - Host latency: 5.66016 ms (enqueue 4.26562 ms)
[10/04/2026-21:59:39] [I] Average on 1 runs - GPU latency: 5.5625 ms - Host latency: 5.65039 ms (enqueue 4.26953 ms)
[10/04/2026-21:59:39] [I] Average on 1 runs - GPU latency: 5.55273 ms - Host latency: 5.63477 ms (enqueue 4.24414 ms)
[10/04/2026-21:59:39] [I] Average on 1 runs - GPU latency: 5.5332 ms - Host latency: 5.61523 ms (enqueue 4.25 ms)
[10/04/2026-21:59:39] [I] Average on 1 runs - GPU latency: 5.51953 ms - Host latency: 5.60156 ms (enqueue 4.25195 ms)
[10/04/2026-21:59:39] [I] Average on 1 runs - GPU latency: 5.53906 ms - Host latency: 5.61914 ms (enqueue 4.25977 ms)
[10/04/2026-21:59:39] [I] 
[10/04/2026-21:59:39] [I] === Performance summary ===
[10/04/2026-21:59:39] [I] Throughput: 118.308 qps
[10/04/2026-21:59:39] [I] Latency: min = 4.2876 ms, max = 5.68945 ms, mean = 5.51707 ms, median = 5.61377 ms, percentile(90%) = 5.62744 ms, percentile(95%) = 5.63379 ms, percentile(99%) = 5.65527 ms
[10/04/2026-21:59:39] [I] Enqueue Time: min = 3.09863 ms, max = 4.45898 ms, mean = 4.26617 ms, median = 4.271 ms, percentile(90%) = 4.31543 ms, percentile(95%) = 4.33008 ms, percentile(99%) = 4.36328 ms
[10/04/2026-21:59:39] [I] H2D Latency: min = 0.060791 ms, max = 0.131348 ms, mean = 0.0765817 ms, median = 0.0761719 ms, percentile(90%) = 0.081543 ms, percentile(95%) = 0.0839844 ms, percentile(99%) = 0.09375 ms
[10/04/2026-21:59:39] [I] GPU Compute Time: min = 4.21729 ms, max = 5.59082 ms, mean = 5.43514 ms, median = 5.53125 ms, percentile(90%) = 5.54297 ms, percentile(95%) = 5.54785 ms, percentile(99%) = 5.56885 ms
[10/04/2026-21:59:39] [I] D2H Latency: min = 0.00366211 ms, max = 0.00952148 ms, mean = 0.00534059 ms, median = 0.00537109 ms, percentile(90%) = 0.00585938 ms, percentile(95%) = 0.00585938 ms, percentile(99%) = 0.00634766 ms
[10/04/2026-21:59:39] [I] Total Host Walltime: 15.0201 s
[10/04/2026-21:59:39] [I] Total GPU Compute Time: 9.65825 s
[10/04/2026-21:59:39] [I] Explanations of the performance metrics are printed in the verbose logs.
[10/04/2026-21:59:39] [I] 
&&&& PASSED TensorRT.trtexec [TensorRT v100300] # /usr/src/tensorrt/bin/trtexec --loadEngine=/tmp/yolo26n_84172_uint8_fp16_opt3.engine --warmUp=3000 --duration=15 --idleTime=4 --avgRuns=1
