&&&& RUNNING TensorRT.trtexec [TensorRT v100300] # /usr/src/tensorrt/bin/trtexec --loadEngine=/tmp/engines/y26s_640_uint8_opt3.engine --warmUp=3000 --duration=15 --idleTime=16 --avgRuns=1
[10/04/2026-22:16:39] [I] === Model Options ===
[10/04/2026-22:16:39] [I] Format: *
[10/04/2026-22:16:39] [I] Model: 
[10/04/2026-22:16:39] [I] Output:
[10/04/2026-22:16:39] [I] 
[10/04/2026-22:16:39] [I] === System Options ===
[10/04/2026-22:16:39] [I] Device: 0
[10/04/2026-22:16:39] [I] DLACore: 
[10/04/2026-22:16:39] [I] Plugins:
[10/04/2026-22:16:39] [I] setPluginsToSerialize:
[10/04/2026-22:16:39] [I] dynamicPlugins:
[10/04/2026-22:16:39] [I] ignoreParsedPluginLibs: 0
[10/04/2026-22:16:39] [I] 
[10/04/2026-22:16:39] [I] === Inference Options ===
[10/04/2026-22:16:39] [I] Batch: Explicit
[10/04/2026-22:16:39] [I] Input inference shapes: model
[10/04/2026-22:16:39] [I] Iterations: 10
[10/04/2026-22:16:39] [I] Duration: 15s (+ 3000ms warm up)
[10/04/2026-22:16:39] [I] Sleep time: 0ms
[10/04/2026-22:16:39] [I] Idle time: 16ms
[10/04/2026-22:16:39] [I] Inference Streams: 1
[10/04/2026-22:16:39] [I] ExposeDMA: Disabled
[10/04/2026-22:16:39] [I] Data transfers: Enabled
[10/04/2026-22:16:39] [I] Spin-wait: Disabled
[10/04/2026-22:16:39] [I] Multithreading: Disabled
[10/04/2026-22:16:39] [I] CUDA Graph: Disabled
[10/04/2026-22:16:39] [I] Separate profiling: Disabled
[10/04/2026-22:16:39] [I] Time Deserialize: Disabled
[10/04/2026-22:16:39] [I] Time Refit: Disabled
[10/04/2026-22:16:39] [I] NVTX verbosity: 0
[10/04/2026-22:16:39] [I] Persistent Cache Ratio: 0
[10/04/2026-22:16:39] [I] Optimization Profile Index: 0
[10/04/2026-22:16:39] [I] Weight Streaming Budget: 100.000000%
[10/04/2026-22:16:39] [I] Inputs:
[10/04/2026-22:16:39] [I] Debug Tensor Save Destinations:
[10/04/2026-22:16:39] [I] === Reporting Options ===
[10/04/2026-22:16:39] [I] Verbose: Disabled
[10/04/2026-22:16:39] [I] Averages: 1 inferences
[10/04/2026-22:16:39] [I] Percentiles: 90,95,99
[10/04/2026-22:16:39] [I] Dump refittable layers:Disabled
[10/04/2026-22:16:39] [I] Dump output: Disabled
[10/04/2026-22:16:39] [I] Profile: Disabled
[10/04/2026-22:16:39] [I] Export timing to JSON file: 
[10/04/2026-22:16:39] [I] Export output to JSON file: 
[10/04/2026-22:16:39] [I] Export profile to JSON file: 
[10/04/2026-22:16:39] [I] 
[10/04/2026-22:16:39] [I] === Device Information ===
[10/04/2026-22:16:39] [I] Available Devices: 
[10/04/2026-22:16:39] [I]   Device 0: "Orin" UUID: GPU-6e16c2c1-e394-5324-8f2e-63a975968f4e
[10/04/2026-22:16:39] [I] Selected Device: Orin
[10/04/2026-22:16:39] [I] Selected Device ID: 0
[10/04/2026-22:16:39] [I] Selected Device UUID: GPU-6e16c2c1-e394-5324-8f2e-63a975968f4e
[10/04/2026-22:16:39] [I] Compute Capability: 8.7
[10/04/2026-22:16:39] [I] SMs: 8
[10/04/2026-22:16:39] [I] Device Global Memory: 7607 MiB
[10/04/2026-22:16:39] [I] Shared Memory per SM: 164 KiB
[10/04/2026-22:16:39] [I] Memory Bus Width: 128 bits (ECC disabled)
[10/04/2026-22:16:39] [I] Application Compute Clock Rate: 1.02 GHz
[10/04/2026-22:16:39] [I] Application Memory Clock Rate: 1.02 GHz
[10/04/2026-22:16:39] [I] 
[10/04/2026-22:16:39] [I] Note: The application clock rates do not reflect the actual clock rates that the GPU is currently running at.
[10/04/2026-22:16:39] [I] 
[10/04/2026-22:16:39] [I] TensorRT version: 10.3.0
[10/04/2026-22:16:39] [I] Loading standard plugins
[10/04/2026-22:16:39] [I] [TRT] Loaded engine size: 21 MiB
[10/04/2026-22:16:39] [I] Engine deserialized in 0.0757259 sec.
[10/04/2026-22:16:39] [I] [TRT] [MemUsageChange] TensorRT-managed allocation in IExecutionContext creation: CPU +0, GPU +18, now: CPU 0, GPU 36 (MiB)
[10/04/2026-22:16:39] [I] Setting persistentCacheLimit to 0 bytes.
[10/04/2026-22:16:39] [I] Created execution context with device memory size: 18.1641 MiB
[10/04/2026-22:16:39] [I] Using random values for input images
[10/04/2026-22:16:40] [I] Input binding for images with dimensions 1x640x640x3 is created.
[10/04/2026-22:16:40] [I] Output binding for output0 with dimensions 1x300x6 is created.
[10/04/2026-22:16:40] [I] Starting inference
[10/04/2026-22:16:58] [I] Warmup completed 436 queries over 3000 ms
[10/04/2026-22:16:58] [I] Timing trace has 829 queries over 15.0318 s
[10/04/2026-22:16:58] [I] 
[10/04/2026-22:16:58] [I] === Trace details ===
[10/04/2026-22:16:58] [I] Trace averages of 1 runs:
[10/04/2026-22:16:58] [I] Average on 1 runs - GPU latency: 6.7793 ms - Host latency: 6.90405 ms (enqueue 2.05273 ms)
[10/04/2026-22:16:58] [I] Average on 1 runs - GPU latency: 6.7417 ms - Host latency: 6.87329 ms (enqueue 2.02393 ms)
[10/04/2026-22:16:58] [I] Average on 1 runs - GPU latency: 6.7439 ms - Host latency: 6.80688 ms (enqueue 2.01416 ms)
[10/04/2026-22:16:58] [I] Average on 1 runs - GPU latency: 6.75293 ms - Host latency: 6.81689 ms (enqueue 2.02734 ms)
[10/04/2026-22:16:58] [I] Average on 1 runs - GPU latency: 6.74463 ms - Host latency: 6.80493 ms (enqueue 2.02954 ms)
[10/04/2026-22:16:58] [I] Average on 1 runs - GPU latency: 6.75366 ms - Host latency: 6.81836 ms (enqueue 2.04224 ms)
[10/04/2026-22:16:58] [I] Average on 1 runs - GPU latency: 6.75 ms - Host latency: 6.80957 ms (enqueue 2.05469 ms)
[10/04/2026-22:16:58] [I] Average on 1 runs - GPU latency: 6.75586 ms - Host latency: 6.8147 ms (enqueue 2.05078 ms)
[10/04/2026-22:16:58] [I] Average on 1 runs - GPU latency: 6.7522 ms - Host latency: 6.81177 ms (enqueue 2.021 ms)
[10/04/2026-22:16:58] [I] Average on 1 runs - GPU latency: 6.75806 ms - Host latency: 6.81689 ms (enqueue 2.08203 ms)
[10/04/2026-22:16:58] [I] Average on 1 runs - GPU latency: 6.75806 ms - Host latency: 6.81812 ms (enqueue 2.04688 ms)
[10/04/2026-22:16:58] [I] Average on 1 runs - GPU latency: 6.75122 ms - Host latency: 6.81079 ms (enqueue 2.07178 ms)
[10/04/2026-22:16:58] [I] Average on 1 runs - GPU latency: 6.74683 ms - Host latency: 6.80615 ms (enqueue 2.04321 ms)
[10/04/2026-22:16:58] [I] Average on 1 runs - GPU latency: 6.74683 ms - Host latency: 6.80591 ms (enqueue 2.06738 ms)
[10/04/2026-22:16:58] [I] Average on 1 runs - GPU latency: 6.75586 ms - Host latency: 6.82324 ms (enqueue 2.09131 ms)
[10/04/2026-22:16:58] [I] Average on 1 runs - GPU latency: 6.74878 ms - Host latency: 6.81348 ms (enqueue 1.98218 ms)
[10/04/2026-22:16:58] [I] Average on 1 runs - GPU latency: 6.76196 ms - Host latency: 6.82739 ms (enqueue 2.03564 ms)
[10/04/2026-22:16:58] [I] Average on 1 runs - GPU latency: 6.75171 ms - Host latency: 6.81445 ms (enqueue 2.00269 ms)
[10/04/2026-22:16:58] [I] Average on 1 runs - GPU latency: 6.73633 ms - Host latency: 6.802 ms (enqueue 2.04663 ms)
[10/04/2026-22:16:58] [I] Average on 1 runs - GPU latency: 6.78809 ms - Host latency: 6.8479 ms (enqueue 2.01221 ms)
[10/04/2026-22:16:58] [I] Average on 1 runs - GPU latency: 6.76123 ms - Host latency: 6.82593 ms (enqueue 2.07153 ms)
[10/04/2026-22:16:58] [I] Average on 1 runs - GPU latency: 6.7478 ms - Host latency: 6.81104 ms (enqueue 2.01074 ms)
[10/04/2026-22:16:58] [I] Average on 1 runs - GPU latency: 6.75513 ms - Host latency: 6.81909 ms (enqueue 2.03247 ms)
[10/04/2026-22:16:58] [I] Average on 1 runs - GPU latency: 6.75708 ms - Host latency: 6.82056 ms (enqueue 2.01343 ms)
[10/04/2026-22:16:58] [I] Average on 1 runs - GPU latency: 6.75024 ms - Host latency: 6.81104 ms (enqueue 2.0271 ms)
[10/04/2026-22:16:58] [I] Average on 1 runs - GPU latency: 6.74902 ms - Host latency: 6.81177 ms (enqueue 1.98926 ms)
[10/04/2026-22:16:58] [I] Average on 1 runs - GPU latency: 6.75366 ms - Host latency: 6.81812 ms (enqueue 2.0166 ms)
[10/04/2026-22:16:58] [I] Average on 1 runs - GPU latency: 6.74854 ms - Host latency: 6.81201 ms (enqueue 2.02661 ms)
[10/04/2026-22:16:58] [I] Average on 1 runs - GPU latency: 6.75708 ms - Host latency: 6.83374 ms (enqueue 2.00879 ms)
[10/04/2026-22:16:58] [I] Average on 1 runs - GPU latency: 6.75293 ms - Host latency: 6.81738 ms (enqueue 2.05249 ms)
[10/04/2026-22:16:58] [I] Average on 1 runs - GPU latency: 6.74634 ms - Host latency: 6.81177 ms (enqueue 1.97803 ms)
[10/04/2026-22:16:58] [I] Average on 1 runs - GPU latency: 6.74536 ms - Host latency: 6.81055 ms (enqueue 2.02319 ms)
[10/04/2026-22:16:58] [I] Average on 1 runs - GPU latency: 6.76758 ms - Host latency: 6.82788 ms (enqueue 1.99536 ms)
[10/04/2026-22:16:58] [I] Average on 1 runs - GPU latency: 6.75171 ms - Host latency: 6.81738 ms (enqueue 2.0188 ms)
[10/04/2026-22:16:58] [I] Average on 1 runs - GPU latency: 6.75854 ms - Host latency: 6.823 ms (enqueue 2.0105 ms)
[10/04/2026-22:16:58] [I] Average on 1 runs - GPU latency: 6.74609 ms - Host latency: 6.81177 ms (enqueue 2.04712 ms)
[10/04/2026-22:16:58] [I] Average on 1 runs - GPU latency: 6.75537 ms - Host latency: 6.82178 ms (enqueue 1.98071 ms)
[10/04/2026-22:16:58] [I] Average on 1 runs - GPU latency: 6.75684 ms - Host latency: 6.81958 ms (enqueue 2.04077 ms)
[10/04/2026-22:16:58] [I] Average on 1 runs - GPU latency: 6.74341 ms - Host latency: 6.80811 ms (enqueue 1.97998 ms)
[10/04/2026-22:16:58] [I] Average on 1 runs - GPU latency: 6.74585 ms - Host latency: 6.80737 ms (enqueue 2.04663 ms)
[10/04/2026-22:16:58] [I] Average on 1 runs - GPU latency: 6.75269 ms - Host latency: 6.81763 ms (enqueue 1.97778 ms)
[10/04/2026-22:16:58] [I] Average on 1 runs - GPU latency: 6.76562 ms - Host latency: 6.82983 ms (enqueue 1.97437 ms)
[10/04/2026-22:16:58] [I] Average on 1 runs - GPU latency: 6.76172 ms - Host latency: 6.823 ms (enqueue 2.03003 ms)
[10/04/2026-22:16:58] [I] Average on 1 runs - GPU latency: 6.74487 ms - Host latency: 6.81079 ms (enqueue 1.98193 ms)
[10/04/2026-22:16:58] [I] Average on 1 runs - GPU latency: 6.75562 ms - Host latency: 6.82031 ms (enqueue 2.01196 ms)
[10/04/2026-22:16:58] [I] Average on 1 runs - GPU latency: 6.75806 ms - Host latency: 6.82251 ms (enqueue 1.98901 ms)
[10/04/2026-22:16:58] [I] Average on 1 runs - GPU latency: 6.74976 ms - Host latency: 6.81567 ms (enqueue 2.02393 ms)
[10/04/2026-22:16:58] [I] Average on 1 runs - GPU latency: 6.74805 ms - Host latency: 6.81006 ms (enqueue 1.98657 ms)
[10/04/2026-22:16:58] [I] Average on 1 runs - GPU latency: 6.75049 ms - Host latency: 6.81592 ms (enqueue 2.01685 ms)
[10/04/2026-22:16:58] [I] Average on 1 runs - GPU latency: 6.78687 ms - Host latency: 6.85083 ms (enqueue 2.00708 ms)
[10/04/2026-22:16:58] [I] Average on 1 runs - GPU latency: 6.76587 ms - Host latency: 6.82837 ms (enqueue 2.02051 ms)
[10/04/2026-22:16:58] [I] Average on 1 runs - GPU latency: 6.76514 ms - Host latency: 6.82837 ms (enqueue 2.00732 ms)
[10/04/2026-22:16:58] [I] Average on 1 runs - GPU latency: 6.75122 ms - Host latency: 6.81543 ms (enqueue 2.06323 ms)
[10/04/2026-22:16:58] [I] Average on 1 runs - GPU latency: 6.74609 ms - Host latency: 6.80664 ms (enqueue 2.01465 ms)
[10/04/2026-22:16:58] [I] Average on 1 runs - GPU latency: 6.76318 ms - Host latency: 6.82642 ms (enqueue 2.09302 ms)
[10/04/2026-22:16:58] [I] Average on 1 runs - GPU latency: 6.75317 ms - Host latency: 6.81714 ms (enqueue 2.01001 ms)
[10/04/2026-22:16:58] [I] Average on 1 runs - GPU latency: 6.74756 ms - Host latency: 6.80835 ms (enqueue 1.99097 ms)
[10/04/2026-22:16:58] [I] Average on 1 runs - GPU latency: 6.75391 ms - Host latency: 6.81494 ms (enqueue 2.07373 ms)
[10/04/2026-22:16:58] [I] Average on 1 runs - GPU latency: 6.75269 ms - Host latency: 6.81348 ms (enqueue 2.01978 ms)
[10/04/2026-22:16:58] [I] Average on 1 runs - GPU latency: 6.75244 ms - Host latency: 6.81274 ms (enqueue 2.06274 ms)
[10/04/2026-22:16:58] [I] Average on 1 runs - GPU latency: 6.74536 ms - Host latency: 6.80981 ms (enqueue 1.97559 ms)
[10/04/2026-22:16:58] [I] Average on 1 runs - GPU latency: 6.7583 ms - Host latency: 6.82007 ms (enqueue 2.03003 ms)
[10/04/2026-22:16:58] [I] Average on 1 runs - GPU latency: 6.74854 ms - Host latency: 6.80859 ms (enqueue 1.99756 ms)
[10/04/2026-22:16:58] [I] Average on 1 runs - GPU latency: 6.75635 ms - Host latency: 6.81934 ms (enqueue 2.06445 ms)
[10/04/2026-22:16:58] [I] Average on 1 runs - GPU latency: 6.76514 ms - Host latency: 6.82666 ms (enqueue 2.02393 ms)
[10/04/2026-22:16:58] [I] Average on 1 runs - GPU latency: 6.75977 ms - Host latency: 6.81934 ms (enqueue 2.06885 ms)
[10/04/2026-22:16:58] [I] Average on 1 runs - GPU latency: 6.75049 ms - Host latency: 6.81396 ms (enqueue 1.97363 ms)
[10/04/2026-22:16:58] [I] Average on 1 runs - GPU latency: 6.7583 ms - Host latency: 6.81836 ms (enqueue 2.02051 ms)
[10/04/2026-22:16:58] [I] Average on 1 runs - GPU latency: 6.75684 ms - Host latency: 6.81885 ms (enqueue 2.0083 ms)
[10/04/2026-22:16:58] [I] Average on 1 runs - GPU latency: 6.75732 ms - Host latency: 6.83008 ms (enqueue 2.00342 ms)
[10/04/2026-22:16:58] [I] Average on 1 runs - GPU latency: 6.76367 ms - Host latency: 6.82324 ms (enqueue 2.04834 ms)
[10/04/2026-22:16:58] [I] Average on 1 runs - GPU latency: 6.75488 ms - Host latency: 6.8208 ms (enqueue 2.00098 ms)
[10/04/2026-22:16:58] [I] Average on 1 runs - GPU latency: 6.74902 ms - Host latency: 6.80957 ms (enqueue 2.02783 ms)
[10/04/2026-22:16:58] [I] Average on 1 runs - GPU latency: 6.75488 ms - Host latency: 6.81641 ms (enqueue 2.00684 ms)
[10/04/2026-22:16:58] [I] Average on 1 runs - GPU latency: 6.74707 ms - Host latency: 6.80762 ms (enqueue 2.05273 ms)
[10/04/2026-22:16:58] [I] Average on 1 runs - GPU latency: 6.75439 ms - Host latency: 6.81689 ms (enqueue 2.00928 ms)
[10/04/2026-22:16:58] [I] Average on 1 runs - GPU latency: 6.75635 ms - Host latency: 6.82227 ms (enqueue 2.01904 ms)
[10/04/2026-22:16:58] [I] Average on 1 runs - GPU latency: 6.74268 ms - Host latency: 6.80762 ms (enqueue 1.9834 ms)
[10/04/2026-22:16:58] [I] Average on 1 runs - GPU latency: 6.75391 ms - Host latency: 6.81836 ms (enqueue 2.06006 ms)
[10/04/2026-22:16:58] [I] Average on 1 runs - GPU latency: 6.78076 ms - Host latency: 6.84424 ms (enqueue 2.01904 ms)
[10/04/2026-22:16:58] [I] Average on 1 runs - GPU latency: 6.77881 ms - Host latency: 6.84277 ms (enqueue 2.04492 ms)
[10/04/2026-22:16:58] [I] Average on 1 runs - GPU latency: 6.77441 ms - Host latency: 6.83545 ms (enqueue 2.00977 ms)
[10/04/2026-22:16:58] [I] Average on 1 runs - GPU latency: 6.75732 ms - Host latency: 6.82275 ms (enqueue 2.00342 ms)
[10/04/2026-22:16:58] [I] Average on 1 runs - GPU latency: 6.75635 ms - Host latency: 6.8208 ms (enqueue 2.04492 ms)
[10/04/2026-22:16:58] [I] Average on 1 runs - GPU latency: 6.75732 ms - Host latency: 6.82275 ms (enqueue 1.98535 ms)
[10/04/2026-22:16:58] [I] Average on 1 runs - GPU latency: 6.74609 ms - Host latency: 6.80811 ms (enqueue 2.04297 ms)
[10/04/2026-22:16:58] [I] Average on 1 runs - GPU latency: 6.75 ms - Host latency: 6.81006 ms (enqueue 1.99121 ms)
[10/04/2026-22:16:58] [I] Average on 1 runs - GPU latency: 6.75439 ms - Host latency: 6.81543 ms (enqueue 2.04346 ms)
[10/04/2026-22:16:58] [I] Average on 1 runs - GPU latency: 6.75195 ms - Host latency: 6.81738 ms (enqueue 1.97412 ms)
[10/04/2026-22:16:58] [I] Average on 1 runs - GPU latency: 6.75195 ms - Host latency: 6.81201 ms (enqueue 2.03467 ms)
[10/04/2026-22:16:58] [I] Average on 1 runs - GPU latency: 6.7627 ms - Host latency: 6.82373 ms (enqueue 1.98779 ms)
[10/04/2026-22:16:58] [I] Average on 1 runs - GPU latency: 6.74512 ms - Host latency: 6.80469 ms (enqueue 2.04541 ms)
[10/04/2026-22:16:58] [I] Average on 1 runs - GPU latency: 6.76123 ms - Host latency: 6.82227 ms (enqueue 2.02246 ms)
[10/04/2026-22:16:58] [I] Average on 1 runs - GPU latency: 6.74609 ms - Host latency: 6.81055 ms (enqueue 2.03564 ms)
[10/04/2026-22:16:58] [I] Average on 1 runs - GPU latency: 6.75635 ms - Host latency: 6.81934 ms (enqueue 1.99561 ms)
[10/04/2026-22:16:58] [I] Average on 1 runs - GPU latency: 6.75635 ms - Host latency: 6.82031 ms (enqueue 2.05566 ms)
[10/04/2026-22:16:58] [I] Average on 1 runs - GPU latency: 6.75146 ms - Host latency: 6.81299 ms (enqueue 2.0293 ms)
[10/04/2026-22:16:58] [I] Average on 1 runs - GPU latency: 6.75488 ms - Host latency: 6.81494 ms (enqueue 2.03125 ms)
[10/04/2026-22:16:58] [I] Average on 1 runs - GPU latency: 6.74463 ms - Host latency: 6.80664 ms (enqueue 2.06543 ms)
[10/04/2026-22:16:58] [I] Average on 1 runs - GPU latency: 6.75391 ms - Host latency: 6.81836 ms (enqueue 1.98633 ms)
[10/04/2026-22:16:58] [I] Average on 1 runs - GPU latency: 6.74463 ms - Host latency: 6.80469 ms (enqueue 2.04541 ms)
[10/04/2026-22:16:58] [I] Average on 1 runs - GPU latency: 6.74902 ms - Host latency: 6.80957 ms (enqueue 2.01855 ms)
[10/04/2026-22:16:58] [I] Average on 1 runs - GPU latency: 6.75293 ms - Host latency: 6.81348 ms (enqueue 2.06201 ms)
[10/04/2026-22:16:58] [I] Average on 1 runs - GPU latency: 6.75537 ms - Host latency: 6.81445 ms (enqueue 2.01172 ms)
[10/04/2026-22:16:58] [I] Average on 1 runs - GPU latency: 6.74219 ms - Host latency: 6.80664 ms (enqueue 1.99707 ms)
[10/04/2026-22:16:58] [I] Average on 1 runs - GPU latency: 6.74805 ms - Host latency: 6.8125 ms (enqueue 1.99512 ms)
[10/04/2026-22:16:58] [I] Average on 1 runs - GPU latency: 6.75684 ms - Host latency: 6.81934 ms (enqueue 2.06494 ms)
[10/04/2026-22:16:58] [I] Average on 1 runs - GPU latency: 6.74707 ms - Host latency: 6.81006 ms (enqueue 2.01318 ms)
[10/04/2026-22:16:58] [I] Average on 1 runs - GPU latency: 6.74414 ms - Host latency: 6.80469 ms (enqueue 2.05518 ms)
[10/04/2026-22:16:58] [I] Average on 1 runs - GPU latency: 6.77295 ms - Host latency: 6.83838 ms (enqueue 1.98096 ms)
[10/04/2026-22:16:58] [I] Average on 1 runs - GPU latency: 6.7749 ms - Host latency: 6.8501 ms (enqueue 2.00195 ms)
[10/04/2026-22:16:58] [I] Average on 1 runs - GPU latency: 6.76709 ms - Host latency: 6.82617 ms (enqueue 2.00928 ms)
[10/04/2026-22:16:58] [I] Average on 1 runs - GPU latency: 6.74854 ms - Host latency: 6.80859 ms (enqueue 2.02246 ms)
[10/04/2026-22:16:58] [I] Average on 1 runs - GPU latency: 6.75684 ms - Host latency: 6.81787 ms (enqueue 2.0542 ms)
[10/04/2026-22:16:58] [I] Average on 1 runs - GPU latency: 6.75293 ms - Host latency: 6.8125 ms (enqueue 2.01709 ms)
[10/04/2026-22:16:58] [I] Average on 1 runs - GPU latency: 6.75781 ms - Host latency: 6.82178 ms (enqueue 2.01416 ms)
[10/04/2026-22:16:58] [I] Average on 1 runs - GPU latency: 6.75439 ms - Host latency: 6.81445 ms (enqueue 2.00635 ms)
[10/04/2026-22:16:58] [I] Average on 1 runs - GPU latency: 6.74951 ms - Host latency: 6.81006 ms (enqueue 2.05273 ms)
[10/04/2026-22:16:58] [I] Average on 1 runs - GPU latency: 6.75537 ms - Host latency: 6.81934 ms (enqueue 2.02344 ms)
[10/04/2026-22:16:58] [I] Average on 1 runs - GPU latency: 6.75049 ms - Host latency: 6.81152 ms (enqueue 2.05664 ms)
[10/04/2026-22:16:58] [I] Average on 1 runs - GPU latency: 6.75635 ms - Host latency: 6.81787 ms (enqueue 2.0293 ms)
[10/04/2026-22:16:58] [I] Average on 1 runs - GPU latency: 6.74854 ms - Host latency: 6.81152 ms (enqueue 2.01611 ms)
[10/04/2026-22:16:58] [I] Average on 1 runs - GPU latency: 6.75098 ms - Host latency: 6.81104 ms (enqueue 1.99219 ms)
[10/04/2026-22:16:58] [I] Average on 1 runs - GPU latency: 6.75391 ms - Host latency: 6.81396 ms (enqueue 2.02246 ms)
[10/04/2026-22:16:58] [I] Average on 1 runs - GPU latency: 6.75391 ms - Host latency: 6.81445 ms (enqueue 2.04688 ms)
[10/04/2026-22:16:58] [I] Average on 1 runs - GPU latency: 6.75586 ms - Host latency: 6.81738 ms (enqueue 2.02637 ms)
[10/04/2026-22:16:58] [I] Average on 1 runs - GPU latency: 6.75928 ms - Host latency: 6.82422 ms (enqueue 2.02393 ms)
[10/04/2026-22:16:58] [I] Average on 1 runs - GPU latency: 6.75293 ms - Host latency: 6.81348 ms (enqueue 1.99414 ms)
[10/04/2026-22:16:58] [I] Average on 1 runs - GPU latency: 6.74902 ms - Host latency: 6.80908 ms (enqueue 2.07959 ms)
[10/04/2026-22:16:58] [I] Average on 1 runs - GPU latency: 6.74756 ms - Host latency: 6.80859 ms (enqueue 2.01465 ms)
[10/04/2026-22:16:58] [I] Average on 1 runs - GPU latency: 6.75439 ms - Host latency: 6.81641 ms (enqueue 2.07471 ms)
[10/04/2026-22:16:58] [I] Average on 1 runs - GPU latency: 6.74609 ms - Host latency: 6.80615 ms (enqueue 2.02539 ms)
[10/04/2026-22:16:58] [I] Average on 1 runs - GPU latency: 6.75537 ms - Host latency: 6.81934 ms (enqueue 2.01465 ms)
[10/04/2026-22:16:58] [I] Average on 1 runs - GPU latency: 6.75684 ms - Host latency: 6.81641 ms (enqueue 2.0083 ms)
[10/04/2026-22:16:58] [I] Average on 1 runs - GPU latency: 6.74219 ms - Host latency: 6.80225 ms (enqueue 2.03711 ms)
[10/04/2026-22:16:58] [I] Average on 1 runs - GPU latency: 6.75732 ms - Host latency: 6.82031 ms (enqueue 2.0127 ms)
[10/04/2026-22:16:58] [I] Average on 1 runs - GPU latency: 6.74902 ms - Host latency: 6.8125 ms (enqueue 2.06104 ms)
[10/04/2026-22:16:58] [I] Average on 1 runs - GPU latency: 6.75439 ms - Host latency: 6.81934 ms (enqueue 2.01855 ms)
[10/04/2026-22:16:58] [I] Average on 1 runs - GPU latency: 6.74268 ms - Host latency: 6.80225 ms (enqueue 1.99756 ms)
[10/04/2026-22:16:58] [I] Average on 1 runs - GPU latency: 6.74854 ms - Host latency: 6.81299 ms (enqueue 2.03271 ms)
[10/04/2026-22:16:58] [I] Average on 1 runs - GPU latency: 6.76611 ms - Host latency: 6.83008 ms (enqueue 2.01855 ms)
[10/04/2026-22:16:58] [I] Average on 1 runs - GPU latency: 6.7627 ms - Host latency: 6.8252 ms (enqueue 2.06885 ms)
[10/04/2026-22:16:58] [I] Average on 1 runs - GPU latency: 6.75684 ms - Host latency: 6.81738 ms (enqueue 2.04102 ms)
[10/04/2026-22:16:58] [I] Average on 1 runs - GPU latency: 6.75488 ms - Host latency: 6.81836 ms (enqueue 2.03418 ms)
[10/04/2026-22:16:58] [I] Average on 1 runs - GPU latency: 6.75098 ms - Host latency: 6.81299 ms (enqueue 2.01807 ms)
[10/04/2026-22:16:58] [I] Average on 1 runs - GPU latency: 6.74268 ms - Host latency: 6.80176 ms (enqueue 2.02979 ms)
[10/04/2026-22:16:58] [I] Average on 1 runs - GPU latency: 6.74609 ms - Host latency: 6.80566 ms (enqueue 2.02002 ms)
[10/04/2026-22:16:58] [I] Average on 1 runs - GPU latency: 6.76367 ms - Host latency: 6.82568 ms (enqueue 2.0791 ms)
[10/04/2026-22:16:58] [I] Average on 1 runs - GPU latency: 6.75391 ms - Host latency: 6.81982 ms (enqueue 1.99072 ms)
[10/04/2026-22:16:58] [I] Average on 1 runs - GPU latency: 6.75098 ms - Host latency: 6.81445 ms (enqueue 2.01611 ms)
[10/04/2026-22:16:58] [I] Average on 1 runs - GPU latency: 6.75049 ms - Host latency: 6.81445 ms (enqueue 2.03906 ms)
[10/04/2026-22:16:58] [I] Average on 1 runs - GPU latency: 6.75684 ms - Host latency: 6.82764 ms (enqueue 2.0166 ms)
[10/04/2026-22:16:58] [I] Average on 1 runs - GPU latency: 6.75537 ms - Host latency: 6.81738 ms (enqueue 2.06934 ms)
[10/04/2026-22:16:58] [I] Average on 1 runs - GPU latency: 6.74854 ms - Host latency: 6.81152 ms (enqueue 2.01367 ms)
[10/04/2026-22:16:58] [I] Average on 1 runs - GPU latency: 6.74902 ms - Host latency: 6.81201 ms (enqueue 2.02344 ms)
[10/04/2026-22:16:58] [I] Average on 1 runs - GPU latency: 6.75146 ms - Host latency: 6.8125 ms (enqueue 1.99219 ms)
[10/04/2026-22:16:58] [I] Average on 1 runs - GPU latency: 6.74414 ms - Host latency: 6.80762 ms (enqueue 2.06055 ms)
[10/04/2026-22:16:58] [I] Average on 1 runs - GPU latency: 6.74463 ms - Host latency: 6.80469 ms (enqueue 2.01221 ms)
[10/04/2026-22:16:58] [I] Average on 1 runs - GPU latency: 6.75977 ms - Host latency: 6.82422 ms (enqueue 2.06543 ms)
[10/04/2026-22:16:58] [I] Average on 1 runs - GPU latency: 6.74756 ms - Host latency: 6.80957 ms (enqueue 1.97119 ms)
[10/04/2026-22:16:58] [I] Average on 1 runs - GPU latency: 6.75293 ms - Host latency: 6.81299 ms (enqueue 2.05273 ms)
[10/04/2026-22:16:58] [I] Average on 1 runs - GPU latency: 6.75293 ms - Host latency: 6.8125 ms (enqueue 2.00537 ms)
[10/04/2026-22:16:58] [I] Average on 1 runs - GPU latency: 6.73877 ms - Host latency: 6.80078 ms (enqueue 2.09082 ms)
[10/04/2026-22:16:58] [I] Average on 1 runs - GPU latency: 6.75586 ms - Host latency: 6.81689 ms (enqueue 2.03223 ms)
[10/04/2026-22:16:58] [I] Average on 1 runs - GPU latency: 6.75098 ms - Host latency: 6.81201 ms (enqueue 2.01318 ms)
[10/04/2026-22:16:58] [I] Average on 1 runs - GPU latency: 6.75049 ms - Host latency: 6.81396 ms (enqueue 2.03076 ms)
[10/04/2026-22:16:58] [I] Average on 1 runs - GPU latency: 6.75684 ms - Host latency: 6.81689 ms (enqueue 1.98389 ms)
[10/04/2026-22:16:58] [I] Average on 1 runs - GPU latency: 6.74414 ms - Host latency: 6.80371 ms (enqueue 2.03857 ms)
[10/04/2026-22:16:58] [I] Average on 1 runs - GPU latency: 6.75049 ms - Host latency: 6.81055 ms (enqueue 2.01416 ms)
[10/04/2026-22:16:58] [I] Average on 1 runs - GPU latency: 6.7627 ms - Host latency: 6.82275 ms (enqueue 2.05518 ms)
[10/04/2026-22:16:58] [I] Average on 1 runs - GPU latency: 6.75537 ms - Host latency: 6.82031 ms (enqueue 2.02344 ms)
[10/04/2026-22:16:58] [I] Average on 1 runs - GPU latency: 6.74854 ms - Host latency: 6.80908 ms (enqueue 2.03076 ms)
[10/04/2026-22:16:58] [I] Average on 1 runs - GPU latency: 6.7583 ms - Host latency: 6.81885 ms (enqueue 2.02051 ms)
[10/04/2026-22:16:58] [I] Average on 1 runs - GPU latency: 6.75244 ms - Host latency: 6.8125 ms (enqueue 2.0874 ms)
[10/04/2026-22:16:58] [I] Average on 1 runs - GPU latency: 6.74512 ms - Host latency: 6.80566 ms (enqueue 2.02344 ms)
[10/04/2026-22:16:58] [I] Average on 1 runs - GPU latency: 6.74756 ms - Host latency: 6.80859 ms (enqueue 2.08447 ms)
[10/04/2026-22:16:58] [I] Average on 1 runs - GPU latency: 6.74756 ms - Host latency: 6.81641 ms (enqueue 2.08594 ms)
[10/04/2026-22:16:58] [I] Average on 1 runs - GPU latency: 6.74609 ms - Host latency: 6.80664 ms (enqueue 2.02881 ms)
[10/04/2026-22:16:58] [I] Average on 1 runs - GPU latency: 6.75439 ms - Host latency: 6.81787 ms (enqueue 2.07031 ms)
[10/04/2026-22:16:58] [I] Average on 1 runs - GPU latency: 6.76025 ms - Host latency: 6.82129 ms (enqueue 2.02734 ms)
[10/04/2026-22:16:58] [I] Average on 1 runs - GPU latency: 6.76123 ms - Host latency: 6.82129 ms (enqueue 2.07471 ms)
[10/04/2026-22:16:58] [I] Average on 1 runs - GPU latency: 6.75244 ms - Host latency: 6.81299 ms (enqueue 2.04395 ms)
[10/04/2026-22:16:58] [I] Average on 1 runs - GPU latency: 6.75488 ms - Host latency: 6.81592 ms (enqueue 2.07715 ms)
[10/04/2026-22:16:58] [I] Average on 1 runs - GPU latency: 6.75439 ms - Host latency: 6.81396 ms (enqueue 2.02197 ms)
[10/04/2026-22:16:58] [I] Average on 1 runs - GPU latency: 6.74561 ms - Host latency: 6.81152 ms (enqueue 2.03467 ms)
[10/04/2026-22:16:58] [I] Average on 1 runs - GPU latency: 6.75049 ms - Host latency: 6.8125 ms (enqueue 2.00684 ms)
[10/04/2026-22:16:58] [I] Average on 1 runs - GPU latency: 6.74512 ms - Host latency: 6.80566 ms (enqueue 2.05518 ms)
[10/04/2026-22:16:58] [I] Average on 1 runs - GPU latency: 6.74365 ms - Host latency: 6.80371 ms (enqueue 2.01562 ms)
[10/04/2026-22:16:58] [I] Average on 1 runs - GPU latency: 6.75 ms - Host latency: 6.81152 ms (enqueue 2.01172 ms)
[10/04/2026-22:16:58] [I] Average on 1 runs - GPU latency: 6.74561 ms - Host latency: 6.80811 ms (enqueue 2.06104 ms)
[10/04/2026-22:16:58] [I] Average on 1 runs - GPU latency: 6.74561 ms - Host latency: 6.80762 ms (enqueue 2.02588 ms)
[10/04/2026-22:16:58] [I] Average on 1 runs - GPU latency: 6.74512 ms - Host latency: 6.80469 ms (enqueue 2.07422 ms)
[10/04/2026-22:16:58] [I] Average on 1 runs - GPU latency: 6.75879 ms - Host latency: 6.83105 ms (enqueue 2.03125 ms)
[10/04/2026-22:16:58] [I] Average on 1 runs - GPU latency: 6.75195 ms - Host latency: 6.81396 ms (enqueue 2.07178 ms)
[10/04/2026-22:16:58] [I] Average on 1 runs - GPU latency: 6.74805 ms - Host latency: 6.81299 ms (enqueue 1.97949 ms)
[10/04/2026-22:16:58] [I] Average on 1 runs - GPU latency: 6.74219 ms - Host latency: 6.80322 ms (enqueue 2.03271 ms)
[10/04/2026-22:16:58] [I] Average on 1 runs - GPU latency: 6.75537 ms - Host latency: 6.82031 ms (enqueue 2.00928 ms)
[10/04/2026-22:16:58] [I] Average on 1 runs - GPU latency: 6.75098 ms - Host latency: 6.81201 ms (enqueue 2.06396 ms)
[10/04/2026-22:16:58] [I] Average on 1 runs - GPU latency: 6.75049 ms - Host latency: 6.8125 ms (enqueue 2.01855 ms)
[10/04/2026-22:16:58] [I] Average on 1 runs - GPU latency: 6.74756 ms - Host latency: 6.80762 ms (enqueue 2.09863 ms)
[10/04/2026-22:16:58] [I] ... Omitting 429 lines
[10/04/2026-22:16:58] [I] Average on 1 runs - GPU latency: 6.74609 ms - Host latency: 6.80859 ms (enqueue 2.0293 ms)
[10/04/2026-22:16:58] [I] Average on 1 runs - GPU latency: 6.74805 ms - Host latency: 6.81738 ms (enqueue 2.0791 ms)
[10/04/2026-22:16:58] [I] Average on 1 runs - GPU latency: 6.74512 ms - Host latency: 6.80566 ms (enqueue 2.02344 ms)
[10/04/2026-22:16:58] [I] Average on 1 runs - GPU latency: 6.74902 ms - Host latency: 6.8125 ms (enqueue 2.07812 ms)
[10/04/2026-22:16:58] [I] Average on 1 runs - GPU latency: 6.75293 ms - Host latency: 6.81738 ms (enqueue 1.98633 ms)
[10/04/2026-22:16:58] [I] Average on 1 runs - GPU latency: 6.74707 ms - Host latency: 6.80664 ms (enqueue 2.05176 ms)
[10/04/2026-22:16:58] [I] Average on 1 runs - GPU latency: 6.75 ms - Host latency: 6.8125 ms (enqueue 2.01953 ms)
[10/04/2026-22:16:58] [I] Average on 1 runs - GPU latency: 6.75488 ms - Host latency: 6.81934 ms (enqueue 2.03027 ms)
[10/04/2026-22:16:58] [I] Average on 1 runs - GPU latency: 6.75586 ms - Host latency: 6.81738 ms (enqueue 1.99414 ms)
[10/04/2026-22:16:58] [I] Average on 1 runs - GPU latency: 6.74414 ms - Host latency: 6.80371 ms (enqueue 2.06445 ms)
[10/04/2026-22:16:58] [I] Average on 1 runs - GPU latency: 6.74707 ms - Host latency: 6.80664 ms (enqueue 2.00781 ms)
[10/04/2026-22:16:58] [I] Average on 1 runs - GPU latency: 6.74902 ms - Host latency: 6.80859 ms (enqueue 2.05273 ms)
[10/04/2026-22:16:58] [I] Average on 1 runs - GPU latency: 6.74512 ms - Host latency: 6.80566 ms (enqueue 2.0625 ms)
[10/04/2026-22:16:58] [I] Average on 1 runs - GPU latency: 6.74121 ms - Host latency: 6.80078 ms (enqueue 2.0127 ms)
[10/04/2026-22:16:58] [I] Average on 1 runs - GPU latency: 6.75195 ms - Host latency: 6.81445 ms (enqueue 2.05859 ms)
[10/04/2026-22:16:58] [I] Average on 1 runs - GPU latency: 6.74609 ms - Host latency: 6.80859 ms (enqueue 2.02734 ms)
[10/04/2026-22:16:58] [I] Average on 1 runs - GPU latency: 6.76172 ms - Host latency: 6.82617 ms (enqueue 2.08691 ms)
[10/04/2026-22:16:58] [I] Average on 1 runs - GPU latency: 6.74512 ms - Host latency: 6.80566 ms (enqueue 2.03711 ms)
[10/04/2026-22:16:58] [I] Average on 1 runs - GPU latency: 6.73926 ms - Host latency: 6.80371 ms (enqueue 2.03809 ms)
[10/04/2026-22:16:58] [I] Average on 1 runs - GPU latency: 6.78613 ms - Host latency: 6.8457 ms (enqueue 1.99219 ms)
[10/04/2026-22:16:58] [I] Average on 1 runs - GPU latency: 6.76367 ms - Host latency: 6.8252 ms (enqueue 2.0498 ms)
[10/04/2026-22:16:58] [I] Average on 1 runs - GPU latency: 6.77246 ms - Host latency: 6.83496 ms (enqueue 2.01953 ms)
[10/04/2026-22:16:58] [I] Average on 1 runs - GPU latency: 6.7627 ms - Host latency: 6.8252 ms (enqueue 2.05664 ms)
[10/04/2026-22:16:58] [I] Average on 1 runs - GPU latency: 6.74414 ms - Host latency: 6.80371 ms (enqueue 2.01758 ms)
[10/04/2026-22:16:58] [I] Average on 1 runs - GPU latency: 6.75391 ms - Host latency: 6.81445 ms (enqueue 2.04492 ms)
[10/04/2026-22:16:58] [I] Average on 1 runs - GPU latency: 6.75293 ms - Host latency: 6.8125 ms (enqueue 2.04395 ms)
[10/04/2026-22:16:58] [I] Average on 1 runs - GPU latency: 6.7627 ms - Host latency: 6.82324 ms (enqueue 2.0166 ms)
[10/04/2026-22:16:58] [I] Average on 1 runs - GPU latency: 6.74219 ms - Host latency: 6.80371 ms (enqueue 2.09668 ms)
[10/04/2026-22:16:58] [I] Average on 1 runs - GPU latency: 6.75293 ms - Host latency: 6.8291 ms (enqueue 2.02734 ms)
[10/04/2026-22:16:58] [I] Average on 1 runs - GPU latency: 6.75195 ms - Host latency: 6.8125 ms (enqueue 2.06152 ms)
[10/04/2026-22:16:58] [I] Average on 1 runs - GPU latency: 6.74609 ms - Host latency: 6.80664 ms (enqueue 2.00781 ms)
[10/04/2026-22:16:58] [I] Average on 1 runs - GPU latency: 6.75781 ms - Host latency: 6.81836 ms (enqueue 2.05664 ms)
[10/04/2026-22:16:58] [I] Average on 1 runs - GPU latency: 6.75781 ms - Host latency: 6.81934 ms (enqueue 2.01465 ms)
[10/04/2026-22:16:58] [I] Average on 1 runs - GPU latency: 6.75586 ms - Host latency: 6.81641 ms (enqueue 2.06152 ms)
[10/04/2026-22:16:58] [I] Average on 1 runs - GPU latency: 6.75098 ms - Host latency: 6.81152 ms (enqueue 2.03223 ms)
[10/04/2026-22:16:58] [I] Average on 1 runs - GPU latency: 6.74707 ms - Host latency: 6.80859 ms (enqueue 2.07324 ms)
[10/04/2026-22:16:58] [I] Average on 1 runs - GPU latency: 6.75 ms - Host latency: 6.8125 ms (enqueue 2.01465 ms)
[10/04/2026-22:16:58] [I] Average on 1 runs - GPU latency: 6.75293 ms - Host latency: 6.81348 ms (enqueue 2.02637 ms)
[10/04/2026-22:16:58] [I] Average on 1 runs - GPU latency: 6.75781 ms - Host latency: 6.81934 ms (enqueue 2.05859 ms)
[10/04/2026-22:16:58] [I] Average on 1 runs - GPU latency: 6.75781 ms - Host latency: 6.81934 ms (enqueue 2.02051 ms)
[10/04/2026-22:16:58] [I] Average on 1 runs - GPU latency: 6.74414 ms - Host latency: 6.80762 ms (enqueue 2.02734 ms)
[10/04/2026-22:16:58] [I] Average on 1 runs - GPU latency: 6.74902 ms - Host latency: 6.81152 ms (enqueue 1.99609 ms)
[10/04/2026-22:16:58] [I] Average on 1 runs - GPU latency: 6.75391 ms - Host latency: 6.81738 ms (enqueue 2.05859 ms)
[10/04/2026-22:16:58] [I] Average on 1 runs - GPU latency: 6.75293 ms - Host latency: 6.81445 ms (enqueue 2.01465 ms)
[10/04/2026-22:16:58] [I] Average on 1 runs - GPU latency: 6.76074 ms - Host latency: 6.82422 ms (enqueue 2.07129 ms)
[10/04/2026-22:16:58] [I] Average on 1 runs - GPU latency: 6.75098 ms - Host latency: 6.80957 ms (enqueue 2.01562 ms)
[10/04/2026-22:16:58] [I] Average on 1 runs - GPU latency: 6.74805 ms - Host latency: 6.80957 ms (enqueue 2.05664 ms)
[10/04/2026-22:16:58] [I] Average on 1 runs - GPU latency: 6.75195 ms - Host latency: 6.81445 ms (enqueue 2.03125 ms)
[10/04/2026-22:16:58] [I] Average on 1 runs - GPU latency: 6.75391 ms - Host latency: 6.81348 ms (enqueue 2.06934 ms)
[10/04/2026-22:16:58] [I] Average on 1 runs - GPU latency: 6.7832 ms - Host latency: 6.84277 ms (enqueue 2.03418 ms)
[10/04/2026-22:16:58] [I] Average on 1 runs - GPU latency: 6.77148 ms - Host latency: 6.83203 ms (enqueue 2.01758 ms)
[10/04/2026-22:16:58] [I] Average on 1 runs - GPU latency: 6.76855 ms - Host latency: 6.82812 ms (enqueue 2.05371 ms)
[10/04/2026-22:16:58] [I] Average on 1 runs - GPU latency: 6.75586 ms - Host latency: 6.81641 ms (enqueue 2.01562 ms)
[10/04/2026-22:16:58] [I] Average on 1 runs - GPU latency: 6.75488 ms - Host latency: 6.81445 ms (enqueue 2.05371 ms)
[10/04/2026-22:16:58] [I] Average on 1 runs - GPU latency: 6.75586 ms - Host latency: 6.81738 ms (enqueue 2.03125 ms)
[10/04/2026-22:16:58] [I] Average on 1 runs - GPU latency: 6.74902 ms - Host latency: 6.81055 ms (enqueue 2.07617 ms)
[10/04/2026-22:16:58] [I] Average on 1 runs - GPU latency: 6.75977 ms - Host latency: 6.82129 ms (enqueue 2.02148 ms)
[10/04/2026-22:16:58] [I] Average on 1 runs - GPU latency: 6.76367 ms - Host latency: 6.82617 ms (enqueue 2.09277 ms)
[10/04/2026-22:16:58] [I] Average on 1 runs - GPU latency: 6.75293 ms - Host latency: 6.81348 ms (enqueue 2.03516 ms)
[10/04/2026-22:16:58] [I] Average on 1 runs - GPU latency: 6.75586 ms - Host latency: 6.81543 ms (enqueue 2.05371 ms)
[10/04/2026-22:16:58] [I] Average on 1 runs - GPU latency: 6.75098 ms - Host latency: 6.81348 ms (enqueue 2.04199 ms)
[10/04/2026-22:16:58] [I] Average on 1 runs - GPU latency: 6.74805 ms - Host latency: 6.80957 ms (enqueue 2.07031 ms)
[10/04/2026-22:16:58] [I] Average on 1 runs - GPU latency: 6.74512 ms - Host latency: 6.80957 ms (enqueue 2.04688 ms)
[10/04/2026-22:16:58] [I] Average on 1 runs - GPU latency: 6.74609 ms - Host latency: 6.80664 ms (enqueue 1.98438 ms)
[10/04/2026-22:16:58] [I] Average on 1 runs - GPU latency: 6.75098 ms - Host latency: 6.81152 ms (enqueue 2.05859 ms)
[10/04/2026-22:16:58] [I] Average on 1 runs - GPU latency: 6.74902 ms - Host latency: 6.80859 ms (enqueue 2.00391 ms)
[10/04/2026-22:16:58] [I] Average on 1 runs - GPU latency: 6.74414 ms - Host latency: 6.80273 ms (enqueue 2.06445 ms)
[10/04/2026-22:16:58] [I] Average on 1 runs - GPU latency: 6.74121 ms - Host latency: 6.7998 ms (enqueue 2.02148 ms)
[10/04/2026-22:16:58] [I] Average on 1 runs - GPU latency: 6.75 ms - Host latency: 6.80957 ms (enqueue 2.07812 ms)
[10/04/2026-22:16:58] [I] Average on 1 runs - GPU latency: 6.75879 ms - Host latency: 6.83008 ms (enqueue 2.01758 ms)
[10/04/2026-22:16:58] [I] Average on 1 runs - GPU latency: 6.74902 ms - Host latency: 6.8125 ms (enqueue 2.09277 ms)
[10/04/2026-22:16:58] [I] Average on 1 runs - GPU latency: 6.75 ms - Host latency: 6.81055 ms (enqueue 2.01465 ms)
[10/04/2026-22:16:58] [I] Average on 1 runs - GPU latency: 6.75293 ms - Host latency: 6.81641 ms (enqueue 2.08594 ms)
[10/04/2026-22:16:58] [I] Average on 1 runs - GPU latency: 6.75293 ms - Host latency: 6.81445 ms (enqueue 2.01758 ms)
[10/04/2026-22:16:58] [I] Average on 1 runs - GPU latency: 6.75195 ms - Host latency: 6.8125 ms (enqueue 2.01855 ms)
[10/04/2026-22:16:58] [I] Average on 1 runs - GPU latency: 6.75586 ms - Host latency: 6.81836 ms (enqueue 2.06934 ms)
[10/04/2026-22:16:58] [I] Average on 1 runs - GPU latency: 6.75293 ms - Host latency: 6.81348 ms (enqueue 2.03223 ms)
[10/04/2026-22:16:58] [I] Average on 1 runs - GPU latency: 6.75098 ms - Host latency: 6.80957 ms (enqueue 2.07031 ms)
[10/04/2026-22:16:58] [I] Average on 1 runs - GPU latency: 6.75 ms - Host latency: 6.81543 ms (enqueue 2.0293 ms)
[10/04/2026-22:16:58] [I] Average on 1 runs - GPU latency: 6.77148 ms - Host latency: 6.83496 ms (enqueue 2.06641 ms)
[10/04/2026-22:16:58] [I] Average on 1 runs - GPU latency: 6.76953 ms - Host latency: 6.83398 ms (enqueue 2.04102 ms)
[10/04/2026-22:16:58] [I] Average on 1 runs - GPU latency: 6.74805 ms - Host latency: 6.80859 ms (enqueue 2.05859 ms)
[10/04/2026-22:16:58] [I] Average on 1 runs - GPU latency: 6.76074 ms - Host latency: 6.82031 ms (enqueue 2.01465 ms)
[10/04/2026-22:16:58] [I] Average on 1 runs - GPU latency: 6.74707 ms - Host latency: 6.81445 ms (enqueue 2.03516 ms)
[10/04/2026-22:16:58] [I] Average on 1 runs - GPU latency: 6.74609 ms - Host latency: 6.80566 ms (enqueue 2.00488 ms)
[10/04/2026-22:16:58] [I] Average on 1 runs - GPU latency: 6.75293 ms - Host latency: 6.81543 ms (enqueue 2.04883 ms)
[10/04/2026-22:16:58] [I] Average on 1 runs - GPU latency: 6.74805 ms - Host latency: 6.80762 ms (enqueue 2.04688 ms)
[10/04/2026-22:16:58] [I] Average on 1 runs - GPU latency: 6.75195 ms - Host latency: 6.81152 ms (enqueue 2.02051 ms)
[10/04/2026-22:16:58] [I] Average on 1 runs - GPU latency: 6.75586 ms - Host latency: 6.81641 ms (enqueue 2.05664 ms)
[10/04/2026-22:16:58] [I] Average on 1 runs - GPU latency: 6.76172 ms - Host latency: 6.82129 ms (enqueue 2.01367 ms)
[10/04/2026-22:16:58] [I] Average on 1 runs - GPU latency: 6.75488 ms - Host latency: 6.81348 ms (enqueue 2.04492 ms)
[10/04/2026-22:16:58] [I] Average on 1 runs - GPU latency: 6.75781 ms - Host latency: 6.81738 ms (enqueue 2.01562 ms)
[10/04/2026-22:16:58] [I] Average on 1 runs - GPU latency: 6.74805 ms - Host latency: 6.80859 ms (enqueue 2.06836 ms)
[10/04/2026-22:16:58] [I] Average on 1 runs - GPU latency: 6.73828 ms - Host latency: 6.79688 ms (enqueue 2.03223 ms)
[10/04/2026-22:16:58] [I] Average on 1 runs - GPU latency: 6.74902 ms - Host latency: 6.80957 ms (enqueue 2.06738 ms)
[10/04/2026-22:16:58] [I] Average on 1 runs - GPU latency: 6.76074 ms - Host latency: 6.82129 ms (enqueue 2.0166 ms)
[10/04/2026-22:16:58] [I] Average on 1 runs - GPU latency: 6.76367 ms - Host latency: 6.82422 ms (enqueue 2.05859 ms)
[10/04/2026-22:16:58] [I] Average on 1 runs - GPU latency: 6.75391 ms - Host latency: 6.81445 ms (enqueue 2.01367 ms)
[10/04/2026-22:16:58] [I] Average on 1 runs - GPU latency: 6.75781 ms - Host latency: 6.81641 ms (enqueue 2.04297 ms)
[10/04/2026-22:16:58] [I] Average on 1 runs - GPU latency: 6.75488 ms - Host latency: 6.81348 ms (enqueue 2.06738 ms)
[10/04/2026-22:16:58] [I] Average on 1 runs - GPU latency: 6.74707 ms - Host latency: 6.80957 ms (enqueue 2.02344 ms)
[10/04/2026-22:16:58] [I] Average on 1 runs - GPU latency: 6.75781 ms - Host latency: 6.81738 ms (enqueue 2.08203 ms)
[10/04/2026-22:16:58] [I] Average on 1 runs - GPU latency: 6.75586 ms - Host latency: 6.81445 ms (enqueue 2.02539 ms)
[10/04/2026-22:16:58] [I] Average on 1 runs - GPU latency: 6.76074 ms - Host latency: 6.82129 ms (enqueue 2.0752 ms)
[10/04/2026-22:16:58] [I] Average on 1 runs - GPU latency: 6.74707 ms - Host latency: 6.80762 ms (enqueue 2.02637 ms)
[10/04/2026-22:16:58] [I] Average on 1 runs - GPU latency: 6.75 ms - Host latency: 6.81445 ms (enqueue 2.02637 ms)
[10/04/2026-22:16:58] [I] Average on 1 runs - GPU latency: 6.75293 ms - Host latency: 6.81445 ms (enqueue 1.99609 ms)
[10/04/2026-22:16:58] [I] Average on 1 runs - GPU latency: 6.75 ms - Host latency: 6.81055 ms (enqueue 2.04883 ms)
[10/04/2026-22:16:58] [I] Average on 1 runs - GPU latency: 6.74805 ms - Host latency: 6.80762 ms (enqueue 2.01855 ms)
[10/04/2026-22:16:58] [I] Average on 1 runs - GPU latency: 6.77148 ms - Host latency: 6.83203 ms (enqueue 2.06152 ms)
[10/04/2026-22:16:58] [I] Average on 1 runs - GPU latency: 6.75391 ms - Host latency: 6.82617 ms (enqueue 2.00586 ms)
[10/04/2026-22:16:58] [I] Average on 1 runs - GPU latency: 6.75977 ms - Host latency: 6.82031 ms (enqueue 2.03125 ms)
[10/04/2026-22:16:58] [I] Average on 1 runs - GPU latency: 6.75 ms - Host latency: 6.80859 ms (enqueue 2.04688 ms)
[10/04/2026-22:16:58] [I] Average on 1 runs - GPU latency: 6.74805 ms - Host latency: 6.80859 ms (enqueue 2.02734 ms)
[10/04/2026-22:16:58] [I] Average on 1 runs - GPU latency: 6.75195 ms - Host latency: 6.8125 ms (enqueue 2.08398 ms)
[10/04/2026-22:16:58] [I] Average on 1 runs - GPU latency: 6.75781 ms - Host latency: 6.81836 ms (enqueue 2.02344 ms)
[10/04/2026-22:16:58] [I] Average on 1 runs - GPU latency: 6.75391 ms - Host latency: 6.81445 ms (enqueue 2.06836 ms)
[10/04/2026-22:16:58] [I] Average on 1 runs - GPU latency: 6.75195 ms - Host latency: 6.81641 ms (enqueue 1.98438 ms)
[10/04/2026-22:16:58] [I] Average on 1 runs - GPU latency: 6.75195 ms - Host latency: 6.8125 ms (enqueue 2.03711 ms)
[10/04/2026-22:16:58] [I] Average on 1 runs - GPU latency: 6.75195 ms - Host latency: 6.81055 ms (enqueue 2.00195 ms)
[10/04/2026-22:16:58] [I] Average on 1 runs - GPU latency: 6.75586 ms - Host latency: 6.81641 ms (enqueue 2.05859 ms)
[10/04/2026-22:16:58] [I] Average on 1 runs - GPU latency: 6.74219 ms - Host latency: 6.80273 ms (enqueue 2.02734 ms)
[10/04/2026-22:16:58] [I] Average on 1 runs - GPU latency: 6.75391 ms - Host latency: 6.8125 ms (enqueue 2.07812 ms)
[10/04/2026-22:16:58] [I] Average on 1 runs - GPU latency: 6.75977 ms - Host latency: 6.82031 ms (enqueue 2.02539 ms)
[10/04/2026-22:16:58] [I] Average on 1 runs - GPU latency: 6.75391 ms - Host latency: 6.81445 ms (enqueue 2.02344 ms)
[10/04/2026-22:16:58] [I] Average on 1 runs - GPU latency: 6.75 ms - Host latency: 6.80859 ms (enqueue 2.06055 ms)
[10/04/2026-22:16:58] [I] Average on 1 runs - GPU latency: 6.75 ms - Host latency: 6.80859 ms (enqueue 2.02344 ms)
[10/04/2026-22:16:58] [I] Average on 1 runs - GPU latency: 6.74805 ms - Host latency: 6.80664 ms (enqueue 2.07422 ms)
[10/04/2026-22:16:58] [I] Average on 1 runs - GPU latency: 6.75 ms - Host latency: 6.81641 ms (enqueue 1.96875 ms)
[10/04/2026-22:16:58] [I] Average on 1 runs - GPU latency: 6.75 ms - Host latency: 6.81055 ms (enqueue 2.02344 ms)
[10/04/2026-22:16:58] [I] Average on 1 runs - GPU latency: 6.75586 ms - Host latency: 6.82031 ms (enqueue 1.99023 ms)
[10/04/2026-22:16:58] [I] Average on 1 runs - GPU latency: 6.75781 ms - Host latency: 6.82227 ms (enqueue 2.04492 ms)
[10/04/2026-22:16:58] [I] Average on 1 runs - GPU latency: 6.75195 ms - Host latency: 6.81641 ms (enqueue 2.01172 ms)
[10/04/2026-22:16:58] [I] Average on 1 runs - GPU latency: 6.75391 ms - Host latency: 6.81641 ms (enqueue 2.05078 ms)
[10/04/2026-22:16:58] [I] Average on 1 runs - GPU latency: 6.74609 ms - Host latency: 6.80859 ms (enqueue 2.02148 ms)
[10/04/2026-22:16:58] [I] Average on 1 runs - GPU latency: 6.75195 ms - Host latency: 6.8125 ms (enqueue 2.04297 ms)
[10/04/2026-22:16:58] [I] Average on 1 runs - GPU latency: 6.74609 ms - Host latency: 6.80664 ms (enqueue 2.01367 ms)
[10/04/2026-22:16:58] [I] Average on 1 runs - GPU latency: 6.74023 ms - Host latency: 6.81641 ms (enqueue 2.02539 ms)
[10/04/2026-22:16:58] [I] Average on 1 runs - GPU latency: 6.75977 ms - Host latency: 6.82031 ms (enqueue 2.04297 ms)
[10/04/2026-22:16:58] [I] Average on 1 runs - GPU latency: 6.75 ms - Host latency: 6.81055 ms (enqueue 2.04297 ms)
[10/04/2026-22:16:58] [I] Average on 1 runs - GPU latency: 6.76172 ms - Host latency: 6.82812 ms (enqueue 2.06836 ms)
[10/04/2026-22:16:58] [I] Average on 1 runs - GPU latency: 6.75 ms - Host latency: 6.81445 ms (enqueue 2.00977 ms)
[10/04/2026-22:16:58] [I] Average on 1 runs - GPU latency: 6.75586 ms - Host latency: 6.82031 ms (enqueue 2.02148 ms)
[10/04/2026-22:16:58] [I] Average on 1 runs - GPU latency: 6.75586 ms - Host latency: 6.82227 ms (enqueue 1.98047 ms)
[10/04/2026-22:16:58] [I] Average on 1 runs - GPU latency: 6.74414 ms - Host latency: 6.80469 ms (enqueue 2.03906 ms)
[10/04/2026-22:16:58] [I] Average on 1 runs - GPU latency: 6.75 ms - Host latency: 6.81445 ms (enqueue 1.98438 ms)
[10/04/2026-22:16:58] [I] Average on 1 runs - GPU latency: 6.75781 ms - Host latency: 6.81836 ms (enqueue 2.02344 ms)
[10/04/2026-22:16:58] [I] Average on 1 runs - GPU latency: 6.75781 ms - Host latency: 6.82227 ms (enqueue 1.98047 ms)
[10/04/2026-22:16:58] [I] Average on 1 runs - GPU latency: 6.74805 ms - Host latency: 6.8125 ms (enqueue 2.03711 ms)
[10/04/2026-22:16:58] [I] Average on 1 runs - GPU latency: 6.75195 ms - Host latency: 6.81641 ms (enqueue 2.00586 ms)
[10/04/2026-22:16:58] [I] Average on 1 runs - GPU latency: 6.75391 ms - Host latency: 6.82031 ms (enqueue 2.03906 ms)
[10/04/2026-22:16:58] [I] Average on 1 runs - GPU latency: 6.75195 ms - Host latency: 6.82227 ms (enqueue 2.03516 ms)
[10/04/2026-22:16:58] [I] Average on 1 runs - GPU latency: 6.75391 ms - Host latency: 6.81641 ms (enqueue 1.98828 ms)
[10/04/2026-22:16:58] [I] Average on 1 runs - GPU latency: 6.74805 ms - Host latency: 6.8125 ms (enqueue 1.99609 ms)
[10/04/2026-22:16:58] [I] Average on 1 runs - GPU latency: 6.75391 ms - Host latency: 6.81836 ms (enqueue 1.99609 ms)
[10/04/2026-22:16:58] [I] Average on 1 runs - GPU latency: 6.75 ms - Host latency: 6.81445 ms (enqueue 2.04297 ms)
[10/04/2026-22:16:58] [I] Average on 1 runs - GPU latency: 6.76367 ms - Host latency: 6.82422 ms (enqueue 2.01367 ms)
[10/04/2026-22:16:58] [I] Average on 1 runs - GPU latency: 6.75195 ms - Host latency: 6.81641 ms (enqueue 2.03125 ms)
[10/04/2026-22:16:58] [I] Average on 1 runs - GPU latency: 6.75 ms - Host latency: 6.81445 ms (enqueue 1.96875 ms)
[10/04/2026-22:16:58] [I] Average on 1 runs - GPU latency: 6.74219 ms - Host latency: 6.80273 ms (enqueue 2.01953 ms)
[10/04/2026-22:16:58] [I] Average on 1 runs - GPU latency: 6.74805 ms - Host latency: 6.81836 ms (enqueue 1.98242 ms)
[10/04/2026-22:16:58] [I] Average on 1 runs - GPU latency: 6.76172 ms - Host latency: 6.82227 ms (enqueue 2.03906 ms)
[10/04/2026-22:16:58] [I] Average on 1 runs - GPU latency: 6.75977 ms - Host latency: 6.82617 ms (enqueue 1.96875 ms)
[10/04/2026-22:16:58] [I] Average on 1 runs - GPU latency: 6.75195 ms - Host latency: 6.81641 ms (enqueue 2.02344 ms)
[10/04/2026-22:16:58] [I] Average on 1 runs - GPU latency: 6.75781 ms - Host latency: 6.82031 ms (enqueue 2.00977 ms)
[10/04/2026-22:16:58] [I] Average on 1 runs - GPU latency: 6.75195 ms - Host latency: 6.81836 ms (enqueue 2.00781 ms)
[10/04/2026-22:16:58] [I] Average on 1 runs - GPU latency: 6.74414 ms - Host latency: 6.80469 ms (enqueue 2.01172 ms)
[10/04/2026-22:16:58] [I] Average on 1 runs - GPU latency: 6.75195 ms - Host latency: 6.81836 ms (enqueue 1.98828 ms)
[10/04/2026-22:16:58] [I] Average on 1 runs - GPU latency: 6.74219 ms - Host latency: 6.80664 ms (enqueue 2.01367 ms)
[10/04/2026-22:16:58] [I] Average on 1 runs - GPU latency: 6.75781 ms - Host latency: 6.82031 ms (enqueue 2.01562 ms)
[10/04/2026-22:16:58] [I] Average on 1 runs - GPU latency: 6.77539 ms - Host latency: 6.83984 ms (enqueue 2.04102 ms)
[10/04/2026-22:16:58] [I] Average on 1 runs - GPU latency: 6.75781 ms - Host latency: 6.81836 ms (enqueue 2.03516 ms)
[10/04/2026-22:16:58] [I] Average on 1 runs - GPU latency: 6.74805 ms - Host latency: 6.8125 ms (enqueue 2.0293 ms)
[10/04/2026-22:16:58] [I] Average on 1 runs - GPU latency: 6.75 ms - Host latency: 6.80859 ms (enqueue 2.00977 ms)
[10/04/2026-22:16:58] [I] Average on 1 runs - GPU latency: 6.74414 ms - Host latency: 6.80469 ms (enqueue 2.05664 ms)
[10/04/2026-22:16:58] [I] Average on 1 runs - GPU latency: 6.75195 ms - Host latency: 6.8125 ms (enqueue 2.02539 ms)
[10/04/2026-22:16:58] [I] Average on 1 runs - GPU latency: 6.75391 ms - Host latency: 6.81445 ms (enqueue 2.11719 ms)
[10/04/2026-22:16:58] [I] Average on 1 runs - GPU latency: 6.75586 ms - Host latency: 6.81445 ms (enqueue 2.02344 ms)
[10/04/2026-22:16:58] [I] Average on 1 runs - GPU latency: 6.75195 ms - Host latency: 6.81445 ms (enqueue 2.07227 ms)
[10/04/2026-22:16:58] [I] Average on 1 runs - GPU latency: 6.75195 ms - Host latency: 6.8125 ms (enqueue 2.07227 ms)
[10/04/2026-22:16:58] [I] Average on 1 runs - GPU latency: 6.74414 ms - Host latency: 6.80273 ms (enqueue 2.03516 ms)
[10/04/2026-22:16:58] [I] Average on 1 runs - GPU latency: 6.76367 ms - Host latency: 6.82227 ms (enqueue 2.07812 ms)
[10/04/2026-22:16:58] [I] Average on 1 runs - GPU latency: 6.75586 ms - Host latency: 6.81836 ms (enqueue 2.03125 ms)
[10/04/2026-22:16:58] [I] Average on 1 runs - GPU latency: 6.74609 ms - Host latency: 6.80859 ms (enqueue 2.07812 ms)
[10/04/2026-22:16:58] [I] Average on 1 runs - GPU latency: 6.74609 ms - Host latency: 6.80664 ms (enqueue 2.01562 ms)
[10/04/2026-22:16:58] [I] Average on 1 runs - GPU latency: 6.75391 ms - Host latency: 6.81445 ms (enqueue 2.04492 ms)
[10/04/2026-22:16:58] [I] Average on 1 runs - GPU latency: 6.75 ms - Host latency: 6.81055 ms (enqueue 2.02344 ms)
[10/04/2026-22:16:58] [I] Average on 1 runs - GPU latency: 6.75391 ms - Host latency: 6.81641 ms (enqueue 2.08984 ms)
[10/04/2026-22:16:58] [I] Average on 1 runs - GPU latency: 6.74805 ms - Host latency: 6.80859 ms (enqueue 2.03906 ms)
[10/04/2026-22:16:58] [I] Average on 1 runs - GPU latency: 6.75195 ms - Host latency: 6.8125 ms (enqueue 2.08594 ms)
[10/04/2026-22:16:58] [I] Average on 1 runs - GPU latency: 6.75195 ms - Host latency: 6.8125 ms (enqueue 2.07617 ms)
[10/04/2026-22:16:58] [I] Average on 1 runs - GPU latency: 6.74805 ms - Host latency: 6.8125 ms (enqueue 2.00391 ms)
[10/04/2026-22:16:58] [I] Average on 1 runs - GPU latency: 6.75391 ms - Host latency: 6.82422 ms (enqueue 2.03711 ms)
[10/04/2026-22:16:58] [I] Average on 1 runs - GPU latency: 6.75391 ms - Host latency: 6.8125 ms (enqueue 2.00195 ms)
[10/04/2026-22:16:58] [I] Average on 1 runs - GPU latency: 6.74609 ms - Host latency: 6.80664 ms (enqueue 2.06641 ms)
[10/04/2026-22:16:58] [I] Average on 1 runs - GPU latency: 6.74805 ms - Host latency: 6.80859 ms (enqueue 2.01562 ms)
[10/04/2026-22:16:58] [I] Average on 1 runs - GPU latency: 6.75195 ms - Host latency: 6.81836 ms (enqueue 2.03906 ms)
[10/04/2026-22:16:58] [I] Average on 1 runs - GPU latency: 6.74414 ms - Host latency: 6.80859 ms (enqueue 2.00977 ms)
[10/04/2026-22:16:58] [I] Average on 1 runs - GPU latency: 6.75391 ms - Host latency: 6.81445 ms (enqueue 2.06055 ms)
[10/04/2026-22:16:58] [I] Average on 1 runs - GPU latency: 6.75391 ms - Host latency: 6.81836 ms (enqueue 2.03125 ms)
[10/04/2026-22:16:58] [I] Average on 1 runs - GPU latency: 6.74609 ms - Host latency: 6.80664 ms (enqueue 2.05664 ms)
[10/04/2026-22:16:58] [I] 
[10/04/2026-22:16:58] [I] === Performance summary ===
[10/04/2026-22:16:58] [I] Throughput: 55.1497 qps
[10/04/2026-22:16:58] [I] Latency: min = 6.79688 ms, max = 6.90405 ms, mean = 6.81588 ms, median = 6.81445 ms, percentile(90%) = 6.82617 ms, percentile(95%) = 6.82983 ms, percentile(99%) = 6.84375 ms
[10/04/2026-22:16:58] [I] Enqueue Time: min = 1.95996 ms, max = 2.38037 ms, mean = 2.03156 ms, median = 2.02832 ms, percentile(90%) = 2.07129 ms, percentile(95%) = 2.07959 ms, percentile(99%) = 2.09521 ms
[10/04/2026-22:16:58] [I] H2D Latency: min = 0.0546875 ms, max = 0.12793 ms, mean = 0.0585466 ms, median = 0.0576172 ms, percentile(90%) = 0.0615234 ms, percentile(95%) = 0.0625 ms, percentile(99%) = 0.0688477 ms
[10/04/2026-22:16:58] [I] GPU Compute Time: min = 6.73584 ms, max = 6.79004 ms, mean = 6.75337 ms, median = 6.75293 ms, percentile(90%) = 6.76172 ms, percentile(95%) = 6.76611 ms, percentile(99%) = 6.78027 ms
[10/04/2026-22:16:58] [I] D2H Latency: min = 0.00195312 ms, max = 0.00756836 ms, mean = 0.00395838 ms, median = 0.00390625 ms, percentile(90%) = 0.00488281 ms, percentile(95%) = 0.00488281 ms, percentile(99%) = 0.00488281 ms
[10/04/2026-22:16:58] [I] Total Host Walltime: 15.0318 s
[10/04/2026-22:16:58] [I] Total GPU Compute Time: 5.59854 s
[10/04/2026-22:16:58] [I] Explanations of the performance metrics are printed in the verbose logs.
[10/04/2026-22:16:58] [I] 
&&&& PASSED TensorRT.trtexec [TensorRT v100300] # /usr/src/tensorrt/bin/trtexec --loadEngine=/tmp/engines/y26s_640_uint8_opt3.engine --warmUp=3000 --duration=15 --idleTime=16 --avgRuns=1
