&&&& RUNNING TensorRT.trtexec [TensorRT v100300] # /usr/src/tensorrt/bin/trtexec --loadEngine=/tmp/yolo26n_84172_uint8_fp16_opt3.engine --warmUp=3000 --duration=15 --idleTime=0 --avgRuns=1
[10/06/2026-16:16:17] [I] === Model Options ===
[10/06/2026-16:16:17] [I] Format: *
[10/06/2026-16:16:17] [I] Model: 
[10/06/2026-16:16:17] [I] Output:
[10/06/2026-16:16:17] [I] 
[10/06/2026-16:16:17] [I] === System Options ===
[10/06/2026-16:16:17] [I] Device: 0
[10/06/2026-16:16:17] [I] DLACore: 
[10/06/2026-16:16:17] [I] Plugins:
[10/06/2026-16:16:17] [I] setPluginsToSerialize:
[10/06/2026-16:16:17] [I] dynamicPlugins:
[10/06/2026-16:16:17] [I] ignoreParsedPluginLibs: 0
[10/06/2026-16:16:17] [I] 
[10/06/2026-16:16:17] [I] === Inference Options ===
[10/06/2026-16:16:17] [I] Batch: Explicit
[10/06/2026-16:16:17] [I] Input inference shapes: model
[10/06/2026-16:16:17] [I] Iterations: 10
[10/06/2026-16:16:17] [I] Duration: 15s (+ 3000ms warm up)
[10/06/2026-16:16:17] [I] Sleep time: 0ms
[10/06/2026-16:16:17] [I] Idle time: 0ms
[10/06/2026-16:16:17] [I] Inference Streams: 1
[10/06/2026-16:16:17] [I] ExposeDMA: Disabled
[10/06/2026-16:16:17] [I] Data transfers: Enabled
[10/06/2026-16:16:17] [I] Spin-wait: Disabled
[10/06/2026-16:16:17] [I] Multithreading: Disabled
[10/06/2026-16:16:17] [I] CUDA Graph: Disabled
[10/06/2026-16:16:17] [I] Separate profiling: Disabled
[10/06/2026-16:16:17] [I] Time Deserialize: Disabled
[10/06/2026-16:16:17] [I] Time Refit: Disabled
[10/06/2026-16:16:17] [I] NVTX verbosity: 0
[10/06/2026-16:16:17] [I] Persistent Cache Ratio: 0
[10/06/2026-16:16:17] [I] Optimization Profile Index: 0
[10/06/2026-16:16:17] [I] Weight Streaming Budget: 100.000000%
[10/06/2026-16:16:17] [I] Inputs:
[10/06/2026-16:16:17] [I] Debug Tensor Save Destinations:
[10/06/2026-16:16:17] [I] === Reporting Options ===
[10/06/2026-16:16:17] [I] Verbose: Disabled
[10/06/2026-16:16:17] [I] Averages: 1 inferences
[10/06/2026-16:16:17] [I] Percentiles: 90,95,99
[10/06/2026-16:16:17] [I] Dump refittable layers:Disabled
[10/06/2026-16:16:17] [I] Dump output: Disabled
[10/06/2026-16:16:17] [I] Profile: Disabled
[10/06/2026-16:16:17] [I] Export timing to JSON file: 
[10/06/2026-16:16:17] [I] Export output to JSON file: 
[10/06/2026-16:16:17] [I] Export profile to JSON file: 
[10/06/2026-16:16:17] [I] 
[10/06/2026-16:16:17] [I] === Device Information ===
[10/06/2026-16:16:17] [I] Available Devices: 
[10/06/2026-16:16:17] [I]   Device 0: "Orin" UUID: GPU-6e16c2c1-e394-5324-8f2e-63a975968f4e
[10/06/2026-16:16:17] [I] Selected Device: Orin
[10/06/2026-16:16:17] [I] Selected Device ID: 0
[10/06/2026-16:16:17] [I] Selected Device UUID: GPU-6e16c2c1-e394-5324-8f2e-63a975968f4e
[10/06/2026-16:16:17] [I] Compute Capability: 8.7
[10/06/2026-16:16:17] [I] SMs: 8
[10/06/2026-16:16:17] [I] Device Global Memory: 7607 MiB
[10/06/2026-16:16:17] [I] Shared Memory per SM: 164 KiB
[10/06/2026-16:16:17] [I] Memory Bus Width: 128 bits (ECC disabled)
[10/06/2026-16:16:17] [I] Application Compute Clock Rate: 1.02 GHz
[10/06/2026-16:16:17] [I] Application Memory Clock Rate: 0.918 GHz
[10/06/2026-16:16:17] [I] 
[10/06/2026-16:16:17] [I] Note: The application clock rates do not reflect the actual clock rates that the GPU is currently running at.
[10/06/2026-16:16:17] [I] 
[10/06/2026-16:16:17] [I] TensorRT version: 10.3.0
[10/06/2026-16:16:17] [I] Loading standard plugins
[10/06/2026-16:16:17] [I] [TRT] Loaded engine size: 7 MiB
[10/06/2026-16:16:17] [I] Engine deserialized in 0.0703482 sec.
[10/06/2026-16:16:17] [I] [TRT] [MemUsageChange] TensorRT-managed allocation in IExecutionContext creation: CPU +0, GPU +12, now: CPU 0, GPU 16 (MiB)
[10/06/2026-16:16:17] [I] Setting persistentCacheLimit to 0 bytes.
[10/06/2026-16:16:17] [I] Created execution context with device memory size: 12.207 MiB
[10/06/2026-16:16:17] [I] Using random values for input images
[10/06/2026-16:16:17] [I] Input binding for images with dimensions 1x640x640x3 is created.
[10/06/2026-16:16:17] [I] Output binding for output0 with dimensions 1x300x6 is created.
[10/06/2026-16:16:17] [I] Starting inference
[10/06/2026-16:16:35] [I] Warmup completed 625 queries over 3000 ms
[10/06/2026-16:16:35] [I] Timing trace has 3273 queries over 15.0154 s
[10/06/2026-16:16:35] [I] 
[10/06/2026-16:16:35] [I] === Trace details ===
[10/06/2026-16:16:35] [I] Trace averages of 1 runs:
[10/06/2026-16:16:35] [I] Average on 1 runs - GPU latency: 4.58496 ms - Host latency: 4.72241 ms (enqueue 3.22705 ms)
[10/06/2026-16:16:35] [I] Average on 1 runs - GPU latency: 4.59351 ms - Host latency: 4.72388 ms (enqueue 3.26343 ms)
[10/06/2026-16:16:35] [I] Average on 1 runs - GPU latency: 4.58423 ms - Host latency: 4.71802 ms (enqueue 3.17212 ms)
[10/06/2026-16:16:35] [I] Average on 1 runs - GPU latency: 4.58496 ms - Host latency: 4.72241 ms (enqueue 3.31006 ms)
[10/06/2026-16:16:35] [I] Average on 1 runs - GPU latency: 4.59204 ms - Host latency: 4.72632 ms (enqueue 3.29492 ms)
[10/06/2026-16:16:35] [I] Average on 1 runs - GPU latency: 4.58203 ms - Host latency: 4.70264 ms (enqueue 3.15405 ms)
[10/06/2026-16:16:35] [I] Average on 1 runs - GPU latency: 4.58569 ms - Host latency: 4.72632 ms (enqueue 3.21265 ms)
[10/06/2026-16:16:35] [I] Average on 1 runs - GPU latency: 4.5896 ms - Host latency: 4.73584 ms (enqueue 3.25171 ms)
[10/06/2026-16:16:35] [I] Average on 1 runs - GPU latency: 4.5874 ms - Host latency: 4.7312 ms (enqueue 3.28931 ms)
[10/06/2026-16:16:35] [I] Average on 1 runs - GPU latency: 4.58716 ms - Host latency: 4.72949 ms (enqueue 3.28589 ms)
[10/06/2026-16:16:35] [I] Average on 1 runs - GPU latency: 4.57837 ms - Host latency: 4.71753 ms (enqueue 3.27979 ms)
[10/06/2026-16:16:35] [I] Average on 1 runs - GPU latency: 4.57983 ms - Host latency: 4.7146 ms (enqueue 3.14697 ms)
[10/06/2026-16:16:35] [I] Average on 1 runs - GPU latency: 4.56372 ms - Host latency: 4.6958 ms (enqueue 3.29126 ms)
[10/06/2026-16:16:35] [I] Average on 1 runs - GPU latency: 4.57959 ms - Host latency: 4.72021 ms (enqueue 2.89673 ms)
[10/06/2026-16:16:35] [I] Average on 1 runs - GPU latency: 4.59546 ms - Host latency: 4.7124 ms (enqueue 3.04443 ms)
[10/06/2026-16:16:35] [I] Average on 1 runs - GPU latency: 4.57983 ms - Host latency: 4.72144 ms (enqueue 3.24536 ms)
[10/06/2026-16:16:35] [I] Average on 1 runs - GPU latency: 4.59082 ms - Host latency: 4.74902 ms (enqueue 3.10815 ms)
[10/06/2026-16:16:35] [I] Average on 1 runs - GPU latency: 4.58374 ms - Host latency: 4.72046 ms (enqueue 3.1438 ms)
[10/06/2026-16:16:35] [I] Average on 1 runs - GPU latency: 4.59253 ms - Host latency: 4.71436 ms (enqueue 3.0708 ms)
[10/06/2026-16:16:35] [I] Average on 1 runs - GPU latency: 4.58862 ms - Host latency: 4.71289 ms (enqueue 2.99341 ms)
[10/06/2026-16:16:35] [I] Average on 1 runs - GPU latency: 4.58643 ms - Host latency: 4.72729 ms (enqueue 2.83447 ms)
[10/06/2026-16:16:35] [I] Average on 1 runs - GPU latency: 4.58691 ms - Host latency: 4.76636 ms (enqueue 3.41113 ms)
[10/06/2026-16:16:35] [I] Average on 1 runs - GPU latency: 4.57959 ms - Host latency: 4.71094 ms (enqueue 2.8606 ms)
[10/06/2026-16:16:35] [I] Average on 1 runs - GPU latency: 4.58691 ms - Host latency: 4.71753 ms (enqueue 2.77539 ms)
[10/06/2026-16:16:35] [I] Average on 1 runs - GPU latency: 4.58789 ms - Host latency: 4.72729 ms (enqueue 2.66211 ms)
[10/06/2026-16:16:35] [I] Average on 1 runs - GPU latency: 4.58643 ms - Host latency: 4.72168 ms (enqueue 2.49683 ms)
[10/06/2026-16:16:35] [I] Average on 1 runs - GPU latency: 4.59253 ms - Host latency: 4.74316 ms (enqueue 2.96558 ms)
[10/06/2026-16:16:35] [I] Average on 1 runs - GPU latency: 4.59375 ms - Host latency: 4.73682 ms (enqueue 2.70166 ms)
[10/06/2026-16:16:35] [I] Average on 1 runs - GPU latency: 4.58765 ms - Host latency: 4.7207 ms (enqueue 2.64844 ms)
[10/06/2026-16:16:35] [I] Average on 1 runs - GPU latency: 4.58838 ms - Host latency: 4.72437 ms (enqueue 2.54102 ms)
[10/06/2026-16:16:35] [I] Average on 1 runs - GPU latency: 4.58813 ms - Host latency: 4.71387 ms (enqueue 2.42871 ms)
[10/06/2026-16:16:35] [I] Average on 1 runs - GPU latency: 4.58594 ms - Host latency: 4.71558 ms (enqueue 2.37158 ms)
[10/06/2026-16:16:35] [I] Average on 1 runs - GPU latency: 4.5874 ms - Host latency: 4.71362 ms (enqueue 3.13672 ms)
[10/06/2026-16:16:35] [I] Average on 1 runs - GPU latency: 4.5769 ms - Host latency: 4.7876 ms (enqueue 3.04517 ms)
[10/06/2026-16:16:35] [I] Average on 1 runs - GPU latency: 4.55762 ms - Host latency: 4.68457 ms (enqueue 3.22241 ms)
[10/06/2026-16:16:35] [I] Average on 1 runs - GPU latency: 4.57959 ms - Host latency: 4.71265 ms (enqueue 2.57349 ms)
[10/06/2026-16:16:35] [I] Average on 1 runs - GPU latency: 4.59058 ms - Host latency: 4.72119 ms (enqueue 3.14355 ms)
[10/06/2026-16:16:35] [I] Average on 1 runs - GPU latency: 4.5896 ms - Host latency: 4.72168 ms (enqueue 3.07739 ms)
[10/06/2026-16:16:35] [I] Average on 1 runs - GPU latency: 4.58105 ms - Host latency: 4.71704 ms (enqueue 3.07715 ms)
[10/06/2026-16:16:35] [I] Average on 1 runs - GPU latency: 4.58252 ms - Host latency: 4.71094 ms (enqueue 3.09058 ms)
[10/06/2026-16:16:35] [I] Average on 1 runs - GPU latency: 4.58179 ms - Host latency: 4.75977 ms (enqueue 3.25366 ms)
[10/06/2026-16:16:35] [I] Average on 1 runs - GPU latency: 4.59058 ms - Host latency: 4.73828 ms (enqueue 2.99194 ms)
[10/06/2026-16:16:35] [I] Average on 1 runs - GPU latency: 4.59448 ms - Host latency: 4.74341 ms (enqueue 3.10645 ms)
[10/06/2026-16:16:35] [I] Average on 1 runs - GPU latency: 4.57983 ms - Host latency: 4.72681 ms (enqueue 3.09546 ms)
[10/06/2026-16:16:35] [I] Average on 1 runs - GPU latency: 4.58154 ms - Host latency: 4.71997 ms (enqueue 3.07153 ms)
[10/06/2026-16:16:35] [I] Average on 1 runs - GPU latency: 4.5459 ms - Host latency: 4.66846 ms (enqueue 3.13159 ms)
[10/06/2026-16:16:35] [I] Average on 1 runs - GPU latency: 4.58105 ms - Host latency: 4.729 ms (enqueue 2.53979 ms)
[10/06/2026-16:16:35] [I] Average on 1 runs - GPU latency: 4.58765 ms - Host latency: 4.73389 ms (enqueue 3.04565 ms)
[10/06/2026-16:16:35] [I] Average on 1 runs - GPU latency: 4.59717 ms - Host latency: 4.74609 ms (enqueue 3.01831 ms)
[10/06/2026-16:16:35] [I] Average on 1 runs - GPU latency: 4.58838 ms - Host latency: 4.72925 ms (enqueue 3.12354 ms)
[10/06/2026-16:16:35] [I] Average on 1 runs - GPU latency: 4.58936 ms - Host latency: 4.73047 ms (enqueue 3.1084 ms)
[10/06/2026-16:16:35] [I] Average on 1 runs - GPU latency: 4.59131 ms - Host latency: 4.72803 ms (enqueue 3.08032 ms)
[10/06/2026-16:16:35] [I] Average on 1 runs - GPU latency: 4.58521 ms - Host latency: 4.72437 ms (enqueue 3.12524 ms)
[10/06/2026-16:16:35] [I] Average on 1 runs - GPU latency: 4.58984 ms - Host latency: 4.71851 ms (enqueue 3.06982 ms)
[10/06/2026-16:16:35] [I] Average on 1 runs - GPU latency: 4.58984 ms - Host latency: 4.73901 ms (enqueue 3.20972 ms)
[10/06/2026-16:16:35] [I] Average on 1 runs - GPU latency: 4.58813 ms - Host latency: 4.72827 ms (enqueue 3.02563 ms)
[10/06/2026-16:16:35] [I] Average on 1 runs - GPU latency: 4.53979 ms - Host latency: 4.67749 ms (enqueue 3.10889 ms)
[10/06/2026-16:16:35] [I] Average on 1 runs - GPU latency: 4.57886 ms - Host latency: 4.73096 ms (enqueue 2.35669 ms)
[10/06/2026-16:16:35] [I] Average on 1 runs - GPU latency: 4.5896 ms - Host latency: 4.71289 ms (enqueue 3.11597 ms)
[10/06/2026-16:16:35] [I] Average on 1 runs - GPU latency: 4.57812 ms - Host latency: 4.7146 ms (enqueue 3.10913 ms)
[10/06/2026-16:16:35] [I] Average on 1 runs - GPU latency: 4.57886 ms - Host latency: 4.7002 ms (enqueue 3.08984 ms)
[10/06/2026-16:16:35] [I] Average on 1 runs - GPU latency: 4.58643 ms - Host latency: 4.73828 ms (enqueue 3.24536 ms)
[10/06/2026-16:16:35] [I] Average on 1 runs - GPU latency: 4.5896 ms - Host latency: 4.73877 ms (enqueue 3.10571 ms)
[10/06/2026-16:16:35] [I] Average on 1 runs - GPU latency: 4.58545 ms - Host latency: 4.73022 ms (enqueue 3.1001 ms)
[10/06/2026-16:16:35] [I] Average on 1 runs - GPU latency: 4.59204 ms - Host latency: 4.7334 ms (enqueue 3.14966 ms)
[10/06/2026-16:16:35] [I] Average on 1 runs - GPU latency: 4.58569 ms - Host latency: 4.73853 ms (enqueue 3.13696 ms)
[10/06/2026-16:16:35] [I] Average on 1 runs - GPU latency: 4.59375 ms - Host latency: 4.73071 ms (enqueue 3.13354 ms)
[10/06/2026-16:16:35] [I] Average on 1 runs - GPU latency: 4.59277 ms - Host latency: 4.74512 ms (enqueue 3.12402 ms)
[10/06/2026-16:16:35] [I] Average on 1 runs - GPU latency: 4.59399 ms - Host latency: 4.72754 ms (enqueue 3.15723 ms)
[10/06/2026-16:16:35] [I] Average on 1 runs - GPU latency: 4.57642 ms - Host latency: 4.71826 ms (enqueue 3.13623 ms)
[10/06/2026-16:16:35] [I] Average on 1 runs - GPU latency: 4.57886 ms - Host latency: 4.69873 ms (enqueue 3.1394 ms)
[10/06/2026-16:16:35] [I] Average on 1 runs - GPU latency: 4.59082 ms - Host latency: 4.72607 ms (enqueue 3.26318 ms)
[10/06/2026-16:16:35] [I] Average on 1 runs - GPU latency: 4.59351 ms - Host latency: 4.73511 ms (enqueue 3.11938 ms)
[10/06/2026-16:16:35] [I] Average on 1 runs - GPU latency: 4.58325 ms - Host latency: 4.7229 ms (enqueue 3.0918 ms)
[10/06/2026-16:16:35] [I] Average on 1 runs - GPU latency: 4.58325 ms - Host latency: 4.74292 ms (enqueue 3.0293 ms)
[10/06/2026-16:16:35] [I] Average on 1 runs - GPU latency: 4.57788 ms - Host latency: 4.71802 ms (enqueue 3.24683 ms)
[10/06/2026-16:16:35] [I] Average on 1 runs - GPU latency: 4.58154 ms - Host latency: 4.74365 ms (enqueue 3.12524 ms)
[10/06/2026-16:16:35] [I] Average on 1 runs - GPU latency: 4.58569 ms - Host latency: 4.71362 ms (enqueue 3.30786 ms)
[10/06/2026-16:16:35] [I] Average on 1 runs - GPU latency: 4.56055 ms - Host latency: 4.70142 ms (enqueue 3.31006 ms)
[10/06/2026-16:16:35] [I] Average on 1 runs - GPU latency: 4.59058 ms - Host latency: 4.7312 ms (enqueue 2.11841 ms)
[10/06/2026-16:16:35] [I] Average on 1 runs - GPU latency: 4.58423 ms - Host latency: 4.72876 ms (enqueue 3.13916 ms)
[10/06/2026-16:16:35] [I] Average on 1 runs - GPU latency: 4.59009 ms - Host latency: 4.73462 ms (enqueue 3.20581 ms)
[10/06/2026-16:16:35] [I] Average on 1 runs - GPU latency: 4.58936 ms - Host latency: 4.72607 ms (enqueue 3.03931 ms)
[10/06/2026-16:16:35] [I] Average on 1 runs - GPU latency: 4.58472 ms - Host latency: 4.73706 ms (enqueue 3.12354 ms)
[10/06/2026-16:16:35] [I] Average on 1 runs - GPU latency: 4.58911 ms - Host latency: 4.74878 ms (enqueue 3.00098 ms)
[10/06/2026-16:16:35] [I] Average on 1 runs - GPU latency: 4.59375 ms - Host latency: 4.73096 ms (enqueue 3.09863 ms)
[10/06/2026-16:16:35] [I] Average on 1 runs - GPU latency: 4.58936 ms - Host latency: 4.73071 ms (enqueue 3.1123 ms)
[10/06/2026-16:16:35] [I] Average on 1 runs - GPU latency: 4.58423 ms - Host latency: 4.70947 ms (enqueue 3.14966 ms)
[10/06/2026-16:16:35] [I] Average on 1 runs - GPU latency: 4.59253 ms - Host latency: 4.73145 ms (enqueue 3.21875 ms)
[10/06/2026-16:16:35] [I] Average on 1 runs - GPU latency: 4.56592 ms - Host latency: 4.70972 ms (enqueue 3.03516 ms)
[10/06/2026-16:16:35] [I] Average on 1 runs - GPU latency: 4.58228 ms - Host latency: 4.7041 ms (enqueue 2.07715 ms)
[10/06/2026-16:16:35] [I] Average on 1 runs - GPU latency: 4.59399 ms - Host latency: 4.74805 ms (enqueue 3.14868 ms)
[10/06/2026-16:16:35] [I] Average on 1 runs - GPU latency: 4.59473 ms - Host latency: 4.7334 ms (enqueue 3.21631 ms)
[10/06/2026-16:16:35] [I] Average on 1 runs - GPU latency: 4.59155 ms - Host latency: 4.74463 ms (enqueue 3.17798 ms)
[10/06/2026-16:16:35] [I] Average on 1 runs - GPU latency: 4.59106 ms - Host latency: 4.71753 ms (enqueue 3.11523 ms)
[10/06/2026-16:16:35] [I] Average on 1 runs - GPU latency: 4.58813 ms - Host latency: 4.74487 ms (enqueue 3.19531 ms)
[10/06/2026-16:16:35] [I] Average on 1 runs - GPU latency: 4.58643 ms - Host latency: 4.71118 ms (enqueue 2.99438 ms)
[10/06/2026-16:16:35] [I] Average on 1 runs - GPU latency: 4.59814 ms - Host latency: 4.729 ms (enqueue 3.07788 ms)
[10/06/2026-16:16:35] [I] Average on 1 runs - GPU latency: 4.58691 ms - Host latency: 4.73828 ms (enqueue 3.11475 ms)
[10/06/2026-16:16:35] [I] Average on 1 runs - GPU latency: 4.5813 ms - Host latency: 4.70483 ms (enqueue 3.06812 ms)
[10/06/2026-16:16:35] [I] Average on 1 runs - GPU latency: 4.58447 ms - Host latency: 4.72388 ms (enqueue 3.1106 ms)
[10/06/2026-16:16:35] [I] Average on 1 runs - GPU latency: 4.58228 ms - Host latency: 4.71899 ms (enqueue 3.17627 ms)
[10/06/2026-16:16:35] [I] Average on 1 runs - GPU latency: 4.58838 ms - Host latency: 4.7312 ms (enqueue 3.22998 ms)
[10/06/2026-16:16:35] [I] Average on 1 runs - GPU latency: 4.58374 ms - Host latency: 4.71899 ms (enqueue 3.12769 ms)
[10/06/2026-16:16:35] [I] Average on 1 runs - GPU latency: 4.58911 ms - Host latency: 4.72339 ms (enqueue 3.25684 ms)
[10/06/2026-16:16:35] [I] Average on 1 runs - GPU latency: 4.58374 ms - Host latency: 4.72388 ms (enqueue 3.08594 ms)
[10/06/2026-16:16:35] [I] Average on 1 runs - GPU latency: 4.57812 ms - Host latency: 4.7019 ms (enqueue 3.16748 ms)
[10/06/2026-16:16:35] [I] Average on 1 runs - GPU latency: 4.58716 ms - Host latency: 4.71362 ms (enqueue 3.31396 ms)
[10/06/2026-16:16:35] [I] Average on 1 runs - GPU latency: 4.58447 ms - Host latency: 4.72485 ms (enqueue 3.01172 ms)
[10/06/2026-16:16:35] [I] Average on 1 runs - GPU latency: 4.58569 ms - Host latency: 4.7207 ms (enqueue 3.23071 ms)
[10/06/2026-16:16:35] [I] Average on 1 runs - GPU latency: 4.57886 ms - Host latency: 4.70117 ms (enqueue 3.10059 ms)
[10/06/2026-16:16:35] [I] Average on 1 runs - GPU latency: 4.56787 ms - Host latency: 4.69873 ms (enqueue 3.29517 ms)
[10/06/2026-16:16:35] [I] Average on 1 runs - GPU latency: 4.58545 ms - Host latency: 4.70557 ms (enqueue 2.15601 ms)
[10/06/2026-16:16:35] [I] Average on 1 runs - GPU latency: 4.59082 ms - Host latency: 4.72949 ms (enqueue 3.12573 ms)
[10/06/2026-16:16:35] [I] Average on 1 runs - GPU latency: 4.58545 ms - Host latency: 4.73438 ms (enqueue 3.11841 ms)
[10/06/2026-16:16:35] [I] Average on 1 runs - GPU latency: 4.59326 ms - Host latency: 4.74512 ms (enqueue 3.24683 ms)
[10/06/2026-16:16:35] [I] Average on 1 runs - GPU latency: 4.5835 ms - Host latency: 4.73706 ms (enqueue 3.0437 ms)
[10/06/2026-16:16:35] [I] Average on 1 runs - GPU latency: 4.58618 ms - Host latency: 4.71924 ms (enqueue 3.31055 ms)
[10/06/2026-16:16:35] [I] Average on 1 runs - GPU latency: 4.59009 ms - Host latency: 4.72632 ms (enqueue 3.12476 ms)
[10/06/2026-16:16:35] [I] Average on 1 runs - GPU latency: 4.58594 ms - Host latency: 4.71704 ms (enqueue 3.32251 ms)
[10/06/2026-16:16:35] [I] Average on 1 runs - GPU latency: 4.57959 ms - Host latency: 4.70996 ms (enqueue 3.2229 ms)
[10/06/2026-16:16:35] [I] Average on 1 runs - GPU latency: 4.57446 ms - Host latency: 4.69873 ms (enqueue 3.37207 ms)
[10/06/2026-16:16:35] [I] Average on 1 runs - GPU latency: 4.5603 ms - Host latency: 4.70264 ms (enqueue 3.17505 ms)
[10/06/2026-16:16:35] [I] Average on 1 runs - GPU latency: 4.59448 ms - Host latency: 4.71509 ms (enqueue 2.09326 ms)
[10/06/2026-16:16:35] [I] Average on 1 runs - GPU latency: 4.58228 ms - Host latency: 4.72778 ms (enqueue 3.33423 ms)
[10/06/2026-16:16:35] [I] Average on 1 runs - GPU latency: 4.59277 ms - Host latency: 4.75391 ms (enqueue 3.26611 ms)
[10/06/2026-16:16:35] [I] Average on 1 runs - GPU latency: 4.58643 ms - Host latency: 4.74219 ms (enqueue 3.37744 ms)
[10/06/2026-16:16:35] [I] Average on 1 runs - GPU latency: 4.58813 ms - Host latency: 4.72388 ms (enqueue 3.33521 ms)
[10/06/2026-16:16:35] [I] Average on 1 runs - GPU latency: 4.58691 ms - Host latency: 4.7229 ms (enqueue 3.3147 ms)
[10/06/2026-16:16:35] [I] Average on 1 runs - GPU latency: 4.59888 ms - Host latency: 4.73975 ms (enqueue 3.25513 ms)
[10/06/2026-16:16:35] [I] Average on 1 runs - GPU latency: 4.59253 ms - Host latency: 4.73267 ms (enqueue 3.32788 ms)
[10/06/2026-16:16:35] [I] Average on 1 runs - GPU latency: 4.58643 ms - Host latency: 4.73242 ms (enqueue 3.1604 ms)
[10/06/2026-16:16:35] [I] Average on 1 runs - GPU latency: 4.56714 ms - Host latency: 4.71338 ms (enqueue 3.29541 ms)
[10/06/2026-16:16:35] [I] Average on 1 runs - GPU latency: 4.57373 ms - Host latency: 4.7041 ms (enqueue 3.07446 ms)
[10/06/2026-16:16:35] [I] Average on 1 runs - GPU latency: 4.58447 ms - Host latency: 4.70679 ms (enqueue 2.81909 ms)
[10/06/2026-16:16:35] [I] Average on 1 runs - GPU latency: 4.59155 ms - Host latency: 4.72583 ms (enqueue 3.07275 ms)
[10/06/2026-16:16:35] [I] Average on 1 runs - GPU latency: 4.58203 ms - Host latency: 4.72876 ms (enqueue 3.24414 ms)
[10/06/2026-16:16:35] [I] Average on 1 runs - GPU latency: 4.59814 ms - Host latency: 4.73315 ms (enqueue 3.10303 ms)
[10/06/2026-16:16:35] [I] Average on 1 runs - GPU latency: 4.56226 ms - Host latency: 4.70264 ms (enqueue 3.10303 ms)
[10/06/2026-16:16:35] [I] Average on 1 runs - GPU latency: 4.58984 ms - Host latency: 4.77295 ms (enqueue 2.68823 ms)
[10/06/2026-16:16:35] [I] Average on 1 runs - GPU latency: 4.59546 ms - Host latency: 4.73804 ms (enqueue 3.06641 ms)
[10/06/2026-16:16:35] [I] Average on 1 runs - GPU latency: 4.54907 ms - Host latency: 4.69092 ms (enqueue 2.87305 ms)
[10/06/2026-16:16:35] [I] Average on 1 runs - GPU latency: 4.57373 ms - Host latency: 4.74927 ms (enqueue 2.23755 ms)
[10/06/2026-16:16:35] [I] Average on 1 runs - GPU latency: 4.5647 ms - Host latency: 4.74097 ms (enqueue 2.86206 ms)
[10/06/2026-16:16:35] [I] Average on 1 runs - GPU latency: 4.58618 ms - Host latency: 4.71436 ms (enqueue 2.19287 ms)
[10/06/2026-16:16:35] [I] Average on 1 runs - GPU latency: 4.59619 ms - Host latency: 4.73364 ms (enqueue 2.48315 ms)
[10/06/2026-16:16:35] [I] Average on 1 runs - GPU latency: 4.59888 ms - Host latency: 4.73584 ms (enqueue 2.38232 ms)
[10/06/2026-16:16:35] [I] Average on 1 runs - GPU latency: 4.58521 ms - Host latency: 4.72607 ms (enqueue 2.60303 ms)
[10/06/2026-16:16:35] [I] Average on 1 runs - GPU latency: 4.58472 ms - Host latency: 4.73071 ms (enqueue 2.45752 ms)
[10/06/2026-16:16:35] [I] Average on 1 runs - GPU latency: 4.59155 ms - Host latency: 4.72803 ms (enqueue 2.3147 ms)
[10/06/2026-16:16:35] [I] Average on 1 runs - GPU latency: 4.58203 ms - Host latency: 4.72656 ms (enqueue 2.48828 ms)
[10/06/2026-16:16:35] [I] Average on 1 runs - GPU latency: 4.57861 ms - Host latency: 4.71655 ms (enqueue 2.40259 ms)
[10/06/2026-16:16:35] [I] Average on 1 runs - GPU latency: 4.58447 ms - Host latency: 4.71777 ms (enqueue 2.64062 ms)
[10/06/2026-16:16:35] [I] Average on 1 runs - GPU latency: 4.58984 ms - Host latency: 4.71973 ms (enqueue 2.67603 ms)
[10/06/2026-16:16:35] [I] Average on 1 runs - GPU latency: 4.56177 ms - Host latency: 4.68188 ms (enqueue 2.63135 ms)
[10/06/2026-16:16:35] [I] Average on 1 runs - GPU latency: 4.58154 ms - Host latency: 4.71021 ms (enqueue 2.66113 ms)
[10/06/2026-16:16:35] [I] Average on 1 runs - GPU latency: 4.59473 ms - Host latency: 4.73315 ms (enqueue 2.66968 ms)
[10/06/2026-16:16:35] [I] Average on 1 runs - GPU latency: 4.57422 ms - Host latency: 4.69312 ms (enqueue 2.62769 ms)
[10/06/2026-16:16:35] [I] Average on 1 runs - GPU latency: 4.58081 ms - Host latency: 4.70923 ms (enqueue 2.75342 ms)
[10/06/2026-16:16:35] [I] Average on 1 runs - GPU latency: 4.5813 ms - Host latency: 4.7085 ms (enqueue 2.91138 ms)
[10/06/2026-16:16:35] [I] Average on 1 runs - GPU latency: 4.58252 ms - Host latency: 4.72974 ms (enqueue 2.96021 ms)
[10/06/2026-16:16:35] [I] Average on 1 runs - GPU latency: 4.57446 ms - Host latency: 4.71387 ms (enqueue 2.96069 ms)
[10/06/2026-16:16:35] [I] Average on 1 runs - GPU latency: 4.58154 ms - Host latency: 4.71777 ms (enqueue 2.78271 ms)
[10/06/2026-16:16:35] [I] Average on 1 runs - GPU latency: 4.59033 ms - Host latency: 4.72485 ms (enqueue 2.89453 ms)
[10/06/2026-16:16:35] [I] Average on 1 runs - GPU latency: 4.59204 ms - Host latency: 4.73901 ms (enqueue 3.03296 ms)
[10/06/2026-16:16:35] [I] Average on 1 runs - GPU latency: 4.55322 ms - Host latency: 4.69263 ms (enqueue 2.9231 ms)
[10/06/2026-16:16:35] [I] Average on 1 runs - GPU latency: 4.57861 ms - Host latency: 4.73145 ms (enqueue 2.6145 ms)
[10/06/2026-16:16:35] [I] Average on 1 runs - GPU latency: 4.5813 ms - Host latency: 4.72046 ms (enqueue 3.1001 ms)
[10/06/2026-16:16:35] [I] Average on 1 runs - GPU latency: 4.57739 ms - Host latency: 4.70435 ms (enqueue 3.05786 ms)
[10/06/2026-16:16:35] [I] Average on 1 runs - GPU latency: 4.59521 ms - Host latency: 4.72485 ms (enqueue 2.93164 ms)
[10/06/2026-16:16:35] [I] Average on 1 runs - GPU latency: 4.58984 ms - Host latency: 4.7356 ms (enqueue 3.03516 ms)
[10/06/2026-16:16:35] [I] Average on 1 runs - GPU latency: 4.58472 ms - Host latency: 4.71924 ms (enqueue 3.08398 ms)
[10/06/2026-16:16:35] [I] Average on 1 runs - GPU latency: 4.57739 ms - Host latency: 4.7019 ms (enqueue 3.10107 ms)
[10/06/2026-16:16:35] [I] Average on 1 runs - GPU latency: 4.59058 ms - Host latency: 4.71826 ms (enqueue 3.10791 ms)
[10/06/2026-16:16:35] [I] Average on 1 runs - GPU latency: 4.57959 ms - Host latency: 4.71313 ms (enqueue 3.12305 ms)
[10/06/2026-16:16:35] [I] Average on 1 runs - GPU latency: 4.59131 ms - Host latency: 4.73145 ms (enqueue 3.11523 ms)
[10/06/2026-16:16:35] [I] Average on 1 runs - GPU latency: 4.55005 ms - Host latency: 4.69775 ms (enqueue 3.08789 ms)
[10/06/2026-16:16:35] [I] Average on 1 runs - GPU latency: 4.59741 ms - Host latency: 4.73877 ms (enqueue 2.63696 ms)
[10/06/2026-16:16:35] [I] Average on 1 runs - GPU latency: 4.59473 ms - Host latency: 4.73926 ms (enqueue 3.11328 ms)
[10/06/2026-16:16:35] [I] Average on 1 runs - GPU latency: 4.58325 ms - Host latency: 4.72559 ms (enqueue 3.15283 ms)
[10/06/2026-16:16:35] [I] Average on 1 runs - GPU latency: 4.58716 ms - Host latency: 4.72656 ms (enqueue 3.11304 ms)
[10/06/2026-16:16:35] [I] Average on 1 runs - GPU latency: 4.58374 ms - Host latency: 4.71313 ms (enqueue 3.09277 ms)
[10/06/2026-16:16:35] [I] Average on 1 runs - GPU latency: 4.58765 ms - Host latency: 4.71143 ms (enqueue 3.11255 ms)
[10/06/2026-16:16:35] [I] Average on 1 runs - GPU latency: 4.58765 ms - Host latency: 4.74634 ms (enqueue 3.02661 ms)
[10/06/2026-16:16:35] [I] Average on 1 runs - GPU latency: 4.57886 ms - Host latency: 4.72754 ms (enqueue 3.23022 ms)
[10/06/2026-16:16:35] [I] Average on 1 runs - GPU latency: 4.58594 ms - Host latency: 4.73242 ms (enqueue 3.1001 ms)
[10/06/2026-16:16:35] [I] Average on 1 runs - GPU latency: 4.58643 ms - Host latency: 4.73291 ms (enqueue 3.16675 ms)
[10/06/2026-16:16:35] [I] Average on 1 runs - GPU latency: 4.54932 ms - Host latency: 4.69067 ms (enqueue 3.09521 ms)
[10/06/2026-16:16:35] [I] Average on 1 runs - GPU latency: 4.58643 ms - Host latency: 4.72827 ms (enqueue 2.38037 ms)
[10/06/2026-16:16:35] [I] Average on 1 runs - GPU latency: 4.59033 ms - Host latency: 4.74292 ms (enqueue 3.09961 ms)
[10/06/2026-16:16:35] [I] Average on 1 runs - GPU latency: 4.58228 ms - Host latency: 4.71411 ms (enqueue 3.24536 ms)
[10/06/2026-16:16:35] [I] Average on 1 runs - GPU latency: 4.58032 ms - Host latency: 4.71289 ms (enqueue 3.03271 ms)
[10/06/2026-16:16:35] [I] Average on 1 runs - GPU latency: 4.58618 ms - Host latency: 4.72217 ms (enqueue 3.26831 ms)
[10/06/2026-16:16:35] [I] Average on 1 runs - GPU latency: 4.58496 ms - Host latency: 4.72534 ms (enqueue 3.10547 ms)
[10/06/2026-16:16:35] [I] Average on 1 runs - GPU latency: 4.58813 ms - Host latency: 4.76489 ms (enqueue 3.22632 ms)
[10/06/2026-16:16:35] [I] Average on 1 runs - GPU latency: 4.58618 ms - Host latency: 4.73145 ms (enqueue 3.01123 ms)
[10/06/2026-16:16:35] [I] Average on 1 runs - GPU latency: 4.58545 ms - Host latency: 4.7312 ms (enqueue 2.92725 ms)
[10/06/2026-16:16:35] [I] Average on 1 runs - GPU latency: 4.59106 ms - Host latency: 4.73145 ms (enqueue 3.05737 ms)
[10/06/2026-16:16:35] [I] Average on 1 runs - GPU latency: 4.55859 ms - Host latency: 4.70557 ms (enqueue 3.0083 ms)
[10/06/2026-16:16:35] [I] Average on 1 runs - GPU latency: 4.5874 ms - Host latency: 4.72534 ms (enqueue 2.26758 ms)
[10/06/2026-16:16:35] [I] ... Omitting 2873 lines
[10/06/2026-16:16:35] [I] Average on 1 runs - GPU latency: 4.58398 ms - Host latency: 4.71875 ms (enqueue 3.10547 ms)
[10/06/2026-16:16:35] [I] Average on 1 runs - GPU latency: 4.57422 ms - Host latency: 4.71094 ms (enqueue 3.06641 ms)
[10/06/2026-16:16:35] [I] Average on 1 runs - GPU latency: 4.58398 ms - Host latency: 4.71289 ms (enqueue 3.08398 ms)
[10/06/2026-16:16:35] [I] Average on 1 runs - GPU latency: 4.58008 ms - Host latency: 4.74414 ms (enqueue 2.99219 ms)
[10/06/2026-16:16:35] [I] Average on 1 runs - GPU latency: 4.58984 ms - Host latency: 4.71484 ms (enqueue 3.19336 ms)
[10/06/2026-16:16:35] [I] Average on 1 runs - GPU latency: 4.58203 ms - Host latency: 4.72266 ms (enqueue 3.09766 ms)
[10/06/2026-16:16:35] [I] Average on 1 runs - GPU latency: 4.58594 ms - Host latency: 4.72461 ms (enqueue 3.12695 ms)
[10/06/2026-16:16:35] [I] Average on 1 runs - GPU latency: 4.57812 ms - Host latency: 4.71875 ms (enqueue 3.08594 ms)
[10/06/2026-16:16:35] [I] Average on 1 runs - GPU latency: 4.57617 ms - Host latency: 4.70117 ms (enqueue 3.06445 ms)
[10/06/2026-16:16:35] [I] Average on 1 runs - GPU latency: 4.56055 ms - Host latency: 4.70312 ms (enqueue 3.26367 ms)
[10/06/2026-16:16:35] [I] Average on 1 runs - GPU latency: 4.59961 ms - Host latency: 4.73828 ms (enqueue 2.16797 ms)
[10/06/2026-16:16:35] [I] Average on 1 runs - GPU latency: 4.58789 ms - Host latency: 4.73438 ms (enqueue 2.78711 ms)
[10/06/2026-16:16:35] [I] Average on 1 runs - GPU latency: 4.5918 ms - Host latency: 4.73242 ms (enqueue 3.05664 ms)
[10/06/2026-16:16:35] [I] Average on 1 runs - GPU latency: 4.58789 ms - Host latency: 4.73047 ms (enqueue 3.12109 ms)
[10/06/2026-16:16:35] [I] Average on 1 runs - GPU latency: 4.58594 ms - Host latency: 4.72461 ms (enqueue 3.28125 ms)
[10/06/2026-16:16:35] [I] Average on 1 runs - GPU latency: 4.58789 ms - Host latency: 4.72266 ms (enqueue 3.08984 ms)
[10/06/2026-16:16:35] [I] Average on 1 runs - GPU latency: 4.58203 ms - Host latency: 4.7168 ms (enqueue 3.06445 ms)
[10/06/2026-16:16:35] [I] Average on 1 runs - GPU latency: 4.58594 ms - Host latency: 4.7207 ms (enqueue 3.22656 ms)
[10/06/2026-16:16:35] [I] Average on 1 runs - GPU latency: 4.5918 ms - Host latency: 4.73242 ms (enqueue 3.03906 ms)
[10/06/2026-16:16:35] [I] Average on 1 runs - GPU latency: 4.58203 ms - Host latency: 4.72461 ms (enqueue 3.23828 ms)
[10/06/2026-16:16:35] [I] Average on 1 runs - GPU latency: 4.53516 ms - Host latency: 4.66992 ms (enqueue 3.14648 ms)
[10/06/2026-16:16:35] [I] Average on 1 runs - GPU latency: 4.58398 ms - Host latency: 4.70312 ms (enqueue 2.11133 ms)
[10/06/2026-16:16:35] [I] Average on 1 runs - GPU latency: 4.58398 ms - Host latency: 4.71289 ms (enqueue 3.29492 ms)
[10/06/2026-16:16:35] [I] Average on 1 runs - GPU latency: 4.5957 ms - Host latency: 4.72461 ms (enqueue 3.09766 ms)
[10/06/2026-16:16:35] [I] Average on 1 runs - GPU latency: 4.58594 ms - Host latency: 4.7207 ms (enqueue 3.07031 ms)
[10/06/2026-16:16:35] [I] Average on 1 runs - GPU latency: 4.5957 ms - Host latency: 4.74219 ms (enqueue 3.09375 ms)
[10/06/2026-16:16:35] [I] Average on 1 runs - GPU latency: 4.58398 ms - Host latency: 4.73438 ms (enqueue 3.23828 ms)
[10/06/2026-16:16:35] [I] Average on 1 runs - GPU latency: 4.58008 ms - Host latency: 4.72656 ms (enqueue 3.13867 ms)
[10/06/2026-16:16:35] [I] Average on 1 runs - GPU latency: 4.57812 ms - Host latency: 4.73828 ms (enqueue 3.13477 ms)
[10/06/2026-16:16:35] [I] Average on 1 runs - GPU latency: 4.57422 ms - Host latency: 4.69727 ms (enqueue 3.06445 ms)
[10/06/2026-16:16:35] [I] Average on 1 runs - GPU latency: 4.56641 ms - Host latency: 4.69336 ms (enqueue 3.27148 ms)
[10/06/2026-16:16:35] [I] Average on 1 runs - GPU latency: 4.55469 ms - Host latency: 4.68945 ms (enqueue 3.0293 ms)
[10/06/2026-16:16:35] [I] Average on 1 runs - GPU latency: 4.57617 ms - Host latency: 4.71094 ms (enqueue 2.0332 ms)
[10/06/2026-16:16:35] [I] Average on 1 runs - GPU latency: 4.58008 ms - Host latency: 4.71875 ms (enqueue 3.03125 ms)
[10/06/2026-16:16:35] [I] Average on 1 runs - GPU latency: 4.58398 ms - Host latency: 4.73633 ms (enqueue 3.0625 ms)
[10/06/2026-16:16:35] [I] Average on 1 runs - GPU latency: 4.58789 ms - Host latency: 4.73242 ms (enqueue 3.11133 ms)
[10/06/2026-16:16:35] [I] Average on 1 runs - GPU latency: 4.58203 ms - Host latency: 4.73633 ms (enqueue 3.19336 ms)
[10/06/2026-16:16:35] [I] Average on 1 runs - GPU latency: 4.57422 ms - Host latency: 4.73242 ms (enqueue 3.28516 ms)
[10/06/2026-16:16:35] [I] Average on 1 runs - GPU latency: 4.58594 ms - Host latency: 4.72266 ms (enqueue 3.14453 ms)
[10/06/2026-16:16:35] [I] Average on 1 runs - GPU latency: 4.58203 ms - Host latency: 4.72461 ms (enqueue 3.24609 ms)
[10/06/2026-16:16:35] [I] Average on 1 runs - GPU latency: 4.58008 ms - Host latency: 4.71094 ms (enqueue 3.04688 ms)
[10/06/2026-16:16:35] [I] Average on 1 runs - GPU latency: 4.56445 ms - Host latency: 4.71289 ms (enqueue 3.18164 ms)
[10/06/2026-16:16:35] [I] Average on 1 runs - GPU latency: 4.57617 ms - Host latency: 4.73047 ms (enqueue 2.97656 ms)
[10/06/2026-16:16:35] [I] Average on 1 runs - GPU latency: 4.5918 ms - Host latency: 4.71875 ms (enqueue 2.80859 ms)
[10/06/2026-16:16:35] [I] Average on 1 runs - GPU latency: 4.60547 ms - Host latency: 4.75391 ms (enqueue 3.25 ms)
[10/06/2026-16:16:35] [I] Average on 1 runs - GPU latency: 4.58789 ms - Host latency: 4.73047 ms (enqueue 3.19336 ms)
[10/06/2026-16:16:35] [I] Average on 1 runs - GPU latency: 4.58008 ms - Host latency: 4.7168 ms (enqueue 3.07227 ms)
[10/06/2026-16:16:35] [I] Average on 1 runs - GPU latency: 4.58594 ms - Host latency: 4.70898 ms (enqueue 3.14844 ms)
[10/06/2026-16:16:35] [I] Average on 1 runs - GPU latency: 4.58008 ms - Host latency: 4.71289 ms (enqueue 3.31055 ms)
[10/06/2026-16:16:35] [I] Average on 1 runs - GPU latency: 4.58203 ms - Host latency: 4.7207 ms (enqueue 3.27539 ms)
[10/06/2026-16:16:35] [I] Average on 1 runs - GPU latency: 4.58203 ms - Host latency: 4.74219 ms (enqueue 3.28906 ms)
[10/06/2026-16:16:35] [I] Average on 1 runs - GPU latency: 4.57617 ms - Host latency: 4.71484 ms (enqueue 3.20898 ms)
[10/06/2026-16:16:35] [I] Average on 1 runs - GPU latency: 4.56055 ms - Host latency: 4.6875 ms (enqueue 3.19922 ms)
[10/06/2026-16:16:35] [I] Average on 1 runs - GPU latency: 4.58398 ms - Host latency: 4.71289 ms (enqueue 2.94727 ms)
[10/06/2026-16:16:35] [I] Average on 1 runs - GPU latency: 4.58789 ms - Host latency: 4.72461 ms (enqueue 3.29102 ms)
[10/06/2026-16:16:35] [I] Average on 1 runs - GPU latency: 4.57227 ms - Host latency: 4.71094 ms (enqueue 3.30859 ms)
[10/06/2026-16:16:35] [I] Average on 1 runs - GPU latency: 4.58398 ms - Host latency: 4.71484 ms (enqueue 3.26562 ms)
[10/06/2026-16:16:35] [I] Average on 1 runs - GPU latency: 4.58594 ms - Host latency: 4.73047 ms (enqueue 3.24805 ms)
[10/06/2026-16:16:35] [I] Average on 1 runs - GPU latency: 4.57617 ms - Host latency: 4.7207 ms (enqueue 3.4082 ms)
[10/06/2026-16:16:35] [I] Average on 1 runs - GPU latency: 4.58594 ms - Host latency: 4.72656 ms (enqueue 3.19727 ms)
[10/06/2026-16:16:35] [I] Average on 1 runs - GPU latency: 4.58008 ms - Host latency: 4.73047 ms (enqueue 3.28125 ms)
[10/06/2026-16:16:35] [I] Average on 1 runs - GPU latency: 4.58008 ms - Host latency: 4.71484 ms (enqueue 3.2832 ms)
[10/06/2026-16:16:35] [I] Average on 1 runs - GPU latency: 4.5918 ms - Host latency: 4.72656 ms (enqueue 3.2793 ms)
[10/06/2026-16:16:35] [I] Average on 1 runs - GPU latency: 4.55664 ms - Host latency: 4.69141 ms (enqueue 3.26172 ms)
[10/06/2026-16:16:35] [I] Average on 1 runs - GPU latency: 4.58398 ms - Host latency: 4.7207 ms (enqueue 2.82617 ms)
[10/06/2026-16:16:35] [I] Average on 1 runs - GPU latency: 4.58789 ms - Host latency: 4.73828 ms (enqueue 3.23828 ms)
[10/06/2026-16:16:35] [I] Average on 1 runs - GPU latency: 4.58789 ms - Host latency: 4.73242 ms (enqueue 2.98633 ms)
[10/06/2026-16:16:35] [I] Average on 1 runs - GPU latency: 4.5918 ms - Host latency: 4.72852 ms (enqueue 3.20117 ms)
[10/06/2026-16:16:35] [I] Average on 1 runs - GPU latency: 4.5918 ms - Host latency: 4.75391 ms (enqueue 3.24023 ms)
[10/06/2026-16:16:35] [I] Average on 1 runs - GPU latency: 4.58789 ms - Host latency: 4.72656 ms (enqueue 3.125 ms)
[10/06/2026-16:16:35] [I] Average on 1 runs - GPU latency: 4.58203 ms - Host latency: 4.72266 ms (enqueue 3.13477 ms)
[10/06/2026-16:16:35] [I] Average on 1 runs - GPU latency: 4.58984 ms - Host latency: 4.71484 ms (enqueue 3.07812 ms)
[10/06/2026-16:16:35] [I] Average on 1 runs - GPU latency: 4.58398 ms - Host latency: 4.71875 ms (enqueue 3.23047 ms)
[10/06/2026-16:16:35] [I] Average on 1 runs - GPU latency: 4.58008 ms - Host latency: 4.71484 ms (enqueue 3.01172 ms)
[10/06/2026-16:16:35] [I] Average on 1 runs - GPU latency: 4.56445 ms - Host latency: 4.6875 ms (enqueue 3.05664 ms)
[10/06/2026-16:16:35] [I] Average on 1 runs - GPU latency: 4.57617 ms - Host latency: 4.74219 ms (enqueue 2.9668 ms)
[10/06/2026-16:16:35] [I] Average on 1 runs - GPU latency: 4.58398 ms - Host latency: 4.7168 ms (enqueue 3.29297 ms)
[10/06/2026-16:16:35] [I] Average on 1 runs - GPU latency: 4.58594 ms - Host latency: 4.72656 ms (enqueue 3.07031 ms)
[10/06/2026-16:16:35] [I] Average on 1 runs - GPU latency: 4.54688 ms - Host latency: 4.68164 ms (enqueue 3.08594 ms)
[10/06/2026-16:16:35] [I] Average on 1 runs - GPU latency: 4.57812 ms - Host latency: 4.71484 ms (enqueue 2.57031 ms)
[10/06/2026-16:16:35] [I] Average on 1 runs - GPU latency: 4.58398 ms - Host latency: 4.70312 ms (enqueue 3.06641 ms)
[10/06/2026-16:16:35] [I] Average on 1 runs - GPU latency: 4.57617 ms - Host latency: 4.7168 ms (enqueue 3.10547 ms)
[10/06/2026-16:16:35] [I] Average on 1 runs - GPU latency: 4.58203 ms - Host latency: 4.70703 ms (enqueue 3.04883 ms)
[10/06/2026-16:16:35] [I] Average on 1 runs - GPU latency: 4.58594 ms - Host latency: 4.72461 ms (enqueue 3.13477 ms)
[10/06/2026-16:16:35] [I] Average on 1 runs - GPU latency: 4.57812 ms - Host latency: 4.70312 ms (enqueue 3.06445 ms)
[10/06/2026-16:16:35] [I] Average on 1 runs - GPU latency: 4.55273 ms - Host latency: 4.67188 ms (enqueue 3.25977 ms)
[10/06/2026-16:16:35] [I] Average on 1 runs - GPU latency: 4.57227 ms - Host latency: 4.70703 ms (enqueue 2.71289 ms)
[10/06/2026-16:16:35] [I] Average on 1 runs - GPU latency: 4.58984 ms - Host latency: 4.71484 ms (enqueue 3.08789 ms)
[10/06/2026-16:16:35] [I] Average on 1 runs - GPU latency: 4.58594 ms - Host latency: 4.72656 ms (enqueue 3.10156 ms)
[10/06/2026-16:16:35] [I] Average on 1 runs - GPU latency: 4.58594 ms - Host latency: 4.73242 ms (enqueue 3.05859 ms)
[10/06/2026-16:16:35] [I] Average on 1 runs - GPU latency: 4.58008 ms - Host latency: 4.71875 ms (enqueue 3.06836 ms)
[10/06/2026-16:16:35] [I] Average on 1 runs - GPU latency: 4.58008 ms - Host latency: 4.72266 ms (enqueue 3.125 ms)
[10/06/2026-16:16:35] [I] Average on 1 runs - GPU latency: 4.58203 ms - Host latency: 4.71094 ms (enqueue 3.06055 ms)
[10/06/2026-16:16:35] [I] Average on 1 runs - GPU latency: 4.58594 ms - Host latency: 4.72266 ms (enqueue 3.20508 ms)
[10/06/2026-16:16:35] [I] Average on 1 runs - GPU latency: 4.57617 ms - Host latency: 4.71289 ms (enqueue 3.06641 ms)
[10/06/2026-16:16:35] [I] Average on 1 runs - GPU latency: 4.58203 ms - Host latency: 4.70508 ms (enqueue 3.21289 ms)
[10/06/2026-16:16:35] [I] Average on 1 runs - GPU latency: 4.55469 ms - Host latency: 4.69727 ms (enqueue 3.125 ms)
[10/06/2026-16:16:35] [I] Average on 1 runs - GPU latency: 4.5918 ms - Host latency: 4.73242 ms (enqueue 2.51172 ms)
[10/06/2026-16:16:35] [I] Average on 1 runs - GPU latency: 4.59375 ms - Host latency: 4.74219 ms (enqueue 3.11523 ms)
[10/06/2026-16:16:35] [I] Average on 1 runs - GPU latency: 4.58594 ms - Host latency: 4.76172 ms (enqueue 2.82812 ms)
[10/06/2026-16:16:35] [I] Average on 1 runs - GPU latency: 4.5957 ms - Host latency: 4.74219 ms (enqueue 2.66016 ms)
[10/06/2026-16:16:35] [I] Average on 1 runs - GPU latency: 4.58594 ms - Host latency: 4.73047 ms (enqueue 2.61719 ms)
[10/06/2026-16:16:35] [I] Average on 1 runs - GPU latency: 4.58398 ms - Host latency: 4.72266 ms (enqueue 2.57812 ms)
[10/06/2026-16:16:35] [I] Average on 1 runs - GPU latency: 4.58008 ms - Host latency: 4.71289 ms (enqueue 2.65234 ms)
[10/06/2026-16:16:35] [I] Average on 1 runs - GPU latency: 4.58984 ms - Host latency: 4.74805 ms (enqueue 3.18359 ms)
[10/06/2026-16:16:35] [I] Average on 1 runs - GPU latency: 4.58594 ms - Host latency: 4.72852 ms (enqueue 2.83398 ms)
[10/06/2026-16:16:35] [I] Average on 1 runs - GPU latency: 4.58594 ms - Host latency: 4.7168 ms (enqueue 2.70508 ms)
[10/06/2026-16:16:35] [I] Average on 1 runs - GPU latency: 4.54102 ms - Host latency: 4.67578 ms (enqueue 2.60156 ms)
[10/06/2026-16:16:35] [I] Average on 1 runs - GPU latency: 4.58789 ms - Host latency: 4.72266 ms (enqueue 2.22656 ms)
[10/06/2026-16:16:35] [I] Average on 1 runs - GPU latency: 4.58984 ms - Host latency: 4.72852 ms (enqueue 2.49023 ms)
[10/06/2026-16:16:35] [I] Average on 1 runs - GPU latency: 4.58594 ms - Host latency: 4.71875 ms (enqueue 2.72656 ms)
[10/06/2026-16:16:35] [I] Average on 1 runs - GPU latency: 4.58203 ms - Host latency: 4.72656 ms (enqueue 3.10547 ms)
[10/06/2026-16:16:35] [I] Average on 1 runs - GPU latency: 4.58398 ms - Host latency: 4.7207 ms (enqueue 3.07422 ms)
[10/06/2026-16:16:35] [I] Average on 1 runs - GPU latency: 4.58008 ms - Host latency: 4.72656 ms (enqueue 3.22656 ms)
[10/06/2026-16:16:35] [I] Average on 1 runs - GPU latency: 4.58008 ms - Host latency: 4.71484 ms (enqueue 3.02148 ms)
[10/06/2026-16:16:35] [I] Average on 1 runs - GPU latency: 4.58203 ms - Host latency: 4.70312 ms (enqueue 3.10742 ms)
[10/06/2026-16:16:35] [I] Average on 1 runs - GPU latency: 4.57812 ms - Host latency: 4.70312 ms (enqueue 3.08789 ms)
[10/06/2026-16:16:35] [I] Average on 1 runs - GPU latency: 4.58594 ms - Host latency: 4.71289 ms (enqueue 3.07812 ms)
[10/06/2026-16:16:35] [I] Average on 1 runs - GPU latency: 4.5625 ms - Host latency: 4.69531 ms (enqueue 3.14062 ms)
[10/06/2026-16:16:35] [I] Average on 1 runs - GPU latency: 4.58203 ms - Host latency: 4.72461 ms (enqueue 2.25977 ms)
[10/06/2026-16:16:35] [I] Average on 1 runs - GPU latency: 4.58789 ms - Host latency: 4.7207 ms (enqueue 3.05078 ms)
[10/06/2026-16:16:35] [I] Average on 1 runs - GPU latency: 4.5957 ms - Host latency: 4.74414 ms (enqueue 3 ms)
[10/06/2026-16:16:35] [I] Average on 1 runs - GPU latency: 4.5918 ms - Host latency: 4.73828 ms (enqueue 2.89453 ms)
[10/06/2026-16:16:35] [I] Average on 1 runs - GPU latency: 4.58594 ms - Host latency: 4.74219 ms (enqueue 3.14648 ms)
[10/06/2026-16:16:35] [I] Average on 1 runs - GPU latency: 4.58203 ms - Host latency: 4.71875 ms (enqueue 3.14844 ms)
[10/06/2026-16:16:35] [I] Average on 1 runs - GPU latency: 4.58203 ms - Host latency: 4.72656 ms (enqueue 3.14453 ms)
[10/06/2026-16:16:35] [I] Average on 1 runs - GPU latency: 4.58984 ms - Host latency: 4.71875 ms (enqueue 3.10352 ms)
[10/06/2026-16:16:35] [I] Average on 1 runs - GPU latency: 4.58398 ms - Host latency: 4.72852 ms (enqueue 3.24609 ms)
[10/06/2026-16:16:35] [I] Average on 1 runs - GPU latency: 4.58789 ms - Host latency: 4.7168 ms (enqueue 3.10156 ms)
[10/06/2026-16:16:35] [I] Average on 1 runs - GPU latency: 4.58594 ms - Host latency: 4.73047 ms (enqueue 3.09766 ms)
[10/06/2026-16:16:35] [I] Average on 1 runs - GPU latency: 4.57812 ms - Host latency: 4.7207 ms (enqueue 3.29102 ms)
[10/06/2026-16:16:35] [I] Average on 1 runs - GPU latency: 4.58789 ms - Host latency: 4.72852 ms (enqueue 3.14258 ms)
[10/06/2026-16:16:35] [I] Average on 1 runs - GPU latency: 4.57812 ms - Host latency: 4.72266 ms (enqueue 3.09766 ms)
[10/06/2026-16:16:35] [I] Average on 1 runs - GPU latency: 4.58984 ms - Host latency: 4.76562 ms (enqueue 3.03711 ms)
[10/06/2026-16:16:35] [I] Average on 1 runs - GPU latency: 4.58203 ms - Host latency: 4.72266 ms (enqueue 3.23828 ms)
[10/06/2026-16:16:35] [I] Average on 1 runs - GPU latency: 4.58008 ms - Host latency: 4.73047 ms (enqueue 3.14453 ms)
[10/06/2026-16:16:35] [I] Average on 1 runs - GPU latency: 4.58008 ms - Host latency: 4.70703 ms (enqueue 3.13477 ms)
[10/06/2026-16:16:35] [I] Average on 1 runs - GPU latency: 4.58203 ms - Host latency: 4.71094 ms (enqueue 3.18359 ms)
[10/06/2026-16:16:35] [I] Average on 1 runs - GPU latency: 4.58008 ms - Host latency: 4.71484 ms (enqueue 3.11914 ms)
[10/06/2026-16:16:35] [I] Average on 1 runs - GPU latency: 4.58594 ms - Host latency: 4.71875 ms (enqueue 3.19141 ms)
[10/06/2026-16:16:35] [I] Average on 1 runs - GPU latency: 4.56445 ms - Host latency: 4.70312 ms (enqueue 3.25 ms)
[10/06/2026-16:16:35] [I] Average on 1 runs - GPU latency: 4.58984 ms - Host latency: 4.7207 ms (enqueue 2.34375 ms)
[10/06/2026-16:16:35] [I] Average on 1 runs - GPU latency: 4.58789 ms - Host latency: 4.73047 ms (enqueue 3.1543 ms)
[10/06/2026-16:16:35] [I] Average on 1 runs - GPU latency: 4.58203 ms - Host latency: 4.72461 ms (enqueue 3.35938 ms)
[10/06/2026-16:16:35] [I] Average on 1 runs - GPU latency: 4.5957 ms - Host latency: 4.73828 ms (enqueue 3.32812 ms)
[10/06/2026-16:16:35] [I] Average on 1 runs - GPU latency: 4.5918 ms - Host latency: 4.72656 ms (enqueue 3.30273 ms)
[10/06/2026-16:16:35] [I] Average on 1 runs - GPU latency: 4.58398 ms - Host latency: 4.72266 ms (enqueue 3.19336 ms)
[10/06/2026-16:16:35] [I] Average on 1 runs - GPU latency: 4.58594 ms - Host latency: 4.72656 ms (enqueue 3.25391 ms)
[10/06/2026-16:16:35] [I] Average on 1 runs - GPU latency: 4.58594 ms - Host latency: 4.73633 ms (enqueue 3.31836 ms)
[10/06/2026-16:16:35] [I] Average on 1 runs - GPU latency: 4.58789 ms - Host latency: 4.73047 ms (enqueue 3.31055 ms)
[10/06/2026-16:16:35] [I] Average on 1 runs - GPU latency: 4.58008 ms - Host latency: 4.72461 ms (enqueue 3.35156 ms)
[10/06/2026-16:16:35] [I] Average on 1 runs - GPU latency: 4.55469 ms - Host latency: 4.67969 ms (enqueue 3.28711 ms)
[10/06/2026-16:16:35] [I] Average on 1 runs - GPU latency: 4.58594 ms - Host latency: 4.70508 ms (enqueue 2.16016 ms)
[10/06/2026-16:16:35] [I] Average on 1 runs - GPU latency: 4.58789 ms - Host latency: 4.72656 ms (enqueue 3.35547 ms)
[10/06/2026-16:16:35] [I] Average on 1 runs - GPU latency: 4.58789 ms - Host latency: 4.72461 ms (enqueue 3.24609 ms)
[10/06/2026-16:16:35] [I] Average on 1 runs - GPU latency: 4.58984 ms - Host latency: 4.73242 ms (enqueue 3.31445 ms)
[10/06/2026-16:16:35] [I] Average on 1 runs - GPU latency: 4.58789 ms - Host latency: 4.72461 ms (enqueue 3.35352 ms)
[10/06/2026-16:16:35] [I] Average on 1 runs - GPU latency: 4.5918 ms - Host latency: 4.72852 ms (enqueue 3.28125 ms)
[10/06/2026-16:16:35] [I] Average on 1 runs - GPU latency: 4.5918 ms - Host latency: 4.73242 ms (enqueue 3.34375 ms)
[10/06/2026-16:16:35] [I] Average on 1 runs - GPU latency: 4.59375 ms - Host latency: 4.74414 ms (enqueue 3.30078 ms)
[10/06/2026-16:16:35] [I] Average on 1 runs - GPU latency: 4.58203 ms - Host latency: 4.7168 ms (enqueue 3.30078 ms)
[10/06/2026-16:16:35] [I] Average on 1 runs - GPU latency: 4.58984 ms - Host latency: 4.73633 ms (enqueue 3.23047 ms)
[10/06/2026-16:16:35] [I] Average on 1 runs - GPU latency: 4.59375 ms - Host latency: 4.73242 ms (enqueue 3.28516 ms)
[10/06/2026-16:16:35] [I] Average on 1 runs - GPU latency: 4.58398 ms - Host latency: 4.72461 ms (enqueue 3.21484 ms)
[10/06/2026-16:16:35] [I] Average on 1 runs - GPU latency: 4.58398 ms - Host latency: 4.71875 ms (enqueue 3.32031 ms)
[10/06/2026-16:16:35] [I] Average on 1 runs - GPU latency: 4.58008 ms - Host latency: 4.70312 ms (enqueue 3.30078 ms)
[10/06/2026-16:16:35] [I] Average on 1 runs - GPU latency: 4.58398 ms - Host latency: 4.71094 ms (enqueue 3.31055 ms)
[10/06/2026-16:16:35] [I] Average on 1 runs - GPU latency: 4.58594 ms - Host latency: 4.7168 ms (enqueue 3.23242 ms)
[10/06/2026-16:16:35] [I] Average on 1 runs - GPU latency: 4.57812 ms - Host latency: 4.71094 ms (enqueue 3.24609 ms)
[10/06/2026-16:16:35] [I] Average on 1 runs - GPU latency: 4.5957 ms - Host latency: 4.72656 ms (enqueue 3.35156 ms)
[10/06/2026-16:16:35] [I] Average on 1 runs - GPU latency: 4.58789 ms - Host latency: 4.73438 ms (enqueue 3.31641 ms)
[10/06/2026-16:16:35] [I] Average on 1 runs - GPU latency: 4.58398 ms - Host latency: 4.7207 ms (enqueue 3.31641 ms)
[10/06/2026-16:16:35] [I] Average on 1 runs - GPU latency: 4.58594 ms - Host latency: 4.73047 ms (enqueue 3.33398 ms)
[10/06/2026-16:16:35] [I] Average on 1 runs - GPU latency: 4.58789 ms - Host latency: 4.73438 ms (enqueue 3.22852 ms)
[10/06/2026-16:16:35] [I] Average on 1 runs - GPU latency: 4.58594 ms - Host latency: 4.72656 ms (enqueue 3.2793 ms)
[10/06/2026-16:16:35] [I] Average on 1 runs - GPU latency: 4.58203 ms - Host latency: 4.71875 ms (enqueue 3.23242 ms)
[10/06/2026-16:16:35] [I] Average on 1 runs - GPU latency: 4.58789 ms - Host latency: 4.74023 ms (enqueue 3.30273 ms)
[10/06/2026-16:16:35] [I] Average on 1 runs - GPU latency: 4.58203 ms - Host latency: 4.72656 ms (enqueue 2.9668 ms)
[10/06/2026-16:16:35] [I] Average on 1 runs - GPU latency: 4.59961 ms - Host latency: 4.73438 ms (enqueue 2.99023 ms)
[10/06/2026-16:16:35] [I] Average on 1 runs - GPU latency: 4.58594 ms - Host latency: 4.75 ms (enqueue 3.11133 ms)
[10/06/2026-16:16:35] [I] Average on 1 runs - GPU latency: 4.58203 ms - Host latency: 4.7207 ms (enqueue 3.28516 ms)
[10/06/2026-16:16:35] [I] Average on 1 runs - GPU latency: 4.57812 ms - Host latency: 4.71289 ms (enqueue 3.25391 ms)
[10/06/2026-16:16:35] [I] Average on 1 runs - GPU latency: 4.58203 ms - Host latency: 4.7207 ms (enqueue 3.31055 ms)
[10/06/2026-16:16:35] [I] Average on 1 runs - GPU latency: 4.55859 ms - Host latency: 4.70312 ms (enqueue 3.31445 ms)
[10/06/2026-16:16:35] [I] Average on 1 runs - GPU latency: 4.5625 ms - Host latency: 4.69336 ms (enqueue 3.08984 ms)
[10/06/2026-16:16:35] [I] Average on 1 runs - GPU latency: 4.58789 ms - Host latency: 4.71289 ms (enqueue 2.50781 ms)
[10/06/2026-16:16:35] [I] Average on 1 runs - GPU latency: 4.58203 ms - Host latency: 4.7168 ms (enqueue 3.32227 ms)
[10/06/2026-16:16:35] [I] Average on 1 runs - GPU latency: 4.58203 ms - Host latency: 4.71484 ms (enqueue 3.08594 ms)
[10/06/2026-16:16:35] [I] Average on 1 runs - GPU latency: 4.58594 ms - Host latency: 4.7168 ms (enqueue 3.19336 ms)
[10/06/2026-16:16:35] [I] Average on 1 runs - GPU latency: 4.58594 ms - Host latency: 4.75391 ms (enqueue 3.03125 ms)
[10/06/2026-16:16:35] [I] Average on 1 runs - GPU latency: 4.58984 ms - Host latency: 4.71875 ms (enqueue 3.10352 ms)
[10/06/2026-16:16:35] [I] Average on 1 runs - GPU latency: 4.58789 ms - Host latency: 4.71484 ms (enqueue 3.10156 ms)
[10/06/2026-16:16:35] [I] Average on 1 runs - GPU latency: 4.57617 ms - Host latency: 4.70508 ms (enqueue 3.19141 ms)
[10/06/2026-16:16:35] [I] Average on 1 runs - GPU latency: 4.58203 ms - Host latency: 4.71094 ms (enqueue 3.16406 ms)
[10/06/2026-16:16:35] [I] Average on 1 runs - GPU latency: 4.56641 ms - Host latency: 4.68555 ms (enqueue 3.30664 ms)
[10/06/2026-16:16:35] [I] Average on 1 runs - GPU latency: 4.57812 ms - Host latency: 4.72461 ms (enqueue 2.78711 ms)
[10/06/2026-16:16:35] [I] Average on 1 runs - GPU latency: 4.58008 ms - Host latency: 4.70703 ms (enqueue 3.16016 ms)
[10/06/2026-16:16:35] [I] Average on 1 runs - GPU latency: 4.58008 ms - Host latency: 4.71289 ms (enqueue 3.125 ms)
[10/06/2026-16:16:35] [I] Average on 1 runs - GPU latency: 4.58398 ms - Host latency: 4.72266 ms (enqueue 3.15625 ms)
[10/06/2026-16:16:35] [I] Average on 1 runs - GPU latency: 4.58984 ms - Host latency: 4.73242 ms (enqueue 3.10547 ms)
[10/06/2026-16:16:35] [I] Average on 1 runs - GPU latency: 4.54688 ms - Host latency: 4.68555 ms (enqueue 3.14062 ms)
[10/06/2026-16:16:35] [I] 
[10/06/2026-16:16:35] [I] === Performance summary ===
[10/06/2026-16:16:35] [I] Throughput: 217.976 qps
[10/06/2026-16:16:35] [I] Latency: min = 4.63477 ms, max = 5.08496 ms, mean = 4.72304 ms, median = 4.72314 ms, percentile(90%) = 4.74023 ms, percentile(95%) = 4.74805 ms, percentile(99%) = 4.76636 ms
[10/06/2026-16:16:35] [I] Enqueue Time: min = 2.0332 ms, max = 8.90625 ms, mean = 3.11135 ms, median = 3.16016 ms, percentile(90%) = 3.31299 ms, percentile(95%) = 3.33398 ms, percentile(99%) = 3.45898 ms
[10/06/2026-16:16:35] [I] H2D Latency: min = 0.0634766 ms, max = 0.213867 ms, mean = 0.132937 ms, median = 0.131836 ms, percentile(90%) = 0.146484 ms, percentile(95%) = 0.154297 ms, percentile(99%) = 0.172363 ms
[10/06/2026-16:16:35] [I] GPU Compute Time: min = 4.5293 ms, max = 4.95312 ms, mean = 4.58338 ms, median = 4.58496 ms, percentile(90%) = 4.59253 ms, percentile(95%) = 4.59473 ms, percentile(99%) = 4.59961 ms
[10/06/2026-16:16:35] [I] D2H Latency: min = 0.00390625 ms, max = 0.0107422 ms, mean = 0.00671801 ms, median = 0.00634766 ms, percentile(90%) = 0.00878906 ms, percentile(95%) = 0.00878906 ms, percentile(99%) = 0.00976562 ms
[10/06/2026-16:16:35] [I] Total Host Walltime: 15.0154 s
[10/06/2026-16:16:35] [I] Total GPU Compute Time: 15.0014 s
[10/06/2026-16:16:35] [I] Explanations of the performance metrics are printed in the verbose logs.
[10/06/2026-16:16:35] [I] 
&&&& PASSED TensorRT.trtexec [TensorRT v100300] # /usr/src/tensorrt/bin/trtexec --loadEngine=/tmp/yolo26n_84172_uint8_fp16_opt3.engine --warmUp=3000 --duration=15 --idleTime=0 --avgRuns=1
