&&&& RUNNING TensorRT.trtexec [TensorRT v100300] # /usr/src/tensorrt/bin/trtexec --loadEngine=/tmp/yolo26n_84172_uint8_fp16_opt3.engine --warmUp=3000 --duration=15 --idleTime=0 --avgRuns=1
[10/06/2026-16:15:11] [I] === Model Options ===
[10/06/2026-16:15:11] [I] Format: *
[10/06/2026-16:15:11] [I] Model: 
[10/06/2026-16:15:11] [I] Output:
[10/06/2026-16:15:11] [I] 
[10/06/2026-16:15:11] [I] === System Options ===
[10/06/2026-16:15:11] [I] Device: 0
[10/06/2026-16:15:11] [I] DLACore: 
[10/06/2026-16:15:11] [I] Plugins:
[10/06/2026-16:15:11] [I] setPluginsToSerialize:
[10/06/2026-16:15:11] [I] dynamicPlugins:
[10/06/2026-16:15:11] [I] ignoreParsedPluginLibs: 0
[10/06/2026-16:15:11] [I] 
[10/06/2026-16:15:11] [I] === Inference Options ===
[10/06/2026-16:15:11] [I] Batch: Explicit
[10/06/2026-16:15:11] [I] Input inference shapes: model
[10/06/2026-16:15:11] [I] Iterations: 10
[10/06/2026-16:15:11] [I] Duration: 15s (+ 3000ms warm up)
[10/06/2026-16:15:11] [I] Sleep time: 0ms
[10/06/2026-16:15:11] [I] Idle time: 0ms
[10/06/2026-16:15:11] [I] Inference Streams: 1
[10/06/2026-16:15:11] [I] ExposeDMA: Disabled
[10/06/2026-16:15:11] [I] Data transfers: Enabled
[10/06/2026-16:15:11] [I] Spin-wait: Disabled
[10/06/2026-16:15:11] [I] Multithreading: Disabled
[10/06/2026-16:15:11] [I] CUDA Graph: Disabled
[10/06/2026-16:15:11] [I] Separate profiling: Disabled
[10/06/2026-16:15:11] [I] Time Deserialize: Disabled
[10/06/2026-16:15:11] [I] Time Refit: Disabled
[10/06/2026-16:15:11] [I] NVTX verbosity: 0
[10/06/2026-16:15:11] [I] Persistent Cache Ratio: 0
[10/06/2026-16:15:11] [I] Optimization Profile Index: 0
[10/06/2026-16:15:11] [I] Weight Streaming Budget: 100.000000%
[10/06/2026-16:15:11] [I] Inputs:
[10/06/2026-16:15:11] [I] Debug Tensor Save Destinations:
[10/06/2026-16:15:11] [I] === Reporting Options ===
[10/06/2026-16:15:11] [I] Verbose: Disabled
[10/06/2026-16:15:11] [I] Averages: 1 inferences
[10/06/2026-16:15:11] [I] Percentiles: 90,95,99
[10/06/2026-16:15:11] [I] Dump refittable layers:Disabled
[10/06/2026-16:15:11] [I] Dump output: Disabled
[10/06/2026-16:15:11] [I] Profile: Disabled
[10/06/2026-16:15:11] [I] Export timing to JSON file: 
[10/06/2026-16:15:11] [I] Export output to JSON file: 
[10/06/2026-16:15:11] [I] Export profile to JSON file: 
[10/06/2026-16:15:11] [I] 
[10/06/2026-16:15:11] [I] === Device Information ===
[10/06/2026-16:15:11] [I] Available Devices: 
[10/06/2026-16:15:11] [I]   Device 0: "Orin" UUID: GPU-6e16c2c1-e394-5324-8f2e-63a975968f4e
[10/06/2026-16:15:11] [I] Selected Device: Orin
[10/06/2026-16:15:11] [I] Selected Device ID: 0
[10/06/2026-16:15:11] [I] Selected Device UUID: GPU-6e16c2c1-e394-5324-8f2e-63a975968f4e
[10/06/2026-16:15:11] [I] Compute Capability: 8.7
[10/06/2026-16:15:11] [I] SMs: 8
[10/06/2026-16:15:11] [I] Device Global Memory: 7607 MiB
[10/06/2026-16:15:11] [I] Shared Memory per SM: 164 KiB
[10/06/2026-16:15:11] [I] Memory Bus Width: 128 bits (ECC disabled)
[10/06/2026-16:15:11] [I] Application Compute Clock Rate: 1.02 GHz
[10/06/2026-16:15:11] [I] Application Memory Clock Rate: 0.816 GHz
[10/06/2026-16:15:11] [I] 
[10/06/2026-16:15:11] [I] Note: The application clock rates do not reflect the actual clock rates that the GPU is currently running at.
[10/06/2026-16:15:11] [I] 
[10/06/2026-16:15:11] [I] TensorRT version: 10.3.0
[10/06/2026-16:15:11] [I] Loading standard plugins
[10/06/2026-16:15:11] [I] [TRT] Loaded engine size: 7 MiB
[10/06/2026-16:15:11] [I] Engine deserialized in 0.0705412 sec.
[10/06/2026-16:15:11] [I] [TRT] [MemUsageChange] TensorRT-managed allocation in IExecutionContext creation: CPU +0, GPU +12, now: CPU 0, GPU 16 (MiB)
[10/06/2026-16:15:11] [I] Setting persistentCacheLimit to 0 bytes.
[10/06/2026-16:15:11] [I] Created execution context with device memory size: 12.207 MiB
[10/06/2026-16:15:11] [I] Using random values for input images
[10/06/2026-16:15:11] [I] Input binding for images with dimensions 1x640x640x3 is created.
[10/06/2026-16:15:11] [I] Output binding for output0 with dimensions 1x300x6 is created.
[10/06/2026-16:15:11] [I] Starting inference
[10/06/2026-16:15:29] [I] Warmup completed 573 queries over 3000 ms
[10/06/2026-16:15:29] [I] Timing trace has 2968 queries over 15.0151 s
[10/06/2026-16:15:29] [I] 
[10/06/2026-16:15:29] [I] === Trace details ===
[10/06/2026-16:15:29] [I] Trace averages of 1 runs:
[10/06/2026-16:15:29] [I] Average on 1 runs - GPU latency: 5.06567 ms - Host latency: 5.20581 ms (enqueue 3.59033 ms)
[10/06/2026-16:15:29] [I] Average on 1 runs - GPU latency: 5.06592 ms - Host latency: 5.20532 ms (enqueue 3.64355 ms)
[10/06/2026-16:15:29] [I] Average on 1 runs - GPU latency: 5.06421 ms - Host latency: 5.20435 ms (enqueue 3.54248 ms)
[10/06/2026-16:15:29] [I] Average on 1 runs - GPU latency: 5.07129 ms - Host latency: 5.21313 ms (enqueue 3.57251 ms)
[10/06/2026-16:15:29] [I] Average on 1 runs - GPU latency: 5.05811 ms - Host latency: 5.20093 ms (enqueue 3.55981 ms)
[10/06/2026-16:15:29] [I] Average on 1 runs - GPU latency: 5.05664 ms - Host latency: 5.21387 ms (enqueue 3.61157 ms)
[10/06/2026-16:15:29] [I] Average on 1 runs - GPU latency: 5.06152 ms - Host latency: 5.19604 ms (enqueue 3.76855 ms)
[10/06/2026-16:15:29] [I] Average on 1 runs - GPU latency: 5.05249 ms - Host latency: 5.18799 ms (enqueue 3.56323 ms)
[10/06/2026-16:15:29] [I] Average on 1 runs - GPU latency: 5.03125 ms - Host latency: 5.16577 ms (enqueue 3.56396 ms)
[10/06/2026-16:15:29] [I] Average on 1 runs - GPU latency: 5.01099 ms - Host latency: 5.13721 ms (enqueue 3.60449 ms)
[10/06/2026-16:15:29] [I] Average on 1 runs - GPU latency: 5.07349 ms - Host latency: 5.20923 ms (enqueue 3.87256 ms)
[10/06/2026-16:15:29] [I] Average on 1 runs - GPU latency: 5.06274 ms - Host latency: 5.19946 ms (enqueue 3.61475 ms)
[10/06/2026-16:15:29] [I] Average on 1 runs - GPU latency: 5.07422 ms - Host latency: 5.22339 ms (enqueue 3.58936 ms)
[10/06/2026-16:15:29] [I] Average on 1 runs - GPU latency: 5.0542 ms - Host latency: 5.19287 ms (enqueue 3.54272 ms)
[10/06/2026-16:15:29] [I] Average on 1 runs - GPU latency: 5.05347 ms - Host latency: 5.22925 ms (enqueue 3.75513 ms)
[10/06/2026-16:15:29] [I] Average on 1 runs - GPU latency: 5.06055 ms - Host latency: 5.19873 ms (enqueue 3.60449 ms)
[10/06/2026-16:15:29] [I] Average on 1 runs - GPU latency: 5.06763 ms - Host latency: 5.20508 ms (enqueue 3.58398 ms)
[10/06/2026-16:15:29] [I] Average on 1 runs - GPU latency: 5.06079 ms - Host latency: 5.20972 ms (enqueue 3.59473 ms)
[10/06/2026-16:15:29] [I] Average on 1 runs - GPU latency: 5.03516 ms - Host latency: 5.17432 ms (enqueue 3.76538 ms)
[10/06/2026-16:15:29] [I] Average on 1 runs - GPU latency: 5.0625 ms - Host latency: 5.2063 ms (enqueue 3.58813 ms)
[10/06/2026-16:15:29] [I] Average on 1 runs - GPU latency: 5.05322 ms - Host latency: 5.20093 ms (enqueue 3.61182 ms)
[10/06/2026-16:15:29] [I] Average on 1 runs - GPU latency: 5.06226 ms - Host latency: 5.21582 ms (enqueue 4.30518 ms)
[10/06/2026-16:15:29] [I] Average on 1 runs - GPU latency: 5.05811 ms - Host latency: 5.20215 ms (enqueue 3.59277 ms)
[10/06/2026-16:15:29] [I] Average on 1 runs - GPU latency: 5.04419 ms - Host latency: 5.17603 ms (enqueue 3.36694 ms)
[10/06/2026-16:15:29] [I] Average on 1 runs - GPU latency: 5.06201 ms - Host latency: 5.18896 ms (enqueue 3.33496 ms)
[10/06/2026-16:15:29] [I] Average on 1 runs - GPU latency: 5.05591 ms - Host latency: 5.1936 ms (enqueue 3.26733 ms)
[10/06/2026-16:15:29] [I] Average on 1 runs - GPU latency: 5.06055 ms - Host latency: 5.21069 ms (enqueue 3.5415 ms)
[10/06/2026-16:15:29] [I] Average on 1 runs - GPU latency: 5.05518 ms - Host latency: 5.20239 ms (enqueue 3.35498 ms)
[10/06/2026-16:15:29] [I] Average on 1 runs - GPU latency: 5.02515 ms - Host latency: 5.15698 ms (enqueue 3.4082 ms)
[10/06/2026-16:15:29] [I] Average on 1 runs - GPU latency: 5.02148 ms - Host latency: 5.14355 ms (enqueue 3.50415 ms)
[10/06/2026-16:15:29] [I] Average on 1 runs - GPU latency: 5.06348 ms - Host latency: 5.19409 ms (enqueue 3.30322 ms)
[10/06/2026-16:15:29] [I] Average on 1 runs - GPU latency: 5.06519 ms - Host latency: 5.20068 ms (enqueue 3.60571 ms)
[10/06/2026-16:15:29] [I] Average on 1 runs - GPU latency: 5.06323 ms - Host latency: 5.19556 ms (enqueue 3.5376 ms)
[10/06/2026-16:15:29] [I] Average on 1 runs - GPU latency: 5.05566 ms - Host latency: 5.19702 ms (enqueue 3.5271 ms)
[10/06/2026-16:15:29] [I] Average on 1 runs - GPU latency: 5.05566 ms - Host latency: 5.18384 ms (enqueue 3.50732 ms)
[10/06/2026-16:15:29] [I] Average on 1 runs - GPU latency: 5.06274 ms - Host latency: 5.19385 ms (enqueue 3.55859 ms)
[10/06/2026-16:15:29] [I] Average on 1 runs - GPU latency: 5.05298 ms - Host latency: 5.19507 ms (enqueue 3.35938 ms)
[10/06/2026-16:15:29] [I] Average on 1 runs - GPU latency: 5.05957 ms - Host latency: 5.20972 ms (enqueue 3.58447 ms)
[10/06/2026-16:15:29] [I] Average on 1 runs - GPU latency: 5.02734 ms - Host latency: 5.1543 ms (enqueue 3.61914 ms)
[10/06/2026-16:15:29] [I] Average on 1 runs - GPU latency: 5.06201 ms - Host latency: 5.19824 ms (enqueue 3.58862 ms)
[10/06/2026-16:15:29] [I] Average on 1 runs - GPU latency: 5.06152 ms - Host latency: 5.19775 ms (enqueue 3.49829 ms)
[10/06/2026-16:15:29] [I] Average on 1 runs - GPU latency: 5.05737 ms - Host latency: 5.20239 ms (enqueue 3.58545 ms)
[10/06/2026-16:15:29] [I] Average on 1 runs - GPU latency: 5.05176 ms - Host latency: 5.18506 ms (enqueue 3.6001 ms)
[10/06/2026-16:15:29] [I] Average on 1 runs - GPU latency: 5.05884 ms - Host latency: 5.18457 ms (enqueue 3.53857 ms)
[10/06/2026-16:15:29] [I] Average on 1 runs - GPU latency: 5.05933 ms - Host latency: 5.20044 ms (enqueue 3.82202 ms)
[10/06/2026-16:15:29] [I] Average on 1 runs - GPU latency: 5.06567 ms - Host latency: 5.1897 ms (enqueue 3.56592 ms)
[10/06/2026-16:15:29] [I] Average on 1 runs - GPU latency: 5.0542 ms - Host latency: 5.19141 ms (enqueue 3.57056 ms)
[10/06/2026-16:15:29] [I] Average on 1 runs - GPU latency: 5.05762 ms - Host latency: 5.19482 ms (enqueue 3.55029 ms)
[10/06/2026-16:15:29] [I] Average on 1 runs - GPU latency: 5.01221 ms - Host latency: 5.14941 ms (enqueue 3.83716 ms)
[10/06/2026-16:15:29] [I] Average on 1 runs - GPU latency: 5.0376 ms - Host latency: 5.17432 ms (enqueue 3.53027 ms)
[10/06/2026-16:15:29] [I] Average on 1 runs - GPU latency: 5.05908 ms - Host latency: 5.19385 ms (enqueue 3.53467 ms)
[10/06/2026-16:15:29] [I] Average on 1 runs - GPU latency: 5.05664 ms - Host latency: 5.1936 ms (enqueue 3.56177 ms)
[10/06/2026-16:15:29] [I] Average on 1 runs - GPU latency: 5.0564 ms - Host latency: 5.19946 ms (enqueue 3.80591 ms)
[10/06/2026-16:15:29] [I] Average on 1 runs - GPU latency: 5.05298 ms - Host latency: 5.20898 ms (enqueue 3.59521 ms)
[10/06/2026-16:15:29] [I] Average on 1 runs - GPU latency: 5.05493 ms - Host latency: 5.17505 ms (enqueue 3.52734 ms)
[10/06/2026-16:15:29] [I] Average on 1 runs - GPU latency: 5.05444 ms - Host latency: 5.18896 ms (enqueue 3.51953 ms)
[10/06/2026-16:15:29] [I] Average on 1 runs - GPU latency: 5.05249 ms - Host latency: 5.18213 ms (enqueue 3.83569 ms)
[10/06/2026-16:15:29] [I] Average on 1 runs - GPU latency: 5.05884 ms - Host latency: 5.1814 ms (enqueue 3.57495 ms)
[10/06/2026-16:15:29] [I] Average on 1 runs - GPU latency: 5.00928 ms - Host latency: 5.15991 ms (enqueue 3.61182 ms)
[10/06/2026-16:15:29] [I] Average on 1 runs - GPU latency: 5.05371 ms - Host latency: 5.18994 ms (enqueue 3.73633 ms)
[10/06/2026-16:15:29] [I] Average on 1 runs - GPU latency: 5.05786 ms - Host latency: 5.19238 ms (enqueue 3.51953 ms)
[10/06/2026-16:15:29] [I] Average on 1 runs - GPU latency: 5.05103 ms - Host latency: 5.18677 ms (enqueue 3.56934 ms)
[10/06/2026-16:15:29] [I] Average on 1 runs - GPU latency: 5.05566 ms - Host latency: 5.18262 ms (enqueue 3.53003 ms)
[10/06/2026-16:15:29] [I] Average on 1 runs - GPU latency: 5.06006 ms - Host latency: 5.18408 ms (enqueue 3.77637 ms)
[10/06/2026-16:15:29] [I] Average on 1 runs - GPU latency: 5.06006 ms - Host latency: 5.1958 ms (enqueue 3.53271 ms)
[10/06/2026-16:15:29] [I] Average on 1 runs - GPU latency: 5.05518 ms - Host latency: 5.20557 ms (enqueue 3.59668 ms)
[10/06/2026-16:15:29] [I] Average on 1 runs - GPU latency: 5.06787 ms - Host latency: 5.22095 ms (enqueue 3.5813 ms)
[10/06/2026-16:15:29] [I] Average on 1 runs - GPU latency: 5.06567 ms - Host latency: 5.20044 ms (enqueue 3.86084 ms)
[10/06/2026-16:15:29] [I] Average on 1 runs - GPU latency: 5.00293 ms - Host latency: 5.15942 ms (enqueue 3.59497 ms)
[10/06/2026-16:15:29] [I] Average on 1 runs - GPU latency: 5.0542 ms - Host latency: 5.19824 ms (enqueue 3.54346 ms)
[10/06/2026-16:15:29] [I] Average on 1 runs - GPU latency: 5.06152 ms - Host latency: 5.19775 ms (enqueue 3.51685 ms)
[10/06/2026-16:15:29] [I] Average on 1 runs - GPU latency: 5.05225 ms - Host latency: 5.19263 ms (enqueue 3.81372 ms)
[10/06/2026-16:15:29] [I] Average on 1 runs - GPU latency: 5.05615 ms - Host latency: 5.17578 ms (enqueue 3.56274 ms)
[10/06/2026-16:15:29] [I] Average on 1 runs - GPU latency: 5.0542 ms - Host latency: 5.19116 ms (enqueue 3.5769 ms)
[10/06/2026-16:15:29] [I] Average on 1 runs - GPU latency: 5.05664 ms - Host latency: 5.21191 ms (enqueue 3.51196 ms)
[10/06/2026-16:15:29] [I] Average on 1 runs - GPU latency: 5.05469 ms - Host latency: 5.16821 ms (enqueue 3.52881 ms)
[10/06/2026-16:15:29] [I] Average on 1 runs - GPU latency: 5.05127 ms - Host latency: 5.18481 ms (enqueue 3.58057 ms)
[10/06/2026-16:15:29] [I] Average on 1 runs - GPU latency: 5.05151 ms - Host latency: 5.17896 ms (enqueue 3.55273 ms)
[10/06/2026-16:15:29] [I] Average on 1 runs - GPU latency: 5.01733 ms - Host latency: 5.15234 ms (enqueue 3.83765 ms)
[10/06/2026-16:15:29] [I] Average on 1 runs - GPU latency: 5.05908 ms - Host latency: 5.19946 ms (enqueue 3.54712 ms)
[10/06/2026-16:15:29] [I] Average on 1 runs - GPU latency: 5.04858 ms - Host latency: 5.18457 ms (enqueue 3.53735 ms)
[10/06/2026-16:15:29] [I] Average on 1 runs - GPU latency: 5.07422 ms - Host latency: 5.20874 ms (enqueue 3.58496 ms)
[10/06/2026-16:15:29] [I] Average on 1 runs - GPU latency: 5.05298 ms - Host latency: 5.19922 ms (enqueue 3.79077 ms)
[10/06/2026-16:15:29] [I] Average on 1 runs - GPU latency: 5.05469 ms - Host latency: 5.19043 ms (enqueue 3.5437 ms)
[10/06/2026-16:15:29] [I] Average on 1 runs - GPU latency: 5.052 ms - Host latency: 5.1748 ms (enqueue 3.53101 ms)
[10/06/2026-16:15:29] [I] Average on 1 runs - GPU latency: 5.05298 ms - Host latency: 5.18604 ms (enqueue 3.55542 ms)
[10/06/2026-16:15:29] [I] Average on 1 runs - GPU latency: 5.05151 ms - Host latency: 5.18579 ms (enqueue 3.82739 ms)
[10/06/2026-16:15:29] [I] Average on 1 runs - GPU latency: 5.04395 ms - Host latency: 5.17896 ms (enqueue 3.54956 ms)
[10/06/2026-16:15:29] [I] Average on 1 runs - GPU latency: 4.99829 ms - Host latency: 5.12305 ms (enqueue 3.59033 ms)
[10/06/2026-16:15:29] [I] Average on 1 runs - GPU latency: 5.05566 ms - Host latency: 5.19678 ms (enqueue 3.52856 ms)
[10/06/2026-16:15:29] [I] Average on 1 runs - GPU latency: 5.05249 ms - Host latency: 5.19556 ms (enqueue 3.83374 ms)
[10/06/2026-16:15:29] [I] Average on 1 runs - GPU latency: 5.07104 ms - Host latency: 5.19336 ms (enqueue 3.59961 ms)
[10/06/2026-16:15:29] [I] Average on 1 runs - GPU latency: 5.06348 ms - Host latency: 5.20068 ms (enqueue 3.58667 ms)
[10/06/2026-16:15:29] [I] Average on 1 runs - GPU latency: 5.05957 ms - Host latency: 5.19995 ms (enqueue 3.49341 ms)
[10/06/2026-16:15:29] [I] Average on 1 runs - GPU latency: 5.06494 ms - Host latency: 5.22168 ms (enqueue 3.78955 ms)
[10/06/2026-16:15:29] [I] Average on 1 runs - GPU latency: 5.05469 ms - Host latency: 5.18311 ms (enqueue 3.5874 ms)
[10/06/2026-16:15:29] [I] Average on 1 runs - GPU latency: 5.05493 ms - Host latency: 5.18408 ms (enqueue 3.59106 ms)
[10/06/2026-16:15:29] [I] Average on 1 runs - GPU latency: 5.05444 ms - Host latency: 5.19775 ms (enqueue 3.86133 ms)
[10/06/2026-16:15:29] [I] Average on 1 runs - GPU latency: 5.06274 ms - Host latency: 5.1936 ms (enqueue 3.60718 ms)
[10/06/2026-16:15:29] [I] Average on 1 runs - GPU latency: 5.05078 ms - Host latency: 5.17554 ms (enqueue 3.57104 ms)
[10/06/2026-16:15:29] [I] Average on 1 runs - GPU latency: 5.06128 ms - Host latency: 5.18457 ms (enqueue 3.61182 ms)
[10/06/2026-16:15:29] [I] Average on 1 runs - GPU latency: 5.05542 ms - Host latency: 5.17651 ms (enqueue 3.89453 ms)
[10/06/2026-16:15:29] [I] Average on 1 runs - GPU latency: 5.05688 ms - Host latency: 5.17847 ms (enqueue 3.57178 ms)
[10/06/2026-16:15:29] [I] Average on 1 runs - GPU latency: 5.05151 ms - Host latency: 5.18091 ms (enqueue 3.54468 ms)
[10/06/2026-16:15:29] [I] Average on 1 runs - GPU latency: 5.05737 ms - Host latency: 5.18359 ms (enqueue 3.5835 ms)
[10/06/2026-16:15:29] [I] Average on 1 runs - GPU latency: 5.06348 ms - Host latency: 5.20801 ms (enqueue 3.82227 ms)
[10/06/2026-16:15:29] [I] Average on 1 runs - GPU latency: 5.06104 ms - Host latency: 5.20703 ms (enqueue 3.64014 ms)
[10/06/2026-16:15:29] [I] Average on 1 runs - GPU latency: 5.05884 ms - Host latency: 5.18457 ms (enqueue 3.56128 ms)
[10/06/2026-16:15:29] [I] Average on 1 runs - GPU latency: 5.01709 ms - Host latency: 5.13867 ms (enqueue 3.54712 ms)
[10/06/2026-16:15:29] [I] Average on 1 runs - GPU latency: 5.05542 ms - Host latency: 5.23657 ms (enqueue 3.53931 ms)
[10/06/2026-16:15:29] [I] Average on 1 runs - GPU latency: 5.05737 ms - Host latency: 5.19019 ms (enqueue 3.58032 ms)
[10/06/2026-16:15:29] [I] Average on 1 runs - GPU latency: 5.05762 ms - Host latency: 5.20239 ms (enqueue 3.5979 ms)
[10/06/2026-16:15:29] [I] Average on 1 runs - GPU latency: 5.06055 ms - Host latency: 5.19507 ms (enqueue 3.79297 ms)
[10/06/2026-16:15:29] [I] Average on 1 runs - GPU latency: 5.05273 ms - Host latency: 5.18604 ms (enqueue 3.56592 ms)
[10/06/2026-16:15:29] [I] Average on 1 runs - GPU latency: 5.06421 ms - Host latency: 5.19336 ms (enqueue 3.56372 ms)
[10/06/2026-16:15:29] [I] Average on 1 runs - GPU latency: 5.05908 ms - Host latency: 5.19116 ms (enqueue 3.58984 ms)
[10/06/2026-16:15:29] [I] Average on 1 runs - GPU latency: 5.06152 ms - Host latency: 5.19507 ms (enqueue 3.84497 ms)
[10/06/2026-16:15:29] [I] Average on 1 runs - GPU latency: 5.03345 ms - Host latency: 5.17529 ms (enqueue 3.55713 ms)
[10/06/2026-16:15:29] [I] Average on 1 runs - GPU latency: 4.98975 ms - Host latency: 5.10474 ms (enqueue 3.54883 ms)
[10/06/2026-16:15:29] [I] Average on 1 runs - GPU latency: 5.05347 ms - Host latency: 5.16992 ms (enqueue 3.52026 ms)
[10/06/2026-16:15:29] [I] Average on 1 runs - GPU latency: 5.05981 ms - Host latency: 5.18066 ms (enqueue 3.80933 ms)
[10/06/2026-16:15:29] [I] Average on 1 runs - GPU latency: 5.0498 ms - Host latency: 5.19556 ms (enqueue 3.58276 ms)
[10/06/2026-16:15:29] [I] Average on 1 runs - GPU latency: 5.06519 ms - Host latency: 5.19629 ms (enqueue 3.54785 ms)
[10/06/2026-16:15:29] [I] Average on 1 runs - GPU latency: 5.05811 ms - Host latency: 5.19995 ms (enqueue 3.58228 ms)
[10/06/2026-16:15:29] [I] Average on 1 runs - GPU latency: 5.05786 ms - Host latency: 5.18799 ms (enqueue 3.80908 ms)
[10/06/2026-16:15:29] [I] Average on 1 runs - GPU latency: 5.05737 ms - Host latency: 5.18604 ms (enqueue 3.5957 ms)
[10/06/2026-16:15:29] [I] Average on 1 runs - GPU latency: 5.05566 ms - Host latency: 5.18286 ms (enqueue 3.58643 ms)
[10/06/2026-16:15:29] [I] Average on 1 runs - GPU latency: 5.02417 ms - Host latency: 5.16016 ms (enqueue 3.54663 ms)
[10/06/2026-16:15:29] [I] Average on 1 runs - GPU latency: 5.03198 ms - Host latency: 5.19482 ms (enqueue 3.77173 ms)
[10/06/2026-16:15:29] [I] Average on 1 runs - GPU latency: 5.05859 ms - Host latency: 5.19263 ms (enqueue 3.57349 ms)
[10/06/2026-16:15:29] [I] Average on 1 runs - GPU latency: 5.05298 ms - Host latency: 5.18652 ms (enqueue 3.54785 ms)
[10/06/2026-16:15:29] [I] Average on 1 runs - GPU latency: 5.05884 ms - Host latency: 5.20557 ms (enqueue 3.77759 ms)
[10/06/2026-16:15:29] [I] Average on 1 runs - GPU latency: 5.05688 ms - Host latency: 5.18555 ms (enqueue 3.52295 ms)
[10/06/2026-16:15:29] [I] Average on 1 runs - GPU latency: 5.052 ms - Host latency: 5.17676 ms (enqueue 3.5752 ms)
[10/06/2026-16:15:29] [I] Average on 1 runs - GPU latency: 5.06494 ms - Host latency: 5.20117 ms (enqueue 3.57104 ms)
[10/06/2026-16:15:29] [I] Average on 1 runs - GPU latency: 5.05615 ms - Host latency: 5.20166 ms (enqueue 3.8999 ms)
[10/06/2026-16:15:29] [I] Average on 1 runs - GPU latency: 5.05273 ms - Host latency: 5.19189 ms (enqueue 3.57593 ms)
[10/06/2026-16:15:29] [I] Average on 1 runs - GPU latency: 5.02295 ms - Host latency: 5.16455 ms (enqueue 3.52856 ms)
[10/06/2026-16:15:29] [I] Average on 1 runs - GPU latency: 5.05981 ms - Host latency: 5.20459 ms (enqueue 3.53711 ms)
[10/06/2026-16:15:29] [I] Average on 1 runs - GPU latency: 5.052 ms - Host latency: 5.19336 ms (enqueue 3.85229 ms)
[10/06/2026-16:15:29] [I] Average on 1 runs - GPU latency: 5.0564 ms - Host latency: 5.19873 ms (enqueue 3.58203 ms)
[10/06/2026-16:15:29] [I] Average on 1 runs - GPU latency: 5.04565 ms - Host latency: 5.18042 ms (enqueue 3.54102 ms)
[10/06/2026-16:15:29] [I] Average on 1 runs - GPU latency: 5.06152 ms - Host latency: 5.1958 ms (enqueue 3.53687 ms)
[10/06/2026-16:15:29] [I] Average on 1 runs - GPU latency: 5.05298 ms - Host latency: 5.20044 ms (enqueue 3.80981 ms)
[10/06/2026-16:15:29] [I] Average on 1 runs - GPU latency: 5.06372 ms - Host latency: 5.18774 ms (enqueue 3.59717 ms)
[10/06/2026-16:15:29] [I] Average on 1 runs - GPU latency: 5.0625 ms - Host latency: 5.20312 ms (enqueue 3.61108 ms)
[10/06/2026-16:15:29] [I] Average on 1 runs - GPU latency: 5.05664 ms - Host latency: 5.20459 ms (enqueue 3.49463 ms)
[10/06/2026-16:15:29] [I] Average on 1 runs - GPU latency: 5.01172 ms - Host latency: 5.1394 ms (enqueue 3.58301 ms)
[10/06/2026-16:15:29] [I] Average on 1 runs - GPU latency: 5.05298 ms - Host latency: 5.17773 ms (enqueue 3.56543 ms)
[10/06/2026-16:15:29] [I] Average on 1 runs - GPU latency: 5.05688 ms - Host latency: 5.18921 ms (enqueue 3.5498 ms)
[10/06/2026-16:15:29] [I] Average on 1 runs - GPU latency: 5.05859 ms - Host latency: 5.24243 ms (enqueue 3.84912 ms)
[10/06/2026-16:15:29] [I] Average on 1 runs - GPU latency: 5.06567 ms - Host latency: 5.20874 ms (enqueue 3.5769 ms)
[10/06/2026-16:15:29] [I] Average on 1 runs - GPU latency: 5.05566 ms - Host latency: 5.19385 ms (enqueue 3.53638 ms)
[10/06/2026-16:15:29] [I] Average on 1 runs - GPU latency: 5.05347 ms - Host latency: 5.17456 ms (enqueue 3.57349 ms)
[10/06/2026-16:15:29] [I] Average on 1 runs - GPU latency: 5.06055 ms - Host latency: 5.19873 ms (enqueue 3.85889 ms)
[10/06/2026-16:15:29] [I] Average on 1 runs - GPU latency: 5.05127 ms - Host latency: 5.18213 ms (enqueue 3.56885 ms)
[10/06/2026-16:15:29] [I] Average on 1 runs - GPU latency: 5.05835 ms - Host latency: 5.18579 ms (enqueue 3.60034 ms)
[10/06/2026-16:15:29] [I] Average on 1 runs - GPU latency: 5.03467 ms - Host latency: 5.1748 ms (enqueue 3.57739 ms)
[10/06/2026-16:15:29] [I] Average on 1 runs - GPU latency: 5.05908 ms - Host latency: 5.19824 ms (enqueue 3.76758 ms)
[10/06/2026-16:15:29] [I] Average on 1 runs - GPU latency: 5.05835 ms - Host latency: 5.19409 ms (enqueue 3.59204 ms)
[10/06/2026-16:15:29] [I] Average on 1 runs - GPU latency: 5.05859 ms - Host latency: 5.21387 ms (enqueue 3.54663 ms)
[10/06/2026-16:15:29] [I] Average on 1 runs - GPU latency: 5.06421 ms - Host latency: 5.19409 ms (enqueue 3.55762 ms)
[10/06/2026-16:15:29] [I] Average on 1 runs - GPU latency: 5.05615 ms - Host latency: 5.20337 ms (enqueue 3.79395 ms)
[10/06/2026-16:15:29] [I] Average on 1 runs - GPU latency: 5.05396 ms - Host latency: 5.18335 ms (enqueue 3.56543 ms)
[10/06/2026-16:15:29] [I] Average on 1 runs - GPU latency: 5.05884 ms - Host latency: 5.19189 ms (enqueue 3.5625 ms)
[10/06/2026-16:15:29] [I] Average on 1 runs - GPU latency: 5.0603 ms - Host latency: 5.19629 ms (enqueue 3.77417 ms)
[10/06/2026-16:15:29] [I] Average on 1 runs - GPU latency: 5.07129 ms - Host latency: 5.21265 ms (enqueue 3.57275 ms)
[10/06/2026-16:15:29] [I] Average on 1 runs - GPU latency: 5.03076 ms - Host latency: 5.18262 ms (enqueue 3.60376 ms)
[10/06/2026-16:15:29] [I] Average on 1 runs - GPU latency: 5.05396 ms - Host latency: 5.19238 ms (enqueue 3.50586 ms)
[10/06/2026-16:15:29] [I] Average on 1 runs - GPU latency: 5.05396 ms - Host latency: 5.19287 ms (enqueue 3.89233 ms)
[10/06/2026-16:15:29] [I] Average on 1 runs - GPU latency: 5.05835 ms - Host latency: 5.18994 ms (enqueue 3.55273 ms)
[10/06/2026-16:15:29] [I] Average on 1 runs - GPU latency: 5.0603 ms - Host latency: 5.19727 ms (enqueue 3.54346 ms)
[10/06/2026-16:15:29] [I] Average on 1 runs - GPU latency: 5.06787 ms - Host latency: 5.19873 ms (enqueue 3.52905 ms)
[10/06/2026-16:15:29] [I] Average on 1 runs - GPU latency: 5.0603 ms - Host latency: 5.20361 ms (enqueue 3.80566 ms)
[10/06/2026-16:15:29] [I] Average on 1 runs - GPU latency: 5.05688 ms - Host latency: 5.18433 ms (enqueue 3.61597 ms)
[10/06/2026-16:15:29] [I] Average on 1 runs - GPU latency: 5.07007 ms - Host latency: 5.20996 ms (enqueue 3.5603 ms)
[10/06/2026-16:15:29] [I] Average on 1 runs - GPU latency: 5.06299 ms - Host latency: 5.21899 ms (enqueue 3.56738 ms)
[10/06/2026-16:15:29] [I] Average on 1 runs - GPU latency: 5.02661 ms - Host latency: 5.18213 ms (enqueue 3.77246 ms)
[10/06/2026-16:15:29] [I] Average on 1 runs - GPU latency: 5.05469 ms - Host latency: 5.19214 ms (enqueue 3.55566 ms)
[10/06/2026-16:15:29] [I] Average on 1 runs - GPU latency: 5.05859 ms - Host latency: 5.19067 ms (enqueue 3.57056 ms)
[10/06/2026-16:15:29] [I] Average on 1 runs - GPU latency: 5.06079 ms - Host latency: 5.2251 ms (enqueue 3.49048 ms)
[10/06/2026-16:15:29] [I] Average on 1 runs - GPU latency: 5.05591 ms - Host latency: 5.19507 ms (enqueue 3.80322 ms)
[10/06/2026-16:15:29] [I] Average on 1 runs - GPU latency: 5.06226 ms - Host latency: 5.19067 ms (enqueue 3.57788 ms)
[10/06/2026-16:15:29] [I] Average on 1 runs - GPU latency: 5.05322 ms - Host latency: 5.1958 ms (enqueue 3.57251 ms)
[10/06/2026-16:15:29] [I] Average on 1 runs - GPU latency: 5.05762 ms - Host latency: 5.19971 ms (enqueue 3.82666 ms)
[10/06/2026-16:15:29] [I] Average on 1 runs - GPU latency: 5.05151 ms - Host latency: 5.17725 ms (enqueue 3.6001 ms)
[10/06/2026-16:15:29] [I] Average on 1 runs - GPU latency: 5.0625 ms - Host latency: 5.19092 ms (enqueue 3.55884 ms)
[10/06/2026-16:15:29] [I] Average on 1 runs - GPU latency: 5.00732 ms - Host latency: 5.15063 ms (enqueue 3.53296 ms)
[10/06/2026-16:15:29] [I] Average on 1 runs - GPU latency: 5.05518 ms - Host latency: 5.18335 ms (enqueue 3.73096 ms)
[10/06/2026-16:15:29] [I] Average on 1 runs - GPU latency: 5.05957 ms - Host latency: 5.19678 ms (enqueue 3.6167 ms)
[10/06/2026-16:15:29] [I] Average on 1 runs - GPU latency: 5.00269 ms - Host latency: 5.14307 ms (enqueue 3.59424 ms)
[10/06/2026-16:15:29] [I] Average on 1 runs - GPU latency: 5.05493 ms - Host latency: 5.21484 ms (enqueue 3.5415 ms)
[10/06/2026-16:15:29] [I] Average on 1 runs - GPU latency: 5.05151 ms - Host latency: 5.18994 ms (enqueue 3.8623 ms)
[10/06/2026-16:15:29] [I] Average on 1 runs - GPU latency: 5.05518 ms - Host latency: 5.18018 ms (enqueue 3.60327 ms)
[10/06/2026-16:15:29] [I] Average on 1 runs - GPU latency: 5.05615 ms - Host latency: 5.17798 ms (enqueue 3.6167 ms)
[10/06/2026-16:15:29] [I] Average on 1 runs - GPU latency: 5.06323 ms - Host latency: 5.17871 ms (enqueue 3.53223 ms)
[10/06/2026-16:15:29] [I] Average on 1 runs - GPU latency: 5.04883 ms - Host latency: 5.18237 ms (enqueue 3.54712 ms)
[10/06/2026-16:15:29] [I] Average on 1 runs - GPU latency: 5.00366 ms - Host latency: 5.12646 ms (enqueue 3.57178 ms)
[10/06/2026-16:15:29] [I] Average on 1 runs - GPU latency: 5.04736 ms - Host latency: 5.19629 ms (enqueue 3.55762 ms)
[10/06/2026-16:15:29] [I] Average on 1 runs - GPU latency: 5.06055 ms - Host latency: 5.19165 ms (enqueue 3.53296 ms)
[10/06/2026-16:15:29] [I] ... Omitting 2568 lines
[10/06/2026-16:15:29] [I] Average on 1 runs - GPU latency: 5.07031 ms - Host latency: 5.21289 ms (enqueue 3.54102 ms)
[10/06/2026-16:15:29] [I] Average on 1 runs - GPU latency: 5.05664 ms - Host latency: 5.20312 ms (enqueue 3.80273 ms)
[10/06/2026-16:15:29] [I] Average on 1 runs - GPU latency: 5.06836 ms - Host latency: 5.21484 ms (enqueue 3.57031 ms)
[10/06/2026-16:15:29] [I] Average on 1 runs - GPU latency: 5.07031 ms - Host latency: 5.21094 ms (enqueue 3.62305 ms)
[10/06/2026-16:15:29] [I] Average on 1 runs - GPU latency: 5.03516 ms - Host latency: 5.20508 ms (enqueue 3.49805 ms)
[10/06/2026-16:15:29] [I] Average on 1 runs - GPU latency: 5.03906 ms - Host latency: 5.17578 ms (enqueue 3.53906 ms)
[10/06/2026-16:15:29] [I] Average on 1 runs - GPU latency: 5.06055 ms - Host latency: 5.18945 ms (enqueue 3.55078 ms)
[10/06/2026-16:15:29] [I] Average on 1 runs - GPU latency: 5.06641 ms - Host latency: 5.20117 ms (enqueue 3.64258 ms)
[10/06/2026-16:15:29] [I] Average on 1 runs - GPU latency: 5.05664 ms - Host latency: 5.19922 ms (enqueue 3.85938 ms)
[10/06/2026-16:15:29] [I] Average on 1 runs - GPU latency: 5.0625 ms - Host latency: 5.19922 ms (enqueue 3.56055 ms)
[10/06/2026-16:15:29] [I] Average on 1 runs - GPU latency: 5.06641 ms - Host latency: 5.20508 ms (enqueue 3.5918 ms)
[10/06/2026-16:15:29] [I] Average on 1 runs - GPU latency: 5.07422 ms - Host latency: 5.2207 ms (enqueue 3.56641 ms)
[10/06/2026-16:15:29] [I] Average on 1 runs - GPU latency: 5.05859 ms - Host latency: 5.20703 ms (enqueue 3.875 ms)
[10/06/2026-16:15:29] [I] Average on 1 runs - GPU latency: 5.05859 ms - Host latency: 5.20312 ms (enqueue 3.59766 ms)
[10/06/2026-16:15:29] [I] Average on 1 runs - GPU latency: 5.03125 ms - Host latency: 5.17578 ms (enqueue 3.5625 ms)
[10/06/2026-16:15:29] [I] Average on 1 runs - GPU latency: 5.05859 ms - Host latency: 5.19727 ms (enqueue 3.56055 ms)
[10/06/2026-16:15:29] [I] Average on 1 runs - GPU latency: 5.06055 ms - Host latency: 5.21289 ms (enqueue 3.8457 ms)
[10/06/2026-16:15:29] [I] Average on 1 runs - GPU latency: 5.05273 ms - Host latency: 5.19336 ms (enqueue 3.62109 ms)
[10/06/2026-16:15:29] [I] Average on 1 runs - GPU latency: 5.06641 ms - Host latency: 5.24219 ms (enqueue 3.5625 ms)
[10/06/2026-16:15:29] [I] Average on 1 runs - GPU latency: 5.06641 ms - Host latency: 5.22852 ms (enqueue 3.57812 ms)
[10/06/2026-16:15:29] [I] Average on 1 runs - GPU latency: 5.05859 ms - Host latency: 5.19727 ms (enqueue 3.57227 ms)
[10/06/2026-16:15:29] [I] Average on 1 runs - GPU latency: 5.0625 ms - Host latency: 5.20117 ms (enqueue 3.57227 ms)
[10/06/2026-16:15:29] [I] Average on 1 runs - GPU latency: 5.05664 ms - Host latency: 5.18945 ms (enqueue 3.56836 ms)
[10/06/2026-16:15:29] [I] Average on 1 runs - GPU latency: 5.06055 ms - Host latency: 5.20312 ms (enqueue 3.78516 ms)
[10/06/2026-16:15:29] [I] Average on 1 runs - GPU latency: 5.00781 ms - Host latency: 5.15234 ms (enqueue 3.58008 ms)
[10/06/2026-16:15:29] [I] Average on 1 runs - GPU latency: 5.05078 ms - Host latency: 5.19141 ms (enqueue 3.5918 ms)
[10/06/2026-16:15:29] [I] Average on 1 runs - GPU latency: 5.05469 ms - Host latency: 5.18945 ms (enqueue 3.52344 ms)
[10/06/2026-16:15:29] [I] Average on 1 runs - GPU latency: 5.05664 ms - Host latency: 5.18359 ms (enqueue 3.87305 ms)
[10/06/2026-16:15:29] [I] Average on 1 runs - GPU latency: 5.06445 ms - Host latency: 5.19922 ms (enqueue 3.57031 ms)
[10/06/2026-16:15:29] [I] Average on 1 runs - GPU latency: 5.05664 ms - Host latency: 5.20508 ms (enqueue 3.57227 ms)
[10/06/2026-16:15:29] [I] Average on 1 runs - GPU latency: 5.0625 ms - Host latency: 5.19531 ms (enqueue 3.53125 ms)
[10/06/2026-16:15:29] [I] Average on 1 runs - GPU latency: 5.0625 ms - Host latency: 5.20117 ms (enqueue 3.79883 ms)
[10/06/2026-16:15:29] [I] Average on 1 runs - GPU latency: 5.05859 ms - Host latency: 5.20898 ms (enqueue 3.61133 ms)
[10/06/2026-16:15:29] [I] Average on 1 runs - GPU latency: 5.05664 ms - Host latency: 5.19336 ms (enqueue 3.60547 ms)
[10/06/2026-16:15:29] [I] Average on 1 runs - GPU latency: 5.02539 ms - Host latency: 5.16016 ms (enqueue 3.53906 ms)
[10/06/2026-16:15:29] [I] Average on 1 runs - GPU latency: 5.04883 ms - Host latency: 5.19336 ms (enqueue 3.74609 ms)
[10/06/2026-16:15:29] [I] Average on 1 runs - GPU latency: 5.06445 ms - Host latency: 5.19336 ms (enqueue 3.60156 ms)
[10/06/2026-16:15:29] [I] Average on 1 runs - GPU latency: 5.06445 ms - Host latency: 5.2207 ms (enqueue 3.61328 ms)
[10/06/2026-16:15:29] [I] Average on 1 runs - GPU latency: 5.05859 ms - Host latency: 5.27539 ms (enqueue 3.51172 ms)
[10/06/2026-16:15:29] [I] Average on 1 runs - GPU latency: 5.04688 ms - Host latency: 5.17578 ms (enqueue 3.55078 ms)
[10/06/2026-16:15:29] [I] Average on 1 runs - GPU latency: 5.05469 ms - Host latency: 5.17578 ms (enqueue 3.60742 ms)
[10/06/2026-16:15:29] [I] Average on 1 runs - GPU latency: 5.05859 ms - Host latency: 5.1875 ms (enqueue 3.54492 ms)
[10/06/2026-16:15:29] [I] Average on 1 runs - GPU latency: 5.06055 ms - Host latency: 5.18945 ms (enqueue 3.83398 ms)
[10/06/2026-16:15:29] [I] Average on 1 runs - GPU latency: 5.05078 ms - Host latency: 5.18555 ms (enqueue 3.56055 ms)
[10/06/2026-16:15:29] [I] Average on 1 runs - GPU latency: 4.99414 ms - Host latency: 5.125 ms (enqueue 3.54297 ms)
[10/06/2026-16:15:29] [I] Average on 1 runs - GPU latency: 5.05664 ms - Host latency: 5.18945 ms (enqueue 3.56055 ms)
[10/06/2026-16:15:29] [I] Average on 1 runs - GPU latency: 5.05859 ms - Host latency: 5.19141 ms (enqueue 3.49023 ms)
[10/06/2026-16:15:29] [I] Average on 1 runs - GPU latency: 5.05469 ms - Host latency: 5.18555 ms (enqueue 3.61719 ms)
[10/06/2026-16:15:29] [I] Average on 1 runs - GPU latency: 5.06836 ms - Host latency: 5.20898 ms (enqueue 3.55664 ms)
[10/06/2026-16:15:29] [I] Average on 1 runs - GPU latency: 5.0625 ms - Host latency: 5.20312 ms (enqueue 3.61719 ms)
[10/06/2026-16:15:29] [I] Average on 1 runs - GPU latency: 5.05664 ms - Host latency: 5.20312 ms (enqueue 3.88086 ms)
[10/06/2026-16:15:29] [I] Average on 1 runs - GPU latency: 5.06055 ms - Host latency: 5.20508 ms (enqueue 3.64258 ms)
[10/06/2026-16:15:29] [I] Average on 1 runs - GPU latency: 5.05469 ms - Host latency: 5.20898 ms (enqueue 3.58398 ms)
[10/06/2026-16:15:29] [I] Average on 1 runs - GPU latency: 5.05469 ms - Host latency: 5.17773 ms (enqueue 3.56641 ms)
[10/06/2026-16:15:29] [I] Average on 1 runs - GPU latency: 5.03125 ms - Host latency: 5.17188 ms (enqueue 3.56836 ms)
[10/06/2026-16:15:29] [I] Average on 1 runs - GPU latency: 5.05469 ms - Host latency: 5.19727 ms (enqueue 3.55273 ms)
[10/06/2026-16:15:29] [I] Average on 1 runs - GPU latency: 5.0625 ms - Host latency: 5.19336 ms (enqueue 3.58203 ms)
[10/06/2026-16:15:29] [I] Average on 1 runs - GPU latency: 5.06055 ms - Host latency: 5.20117 ms (enqueue 3.77344 ms)
[10/06/2026-16:15:29] [I] Average on 1 runs - GPU latency: 5.04883 ms - Host latency: 5.17773 ms (enqueue 3.56055 ms)
[10/06/2026-16:15:29] [I] Average on 1 runs - GPU latency: 5.06641 ms - Host latency: 5.20117 ms (enqueue 3.55469 ms)
[10/06/2026-16:15:29] [I] Average on 1 runs - GPU latency: 5.05078 ms - Host latency: 5.19141 ms (enqueue 3.57617 ms)
[10/06/2026-16:15:29] [I] Average on 1 runs - GPU latency: 5.0625 ms - Host latency: 5.1875 ms (enqueue 3.48633 ms)
[10/06/2026-16:15:29] [I] Average on 1 runs - GPU latency: 5.05469 ms - Host latency: 5.21289 ms (enqueue 3.52539 ms)
[10/06/2026-16:15:29] [I] Average on 1 runs - GPU latency: 5.06055 ms - Host latency: 5.19922 ms (enqueue 3.49023 ms)
[10/06/2026-16:15:29] [I] Average on 1 runs - GPU latency: 5.01562 ms - Host latency: 5.16406 ms (enqueue 3.49805 ms)
[10/06/2026-16:15:29] [I] Average on 1 runs - GPU latency: 5.05859 ms - Host latency: 5.19922 ms (enqueue 3.75 ms)
[10/06/2026-16:15:29] [I] Average on 1 runs - GPU latency: 5.0625 ms - Host latency: 5.20703 ms (enqueue 3.60742 ms)
[10/06/2026-16:15:29] [I] Average on 1 runs - GPU latency: 5.04883 ms - Host latency: 5.19336 ms (enqueue 3.55078 ms)
[10/06/2026-16:15:29] [I] Average on 1 runs - GPU latency: 5.07031 ms - Host latency: 5.20117 ms (enqueue 3.54688 ms)
[10/06/2026-16:15:29] [I] Average on 1 runs - GPU latency: 5.05273 ms - Host latency: 5.19922 ms (enqueue 3.85156 ms)
[10/06/2026-16:15:29] [I] Average on 1 runs - GPU latency: 5.05273 ms - Host latency: 5.18164 ms (enqueue 3.54688 ms)
[10/06/2026-16:15:29] [I] Average on 1 runs - GPU latency: 5.05469 ms - Host latency: 5.17969 ms (enqueue 3.57422 ms)
[10/06/2026-16:15:29] [I] Average on 1 runs - GPU latency: 5.05859 ms - Host latency: 5.19531 ms (enqueue 3.5293 ms)
[10/06/2026-16:15:29] [I] Average on 1 runs - GPU latency: 5.04492 ms - Host latency: 5.17188 ms (enqueue 3.80664 ms)
[10/06/2026-16:15:29] [I] Average on 1 runs - GPU latency: 5.03516 ms - Host latency: 5.18359 ms (enqueue 3.5625 ms)
[10/06/2026-16:15:29] [I] Average on 1 runs - GPU latency: 5.00586 ms - Host latency: 5.14648 ms (enqueue 3.53711 ms)
[10/06/2026-16:15:29] [I] Average on 1 runs - GPU latency: 5.05273 ms - Host latency: 5.20508 ms (enqueue 3.76172 ms)
[10/06/2026-16:15:29] [I] Average on 1 runs - GPU latency: 5.05859 ms - Host latency: 5.1875 ms (enqueue 3.57812 ms)
[10/06/2026-16:15:29] [I] Average on 1 runs - GPU latency: 5.06055 ms - Host latency: 5.19727 ms (enqueue 3.5293 ms)
[10/06/2026-16:15:29] [I] Average on 1 runs - GPU latency: 5.0625 ms - Host latency: 5.19727 ms (enqueue 3.53125 ms)
[10/06/2026-16:15:29] [I] Average on 1 runs - GPU latency: 5.05664 ms - Host latency: 5.18359 ms (enqueue 3.85156 ms)
[10/06/2026-16:15:29] [I] Average on 1 runs - GPU latency: 5.05859 ms - Host latency: 5.19531 ms (enqueue 3.57617 ms)
[10/06/2026-16:15:29] [I] Average on 1 runs - GPU latency: 5.06445 ms - Host latency: 5.19531 ms (enqueue 3.60547 ms)
[10/06/2026-16:15:29] [I] Average on 1 runs - GPU latency: 5.07031 ms - Host latency: 5.20117 ms (enqueue 3.57031 ms)
[10/06/2026-16:15:29] [I] Average on 1 runs - GPU latency: 5.06445 ms - Host latency: 5.21094 ms (enqueue 3.82031 ms)
[10/06/2026-16:15:29] [I] Average on 1 runs - GPU latency: 5.05469 ms - Host latency: 5.20312 ms (enqueue 3.64062 ms)
[10/06/2026-16:15:29] [I] Average on 1 runs - GPU latency: 5.05469 ms - Host latency: 5.19531 ms (enqueue 3.5957 ms)
[10/06/2026-16:15:29] [I] Average on 1 runs - GPU latency: 5.06055 ms - Host latency: 5.18359 ms (enqueue 3.55664 ms)
[10/06/2026-16:15:29] [I] Average on 1 runs - GPU latency: 5.0625 ms - Host latency: 5.20117 ms (enqueue 3.7793 ms)
[10/06/2026-16:15:29] [I] Average on 1 runs - GPU latency: 5.05859 ms - Host latency: 5.19531 ms (enqueue 3.58398 ms)
[10/06/2026-16:15:29] [I] Average on 1 runs - GPU latency: 5.06445 ms - Host latency: 5.2207 ms (enqueue 3.58203 ms)
[10/06/2026-16:15:29] [I] Average on 1 runs - GPU latency: 5.06445 ms - Host latency: 5.20898 ms (enqueue 3.48633 ms)
[10/06/2026-16:15:29] [I] Average on 1 runs - GPU latency: 5.05664 ms - Host latency: 5.18945 ms (enqueue 3.75391 ms)
[10/06/2026-16:15:29] [I] Average on 1 runs - GPU latency: 5.02539 ms - Host latency: 5.16797 ms (enqueue 3.5957 ms)
[10/06/2026-16:15:29] [I] Average on 1 runs - GPU latency: 5.05859 ms - Host latency: 5.19141 ms (enqueue 3.53516 ms)
[10/06/2026-16:15:29] [I] Average on 1 runs - GPU latency: 5.0625 ms - Host latency: 5.20508 ms (enqueue 3.46875 ms)
[10/06/2026-16:15:29] [I] Average on 1 runs - GPU latency: 5.06445 ms - Host latency: 5.19141 ms (enqueue 3.54492 ms)
[10/06/2026-16:15:29] [I] Average on 1 runs - GPU latency: 5.05469 ms - Host latency: 5.19336 ms (enqueue 3.53516 ms)
[10/06/2026-16:15:29] [I] Average on 1 runs - GPU latency: 5.0625 ms - Host latency: 5.18359 ms (enqueue 3.51172 ms)
[10/06/2026-16:15:29] [I] Average on 1 runs - GPU latency: 5.05469 ms - Host latency: 5.18555 ms (enqueue 3.83594 ms)
[10/06/2026-16:15:29] [I] Average on 1 runs - GPU latency: 5.05469 ms - Host latency: 5.18555 ms (enqueue 3.56445 ms)
[10/06/2026-16:15:29] [I] Average on 1 runs - GPU latency: 5.05273 ms - Host latency: 5.18164 ms (enqueue 3.54102 ms)
[10/06/2026-16:15:29] [I] Average on 1 runs - GPU latency: 5.05273 ms - Host latency: 5.16992 ms (enqueue 3.63281 ms)
[10/06/2026-16:15:29] [I] Average on 1 runs - GPU latency: 5.0293 ms - Host latency: 5.16602 ms (enqueue 3.82422 ms)
[10/06/2026-16:15:29] [I] Average on 1 runs - GPU latency: 5.03906 ms - Host latency: 5.16992 ms (enqueue 3.59961 ms)
[10/06/2026-16:15:29] [I] Average on 1 runs - GPU latency: 5.0625 ms - Host latency: 5.18359 ms (enqueue 3.59375 ms)
[10/06/2026-16:15:29] [I] Average on 1 runs - GPU latency: 5.0625 ms - Host latency: 5.18555 ms (enqueue 3.56641 ms)
[10/06/2026-16:15:29] [I] Average on 1 runs - GPU latency: 5.05664 ms - Host latency: 5.20898 ms (enqueue 3.84766 ms)
[10/06/2026-16:15:29] [I] Average on 1 runs - GPU latency: 5.05859 ms - Host latency: 5.17578 ms (enqueue 3.55859 ms)
[10/06/2026-16:15:29] [I] Average on 1 runs - GPU latency: 5.06055 ms - Host latency: 5.19141 ms (enqueue 3.56836 ms)
[10/06/2026-16:15:29] [I] Average on 1 runs - GPU latency: 5.04492 ms - Host latency: 5.18945 ms (enqueue 3.78906 ms)
[10/06/2026-16:15:29] [I] Average on 1 runs - GPU latency: 5.0625 ms - Host latency: 5.19531 ms (enqueue 3.57422 ms)
[10/06/2026-16:15:29] [I] Average on 1 runs - GPU latency: 5.06445 ms - Host latency: 5.20703 ms (enqueue 3.55859 ms)
[10/06/2026-16:15:29] [I] Average on 1 runs - GPU latency: 5.02539 ms - Host latency: 5.16406 ms (enqueue 3.58008 ms)
[10/06/2026-16:15:29] [I] Average on 1 runs - GPU latency: 5.04102 ms - Host latency: 5.17969 ms (enqueue 3.82812 ms)
[10/06/2026-16:15:29] [I] Average on 1 runs - GPU latency: 5.05859 ms - Host latency: 5.18359 ms (enqueue 3.62891 ms)
[10/06/2026-16:15:29] [I] Average on 1 runs - GPU latency: 5.05469 ms - Host latency: 5.19336 ms (enqueue 3.53516 ms)
[10/06/2026-16:15:29] [I] Average on 1 runs - GPU latency: 5.0625 ms - Host latency: 5.19727 ms (enqueue 3.51172 ms)
[10/06/2026-16:15:29] [I] Average on 1 runs - GPU latency: 5.06836 ms - Host latency: 5.21875 ms (enqueue 3.82227 ms)
[10/06/2026-16:15:29] [I] Average on 1 runs - GPU latency: 5.0625 ms - Host latency: 5.20117 ms (enqueue 3.62109 ms)
[10/06/2026-16:15:29] [I] Average on 1 runs - GPU latency: 5.05859 ms - Host latency: 5.19336 ms (enqueue 3.57617 ms)
[10/06/2026-16:15:29] [I] Average on 1 runs - GPU latency: 5.0625 ms - Host latency: 5.20312 ms (enqueue 3.51953 ms)
[10/06/2026-16:15:29] [I] Average on 1 runs - GPU latency: 5.06445 ms - Host latency: 5.20117 ms (enqueue 3.78711 ms)
[10/06/2026-16:15:29] [I] Average on 1 runs - GPU latency: 5.02734 ms - Host latency: 5.17188 ms (enqueue 3.57812 ms)
[10/06/2026-16:15:29] [I] Average on 1 runs - GPU latency: 5.07227 ms - Host latency: 5.23438 ms (enqueue 3.53711 ms)
[10/06/2026-16:15:29] [I] Average on 1 runs - GPU latency: 5.05078 ms - Host latency: 5.20898 ms (enqueue 3.42578 ms)
[10/06/2026-16:15:29] [I] Average on 1 runs - GPU latency: 5.05664 ms - Host latency: 5.19922 ms (enqueue 3.79688 ms)
[10/06/2026-16:15:29] [I] Average on 1 runs - GPU latency: 5.06641 ms - Host latency: 5.21289 ms (enqueue 3.5293 ms)
[10/06/2026-16:15:29] [I] Average on 1 runs - GPU latency: 5.05859 ms - Host latency: 5.20898 ms (enqueue 3.52344 ms)
[10/06/2026-16:15:29] [I] Average on 1 runs - GPU latency: 5.06055 ms - Host latency: 5.19922 ms (enqueue 3.86133 ms)
[10/06/2026-16:15:29] [I] Average on 1 runs - GPU latency: 5.05859 ms - Host latency: 5.19531 ms (enqueue 3.55273 ms)
[10/06/2026-16:15:29] [I] Average on 1 runs - GPU latency: 5.05859 ms - Host latency: 5.18555 ms (enqueue 3.57617 ms)
[10/06/2026-16:15:29] [I] Average on 1 runs - GPU latency: 5.07227 ms - Host latency: 5.21094 ms (enqueue 3.53906 ms)
[10/06/2026-16:15:29] [I] Average on 1 runs - GPU latency: 5.00391 ms - Host latency: 5.13867 ms (enqueue 3.83984 ms)
[10/06/2026-16:15:29] [I] Average on 1 runs - GPU latency: 5.06445 ms - Host latency: 5.20703 ms (enqueue 3.56836 ms)
[10/06/2026-16:15:29] [I] Average on 1 runs - GPU latency: 5.06055 ms - Host latency: 5.19727 ms (enqueue 3.54492 ms)
[10/06/2026-16:15:29] [I] Average on 1 runs - GPU latency: 5.06641 ms - Host latency: 5.20703 ms (enqueue 3.56836 ms)
[10/06/2026-16:15:29] [I] Average on 1 runs - GPU latency: 5.05859 ms - Host latency: 5.20117 ms (enqueue 3.84375 ms)
[10/06/2026-16:15:29] [I] Average on 1 runs - GPU latency: 5.06836 ms - Host latency: 5.20898 ms (enqueue 3.59961 ms)
[10/06/2026-16:15:29] [I] Average on 1 runs - GPU latency: 5.07031 ms - Host latency: 5.21875 ms (enqueue 3.56641 ms)
[10/06/2026-16:15:29] [I] Average on 1 runs - GPU latency: 5.05469 ms - Host latency: 5.20117 ms (enqueue 3.55469 ms)
[10/06/2026-16:15:29] [I] Average on 1 runs - GPU latency: 5.05664 ms - Host latency: 5.1875 ms (enqueue 3.80273 ms)
[10/06/2026-16:15:29] [I] Average on 1 runs - GPU latency: 5.06641 ms - Host latency: 5.19531 ms (enqueue 3.52148 ms)
[10/06/2026-16:15:29] [I] Average on 1 runs - GPU latency: 5.01367 ms - Host latency: 5.16016 ms (enqueue 3.59375 ms)
[10/06/2026-16:15:29] [I] Average on 1 runs - GPU latency: 5.05859 ms - Host latency: 5.21484 ms (enqueue 3.75977 ms)
[10/06/2026-16:15:29] [I] Average on 1 runs - GPU latency: 5.05273 ms - Host latency: 5.18164 ms (enqueue 3.58789 ms)
[10/06/2026-16:15:29] [I] Average on 1 runs - GPU latency: 5.0625 ms - Host latency: 5.18945 ms (enqueue 3.55469 ms)
[10/06/2026-16:15:29] [I] Average on 1 runs - GPU latency: 5.0625 ms - Host latency: 5.19727 ms (enqueue 3.57422 ms)
[10/06/2026-16:15:29] [I] Average on 1 runs - GPU latency: 5.06445 ms - Host latency: 5.20898 ms (enqueue 3.50391 ms)
[10/06/2026-16:15:29] [I] Average on 1 runs - GPU latency: 5.06055 ms - Host latency: 5.20312 ms (enqueue 3.59961 ms)
[10/06/2026-16:15:29] [I] Average on 1 runs - GPU latency: 5.06445 ms - Host latency: 5.20312 ms (enqueue 3.56445 ms)
[10/06/2026-16:15:29] [I] Average on 1 runs - GPU latency: 5.05859 ms - Host latency: 5.20703 ms (enqueue 3.60547 ms)
[10/06/2026-16:15:29] [I] Average on 1 runs - GPU latency: 5.07812 ms - Host latency: 5.21289 ms (enqueue 3.79883 ms)
[10/06/2026-16:15:29] [I] Average on 1 runs - GPU latency: 5.02539 ms - Host latency: 5.16797 ms (enqueue 3.60742 ms)
[10/06/2026-16:15:29] [I] Average on 1 runs - GPU latency: 5.05859 ms - Host latency: 5.20117 ms (enqueue 3.54297 ms)
[10/06/2026-16:15:29] [I] Average on 1 runs - GPU latency: 5.05469 ms - Host latency: 5.1875 ms (enqueue 3.57031 ms)
[10/06/2026-16:15:29] [I] Average on 1 runs - GPU latency: 5.06055 ms - Host latency: 5.19531 ms (enqueue 3.79297 ms)
[10/06/2026-16:15:29] [I] Average on 1 runs - GPU latency: 5.05078 ms - Host latency: 5.17969 ms (enqueue 3.58008 ms)
[10/06/2026-16:15:29] [I] Average on 1 runs - GPU latency: 5.05859 ms - Host latency: 5.17969 ms (enqueue 3.61914 ms)
[10/06/2026-16:15:29] [I] Average on 1 runs - GPU latency: 5.05859 ms - Host latency: 5.20703 ms (enqueue 3.49805 ms)
[10/06/2026-16:15:29] [I] Average on 1 runs - GPU latency: 5.04688 ms - Host latency: 5.18945 ms (enqueue 3.58594 ms)
[10/06/2026-16:15:29] [I] Average on 1 runs - GPU latency: 5.04883 ms - Host latency: 5.19336 ms (enqueue 3.58203 ms)
[10/06/2026-16:15:29] [I] Average on 1 runs - GPU latency: 5.06055 ms - Host latency: 5.18945 ms (enqueue 3.52734 ms)
[10/06/2026-16:15:29] [I] Average on 1 runs - GPU latency: 5.07031 ms - Host latency: 5.21289 ms (enqueue 3.92383 ms)
[10/06/2026-16:15:29] [I] Average on 1 runs - GPU latency: 5.06055 ms - Host latency: 5.19727 ms (enqueue 3.58594 ms)
[10/06/2026-16:15:29] [I] Average on 1 runs - GPU latency: 5.05664 ms - Host latency: 5.1875 ms (enqueue 3.58398 ms)
[10/06/2026-16:15:29] [I] Average on 1 runs - GPU latency: 5.0625 ms - Host latency: 5.19531 ms (enqueue 3.56641 ms)
[10/06/2026-16:15:29] [I] Average on 1 runs - GPU latency: 5.06055 ms - Host latency: 5.19141 ms (enqueue 3.82617 ms)
[10/06/2026-16:15:29] [I] Average on 1 runs - GPU latency: 5.05859 ms - Host latency: 5.17969 ms (enqueue 3.59766 ms)
[10/06/2026-16:15:29] [I] Average on 1 runs - GPU latency: 5.06055 ms - Host latency: 5.19336 ms (enqueue 3.56445 ms)
[10/06/2026-16:15:29] [I] Average on 1 runs - GPU latency: 5.05664 ms - Host latency: 5.20508 ms (enqueue 3.55859 ms)
[10/06/2026-16:15:29] [I] Average on 1 runs - GPU latency: 5.06445 ms - Host latency: 5.20117 ms (enqueue 3.80469 ms)
[10/06/2026-16:15:29] [I] Average on 1 runs - GPU latency: 5.04492 ms - Host latency: 5.18359 ms (enqueue 3.55469 ms)
[10/06/2026-16:15:29] [I] Average on 1 runs - GPU latency: 4.99805 ms - Host latency: 5.13086 ms (enqueue 3.58008 ms)
[10/06/2026-16:15:29] [I] Average on 1 runs - GPU latency: 5.05469 ms - Host latency: 5.19531 ms (enqueue 3.50195 ms)
[10/06/2026-16:15:29] [I] Average on 1 runs - GPU latency: 5.05664 ms - Host latency: 5.19141 ms (enqueue 3.79688 ms)
[10/06/2026-16:15:29] [I] Average on 1 runs - GPU latency: 5.0625 ms - Host latency: 5.20508 ms (enqueue 3.54883 ms)
[10/06/2026-16:15:29] [I] Average on 1 runs - GPU latency: 5.0625 ms - Host latency: 5.20508 ms (enqueue 3.62695 ms)
[10/06/2026-16:15:29] [I] Average on 1 runs - GPU latency: 5.05078 ms - Host latency: 5.19531 ms (enqueue 3.79492 ms)
[10/06/2026-16:15:29] [I] Average on 1 runs - GPU latency: 5.06836 ms - Host latency: 5.19141 ms (enqueue 3.54297 ms)
[10/06/2026-16:15:29] [I] Average on 1 runs - GPU latency: 5.05664 ms - Host latency: 5.20312 ms (enqueue 3.55273 ms)
[10/06/2026-16:15:29] [I] Average on 1 runs - GPU latency: 5.0625 ms - Host latency: 5.20117 ms (enqueue 3.56641 ms)
[10/06/2026-16:15:29] [I] Average on 1 runs - GPU latency: 5.0332 ms - Host latency: 5.16797 ms (enqueue 3.87305 ms)
[10/06/2026-16:15:29] [I] Average on 1 runs - GPU latency: 5.06055 ms - Host latency: 5.17969 ms (enqueue 3.5625 ms)
[10/06/2026-16:15:29] [I] Average on 1 runs - GPU latency: 5.06445 ms - Host latency: 5.20703 ms (enqueue 3.54102 ms)
[10/06/2026-16:15:29] [I] Average on 1 runs - GPU latency: 5.06055 ms - Host latency: 5.19141 ms (enqueue 3.57422 ms)
[10/06/2026-16:15:29] [I] Average on 1 runs - GPU latency: 5.05469 ms - Host latency: 5.17578 ms (enqueue 3.83594 ms)
[10/06/2026-16:15:29] [I] Average on 1 runs - GPU latency: 5.06055 ms - Host latency: 5.19336 ms (enqueue 3.5957 ms)
[10/06/2026-16:15:29] [I] Average on 1 runs - GPU latency: 5.05859 ms - Host latency: 5.19531 ms (enqueue 3.5625 ms)
[10/06/2026-16:15:29] [I] Average on 1 runs - GPU latency: 5.05859 ms - Host latency: 5.18945 ms (enqueue 3.59375 ms)
[10/06/2026-16:15:29] [I] Average on 1 runs - GPU latency: 5.02539 ms - Host latency: 5.1582 ms (enqueue 3.6875 ms)
[10/06/2026-16:15:29] [I] Average on 1 runs - GPU latency: 4.99609 ms - Host latency: 5.13477 ms (enqueue 3.57422 ms)
[10/06/2026-16:15:29] [I] Average on 1 runs - GPU latency: 5 ms - Host latency: 5.13477 ms (enqueue 3.57422 ms)
[10/06/2026-16:15:29] [I] Average on 1 runs - GPU latency: 5.01562 ms - Host latency: 5.16602 ms (enqueue 3.48828 ms)
[10/06/2026-16:15:29] [I] Average on 1 runs - GPU latency: 5.04883 ms - Host latency: 5.18555 ms (enqueue 3.54883 ms)
[10/06/2026-16:15:29] [I] Average on 1 runs - GPU latency: 5.0625 ms - Host latency: 5.19336 ms (enqueue 3.56836 ms)
[10/06/2026-16:15:29] [I] Average on 1 runs - GPU latency: 5.06055 ms - Host latency: 5.18555 ms (enqueue 3.5918 ms)
[10/06/2026-16:15:29] [I] Average on 1 runs - GPU latency: 5.05469 ms - Host latency: 5.18359 ms (enqueue 3.76953 ms)
[10/06/2026-16:15:29] [I] Average on 1 runs - GPU latency: 5.05078 ms - Host latency: 5.18164 ms (enqueue 3.55078 ms)
[10/06/2026-16:15:29] [I] Average on 1 runs - GPU latency: 5.05469 ms - Host latency: 5.17383 ms (enqueue 3.57227 ms)
[10/06/2026-16:15:29] [I] Average on 1 runs - GPU latency: 5.02344 ms - Host latency: 5.16016 ms (enqueue 3.5332 ms)
[10/06/2026-16:15:29] [I] 
[10/06/2026-16:15:29] [I] === Performance summary ===
[10/06/2026-16:15:29] [I] Throughput: 197.668 qps
[10/06/2026-16:15:29] [I] Latency: min = 5.10474 ms, max = 5.27734 ms, mean = 5.19163 ms, median = 5.19336 ms, percentile(90%) = 5.20996 ms, percentile(95%) = 5.2168 ms, percentile(99%) = 5.24243 ms
[10/06/2026-16:15:29] [I] Enqueue Time: min = 2.4248 ms, max = 4.43164 ms, mean = 3.62221 ms, median = 3.5791 ms, percentile(90%) = 3.82715 ms, percentile(95%) = 3.86426 ms, percentile(99%) = 3.9668 ms
[10/06/2026-16:15:29] [I] H2D Latency: min = 0.0869141 ms, max = 0.212891 ms, mean = 0.130551 ms, median = 0.129395 ms, percentile(90%) = 0.143066 ms, percentile(95%) = 0.151367 ms, percentile(99%) = 0.175781 ms
[10/06/2026-16:15:29] [I] GPU Compute Time: min = 4.98438 ms, max = 5.08105 ms, mean = 5.05432 ms, median = 5.05762 ms, percentile(90%) = 5.06543 ms, percentile(95%) = 5.06763 ms, percentile(99%) = 5.07227 ms
[10/06/2026-16:15:29] [I] D2H Latency: min = 0.00390625 ms, max = 0.0117188 ms, mean = 0.00675294 ms, median = 0.00683594 ms, percentile(90%) = 0.00830078 ms, percentile(95%) = 0.00878906 ms, percentile(99%) = 0.00976562 ms
[10/06/2026-16:15:29] [I] Total Host Walltime: 15.0151 s
[10/06/2026-16:15:29] [I] Total GPU Compute Time: 15.0012 s
[10/06/2026-16:15:29] [I] Explanations of the performance metrics are printed in the verbose logs.
[10/06/2026-16:15:29] [I] 
&&&& PASSED TensorRT.trtexec [TensorRT v100300] # /usr/src/tensorrt/bin/trtexec --loadEngine=/tmp/yolo26n_84172_uint8_fp16_opt3.engine --warmUp=3000 --duration=15 --idleTime=0 --avgRuns=1
