&&&& RUNNING TensorRT.trtexec [TensorRT v100300] # /usr/src/tensorrt/bin/trtexec --loadEngine=/tmp/engines/y26s_640_uint8_opt3.engine --warmUp=3000 --duration=15 --idleTime=33 --avgRuns=1
[10/04/2026-22:17:03] [I] === Model Options ===
[10/04/2026-22:17:03] [I] Format: *
[10/04/2026-22:17:03] [I] Model: 
[10/04/2026-22:17:03] [I] Output:
[10/04/2026-22:17:03] [I] 
[10/04/2026-22:17:03] [I] === System Options ===
[10/04/2026-22:17:03] [I] Device: 0
[10/04/2026-22:17:03] [I] DLACore: 
[10/04/2026-22:17:03] [I] Plugins:
[10/04/2026-22:17:03] [I] setPluginsToSerialize:
[10/04/2026-22:17:03] [I] dynamicPlugins:
[10/04/2026-22:17:03] [I] ignoreParsedPluginLibs: 0
[10/04/2026-22:17:03] [I] 
[10/04/2026-22:17:03] [I] === Inference Options ===
[10/04/2026-22:17:03] [I] Batch: Explicit
[10/04/2026-22:17:03] [I] Input inference shapes: model
[10/04/2026-22:17:03] [I] Iterations: 10
[10/04/2026-22:17:03] [I] Duration: 15s (+ 3000ms warm up)
[10/04/2026-22:17:03] [I] Sleep time: 0ms
[10/04/2026-22:17:03] [I] Idle time: 33ms
[10/04/2026-22:17:03] [I] Inference Streams: 1
[10/04/2026-22:17:03] [I] ExposeDMA: Disabled
[10/04/2026-22:17:03] [I] Data transfers: Enabled
[10/04/2026-22:17:03] [I] Spin-wait: Disabled
[10/04/2026-22:17:03] [I] Multithreading: Disabled
[10/04/2026-22:17:03] [I] CUDA Graph: Disabled
[10/04/2026-22:17:03] [I] Separate profiling: Disabled
[10/04/2026-22:17:03] [I] Time Deserialize: Disabled
[10/04/2026-22:17:03] [I] Time Refit: Disabled
[10/04/2026-22:17:03] [I] NVTX verbosity: 0
[10/04/2026-22:17:03] [I] Persistent Cache Ratio: 0
[10/04/2026-22:17:03] [I] Optimization Profile Index: 0
[10/04/2026-22:17:03] [I] Weight Streaming Budget: 100.000000%
[10/04/2026-22:17:03] [I] Inputs:
[10/04/2026-22:17:03] [I] Debug Tensor Save Destinations:
[10/04/2026-22:17:03] [I] === Reporting Options ===
[10/04/2026-22:17:03] [I] Verbose: Disabled
[10/04/2026-22:17:03] [I] Averages: 1 inferences
[10/04/2026-22:17:03] [I] Percentiles: 90,95,99
[10/04/2026-22:17:03] [I] Dump refittable layers:Disabled
[10/04/2026-22:17:03] [I] Dump output: Disabled
[10/04/2026-22:17:03] [I] Profile: Disabled
[10/04/2026-22:17:03] [I] Export timing to JSON file: 
[10/04/2026-22:17:03] [I] Export output to JSON file: 
[10/04/2026-22:17:03] [I] Export profile to JSON file: 
[10/04/2026-22:17:03] [I] 
[10/04/2026-22:17:03] [I] === Device Information ===
[10/04/2026-22:17:03] [I] Available Devices: 
[10/04/2026-22:17:03] [I]   Device 0: "Orin" UUID: GPU-6e16c2c1-e394-5324-8f2e-63a975968f4e
[10/04/2026-22:17:03] [I] Selected Device: Orin
[10/04/2026-22:17:03] [I] Selected Device ID: 0
[10/04/2026-22:17:03] [I] Selected Device UUID: GPU-6e16c2c1-e394-5324-8f2e-63a975968f4e
[10/04/2026-22:17:03] [I] Compute Capability: 8.7
[10/04/2026-22:17:03] [I] SMs: 8
[10/04/2026-22:17:03] [I] Device Global Memory: 7607 MiB
[10/04/2026-22:17:03] [I] Shared Memory per SM: 164 KiB
[10/04/2026-22:17:03] [I] Memory Bus Width: 128 bits (ECC disabled)
[10/04/2026-22:17:03] [I] Application Compute Clock Rate: 1.02 GHz
[10/04/2026-22:17:03] [I] Application Memory Clock Rate: 1.02 GHz
[10/04/2026-22:17:03] [I] 
[10/04/2026-22:17:03] [I] Note: The application clock rates do not reflect the actual clock rates that the GPU is currently running at.
[10/04/2026-22:17:03] [I] 
[10/04/2026-22:17:03] [I] TensorRT version: 10.3.0
[10/04/2026-22:17:03] [I] Loading standard plugins
[10/04/2026-22:17:03] [I] [TRT] Loaded engine size: 21 MiB
[10/04/2026-22:17:03] [I] Engine deserialized in 0.0721761 sec.
[10/04/2026-22:17:03] [I] [TRT] [MemUsageChange] TensorRT-managed allocation in IExecutionContext creation: CPU +0, GPU +18, now: CPU 0, GPU 36 (MiB)
[10/04/2026-22:17:03] [I] Setting persistentCacheLimit to 0 bytes.
[10/04/2026-22:17:03] [I] Created execution context with device memory size: 18.1641 MiB
[10/04/2026-22:17:03] [I] Using random values for input images
[10/04/2026-22:17:03] [I] Input binding for images with dimensions 1x640x640x3 is created.
[10/04/2026-22:17:03] [I] Output binding for output0 with dimensions 1x300x6 is created.
[10/04/2026-22:17:03] [I] Starting inference
[10/04/2026-22:17:21] [I] Warmup completed 435 queries over 3000 ms
[10/04/2026-22:17:21] [I] Timing trace has 428 queries over 15.0533 s
[10/04/2026-22:17:21] [I] 
[10/04/2026-22:17:21] [I] === Trace details ===
[10/04/2026-22:17:21] [I] Trace averages of 1 runs:
[10/04/2026-22:17:21] [I] Average on 1 runs - GPU latency: 6.79785 ms - Host latency: 6.9231 ms (enqueue 2.13818 ms)
[10/04/2026-22:17:21] [I] Average on 1 runs - GPU latency: 6.75854 ms - Host latency: 6.88867 ms (enqueue 2.10083 ms)
[10/04/2026-22:17:21] [I] Average on 1 runs - GPU latency: 6.77515 ms - Host latency: 6.84082 ms (enqueue 2.15967 ms)
[10/04/2026-22:17:21] [I] Average on 1 runs - GPU latency: 6.77441 ms - Host latency: 6.83789 ms (enqueue 2.11011 ms)
[10/04/2026-22:17:21] [I] Average on 1 runs - GPU latency: 6.77075 ms - Host latency: 6.83472 ms (enqueue 2.09375 ms)
[10/04/2026-22:17:21] [I] Average on 1 runs - GPU latency: 6.77393 ms - Host latency: 6.83789 ms (enqueue 2.14917 ms)
[10/04/2026-22:17:21] [I] Average on 1 runs - GPU latency: 6.7771 ms - Host latency: 6.8418 ms (enqueue 2.14673 ms)
[10/04/2026-22:17:21] [I] Average on 1 runs - GPU latency: 6.77954 ms - Host latency: 6.8457 ms (enqueue 2.10425 ms)
[10/04/2026-22:17:21] [I] Average on 1 runs - GPU latency: 6.78784 ms - Host latency: 6.87329 ms (enqueue 2.7749 ms)
[10/04/2026-22:17:21] [I] Average on 1 runs - GPU latency: 6.77539 ms - Host latency: 6.84814 ms (enqueue 2.36182 ms)
[10/04/2026-22:17:21] [I] Average on 1 runs - GPU latency: 6.76465 ms - Host latency: 6.83179 ms (enqueue 2.11963 ms)
[10/04/2026-22:17:21] [I] Average on 1 runs - GPU latency: 6.7771 ms - Host latency: 6.84375 ms (enqueue 2.07007 ms)
[10/04/2026-22:17:21] [I] Average on 1 runs - GPU latency: 6.78101 ms - Host latency: 6.84692 ms (enqueue 2.10547 ms)
[10/04/2026-22:17:21] [I] Average on 1 runs - GPU latency: 6.77563 ms - Host latency: 6.84302 ms (enqueue 2.09595 ms)
[10/04/2026-22:17:21] [I] Average on 1 runs - GPU latency: 6.77563 ms - Host latency: 6.84229 ms (enqueue 2.05933 ms)
[10/04/2026-22:17:21] [I] Average on 1 runs - GPU latency: 6.7793 ms - Host latency: 6.84619 ms (enqueue 2.05664 ms)
[10/04/2026-22:17:21] [I] Average on 1 runs - GPU latency: 6.77417 ms - Host latency: 6.8396 ms (enqueue 2.09546 ms)
[10/04/2026-22:17:21] [I] Average on 1 runs - GPU latency: 6.77881 ms - Host latency: 6.84302 ms (enqueue 2.10962 ms)
[10/04/2026-22:17:21] [I] Average on 1 runs - GPU latency: 6.77588 ms - Host latency: 6.83765 ms (enqueue 2.10449 ms)
[10/04/2026-22:17:21] [I] Average on 1 runs - GPU latency: 6.77881 ms - Host latency: 6.84155 ms (enqueue 2.0603 ms)
[10/04/2026-22:17:21] [I] Average on 1 runs - GPU latency: 6.78613 ms - Host latency: 6.84863 ms (enqueue 2.08594 ms)
[10/04/2026-22:17:21] [I] Average on 1 runs - GPU latency: 6.7771 ms - Host latency: 6.84961 ms (enqueue 2.19775 ms)
[10/04/2026-22:17:21] [I] Average on 1 runs - GPU latency: 6.78223 ms - Host latency: 6.84497 ms (enqueue 2.1001 ms)
[10/04/2026-22:17:21] [I] Average on 1 runs - GPU latency: 6.77686 ms - Host latency: 6.8584 ms (enqueue 2.6394 ms)
[10/04/2026-22:17:21] [I] Average on 1 runs - GPU latency: 6.78003 ms - Host latency: 6.85791 ms (enqueue 2.63843 ms)
[10/04/2026-22:17:21] [I] Average on 1 runs - GPU latency: 6.77856 ms - Host latency: 6.8457 ms (enqueue 2.20117 ms)
[10/04/2026-22:17:21] [I] Average on 1 runs - GPU latency: 6.7749 ms - Host latency: 6.84131 ms (enqueue 2.14014 ms)
[10/04/2026-22:17:21] [I] Average on 1 runs - GPU latency: 6.77979 ms - Host latency: 6.84399 ms (enqueue 2.0835 ms)
[10/04/2026-22:17:21] [I] Average on 1 runs - GPU latency: 6.78394 ms - Host latency: 6.84863 ms (enqueue 2.08887 ms)
[10/04/2026-22:17:21] [I] Average on 1 runs - GPU latency: 6.77002 ms - Host latency: 6.83545 ms (enqueue 2.11011 ms)
[10/04/2026-22:17:21] [I] Average on 1 runs - GPU latency: 6.77856 ms - Host latency: 6.84058 ms (enqueue 2.12158 ms)
[10/04/2026-22:17:21] [I] Average on 1 runs - GPU latency: 6.77515 ms - Host latency: 6.83789 ms (enqueue 2.11475 ms)
[10/04/2026-22:17:21] [I] Average on 1 runs - GPU latency: 6.77441 ms - Host latency: 6.83691 ms (enqueue 2.07568 ms)
[10/04/2026-22:17:21] [I] Average on 1 runs - GPU latency: 6.77246 ms - Host latency: 6.83545 ms (enqueue 2.08252 ms)
[10/04/2026-22:17:21] [I] Average on 1 runs - GPU latency: 6.76953 ms - Host latency: 6.83643 ms (enqueue 2.1958 ms)
[10/04/2026-22:17:21] [I] Average on 1 runs - GPU latency: 6.78125 ms - Host latency: 6.84766 ms (enqueue 2.14795 ms)
[10/04/2026-22:17:21] [I] Average on 1 runs - GPU latency: 6.78125 ms - Host latency: 6.84375 ms (enqueue 2.13135 ms)
[10/04/2026-22:17:21] [I] Average on 1 runs - GPU latency: 6.77588 ms - Host latency: 6.83936 ms (enqueue 2.07715 ms)
[10/04/2026-22:17:21] [I] Average on 1 runs - GPU latency: 6.8042 ms - Host latency: 6.875 ms (enqueue 2.2998 ms)
[10/04/2026-22:17:21] [I] Average on 1 runs - GPU latency: 6.78125 ms - Host latency: 6.86328 ms (enqueue 2.62793 ms)
[10/04/2026-22:17:21] [I] Average on 1 runs - GPU latency: 6.78223 ms - Host latency: 6.85156 ms (enqueue 2.27393 ms)
[10/04/2026-22:17:21] [I] Average on 1 runs - GPU latency: 6.77686 ms - Host latency: 6.84619 ms (enqueue 2.1792 ms)
[10/04/2026-22:17:21] [I] Average on 1 runs - GPU latency: 6.77832 ms - Host latency: 6.84473 ms (enqueue 2.11865 ms)
[10/04/2026-22:17:21] [I] Average on 1 runs - GPU latency: 6.77295 ms - Host latency: 6.85205 ms (enqueue 2.15088 ms)
[10/04/2026-22:17:21] [I] Average on 1 runs - GPU latency: 6.77637 ms - Host latency: 6.84229 ms (enqueue 2.06396 ms)
[10/04/2026-22:17:21] [I] Average on 1 runs - GPU latency: 6.78271 ms - Host latency: 6.84863 ms (enqueue 2.07275 ms)
[10/04/2026-22:17:21] [I] Average on 1 runs - GPU latency: 6.77002 ms - Host latency: 6.83594 ms (enqueue 2.09863 ms)
[10/04/2026-22:17:21] [I] Average on 1 runs - GPU latency: 6.77832 ms - Host latency: 6.84473 ms (enqueue 2.10205 ms)
[10/04/2026-22:17:21] [I] Average on 1 runs - GPU latency: 6.77979 ms - Host latency: 6.84521 ms (enqueue 2.0791 ms)
[10/04/2026-22:17:21] [I] Average on 1 runs - GPU latency: 6.77051 ms - Host latency: 6.83545 ms (enqueue 2.0293 ms)
[10/04/2026-22:17:21] [I] Average on 1 runs - GPU latency: 6.77441 ms - Host latency: 6.84473 ms (enqueue 2.21338 ms)
[10/04/2026-22:17:21] [I] Average on 1 runs - GPU latency: 6.76855 ms - Host latency: 6.83691 ms (enqueue 2.12695 ms)
[10/04/2026-22:17:21] [I] Average on 1 runs - GPU latency: 6.78027 ms - Host latency: 6.84717 ms (enqueue 2.15479 ms)
[10/04/2026-22:17:21] [I] Average on 1 runs - GPU latency: 6.77637 ms - Host latency: 6.84277 ms (enqueue 2.09814 ms)
[10/04/2026-22:17:21] [I] Average on 1 runs - GPU latency: 6.78564 ms - Host latency: 6.86914 ms (enqueue 2.79541 ms)
[10/04/2026-22:17:21] [I] Average on 1 runs - GPU latency: 6.78076 ms - Host latency: 6.85693 ms (enqueue 2.47217 ms)
[10/04/2026-22:17:21] [I] Average on 1 runs - GPU latency: 6.76318 ms - Host latency: 6.82959 ms (enqueue 2.14502 ms)
[10/04/2026-22:17:21] [I] Average on 1 runs - GPU latency: 6.76758 ms - Host latency: 6.84717 ms (enqueue 2.12354 ms)
[10/04/2026-22:17:21] [I] Average on 1 runs - GPU latency: 6.76904 ms - Host latency: 6.83691 ms (enqueue 2.15918 ms)
[10/04/2026-22:17:21] [I] Average on 1 runs - GPU latency: 6.77002 ms - Host latency: 6.83545 ms (enqueue 2.11914 ms)
[10/04/2026-22:17:21] [I] Average on 1 runs - GPU latency: 6.7832 ms - Host latency: 6.84912 ms (enqueue 2.13574 ms)
[10/04/2026-22:17:21] [I] Average on 1 runs - GPU latency: 6.76367 ms - Host latency: 6.83057 ms (enqueue 2.0957 ms)
[10/04/2026-22:17:21] [I] Average on 1 runs - GPU latency: 6.77539 ms - Host latency: 6.84619 ms (enqueue 2.16699 ms)
[10/04/2026-22:17:21] [I] Average on 1 runs - GPU latency: 6.77441 ms - Host latency: 6.8418 ms (enqueue 2.06299 ms)
[10/04/2026-22:17:21] [I] Average on 1 runs - GPU latency: 6.77783 ms - Host latency: 6.84424 ms (enqueue 2.10498 ms)
[10/04/2026-22:17:21] [I] Average on 1 runs - GPU latency: 6.77246 ms - Host latency: 6.83887 ms (enqueue 2.09229 ms)
[10/04/2026-22:17:21] [I] Average on 1 runs - GPU latency: 6.77344 ms - Host latency: 6.83936 ms (enqueue 2.09668 ms)
[10/04/2026-22:17:21] [I] Average on 1 runs - GPU latency: 6.77832 ms - Host latency: 6.84277 ms (enqueue 2.05371 ms)
[10/04/2026-22:17:21] [I] Average on 1 runs - GPU latency: 6.77393 ms - Host latency: 6.83936 ms (enqueue 2.04199 ms)
[10/04/2026-22:17:21] [I] Average on 1 runs - GPU latency: 6.78418 ms - Host latency: 6.85938 ms (enqueue 2.48975 ms)
[10/04/2026-22:17:21] [I] Average on 1 runs - GPU latency: 6.77393 ms - Host latency: 6.85205 ms (enqueue 2.68115 ms)
[10/04/2026-22:17:21] [I] Average on 1 runs - GPU latency: 6.7749 ms - Host latency: 6.8418 ms (enqueue 2.22119 ms)
[10/04/2026-22:17:21] [I] Average on 1 runs - GPU latency: 6.77441 ms - Host latency: 6.83984 ms (enqueue 2.1665 ms)
[10/04/2026-22:17:21] [I] Average on 1 runs - GPU latency: 6.78076 ms - Host latency: 6.84619 ms (enqueue 2.08936 ms)
[10/04/2026-22:17:21] [I] Average on 1 runs - GPU latency: 6.7666 ms - Host latency: 6.83105 ms (enqueue 2.08838 ms)
[10/04/2026-22:17:21] [I] Average on 1 runs - GPU latency: 6.7793 ms - Host latency: 6.84082 ms (enqueue 2.06543 ms)
[10/04/2026-22:17:21] [I] Average on 1 runs - GPU latency: 6.77246 ms - Host latency: 6.83936 ms (enqueue 2.08057 ms)
[10/04/2026-22:17:21] [I] Average on 1 runs - GPU latency: 6.77197 ms - Host latency: 6.83789 ms (enqueue 2.0918 ms)
[10/04/2026-22:17:21] [I] Average on 1 runs - GPU latency: 6.77393 ms - Host latency: 6.84033 ms (enqueue 2.04883 ms)
[10/04/2026-22:17:21] [I] Average on 1 runs - GPU latency: 6.77686 ms - Host latency: 6.84717 ms (enqueue 2.24463 ms)
[10/04/2026-22:17:21] [I] Average on 1 runs - GPU latency: 6.77051 ms - Host latency: 6.83838 ms (enqueue 2.11475 ms)
[10/04/2026-22:17:21] [I] Average on 1 runs - GPU latency: 6.77441 ms - Host latency: 6.84131 ms (enqueue 2.15283 ms)
[10/04/2026-22:17:21] [I] Average on 1 runs - GPU latency: 6.78271 ms - Host latency: 6.8501 ms (enqueue 2.13818 ms)
[10/04/2026-22:17:21] [I] Average on 1 runs - GPU latency: 6.77588 ms - Host latency: 6.84131 ms (enqueue 2.09277 ms)
[10/04/2026-22:17:21] [I] Average on 1 runs - GPU latency: 6.78906 ms - Host latency: 6.85547 ms (enqueue 2.05029 ms)
[10/04/2026-22:17:21] [I] Average on 1 runs - GPU latency: 6.77197 ms - Host latency: 6.85547 ms (enqueue 2.63379 ms)
[10/04/2026-22:17:21] [I] Average on 1 runs - GPU latency: 6.78076 ms - Host latency: 6.85156 ms (enqueue 2.30078 ms)
[10/04/2026-22:17:21] [I] Average on 1 runs - GPU latency: 6.77441 ms - Host latency: 6.84326 ms (enqueue 2.17334 ms)
[10/04/2026-22:17:21] [I] Average on 1 runs - GPU latency: 6.7666 ms - Host latency: 6.83447 ms (enqueue 2.15723 ms)
[10/04/2026-22:17:21] [I] Average on 1 runs - GPU latency: 6.77002 ms - Host latency: 6.83838 ms (enqueue 2.14697 ms)
[10/04/2026-22:17:21] [I] Average on 1 runs - GPU latency: 6.77832 ms - Host latency: 6.8457 ms (enqueue 2.22705 ms)
[10/04/2026-22:17:21] [I] Average on 1 runs - GPU latency: 6.77686 ms - Host latency: 6.84424 ms (enqueue 2.1123 ms)
[10/04/2026-22:17:21] [I] Average on 1 runs - GPU latency: 6.78125 ms - Host latency: 6.84619 ms (enqueue 2.08154 ms)
[10/04/2026-22:17:21] [I] Average on 1 runs - GPU latency: 6.77637 ms - Host latency: 6.84033 ms (enqueue 2.11279 ms)
[10/04/2026-22:17:21] [I] Average on 1 runs - GPU latency: 6.77783 ms - Host latency: 6.84375 ms (enqueue 2.14648 ms)
[10/04/2026-22:17:21] [I] Average on 1 runs - GPU latency: 6.77295 ms - Host latency: 6.83643 ms (enqueue 2.12695 ms)
[10/04/2026-22:17:21] [I] Average on 1 runs - GPU latency: 6.77783 ms - Host latency: 6.83887 ms (enqueue 2.04492 ms)
[10/04/2026-22:17:21] [I] Average on 1 runs - GPU latency: 6.78418 ms - Host latency: 6.84766 ms (enqueue 2.06836 ms)
[10/04/2026-22:17:21] [I] Average on 1 runs - GPU latency: 6.77246 ms - Host latency: 6.84424 ms (enqueue 2.12207 ms)
[10/04/2026-22:17:21] [I] Average on 1 runs - GPU latency: 6.78857 ms - Host latency: 6.85205 ms (enqueue 2.09326 ms)
[10/04/2026-22:17:21] [I] Average on 1 runs - GPU latency: 6.79541 ms - Host latency: 6.87598 ms (enqueue 2.5542 ms)
[10/04/2026-22:17:21] [I] Average on 1 runs - GPU latency: 6.77002 ms - Host latency: 6.83936 ms (enqueue 2.43408 ms)
[10/04/2026-22:17:21] [I] Average on 1 runs - GPU latency: 6.77002 ms - Host latency: 6.83643 ms (enqueue 2.12158 ms)
[10/04/2026-22:17:21] [I] Average on 1 runs - GPU latency: 6.79004 ms - Host latency: 6.85547 ms (enqueue 2.07129 ms)
[10/04/2026-22:17:21] [I] Average on 1 runs - GPU latency: 6.7749 ms - Host latency: 6.83838 ms (enqueue 2.08594 ms)
[10/04/2026-22:17:21] [I] Average on 1 runs - GPU latency: 6.77588 ms - Host latency: 6.83984 ms (enqueue 2.13867 ms)
[10/04/2026-22:17:21] [I] Average on 1 runs - GPU latency: 6.77637 ms - Host latency: 6.84131 ms (enqueue 2.13086 ms)
[10/04/2026-22:17:21] [I] Average on 1 runs - GPU latency: 6.76318 ms - Host latency: 6.82666 ms (enqueue 2.05322 ms)
[10/04/2026-22:17:21] [I] Average on 1 runs - GPU latency: 6.77246 ms - Host latency: 6.84912 ms (enqueue 2.45703 ms)
[10/04/2026-22:17:21] [I] Average on 1 runs - GPU latency: 6.78271 ms - Host latency: 6.84961 ms (enqueue 2.11084 ms)
[10/04/2026-22:17:21] [I] Average on 1 runs - GPU latency: 6.76416 ms - Host latency: 6.82715 ms (enqueue 2.104 ms)
[10/04/2026-22:17:21] [I] Average on 1 runs - GPU latency: 6.76953 ms - Host latency: 6.83447 ms (enqueue 2.11865 ms)
[10/04/2026-22:17:21] [I] Average on 1 runs - GPU latency: 6.77588 ms - Host latency: 6.85205 ms (enqueue 2.11426 ms)
[10/04/2026-22:17:21] [I] Average on 1 runs - GPU latency: 6.77148 ms - Host latency: 6.83594 ms (enqueue 2.04834 ms)
[10/04/2026-22:17:21] [I] Average on 1 runs - GPU latency: 6.77881 ms - Host latency: 6.8418 ms (enqueue 2.06982 ms)
[10/04/2026-22:17:21] [I] Average on 1 runs - GPU latency: 6.78955 ms - Host latency: 6.8623 ms (enqueue 2.38037 ms)
[10/04/2026-22:17:21] [I] Average on 1 runs - GPU latency: 6.78564 ms - Host latency: 6.86377 ms (enqueue 2.50928 ms)
[10/04/2026-22:17:21] [I] Average on 1 runs - GPU latency: 6.77734 ms - Host latency: 6.84521 ms (enqueue 2.14893 ms)
[10/04/2026-22:17:21] [I] Average on 1 runs - GPU latency: 6.76807 ms - Host latency: 6.83545 ms (enqueue 2.15967 ms)
[10/04/2026-22:17:21] [I] Average on 1 runs - GPU latency: 6.76855 ms - Host latency: 6.83789 ms (enqueue 2.20068 ms)
[10/04/2026-22:17:21] [I] Average on 1 runs - GPU latency: 6.771 ms - Host latency: 6.83545 ms (enqueue 2.0542 ms)
[10/04/2026-22:17:21] [I] Average on 1 runs - GPU latency: 6.77246 ms - Host latency: 6.83984 ms (enqueue 2.08496 ms)
[10/04/2026-22:17:21] [I] Average on 1 runs - GPU latency: 6.77441 ms - Host latency: 6.84033 ms (enqueue 2.09814 ms)
[10/04/2026-22:17:21] [I] Average on 1 runs - GPU latency: 6.78516 ms - Host latency: 6.85449 ms (enqueue 2.13623 ms)
[10/04/2026-22:17:21] [I] Average on 1 runs - GPU latency: 6.77441 ms - Host latency: 6.83789 ms (enqueue 2.09277 ms)
[10/04/2026-22:17:21] [I] Average on 1 runs - GPU latency: 6.76855 ms - Host latency: 6.83057 ms (enqueue 2.0459 ms)
[10/04/2026-22:17:21] [I] Average on 1 runs - GPU latency: 6.77197 ms - Host latency: 6.83838 ms (enqueue 2.06104 ms)
[10/04/2026-22:17:21] [I] Average on 1 runs - GPU latency: 6.76172 ms - Host latency: 6.82666 ms (enqueue 2.1001 ms)
[10/04/2026-22:17:21] [I] Average on 1 runs - GPU latency: 6.77246 ms - Host latency: 6.83691 ms (enqueue 2.11035 ms)
[10/04/2026-22:17:21] [I] Average on 1 runs - GPU latency: 6.77637 ms - Host latency: 6.83887 ms (enqueue 2.11133 ms)
[10/04/2026-22:17:21] [I] Average on 1 runs - GPU latency: 6.78516 ms - Host latency: 6.84766 ms (enqueue 2.04639 ms)
[10/04/2026-22:17:21] [I] Average on 1 runs - GPU latency: 6.77783 ms - Host latency: 6.86084 ms (enqueue 2.5293 ms)
[10/04/2026-22:17:21] [I] Average on 1 runs - GPU latency: 6.76904 ms - Host latency: 6.84131 ms (enqueue 2.33936 ms)
[10/04/2026-22:17:21] [I] Average on 1 runs - GPU latency: 6.77637 ms - Host latency: 6.84814 ms (enqueue 2.30127 ms)
[10/04/2026-22:17:21] [I] Average on 1 runs - GPU latency: 6.77148 ms - Host latency: 6.8374 ms (enqueue 2.12744 ms)
[10/04/2026-22:17:21] [I] Average on 1 runs - GPU latency: 6.78711 ms - Host latency: 6.85498 ms (enqueue 2.13525 ms)
[10/04/2026-22:17:21] [I] Average on 1 runs - GPU latency: 6.77197 ms - Host latency: 6.83838 ms (enqueue 2.08447 ms)
[10/04/2026-22:17:21] [I] Average on 1 runs - GPU latency: 6.78125 ms - Host latency: 6.85156 ms (enqueue 2.21582 ms)
[10/04/2026-22:17:21] [I] Average on 1 runs - GPU latency: 6.76807 ms - Host latency: 6.83789 ms (enqueue 2.14062 ms)
[10/04/2026-22:17:21] [I] Average on 1 runs - GPU latency: 6.7749 ms - Host latency: 6.84473 ms (enqueue 2.17578 ms)
[10/04/2026-22:17:21] [I] Average on 1 runs - GPU latency: 6.77295 ms - Host latency: 6.8418 ms (enqueue 2.16553 ms)
[10/04/2026-22:17:21] [I] Average on 1 runs - GPU latency: 6.77051 ms - Host latency: 6.83496 ms (enqueue 2.11475 ms)
[10/04/2026-22:17:21] [I] Average on 1 runs - GPU latency: 6.771 ms - Host latency: 6.83398 ms (enqueue 2.08154 ms)
[10/04/2026-22:17:21] [I] Average on 1 runs - GPU latency: 6.77002 ms - Host latency: 6.83301 ms (enqueue 2.06885 ms)
[10/04/2026-22:17:21] [I] Average on 1 runs - GPU latency: 6.75928 ms - Host latency: 6.8252 ms (enqueue 2.07861 ms)
[10/04/2026-22:17:21] [I] Average on 1 runs - GPU latency: 6.77539 ms - Host latency: 6.83838 ms (enqueue 2.1123 ms)
[10/04/2026-22:17:21] [I] Average on 1 runs - GPU latency: 6.78174 ms - Host latency: 6.86133 ms (enqueue 2.55957 ms)
[10/04/2026-22:17:21] [I] Average on 1 runs - GPU latency: 6.76904 ms - Host latency: 6.84375 ms (enqueue 2.51611 ms)
[10/04/2026-22:17:21] [I] Average on 1 runs - GPU latency: 6.76855 ms - Host latency: 6.83691 ms (enqueue 2.19336 ms)
[10/04/2026-22:17:21] [I] Average on 1 runs - GPU latency: 6.76758 ms - Host latency: 6.83496 ms (enqueue 2.10742 ms)
[10/04/2026-22:17:21] [I] Average on 1 runs - GPU latency: 6.77441 ms - Host latency: 6.84082 ms (enqueue 2.07617 ms)
[10/04/2026-22:17:21] [I] Average on 1 runs - GPU latency: 6.76953 ms - Host latency: 6.83691 ms (enqueue 2.09863 ms)
[10/04/2026-22:17:21] [I] Average on 1 runs - GPU latency: 6.77637 ms - Host latency: 6.84277 ms (enqueue 2.1084 ms)
[10/04/2026-22:17:21] [I] Average on 1 runs - GPU latency: 6.77344 ms - Host latency: 6.83887 ms (enqueue 2.15723 ms)
[10/04/2026-22:17:21] [I] Average on 1 runs - GPU latency: 6.76953 ms - Host latency: 6.83301 ms (enqueue 2.04785 ms)
[10/04/2026-22:17:21] [I] Average on 1 runs - GPU latency: 6.77539 ms - Host latency: 6.83789 ms (enqueue 2.06055 ms)
[10/04/2026-22:17:21] [I] Average on 1 runs - GPU latency: 6.78027 ms - Host latency: 6.8418 ms (enqueue 2.10547 ms)
[10/04/2026-22:17:21] [I] Average on 1 runs - GPU latency: 6.76758 ms - Host latency: 6.83105 ms (enqueue 2.11426 ms)
[10/04/2026-22:17:21] [I] Average on 1 runs - GPU latency: 6.77148 ms - Host latency: 6.83398 ms (enqueue 2.11426 ms)
[10/04/2026-22:17:21] [I] Average on 1 runs - GPU latency: 6.77344 ms - Host latency: 6.83691 ms (enqueue 2.08984 ms)
[10/04/2026-22:17:21] [I] Average on 1 runs - GPU latency: 6.77734 ms - Host latency: 6.83984 ms (enqueue 2.09668 ms)
[10/04/2026-22:17:21] [I] Average on 1 runs - GPU latency: 6.7959 ms - Host latency: 6.8584 ms (enqueue 2.12402 ms)
[10/04/2026-22:17:21] [I] Average on 1 runs - GPU latency: 6.78125 ms - Host latency: 6.86133 ms (enqueue 2.58301 ms)
[10/04/2026-22:17:21] [I] Average on 1 runs - GPU latency: 6.77051 ms - Host latency: 6.8418 ms (enqueue 2.33105 ms)
[10/04/2026-22:17:21] [I] Average on 1 runs - GPU latency: 6.77832 ms - Host latency: 6.8418 ms (enqueue 2.11523 ms)
[10/04/2026-22:17:21] [I] Average on 1 runs - GPU latency: 6.7793 ms - Host latency: 6.8457 ms (enqueue 2.0918 ms)
[10/04/2026-22:17:21] [I] Average on 1 runs - GPU latency: 6.76855 ms - Host latency: 6.83887 ms (enqueue 2.25293 ms)
[10/04/2026-22:17:21] [I] Average on 1 runs - GPU latency: 6.77344 ms - Host latency: 6.85352 ms (enqueue 2.10254 ms)
[10/04/2026-22:17:21] [I] Average on 1 runs - GPU latency: 6.77637 ms - Host latency: 6.84277 ms (enqueue 2.09668 ms)
[10/04/2026-22:17:21] [I] Average on 1 runs - GPU latency: 6.78125 ms - Host latency: 6.84863 ms (enqueue 2.12109 ms)
[10/04/2026-22:17:21] [I] Average on 1 runs - GPU latency: 6.77246 ms - Host latency: 6.83789 ms (enqueue 2.05664 ms)
[10/04/2026-22:17:21] [I] Average on 1 runs - GPU latency: 6.77734 ms - Host latency: 6.84375 ms (enqueue 2.04004 ms)
[10/04/2026-22:17:21] [I] Average on 1 runs - GPU latency: 6.77734 ms - Host latency: 6.84277 ms (enqueue 2.04785 ms)
[10/04/2026-22:17:21] [I] Average on 1 runs - GPU latency: 6.76758 ms - Host latency: 6.83398 ms (enqueue 2.125 ms)
[10/04/2026-22:17:21] [I] Average on 1 runs - GPU latency: 6.7627 ms - Host latency: 6.82715 ms (enqueue 2.1084 ms)
[10/04/2026-22:17:21] [I] Average on 1 runs - GPU latency: 6.77148 ms - Host latency: 6.83691 ms (enqueue 2.08105 ms)
[10/04/2026-22:17:21] [I] Average on 1 runs - GPU latency: 6.76074 ms - Host latency: 6.82617 ms (enqueue 2.08008 ms)
[10/04/2026-22:17:21] [I] Average on 1 runs - GPU latency: 6.79004 ms - Host latency: 6.87402 ms (enqueue 2.48047 ms)
[10/04/2026-22:17:21] [I] Average on 1 runs - GPU latency: 6.77832 ms - Host latency: 6.84961 ms (enqueue 2.39844 ms)
[10/04/2026-22:17:21] [I] Average on 1 runs - GPU latency: 6.77734 ms - Host latency: 6.84473 ms (enqueue 2.21289 ms)
[10/04/2026-22:17:21] [I] Average on 1 runs - GPU latency: 6.76855 ms - Host latency: 6.83496 ms (enqueue 2.18164 ms)
[10/04/2026-22:17:21] [I] Average on 1 runs - GPU latency: 6.77148 ms - Host latency: 6.83789 ms (enqueue 2.10645 ms)
[10/04/2026-22:17:21] [I] Average on 1 runs - GPU latency: 6.77637 ms - Host latency: 6.8418 ms (enqueue 2.11914 ms)
[10/04/2026-22:17:21] [I] Average on 1 runs - GPU latency: 6.7666 ms - Host latency: 6.83496 ms (enqueue 2.08887 ms)
[10/04/2026-22:17:21] [I] Average on 1 runs - GPU latency: 6.78027 ms - Host latency: 6.8418 ms (enqueue 2.09082 ms)
[10/04/2026-22:17:21] [I] Average on 1 runs - GPU latency: 6.78516 ms - Host latency: 6.84863 ms (enqueue 2.10645 ms)
[10/04/2026-22:17:21] [I] Average on 1 runs - GPU latency: 6.76855 ms - Host latency: 6.83301 ms (enqueue 2.13281 ms)
[10/04/2026-22:17:21] [I] Average on 1 runs - GPU latency: 6.77832 ms - Host latency: 6.84082 ms (enqueue 2.06348 ms)
[10/04/2026-22:17:21] [I] Average on 1 runs - GPU latency: 6.77148 ms - Host latency: 6.83496 ms (enqueue 2.0498 ms)
[10/04/2026-22:17:21] [I] Average on 1 runs - GPU latency: 6.77441 ms - Host latency: 6.83691 ms (enqueue 2.06836 ms)
[10/04/2026-22:17:21] [I] Average on 1 runs - GPU latency: 6.76758 ms - Host latency: 6.83203 ms (enqueue 2.1123 ms)
[10/04/2026-22:17:21] [I] Average on 1 runs - GPU latency: 6.77637 ms - Host latency: 6.84082 ms (enqueue 2.12305 ms)
[10/04/2026-22:17:21] [I] Average on 1 runs - GPU latency: 6.78516 ms - Host latency: 6.8584 ms (enqueue 2.42285 ms)
[10/04/2026-22:17:21] [I] Average on 1 runs - GPU latency: 6.78223 ms - Host latency: 6.85742 ms (enqueue 2.39844 ms)
[10/04/2026-22:17:21] [I] Average on 1 runs - GPU latency: 6.77148 ms - Host latency: 6.83984 ms (enqueue 2.12598 ms)
[10/04/2026-22:17:21] [I] Average on 1 runs - GPU latency: 6.76562 ms - Host latency: 6.83594 ms (enqueue 2.22461 ms)
[10/04/2026-22:17:21] [I] Average on 1 runs - GPU latency: 6.76562 ms - Host latency: 6.83691 ms (enqueue 2.24219 ms)
[10/04/2026-22:17:21] [I] Average on 1 runs - GPU latency: 6.78027 ms - Host latency: 6.84668 ms (enqueue 2.16992 ms)
[10/04/2026-22:17:21] [I] Average on 1 runs - GPU latency: 6.78125 ms - Host latency: 6.84668 ms (enqueue 2.06738 ms)
[10/04/2026-22:17:21] [I] Average on 1 runs - GPU latency: 6.78027 ms - Host latency: 6.84766 ms (enqueue 2.08887 ms)
[10/04/2026-22:17:21] [I] ... Omitting 28 lines
[10/04/2026-22:17:21] [I] Average on 1 runs - GPU latency: 6.77832 ms - Host latency: 6.84473 ms (enqueue 2.05566 ms)
[10/04/2026-22:17:21] [I] Average on 1 runs - GPU latency: 6.77148 ms - Host latency: 6.83691 ms (enqueue 2.04102 ms)
[10/04/2026-22:17:21] [I] Average on 1 runs - GPU latency: 6.77734 ms - Host latency: 6.84277 ms (enqueue 2.03125 ms)
[10/04/2026-22:17:21] [I] Average on 1 runs - GPU latency: 6.77734 ms - Host latency: 6.8418 ms (enqueue 2.0957 ms)
[10/04/2026-22:17:21] [I] Average on 1 runs - GPU latency: 6.76855 ms - Host latency: 6.83691 ms (enqueue 2.11816 ms)
[10/04/2026-22:17:21] [I] Average on 1 runs - GPU latency: 6.77441 ms - Host latency: 6.84082 ms (enqueue 2.08301 ms)
[10/04/2026-22:17:21] [I] Average on 1 runs - GPU latency: 6.77734 ms - Host latency: 6.84473 ms (enqueue 2.06543 ms)
[10/04/2026-22:17:21] [I] Average on 1 runs - GPU latency: 6.77441 ms - Host latency: 6.83984 ms (enqueue 2.05371 ms)
[10/04/2026-22:17:21] [I] Average on 1 runs - GPU latency: 6.78516 ms - Host latency: 6.85254 ms (enqueue 2.09961 ms)
[10/04/2026-22:17:21] [I] Average on 1 runs - GPU latency: 6.7666 ms - Host latency: 6.83203 ms (enqueue 2.08203 ms)
[10/04/2026-22:17:21] [I] Average on 1 runs - GPU latency: 6.76953 ms - Host latency: 6.83496 ms (enqueue 2.02246 ms)
[10/04/2026-22:17:21] [I] Average on 1 runs - GPU latency: 6.79199 ms - Host latency: 6.85547 ms (enqueue 2.03711 ms)
[10/04/2026-22:17:21] [I] Average on 1 runs - GPU latency: 6.78223 ms - Host latency: 6.86328 ms (enqueue 2.54102 ms)
[10/04/2026-22:17:21] [I] Average on 1 runs - GPU latency: 6.77051 ms - Host latency: 6.8418 ms (enqueue 2.3252 ms)
[10/04/2026-22:17:21] [I] Average on 1 runs - GPU latency: 6.76855 ms - Host latency: 6.83594 ms (enqueue 2.14258 ms)
[10/04/2026-22:17:21] [I] Average on 1 runs - GPU latency: 6.7793 ms - Host latency: 6.84473 ms (enqueue 2.08398 ms)
[10/04/2026-22:17:21] [I] Average on 1 runs - GPU latency: 6.77637 ms - Host latency: 6.8418 ms (enqueue 2.05176 ms)
[10/04/2026-22:17:21] [I] Average on 1 runs - GPU latency: 6.77344 ms - Host latency: 6.83887 ms (enqueue 2.02734 ms)
[10/04/2026-22:17:21] [I] Average on 1 runs - GPU latency: 6.77734 ms - Host latency: 6.8418 ms (enqueue 2.04785 ms)
[10/04/2026-22:17:21] [I] Average on 1 runs - GPU latency: 6.76855 ms - Host latency: 6.83301 ms (enqueue 2.05371 ms)
[10/04/2026-22:17:21] [I] Average on 1 runs - GPU latency: 6.77539 ms - Host latency: 6.83984 ms (enqueue 2.08789 ms)
[10/04/2026-22:17:21] [I] Average on 1 runs - GPU latency: 6.77148 ms - Host latency: 6.83691 ms (enqueue 2.02344 ms)
[10/04/2026-22:17:21] [I] Average on 1 runs - GPU latency: 6.78223 ms - Host latency: 6.84766 ms (enqueue 2.01855 ms)
[10/04/2026-22:17:21] [I] Average on 1 runs - GPU latency: 6.77539 ms - Host latency: 6.83887 ms (enqueue 2.02539 ms)
[10/04/2026-22:17:21] [I] Average on 1 runs - GPU latency: 6.77148 ms - Host latency: 6.83691 ms (enqueue 2.08984 ms)
[10/04/2026-22:17:21] [I] Average on 1 runs - GPU latency: 6.78027 ms - Host latency: 6.8457 ms (enqueue 2.05957 ms)
[10/04/2026-22:17:21] [I] Average on 1 runs - GPU latency: 6.77148 ms - Host latency: 6.84277 ms (enqueue 2.20605 ms)
[10/04/2026-22:17:21] [I] Average on 1 runs - GPU latency: 6.78711 ms - Host latency: 6.86719 ms (enqueue 2.47461 ms)
[10/04/2026-22:17:21] [I] Average on 1 runs - GPU latency: 6.77832 ms - Host latency: 6.85059 ms (enqueue 2.38184 ms)
[10/04/2026-22:17:21] [I] Average on 1 runs - GPU latency: 6.78027 ms - Host latency: 6.84375 ms (enqueue 2.08594 ms)
[10/04/2026-22:17:21] [I] Average on 1 runs - GPU latency: 6.78125 ms - Host latency: 6.8457 ms (enqueue 2.13281 ms)
[10/04/2026-22:17:21] [I] Average on 1 runs - GPU latency: 6.76953 ms - Host latency: 6.83203 ms (enqueue 2.12988 ms)
[10/04/2026-22:17:21] [I] Average on 1 runs - GPU latency: 6.77832 ms - Host latency: 6.84082 ms (enqueue 2.09277 ms)
[10/04/2026-22:17:21] [I] Average on 1 runs - GPU latency: 6.76562 ms - Host latency: 6.83496 ms (enqueue 2.13281 ms)
[10/04/2026-22:17:21] [I] Average on 1 runs - GPU latency: 6.7793 ms - Host latency: 6.8418 ms (enqueue 2.07227 ms)
[10/04/2026-22:17:21] [I] Average on 1 runs - GPU latency: 6.77832 ms - Host latency: 6.84375 ms (enqueue 2.09961 ms)
[10/04/2026-22:17:21] [I] Average on 1 runs - GPU latency: 6.77441 ms - Host latency: 6.83887 ms (enqueue 2.10059 ms)
[10/04/2026-22:17:21] [I] Average on 1 runs - GPU latency: 6.77344 ms - Host latency: 6.83691 ms (enqueue 2.12207 ms)
[10/04/2026-22:17:21] [I] Average on 1 runs - GPU latency: 6.77734 ms - Host latency: 6.83984 ms (enqueue 2.07031 ms)
[10/04/2026-22:17:21] [I] Average on 1 runs - GPU latency: 6.7832 ms - Host latency: 6.84766 ms (enqueue 2.04883 ms)
[10/04/2026-22:17:21] [I] Average on 1 runs - GPU latency: 6.77734 ms - Host latency: 6.84082 ms (enqueue 2.10547 ms)
[10/04/2026-22:17:21] [I] Average on 1 runs - GPU latency: 6.78809 ms - Host latency: 6.85156 ms (enqueue 2.13379 ms)
[10/04/2026-22:17:21] [I] Average on 1 runs - GPU latency: 6.80469 ms - Host latency: 6.87891 ms (enqueue 2.46777 ms)
[10/04/2026-22:17:21] [I] Average on 1 runs - GPU latency: 6.78125 ms - Host latency: 6.8584 ms (enqueue 2.52832 ms)
[10/04/2026-22:17:21] [I] Average on 1 runs - GPU latency: 6.76562 ms - Host latency: 6.83398 ms (enqueue 2.18848 ms)
[10/04/2026-22:17:21] [I] Average on 1 runs - GPU latency: 6.77539 ms - Host latency: 6.84277 ms (enqueue 2.0752 ms)
[10/04/2026-22:17:21] [I] Average on 1 runs - GPU latency: 6.7793 ms - Host latency: 6.84473 ms (enqueue 2.05273 ms)
[10/04/2026-22:17:21] [I] Average on 1 runs - GPU latency: 6.77246 ms - Host latency: 6.83691 ms (enqueue 2.10059 ms)
[10/04/2026-22:17:21] [I] Average on 1 runs - GPU latency: 6.77246 ms - Host latency: 6.84082 ms (enqueue 2.16699 ms)
[10/04/2026-22:17:21] [I] Average on 1 runs - GPU latency: 6.7832 ms - Host latency: 6.84766 ms (enqueue 2.03027 ms)
[10/04/2026-22:17:21] [I] Average on 1 runs - GPU latency: 6.77051 ms - Host latency: 6.83301 ms (enqueue 2.04688 ms)
[10/04/2026-22:17:21] [I] Average on 1 runs - GPU latency: 6.77246 ms - Host latency: 6.83496 ms (enqueue 2.06152 ms)
[10/04/2026-22:17:21] [I] Average on 1 runs - GPU latency: 6.76953 ms - Host latency: 6.83105 ms (enqueue 2.07129 ms)
[10/04/2026-22:17:21] [I] Average on 1 runs - GPU latency: 6.76855 ms - Host latency: 6.8291 ms (enqueue 2.09961 ms)
[10/04/2026-22:17:21] [I] Average on 1 runs - GPU latency: 6.7793 ms - Host latency: 6.84082 ms (enqueue 2.06055 ms)
[10/04/2026-22:17:21] [I] Average on 1 runs - GPU latency: 6.7793 ms - Host latency: 6.84863 ms (enqueue 2.1748 ms)
[10/04/2026-22:17:21] [I] Average on 1 runs - GPU latency: 6.77539 ms - Host latency: 6.83887 ms (enqueue 2.07715 ms)
[10/04/2026-22:17:21] [I] Average on 1 runs - GPU latency: 6.77344 ms - Host latency: 6.83594 ms (enqueue 2.11719 ms)
[10/04/2026-22:17:21] [I] Average on 1 runs - GPU latency: 6.78125 ms - Host latency: 6.86133 ms (enqueue 2.55078 ms)
[10/04/2026-22:17:21] [I] Average on 1 runs - GPU latency: 6.77734 ms - Host latency: 6.84668 ms (enqueue 2.30762 ms)
[10/04/2026-22:17:21] [I] Average on 1 runs - GPU latency: 6.77637 ms - Host latency: 6.84277 ms (enqueue 2.07422 ms)
[10/04/2026-22:17:21] [I] Average on 1 runs - GPU latency: 6.77832 ms - Host latency: 6.84375 ms (enqueue 2.04688 ms)
[10/04/2026-22:17:21] [I] Average on 1 runs - GPU latency: 6.76758 ms - Host latency: 6.83496 ms (enqueue 2.12305 ms)
[10/04/2026-22:17:21] [I] Average on 1 runs - GPU latency: 6.77344 ms - Host latency: 6.83984 ms (enqueue 2.12207 ms)
[10/04/2026-22:17:21] [I] Average on 1 runs - GPU latency: 6.77344 ms - Host latency: 6.83887 ms (enqueue 2.07715 ms)
[10/04/2026-22:17:21] [I] Average on 1 runs - GPU latency: 6.77441 ms - Host latency: 6.84082 ms (enqueue 2.09375 ms)
[10/04/2026-22:17:21] [I] Average on 1 runs - GPU latency: 6.77344 ms - Host latency: 6.83789 ms (enqueue 2.03125 ms)
[10/04/2026-22:17:21] [I] Average on 1 runs - GPU latency: 6.77246 ms - Host latency: 6.83691 ms (enqueue 2.04883 ms)
[10/04/2026-22:17:21] [I] Average on 1 runs - GPU latency: 6.77246 ms - Host latency: 6.83691 ms (enqueue 2.06348 ms)
[10/04/2026-22:17:21] [I] Average on 1 runs - GPU latency: 6.77344 ms - Host latency: 6.83789 ms (enqueue 2.08203 ms)
[10/04/2026-22:17:21] [I] Average on 1 runs - GPU latency: 6.77246 ms - Host latency: 6.83789 ms (enqueue 2.07812 ms)
[10/04/2026-22:17:21] [I] Average on 1 runs - GPU latency: 6.77148 ms - Host latency: 6.83691 ms (enqueue 2.0166 ms)
[10/04/2026-22:17:21] [I] Average on 1 runs - GPU latency: 6.77637 ms - Host latency: 6.84277 ms (enqueue 2.06348 ms)
[10/04/2026-22:17:21] [I] Average on 1 runs - GPU latency: 6.79102 ms - Host latency: 6.87012 ms (enqueue 2.48242 ms)
[10/04/2026-22:17:21] [I] Average on 1 runs - GPU latency: 6.76758 ms - Host latency: 6.84473 ms (enqueue 2.49902 ms)
[10/04/2026-22:17:21] [I] Average on 1 runs - GPU latency: 6.77441 ms - Host latency: 6.84082 ms (enqueue 2.17871 ms)
[10/04/2026-22:17:21] [I] Average on 1 runs - GPU latency: 6.77344 ms - Host latency: 6.84082 ms (enqueue 2.06836 ms)
[10/04/2026-22:17:21] [I] Average on 1 runs - GPU latency: 6.7793 ms - Host latency: 6.84375 ms (enqueue 2.04785 ms)
[10/04/2026-22:17:21] [I] Average on 1 runs - GPU latency: 6.78418 ms - Host latency: 6.85059 ms (enqueue 2.0791 ms)
[10/04/2026-22:17:21] [I] Average on 1 runs - GPU latency: 6.7666 ms - Host latency: 6.83008 ms (enqueue 2.09277 ms)
[10/04/2026-22:17:21] [I] Average on 1 runs - GPU latency: 6.77441 ms - Host latency: 6.83691 ms (enqueue 2.0918 ms)
[10/04/2026-22:17:21] [I] Average on 1 runs - GPU latency: 6.76855 ms - Host latency: 6.83203 ms (enqueue 2.09082 ms)
[10/04/2026-22:17:21] [I] Average on 1 runs - GPU latency: 6.76953 ms - Host latency: 6.83105 ms (enqueue 2.06055 ms)
[10/04/2026-22:17:21] [I] Average on 1 runs - GPU latency: 6.77148 ms - Host latency: 6.83105 ms (enqueue 2.0459 ms)
[10/04/2026-22:17:21] [I] Average on 1 runs - GPU latency: 6.7832 ms - Host latency: 6.85449 ms (enqueue 2.23535 ms)
[10/04/2026-22:17:21] [I] Average on 1 runs - GPU latency: 6.76953 ms - Host latency: 6.83105 ms (enqueue 2.15234 ms)
[10/04/2026-22:17:21] [I] Average on 1 runs - GPU latency: 6.77734 ms - Host latency: 6.83984 ms (enqueue 2.11914 ms)
[10/04/2026-22:17:21] [I] Average on 1 runs - GPU latency: 6.7793 ms - Host latency: 6.84277 ms (enqueue 2.08398 ms)
[10/04/2026-22:17:21] [I] Average on 1 runs - GPU latency: 6.78223 ms - Host latency: 6.84375 ms (enqueue 2.07227 ms)
[10/04/2026-22:17:21] [I] Average on 1 runs - GPU latency: 6.79297 ms - Host latency: 6.87402 ms (enqueue 2.55957 ms)
[10/04/2026-22:17:21] [I] Average on 1 runs - GPU latency: 6.78027 ms - Host latency: 6.85352 ms (enqueue 2.37598 ms)
[10/04/2026-22:17:21] [I] Average on 1 runs - GPU latency: 6.77051 ms - Host latency: 6.83594 ms (enqueue 2.14355 ms)
[10/04/2026-22:17:21] [I] Average on 1 runs - GPU latency: 6.77539 ms - Host latency: 6.84277 ms (enqueue 2.13867 ms)
[10/04/2026-22:17:21] [I] Average on 1 runs - GPU latency: 6.76953 ms - Host latency: 6.83594 ms (enqueue 2.07617 ms)
[10/04/2026-22:17:21] [I] Average on 1 runs - GPU latency: 6.76953 ms - Host latency: 6.83008 ms (enqueue 2.06738 ms)
[10/04/2026-22:17:21] [I] Average on 1 runs - GPU latency: 6.77637 ms - Host latency: 6.84082 ms (enqueue 2.05566 ms)
[10/04/2026-22:17:21] [I] Average on 1 runs - GPU latency: 6.78027 ms - Host latency: 6.84668 ms (enqueue 2.07031 ms)
[10/04/2026-22:17:21] [I] Average on 1 runs - GPU latency: 6.7793 ms - Host latency: 6.83887 ms (enqueue 2.09961 ms)
[10/04/2026-22:17:21] [I] Average on 1 runs - GPU latency: 6.77734 ms - Host latency: 6.83887 ms (enqueue 2.11035 ms)
[10/04/2026-22:17:21] [I] Average on 1 runs - GPU latency: 6.77637 ms - Host latency: 6.84277 ms (enqueue 2.06152 ms)
[10/04/2026-22:17:21] [I] Average on 1 runs - GPU latency: 6.77539 ms - Host latency: 6.84082 ms (enqueue 2.04688 ms)
[10/04/2026-22:17:21] [I] Average on 1 runs - GPU latency: 6.77734 ms - Host latency: 6.84375 ms (enqueue 2.10645 ms)
[10/04/2026-22:17:21] [I] Average on 1 runs - GPU latency: 6.77637 ms - Host latency: 6.84082 ms (enqueue 2.11719 ms)
[10/04/2026-22:17:21] [I] Average on 1 runs - GPU latency: 6.77637 ms - Host latency: 6.83691 ms (enqueue 2.06152 ms)
[10/04/2026-22:17:21] [I] Average on 1 runs - GPU latency: 6.78809 ms - Host latency: 6.86621 ms (enqueue 2.4834 ms)
[10/04/2026-22:17:21] [I] Average on 1 runs - GPU latency: 6.78516 ms - Host latency: 6.8584 ms (enqueue 2.44141 ms)
[10/04/2026-22:17:21] [I] Average on 1 runs - GPU latency: 6.78027 ms - Host latency: 6.84668 ms (enqueue 2.11133 ms)
[10/04/2026-22:17:21] [I] Average on 1 runs - GPU latency: 6.77637 ms - Host latency: 6.84375 ms (enqueue 2.12402 ms)
[10/04/2026-22:17:21] [I] Average on 1 runs - GPU latency: 6.78125 ms - Host latency: 6.84961 ms (enqueue 2.10742 ms)
[10/04/2026-22:17:21] [I] Average on 1 runs - GPU latency: 6.7793 ms - Host latency: 6.8457 ms (enqueue 2.09961 ms)
[10/04/2026-22:17:21] [I] Average on 1 runs - GPU latency: 6.77637 ms - Host latency: 6.84277 ms (enqueue 2.04102 ms)
[10/04/2026-22:17:21] [I] Average on 1 runs - GPU latency: 6.77734 ms - Host latency: 6.8457 ms (enqueue 2.19043 ms)
[10/04/2026-22:17:21] [I] Average on 1 runs - GPU latency: 6.7666 ms - Host latency: 6.84277 ms (enqueue 2.08887 ms)
[10/04/2026-22:17:21] [I] Average on 1 runs - GPU latency: 6.78418 ms - Host latency: 6.85156 ms (enqueue 2.23047 ms)
[10/04/2026-22:17:21] [I] Average on 1 runs - GPU latency: 6.77344 ms - Host latency: 6.84082 ms (enqueue 2.14355 ms)
[10/04/2026-22:17:21] [I] Average on 1 runs - GPU latency: 6.76367 ms - Host latency: 6.83105 ms (enqueue 2.06543 ms)
[10/04/2026-22:17:21] [I] Average on 1 runs - GPU latency: 6.76953 ms - Host latency: 6.83496 ms (enqueue 2.08594 ms)
[10/04/2026-22:17:21] [I] Average on 1 runs - GPU latency: 6.76465 ms - Host latency: 6.8291 ms (enqueue 2.01953 ms)
[10/04/2026-22:17:21] [I] Average on 1 runs - GPU latency: 6.77344 ms - Host latency: 6.8418 ms (enqueue 2.17773 ms)
[10/04/2026-22:17:21] [I] Average on 1 runs - GPU latency: 6.80176 ms - Host latency: 6.87305 ms (enqueue 2.2793 ms)
[10/04/2026-22:17:21] [I] Average on 1 runs - GPU latency: 6.78027 ms - Host latency: 6.85742 ms (enqueue 2.49121 ms)
[10/04/2026-22:17:21] [I] Average on 1 runs - GPU latency: 6.77832 ms - Host latency: 6.84473 ms (enqueue 2.23633 ms)
[10/04/2026-22:17:21] [I] Average on 1 runs - GPU latency: 6.76953 ms - Host latency: 6.83691 ms (enqueue 2.17188 ms)
[10/04/2026-22:17:21] [I] Average on 1 runs - GPU latency: 6.7832 ms - Host latency: 6.84863 ms (enqueue 2.05078 ms)
[10/04/2026-22:17:21] [I] Average on 1 runs - GPU latency: 6.77246 ms - Host latency: 6.83984 ms (enqueue 2.1084 ms)
[10/04/2026-22:17:21] [I] Average on 1 runs - GPU latency: 6.7666 ms - Host latency: 6.83008 ms (enqueue 2.0957 ms)
[10/04/2026-22:17:21] [I] Average on 1 runs - GPU latency: 6.77051 ms - Host latency: 6.83789 ms (enqueue 2.11621 ms)
[10/04/2026-22:17:21] [I] Average on 1 runs - GPU latency: 6.77734 ms - Host latency: 6.83691 ms (enqueue 2.02051 ms)
[10/04/2026-22:17:21] [I] Average on 1 runs - GPU latency: 6.78125 ms - Host latency: 6.84766 ms (enqueue 2.04785 ms)
[10/04/2026-22:17:21] [I] Average on 1 runs - GPU latency: 6.76562 ms - Host latency: 6.83105 ms (enqueue 2.08984 ms)
[10/04/2026-22:17:21] [I] Average on 1 runs - GPU latency: 6.77344 ms - Host latency: 6.83594 ms (enqueue 2.06934 ms)
[10/04/2026-22:17:21] [I] Average on 1 runs - GPU latency: 6.77734 ms - Host latency: 6.8418 ms (enqueue 2.10352 ms)
[10/04/2026-22:17:21] [I] Average on 1 runs - GPU latency: 6.77344 ms - Host latency: 6.83789 ms (enqueue 2.05078 ms)
[10/04/2026-22:17:21] [I] Average on 1 runs - GPU latency: 6.77539 ms - Host latency: 6.83594 ms (enqueue 2.08984 ms)
[10/04/2026-22:17:21] [I] Average on 1 runs - GPU latency: 6.76953 ms - Host latency: 6.83398 ms (enqueue 2.10254 ms)
[10/04/2026-22:17:21] [I] Average on 1 runs - GPU latency: 6.79492 ms - Host latency: 6.875 ms (enqueue 2.62012 ms)
[10/04/2026-22:17:21] [I] Average on 1 runs - GPU latency: 6.77832 ms - Host latency: 6.85156 ms (enqueue 2.41797 ms)
[10/04/2026-22:17:21] [I] Average on 1 runs - GPU latency: 6.77734 ms - Host latency: 6.84473 ms (enqueue 2.14746 ms)
[10/04/2026-22:17:21] [I] Average on 1 runs - GPU latency: 6.77344 ms - Host latency: 6.83789 ms (enqueue 2.06836 ms)
[10/04/2026-22:17:21] [I] Average on 1 runs - GPU latency: 6.78125 ms - Host latency: 6.84766 ms (enqueue 2.1416 ms)
[10/04/2026-22:17:21] [I] Average on 1 runs - GPU latency: 6.7832 ms - Host latency: 6.84473 ms (enqueue 2.05273 ms)
[10/04/2026-22:17:21] [I] Average on 1 runs - GPU latency: 6.77441 ms - Host latency: 6.83496 ms (enqueue 2.12109 ms)
[10/04/2026-22:17:21] [I] Average on 1 runs - GPU latency: 6.77441 ms - Host latency: 6.84375 ms (enqueue 2.25586 ms)
[10/04/2026-22:17:21] [I] Average on 1 runs - GPU latency: 6.77832 ms - Host latency: 6.8457 ms (enqueue 2.14648 ms)
[10/04/2026-22:17:21] [I] Average on 1 runs - GPU latency: 6.77539 ms - Host latency: 6.84082 ms (enqueue 2.05371 ms)
[10/04/2026-22:17:21] [I] Average on 1 runs - GPU latency: 6.7793 ms - Host latency: 6.8457 ms (enqueue 2.10645 ms)
[10/04/2026-22:17:21] [I] Average on 1 runs - GPU latency: 6.77637 ms - Host latency: 6.84375 ms (enqueue 2.11035 ms)
[10/04/2026-22:17:21] [I] Average on 1 runs - GPU latency: 6.77441 ms - Host latency: 6.83789 ms (enqueue 2.14062 ms)
[10/04/2026-22:17:21] [I] Average on 1 runs - GPU latency: 6.77539 ms - Host latency: 6.83789 ms (enqueue 2.11621 ms)
[10/04/2026-22:17:21] [I] Average on 1 runs - GPU latency: 6.77539 ms - Host latency: 6.8418 ms (enqueue 2.05859 ms)
[10/04/2026-22:17:21] [I] Average on 1 runs - GPU latency: 6.79004 ms - Host latency: 6.86426 ms (enqueue 2.35938 ms)
[10/04/2026-22:17:21] [I] Average on 1 runs - GPU latency: 6.76172 ms - Host latency: 6.83496 ms (enqueue 2.47168 ms)
[10/04/2026-22:17:21] [I] Average on 1 runs - GPU latency: 6.78125 ms - Host latency: 6.85352 ms (enqueue 2.22168 ms)
[10/04/2026-22:17:21] [I] Average on 1 runs - GPU latency: 6.77637 ms - Host latency: 6.84473 ms (enqueue 2.19043 ms)
[10/04/2026-22:17:21] [I] Average on 1 runs - GPU latency: 6.7793 ms - Host latency: 6.85156 ms (enqueue 2.15234 ms)
[10/04/2026-22:17:21] [I] Average on 1 runs - GPU latency: 6.7832 ms - Host latency: 6.84766 ms (enqueue 2.12109 ms)
[10/04/2026-22:17:21] [I] Average on 1 runs - GPU latency: 6.77734 ms - Host latency: 6.83984 ms (enqueue 2.07422 ms)
[10/04/2026-22:17:21] [I] Average on 1 runs - GPU latency: 6.78125 ms - Host latency: 6.8418 ms (enqueue 2.04883 ms)
[10/04/2026-22:17:21] [I] Average on 1 runs - GPU latency: 6.77539 ms - Host latency: 6.83789 ms (enqueue 2.13281 ms)
[10/04/2026-22:17:21] [I] Average on 1 runs - GPU latency: 6.77539 ms - Host latency: 6.83789 ms (enqueue 2.13086 ms)
[10/04/2026-22:17:21] [I] Average on 1 runs - GPU latency: 6.77539 ms - Host latency: 6.84375 ms (enqueue 2.10547 ms)
[10/04/2026-22:17:21] [I] Average on 1 runs - GPU latency: 6.77344 ms - Host latency: 6.83594 ms (enqueue 2.0332 ms)
[10/04/2026-22:17:21] [I] Average on 1 runs - GPU latency: 6.77734 ms - Host latency: 6.84375 ms (enqueue 2.04492 ms)
[10/04/2026-22:17:21] [I] Average on 1 runs - GPU latency: 6.7793 ms - Host latency: 6.8457 ms (enqueue 2.07031 ms)
[10/04/2026-22:17:21] [I] Average on 1 runs - GPU latency: 6.79102 ms - Host latency: 6.85547 ms (enqueue 2.07617 ms)
[10/04/2026-22:17:21] [I] Average on 1 runs - GPU latency: 6.77539 ms - Host latency: 6.83984 ms (enqueue 2.09961 ms)
[10/04/2026-22:17:21] [I] Average on 1 runs - GPU latency: 6.7793 ms - Host latency: 6.85938 ms (enqueue 2.54102 ms)
[10/04/2026-22:17:21] [I] Average on 1 runs - GPU latency: 6.7832 ms - Host latency: 6.85352 ms (enqueue 2.31445 ms)
[10/04/2026-22:17:21] [I] Average on 1 runs - GPU latency: 6.76562 ms - Host latency: 6.83398 ms (enqueue 2.14844 ms)
[10/04/2026-22:17:21] [I] Average on 1 runs - GPU latency: 6.77734 ms - Host latency: 6.84375 ms (enqueue 2.14062 ms)
[10/04/2026-22:17:21] [I] Average on 1 runs - GPU latency: 6.7832 ms - Host latency: 6.84766 ms (enqueue 2.13672 ms)
[10/04/2026-22:17:21] [I] Average on 1 runs - GPU latency: 6.76562 ms - Host latency: 6.83594 ms (enqueue 2.26758 ms)
[10/04/2026-22:17:21] [I] Average on 1 runs - GPU latency: 6.76953 ms - Host latency: 6.83789 ms (enqueue 2.09961 ms)
[10/04/2026-22:17:21] [I] Average on 1 runs - GPU latency: 6.77148 ms - Host latency: 6.83984 ms (enqueue 2.06445 ms)
[10/04/2026-22:17:21] [I] Average on 1 runs - GPU latency: 6.7832 ms - Host latency: 6.84961 ms (enqueue 2.04297 ms)
[10/04/2026-22:17:21] [I] Average on 1 runs - GPU latency: 6.77734 ms - Host latency: 6.8457 ms (enqueue 2.18359 ms)
[10/04/2026-22:17:21] [I] Average on 1 runs - GPU latency: 6.78125 ms - Host latency: 6.84961 ms (enqueue 2.10352 ms)
[10/04/2026-22:17:21] [I] Average on 1 runs - GPU latency: 6.76562 ms - Host latency: 6.83398 ms (enqueue 2.05078 ms)
[10/04/2026-22:17:21] [I] Average on 1 runs - GPU latency: 6.78125 ms - Host latency: 6.84766 ms (enqueue 2.03516 ms)
[10/04/2026-22:17:21] [I] Average on 1 runs - GPU latency: 6.77734 ms - Host latency: 6.84375 ms (enqueue 2.04102 ms)
[10/04/2026-22:17:21] [I] Average on 1 runs - GPU latency: 6.76758 ms - Host latency: 6.83398 ms (enqueue 2.08789 ms)
[10/04/2026-22:17:21] [I] Average on 1 runs - GPU latency: 6.78125 ms - Host latency: 6.85742 ms (enqueue 2.53906 ms)
[10/04/2026-22:17:21] [I] Average on 1 runs - GPU latency: 6.78516 ms - Host latency: 6.85938 ms (enqueue 2.50781 ms)
[10/04/2026-22:17:21] [I] Average on 1 runs - GPU latency: 6.77344 ms - Host latency: 6.8418 ms (enqueue 2.17773 ms)
[10/04/2026-22:17:21] [I] Average on 1 runs - GPU latency: 6.7793 ms - Host latency: 6.8457 ms (enqueue 2.06445 ms)
[10/04/2026-22:17:21] [I] Average on 1 runs - GPU latency: 6.7832 ms - Host latency: 6.84961 ms (enqueue 2.09961 ms)
[10/04/2026-22:17:21] [I] Average on 1 runs - GPU latency: 6.7793 ms - Host latency: 6.83984 ms (enqueue 2.11719 ms)
[10/04/2026-22:17:21] [I] Average on 1 runs - GPU latency: 6.7832 ms - Host latency: 6.8457 ms (enqueue 2.0957 ms)
[10/04/2026-22:17:21] [I] Average on 1 runs - GPU latency: 6.7832 ms - Host latency: 6.84961 ms (enqueue 2.07031 ms)
[10/04/2026-22:17:21] [I] Average on 1 runs - GPU latency: 6.7793 ms - Host latency: 6.83789 ms (enqueue 2.05664 ms)
[10/04/2026-22:17:21] [I] Average on 1 runs - GPU latency: 6.76172 ms - Host latency: 6.83203 ms (enqueue 2.07812 ms)
[10/04/2026-22:17:21] [I] Average on 1 runs - GPU latency: 6.77734 ms - Host latency: 6.8418 ms (enqueue 2.08984 ms)
[10/04/2026-22:17:21] [I] Average on 1 runs - GPU latency: 6.77148 ms - Host latency: 6.83203 ms (enqueue 2.0918 ms)
[10/04/2026-22:17:21] [I] Average on 1 runs - GPU latency: 6.7793 ms - Host latency: 6.83984 ms (enqueue 2.11719 ms)
[10/04/2026-22:17:21] [I] Average on 1 runs - GPU latency: 6.77539 ms - Host latency: 6.8418 ms (enqueue 2.06641 ms)
[10/04/2026-22:17:21] [I] Average on 1 runs - GPU latency: 6.76758 ms - Host latency: 6.82812 ms (enqueue 2.02344 ms)
[10/04/2026-22:17:21] [I] Average on 1 runs - GPU latency: 6.80273 ms - Host latency: 6.87109 ms (enqueue 2.42188 ms)
[10/04/2026-22:17:21] [I] Average on 1 runs - GPU latency: 6.7793 ms - Host latency: 6.85742 ms (enqueue 2.55469 ms)
[10/04/2026-22:17:21] [I] Average on 1 runs - GPU latency: 6.78125 ms - Host latency: 6.84961 ms (enqueue 2.1875 ms)
[10/04/2026-22:17:21] [I] Average on 1 runs - GPU latency: 6.7832 ms - Host latency: 6.84766 ms (enqueue 2.13672 ms)
[10/04/2026-22:17:21] [I] Average on 1 runs - GPU latency: 6.7793 ms - Host latency: 6.84961 ms (enqueue 2.20117 ms)
[10/04/2026-22:17:21] [I] 
[10/04/2026-22:17:21] [I] === Performance summary ===
[10/04/2026-22:17:21] [I] Throughput: 28.4323 qps
[10/04/2026-22:17:21] [I] Latency: min = 6.8252 ms, max = 6.9231 ms, mean = 6.84331 ms, median = 6.8418 ms, percentile(90%) = 6.85547 ms, percentile(95%) = 6.86133 ms, percentile(99%) = 6.875 ms
[10/04/2026-22:17:21] [I] Enqueue Time: min = 2.00781 ms, max = 2.95312 ms, mean = 2.15583 ms, median = 2.10645 ms, percentile(90%) = 2.39844 ms, percentile(95%) = 2.51611 ms, percentile(99%) = 2.6394 ms
[10/04/2026-22:17:21] [I] H2D Latency: min = 0.0556641 ms, max = 0.126465 ms, mean = 0.0634714 ms, median = 0.0625 ms, percentile(90%) = 0.0703125 ms, percentile(95%) = 0.0751953 ms, percentile(99%) = 0.0795898 ms
[10/04/2026-22:17:21] [I] GPU Compute Time: min = 6.75854 ms, max = 6.80469 ms, mean = 6.77597 ms, median = 6.77563 ms, percentile(90%) = 6.7832 ms, percentile(95%) = 6.78711 ms, percentile(99%) = 6.79785 ms
[10/04/2026-22:17:21] [I] D2H Latency: min = 0.00195312 ms, max = 0.0065918 ms, mean = 0.00387374 ms, median = 0.00390625 ms, percentile(90%) = 0.00439453 ms, percentile(95%) = 0.00488281 ms, percentile(99%) = 0.00488281 ms
[10/04/2026-22:17:21] [I] Total Host Walltime: 15.0533 s
[10/04/2026-22:17:21] [I] Total GPU Compute Time: 2.90012 s
[10/04/2026-22:17:21] [I] Explanations of the performance metrics are printed in the verbose logs.
[10/04/2026-22:17:21] [I] 
&&&& PASSED TensorRT.trtexec [TensorRT v100300] # /usr/src/tensorrt/bin/trtexec --loadEngine=/tmp/engines/y26s_640_uint8_opt3.engine --warmUp=3000 --duration=15 --idleTime=33 --avgRuns=1
