&&&& RUNNING TensorRT.trtexec [TensorRT v100300] # /usr/src/tensorrt/bin/trtexec --loadEngine=/tmp/yolo26n_84172_uint8_fp16_opt3.engine --warmUp=3000 --duration=15 --idleTime=0 --avgRuns=1
[10/06/2026-16:10:45] [I] === Model Options ===
[10/06/2026-16:10:45] [I] Format: *
[10/06/2026-16:10:45] [I] Model: 
[10/06/2026-16:10:45] [I] Output:
[10/06/2026-16:10:45] [I] 
[10/06/2026-16:10:45] [I] === System Options ===
[10/06/2026-16:10:45] [I] Device: 0
[10/06/2026-16:10:45] [I] DLACore: 
[10/06/2026-16:10:45] [I] Plugins:
[10/06/2026-16:10:45] [I] setPluginsToSerialize:
[10/06/2026-16:10:45] [I] dynamicPlugins:
[10/06/2026-16:10:45] [I] ignoreParsedPluginLibs: 0
[10/06/2026-16:10:45] [I] 
[10/06/2026-16:10:45] [I] === Inference Options ===
[10/06/2026-16:10:45] [I] Batch: Explicit
[10/06/2026-16:10:45] [I] Input inference shapes: model
[10/06/2026-16:10:45] [I] Iterations: 10
[10/06/2026-16:10:45] [I] Duration: 15s (+ 3000ms warm up)
[10/06/2026-16:10:45] [I] Sleep time: 0ms
[10/06/2026-16:10:45] [I] Idle time: 0ms
[10/06/2026-16:10:45] [I] Inference Streams: 1
[10/06/2026-16:10:45] [I] ExposeDMA: Disabled
[10/06/2026-16:10:45] [I] Data transfers: Enabled
[10/06/2026-16:10:45] [I] Spin-wait: Disabled
[10/06/2026-16:10:45] [I] Multithreading: Disabled
[10/06/2026-16:10:45] [I] CUDA Graph: Disabled
[10/06/2026-16:10:45] [I] Separate profiling: Disabled
[10/06/2026-16:10:45] [I] Time Deserialize: Disabled
[10/06/2026-16:10:45] [I] Time Refit: Disabled
[10/06/2026-16:10:45] [I] NVTX verbosity: 0
[10/06/2026-16:10:45] [I] Persistent Cache Ratio: 0
[10/06/2026-16:10:45] [I] Optimization Profile Index: 0
[10/06/2026-16:10:45] [I] Weight Streaming Budget: 100.000000%
[10/06/2026-16:10:45] [I] Inputs:
[10/06/2026-16:10:45] [I] Debug Tensor Save Destinations:
[10/06/2026-16:10:45] [I] === Reporting Options ===
[10/06/2026-16:10:45] [I] Verbose: Disabled
[10/06/2026-16:10:45] [I] Averages: 1 inferences
[10/06/2026-16:10:45] [I] Percentiles: 90,95,99
[10/06/2026-16:10:45] [I] Dump refittable layers:Disabled
[10/06/2026-16:10:45] [I] Dump output: Disabled
[10/06/2026-16:10:45] [I] Profile: Disabled
[10/06/2026-16:10:45] [I] Export timing to JSON file: 
[10/06/2026-16:10:45] [I] Export output to JSON file: 
[10/06/2026-16:10:45] [I] Export profile to JSON file: 
[10/06/2026-16:10:45] [I] 
[10/06/2026-16:10:45] [I] === Device Information ===
[10/06/2026-16:10:45] [I] Available Devices: 
[10/06/2026-16:10:45] [I]   Device 0: "Orin" UUID: GPU-6e16c2c1-e394-5324-8f2e-63a975968f4e
[10/06/2026-16:10:45] [I] Selected Device: Orin
[10/06/2026-16:10:45] [I] Selected Device ID: 0
[10/06/2026-16:10:45] [I] Selected Device UUID: GPU-6e16c2c1-e394-5324-8f2e-63a975968f4e
[10/06/2026-16:10:45] [I] Compute Capability: 8.7
[10/06/2026-16:10:45] [I] SMs: 8
[10/06/2026-16:10:45] [I] Device Global Memory: 7607 MiB
[10/06/2026-16:10:45] [I] Shared Memory per SM: 164 KiB
[10/06/2026-16:10:45] [I] Memory Bus Width: 128 bits (ECC disabled)
[10/06/2026-16:10:45] [I] Application Compute Clock Rate: 1.02 GHz
[10/06/2026-16:10:45] [I] Application Memory Clock Rate: 0.408 GHz
[10/06/2026-16:10:45] [I] 
[10/06/2026-16:10:45] [I] Note: The application clock rates do not reflect the actual clock rates that the GPU is currently running at.
[10/06/2026-16:10:45] [I] 
[10/06/2026-16:10:45] [I] TensorRT version: 10.3.0
[10/06/2026-16:10:45] [I] Loading standard plugins
[10/06/2026-16:10:45] [I] [TRT] Loaded engine size: 7 MiB
[10/06/2026-16:10:45] [I] Engine deserialized in 0.0760666 sec.
[10/06/2026-16:10:45] [I] [TRT] [MemUsageChange] TensorRT-managed allocation in IExecutionContext creation: CPU +0, GPU +12, now: CPU 0, GPU 16 (MiB)
[10/06/2026-16:10:45] [I] Setting persistentCacheLimit to 0 bytes.
[10/06/2026-16:10:45] [I] Created execution context with device memory size: 12.207 MiB
[10/06/2026-16:10:45] [I] Using random values for input images
[10/06/2026-16:10:45] [I] Input binding for images with dimensions 1x640x640x3 is created.
[10/06/2026-16:10:45] [I] Output binding for output0 with dimensions 1x300x6 is created.
[10/06/2026-16:10:45] [I] Starting inference
[10/06/2026-16:11:03] [I] Warmup completed 308 queries over 3000 ms
[10/06/2026-16:11:03] [I] Timing trace has 1572 queries over 15.0262 s
[10/06/2026-16:11:03] [I] 
[10/06/2026-16:11:03] [I] === Trace details ===
[10/06/2026-16:11:03] [I] Trace averages of 1 runs:
[10/06/2026-16:11:03] [I] Average on 1 runs - GPU latency: 9.54199 ms - Host latency: 9.6853 ms (enqueue 4.35376 ms)
[10/06/2026-16:11:03] [I] Average on 1 runs - GPU latency: 9.55054 ms - Host latency: 9.69458 ms (enqueue 4.37793 ms)
[10/06/2026-16:11:03] [I] Average on 1 runs - GPU latency: 9.55005 ms - Host latency: 9.70166 ms (enqueue 4.42529 ms)
[10/06/2026-16:11:03] [I] Average on 1 runs - GPU latency: 9.54736 ms - Host latency: 9.70117 ms (enqueue 4.37549 ms)
[10/06/2026-16:11:03] [I] Average on 1 runs - GPU latency: 9.54858 ms - Host latency: 9.69531 ms (enqueue 4.37964 ms)
[10/06/2026-16:11:03] [I] Average on 1 runs - GPU latency: 9.55005 ms - Host latency: 9.69141 ms (enqueue 4.36133 ms)
[10/06/2026-16:11:03] [I] Average on 1 runs - GPU latency: 9.54346 ms - Host latency: 9.71411 ms (enqueue 4.31592 ms)
[10/06/2026-16:11:03] [I] Average on 1 runs - GPU latency: 9.54297 ms - Host latency: 9.68262 ms (enqueue 4.39697 ms)
[10/06/2026-16:11:03] [I] Average on 1 runs - GPU latency: 9.54761 ms - Host latency: 9.69189 ms (enqueue 4.42261 ms)
[10/06/2026-16:11:03] [I] Average on 1 runs - GPU latency: 9.52441 ms - Host latency: 9.66846 ms (enqueue 4.40088 ms)
[10/06/2026-16:11:03] [I] Average on 1 runs - GPU latency: 9.54639 ms - Host latency: 9.698 ms (enqueue 4.36841 ms)
[10/06/2026-16:11:03] [I] Average on 1 runs - GPU latency: 9.55713 ms - Host latency: 9.7085 ms (enqueue 4.31738 ms)
[10/06/2026-16:11:03] [I] Average on 1 runs - GPU latency: 9.54785 ms - Host latency: 9.69653 ms (enqueue 4.37231 ms)
[10/06/2026-16:11:03] [I] Average on 1 runs - GPU latency: 9.54834 ms - Host latency: 9.70166 ms (enqueue 4.47827 ms)
[10/06/2026-16:11:03] [I] Average on 1 runs - GPU latency: 9.54395 ms - Host latency: 9.6875 ms (enqueue 4.41797 ms)
[10/06/2026-16:11:03] [I] Average on 1 runs - GPU latency: 9.54175 ms - Host latency: 9.68408 ms (enqueue 4.37256 ms)
[10/06/2026-16:11:03] [I] Average on 1 runs - GPU latency: 9.55981 ms - Host latency: 9.70361 ms (enqueue 4.28882 ms)
[10/06/2026-16:11:03] [I] Average on 1 runs - GPU latency: 9.55249 ms - Host latency: 9.70825 ms (enqueue 4.46338 ms)
[10/06/2026-16:11:03] [I] Average on 1 runs - GPU latency: 9.53955 ms - Host latency: 9.68408 ms (enqueue 4.42993 ms)
[10/06/2026-16:11:03] [I] Average on 1 runs - GPU latency: 9.54712 ms - Host latency: 9.68896 ms (enqueue 4.36768 ms)
[10/06/2026-16:11:03] [I] Average on 1 runs - GPU latency: 9.55176 ms - Host latency: 9.69385 ms (enqueue 4.39062 ms)
[10/06/2026-16:11:03] [I] Average on 1 runs - GPU latency: 9.55273 ms - Host latency: 9.69873 ms (enqueue 4.35962 ms)
[10/06/2026-16:11:03] [I] Average on 1 runs - GPU latency: 9.55176 ms - Host latency: 9.69189 ms (enqueue 4.40942 ms)
[10/06/2026-16:11:03] [I] Average on 1 runs - GPU latency: 9.55176 ms - Host latency: 9.69727 ms (enqueue 4.44409 ms)
[10/06/2026-16:11:03] [I] Average on 1 runs - GPU latency: 9.53833 ms - Host latency: 9.68213 ms (enqueue 4.39429 ms)
[10/06/2026-16:11:03] [I] Average on 1 runs - GPU latency: 9.53564 ms - Host latency: 9.68457 ms (enqueue 4.41821 ms)
[10/06/2026-16:11:03] [I] Average on 1 runs - GPU latency: 9.55542 ms - Host latency: 9.70215 ms (enqueue 4.40894 ms)
[10/06/2026-16:11:03] [I] Average on 1 runs - GPU latency: 9.53955 ms - Host latency: 9.68701 ms (enqueue 4.26465 ms)
[10/06/2026-16:11:03] [I] Average on 1 runs - GPU latency: 9.55713 ms - Host latency: 9.70215 ms (enqueue 4.36475 ms)
[10/06/2026-16:11:03] [I] Average on 1 runs - GPU latency: 9.55127 ms - Host latency: 9.69971 ms (enqueue 4.38257 ms)
[10/06/2026-16:11:03] [I] Average on 1 runs - GPU latency: 9.55127 ms - Host latency: 9.70728 ms (enqueue 4.42627 ms)
[10/06/2026-16:11:03] [I] Average on 1 runs - GPU latency: 9.54785 ms - Host latency: 9.69312 ms (enqueue 4.4021 ms)
[10/06/2026-16:11:03] [I] Average on 1 runs - GPU latency: 9.55298 ms - Host latency: 9.69775 ms (enqueue 4.29663 ms)
[10/06/2026-16:11:03] [I] Average on 1 runs - GPU latency: 9.5354 ms - Host latency: 9.70239 ms (enqueue 4.4541 ms)
[10/06/2026-16:11:03] [I] Average on 1 runs - GPU latency: 9.54468 ms - Host latency: 9.68921 ms (enqueue 4.38159 ms)
[10/06/2026-16:11:03] [I] Average on 1 runs - GPU latency: 9.54541 ms - Host latency: 9.69214 ms (enqueue 4.45874 ms)
[10/06/2026-16:11:03] [I] Average on 1 runs - GPU latency: 9.52783 ms - Host latency: 9.67358 ms (enqueue 4.38281 ms)
[10/06/2026-16:11:03] [I] Average on 1 runs - GPU latency: 9.55322 ms - Host latency: 9.70215 ms (enqueue 4.47607 ms)
[10/06/2026-16:11:03] [I] Average on 1 runs - GPU latency: 9.53662 ms - Host latency: 9.68262 ms (enqueue 4.45532 ms)
[10/06/2026-16:11:03] [I] Average on 1 runs - GPU latency: 9.54761 ms - Host latency: 9.70215 ms (enqueue 4.41553 ms)
[10/06/2026-16:11:03] [I] Average on 1 runs - GPU latency: 9.54492 ms - Host latency: 9.69238 ms (enqueue 4.44141 ms)
[10/06/2026-16:11:03] [I] Average on 1 runs - GPU latency: 9.53882 ms - Host latency: 9.68481 ms (enqueue 4.39795 ms)
[10/06/2026-16:11:03] [I] Average on 1 runs - GPU latency: 9.55151 ms - Host latency: 9.70679 ms (enqueue 4.49683 ms)
[10/06/2026-16:11:03] [I] Average on 1 runs - GPU latency: 9.53052 ms - Host latency: 9.67529 ms (enqueue 4.40796 ms)
[10/06/2026-16:11:03] [I] Average on 1 runs - GPU latency: 9.53882 ms - Host latency: 9.69165 ms (enqueue 4.41919 ms)
[10/06/2026-16:11:03] [I] Average on 1 runs - GPU latency: 9.54907 ms - Host latency: 9.69897 ms (enqueue 4.32104 ms)
[10/06/2026-16:11:03] [I] Average on 1 runs - GPU latency: 9.5564 ms - Host latency: 9.7063 ms (enqueue 4.29688 ms)
[10/06/2026-16:11:03] [I] Average on 1 runs - GPU latency: 9.55225 ms - Host latency: 9.70947 ms (enqueue 4.2981 ms)
[10/06/2026-16:11:03] [I] Average on 1 runs - GPU latency: 9.55298 ms - Host latency: 9.70435 ms (enqueue 4.36987 ms)
[10/06/2026-16:11:03] [I] Average on 1 runs - GPU latency: 9.56299 ms - Host latency: 9.71069 ms (enqueue 4.38721 ms)
[10/06/2026-16:11:03] [I] Average on 1 runs - GPU latency: 9.55151 ms - Host latency: 9.69751 ms (enqueue 4.33765 ms)
[10/06/2026-16:11:03] [I] Average on 1 runs - GPU latency: 9.55542 ms - Host latency: 9.70068 ms (enqueue 4.25928 ms)
[10/06/2026-16:11:03] [I] Average on 1 runs - GPU latency: 9.54565 ms - Host latency: 9.69263 ms (enqueue 4.35571 ms)
[10/06/2026-16:11:03] [I] Average on 1 runs - GPU latency: 9.55127 ms - Host latency: 9.7019 ms (enqueue 4.33423 ms)
[10/06/2026-16:11:03] [I] Average on 1 runs - GPU latency: 9.55225 ms - Host latency: 9.70337 ms (enqueue 4.43359 ms)
[10/06/2026-16:11:03] [I] Average on 1 runs - GPU latency: 9.54199 ms - Host latency: 9.69116 ms (enqueue 4.42554 ms)
[10/06/2026-16:11:03] [I] Average on 1 runs - GPU latency: 9.54199 ms - Host latency: 9.69434 ms (enqueue 4.46411 ms)
[10/06/2026-16:11:03] [I] Average on 1 runs - GPU latency: 9.55371 ms - Host latency: 9.70361 ms (enqueue 4.36133 ms)
[10/06/2026-16:11:03] [I] Average on 1 runs - GPU latency: 9.54736 ms - Host latency: 9.68848 ms (enqueue 4.34888 ms)
[10/06/2026-16:11:03] [I] Average on 1 runs - GPU latency: 9.54614 ms - Host latency: 9.69385 ms (enqueue 4.43823 ms)
[10/06/2026-16:11:03] [I] Average on 1 runs - GPU latency: 9.55005 ms - Host latency: 9.69312 ms (enqueue 4.53442 ms)
[10/06/2026-16:11:03] [I] Average on 1 runs - GPU latency: 9.56128 ms - Host latency: 9.70557 ms (enqueue 4.36328 ms)
[10/06/2026-16:11:03] [I] Average on 1 runs - GPU latency: 9.54663 ms - Host latency: 9.69312 ms (enqueue 4.38232 ms)
[10/06/2026-16:11:03] [I] Average on 1 runs - GPU latency: 9.54932 ms - Host latency: 9.70142 ms (enqueue 4.41455 ms)
[10/06/2026-16:11:03] [I] Average on 1 runs - GPU latency: 9.54468 ms - Host latency: 9.69727 ms (enqueue 4.42896 ms)
[10/06/2026-16:11:03] [I] Average on 1 runs - GPU latency: 9.53442 ms - Host latency: 9.6897 ms (enqueue 4.36719 ms)
[10/06/2026-16:11:03] [I] Average on 1 runs - GPU latency: 9.54907 ms - Host latency: 9.70068 ms (enqueue 4.36816 ms)
[10/06/2026-16:11:03] [I] Average on 1 runs - GPU latency: 9.54541 ms - Host latency: 9.69995 ms (enqueue 4.41382 ms)
[10/06/2026-16:11:03] [I] Average on 1 runs - GPU latency: 9.55688 ms - Host latency: 9.70898 ms (enqueue 4.41235 ms)
[10/06/2026-16:11:03] [I] Average on 1 runs - GPU latency: 9.54858 ms - Host latency: 9.70142 ms (enqueue 4.31104 ms)
[10/06/2026-16:11:03] [I] Average on 1 runs - GPU latency: 9.54663 ms - Host latency: 9.69946 ms (enqueue 4.42236 ms)
[10/06/2026-16:11:03] [I] Average on 1 runs - GPU latency: 9.54053 ms - Host latency: 9.68677 ms (enqueue 4.43701 ms)
[10/06/2026-16:11:03] [I] Average on 1 runs - GPU latency: 9.54639 ms - Host latency: 9.68726 ms (enqueue 4.35913 ms)
[10/06/2026-16:11:03] [I] Average on 1 runs - GPU latency: 9.54102 ms - Host latency: 9.68579 ms (enqueue 4.45386 ms)
[10/06/2026-16:11:03] [I] Average on 1 runs - GPU latency: 9.56055 ms - Host latency: 9.73389 ms (enqueue 4.32007 ms)
[10/06/2026-16:11:03] [I] Average on 1 runs - GPU latency: 9.54565 ms - Host latency: 9.69067 ms (enqueue 4.38916 ms)
[10/06/2026-16:11:03] [I] Average on 1 runs - GPU latency: 9.55518 ms - Host latency: 9.70142 ms (enqueue 4.375 ms)
[10/06/2026-16:11:03] [I] Average on 1 runs - GPU latency: 9.54443 ms - Host latency: 9.69507 ms (enqueue 4.41064 ms)
[10/06/2026-16:11:03] [I] Average on 1 runs - GPU latency: 9.54614 ms - Host latency: 9.69458 ms (enqueue 4.3938 ms)
[10/06/2026-16:11:03] [I] Average on 1 runs - GPU latency: 9.54785 ms - Host latency: 9.68896 ms (enqueue 4.30542 ms)
[10/06/2026-16:11:03] [I] Average on 1 runs - GPU latency: 9.55518 ms - Host latency: 9.70605 ms (enqueue 4.3999 ms)
[10/06/2026-16:11:03] [I] Average on 1 runs - GPU latency: 9.55371 ms - Host latency: 9.69971 ms (enqueue 4.37524 ms)
[10/06/2026-16:11:03] [I] Average on 1 runs - GPU latency: 9.55127 ms - Host latency: 9.6897 ms (enqueue 4.40698 ms)
[10/06/2026-16:11:03] [I] Average on 1 runs - GPU latency: 9.56104 ms - Host latency: 9.71558 ms (enqueue 4.39819 ms)
[10/06/2026-16:11:03] [I] Average on 1 runs - GPU latency: 9.53345 ms - Host latency: 9.67749 ms (enqueue 4.40405 ms)
[10/06/2026-16:11:03] [I] Average on 1 runs - GPU latency: 9.53418 ms - Host latency: 9.68115 ms (enqueue 4.40454 ms)
[10/06/2026-16:11:03] [I] Average on 1 runs - GPU latency: 9.54712 ms - Host latency: 9.69458 ms (enqueue 4.39575 ms)
[10/06/2026-16:11:03] [I] Average on 1 runs - GPU latency: 9.5498 ms - Host latency: 9.69116 ms (enqueue 4.38989 ms)
[10/06/2026-16:11:03] [I] Average on 1 runs - GPU latency: 9.54443 ms - Host latency: 9.70996 ms (enqueue 4.41968 ms)
[10/06/2026-16:11:03] [I] Average on 1 runs - GPU latency: 9.55029 ms - Host latency: 9.69702 ms (enqueue 4.43311 ms)
[10/06/2026-16:11:03] [I] Average on 1 runs - GPU latency: 9.53979 ms - Host latency: 9.6875 ms (enqueue 4.28833 ms)
[10/06/2026-16:11:03] [I] Average on 1 runs - GPU latency: 9.55029 ms - Host latency: 9.69263 ms (enqueue 4.47119 ms)
[10/06/2026-16:11:03] [I] Average on 1 runs - GPU latency: 9.55054 ms - Host latency: 9.69702 ms (enqueue 4.44507 ms)
[10/06/2026-16:11:03] [I] Average on 1 runs - GPU latency: 9.55127 ms - Host latency: 9.69434 ms (enqueue 4.35669 ms)
[10/06/2026-16:11:03] [I] Average on 1 runs - GPU latency: 9.54346 ms - Host latency: 9.68872 ms (enqueue 4.36304 ms)
[10/06/2026-16:11:03] [I] Average on 1 runs - GPU latency: 9.54297 ms - Host latency: 9.68457 ms (enqueue 4.27954 ms)
[10/06/2026-16:11:03] [I] Average on 1 runs - GPU latency: 9.54712 ms - Host latency: 9.68799 ms (enqueue 4.33057 ms)
[10/06/2026-16:11:03] [I] Average on 1 runs - GPU latency: 9.53735 ms - Host latency: 9.68164 ms (enqueue 4.4043 ms)
[10/06/2026-16:11:03] [I] Average on 1 runs - GPU latency: 9.54956 ms - Host latency: 9.69482 ms (enqueue 4.41919 ms)
[10/06/2026-16:11:03] [I] Average on 1 runs - GPU latency: 9.55493 ms - Host latency: 9.70264 ms (enqueue 4.38281 ms)
[10/06/2026-16:11:03] [I] Average on 1 runs - GPU latency: 9.5293 ms - Host latency: 9.68359 ms (enqueue 4.30835 ms)
[10/06/2026-16:11:03] [I] Average on 1 runs - GPU latency: 9.54688 ms - Host latency: 9.69922 ms (enqueue 4.40405 ms)
[10/06/2026-16:11:03] [I] Average on 1 runs - GPU latency: 9.55762 ms - Host latency: 9.70508 ms (enqueue 4.38477 ms)
[10/06/2026-16:11:03] [I] Average on 1 runs - GPU latency: 9.55225 ms - Host latency: 9.69434 ms (enqueue 4.37378 ms)
[10/06/2026-16:11:03] [I] Average on 1 runs - GPU latency: 9.5415 ms - Host latency: 9.69678 ms (enqueue 4.40698 ms)
[10/06/2026-16:11:03] [I] Average on 1 runs - GPU latency: 9.54175 ms - Host latency: 9.68604 ms (enqueue 4.34692 ms)
[10/06/2026-16:11:03] [I] Average on 1 runs - GPU latency: 9.55005 ms - Host latency: 9.69165 ms (enqueue 4.32031 ms)
[10/06/2026-16:11:03] [I] Average on 1 runs - GPU latency: 9.55054 ms - Host latency: 9.68774 ms (enqueue 4.36646 ms)
[10/06/2026-16:11:03] [I] Average on 1 runs - GPU latency: 9.54468 ms - Host latency: 9.68945 ms (enqueue 4.32837 ms)
[10/06/2026-16:11:03] [I] Average on 1 runs - GPU latency: 9.54419 ms - Host latency: 9.69385 ms (enqueue 4.34033 ms)
[10/06/2026-16:11:03] [I] Average on 1 runs - GPU latency: 9.5481 ms - Host latency: 9.6936 ms (enqueue 4.39746 ms)
[10/06/2026-16:11:03] [I] Average on 1 runs - GPU latency: 9.53687 ms - Host latency: 9.68408 ms (enqueue 4.37671 ms)
[10/06/2026-16:11:03] [I] Average on 1 runs - GPU latency: 9.53906 ms - Host latency: 9.69482 ms (enqueue 4.40259 ms)
[10/06/2026-16:11:03] [I] Average on 1 runs - GPU latency: 9.552 ms - Host latency: 9.70312 ms (enqueue 4.42041 ms)
[10/06/2026-16:11:03] [I] Average on 1 runs - GPU latency: 9.55273 ms - Host latency: 9.7063 ms (enqueue 4.34253 ms)
[10/06/2026-16:11:03] [I] Average on 1 runs - GPU latency: 9.54346 ms - Host latency: 9.73193 ms (enqueue 4.43115 ms)
[10/06/2026-16:11:03] [I] Average on 1 runs - GPU latency: 9.5415 ms - Host latency: 9.68701 ms (enqueue 4.36719 ms)
[10/06/2026-16:11:03] [I] Average on 1 runs - GPU latency: 9.55469 ms - Host latency: 9.70557 ms (enqueue 4.4165 ms)
[10/06/2026-16:11:03] [I] Average on 1 runs - GPU latency: 9.55469 ms - Host latency: 9.70215 ms (enqueue 4.3999 ms)
[10/06/2026-16:11:03] [I] Average on 1 runs - GPU latency: 9.55322 ms - Host latency: 9.69922 ms (enqueue 4.38037 ms)
[10/06/2026-16:11:03] [I] Average on 1 runs - GPU latency: 9.56689 ms - Host latency: 9.71924 ms (enqueue 4.42578 ms)
[10/06/2026-16:11:03] [I] Average on 1 runs - GPU latency: 9.54932 ms - Host latency: 9.69922 ms (enqueue 4.46191 ms)
[10/06/2026-16:11:03] [I] Average on 1 runs - GPU latency: 9.55371 ms - Host latency: 9.70459 ms (enqueue 4.45801 ms)
[10/06/2026-16:11:03] [I] Average on 1 runs - GPU latency: 9.54932 ms - Host latency: 9.69873 ms (enqueue 4.30078 ms)
[10/06/2026-16:11:03] [I] Average on 1 runs - GPU latency: 9.5415 ms - Host latency: 9.68555 ms (enqueue 4.28418 ms)
[10/06/2026-16:11:03] [I] Average on 1 runs - GPU latency: 9.54736 ms - Host latency: 9.69482 ms (enqueue 4.35693 ms)
[10/06/2026-16:11:03] [I] Average on 1 runs - GPU latency: 9.55225 ms - Host latency: 9.69971 ms (enqueue 4.41943 ms)
[10/06/2026-16:11:03] [I] Average on 1 runs - GPU latency: 9.55225 ms - Host latency: 9.69385 ms (enqueue 4.33545 ms)
[10/06/2026-16:11:03] [I] Average on 1 runs - GPU latency: 9.55029 ms - Host latency: 9.70117 ms (enqueue 4.42822 ms)
[10/06/2026-16:11:03] [I] Average on 1 runs - GPU latency: 9.55029 ms - Host latency: 9.69971 ms (enqueue 4.3374 ms)
[10/06/2026-16:11:03] [I] Average on 1 runs - GPU latency: 9.53662 ms - Host latency: 9.67969 ms (enqueue 4.42139 ms)
[10/06/2026-16:11:03] [I] Average on 1 runs - GPU latency: 9.53906 ms - Host latency: 9.68848 ms (enqueue 4.46387 ms)
[10/06/2026-16:11:03] [I] Average on 1 runs - GPU latency: 9.54004 ms - Host latency: 9.68799 ms (enqueue 4.29932 ms)
[10/06/2026-16:11:03] [I] Average on 1 runs - GPU latency: 9.53906 ms - Host latency: 9.68359 ms (enqueue 4.34326 ms)
[10/06/2026-16:11:03] [I] Average on 1 runs - GPU latency: 9.53857 ms - Host latency: 9.68408 ms (enqueue 4.40039 ms)
[10/06/2026-16:11:03] [I] Average on 1 runs - GPU latency: 9.55029 ms - Host latency: 9.69727 ms (enqueue 4.39062 ms)
[10/06/2026-16:11:03] [I] Average on 1 runs - GPU latency: 9.54395 ms - Host latency: 9.69189 ms (enqueue 4.39844 ms)
[10/06/2026-16:11:03] [I] Average on 1 runs - GPU latency: 9.54785 ms - Host latency: 9.68896 ms (enqueue 4.20801 ms)
[10/06/2026-16:11:03] [I] Average on 1 runs - GPU latency: 9.54736 ms - Host latency: 9.68945 ms (enqueue 4.38428 ms)
[10/06/2026-16:11:03] [I] Average on 1 runs - GPU latency: 9.56104 ms - Host latency: 9.70264 ms (enqueue 4.29932 ms)
[10/06/2026-16:11:03] [I] Average on 1 runs - GPU latency: 9.55322 ms - Host latency: 9.70361 ms (enqueue 4.40625 ms)
[10/06/2026-16:11:03] [I] Average on 1 runs - GPU latency: 9.54199 ms - Host latency: 9.68994 ms (enqueue 4.38428 ms)
[10/06/2026-16:11:03] [I] Average on 1 runs - GPU latency: 9.54736 ms - Host latency: 9.70068 ms (enqueue 4.33789 ms)
[10/06/2026-16:11:03] [I] Average on 1 runs - GPU latency: 9.56299 ms - Host latency: 9.70459 ms (enqueue 4.40186 ms)
[10/06/2026-16:11:03] [I] Average on 1 runs - GPU latency: 9.52832 ms - Host latency: 9.67139 ms (enqueue 4.33545 ms)
[10/06/2026-16:11:03] [I] Average on 1 runs - GPU latency: 9.56396 ms - Host latency: 9.70752 ms (enqueue 4.37695 ms)
[10/06/2026-16:11:03] [I] Average on 1 runs - GPU latency: 9.54688 ms - Host latency: 9.69824 ms (enqueue 4.44922 ms)
[10/06/2026-16:11:03] [I] Average on 1 runs - GPU latency: 9.54395 ms - Host latency: 9.68848 ms (enqueue 4.33154 ms)
[10/06/2026-16:11:03] [I] Average on 1 runs - GPU latency: 9.54395 ms - Host latency: 9.68896 ms (enqueue 4.33154 ms)
[10/06/2026-16:11:03] [I] Average on 1 runs - GPU latency: 9.54834 ms - Host latency: 9.69531 ms (enqueue 4.40088 ms)
[10/06/2026-16:11:03] [I] Average on 1 runs - GPU latency: 9.55029 ms - Host latency: 9.70068 ms (enqueue 4.25635 ms)
[10/06/2026-16:11:03] [I] Average on 1 runs - GPU latency: 9.53174 ms - Host latency: 9.68213 ms (enqueue 4.34033 ms)
[10/06/2026-16:11:03] [I] Average on 1 runs - GPU latency: 9.54297 ms - Host latency: 9.68604 ms (enqueue 4.37842 ms)
[10/06/2026-16:11:03] [I] Average on 1 runs - GPU latency: 9.54297 ms - Host latency: 9.68896 ms (enqueue 4.35059 ms)
[10/06/2026-16:11:03] [I] Average on 1 runs - GPU latency: 9.55566 ms - Host latency: 9.70117 ms (enqueue 4.32715 ms)
[10/06/2026-16:11:03] [I] Average on 1 runs - GPU latency: 9.5459 ms - Host latency: 9.69482 ms (enqueue 4.35107 ms)
[10/06/2026-16:11:03] [I] Average on 1 runs - GPU latency: 9.54492 ms - Host latency: 9.71338 ms (enqueue 4.38135 ms)
[10/06/2026-16:11:03] [I] Average on 1 runs - GPU latency: 9.56445 ms - Host latency: 9.71387 ms (enqueue 4.39795 ms)
[10/06/2026-16:11:03] [I] Average on 1 runs - GPU latency: 9.54932 ms - Host latency: 9.69043 ms (enqueue 4.24023 ms)
[10/06/2026-16:11:03] [I] Average on 1 runs - GPU latency: 9.53613 ms - Host latency: 9.68506 ms (enqueue 4.40625 ms)
[10/06/2026-16:11:03] [I] Average on 1 runs - GPU latency: 9.55469 ms - Host latency: 9.70264 ms (enqueue 4.39746 ms)
[10/06/2026-16:11:03] [I] Average on 1 runs - GPU latency: 9.55078 ms - Host latency: 9.7002 ms (enqueue 4.39355 ms)
[10/06/2026-16:11:03] [I] Average on 1 runs - GPU latency: 9.54346 ms - Host latency: 9.69824 ms (enqueue 4.38965 ms)
[10/06/2026-16:11:03] [I] Average on 1 runs - GPU latency: 9.54053 ms - Host latency: 9.69043 ms (enqueue 4.29346 ms)
[10/06/2026-16:11:03] [I] Average on 1 runs - GPU latency: 9.54688 ms - Host latency: 9.69971 ms (enqueue 4.38184 ms)
[10/06/2026-16:11:03] [I] Average on 1 runs - GPU latency: 9.53662 ms - Host latency: 9.68457 ms (enqueue 4.39844 ms)
[10/06/2026-16:11:03] [I] Average on 1 runs - GPU latency: 9.54199 ms - Host latency: 9.68604 ms (enqueue 4.32666 ms)
[10/06/2026-16:11:03] [I] Average on 1 runs - GPU latency: 9.55176 ms - Host latency: 9.69727 ms (enqueue 4.36279 ms)
[10/06/2026-16:11:03] [I] Average on 1 runs - GPU latency: 9.54248 ms - Host latency: 9.69043 ms (enqueue 4.26318 ms)
[10/06/2026-16:11:03] [I] Average on 1 runs - GPU latency: 9.54102 ms - Host latency: 9.68555 ms (enqueue 4.38965 ms)
[10/06/2026-16:11:03] [I] Average on 1 runs - GPU latency: 9.55078 ms - Host latency: 9.70752 ms (enqueue 4.44824 ms)
[10/06/2026-16:11:03] [I] Average on 1 runs - GPU latency: 9.55029 ms - Host latency: 9.76562 ms (enqueue 4.42773 ms)
[10/06/2026-16:11:03] [I] Average on 1 runs - GPU latency: 9.53955 ms - Host latency: 9.68701 ms (enqueue 4.38184 ms)
[10/06/2026-16:11:03] [I] Average on 1 runs - GPU latency: 9.53662 ms - Host latency: 9.68457 ms (enqueue 4.41309 ms)
[10/06/2026-16:11:03] [I] Average on 1 runs - GPU latency: 9.53906 ms - Host latency: 9.69141 ms (enqueue 4.38086 ms)
[10/06/2026-16:11:03] [I] Average on 1 runs - GPU latency: 9.55127 ms - Host latency: 9.70068 ms (enqueue 4.38379 ms)
[10/06/2026-16:11:03] [I] Average on 1 runs - GPU latency: 9.54443 ms - Host latency: 9.68799 ms (enqueue 4.48291 ms)
[10/06/2026-16:11:03] [I] Average on 1 runs - GPU latency: 9.54346 ms - Host latency: 9.68945 ms (enqueue 4.44189 ms)
[10/06/2026-16:11:03] [I] Average on 1 runs - GPU latency: 9.55957 ms - Host latency: 9.70801 ms (enqueue 4.40283 ms)
[10/06/2026-16:11:03] [I] Average on 1 runs - GPU latency: 9.56348 ms - Host latency: 9.70996 ms (enqueue 4.2959 ms)
[10/06/2026-16:11:03] [I] Average on 1 runs - GPU latency: 9.55811 ms - Host latency: 9.70361 ms (enqueue 4.36768 ms)
[10/06/2026-16:11:03] [I] Average on 1 runs - GPU latency: 9.5293 ms - Host latency: 9.67627 ms (enqueue 4.31885 ms)
[10/06/2026-16:11:03] [I] Average on 1 runs - GPU latency: 9.55518 ms - Host latency: 9.70703 ms (enqueue 4.46387 ms)
[10/06/2026-16:11:03] [I] Average on 1 runs - GPU latency: 9.53369 ms - Host latency: 9.68604 ms (enqueue 4.43652 ms)
[10/06/2026-16:11:03] [I] Average on 1 runs - GPU latency: 9.53369 ms - Host latency: 9.68262 ms (enqueue 4.25244 ms)
[10/06/2026-16:11:03] [I] Average on 1 runs - GPU latency: 9.55029 ms - Host latency: 9.70264 ms (enqueue 4.38574 ms)
[10/06/2026-16:11:03] [I] Average on 1 runs - GPU latency: 9.54102 ms - Host latency: 9.68701 ms (enqueue 4.35938 ms)
[10/06/2026-16:11:03] [I] Average on 1 runs - GPU latency: 9.54932 ms - Host latency: 9.7002 ms (enqueue 4.4248 ms)
[10/06/2026-16:11:03] [I] Average on 1 runs - GPU latency: 9.54834 ms - Host latency: 9.69873 ms (enqueue 4.42627 ms)
[10/06/2026-16:11:03] [I] Average on 1 runs - GPU latency: 9.53857 ms - Host latency: 9.68799 ms (enqueue 4.44434 ms)
[10/06/2026-16:11:03] [I] Average on 1 runs - GPU latency: 9.54443 ms - Host latency: 9.69727 ms (enqueue 4.33496 ms)
[10/06/2026-16:11:03] [I] Average on 1 runs - GPU latency: 9.55225 ms - Host latency: 9.69531 ms (enqueue 4.42041 ms)
[10/06/2026-16:11:03] [I] Average on 1 runs - GPU latency: 9.5459 ms - Host latency: 9.69727 ms (enqueue 4.40088 ms)
[10/06/2026-16:11:03] [I] Average on 1 runs - GPU latency: 9.54443 ms - Host latency: 9.68799 ms (enqueue 4.32812 ms)
[10/06/2026-16:11:03] [I] Average on 1 runs - GPU latency: 9.54883 ms - Host latency: 9.69824 ms (enqueue 4.4917 ms)
[10/06/2026-16:11:03] [I] Average on 1 runs - GPU latency: 9.55713 ms - Host latency: 9.7085 ms (enqueue 4.37695 ms)
[10/06/2026-16:11:03] [I] Average on 1 runs - GPU latency: 9.5459 ms - Host latency: 9.68945 ms (enqueue 4.37598 ms)
[10/06/2026-16:11:03] [I] Average on 1 runs - GPU latency: 9.5376 ms - Host latency: 9.70898 ms (enqueue 4.41992 ms)
[10/06/2026-16:11:03] [I] Average on 1 runs - GPU latency: 9.53564 ms - Host latency: 9.67969 ms (enqueue 4.44141 ms)
[10/06/2026-16:11:03] [I] Average on 1 runs - GPU latency: 9.55664 ms - Host latency: 9.70166 ms (enqueue 4.38184 ms)
[10/06/2026-16:11:03] [I] ... Omitting 1172 lines
[10/06/2026-16:11:03] [I] Average on 1 runs - GPU latency: 9.56445 ms - Host latency: 9.70801 ms (enqueue 4.41113 ms)
[10/06/2026-16:11:03] [I] Average on 1 runs - GPU latency: 9.54199 ms - Host latency: 9.69043 ms (enqueue 4.44043 ms)
[10/06/2026-16:11:03] [I] Average on 1 runs - GPU latency: 9.5498 ms - Host latency: 9.69727 ms (enqueue 4.37109 ms)
[10/06/2026-16:11:03] [I] Average on 1 runs - GPU latency: 9.56055 ms - Host latency: 9.70605 ms (enqueue 4.32812 ms)
[10/06/2026-16:11:03] [I] Average on 1 runs - GPU latency: 9.55859 ms - Host latency: 9.7041 ms (enqueue 4.3877 ms)
[10/06/2026-16:11:03] [I] Average on 1 runs - GPU latency: 9.54102 ms - Host latency: 9.69238 ms (enqueue 4.35938 ms)
[10/06/2026-16:11:03] [I] Average on 1 runs - GPU latency: 9.54102 ms - Host latency: 9.69336 ms (enqueue 4.37109 ms)
[10/06/2026-16:11:03] [I] Average on 1 runs - GPU latency: 9.54199 ms - Host latency: 9.69238 ms (enqueue 4.34766 ms)
[10/06/2026-16:11:03] [I] Average on 1 runs - GPU latency: 9.55664 ms - Host latency: 9.70312 ms (enqueue 4.33496 ms)
[10/06/2026-16:11:03] [I] Average on 1 runs - GPU latency: 9.52539 ms - Host latency: 9.68262 ms (enqueue 4.45312 ms)
[10/06/2026-16:11:03] [I] Average on 1 runs - GPU latency: 9.52734 ms - Host latency: 9.67871 ms (enqueue 4.39648 ms)
[10/06/2026-16:11:03] [I] Average on 1 runs - GPU latency: 9.55957 ms - Host latency: 9.70508 ms (enqueue 4.36133 ms)
[10/06/2026-16:11:03] [I] Average on 1 runs - GPU latency: 9.54492 ms - Host latency: 9.6875 ms (enqueue 4.33398 ms)
[10/06/2026-16:11:03] [I] Average on 1 runs - GPU latency: 9.53711 ms - Host latency: 9.67773 ms (enqueue 4.4248 ms)
[10/06/2026-16:11:03] [I] Average on 1 runs - GPU latency: 9.5459 ms - Host latency: 9.72168 ms (enqueue 4.28906 ms)
[10/06/2026-16:11:03] [I] Average on 1 runs - GPU latency: 9.55371 ms - Host latency: 9.69922 ms (enqueue 4.34961 ms)
[10/06/2026-16:11:03] [I] Average on 1 runs - GPU latency: 9.54102 ms - Host latency: 9.68555 ms (enqueue 4.38379 ms)
[10/06/2026-16:11:03] [I] Average on 1 runs - GPU latency: 9.54688 ms - Host latency: 9.69727 ms (enqueue 4.39258 ms)
[10/06/2026-16:11:03] [I] Average on 1 runs - GPU latency: 9.55469 ms - Host latency: 9.7002 ms (enqueue 4.43457 ms)
[10/06/2026-16:11:03] [I] Average on 1 runs - GPU latency: 9.54785 ms - Host latency: 9.69336 ms (enqueue 4.34668 ms)
[10/06/2026-16:11:03] [I] Average on 1 runs - GPU latency: 9.54004 ms - Host latency: 9.69141 ms (enqueue 4.37305 ms)
[10/06/2026-16:11:03] [I] Average on 1 runs - GPU latency: 9.54102 ms - Host latency: 9.68555 ms (enqueue 4.3584 ms)
[10/06/2026-16:11:03] [I] Average on 1 runs - GPU latency: 9.55273 ms - Host latency: 9.70215 ms (enqueue 4.44531 ms)
[10/06/2026-16:11:03] [I] Average on 1 runs - GPU latency: 9.55078 ms - Host latency: 9.70215 ms (enqueue 4.37598 ms)
[10/06/2026-16:11:03] [I] Average on 1 runs - GPU latency: 9.54492 ms - Host latency: 9.69531 ms (enqueue 4.35742 ms)
[10/06/2026-16:11:03] [I] Average on 1 runs - GPU latency: 9.54297 ms - Host latency: 9.69043 ms (enqueue 4.43555 ms)
[10/06/2026-16:11:03] [I] Average on 1 runs - GPU latency: 9.54492 ms - Host latency: 9.71582 ms (enqueue 4.31543 ms)
[10/06/2026-16:11:03] [I] Average on 1 runs - GPU latency: 9.56055 ms - Host latency: 9.69922 ms (enqueue 4.28125 ms)
[10/06/2026-16:11:03] [I] Average on 1 runs - GPU latency: 9.54395 ms - Host latency: 9.68555 ms (enqueue 4.35449 ms)
[10/06/2026-16:11:03] [I] Average on 1 runs - GPU latency: 9.55859 ms - Host latency: 9.70898 ms (enqueue 4.31348 ms)
[10/06/2026-16:11:03] [I] Average on 1 runs - GPU latency: 9.55078 ms - Host latency: 9.72656 ms (enqueue 4.58594 ms)
[10/06/2026-16:11:03] [I] Average on 1 runs - GPU latency: 9.53906 ms - Host latency: 9.6875 ms (enqueue 4.48242 ms)
[10/06/2026-16:11:03] [I] Average on 1 runs - GPU latency: 9.54688 ms - Host latency: 9.69141 ms (enqueue 4.42578 ms)
[10/06/2026-16:11:03] [I] Average on 1 runs - GPU latency: 9.53516 ms - Host latency: 9.69141 ms (enqueue 4.34961 ms)
[10/06/2026-16:11:03] [I] Average on 1 runs - GPU latency: 9.55859 ms - Host latency: 9.70703 ms (enqueue 4.40625 ms)
[10/06/2026-16:11:03] [I] Average on 1 runs - GPU latency: 9.54492 ms - Host latency: 9.69727 ms (enqueue 4.36719 ms)
[10/06/2026-16:11:03] [I] Average on 1 runs - GPU latency: 9.54688 ms - Host latency: 9.70117 ms (enqueue 4.37891 ms)
[10/06/2026-16:11:03] [I] Average on 1 runs - GPU latency: 9.55664 ms - Host latency: 9.70117 ms (enqueue 4.37891 ms)
[10/06/2026-16:11:03] [I] Average on 1 runs - GPU latency: 9.53711 ms - Host latency: 9.6875 ms (enqueue 4.33984 ms)
[10/06/2026-16:11:03] [I] Average on 1 runs - GPU latency: 9.55078 ms - Host latency: 9.70312 ms (enqueue 4.36133 ms)
[10/06/2026-16:11:03] [I] Average on 1 runs - GPU latency: 9.54102 ms - Host latency: 9.68555 ms (enqueue 4.35938 ms)
[10/06/2026-16:11:03] [I] Average on 1 runs - GPU latency: 9.53125 ms - Host latency: 9.67578 ms (enqueue 4.33203 ms)
[10/06/2026-16:11:03] [I] Average on 1 runs - GPU latency: 9.54492 ms - Host latency: 9.69141 ms (enqueue 4.38281 ms)
[10/06/2026-16:11:03] [I] Average on 1 runs - GPU latency: 9.54883 ms - Host latency: 9.70117 ms (enqueue 4.40039 ms)
[10/06/2026-16:11:03] [I] Average on 1 runs - GPU latency: 9.55273 ms - Host latency: 9.70312 ms (enqueue 4.40039 ms)
[10/06/2026-16:11:03] [I] Average on 1 runs - GPU latency: 9.5625 ms - Host latency: 9.74805 ms (enqueue 4.36719 ms)
[10/06/2026-16:11:03] [I] Average on 1 runs - GPU latency: 9.56055 ms - Host latency: 9.70508 ms (enqueue 4.39258 ms)
[10/06/2026-16:11:03] [I] Average on 1 runs - GPU latency: 9.54883 ms - Host latency: 9.69922 ms (enqueue 4.35156 ms)
[10/06/2026-16:11:03] [I] Average on 1 runs - GPU latency: 9.5293 ms - Host latency: 9.67578 ms (enqueue 4.41211 ms)
[10/06/2026-16:11:03] [I] Average on 1 runs - GPU latency: 9.53906 ms - Host latency: 9.68945 ms (enqueue 4.39062 ms)
[10/06/2026-16:11:03] [I] Average on 1 runs - GPU latency: 9.53906 ms - Host latency: 9.6875 ms (enqueue 4.33789 ms)
[10/06/2026-16:11:03] [I] Average on 1 runs - GPU latency: 9.54297 ms - Host latency: 9.69531 ms (enqueue 4.36328 ms)
[10/06/2026-16:11:03] [I] Average on 1 runs - GPU latency: 9.54102 ms - Host latency: 9.69336 ms (enqueue 4.39844 ms)
[10/06/2026-16:11:03] [I] Average on 1 runs - GPU latency: 9.5625 ms - Host latency: 9.7168 ms (enqueue 4.33789 ms)
[10/06/2026-16:11:03] [I] Average on 1 runs - GPU latency: 9.54492 ms - Host latency: 9.69336 ms (enqueue 4.31055 ms)
[10/06/2026-16:11:03] [I] Average on 1 runs - GPU latency: 9.55078 ms - Host latency: 9.72461 ms (enqueue 4.45898 ms)
[10/06/2026-16:11:03] [I] Average on 1 runs - GPU latency: 9.54688 ms - Host latency: 9.69922 ms (enqueue 4.35352 ms)
[10/06/2026-16:11:03] [I] Average on 1 runs - GPU latency: 9.53906 ms - Host latency: 9.68945 ms (enqueue 4.38867 ms)
[10/06/2026-16:11:03] [I] Average on 1 runs - GPU latency: 9.55078 ms - Host latency: 9.70117 ms (enqueue 4.41992 ms)
[10/06/2026-16:11:03] [I] Average on 1 runs - GPU latency: 9.53516 ms - Host latency: 9.67969 ms (enqueue 4.36328 ms)
[10/06/2026-16:11:03] [I] Average on 1 runs - GPU latency: 9.54492 ms - Host latency: 9.6875 ms (enqueue 4.45117 ms)
[10/06/2026-16:11:03] [I] Average on 1 runs - GPU latency: 9.53711 ms - Host latency: 9.68359 ms (enqueue 4.33789 ms)
[10/06/2026-16:11:03] [I] Average on 1 runs - GPU latency: 9.53711 ms - Host latency: 9.68555 ms (enqueue 4.49414 ms)
[10/06/2026-16:11:03] [I] Average on 1 runs - GPU latency: 9.55859 ms - Host latency: 9.70117 ms (enqueue 4.33594 ms)
[10/06/2026-16:11:03] [I] Average on 1 runs - GPU latency: 9.54102 ms - Host latency: 9.68945 ms (enqueue 4.4707 ms)
[10/06/2026-16:11:03] [I] Average on 1 runs - GPU latency: 9.54102 ms - Host latency: 9.6875 ms (enqueue 4.3457 ms)
[10/06/2026-16:11:03] [I] Average on 1 runs - GPU latency: 9.55273 ms - Host latency: 9.69727 ms (enqueue 4.36719 ms)
[10/06/2026-16:11:03] [I] Average on 1 runs - GPU latency: 9.53906 ms - Host latency: 9.68164 ms (enqueue 4.44141 ms)
[10/06/2026-16:11:03] [I] Average on 1 runs - GPU latency: 9.55078 ms - Host latency: 9.69336 ms (enqueue 4.36914 ms)
[10/06/2026-16:11:03] [I] Average on 1 runs - GPU latency: 9.55273 ms - Host latency: 9.69727 ms (enqueue 4.33789 ms)
[10/06/2026-16:11:03] [I] Average on 1 runs - GPU latency: 9.54492 ms - Host latency: 9.69141 ms (enqueue 4.4043 ms)
[10/06/2026-16:11:03] [I] Average on 1 runs - GPU latency: 9.54102 ms - Host latency: 9.68555 ms (enqueue 4.38477 ms)
[10/06/2026-16:11:03] [I] Average on 1 runs - GPU latency: 9.54297 ms - Host latency: 9.6875 ms (enqueue 4.32812 ms)
[10/06/2026-16:11:03] [I] Average on 1 runs - GPU latency: 9.54688 ms - Host latency: 9.69336 ms (enqueue 4.37891 ms)
[10/06/2026-16:11:03] [I] Average on 1 runs - GPU latency: 9.5625 ms - Host latency: 9.70117 ms (enqueue 4.41406 ms)
[10/06/2026-16:11:03] [I] Average on 1 runs - GPU latency: 9.53711 ms - Host latency: 9.68359 ms (enqueue 4.35938 ms)
[10/06/2026-16:11:03] [I] Average on 1 runs - GPU latency: 9.53516 ms - Host latency: 9.67969 ms (enqueue 4.39844 ms)
[10/06/2026-16:11:03] [I] Average on 1 runs - GPU latency: 9.55273 ms - Host latency: 9.69336 ms (enqueue 4.33594 ms)
[10/06/2026-16:11:03] [I] Average on 1 runs - GPU latency: 9.54102 ms - Host latency: 9.68359 ms (enqueue 4.32031 ms)
[10/06/2026-16:11:03] [I] Average on 1 runs - GPU latency: 9.53906 ms - Host latency: 9.68164 ms (enqueue 4.36719 ms)
[10/06/2026-16:11:03] [I] Average on 1 runs - GPU latency: 9.54883 ms - Host latency: 9.69922 ms (enqueue 4.48242 ms)
[10/06/2026-16:11:03] [I] Average on 1 runs - GPU latency: 9.55078 ms - Host latency: 9.69922 ms (enqueue 4.39062 ms)
[10/06/2026-16:11:03] [I] Average on 1 runs - GPU latency: 9.54688 ms - Host latency: 9.70898 ms (enqueue 4.26367 ms)
[10/06/2026-16:11:03] [I] Average on 1 runs - GPU latency: 9.54883 ms - Host latency: 9.69531 ms (enqueue 4.37695 ms)
[10/06/2026-16:11:03] [I] Average on 1 runs - GPU latency: 9.54883 ms - Host latency: 9.69336 ms (enqueue 4.37109 ms)
[10/06/2026-16:11:03] [I] Average on 1 runs - GPU latency: 9.54297 ms - Host latency: 9.68359 ms (enqueue 4.26367 ms)
[10/06/2026-16:11:03] [I] Average on 1 runs - GPU latency: 9.54102 ms - Host latency: 9.6875 ms (enqueue 4.35156 ms)
[10/06/2026-16:11:03] [I] Average on 1 runs - GPU latency: 9.55469 ms - Host latency: 9.70312 ms (enqueue 4.33008 ms)
[10/06/2026-16:11:03] [I] Average on 1 runs - GPU latency: 9.55664 ms - Host latency: 9.70898 ms (enqueue 4.34375 ms)
[10/06/2026-16:11:03] [I] Average on 1 runs - GPU latency: 9.54492 ms - Host latency: 9.6875 ms (enqueue 4.37305 ms)
[10/06/2026-16:11:03] [I] Average on 1 runs - GPU latency: 9.54492 ms - Host latency: 9.69141 ms (enqueue 4.35156 ms)
[10/06/2026-16:11:03] [I] Average on 1 runs - GPU latency: 9.54297 ms - Host latency: 9.69727 ms (enqueue 4.38477 ms)
[10/06/2026-16:11:03] [I] Average on 1 runs - GPU latency: 9.55469 ms - Host latency: 9.70117 ms (enqueue 4.42773 ms)
[10/06/2026-16:11:03] [I] Average on 1 runs - GPU latency: 9.55078 ms - Host latency: 9.69922 ms (enqueue 4.37891 ms)
[10/06/2026-16:11:03] [I] Average on 1 runs - GPU latency: 9.54492 ms - Host latency: 9.68945 ms (enqueue 4.42188 ms)
[10/06/2026-16:11:03] [I] Average on 1 runs - GPU latency: 9.55664 ms - Host latency: 9.70898 ms (enqueue 4.34961 ms)
[10/06/2026-16:11:03] [I] Average on 1 runs - GPU latency: 9.54102 ms - Host latency: 9.70703 ms (enqueue 4.32422 ms)
[10/06/2026-16:11:03] [I] Average on 1 runs - GPU latency: 9.55664 ms - Host latency: 9.70312 ms (enqueue 4.40234 ms)
[10/06/2026-16:11:03] [I] Average on 1 runs - GPU latency: 9.55078 ms - Host latency: 9.70117 ms (enqueue 4.44531 ms)
[10/06/2026-16:11:03] [I] Average on 1 runs - GPU latency: 9.54492 ms - Host latency: 9.68945 ms (enqueue 4.38477 ms)
[10/06/2026-16:11:03] [I] Average on 1 runs - GPU latency: 9.55469 ms - Host latency: 9.70117 ms (enqueue 4.42383 ms)
[10/06/2026-16:11:03] [I] Average on 1 runs - GPU latency: 9.54883 ms - Host latency: 9.69531 ms (enqueue 4.39062 ms)
[10/06/2026-16:11:03] [I] Average on 1 runs - GPU latency: 9.56055 ms - Host latency: 9.70312 ms (enqueue 4.39062 ms)
[10/06/2026-16:11:03] [I] Average on 1 runs - GPU latency: 9.54883 ms - Host latency: 9.69336 ms (enqueue 4.19922 ms)
[10/06/2026-16:11:03] [I] Average on 1 runs - GPU latency: 9.55078 ms - Host latency: 9.69727 ms (enqueue 4.4082 ms)
[10/06/2026-16:11:03] [I] Average on 1 runs - GPU latency: 9.54883 ms - Host latency: 9.69922 ms (enqueue 4.41211 ms)
[10/06/2026-16:11:03] [I] Average on 1 runs - GPU latency: 9.55078 ms - Host latency: 9.69336 ms (enqueue 4.40234 ms)
[10/06/2026-16:11:03] [I] Average on 1 runs - GPU latency: 9.54102 ms - Host latency: 9.68555 ms (enqueue 4.35742 ms)
[10/06/2026-16:11:03] [I] Average on 1 runs - GPU latency: 9.55078 ms - Host latency: 9.70117 ms (enqueue 4.33203 ms)
[10/06/2026-16:11:03] [I] Average on 1 runs - GPU latency: 9.55273 ms - Host latency: 9.69727 ms (enqueue 4.41211 ms)
[10/06/2026-16:11:03] [I] Average on 1 runs - GPU latency: 9.54297 ms - Host latency: 9.68945 ms (enqueue 4.39648 ms)
[10/06/2026-16:11:03] [I] Average on 1 runs - GPU latency: 9.54492 ms - Host latency: 9.68945 ms (enqueue 4.38281 ms)
[10/06/2026-16:11:03] [I] Average on 1 runs - GPU latency: 9.53516 ms - Host latency: 9.67578 ms (enqueue 4.42578 ms)
[10/06/2026-16:11:03] [I] Average on 1 runs - GPU latency: 9.55273 ms - Host latency: 9.70117 ms (enqueue 4.35156 ms)
[10/06/2026-16:11:03] [I] Average on 1 runs - GPU latency: 9.54297 ms - Host latency: 9.6875 ms (enqueue 4.34766 ms)
[10/06/2026-16:11:03] [I] Average on 1 runs - GPU latency: 9.54102 ms - Host latency: 9.68945 ms (enqueue 4.36914 ms)
[10/06/2026-16:11:03] [I] Average on 1 runs - GPU latency: 9.55859 ms - Host latency: 9.70312 ms (enqueue 4.40625 ms)
[10/06/2026-16:11:03] [I] Average on 1 runs - GPU latency: 9.55469 ms - Host latency: 9.70117 ms (enqueue 4.38477 ms)
[10/06/2026-16:11:03] [I] Average on 1 runs - GPU latency: 9.55273 ms - Host latency: 9.69922 ms (enqueue 4.41016 ms)
[10/06/2026-16:11:03] [I] Average on 1 runs - GPU latency: 9.54688 ms - Host latency: 9.69336 ms (enqueue 4.37109 ms)
[10/06/2026-16:11:03] [I] Average on 1 runs - GPU latency: 9.53906 ms - Host latency: 9.69336 ms (enqueue 4.41797 ms)
[10/06/2026-16:11:03] [I] Average on 1 runs - GPU latency: 9.5332 ms - Host latency: 9.67969 ms (enqueue 4.32812 ms)
[10/06/2026-16:11:03] [I] Average on 1 runs - GPU latency: 9.53711 ms - Host latency: 9.68555 ms (enqueue 4.38086 ms)
[10/06/2026-16:11:03] [I] Average on 1 runs - GPU latency: 9.55469 ms - Host latency: 9.72656 ms (enqueue 4.41797 ms)
[10/06/2026-16:11:03] [I] Average on 1 runs - GPU latency: 9.53711 ms - Host latency: 9.68555 ms (enqueue 4.30273 ms)
[10/06/2026-16:11:03] [I] Average on 1 runs - GPU latency: 9.53125 ms - Host latency: 9.67773 ms (enqueue 4.42773 ms)
[10/06/2026-16:11:03] [I] Average on 1 runs - GPU latency: 9.53516 ms - Host latency: 9.67969 ms (enqueue 4.34961 ms)
[10/06/2026-16:11:03] [I] Average on 1 runs - GPU latency: 9.53906 ms - Host latency: 9.6875 ms (enqueue 4.4082 ms)
[10/06/2026-16:11:03] [I] Average on 1 runs - GPU latency: 9.54297 ms - Host latency: 9.6875 ms (enqueue 4.32812 ms)
[10/06/2026-16:11:03] [I] Average on 1 runs - GPU latency: 9.55078 ms - Host latency: 9.69531 ms (enqueue 4.37109 ms)
[10/06/2026-16:11:03] [I] Average on 1 runs - GPU latency: 9.54492 ms - Host latency: 9.69531 ms (enqueue 4.375 ms)
[10/06/2026-16:11:03] [I] Average on 1 runs - GPU latency: 9.53906 ms - Host latency: 9.67969 ms (enqueue 4.36523 ms)
[10/06/2026-16:11:03] [I] Average on 1 runs - GPU latency: 9.54492 ms - Host latency: 9.68945 ms (enqueue 4.37891 ms)
[10/06/2026-16:11:03] [I] Average on 1 runs - GPU latency: 9.53516 ms - Host latency: 9.67773 ms (enqueue 4.36133 ms)
[10/06/2026-16:11:03] [I] Average on 1 runs - GPU latency: 9.54102 ms - Host latency: 9.6875 ms (enqueue 4.33008 ms)
[10/06/2026-16:11:03] [I] Average on 1 runs - GPU latency: 9.54102 ms - Host latency: 9.68164 ms (enqueue 4.37305 ms)
[10/06/2026-16:11:03] [I] Average on 1 runs - GPU latency: 9.54883 ms - Host latency: 9.69141 ms (enqueue 4.41406 ms)
[10/06/2026-16:11:03] [I] Average on 1 runs - GPU latency: 9.56055 ms - Host latency: 9.76758 ms (enqueue 4.36328 ms)
[10/06/2026-16:11:03] [I] Average on 1 runs - GPU latency: 9.54688 ms - Host latency: 9.69336 ms (enqueue 4.29883 ms)
[10/06/2026-16:11:03] [I] Average on 1 runs - GPU latency: 9.54883 ms - Host latency: 9.70508 ms (enqueue 4.25391 ms)
[10/06/2026-16:11:03] [I] Average on 1 runs - GPU latency: 9.54688 ms - Host latency: 9.69531 ms (enqueue 4.30078 ms)
[10/06/2026-16:11:03] [I] Average on 1 runs - GPU latency: 9.56641 ms - Host latency: 9.7207 ms (enqueue 4.37305 ms)
[10/06/2026-16:11:03] [I] Average on 1 runs - GPU latency: 9.55078 ms - Host latency: 9.7207 ms (enqueue 4.25781 ms)
[10/06/2026-16:11:03] [I] Average on 1 runs - GPU latency: 9.55078 ms - Host latency: 9.69922 ms (enqueue 4.27734 ms)
[10/06/2026-16:11:03] [I] Average on 1 runs - GPU latency: 9.55078 ms - Host latency: 9.69922 ms (enqueue 4.21484 ms)
[10/06/2026-16:11:03] [I] Average on 1 runs - GPU latency: 9.54688 ms - Host latency: 9.69727 ms (enqueue 4.26758 ms)
[10/06/2026-16:11:03] [I] Average on 1 runs - GPU latency: 9.55273 ms - Host latency: 9.70703 ms (enqueue 4.30273 ms)
[10/06/2026-16:11:03] [I] Average on 1 runs - GPU latency: 9.55664 ms - Host latency: 9.71094 ms (enqueue 4.27344 ms)
[10/06/2026-16:11:03] [I] Average on 1 runs - GPU latency: 9.54102 ms - Host latency: 9.68945 ms (enqueue 4.33984 ms)
[10/06/2026-16:11:03] [I] Average on 1 runs - GPU latency: 9.55469 ms - Host latency: 9.70898 ms (enqueue 4.3457 ms)
[10/06/2026-16:11:03] [I] Average on 1 runs - GPU latency: 9.55273 ms - Host latency: 9.70312 ms (enqueue 4.27734 ms)
[10/06/2026-16:11:03] [I] Average on 1 runs - GPU latency: 9.54688 ms - Host latency: 9.69531 ms (enqueue 4.44531 ms)
[10/06/2026-16:11:03] [I] Average on 1 runs - GPU latency: 9.54688 ms - Host latency: 9.69336 ms (enqueue 4.33008 ms)
[10/06/2026-16:11:03] [I] Average on 1 runs - GPU latency: 9.56641 ms - Host latency: 9.71094 ms (enqueue 4.35742 ms)
[10/06/2026-16:11:03] [I] Average on 1 runs - GPU latency: 9.55078 ms - Host latency: 9.69922 ms (enqueue 4.38281 ms)
[10/06/2026-16:11:03] [I] Average on 1 runs - GPU latency: 9.54297 ms - Host latency: 9.68945 ms (enqueue 4.36328 ms)
[10/06/2026-16:11:03] [I] Average on 1 runs - GPU latency: 9.55664 ms - Host latency: 9.71289 ms (enqueue 4.375 ms)
[10/06/2026-16:11:03] [I] Average on 1 runs - GPU latency: 9.55078 ms - Host latency: 9.7168 ms (enqueue 4.42969 ms)
[10/06/2026-16:11:03] [I] Average on 1 runs - GPU latency: 9.55859 ms - Host latency: 9.71289 ms (enqueue 4.42578 ms)
[10/06/2026-16:11:03] [I] Average on 1 runs - GPU latency: 9.55078 ms - Host latency: 9.71094 ms (enqueue 4.40625 ms)
[10/06/2026-16:11:03] [I] Average on 1 runs - GPU latency: 9.54883 ms - Host latency: 9.70312 ms (enqueue 4.35742 ms)
[10/06/2026-16:11:03] [I] Average on 1 runs - GPU latency: 9.55273 ms - Host latency: 9.70312 ms (enqueue 4.4043 ms)
[10/06/2026-16:11:03] [I] Average on 1 runs - GPU latency: 9.55859 ms - Host latency: 9.70312 ms (enqueue 4.40625 ms)
[10/06/2026-16:11:03] [I] Average on 1 runs - GPU latency: 9.54883 ms - Host latency: 9.69336 ms (enqueue 4.44336 ms)
[10/06/2026-16:11:03] [I] Average on 1 runs - GPU latency: 9.54297 ms - Host latency: 9.71094 ms (enqueue 4.35547 ms)
[10/06/2026-16:11:03] [I] Average on 1 runs - GPU latency: 9.54492 ms - Host latency: 9.69141 ms (enqueue 4.47656 ms)
[10/06/2026-16:11:03] [I] Average on 1 runs - GPU latency: 9.54102 ms - Host latency: 9.69141 ms (enqueue 4.33008 ms)
[10/06/2026-16:11:03] [I] Average on 1 runs - GPU latency: 9.54883 ms - Host latency: 9.69922 ms (enqueue 4.45312 ms)
[10/06/2026-16:11:03] [I] Average on 1 runs - GPU latency: 9.55664 ms - Host latency: 9.70312 ms (enqueue 4.39648 ms)
[10/06/2026-16:11:03] [I] Average on 1 runs - GPU latency: 9.55469 ms - Host latency: 9.70508 ms (enqueue 4.40039 ms)
[10/06/2026-16:11:03] [I] Average on 1 runs - GPU latency: 9.54297 ms - Host latency: 9.69727 ms (enqueue 4.33984 ms)
[10/06/2026-16:11:03] [I] Average on 1 runs - GPU latency: 9.54492 ms - Host latency: 9.68555 ms (enqueue 4.31445 ms)
[10/06/2026-16:11:03] [I] Average on 1 runs - GPU latency: 9.54297 ms - Host latency: 9.68359 ms (enqueue 4.42188 ms)
[10/06/2026-16:11:03] [I] Average on 1 runs - GPU latency: 9.55469 ms - Host latency: 9.70508 ms (enqueue 4.40625 ms)
[10/06/2026-16:11:03] [I] Average on 1 runs - GPU latency: 9.54688 ms - Host latency: 9.69727 ms (enqueue 4.40625 ms)
[10/06/2026-16:11:03] [I] Average on 1 runs - GPU latency: 9.53516 ms - Host latency: 9.68555 ms (enqueue 4.46094 ms)
[10/06/2026-16:11:03] [I] Average on 1 runs - GPU latency: 9.55859 ms - Host latency: 9.71484 ms (enqueue 4.38867 ms)
[10/06/2026-16:11:03] [I] Average on 1 runs - GPU latency: 9.55664 ms - Host latency: 9.70898 ms (enqueue 4.38672 ms)
[10/06/2026-16:11:03] [I] Average on 1 runs - GPU latency: 9.54688 ms - Host latency: 9.75195 ms (enqueue 4.39844 ms)
[10/06/2026-16:11:03] [I] Average on 1 runs - GPU latency: 9.53516 ms - Host latency: 9.68555 ms (enqueue 4.42383 ms)
[10/06/2026-16:11:03] [I] Average on 1 runs - GPU latency: 9.54688 ms - Host latency: 9.69141 ms (enqueue 4.38281 ms)
[10/06/2026-16:11:03] [I] Average on 1 runs - GPU latency: 9.55078 ms - Host latency: 9.69336 ms (enqueue 4.41211 ms)
[10/06/2026-16:11:03] [I] Average on 1 runs - GPU latency: 9.54688 ms - Host latency: 9.69922 ms (enqueue 4.39453 ms)
[10/06/2026-16:11:03] [I] Average on 1 runs - GPU latency: 9.55078 ms - Host latency: 9.70312 ms (enqueue 4.40234 ms)
[10/06/2026-16:11:03] [I] Average on 1 runs - GPU latency: 9.53711 ms - Host latency: 9.67969 ms (enqueue 4.4375 ms)
[10/06/2026-16:11:03] [I] Average on 1 runs - GPU latency: 9.55078 ms - Host latency: 9.69727 ms (enqueue 4.4082 ms)
[10/06/2026-16:11:03] [I] Average on 1 runs - GPU latency: 9.54883 ms - Host latency: 9.70312 ms (enqueue 4.47461 ms)
[10/06/2026-16:11:03] [I] Average on 1 runs - GPU latency: 9.55273 ms - Host latency: 9.70312 ms (enqueue 4.40039 ms)
[10/06/2026-16:11:03] [I] Average on 1 runs - GPU latency: 9.55273 ms - Host latency: 9.70508 ms (enqueue 4.38672 ms)
[10/06/2026-16:11:03] [I] Average on 1 runs - GPU latency: 9.54492 ms - Host latency: 9.69141 ms (enqueue 4.39844 ms)
[10/06/2026-16:11:03] [I] Average on 1 runs - GPU latency: 9.55664 ms - Host latency: 9.69922 ms (enqueue 4.45117 ms)
[10/06/2026-16:11:03] [I] Average on 1 runs - GPU latency: 9.54688 ms - Host latency: 9.68945 ms (enqueue 4.38672 ms)
[10/06/2026-16:11:03] [I] Average on 1 runs - GPU latency: 9.52539 ms - Host latency: 9.67188 ms (enqueue 4.40234 ms)
[10/06/2026-16:11:03] [I] Average on 1 runs - GPU latency: 9.55078 ms - Host latency: 9.69922 ms (enqueue 4.39062 ms)
[10/06/2026-16:11:03] [I] Average on 1 runs - GPU latency: 9.54492 ms - Host latency: 9.69531 ms (enqueue 4.38281 ms)
[10/06/2026-16:11:03] [I] Average on 1 runs - GPU latency: 9.54492 ms - Host latency: 9.69141 ms (enqueue 4.43555 ms)
[10/06/2026-16:11:03] [I] Average on 1 runs - GPU latency: 9.53906 ms - Host latency: 9.6875 ms (enqueue 4.49414 ms)
[10/06/2026-16:11:03] [I] Average on 1 runs - GPU latency: 9.54297 ms - Host latency: 9.6875 ms (enqueue 4.38281 ms)
[10/06/2026-16:11:03] [I] Average on 1 runs - GPU latency: 9.54492 ms - Host latency: 9.69141 ms (enqueue 4.47852 ms)
[10/06/2026-16:11:03] [I] Average on 1 runs - GPU latency: 9.54688 ms - Host latency: 9.70117 ms (enqueue 4.41211 ms)
[10/06/2026-16:11:03] [I] Average on 1 runs - GPU latency: 9.51953 ms - Host latency: 9.66797 ms (enqueue 4.38867 ms)
[10/06/2026-16:11:03] [I] 
[10/06/2026-16:11:03] [I] === Performance summary ===
[10/06/2026-16:11:03] [I] Throughput: 104.617 qps
[10/06/2026-16:11:03] [I] Latency: min = 9.66504 ms, max = 11.3594 ms, mean = 9.6971 ms, median = 9.69531 ms, percentile(90%) = 9.70801 ms, percentile(95%) = 9.71387 ms, percentile(99%) = 9.73877 ms
[10/06/2026-16:11:03] [I] Enqueue Time: min = 2.22754 ms, max = 4.66504 ms, mean = 4.37566 ms, median = 4.37891 ms, percentile(90%) = 4.44092 ms, percentile(95%) = 4.46094 ms, percentile(99%) = 4.5 ms
[10/06/2026-16:11:03] [I] H2D Latency: min = 0.128662 ms, max = 0.266602 ms, mean = 0.139965 ms, median = 0.138672 ms, percentile(90%) = 0.144531 ms, percentile(95%) = 0.154297 ms, percentile(99%) = 0.176758 ms
[10/06/2026-16:11:03] [I] GPU Compute Time: min = 9.5166 ms, max = 11.1846 ms, mean = 9.5475 ms, median = 9.54639 ms, percentile(90%) = 9.55664 ms, percentile(95%) = 9.55957 ms, percentile(99%) = 9.56494 ms
[10/06/2026-16:11:03] [I] D2H Latency: min = 0.00683594 ms, max = 0.0126953 ms, mean = 0.00963532 ms, median = 0.00976562 ms, percentile(90%) = 0.0107422 ms, percentile(95%) = 0.0109863 ms, percentile(99%) = 0.0117188 ms
[10/06/2026-16:11:03] [I] Total Host Walltime: 15.0262 s
[10/06/2026-16:11:03] [I] Total GPU Compute Time: 15.0087 s
[10/06/2026-16:11:03] [I] Explanations of the performance metrics are printed in the verbose logs.
[10/06/2026-16:11:03] [I] 
&&&& PASSED TensorRT.trtexec [TensorRT v100300] # /usr/src/tensorrt/bin/trtexec --loadEngine=/tmp/yolo26n_84172_uint8_fp16_opt3.engine --warmUp=3000 --duration=15 --idleTime=0 --avgRuns=1
