&&&& RUNNING TensorRT.trtexec [TensorRT v100300] # /usr/src/tensorrt/bin/trtexec --loadEngine=/tmp/yolo26n_84172_uint8_fp16_opt3.engine --warmUp=3000 --duration=15 --idleTime=0 --avgRuns=1
[10/06/2026-16:10:00] [I] === Model Options ===
[10/06/2026-16:10:00] [I] Format: *
[10/06/2026-16:10:00] [I] Model: 
[10/06/2026-16:10:00] [I] Output:
[10/06/2026-16:10:00] [I] 
[10/06/2026-16:10:00] [I] === System Options ===
[10/06/2026-16:10:00] [I] Device: 0
[10/06/2026-16:10:00] [I] DLACore: 
[10/06/2026-16:10:00] [I] Plugins:
[10/06/2026-16:10:00] [I] setPluginsToSerialize:
[10/06/2026-16:10:00] [I] dynamicPlugins:
[10/06/2026-16:10:00] [I] ignoreParsedPluginLibs: 0
[10/06/2026-16:10:00] [I] 
[10/06/2026-16:10:00] [I] === Inference Options ===
[10/06/2026-16:10:00] [I] Batch: Explicit
[10/06/2026-16:10:00] [I] Input inference shapes: model
[10/06/2026-16:10:00] [I] Iterations: 10
[10/06/2026-16:10:00] [I] Duration: 15s (+ 3000ms warm up)
[10/06/2026-16:10:00] [I] Sleep time: 0ms
[10/06/2026-16:10:00] [I] Idle time: 0ms
[10/06/2026-16:10:00] [I] Inference Streams: 1
[10/06/2026-16:10:00] [I] ExposeDMA: Disabled
[10/06/2026-16:10:00] [I] Data transfers: Enabled
[10/06/2026-16:10:00] [I] Spin-wait: Disabled
[10/06/2026-16:10:00] [I] Multithreading: Disabled
[10/06/2026-16:10:00] [I] CUDA Graph: Disabled
[10/06/2026-16:10:00] [I] Separate profiling: Disabled
[10/06/2026-16:10:00] [I] Time Deserialize: Disabled
[10/06/2026-16:10:00] [I] Time Refit: Disabled
[10/06/2026-16:10:00] [I] NVTX verbosity: 0
[10/06/2026-16:10:00] [I] Persistent Cache Ratio: 0
[10/06/2026-16:10:00] [I] Optimization Profile Index: 0
[10/06/2026-16:10:00] [I] Weight Streaming Budget: 100.000000%
[10/06/2026-16:10:00] [I] Inputs:
[10/06/2026-16:10:00] [I] Debug Tensor Save Destinations:
[10/06/2026-16:10:00] [I] === Reporting Options ===
[10/06/2026-16:10:00] [I] Verbose: Disabled
[10/06/2026-16:10:00] [I] Averages: 1 inferences
[10/06/2026-16:10:00] [I] Percentiles: 90,95,99
[10/06/2026-16:10:00] [I] Dump refittable layers:Disabled
[10/06/2026-16:10:00] [I] Dump output: Disabled
[10/06/2026-16:10:00] [I] Profile: Disabled
[10/06/2026-16:10:00] [I] Export timing to JSON file: 
[10/06/2026-16:10:00] [I] Export output to JSON file: 
[10/06/2026-16:10:00] [I] Export profile to JSON file: 
[10/06/2026-16:10:00] [I] 
[10/06/2026-16:10:00] [I] === Device Information ===
[10/06/2026-16:10:00] [I] Available Devices: 
[10/06/2026-16:10:00] [I]   Device 0: "Orin" UUID: GPU-6e16c2c1-e394-5324-8f2e-63a975968f4e
[10/06/2026-16:10:00] [I] Selected Device: Orin
[10/06/2026-16:10:00] [I] Selected Device ID: 0
[10/06/2026-16:10:00] [I] Selected Device UUID: GPU-6e16c2c1-e394-5324-8f2e-63a975968f4e
[10/06/2026-16:10:00] [I] Compute Capability: 8.7
[10/06/2026-16:10:00] [I] SMs: 8
[10/06/2026-16:10:00] [I] Device Global Memory: 7607 MiB
[10/06/2026-16:10:00] [I] Shared Memory per SM: 164 KiB
[10/06/2026-16:10:00] [I] Memory Bus Width: 128 bits (ECC disabled)
[10/06/2026-16:10:00] [I] Application Compute Clock Rate: 1.02 GHz
[10/06/2026-16:10:00] [I] Application Memory Clock Rate: 0.306 GHz
[10/06/2026-16:10:00] [I] 
[10/06/2026-16:10:00] [I] Note: The application clock rates do not reflect the actual clock rates that the GPU is currently running at.
[10/06/2026-16:10:00] [I] 
[10/06/2026-16:10:00] [I] TensorRT version: 10.3.0
[10/06/2026-16:10:00] [I] Loading standard plugins
[10/06/2026-16:10:00] [I] [TRT] Loaded engine size: 7 MiB
[10/06/2026-16:10:00] [I] Engine deserialized in 0.0753137 sec.
[10/06/2026-16:10:00] [I] [TRT] [MemUsageChange] TensorRT-managed allocation in IExecutionContext creation: CPU +0, GPU +12, now: CPU 0, GPU 16 (MiB)
[10/06/2026-16:10:00] [I] Setting persistentCacheLimit to 0 bytes.
[10/06/2026-16:10:00] [I] Created execution context with device memory size: 12.207 MiB
[10/06/2026-16:10:00] [I] Using random values for input images
[10/06/2026-16:10:00] [I] Input binding for images with dimensions 1x640x640x3 is created.
[10/06/2026-16:10:00] [I] Output binding for output0 with dimensions 1x300x6 is created.
[10/06/2026-16:10:00] [I] Starting inference
[10/06/2026-16:10:18] [I] Warmup completed 237 queries over 3000 ms
[10/06/2026-16:10:18] [I] Timing trace has 1207 queries over 15.0324 s
[10/06/2026-16:10:18] [I] 
[10/06/2026-16:10:18] [I] === Trace details ===
[10/06/2026-16:10:18] [I] Trace averages of 1 runs:
[10/06/2026-16:10:18] [I] Average on 1 runs - GPU latency: 12.4404 ms - Host latency: 12.6218 ms (enqueue 4.1792 ms)
[10/06/2026-16:10:18] [I] Average on 1 runs - GPU latency: 12.4485 ms - Host latency: 12.6301 ms (enqueue 4.31079 ms)
[10/06/2026-16:10:18] [I] Average on 1 runs - GPU latency: 12.437 ms - Host latency: 12.6182 ms (enqueue 4.27905 ms)
[10/06/2026-16:10:18] [I] Average on 1 runs - GPU latency: 12.4258 ms - Host latency: 12.606 ms (enqueue 4.30444 ms)
[10/06/2026-16:10:18] [I] Average on 1 runs - GPU latency: 12.4426 ms - Host latency: 12.6252 ms (enqueue 4.20288 ms)
[10/06/2026-16:10:18] [I] Average on 1 runs - GPU latency: 12.4453 ms - Host latency: 12.6265 ms (enqueue 4.27881 ms)
[10/06/2026-16:10:18] [I] Average on 1 runs - GPU latency: 12.4397 ms - Host latency: 12.6206 ms (enqueue 4.29077 ms)
[10/06/2026-16:10:18] [I] Average on 1 runs - GPU latency: 12.4316 ms - Host latency: 12.6194 ms (enqueue 4.32935 ms)
[10/06/2026-16:10:18] [I] Average on 1 runs - GPU latency: 12.4626 ms - Host latency: 12.6458 ms (enqueue 4.32373 ms)
[10/06/2026-16:10:18] [I] Average on 1 runs - GPU latency: 12.4348 ms - Host latency: 12.6147 ms (enqueue 4.30029 ms)
[10/06/2026-16:10:18] [I] Average on 1 runs - GPU latency: 12.4185 ms - Host latency: 12.603 ms (enqueue 4.33716 ms)
[10/06/2026-16:10:18] [I] Average on 1 runs - GPU latency: 12.4316 ms - Host latency: 12.6182 ms (enqueue 4.34424 ms)
[10/06/2026-16:10:18] [I] Average on 1 runs - GPU latency: 12.4382 ms - Host latency: 12.6257 ms (enqueue 4.31958 ms)
[10/06/2026-16:10:18] [I] Average on 1 runs - GPU latency: 12.4473 ms - Host latency: 12.6328 ms (enqueue 4.35059 ms)
[10/06/2026-16:10:18] [I] Average on 1 runs - GPU latency: 12.4529 ms - Host latency: 12.6338 ms (enqueue 4.20898 ms)
[10/06/2026-16:10:18] [I] Average on 1 runs - GPU latency: 12.4358 ms - Host latency: 12.6162 ms (enqueue 4.20166 ms)
[10/06/2026-16:10:18] [I] Average on 1 runs - GPU latency: 12.4343 ms - Host latency: 12.6143 ms (enqueue 4.20435 ms)
[10/06/2026-16:10:18] [I] Average on 1 runs - GPU latency: 12.4324 ms - Host latency: 12.6194 ms (enqueue 4.38623 ms)
[10/06/2026-16:10:18] [I] Average on 1 runs - GPU latency: 12.439 ms - Host latency: 12.6221 ms (enqueue 4.33032 ms)
[10/06/2026-16:10:18] [I] Average on 1 runs - GPU latency: 12.4377 ms - Host latency: 12.6187 ms (enqueue 4.29736 ms)
[10/06/2026-16:10:18] [I] Average on 1 runs - GPU latency: 12.4307 ms - Host latency: 12.6128 ms (enqueue 4.28955 ms)
[10/06/2026-16:10:18] [I] Average on 1 runs - GPU latency: 12.4287 ms - Host latency: 12.6143 ms (enqueue 4.34668 ms)
[10/06/2026-16:10:18] [I] Average on 1 runs - GPU latency: 12.4492 ms - Host latency: 12.6287 ms (enqueue 4.30884 ms)
[10/06/2026-16:10:18] [I] Average on 1 runs - GPU latency: 12.4385 ms - Host latency: 12.6252 ms (enqueue 4.37598 ms)
[10/06/2026-16:10:18] [I] Average on 1 runs - GPU latency: 12.4436 ms - Host latency: 12.6287 ms (enqueue 4.28589 ms)
[10/06/2026-16:10:18] [I] Average on 1 runs - GPU latency: 12.4294 ms - Host latency: 12.6116 ms (enqueue 4.32178 ms)
[10/06/2026-16:10:18] [I] Average on 1 runs - GPU latency: 12.4558 ms - Host latency: 12.6387 ms (enqueue 4.3335 ms)
[10/06/2026-16:10:18] [I] Average on 1 runs - GPU latency: 12.4351 ms - Host latency: 12.6162 ms (enqueue 4.323 ms)
[10/06/2026-16:10:18] [I] Average on 1 runs - GPU latency: 12.4326 ms - Host latency: 12.6155 ms (enqueue 4.30933 ms)
[10/06/2026-16:10:18] [I] Average on 1 runs - GPU latency: 12.4326 ms - Host latency: 12.6135 ms (enqueue 4.26733 ms)
[10/06/2026-16:10:18] [I] Average on 1 runs - GPU latency: 12.4351 ms - Host latency: 12.6167 ms (enqueue 4.29004 ms)
[10/06/2026-16:10:18] [I] Average on 1 runs - GPU latency: 12.4624 ms - Host latency: 12.6506 ms (enqueue 4.36133 ms)
[10/06/2026-16:10:18] [I] Average on 1 runs - GPU latency: 12.4502 ms - Host latency: 12.6335 ms (enqueue 4.32178 ms)
[10/06/2026-16:10:18] [I] Average on 1 runs - GPU latency: 12.4387 ms - Host latency: 12.6213 ms (enqueue 4.29248 ms)
[10/06/2026-16:10:18] [I] Average on 1 runs - GPU latency: 12.4492 ms - Host latency: 12.6326 ms (enqueue 4.33813 ms)
[10/06/2026-16:10:18] [I] Average on 1 runs - GPU latency: 12.4355 ms - Host latency: 12.6199 ms (enqueue 4.34131 ms)
[10/06/2026-16:10:18] [I] Average on 1 runs - GPU latency: 12.4548 ms - Host latency: 12.6604 ms (enqueue 4.31152 ms)
[10/06/2026-16:10:18] [I] Average on 1 runs - GPU latency: 12.4438 ms - Host latency: 12.626 ms (enqueue 4.37988 ms)
[10/06/2026-16:10:18] [I] Average on 1 runs - GPU latency: 12.4392 ms - Host latency: 12.627 ms (enqueue 4.36255 ms)
[10/06/2026-16:10:18] [I] Average on 1 runs - GPU latency: 12.4392 ms - Host latency: 12.6255 ms (enqueue 4.32495 ms)
[10/06/2026-16:10:18] [I] Average on 1 runs - GPU latency: 12.4407 ms - Host latency: 12.626 ms (enqueue 4.28442 ms)
[10/06/2026-16:10:18] [I] Average on 1 runs - GPU latency: 12.4446 ms - Host latency: 12.6284 ms (enqueue 4.42651 ms)
[10/06/2026-16:10:18] [I] Average on 1 runs - GPU latency: 12.4631 ms - Host latency: 12.6453 ms (enqueue 4.31006 ms)
[10/06/2026-16:10:18] [I] Average on 1 runs - GPU latency: 12.427 ms - Host latency: 12.6086 ms (enqueue 4.37427 ms)
[10/06/2026-16:10:18] [I] Average on 1 runs - GPU latency: 12.4312 ms - Host latency: 12.6138 ms (enqueue 4.33936 ms)
[10/06/2026-16:10:18] [I] Average on 1 runs - GPU latency: 12.4399 ms - Host latency: 12.623 ms (enqueue 4.36084 ms)
[10/06/2026-16:10:18] [I] Average on 1 runs - GPU latency: 12.4421 ms - Host latency: 12.6309 ms (enqueue 4.3291 ms)
[10/06/2026-16:10:18] [I] Average on 1 runs - GPU latency: 12.4292 ms - Host latency: 12.6121 ms (enqueue 4.35474 ms)
[10/06/2026-16:10:18] [I] Average on 1 runs - GPU latency: 12.4309 ms - Host latency: 12.616 ms (enqueue 4.32275 ms)
[10/06/2026-16:10:18] [I] Average on 1 runs - GPU latency: 12.4275 ms - Host latency: 12.6084 ms (enqueue 4.38159 ms)
[10/06/2026-16:10:18] [I] Average on 1 runs - GPU latency: 12.4375 ms - Host latency: 12.6213 ms (enqueue 4.37988 ms)
[10/06/2026-16:10:18] [I] Average on 1 runs - GPU latency: 12.4246 ms - Host latency: 12.6064 ms (enqueue 4.25732 ms)
[10/06/2026-16:10:18] [I] Average on 1 runs - GPU latency: 12.4431 ms - Host latency: 12.6243 ms (enqueue 4.33789 ms)
[10/06/2026-16:10:18] [I] Average on 1 runs - GPU latency: 12.4338 ms - Host latency: 12.6135 ms (enqueue 4.32422 ms)
[10/06/2026-16:10:18] [I] Average on 1 runs - GPU latency: 12.4126 ms - Host latency: 12.5928 ms (enqueue 4.3042 ms)
[10/06/2026-16:10:18] [I] Average on 1 runs - GPU latency: 12.4312 ms - Host latency: 12.615 ms (enqueue 4.37769 ms)
[10/06/2026-16:10:18] [I] Average on 1 runs - GPU latency: 12.429 ms - Host latency: 12.6108 ms (enqueue 4.3335 ms)
[10/06/2026-16:10:18] [I] Average on 1 runs - GPU latency: 12.45 ms - Host latency: 12.6326 ms (enqueue 4.2876 ms)
[10/06/2026-16:10:18] [I] Average on 1 runs - GPU latency: 12.4316 ms - Host latency: 12.6172 ms (enqueue 4.25195 ms)
[10/06/2026-16:10:18] [I] Average on 1 runs - GPU latency: 12.4451 ms - Host latency: 12.6248 ms (enqueue 4.28882 ms)
[10/06/2026-16:10:18] [I] Average on 1 runs - GPU latency: 12.4412 ms - Host latency: 12.6223 ms (enqueue 4.24268 ms)
[10/06/2026-16:10:18] [I] Average on 1 runs - GPU latency: 12.4465 ms - Host latency: 12.6309 ms (enqueue 4.20654 ms)
[10/06/2026-16:10:18] [I] Average on 1 runs - GPU latency: 12.4463 ms - Host latency: 12.626 ms (enqueue 4.3291 ms)
[10/06/2026-16:10:18] [I] Average on 1 runs - GPU latency: 12.4448 ms - Host latency: 12.6472 ms (enqueue 4.27637 ms)
[10/06/2026-16:10:18] [I] Average on 1 runs - GPU latency: 12.4519 ms - Host latency: 12.634 ms (enqueue 4.30859 ms)
[10/06/2026-16:10:18] [I] Average on 1 runs - GPU latency: 12.4268 ms - Host latency: 12.6064 ms (enqueue 4.26001 ms)
[10/06/2026-16:10:18] [I] Average on 1 runs - GPU latency: 12.4333 ms - Host latency: 12.6177 ms (enqueue 4.29272 ms)
[10/06/2026-16:10:18] [I] Average on 1 runs - GPU latency: 12.436 ms - Host latency: 12.6189 ms (enqueue 4.32007 ms)
[10/06/2026-16:10:18] [I] Average on 1 runs - GPU latency: 12.4348 ms - Host latency: 12.6211 ms (enqueue 4.35376 ms)
[10/06/2026-16:10:18] [I] Average on 1 runs - GPU latency: 12.4387 ms - Host latency: 12.6213 ms (enqueue 4.28564 ms)
[10/06/2026-16:10:18] [I] Average on 1 runs - GPU latency: 12.4404 ms - Host latency: 12.624 ms (enqueue 4.36108 ms)
[10/06/2026-16:10:18] [I] Average on 1 runs - GPU latency: 12.4341 ms - Host latency: 12.6194 ms (enqueue 4.33008 ms)
[10/06/2026-16:10:18] [I] Average on 1 runs - GPU latency: 12.4375 ms - Host latency: 12.6228 ms (enqueue 4.30859 ms)
[10/06/2026-16:10:18] [I] Average on 1 runs - GPU latency: 12.429 ms - Host latency: 12.6196 ms (enqueue 4.27051 ms)
[10/06/2026-16:10:18] [I] Average on 1 runs - GPU latency: 12.4543 ms - Host latency: 12.6367 ms (enqueue 4.28149 ms)
[10/06/2026-16:10:18] [I] Average on 1 runs - GPU latency: 12.4409 ms - Host latency: 12.625 ms (enqueue 4.24829 ms)
[10/06/2026-16:10:18] [I] Average on 1 runs - GPU latency: 12.426 ms - Host latency: 12.6047 ms (enqueue 4.27051 ms)
[10/06/2026-16:10:18] [I] Average on 1 runs - GPU latency: 12.4446 ms - Host latency: 12.6577 ms (enqueue 4.35229 ms)
[10/06/2026-16:10:18] [I] Average on 1 runs - GPU latency: 12.4307 ms - Host latency: 12.6194 ms (enqueue 4.29932 ms)
[10/06/2026-16:10:18] [I] Average on 1 runs - GPU latency: 12.4434 ms - Host latency: 12.6235 ms (enqueue 4.3103 ms)
[10/06/2026-16:10:18] [I] Average on 1 runs - GPU latency: 12.4404 ms - Host latency: 12.6257 ms (enqueue 4.29126 ms)
[10/06/2026-16:10:18] [I] Average on 1 runs - GPU latency: 12.4253 ms - Host latency: 12.6062 ms (enqueue 4.28906 ms)
[10/06/2026-16:10:18] [I] Average on 1 runs - GPU latency: 12.4355 ms - Host latency: 12.6206 ms (enqueue 4.31079 ms)
[10/06/2026-16:10:18] [I] Average on 1 runs - GPU latency: 12.4407 ms - Host latency: 12.6218 ms (enqueue 4.29297 ms)
[10/06/2026-16:10:18] [I] Average on 1 runs - GPU latency: 12.4241 ms - Host latency: 12.6072 ms (enqueue 4.28833 ms)
[10/06/2026-16:10:18] [I] Average on 1 runs - GPU latency: 12.447 ms - Host latency: 12.6289 ms (enqueue 4.31274 ms)
[10/06/2026-16:10:18] [I] Average on 1 runs - GPU latency: 12.4543 ms - Host latency: 12.6362 ms (enqueue 4.31934 ms)
[10/06/2026-16:10:18] [I] Average on 1 runs - GPU latency: 12.4495 ms - Host latency: 12.6326 ms (enqueue 4.30786 ms)
[10/06/2026-16:10:18] [I] Average on 1 runs - GPU latency: 12.4507 ms - Host latency: 12.6335 ms (enqueue 4.35645 ms)
[10/06/2026-16:10:18] [I] Average on 1 runs - GPU latency: 12.4263 ms - Host latency: 12.6079 ms (enqueue 4.39844 ms)
[10/06/2026-16:10:18] [I] Average on 1 runs - GPU latency: 12.4395 ms - Host latency: 12.623 ms (enqueue 4.29883 ms)
[10/06/2026-16:10:18] [I] Average on 1 runs - GPU latency: 12.439 ms - Host latency: 12.6191 ms (enqueue 4.33203 ms)
[10/06/2026-16:10:18] [I] Average on 1 runs - GPU latency: 12.4258 ms - Host latency: 12.606 ms (enqueue 4.29053 ms)
[10/06/2026-16:10:18] [I] Average on 1 runs - GPU latency: 12.4243 ms - Host latency: 12.6055 ms (enqueue 4.28174 ms)
[10/06/2026-16:10:18] [I] Average on 1 runs - GPU latency: 12.4438 ms - Host latency: 12.625 ms (enqueue 4.34424 ms)
[10/06/2026-16:10:18] [I] Average on 1 runs - GPU latency: 12.4438 ms - Host latency: 12.6245 ms (enqueue 4.32275 ms)
[10/06/2026-16:10:18] [I] Average on 1 runs - GPU latency: 12.4561 ms - Host latency: 12.6445 ms (enqueue 4.30078 ms)
[10/06/2026-16:10:18] [I] Average on 1 runs - GPU latency: 12.4399 ms - Host latency: 12.6284 ms (enqueue 4.31641 ms)
[10/06/2026-16:10:18] [I] Average on 1 runs - GPU latency: 12.438 ms - Host latency: 12.6206 ms (enqueue 4.27637 ms)
[10/06/2026-16:10:18] [I] Average on 1 runs - GPU latency: 12.4502 ms - Host latency: 12.6367 ms (enqueue 4.33887 ms)
[10/06/2026-16:10:18] [I] Average on 1 runs - GPU latency: 12.4336 ms - Host latency: 12.6157 ms (enqueue 4.3125 ms)
[10/06/2026-16:10:18] [I] Average on 1 runs - GPU latency: 12.439 ms - Host latency: 12.6255 ms (enqueue 4.25439 ms)
[10/06/2026-16:10:18] [I] Average on 1 runs - GPU latency: 12.4346 ms - Host latency: 12.6177 ms (enqueue 4.27734 ms)
[10/06/2026-16:10:18] [I] Average on 1 runs - GPU latency: 12.418 ms - Host latency: 12.5996 ms (enqueue 2.95264 ms)
[10/06/2026-16:10:18] [I] Average on 1 runs - GPU latency: 12.4326 ms - Host latency: 12.6392 ms (enqueue 4.62793 ms)
[10/06/2026-16:10:18] [I] Average on 1 runs - GPU latency: 12.4346 ms - Host latency: 12.6172 ms (enqueue 4.23535 ms)
[10/06/2026-16:10:18] [I] Average on 1 runs - GPU latency: 12.4282 ms - Host latency: 12.6094 ms (enqueue 4.30176 ms)
[10/06/2026-16:10:18] [I] Average on 1 runs - GPU latency: 12.4619 ms - Host latency: 12.6489 ms (enqueue 4.27783 ms)
[10/06/2026-16:10:18] [I] Average on 1 runs - GPU latency: 12.4409 ms - Host latency: 12.6255 ms (enqueue 4.33154 ms)
[10/06/2026-16:10:18] [I] Average on 1 runs - GPU latency: 12.416 ms - Host latency: 12.6045 ms (enqueue 4.14307 ms)
[10/06/2026-16:10:18] [I] Average on 1 runs - GPU latency: 12.4351 ms - Host latency: 12.6196 ms (enqueue 4.30908 ms)
[10/06/2026-16:10:18] [I] Average on 1 runs - GPU latency: 12.4644 ms - Host latency: 12.6509 ms (enqueue 4.31787 ms)
[10/06/2026-16:10:18] [I] Average on 1 runs - GPU latency: 12.4302 ms - Host latency: 12.6152 ms (enqueue 4.28613 ms)
[10/06/2026-16:10:18] [I] Average on 1 runs - GPU latency: 12.4419 ms - Host latency: 12.6284 ms (enqueue 4.18115 ms)
[10/06/2026-16:10:18] [I] Average on 1 runs - GPU latency: 12.4395 ms - Host latency: 12.6245 ms (enqueue 4.2876 ms)
[10/06/2026-16:10:18] [I] Average on 1 runs - GPU latency: 12.4312 ms - Host latency: 12.6133 ms (enqueue 4.33105 ms)
[10/06/2026-16:10:18] [I] Average on 1 runs - GPU latency: 12.4341 ms - Host latency: 12.6221 ms (enqueue 4.27344 ms)
[10/06/2026-16:10:18] [I] Average on 1 runs - GPU latency: 12.4238 ms - Host latency: 12.6094 ms (enqueue 4.18408 ms)
[10/06/2026-16:10:18] [I] Average on 1 runs - GPU latency: 12.4443 ms - Host latency: 12.6411 ms (enqueue 4.34521 ms)
[10/06/2026-16:10:18] [I] Average on 1 runs - GPU latency: 12.4502 ms - Host latency: 12.6353 ms (enqueue 4.24951 ms)
[10/06/2026-16:10:18] [I] Average on 1 runs - GPU latency: 12.4336 ms - Host latency: 12.6201 ms (enqueue 4.28906 ms)
[10/06/2026-16:10:18] [I] Average on 1 runs - GPU latency: 12.4438 ms - Host latency: 12.6328 ms (enqueue 4.18066 ms)
[10/06/2026-16:10:18] [I] Average on 1 runs - GPU latency: 12.4409 ms - Host latency: 12.6216 ms (enqueue 4.32324 ms)
[10/06/2026-16:10:18] [I] Average on 1 runs - GPU latency: 12.4429 ms - Host latency: 12.6245 ms (enqueue 4.30859 ms)
[10/06/2026-16:10:18] [I] Average on 1 runs - GPU latency: 12.4404 ms - Host latency: 12.627 ms (enqueue 4.32178 ms)
[10/06/2026-16:10:18] [I] Average on 1 runs - GPU latency: 12.439 ms - Host latency: 12.6191 ms (enqueue 4.18457 ms)
[10/06/2026-16:10:18] [I] Average on 1 runs - GPU latency: 12.4272 ms - Host latency: 12.6118 ms (enqueue 4.27539 ms)
[10/06/2026-16:10:18] [I] Average on 1 runs - GPU latency: 12.417 ms - Host latency: 12.6011 ms (enqueue 4.31299 ms)
[10/06/2026-16:10:18] [I] Average on 1 runs - GPU latency: 12.4429 ms - Host latency: 12.6328 ms (enqueue 4.32031 ms)
[10/06/2026-16:10:18] [I] Average on 1 runs - GPU latency: 12.4268 ms - Host latency: 12.6143 ms (enqueue 4.30811 ms)
[10/06/2026-16:10:18] [I] Average on 1 runs - GPU latency: 12.439 ms - Host latency: 12.6216 ms (enqueue 4.35791 ms)
[10/06/2026-16:10:18] [I] Average on 1 runs - GPU latency: 12.4561 ms - Host latency: 12.6362 ms (enqueue 4.45459 ms)
[10/06/2026-16:10:18] [I] Average on 1 runs - GPU latency: 12.4443 ms - Host latency: 12.6279 ms (enqueue 4.31885 ms)
[10/06/2026-16:10:18] [I] Average on 1 runs - GPU latency: 12.4355 ms - Host latency: 12.6182 ms (enqueue 4.3418 ms)
[10/06/2026-16:10:18] [I] Average on 1 runs - GPU latency: 12.4473 ms - Host latency: 12.6289 ms (enqueue 4.37402 ms)
[10/06/2026-16:10:18] [I] Average on 1 runs - GPU latency: 12.4546 ms - Host latency: 12.6377 ms (enqueue 4.30322 ms)
[10/06/2026-16:10:18] [I] Average on 1 runs - GPU latency: 12.4272 ms - Host latency: 12.6147 ms (enqueue 4.31299 ms)
[10/06/2026-16:10:18] [I] Average on 1 runs - GPU latency: 12.439 ms - Host latency: 12.6216 ms (enqueue 4.26416 ms)
[10/06/2026-16:10:18] [I] Average on 1 runs - GPU latency: 12.4321 ms - Host latency: 12.6177 ms (enqueue 4.43848 ms)
[10/06/2026-16:10:18] [I] Average on 1 runs - GPU latency: 12.4575 ms - Host latency: 12.6548 ms (enqueue 4.45605 ms)
[10/06/2026-16:10:18] [I] Average on 1 runs - GPU latency: 12.4399 ms - Host latency: 12.6255 ms (enqueue 4.42188 ms)
[10/06/2026-16:10:18] [I] Average on 1 runs - GPU latency: 12.4414 ms - Host latency: 12.627 ms (enqueue 4.21143 ms)
[10/06/2026-16:10:18] [I] Average on 1 runs - GPU latency: 12.4346 ms - Host latency: 12.6177 ms (enqueue 4.28223 ms)
[10/06/2026-16:10:18] [I] Average on 1 runs - GPU latency: 12.4521 ms - Host latency: 12.6357 ms (enqueue 4.36523 ms)
[10/06/2026-16:10:18] [I] Average on 1 runs - GPU latency: 12.4292 ms - Host latency: 12.6147 ms (enqueue 4.34229 ms)
[10/06/2026-16:10:18] [I] Average on 1 runs - GPU latency: 12.4365 ms - Host latency: 12.6411 ms (enqueue 4.20068 ms)
[10/06/2026-16:10:18] [I] Average on 1 runs - GPU latency: 12.4409 ms - Host latency: 12.627 ms (enqueue 4.28027 ms)
[10/06/2026-16:10:18] [I] Average on 1 runs - GPU latency: 12.4438 ms - Host latency: 12.6309 ms (enqueue 4.2627 ms)
[10/06/2026-16:10:18] [I] Average on 1 runs - GPU latency: 12.4385 ms - Host latency: 12.6226 ms (enqueue 4.26416 ms)
[10/06/2026-16:10:18] [I] Average on 1 runs - GPU latency: 12.4326 ms - Host latency: 12.6113 ms (enqueue 4.20605 ms)
[10/06/2026-16:10:18] [I] Average on 1 runs - GPU latency: 12.4497 ms - Host latency: 12.6313 ms (enqueue 4.22803 ms)
[10/06/2026-16:10:18] [I] Average on 1 runs - GPU latency: 12.4243 ms - Host latency: 12.604 ms (enqueue 4.20752 ms)
[10/06/2026-16:10:18] [I] Average on 1 runs - GPU latency: 12.4463 ms - Host latency: 12.6284 ms (enqueue 4.31934 ms)
[10/06/2026-16:10:18] [I] Average on 1 runs - GPU latency: 12.4497 ms - Host latency: 12.6323 ms (enqueue 4.28613 ms)
[10/06/2026-16:10:18] [I] Average on 1 runs - GPU latency: 12.4351 ms - Host latency: 12.6182 ms (enqueue 4.32861 ms)
[10/06/2026-16:10:18] [I] Average on 1 runs - GPU latency: 12.4453 ms - Host latency: 12.6274 ms (enqueue 4.30078 ms)
[10/06/2026-16:10:18] [I] Average on 1 runs - GPU latency: 12.4287 ms - Host latency: 12.6128 ms (enqueue 4.31445 ms)
[10/06/2026-16:10:18] [I] Average on 1 runs - GPU latency: 12.4375 ms - Host latency: 12.624 ms (enqueue 4.21826 ms)
[10/06/2026-16:10:18] [I] Average on 1 runs - GPU latency: 12.4409 ms - Host latency: 12.625 ms (enqueue 4.38818 ms)
[10/06/2026-16:10:18] [I] Average on 1 runs - GPU latency: 12.4351 ms - Host latency: 12.6406 ms (enqueue 4.32617 ms)
[10/06/2026-16:10:18] [I] Average on 1 runs - GPU latency: 12.4253 ms - Host latency: 12.6084 ms (enqueue 4.34668 ms)
[10/06/2026-16:10:18] [I] Average on 1 runs - GPU latency: 12.4434 ms - Host latency: 12.623 ms (enqueue 4.30225 ms)
[10/06/2026-16:10:18] [I] Average on 1 runs - GPU latency: 12.4355 ms - Host latency: 12.624 ms (enqueue 4.25293 ms)
[10/06/2026-16:10:18] [I] Average on 1 runs - GPU latency: 12.4463 ms - Host latency: 12.6353 ms (enqueue 4.23438 ms)
[10/06/2026-16:10:18] [I] Average on 1 runs - GPU latency: 12.4282 ms - Host latency: 12.6206 ms (enqueue 4.3501 ms)
[10/06/2026-16:10:18] [I] Average on 1 runs - GPU latency: 12.4438 ms - Host latency: 12.6265 ms (enqueue 4.24072 ms)
[10/06/2026-16:10:18] [I] Average on 1 runs - GPU latency: 12.4268 ms - Host latency: 12.6123 ms (enqueue 4.26318 ms)
[10/06/2026-16:10:18] [I] Average on 1 runs - GPU latency: 12.438 ms - Host latency: 12.623 ms (enqueue 4.44287 ms)
[10/06/2026-16:10:18] [I] Average on 1 runs - GPU latency: 12.4253 ms - Host latency: 12.6079 ms (enqueue 4.31787 ms)
[10/06/2026-16:10:18] [I] Average on 1 runs - GPU latency: 12.4336 ms - Host latency: 12.6177 ms (enqueue 4.14111 ms)
[10/06/2026-16:10:18] [I] Average on 1 runs - GPU latency: 12.4233 ms - Host latency: 12.6104 ms (enqueue 4.15186 ms)
[10/06/2026-16:10:18] [I] Average on 1 runs - GPU latency: 12.4482 ms - Host latency: 12.6426 ms (enqueue 4.30811 ms)
[10/06/2026-16:10:18] [I] Average on 1 runs - GPU latency: 12.4429 ms - Host latency: 12.6289 ms (enqueue 4.36523 ms)
[10/06/2026-16:10:18] [I] Average on 1 runs - GPU latency: 12.4268 ms - Host latency: 12.6138 ms (enqueue 4.25684 ms)
[10/06/2026-16:10:18] [I] Average on 1 runs - GPU latency: 12.4458 ms - Host latency: 12.6294 ms (enqueue 4.30273 ms)
[10/06/2026-16:10:18] [I] Average on 1 runs - GPU latency: 12.4341 ms - Host latency: 12.6162 ms (enqueue 4.32617 ms)
[10/06/2026-16:10:18] [I] Average on 1 runs - GPU latency: 12.4438 ms - Host latency: 12.623 ms (enqueue 4.4082 ms)
[10/06/2026-16:10:18] [I] Average on 1 runs - GPU latency: 12.4175 ms - Host latency: 12.5972 ms (enqueue 4.24951 ms)
[10/06/2026-16:10:18] [I] Average on 1 runs - GPU latency: 12.437 ms - Host latency: 12.6348 ms (enqueue 4.19971 ms)
[10/06/2026-16:10:18] [I] Average on 1 runs - GPU latency: 12.4331 ms - Host latency: 12.6196 ms (enqueue 4.2876 ms)
[10/06/2026-16:10:18] [I] Average on 1 runs - GPU latency: 12.4614 ms - Host latency: 12.646 ms (enqueue 4.23486 ms)
[10/06/2026-16:10:18] [I] Average on 1 runs - GPU latency: 12.4248 ms - Host latency: 12.6094 ms (enqueue 4.27197 ms)
[10/06/2026-16:10:18] [I] Average on 1 runs - GPU latency: 12.4365 ms - Host latency: 12.6191 ms (enqueue 4.32275 ms)
[10/06/2026-16:10:18] [I] Average on 1 runs - GPU latency: 12.4438 ms - Host latency: 12.6343 ms (enqueue 4.31885 ms)
[10/06/2026-16:10:18] [I] Average on 1 runs - GPU latency: 12.4434 ms - Host latency: 12.6265 ms (enqueue 4.33154 ms)
[10/06/2026-16:10:18] [I] Average on 1 runs - GPU latency: 12.438 ms - Host latency: 12.6221 ms (enqueue 4.35498 ms)
[10/06/2026-16:10:18] [I] Average on 1 runs - GPU latency: 12.4282 ms - Host latency: 12.6138 ms (enqueue 4.18555 ms)
[10/06/2026-16:10:18] [I] Average on 1 runs - GPU latency: 12.4189 ms - Host latency: 12.6006 ms (enqueue 4.25195 ms)
[10/06/2026-16:10:18] [I] Average on 1 runs - GPU latency: 12.4443 ms - Host latency: 12.6294 ms (enqueue 4.26904 ms)
[10/06/2026-16:10:18] [I] Average on 1 runs - GPU latency: 12.4272 ms - Host latency: 12.6147 ms (enqueue 4.33887 ms)
[10/06/2026-16:10:18] [I] Average on 1 runs - GPU latency: 12.4365 ms - Host latency: 12.6201 ms (enqueue 4.33398 ms)
[10/06/2026-16:10:18] [I] Average on 1 runs - GPU latency: 12.4492 ms - Host latency: 12.6304 ms (enqueue 4.31104 ms)
[10/06/2026-16:10:18] [I] Average on 1 runs - GPU latency: 12.4302 ms - Host latency: 12.6123 ms (enqueue 4.32666 ms)
[10/06/2026-16:10:18] [I] Average on 1 runs - GPU latency: 12.4375 ms - Host latency: 12.6211 ms (enqueue 4.39648 ms)
[10/06/2026-16:10:18] [I] Average on 1 runs - GPU latency: 12.4282 ms - Host latency: 12.6191 ms (enqueue 4.30762 ms)
[10/06/2026-16:10:18] [I] Average on 1 runs - GPU latency: 12.4473 ms - Host latency: 12.6338 ms (enqueue 4.19824 ms)
[10/06/2026-16:10:18] [I] Average on 1 runs - GPU latency: 12.4434 ms - Host latency: 12.6255 ms (enqueue 4.29395 ms)
[10/06/2026-16:10:18] [I] Average on 1 runs - GPU latency: 12.4497 ms - Host latency: 12.6343 ms (enqueue 4.31982 ms)
[10/06/2026-16:10:18] [I] Average on 1 runs - GPU latency: 12.439 ms - Host latency: 12.6226 ms (enqueue 4.30322 ms)
[10/06/2026-16:10:18] [I] Average on 1 runs - GPU latency: 12.4424 ms - Host latency: 12.6274 ms (enqueue 4.37402 ms)
[10/06/2026-16:10:18] [I] ... Omitting 807 lines
[10/06/2026-16:10:18] [I] Average on 1 runs - GPU latency: 12.4492 ms - Host latency: 12.6328 ms (enqueue 4.31152 ms)
[10/06/2026-16:10:18] [I] Average on 1 runs - GPU latency: 12.4355 ms - Host latency: 12.6211 ms (enqueue 4.32422 ms)
[10/06/2026-16:10:18] [I] Average on 1 runs - GPU latency: 12.4355 ms - Host latency: 12.6182 ms (enqueue 4.33496 ms)
[10/06/2026-16:10:18] [I] Average on 1 runs - GPU latency: 12.4355 ms - Host latency: 12.6221 ms (enqueue 4.35938 ms)
[10/06/2026-16:10:18] [I] Average on 1 runs - GPU latency: 12.4551 ms - Host latency: 12.6357 ms (enqueue 4.31934 ms)
[10/06/2026-16:10:18] [I] Average on 1 runs - GPU latency: 12.4395 ms - Host latency: 12.625 ms (enqueue 4.41992 ms)
[10/06/2026-16:10:18] [I] Average on 1 runs - GPU latency: 12.4482 ms - Host latency: 12.6318 ms (enqueue 4.36816 ms)
[10/06/2026-16:10:18] [I] Average on 1 runs - GPU latency: 12.4219 ms - Host latency: 12.6104 ms (enqueue 4.36426 ms)
[10/06/2026-16:10:18] [I] Average on 1 runs - GPU latency: 12.4385 ms - Host latency: 12.6309 ms (enqueue 4.2959 ms)
[10/06/2026-16:10:18] [I] Average on 1 runs - GPU latency: 12.4473 ms - Host latency: 12.6309 ms (enqueue 4.27246 ms)
[10/06/2026-16:10:18] [I] Average on 1 runs - GPU latency: 12.4521 ms - Host latency: 12.6367 ms (enqueue 4.32422 ms)
[10/06/2026-16:10:18] [I] Average on 1 runs - GPU latency: 12.4316 ms - Host latency: 12.6172 ms (enqueue 4.31738 ms)
[10/06/2026-16:10:18] [I] Average on 1 runs - GPU latency: 12.4541 ms - Host latency: 12.6348 ms (enqueue 4.28418 ms)
[10/06/2026-16:10:18] [I] Average on 1 runs - GPU latency: 12.4434 ms - Host latency: 12.627 ms (enqueue 4.30469 ms)
[10/06/2026-16:10:18] [I] Average on 1 runs - GPU latency: 12.4238 ms - Host latency: 12.6084 ms (enqueue 4.39355 ms)
[10/06/2026-16:10:18] [I] Average on 1 runs - GPU latency: 12.4424 ms - Host latency: 12.6367 ms (enqueue 4.28027 ms)
[10/06/2026-16:10:18] [I] Average on 1 runs - GPU latency: 12.4326 ms - Host latency: 12.6143 ms (enqueue 4.28418 ms)
[10/06/2026-16:10:18] [I] Average on 1 runs - GPU latency: 12.457 ms - Host latency: 12.6416 ms (enqueue 4.24707 ms)
[10/06/2026-16:10:18] [I] Average on 1 runs - GPU latency: 12.4346 ms - Host latency: 12.6221 ms (enqueue 4.2793 ms)
[10/06/2026-16:10:18] [I] Average on 1 runs - GPU latency: 12.4385 ms - Host latency: 12.623 ms (enqueue 4.29492 ms)
[10/06/2026-16:10:18] [I] Average on 1 runs - GPU latency: 12.4482 ms - Host latency: 12.6299 ms (enqueue 4.34375 ms)
[10/06/2026-16:10:18] [I] Average on 1 runs - GPU latency: 12.4453 ms - Host latency: 12.626 ms (enqueue 4.32715 ms)
[10/06/2026-16:10:18] [I] Average on 1 runs - GPU latency: 12.4414 ms - Host latency: 12.624 ms (enqueue 4.30078 ms)
[10/06/2026-16:10:18] [I] Average on 1 runs - GPU latency: 12.4355 ms - Host latency: 12.625 ms (enqueue 4.36621 ms)
[10/06/2026-16:10:18] [I] Average on 1 runs - GPU latency: 12.416 ms - Host latency: 12.5967 ms (enqueue 4.35742 ms)
[10/06/2026-16:10:18] [I] Average on 1 runs - GPU latency: 12.4336 ms - Host latency: 12.6406 ms (enqueue 4.32422 ms)
[10/06/2026-16:10:18] [I] Average on 1 runs - GPU latency: 12.4336 ms - Host latency: 12.6211 ms (enqueue 4.30176 ms)
[10/06/2026-16:10:18] [I] Average on 1 runs - GPU latency: 12.4492 ms - Host latency: 12.6309 ms (enqueue 4.30273 ms)
[10/06/2026-16:10:18] [I] Average on 1 runs - GPU latency: 12.4268 ms - Host latency: 12.6094 ms (enqueue 4.37012 ms)
[10/06/2026-16:10:18] [I] Average on 1 runs - GPU latency: 12.4229 ms - Host latency: 12.6055 ms (enqueue 4.31641 ms)
[10/06/2026-16:10:18] [I] Average on 1 runs - GPU latency: 12.4443 ms - Host latency: 12.626 ms (enqueue 4.37109 ms)
[10/06/2026-16:10:18] [I] Average on 1 runs - GPU latency: 12.4502 ms - Host latency: 12.6338 ms (enqueue 4.28613 ms)
[10/06/2026-16:10:18] [I] Average on 1 runs - GPU latency: 12.4492 ms - Host latency: 12.6348 ms (enqueue 4.38965 ms)
[10/06/2026-16:10:18] [I] Average on 1 runs - GPU latency: 12.4404 ms - Host latency: 12.623 ms (enqueue 4.3252 ms)
[10/06/2026-16:10:18] [I] Average on 1 runs - GPU latency: 12.4238 ms - Host latency: 12.6064 ms (enqueue 4.35547 ms)
[10/06/2026-16:10:18] [I] Average on 1 runs - GPU latency: 12.4316 ms - Host latency: 12.6152 ms (enqueue 4.33398 ms)
[10/06/2026-16:10:18] [I] Average on 1 runs - GPU latency: 12.4287 ms - Host latency: 12.6162 ms (enqueue 4.30078 ms)
[10/06/2026-16:10:18] [I] Average on 1 runs - GPU latency: 12.4404 ms - Host latency: 12.6279 ms (enqueue 4.34473 ms)
[10/06/2026-16:10:18] [I] Average on 1 runs - GPU latency: 12.4326 ms - Host latency: 12.6201 ms (enqueue 4.42871 ms)
[10/06/2026-16:10:18] [I] Average on 1 runs - GPU latency: 12.4346 ms - Host latency: 12.6455 ms (enqueue 4.31055 ms)
[10/06/2026-16:10:18] [I] Average on 1 runs - GPU latency: 12.4395 ms - Host latency: 12.626 ms (enqueue 4.3418 ms)
[10/06/2026-16:10:18] [I] Average on 1 runs - GPU latency: 12.4346 ms - Host latency: 12.623 ms (enqueue 4.34766 ms)
[10/06/2026-16:10:18] [I] Average on 1 runs - GPU latency: 12.4443 ms - Host latency: 12.624 ms (enqueue 4.34668 ms)
[10/06/2026-16:10:18] [I] Average on 1 runs - GPU latency: 12.4365 ms - Host latency: 12.6201 ms (enqueue 4.28516 ms)
[10/06/2026-16:10:18] [I] Average on 1 runs - GPU latency: 12.417 ms - Host latency: 12.6172 ms (enqueue 4.24609 ms)
[10/06/2026-16:10:18] [I] Average on 1 runs - GPU latency: 12.4395 ms - Host latency: 12.624 ms (enqueue 4.34375 ms)
[10/06/2026-16:10:18] [I] Average on 1 runs - GPU latency: 12.4424 ms - Host latency: 12.625 ms (enqueue 4.32031 ms)
[10/06/2026-16:10:18] [I] Average on 1 runs - GPU latency: 12.4268 ms - Host latency: 12.6104 ms (enqueue 4.34863 ms)
[10/06/2026-16:10:18] [I] Average on 1 runs - GPU latency: 12.4346 ms - Host latency: 12.6143 ms (enqueue 4.35059 ms)
[10/06/2026-16:10:18] [I] Average on 1 runs - GPU latency: 12.4336 ms - Host latency: 12.6152 ms (enqueue 4.35547 ms)
[10/06/2026-16:10:18] [I] Average on 1 runs - GPU latency: 12.4424 ms - Host latency: 12.6338 ms (enqueue 4.37598 ms)
[10/06/2026-16:10:18] [I] Average on 1 runs - GPU latency: 12.4482 ms - Host latency: 12.6279 ms (enqueue 4.31738 ms)
[10/06/2026-16:10:18] [I] Average on 1 runs - GPU latency: 12.4277 ms - Host latency: 12.6104 ms (enqueue 4.31445 ms)
[10/06/2026-16:10:18] [I] Average on 1 runs - GPU latency: 12.4355 ms - Host latency: 12.6172 ms (enqueue 4.27734 ms)
[10/06/2026-16:10:18] [I] Average on 1 runs - GPU latency: 12.4482 ms - Host latency: 12.6367 ms (enqueue 4.33789 ms)
[10/06/2026-16:10:18] [I] Average on 1 runs - GPU latency: 12.4443 ms - Host latency: 12.6348 ms (enqueue 4.33789 ms)
[10/06/2026-16:10:18] [I] Average on 1 runs - GPU latency: 12.4482 ms - Host latency: 12.6309 ms (enqueue 4.32617 ms)
[10/06/2026-16:10:18] [I] Average on 1 runs - GPU latency: 12.46 ms - Host latency: 12.6445 ms (enqueue 4.32812 ms)
[10/06/2026-16:10:18] [I] Average on 1 runs - GPU latency: 12.416 ms - Host latency: 12.6064 ms (enqueue 4.38184 ms)
[10/06/2026-16:10:18] [I] Average on 1 runs - GPU latency: 12.4463 ms - Host latency: 12.6279 ms (enqueue 4.35742 ms)
[10/06/2026-16:10:18] [I] Average on 1 runs - GPU latency: 12.4297 ms - Host latency: 12.6133 ms (enqueue 4.29297 ms)
[10/06/2026-16:10:18] [I] Average on 1 runs - GPU latency: 12.4336 ms - Host latency: 12.6191 ms (enqueue 4.36914 ms)
[10/06/2026-16:10:18] [I] Average on 1 runs - GPU latency: 12.4385 ms - Host latency: 12.6377 ms (enqueue 4.35254 ms)
[10/06/2026-16:10:18] [I] Average on 1 runs - GPU latency: 12.4268 ms - Host latency: 12.6084 ms (enqueue 4.29492 ms)
[10/06/2026-16:10:18] [I] Average on 1 runs - GPU latency: 12.4365 ms - Host latency: 12.627 ms (enqueue 4.35742 ms)
[10/06/2026-16:10:18] [I] Average on 1 runs - GPU latency: 12.4199 ms - Host latency: 12.6084 ms (enqueue 4.35938 ms)
[10/06/2026-16:10:18] [I] Average on 1 runs - GPU latency: 12.4414 ms - Host latency: 12.6562 ms (enqueue 4.35938 ms)
[10/06/2026-16:10:18] [I] Average on 1 runs - GPU latency: 12.4424 ms - Host latency: 12.6299 ms (enqueue 4.38965 ms)
[10/06/2026-16:10:18] [I] Average on 1 runs - GPU latency: 12.458 ms - Host latency: 12.6387 ms (enqueue 4.37695 ms)
[10/06/2026-16:10:18] [I] Average on 1 runs - GPU latency: 12.4316 ms - Host latency: 12.623 ms (enqueue 4.30762 ms)
[10/06/2026-16:10:18] [I] Average on 1 runs - GPU latency: 12.4453 ms - Host latency: 12.627 ms (enqueue 4.34961 ms)
[10/06/2026-16:10:18] [I] Average on 1 runs - GPU latency: 12.4355 ms - Host latency: 12.6191 ms (enqueue 4.35352 ms)
[10/06/2026-16:10:18] [I] Average on 1 runs - GPU latency: 12.459 ms - Host latency: 12.6465 ms (enqueue 4.33203 ms)
[10/06/2026-16:10:18] [I] Average on 1 runs - GPU latency: 12.4336 ms - Host latency: 12.627 ms (enqueue 4.24609 ms)
[10/06/2026-16:10:18] [I] Average on 1 runs - GPU latency: 12.4395 ms - Host latency: 12.6289 ms (enqueue 4.26172 ms)
[10/06/2026-16:10:18] [I] Average on 1 runs - GPU latency: 12.4395 ms - Host latency: 12.627 ms (enqueue 4.27539 ms)
[10/06/2026-16:10:18] [I] Average on 1 runs - GPU latency: 12.4375 ms - Host latency: 12.625 ms (enqueue 4.27148 ms)
[10/06/2026-16:10:18] [I] Average on 1 runs - GPU latency: 12.4492 ms - Host latency: 12.6289 ms (enqueue 4.32031 ms)
[10/06/2026-16:10:18] [I] Average on 1 runs - GPU latency: 12.4258 ms - Host latency: 12.6113 ms (enqueue 4.29492 ms)
[10/06/2026-16:10:18] [I] Average on 1 runs - GPU latency: 12.4414 ms - Host latency: 12.625 ms (enqueue 4.3125 ms)
[10/06/2026-16:10:18] [I] Average on 1 runs - GPU latency: 12.4297 ms - Host latency: 12.6816 ms (enqueue 4.31055 ms)
[10/06/2026-16:10:18] [I] Average on 1 runs - GPU latency: 12.4434 ms - Host latency: 12.6289 ms (enqueue 4.19531 ms)
[10/06/2026-16:10:18] [I] Average on 1 runs - GPU latency: 12.4434 ms - Host latency: 12.623 ms (enqueue 4.30469 ms)
[10/06/2026-16:10:18] [I] Average on 1 runs - GPU latency: 12.4238 ms - Host latency: 12.6074 ms (enqueue 4.2832 ms)
[10/06/2026-16:10:18] [I] Average on 1 runs - GPU latency: 12.4316 ms - Host latency: 12.6152 ms (enqueue 4.2793 ms)
[10/06/2026-16:10:18] [I] Average on 1 runs - GPU latency: 12.4473 ms - Host latency: 12.627 ms (enqueue 4.36523 ms)
[10/06/2026-16:10:18] [I] Average on 1 runs - GPU latency: 12.4336 ms - Host latency: 12.6191 ms (enqueue 4.35938 ms)
[10/06/2026-16:10:18] [I] Average on 1 runs - GPU latency: 12.4434 ms - Host latency: 12.6309 ms (enqueue 4.23828 ms)
[10/06/2026-16:10:18] [I] Average on 1 runs - GPU latency: 12.4395 ms - Host latency: 12.625 ms (enqueue 4.33203 ms)
[10/06/2026-16:10:18] [I] Average on 1 runs - GPU latency: 12.4473 ms - Host latency: 12.6348 ms (enqueue 4.23438 ms)
[10/06/2026-16:10:18] [I] Average on 1 runs - GPU latency: 12.4512 ms - Host latency: 12.6328 ms (enqueue 4.30859 ms)
[10/06/2026-16:10:18] [I] Average on 1 runs - GPU latency: 12.4258 ms - Host latency: 12.6074 ms (enqueue 4.3457 ms)
[10/06/2026-16:10:18] [I] Average on 1 runs - GPU latency: 12.4238 ms - Host latency: 12.6074 ms (enqueue 4.34375 ms)
[10/06/2026-16:10:18] [I] Average on 1 runs - GPU latency: 12.4473 ms - Host latency: 12.6348 ms (enqueue 4.32617 ms)
[10/06/2026-16:10:18] [I] Average on 1 runs - GPU latency: 12.4395 ms - Host latency: 12.627 ms (enqueue 4.35938 ms)
[10/06/2026-16:10:18] [I] Average on 1 runs - GPU latency: 12.4258 ms - Host latency: 12.6113 ms (enqueue 4.40039 ms)
[10/06/2026-16:10:18] [I] Average on 1 runs - GPU latency: 12.4355 ms - Host latency: 12.6211 ms (enqueue 4.33008 ms)
[10/06/2026-16:10:18] [I] Average on 1 runs - GPU latency: 12.4395 ms - Host latency: 12.6211 ms (enqueue 4.25 ms)
[10/06/2026-16:10:18] [I] Average on 1 runs - GPU latency: 12.4277 ms - Host latency: 12.6113 ms (enqueue 4.29102 ms)
[10/06/2026-16:10:18] [I] Average on 1 runs - GPU latency: 12.4648 ms - Host latency: 12.6523 ms (enqueue 4.34961 ms)
[10/06/2026-16:10:18] [I] Average on 1 runs - GPU latency: 12.4492 ms - Host latency: 12.6348 ms (enqueue 4.40234 ms)
[10/06/2026-16:10:18] [I] Average on 1 runs - GPU latency: 12.4395 ms - Host latency: 12.627 ms (enqueue 4.27148 ms)
[10/06/2026-16:10:18] [I] Average on 1 runs - GPU latency: 12.4316 ms - Host latency: 12.6152 ms (enqueue 4.33398 ms)
[10/06/2026-16:10:18] [I] Average on 1 runs - GPU latency: 12.4375 ms - Host latency: 12.625 ms (enqueue 4.34766 ms)
[10/06/2026-16:10:18] [I] Average on 1 runs - GPU latency: 12.4395 ms - Host latency: 12.6211 ms (enqueue 4.41016 ms)
[10/06/2026-16:10:18] [I] Average on 1 runs - GPU latency: 12.4395 ms - Host latency: 12.6211 ms (enqueue 4.18555 ms)
[10/06/2026-16:10:18] [I] Average on 1 runs - GPU latency: 12.4453 ms - Host latency: 12.6289 ms (enqueue 4.28711 ms)
[10/06/2026-16:10:18] [I] Average on 1 runs - GPU latency: 12.4453 ms - Host latency: 12.6523 ms (enqueue 4.33984 ms)
[10/06/2026-16:10:18] [I] Average on 1 runs - GPU latency: 12.4277 ms - Host latency: 12.6094 ms (enqueue 4.33203 ms)
[10/06/2026-16:10:18] [I] Average on 1 runs - GPU latency: 12.4414 ms - Host latency: 12.6289 ms (enqueue 4.21484 ms)
[10/06/2026-16:10:18] [I] Average on 1 runs - GPU latency: 12.459 ms - Host latency: 12.6426 ms (enqueue 4.3125 ms)
[10/06/2026-16:10:18] [I] Average on 1 runs - GPU latency: 12.4512 ms - Host latency: 12.6328 ms (enqueue 4.30469 ms)
[10/06/2026-16:10:18] [I] Average on 1 runs - GPU latency: 12.4531 ms - Host latency: 12.6387 ms (enqueue 4.29297 ms)
[10/06/2026-16:10:18] [I] Average on 1 runs - GPU latency: 12.4199 ms - Host latency: 12.6016 ms (enqueue 4.20117 ms)
[10/06/2026-16:10:18] [I] Average on 1 runs - GPU latency: 12.4492 ms - Host latency: 12.6289 ms (enqueue 4.26562 ms)
[10/06/2026-16:10:18] [I] Average on 1 runs - GPU latency: 12.416 ms - Host latency: 12.5938 ms (enqueue 4.28516 ms)
[10/06/2026-16:10:18] [I] Average on 1 runs - GPU latency: 12.4492 ms - Host latency: 12.6367 ms (enqueue 4.3418 ms)
[10/06/2026-16:10:18] [I] Average on 1 runs - GPU latency: 12.459 ms - Host latency: 12.6406 ms (enqueue 4.24219 ms)
[10/06/2026-16:10:18] [I] Average on 1 runs - GPU latency: 12.4414 ms - Host latency: 12.623 ms (enqueue 4.33984 ms)
[10/06/2026-16:10:18] [I] Average on 1 runs - GPU latency: 12.4414 ms - Host latency: 12.625 ms (enqueue 4.27148 ms)
[10/06/2026-16:10:18] [I] Average on 1 runs - GPU latency: 12.4414 ms - Host latency: 12.623 ms (enqueue 4.33789 ms)
[10/06/2026-16:10:18] [I] Average on 1 runs - GPU latency: 12.457 ms - Host latency: 12.6426 ms (enqueue 4.19531 ms)
[10/06/2026-16:10:18] [I] Average on 1 runs - GPU latency: 12.4551 ms - Host latency: 12.6367 ms (enqueue 4.34375 ms)
[10/06/2026-16:10:18] [I] Average on 1 runs - GPU latency: 12.4355 ms - Host latency: 12.6172 ms (enqueue 4.29883 ms)
[10/06/2026-16:10:18] [I] Average on 1 runs - GPU latency: 12.4512 ms - Host latency: 12.6367 ms (enqueue 4.27539 ms)
[10/06/2026-16:10:18] [I] Average on 1 runs - GPU latency: 12.4297 ms - Host latency: 12.6152 ms (enqueue 4.2168 ms)
[10/06/2026-16:10:18] [I] Average on 1 runs - GPU latency: 12.4434 ms - Host latency: 12.6289 ms (enqueue 4.30664 ms)
[10/06/2026-16:10:18] [I] Average on 1 runs - GPU latency: 12.459 ms - Host latency: 12.6465 ms (enqueue 4.36523 ms)
[10/06/2026-16:10:18] [I] Average on 1 runs - GPU latency: 12.4512 ms - Host latency: 12.6348 ms (enqueue 4.36523 ms)
[10/06/2026-16:10:18] [I] Average on 1 runs - GPU latency: 12.4355 ms - Host latency: 12.6152 ms (enqueue 4.19336 ms)
[10/06/2026-16:10:18] [I] Average on 1 runs - GPU latency: 12.4316 ms - Host latency: 12.6133 ms (enqueue 4.34766 ms)
[10/06/2026-16:10:18] [I] Average on 1 runs - GPU latency: 12.4277 ms - Host latency: 12.6094 ms (enqueue 4.34961 ms)
[10/06/2026-16:10:18] [I] Average on 1 runs - GPU latency: 12.4453 ms - Host latency: 12.623 ms (enqueue 4.23047 ms)
[10/06/2026-16:10:18] [I] Average on 1 runs - GPU latency: 12.4395 ms - Host latency: 12.627 ms (enqueue 4.36523 ms)
[10/06/2026-16:10:18] [I] Average on 1 runs - GPU latency: 12.4297 ms - Host latency: 12.6191 ms (enqueue 4.27148 ms)
[10/06/2026-16:10:18] [I] Average on 1 runs - GPU latency: 12.4414 ms - Host latency: 12.6211 ms (enqueue 4.33789 ms)
[10/06/2026-16:10:18] [I] Average on 1 runs - GPU latency: 12.418 ms - Host latency: 12.6035 ms (enqueue 4.3125 ms)
[10/06/2026-16:10:18] [I] Average on 1 runs - GPU latency: 12.4297 ms - Host latency: 12.6094 ms (enqueue 4.23438 ms)
[10/06/2026-16:10:18] [I] Average on 1 runs - GPU latency: 12.4375 ms - Host latency: 12.6211 ms (enqueue 4.35352 ms)
[10/06/2026-16:10:18] [I] Average on 1 runs - GPU latency: 12.4199 ms - Host latency: 12.6035 ms (enqueue 4.36914 ms)
[10/06/2026-16:10:18] [I] Average on 1 runs - GPU latency: 12.4531 ms - Host latency: 12.6465 ms (enqueue 4.36523 ms)
[10/06/2026-16:10:18] [I] Average on 1 runs - GPU latency: 12.4492 ms - Host latency: 12.627 ms (enqueue 4.26367 ms)
[10/06/2026-16:10:18] [I] Average on 1 runs - GPU latency: 12.4141 ms - Host latency: 12.5977 ms (enqueue 4.33008 ms)
[10/06/2026-16:10:18] [I] Average on 1 runs - GPU latency: 12.4375 ms - Host latency: 12.6328 ms (enqueue 4.34375 ms)
[10/06/2026-16:10:18] [I] Average on 1 runs - GPU latency: 12.4297 ms - Host latency: 12.6113 ms (enqueue 4.4043 ms)
[10/06/2026-16:10:18] [I] Average on 1 runs - GPU latency: 12.4453 ms - Host latency: 12.6348 ms (enqueue 4.20898 ms)
[10/06/2026-16:10:18] [I] Average on 1 runs - GPU latency: 12.4531 ms - Host latency: 12.6387 ms (enqueue 4.26562 ms)
[10/06/2026-16:10:18] [I] Average on 1 runs - GPU latency: 12.4375 ms - Host latency: 12.6211 ms (enqueue 4.33984 ms)
[10/06/2026-16:10:18] [I] Average on 1 runs - GPU latency: 12.4434 ms - Host latency: 12.6445 ms (enqueue 4.31055 ms)
[10/06/2026-16:10:18] [I] Average on 1 runs - GPU latency: 12.4492 ms - Host latency: 12.6445 ms (enqueue 4.22266 ms)
[10/06/2026-16:10:18] [I] Average on 1 runs - GPU latency: 12.4375 ms - Host latency: 12.6191 ms (enqueue 4.23242 ms)
[10/06/2026-16:10:18] [I] Average on 1 runs - GPU latency: 12.416 ms - Host latency: 12.5996 ms (enqueue 4.23828 ms)
[10/06/2026-16:10:18] [I] Average on 1 runs - GPU latency: 12.4336 ms - Host latency: 12.623 ms (enqueue 4.22461 ms)
[10/06/2026-16:10:18] [I] Average on 1 runs - GPU latency: 12.4297 ms - Host latency: 12.6191 ms (enqueue 4.22852 ms)
[10/06/2026-16:10:18] [I] Average on 1 runs - GPU latency: 12.4199 ms - Host latency: 12.5996 ms (enqueue 4.22656 ms)
[10/06/2026-16:10:18] [I] Average on 1 runs - GPU latency: 12.4297 ms - Host latency: 12.6172 ms (enqueue 4.35156 ms)
[10/06/2026-16:10:18] [I] Average on 1 runs - GPU latency: 12.4336 ms - Host latency: 12.6211 ms (enqueue 4.32812 ms)
[10/06/2026-16:10:18] [I] Average on 1 runs - GPU latency: 12.4355 ms - Host latency: 12.627 ms (enqueue 4.19922 ms)
[10/06/2026-16:10:18] [I] Average on 1 runs - GPU latency: 12.4414 ms - Host latency: 12.6191 ms (enqueue 4.26953 ms)
[10/06/2026-16:10:18] [I] Average on 1 runs - GPU latency: 12.4453 ms - Host latency: 12.623 ms (enqueue 4.25391 ms)
[10/06/2026-16:10:18] [I] Average on 1 runs - GPU latency: 12.4316 ms - Host latency: 12.6133 ms (enqueue 4.2832 ms)
[10/06/2026-16:10:18] [I] Average on 1 runs - GPU latency: 12.4375 ms - Host latency: 12.623 ms (enqueue 4.25391 ms)
[10/06/2026-16:10:18] [I] Average on 1 runs - GPU latency: 12.4375 ms - Host latency: 12.623 ms (enqueue 4.19727 ms)
[10/06/2026-16:10:18] [I] Average on 1 runs - GPU latency: 12.4336 ms - Host latency: 12.6152 ms (enqueue 4.25781 ms)
[10/06/2026-16:10:18] [I] Average on 1 runs - GPU latency: 12.4492 ms - Host latency: 12.6367 ms (enqueue 4.29883 ms)
[10/06/2026-16:10:18] [I] Average on 1 runs - GPU latency: 12.4434 ms - Host latency: 12.6367 ms (enqueue 4.3125 ms)
[10/06/2026-16:10:18] [I] Average on 1 runs - GPU latency: 12.4473 ms - Host latency: 12.6309 ms (enqueue 4.31836 ms)
[10/06/2026-16:10:18] [I] Average on 1 runs - GPU latency: 12.4473 ms - Host latency: 12.6309 ms (enqueue 4.29688 ms)
[10/06/2026-16:10:18] [I] Average on 1 runs - GPU latency: 12.4414 ms - Host latency: 12.623 ms (enqueue 4.32031 ms)
[10/06/2026-16:10:18] [I] Average on 1 runs - GPU latency: 12.4336 ms - Host latency: 12.6191 ms (enqueue 4.19336 ms)
[10/06/2026-16:10:18] [I] Average on 1 runs - GPU latency: 12.4238 ms - Host latency: 12.6055 ms (enqueue 4.24219 ms)
[10/06/2026-16:10:18] [I] Average on 1 runs - GPU latency: 12.457 ms - Host latency: 12.6387 ms (enqueue 4.23633 ms)
[10/06/2026-16:10:18] [I] Average on 1 runs - GPU latency: 12.4355 ms - Host latency: 12.6211 ms (enqueue 4.25586 ms)
[10/06/2026-16:10:18] [I] Average on 1 runs - GPU latency: 12.4414 ms - Host latency: 12.623 ms (enqueue 4.27148 ms)
[10/06/2026-16:10:18] [I] Average on 1 runs - GPU latency: 12.4473 ms - Host latency: 12.6309 ms (enqueue 4.33789 ms)
[10/06/2026-16:10:18] [I] Average on 1 runs - GPU latency: 12.4297 ms - Host latency: 12.6113 ms (enqueue 4.32227 ms)
[10/06/2026-16:10:18] [I] Average on 1 runs - GPU latency: 12.4531 ms - Host latency: 12.6426 ms (enqueue 4.21289 ms)
[10/06/2026-16:10:18] [I] Average on 1 runs - GPU latency: 12.4258 ms - Host latency: 12.6094 ms (enqueue 4.13086 ms)
[10/06/2026-16:10:18] [I] Average on 1 runs - GPU latency: 12.4258 ms - Host latency: 12.6191 ms (enqueue 4.24023 ms)
[10/06/2026-16:10:18] [I] Average on 1 runs - GPU latency: 12.4336 ms - Host latency: 12.6152 ms (enqueue 4.16016 ms)
[10/06/2026-16:10:18] [I] Average on 1 runs - GPU latency: 12.4277 ms - Host latency: 12.6113 ms (enqueue 4.25781 ms)
[10/06/2026-16:10:18] [I] Average on 1 runs - GPU latency: 12.4355 ms - Host latency: 12.625 ms (enqueue 4.3125 ms)
[10/06/2026-16:10:18] [I] Average on 1 runs - GPU latency: 12.4473 ms - Host latency: 12.6309 ms (enqueue 4.27539 ms)
[10/06/2026-16:10:18] [I] Average on 1 runs - GPU latency: 12.4336 ms - Host latency: 12.6191 ms (enqueue 4.30664 ms)
[10/06/2026-16:10:18] [I] Average on 1 runs - GPU latency: 12.4375 ms - Host latency: 12.625 ms (enqueue 4.29297 ms)
[10/06/2026-16:10:18] [I] Average on 1 runs - GPU latency: 12.4453 ms - Host latency: 12.6367 ms (enqueue 4.28125 ms)
[10/06/2026-16:10:18] [I] Average on 1 runs - GPU latency: 12.4375 ms - Host latency: 12.6211 ms (enqueue 4.25781 ms)
[10/06/2026-16:10:18] [I] Average on 1 runs - GPU latency: 12.4473 ms - Host latency: 12.627 ms (enqueue 4.26172 ms)
[10/06/2026-16:10:18] [I] Average on 1 runs - GPU latency: 12.4355 ms - Host latency: 12.6211 ms (enqueue 4.28516 ms)
[10/06/2026-16:10:18] [I] Average on 1 runs - GPU latency: 12.4512 ms - Host latency: 12.6523 ms (enqueue 4.28711 ms)
[10/06/2026-16:10:18] [I] Average on 1 runs - GPU latency: 12.4316 ms - Host latency: 12.6133 ms (enqueue 4.28711 ms)
[10/06/2026-16:10:18] [I] Average on 1 runs - GPU latency: 12.4512 ms - Host latency: 12.6309 ms (enqueue 4.31641 ms)
[10/06/2026-16:10:18] [I] Average on 1 runs - GPU latency: 12.4375 ms - Host latency: 12.6191 ms (enqueue 4.29688 ms)
[10/06/2026-16:10:18] [I] Average on 1 runs - GPU latency: 12.4258 ms - Host latency: 12.6133 ms (enqueue 4.19336 ms)
[10/06/2026-16:10:18] [I] Average on 1 runs - GPU latency: 12.4277 ms - Host latency: 12.6113 ms (enqueue 4.22852 ms)
[10/06/2026-16:10:18] [I] Average on 1 runs - GPU latency: 12.4492 ms - Host latency: 12.6328 ms (enqueue 4.21289 ms)
[10/06/2026-16:10:18] [I] Average on 1 runs - GPU latency: 12.4258 ms - Host latency: 12.6152 ms (enqueue 4.22461 ms)
[10/06/2026-16:10:18] [I] Average on 1 runs - GPU latency: 12.4375 ms - Host latency: 12.623 ms (enqueue 4.26953 ms)
[10/06/2026-16:10:18] [I] Average on 1 runs - GPU latency: 12.4414 ms - Host latency: 12.623 ms (enqueue 4.30078 ms)
[10/06/2026-16:10:18] [I] Average on 1 runs - GPU latency: 12.4316 ms - Host latency: 12.6172 ms (enqueue 4.27148 ms)
[10/06/2026-16:10:18] [I] Average on 1 runs - GPU latency: 12.4023 ms - Host latency: 12.5879 ms (enqueue 4.23242 ms)
[10/06/2026-16:10:18] [I] 
[10/06/2026-16:10:18] [I] === Performance summary ===
[10/06/2026-16:10:18] [I] Throughput: 80.2934 qps
[10/06/2026-16:10:18] [I] Latency: min = 12.5879 ms, max = 12.6816 ms, mean = 12.623 ms, median = 12.623 ms, percentile(90%) = 12.6377 ms, percentile(95%) = 12.6426 ms, percentile(99%) = 12.6523 ms
[10/06/2026-16:10:18] [I] Enqueue Time: min = 2.43262 ms, max = 4.74121 ms, mean = 4.29617 ms, median = 4.30078 ms, percentile(90%) = 4.36523 ms, percentile(95%) = 4.38574 ms, percentile(99%) = 4.44531 ms
[10/06/2026-16:10:18] [I] H2D Latency: min = 0.166992 ms, max = 0.242188 ms, mean = 0.173534 ms, median = 0.172852 ms, percentile(90%) = 0.177734 ms, percentile(95%) = 0.181152 ms, percentile(99%) = 0.194824 ms
[10/06/2026-16:10:18] [I] GPU Compute Time: min = 12.4023 ms, max = 12.4717 ms, mean = 12.4378 ms, median = 12.4375 ms, percentile(90%) = 12.4507 ms, percentile(95%) = 12.4551 ms, percentile(99%) = 12.4619 ms
[10/06/2026-16:10:18] [I] D2H Latency: min = 0.00927734 ms, max = 0.015625 ms, mean = 0.0116943 ms, median = 0.0117188 ms, percentile(90%) = 0.0131836 ms, percentile(95%) = 0.0136719 ms, percentile(99%) = 0.0136719 ms
[10/06/2026-16:10:18] [I] Total Host Walltime: 15.0324 s
[10/06/2026-16:10:18] [I] Total GPU Compute Time: 15.0124 s
[10/06/2026-16:10:18] [I] Explanations of the performance metrics are printed in the verbose logs.
[10/06/2026-16:10:18] [I] 
&&&& PASSED TensorRT.trtexec [TensorRT v100300] # /usr/src/tensorrt/bin/trtexec --loadEngine=/tmp/yolo26n_84172_uint8_fp16_opt3.engine --warmUp=3000 --duration=15 --idleTime=0 --avgRuns=1
