&&&& RUNNING TensorRT.trtexec [TensorRT v100300] # /usr/src/tensorrt/bin/trtexec --loadEngine=/tmp/engines/y26s_640_uint8_opt3.engine --warmUp=3000 --duration=15 --idleTime=0 --avgRuns=1
[10/04/2026-22:17:26] [I] === Model Options ===
[10/04/2026-22:17:26] [I] Format: *
[10/04/2026-22:17:26] [I] Model: 
[10/04/2026-22:17:26] [I] Output:
[10/04/2026-22:17:26] [I] 
[10/04/2026-22:17:26] [I] === System Options ===
[10/04/2026-22:17:26] [I] Device: 0
[10/04/2026-22:17:26] [I] DLACore: 
[10/04/2026-22:17:26] [I] Plugins:
[10/04/2026-22:17:26] [I] setPluginsToSerialize:
[10/04/2026-22:17:26] [I] dynamicPlugins:
[10/04/2026-22:17:26] [I] ignoreParsedPluginLibs: 0
[10/04/2026-22:17:26] [I] 
[10/04/2026-22:17:26] [I] === Inference Options ===
[10/04/2026-22:17:26] [I] Batch: Explicit
[10/04/2026-22:17:26] [I] Input inference shapes: model
[10/04/2026-22:17:26] [I] Iterations: 10
[10/04/2026-22:17:26] [I] Duration: 15s (+ 3000ms warm up)
[10/04/2026-22:17:26] [I] Sleep time: 0ms
[10/04/2026-22:17:26] [I] Idle time: 0ms
[10/04/2026-22:17:26] [I] Inference Streams: 1
[10/04/2026-22:17:26] [I] ExposeDMA: Disabled
[10/04/2026-22:17:26] [I] Data transfers: Enabled
[10/04/2026-22:17:26] [I] Spin-wait: Disabled
[10/04/2026-22:17:26] [I] Multithreading: Disabled
[10/04/2026-22:17:26] [I] CUDA Graph: Disabled
[10/04/2026-22:17:26] [I] Separate profiling: Disabled
[10/04/2026-22:17:26] [I] Time Deserialize: Disabled
[10/04/2026-22:17:26] [I] Time Refit: Disabled
[10/04/2026-22:17:26] [I] NVTX verbosity: 0
[10/04/2026-22:17:26] [I] Persistent Cache Ratio: 0
[10/04/2026-22:17:26] [I] Optimization Profile Index: 0
[10/04/2026-22:17:26] [I] Weight Streaming Budget: 100.000000%
[10/04/2026-22:17:26] [I] Inputs:
[10/04/2026-22:17:26] [I] Debug Tensor Save Destinations:
[10/04/2026-22:17:26] [I] === Reporting Options ===
[10/04/2026-22:17:26] [I] Verbose: Disabled
[10/04/2026-22:17:26] [I] Averages: 1 inferences
[10/04/2026-22:17:26] [I] Percentiles: 90,95,99
[10/04/2026-22:17:26] [I] Dump refittable layers:Disabled
[10/04/2026-22:17:26] [I] Dump output: Disabled
[10/04/2026-22:17:26] [I] Profile: Disabled
[10/04/2026-22:17:26] [I] Export timing to JSON file: 
[10/04/2026-22:17:26] [I] Export output to JSON file: 
[10/04/2026-22:17:26] [I] Export profile to JSON file: 
[10/04/2026-22:17:26] [I] 
[10/04/2026-22:17:26] [I] === Device Information ===
[10/04/2026-22:17:26] [I] Available Devices: 
[10/04/2026-22:17:26] [I]   Device 0: "Orin" UUID: GPU-6e16c2c1-e394-5324-8f2e-63a975968f4e
[10/04/2026-22:17:26] [I] Selected Device: Orin
[10/04/2026-22:17:26] [I] Selected Device ID: 0
[10/04/2026-22:17:26] [I] Selected Device UUID: GPU-6e16c2c1-e394-5324-8f2e-63a975968f4e
[10/04/2026-22:17:26] [I] Compute Capability: 8.7
[10/04/2026-22:17:26] [I] SMs: 8
[10/04/2026-22:17:26] [I] Device Global Memory: 7607 MiB
[10/04/2026-22:17:26] [I] Shared Memory per SM: 164 KiB
[10/04/2026-22:17:26] [I] Memory Bus Width: 128 bits (ECC disabled)
[10/04/2026-22:17:26] [I] Application Compute Clock Rate: 1.02 GHz
[10/04/2026-22:17:26] [I] Application Memory Clock Rate: 1.02 GHz
[10/04/2026-22:17:26] [I] 
[10/04/2026-22:17:26] [I] Note: The application clock rates do not reflect the actual clock rates that the GPU is currently running at.
[10/04/2026-22:17:26] [I] 
[10/04/2026-22:17:26] [I] TensorRT version: 10.3.0
[10/04/2026-22:17:26] [I] Loading standard plugins
[10/04/2026-22:17:26] [I] [TRT] Loaded engine size: 21 MiB
[10/04/2026-22:17:26] [I] Engine deserialized in 0.0762563 sec.
[10/04/2026-22:17:26] [I] [TRT] [MemUsageChange] TensorRT-managed allocation in IExecutionContext creation: CPU +0, GPU +18, now: CPU 0, GPU 36 (MiB)
[10/04/2026-22:17:26] [I] Setting persistentCacheLimit to 0 bytes.
[10/04/2026-22:17:26] [I] Created execution context with device memory size: 18.1641 MiB
[10/04/2026-22:17:26] [I] Using random values for input images
[10/04/2026-22:17:26] [I] Input binding for images with dimensions 1x640x640x3 is created.
[10/04/2026-22:17:26] [I] Output binding for output0 with dimensions 1x300x6 is created.
[10/04/2026-22:17:26] [I] Starting inference
[10/04/2026-22:17:44] [I] Warmup completed 435 queries over 3000 ms
[10/04/2026-22:17:44] [I] Timing trace has 2207 queries over 15.0219 s
[10/04/2026-22:17:44] [I] 
[10/04/2026-22:17:44] [I] === Trace details ===
[10/04/2026-22:17:44] [I] Trace averages of 1 runs:
[10/04/2026-22:17:44] [I] Average on 1 runs - GPU latency: 6.80444 ms - Host latency: 6.93115 ms (enqueue 2.08276 ms)
[10/04/2026-22:17:44] [I] Average on 1 runs - GPU latency: 6.802 ms - Host latency: 6.92529 ms (enqueue 2.04761 ms)
[10/04/2026-22:17:44] [I] Average on 1 runs - GPU latency: 6.78784 ms - Host latency: 6.93042 ms (enqueue 2.0708 ms)
[10/04/2026-22:17:44] [I] Average on 1 runs - GPU latency: 6.78442 ms - Host latency: 6.91211 ms (enqueue 2.09277 ms)
[10/04/2026-22:17:44] [I] Average on 1 runs - GPU latency: 6.80029 ms - Host latency: 6.92603 ms (enqueue 2.04175 ms)
[10/04/2026-22:17:44] [I] Average on 1 runs - GPU latency: 6.79077 ms - Host latency: 6.91577 ms (enqueue 2.04736 ms)
[10/04/2026-22:17:44] [I] Average on 1 runs - GPU latency: 6.78931 ms - Host latency: 6.91699 ms (enqueue 2.08716 ms)
[10/04/2026-22:17:44] [I] Average on 1 runs - GPU latency: 6.80713 ms - Host latency: 6.93652 ms (enqueue 2.09888 ms)
[10/04/2026-22:17:44] [I] Average on 1 runs - GPU latency: 6.80298 ms - Host latency: 6.93213 ms (enqueue 2.0564 ms)
[10/04/2026-22:17:44] [I] Average on 1 runs - GPU latency: 6.80127 ms - Host latency: 6.92627 ms (enqueue 2.11304 ms)
[10/04/2026-22:17:44] [I] Average on 1 runs - GPU latency: 6.80347 ms - Host latency: 6.93237 ms (enqueue 2.10522 ms)
[10/04/2026-22:17:44] [I] Average on 1 runs - GPU latency: 6.79419 ms - Host latency: 6.91846 ms (enqueue 2.04297 ms)
[10/04/2026-22:17:44] [I] Average on 1 runs - GPU latency: 6.79883 ms - Host latency: 6.93481 ms (enqueue 2.03638 ms)
[10/04/2026-22:17:44] [I] Average on 1 runs - GPU latency: 6.80005 ms - Host latency: 6.92505 ms (enqueue 2.10376 ms)
[10/04/2026-22:17:44] [I] Average on 1 runs - GPU latency: 6.79443 ms - Host latency: 6.91919 ms (enqueue 2.03906 ms)
[10/04/2026-22:17:44] [I] Average on 1 runs - GPU latency: 6.79761 ms - Host latency: 6.92432 ms (enqueue 2.03516 ms)
[10/04/2026-22:17:44] [I] Average on 1 runs - GPU latency: 6.7832 ms - Host latency: 6.90894 ms (enqueue 2.14453 ms)
[10/04/2026-22:17:44] [I] Average on 1 runs - GPU latency: 6.81348 ms - Host latency: 6.95923 ms (enqueue 2.1145 ms)
[10/04/2026-22:17:44] [I] Average on 1 runs - GPU latency: 6.81274 ms - Host latency: 6.94092 ms (enqueue 2.052 ms)
[10/04/2026-22:17:44] [I] Average on 1 runs - GPU latency: 6.81055 ms - Host latency: 6.98193 ms (enqueue 2.3291 ms)
[10/04/2026-22:17:44] [I] Average on 1 runs - GPU latency: 6.81494 ms - Host latency: 6.95605 ms (enqueue 2.23438 ms)
[10/04/2026-22:17:44] [I] Average on 1 runs - GPU latency: 6.81421 ms - Host latency: 6.95459 ms (enqueue 2.10864 ms)
[10/04/2026-22:17:44] [I] Average on 1 runs - GPU latency: 6.81445 ms - Host latency: 6.948 ms (enqueue 2.17358 ms)
[10/04/2026-22:17:44] [I] Average on 1 runs - GPU latency: 6.81104 ms - Host latency: 6.95117 ms (enqueue 2.15088 ms)
[10/04/2026-22:17:44] [I] Average on 1 runs - GPU latency: 6.81445 ms - Host latency: 6.95532 ms (enqueue 2.13452 ms)
[10/04/2026-22:17:44] [I] Average on 1 runs - GPU latency: 6.80762 ms - Host latency: 6.93921 ms (enqueue 2.08252 ms)
[10/04/2026-22:17:44] [I] Average on 1 runs - GPU latency: 6.79053 ms - Host latency: 6.91553 ms (enqueue 2.09033 ms)
[10/04/2026-22:17:44] [I] Average on 1 runs - GPU latency: 6.78882 ms - Host latency: 6.91333 ms (enqueue 2.07935 ms)
[10/04/2026-22:17:44] [I] Average on 1 runs - GPU latency: 6.80029 ms - Host latency: 6.92676 ms (enqueue 2.03882 ms)
[10/04/2026-22:17:44] [I] Average on 1 runs - GPU latency: 6.80884 ms - Host latency: 6.94604 ms (enqueue 2.10962 ms)
[10/04/2026-22:17:44] [I] Average on 1 runs - GPU latency: 6.8125 ms - Host latency: 6.94434 ms (enqueue 2.03394 ms)
[10/04/2026-22:17:44] [I] Average on 1 runs - GPU latency: 6.80591 ms - Host latency: 6.9502 ms (enqueue 2.09229 ms)
[10/04/2026-22:17:44] [I] Average on 1 runs - GPU latency: 6.79883 ms - Host latency: 6.92603 ms (enqueue 2.03491 ms)
[10/04/2026-22:17:44] [I] Average on 1 runs - GPU latency: 6.79492 ms - Host latency: 6.9248 ms (enqueue 2.07129 ms)
[10/04/2026-22:17:44] [I] Average on 1 runs - GPU latency: 6.79688 ms - Host latency: 6.91699 ms (enqueue 2.02734 ms)
[10/04/2026-22:17:44] [I] Average on 1 runs - GPU latency: 6.80298 ms - Host latency: 6.92969 ms (enqueue 2.03687 ms)
[10/04/2026-22:17:44] [I] Average on 1 runs - GPU latency: 6.79858 ms - Host latency: 6.9209 ms (enqueue 2.06201 ms)
[10/04/2026-22:17:44] [I] Average on 1 runs - GPU latency: 6.78491 ms - Host latency: 6.91138 ms (enqueue 2.05981 ms)
[10/04/2026-22:17:44] [I] Average on 1 runs - GPU latency: 6.80127 ms - Host latency: 6.93237 ms (enqueue 2.03931 ms)
[10/04/2026-22:17:44] [I] Average on 1 runs - GPU latency: 6.79199 ms - Host latency: 6.91626 ms (enqueue 2.11279 ms)
[10/04/2026-22:17:44] [I] Average on 1 runs - GPU latency: 6.79492 ms - Host latency: 6.92285 ms (enqueue 2.1001 ms)
[10/04/2026-22:17:44] [I] Average on 1 runs - GPU latency: 6.78931 ms - Host latency: 6.90991 ms (enqueue 2.02808 ms)
[10/04/2026-22:17:44] [I] Average on 1 runs - GPU latency: 6.80688 ms - Host latency: 6.9314 ms (enqueue 2.04419 ms)
[10/04/2026-22:17:44] [I] Average on 1 runs - GPU latency: 6.79565 ms - Host latency: 6.93579 ms (enqueue 2.08496 ms)
[10/04/2026-22:17:44] [I] Average on 1 runs - GPU latency: 6.79004 ms - Host latency: 6.91821 ms (enqueue 2.03613 ms)
[10/04/2026-22:17:44] [I] Average on 1 runs - GPU latency: 6.80298 ms - Host latency: 6.92847 ms (enqueue 2.01953 ms)
[10/04/2026-22:17:44] [I] Average on 1 runs - GPU latency: 6.80444 ms - Host latency: 6.93091 ms (enqueue 2.10864 ms)
[10/04/2026-22:17:44] [I] Average on 1 runs - GPU latency: 6.7937 ms - Host latency: 6.91748 ms (enqueue 2.09277 ms)
[10/04/2026-22:17:44] [I] Average on 1 runs - GPU latency: 6.80615 ms - Host latency: 6.93872 ms (enqueue 2.0332 ms)
[10/04/2026-22:17:44] [I] Average on 1 runs - GPU latency: 6.79639 ms - Host latency: 6.92163 ms (enqueue 2.09326 ms)
[10/04/2026-22:17:44] [I] Average on 1 runs - GPU latency: 6.80029 ms - Host latency: 6.93091 ms (enqueue 2.1123 ms)
[10/04/2026-22:17:44] [I] Average on 1 runs - GPU latency: 6.79688 ms - Host latency: 6.93018 ms (enqueue 2.02075 ms)
[10/04/2026-22:17:44] [I] Average on 1 runs - GPU latency: 6.79517 ms - Host latency: 6.91846 ms (enqueue 2.02783 ms)
[10/04/2026-22:17:44] [I] Average on 1 runs - GPU latency: 6.79102 ms - Host latency: 6.9248 ms (enqueue 2.1333 ms)
[10/04/2026-22:17:44] [I] Average on 1 runs - GPU latency: 6.79834 ms - Host latency: 6.9231 ms (enqueue 2.04395 ms)
[10/04/2026-22:17:44] [I] Average on 1 runs - GPU latency: 6.79712 ms - Host latency: 6.92651 ms (enqueue 2.04297 ms)
[10/04/2026-22:17:44] [I] Average on 1 runs - GPU latency: 6.79321 ms - Host latency: 6.92773 ms (enqueue 2.06592 ms)
[10/04/2026-22:17:44] [I] Average on 1 runs - GPU latency: 6.80396 ms - Host latency: 6.93115 ms (enqueue 2.08228 ms)
[10/04/2026-22:17:44] [I] Average on 1 runs - GPU latency: 6.80518 ms - Host latency: 6.93286 ms (enqueue 2.0332 ms)
[10/04/2026-22:17:44] [I] Average on 1 runs - GPU latency: 6.79517 ms - Host latency: 6.91504 ms (enqueue 2.08057 ms)
[10/04/2026-22:17:44] [I] Average on 1 runs - GPU latency: 6.79639 ms - Host latency: 6.92236 ms (enqueue 2.09082 ms)
[10/04/2026-22:17:44] [I] Average on 1 runs - GPU latency: 6.80518 ms - Host latency: 6.92847 ms (enqueue 2.07837 ms)
[10/04/2026-22:17:44] [I] Average on 1 runs - GPU latency: 6.81348 ms - Host latency: 6.94141 ms (enqueue 2.04321 ms)
[10/04/2026-22:17:44] [I] Average on 1 runs - GPU latency: 6.80493 ms - Host latency: 6.93213 ms (enqueue 2.08838 ms)
[10/04/2026-22:17:44] [I] Average on 1 runs - GPU latency: 6.79956 ms - Host latency: 6.9231 ms (enqueue 2.04956 ms)
[10/04/2026-22:17:44] [I] Average on 1 runs - GPU latency: 6.80249 ms - Host latency: 6.92114 ms (enqueue 2.03662 ms)
[10/04/2026-22:17:44] [I] Average on 1 runs - GPU latency: 6.79712 ms - Host latency: 6.91455 ms (enqueue 2.08179 ms)
[10/04/2026-22:17:44] [I] Average on 1 runs - GPU latency: 6.78979 ms - Host latency: 6.91382 ms (enqueue 2.08594 ms)
[10/04/2026-22:17:44] [I] Average on 1 runs - GPU latency: 6.79834 ms - Host latency: 6.92017 ms (enqueue 2.06689 ms)
[10/04/2026-22:17:44] [I] Average on 1 runs - GPU latency: 6.8064 ms - Host latency: 6.93188 ms (enqueue 2.12231 ms)
[10/04/2026-22:17:44] [I] Average on 1 runs - GPU latency: 6.79883 ms - Host latency: 6.948 ms (enqueue 2.09375 ms)
[10/04/2026-22:17:44] [I] Average on 1 runs - GPU latency: 6.80005 ms - Host latency: 6.92578 ms (enqueue 2.0481 ms)
[10/04/2026-22:17:44] [I] Average on 1 runs - GPU latency: 6.80347 ms - Host latency: 6.9397 ms (enqueue 2.0437 ms)
[10/04/2026-22:17:44] [I] Average on 1 runs - GPU latency: 6.80151 ms - Host latency: 6.93018 ms (enqueue 2.09253 ms)
[10/04/2026-22:17:44] [I] Average on 1 runs - GPU latency: 6.79517 ms - Host latency: 6.91748 ms (enqueue 2.03589 ms)
[10/04/2026-22:17:44] [I] Average on 1 runs - GPU latency: 6.80615 ms - Host latency: 6.92407 ms (enqueue 2.05762 ms)
[10/04/2026-22:17:44] [I] Average on 1 runs - GPU latency: 6.79736 ms - Host latency: 6.92163 ms (enqueue 2.07617 ms)
[10/04/2026-22:17:44] [I] Average on 1 runs - GPU latency: 6.80591 ms - Host latency: 6.92798 ms (enqueue 2.09106 ms)
[10/04/2026-22:17:44] [I] Average on 1 runs - GPU latency: 6.7876 ms - Host latency: 6.91284 ms (enqueue 2.03784 ms)
[10/04/2026-22:17:44] [I] Average on 1 runs - GPU latency: 6.79077 ms - Host latency: 6.95386 ms (enqueue 2.03906 ms)
[10/04/2026-22:17:44] [I] Average on 1 runs - GPU latency: 6.7915 ms - Host latency: 6.92163 ms (enqueue 2.08984 ms)
[10/04/2026-22:17:44] [I] Average on 1 runs - GPU latency: 6.79224 ms - Host latency: 6.92334 ms (enqueue 2.04663 ms)
[10/04/2026-22:17:44] [I] Average on 1 runs - GPU latency: 6.80127 ms - Host latency: 6.93042 ms (enqueue 2.05591 ms)
[10/04/2026-22:17:44] [I] Average on 1 runs - GPU latency: 6.79468 ms - Host latency: 6.93848 ms (enqueue 2.13745 ms)
[10/04/2026-22:17:44] [I] Average on 1 runs - GPU latency: 6.80786 ms - Host latency: 6.93677 ms (enqueue 2.08301 ms)
[10/04/2026-22:17:44] [I] Average on 1 runs - GPU latency: 6.80225 ms - Host latency: 6.94727 ms (enqueue 2.05908 ms)
[10/04/2026-22:17:44] [I] Average on 1 runs - GPU latency: 6.79419 ms - Host latency: 6.92285 ms (enqueue 2.07568 ms)
[10/04/2026-22:17:44] [I] Average on 1 runs - GPU latency: 6.80054 ms - Host latency: 6.9314 ms (enqueue 2.06909 ms)
[10/04/2026-22:17:44] [I] Average on 1 runs - GPU latency: 6.79785 ms - Host latency: 6.93115 ms (enqueue 2.03735 ms)
[10/04/2026-22:17:44] [I] Average on 1 runs - GPU latency: 6.80054 ms - Host latency: 6.92603 ms (enqueue 2.0752 ms)
[10/04/2026-22:17:44] [I] Average on 1 runs - GPU latency: 6.78687 ms - Host latency: 6.91162 ms (enqueue 2.13232 ms)
[10/04/2026-22:17:44] [I] Average on 1 runs - GPU latency: 6.80029 ms - Host latency: 6.91968 ms (enqueue 2.05811 ms)
[10/04/2026-22:17:44] [I] Average on 1 runs - GPU latency: 6.79956 ms - Host latency: 6.92676 ms (enqueue 2.04004 ms)
[10/04/2026-22:17:44] [I] Average on 1 runs - GPU latency: 6.80566 ms - Host latency: 6.94214 ms (enqueue 2.08618 ms)
[10/04/2026-22:17:44] [I] Average on 1 runs - GPU latency: 6.7937 ms - Host latency: 6.92627 ms (enqueue 2.04517 ms)
[10/04/2026-22:17:44] [I] Average on 1 runs - GPU latency: 6.79102 ms - Host latency: 6.92285 ms (enqueue 2.02637 ms)
[10/04/2026-22:17:44] [I] Average on 1 runs - GPU latency: 6.80176 ms - Host latency: 6.92749 ms (enqueue 2.06006 ms)
[10/04/2026-22:17:44] [I] Average on 1 runs - GPU latency: 6.80566 ms - Host latency: 6.94312 ms (enqueue 2.12988 ms)
[10/04/2026-22:17:44] [I] Average on 1 runs - GPU latency: 6.8186 ms - Host latency: 6.95288 ms (enqueue 2.06445 ms)
[10/04/2026-22:17:44] [I] Average on 1 runs - GPU latency: 6.81006 ms - Host latency: 6.99951 ms (enqueue 2.31714 ms)
[10/04/2026-22:17:44] [I] Average on 1 runs - GPU latency: 6.81128 ms - Host latency: 6.95337 ms (enqueue 2.26025 ms)
[10/04/2026-22:17:44] [I] Average on 1 runs - GPU latency: 6.81909 ms - Host latency: 6.95776 ms (enqueue 2.11548 ms)
[10/04/2026-22:17:44] [I] Average on 1 runs - GPU latency: 6.81641 ms - Host latency: 6.95288 ms (enqueue 2.19897 ms)
[10/04/2026-22:17:44] [I] Average on 1 runs - GPU latency: 6.81006 ms - Host latency: 6.95044 ms (enqueue 2.16968 ms)
[10/04/2026-22:17:44] [I] Average on 1 runs - GPU latency: 6.7915 ms - Host latency: 6.93701 ms (enqueue 2.11646 ms)
[10/04/2026-22:17:44] [I] Average on 1 runs - GPU latency: 6.80298 ms - Host latency: 6.94189 ms (enqueue 2.14819 ms)
[10/04/2026-22:17:44] [I] Average on 1 runs - GPU latency: 6.79688 ms - Host latency: 6.92773 ms (enqueue 2.11426 ms)
[10/04/2026-22:17:44] [I] Average on 1 runs - GPU latency: 6.79932 ms - Host latency: 6.92212 ms (enqueue 2.0686 ms)
[10/04/2026-22:17:44] [I] Average on 1 runs - GPU latency: 6.79956 ms - Host latency: 6.9231 ms (enqueue 2.02271 ms)
[10/04/2026-22:17:44] [I] Average on 1 runs - GPU latency: 6.80933 ms - Host latency: 6.93262 ms (enqueue 2.04492 ms)
[10/04/2026-22:17:44] [I] Average on 1 runs - GPU latency: 6.80713 ms - Host latency: 6.93237 ms (enqueue 2.07642 ms)
[10/04/2026-22:17:44] [I] Average on 1 runs - GPU latency: 6.80078 ms - Host latency: 6.95093 ms (enqueue 2.05249 ms)
[10/04/2026-22:17:44] [I] Average on 1 runs - GPU latency: 6.79028 ms - Host latency: 6.94019 ms (enqueue 2.07324 ms)
[10/04/2026-22:17:44] [I] Average on 1 runs - GPU latency: 6.81104 ms - Host latency: 6.94385 ms (enqueue 2.08008 ms)
[10/04/2026-22:17:44] [I] Average on 1 runs - GPU latency: 6.80298 ms - Host latency: 6.92554 ms (enqueue 2.05396 ms)
[10/04/2026-22:17:44] [I] Average on 1 runs - GPU latency: 6.7998 ms - Host latency: 6.92358 ms (enqueue 2.00928 ms)
[10/04/2026-22:17:44] [I] Average on 1 runs - GPU latency: 6.79492 ms - Host latency: 6.97241 ms (enqueue 2.21606 ms)
[10/04/2026-22:17:44] [I] Average on 1 runs - GPU latency: 6.79321 ms - Host latency: 6.92285 ms (enqueue 2.11182 ms)
[10/04/2026-22:17:44] [I] Average on 1 runs - GPU latency: 6.79883 ms - Host latency: 6.92993 ms (enqueue 2.01953 ms)
[10/04/2026-22:17:44] [I] Average on 1 runs - GPU latency: 6.79956 ms - Host latency: 6.92676 ms (enqueue 2.04224 ms)
[10/04/2026-22:17:44] [I] Average on 1 runs - GPU latency: 6.79639 ms - Host latency: 6.92676 ms (enqueue 2.11914 ms)
[10/04/2026-22:17:44] [I] Average on 1 runs - GPU latency: 6.79688 ms - Host latency: 6.92847 ms (enqueue 2.03906 ms)
[10/04/2026-22:17:44] [I] Average on 1 runs - GPU latency: 6.80176 ms - Host latency: 6.92993 ms (enqueue 2.02271 ms)
[10/04/2026-22:17:44] [I] Average on 1 runs - GPU latency: 6.79785 ms - Host latency: 6.93677 ms (enqueue 2.07788 ms)
[10/04/2026-22:17:44] [I] Average on 1 runs - GPU latency: 6.80615 ms - Host latency: 6.94482 ms (enqueue 2.06738 ms)
[10/04/2026-22:17:44] [I] Average on 1 runs - GPU latency: 6.80273 ms - Host latency: 6.9375 ms (enqueue 2.02148 ms)
[10/04/2026-22:17:44] [I] Average on 1 runs - GPU latency: 6.79956 ms - Host latency: 6.92407 ms (enqueue 2.08447 ms)
[10/04/2026-22:17:44] [I] Average on 1 runs - GPU latency: 6.80371 ms - Host latency: 6.93066 ms (enqueue 2.15649 ms)
[10/04/2026-22:17:44] [I] Average on 1 runs - GPU latency: 6.79785 ms - Host latency: 6.92676 ms (enqueue 2.06738 ms)
[10/04/2026-22:17:44] [I] Average on 1 runs - GPU latency: 6.78784 ms - Host latency: 6.90527 ms (enqueue 2.03955 ms)
[10/04/2026-22:17:44] [I] Average on 1 runs - GPU latency: 6.79565 ms - Host latency: 6.92627 ms (enqueue 2.11108 ms)
[10/04/2026-22:17:44] [I] Average on 1 runs - GPU latency: 6.79419 ms - Host latency: 6.92041 ms (enqueue 2.03735 ms)
[10/04/2026-22:17:44] [I] Average on 1 runs - GPU latency: 6.80786 ms - Host latency: 6.93042 ms (enqueue 2.03833 ms)
[10/04/2026-22:17:44] [I] Average on 1 runs - GPU latency: 6.80151 ms - Host latency: 6.92896 ms (enqueue 2.09131 ms)
[10/04/2026-22:17:44] [I] Average on 1 runs - GPU latency: 6.80981 ms - Host latency: 6.94336 ms (enqueue 2.11792 ms)
[10/04/2026-22:17:44] [I] Average on 1 runs - GPU latency: 6.80688 ms - Host latency: 6.93555 ms (enqueue 2.04321 ms)
[10/04/2026-22:17:44] [I] Average on 1 runs - GPU latency: 6.79126 ms - Host latency: 6.90967 ms (enqueue 2.07349 ms)
[10/04/2026-22:17:44] [I] Average on 1 runs - GPU latency: 6.7959 ms - Host latency: 6.92407 ms (enqueue 2.09399 ms)
[10/04/2026-22:17:44] [I] Average on 1 runs - GPU latency: 6.79688 ms - Host latency: 6.91821 ms (enqueue 2.03882 ms)
[10/04/2026-22:17:44] [I] Average on 1 runs - GPU latency: 6.78687 ms - Host latency: 6.91553 ms (enqueue 2.03931 ms)
[10/04/2026-22:17:44] [I] Average on 1 runs - GPU latency: 6.79028 ms - Host latency: 6.91895 ms (enqueue 2.08179 ms)
[10/04/2026-22:17:44] [I] Average on 1 runs - GPU latency: 6.78857 ms - Host latency: 6.92041 ms (enqueue 2.03613 ms)
[10/04/2026-22:17:44] [I] Average on 1 runs - GPU latency: 6.80933 ms - Host latency: 6.94385 ms (enqueue 2.0415 ms)
[10/04/2026-22:17:44] [I] Average on 1 runs - GPU latency: 6.79077 ms - Host latency: 6.92017 ms (enqueue 2.08911 ms)
[10/04/2026-22:17:44] [I] Average on 1 runs - GPU latency: 6.79565 ms - Host latency: 6.9209 ms (enqueue 2.07715 ms)
[10/04/2026-22:17:44] [I] Average on 1 runs - GPU latency: 6.80005 ms - Host latency: 6.92798 ms (enqueue 2.01758 ms)
[10/04/2026-22:17:44] [I] Average on 1 runs - GPU latency: 6.802 ms - Host latency: 6.92651 ms (enqueue 2.08667 ms)
[10/04/2026-22:17:44] [I] Average on 1 runs - GPU latency: 6.78979 ms - Host latency: 6.91089 ms (enqueue 2.07764 ms)
[10/04/2026-22:17:44] [I] Average on 1 runs - GPU latency: 6.78931 ms - Host latency: 6.90601 ms (enqueue 2.01831 ms)
[10/04/2026-22:17:44] [I] Average on 1 runs - GPU latency: 6.79272 ms - Host latency: 6.91528 ms (enqueue 2.07056 ms)
[10/04/2026-22:17:44] [I] Average on 1 runs - GPU latency: 6.80469 ms - Host latency: 6.92969 ms (enqueue 2.12329 ms)
[10/04/2026-22:17:44] [I] Average on 1 runs - GPU latency: 6.80859 ms - Host latency: 6.93286 ms (enqueue 2.03589 ms)
[10/04/2026-22:17:44] [I] Average on 1 runs - GPU latency: 6.79395 ms - Host latency: 6.94409 ms (enqueue 2.03638 ms)
[10/04/2026-22:17:44] [I] Average on 1 runs - GPU latency: 6.80835 ms - Host latency: 6.93726 ms (enqueue 2.0918 ms)
[10/04/2026-22:17:44] [I] Average on 1 runs - GPU latency: 6.79419 ms - Host latency: 6.92163 ms (enqueue 2.07788 ms)
[10/04/2026-22:17:44] [I] Average on 1 runs - GPU latency: 6.80444 ms - Host latency: 6.92432 ms (enqueue 2.03735 ms)
[10/04/2026-22:17:44] [I] Average on 1 runs - GPU latency: 6.80005 ms - Host latency: 6.93896 ms (enqueue 2.10645 ms)
[10/04/2026-22:17:44] [I] Average on 1 runs - GPU latency: 6.79834 ms - Host latency: 6.927 ms (enqueue 2.0603 ms)
[10/04/2026-22:17:44] [I] Average on 1 runs - GPU latency: 6.7998 ms - Host latency: 6.93823 ms (enqueue 2.00146 ms)
[10/04/2026-22:17:44] [I] Average on 1 runs - GPU latency: 6.79639 ms - Host latency: 6.93213 ms (enqueue 2.01172 ms)
[10/04/2026-22:17:44] [I] Average on 1 runs - GPU latency: 6.79956 ms - Host latency: 6.92041 ms (enqueue 2.05151 ms)
[10/04/2026-22:17:44] [I] Average on 1 runs - GPU latency: 6.80273 ms - Host latency: 6.93628 ms (enqueue 2.00684 ms)
[10/04/2026-22:17:44] [I] Average on 1 runs - GPU latency: 6.80078 ms - Host latency: 6.91699 ms (enqueue 2.0083 ms)
[10/04/2026-22:17:44] [I] Average on 1 runs - GPU latency: 6.80322 ms - Host latency: 6.92822 ms (enqueue 2.06006 ms)
[10/04/2026-22:17:44] [I] Average on 1 runs - GPU latency: 6.7959 ms - Host latency: 6.9209 ms (enqueue 2.09473 ms)
[10/04/2026-22:17:44] [I] Average on 1 runs - GPU latency: 6.79932 ms - Host latency: 6.91992 ms (enqueue 2.03027 ms)
[10/04/2026-22:17:44] [I] Average on 1 runs - GPU latency: 6.78516 ms - Host latency: 6.92139 ms (enqueue 2.07617 ms)
[10/04/2026-22:17:44] [I] Average on 1 runs - GPU latency: 6.79688 ms - Host latency: 6.91699 ms (enqueue 2.07715 ms)
[10/04/2026-22:17:44] [I] Average on 1 runs - GPU latency: 6.80518 ms - Host latency: 6.93555 ms (enqueue 2.02441 ms)
[10/04/2026-22:17:44] [I] Average on 1 runs - GPU latency: 6.79785 ms - Host latency: 6.91943 ms (enqueue 2.02881 ms)
[10/04/2026-22:17:44] [I] Average on 1 runs - GPU latency: 6.80615 ms - Host latency: 6.9292 ms (enqueue 2.08252 ms)
[10/04/2026-22:17:44] [I] Average on 1 runs - GPU latency: 6.79492 ms - Host latency: 6.9209 ms (enqueue 2.05371 ms)
[10/04/2026-22:17:44] [I] Average on 1 runs - GPU latency: 6.79932 ms - Host latency: 6.92773 ms (enqueue 2.04639 ms)
[10/04/2026-22:17:44] [I] Average on 1 runs - GPU latency: 6.81543 ms - Host latency: 6.94385 ms (enqueue 2.10156 ms)
[10/04/2026-22:17:44] [I] Average on 1 runs - GPU latency: 6.79639 ms - Host latency: 6.92725 ms (enqueue 2.06445 ms)
[10/04/2026-22:17:44] [I] Average on 1 runs - GPU latency: 6.80518 ms - Host latency: 6.93018 ms (enqueue 2.00195 ms)
[10/04/2026-22:17:44] [I] Average on 1 runs - GPU latency: 6.80371 ms - Host latency: 6.93896 ms (enqueue 2.08447 ms)
[10/04/2026-22:17:44] [I] Average on 1 runs - GPU latency: 6.81494 ms - Host latency: 6.94971 ms (enqueue 2.05957 ms)
[10/04/2026-22:17:44] [I] Average on 1 runs - GPU latency: 6.82471 ms - Host latency: 6.95508 ms (enqueue 2.02393 ms)
[10/04/2026-22:17:44] [I] Average on 1 runs - GPU latency: 6.80811 ms - Host latency: 6.94971 ms (enqueue 2.21338 ms)
[10/04/2026-22:17:44] [I] Average on 1 runs - GPU latency: 6.81006 ms - Host latency: 6.94678 ms (enqueue 2.22705 ms)
[10/04/2026-22:17:44] [I] Average on 1 runs - GPU latency: 6.81738 ms - Host latency: 6.95264 ms (enqueue 2.14502 ms)
[10/04/2026-22:17:44] [I] Average on 1 runs - GPU latency: 6.7998 ms - Host latency: 6.93652 ms (enqueue 2.13135 ms)
[10/04/2026-22:17:44] [I] Average on 1 runs - GPU latency: 6.80762 ms - Host latency: 6.95215 ms (enqueue 2.21533 ms)
[10/04/2026-22:17:44] [I] Average on 1 runs - GPU latency: 6.80859 ms - Host latency: 6.94434 ms (enqueue 2.15283 ms)
[10/04/2026-22:17:44] [I] Average on 1 runs - GPU latency: 6.79248 ms - Host latency: 6.9292 ms (enqueue 2.06738 ms)
[10/04/2026-22:17:44] [I] Average on 1 runs - GPU latency: 6.80029 ms - Host latency: 6.92822 ms (enqueue 2.12109 ms)
[10/04/2026-22:17:44] [I] Average on 1 runs - GPU latency: 6.79248 ms - Host latency: 6.92627 ms (enqueue 2.07275 ms)
[10/04/2026-22:17:44] [I] Average on 1 runs - GPU latency: 6.7998 ms - Host latency: 6.92676 ms (enqueue 2.00049 ms)
[10/04/2026-22:17:44] [I] Average on 1 runs - GPU latency: 6.80127 ms - Host latency: 6.92822 ms (enqueue 2.00146 ms)
[10/04/2026-22:17:44] [I] Average on 1 runs - GPU latency: 6.80371 ms - Host latency: 6.93604 ms (enqueue 2.07666 ms)
[10/04/2026-22:17:44] [I] Average on 1 runs - GPU latency: 6.7915 ms - Host latency: 6.92188 ms (enqueue 2.10352 ms)
[10/04/2026-22:17:44] [I] Average on 1 runs - GPU latency: 6.80762 ms - Host latency: 6.93799 ms (enqueue 2.02295 ms)
[10/04/2026-22:17:44] [I] Average on 1 runs - GPU latency: 6.7998 ms - Host latency: 6.94385 ms (enqueue 2.104 ms)
[10/04/2026-22:17:44] [I] Average on 1 runs - GPU latency: 6.80273 ms - Host latency: 6.93018 ms (enqueue 2.10742 ms)
[10/04/2026-22:17:44] [I] Average on 1 runs - GPU latency: 6.8042 ms - Host latency: 6.93018 ms (enqueue 2.04346 ms)
[10/04/2026-22:17:44] [I] Average on 1 runs - GPU latency: 6.80371 ms - Host latency: 6.92285 ms (enqueue 2.06201 ms)
[10/04/2026-22:17:44] [I] Average on 1 runs - GPU latency: 6.79883 ms - Host latency: 6.92383 ms (enqueue 2.08643 ms)
[10/04/2026-22:17:44] [I] Average on 1 runs - GPU latency: 6.80469 ms - Host latency: 6.92871 ms (enqueue 2.02539 ms)
[10/04/2026-22:17:44] [I] Average on 1 runs - GPU latency: 6.79932 ms - Host latency: 6.92725 ms (enqueue 2.02344 ms)
[10/04/2026-22:17:44] [I] ... Omitting 1807 lines
[10/04/2026-22:17:44] [I] Average on 1 runs - GPU latency: 6.80078 ms - Host latency: 6.91797 ms (enqueue 2.08008 ms)
[10/04/2026-22:17:44] [I] Average on 1 runs - GPU latency: 6.80273 ms - Host latency: 6.92773 ms (enqueue 2.03906 ms)
[10/04/2026-22:17:44] [I] Average on 1 runs - GPU latency: 6.79688 ms - Host latency: 6.91992 ms (enqueue 2.01953 ms)
[10/04/2026-22:17:44] [I] Average on 1 runs - GPU latency: 6.80469 ms - Host latency: 6.94336 ms (enqueue 2.06641 ms)
[10/04/2026-22:17:44] [I] Average on 1 runs - GPU latency: 6.8125 ms - Host latency: 6.94141 ms (enqueue 2.03125 ms)
[10/04/2026-22:17:44] [I] Average on 1 runs - GPU latency: 6.81055 ms - Host latency: 6.94141 ms (enqueue 2.02148 ms)
[10/04/2026-22:17:44] [I] Average on 1 runs - GPU latency: 6.79883 ms - Host latency: 6.92969 ms (enqueue 2.01953 ms)
[10/04/2026-22:17:44] [I] Average on 1 runs - GPU latency: 6.80078 ms - Host latency: 6.94336 ms (enqueue 2.06445 ms)
[10/04/2026-22:17:44] [I] Average on 1 runs - GPU latency: 6.80273 ms - Host latency: 6.92578 ms (enqueue 2.02539 ms)
[10/04/2026-22:17:44] [I] Average on 1 runs - GPU latency: 6.79492 ms - Host latency: 6.92188 ms (enqueue 2.03711 ms)
[10/04/2026-22:17:44] [I] Average on 1 runs - GPU latency: 6.82422 ms - Host latency: 6.94922 ms (enqueue 2.10352 ms)
[10/04/2026-22:17:44] [I] Average on 1 runs - GPU latency: 6.82227 ms - Host latency: 6.96094 ms (enqueue 2.00586 ms)
[10/04/2026-22:17:44] [I] Average on 1 runs - GPU latency: 6.80859 ms - Host latency: 6.93164 ms (enqueue 1.99219 ms)
[10/04/2026-22:17:44] [I] Average on 1 runs - GPU latency: 6.80469 ms - Host latency: 6.94531 ms (enqueue 2.07617 ms)
[10/04/2026-22:17:44] [I] Average on 1 runs - GPU latency: 6.81836 ms - Host latency: 6.94531 ms (enqueue 2.01562 ms)
[10/04/2026-22:17:44] [I] Average on 1 runs - GPU latency: 6.80469 ms - Host latency: 6.9375 ms (enqueue 1.97852 ms)
[10/04/2026-22:17:44] [I] Average on 1 runs - GPU latency: 6.82227 ms - Host latency: 6.95898 ms (enqueue 2.08398 ms)
[10/04/2026-22:17:44] [I] Average on 1 runs - GPU latency: 6.80469 ms - Host latency: 6.94531 ms (enqueue 2.03516 ms)
[10/04/2026-22:17:44] [I] Average on 1 runs - GPU latency: 6.79883 ms - Host latency: 6.93359 ms (enqueue 2.02344 ms)
[10/04/2026-22:17:44] [I] Average on 1 runs - GPU latency: 6.79688 ms - Host latency: 6.92383 ms (enqueue 2.0332 ms)
[10/04/2026-22:17:44] [I] Average on 1 runs - GPU latency: 6.79102 ms - Host latency: 6.92383 ms (enqueue 2.04688 ms)
[10/04/2026-22:17:44] [I] Average on 1 runs - GPU latency: 6.79492 ms - Host latency: 6.91211 ms (enqueue 2.01758 ms)
[10/04/2026-22:17:44] [I] Average on 1 runs - GPU latency: 6.80664 ms - Host latency: 6.92773 ms (enqueue 2.01367 ms)
[10/04/2026-22:17:44] [I] Average on 1 runs - GPU latency: 6.80078 ms - Host latency: 6.92969 ms (enqueue 2.07812 ms)
[10/04/2026-22:17:44] [I] Average on 1 runs - GPU latency: 6.79688 ms - Host latency: 6.92188 ms (enqueue 1.99219 ms)
[10/04/2026-22:17:44] [I] Average on 1 runs - GPU latency: 6.80273 ms - Host latency: 6.93555 ms (enqueue 1.99609 ms)
[10/04/2026-22:17:44] [I] Average on 1 runs - GPU latency: 6.79297 ms - Host latency: 6.91797 ms (enqueue 2.05664 ms)
[10/04/2026-22:17:44] [I] Average on 1 runs - GPU latency: 6.79883 ms - Host latency: 6.92578 ms (enqueue 2.08203 ms)
[10/04/2026-22:17:44] [I] Average on 1 runs - GPU latency: 6.79688 ms - Host latency: 6.93164 ms (enqueue 1.98828 ms)
[10/04/2026-22:17:44] [I] Average on 1 runs - GPU latency: 6.8125 ms - Host latency: 6.92773 ms (enqueue 2.02539 ms)
[10/04/2026-22:17:44] [I] Average on 1 runs - GPU latency: 6.79883 ms - Host latency: 6.91992 ms (enqueue 2.05273 ms)
[10/04/2026-22:17:44] [I] Average on 1 runs - GPU latency: 6.79297 ms - Host latency: 6.92188 ms (enqueue 1.98633 ms)
[10/04/2026-22:17:44] [I] Average on 1 runs - GPU latency: 6.80078 ms - Host latency: 6.93359 ms (enqueue 2.03906 ms)
[10/04/2026-22:17:44] [I] Average on 1 runs - GPU latency: 6.80664 ms - Host latency: 6.92188 ms (enqueue 2.03711 ms)
[10/04/2026-22:17:44] [I] Average on 1 runs - GPU latency: 6.80078 ms - Host latency: 6.9375 ms (enqueue 2.01953 ms)
[10/04/2026-22:17:44] [I] Average on 1 runs - GPU latency: 6.80078 ms - Host latency: 6.93164 ms (enqueue 2.00391 ms)
[10/04/2026-22:17:44] [I] Average on 1 runs - GPU latency: 6.80273 ms - Host latency: 6.92773 ms (enqueue 2.05859 ms)
[10/04/2026-22:17:44] [I] Average on 1 runs - GPU latency: 6.80664 ms - Host latency: 6.93945 ms (enqueue 2.01562 ms)
[10/04/2026-22:17:44] [I] Average on 1 runs - GPU latency: 6.79297 ms - Host latency: 6.91992 ms (enqueue 1.99609 ms)
[10/04/2026-22:17:44] [I] Average on 1 runs - GPU latency: 6.79297 ms - Host latency: 6.92383 ms (enqueue 2.07031 ms)
[10/04/2026-22:17:44] [I] Average on 1 runs - GPU latency: 6.80664 ms - Host latency: 6.9375 ms (enqueue 2.04883 ms)
[10/04/2026-22:17:44] [I] Average on 1 runs - GPU latency: 6.80859 ms - Host latency: 6.94141 ms (enqueue 2.04492 ms)
[10/04/2026-22:17:44] [I] Average on 1 runs - GPU latency: 6.79883 ms - Host latency: 6.93359 ms (enqueue 2.00977 ms)
[10/04/2026-22:17:44] [I] Average on 1 runs - GPU latency: 6.80078 ms - Host latency: 6.91602 ms (enqueue 2.04492 ms)
[10/04/2026-22:17:44] [I] Average on 1 runs - GPU latency: 6.79492 ms - Host latency: 6.93164 ms (enqueue 2 ms)
[10/04/2026-22:17:44] [I] Average on 1 runs - GPU latency: 6.79883 ms - Host latency: 6.92383 ms (enqueue 2.01172 ms)
[10/04/2026-22:17:44] [I] Average on 1 runs - GPU latency: 6.80078 ms - Host latency: 6.92773 ms (enqueue 2.03516 ms)
[10/04/2026-22:17:44] [I] Average on 1 runs - GPU latency: 6.81055 ms - Host latency: 6.9375 ms (enqueue 2.03516 ms)
[10/04/2026-22:17:44] [I] Average on 1 runs - GPU latency: 6.79883 ms - Host latency: 6.92969 ms (enqueue 2.01562 ms)
[10/04/2026-22:17:44] [I] Average on 1 runs - GPU latency: 6.79492 ms - Host latency: 6.92578 ms (enqueue 2.02539 ms)
[10/04/2026-22:17:44] [I] Average on 1 runs - GPU latency: 6.81055 ms - Host latency: 6.9375 ms (enqueue 2.03906 ms)
[10/04/2026-22:17:44] [I] Average on 1 runs - GPU latency: 6.79492 ms - Host latency: 6.92969 ms (enqueue 1.99414 ms)
[10/04/2026-22:17:44] [I] Average on 1 runs - GPU latency: 6.79883 ms - Host latency: 6.93164 ms (enqueue 2.01172 ms)
[10/04/2026-22:17:44] [I] Average on 1 runs - GPU latency: 6.80078 ms - Host latency: 6.92773 ms (enqueue 2.05273 ms)
[10/04/2026-22:17:44] [I] Average on 1 runs - GPU latency: 6.79883 ms - Host latency: 6.93359 ms (enqueue 2.04492 ms)
[10/04/2026-22:17:44] [I] Average on 1 runs - GPU latency: 6.81445 ms - Host latency: 6.94531 ms (enqueue 2.02734 ms)
[10/04/2026-22:17:44] [I] Average on 1 runs - GPU latency: 6.80078 ms - Host latency: 6.93359 ms (enqueue 2.05469 ms)
[10/04/2026-22:17:44] [I] Average on 1 runs - GPU latency: 6.80078 ms - Host latency: 6.92188 ms (enqueue 2.06445 ms)
[10/04/2026-22:17:44] [I] Average on 1 runs - GPU latency: 6.80469 ms - Host latency: 6.94336 ms (enqueue 2.03711 ms)
[10/04/2026-22:17:44] [I] Average on 1 runs - GPU latency: 6.79492 ms - Host latency: 6.94531 ms (enqueue 1.98242 ms)
[10/04/2026-22:17:44] [I] Average on 1 runs - GPU latency: 6.81055 ms - Host latency: 6.93359 ms (enqueue 2.05273 ms)
[10/04/2026-22:17:44] [I] Average on 1 runs - GPU latency: 6.79297 ms - Host latency: 6.92188 ms (enqueue 1.99609 ms)
[10/04/2026-22:17:44] [I] Average on 1 runs - GPU latency: 6.80078 ms - Host latency: 6.91992 ms (enqueue 2.00977 ms)
[10/04/2026-22:17:44] [I] Average on 1 runs - GPU latency: 6.80469 ms - Host latency: 6.93555 ms (enqueue 2.06445 ms)
[10/04/2026-22:17:44] [I] Average on 1 runs - GPU latency: 6.81641 ms - Host latency: 6.95312 ms (enqueue 2.03711 ms)
[10/04/2026-22:17:44] [I] Average on 1 runs - GPU latency: 6.79688 ms - Host latency: 6.93359 ms (enqueue 2.00586 ms)
[10/04/2026-22:17:44] [I] Average on 1 runs - GPU latency: 6.78906 ms - Host latency: 6.92188 ms (enqueue 2.04492 ms)
[10/04/2026-22:17:44] [I] Average on 1 runs - GPU latency: 6.79297 ms - Host latency: 6.92969 ms (enqueue 2.07227 ms)
[10/04/2026-22:17:44] [I] Average on 1 runs - GPU latency: 6.79688 ms - Host latency: 6.92773 ms (enqueue 1.98242 ms)
[10/04/2026-22:17:44] [I] Average on 1 runs - GPU latency: 6.79883 ms - Host latency: 6.92773 ms (enqueue 1.99414 ms)
[10/04/2026-22:17:44] [I] Average on 1 runs - GPU latency: 6.79688 ms - Host latency: 6.92773 ms (enqueue 2.06641 ms)
[10/04/2026-22:17:44] [I] Average on 1 runs - GPU latency: 6.79492 ms - Host latency: 6.92188 ms (enqueue 2.00391 ms)
[10/04/2026-22:17:44] [I] Average on 1 runs - GPU latency: 6.79883 ms - Host latency: 6.93164 ms (enqueue 1.98047 ms)
[10/04/2026-22:17:44] [I] Average on 1 runs - GPU latency: 6.79492 ms - Host latency: 6.92383 ms (enqueue 2.04102 ms)
[10/04/2026-22:17:44] [I] Average on 1 runs - GPU latency: 6.80273 ms - Host latency: 6.92188 ms (enqueue 2.03125 ms)
[10/04/2026-22:17:44] [I] Average on 1 runs - GPU latency: 6.80078 ms - Host latency: 6.93359 ms (enqueue 1.98828 ms)
[10/04/2026-22:17:44] [I] Average on 1 runs - GPU latency: 6.80664 ms - Host latency: 6.93164 ms (enqueue 2.03711 ms)
[10/04/2026-22:17:44] [I] Average on 1 runs - GPU latency: 6.80664 ms - Host latency: 6.93359 ms (enqueue 2.02148 ms)
[10/04/2026-22:17:44] [I] Average on 1 runs - GPU latency: 6.80078 ms - Host latency: 6.9375 ms (enqueue 2.00391 ms)
[10/04/2026-22:17:44] [I] Average on 1 runs - GPU latency: 6.79883 ms - Host latency: 6.92969 ms (enqueue 2.01367 ms)
[10/04/2026-22:17:44] [I] Average on 1 runs - GPU latency: 6.80078 ms - Host latency: 6.92773 ms (enqueue 2.04297 ms)
[10/04/2026-22:17:44] [I] Average on 1 runs - GPU latency: 6.80273 ms - Host latency: 6.93555 ms (enqueue 1.99414 ms)
[10/04/2026-22:17:44] [I] Average on 1 runs - GPU latency: 6.79688 ms - Host latency: 6.91797 ms (enqueue 2.01953 ms)
[10/04/2026-22:17:44] [I] Average on 1 runs - GPU latency: 6.80273 ms - Host latency: 6.92383 ms (enqueue 2.07031 ms)
[10/04/2026-22:17:44] [I] Average on 1 runs - GPU latency: 6.80469 ms - Host latency: 6.92383 ms (enqueue 2.04297 ms)
[10/04/2026-22:17:44] [I] Average on 1 runs - GPU latency: 6.79492 ms - Host latency: 6.94336 ms (enqueue 2.06836 ms)
[10/04/2026-22:17:44] [I] Average on 1 runs - GPU latency: 6.78906 ms - Host latency: 6.92383 ms (enqueue 2.08203 ms)
[10/04/2026-22:17:44] [I] Average on 1 runs - GPU latency: 6.80078 ms - Host latency: 6.92969 ms (enqueue 2.05469 ms)
[10/04/2026-22:17:44] [I] Average on 1 runs - GPU latency: 6.80469 ms - Host latency: 6.93359 ms (enqueue 2.01367 ms)
[10/04/2026-22:17:44] [I] Average on 1 runs - GPU latency: 6.79492 ms - Host latency: 6.92578 ms (enqueue 2.01953 ms)
[10/04/2026-22:17:44] [I] Average on 1 runs - GPU latency: 6.83594 ms - Host latency: 6.97461 ms (enqueue 2.04883 ms)
[10/04/2026-22:17:44] [I] Average on 1 runs - GPU latency: 6.81641 ms - Host latency: 6.95508 ms (enqueue 1.99414 ms)
[10/04/2026-22:17:44] [I] Average on 1 runs - GPU latency: 6.80664 ms - Host latency: 6.9375 ms (enqueue 1.99023 ms)
[10/04/2026-22:17:44] [I] Average on 1 runs - GPU latency: 6.80273 ms - Host latency: 6.9375 ms (enqueue 2.06641 ms)
[10/04/2026-22:17:44] [I] Average on 1 runs - GPU latency: 6.79492 ms - Host latency: 6.91992 ms (enqueue 2.08789 ms)
[10/04/2026-22:17:44] [I] Average on 1 runs - GPU latency: 6.81445 ms - Host latency: 6.94922 ms (enqueue 2.02734 ms)
[10/04/2026-22:17:44] [I] Average on 1 runs - GPU latency: 6.79102 ms - Host latency: 6.91992 ms (enqueue 2.0625 ms)
[10/04/2026-22:17:44] [I] Average on 1 runs - GPU latency: 6.79102 ms - Host latency: 6.92188 ms (enqueue 2.06641 ms)
[10/04/2026-22:17:44] [I] Average on 1 runs - GPU latency: 6.80273 ms - Host latency: 6.92773 ms (enqueue 2.02344 ms)
[10/04/2026-22:17:44] [I] Average on 1 runs - GPU latency: 6.80273 ms - Host latency: 6.92773 ms (enqueue 1.98828 ms)
[10/04/2026-22:17:44] [I] Average on 1 runs - GPU latency: 6.79688 ms - Host latency: 6.92969 ms (enqueue 2.03516 ms)
[10/04/2026-22:17:44] [I] Average on 1 runs - GPU latency: 6.80664 ms - Host latency: 6.93945 ms (enqueue 2.01758 ms)
[10/04/2026-22:17:44] [I] Average on 1 runs - GPU latency: 6.8125 ms - Host latency: 6.9375 ms (enqueue 2.02148 ms)
[10/04/2026-22:17:44] [I] Average on 1 runs - GPU latency: 6.80273 ms - Host latency: 6.94141 ms (enqueue 2.03516 ms)
[10/04/2026-22:17:44] [I] Average on 1 runs - GPU latency: 6.8125 ms - Host latency: 6.94531 ms (enqueue 2.0293 ms)
[10/04/2026-22:17:44] [I] Average on 1 runs - GPU latency: 6.79688 ms - Host latency: 6.92188 ms (enqueue 2.01562 ms)
[10/04/2026-22:17:44] [I] Average on 1 runs - GPU latency: 6.79492 ms - Host latency: 6.92188 ms (enqueue 2.05859 ms)
[10/04/2026-22:17:44] [I] Average on 1 runs - GPU latency: 6.80469 ms - Host latency: 6.93359 ms (enqueue 2.11523 ms)
[10/04/2026-22:17:44] [I] Average on 1 runs - GPU latency: 6.80469 ms - Host latency: 6.92578 ms (enqueue 1.98828 ms)
[10/04/2026-22:17:44] [I] Average on 1 runs - GPU latency: 6.79688 ms - Host latency: 6.91797 ms (enqueue 1.99023 ms)
[10/04/2026-22:17:44] [I] Average on 1 runs - GPU latency: 6.80469 ms - Host latency: 6.92188 ms (enqueue 2.05078 ms)
[10/04/2026-22:17:44] [I] Average on 1 runs - GPU latency: 6.79297 ms - Host latency: 6.91797 ms (enqueue 2.01172 ms)
[10/04/2026-22:17:44] [I] Average on 1 runs - GPU latency: 6.80078 ms - Host latency: 6.92383 ms (enqueue 1.98047 ms)
[10/04/2026-22:17:44] [I] Average on 1 runs - GPU latency: 6.80664 ms - Host latency: 6.9375 ms (enqueue 2.04688 ms)
[10/04/2026-22:17:44] [I] Average on 1 runs - GPU latency: 6.79688 ms - Host latency: 6.91797 ms (enqueue 2.06836 ms)
[10/04/2026-22:17:44] [I] Average on 1 runs - GPU latency: 6.80273 ms - Host latency: 6.92383 ms (enqueue 2.01172 ms)
[10/04/2026-22:17:44] [I] Average on 1 runs - GPU latency: 6.80078 ms - Host latency: 6.92773 ms (enqueue 2.06836 ms)
[10/04/2026-22:17:44] [I] Average on 1 runs - GPU latency: 6.80273 ms - Host latency: 6.92188 ms (enqueue 2.08203 ms)
[10/04/2026-22:17:44] [I] Average on 1 runs - GPU latency: 6.79688 ms - Host latency: 6.91992 ms (enqueue 2.01172 ms)
[10/04/2026-22:17:44] [I] Average on 1 runs - GPU latency: 6.80078 ms - Host latency: 6.92969 ms (enqueue 2.05078 ms)
[10/04/2026-22:17:44] [I] Average on 1 runs - GPU latency: 6.79492 ms - Host latency: 6.91992 ms (enqueue 2.07227 ms)
[10/04/2026-22:17:44] [I] Average on 1 runs - GPU latency: 6.80078 ms - Host latency: 6.93555 ms (enqueue 1.98633 ms)
[10/04/2026-22:17:44] [I] Average on 1 runs - GPU latency: 6.79883 ms - Host latency: 6.92578 ms (enqueue 1.99414 ms)
[10/04/2026-22:17:44] [I] Average on 1 runs - GPU latency: 6.79883 ms - Host latency: 6.93359 ms (enqueue 2.05078 ms)
[10/04/2026-22:17:44] [I] Average on 1 runs - GPU latency: 6.79688 ms - Host latency: 6.92578 ms (enqueue 2.06445 ms)
[10/04/2026-22:17:44] [I] Average on 1 runs - GPU latency: 6.79883 ms - Host latency: 6.93359 ms (enqueue 1.97852 ms)
[10/04/2026-22:17:44] [I] Average on 1 runs - GPU latency: 6.80078 ms - Host latency: 6.93164 ms (enqueue 2.06836 ms)
[10/04/2026-22:17:44] [I] Average on 1 runs - GPU latency: 6.79883 ms - Host latency: 6.91797 ms (enqueue 2.08008 ms)
[10/04/2026-22:17:44] [I] Average on 1 runs - GPU latency: 6.80078 ms - Host latency: 6.92773 ms (enqueue 2.00586 ms)
[10/04/2026-22:17:44] [I] Average on 1 runs - GPU latency: 6.80273 ms - Host latency: 6.91992 ms (enqueue 2.00781 ms)
[10/04/2026-22:17:44] [I] Average on 1 runs - GPU latency: 6.80664 ms - Host latency: 6.93945 ms (enqueue 2.04883 ms)
[10/04/2026-22:17:44] [I] Average on 1 runs - GPU latency: 6.81055 ms - Host latency: 6.93945 ms (enqueue 2.00977 ms)
[10/04/2026-22:17:44] [I] Average on 1 runs - GPU latency: 6.80273 ms - Host latency: 6.94141 ms (enqueue 2.03125 ms)
[10/04/2026-22:17:44] [I] Average on 1 runs - GPU latency: 6.80078 ms - Host latency: 6.92773 ms (enqueue 2.07812 ms)
[10/04/2026-22:17:44] [I] Average on 1 runs - GPU latency: 6.80859 ms - Host latency: 6.94531 ms (enqueue 2.03711 ms)
[10/04/2026-22:17:44] [I] Average on 1 runs - GPU latency: 6.81641 ms - Host latency: 6.94336 ms (enqueue 1.99414 ms)
[10/04/2026-22:17:44] [I] Average on 1 runs - GPU latency: 6.80469 ms - Host latency: 6.93555 ms (enqueue 2.0625 ms)
[10/04/2026-22:17:44] [I] Average on 1 runs - GPU latency: 6.80469 ms - Host latency: 6.92969 ms (enqueue 2.04297 ms)
[10/04/2026-22:17:44] [I] Average on 1 runs - GPU latency: 6.79883 ms - Host latency: 6.94336 ms (enqueue 2.05859 ms)
[10/04/2026-22:17:44] [I] Average on 1 runs - GPU latency: 6.79688 ms - Host latency: 6.92578 ms (enqueue 2.00977 ms)
[10/04/2026-22:17:44] [I] Average on 1 runs - GPU latency: 6.79688 ms - Host latency: 6.92188 ms (enqueue 2.06055 ms)
[10/04/2026-22:17:44] [I] Average on 1 runs - GPU latency: 6.80859 ms - Host latency: 6.92969 ms (enqueue 2.02148 ms)
[10/04/2026-22:17:44] [I] Average on 1 runs - GPU latency: 6.79297 ms - Host latency: 6.91797 ms (enqueue 2.01367 ms)
[10/04/2026-22:17:44] [I] Average on 1 runs - GPU latency: 6.80469 ms - Host latency: 6.93555 ms (enqueue 2.03125 ms)
[10/04/2026-22:17:44] [I] Average on 1 runs - GPU latency: 6.79297 ms - Host latency: 6.91797 ms (enqueue 2.06055 ms)
[10/04/2026-22:17:44] [I] Average on 1 runs - GPU latency: 6.79688 ms - Host latency: 6.92188 ms (enqueue 2.01953 ms)
[10/04/2026-22:17:44] [I] Average on 1 runs - GPU latency: 6.80469 ms - Host latency: 6.92383 ms (enqueue 2.0293 ms)
[10/04/2026-22:17:44] [I] Average on 1 runs - GPU latency: 6.80664 ms - Host latency: 6.93359 ms (enqueue 2.07617 ms)
[10/04/2026-22:17:44] [I] Average on 1 runs - GPU latency: 6.80859 ms - Host latency: 6.94727 ms (enqueue 2.0293 ms)
[10/04/2026-22:17:44] [I] Average on 1 runs - GPU latency: 6.80078 ms - Host latency: 6.9375 ms (enqueue 2.03906 ms)
[10/04/2026-22:17:44] [I] Average on 1 runs - GPU latency: 6.80664 ms - Host latency: 6.94336 ms (enqueue 2.07812 ms)
[10/04/2026-22:17:44] [I] Average on 1 runs - GPU latency: 6.80664 ms - Host latency: 6.94531 ms (enqueue 2.05469 ms)
[10/04/2026-22:17:44] [I] Average on 1 runs - GPU latency: 6.79297 ms - Host latency: 6.93164 ms (enqueue 2.00195 ms)
[10/04/2026-22:17:44] [I] Average on 1 runs - GPU latency: 6.79688 ms - Host latency: 6.94531 ms (enqueue 2.05859 ms)
[10/04/2026-22:17:44] [I] Average on 1 runs - GPU latency: 6.80273 ms - Host latency: 6.94336 ms (enqueue 2.06641 ms)
[10/04/2026-22:17:44] [I] Average on 1 runs - GPU latency: 6.79492 ms - Host latency: 6.92383 ms (enqueue 2.02148 ms)
[10/04/2026-22:17:44] [I] Average on 1 runs - GPU latency: 6.80469 ms - Host latency: 6.94141 ms (enqueue 1.98828 ms)
[10/04/2026-22:17:44] [I] Average on 1 runs - GPU latency: 6.80859 ms - Host latency: 6.95117 ms (enqueue 2.03711 ms)
[10/04/2026-22:17:44] [I] Average on 1 runs - GPU latency: 6.79102 ms - Host latency: 6.92383 ms (enqueue 2.00391 ms)
[10/04/2026-22:17:44] [I] Average on 1 runs - GPU latency: 6.80469 ms - Host latency: 6.93164 ms (enqueue 2.03125 ms)
[10/04/2026-22:17:44] [I] Average on 1 runs - GPU latency: 6.79492 ms - Host latency: 6.92773 ms (enqueue 2.12695 ms)
[10/04/2026-22:17:44] [I] Average on 1 runs - GPU latency: 6.80273 ms - Host latency: 6.93945 ms (enqueue 2.04492 ms)
[10/04/2026-22:17:44] [I] Average on 1 runs - GPU latency: 6.80469 ms - Host latency: 6.94531 ms (enqueue 2.00781 ms)
[10/04/2026-22:17:44] [I] Average on 1 runs - GPU latency: 6.80078 ms - Host latency: 6.92969 ms (enqueue 2.04883 ms)
[10/04/2026-22:17:44] [I] Average on 1 runs - GPU latency: 6.78906 ms - Host latency: 6.91406 ms (enqueue 2.05273 ms)
[10/04/2026-22:17:44] [I] Average on 1 runs - GPU latency: 6.78711 ms - Host latency: 6.91797 ms (enqueue 1.98438 ms)
[10/04/2026-22:17:44] [I] Average on 1 runs - GPU latency: 6.79688 ms - Host latency: 6.93359 ms (enqueue 2.01172 ms)
[10/04/2026-22:17:44] [I] Average on 1 runs - GPU latency: 6.79492 ms - Host latency: 6.94727 ms (enqueue 2.09375 ms)
[10/04/2026-22:17:44] [I] Average on 1 runs - GPU latency: 6.80273 ms - Host latency: 6.92188 ms (enqueue 2.01758 ms)
[10/04/2026-22:17:44] [I] Average on 1 runs - GPU latency: 6.80273 ms - Host latency: 6.92773 ms (enqueue 2.06055 ms)
[10/04/2026-22:17:44] [I] Average on 1 runs - GPU latency: 6.82617 ms - Host latency: 6.94531 ms (enqueue 2.0918 ms)
[10/04/2026-22:17:44] [I] Average on 1 runs - GPU latency: 6.79883 ms - Host latency: 6.92383 ms (enqueue 2.07812 ms)
[10/04/2026-22:17:44] [I] Average on 1 runs - GPU latency: 6.81641 ms - Host latency: 6.93555 ms (enqueue 2.02344 ms)
[10/04/2026-22:17:44] [I] Average on 1 runs - GPU latency: 6.82617 ms - Host latency: 6.96875 ms (enqueue 2.07617 ms)
[10/04/2026-22:17:44] [I] Average on 1 runs - GPU latency: 6.80273 ms - Host latency: 6.9375 ms (enqueue 2.04883 ms)
[10/04/2026-22:17:44] [I] Average on 1 runs - GPU latency: 6.81641 ms - Host latency: 6.94922 ms (enqueue 2.00586 ms)
[10/04/2026-22:17:44] [I] Average on 1 runs - GPU latency: 6.79688 ms - Host latency: 6.92773 ms (enqueue 2.02148 ms)
[10/04/2026-22:17:44] [I] Average on 1 runs - GPU latency: 6.79883 ms - Host latency: 6.93164 ms (enqueue 2.07812 ms)
[10/04/2026-22:17:44] [I] Average on 1 runs - GPU latency: 6.79492 ms - Host latency: 6.92383 ms (enqueue 1.99219 ms)
[10/04/2026-22:17:44] [I] Average on 1 runs - GPU latency: 6.80273 ms - Host latency: 6.93945 ms (enqueue 2.00781 ms)
[10/04/2026-22:17:44] [I] Average on 1 runs - GPU latency: 6.80859 ms - Host latency: 6.94531 ms (enqueue 2.04492 ms)
[10/04/2026-22:17:44] [I] Average on 1 runs - GPU latency: 6.79688 ms - Host latency: 6.94531 ms (enqueue 2.08398 ms)
[10/04/2026-22:17:44] [I] Average on 1 runs - GPU latency: 6.79688 ms - Host latency: 6.91602 ms (enqueue 2.02539 ms)
[10/04/2026-22:17:44] [I] Average on 1 runs - GPU latency: 6.79883 ms - Host latency: 6.93164 ms (enqueue 2.02344 ms)
[10/04/2026-22:17:44] [I] Average on 1 runs - GPU latency: 6.79492 ms - Host latency: 6.91797 ms (enqueue 2.05664 ms)
[10/04/2026-22:17:44] [I] Average on 1 runs - GPU latency: 6.78906 ms - Host latency: 6.9082 ms (enqueue 2.00781 ms)
[10/04/2026-22:17:44] [I] Average on 1 runs - GPU latency: 6.79883 ms - Host latency: 6.92383 ms (enqueue 2.01367 ms)
[10/04/2026-22:17:44] [I] Average on 1 runs - GPU latency: 6.79883 ms - Host latency: 6.93164 ms (enqueue 2.03516 ms)
[10/04/2026-22:17:44] [I] Average on 1 runs - GPU latency: 6.80273 ms - Host latency: 6.92578 ms (enqueue 2 ms)
[10/04/2026-22:17:44] [I] Average on 1 runs - GPU latency: 6.78516 ms - Host latency: 6.91602 ms (enqueue 2.00195 ms)
[10/04/2026-22:17:44] [I] Average on 1 runs - GPU latency: 6.78906 ms - Host latency: 6.9082 ms (enqueue 2.08008 ms)
[10/04/2026-22:17:44] [I] Average on 1 runs - GPU latency: 6.79883 ms - Host latency: 6.92188 ms (enqueue 2.07422 ms)
[10/04/2026-22:17:44] [I] Average on 1 runs - GPU latency: 6.80273 ms - Host latency: 6.92773 ms (enqueue 2.02539 ms)
[10/04/2026-22:17:44] [I] Average on 1 runs - GPU latency: 6.79688 ms - Host latency: 6.93164 ms (enqueue 2.08008 ms)
[10/04/2026-22:17:44] [I] Average on 1 runs - GPU latency: 6.79297 ms - Host latency: 6.93164 ms (enqueue 2.09766 ms)
[10/04/2026-22:17:44] [I] Average on 1 runs - GPU latency: 6.80469 ms - Host latency: 6.93359 ms (enqueue 2.0332 ms)
[10/04/2026-22:17:44] [I] Average on 1 runs - GPU latency: 6.79492 ms - Host latency: 6.92188 ms (enqueue 1.98633 ms)
[10/04/2026-22:17:44] [I] Average on 1 runs - GPU latency: 6.79883 ms - Host latency: 6.92578 ms (enqueue 2.06445 ms)
[10/04/2026-22:17:44] [I] Average on 1 runs - GPU latency: 6.79297 ms - Host latency: 6.91797 ms (enqueue 2.02344 ms)
[10/04/2026-22:17:44] [I] Average on 1 runs - GPU latency: 6.80859 ms - Host latency: 6.93555 ms (enqueue 2.02734 ms)
[10/04/2026-22:17:44] [I] Average on 1 runs - GPU latency: 6.76172 ms - Host latency: 6.88867 ms (enqueue 2.06836 ms)
[10/04/2026-22:17:44] [I] 
[10/04/2026-22:17:44] [I] === Performance summary ===
[10/04/2026-22:17:44] [I] Throughput: 146.918 qps
[10/04/2026-22:17:44] [I] Latency: min = 6.88867 ms, max = 6.99951 ms, mean = 6.93012 ms, median = 6.92871 ms, percentile(90%) = 6.94434 ms, percentile(95%) = 6.95117 ms, percentile(99%) = 6.9707 ms
[10/04/2026-22:17:44] [I] Enqueue Time: min = 1.95508 ms, max = 2.40234 ms, mean = 2.05758 ms, median = 2.0498 ms, percentile(90%) = 2.10352 ms, percentile(95%) = 2.12891 ms, percentile(99%) = 2.27588 ms
[10/04/2026-22:17:44] [I] H2D Latency: min = 0.108398 ms, max = 0.182373 ms, mean = 0.123142 ms, median = 0.121094 ms, percentile(90%) = 0.132324 ms, percentile(95%) = 0.137207 ms, percentile(99%) = 0.157715 ms
[10/04/2026-22:17:44] [I] GPU Compute Time: min = 6.76172 ms, max = 6.84375 ms, mean = 6.80071 ms, median = 6.80029 ms, percentile(90%) = 6.80957 ms, percentile(95%) = 6.81299 ms, percentile(99%) = 6.82227 ms
[10/04/2026-22:17:44] [I] D2H Latency: min = 0.00366211 ms, max = 0.0112305 ms, mean = 0.00625827 ms, median = 0.00585938 ms, percentile(90%) = 0.0078125 ms, percentile(95%) = 0.00878906 ms, percentile(99%) = 0.00976562 ms
[10/04/2026-22:17:44] [I] Total Host Walltime: 15.0219 s
[10/04/2026-22:17:44] [I] Total GPU Compute Time: 15.0092 s
[10/04/2026-22:17:44] [I] Explanations of the performance metrics are printed in the verbose logs.
[10/04/2026-22:17:44] [I] 
&&&& PASSED TensorRT.trtexec [TensorRT v100300] # /usr/src/tensorrt/bin/trtexec --loadEngine=/tmp/engines/y26s_640_uint8_opt3.engine --warmUp=3000 --duration=15 --idleTime=0 --avgRuns=1
