&&&& RUNNING TensorRT.trtexec [TensorRT v100300] # /usr/src/tensorrt/bin/trtexec --loadEngine=/tmp/yolo26n_84172_uint8_fp16_opt3.engine --warmUp=3000 --duration=15 --idleTime=33 --avgRuns=1
[10/04/2026-22:14:19] [I] === Model Options ===
[10/04/2026-22:14:19] [I] Format: *
[10/04/2026-22:14:19] [I] Model: 
[10/04/2026-22:14:19] [I] Output:
[10/04/2026-22:14:19] [I] 
[10/04/2026-22:14:19] [I] === System Options ===
[10/04/2026-22:14:19] [I] Device: 0
[10/04/2026-22:14:19] [I] DLACore: 
[10/04/2026-22:14:19] [I] Plugins:
[10/04/2026-22:14:19] [I] setPluginsToSerialize:
[10/04/2026-22:14:19] [I] dynamicPlugins:
[10/04/2026-22:14:19] [I] ignoreParsedPluginLibs: 0
[10/04/2026-22:14:19] [I] 
[10/04/2026-22:14:19] [I] === Inference Options ===
[10/04/2026-22:14:19] [I] Batch: Explicit
[10/04/2026-22:14:19] [I] Input inference shapes: model
[10/04/2026-22:14:19] [I] Iterations: 10
[10/04/2026-22:14:19] [I] Duration: 15s (+ 3000ms warm up)
[10/04/2026-22:14:19] [I] Sleep time: 0ms
[10/04/2026-22:14:19] [I] Idle time: 33ms
[10/04/2026-22:14:19] [I] Inference Streams: 1
[10/04/2026-22:14:19] [I] ExposeDMA: Disabled
[10/04/2026-22:14:19] [I] Data transfers: Enabled
[10/04/2026-22:14:19] [I] Spin-wait: Disabled
[10/04/2026-22:14:19] [I] Multithreading: Disabled
[10/04/2026-22:14:19] [I] CUDA Graph: Disabled
[10/04/2026-22:14:19] [I] Separate profiling: Disabled
[10/04/2026-22:14:19] [I] Time Deserialize: Disabled
[10/04/2026-22:14:19] [I] Time Refit: Disabled
[10/04/2026-22:14:19] [I] NVTX verbosity: 0
[10/04/2026-22:14:19] [I] Persistent Cache Ratio: 0
[10/04/2026-22:14:19] [I] Optimization Profile Index: 0
[10/04/2026-22:14:19] [I] Weight Streaming Budget: 100.000000%
[10/04/2026-22:14:19] [I] Inputs:
[10/04/2026-22:14:19] [I] Debug Tensor Save Destinations:
[10/04/2026-22:14:19] [I] === Reporting Options ===
[10/04/2026-22:14:19] [I] Verbose: Disabled
[10/04/2026-22:14:19] [I] Averages: 1 inferences
[10/04/2026-22:14:19] [I] Percentiles: 90,95,99
[10/04/2026-22:14:19] [I] Dump refittable layers:Disabled
[10/04/2026-22:14:19] [I] Dump output: Disabled
[10/04/2026-22:14:19] [I] Profile: Disabled
[10/04/2026-22:14:19] [I] Export timing to JSON file: 
[10/04/2026-22:14:19] [I] Export output to JSON file: 
[10/04/2026-22:14:19] [I] Export profile to JSON file: 
[10/04/2026-22:14:19] [I] 
[10/04/2026-22:14:19] [I] === Device Information ===
[10/04/2026-22:14:19] [I] Available Devices: 
[10/04/2026-22:14:19] [I]   Device 0: "Orin" UUID: GPU-6e16c2c1-e394-5324-8f2e-63a975968f4e
[10/04/2026-22:14:19] [I] Selected Device: Orin
[10/04/2026-22:14:19] [I] Selected Device ID: 0
[10/04/2026-22:14:19] [I] Selected Device UUID: GPU-6e16c2c1-e394-5324-8f2e-63a975968f4e
[10/04/2026-22:14:19] [I] Compute Capability: 8.7
[10/04/2026-22:14:19] [I] SMs: 8
[10/04/2026-22:14:19] [I] Device Global Memory: 7607 MiB
[10/04/2026-22:14:19] [I] Shared Memory per SM: 164 KiB
[10/04/2026-22:14:19] [I] Memory Bus Width: 128 bits (ECC disabled)
[10/04/2026-22:14:19] [I] Application Compute Clock Rate: 1.02 GHz
[10/04/2026-22:14:19] [I] Application Memory Clock Rate: 1.02 GHz
[10/04/2026-22:14:19] [I] 
[10/04/2026-22:14:19] [I] Note: The application clock rates do not reflect the actual clock rates that the GPU is currently running at.
[10/04/2026-22:14:19] [I] 
[10/04/2026-22:14:19] [I] TensorRT version: 10.3.0
[10/04/2026-22:14:19] [I] Loading standard plugins
[10/04/2026-22:14:19] [I] [TRT] Loaded engine size: 7 MiB
[10/04/2026-22:14:19] [I] Engine deserialized in 0.065554 sec.
[10/04/2026-22:14:19] [I] [TRT] [MemUsageChange] TensorRT-managed allocation in IExecutionContext creation: CPU +0, GPU +12, now: CPU 0, GPU 16 (MiB)
[10/04/2026-22:14:19] [I] Setting persistentCacheLimit to 0 bytes.
[10/04/2026-22:14:19] [I] Created execution context with device memory size: 12.207 MiB
[10/04/2026-22:14:19] [I] Using random values for input images
[10/04/2026-22:14:19] [I] Input binding for images with dimensions 1x640x640x3 is created.
[10/04/2026-22:14:19] [I] Output binding for output0 with dimensions 1x300x6 is created.
[10/04/2026-22:14:19] [I] Starting inference
[10/04/2026-22:14:37] [I] Warmup completed 693 queries over 3000 ms
[10/04/2026-22:14:37] [I] Timing trace has 430 queries over 15.0573 s
[10/04/2026-22:14:37] [I] 
[10/04/2026-22:14:37] [I] === Trace details ===
[10/04/2026-22:14:37] [I] Trace averages of 1 runs:
[10/04/2026-22:14:37] [I] Average on 1 runs - GPU latency: 4.25195 ms - Host latency: 4.38892 ms (enqueue 2.08936 ms)
[10/04/2026-22:14:37] [I] Average on 1 runs - GPU latency: 4.21533 ms - Host latency: 4.33447 ms (enqueue 2.10229 ms)
[10/04/2026-22:14:37] [I] Average on 1 runs - GPU latency: 4.22021 ms - Host latency: 4.28687 ms (enqueue 2.03491 ms)
[10/04/2026-22:14:37] [I] Average on 1 runs - GPU latency: 4.21851 ms - Host latency: 4.27979 ms (enqueue 2.03857 ms)
[10/04/2026-22:14:37] [I] Average on 1 runs - GPU latency: 4.22412 ms - Host latency: 4.28589 ms (enqueue 2.0459 ms)
[10/04/2026-22:14:37] [I] Average on 1 runs - GPU latency: 4.22485 ms - Host latency: 4.29077 ms (enqueue 2.03027 ms)
[10/04/2026-22:14:37] [I] Average on 1 runs - GPU latency: 4.21851 ms - Host latency: 4.28223 ms (enqueue 2.01123 ms)
[10/04/2026-22:14:37] [I] Average on 1 runs - GPU latency: 4.22998 ms - Host latency: 4.29419 ms (enqueue 2.0249 ms)
[10/04/2026-22:14:37] [I] Average on 1 runs - GPU latency: 4.21997 ms - Host latency: 4.28198 ms (enqueue 2.0791 ms)
[10/04/2026-22:14:37] [I] Average on 1 runs - GPU latency: 4.2168 ms - Host latency: 4.28027 ms (enqueue 2.07275 ms)
[10/04/2026-22:14:37] [I] Average on 1 runs - GPU latency: 4.22192 ms - Host latency: 4.28467 ms (enqueue 2.02368 ms)
[10/04/2026-22:14:37] [I] Average on 1 runs - GPU latency: 4.22656 ms - Host latency: 4.29004 ms (enqueue 2.03516 ms)
[10/04/2026-22:14:37] [I] Average on 1 runs - GPU latency: 4.22021 ms - Host latency: 4.28418 ms (enqueue 2.05127 ms)
[10/04/2026-22:14:37] [I] Average on 1 runs - GPU latency: 4.22021 ms - Host latency: 4.28394 ms (enqueue 2.08008 ms)
[10/04/2026-22:14:37] [I] Average on 1 runs - GPU latency: 4.21997 ms - Host latency: 4.28394 ms (enqueue 2.0769 ms)
[10/04/2026-22:14:37] [I] Average on 1 runs - GPU latency: 4.22607 ms - Host latency: 4.28735 ms (enqueue 2.01685 ms)
[10/04/2026-22:14:37] [I] Average on 1 runs - GPU latency: 4.22949 ms - Host latency: 4.29639 ms (enqueue 1.98584 ms)
[10/04/2026-22:14:37] [I] Average on 1 runs - GPU latency: 4.2168 ms - Host latency: 4.29102 ms (enqueue 2.02466 ms)
[10/04/2026-22:14:37] [I] Average on 1 runs - GPU latency: 4.22607 ms - Host latency: 4.29175 ms (enqueue 2.03442 ms)
[10/04/2026-22:14:37] [I] Average on 1 runs - GPU latency: 4.21875 ms - Host latency: 4.28369 ms (enqueue 2.02002 ms)
[10/04/2026-22:14:37] [I] Average on 1 runs - GPU latency: 4.22314 ms - Host latency: 4.29053 ms (enqueue 2.00317 ms)
[10/04/2026-22:14:37] [I] Average on 1 runs - GPU latency: 4.22046 ms - Host latency: 4.28638 ms (enqueue 1.97729 ms)
[10/04/2026-22:14:37] [I] Average on 1 runs - GPU latency: 4.22705 ms - Host latency: 4.29272 ms (enqueue 2.01562 ms)
[10/04/2026-22:14:37] [I] Average on 1 runs - GPU latency: 4.22241 ms - Host latency: 4.2876 ms (enqueue 2.0332 ms)
[10/04/2026-22:14:37] [I] Average on 1 runs - GPU latency: 4.21851 ms - Host latency: 4.28442 ms (enqueue 1.97461 ms)
[10/04/2026-22:14:37] [I] Average on 1 runs - GPU latency: 4.21851 ms - Host latency: 4.28394 ms (enqueue 2.01758 ms)
[10/04/2026-22:14:37] [I] Average on 1 runs - GPU latency: 4.22437 ms - Host latency: 4.28735 ms (enqueue 1.99658 ms)
[10/04/2026-22:14:37] [I] Average on 1 runs - GPU latency: 4.22461 ms - Host latency: 4.29004 ms (enqueue 2.03442 ms)
[10/04/2026-22:14:37] [I] Average on 1 runs - GPU latency: 4.21826 ms - Host latency: 4.28052 ms (enqueue 2.03589 ms)
[10/04/2026-22:14:37] [I] Average on 1 runs - GPU latency: 4.21704 ms - Host latency: 4.27734 ms (enqueue 1.99194 ms)
[10/04/2026-22:14:37] [I] Average on 1 runs - GPU latency: 4.22021 ms - Host latency: 4.28516 ms (enqueue 2.00415 ms)
[10/04/2026-22:14:37] [I] Average on 1 runs - GPU latency: 4.22266 ms - Host latency: 4.28857 ms (enqueue 2.03198 ms)
[10/04/2026-22:14:37] [I] Average on 1 runs - GPU latency: 4.22241 ms - Host latency: 4.28394 ms (enqueue 2.05347 ms)
[10/04/2026-22:14:37] [I] Average on 1 runs - GPU latency: 4.21582 ms - Host latency: 4.27881 ms (enqueue 2.04834 ms)
[10/04/2026-22:14:37] [I] Average on 1 runs - GPU latency: 4.22656 ms - Host latency: 4.28906 ms (enqueue 2.01123 ms)
[10/04/2026-22:14:37] [I] Average on 1 runs - GPU latency: 4.22021 ms - Host latency: 4.28174 ms (enqueue 2.00684 ms)
[10/04/2026-22:14:37] [I] Average on 1 runs - GPU latency: 4.229 ms - Host latency: 4.29199 ms (enqueue 2.05566 ms)
[10/04/2026-22:14:37] [I] Average on 1 runs - GPU latency: 4.229 ms - Host latency: 4.29102 ms (enqueue 2.05078 ms)
[10/04/2026-22:14:37] [I] Average on 1 runs - GPU latency: 4.22412 ms - Host latency: 4.28711 ms (enqueue 2.01855 ms)
[10/04/2026-22:14:37] [I] Average on 1 runs - GPU latency: 4.22266 ms - Host latency: 4.28906 ms (enqueue 1.9917 ms)
[10/04/2026-22:14:37] [I] Average on 1 runs - GPU latency: 4.22607 ms - Host latency: 4.2876 ms (enqueue 1.98242 ms)
[10/04/2026-22:14:37] [I] Average on 1 runs - GPU latency: 4.2251 ms - Host latency: 4.28662 ms (enqueue 2.05859 ms)
[10/04/2026-22:14:37] [I] Average on 1 runs - GPU latency: 4.2251 ms - Host latency: 4.28662 ms (enqueue 2.06641 ms)
[10/04/2026-22:14:37] [I] Average on 1 runs - GPU latency: 4.22559 ms - Host latency: 4.28662 ms (enqueue 2.00732 ms)
[10/04/2026-22:14:37] [I] Average on 1 runs - GPU latency: 4.22656 ms - Host latency: 4.29883 ms (enqueue 2.02148 ms)
[10/04/2026-22:14:37] [I] Average on 1 runs - GPU latency: 4.22217 ms - Host latency: 4.28369 ms (enqueue 2.05615 ms)
[10/04/2026-22:14:37] [I] Average on 1 runs - GPU latency: 4.22119 ms - Host latency: 4.28418 ms (enqueue 2.05225 ms)
[10/04/2026-22:14:37] [I] Average on 1 runs - GPU latency: 4.21777 ms - Host latency: 4.28027 ms (enqueue 2.06641 ms)
[10/04/2026-22:14:37] [I] Average on 1 runs - GPU latency: 4.22607 ms - Host latency: 4.28662 ms (enqueue 2.02686 ms)
[10/04/2026-22:14:37] [I] Average on 1 runs - GPU latency: 4.21973 ms - Host latency: 4.28125 ms (enqueue 2.03125 ms)
[10/04/2026-22:14:37] [I] Average on 1 runs - GPU latency: 4.21826 ms - Host latency: 4.28516 ms (enqueue 2.0835 ms)
[10/04/2026-22:14:37] [I] Average on 1 runs - GPU latency: 4.22266 ms - Host latency: 4.28467 ms (enqueue 2.07031 ms)
[10/04/2026-22:14:37] [I] Average on 1 runs - GPU latency: 4.22412 ms - Host latency: 4.28857 ms (enqueue 2.06299 ms)
[10/04/2026-22:14:37] [I] Average on 1 runs - GPU latency: 4.22949 ms - Host latency: 4.29102 ms (enqueue 2.01953 ms)
[10/04/2026-22:14:37] [I] Average on 1 runs - GPU latency: 4.2207 ms - Host latency: 4.28369 ms (enqueue 2.02588 ms)
[10/04/2026-22:14:37] [I] Average on 1 runs - GPU latency: 4.22168 ms - Host latency: 4.28613 ms (enqueue 2.06543 ms)
[10/04/2026-22:14:37] [I] Average on 1 runs - GPU latency: 4.22217 ms - Host latency: 4.28418 ms (enqueue 2.06055 ms)
[10/04/2026-22:14:37] [I] Average on 1 runs - GPU latency: 4.22314 ms - Host latency: 4.28516 ms (enqueue 2.06445 ms)
[10/04/2026-22:14:37] [I] Average on 1 runs - GPU latency: 4.21973 ms - Host latency: 4.29883 ms (enqueue 1.98584 ms)
[10/04/2026-22:14:37] [I] Average on 1 runs - GPU latency: 4.22217 ms - Host latency: 4.2876 ms (enqueue 1.99512 ms)
[10/04/2026-22:14:37] [I] Average on 1 runs - GPU latency: 4.21729 ms - Host latency: 4.2832 ms (enqueue 2.06592 ms)
[10/04/2026-22:14:37] [I] Average on 1 runs - GPU latency: 4.22412 ms - Host latency: 4.28906 ms (enqueue 2.06396 ms)
[10/04/2026-22:14:37] [I] Average on 1 runs - GPU latency: 4.22119 ms - Host latency: 4.28418 ms (enqueue 2.00977 ms)
[10/04/2026-22:14:37] [I] Average on 1 runs - GPU latency: 4.22168 ms - Host latency: 4.28369 ms (enqueue 2.00146 ms)
[10/04/2026-22:14:37] [I] Average on 1 runs - GPU latency: 4.22168 ms - Host latency: 4.28369 ms (enqueue 2.00781 ms)
[10/04/2026-22:14:37] [I] Average on 1 runs - GPU latency: 4.22314 ms - Host latency: 4.28711 ms (enqueue 2.05957 ms)
[10/04/2026-22:14:37] [I] Average on 1 runs - GPU latency: 4.23877 ms - Host latency: 4.30566 ms (enqueue 2.05469 ms)
[10/04/2026-22:14:37] [I] Average on 1 runs - GPU latency: 4.22314 ms - Host latency: 4.28613 ms (enqueue 2.01611 ms)
[10/04/2026-22:14:37] [I] Average on 1 runs - GPU latency: 4.22168 ms - Host latency: 4.28613 ms (enqueue 2.02393 ms)
[10/04/2026-22:14:37] [I] Average on 1 runs - GPU latency: 4.22021 ms - Host latency: 4.28223 ms (enqueue 2.06055 ms)
[10/04/2026-22:14:37] [I] Average on 1 runs - GPU latency: 4.22119 ms - Host latency: 4.28418 ms (enqueue 2.05957 ms)
[10/04/2026-22:14:37] [I] Average on 1 runs - GPU latency: 4.22217 ms - Host latency: 4.28369 ms (enqueue 2.06299 ms)
[10/04/2026-22:14:37] [I] Average on 1 runs - GPU latency: 4.21777 ms - Host latency: 4.28467 ms (enqueue 1.99463 ms)
[10/04/2026-22:14:37] [I] Average on 1 runs - GPU latency: 4.21973 ms - Host latency: 4.28369 ms (enqueue 1.99854 ms)
[10/04/2026-22:14:37] [I] Average on 1 runs - GPU latency: 4.22314 ms - Host latency: 4.2876 ms (enqueue 2.05371 ms)
[10/04/2026-22:14:37] [I] Average on 1 runs - GPU latency: 4.20947 ms - Host latency: 4.27344 ms (enqueue 2.06641 ms)
[10/04/2026-22:14:37] [I] Average on 1 runs - GPU latency: 4.22656 ms - Host latency: 4.29199 ms (enqueue 2.06982 ms)
[10/04/2026-22:14:37] [I] Average on 1 runs - GPU latency: 4.2251 ms - Host latency: 4.28906 ms (enqueue 2.01562 ms)
[10/04/2026-22:14:37] [I] Average on 1 runs - GPU latency: 4.22754 ms - Host latency: 4.28857 ms (enqueue 2.01367 ms)
[10/04/2026-22:14:37] [I] Average on 1 runs - GPU latency: 4.22314 ms - Host latency: 4.28613 ms (enqueue 2.07373 ms)
[10/04/2026-22:14:37] [I] Average on 1 runs - GPU latency: 4.22607 ms - Host latency: 4.28711 ms (enqueue 2.06641 ms)
[10/04/2026-22:14:37] [I] Average on 1 runs - GPU latency: 4.2207 ms - Host latency: 4.28516 ms (enqueue 2.02197 ms)
[10/04/2026-22:14:37] [I] Average on 1 runs - GPU latency: 4.22949 ms - Host latency: 4.29492 ms (enqueue 2.05273 ms)
[10/04/2026-22:14:37] [I] Average on 1 runs - GPU latency: 4.21777 ms - Host latency: 4.2832 ms (enqueue 1.99756 ms)
[10/04/2026-22:14:37] [I] Average on 1 runs - GPU latency: 4.21387 ms - Host latency: 4.27832 ms (enqueue 2.04492 ms)
[10/04/2026-22:14:37] [I] Average on 1 runs - GPU latency: 4.2168 ms - Host latency: 4.29395 ms (enqueue 2.06152 ms)
[10/04/2026-22:14:37] [I] Average on 1 runs - GPU latency: 4.21973 ms - Host latency: 4.28467 ms (enqueue 2.03027 ms)
[10/04/2026-22:14:37] [I] Average on 1 runs - GPU latency: 4.22168 ms - Host latency: 4.28223 ms (enqueue 2.00244 ms)
[10/04/2026-22:14:37] [I] Average on 1 runs - GPU latency: 4.21826 ms - Host latency: 4.28516 ms (enqueue 2.00293 ms)
[10/04/2026-22:14:37] [I] Average on 1 runs - GPU latency: 4.22168 ms - Host latency: 4.28516 ms (enqueue 2.02637 ms)
[10/04/2026-22:14:37] [I] Average on 1 runs - GPU latency: 4.21826 ms - Host latency: 4.28125 ms (enqueue 2.04053 ms)
[10/04/2026-22:14:37] [I] Average on 1 runs - GPU latency: 4.22559 ms - Host latency: 4.28564 ms (enqueue 2.00049 ms)
[10/04/2026-22:14:37] [I] Average on 1 runs - GPU latency: 4.21777 ms - Host latency: 4.28223 ms (enqueue 1.99854 ms)
[10/04/2026-22:14:37] [I] Average on 1 runs - GPU latency: 4.22266 ms - Host latency: 4.28711 ms (enqueue 2.06641 ms)
[10/04/2026-22:14:37] [I] Average on 1 runs - GPU latency: 4.21289 ms - Host latency: 4.27832 ms (enqueue 2.01758 ms)
[10/04/2026-22:14:37] [I] Average on 1 runs - GPU latency: 4.22266 ms - Host latency: 4.28809 ms (enqueue 2.01855 ms)
[10/04/2026-22:14:37] [I] Average on 1 runs - GPU latency: 4.22021 ms - Host latency: 4.28662 ms (enqueue 1.98682 ms)
[10/04/2026-22:14:37] [I] Average on 1 runs - GPU latency: 4.22803 ms - Host latency: 4.29395 ms (enqueue 1.99365 ms)
[10/04/2026-22:14:37] [I] Average on 1 runs - GPU latency: 4.22021 ms - Host latency: 4.28613 ms (enqueue 2.04883 ms)
[10/04/2026-22:14:37] [I] Average on 1 runs - GPU latency: 4.22119 ms - Host latency: 4.29932 ms (enqueue 2.03467 ms)
[10/04/2026-22:14:37] [I] Average on 1 runs - GPU latency: 4.21533 ms - Host latency: 4.28174 ms (enqueue 1.98535 ms)
[10/04/2026-22:14:37] [I] Average on 1 runs - GPU latency: 4.22314 ms - Host latency: 4.28857 ms (enqueue 1.97266 ms)
[10/04/2026-22:14:37] [I] Average on 1 runs - GPU latency: 4.21826 ms - Host latency: 4.28467 ms (enqueue 2.01416 ms)
[10/04/2026-22:14:37] [I] Average on 1 runs - GPU latency: 4.21777 ms - Host latency: 4.2832 ms (enqueue 2.01953 ms)
[10/04/2026-22:14:37] [I] Average on 1 runs - GPU latency: 4.21777 ms - Host latency: 4.28418 ms (enqueue 2.07031 ms)
[10/04/2026-22:14:37] [I] Average on 1 runs - GPU latency: 4.21729 ms - Host latency: 4.28369 ms (enqueue 1.9917 ms)
[10/04/2026-22:14:37] [I] Average on 1 runs - GPU latency: 4.21924 ms - Host latency: 4.28564 ms (enqueue 1.98291 ms)
[10/04/2026-22:14:37] [I] Average on 1 runs - GPU latency: 4.22021 ms - Host latency: 4.28516 ms (enqueue 2.02881 ms)
[10/04/2026-22:14:37] [I] Average on 1 runs - GPU latency: 4.22461 ms - Host latency: 4.28662 ms (enqueue 2.04102 ms)
[10/04/2026-22:14:37] [I] Average on 1 runs - GPU latency: 4.22412 ms - Host latency: 4.28662 ms (enqueue 2.02637 ms)
[10/04/2026-22:14:37] [I] Average on 1 runs - GPU latency: 4.21924 ms - Host latency: 4.28125 ms (enqueue 2.01318 ms)
[10/04/2026-22:14:37] [I] Average on 1 runs - GPU latency: 4.21924 ms - Host latency: 4.28125 ms (enqueue 1.99951 ms)
[10/04/2026-22:14:37] [I] Average on 1 runs - GPU latency: 4.22803 ms - Host latency: 4.29297 ms (enqueue 2.0835 ms)
[10/04/2026-22:14:37] [I] Average on 1 runs - GPU latency: 4.229 ms - Host latency: 4.2959 ms (enqueue 2.05859 ms)
[10/04/2026-22:14:37] [I] Average on 1 runs - GPU latency: 4.22314 ms - Host latency: 4.28857 ms (enqueue 2.00391 ms)
[10/04/2026-22:14:37] [I] Average on 1 runs - GPU latency: 4.22266 ms - Host latency: 4.28857 ms (enqueue 2.00244 ms)
[10/04/2026-22:14:37] [I] Average on 1 runs - GPU latency: 4.20898 ms - Host latency: 4.27539 ms (enqueue 1.99805 ms)
[10/04/2026-22:14:37] [I] Average on 1 runs - GPU latency: 4.22656 ms - Host latency: 4.29248 ms (enqueue 2.04785 ms)
[10/04/2026-22:14:37] [I] Average on 1 runs - GPU latency: 4.22363 ms - Host latency: 4.28613 ms (enqueue 2.04199 ms)
[10/04/2026-22:14:37] [I] Average on 1 runs - GPU latency: 4.22168 ms - Host latency: 4.28516 ms (enqueue 2.01562 ms)
[10/04/2026-22:14:37] [I] Average on 1 runs - GPU latency: 4.22803 ms - Host latency: 4.29248 ms (enqueue 2.03809 ms)
[10/04/2026-22:14:37] [I] Average on 1 runs - GPU latency: 4.23633 ms - Host latency: 4.30029 ms (enqueue 2.0332 ms)
[10/04/2026-22:14:37] [I] Average on 1 runs - GPU latency: 4.22705 ms - Host latency: 4.28955 ms (enqueue 2.03857 ms)
[10/04/2026-22:14:37] [I] Average on 1 runs - GPU latency: 4.22363 ms - Host latency: 4.29004 ms (enqueue 2.04443 ms)
[10/04/2026-22:14:37] [I] Average on 1 runs - GPU latency: 4.22705 ms - Host latency: 4.2876 ms (enqueue 2.021 ms)
[10/04/2026-22:14:37] [I] Average on 1 runs - GPU latency: 4.22461 ms - Host latency: 4.28662 ms (enqueue 2.01611 ms)
[10/04/2026-22:14:37] [I] Average on 1 runs - GPU latency: 4.21924 ms - Host latency: 4.2959 ms (enqueue 2.06885 ms)
[10/04/2026-22:14:37] [I] Average on 1 runs - GPU latency: 4.22119 ms - Host latency: 4.28467 ms (enqueue 2.0708 ms)
[10/04/2026-22:14:37] [I] Average on 1 runs - GPU latency: 4.22314 ms - Host latency: 4.28955 ms (enqueue 2.03662 ms)
[10/04/2026-22:14:37] [I] Average on 1 runs - GPU latency: 4.2207 ms - Host latency: 4.28418 ms (enqueue 2.0127 ms)
[10/04/2026-22:14:37] [I] Average on 1 runs - GPU latency: 4.23242 ms - Host latency: 4.29541 ms (enqueue 2.0415 ms)
[10/04/2026-22:14:37] [I] Average on 1 runs - GPU latency: 4.22461 ms - Host latency: 4.28613 ms (enqueue 2.06152 ms)
[10/04/2026-22:14:37] [I] Average on 1 runs - GPU latency: 4.22168 ms - Host latency: 4.28711 ms (enqueue 2.06738 ms)
[10/04/2026-22:14:37] [I] Average on 1 runs - GPU latency: 4.22168 ms - Host latency: 4.28369 ms (enqueue 2.01416 ms)
[10/04/2026-22:14:37] [I] Average on 1 runs - GPU latency: 4.22461 ms - Host latency: 4.2876 ms (enqueue 2.02295 ms)
[10/04/2026-22:14:37] [I] Average on 1 runs - GPU latency: 4.22607 ms - Host latency: 4.29102 ms (enqueue 2.02051 ms)
[10/04/2026-22:14:37] [I] Average on 1 runs - GPU latency: 4.22217 ms - Host latency: 4.28516 ms (enqueue 2.05664 ms)
[10/04/2026-22:14:37] [I] Average on 1 runs - GPU latency: 4.22754 ms - Host latency: 4.28809 ms (enqueue 2.05029 ms)
[10/04/2026-22:14:37] [I] Average on 1 runs - GPU latency: 4.22314 ms - Host latency: 4.28516 ms (enqueue 2.0249 ms)
[10/04/2026-22:14:37] [I] Average on 1 runs - GPU latency: 4.22266 ms - Host latency: 4.2876 ms (enqueue 1.98438 ms)
[10/04/2026-22:14:37] [I] Average on 1 runs - GPU latency: 4.21924 ms - Host latency: 4.28223 ms (enqueue 2.03076 ms)
[10/04/2026-22:14:37] [I] Average on 1 runs - GPU latency: 4.2207 ms - Host latency: 4.2832 ms (enqueue 2.0376 ms)
[10/04/2026-22:14:37] [I] Average on 1 runs - GPU latency: 4.22217 ms - Host latency: 4.28369 ms (enqueue 2.03369 ms)
[10/04/2026-22:14:37] [I] Average on 1 runs - GPU latency: 4.22021 ms - Host latency: 4.28613 ms (enqueue 1.99561 ms)
[10/04/2026-22:14:37] [I] Average on 1 runs - GPU latency: 4.22998 ms - Host latency: 4.29248 ms (enqueue 2.01318 ms)
[10/04/2026-22:14:37] [I] Average on 1 runs - GPU latency: 4.22314 ms - Host latency: 4.2876 ms (enqueue 2.04199 ms)
[10/04/2026-22:14:37] [I] Average on 1 runs - GPU latency: 4.22217 ms - Host latency: 4.28516 ms (enqueue 2.03857 ms)
[10/04/2026-22:14:37] [I] Average on 1 runs - GPU latency: 4.22607 ms - Host latency: 4.28662 ms (enqueue 1.99756 ms)
[10/04/2026-22:14:37] [I] Average on 1 runs - GPU latency: 4.21973 ms - Host latency: 4.2832 ms (enqueue 2.0332 ms)
[10/04/2026-22:14:37] [I] Average on 1 runs - GPU latency: 4.22168 ms - Host latency: 4.28418 ms (enqueue 2.02832 ms)
[10/04/2026-22:14:37] [I] Average on 1 runs - GPU latency: 4.21094 ms - Host latency: 4.27734 ms (enqueue 2.0332 ms)
[10/04/2026-22:14:37] [I] Average on 1 runs - GPU latency: 4.21289 ms - Host latency: 4.27539 ms (enqueue 2.04004 ms)
[10/04/2026-22:14:37] [I] Average on 1 runs - GPU latency: 4.22852 ms - Host latency: 4.29102 ms (enqueue 2.01172 ms)
[10/04/2026-22:14:37] [I] Average on 1 runs - GPU latency: 4.22168 ms - Host latency: 4.28223 ms (enqueue 2.00488 ms)
[10/04/2026-22:14:37] [I] Average on 1 runs - GPU latency: 4.22168 ms - Host latency: 4.28418 ms (enqueue 2.03613 ms)
[10/04/2026-22:14:37] [I] Average on 1 runs - GPU latency: 4.21191 ms - Host latency: 4.27344 ms (enqueue 2.09082 ms)
[10/04/2026-22:14:37] [I] Average on 1 runs - GPU latency: 4.21875 ms - Host latency: 4.2832 ms (enqueue 2.07324 ms)
[10/04/2026-22:14:37] [I] Average on 1 runs - GPU latency: 4.22168 ms - Host latency: 4.2832 ms (enqueue 2.04785 ms)
[10/04/2026-22:14:37] [I] Average on 1 runs - GPU latency: 4.2168 ms - Host latency: 4.2793 ms (enqueue 2.01953 ms)
[10/04/2026-22:14:37] [I] Average on 1 runs - GPU latency: 4.22559 ms - Host latency: 4.29004 ms (enqueue 2.08301 ms)
[10/04/2026-22:14:37] [I] Average on 1 runs - GPU latency: 4.22461 ms - Host latency: 4.28711 ms (enqueue 2.0752 ms)
[10/04/2026-22:14:37] [I] Average on 1 runs - GPU latency: 4.22949 ms - Host latency: 4.29102 ms (enqueue 2.0498 ms)
[10/04/2026-22:14:37] [I] Average on 1 runs - GPU latency: 4.22754 ms - Host latency: 4.29297 ms (enqueue 1.99609 ms)
[10/04/2026-22:14:37] [I] Average on 1 runs - GPU latency: 4.22754 ms - Host latency: 4.29102 ms (enqueue 1.99902 ms)
[10/04/2026-22:14:37] [I] Average on 1 runs - GPU latency: 4.21289 ms - Host latency: 4.27832 ms (enqueue 2.05078 ms)
[10/04/2026-22:14:37] [I] Average on 1 runs - GPU latency: 4.22168 ms - Host latency: 4.28711 ms (enqueue 2.05371 ms)
[10/04/2026-22:14:37] [I] Average on 1 runs - GPU latency: 4.22363 ms - Host latency: 4.28516 ms (enqueue 2.03906 ms)
[10/04/2026-22:14:37] [I] Average on 1 runs - GPU latency: 4.22949 ms - Host latency: 4.29785 ms (enqueue 2.02637 ms)
[10/04/2026-22:14:37] [I] Average on 1 runs - GPU latency: 4.22168 ms - Host latency: 4.28418 ms (enqueue 2.03516 ms)
[10/04/2026-22:14:37] [I] Average on 1 runs - GPU latency: 4.23047 ms - Host latency: 4.29492 ms (enqueue 2.06543 ms)
[10/04/2026-22:14:37] [I] Average on 1 runs - GPU latency: 4.2207 ms - Host latency: 4.2832 ms (enqueue 2.07031 ms)
[10/04/2026-22:14:37] [I] Average on 1 runs - GPU latency: 4.22461 ms - Host latency: 4.28711 ms (enqueue 2.02148 ms)
[10/04/2026-22:14:37] [I] Average on 1 runs - GPU latency: 4.2207 ms - Host latency: 4.2832 ms (enqueue 2.03418 ms)
[10/04/2026-22:14:37] [I] Average on 1 runs - GPU latency: 4.22266 ms - Host latency: 4.28809 ms (enqueue 1.99316 ms)
[10/04/2026-22:14:37] [I] Average on 1 runs - GPU latency: 4.23242 ms - Host latency: 4.29297 ms (enqueue 2.06055 ms)
[10/04/2026-22:14:37] [I] Average on 1 runs - GPU latency: 4.23633 ms - Host latency: 4.30078 ms (enqueue 2.06445 ms)
[10/04/2026-22:14:37] [I] Average on 1 runs - GPU latency: 4.21973 ms - Host latency: 4.28418 ms (enqueue 2.03418 ms)
[10/04/2026-22:14:37] [I] Average on 1 runs - GPU latency: 4.23145 ms - Host latency: 4.29395 ms (enqueue 2.01758 ms)
[10/04/2026-22:14:37] [I] Average on 1 runs - GPU latency: 4.22363 ms - Host latency: 4.28711 ms (enqueue 2.04785 ms)
[10/04/2026-22:14:37] [I] Average on 1 runs - GPU latency: 4.22266 ms - Host latency: 4.28418 ms (enqueue 2.06152 ms)
[10/04/2026-22:14:37] [I] Average on 1 runs - GPU latency: 4.2207 ms - Host latency: 4.28711 ms (enqueue 2.06836 ms)
[10/04/2026-22:14:37] [I] Average on 1 runs - GPU latency: 4.22266 ms - Host latency: 4.28711 ms (enqueue 2.01758 ms)
[10/04/2026-22:14:37] [I] Average on 1 runs - GPU latency: 4.21875 ms - Host latency: 4.28027 ms (enqueue 2.00781 ms)
[10/04/2026-22:14:37] [I] Average on 1 runs - GPU latency: 4.21973 ms - Host latency: 4.28418 ms (enqueue 2.03906 ms)
[10/04/2026-22:14:37] [I] Average on 1 runs - GPU latency: 4.22266 ms - Host latency: 4.29004 ms (enqueue 2.0332 ms)
[10/04/2026-22:14:37] [I] Average on 1 runs - GPU latency: 4.22168 ms - Host latency: 4.2832 ms (enqueue 2.01855 ms)
[10/04/2026-22:14:37] [I] Average on 1 runs - GPU latency: 4.21875 ms - Host latency: 4.2793 ms (enqueue 1.99805 ms)
[10/04/2026-22:14:37] [I] Average on 1 runs - GPU latency: 4.22754 ms - Host latency: 4.29102 ms (enqueue 2.00879 ms)
[10/04/2026-22:14:37] [I] Average on 1 runs - GPU latency: 4.2207 ms - Host latency: 4.28711 ms (enqueue 2.02832 ms)
[10/04/2026-22:14:37] [I] Average on 1 runs - GPU latency: 4.22559 ms - Host latency: 4.28906 ms (enqueue 2.03027 ms)
[10/04/2026-22:14:37] [I] Average on 1 runs - GPU latency: 4.22852 ms - Host latency: 4.29492 ms (enqueue 2.00684 ms)
[10/04/2026-22:14:37] [I] Average on 1 runs - GPU latency: 4.22559 ms - Host latency: 4.29102 ms (enqueue 1.99609 ms)
[10/04/2026-22:14:37] [I] Average on 1 runs - GPU latency: 4.21582 ms - Host latency: 4.28125 ms (enqueue 2.0166 ms)
[10/04/2026-22:14:37] [I] Average on 1 runs - GPU latency: 4.2168 ms - Host latency: 4.28125 ms (enqueue 2.0293 ms)
[10/04/2026-22:14:37] [I] Average on 1 runs - GPU latency: 4.21582 ms - Host latency: 4.2793 ms (enqueue 2.03906 ms)
[10/04/2026-22:14:37] [I] Average on 1 runs - GPU latency: 4.23047 ms - Host latency: 4.29688 ms (enqueue 1.99902 ms)
[10/04/2026-22:14:37] [I] Average on 1 runs - GPU latency: 4.22266 ms - Host latency: 4.28809 ms (enqueue 1.99316 ms)
[10/04/2026-22:14:37] [I] Average on 1 runs - GPU latency: 4.22168 ms - Host latency: 4.28809 ms (enqueue 2.0166 ms)
[10/04/2026-22:14:37] [I] Average on 1 runs - GPU latency: 4.21191 ms - Host latency: 4.27832 ms (enqueue 2.07617 ms)
[10/04/2026-22:14:37] [I] Average on 1 runs - GPU latency: 4.21582 ms - Host latency: 4.28125 ms (enqueue 2.04297 ms)
[10/04/2026-22:14:37] [I] ... Omitting 30 lines
[10/04/2026-22:14:37] [I] Average on 1 runs - GPU latency: 4.21484 ms - Host latency: 4.28027 ms (enqueue 1.98633 ms)
[10/04/2026-22:14:37] [I] Average on 1 runs - GPU latency: 4.21777 ms - Host latency: 4.28516 ms (enqueue 1.99902 ms)
[10/04/2026-22:14:37] [I] Average on 1 runs - GPU latency: 4.23047 ms - Host latency: 4.29199 ms (enqueue 2.0332 ms)
[10/04/2026-22:14:37] [I] Average on 1 runs - GPU latency: 4.22754 ms - Host latency: 4.29395 ms (enqueue 2.05762 ms)
[10/04/2026-22:14:37] [I] Average on 1 runs - GPU latency: 4.22363 ms - Host latency: 4.28418 ms (enqueue 2.02344 ms)
[10/04/2026-22:14:37] [I] Average on 1 runs - GPU latency: 4.22168 ms - Host latency: 4.28516 ms (enqueue 2.0293 ms)
[10/04/2026-22:14:37] [I] Average on 1 runs - GPU latency: 4.2207 ms - Host latency: 4.2832 ms (enqueue 2.05957 ms)
[10/04/2026-22:14:37] [I] Average on 1 runs - GPU latency: 4.22559 ms - Host latency: 4.29102 ms (enqueue 2.04199 ms)
[10/04/2026-22:14:37] [I] Average on 1 runs - GPU latency: 4.21777 ms - Host latency: 4.28418 ms (enqueue 2.0459 ms)
[10/04/2026-22:14:37] [I] Average on 1 runs - GPU latency: 4.22363 ms - Host latency: 4.28809 ms (enqueue 1.99023 ms)
[10/04/2026-22:14:37] [I] Average on 1 runs - GPU latency: 4.21582 ms - Host latency: 4.28125 ms (enqueue 1.97559 ms)
[10/04/2026-22:14:37] [I] Average on 1 runs - GPU latency: 4.22852 ms - Host latency: 4.29395 ms (enqueue 2.05273 ms)
[10/04/2026-22:14:37] [I] Average on 1 runs - GPU latency: 4.22266 ms - Host latency: 4.28613 ms (enqueue 2.02734 ms)
[10/04/2026-22:14:37] [I] Average on 1 runs - GPU latency: 4.22168 ms - Host latency: 4.28809 ms (enqueue 1.97852 ms)
[10/04/2026-22:14:37] [I] Average on 1 runs - GPU latency: 4.21973 ms - Host latency: 4.28516 ms (enqueue 1.99805 ms)
[10/04/2026-22:14:37] [I] Average on 1 runs - GPU latency: 4.2168 ms - Host latency: 4.2832 ms (enqueue 1.97168 ms)
[10/04/2026-22:14:37] [I] Average on 1 runs - GPU latency: 4.22266 ms - Host latency: 4.28809 ms (enqueue 2.03418 ms)
[10/04/2026-22:14:37] [I] Average on 1 runs - GPU latency: 4.21289 ms - Host latency: 4.2793 ms (enqueue 2.06055 ms)
[10/04/2026-22:14:37] [I] Average on 1 runs - GPU latency: 4.21777 ms - Host latency: 4.2793 ms (enqueue 1.99512 ms)
[10/04/2026-22:14:37] [I] Average on 1 runs - GPU latency: 4.21875 ms - Host latency: 4.28125 ms (enqueue 2.01172 ms)
[10/04/2026-22:14:37] [I] Average on 1 runs - GPU latency: 4.22266 ms - Host latency: 4.29688 ms (enqueue 2.04199 ms)
[10/04/2026-22:14:37] [I] Average on 1 runs - GPU latency: 4.22168 ms - Host latency: 4.2832 ms (enqueue 2.04004 ms)
[10/04/2026-22:14:37] [I] Average on 1 runs - GPU latency: 4.23145 ms - Host latency: 4.29688 ms (enqueue 2.0498 ms)
[10/04/2026-22:14:37] [I] Average on 1 runs - GPU latency: 4.23438 ms - Host latency: 4.2998 ms (enqueue 2.02246 ms)
[10/04/2026-22:14:37] [I] Average on 1 runs - GPU latency: 4.22266 ms - Host latency: 4.28418 ms (enqueue 2.00977 ms)
[10/04/2026-22:14:37] [I] Average on 1 runs - GPU latency: 4.2207 ms - Host latency: 4.28418 ms (enqueue 2.05762 ms)
[10/04/2026-22:14:37] [I] Average on 1 runs - GPU latency: 4.22168 ms - Host latency: 4.28906 ms (enqueue 2.0166 ms)
[10/04/2026-22:14:37] [I] Average on 1 runs - GPU latency: 4.21777 ms - Host latency: 4.28027 ms (enqueue 2.04102 ms)
[10/04/2026-22:14:37] [I] Average on 1 runs - GPU latency: 4.22266 ms - Host latency: 4.28516 ms (enqueue 1.99609 ms)
[10/04/2026-22:14:37] [I] Average on 1 runs - GPU latency: 4.22559 ms - Host latency: 4.29199 ms (enqueue 1.99512 ms)
[10/04/2026-22:14:37] [I] Average on 1 runs - GPU latency: 4.2168 ms - Host latency: 4.28027 ms (enqueue 2.0332 ms)
[10/04/2026-22:14:37] [I] Average on 1 runs - GPU latency: 4.22559 ms - Host latency: 4.28711 ms (enqueue 2.05176 ms)
[10/04/2026-22:14:37] [I] Average on 1 runs - GPU latency: 4.21973 ms - Host latency: 4.28516 ms (enqueue 1.98633 ms)
[10/04/2026-22:14:37] [I] Average on 1 runs - GPU latency: 4.22754 ms - Host latency: 4.29492 ms (enqueue 1.9834 ms)
[10/04/2026-22:14:37] [I] Average on 1 runs - GPU latency: 4.22363 ms - Host latency: 4.28516 ms (enqueue 1.99512 ms)
[10/04/2026-22:14:37] [I] Average on 1 runs - GPU latency: 4.2168 ms - Host latency: 4.2832 ms (enqueue 2.01758 ms)
[10/04/2026-22:14:37] [I] Average on 1 runs - GPU latency: 4.22266 ms - Host latency: 4.28418 ms (enqueue 2.06543 ms)
[10/04/2026-22:14:37] [I] Average on 1 runs - GPU latency: 4.22852 ms - Host latency: 4.29297 ms (enqueue 2.01465 ms)
[10/04/2026-22:14:37] [I] Average on 1 runs - GPU latency: 4.21973 ms - Host latency: 4.28516 ms (enqueue 2.00977 ms)
[10/04/2026-22:14:37] [I] Average on 1 runs - GPU latency: 4.21191 ms - Host latency: 4.27441 ms (enqueue 2.04883 ms)
[10/04/2026-22:14:37] [I] Average on 1 runs - GPU latency: 4.2168 ms - Host latency: 4.28418 ms (enqueue 2.05176 ms)
[10/04/2026-22:14:37] [I] Average on 1 runs - GPU latency: 4.21973 ms - Host latency: 4.28223 ms (enqueue 2.03711 ms)
[10/04/2026-22:14:37] [I] Average on 1 runs - GPU latency: 4.21973 ms - Host latency: 4.2793 ms (enqueue 1.99512 ms)
[10/04/2026-22:14:37] [I] Average on 1 runs - GPU latency: 4.22559 ms - Host latency: 4.29102 ms (enqueue 1.97949 ms)
[10/04/2026-22:14:37] [I] Average on 1 runs - GPU latency: 4.2207 ms - Host latency: 4.28613 ms (enqueue 2.04004 ms)
[10/04/2026-22:14:37] [I] Average on 1 runs - GPU latency: 4.22168 ms - Host latency: 4.28418 ms (enqueue 2.04297 ms)
[10/04/2026-22:14:37] [I] Average on 1 runs - GPU latency: 4.22559 ms - Host latency: 4.29102 ms (enqueue 1.98633 ms)
[10/04/2026-22:14:37] [I] Average on 1 runs - GPU latency: 4.21484 ms - Host latency: 4.27832 ms (enqueue 2.00391 ms)
[10/04/2026-22:14:37] [I] Average on 1 runs - GPU latency: 4.22168 ms - Host latency: 4.2832 ms (enqueue 2.00488 ms)
[10/04/2026-22:14:37] [I] Average on 1 runs - GPU latency: 4.22363 ms - Host latency: 4.29004 ms (enqueue 2.00977 ms)
[10/04/2026-22:14:37] [I] Average on 1 runs - GPU latency: 4.22363 ms - Host latency: 4.28418 ms (enqueue 2.02832 ms)
[10/04/2026-22:14:37] [I] Average on 1 runs - GPU latency: 4.22363 ms - Host latency: 4.28613 ms (enqueue 2.01758 ms)
[10/04/2026-22:14:37] [I] Average on 1 runs - GPU latency: 4.22461 ms - Host latency: 4.29004 ms (enqueue 1.97168 ms)
[10/04/2026-22:14:37] [I] Average on 1 runs - GPU latency: 4.23242 ms - Host latency: 4.29297 ms (enqueue 2.02539 ms)
[10/04/2026-22:14:37] [I] Average on 1 runs - GPU latency: 4.22754 ms - Host latency: 4.29004 ms (enqueue 2.03711 ms)
[10/04/2026-22:14:37] [I] Average on 1 runs - GPU latency: 4.21387 ms - Host latency: 4.2793 ms (enqueue 2 ms)
[10/04/2026-22:14:37] [I] Average on 1 runs - GPU latency: 4.21875 ms - Host latency: 4.28418 ms (enqueue 1.99121 ms)
[10/04/2026-22:14:37] [I] Average on 1 runs - GPU latency: 4.23047 ms - Host latency: 4.29102 ms (enqueue 2.01758 ms)
[10/04/2026-22:14:37] [I] Average on 1 runs - GPU latency: 4.22266 ms - Host latency: 4.29004 ms (enqueue 2.03418 ms)
[10/04/2026-22:14:37] [I] Average on 1 runs - GPU latency: 4.2168 ms - Host latency: 4.27832 ms (enqueue 2.05273 ms)
[10/04/2026-22:14:37] [I] Average on 1 runs - GPU latency: 4.22461 ms - Host latency: 4.28613 ms (enqueue 2.00586 ms)
[10/04/2026-22:14:37] [I] Average on 1 runs - GPU latency: 4.22559 ms - Host latency: 4.30176 ms (enqueue 2.02246 ms)
[10/04/2026-22:14:37] [I] Average on 1 runs - GPU latency: 4.21875 ms - Host latency: 4.29297 ms (enqueue 2.02344 ms)
[10/04/2026-22:14:37] [I] Average on 1 runs - GPU latency: 4.21875 ms - Host latency: 4.28027 ms (enqueue 2.04492 ms)
[10/04/2026-22:14:37] [I] Average on 1 runs - GPU latency: 4.21484 ms - Host latency: 4.27637 ms (enqueue 2.06543 ms)
[10/04/2026-22:14:37] [I] Average on 1 runs - GPU latency: 4.21777 ms - Host latency: 4.28027 ms (enqueue 2.03223 ms)
[10/04/2026-22:14:37] [I] Average on 1 runs - GPU latency: 4.22754 ms - Host latency: 4.29004 ms (enqueue 2.02344 ms)
[10/04/2026-22:14:37] [I] Average on 1 runs - GPU latency: 4.21973 ms - Host latency: 4.28613 ms (enqueue 2.03418 ms)
[10/04/2026-22:14:37] [I] Average on 1 runs - GPU latency: 4.22754 ms - Host latency: 4.28906 ms (enqueue 2.05371 ms)
[10/04/2026-22:14:37] [I] Average on 1 runs - GPU latency: 4.2207 ms - Host latency: 4.28223 ms (enqueue 2.07324 ms)
[10/04/2026-22:14:37] [I] Average on 1 runs - GPU latency: 4.21973 ms - Host latency: 4.28125 ms (enqueue 2.02637 ms)
[10/04/2026-22:14:37] [I] Average on 1 runs - GPU latency: 4.21875 ms - Host latency: 4.28418 ms (enqueue 2.02539 ms)
[10/04/2026-22:14:37] [I] Average on 1 runs - GPU latency: 4.21973 ms - Host latency: 4.2832 ms (enqueue 2.05078 ms)
[10/04/2026-22:14:37] [I] Average on 1 runs - GPU latency: 4.22559 ms - Host latency: 4.28809 ms (enqueue 2.05078 ms)
[10/04/2026-22:14:37] [I] Average on 1 runs - GPU latency: 4.21875 ms - Host latency: 4.2793 ms (enqueue 2.04199 ms)
[10/04/2026-22:14:37] [I] Average on 1 runs - GPU latency: 4.2207 ms - Host latency: 4.28223 ms (enqueue 2.0332 ms)
[10/04/2026-22:14:37] [I] Average on 1 runs - GPU latency: 4.21973 ms - Host latency: 4.28418 ms (enqueue 2.03906 ms)
[10/04/2026-22:14:37] [I] Average on 1 runs - GPU latency: 4.21387 ms - Host latency: 4.27539 ms (enqueue 2.07422 ms)
[10/04/2026-22:14:37] [I] Average on 1 runs - GPU latency: 4.22266 ms - Host latency: 4.28809 ms (enqueue 2.04395 ms)
[10/04/2026-22:14:37] [I] Average on 1 runs - GPU latency: 4.22168 ms - Host latency: 4.2832 ms (enqueue 1.98926 ms)
[10/04/2026-22:14:37] [I] Average on 1 runs - GPU latency: 4.22168 ms - Host latency: 4.28711 ms (enqueue 2.0166 ms)
[10/04/2026-22:14:37] [I] Average on 1 runs - GPU latency: 4.22559 ms - Host latency: 4.28809 ms (enqueue 2.01855 ms)
[10/04/2026-22:14:37] [I] Average on 1 runs - GPU latency: 4.22168 ms - Host latency: 4.28613 ms (enqueue 2.05371 ms)
[10/04/2026-22:14:37] [I] Average on 1 runs - GPU latency: 4.22168 ms - Host latency: 4.28711 ms (enqueue 2.06934 ms)
[10/04/2026-22:14:37] [I] Average on 1 runs - GPU latency: 4.22852 ms - Host latency: 4.29102 ms (enqueue 2.01855 ms)
[10/04/2026-22:14:37] [I] Average on 1 runs - GPU latency: 4.22656 ms - Host latency: 4.28809 ms (enqueue 2.02246 ms)
[10/04/2026-22:14:37] [I] Average on 1 runs - GPU latency: 4.22656 ms - Host latency: 4.29199 ms (enqueue 2.0332 ms)
[10/04/2026-22:14:37] [I] Average on 1 runs - GPU latency: 4.22852 ms - Host latency: 4.29004 ms (enqueue 2.07227 ms)
[10/04/2026-22:14:37] [I] Average on 1 runs - GPU latency: 4.22852 ms - Host latency: 4.28809 ms (enqueue 2.05664 ms)
[10/04/2026-22:14:37] [I] Average on 1 runs - GPU latency: 4.2207 ms - Host latency: 4.28711 ms (enqueue 2 ms)
[10/04/2026-22:14:37] [I] Average on 1 runs - GPU latency: 4.22754 ms - Host latency: 4.28809 ms (enqueue 1.99609 ms)
[10/04/2026-22:14:37] [I] Average on 1 runs - GPU latency: 4.21973 ms - Host latency: 4.2832 ms (enqueue 2.07129 ms)
[10/04/2026-22:14:37] [I] Average on 1 runs - GPU latency: 4.22949 ms - Host latency: 4.29102 ms (enqueue 2.08301 ms)
[10/04/2026-22:14:37] [I] Average on 1 runs - GPU latency: 4.21777 ms - Host latency: 4.27832 ms (enqueue 2.06055 ms)
[10/04/2026-22:14:37] [I] Average on 1 runs - GPU latency: 4.22461 ms - Host latency: 4.28613 ms (enqueue 2.03223 ms)
[10/04/2026-22:14:37] [I] Average on 1 runs - GPU latency: 4.22461 ms - Host latency: 4.28613 ms (enqueue 2.04199 ms)
[10/04/2026-22:14:37] [I] Average on 1 runs - GPU latency: 4.21875 ms - Host latency: 4.2793 ms (enqueue 2.05957 ms)
[10/04/2026-22:14:37] [I] Average on 1 runs - GPU latency: 4.22656 ms - Host latency: 4.28809 ms (enqueue 2.05859 ms)
[10/04/2026-22:14:37] [I] Average on 1 runs - GPU latency: 4.22559 ms - Host latency: 4.29199 ms (enqueue 2.04102 ms)
[10/04/2026-22:14:37] [I] Average on 1 runs - GPU latency: 4.22266 ms - Host latency: 4.28516 ms (enqueue 2.0332 ms)
[10/04/2026-22:14:37] [I] Average on 1 runs - GPU latency: 4.22266 ms - Host latency: 4.28809 ms (enqueue 2.0127 ms)
[10/04/2026-22:14:37] [I] Average on 1 runs - GPU latency: 4.2207 ms - Host latency: 4.28125 ms (enqueue 2.05273 ms)
[10/04/2026-22:14:37] [I] Average on 1 runs - GPU latency: 4.22656 ms - Host latency: 4.30273 ms (enqueue 2.03809 ms)
[10/04/2026-22:14:37] [I] Average on 1 runs - GPU latency: 4.2207 ms - Host latency: 4.28418 ms (enqueue 2.01758 ms)
[10/04/2026-22:14:37] [I] Average on 1 runs - GPU latency: 4.21973 ms - Host latency: 4.28027 ms (enqueue 2.03516 ms)
[10/04/2026-22:14:37] [I] Average on 1 runs - GPU latency: 4.22656 ms - Host latency: 4.28906 ms (enqueue 2.03516 ms)
[10/04/2026-22:14:37] [I] Average on 1 runs - GPU latency: 4.2168 ms - Host latency: 4.28223 ms (enqueue 2.02832 ms)
[10/04/2026-22:14:37] [I] Average on 1 runs - GPU latency: 4.21973 ms - Host latency: 4.28418 ms (enqueue 2.04395 ms)
[10/04/2026-22:14:37] [I] Average on 1 runs - GPU latency: 4.21484 ms - Host latency: 4.27832 ms (enqueue 2.01855 ms)
[10/04/2026-22:14:37] [I] Average on 1 runs - GPU latency: 4.21973 ms - Host latency: 4.28418 ms (enqueue 2.02441 ms)
[10/04/2026-22:14:37] [I] Average on 1 runs - GPU latency: 4.22168 ms - Host latency: 4.28613 ms (enqueue 2.06934 ms)
[10/04/2026-22:14:37] [I] Average on 1 runs - GPU latency: 4.22266 ms - Host latency: 4.28613 ms (enqueue 2.06348 ms)
[10/04/2026-22:14:37] [I] Average on 1 runs - GPU latency: 4.21973 ms - Host latency: 4.2793 ms (enqueue 2.06152 ms)
[10/04/2026-22:14:37] [I] Average on 1 runs - GPU latency: 4.2207 ms - Host latency: 4.28906 ms (enqueue 1.98242 ms)
[10/04/2026-22:14:37] [I] Average on 1 runs - GPU latency: 4.22363 ms - Host latency: 4.28418 ms (enqueue 1.99414 ms)
[10/04/2026-22:14:37] [I] Average on 1 runs - GPU latency: 4.22949 ms - Host latency: 4.29492 ms (enqueue 2.05469 ms)
[10/04/2026-22:14:37] [I] Average on 1 runs - GPU latency: 4.21973 ms - Host latency: 4.28516 ms (enqueue 2.08105 ms)
[10/04/2026-22:14:37] [I] Average on 1 runs - GPU latency: 4.21777 ms - Host latency: 4.28418 ms (enqueue 2.03418 ms)
[10/04/2026-22:14:37] [I] Average on 1 runs - GPU latency: 4.22461 ms - Host latency: 4.28906 ms (enqueue 2.01367 ms)
[10/04/2026-22:14:37] [I] Average on 1 runs - GPU latency: 4.22949 ms - Host latency: 4.29297 ms (enqueue 2.01367 ms)
[10/04/2026-22:14:37] [I] Average on 1 runs - GPU latency: 4.22461 ms - Host latency: 4.28613 ms (enqueue 2.04883 ms)
[10/04/2026-22:14:37] [I] Average on 1 runs - GPU latency: 4.2207 ms - Host latency: 4.28418 ms (enqueue 2.07422 ms)
[10/04/2026-22:14:37] [I] Average on 1 runs - GPU latency: 4.22656 ms - Host latency: 4.28906 ms (enqueue 2.01465 ms)
[10/04/2026-22:14:37] [I] Average on 1 runs - GPU latency: 4.22559 ms - Host latency: 4.29297 ms (enqueue 1.99121 ms)
[10/04/2026-22:14:37] [I] Average on 1 runs - GPU latency: 4.21387 ms - Host latency: 4.27637 ms (enqueue 2.00977 ms)
[10/04/2026-22:14:37] [I] Average on 1 runs - GPU latency: 4.22168 ms - Host latency: 4.28809 ms (enqueue 2.03223 ms)
[10/04/2026-22:14:37] [I] Average on 1 runs - GPU latency: 4.22656 ms - Host latency: 4.29199 ms (enqueue 2.0791 ms)
[10/04/2026-22:14:37] [I] Average on 1 runs - GPU latency: 4.22656 ms - Host latency: 4.29199 ms (enqueue 2.02441 ms)
[10/04/2026-22:14:37] [I] Average on 1 runs - GPU latency: 4.22852 ms - Host latency: 4.29004 ms (enqueue 2.01758 ms)
[10/04/2026-22:14:37] [I] Average on 1 runs - GPU latency: 4.22168 ms - Host latency: 4.2832 ms (enqueue 2.0498 ms)
[10/04/2026-22:14:37] [I] Average on 1 runs - GPU latency: 4.24902 ms - Host latency: 4.31055 ms (enqueue 2.04883 ms)
[10/04/2026-22:14:37] [I] Average on 1 runs - GPU latency: 4.22363 ms - Host latency: 4.28516 ms (enqueue 2.08691 ms)
[10/04/2026-22:14:37] [I] Average on 1 runs - GPU latency: 4.21484 ms - Host latency: 4.2793 ms (enqueue 2.04395 ms)
[10/04/2026-22:14:37] [I] Average on 1 runs - GPU latency: 4.22461 ms - Host latency: 4.28711 ms (enqueue 2.02734 ms)
[10/04/2026-22:14:37] [I] Average on 1 runs - GPU latency: 4.22852 ms - Host latency: 4.29492 ms (enqueue 2.03125 ms)
[10/04/2026-22:14:37] [I] Average on 1 runs - GPU latency: 4.22168 ms - Host latency: 4.28418 ms (enqueue 2.05469 ms)
[10/04/2026-22:14:37] [I] Average on 1 runs - GPU latency: 4.22656 ms - Host latency: 4.28809 ms (enqueue 2.03516 ms)
[10/04/2026-22:14:37] [I] Average on 1 runs - GPU latency: 4.21777 ms - Host latency: 4.28027 ms (enqueue 2.01367 ms)
[10/04/2026-22:14:37] [I] Average on 1 runs - GPU latency: 4.22656 ms - Host latency: 4.28906 ms (enqueue 2.01367 ms)
[10/04/2026-22:14:37] [I] Average on 1 runs - GPU latency: 4.2207 ms - Host latency: 4.28223 ms (enqueue 2.04688 ms)
[10/04/2026-22:14:37] [I] Average on 1 runs - GPU latency: 4.22656 ms - Host latency: 4.29004 ms (enqueue 2.07812 ms)
[10/04/2026-22:14:37] [I] Average on 1 runs - GPU latency: 4.22656 ms - Host latency: 4.28809 ms (enqueue 2.02441 ms)
[10/04/2026-22:14:37] [I] Average on 1 runs - GPU latency: 4.22266 ms - Host latency: 4.28418 ms (enqueue 2.02148 ms)
[10/04/2026-22:14:37] [I] Average on 1 runs - GPU latency: 4.21484 ms - Host latency: 4.29102 ms (enqueue 1.99512 ms)
[10/04/2026-22:14:37] [I] Average on 1 runs - GPU latency: 4.22754 ms - Host latency: 4.28906 ms (enqueue 2.05273 ms)
[10/04/2026-22:14:37] [I] Average on 1 runs - GPU latency: 4.22168 ms - Host latency: 4.28809 ms (enqueue 2.0293 ms)
[10/04/2026-22:14:37] [I] Average on 1 runs - GPU latency: 4.2373 ms - Host latency: 4.30273 ms (enqueue 2.01953 ms)
[10/04/2026-22:14:37] [I] Average on 1 runs - GPU latency: 4.22559 ms - Host latency: 4.28906 ms (enqueue 2.03613 ms)
[10/04/2026-22:14:37] [I] Average on 1 runs - GPU latency: 4.22363 ms - Host latency: 4.28613 ms (enqueue 2.04199 ms)
[10/04/2026-22:14:37] [I] Average on 1 runs - GPU latency: 4.22266 ms - Host latency: 4.28516 ms (enqueue 2.05176 ms)
[10/04/2026-22:14:37] [I] Average on 1 runs - GPU latency: 4.22266 ms - Host latency: 4.28613 ms (enqueue 2.0332 ms)
[10/04/2026-22:14:37] [I] Average on 1 runs - GPU latency: 4.23047 ms - Host latency: 4.29199 ms (enqueue 2.02344 ms)
[10/04/2026-22:14:37] [I] Average on 1 runs - GPU latency: 4.2207 ms - Host latency: 4.28125 ms (enqueue 2.03223 ms)
[10/04/2026-22:14:37] [I] Average on 1 runs - GPU latency: 4.22266 ms - Host latency: 4.28516 ms (enqueue 2.07031 ms)
[10/04/2026-22:14:37] [I] Average on 1 runs - GPU latency: 4.21875 ms - Host latency: 4.28516 ms (enqueue 2.05078 ms)
[10/04/2026-22:14:37] [I] Average on 1 runs - GPU latency: 4.2207 ms - Host latency: 4.28125 ms (enqueue 2.03711 ms)
[10/04/2026-22:14:37] [I] Average on 1 runs - GPU latency: 4.2168 ms - Host latency: 4.2832 ms (enqueue 2 ms)
[10/04/2026-22:14:37] [I] Average on 1 runs - GPU latency: 4.22461 ms - Host latency: 4.28711 ms (enqueue 2.01367 ms)
[10/04/2026-22:14:37] [I] Average on 1 runs - GPU latency: 4.21484 ms - Host latency: 4.27734 ms (enqueue 2.05078 ms)
[10/04/2026-22:14:37] [I] Average on 1 runs - GPU latency: 4.21875 ms - Host latency: 4.2793 ms (enqueue 2.08594 ms)
[10/04/2026-22:14:37] [I] Average on 1 runs - GPU latency: 4.22656 ms - Host latency: 4.28711 ms (enqueue 2.0293 ms)
[10/04/2026-22:14:37] [I] Average on 1 runs - GPU latency: 4.23828 ms - Host latency: 4.30273 ms (enqueue 2.02734 ms)
[10/04/2026-22:14:37] [I] Average on 1 runs - GPU latency: 4.2168 ms - Host latency: 4.27734 ms (enqueue 2.0332 ms)
[10/04/2026-22:14:37] [I] Average on 1 runs - GPU latency: 4.23242 ms - Host latency: 4.29492 ms (enqueue 2.06055 ms)
[10/04/2026-22:14:37] [I] Average on 1 runs - GPU latency: 4.22461 ms - Host latency: 4.28711 ms (enqueue 2.08398 ms)
[10/04/2026-22:14:37] [I] Average on 1 runs - GPU latency: 4.2207 ms - Host latency: 4.28125 ms (enqueue 2.0293 ms)
[10/04/2026-22:14:37] [I] Average on 1 runs - GPU latency: 4.22852 ms - Host latency: 4.28906 ms (enqueue 2.0293 ms)
[10/04/2026-22:14:37] [I] Average on 1 runs - GPU latency: 4.22461 ms - Host latency: 4.29297 ms (enqueue 1.98438 ms)
[10/04/2026-22:14:37] [I] Average on 1 runs - GPU latency: 4.21875 ms - Host latency: 4.2832 ms (enqueue 2.0332 ms)
[10/04/2026-22:14:37] [I] Average on 1 runs - GPU latency: 4.22852 ms - Host latency: 4.29297 ms (enqueue 2.05859 ms)
[10/04/2026-22:14:37] [I] Average on 1 runs - GPU latency: 4.22461 ms - Host latency: 4.29883 ms (enqueue 2.01367 ms)
[10/04/2026-22:14:37] [I] Average on 1 runs - GPU latency: 4.2207 ms - Host latency: 4.2832 ms (enqueue 2.02148 ms)
[10/04/2026-22:14:37] [I] Average on 1 runs - GPU latency: 4.22266 ms - Host latency: 4.28711 ms (enqueue 2.01758 ms)
[10/04/2026-22:14:37] [I] Average on 1 runs - GPU latency: 4.22656 ms - Host latency: 4.28711 ms (enqueue 2.04297 ms)
[10/04/2026-22:14:37] [I] Average on 1 runs - GPU latency: 4.22852 ms - Host latency: 4.29492 ms (enqueue 2.01953 ms)
[10/04/2026-22:14:37] [I] Average on 1 runs - GPU latency: 4.2207 ms - Host latency: 4.28125 ms (enqueue 1.99414 ms)
[10/04/2026-22:14:37] [I] Average on 1 runs - GPU latency: 4.22266 ms - Host latency: 4.28125 ms (enqueue 2.00391 ms)
[10/04/2026-22:14:37] [I] Average on 1 runs - GPU latency: 4.22656 ms - Host latency: 4.29297 ms (enqueue 2.07227 ms)
[10/04/2026-22:14:37] [I] Average on 1 runs - GPU latency: 4.2207 ms - Host latency: 4.28516 ms (enqueue 2.07227 ms)
[10/04/2026-22:14:37] [I] Average on 1 runs - GPU latency: 4.2168 ms - Host latency: 4.2832 ms (enqueue 2.00781 ms)
[10/04/2026-22:14:37] [I] Average on 1 runs - GPU latency: 4.22656 ms - Host latency: 4.29102 ms (enqueue 1.97461 ms)
[10/04/2026-22:14:37] [I] Average on 1 runs - GPU latency: 4.21875 ms - Host latency: 4.2832 ms (enqueue 1.98438 ms)
[10/04/2026-22:14:37] [I] Average on 1 runs - GPU latency: 4.22852 ms - Host latency: 4.29688 ms (enqueue 2.03125 ms)
[10/04/2026-22:14:37] [I] Average on 1 runs - GPU latency: 4.2207 ms - Host latency: 4.28711 ms (enqueue 2.02539 ms)
[10/04/2026-22:14:37] [I] Average on 1 runs - GPU latency: 4.23047 ms - Host latency: 4.30859 ms (enqueue 1.98438 ms)
[10/04/2026-22:14:37] [I] Average on 1 runs - GPU latency: 4.22266 ms - Host latency: 4.28906 ms (enqueue 1.98438 ms)
[10/04/2026-22:14:37] [I] Average on 1 runs - GPU latency: 4.22266 ms - Host latency: 4.28711 ms (enqueue 2.00195 ms)
[10/04/2026-22:14:37] [I] Average on 1 runs - GPU latency: 4.2207 ms - Host latency: 4.28516 ms (enqueue 2.0332 ms)
[10/04/2026-22:14:37] [I] Average on 1 runs - GPU latency: 4.2168 ms - Host latency: 4.2832 ms (enqueue 2.02734 ms)
[10/04/2026-22:14:37] [I] Average on 1 runs - GPU latency: 4.21875 ms - Host latency: 4.2832 ms (enqueue 1.97461 ms)
[10/04/2026-22:14:37] [I] Average on 1 runs - GPU latency: 4.2207 ms - Host latency: 4.28906 ms (enqueue 2.00781 ms)
[10/04/2026-22:14:37] [I] Average on 1 runs - GPU latency: 4.22266 ms - Host latency: 4.28516 ms (enqueue 2.04297 ms)
[10/04/2026-22:14:37] [I] Average on 1 runs - GPU latency: 4.22656 ms - Host latency: 4.28906 ms (enqueue 2.05273 ms)
[10/04/2026-22:14:37] [I] Average on 1 runs - GPU latency: 4.2207 ms - Host latency: 4.28125 ms (enqueue 2.02734 ms)
[10/04/2026-22:14:37] [I] Average on 1 runs - GPU latency: 4.22461 ms - Host latency: 4.28711 ms (enqueue 2.01172 ms)
[10/04/2026-22:14:37] [I] Average on 1 runs - GPU latency: 4.21484 ms - Host latency: 4.28125 ms (enqueue 2.02734 ms)
[10/04/2026-22:14:37] [I] Average on 1 runs - GPU latency: 4.21484 ms - Host latency: 4.27539 ms (enqueue 2.03906 ms)
[10/04/2026-22:14:37] [I] Average on 1 runs - GPU latency: 4.2168 ms - Host latency: 4.2793 ms (enqueue 2.06641 ms)
[10/04/2026-22:14:37] [I] Average on 1 runs - GPU latency: 4.22461 ms - Host latency: 4.29102 ms (enqueue 2.03711 ms)
[10/04/2026-22:14:37] [I] Average on 1 runs - GPU latency: 4.21875 ms - Host latency: 4.2832 ms (enqueue 2.0332 ms)
[10/04/2026-22:14:37] [I] Average on 1 runs - GPU latency: 4.22266 ms - Host latency: 4.28906 ms (enqueue 2.02344 ms)
[10/04/2026-22:14:37] [I] 
[10/04/2026-22:14:37] [I] === Performance summary ===
[10/04/2026-22:14:37] [I] Throughput: 28.5577 qps
[10/04/2026-22:14:37] [I] Latency: min = 4.27344 ms, max = 4.38892 ms, mean = 4.28683 ms, median = 4.28613 ms, percentile(90%) = 4.29297 ms, percentile(95%) = 4.29688 ms, percentile(99%) = 4.30566 ms
[10/04/2026-22:14:37] [I] Enqueue Time: min = 1.97168 ms, max = 2.10229 ms, mean = 2.03161 ms, median = 2.03223 ms, percentile(90%) = 2.06738 ms, percentile(95%) = 2.07422 ms, percentile(99%) = 2.08691 ms
[10/04/2026-22:14:37] [I] H2D Latency: min = 0.0556641 ms, max = 0.130615 ms, mean = 0.0603368 ms, median = 0.0595703 ms, percentile(90%) = 0.0625 ms, percentile(95%) = 0.0634766 ms, percentile(99%) = 0.0742188 ms
[10/04/2026-22:14:37] [I] GPU Compute Time: min = 4.20898 ms, max = 4.25195 ms, mean = 4.2225 ms, median = 4.22217 ms, percentile(90%) = 4.22852 ms, percentile(95%) = 4.22998 ms, percentile(99%) = 4.2373 ms
[10/04/2026-22:14:37] [I] D2H Latency: min = 0.00195312 ms, max = 0.00634766 ms, mean = 0.00399255 ms, median = 0.00390625 ms, percentile(90%) = 0.00488281 ms, percentile(95%) = 0.00488281 ms, percentile(99%) = 0.00585938 ms
[10/04/2026-22:14:37] [I] Total Host Walltime: 15.0573 s
[10/04/2026-22:14:37] [I] Total GPU Compute Time: 1.81568 s
[10/04/2026-22:14:37] [I] Explanations of the performance metrics are printed in the verbose logs.
[10/04/2026-22:14:37] [I] 
&&&& PASSED TensorRT.trtexec [TensorRT v100300] # /usr/src/tensorrt/bin/trtexec --loadEngine=/tmp/yolo26n_84172_uint8_fp16_opt3.engine --warmUp=3000 --duration=15 --idleTime=33 --avgRuns=1
