&&&& RUNNING TensorRT.trtexec [TensorRT v100300] # /usr/src/tensorrt/bin/trtexec --loadEngine=/tmp/yolo26n_84172_uint8_fp16_opt3.engine --warmUp=3000 --duration=15 --idleTime=2 --avgRuns=1
[10/04/2026-21:58:58] [I] === Model Options ===
[10/04/2026-21:58:58] [I] Format: *
[10/04/2026-21:58:58] [I] Model: 
[10/04/2026-21:58:58] [I] Output:
[10/04/2026-21:58:58] [I] 
[10/04/2026-21:58:58] [I] === System Options ===
[10/04/2026-21:58:58] [I] Device: 0
[10/04/2026-21:58:58] [I] DLACore: 
[10/04/2026-21:58:58] [I] Plugins:
[10/04/2026-21:58:58] [I] setPluginsToSerialize:
[10/04/2026-21:58:58] [I] dynamicPlugins:
[10/04/2026-21:58:58] [I] ignoreParsedPluginLibs: 0
[10/04/2026-21:58:58] [I] 
[10/04/2026-21:58:58] [I] === Inference Options ===
[10/04/2026-21:58:58] [I] Batch: Explicit
[10/04/2026-21:58:58] [I] Input inference shapes: model
[10/04/2026-21:58:58] [I] Iterations: 10
[10/04/2026-21:58:58] [I] Duration: 15s (+ 3000ms warm up)
[10/04/2026-21:58:58] [I] Sleep time: 0ms
[10/04/2026-21:58:58] [I] Idle time: 2ms
[10/04/2026-21:58:58] [I] Inference Streams: 1
[10/04/2026-21:58:58] [I] ExposeDMA: Disabled
[10/04/2026-21:58:58] [I] Data transfers: Enabled
[10/04/2026-21:58:58] [I] Spin-wait: Disabled
[10/04/2026-21:58:58] [I] Multithreading: Disabled
[10/04/2026-21:58:58] [I] CUDA Graph: Disabled
[10/04/2026-21:58:58] [I] Separate profiling: Disabled
[10/04/2026-21:58:58] [I] Time Deserialize: Disabled
[10/04/2026-21:58:58] [I] Time Refit: Disabled
[10/04/2026-21:58:58] [I] NVTX verbosity: 0
[10/04/2026-21:58:58] [I] Persistent Cache Ratio: 0
[10/04/2026-21:58:58] [I] Optimization Profile Index: 0
[10/04/2026-21:58:58] [I] Weight Streaming Budget: 100.000000%
[10/04/2026-21:58:58] [I] Inputs:
[10/04/2026-21:58:58] [I] Debug Tensor Save Destinations:
[10/04/2026-21:58:58] [I] === Reporting Options ===
[10/04/2026-21:58:58] [I] Verbose: Disabled
[10/04/2026-21:58:58] [I] Averages: 1 inferences
[10/04/2026-21:58:58] [I] Percentiles: 90,95,99
[10/04/2026-21:58:58] [I] Dump refittable layers:Disabled
[10/04/2026-21:58:58] [I] Dump output: Disabled
[10/04/2026-21:58:58] [I] Profile: Disabled
[10/04/2026-21:58:58] [I] Export timing to JSON file: 
[10/04/2026-21:58:58] [I] Export output to JSON file: 
[10/04/2026-21:58:58] [I] Export profile to JSON file: 
[10/04/2026-21:58:58] [I] 
[10/04/2026-21:58:58] [I] === Device Information ===
[10/04/2026-21:58:58] [I] Available Devices: 
[10/04/2026-21:58:58] [I]   Device 0: "Orin" UUID: GPU-6e16c2c1-e394-5324-8f2e-63a975968f4e
[10/04/2026-21:58:58] [I] Selected Device: Orin
[10/04/2026-21:58:58] [I] Selected Device ID: 0
[10/04/2026-21:58:58] [I] Selected Device UUID: GPU-6e16c2c1-e394-5324-8f2e-63a975968f4e
[10/04/2026-21:58:58] [I] Compute Capability: 8.7
[10/04/2026-21:58:58] [I] SMs: 8
[10/04/2026-21:58:58] [I] Device Global Memory: 7607 MiB
[10/04/2026-21:58:58] [I] Shared Memory per SM: 164 KiB
[10/04/2026-21:58:58] [I] Memory Bus Width: 128 bits (ECC disabled)
[10/04/2026-21:58:58] [I] Application Compute Clock Rate: 1.02 GHz
[10/04/2026-21:58:58] [I] Application Memory Clock Rate: 1.02 GHz
[10/04/2026-21:58:58] [I] 
[10/04/2026-21:58:58] [I] Note: The application clock rates do not reflect the actual clock rates that the GPU is currently running at.
[10/04/2026-21:58:58] [I] 
[10/04/2026-21:58:58] [I] TensorRT version: 10.3.0
[10/04/2026-21:58:58] [I] Loading standard plugins
[10/04/2026-21:58:58] [I] [TRT] Loaded engine size: 7 MiB
[10/04/2026-21:58:58] [I] Engine deserialized in 0.0830714 sec.
[10/04/2026-21:58:58] [I] [TRT] [MemUsageChange] TensorRT-managed allocation in IExecutionContext creation: CPU +0, GPU +12, now: CPU 0, GPU 16 (MiB)
[10/04/2026-21:58:58] [I] Setting persistentCacheLimit to 0 bytes.
[10/04/2026-21:58:58] [I] Created execution context with device memory size: 12.207 MiB
[10/04/2026-21:58:58] [I] Using random values for input images
[10/04/2026-21:58:58] [I] Input binding for images with dimensions 1x640x640x3 is created.
[10/04/2026-21:58:58] [I] Output binding for output0 with dimensions 1x300x6 is created.
[10/04/2026-21:58:58] [I] Starting inference
[10/04/2026-21:59:16] [I] Warmup completed 657 queries over 3000 ms
[10/04/2026-21:59:16] [I] Timing trace has 2550 queries over 15.0126 s
[10/04/2026-21:59:16] [I] 
[10/04/2026-21:59:16] [I] === Trace details ===
[10/04/2026-21:59:16] [I] Trace averages of 1 runs:
[10/04/2026-21:59:16] [I] Average on 1 runs - GPU latency: 4.27979 ms - Host latency: 4.41943 ms (enqueue 2.8855 ms)
[10/04/2026-21:59:16] [I] Average on 1 runs - GPU latency: 4.24414 ms - Host latency: 4.38574 ms (enqueue 3.01831 ms)
[10/04/2026-21:59:16] [I] Average on 1 runs - GPU latency: 4.25269 ms - Host latency: 4.32617 ms (enqueue 3.09375 ms)
[10/04/2026-21:59:16] [I] Average on 1 runs - GPU latency: 4.25098 ms - Host latency: 4.31909 ms (enqueue 2.91357 ms)
[10/04/2026-21:59:16] [I] Average on 1 runs - GPU latency: 4.24243 ms - Host latency: 4.31689 ms (enqueue 3.02368 ms)
[10/04/2026-21:59:16] [I] Average on 1 runs - GPU latency: 4.25488 ms - Host latency: 4.31934 ms (enqueue 3.18311 ms)
[10/04/2026-21:59:16] [I] Average on 1 runs - GPU latency: 4.25195 ms - Host latency: 4.31641 ms (enqueue 3.13013 ms)
[10/04/2026-21:59:16] [I] Average on 1 runs - GPU latency: 4.25269 ms - Host latency: 4.31763 ms (enqueue 3.02637 ms)
[10/04/2026-21:59:16] [I] Average on 1 runs - GPU latency: 4.25781 ms - Host latency: 4.32251 ms (enqueue 3.30444 ms)
[10/04/2026-21:59:16] [I] Average on 1 runs - GPU latency: 4.26465 ms - Host latency: 4.32886 ms (enqueue 2.76001 ms)
[10/04/2026-21:59:16] [I] Average on 1 runs - GPU latency: 4.25293 ms - Host latency: 4.32617 ms (enqueue 3.23169 ms)
[10/04/2026-21:59:16] [I] Average on 1 runs - GPU latency: 4.25391 ms - Host latency: 4.32056 ms (enqueue 3.479 ms)
[10/04/2026-21:59:16] [I] Average on 1 runs - GPU latency: 4.25879 ms - Host latency: 4.33789 ms (enqueue 3.26953 ms)
[10/04/2026-21:59:16] [I] Average on 1 runs - GPU latency: 4.25122 ms - Host latency: 4.31641 ms (enqueue 3.21313 ms)
[10/04/2026-21:59:16] [I] Average on 1 runs - GPU latency: 4.26099 ms - Host latency: 4.32861 ms (enqueue 3.2981 ms)
[10/04/2026-21:59:16] [I] Average on 1 runs - GPU latency: 4.25244 ms - Host latency: 4.31812 ms (enqueue 3.50903 ms)
[10/04/2026-21:59:16] [I] Average on 1 runs - GPU latency: 4.2605 ms - Host latency: 4.3269 ms (enqueue 3.77832 ms)
[10/04/2026-21:59:16] [I] Average on 1 runs - GPU latency: 4.25562 ms - Host latency: 4.32056 ms (enqueue 3.5437 ms)
[10/04/2026-21:59:16] [I] Average on 1 runs - GPU latency: 4.2688 ms - Host latency: 4.33545 ms (enqueue 3.78711 ms)
[10/04/2026-21:59:16] [I] Average on 1 runs - GPU latency: 4.25708 ms - Host latency: 4.32227 ms (enqueue 3.53662 ms)
[10/04/2026-21:59:16] [I] Average on 1 runs - GPU latency: 4.24243 ms - Host latency: 4.31421 ms (enqueue 3.50732 ms)
[10/04/2026-21:59:16] [I] Average on 1 runs - GPU latency: 4.24585 ms - Host latency: 4.31055 ms (enqueue 3.52612 ms)
[10/04/2026-21:59:16] [I] Average on 1 runs - GPU latency: 4.25024 ms - Host latency: 4.31616 ms (enqueue 3.78516 ms)
[10/04/2026-21:59:16] [I] Average on 1 runs - GPU latency: 4.24951 ms - Host latency: 4.31567 ms (enqueue 3.75391 ms)
[10/04/2026-21:59:16] [I] Average on 1 runs - GPU latency: 4.69604 ms - Host latency: 4.77295 ms (enqueue 4.31274 ms)
[10/04/2026-21:59:16] [I] Average on 1 runs - GPU latency: 4.74707 ms - Host latency: 4.83154 ms (enqueue 4.31445 ms)
[10/04/2026-21:59:16] [I] Average on 1 runs - GPU latency: 6.04248 ms - Host latency: 6.13037 ms (enqueue 5.60913 ms)
[10/04/2026-21:59:16] [I] Average on 1 runs - GPU latency: 4.64795 ms - Host latency: 4.73364 ms (enqueue 4.21753 ms)
[10/04/2026-21:59:16] [I] Average on 1 runs - GPU latency: 4.28271 ms - Host latency: 4.36328 ms (enqueue 3.56079 ms)
[10/04/2026-21:59:16] [I] Average on 1 runs - GPU latency: 4.28613 ms - Host latency: 4.36279 ms (enqueue 3.8269 ms)
[10/04/2026-21:59:16] [I] Average on 1 runs - GPU latency: 4.32764 ms - Host latency: 4.40479 ms (enqueue 3.8689 ms)
[10/04/2026-21:59:16] [I] Average on 1 runs - GPU latency: 4.26929 ms - Host latency: 4.34692 ms (enqueue 3.64404 ms)
[10/04/2026-21:59:16] [I] Average on 1 runs - GPU latency: 4.25928 ms - Host latency: 4.33374 ms (enqueue 3.6106 ms)
[10/04/2026-21:59:16] [I] Average on 1 runs - GPU latency: 4.24731 ms - Host latency: 4.3208 ms (enqueue 3.63721 ms)
[10/04/2026-21:59:16] [I] Average on 1 runs - GPU latency: 4.24707 ms - Host latency: 4.32153 ms (enqueue 3.67334 ms)
[10/04/2026-21:59:16] [I] Average on 1 runs - GPU latency: 4.25757 ms - Host latency: 4.32495 ms (enqueue 3.73145 ms)
[10/04/2026-21:59:16] [I] Average on 1 runs - GPU latency: 4.50269 ms - Host latency: 4.57837 ms (enqueue 4.0332 ms)
[10/04/2026-21:59:16] [I] Average on 1 runs - GPU latency: 4.26294 ms - Host latency: 4.33838 ms (enqueue 3.52612 ms)
[10/04/2026-21:59:16] [I] Average on 1 runs - GPU latency: 4.52856 ms - Host latency: 4.6062 ms (enqueue 4.04028 ms)
[10/04/2026-21:59:16] [I] Average on 1 runs - GPU latency: 4.646 ms - Host latency: 4.72363 ms (enqueue 4.15454 ms)
[10/04/2026-21:59:16] [I] Average on 1 runs - GPU latency: 4.74292 ms - Host latency: 4.83643 ms (enqueue 4.21191 ms)
[10/04/2026-21:59:16] [I] Average on 1 runs - GPU latency: 4.41895 ms - Host latency: 4.49512 ms (enqueue 3.92114 ms)
[10/04/2026-21:59:16] [I] Average on 1 runs - GPU latency: 4.57349 ms - Host latency: 4.64966 ms (enqueue 4.07568 ms)
[10/04/2026-21:59:16] [I] Average on 1 runs - GPU latency: 4.54785 ms - Host latency: 4.62402 ms (enqueue 4.0498 ms)
[10/04/2026-21:59:16] [I] Average on 1 runs - GPU latency: 4.27539 ms - Host latency: 4.35693 ms (enqueue 3.80127 ms)
[10/04/2026-21:59:16] [I] Average on 1 runs - GPU latency: 4.60889 ms - Host latency: 4.6897 ms (enqueue 4.15991 ms)
[10/04/2026-21:59:16] [I] Average on 1 runs - GPU latency: 4.71948 ms - Host latency: 4.79028 ms (enqueue 4.28149 ms)
[10/04/2026-21:59:16] [I] Average on 1 runs - GPU latency: 4.5603 ms - Host latency: 4.62793 ms (enqueue 4.12109 ms)
[10/04/2026-21:59:16] [I] Average on 1 runs - GPU latency: 4.58301 ms - Host latency: 4.65698 ms (enqueue 4.16138 ms)
[10/04/2026-21:59:16] [I] Average on 1 runs - GPU latency: 4.26196 ms - Host latency: 4.33691 ms (enqueue 3.43066 ms)
[10/04/2026-21:59:16] [I] Average on 1 runs - GPU latency: 4.60254 ms - Host latency: 4.67358 ms (enqueue 4.16284 ms)
[10/04/2026-21:59:16] [I] Average on 1 runs - GPU latency: 4.54126 ms - Host latency: 4.61035 ms (enqueue 4.12573 ms)
[10/04/2026-21:59:16] [I] Average on 1 runs - GPU latency: 4.55957 ms - Host latency: 4.63721 ms (enqueue 4.12085 ms)
[10/04/2026-21:59:16] [I] Average on 1 runs - GPU latency: 4.56714 ms - Host latency: 4.63525 ms (enqueue 4.13232 ms)
[10/04/2026-21:59:16] [I] Average on 1 runs - GPU latency: 4.55322 ms - Host latency: 4.64038 ms (enqueue 4.11304 ms)
[10/04/2026-21:59:16] [I] Average on 1 runs - GPU latency: 4.6001 ms - Host latency: 4.66748 ms (enqueue 4.16382 ms)
[10/04/2026-21:59:16] [I] Average on 1 runs - GPU latency: 4.57178 ms - Host latency: 4.65112 ms (enqueue 4.12695 ms)
[10/04/2026-21:59:16] [I] Average on 1 runs - GPU latency: 4.5415 ms - Host latency: 4.60767 ms (enqueue 4.10327 ms)
[10/04/2026-21:59:16] [I] Average on 1 runs - GPU latency: 4.51221 ms - Host latency: 4.58105 ms (enqueue 4.15308 ms)
[10/04/2026-21:59:16] [I] Average on 1 runs - GPU latency: 4.57275 ms - Host latency: 4.6394 ms (enqueue 4.13452 ms)
[10/04/2026-21:59:16] [I] Average on 1 runs - GPU latency: 4.57129 ms - Host latency: 4.63745 ms (enqueue 4.12769 ms)
[10/04/2026-21:59:16] [I] Average on 1 runs - GPU latency: 4.56934 ms - Host latency: 4.63599 ms (enqueue 4.13037 ms)
[10/04/2026-21:59:16] [I] Average on 1 runs - GPU latency: 4.64624 ms - Host latency: 4.71265 ms (enqueue 4.20752 ms)
[10/04/2026-21:59:16] [I] Average on 1 runs - GPU latency: 4.61035 ms - Host latency: 4.677 ms (enqueue 4.17847 ms)
[10/04/2026-21:59:16] [I] Average on 1 runs - GPU latency: 4.60498 ms - Host latency: 4.67358 ms (enqueue 4.16992 ms)
[10/04/2026-21:59:16] [I] Average on 1 runs - GPU latency: 4.63257 ms - Host latency: 4.69946 ms (enqueue 4.19971 ms)
[10/04/2026-21:59:16] [I] Average on 1 runs - GPU latency: 4.27295 ms - Host latency: 4.35864 ms (enqueue 2.99023 ms)
[10/04/2026-21:59:16] [I] Average on 1 runs - GPU latency: 4.24023 ms - Host latency: 4.30933 ms (enqueue 2.83325 ms)
[10/04/2026-21:59:16] [I] Average on 1 runs - GPU latency: 4.25293 ms - Host latency: 4.34106 ms (enqueue 3.06909 ms)
[10/04/2026-21:59:16] [I] Average on 1 runs - GPU latency: 4.23682 ms - Host latency: 4.30078 ms (enqueue 2.99829 ms)
[10/04/2026-21:59:16] [I] Average on 1 runs - GPU latency: 4.24731 ms - Host latency: 4.31616 ms (enqueue 2.95654 ms)
[10/04/2026-21:59:16] [I] Average on 1 runs - GPU latency: 4.24927 ms - Host latency: 4.32349 ms (enqueue 3.03394 ms)
[10/04/2026-21:59:16] [I] Average on 1 runs - GPU latency: 4.25684 ms - Host latency: 4.3335 ms (enqueue 2.16577 ms)
[10/04/2026-21:59:16] [I] Average on 1 runs - GPU latency: 4.24707 ms - Host latency: 4.3125 ms (enqueue 3.53247 ms)
[10/04/2026-21:59:16] [I] Average on 1 runs - GPU latency: 4.25293 ms - Host latency: 4.31982 ms (enqueue 3.50586 ms)
[10/04/2026-21:59:16] [I] Average on 1 runs - GPU latency: 4.24951 ms - Host latency: 4.31543 ms (enqueue 3.54297 ms)
[10/04/2026-21:59:16] [I] Average on 1 runs - GPU latency: 4.24927 ms - Host latency: 4.31494 ms (enqueue 3.53442 ms)
[10/04/2026-21:59:16] [I] Average on 1 runs - GPU latency: 4.24365 ms - Host latency: 4.30884 ms (enqueue 3.5437 ms)
[10/04/2026-21:59:16] [I] Average on 1 runs - GPU latency: 4.24512 ms - Host latency: 4.31421 ms (enqueue 3.54199 ms)
[10/04/2026-21:59:16] [I] Average on 1 runs - GPU latency: 4.25757 ms - Host latency: 4.3252 ms (enqueue 3.80176 ms)
[10/04/2026-21:59:16] [I] Average on 1 runs - GPU latency: 4.26709 ms - Host latency: 4.3335 ms (enqueue 3.8125 ms)
[10/04/2026-21:59:16] [I] Average on 1 runs - GPU latency: 4.2583 ms - Host latency: 4.32178 ms (enqueue 2.11646 ms)
[10/04/2026-21:59:16] [I] Average on 1 runs - GPU latency: 4.29224 ms - Host latency: 4.36108 ms (enqueue 3.83813 ms)
[10/04/2026-21:59:16] [I] Average on 1 runs - GPU latency: 4.31982 ms - Host latency: 4.38477 ms (enqueue 3.85376 ms)
[10/04/2026-21:59:16] [I] Average on 1 runs - GPU latency: 4.26025 ms - Host latency: 4.32715 ms (enqueue 3.80444 ms)
[10/04/2026-21:59:16] [I] Average on 1 runs - GPU latency: 4.32349 ms - Host latency: 4.39478 ms (enqueue 3.85913 ms)
[10/04/2026-21:59:16] [I] Average on 1 runs - GPU latency: 4.24585 ms - Host latency: 4.31201 ms (enqueue 3.79102 ms)
[10/04/2026-21:59:16] [I] Average on 1 runs - GPU latency: 4.27563 ms - Host latency: 4.34399 ms (enqueue 3.81689 ms)
[10/04/2026-21:59:16] [I] Average on 1 runs - GPU latency: 4.26758 ms - Host latency: 4.33374 ms (enqueue 3.82495 ms)
[10/04/2026-21:59:16] [I] Average on 1 runs - GPU latency: 4.2439 ms - Host latency: 4.31055 ms (enqueue 3.50464 ms)
[10/04/2026-21:59:16] [I] Average on 1 runs - GPU latency: 4.26196 ms - Host latency: 4.33057 ms (enqueue 3.90576 ms)
[10/04/2026-21:59:16] [I] Average on 1 runs - GPU latency: 4.45508 ms - Host latency: 4.52173 ms (enqueue 3.99243 ms)
[10/04/2026-21:59:16] [I] Average on 1 runs - GPU latency: 4.24902 ms - Host latency: 4.31592 ms (enqueue 3.80786 ms)
[10/04/2026-21:59:16] [I] Average on 1 runs - GPU latency: 4.27783 ms - Host latency: 4.34277 ms (enqueue 3.8208 ms)
[10/04/2026-21:59:16] [I] Average on 1 runs - GPU latency: 4.25122 ms - Host latency: 4.31836 ms (enqueue 3.80835 ms)
[10/04/2026-21:59:16] [I] Average on 1 runs - GPU latency: 4.60303 ms - Host latency: 4.66797 ms (enqueue 4.15112 ms)
[10/04/2026-21:59:16] [I] Average on 1 runs - GPU latency: 4.59375 ms - Host latency: 4.66138 ms (enqueue 4.1521 ms)
[10/04/2026-21:59:16] [I] Average on 1 runs - GPU latency: 4.59814 ms - Host latency: 4.66504 ms (enqueue 4.16406 ms)
[10/04/2026-21:59:16] [I] Average on 1 runs - GPU latency: 4.24707 ms - Host latency: 4.3103 ms (enqueue 2.11694 ms)
[10/04/2026-21:59:16] [I] Average on 1 runs - GPU latency: 4.6123 ms - Host latency: 4.67993 ms (enqueue 4.17798 ms)
[10/04/2026-21:59:16] [I] Average on 1 runs - GPU latency: 4.54321 ms - Host latency: 4.6106 ms (enqueue 4.15356 ms)
[10/04/2026-21:59:16] [I] Average on 1 runs - GPU latency: 4.25269 ms - Host latency: 4.31934 ms (enqueue 3.66846 ms)
[10/04/2026-21:59:16] [I] Average on 1 runs - GPU latency: 4.26123 ms - Host latency: 4.32959 ms (enqueue 3.00269 ms)
[10/04/2026-21:59:16] [I] Average on 1 runs - GPU latency: 4.2771 ms - Host latency: 4.35547 ms (enqueue 2.85303 ms)
[10/04/2026-21:59:16] [I] Average on 1 runs - GPU latency: 4.24854 ms - Host latency: 4.3125 ms (enqueue 2.80835 ms)
[10/04/2026-21:59:16] [I] Average on 1 runs - GPU latency: 4.26147 ms - Host latency: 4.32544 ms (enqueue 2.80981 ms)
[10/04/2026-21:59:16] [I] Average on 1 runs - GPU latency: 4.25293 ms - Host latency: 4.31665 ms (enqueue 2.53394 ms)
[10/04/2026-21:59:16] [I] Average on 1 runs - GPU latency: 4.25146 ms - Host latency: 4.31323 ms (enqueue 2.29468 ms)
[10/04/2026-21:59:16] [I] Average on 1 runs - GPU latency: 4.25 ms - Host latency: 4.31934 ms (enqueue 2.94409 ms)
[10/04/2026-21:59:16] [I] Average on 1 runs - GPU latency: 4.24585 ms - Host latency: 4.32031 ms (enqueue 2.6936 ms)
[10/04/2026-21:59:16] [I] Average on 1 runs - GPU latency: 4.24658 ms - Host latency: 4.30933 ms (enqueue 2.6001 ms)
[10/04/2026-21:59:16] [I] Average on 1 runs - GPU latency: 4.25464 ms - Host latency: 4.31812 ms (enqueue 2.43945 ms)
[10/04/2026-21:59:16] [I] Average on 1 runs - GPU latency: 4.25977 ms - Host latency: 4.32983 ms (enqueue 2.42358 ms)
[10/04/2026-21:59:16] [I] Average on 1 runs - GPU latency: 4.24268 ms - Host latency: 4.31299 ms (enqueue 2.55249 ms)
[10/04/2026-21:59:16] [I] Average on 1 runs - GPU latency: 4.2439 ms - Host latency: 4.31421 ms (enqueue 3.31226 ms)
[10/04/2026-21:59:16] [I] Average on 1 runs - GPU latency: 4.25 ms - Host latency: 4.32324 ms (enqueue 3.28662 ms)
[10/04/2026-21:59:16] [I] Average on 1 runs - GPU latency: 4.24634 ms - Host latency: 4.31519 ms (enqueue 3.48364 ms)
[10/04/2026-21:59:16] [I] Average on 1 runs - GPU latency: 4.24731 ms - Host latency: 4.31421 ms (enqueue 2.63281 ms)
[10/04/2026-21:59:16] [I] Average on 1 runs - GPU latency: 4.25171 ms - Host latency: 4.31274 ms (enqueue 3.31372 ms)
[10/04/2026-21:59:16] [I] Average on 1 runs - GPU latency: 4.24585 ms - Host latency: 4.3147 ms (enqueue 3.54297 ms)
[10/04/2026-21:59:16] [I] Average on 1 runs - GPU latency: 4.24683 ms - Host latency: 4.32031 ms (enqueue 3.35303 ms)
[10/04/2026-21:59:16] [I] Average on 1 runs - GPU latency: 4.24854 ms - Host latency: 4.32275 ms (enqueue 3.59912 ms)
[10/04/2026-21:59:16] [I] Average on 1 runs - GPU latency: 4.24609 ms - Host latency: 4.31128 ms (enqueue 3.55933 ms)
[10/04/2026-21:59:16] [I] Average on 1 runs - GPU latency: 4.25562 ms - Host latency: 4.32104 ms (enqueue 3.53516 ms)
[10/04/2026-21:59:16] [I] Average on 1 runs - GPU latency: 4.25439 ms - Host latency: 4.32544 ms (enqueue 3.76929 ms)
[10/04/2026-21:59:16] [I] Average on 1 runs - GPU latency: 4.25903 ms - Host latency: 4.33911 ms (enqueue 3.69141 ms)
[10/04/2026-21:59:16] [I] Average on 1 runs - GPU latency: 4.25464 ms - Host latency: 4.32959 ms (enqueue 2.48999 ms)
[10/04/2026-21:59:16] [I] Average on 1 runs - GPU latency: 4.24854 ms - Host latency: 4.31055 ms (enqueue 3.55737 ms)
[10/04/2026-21:59:16] [I] Average on 1 runs - GPU latency: 4.24463 ms - Host latency: 4.31201 ms (enqueue 3.54858 ms)
[10/04/2026-21:59:16] [I] Average on 1 runs - GPU latency: 4.28076 ms - Host latency: 4.34741 ms (enqueue 3.7876 ms)
[10/04/2026-21:59:16] [I] Average on 1 runs - GPU latency: 4.24341 ms - Host latency: 4.30835 ms (enqueue 3.55615 ms)
[10/04/2026-21:59:16] [I] Average on 1 runs - GPU latency: 4.25464 ms - Host latency: 4.32251 ms (enqueue 3.76221 ms)
[10/04/2026-21:59:16] [I] Average on 1 runs - GPU latency: 4.24438 ms - Host latency: 4.30957 ms (enqueue 3.52954 ms)
[10/04/2026-21:59:16] [I] Average on 1 runs - GPU latency: 4.24365 ms - Host latency: 4.31177 ms (enqueue 3.7915 ms)
[10/04/2026-21:59:16] [I] Average on 1 runs - GPU latency: 4.30688 ms - Host latency: 4.37231 ms (enqueue 3.854 ms)
[10/04/2026-21:59:16] [I] Average on 1 runs - GPU latency: 4.6355 ms - Host latency: 4.71582 ms (enqueue 4.18628 ms)
[10/04/2026-21:59:16] [I] Average on 1 runs - GPU latency: 4.27954 ms - Host latency: 4.35205 ms (enqueue 3.79883 ms)
[10/04/2026-21:59:16] [I] Average on 1 runs - GPU latency: 4.38379 ms - Host latency: 4.45117 ms (enqueue 3.92627 ms)
[10/04/2026-21:59:16] [I] Average on 1 runs - GPU latency: 4.24512 ms - Host latency: 4.3125 ms (enqueue 3.77686 ms)
[10/04/2026-21:59:16] [I] Average on 1 runs - GPU latency: 4.38892 ms - Host latency: 4.45654 ms (enqueue 3.92529 ms)
[10/04/2026-21:59:16] [I] Average on 1 runs - GPU latency: 4.29053 ms - Host latency: 4.35767 ms (enqueue 3.83325 ms)
[10/04/2026-21:59:16] [I] Average on 1 runs - GPU latency: 4.52075 ms - Host latency: 4.58838 ms (enqueue 4.04956 ms)
[10/04/2026-21:59:16] [I] Average on 1 runs - GPU latency: 4.28442 ms - Host latency: 4.34961 ms (enqueue 3.82764 ms)
[10/04/2026-21:59:16] [I] Average on 1 runs - GPU latency: 4.25073 ms - Host latency: 4.31836 ms (enqueue 3.02637 ms)
[10/04/2026-21:59:16] [I] Average on 1 runs - GPU latency: 4.28174 ms - Host latency: 4.34326 ms (enqueue 3.83032 ms)
[10/04/2026-21:59:16] [I] Average on 1 runs - GPU latency: 4.6123 ms - Host latency: 4.68652 ms (enqueue 4.15869 ms)
[10/04/2026-21:59:16] [I] Average on 1 runs - GPU latency: 4.27661 ms - Host latency: 4.34229 ms (enqueue 3.81616 ms)
[10/04/2026-21:59:16] [I] Average on 1 runs - GPU latency: 4.43286 ms - Host latency: 4.50122 ms (enqueue 3.97754 ms)
[10/04/2026-21:59:16] [I] Average on 1 runs - GPU latency: 4.31885 ms - Host latency: 4.39136 ms (enqueue 3.85938 ms)
[10/04/2026-21:59:16] [I] Average on 1 runs - GPU latency: 4.53906 ms - Host latency: 4.60767 ms (enqueue 4.07397 ms)
[10/04/2026-21:59:16] [I] Average on 1 runs - GPU latency: 4.2666 ms - Host latency: 4.34692 ms (enqueue 3.80029 ms)
[10/04/2026-21:59:16] [I] Average on 1 runs - GPU latency: 4.25537 ms - Host latency: 4.32495 ms (enqueue 3.53247 ms)
[10/04/2026-21:59:16] [I] Average on 1 runs - GPU latency: 4.35986 ms - Host latency: 4.42334 ms (enqueue 3.89673 ms)
[10/04/2026-21:59:16] [I] Average on 1 runs - GPU latency: 4.31885 ms - Host latency: 4.38867 ms (enqueue 3.85278 ms)
[10/04/2026-21:59:16] [I] Average on 1 runs - GPU latency: 4.58105 ms - Host latency: 4.64819 ms (enqueue 4.13867 ms)
[10/04/2026-21:59:16] [I] Average on 1 runs - GPU latency: 4.57812 ms - Host latency: 4.64551 ms (enqueue 4.13623 ms)
[10/04/2026-21:59:16] [I] Average on 1 runs - GPU latency: 4.63647 ms - Host latency: 4.70337 ms (enqueue 4.19824 ms)
[10/04/2026-21:59:16] [I] Average on 1 runs - GPU latency: 4.64111 ms - Host latency: 4.70898 ms (enqueue 4.20142 ms)
[10/04/2026-21:59:16] [I] Average on 1 runs - GPU latency: 4.521 ms - Host latency: 4.59985 ms (enqueue 4.08618 ms)
[10/04/2026-21:59:16] [I] Average on 1 runs - GPU latency: 4.25415 ms - Host latency: 4.32788 ms (enqueue 3.32056 ms)
[10/04/2026-21:59:16] [I] Average on 1 runs - GPU latency: 4.71216 ms - Host latency: 4.79565 ms (enqueue 4.32031 ms)
[10/04/2026-21:59:16] [I] Average on 1 runs - GPU latency: 4.61304 ms - Host latency: 4.68872 ms (enqueue 4.17383 ms)
[10/04/2026-21:59:16] [I] Average on 1 runs - GPU latency: 4.59546 ms - Host latency: 4.66406 ms (enqueue 4.15601 ms)
[10/04/2026-21:59:16] [I] Average on 1 runs - GPU latency: 4.55542 ms - Host latency: 4.62866 ms (enqueue 4.11279 ms)
[10/04/2026-21:59:16] [I] Average on 1 runs - GPU latency: 4.56104 ms - Host latency: 4.64502 ms (enqueue 4.12012 ms)
[10/04/2026-21:59:16] [I] Average on 1 runs - GPU latency: 4.49194 ms - Host latency: 4.55933 ms (enqueue 4.15845 ms)
[10/04/2026-21:59:16] [I] Average on 1 runs - GPU latency: 4.59473 ms - Host latency: 4.66553 ms (enqueue 4.15137 ms)
[10/04/2026-21:59:16] [I] Average on 1 runs - GPU latency: 4.59644 ms - Host latency: 4.66382 ms (enqueue 3.96118 ms)
[10/04/2026-21:59:16] [I] Average on 1 runs - GPU latency: 4.60498 ms - Host latency: 4.66724 ms (enqueue 4.1792 ms)
[10/04/2026-21:59:16] [I] Average on 1 runs - GPU latency: 4.59253 ms - Host latency: 4.66016 ms (enqueue 4.15576 ms)
[10/04/2026-21:59:16] [I] Average on 1 runs - GPU latency: 4.57422 ms - Host latency: 4.64185 ms (enqueue 4.13208 ms)
[10/04/2026-21:59:16] [I] Average on 1 runs - GPU latency: 4.57324 ms - Host latency: 4.65137 ms (enqueue 4.13159 ms)
[10/04/2026-21:59:16] [I] Average on 1 runs - GPU latency: 4.62671 ms - Host latency: 4.69702 ms (enqueue 4.20801 ms)
[10/04/2026-21:59:16] [I] Average on 1 runs - GPU latency: 4.61206 ms - Host latency: 4.6792 ms (enqueue 4.17261 ms)
[10/04/2026-21:59:16] [I] Average on 1 runs - GPU latency: 4.5708 ms - Host latency: 4.63794 ms (enqueue 4.12769 ms)
[10/04/2026-21:59:16] [I] Average on 1 runs - GPU latency: 4.40918 ms - Host latency: 4.47632 ms (enqueue 3.75049 ms)
[10/04/2026-21:59:16] [I] Average on 1 runs - GPU latency: 4.5874 ms - Host latency: 4.64795 ms (enqueue 4.16187 ms)
[10/04/2026-21:59:16] [I] Average on 1 runs - GPU latency: 4.57764 ms - Host latency: 4.64819 ms (enqueue 4.14331 ms)
[10/04/2026-21:59:16] [I] Average on 1 runs - GPU latency: 4.61426 ms - Host latency: 4.68262 ms (enqueue 4.17993 ms)
[10/04/2026-21:59:16] [I] Average on 1 runs - GPU latency: 4.59888 ms - Host latency: 4.66602 ms (enqueue 4.18701 ms)
[10/04/2026-21:59:16] [I] Average on 1 runs - GPU latency: 4.57812 ms - Host latency: 4.64941 ms (enqueue 4.14282 ms)
[10/04/2026-21:59:16] [I] Average on 1 runs - GPU latency: 4.59497 ms - Host latency: 4.66406 ms (enqueue 4.16064 ms)
[10/04/2026-21:59:16] [I] Average on 1 runs - GPU latency: 4.5874 ms - Host latency: 4.65527 ms (enqueue 4.14746 ms)
[10/04/2026-21:59:16] [I] Average on 1 runs - GPU latency: 4.33032 ms - Host latency: 4.39746 ms (enqueue 3.63062 ms)
[10/04/2026-21:59:16] [I] Average on 1 runs - GPU latency: 4.61426 ms - Host latency: 4.67627 ms (enqueue 4.18701 ms)
[10/04/2026-21:59:16] [I] Average on 1 runs - GPU latency: 4.61621 ms - Host latency: 4.68384 ms (enqueue 4.17871 ms)
[10/04/2026-21:59:16] [I] Average on 1 runs - GPU latency: 4.54883 ms - Host latency: 4.61597 ms (enqueue 4.18311 ms)
[10/04/2026-21:59:16] [I] Average on 1 runs - GPU latency: 4.51562 ms - Host latency: 4.59229 ms (enqueue 4.0835 ms)
[10/04/2026-21:59:16] [I] Average on 1 runs - GPU latency: 4.59229 ms - Host latency: 4.66699 ms (enqueue 4.16211 ms)
[10/04/2026-21:59:16] [I] Average on 1 runs - GPU latency: 4.55664 ms - Host latency: 4.62598 ms (enqueue 4.11523 ms)
[10/04/2026-21:59:16] [I] Average on 1 runs - GPU latency: 4.55518 ms - Host latency: 4.62402 ms (enqueue 4.11279 ms)
[10/04/2026-21:59:16] [I] Average on 1 runs - GPU latency: 4.3125 ms - Host latency: 4.38135 ms (enqueue 3.60596 ms)
[10/04/2026-21:59:16] [I] Average on 1 runs - GPU latency: 4.62256 ms - Host latency: 4.68945 ms (enqueue 4.1875 ms)
[10/04/2026-21:59:16] [I] Average on 1 runs - GPU latency: 4.59521 ms - Host latency: 4.66211 ms (enqueue 4.18506 ms)
[10/04/2026-21:59:16] [I] Average on 1 runs - GPU latency: 4.5752 ms - Host latency: 4.64209 ms (enqueue 4.1377 ms)
[10/04/2026-21:59:16] [I] Average on 1 runs - GPU latency: 4.61621 ms - Host latency: 4.68359 ms (enqueue 4.18115 ms)
[10/04/2026-21:59:16] [I] Average on 1 runs - GPU latency: 4.25244 ms - Host latency: 4.3252 ms (enqueue 2.93652 ms)
[10/04/2026-21:59:16] [I] Average on 1 runs - GPU latency: 4.29004 ms - Host latency: 4.36572 ms (enqueue 2.57812 ms)
[10/04/2026-21:59:16] [I] Average on 1 runs - GPU latency: 4.25146 ms - Host latency: 4.31836 ms (enqueue 2.84717 ms)
[10/04/2026-21:59:16] [I] Average on 1 runs - GPU latency: 4.24316 ms - Host latency: 4.30859 ms (enqueue 2.6875 ms)
[10/04/2026-21:59:16] [I] ... Omitting 2150 lines
[10/04/2026-21:59:16] [I] Average on 1 runs - GPU latency: 4.58008 ms - Host latency: 4.64844 ms (enqueue 4.13867 ms)
[10/04/2026-21:59:16] [I] Average on 1 runs - GPU latency: 4.59766 ms - Host latency: 4.66602 ms (enqueue 4.15234 ms)
[10/04/2026-21:59:16] [I] Average on 1 runs - GPU latency: 4.40234 ms - Host latency: 4.4707 ms (enqueue 3.78516 ms)
[10/04/2026-21:59:16] [I] Average on 1 runs - GPU latency: 4.58008 ms - Host latency: 4.64648 ms (enqueue 4.14648 ms)
[10/04/2026-21:59:16] [I] Average on 1 runs - GPU latency: 4.5918 ms - Host latency: 4.66016 ms (enqueue 4.15039 ms)
[10/04/2026-21:59:16] [I] Average on 1 runs - GPU latency: 4.58789 ms - Host latency: 4.65625 ms (enqueue 4.14844 ms)
[10/04/2026-21:59:16] [I] Average on 1 runs - GPU latency: 4.60938 ms - Host latency: 4.67578 ms (enqueue 4.16602 ms)
[10/04/2026-21:59:16] [I] Average on 1 runs - GPU latency: 4.60352 ms - Host latency: 4.67188 ms (enqueue 4.16211 ms)
[10/04/2026-21:59:16] [I] Average on 1 runs - GPU latency: 4.63281 ms - Host latency: 4.70117 ms (enqueue 4.19727 ms)
[10/04/2026-21:59:16] [I] Average on 1 runs - GPU latency: 4.60938 ms - Host latency: 4.67578 ms (enqueue 4.17578 ms)
[10/04/2026-21:59:16] [I] Average on 1 runs - GPU latency: 4.63477 ms - Host latency: 4.70312 ms (enqueue 3.88867 ms)
[10/04/2026-21:59:16] [I] Average on 1 runs - GPU latency: 4.57617 ms - Host latency: 4.64453 ms (enqueue 4.14258 ms)
[10/04/2026-21:59:16] [I] Average on 1 runs - GPU latency: 4.60742 ms - Host latency: 4.67578 ms (enqueue 4.16797 ms)
[10/04/2026-21:59:16] [I] Average on 1 runs - GPU latency: 4.58984 ms - Host latency: 4.6582 ms (enqueue 4.15625 ms)
[10/04/2026-21:59:16] [I] Average on 1 runs - GPU latency: 4.59961 ms - Host latency: 4.66602 ms (enqueue 4.1543 ms)
[10/04/2026-21:59:16] [I] Average on 1 runs - GPU latency: 4.62109 ms - Host latency: 4.68945 ms (enqueue 4.18164 ms)
[10/04/2026-21:59:16] [I] Average on 1 runs - GPU latency: 4.25586 ms - Host latency: 4.32227 ms (enqueue 3.40039 ms)
[10/04/2026-21:59:16] [I] Average on 1 runs - GPU latency: 4.25781 ms - Host latency: 4.32422 ms (enqueue 2.99023 ms)
[10/04/2026-21:59:16] [I] Average on 1 runs - GPU latency: 4.25195 ms - Host latency: 4.32422 ms (enqueue 2.55273 ms)
[10/04/2026-21:59:16] [I] Average on 1 runs - GPU latency: 4.25391 ms - Host latency: 4.31641 ms (enqueue 2.2207 ms)
[10/04/2026-21:59:16] [I] Average on 1 runs - GPU latency: 4.25195 ms - Host latency: 4.31445 ms (enqueue 2.21094 ms)
[10/04/2026-21:59:16] [I] Average on 1 runs - GPU latency: 4.25195 ms - Host latency: 4.31445 ms (enqueue 2.19336 ms)
[10/04/2026-21:59:16] [I] Average on 1 runs - GPU latency: 4.25195 ms - Host latency: 4.32031 ms (enqueue 2.30078 ms)
[10/04/2026-21:59:16] [I] Average on 1 runs - GPU latency: 4.24609 ms - Host latency: 4.3125 ms (enqueue 2.83789 ms)
[10/04/2026-21:59:16] [I] Average on 1 runs - GPU latency: 4.25 ms - Host latency: 4.31641 ms (enqueue 2.625 ms)
[10/04/2026-21:59:16] [I] Average on 1 runs - GPU latency: 4.25 ms - Host latency: 4.31445 ms (enqueue 2.74219 ms)
[10/04/2026-21:59:16] [I] Average on 1 runs - GPU latency: 4.25195 ms - Host latency: 4.32031 ms (enqueue 2.43945 ms)
[10/04/2026-21:59:16] [I] Average on 1 runs - GPU latency: 4.24805 ms - Host latency: 4.3125 ms (enqueue 2.31055 ms)
[10/04/2026-21:59:16] [I] Average on 1 runs - GPU latency: 4.25391 ms - Host latency: 4.32031 ms (enqueue 3.32617 ms)
[10/04/2026-21:59:16] [I] Average on 1 runs - GPU latency: 4.24805 ms - Host latency: 4.31836 ms (enqueue 3.33008 ms)
[10/04/2026-21:59:16] [I] Average on 1 runs - GPU latency: 4.24805 ms - Host latency: 4.3125 ms (enqueue 2.11719 ms)
[10/04/2026-21:59:16] [I] Average on 1 runs - GPU latency: 4.25 ms - Host latency: 4.32031 ms (enqueue 3.24023 ms)
[10/04/2026-21:59:16] [I] Average on 1 runs - GPU latency: 4.25 ms - Host latency: 4.3125 ms (enqueue 3.28711 ms)
[10/04/2026-21:59:16] [I] Average on 1 runs - GPU latency: 4.25 ms - Host latency: 4.31836 ms (enqueue 3.29883 ms)
[10/04/2026-21:59:16] [I] Average on 1 runs - GPU latency: 4.24414 ms - Host latency: 4.31055 ms (enqueue 3.49023 ms)
[10/04/2026-21:59:16] [I] Average on 1 runs - GPU latency: 4.25 ms - Host latency: 4.31445 ms (enqueue 3.34375 ms)
[10/04/2026-21:59:16] [I] Average on 1 runs - GPU latency: 4.25 ms - Host latency: 4.31445 ms (enqueue 3.51562 ms)
[10/04/2026-21:59:16] [I] Average on 1 runs - GPU latency: 4.24414 ms - Host latency: 4.31055 ms (enqueue 3.53125 ms)
[10/04/2026-21:59:16] [I] Average on 1 runs - GPU latency: 4.24609 ms - Host latency: 4.3125 ms (enqueue 3.55859 ms)
[10/04/2026-21:59:16] [I] Average on 1 runs - GPU latency: 4.25195 ms - Host latency: 4.31836 ms (enqueue 2.12109 ms)
[10/04/2026-21:59:16] [I] Average on 1 runs - GPU latency: 4.25195 ms - Host latency: 4.31641 ms (enqueue 3.5293 ms)
[10/04/2026-21:59:16] [I] Average on 1 runs - GPU latency: 4.25391 ms - Host latency: 4.33203 ms (enqueue 3.63281 ms)
[10/04/2026-21:59:16] [I] Average on 1 runs - GPU latency: 4.24805 ms - Host latency: 4.3125 ms (enqueue 3.39258 ms)
[10/04/2026-21:59:16] [I] Average on 1 runs - GPU latency: 4.25391 ms - Host latency: 4.32227 ms (enqueue 3.49805 ms)
[10/04/2026-21:59:16] [I] Average on 1 runs - GPU latency: 4.25586 ms - Host latency: 4.32031 ms (enqueue 3.52734 ms)
[10/04/2026-21:59:16] [I] Average on 1 runs - GPU latency: 4.24023 ms - Host latency: 4.30664 ms (enqueue 3.51758 ms)
[10/04/2026-21:59:16] [I] Average on 1 runs - GPU latency: 4.25195 ms - Host latency: 4.31641 ms (enqueue 3.54883 ms)
[10/04/2026-21:59:16] [I] Average on 1 runs - GPU latency: 4.25781 ms - Host latency: 4.32422 ms (enqueue 3.77148 ms)
[10/04/2026-21:59:16] [I] Average on 1 runs - GPU latency: 4.25195 ms - Host latency: 4.31836 ms (enqueue 2.11523 ms)
[10/04/2026-21:59:16] [I] Average on 1 runs - GPU latency: 4.29297 ms - Host latency: 4.35742 ms (enqueue 3.83594 ms)
[10/04/2026-21:59:16] [I] Average on 1 runs - GPU latency: 4.26172 ms - Host latency: 4.32617 ms (enqueue 3.8125 ms)
[10/04/2026-21:59:16] [I] Average on 1 runs - GPU latency: 4.25977 ms - Host latency: 4.32617 ms (enqueue 3.80859 ms)
[10/04/2026-21:59:16] [I] Average on 1 runs - GPU latency: 4.25781 ms - Host latency: 4.32422 ms (enqueue 3.79297 ms)
[10/04/2026-21:59:16] [I] Average on 1 runs - GPU latency: 4.29492 ms - Host latency: 4.36133 ms (enqueue 3.83789 ms)
[10/04/2026-21:59:16] [I] Average on 1 runs - GPU latency: 4.29297 ms - Host latency: 4.35742 ms (enqueue 3.8457 ms)
[10/04/2026-21:59:16] [I] Average on 1 runs - GPU latency: 4.31445 ms - Host latency: 4.38867 ms (enqueue 3.84961 ms)
[10/04/2026-21:59:16] [I] Average on 1 runs - GPU latency: 4.25781 ms - Host latency: 4.32422 ms (enqueue 3.62109 ms)
[10/04/2026-21:59:16] [I] Average on 1 runs - GPU latency: 4.31641 ms - Host latency: 4.37695 ms (enqueue 3.85742 ms)
[10/04/2026-21:59:16] [I] Average on 1 runs - GPU latency: 4.28711 ms - Host latency: 4.35352 ms (enqueue 3.83398 ms)
[10/04/2026-21:59:16] [I] Average on 1 runs - GPU latency: 4.36914 ms - Host latency: 4.4375 ms (enqueue 3.9043 ms)
[10/04/2026-21:59:16] [I] Average on 1 runs - GPU latency: 4.25391 ms - Host latency: 4.32031 ms (enqueue 3.80273 ms)
[10/04/2026-21:59:16] [I] Average on 1 runs - GPU latency: 4.62305 ms - Host latency: 4.68945 ms (enqueue 4.19141 ms)
[10/04/2026-21:59:16] [I] Average on 1 runs - GPU latency: 4.61328 ms - Host latency: 4.68164 ms (enqueue 4.17578 ms)
[10/04/2026-21:59:16] [I] Average on 1 runs - GPU latency: 4.56836 ms - Host latency: 4.63477 ms (enqueue 4.14453 ms)
[10/04/2026-21:59:16] [I] Average on 1 runs - GPU latency: 4.64062 ms - Host latency: 4.71094 ms (enqueue 4.20703 ms)
[10/04/2026-21:59:16] [I] Average on 1 runs - GPU latency: 4.24805 ms - Host latency: 4.30859 ms (enqueue 2.59961 ms)
[10/04/2026-21:59:16] [I] Average on 1 runs - GPU latency: 4.63281 ms - Host latency: 4.70117 ms (enqueue 4.20312 ms)
[10/04/2026-21:59:16] [I] Average on 1 runs - GPU latency: 4.56641 ms - Host latency: 4.63281 ms (enqueue 4.12305 ms)
[10/04/2026-21:59:16] [I] Average on 1 runs - GPU latency: 4.66016 ms - Host latency: 4.72656 ms (enqueue 4.22266 ms)
[10/04/2026-21:59:16] [I] Average on 1 runs - GPU latency: 4.50195 ms - Host latency: 4.56836 ms (enqueue 4.13281 ms)
[10/04/2026-21:59:16] [I] Average on 1 runs - GPU latency: 4.58008 ms - Host latency: 4.6543 ms (enqueue 4.13086 ms)
[10/04/2026-21:59:16] [I] Average on 1 runs - GPU latency: 4.59961 ms - Host latency: 4.66602 ms (enqueue 4.16406 ms)
[10/04/2026-21:59:16] [I] Average on 1 runs - GPU latency: 4.56836 ms - Host latency: 4.63477 ms (enqueue 4.12695 ms)
[10/04/2026-21:59:16] [I] Average on 1 runs - GPU latency: 4.25391 ms - Host latency: 4.31641 ms (enqueue 2.10938 ms)
[10/04/2026-21:59:16] [I] Average on 1 runs - GPU latency: 4.66016 ms - Host latency: 4.73242 ms (enqueue 4.22266 ms)
[10/04/2026-21:59:16] [I] Average on 1 runs - GPU latency: 4.50391 ms - Host latency: 4.57227 ms (enqueue 4.17578 ms)
[10/04/2026-21:59:16] [I] Average on 1 runs - GPU latency: 4.59766 ms - Host latency: 4.66406 ms (enqueue 4.16016 ms)
[10/04/2026-21:59:16] [I] Average on 1 runs - GPU latency: 4.58594 ms - Host latency: 4.6543 ms (enqueue 4.15039 ms)
[10/04/2026-21:59:16] [I] Average on 1 runs - GPU latency: 4.62891 ms - Host latency: 4.69727 ms (enqueue 4.19141 ms)
[10/04/2026-21:59:16] [I] Average on 1 runs - GPU latency: 4.65234 ms - Host latency: 4.72266 ms (enqueue 4.21289 ms)
[10/04/2026-21:59:16] [I] Average on 1 runs - GPU latency: 4.55859 ms - Host latency: 4.625 ms (enqueue 4.11914 ms)
[10/04/2026-21:59:16] [I] Average on 1 runs - GPU latency: 4.25586 ms - Host latency: 4.32422 ms (enqueue 2.28711 ms)
[10/04/2026-21:59:16] [I] Average on 1 runs - GPU latency: 4.62891 ms - Host latency: 4.69727 ms (enqueue 4.19336 ms)
[10/04/2026-21:59:16] [I] Average on 1 runs - GPU latency: 4.58789 ms - Host latency: 4.6543 ms (enqueue 4.15039 ms)
[10/04/2026-21:59:16] [I] Average on 1 runs - GPU latency: 4.56445 ms - Host latency: 4.62891 ms (enqueue 4.12305 ms)
[10/04/2026-21:59:16] [I] Average on 1 runs - GPU latency: 4.60547 ms - Host latency: 4.67969 ms (enqueue 4.17578 ms)
[10/04/2026-21:59:16] [I] Average on 1 runs - GPU latency: 4.53516 ms - Host latency: 4.60352 ms (enqueue 4.12891 ms)
[10/04/2026-21:59:16] [I] Average on 1 runs - GPU latency: 4.5918 ms - Host latency: 4.66016 ms (enqueue 4.1543 ms)
[10/04/2026-21:59:16] [I] Average on 1 runs - GPU latency: 4.57227 ms - Host latency: 4.64062 ms (enqueue 4.13281 ms)
[10/04/2026-21:59:16] [I] Average on 1 runs - GPU latency: 4.24805 ms - Host latency: 4.31641 ms (enqueue 2.91406 ms)
[10/04/2026-21:59:16] [I] Average on 1 runs - GPU latency: 4.52344 ms - Host latency: 4.58398 ms (enqueue 4.16016 ms)
[10/04/2026-21:59:16] [I] Average on 1 runs - GPU latency: 4.25195 ms - Host latency: 4.31836 ms (enqueue 2.97461 ms)
[10/04/2026-21:59:16] [I] Average on 1 runs - GPU latency: 4.55273 ms - Host latency: 4.61523 ms (enqueue 4.11523 ms)
[10/04/2026-21:59:16] [I] Average on 1 runs - GPU latency: 4.5625 ms - Host latency: 4.63281 ms (enqueue 4.12109 ms)
[10/04/2026-21:59:16] [I] Average on 1 runs - GPU latency: 4.50586 ms - Host latency: 4.57227 ms (enqueue 4.13867 ms)
[10/04/2026-21:59:16] [I] Average on 1 runs - GPU latency: 4.58008 ms - Host latency: 4.64844 ms (enqueue 4.14062 ms)
[10/04/2026-21:59:16] [I] Average on 1 runs - GPU latency: 4.58008 ms - Host latency: 4.64453 ms (enqueue 4.14453 ms)
[10/04/2026-21:59:16] [I] Average on 1 runs - GPU latency: 4.54297 ms - Host latency: 4.61133 ms (enqueue 3.9043 ms)
[10/04/2026-21:59:16] [I] Average on 1 runs - GPU latency: 4.5918 ms - Host latency: 4.6543 ms (enqueue 4.16602 ms)
[10/04/2026-21:59:16] [I] Average on 1 runs - GPU latency: 4.57422 ms - Host latency: 4.64258 ms (enqueue 4.13086 ms)
[10/04/2026-21:59:16] [I] Average on 1 runs - GPU latency: 4.60742 ms - Host latency: 4.67578 ms (enqueue 4.16797 ms)
[10/04/2026-21:59:16] [I] Average on 1 runs - GPU latency: 4.49805 ms - Host latency: 4.56445 ms (enqueue 4.14648 ms)
[10/04/2026-21:59:16] [I] Average on 1 runs - GPU latency: 4.56055 ms - Host latency: 4.63086 ms (enqueue 4.12305 ms)
[10/04/2026-21:59:16] [I] Average on 1 runs - GPU latency: 4.58789 ms - Host latency: 4.6543 ms (enqueue 4.15039 ms)
[10/04/2026-21:59:16] [I] Average on 1 runs - GPU latency: 4.55469 ms - Host latency: 4.62109 ms (enqueue 4.11914 ms)
[10/04/2026-21:59:16] [I] Average on 1 runs - GPU latency: 4.46875 ms - Host latency: 4.53711 ms (enqueue 3.81836 ms)
[10/04/2026-21:59:16] [I] Average on 1 runs - GPU latency: 4.55273 ms - Host latency: 4.61719 ms (enqueue 4.11523 ms)
[10/04/2026-21:59:16] [I] Average on 1 runs - GPU latency: 4.56055 ms - Host latency: 4.63672 ms (enqueue 4.11719 ms)
[10/04/2026-21:59:16] [I] Average on 1 runs - GPU latency: 4.52148 ms - Host latency: 4.58984 ms (enqueue 4.08398 ms)
[10/04/2026-21:59:16] [I] Average on 1 runs - GPU latency: 4.58203 ms - Host latency: 4.65039 ms (enqueue 4.14062 ms)
[10/04/2026-21:59:16] [I] Average on 1 runs - GPU latency: 4.54102 ms - Host latency: 4.60938 ms (enqueue 4.10352 ms)
[10/04/2026-21:59:16] [I] Average on 1 runs - GPU latency: 4.33203 ms - Host latency: 4.40039 ms (enqueue 3.78125 ms)
[10/04/2026-21:59:16] [I] Average on 1 runs - GPU latency: 4.26562 ms - Host latency: 4.33398 ms (enqueue 2.92383 ms)
[10/04/2026-21:59:16] [I] Average on 1 runs - GPU latency: 4.25 ms - Host latency: 4.32422 ms (enqueue 3.03906 ms)
[10/04/2026-21:59:16] [I] Average on 1 runs - GPU latency: 4.25195 ms - Host latency: 4.31836 ms (enqueue 2.25977 ms)
[10/04/2026-21:59:16] [I] Average on 1 runs - GPU latency: 4.25195 ms - Host latency: 4.31641 ms (enqueue 2.73633 ms)
[10/04/2026-21:59:16] [I] Average on 1 runs - GPU latency: 4.25 ms - Host latency: 4.31836 ms (enqueue 2.52344 ms)
[10/04/2026-21:59:16] [I] Average on 1 runs - GPU latency: 4.24414 ms - Host latency: 4.30664 ms (enqueue 2.55859 ms)
[10/04/2026-21:59:16] [I] Average on 1 runs - GPU latency: 4.25781 ms - Host latency: 4.32422 ms (enqueue 3.01953 ms)
[10/04/2026-21:59:16] [I] Average on 1 runs - GPU latency: 4.24609 ms - Host latency: 4.31445 ms (enqueue 2.71289 ms)
[10/04/2026-21:59:16] [I] Average on 1 runs - GPU latency: 4.25 ms - Host latency: 4.31445 ms (enqueue 2.54883 ms)
[10/04/2026-21:59:16] [I] Average on 1 runs - GPU latency: 4.24219 ms - Host latency: 4.30664 ms (enqueue 2.52344 ms)
[10/04/2026-21:59:16] [I] Average on 1 runs - GPU latency: 4.25391 ms - Host latency: 4.32227 ms (enqueue 2.48047 ms)
[10/04/2026-21:59:16] [I] Average on 1 runs - GPU latency: 4.25 ms - Host latency: 4.31445 ms (enqueue 3.54688 ms)
[10/04/2026-21:59:16] [I] Average on 1 runs - GPU latency: 4.25 ms - Host latency: 4.31641 ms (enqueue 2.72461 ms)
[10/04/2026-21:59:16] [I] Average on 1 runs - GPU latency: 4.24414 ms - Host latency: 4.31641 ms (enqueue 3.42188 ms)
[10/04/2026-21:59:16] [I] Average on 1 runs - GPU latency: 4.25195 ms - Host latency: 4.31641 ms (enqueue 3.50391 ms)
[10/04/2026-21:59:16] [I] Average on 1 runs - GPU latency: 4.24805 ms - Host latency: 4.31055 ms (enqueue 3.50195 ms)
[10/04/2026-21:59:16] [I] Average on 1 runs - GPU latency: 4.24414 ms - Host latency: 4.31055 ms (enqueue 3.51953 ms)
[10/04/2026-21:59:16] [I] Average on 1 runs - GPU latency: 4.25391 ms - Host latency: 4.31836 ms (enqueue 3.51562 ms)
[10/04/2026-21:59:16] [I] Average on 1 runs - GPU latency: 4.24609 ms - Host latency: 4.31055 ms (enqueue 3.54102 ms)
[10/04/2026-21:59:16] [I] Average on 1 runs - GPU latency: 4.24805 ms - Host latency: 4.32031 ms (enqueue 3.53906 ms)
[10/04/2026-21:59:16] [I] Average on 1 runs - GPU latency: 4.26562 ms - Host latency: 4.33203 ms (enqueue 3.48242 ms)
[10/04/2026-21:59:16] [I] Average on 1 runs - GPU latency: 4.24805 ms - Host latency: 4.31445 ms (enqueue 2.95117 ms)
[10/04/2026-21:59:16] [I] Average on 1 runs - GPU latency: 4.29102 ms - Host latency: 4.35156 ms (enqueue 3.83594 ms)
[10/04/2026-21:59:16] [I] Average on 1 runs - GPU latency: 4.27539 ms - Host latency: 4.3418 ms (enqueue 3.82617 ms)
[10/04/2026-21:59:16] [I] Average on 1 runs - GPU latency: 4.25781 ms - Host latency: 4.32422 ms (enqueue 3.79688 ms)
[10/04/2026-21:59:16] [I] Average on 1 runs - GPU latency: 4.25391 ms - Host latency: 4.32031 ms (enqueue 3.79102 ms)
[10/04/2026-21:59:16] [I] Average on 1 runs - GPU latency: 4.25586 ms - Host latency: 4.32227 ms (enqueue 3.79688 ms)
[10/04/2026-21:59:16] [I] Average on 1 runs - GPU latency: 4.2793 ms - Host latency: 4.3457 ms (enqueue 3.83008 ms)
[10/04/2026-21:59:16] [I] Average on 1 runs - GPU latency: 4.27539 ms - Host latency: 4.33984 ms (enqueue 3.82617 ms)
[10/04/2026-21:59:16] [I] Average on 1 runs - GPU latency: 4.25586 ms - Host latency: 4.32227 ms (enqueue 3.78711 ms)
[10/04/2026-21:59:16] [I] Average on 1 runs - GPU latency: 4.45508 ms - Host latency: 4.52344 ms (enqueue 3.99414 ms)
[10/04/2026-21:59:16] [I] Average on 1 runs - GPU latency: 4.26953 ms - Host latency: 4.33594 ms (enqueue 3.81836 ms)
[10/04/2026-21:59:16] [I] Average on 1 runs - GPU latency: 4.2832 ms - Host latency: 4.34961 ms (enqueue 3.81641 ms)
[10/04/2026-21:59:16] [I] Average on 1 runs - GPU latency: 4.5957 ms - Host latency: 4.66211 ms (enqueue 4.16602 ms)
[10/04/2026-21:59:16] [I] Average on 1 runs - GPU latency: 4.55469 ms - Host latency: 4.63672 ms (enqueue 4.11523 ms)
[10/04/2026-21:59:16] [I] Average on 1 runs - GPU latency: 4.57617 ms - Host latency: 4.64648 ms (enqueue 4.13477 ms)
[10/04/2026-21:59:16] [I] Average on 1 runs - GPU latency: 4.5293 ms - Host latency: 4.60352 ms (enqueue 4.08789 ms)
[10/04/2026-21:59:16] [I] Average on 1 runs - GPU latency: 4.62305 ms - Host latency: 4.68945 ms (enqueue 4.1875 ms)
[10/04/2026-21:59:16] [I] Average on 1 runs - GPU latency: 4.24805 ms - Host latency: 4.3125 ms (enqueue 2.08984 ms)
[10/04/2026-21:59:16] [I] Average on 1 runs - GPU latency: 4.55078 ms - Host latency: 4.61914 ms (enqueue 4.14648 ms)
[10/04/2026-21:59:16] [I] Average on 1 runs - GPU latency: 4.61328 ms - Host latency: 4.67969 ms (enqueue 4.17383 ms)
[10/04/2026-21:59:16] [I] Average on 1 runs - GPU latency: 4.57812 ms - Host latency: 4.64844 ms (enqueue 4.14062 ms)
[10/04/2026-21:59:16] [I] Average on 1 runs - GPU latency: 4.62109 ms - Host latency: 4.6875 ms (enqueue 4.18945 ms)
[10/04/2026-21:59:16] [I] Average on 1 runs - GPU latency: 4.5957 ms - Host latency: 4.66406 ms (enqueue 4.16016 ms)
[10/04/2026-21:59:16] [I] Average on 1 runs - GPU latency: 4.54492 ms - Host latency: 4.61133 ms (enqueue 4.13477 ms)
[10/04/2026-21:59:16] [I] Average on 1 runs - GPU latency: 4.57227 ms - Host latency: 4.63867 ms (enqueue 4.13672 ms)
[10/04/2026-21:59:16] [I] Average on 1 runs - GPU latency: 4.25195 ms - Host latency: 4.32031 ms (enqueue 2.27344 ms)
[10/04/2026-21:59:16] [I] Average on 1 runs - GPU latency: 4.61523 ms - Host latency: 4.68164 ms (enqueue 4.17969 ms)
[10/04/2026-21:59:16] [I] Average on 1 runs - GPU latency: 4.61719 ms - Host latency: 4.68359 ms (enqueue 4.17578 ms)
[10/04/2026-21:59:16] [I] Average on 1 runs - GPU latency: 4.58594 ms - Host latency: 4.6543 ms (enqueue 4.14062 ms)
[10/04/2026-21:59:16] [I] Average on 1 runs - GPU latency: 4.61328 ms - Host latency: 4.68945 ms (enqueue 4.18164 ms)
[10/04/2026-21:59:16] [I] Average on 1 runs - GPU latency: 4.57422 ms - Host latency: 4.64062 ms (enqueue 4.13281 ms)
[10/04/2026-21:59:16] [I] Average on 1 runs - GPU latency: 4.55664 ms - Host latency: 4.63086 ms (enqueue 4.12109 ms)
[10/04/2026-21:59:16] [I] Average on 1 runs - GPU latency: 4.55273 ms - Host latency: 4.62109 ms (enqueue 4.10938 ms)
[10/04/2026-21:59:16] [I] Average on 1 runs - GPU latency: 4.25 ms - Host latency: 4.31836 ms (enqueue 3 ms)
[10/04/2026-21:59:16] [I] Average on 1 runs - GPU latency: 4.67578 ms - Host latency: 4.73828 ms (enqueue 4.24414 ms)
[10/04/2026-21:59:16] [I] Average on 1 runs - GPU latency: 4.30664 ms - Host latency: 4.37109 ms (enqueue 3.84766 ms)
[10/04/2026-21:59:16] [I] Average on 1 runs - GPU latency: 4.29688 ms - Host latency: 4.36523 ms (enqueue 3.83398 ms)
[10/04/2026-21:59:16] [I] Average on 1 runs - GPU latency: 4.29688 ms - Host latency: 4.36914 ms (enqueue 3.83789 ms)
[10/04/2026-21:59:16] [I] Average on 1 runs - GPU latency: 4.28516 ms - Host latency: 4.35352 ms (enqueue 3.83008 ms)
[10/04/2026-21:59:16] [I] Average on 1 runs - GPU latency: 4.26367 ms - Host latency: 4.32812 ms (enqueue 3.8125 ms)
[10/04/2026-21:59:16] [I] Average on 1 runs - GPU latency: 4.54297 ms - Host latency: 4.60938 ms (enqueue 4.11133 ms)
[10/04/2026-21:59:16] [I] Average on 1 runs - GPU latency: 4.54102 ms - Host latency: 4.61719 ms (enqueue 4.00195 ms)
[10/04/2026-21:59:16] [I] Average on 1 runs - GPU latency: 4.52539 ms - Host latency: 4.58594 ms (enqueue 4.10156 ms)
[10/04/2026-21:59:16] [I] Average on 1 runs - GPU latency: 4.58008 ms - Host latency: 4.64844 ms (enqueue 4.14453 ms)
[10/04/2026-21:59:16] [I] Average on 1 runs - GPU latency: 4.56445 ms - Host latency: 4.63281 ms (enqueue 4.13477 ms)
[10/04/2026-21:59:16] [I] Average on 1 runs - GPU latency: 4.55469 ms - Host latency: 4.625 ms (enqueue 4.11914 ms)
[10/04/2026-21:59:16] [I] Average on 1 runs - GPU latency: 4.58398 ms - Host latency: 4.65039 ms (enqueue 4.14258 ms)
[10/04/2026-21:59:16] [I] Average on 1 runs - GPU latency: 4.55078 ms - Host latency: 4.61914 ms (enqueue 4.11719 ms)
[10/04/2026-21:59:16] [I] Average on 1 runs - GPU latency: 4.59961 ms - Host latency: 4.66797 ms (enqueue 4.15625 ms)
[10/04/2026-21:59:16] [I] Average on 1 runs - GPU latency: 4.53906 ms - Host latency: 4.60742 ms (enqueue 3.89258 ms)
[10/04/2026-21:59:16] [I] Average on 1 runs - GPU latency: 4.62891 ms - Host latency: 4.69336 ms (enqueue 4.19922 ms)
[10/04/2026-21:59:16] [I] Average on 1 runs - GPU latency: 4.56836 ms - Host latency: 4.63477 ms (enqueue 4.15625 ms)
[10/04/2026-21:59:16] [I] Average on 1 runs - GPU latency: 4.64258 ms - Host latency: 4.70898 ms (enqueue 4.20898 ms)
[10/04/2026-21:59:16] [I] Average on 1 runs - GPU latency: 4.60352 ms - Host latency: 4.67188 ms (enqueue 4.16602 ms)
[10/04/2026-21:59:16] [I] Average on 1 runs - GPU latency: 4.55664 ms - Host latency: 4.625 ms (enqueue 4.12109 ms)
[10/04/2026-21:59:16] [I] Average on 1 runs - GPU latency: 4.60156 ms - Host latency: 4.66797 ms (enqueue 4.16016 ms)
[10/04/2026-21:59:16] [I] Average on 1 runs - GPU latency: 4.52734 ms - Host latency: 4.59375 ms (enqueue 4.13867 ms)
[10/04/2026-21:59:16] [I] Average on 1 runs - GPU latency: 4.40039 ms - Host latency: 4.47266 ms (enqueue 3.74023 ms)
[10/04/2026-21:59:16] [I] Average on 1 runs - GPU latency: 4.59375 ms - Host latency: 4.66602 ms (enqueue 4.19336 ms)
[10/04/2026-21:59:16] [I] Average on 1 runs - GPU latency: 4.57812 ms - Host latency: 4.64453 ms (enqueue 4.14258 ms)
[10/04/2026-21:59:16] [I] Average on 1 runs - GPU latency: 4.54883 ms - Host latency: 4.61523 ms (enqueue 4.10742 ms)
[10/04/2026-21:59:16] [I] Average on 1 runs - GPU latency: 4.59375 ms - Host latency: 4.66016 ms (enqueue 4.1543 ms)
[10/04/2026-21:59:16] [I] Average on 1 runs - GPU latency: 4.59375 ms - Host latency: 4.66211 ms (enqueue 4.1543 ms)
[10/04/2026-21:59:16] [I] Average on 1 runs - GPU latency: 4.5625 ms - Host latency: 4.62891 ms (enqueue 4.12305 ms)
[10/04/2026-21:59:16] [I] Average on 1 runs - GPU latency: 4.58984 ms - Host latency: 4.66211 ms (enqueue 4.14844 ms)
[10/04/2026-21:59:16] [I] Average on 1 runs - GPU latency: 4.28125 ms - Host latency: 4.34961 ms (enqueue 3.64062 ms)
[10/04/2026-21:59:16] [I] Average on 1 runs - GPU latency: 4.57227 ms - Host latency: 4.63086 ms (enqueue 4.14453 ms)
[10/04/2026-21:59:16] [I] Average on 1 runs - GPU latency: 4.26367 ms - Host latency: 4.33008 ms (enqueue 3.19336 ms)
[10/04/2026-21:59:16] [I] 
[10/04/2026-21:59:16] [I] === Performance summary ===
[10/04/2026-21:59:16] [I] Throughput: 169.857 qps
[10/04/2026-21:59:16] [I] Latency: min = 4.29883 ms, max = 6.13037 ms, mean = 4.48568 ms, median = 4.3811 ms, percentile(90%) = 4.69434 ms, percentile(95%) = 4.71191 ms, percentile(99%) = 4.79541 ms
[10/04/2026-21:59:16] [I] Enqueue Time: min = 2.07129 ms, max = 5.60913 ms, mean = 3.71588 ms, median = 3.84741 ms, percentile(90%) = 4.19141 ms, percentile(95%) = 4.20996 ms, percentile(99%) = 4.29395 ms
[10/04/2026-21:59:16] [I] H2D Latency: min = 0.0546875 ms, max = 0.13501 ms, mean = 0.0640296 ms, median = 0.0634766 ms, percentile(90%) = 0.0693359 ms, percentile(95%) = 0.0722656 ms, percentile(99%) = 0.0805664 ms
[10/04/2026-21:59:16] [I] GPU Compute Time: min = 4.23535 ms, max = 6.04248 ms, mean = 4.41768 ms, median = 4.31396 ms, percentile(90%) = 4.62598 ms, percentile(95%) = 4.64307 ms, percentile(99%) = 4.72168 ms
[10/04/2026-21:59:16] [I] D2H Latency: min = 0.00195312 ms, max = 0.00976562 ms, mean = 0.00396618 ms, median = 0.00390625 ms, percentile(90%) = 0.00488281 ms, percentile(95%) = 0.00488281 ms, percentile(99%) = 0.00585938 ms
[10/04/2026-21:59:16] [I] Total Host Walltime: 15.0126 s
[10/04/2026-21:59:16] [I] Total GPU Compute Time: 11.2651 s
[10/04/2026-21:59:16] [I] Explanations of the performance metrics are printed in the verbose logs.
[10/04/2026-21:59:16] [I] 
&&&& PASSED TensorRT.trtexec [TensorRT v100300] # /usr/src/tensorrt/bin/trtexec --loadEngine=/tmp/yolo26n_84172_uint8_fp16_opt3.engine --warmUp=3000 --duration=15 --idleTime=2 --avgRuns=1
