&&&& RUNNING TensorRT.trtexec [TensorRT v100300] # /usr/src/tensorrt/bin/trtexec --loadEngine=/tmp/yolo26n_84172_uint8_fp16_opt3.engine --warmUp=3000 --duration=15 --idleTime=0 --avgRuns=1
[10/06/2026-16:13:19] [I] === Model Options ===
[10/06/2026-16:13:19] [I] Format: *
[10/06/2026-16:13:19] [I] Model: 
[10/06/2026-16:13:19] [I] Output:
[10/06/2026-16:13:19] [I] 
[10/06/2026-16:13:19] [I] === System Options ===
[10/06/2026-16:13:19] [I] Device: 0
[10/06/2026-16:13:19] [I] DLACore: 
[10/06/2026-16:13:19] [I] Plugins:
[10/06/2026-16:13:19] [I] setPluginsToSerialize:
[10/06/2026-16:13:19] [I] dynamicPlugins:
[10/06/2026-16:13:19] [I] ignoreParsedPluginLibs: 0
[10/06/2026-16:13:19] [I] 
[10/06/2026-16:13:19] [I] === Inference Options ===
[10/06/2026-16:13:19] [I] Batch: Explicit
[10/06/2026-16:13:19] [I] Input inference shapes: model
[10/06/2026-16:13:19] [I] Iterations: 10
[10/06/2026-16:13:19] [I] Duration: 15s (+ 3000ms warm up)
[10/06/2026-16:13:19] [I] Sleep time: 0ms
[10/06/2026-16:13:19] [I] Idle time: 0ms
[10/06/2026-16:13:19] [I] Inference Streams: 1
[10/06/2026-16:13:19] [I] ExposeDMA: Disabled
[10/06/2026-16:13:19] [I] Data transfers: Enabled
[10/06/2026-16:13:19] [I] Spin-wait: Disabled
[10/06/2026-16:13:19] [I] Multithreading: Disabled
[10/06/2026-16:13:19] [I] CUDA Graph: Disabled
[10/06/2026-16:13:19] [I] Separate profiling: Disabled
[10/06/2026-16:13:19] [I] Time Deserialize: Disabled
[10/06/2026-16:13:19] [I] Time Refit: Disabled
[10/06/2026-16:13:19] [I] NVTX verbosity: 0
[10/06/2026-16:13:19] [I] Persistent Cache Ratio: 0
[10/06/2026-16:13:19] [I] Optimization Profile Index: 0
[10/06/2026-16:13:19] [I] Weight Streaming Budget: 100.000000%
[10/06/2026-16:13:19] [I] Inputs:
[10/06/2026-16:13:19] [I] Debug Tensor Save Destinations:
[10/06/2026-16:13:19] [I] === Reporting Options ===
[10/06/2026-16:13:19] [I] Verbose: Disabled
[10/06/2026-16:13:19] [I] Averages: 1 inferences
[10/06/2026-16:13:19] [I] Percentiles: 90,95,99
[10/06/2026-16:13:19] [I] Dump refittable layers:Disabled
[10/06/2026-16:13:19] [I] Dump output: Disabled
[10/06/2026-16:13:19] [I] Profile: Disabled
[10/06/2026-16:13:19] [I] Export timing to JSON file: 
[10/06/2026-16:13:19] [I] Export output to JSON file: 
[10/06/2026-16:13:19] [I] Export profile to JSON file: 
[10/06/2026-16:13:19] [I] 
[10/06/2026-16:13:19] [I] === Device Information ===
[10/06/2026-16:13:19] [I] Available Devices: 
[10/06/2026-16:13:19] [I]   Device 0: "Orin" UUID: GPU-6e16c2c1-e394-5324-8f2e-63a975968f4e
[10/06/2026-16:13:19] [I] Selected Device: Orin
[10/06/2026-16:13:19] [I] Selected Device ID: 0
[10/06/2026-16:13:19] [I] Selected Device UUID: GPU-6e16c2c1-e394-5324-8f2e-63a975968f4e
[10/06/2026-16:13:19] [I] Compute Capability: 8.7
[10/06/2026-16:13:19] [I] SMs: 8
[10/06/2026-16:13:19] [I] Device Global Memory: 7607 MiB
[10/06/2026-16:13:19] [I] Shared Memory per SM: 164 KiB
[10/06/2026-16:13:19] [I] Memory Bus Width: 128 bits (ECC disabled)
[10/06/2026-16:13:19] [I] Application Compute Clock Rate: 1.02 GHz
[10/06/2026-16:13:19] [I] Application Memory Clock Rate: 0.612 GHz
[10/06/2026-16:13:19] [I] 
[10/06/2026-16:13:19] [I] Note: The application clock rates do not reflect the actual clock rates that the GPU is currently running at.
[10/06/2026-16:13:19] [I] 
[10/06/2026-16:13:19] [I] TensorRT version: 10.3.0
[10/06/2026-16:13:19] [I] Loading standard plugins
[10/06/2026-16:13:19] [I] [TRT] Loaded engine size: 7 MiB
[10/06/2026-16:13:19] [I] Engine deserialized in 0.0724309 sec.
[10/06/2026-16:13:19] [I] [TRT] [MemUsageChange] TensorRT-managed allocation in IExecutionContext creation: CPU +0, GPU +12, now: CPU 0, GPU 16 (MiB)
[10/06/2026-16:13:19] [I] Setting persistentCacheLimit to 0 bytes.
[10/06/2026-16:13:19] [I] Created execution context with device memory size: 12.207 MiB
[10/06/2026-16:13:19] [I] Using random values for input images
[10/06/2026-16:13:19] [I] Input binding for images with dimensions 1x640x640x3 is created.
[10/06/2026-16:13:19] [I] Output binding for output0 with dimensions 1x300x6 is created.
[10/06/2026-16:13:19] [I] Starting inference
[10/06/2026-16:13:37] [I] Warmup completed 448 queries over 3000 ms
[10/06/2026-16:13:37] [I] Timing trace has 2320 queries over 15.0183 s
[10/06/2026-16:13:37] [I] 
[10/06/2026-16:13:37] [I] === Trace details ===
[10/06/2026-16:13:37] [I] Trace averages of 1 runs:
[10/06/2026-16:13:37] [I] Average on 1 runs - GPU latency: 6.47729 ms - Host latency: 6.61011 ms (enqueue 4.33765 ms)
[10/06/2026-16:13:37] [I] Average on 1 runs - GPU latency: 6.49023 ms - Host latency: 6.61206 ms (enqueue 4.3374 ms)
[10/06/2026-16:13:37] [I] Average on 1 runs - GPU latency: 6.48511 ms - Host latency: 6.6311 ms (enqueue 4.27295 ms)
[10/06/2026-16:13:37] [I] Average on 1 runs - GPU latency: 6.48047 ms - Host latency: 6.60791 ms (enqueue 4.32153 ms)
[10/06/2026-16:13:37] [I] Average on 1 runs - GPU latency: 6.47754 ms - Host latency: 6.58521 ms (enqueue 4.2146 ms)
[10/06/2026-16:13:37] [I] Average on 1 runs - GPU latency: 6.49731 ms - Host latency: 6.62231 ms (enqueue 4.25952 ms)
[10/06/2026-16:13:37] [I] Average on 1 runs - GPU latency: 6.44385 ms - Host latency: 6.5481 ms (enqueue 4.2915 ms)
[10/06/2026-16:13:37] [I] Average on 1 runs - GPU latency: 6.47559 ms - Host latency: 6.58521 ms (enqueue 4.24829 ms)
[10/06/2026-16:13:37] [I] Average on 1 runs - GPU latency: 6.46899 ms - Host latency: 6.58643 ms (enqueue 4.28345 ms)
[10/06/2026-16:13:37] [I] Average on 1 runs - GPU latency: 6.47632 ms - Host latency: 6.604 ms (enqueue 4.28418 ms)
[10/06/2026-16:13:37] [I] Average on 1 runs - GPU latency: 6.47412 ms - Host latency: 6.57764 ms (enqueue 4.26147 ms)
[10/06/2026-16:13:37] [I] Average on 1 runs - GPU latency: 6.47607 ms - Host latency: 6.58276 ms (enqueue 4.30542 ms)
[10/06/2026-16:13:37] [I] Average on 1 runs - GPU latency: 6.48022 ms - Host latency: 6.60376 ms (enqueue 4.23511 ms)
[10/06/2026-16:13:37] [I] Average on 1 runs - GPU latency: 6.4585 ms - Host latency: 6.58813 ms (enqueue 4.24561 ms)
[10/06/2026-16:13:37] [I] Average on 1 runs - GPU latency: 6.479 ms - Host latency: 6.60449 ms (enqueue 4.27954 ms)
[10/06/2026-16:13:37] [I] Average on 1 runs - GPU latency: 6.48193 ms - Host latency: 6.59521 ms (enqueue 4.21851 ms)
[10/06/2026-16:13:37] [I] Average on 1 runs - GPU latency: 6.47852 ms - Host latency: 6.60522 ms (enqueue 4.27686 ms)
[10/06/2026-16:13:37] [I] Average on 1 runs - GPU latency: 6.4585 ms - Host latency: 6.57397 ms (enqueue 4.24121 ms)
[10/06/2026-16:13:37] [I] Average on 1 runs - GPU latency: 6.43213 ms - Host latency: 6.55347 ms (enqueue 4.2085 ms)
[10/06/2026-16:13:37] [I] Average on 1 runs - GPU latency: 6.37671 ms - Host latency: 6.50024 ms (enqueue 4.30176 ms)
[10/06/2026-16:13:37] [I] Average on 1 runs - GPU latency: 6.38867 ms - Host latency: 6.48828 ms (enqueue 4.22974 ms)
[10/06/2026-16:13:37] [I] Average on 1 runs - GPU latency: 6.41626 ms - Host latency: 6.51904 ms (enqueue 4.19629 ms)
[10/06/2026-16:13:37] [I] Average on 1 runs - GPU latency: 6.43896 ms - Host latency: 6.57446 ms (enqueue 4.22974 ms)
[10/06/2026-16:13:37] [I] Average on 1 runs - GPU latency: 6.37598 ms - Host latency: 6.47778 ms (enqueue 4.27173 ms)
[10/06/2026-16:13:37] [I] Average on 1 runs - GPU latency: 6.41602 ms - Host latency: 6.51538 ms (enqueue 4.20654 ms)
[10/06/2026-16:13:37] [I] Average on 1 runs - GPU latency: 6.4856 ms - Host latency: 6.5874 ms (enqueue 4.18335 ms)
[10/06/2026-16:13:37] [I] Average on 1 runs - GPU latency: 6.47681 ms - Host latency: 6.58081 ms (enqueue 4.21069 ms)
[10/06/2026-16:13:37] [I] Average on 1 runs - GPU latency: 6.47534 ms - Host latency: 6.57788 ms (enqueue 4.27417 ms)
[10/06/2026-16:13:37] [I] Average on 1 runs - GPU latency: 6.47803 ms - Host latency: 6.58374 ms (enqueue 4.2041 ms)
[10/06/2026-16:13:37] [I] Average on 1 runs - GPU latency: 6.43872 ms - Host latency: 6.5813 ms (enqueue 4.28125 ms)
[10/06/2026-16:13:37] [I] Average on 1 runs - GPU latency: 6.46582 ms - Host latency: 6.56934 ms (enqueue 4.15552 ms)
[10/06/2026-16:13:37] [I] Average on 1 runs - GPU latency: 6.47632 ms - Host latency: 6.57959 ms (enqueue 4.29053 ms)
[10/06/2026-16:13:37] [I] Average on 1 runs - GPU latency: 6.48169 ms - Host latency: 6.58374 ms (enqueue 4.21924 ms)
[10/06/2026-16:13:37] [I] Average on 1 runs - GPU latency: 6.47778 ms - Host latency: 6.58057 ms (enqueue 4.23657 ms)
[10/06/2026-16:13:37] [I] Average on 1 runs - GPU latency: 6.47266 ms - Host latency: 6.60303 ms (enqueue 4.20435 ms)
[10/06/2026-16:13:37] [I] Average on 1 runs - GPU latency: 6.48145 ms - Host latency: 6.59229 ms (enqueue 4.18262 ms)
[10/06/2026-16:13:37] [I] Average on 1 runs - GPU latency: 6.46704 ms - Host latency: 6.57886 ms (enqueue 4.24365 ms)
[10/06/2026-16:13:37] [I] Average on 1 runs - GPU latency: 6.4209 ms - Host latency: 6.52588 ms (enqueue 4.28174 ms)
[10/06/2026-16:13:37] [I] Average on 1 runs - GPU latency: 6.46021 ms - Host latency: 6.60352 ms (enqueue 4.15161 ms)
[10/06/2026-16:13:37] [I] Average on 1 runs - GPU latency: 6.48584 ms - Host latency: 6.59204 ms (enqueue 4.17847 ms)
[10/06/2026-16:13:37] [I] Average on 1 runs - GPU latency: 6.48389 ms - Host latency: 6.61865 ms (enqueue 4.21411 ms)
[10/06/2026-16:13:37] [I] Average on 1 runs - GPU latency: 6.48584 ms - Host latency: 6.6123 ms (enqueue 4.1355 ms)
[10/06/2026-16:13:37] [I] Average on 1 runs - GPU latency: 6.4751 ms - Host latency: 6.59741 ms (enqueue 4.2356 ms)
[10/06/2026-16:13:37] [I] Average on 1 runs - GPU latency: 6.46973 ms - Host latency: 6.59692 ms (enqueue 4.17529 ms)
[10/06/2026-16:13:37] [I] Average on 1 runs - GPU latency: 6.44067 ms - Host latency: 6.55908 ms (enqueue 4.271 ms)
[10/06/2026-16:13:37] [I] Average on 1 runs - GPU latency: 6.46631 ms - Host latency: 6.56909 ms (enqueue 4.23926 ms)
[10/06/2026-16:13:37] [I] Average on 1 runs - GPU latency: 6.47583 ms - Host latency: 6.58203 ms (enqueue 4.21021 ms)
[10/06/2026-16:13:37] [I] Average on 1 runs - GPU latency: 6.47803 ms - Host latency: 6.58325 ms (enqueue 4.19604 ms)
[10/06/2026-16:13:37] [I] Average on 1 runs - GPU latency: 6.4812 ms - Host latency: 6.58228 ms (enqueue 4.21143 ms)
[10/06/2026-16:13:37] [I] Average on 1 runs - GPU latency: 6.48364 ms - Host latency: 6.58862 ms (enqueue 4.28979 ms)
[10/06/2026-16:13:37] [I] Average on 1 runs - GPU latency: 6.48438 ms - Host latency: 6.61157 ms (enqueue 4.28418 ms)
[10/06/2026-16:13:37] [I] Average on 1 runs - GPU latency: 6.48413 ms - Host latency: 6.604 ms (enqueue 4.23608 ms)
[10/06/2026-16:13:37] [I] Average on 1 runs - GPU latency: 6.4209 ms - Host latency: 6.54883 ms (enqueue 4.22168 ms)
[10/06/2026-16:13:37] [I] Average on 1 runs - GPU latency: 6.48071 ms - Host latency: 6.60083 ms (enqueue 4.24341 ms)
[10/06/2026-16:13:37] [I] Average on 1 runs - GPU latency: 6.47485 ms - Host latency: 6.59814 ms (enqueue 4.19165 ms)
[10/06/2026-16:13:37] [I] Average on 1 runs - GPU latency: 6.47217 ms - Host latency: 6.59814 ms (enqueue 4.28394 ms)
[10/06/2026-16:13:37] [I] Average on 1 runs - GPU latency: 6.46899 ms - Host latency: 6.59058 ms (enqueue 4.2417 ms)
[10/06/2026-16:13:37] [I] Average on 1 runs - GPU latency: 6.46948 ms - Host latency: 6.57886 ms (enqueue 4.22388 ms)
[10/06/2026-16:13:37] [I] Average on 1 runs - GPU latency: 6.48633 ms - Host latency: 6.59131 ms (enqueue 4.24219 ms)
[10/06/2026-16:13:37] [I] Average on 1 runs - GPU latency: 6.46631 ms - Host latency: 6.59448 ms (enqueue 4.198 ms)
[10/06/2026-16:13:37] [I] Average on 1 runs - GPU latency: 6.44409 ms - Host latency: 6.54883 ms (enqueue 4.23657 ms)
[10/06/2026-16:13:37] [I] Average on 1 runs - GPU latency: 6.48022 ms - Host latency: 6.59351 ms (enqueue 4.17847 ms)
[10/06/2026-16:13:37] [I] Average on 1 runs - GPU latency: 6.47998 ms - Host latency: 6.59668 ms (enqueue 4.2251 ms)
[10/06/2026-16:13:37] [I] Average on 1 runs - GPU latency: 6.47632 ms - Host latency: 6.58618 ms (enqueue 4.25537 ms)
[10/06/2026-16:13:37] [I] Average on 1 runs - GPU latency: 6.47559 ms - Host latency: 6.57861 ms (enqueue 4.24756 ms)
[10/06/2026-16:13:37] [I] Average on 1 runs - GPU latency: 6.48022 ms - Host latency: 6.5957 ms (enqueue 4.27441 ms)
[10/06/2026-16:13:37] [I] Average on 1 runs - GPU latency: 6.47266 ms - Host latency: 6.62817 ms (enqueue 4.31616 ms)
[10/06/2026-16:13:37] [I] Average on 1 runs - GPU latency: 6.47388 ms - Host latency: 6.58081 ms (enqueue 4.34961 ms)
[10/06/2026-16:13:37] [I] Average on 1 runs - GPU latency: 6.42334 ms - Host latency: 6.52832 ms (enqueue 4.25269 ms)
[10/06/2026-16:13:37] [I] Average on 1 runs - GPU latency: 6.48584 ms - Host latency: 6.58936 ms (enqueue 4.16016 ms)
[10/06/2026-16:13:37] [I] Average on 1 runs - GPU latency: 6.48218 ms - Host latency: 6.62598 ms (enqueue 4.23975 ms)
[10/06/2026-16:13:37] [I] Average on 1 runs - GPU latency: 6.47412 ms - Host latency: 6.58398 ms (enqueue 4.2124 ms)
[10/06/2026-16:13:37] [I] Average on 1 runs - GPU latency: 6.48462 ms - Host latency: 6.59277 ms (enqueue 4.22461 ms)
[10/06/2026-16:13:37] [I] Average on 1 runs - GPU latency: 6.48389 ms - Host latency: 6.6062 ms (enqueue 4.28369 ms)
[10/06/2026-16:13:37] [I] Average on 1 runs - GPU latency: 6.4751 ms - Host latency: 6.5835 ms (enqueue 4.24219 ms)
[10/06/2026-16:13:37] [I] Average on 1 runs - GPU latency: 6.45093 ms - Host latency: 6.5603 ms (enqueue 4.22876 ms)
[10/06/2026-16:13:37] [I] Average on 1 runs - GPU latency: 6.42529 ms - Host latency: 6.56079 ms (enqueue 4.22827 ms)
[10/06/2026-16:13:37] [I] Average on 1 runs - GPU latency: 6.48096 ms - Host latency: 6.61084 ms (enqueue 4.17236 ms)
[10/06/2026-16:13:37] [I] Average on 1 runs - GPU latency: 6.47388 ms - Host latency: 6.58252 ms (enqueue 4.25732 ms)
[10/06/2026-16:13:37] [I] Average on 1 runs - GPU latency: 6.48242 ms - Host latency: 6.60425 ms (enqueue 4.24658 ms)
[10/06/2026-16:13:37] [I] Average on 1 runs - GPU latency: 6.47852 ms - Host latency: 6.65088 ms (enqueue 4.27856 ms)
[10/06/2026-16:13:37] [I] Average on 1 runs - GPU latency: 6.48389 ms - Host latency: 6.58667 ms (enqueue 4.28467 ms)
[10/06/2026-16:13:37] [I] Average on 1 runs - GPU latency: 6.46826 ms - Host latency: 6.57715 ms (enqueue 4.21875 ms)
[10/06/2026-16:13:37] [I] Average on 1 runs - GPU latency: 6.42163 ms - Host latency: 6.52759 ms (enqueue 4.2019 ms)
[10/06/2026-16:13:37] [I] Average on 1 runs - GPU latency: 6.47827 ms - Host latency: 6.59351 ms (enqueue 4.25146 ms)
[10/06/2026-16:13:37] [I] Average on 1 runs - GPU latency: 6.47852 ms - Host latency: 6.60718 ms (enqueue 4.25732 ms)
[10/06/2026-16:13:37] [I] Average on 1 runs - GPU latency: 6.47778 ms - Host latency: 6.58643 ms (enqueue 4.22998 ms)
[10/06/2026-16:13:37] [I] Average on 1 runs - GPU latency: 6.47681 ms - Host latency: 6.58179 ms (enqueue 4.23633 ms)
[10/06/2026-16:13:37] [I] Average on 1 runs - GPU latency: 6.47144 ms - Host latency: 6.58081 ms (enqueue 4.26074 ms)
[10/06/2026-16:13:37] [I] Average on 1 runs - GPU latency: 6.46851 ms - Host latency: 6.57764 ms (enqueue 4.22949 ms)
[10/06/2026-16:13:37] [I] Average on 1 runs - GPU latency: 6.46948 ms - Host latency: 6.58716 ms (enqueue 4.22778 ms)
[10/06/2026-16:13:37] [I] Average on 1 runs - GPU latency: 6.39209 ms - Host latency: 6.49438 ms (enqueue 4.21606 ms)
[10/06/2026-16:13:37] [I] Average on 1 runs - GPU latency: 6.47266 ms - Host latency: 6.60498 ms (enqueue 4.12305 ms)
[10/06/2026-16:13:37] [I] Average on 1 runs - GPU latency: 6.47925 ms - Host latency: 6.58789 ms (enqueue 4.26001 ms)
[10/06/2026-16:13:37] [I] Average on 1 runs - GPU latency: 6.47632 ms - Host latency: 6.57959 ms (enqueue 4.22998 ms)
[10/06/2026-16:13:37] [I] Average on 1 runs - GPU latency: 6.47583 ms - Host latency: 6.57983 ms (enqueue 4.21265 ms)
[10/06/2026-16:13:37] [I] Average on 1 runs - GPU latency: 6.48218 ms - Host latency: 6.58838 ms (enqueue 4.23706 ms)
[10/06/2026-16:13:37] [I] Average on 1 runs - GPU latency: 6.46436 ms - Host latency: 6.57568 ms (enqueue 4.24707 ms)
[10/06/2026-16:13:37] [I] Average on 1 runs - GPU latency: 6.47925 ms - Host latency: 6.58691 ms (enqueue 4.17407 ms)
[10/06/2026-16:13:37] [I] Average on 1 runs - GPU latency: 6.47485 ms - Host latency: 6.57861 ms (enqueue 4.1875 ms)
[10/06/2026-16:13:37] [I] Average on 1 runs - GPU latency: 6.48535 ms - Host latency: 6.59448 ms (enqueue 4.20117 ms)
[10/06/2026-16:13:37] [I] Average on 1 runs - GPU latency: 6.47949 ms - Host latency: 6.59497 ms (enqueue 4.31396 ms)
[10/06/2026-16:13:37] [I] Average on 1 runs - GPU latency: 6.46631 ms - Host latency: 6.56934 ms (enqueue 4.29199 ms)
[10/06/2026-16:13:37] [I] Average on 1 runs - GPU latency: 6.4668 ms - Host latency: 6.5708 ms (enqueue 4.20288 ms)
[10/06/2026-16:13:37] [I] Average on 1 runs - GPU latency: 6.4209 ms - Host latency: 6.52686 ms (enqueue 4.19141 ms)
[10/06/2026-16:13:37] [I] Average on 1 runs - GPU latency: 6.3894 ms - Host latency: 6.50122 ms (enqueue 4.21387 ms)
[10/06/2026-16:13:37] [I] Average on 1 runs - GPU latency: 6.38696 ms - Host latency: 6.5127 ms (enqueue 4.22388 ms)
[10/06/2026-16:13:37] [I] Average on 1 runs - GPU latency: 6.4375 ms - Host latency: 6.53638 ms (enqueue 4.16626 ms)
[10/06/2026-16:13:37] [I] Average on 1 runs - GPU latency: 6.38745 ms - Host latency: 6.49219 ms (enqueue 4.20264 ms)
[10/06/2026-16:13:37] [I] Average on 1 runs - GPU latency: 6.3894 ms - Host latency: 6.49683 ms (enqueue 4.18311 ms)
[10/06/2026-16:13:37] [I] Average on 1 runs - GPU latency: 6.40137 ms - Host latency: 6.50757 ms (enqueue 4.18555 ms)
[10/06/2026-16:13:37] [I] Average on 1 runs - GPU latency: 6.48193 ms - Host latency: 6.63623 ms (enqueue 4.16382 ms)
[10/06/2026-16:13:37] [I] Average on 1 runs - GPU latency: 6.47095 ms - Host latency: 6.58984 ms (enqueue 4.2417 ms)
[10/06/2026-16:13:37] [I] Average on 1 runs - GPU latency: 6.47998 ms - Host latency: 6.59668 ms (enqueue 4.28174 ms)
[10/06/2026-16:13:37] [I] Average on 1 runs - GPU latency: 6.43262 ms - Host latency: 6.55127 ms (enqueue 4.24438 ms)
[10/06/2026-16:13:37] [I] Average on 1 runs - GPU latency: 6.47412 ms - Host latency: 6.58154 ms (enqueue 4.18555 ms)
[10/06/2026-16:13:37] [I] Average on 1 runs - GPU latency: 6.48047 ms - Host latency: 6.60132 ms (enqueue 4.21655 ms)
[10/06/2026-16:13:37] [I] Average on 1 runs - GPU latency: 6.47412 ms - Host latency: 6.5957 ms (enqueue 4.29956 ms)
[10/06/2026-16:13:37] [I] Average on 1 runs - GPU latency: 6.47241 ms - Host latency: 6.5791 ms (enqueue 4.18555 ms)
[10/06/2026-16:13:37] [I] Average on 1 runs - GPU latency: 6.47754 ms - Host latency: 6.58228 ms (enqueue 4.21069 ms)
[10/06/2026-16:13:37] [I] Average on 1 runs - GPU latency: 6.47778 ms - Host latency: 6.58472 ms (enqueue 4.20947 ms)
[10/06/2026-16:13:37] [I] Average on 1 runs - GPU latency: 6.48511 ms - Host latency: 6.59619 ms (enqueue 4.24121 ms)
[10/06/2026-16:13:37] [I] Average on 1 runs - GPU latency: 6.44458 ms - Host latency: 6.55469 ms (enqueue 4.18359 ms)
[10/06/2026-16:13:37] [I] Average on 1 runs - GPU latency: 6.46533 ms - Host latency: 6.57837 ms (enqueue 4.18359 ms)
[10/06/2026-16:13:37] [I] Average on 1 runs - GPU latency: 6.48242 ms - Host latency: 6.59961 ms (enqueue 4.23047 ms)
[10/06/2026-16:13:37] [I] Average on 1 runs - GPU latency: 6.46753 ms - Host latency: 6.60278 ms (enqueue 4.22119 ms)
[10/06/2026-16:13:37] [I] Average on 1 runs - GPU latency: 6.47119 ms - Host latency: 6.58862 ms (enqueue 4.24341 ms)
[10/06/2026-16:13:37] [I] Average on 1 runs - GPU latency: 6.46777 ms - Host latency: 6.59692 ms (enqueue 4.30347 ms)
[10/06/2026-16:13:37] [I] Average on 1 runs - GPU latency: 6.4751 ms - Host latency: 6.59595 ms (enqueue 4.20093 ms)
[10/06/2026-16:13:37] [I] Average on 1 runs - GPU latency: 6.47559 ms - Host latency: 6.60596 ms (enqueue 4.26294 ms)
[10/06/2026-16:13:37] [I] Average on 1 runs - GPU latency: 6.44336 ms - Host latency: 6.54907 ms (enqueue 4.21069 ms)
[10/06/2026-16:13:37] [I] Average on 1 runs - GPU latency: 6.47363 ms - Host latency: 6.57617 ms (enqueue 4.16992 ms)
[10/06/2026-16:13:37] [I] Average on 1 runs - GPU latency: 6.46948 ms - Host latency: 6.58984 ms (enqueue 4.27734 ms)
[10/06/2026-16:13:37] [I] Average on 1 runs - GPU latency: 6.47363 ms - Host latency: 6.5769 ms (enqueue 4.29028 ms)
[10/06/2026-16:13:37] [I] Average on 1 runs - GPU latency: 6.47144 ms - Host latency: 6.5791 ms (enqueue 4.21167 ms)
[10/06/2026-16:13:37] [I] Average on 1 runs - GPU latency: 6.47607 ms - Host latency: 6.57935 ms (enqueue 4.22363 ms)
[10/06/2026-16:13:37] [I] Average on 1 runs - GPU latency: 6.47412 ms - Host latency: 6.5791 ms (enqueue 4.23022 ms)
[10/06/2026-16:13:37] [I] Average on 1 runs - GPU latency: 6.45703 ms - Host latency: 6.58325 ms (enqueue 4.27368 ms)
[10/06/2026-16:13:37] [I] Average on 1 runs - GPU latency: 6.43896 ms - Host latency: 6.55884 ms (enqueue 4.25122 ms)
[10/06/2026-16:13:37] [I] Average on 1 runs - GPU latency: 6.47754 ms - Host latency: 6.60913 ms (enqueue 4.14038 ms)
[10/06/2026-16:13:37] [I] Average on 1 runs - GPU latency: 6.46753 ms - Host latency: 6.59961 ms (enqueue 4.31543 ms)
[10/06/2026-16:13:37] [I] Average on 1 runs - GPU latency: 6.47217 ms - Host latency: 6.57812 ms (enqueue 4.2417 ms)
[10/06/2026-16:13:37] [I] Average on 1 runs - GPU latency: 6.47778 ms - Host latency: 6.58447 ms (enqueue 4.19165 ms)
[10/06/2026-16:13:37] [I] Average on 1 runs - GPU latency: 6.48193 ms - Host latency: 6.59985 ms (enqueue 4.26318 ms)
[10/06/2026-16:13:37] [I] Average on 1 runs - GPU latency: 6.48682 ms - Host latency: 6.60449 ms (enqueue 4.30713 ms)
[10/06/2026-16:13:37] [I] Average on 1 runs - GPU latency: 6.42529 ms - Host latency: 6.55029 ms (enqueue 4.31299 ms)
[10/06/2026-16:13:37] [I] Average on 1 runs - GPU latency: 6.46509 ms - Host latency: 6.58301 ms (enqueue 4.21021 ms)
[10/06/2026-16:13:37] [I] Average on 1 runs - GPU latency: 6.47363 ms - Host latency: 6.57861 ms (enqueue 4.28711 ms)
[10/06/2026-16:13:37] [I] Average on 1 runs - GPU latency: 6.47266 ms - Host latency: 6.57886 ms (enqueue 4.24805 ms)
[10/06/2026-16:13:37] [I] Average on 1 runs - GPU latency: 6.47705 ms - Host latency: 6.58545 ms (enqueue 4.24023 ms)
[10/06/2026-16:13:37] [I] Average on 1 runs - GPU latency: 6.48877 ms - Host latency: 6.60303 ms (enqueue 4.24121 ms)
[10/06/2026-16:13:37] [I] Average on 1 runs - GPU latency: 6.48804 ms - Host latency: 6.60645 ms (enqueue 4.20947 ms)
[10/06/2026-16:13:37] [I] Average on 1 runs - GPU latency: 6.4751 ms - Host latency: 6.64746 ms (enqueue 4.302 ms)
[10/06/2026-16:13:37] [I] Average on 1 runs - GPU latency: 6.3938 ms - Host latency: 6.50366 ms (enqueue 4.25488 ms)
[10/06/2026-16:13:37] [I] Average on 1 runs - GPU latency: 6.4751 ms - Host latency: 6.58008 ms (enqueue 4.13989 ms)
[10/06/2026-16:13:37] [I] Average on 1 runs - GPU latency: 6.47705 ms - Host latency: 6.59253 ms (enqueue 4.18848 ms)
[10/06/2026-16:13:37] [I] Average on 1 runs - GPU latency: 6.47974 ms - Host latency: 6.58081 ms (enqueue 4.20654 ms)
[10/06/2026-16:13:37] [I] Average on 1 runs - GPU latency: 6.48462 ms - Host latency: 6.58789 ms (enqueue 4.29468 ms)
[10/06/2026-16:13:37] [I] Average on 1 runs - GPU latency: 6.47876 ms - Host latency: 6.59375 ms (enqueue 4.22485 ms)
[10/06/2026-16:13:37] [I] Average on 1 runs - GPU latency: 6.43652 ms - Host latency: 6.54614 ms (enqueue 4.19507 ms)
[10/06/2026-16:13:37] [I] Average on 1 runs - GPU latency: 6.46729 ms - Host latency: 6.58032 ms (enqueue 4.13623 ms)
[10/06/2026-16:13:37] [I] Average on 1 runs - GPU latency: 6.4563 ms - Host latency: 6.58569 ms (enqueue 4.35156 ms)
[10/06/2026-16:13:37] [I] Average on 1 runs - GPU latency: 6.46997 ms - Host latency: 6.58252 ms (enqueue 4.16895 ms)
[10/06/2026-16:13:37] [I] Average on 1 runs - GPU latency: 6.48291 ms - Host latency: 6.5918 ms (enqueue 4.26538 ms)
[10/06/2026-16:13:37] [I] Average on 1 runs - GPU latency: 6.47974 ms - Host latency: 6.58374 ms (enqueue 4.2041 ms)
[10/06/2026-16:13:37] [I] Average on 1 runs - GPU latency: 6.49243 ms - Host latency: 6.61621 ms (enqueue 4.32202 ms)
[10/06/2026-16:13:37] [I] Average on 1 runs - GPU latency: 6.46802 ms - Host latency: 6.62354 ms (enqueue 4.27173 ms)
[10/06/2026-16:13:37] [I] Average on 1 runs - GPU latency: 6.47998 ms - Host latency: 6.59595 ms (enqueue 4.28149 ms)
[10/06/2026-16:13:37] [I] Average on 1 runs - GPU latency: 6.44043 ms - Host latency: 6.5647 ms (enqueue 4.26538 ms)
[10/06/2026-16:13:37] [I] Average on 1 runs - GPU latency: 6.46973 ms - Host latency: 6.60083 ms (enqueue 4.35986 ms)
[10/06/2026-16:13:37] [I] Average on 1 runs - GPU latency: 6.4873 ms - Host latency: 6.62012 ms (enqueue 4.18604 ms)
[10/06/2026-16:13:37] [I] Average on 1 runs - GPU latency: 6.48291 ms - Host latency: 6.60547 ms (enqueue 4.17383 ms)
[10/06/2026-16:13:37] [I] Average on 1 runs - GPU latency: 6.48242 ms - Host latency: 6.59033 ms (enqueue 4.17676 ms)
[10/06/2026-16:13:37] [I] Average on 1 runs - GPU latency: 6.4834 ms - Host latency: 6.59424 ms (enqueue 4.23926 ms)
[10/06/2026-16:13:37] [I] Average on 1 runs - GPU latency: 6.47559 ms - Host latency: 6.60645 ms (enqueue 4.22461 ms)
[10/06/2026-16:13:37] [I] Average on 1 runs - GPU latency: 6.47998 ms - Host latency: 6.59131 ms (enqueue 4.29004 ms)
[10/06/2026-16:13:37] [I] Average on 1 runs - GPU latency: 6.43018 ms - Host latency: 6.54883 ms (enqueue 4.30566 ms)
[10/06/2026-16:13:37] [I] Average on 1 runs - GPU latency: 6.47363 ms - Host latency: 6.5835 ms (enqueue 4.15234 ms)
[10/06/2026-16:13:37] [I] Average on 1 runs - GPU latency: 6.47705 ms - Host latency: 6.58887 ms (enqueue 4.22656 ms)
[10/06/2026-16:13:37] [I] Average on 1 runs - GPU latency: 6.48047 ms - Host latency: 6.59717 ms (enqueue 4.19971 ms)
[10/06/2026-16:13:37] [I] Average on 1 runs - GPU latency: 6.48242 ms - Host latency: 6.61475 ms (enqueue 4.23389 ms)
[10/06/2026-16:13:37] [I] Average on 1 runs - GPU latency: 6.47412 ms - Host latency: 6.58301 ms (enqueue 4.27393 ms)
[10/06/2026-16:13:37] [I] Average on 1 runs - GPU latency: 6.47949 ms - Host latency: 6.58594 ms (enqueue 4.27441 ms)
[10/06/2026-16:13:37] [I] Average on 1 runs - GPU latency: 6.47754 ms - Host latency: 6.61035 ms (enqueue 4.22168 ms)
[10/06/2026-16:13:37] [I] Average on 1 runs - GPU latency: 6.43994 ms - Host latency: 6.54834 ms (enqueue 4.27051 ms)
[10/06/2026-16:13:37] [I] Average on 1 runs - GPU latency: 6.47363 ms - Host latency: 6.59082 ms (enqueue 4.18701 ms)
[10/06/2026-16:13:37] [I] Average on 1 runs - GPU latency: 6.47852 ms - Host latency: 6.59814 ms (enqueue 4.24951 ms)
[10/06/2026-16:13:37] [I] Average on 1 runs - GPU latency: 6.48389 ms - Host latency: 6.58838 ms (enqueue 4.24951 ms)
[10/06/2026-16:13:37] [I] Average on 1 runs - GPU latency: 6.45312 ms - Host latency: 6.57324 ms (enqueue 4.25342 ms)
[10/06/2026-16:13:37] [I] Average on 1 runs - GPU latency: 6.42969 ms - Host latency: 6.5376 ms (enqueue 4.30615 ms)
[10/06/2026-16:13:37] [I] Average on 1 runs - GPU latency: 6.41943 ms - Host latency: 6.52637 ms (enqueue 4.21094 ms)
[10/06/2026-16:13:37] [I] Average on 1 runs - GPU latency: 6.38818 ms - Host latency: 6.49756 ms (enqueue 4.2417 ms)
[10/06/2026-16:13:37] [I] Average on 1 runs - GPU latency: 6.39355 ms - Host latency: 6.5 ms (enqueue 4.20215 ms)
[10/06/2026-16:13:37] [I] Average on 1 runs - GPU latency: 6.39014 ms - Host latency: 6.55566 ms (enqueue 4.22949 ms)
[10/06/2026-16:13:37] [I] Average on 1 runs - GPU latency: 6.39355 ms - Host latency: 6.52734 ms (enqueue 4.25781 ms)
[10/06/2026-16:13:37] [I] Average on 1 runs - GPU latency: 6.39062 ms - Host latency: 6.50879 ms (enqueue 4.19043 ms)
[10/06/2026-16:13:37] [I] Average on 1 runs - GPU latency: 6.38574 ms - Host latency: 6.50098 ms (enqueue 4.20166 ms)
[10/06/2026-16:13:37] [I] Average on 1 runs - GPU latency: 6.48389 ms - Host latency: 6.59033 ms (enqueue 4.22461 ms)
[10/06/2026-16:13:37] [I] Average on 1 runs - GPU latency: 6.47949 ms - Host latency: 6.60156 ms (enqueue 4.27051 ms)
[10/06/2026-16:13:37] [I] Average on 1 runs - GPU latency: 6.44775 ms - Host latency: 6.55713 ms (enqueue 4.2583 ms)
[10/06/2026-16:13:37] [I] ... Omitting 1920 lines
[10/06/2026-16:13:37] [I] Average on 1 runs - GPU latency: 6.4375 ms - Host latency: 6.54883 ms (enqueue 4.26562 ms)
[10/06/2026-16:13:37] [I] Average on 1 runs - GPU latency: 6.48047 ms - Host latency: 6.59961 ms (enqueue 4.16406 ms)
[10/06/2026-16:13:37] [I] Average on 1 runs - GPU latency: 6.4707 ms - Host latency: 6.57422 ms (enqueue 4.21875 ms)
[10/06/2026-16:13:37] [I] Average on 1 runs - GPU latency: 6.47461 ms - Host latency: 6.58398 ms (enqueue 4.24219 ms)
[10/06/2026-16:13:37] [I] Average on 1 runs - GPU latency: 6.47461 ms - Host latency: 6.58984 ms (enqueue 4.33594 ms)
[10/06/2026-16:13:37] [I] Average on 1 runs - GPU latency: 6.47461 ms - Host latency: 6.58008 ms (enqueue 4.25195 ms)
[10/06/2026-16:13:37] [I] Average on 1 runs - GPU latency: 6.47656 ms - Host latency: 6.58594 ms (enqueue 4.19922 ms)
[10/06/2026-16:13:37] [I] Average on 1 runs - GPU latency: 6.4668 ms - Host latency: 6.58203 ms (enqueue 4.20703 ms)
[10/06/2026-16:13:37] [I] Average on 1 runs - GPU latency: 6.41797 ms - Host latency: 6.54102 ms (enqueue 4.33984 ms)
[10/06/2026-16:13:37] [I] Average on 1 runs - GPU latency: 6.48047 ms - Host latency: 6.60352 ms (enqueue 4.13281 ms)
[10/06/2026-16:13:37] [I] Average on 1 runs - GPU latency: 6.47266 ms - Host latency: 6.57812 ms (enqueue 4.23047 ms)
[10/06/2026-16:13:37] [I] Average on 1 runs - GPU latency: 6.47461 ms - Host latency: 6.5918 ms (enqueue 4.23828 ms)
[10/06/2026-16:13:37] [I] Average on 1 runs - GPU latency: 6.48828 ms - Host latency: 6.60742 ms (enqueue 4.29297 ms)
[10/06/2026-16:13:37] [I] Average on 1 runs - GPU latency: 6.47266 ms - Host latency: 6.60352 ms (enqueue 4.23633 ms)
[10/06/2026-16:13:37] [I] Average on 1 runs - GPU latency: 6.47266 ms - Host latency: 6.59961 ms (enqueue 4.21484 ms)
[10/06/2026-16:13:37] [I] Average on 1 runs - GPU latency: 6.43359 ms - Host latency: 6.53711 ms (enqueue 4.19141 ms)
[10/06/2026-16:13:37] [I] Average on 1 runs - GPU latency: 6.47852 ms - Host latency: 6.59766 ms (enqueue 4.25195 ms)
[10/06/2026-16:13:37] [I] Average on 1 runs - GPU latency: 6.48047 ms - Host latency: 6.58203 ms (enqueue 4.24609 ms)
[10/06/2026-16:13:37] [I] Average on 1 runs - GPU latency: 6.47266 ms - Host latency: 6.58789 ms (enqueue 4.22266 ms)
[10/06/2026-16:13:37] [I] Average on 1 runs - GPU latency: 6.48242 ms - Host latency: 6.60352 ms (enqueue 4.27148 ms)
[10/06/2026-16:13:37] [I] Average on 1 runs - GPU latency: 6.48242 ms - Host latency: 6.60156 ms (enqueue 4.26562 ms)
[10/06/2026-16:13:37] [I] Average on 1 runs - GPU latency: 6.48047 ms - Host latency: 6.60156 ms (enqueue 4.31055 ms)
[10/06/2026-16:13:37] [I] Average on 1 runs - GPU latency: 6.47461 ms - Host latency: 6.59375 ms (enqueue 4.29102 ms)
[10/06/2026-16:13:37] [I] Average on 1 runs - GPU latency: 6.40625 ms - Host latency: 6.52344 ms (enqueue 4.28125 ms)
[10/06/2026-16:13:37] [I] Average on 1 runs - GPU latency: 6.47461 ms - Host latency: 6.58008 ms (enqueue 4.18164 ms)
[10/06/2026-16:13:37] [I] Average on 1 runs - GPU latency: 6.49023 ms - Host latency: 6.58984 ms (enqueue 4.27539 ms)
[10/06/2026-16:13:37] [I] Average on 1 runs - GPU latency: 6.47266 ms - Host latency: 6.58984 ms (enqueue 4.25781 ms)
[10/06/2026-16:13:37] [I] Average on 1 runs - GPU latency: 6.48242 ms - Host latency: 6.5957 ms (enqueue 4.25586 ms)
[10/06/2026-16:13:37] [I] Average on 1 runs - GPU latency: 6.47461 ms - Host latency: 6.60352 ms (enqueue 4.29102 ms)
[10/06/2026-16:13:37] [I] Average on 1 runs - GPU latency: 6.48047 ms - Host latency: 6.59766 ms (enqueue 4.26367 ms)
[10/06/2026-16:13:37] [I] Average on 1 runs - GPU latency: 6.47461 ms - Host latency: 6.59375 ms (enqueue 4.23633 ms)
[10/06/2026-16:13:37] [I] Average on 1 runs - GPU latency: 6.43945 ms - Host latency: 6.54297 ms (enqueue 4.29102 ms)
[10/06/2026-16:13:37] [I] Average on 1 runs - GPU latency: 6.47656 ms - Host latency: 6.59766 ms (enqueue 4.25195 ms)
[10/06/2026-16:13:37] [I] Average on 1 runs - GPU latency: 6.47656 ms - Host latency: 6.5957 ms (enqueue 4.19922 ms)
[10/06/2026-16:13:37] [I] Average on 1 runs - GPU latency: 6.4707 ms - Host latency: 6.5918 ms (enqueue 4.2832 ms)
[10/06/2026-16:13:37] [I] Average on 1 runs - GPU latency: 6.47852 ms - Host latency: 6.60352 ms (enqueue 4.25195 ms)
[10/06/2026-16:13:37] [I] Average on 1 runs - GPU latency: 6.47461 ms - Host latency: 6.59375 ms (enqueue 4.29883 ms)
[10/06/2026-16:13:37] [I] Average on 1 runs - GPU latency: 6.48438 ms - Host latency: 6.5957 ms (enqueue 4.28516 ms)
[10/06/2026-16:13:37] [I] Average on 1 runs - GPU latency: 6.44727 ms - Host latency: 6.54883 ms (enqueue 4.24219 ms)
[10/06/2026-16:13:37] [I] Average on 1 runs - GPU latency: 6.42969 ms - Host latency: 6.5332 ms (enqueue 4.29297 ms)
[10/06/2026-16:13:37] [I] Average on 1 runs - GPU latency: 6.47461 ms - Host latency: 6.62109 ms (enqueue 4.19531 ms)
[10/06/2026-16:13:37] [I] Average on 1 runs - GPU latency: 6.47852 ms - Host latency: 6.60352 ms (enqueue 4.25586 ms)
[10/06/2026-16:13:37] [I] Average on 1 runs - GPU latency: 6.48828 ms - Host latency: 6.59766 ms (enqueue 4.26172 ms)
[10/06/2026-16:13:37] [I] Average on 1 runs - GPU latency: 6.48047 ms - Host latency: 6.61328 ms (enqueue 4.26758 ms)
[10/06/2026-16:13:37] [I] Average on 1 runs - GPU latency: 6.46094 ms - Host latency: 6.58789 ms (enqueue 4.27148 ms)
[10/06/2026-16:13:37] [I] Average on 1 runs - GPU latency: 6.47852 ms - Host latency: 6.59375 ms (enqueue 4.25977 ms)
[10/06/2026-16:13:37] [I] Average on 1 runs - GPU latency: 6.42383 ms - Host latency: 6.52734 ms (enqueue 4.25 ms)
[10/06/2026-16:13:37] [I] Average on 1 runs - GPU latency: 6.47656 ms - Host latency: 6.57812 ms (enqueue 4.23047 ms)
[10/06/2026-16:13:37] [I] Average on 1 runs - GPU latency: 6.46875 ms - Host latency: 6.58789 ms (enqueue 4.29492 ms)
[10/06/2026-16:13:37] [I] Average on 1 runs - GPU latency: 6.48047 ms - Host latency: 6.59961 ms (enqueue 4.35742 ms)
[10/06/2026-16:13:37] [I] Average on 1 runs - GPU latency: 6.39648 ms - Host latency: 6.51953 ms (enqueue 4.29297 ms)
[10/06/2026-16:13:37] [I] Average on 1 runs - GPU latency: 6.37891 ms - Host latency: 6.49805 ms (enqueue 4.2168 ms)
[10/06/2026-16:13:37] [I] Average on 1 runs - GPU latency: 6.43555 ms - Host latency: 6.55078 ms (enqueue 4.21875 ms)
[10/06/2026-16:13:37] [I] Average on 1 runs - GPU latency: 6.4043 ms - Host latency: 6.51172 ms (enqueue 4.20117 ms)
[10/06/2026-16:13:37] [I] Average on 1 runs - GPU latency: 6.38867 ms - Host latency: 6.54492 ms (enqueue 4.21484 ms)
[10/06/2026-16:13:37] [I] Average on 1 runs - GPU latency: 6.38086 ms - Host latency: 6.50781 ms (enqueue 4.15234 ms)
[10/06/2026-16:13:37] [I] Average on 1 runs - GPU latency: 6.45703 ms - Host latency: 6.56836 ms (enqueue 4.24219 ms)
[10/06/2026-16:13:37] [I] Average on 1 runs - GPU latency: 6.48047 ms - Host latency: 6.59766 ms (enqueue 4.23438 ms)
[10/06/2026-16:13:37] [I] Average on 1 runs - GPU latency: 6.47266 ms - Host latency: 6.60156 ms (enqueue 4.26367 ms)
[10/06/2026-16:13:37] [I] Average on 1 runs - GPU latency: 6.48633 ms - Host latency: 6.60547 ms (enqueue 4.24219 ms)
[10/06/2026-16:13:37] [I] Average on 1 runs - GPU latency: 6.47461 ms - Host latency: 6.61133 ms (enqueue 4.29102 ms)
[10/06/2026-16:13:37] [I] Average on 1 runs - GPU latency: 6.48047 ms - Host latency: 6.58984 ms (enqueue 4.26562 ms)
[10/06/2026-16:13:37] [I] Average on 1 runs - GPU latency: 6.47656 ms - Host latency: 6.58789 ms (enqueue 4.25 ms)
[10/06/2026-16:13:37] [I] Average on 1 runs - GPU latency: 6.48047 ms - Host latency: 6.61133 ms (enqueue 4.25781 ms)
[10/06/2026-16:13:37] [I] Average on 1 runs - GPU latency: 6.48242 ms - Host latency: 6.60742 ms (enqueue 4.3457 ms)
[10/06/2026-16:13:37] [I] Average on 1 runs - GPU latency: 6.47656 ms - Host latency: 6.58789 ms (enqueue 4.2207 ms)
[10/06/2026-16:13:37] [I] Average on 1 runs - GPU latency: 6.48438 ms - Host latency: 6.58984 ms (enqueue 4.2207 ms)
[10/06/2026-16:13:37] [I] Average on 1 runs - GPU latency: 6.47266 ms - Host latency: 6.62695 ms (enqueue 4.28125 ms)
[10/06/2026-16:13:37] [I] Average on 1 runs - GPU latency: 6.4707 ms - Host latency: 6.57422 ms (enqueue 4.27734 ms)
[10/06/2026-16:13:37] [I] Average on 1 runs - GPU latency: 6.45508 ms - Host latency: 6.57031 ms (enqueue 4.19922 ms)
[10/06/2026-16:13:37] [I] Average on 1 runs - GPU latency: 6.43555 ms - Host latency: 6.5625 ms (enqueue 4.21484 ms)
[10/06/2026-16:13:37] [I] Average on 1 runs - GPU latency: 6.48242 ms - Host latency: 6.61523 ms (enqueue 4.18164 ms)
[10/06/2026-16:13:37] [I] Average on 1 runs - GPU latency: 6.47266 ms - Host latency: 6.60156 ms (enqueue 4.24414 ms)
[10/06/2026-16:13:37] [I] Average on 1 runs - GPU latency: 6.47852 ms - Host latency: 6.5957 ms (enqueue 4.24805 ms)
[10/06/2026-16:13:37] [I] Average on 1 runs - GPU latency: 6.48047 ms - Host latency: 6.59766 ms (enqueue 4.23242 ms)
[10/06/2026-16:13:37] [I] Average on 1 runs - GPU latency: 6.48242 ms - Host latency: 6.58789 ms (enqueue 4.18945 ms)
[10/06/2026-16:13:37] [I] Average on 1 runs - GPU latency: 6.47852 ms - Host latency: 6.59961 ms (enqueue 4.31445 ms)
[10/06/2026-16:13:37] [I] Average on 1 runs - GPU latency: 6.42578 ms - Host latency: 6.55664 ms (enqueue 4.23633 ms)
[10/06/2026-16:13:37] [I] Average on 1 runs - GPU latency: 6.48047 ms - Host latency: 6.58008 ms (enqueue 4.18359 ms)
[10/06/2026-16:13:37] [I] Average on 1 runs - GPU latency: 6.47266 ms - Host latency: 6.60547 ms (enqueue 4.24414 ms)
[10/06/2026-16:13:37] [I] Average on 1 runs - GPU latency: 6.49219 ms - Host latency: 6.62109 ms (enqueue 4.2793 ms)
[10/06/2026-16:13:37] [I] Average on 1 runs - GPU latency: 6.47266 ms - Host latency: 6.63086 ms (enqueue 4.29492 ms)
[10/06/2026-16:13:37] [I] Average on 1 runs - GPU latency: 6.47852 ms - Host latency: 6.58398 ms (enqueue 4.26758 ms)
[10/06/2026-16:13:37] [I] Average on 1 runs - GPU latency: 6.48633 ms - Host latency: 6.5918 ms (enqueue 4.26562 ms)
[10/06/2026-16:13:37] [I] Average on 1 runs - GPU latency: 6.47461 ms - Host latency: 6.58984 ms (enqueue 4.29688 ms)
[10/06/2026-16:13:37] [I] Average on 1 runs - GPU latency: 6.39453 ms - Host latency: 6.51367 ms (enqueue 4.32422 ms)
[10/06/2026-16:13:37] [I] Average on 1 runs - GPU latency: 6.47461 ms - Host latency: 6.5957 ms (enqueue 4.12695 ms)
[10/06/2026-16:13:37] [I] Average on 1 runs - GPU latency: 6.48438 ms - Host latency: 6.60547 ms (enqueue 4.23438 ms)
[10/06/2026-16:13:37] [I] Average on 1 runs - GPU latency: 6.48828 ms - Host latency: 6.61133 ms (enqueue 4.30469 ms)
[10/06/2026-16:13:37] [I] Average on 1 runs - GPU latency: 6.49023 ms - Host latency: 6.59961 ms (enqueue 4.26562 ms)
[10/06/2026-16:13:37] [I] Average on 1 runs - GPU latency: 6.47852 ms - Host latency: 6.61133 ms (enqueue 4.25391 ms)
[10/06/2026-16:13:37] [I] Average on 1 runs - GPU latency: 6.48242 ms - Host latency: 6.61328 ms (enqueue 4.27148 ms)
[10/06/2026-16:13:37] [I] Average on 1 runs - GPU latency: 6.4668 ms - Host latency: 6.5918 ms (enqueue 4.29688 ms)
[10/06/2026-16:13:37] [I] Average on 1 runs - GPU latency: 6.44922 ms - Host latency: 6.55859 ms (enqueue 4.25391 ms)
[10/06/2026-16:13:37] [I] Average on 1 runs - GPU latency: 6.48242 ms - Host latency: 6.60938 ms (enqueue 4.17969 ms)
[10/06/2026-16:13:37] [I] Average on 1 runs - GPU latency: 6.47852 ms - Host latency: 6.60352 ms (enqueue 4.22656 ms)
[10/06/2026-16:13:37] [I] Average on 1 runs - GPU latency: 6.47656 ms - Host latency: 6.58594 ms (enqueue 4.26758 ms)
[10/06/2026-16:13:37] [I] Average on 1 runs - GPU latency: 6.49609 ms - Host latency: 6.60156 ms (enqueue 4.24805 ms)
[10/06/2026-16:13:37] [I] Average on 1 runs - GPU latency: 6.47852 ms - Host latency: 6.61133 ms (enqueue 4.2832 ms)
[10/06/2026-16:13:37] [I] Average on 1 runs - GPU latency: 6.47852 ms - Host latency: 6.59375 ms (enqueue 4.25977 ms)
[10/06/2026-16:13:37] [I] Average on 1 runs - GPU latency: 6.44727 ms - Host latency: 6.57812 ms (enqueue 4.31445 ms)
[10/06/2026-16:13:37] [I] Average on 1 runs - GPU latency: 6.44727 ms - Host latency: 6.56445 ms (enqueue 4.25391 ms)
[10/06/2026-16:13:37] [I] Average on 1 runs - GPU latency: 6.47852 ms - Host latency: 6.58203 ms (enqueue 4.19531 ms)
[10/06/2026-16:13:37] [I] Average on 1 runs - GPU latency: 6.48242 ms - Host latency: 6.5957 ms (enqueue 4.23828 ms)
[10/06/2026-16:13:37] [I] Average on 1 runs - GPU latency: 6.48438 ms - Host latency: 6.5957 ms (enqueue 4.29883 ms)
[10/06/2026-16:13:37] [I] Average on 1 runs - GPU latency: 6.47852 ms - Host latency: 6.60938 ms (enqueue 4.2832 ms)
[10/06/2026-16:13:37] [I] Average on 1 runs - GPU latency: 6.47656 ms - Host latency: 6.5918 ms (enqueue 4.30859 ms)
[10/06/2026-16:13:37] [I] Average on 1 runs - GPU latency: 6.47461 ms - Host latency: 6.59766 ms (enqueue 4.20703 ms)
[10/06/2026-16:13:37] [I] Average on 1 runs - GPU latency: 6.43359 ms - Host latency: 6.54102 ms (enqueue 4.32812 ms)
[10/06/2026-16:13:37] [I] Average on 1 runs - GPU latency: 6.47656 ms - Host latency: 6.58984 ms (enqueue 4.18555 ms)
[10/06/2026-16:13:37] [I] Average on 1 runs - GPU latency: 6.47266 ms - Host latency: 6.58594 ms (enqueue 4.24219 ms)
[10/06/2026-16:13:37] [I] Average on 1 runs - GPU latency: 6.48828 ms - Host latency: 6.60938 ms (enqueue 4.22852 ms)
[10/06/2026-16:13:37] [I] Average on 1 runs - GPU latency: 6.48438 ms - Host latency: 6.58594 ms (enqueue 4.25781 ms)
[10/06/2026-16:13:37] [I] Average on 1 runs - GPU latency: 6.48828 ms - Host latency: 6.59375 ms (enqueue 4.21289 ms)
[10/06/2026-16:13:37] [I] Average on 1 runs - GPU latency: 6.46875 ms - Host latency: 6.57227 ms (enqueue 4.27539 ms)
[10/06/2026-16:13:37] [I] Average on 1 runs - GPU latency: 6.47656 ms - Host latency: 6.58789 ms (enqueue 4.22461 ms)
[10/06/2026-16:13:37] [I] Average on 1 runs - GPU latency: 6.4043 ms - Host latency: 6.50977 ms (enqueue 4.28125 ms)
[10/06/2026-16:13:37] [I] Average on 1 runs - GPU latency: 6.48828 ms - Host latency: 6.60938 ms (enqueue 4.14648 ms)
[10/06/2026-16:13:37] [I] Average on 1 runs - GPU latency: 6.49805 ms - Host latency: 6.61328 ms (enqueue 4.23828 ms)
[10/06/2026-16:13:37] [I] Average on 1 runs - GPU latency: 6.48242 ms - Host latency: 6.61133 ms (enqueue 4.24414 ms)
[10/06/2026-16:13:37] [I] Average on 1 runs - GPU latency: 6.47852 ms - Host latency: 6.59375 ms (enqueue 4.29688 ms)
[10/06/2026-16:13:37] [I] Average on 1 runs - GPU latency: 6.49414 ms - Host latency: 6.60156 ms (enqueue 4.26562 ms)
[10/06/2026-16:13:37] [I] Average on 1 runs - GPU latency: 6.49219 ms - Host latency: 6.66211 ms (enqueue 4.22852 ms)
[10/06/2026-16:13:37] [I] Average on 1 runs - GPU latency: 6.45508 ms - Host latency: 6.57031 ms (enqueue 4.23828 ms)
[10/06/2026-16:13:37] [I] Average on 1 runs - GPU latency: 6.46094 ms - Host latency: 6.57227 ms (enqueue 4.28906 ms)
[10/06/2026-16:13:37] [I] Average on 1 runs - GPU latency: 6.48242 ms - Host latency: 6.5918 ms (enqueue 4.2207 ms)
[10/06/2026-16:13:37] [I] Average on 1 runs - GPU latency: 6.47656 ms - Host latency: 6.59961 ms (enqueue 4.28516 ms)
[10/06/2026-16:13:37] [I] Average on 1 runs - GPU latency: 6.4707 ms - Host latency: 6.57812 ms (enqueue 4.2793 ms)
[10/06/2026-16:13:37] [I] Average on 1 runs - GPU latency: 6.47852 ms - Host latency: 6.59375 ms (enqueue 4.3125 ms)
[10/06/2026-16:13:37] [I] Average on 1 runs - GPU latency: 6.48047 ms - Host latency: 6.58984 ms (enqueue 4.28125 ms)
[10/06/2026-16:13:37] [I] Average on 1 runs - GPU latency: 6.47461 ms - Host latency: 6.57812 ms (enqueue 4.2207 ms)
[10/06/2026-16:13:37] [I] Average on 1 runs - GPU latency: 6.4375 ms - Host latency: 6.54492 ms (enqueue 4.27344 ms)
[10/06/2026-16:13:37] [I] Average on 1 runs - GPU latency: 6.4668 ms - Host latency: 6.5957 ms (enqueue 4.24023 ms)
[10/06/2026-16:13:37] [I] Average on 1 runs - GPU latency: 6.48438 ms - Host latency: 6.60742 ms (enqueue 4.23242 ms)
[10/06/2026-16:13:37] [I] Average on 1 runs - GPU latency: 6.48242 ms - Host latency: 6.5918 ms (enqueue 4.25391 ms)
[10/06/2026-16:13:37] [I] Average on 1 runs - GPU latency: 6.42578 ms - Host latency: 6.53711 ms (enqueue 4.27539 ms)
[10/06/2026-16:13:37] [I] Average on 1 runs - GPU latency: 6.39258 ms - Host latency: 6.49805 ms (enqueue 4.25781 ms)
[10/06/2026-16:13:37] [I] Average on 1 runs - GPU latency: 6.38672 ms - Host latency: 6.49414 ms (enqueue 4.27344 ms)
[10/06/2026-16:13:37] [I] Average on 1 runs - GPU latency: 6.43945 ms - Host latency: 6.54492 ms (enqueue 4.18945 ms)
[10/06/2026-16:13:37] [I] Average on 1 runs - GPU latency: 6.38867 ms - Host latency: 6.51367 ms (enqueue 4.25391 ms)
[10/06/2026-16:13:37] [I] Average on 1 runs - GPU latency: 6.39062 ms - Host latency: 6.51758 ms (enqueue 4.30273 ms)
[10/06/2026-16:13:37] [I] Average on 1 runs - GPU latency: 6.38867 ms - Host latency: 6.49609 ms (enqueue 4.16016 ms)
[10/06/2026-16:13:37] [I] Average on 1 runs - GPU latency: 6.47461 ms - Host latency: 6.60742 ms (enqueue 4.21484 ms)
[10/06/2026-16:13:37] [I] Average on 1 runs - GPU latency: 6.4707 ms - Host latency: 6.57812 ms (enqueue 4.2168 ms)
[10/06/2026-16:13:37] [I] Average on 1 runs - GPU latency: 6.48828 ms - Host latency: 6.61328 ms (enqueue 4.2832 ms)
[10/06/2026-16:13:37] [I] Average on 1 runs - GPU latency: 6.47656 ms - Host latency: 6.625 ms (enqueue 4.27734 ms)
[10/06/2026-16:13:37] [I] Average on 1 runs - GPU latency: 6.48828 ms - Host latency: 6.59961 ms (enqueue 4.23438 ms)
[10/06/2026-16:13:37] [I] Average on 1 runs - GPU latency: 6.41211 ms - Host latency: 6.51758 ms (enqueue 4.24219 ms)
[10/06/2026-16:13:37] [I] Average on 1 runs - GPU latency: 6.48047 ms - Host latency: 6.59375 ms (enqueue 4.16211 ms)
[10/06/2026-16:13:37] [I] Average on 1 runs - GPU latency: 6.47656 ms - Host latency: 6.58008 ms (enqueue 4.26172 ms)
[10/06/2026-16:13:37] [I] Average on 1 runs - GPU latency: 6.48047 ms - Host latency: 6.58398 ms (enqueue 4.23242 ms)
[10/06/2026-16:13:37] [I] Average on 1 runs - GPU latency: 6.49023 ms - Host latency: 6.59766 ms (enqueue 4.25586 ms)
[10/06/2026-16:13:37] [I] Average on 1 runs - GPU latency: 6.49023 ms - Host latency: 6.60352 ms (enqueue 4.30469 ms)
[10/06/2026-16:13:37] [I] Average on 1 runs - GPU latency: 6.47656 ms - Host latency: 6.58594 ms (enqueue 4.31055 ms)
[10/06/2026-16:13:37] [I] Average on 1 runs - GPU latency: 6.46484 ms - Host latency: 6.56445 ms (enqueue 4.29492 ms)
[10/06/2026-16:13:37] [I] Average on 1 runs - GPU latency: 6.46289 ms - Host latency: 6.5918 ms (enqueue 4.29492 ms)
[10/06/2026-16:13:37] [I] Average on 1 runs - GPU latency: 6.47656 ms - Host latency: 6.60352 ms (enqueue 4.27734 ms)
[10/06/2026-16:13:37] [I] Average on 1 runs - GPU latency: 6.48438 ms - Host latency: 6.5957 ms (enqueue 4.27148 ms)
[10/06/2026-16:13:37] [I] Average on 1 runs - GPU latency: 6.48828 ms - Host latency: 6.60938 ms (enqueue 4.23828 ms)
[10/06/2026-16:13:37] [I] Average on 1 runs - GPU latency: 6.48828 ms - Host latency: 6.61133 ms (enqueue 4.22461 ms)
[10/06/2026-16:13:37] [I] Average on 1 runs - GPU latency: 6.4668 ms - Host latency: 6.5957 ms (enqueue 4.31641 ms)
[10/06/2026-16:13:37] [I] Average on 1 runs - GPU latency: 6.47852 ms - Host latency: 6.58789 ms (enqueue 4.23047 ms)
[10/06/2026-16:13:37] [I] Average on 1 runs - GPU latency: 6.44336 ms - Host latency: 6.55664 ms (enqueue 4.25391 ms)
[10/06/2026-16:13:37] [I] Average on 1 runs - GPU latency: 6.46289 ms - Host latency: 6.62891 ms (enqueue 4.28516 ms)
[10/06/2026-16:13:37] [I] Average on 1 runs - GPU latency: 6.48633 ms - Host latency: 6.60938 ms (enqueue 4.27344 ms)
[10/06/2026-16:13:37] [I] Average on 1 runs - GPU latency: 6.48242 ms - Host latency: 6.60547 ms (enqueue 4.27734 ms)
[10/06/2026-16:13:37] [I] Average on 1 runs - GPU latency: 6.47461 ms - Host latency: 6.60547 ms (enqueue 4.26758 ms)
[10/06/2026-16:13:37] [I] Average on 1 runs - GPU latency: 6.47656 ms - Host latency: 6.58398 ms (enqueue 4.29102 ms)
[10/06/2026-16:13:37] [I] Average on 1 runs - GPU latency: 6.48633 ms - Host latency: 6.61914 ms (enqueue 4.33203 ms)
[10/06/2026-16:13:37] [I] Average on 1 runs - GPU latency: 6.49609 ms - Host latency: 6.60156 ms (enqueue 4.23242 ms)
[10/06/2026-16:13:37] [I] Average on 1 runs - GPU latency: 6.44141 ms - Host latency: 6.55273 ms (enqueue 4.24219 ms)
[10/06/2026-16:13:37] [I] Average on 1 runs - GPU latency: 6.47852 ms - Host latency: 6.58789 ms (enqueue 4.1875 ms)
[10/06/2026-16:13:37] [I] Average on 1 runs - GPU latency: 6.47852 ms - Host latency: 6.60547 ms (enqueue 4.32617 ms)
[10/06/2026-16:13:37] [I] Average on 1 runs - GPU latency: 6.47852 ms - Host latency: 6.58203 ms (enqueue 4.24805 ms)
[10/06/2026-16:13:37] [I] Average on 1 runs - GPU latency: 6.46875 ms - Host latency: 6.58203 ms (enqueue 4.30273 ms)
[10/06/2026-16:13:37] [I] Average on 1 runs - GPU latency: 6.48047 ms - Host latency: 6.58789 ms (enqueue 4.22852 ms)
[10/06/2026-16:13:37] [I] Average on 1 runs - GPU latency: 6.48242 ms - Host latency: 6.61133 ms (enqueue 4.35352 ms)
[10/06/2026-16:13:37] [I] Average on 1 runs - GPU latency: 6.47656 ms - Host latency: 6.60352 ms (enqueue 4.25391 ms)
[10/06/2026-16:13:37] [I] Average on 1 runs - GPU latency: 6.42578 ms - Host latency: 6.54883 ms (enqueue 4.26172 ms)
[10/06/2026-16:13:37] [I] Average on 1 runs - GPU latency: 6.48438 ms - Host latency: 6.58789 ms (enqueue 4.14062 ms)
[10/06/2026-16:13:37] [I] Average on 1 runs - GPU latency: 6.48047 ms - Host latency: 6.61328 ms (enqueue 4.30859 ms)
[10/06/2026-16:13:37] [I] Average on 1 runs - GPU latency: 6.48633 ms - Host latency: 6.64453 ms (enqueue 4.26367 ms)
[10/06/2026-16:13:37] [I] Average on 1 runs - GPU latency: 6.47852 ms - Host latency: 6.60938 ms (enqueue 4.23633 ms)
[10/06/2026-16:13:37] [I] Average on 1 runs - GPU latency: 6.46484 ms - Host latency: 6.57422 ms (enqueue 4.30273 ms)
[10/06/2026-16:13:37] [I] Average on 1 runs - GPU latency: 6.47656 ms - Host latency: 6.58203 ms (enqueue 4.30859 ms)
[10/06/2026-16:13:37] [I] Average on 1 runs - GPU latency: 6.45508 ms - Host latency: 6.57031 ms (enqueue 4.28125 ms)
[10/06/2026-16:13:37] [I] Average on 1 runs - GPU latency: 6.44727 ms - Host latency: 6.56445 ms (enqueue 4.27539 ms)
[10/06/2026-16:13:37] [I] Average on 1 runs - GPU latency: 6.4668 ms - Host latency: 6.59375 ms (enqueue 4.21875 ms)
[10/06/2026-16:13:37] [I] Average on 1 runs - GPU latency: 6.48047 ms - Host latency: 6.58398 ms (enqueue 4.31445 ms)
[10/06/2026-16:13:37] [I] Average on 1 runs - GPU latency: 6.4707 ms - Host latency: 6.58789 ms (enqueue 4.23047 ms)
[10/06/2026-16:13:37] [I] Average on 1 runs - GPU latency: 6.48047 ms - Host latency: 6.61328 ms (enqueue 4.2793 ms)
[10/06/2026-16:13:37] [I] Average on 1 runs - GPU latency: 6.46484 ms - Host latency: 6.58008 ms (enqueue 4.26172 ms)
[10/06/2026-16:13:37] [I] Average on 1 runs - GPU latency: 6.47266 ms - Host latency: 6.57812 ms (enqueue 4.30469 ms)
[10/06/2026-16:13:37] [I] Average on 1 runs - GPU latency: 6.43945 ms - Host latency: 6.55469 ms (enqueue 4.24805 ms)
[10/06/2026-16:13:37] [I] Average on 1 runs - GPU latency: 6.48633 ms - Host latency: 6.61719 ms (enqueue 4.2168 ms)
[10/06/2026-16:13:37] [I] Average on 1 runs - GPU latency: 6.48633 ms - Host latency: 6.60547 ms (enqueue 4.26367 ms)
[10/06/2026-16:13:37] [I] Average on 1 runs - GPU latency: 6.48828 ms - Host latency: 6.5957 ms (enqueue 4.28516 ms)
[10/06/2026-16:13:37] [I] Average on 1 runs - GPU latency: 6.48047 ms - Host latency: 6.59766 ms (enqueue 4.28711 ms)
[10/06/2026-16:13:37] [I] Average on 1 runs - GPU latency: 6.47656 ms - Host latency: 6.60742 ms (enqueue 4.25195 ms)
[10/06/2026-16:13:37] [I] Average on 1 runs - GPU latency: 6.49023 ms - Host latency: 6.60352 ms (enqueue 4.23828 ms)
[10/06/2026-16:13:37] [I] Average on 1 runs - GPU latency: 6.45508 ms - Host latency: 6.58203 ms (enqueue 4.31641 ms)
[10/06/2026-16:13:37] [I] 
[10/06/2026-16:13:37] [I] === Performance summary ===
[10/06/2026-16:13:37] [I] Throughput: 154.478 qps
[10/06/2026-16:13:37] [I] Latency: min = 6.47778 ms, max = 6.67773 ms, mean = 6.5842 ms, median = 6.58887 ms, percentile(90%) = 6.61133 ms, percentile(95%) = 6.61816 ms, percentile(99%) = 6.63623 ms
[10/06/2026-16:13:37] [I] Enqueue Time: min = 4.08691 ms, max = 4.44531 ms, mean = 4.24074 ms, median = 4.24121 ms, percentile(90%) = 4.29492 ms, percentile(95%) = 4.3125 ms, percentile(99%) = 4.34277 ms
[10/06/2026-16:13:37] [I] H2D Latency: min = 0.0917969 ms, max = 0.193848 ms, mean = 0.110352 ms, median = 0.107422 ms, percentile(90%) = 0.125 ms, percentile(95%) = 0.130371 ms, percentile(99%) = 0.154297 ms
[10/06/2026-16:13:37] [I] GPU Compute Time: min = 6.37598 ms, max = 6.5 ms, mean = 6.46721 ms, median = 6.47656 ms, percentile(90%) = 6.48584 ms, percentile(95%) = 6.48828 ms, percentile(99%) = 6.49365 ms
[10/06/2026-16:13:37] [I] D2H Latency: min = 0.00390625 ms, max = 0.00976562 ms, mean = 0.00664831 ms, median = 0.00683594 ms, percentile(90%) = 0.0078125 ms, percentile(95%) = 0.0078125 ms, percentile(99%) = 0.0078125 ms
[10/06/2026-16:13:37] [I] Total Host Walltime: 15.0183 s
[10/06/2026-16:13:37] [I] Total GPU Compute Time: 15.0039 s
[10/06/2026-16:13:37] [I] Explanations of the performance metrics are printed in the verbose logs.
[10/06/2026-16:13:37] [I] 
&&&& PASSED TensorRT.trtexec [TensorRT v100300] # /usr/src/tensorrt/bin/trtexec --loadEngine=/tmp/yolo26n_84172_uint8_fp16_opt3.engine --warmUp=3000 --duration=15 --idleTime=0 --avgRuns=1
