&&&& RUNNING TensorRT.trtexec [TensorRT v100300] # /usr/src/tensorrt/bin/trtexec --loadEngine=/tmp/yolo26n_84172_uint8_fp16_opt3.engine --warmUp=3000 --duration=15 --idleTime=4 --avgRuns=1
[10/04/2026-22:10:24] [I] === Model Options ===
[10/04/2026-22:10:24] [I] Format: *
[10/04/2026-22:10:24] [I] Model: 
[10/04/2026-22:10:24] [I] Output:
[10/04/2026-22:10:24] [I] 
[10/04/2026-22:10:24] [I] === System Options ===
[10/04/2026-22:10:24] [I] Device: 0
[10/04/2026-22:10:24] [I] DLACore: 
[10/04/2026-22:10:24] [I] Plugins:
[10/04/2026-22:10:24] [I] setPluginsToSerialize:
[10/04/2026-22:10:24] [I] dynamicPlugins:
[10/04/2026-22:10:24] [I] ignoreParsedPluginLibs: 0
[10/04/2026-22:10:24] [I] 
[10/04/2026-22:10:24] [I] === Inference Options ===
[10/04/2026-22:10:24] [I] Batch: Explicit
[10/04/2026-22:10:24] [I] Input inference shapes: model
[10/04/2026-22:10:24] [I] Iterations: 10
[10/04/2026-22:10:24] [I] Duration: 15s (+ 3000ms warm up)
[10/04/2026-22:10:24] [I] Sleep time: 0ms
[10/04/2026-22:10:24] [I] Idle time: 4ms
[10/04/2026-22:10:24] [I] Inference Streams: 1
[10/04/2026-22:10:24] [I] ExposeDMA: Disabled
[10/04/2026-22:10:24] [I] Data transfers: Enabled
[10/04/2026-22:10:24] [I] Spin-wait: Disabled
[10/04/2026-22:10:24] [I] Multithreading: Disabled
[10/04/2026-22:10:24] [I] CUDA Graph: Disabled
[10/04/2026-22:10:24] [I] Separate profiling: Disabled
[10/04/2026-22:10:24] [I] Time Deserialize: Disabled
[10/04/2026-22:10:24] [I] Time Refit: Disabled
[10/04/2026-22:10:24] [I] NVTX verbosity: 0
[10/04/2026-22:10:24] [I] Persistent Cache Ratio: 0
[10/04/2026-22:10:24] [I] Optimization Profile Index: 0
[10/04/2026-22:10:24] [I] Weight Streaming Budget: 100.000000%
[10/04/2026-22:10:24] [I] Inputs:
[10/04/2026-22:10:24] [I] Debug Tensor Save Destinations:
[10/04/2026-22:10:24] [I] === Reporting Options ===
[10/04/2026-22:10:24] [I] Verbose: Disabled
[10/04/2026-22:10:24] [I] Averages: 1 inferences
[10/04/2026-22:10:24] [I] Percentiles: 90,95,99
[10/04/2026-22:10:24] [I] Dump refittable layers:Disabled
[10/04/2026-22:10:24] [I] Dump output: Disabled
[10/04/2026-22:10:24] [I] Profile: Disabled
[10/04/2026-22:10:24] [I] Export timing to JSON file: 
[10/04/2026-22:10:24] [I] Export output to JSON file: 
[10/04/2026-22:10:24] [I] Export profile to JSON file: 
[10/04/2026-22:10:24] [I] 
[10/04/2026-22:10:24] [I] === Device Information ===
[10/04/2026-22:10:24] [I] Available Devices: 
[10/04/2026-22:10:24] [I]   Device 0: "Orin" UUID: GPU-6e16c2c1-e394-5324-8f2e-63a975968f4e
[10/04/2026-22:10:24] [I] Selected Device: Orin
[10/04/2026-22:10:24] [I] Selected Device ID: 0
[10/04/2026-22:10:24] [I] Selected Device UUID: GPU-6e16c2c1-e394-5324-8f2e-63a975968f4e
[10/04/2026-22:10:24] [I] Compute Capability: 8.7
[10/04/2026-22:10:24] [I] SMs: 8
[10/04/2026-22:10:24] [I] Device Global Memory: 7607 MiB
[10/04/2026-22:10:24] [I] Shared Memory per SM: 164 KiB
[10/04/2026-22:10:24] [I] Memory Bus Width: 128 bits (ECC disabled)
[10/04/2026-22:10:24] [I] Application Compute Clock Rate: 1.02 GHz
[10/04/2026-22:10:24] [I] Application Memory Clock Rate: 1.02 GHz
[10/04/2026-22:10:24] [I] 
[10/04/2026-22:10:24] [I] Note: The application clock rates do not reflect the actual clock rates that the GPU is currently running at.
[10/04/2026-22:10:24] [I] 
[10/04/2026-22:10:24] [I] TensorRT version: 10.3.0
[10/04/2026-22:10:24] [I] Loading standard plugins
[10/04/2026-22:10:25] [I] [TRT] Loaded engine size: 7 MiB
[10/04/2026-22:10:25] [I] Engine deserialized in 0.0648563 sec.
[10/04/2026-22:10:25] [I] [TRT] [MemUsageChange] TensorRT-managed allocation in IExecutionContext creation: CPU +0, GPU +12, now: CPU 0, GPU 16 (MiB)
[10/04/2026-22:10:25] [I] Setting persistentCacheLimit to 0 bytes.
[10/04/2026-22:10:25] [I] Created execution context with device memory size: 12.207 MiB
[10/04/2026-22:10:25] [I] Using random values for input images
[10/04/2026-22:10:25] [I] Input binding for images with dimensions 1x640x640x3 is created.
[10/04/2026-22:10:25] [I] Output binding for output0 with dimensions 1x300x6 is created.
[10/04/2026-22:10:25] [I] Starting inference
[10/04/2026-22:10:43] [I] Warmup completed 695 queries over 3000 ms
[10/04/2026-22:10:43] [I] Timing trace has 2420 queries over 15.0167 s
[10/04/2026-22:10:43] [I] 
[10/04/2026-22:10:43] [I] === Trace details ===
[10/04/2026-22:10:43] [I] Trace averages of 1 runs:
[10/04/2026-22:10:43] [I] Average on 1 runs - GPU latency: 4.2373 ms - Host latency: 4.3645 ms (enqueue 2.1001 ms)
[10/04/2026-22:10:43] [I] Average on 1 runs - GPU latency: 4.19897 ms - Host latency: 4.32446 ms (enqueue 2.10156 ms)
[10/04/2026-22:10:43] [I] Average on 1 runs - GPU latency: 4.20972 ms - Host latency: 4.27051 ms (enqueue 2.13281 ms)
[10/04/2026-22:10:43] [I] Average on 1 runs - GPU latency: 4.21338 ms - Host latency: 4.27368 ms (enqueue 2.05591 ms)
[10/04/2026-22:10:43] [I] Average on 1 runs - GPU latency: 4.21118 ms - Host latency: 4.27197 ms (enqueue 2.10083 ms)
[10/04/2026-22:10:43] [I] Average on 1 runs - GPU latency: 4.20264 ms - Host latency: 4.2627 ms (enqueue 2.05298 ms)
[10/04/2026-22:10:43] [I] Average on 1 runs - GPU latency: 4.20264 ms - Host latency: 4.26392 ms (enqueue 2.08716 ms)
[10/04/2026-22:10:43] [I] Average on 1 runs - GPU latency: 4.21582 ms - Host latency: 4.27612 ms (enqueue 2.04956 ms)
[10/04/2026-22:10:43] [I] Average on 1 runs - GPU latency: 4.21362 ms - Host latency: 4.27319 ms (enqueue 2.05273 ms)
[10/04/2026-22:10:43] [I] Average on 1 runs - GPU latency: 4.23169 ms - Host latency: 4.29199 ms (enqueue 2.08667 ms)
[10/04/2026-22:10:43] [I] Average on 1 runs - GPU latency: 4.2146 ms - Host latency: 4.27515 ms (enqueue 2.05225 ms)
[10/04/2026-22:10:43] [I] Average on 1 runs - GPU latency: 4.21802 ms - Host latency: 4.28101 ms (enqueue 2.06909 ms)
[10/04/2026-22:10:43] [I] Average on 1 runs - GPU latency: 4.21265 ms - Host latency: 4.27319 ms (enqueue 2.04761 ms)
[10/04/2026-22:10:43] [I] Average on 1 runs - GPU latency: 4.20996 ms - Host latency: 4.27026 ms (enqueue 2.11548 ms)
[10/04/2026-22:10:43] [I] Average on 1 runs - GPU latency: 4.21338 ms - Host latency: 4.27563 ms (enqueue 2.07056 ms)
[10/04/2026-22:10:43] [I] Average on 1 runs - GPU latency: 4.20703 ms - Host latency: 4.2771 ms (enqueue 2.07715 ms)
[10/04/2026-22:10:43] [I] Average on 1 runs - GPU latency: 4.20215 ms - Host latency: 4.26294 ms (enqueue 2.05176 ms)
[10/04/2026-22:10:43] [I] Average on 1 runs - GPU latency: 4.22021 ms - Host latency: 4.28027 ms (enqueue 2.09448 ms)
[10/04/2026-22:10:43] [I] Average on 1 runs - GPU latency: 4.20923 ms - Host latency: 4.27002 ms (enqueue 2.05249 ms)
[10/04/2026-22:10:43] [I] Average on 1 runs - GPU latency: 4.20459 ms - Host latency: 4.26489 ms (enqueue 2.04858 ms)
[10/04/2026-22:10:43] [I] Average on 1 runs - GPU latency: 4.21094 ms - Host latency: 4.27148 ms (enqueue 2.08179 ms)
[10/04/2026-22:10:43] [I] Average on 1 runs - GPU latency: 4.20801 ms - Host latency: 4.26831 ms (enqueue 2.04688 ms)
[10/04/2026-22:10:43] [I] Average on 1 runs - GPU latency: 4.21436 ms - Host latency: 4.28027 ms (enqueue 2.07568 ms)
[10/04/2026-22:10:43] [I] Average on 1 runs - GPU latency: 4.21387 ms - Host latency: 4.27808 ms (enqueue 2.03271 ms)
[10/04/2026-22:10:43] [I] Average on 1 runs - GPU latency: 4.21191 ms - Host latency: 4.27173 ms (enqueue 2.05981 ms)
[10/04/2026-22:10:43] [I] Average on 1 runs - GPU latency: 4.21191 ms - Host latency: 4.27393 ms (enqueue 2.04541 ms)
[10/04/2026-22:10:43] [I] Average on 1 runs - GPU latency: 4.22144 ms - Host latency: 4.28149 ms (enqueue 2.0957 ms)
[10/04/2026-22:10:43] [I] Average on 1 runs - GPU latency: 4.21338 ms - Host latency: 4.27466 ms (enqueue 2.04443 ms)
[10/04/2026-22:10:43] [I] Average on 1 runs - GPU latency: 4.20825 ms - Host latency: 4.26953 ms (enqueue 2.09253 ms)
[10/04/2026-22:10:43] [I] Average on 1 runs - GPU latency: 4.21216 ms - Host latency: 4.27441 ms (enqueue 2.03711 ms)
[10/04/2026-22:10:43] [I] Average on 1 runs - GPU latency: 4.21069 ms - Host latency: 4.28271 ms (enqueue 2.06104 ms)
[10/04/2026-22:10:43] [I] Average on 1 runs - GPU latency: 4.2085 ms - Host latency: 4.27173 ms (enqueue 2.09131 ms)
[10/04/2026-22:10:43] [I] Average on 1 runs - GPU latency: 4.21118 ms - Host latency: 4.27173 ms (enqueue 2.0376 ms)
[10/04/2026-22:10:43] [I] Average on 1 runs - GPU latency: 4.20923 ms - Host latency: 4.26904 ms (enqueue 2.06665 ms)
[10/04/2026-22:10:43] [I] Average on 1 runs - GPU latency: 4.21265 ms - Host latency: 4.27319 ms (enqueue 2.03125 ms)
[10/04/2026-22:10:43] [I] Average on 1 runs - GPU latency: 4.21533 ms - Host latency: 4.2749 ms (enqueue 2.07397 ms)
[10/04/2026-22:10:43] [I] Average on 1 runs - GPU latency: 4.2146 ms - Host latency: 4.27759 ms (enqueue 2.06006 ms)
[10/04/2026-22:10:43] [I] Average on 1 runs - GPU latency: 4.20898 ms - Host latency: 4.26904 ms (enqueue 2.06641 ms)
[10/04/2026-22:10:43] [I] Average on 1 runs - GPU latency: 4.20703 ms - Host latency: 4.2688 ms (enqueue 2.05127 ms)
[10/04/2026-22:10:43] [I] Average on 1 runs - GPU latency: 4.21362 ms - Host latency: 4.27393 ms (enqueue 2.09839 ms)
[10/04/2026-22:10:43] [I] Average on 1 runs - GPU latency: 4.20703 ms - Host latency: 4.26831 ms (enqueue 2.04858 ms)
[10/04/2026-22:10:43] [I] Average on 1 runs - GPU latency: 4.21582 ms - Host latency: 4.27808 ms (enqueue 2.0564 ms)
[10/04/2026-22:10:43] [I] Average on 1 runs - GPU latency: 4.21289 ms - Host latency: 4.28662 ms (enqueue 2.10181 ms)
[10/04/2026-22:10:43] [I] Average on 1 runs - GPU latency: 4.21509 ms - Host latency: 4.27515 ms (enqueue 2.04346 ms)
[10/04/2026-22:10:43] [I] Average on 1 runs - GPU latency: 4.20972 ms - Host latency: 4.27466 ms (enqueue 2.06519 ms)
[10/04/2026-22:10:43] [I] Average on 1 runs - GPU latency: 4.20898 ms - Host latency: 4.26953 ms (enqueue 2.01587 ms)
[10/04/2026-22:10:43] [I] Average on 1 runs - GPU latency: 4.21191 ms - Host latency: 4.27563 ms (enqueue 2.07446 ms)
[10/04/2026-22:10:43] [I] Average on 1 runs - GPU latency: 4.21313 ms - Host latency: 4.27539 ms (enqueue 2.05469 ms)
[10/04/2026-22:10:43] [I] Average on 1 runs - GPU latency: 4.21436 ms - Host latency: 4.27539 ms (enqueue 2.08179 ms)
[10/04/2026-22:10:43] [I] Average on 1 runs - GPU latency: 4.21558 ms - Host latency: 4.27588 ms (enqueue 2.03564 ms)
[10/04/2026-22:10:43] [I] Average on 1 runs - GPU latency: 4.21021 ms - Host latency: 4.27246 ms (enqueue 2.06812 ms)
[10/04/2026-22:10:43] [I] Average on 1 runs - GPU latency: 4.20703 ms - Host latency: 4.26758 ms (enqueue 2.03125 ms)
[10/04/2026-22:10:43] [I] Average on 1 runs - GPU latency: 4.21704 ms - Host latency: 4.27856 ms (enqueue 2.04639 ms)
[10/04/2026-22:10:43] [I] Average on 1 runs - GPU latency: 4.2124 ms - Host latency: 4.27246 ms (enqueue 2.06421 ms)
[10/04/2026-22:10:43] [I] Average on 1 runs - GPU latency: 4.2085 ms - Host latency: 4.26855 ms (enqueue 2.0542 ms)
[10/04/2026-22:10:43] [I] Average on 1 runs - GPU latency: 4.21631 ms - Host latency: 4.27783 ms (enqueue 2.08203 ms)
[10/04/2026-22:10:43] [I] Average on 1 runs - GPU latency: 4.21045 ms - Host latency: 4.28174 ms (enqueue 2.052 ms)
[10/04/2026-22:10:43] [I] Average on 1 runs - GPU latency: 4.21729 ms - Host latency: 4.2771 ms (enqueue 2.07666 ms)
[10/04/2026-22:10:43] [I] Average on 1 runs - GPU latency: 4.20972 ms - Host latency: 4.27026 ms (enqueue 2.04541 ms)
[10/04/2026-22:10:43] [I] Average on 1 runs - GPU latency: 4.2146 ms - Host latency: 4.27612 ms (enqueue 2.09766 ms)
[10/04/2026-22:10:43] [I] Average on 1 runs - GPU latency: 4.21362 ms - Host latency: 4.27539 ms (enqueue 2.05542 ms)
[10/04/2026-22:10:43] [I] Average on 1 runs - GPU latency: 4.20337 ms - Host latency: 4.26465 ms (enqueue 2.09692 ms)
[10/04/2026-22:10:43] [I] Average on 1 runs - GPU latency: 4.21387 ms - Host latency: 4.27539 ms (enqueue 2.05151 ms)
[10/04/2026-22:10:43] [I] Average on 1 runs - GPU latency: 4.21289 ms - Host latency: 4.28711 ms (enqueue 2.04492 ms)
[10/04/2026-22:10:43] [I] Average on 1 runs - GPU latency: 4.21484 ms - Host latency: 4.27515 ms (enqueue 2.07397 ms)
[10/04/2026-22:10:43] [I] Average on 1 runs - GPU latency: 4.20801 ms - Host latency: 4.26904 ms (enqueue 2.04297 ms)
[10/04/2026-22:10:43] [I] Average on 1 runs - GPU latency: 4.21118 ms - Host latency: 4.27222 ms (enqueue 2.08008 ms)
[10/04/2026-22:10:43] [I] Average on 1 runs - GPU latency: 4.2168 ms - Host latency: 4.27661 ms (enqueue 2.03687 ms)
[10/04/2026-22:10:43] [I] Average on 1 runs - GPU latency: 4.20752 ms - Host latency: 4.26855 ms (enqueue 2.10815 ms)
[10/04/2026-22:10:43] [I] Average on 1 runs - GPU latency: 4.20825 ms - Host latency: 4.26855 ms (enqueue 2.05518 ms)
[10/04/2026-22:10:43] [I] Average on 1 runs - GPU latency: 4.21143 ms - Host latency: 4.27344 ms (enqueue 2.09229 ms)
[10/04/2026-22:10:43] [I] Average on 1 runs - GPU latency: 4.20605 ms - Host latency: 4.26562 ms (enqueue 2.04443 ms)
[10/04/2026-22:10:43] [I] Average on 1 runs - GPU latency: 4.2168 ms - Host latency: 4.27979 ms (enqueue 2.07275 ms)
[10/04/2026-22:10:43] [I] Average on 1 runs - GPU latency: 4.20801 ms - Host latency: 4.26978 ms (enqueue 2.02759 ms)
[10/04/2026-22:10:43] [I] Average on 1 runs - GPU latency: 4.21484 ms - Host latency: 4.27539 ms (enqueue 2.05493 ms)
[10/04/2026-22:10:43] [I] Average on 1 runs - GPU latency: 4.21387 ms - Host latency: 4.27393 ms (enqueue 2.06982 ms)
[10/04/2026-22:10:43] [I] Average on 1 runs - GPU latency: 4.20483 ms - Host latency: 4.26538 ms (enqueue 2.04077 ms)
[10/04/2026-22:10:43] [I] Average on 1 runs - GPU latency: 4.21533 ms - Host latency: 4.2771 ms (enqueue 2.10205 ms)
[10/04/2026-22:10:43] [I] Average on 1 runs - GPU latency: 4.21167 ms - Host latency: 4.27588 ms (enqueue 2.04907 ms)
[10/04/2026-22:10:43] [I] Average on 1 runs - GPU latency: 4.20752 ms - Host latency: 4.26758 ms (enqueue 2.11206 ms)
[10/04/2026-22:10:43] [I] Average on 1 runs - GPU latency: 4.21265 ms - Host latency: 4.27368 ms (enqueue 2.04321 ms)
[10/04/2026-22:10:43] [I] Average on 1 runs - GPU latency: 4.20728 ms - Host latency: 4.27124 ms (enqueue 2.09741 ms)
[10/04/2026-22:10:43] [I] Average on 1 runs - GPU latency: 4.21289 ms - Host latency: 4.27368 ms (enqueue 2.0437 ms)
[10/04/2026-22:10:43] [I] Average on 1 runs - GPU latency: 4.21118 ms - Host latency: 4.271 ms (enqueue 2.07275 ms)
[10/04/2026-22:10:43] [I] Average on 1 runs - GPU latency: 4.21826 ms - Host latency: 4.27881 ms (enqueue 2.04297 ms)
[10/04/2026-22:10:43] [I] Average on 1 runs - GPU latency: 4.21338 ms - Host latency: 4.27417 ms (enqueue 2.05542 ms)
[10/04/2026-22:10:43] [I] Average on 1 runs - GPU latency: 4.21289 ms - Host latency: 4.27368 ms (enqueue 2.0896 ms)
[10/04/2026-22:10:43] [I] Average on 1 runs - GPU latency: 4.21558 ms - Host latency: 4.27612 ms (enqueue 2.0564 ms)
[10/04/2026-22:10:43] [I] Average on 1 runs - GPU latency: 4.21289 ms - Host latency: 4.27319 ms (enqueue 2.11279 ms)
[10/04/2026-22:10:43] [I] Average on 1 runs - GPU latency: 4.20898 ms - Host latency: 4.26904 ms (enqueue 2.0481 ms)
[10/04/2026-22:10:43] [I] Average on 1 runs - GPU latency: 4.21118 ms - Host latency: 4.27197 ms (enqueue 2.07886 ms)
[10/04/2026-22:10:43] [I] Average on 1 runs - GPU latency: 4.20728 ms - Host latency: 4.27075 ms (enqueue 2.06226 ms)
[10/04/2026-22:10:43] [I] Average on 1 runs - GPU latency: 4.20972 ms - Host latency: 4.26978 ms (enqueue 2.07617 ms)
[10/04/2026-22:10:43] [I] Average on 1 runs - GPU latency: 4.2168 ms - Host latency: 4.27686 ms (enqueue 2.04956 ms)
[10/04/2026-22:10:43] [I] Average on 1 runs - GPU latency: 4.20679 ms - Host latency: 4.27002 ms (enqueue 2.09912 ms)
[10/04/2026-22:10:43] [I] Average on 1 runs - GPU latency: 4.2085 ms - Host latency: 4.2688 ms (enqueue 2.07812 ms)
[10/04/2026-22:10:43] [I] Average on 1 runs - GPU latency: 4.20825 ms - Host latency: 4.26831 ms (enqueue 2.04785 ms)
[10/04/2026-22:10:43] [I] Average on 1 runs - GPU latency: 4.22754 ms - Host latency: 4.29688 ms (enqueue 2.0835 ms)
[10/04/2026-22:10:43] [I] Average on 1 runs - GPU latency: 4.2168 ms - Host latency: 4.27979 ms (enqueue 2.04004 ms)
[10/04/2026-22:10:43] [I] Average on 1 runs - GPU latency: 4.22144 ms - Host latency: 4.2832 ms (enqueue 2.09766 ms)
[10/04/2026-22:10:43] [I] Average on 1 runs - GPU latency: 4.21948 ms - Host latency: 4.28442 ms (enqueue 2.07129 ms)
[10/04/2026-22:10:43] [I] Average on 1 runs - GPU latency: 4.21045 ms - Host latency: 4.27173 ms (enqueue 2.08862 ms)
[10/04/2026-22:10:43] [I] Average on 1 runs - GPU latency: 4.21826 ms - Host latency: 4.2793 ms (enqueue 2.05688 ms)
[10/04/2026-22:10:43] [I] Average on 1 runs - GPU latency: 4.21655 ms - Host latency: 4.27661 ms (enqueue 2.07227 ms)
[10/04/2026-22:10:43] [I] Average on 1 runs - GPU latency: 4.21216 ms - Host latency: 4.27686 ms (enqueue 2.06934 ms)
[10/04/2026-22:10:43] [I] Average on 1 runs - GPU latency: 4.20581 ms - Host latency: 4.26685 ms (enqueue 2.08643 ms)
[10/04/2026-22:10:43] [I] Average on 1 runs - GPU latency: 4.2146 ms - Host latency: 4.28076 ms (enqueue 2.06567 ms)
[10/04/2026-22:10:43] [I] Average on 1 runs - GPU latency: 4.21313 ms - Host latency: 4.27295 ms (enqueue 2.02368 ms)
[10/04/2026-22:10:43] [I] Average on 1 runs - GPU latency: 4.21753 ms - Host latency: 4.27808 ms (enqueue 2.07324 ms)
[10/04/2026-22:10:43] [I] Average on 1 runs - GPU latency: 4.21069 ms - Host latency: 4.27051 ms (enqueue 2.03247 ms)
[10/04/2026-22:10:43] [I] Average on 1 runs - GPU latency: 4.21045 ms - Host latency: 4.27124 ms (enqueue 2.07056 ms)
[10/04/2026-22:10:43] [I] Average on 1 runs - GPU latency: 4.21118 ms - Host latency: 4.27197 ms (enqueue 2.04028 ms)
[10/04/2026-22:10:43] [I] Average on 1 runs - GPU latency: 4.21655 ms - Host latency: 4.27832 ms (enqueue 2.08691 ms)
[10/04/2026-22:10:43] [I] Average on 1 runs - GPU latency: 4.2085 ms - Host latency: 4.26904 ms (enqueue 2.04907 ms)
[10/04/2026-22:10:43] [I] Average on 1 runs - GPU latency: 4.21094 ms - Host latency: 4.27173 ms (enqueue 2.08008 ms)
[10/04/2026-22:10:43] [I] Average on 1 runs - GPU latency: 4.20801 ms - Host latency: 4.26904 ms (enqueue 2.05933 ms)
[10/04/2026-22:10:43] [I] Average on 1 runs - GPU latency: 4.21533 ms - Host latency: 4.27563 ms (enqueue 2.08105 ms)
[10/04/2026-22:10:43] [I] Average on 1 runs - GPU latency: 4.21484 ms - Host latency: 4.27515 ms (enqueue 2.09082 ms)
[10/04/2026-22:10:43] [I] Average on 1 runs - GPU latency: 4.21289 ms - Host latency: 4.27563 ms (enqueue 2.05811 ms)
[10/04/2026-22:10:43] [I] Average on 1 runs - GPU latency: 4.21069 ms - Host latency: 4.271 ms (enqueue 2.08813 ms)
[10/04/2026-22:10:43] [I] Average on 1 runs - GPU latency: 4.21729 ms - Host latency: 4.27905 ms (enqueue 2.05151 ms)
[10/04/2026-22:10:43] [I] Average on 1 runs - GPU latency: 4.20581 ms - Host latency: 4.27124 ms (enqueue 2.08081 ms)
[10/04/2026-22:10:43] [I] Average on 1 runs - GPU latency: 4.20825 ms - Host latency: 4.26929 ms (enqueue 2.03589 ms)
[10/04/2026-22:10:43] [I] Average on 1 runs - GPU latency: 4.21704 ms - Host latency: 4.27734 ms (enqueue 2.10767 ms)
[10/04/2026-22:10:43] [I] Average on 1 runs - GPU latency: 4.20947 ms - Host latency: 4.28052 ms (enqueue 2.04224 ms)
[10/04/2026-22:10:43] [I] Average on 1 runs - GPU latency: 4.21338 ms - Host latency: 4.27344 ms (enqueue 2.09375 ms)
[10/04/2026-22:10:43] [I] Average on 1 runs - GPU latency: 4.2124 ms - Host latency: 4.27344 ms (enqueue 2.03467 ms)
[10/04/2026-22:10:43] [I] Average on 1 runs - GPU latency: 4.20923 ms - Host latency: 4.27002 ms (enqueue 2.03809 ms)
[10/04/2026-22:10:43] [I] Average on 1 runs - GPU latency: 4.20581 ms - Host latency: 4.26709 ms (enqueue 2.07227 ms)
[10/04/2026-22:10:43] [I] Average on 1 runs - GPU latency: 4.20825 ms - Host latency: 4.26807 ms (enqueue 2.04175 ms)
[10/04/2026-22:10:43] [I] Average on 1 runs - GPU latency: 4.20801 ms - Host latency: 4.2688 ms (enqueue 2.07324 ms)
[10/04/2026-22:10:43] [I] Average on 1 runs - GPU latency: 4.21509 ms - Host latency: 4.27515 ms (enqueue 2.04541 ms)
[10/04/2026-22:10:43] [I] Average on 1 runs - GPU latency: 4.2124 ms - Host latency: 4.27295 ms (enqueue 2.06982 ms)
[10/04/2026-22:10:43] [I] Average on 1 runs - GPU latency: 4.20728 ms - Host latency: 4.26807 ms (enqueue 2.05225 ms)
[10/04/2026-22:10:43] [I] Average on 1 runs - GPU latency: 4.21338 ms - Host latency: 4.27393 ms (enqueue 2.09814 ms)
[10/04/2026-22:10:43] [I] Average on 1 runs - GPU latency: 4.21997 ms - Host latency: 4.28027 ms (enqueue 2.03979 ms)
[10/04/2026-22:10:43] [I] Average on 1 runs - GPU latency: 4.20874 ms - Host latency: 4.27026 ms (enqueue 2.08472 ms)
[10/04/2026-22:10:43] [I] Average on 1 runs - GPU latency: 4.20972 ms - Host latency: 4.27051 ms (enqueue 2.04932 ms)
[10/04/2026-22:10:43] [I] Average on 1 runs - GPU latency: 4.23706 ms - Host latency: 4.31836 ms (enqueue 2.05029 ms)
[10/04/2026-22:10:43] [I] Average on 1 runs - GPU latency: 4.20996 ms - Host latency: 4.27075 ms (enqueue 2.06885 ms)
[10/04/2026-22:10:43] [I] Average on 1 runs - GPU latency: 4.2063 ms - Host latency: 4.26709 ms (enqueue 2.06323 ms)
[10/04/2026-22:10:43] [I] Average on 1 runs - GPU latency: 4.21045 ms - Host latency: 4.27075 ms (enqueue 2.11523 ms)
[10/04/2026-22:10:43] [I] Average on 1 runs - GPU latency: 4.21509 ms - Host latency: 4.27637 ms (enqueue 2.03516 ms)
[10/04/2026-22:10:43] [I] Average on 1 runs - GPU latency: 4.21045 ms - Host latency: 4.271 ms (enqueue 2.09448 ms)
[10/04/2026-22:10:43] [I] Average on 1 runs - GPU latency: 4.20776 ms - Host latency: 4.26831 ms (enqueue 2.04736 ms)
[10/04/2026-22:10:43] [I] Average on 1 runs - GPU latency: 4.21606 ms - Host latency: 4.27612 ms (enqueue 2.10083 ms)
[10/04/2026-22:10:43] [I] Average on 1 runs - GPU latency: 4.20801 ms - Host latency: 4.2688 ms (enqueue 2.03711 ms)
[10/04/2026-22:10:43] [I] Average on 1 runs - GPU latency: 4.21094 ms - Host latency: 4.271 ms (enqueue 2.07104 ms)
[10/04/2026-22:10:43] [I] Average on 1 runs - GPU latency: 4.2085 ms - Host latency: 4.2688 ms (enqueue 2.04492 ms)
[10/04/2026-22:10:43] [I] Average on 1 runs - GPU latency: 4.21216 ms - Host latency: 4.27246 ms (enqueue 2.04688 ms)
[10/04/2026-22:10:43] [I] Average on 1 runs - GPU latency: 4.21313 ms - Host latency: 4.2749 ms (enqueue 2.07031 ms)
[10/04/2026-22:10:43] [I] Average on 1 runs - GPU latency: 4.20898 ms - Host latency: 4.2688 ms (enqueue 2.04321 ms)
[10/04/2026-22:10:43] [I] Average on 1 runs - GPU latency: 4.20557 ms - Host latency: 4.26587 ms (enqueue 2.08008 ms)
[10/04/2026-22:10:43] [I] Average on 1 runs - GPU latency: 4.20801 ms - Host latency: 4.26855 ms (enqueue 2.04956 ms)
[10/04/2026-22:10:43] [I] Average on 1 runs - GPU latency: 4.2124 ms - Host latency: 4.27271 ms (enqueue 2.08105 ms)
[10/04/2026-22:10:43] [I] Average on 1 runs - GPU latency: 4.2124 ms - Host latency: 4.27246 ms (enqueue 2.03638 ms)
[10/04/2026-22:10:43] [I] Average on 1 runs - GPU latency: 4.21362 ms - Host latency: 4.27393 ms (enqueue 2.07129 ms)
[10/04/2026-22:10:43] [I] Average on 1 runs - GPU latency: 4.21265 ms - Host latency: 4.27271 ms (enqueue 2.03784 ms)
[10/04/2026-22:10:43] [I] Average on 1 runs - GPU latency: 4.2063 ms - Host latency: 4.27197 ms (enqueue 2.06689 ms)
[10/04/2026-22:10:43] [I] Average on 1 runs - GPU latency: 4.19971 ms - Host latency: 4.26392 ms (enqueue 2.04272 ms)
[10/04/2026-22:10:43] [I] Average on 1 runs - GPU latency: 4.21411 ms - Host latency: 4.28931 ms (enqueue 2.02881 ms)
[10/04/2026-22:10:43] [I] Average on 1 runs - GPU latency: 4.21313 ms - Host latency: 4.27344 ms (enqueue 2.06616 ms)
[10/04/2026-22:10:43] [I] Average on 1 runs - GPU latency: 4.21143 ms - Host latency: 4.27197 ms (enqueue 2.05859 ms)
[10/04/2026-22:10:43] [I] Average on 1 runs - GPU latency: 4.20435 ms - Host latency: 4.26685 ms (enqueue 2.09351 ms)
[10/04/2026-22:10:43] [I] Average on 1 runs - GPU latency: 4.21362 ms - Host latency: 4.27417 ms (enqueue 2.04736 ms)
[10/04/2026-22:10:43] [I] Average on 1 runs - GPU latency: 4.21362 ms - Host latency: 4.27881 ms (enqueue 2.08228 ms)
[10/04/2026-22:10:43] [I] Average on 1 runs - GPU latency: 4.21167 ms - Host latency: 4.27222 ms (enqueue 2.04639 ms)
[10/04/2026-22:10:43] [I] Average on 1 runs - GPU latency: 4.20654 ms - Host latency: 4.26685 ms (enqueue 2.07812 ms)
[10/04/2026-22:10:43] [I] Average on 1 runs - GPU latency: 4.20874 ms - Host latency: 4.26978 ms (enqueue 2.04297 ms)
[10/04/2026-22:10:43] [I] Average on 1 runs - GPU latency: 4.2124 ms - Host latency: 4.27319 ms (enqueue 2.10352 ms)
[10/04/2026-22:10:43] [I] Average on 1 runs - GPU latency: 4.21045 ms - Host latency: 4.27124 ms (enqueue 2.04077 ms)
[10/04/2026-22:10:43] [I] Average on 1 runs - GPU latency: 4.20508 ms - Host latency: 4.28174 ms (enqueue 2.02319 ms)
[10/04/2026-22:10:43] [I] Average on 1 runs - GPU latency: 4.21143 ms - Host latency: 4.27417 ms (enqueue 2.06274 ms)
[10/04/2026-22:10:43] [I] Average on 1 runs - GPU latency: 4.20776 ms - Host latency: 4.26733 ms (enqueue 2.02319 ms)
[10/04/2026-22:10:43] [I] Average on 1 runs - GPU latency: 4.21069 ms - Host latency: 4.27124 ms (enqueue 2.10181 ms)
[10/04/2026-22:10:43] [I] Average on 1 runs - GPU latency: 4.21387 ms - Host latency: 4.27393 ms (enqueue 2.03052 ms)
[10/04/2026-22:10:43] [I] Average on 1 runs - GPU latency: 4.21411 ms - Host latency: 4.27441 ms (enqueue 2.08984 ms)
[10/04/2026-22:10:43] [I] Average on 1 runs - GPU latency: 4.21045 ms - Host latency: 4.27197 ms (enqueue 2.03906 ms)
[10/04/2026-22:10:43] [I] Average on 1 runs - GPU latency: 4.20459 ms - Host latency: 4.26562 ms (enqueue 2.10156 ms)
[10/04/2026-22:10:43] [I] Average on 1 runs - GPU latency: 4.2124 ms - Host latency: 4.28076 ms (enqueue 2.05371 ms)
[10/04/2026-22:10:43] [I] Average on 1 runs - GPU latency: 4.21875 ms - Host latency: 4.28027 ms (enqueue 2.10156 ms)
[10/04/2026-22:10:43] [I] Average on 1 runs - GPU latency: 4.21826 ms - Host latency: 4.27979 ms (enqueue 2.05029 ms)
[10/04/2026-22:10:43] [I] Average on 1 runs - GPU latency: 4.20508 ms - Host latency: 4.27832 ms (enqueue 2.04395 ms)
[10/04/2026-22:10:43] [I] Average on 1 runs - GPU latency: 4.21191 ms - Host latency: 4.27197 ms (enqueue 2.06201 ms)
[10/04/2026-22:10:43] [I] Average on 1 runs - GPU latency: 4.20508 ms - Host latency: 4.26562 ms (enqueue 2.04883 ms)
[10/04/2026-22:10:43] [I] Average on 1 runs - GPU latency: 4.22949 ms - Host latency: 4.29004 ms (enqueue 2.07715 ms)
[10/04/2026-22:10:43] [I] Average on 1 runs - GPU latency: 4.21436 ms - Host latency: 4.2749 ms (enqueue 2.03662 ms)
[10/04/2026-22:10:43] [I] Average on 1 runs - GPU latency: 4.22266 ms - Host latency: 4.28369 ms (enqueue 2.08789 ms)
[10/04/2026-22:10:43] [I] Average on 1 runs - GPU latency: 4.21631 ms - Host latency: 4.27637 ms (enqueue 2.03906 ms)
[10/04/2026-22:10:43] [I] Average on 1 runs - GPU latency: 4.22021 ms - Host latency: 4.28076 ms (enqueue 2.07324 ms)
[10/04/2026-22:10:43] [I] Average on 1 runs - GPU latency: 4.21729 ms - Host latency: 4.27832 ms (enqueue 2.04639 ms)
[10/04/2026-22:10:43] [I] Average on 1 runs - GPU latency: 4.21436 ms - Host latency: 4.2749 ms (enqueue 2.08447 ms)
[10/04/2026-22:10:43] [I] Average on 1 runs - GPU latency: 4.2124 ms - Host latency: 4.27295 ms (enqueue 2.05225 ms)
[10/04/2026-22:10:43] [I] Average on 1 runs - GPU latency: 4.21094 ms - Host latency: 4.271 ms (enqueue 2.06006 ms)
[10/04/2026-22:10:43] [I] Average on 1 runs - GPU latency: 4.21338 ms - Host latency: 4.27441 ms (enqueue 2.06055 ms)
[10/04/2026-22:10:43] [I] Average on 1 runs - GPU latency: 4.21826 ms - Host latency: 4.27783 ms (enqueue 2.03223 ms)
[10/04/2026-22:10:43] [I] Average on 1 runs - GPU latency: 4.2124 ms - Host latency: 4.27393 ms (enqueue 2.0874 ms)
[10/04/2026-22:10:43] [I] Average on 1 runs - GPU latency: 4.21924 ms - Host latency: 4.27979 ms (enqueue 2.03516 ms)
[10/04/2026-22:10:43] [I] Average on 1 runs - GPU latency: 4.2085 ms - Host latency: 4.26904 ms (enqueue 2.06689 ms)
[10/04/2026-22:10:43] [I] Average on 1 runs - GPU latency: 4.2124 ms - Host latency: 4.27588 ms (enqueue 2.03662 ms)
[10/04/2026-22:10:43] [I] ... Omitting 2020 lines
[10/04/2026-22:10:43] [I] Average on 1 runs - GPU latency: 4.21094 ms - Host latency: 4.27148 ms (enqueue 2.10156 ms)
[10/04/2026-22:10:43] [I] Average on 1 runs - GPU latency: 4.21484 ms - Host latency: 4.2793 ms (enqueue 2.08398 ms)
[10/04/2026-22:10:43] [I] Average on 1 runs - GPU latency: 4.21094 ms - Host latency: 4.27148 ms (enqueue 2.06055 ms)
[10/04/2026-22:10:43] [I] Average on 1 runs - GPU latency: 4.21289 ms - Host latency: 4.27344 ms (enqueue 2.10352 ms)
[10/04/2026-22:10:43] [I] Average on 1 runs - GPU latency: 4.20703 ms - Host latency: 4.27344 ms (enqueue 2.11914 ms)
[10/04/2026-22:10:43] [I] Average on 1 runs - GPU latency: 4.20898 ms - Host latency: 4.27539 ms (enqueue 2.13477 ms)
[10/04/2026-22:10:43] [I] Average on 1 runs - GPU latency: 4.20898 ms - Host latency: 4.26953 ms (enqueue 2.07422 ms)
[10/04/2026-22:10:43] [I] Average on 1 runs - GPU latency: 4.20703 ms - Host latency: 4.26758 ms (enqueue 2.12305 ms)
[10/04/2026-22:10:43] [I] Average on 1 runs - GPU latency: 4.2168 ms - Host latency: 4.28125 ms (enqueue 2.07617 ms)
[10/04/2026-22:10:43] [I] Average on 1 runs - GPU latency: 4.21094 ms - Host latency: 4.27344 ms (enqueue 2.10547 ms)
[10/04/2026-22:10:43] [I] Average on 1 runs - GPU latency: 4.21289 ms - Host latency: 4.27734 ms (enqueue 2.11328 ms)
[10/04/2026-22:10:43] [I] Average on 1 runs - GPU latency: 4.21094 ms - Host latency: 4.27148 ms (enqueue 2.08594 ms)
[10/04/2026-22:10:43] [I] Average on 1 runs - GPU latency: 4.20898 ms - Host latency: 4.27148 ms (enqueue 2.18555 ms)
[10/04/2026-22:10:43] [I] Average on 1 runs - GPU latency: 4.21289 ms - Host latency: 4.27539 ms (enqueue 2.08398 ms)
[10/04/2026-22:10:43] [I] Average on 1 runs - GPU latency: 4.2168 ms - Host latency: 4.28125 ms (enqueue 2.13867 ms)
[10/04/2026-22:10:43] [I] Average on 1 runs - GPU latency: 4.20508 ms - Host latency: 4.27148 ms (enqueue 2.09375 ms)
[10/04/2026-22:10:43] [I] Average on 1 runs - GPU latency: 4.20898 ms - Host latency: 4.27344 ms (enqueue 2.13086 ms)
[10/04/2026-22:10:43] [I] Average on 1 runs - GPU latency: 4.21289 ms - Host latency: 4.27734 ms (enqueue 2.07812 ms)
[10/04/2026-22:10:43] [I] Average on 1 runs - GPU latency: 4.21289 ms - Host latency: 4.27734 ms (enqueue 2.08398 ms)
[10/04/2026-22:10:43] [I] Average on 1 runs - GPU latency: 4.20508 ms - Host latency: 4.26758 ms (enqueue 2.10547 ms)
[10/04/2026-22:10:43] [I] Average on 1 runs - GPU latency: 4.21094 ms - Host latency: 4.27148 ms (enqueue 2.14062 ms)
[10/04/2026-22:10:43] [I] Average on 1 runs - GPU latency: 4.20703 ms - Host latency: 4.27148 ms (enqueue 2.1543 ms)
[10/04/2026-22:10:43] [I] Average on 1 runs - GPU latency: 4.21289 ms - Host latency: 4.27734 ms (enqueue 2.08398 ms)
[10/04/2026-22:10:43] [I] Average on 1 runs - GPU latency: 4.20898 ms - Host latency: 4.27148 ms (enqueue 2.10938 ms)
[10/04/2026-22:10:43] [I] Average on 1 runs - GPU latency: 4.2168 ms - Host latency: 4.27734 ms (enqueue 2.07031 ms)
[10/04/2026-22:10:43] [I] Average on 1 runs - GPU latency: 4.21289 ms - Host latency: 4.27344 ms (enqueue 2.11719 ms)
[10/04/2026-22:10:43] [I] Average on 1 runs - GPU latency: 4.20117 ms - Host latency: 4.26172 ms (enqueue 2.07422 ms)
[10/04/2026-22:10:43] [I] Average on 1 runs - GPU latency: 4.20117 ms - Host latency: 4.26367 ms (enqueue 2.07227 ms)
[10/04/2026-22:10:43] [I] Average on 1 runs - GPU latency: 4.20703 ms - Host latency: 4.26758 ms (enqueue 2.17969 ms)
[10/04/2026-22:10:43] [I] Average on 1 runs - GPU latency: 4.21289 ms - Host latency: 4.27344 ms (enqueue 2.09375 ms)
[10/04/2026-22:10:43] [I] Average on 1 runs - GPU latency: 4.21289 ms - Host latency: 4.27344 ms (enqueue 2.15039 ms)
[10/04/2026-22:10:43] [I] Average on 1 runs - GPU latency: 4.20703 ms - Host latency: 4.26953 ms (enqueue 2.08008 ms)
[10/04/2026-22:10:43] [I] Average on 1 runs - GPU latency: 4.20898 ms - Host latency: 4.27344 ms (enqueue 2.14453 ms)
[10/04/2026-22:10:43] [I] Average on 1 runs - GPU latency: 4.21094 ms - Host latency: 4.27148 ms (enqueue 2.07617 ms)
[10/04/2026-22:10:43] [I] Average on 1 runs - GPU latency: 4.21289 ms - Host latency: 4.27539 ms (enqueue 2.10547 ms)
[10/04/2026-22:10:43] [I] Average on 1 runs - GPU latency: 4.21289 ms - Host latency: 4.27344 ms (enqueue 2.13477 ms)
[10/04/2026-22:10:43] [I] Average on 1 runs - GPU latency: 4.2168 ms - Host latency: 4.28711 ms (enqueue 2.15625 ms)
[10/04/2026-22:10:43] [I] Average on 1 runs - GPU latency: 4.21484 ms - Host latency: 4.27539 ms (enqueue 2.1543 ms)
[10/04/2026-22:10:43] [I] Average on 1 runs - GPU latency: 4.21094 ms - Host latency: 4.27148 ms (enqueue 2.07422 ms)
[10/04/2026-22:10:43] [I] Average on 1 runs - GPU latency: 4.2168 ms - Host latency: 4.27734 ms (enqueue 2.14062 ms)
[10/04/2026-22:10:43] [I] Average on 1 runs - GPU latency: 4.20898 ms - Host latency: 4.26953 ms (enqueue 2.08594 ms)
[10/04/2026-22:10:43] [I] Average on 1 runs - GPU latency: 4.20703 ms - Host latency: 4.26758 ms (enqueue 2.10547 ms)
[10/04/2026-22:10:43] [I] Average on 1 runs - GPU latency: 4.21094 ms - Host latency: 4.26953 ms (enqueue 2.06641 ms)
[10/04/2026-22:10:43] [I] Average on 1 runs - GPU latency: 4.21094 ms - Host latency: 4.27344 ms (enqueue 2.11328 ms)
[10/04/2026-22:10:43] [I] Average on 1 runs - GPU latency: 4.21289 ms - Host latency: 4.27344 ms (enqueue 2.16992 ms)
[10/04/2026-22:10:43] [I] Average on 1 runs - GPU latency: 4.20898 ms - Host latency: 4.27734 ms (enqueue 2.22852 ms)
[10/04/2026-22:10:43] [I] Average on 1 runs - GPU latency: 4.21484 ms - Host latency: 4.28125 ms (enqueue 2.14648 ms)
[10/04/2026-22:10:43] [I] Average on 1 runs - GPU latency: 4.21094 ms - Host latency: 4.27344 ms (enqueue 2.04688 ms)
[10/04/2026-22:10:43] [I] Average on 1 runs - GPU latency: 4.21484 ms - Host latency: 4.27344 ms (enqueue 2.10547 ms)
[10/04/2026-22:10:43] [I] Average on 1 runs - GPU latency: 4.20703 ms - Host latency: 4.26953 ms (enqueue 2.05664 ms)
[10/04/2026-22:10:43] [I] Average on 1 runs - GPU latency: 4.21094 ms - Host latency: 4.27344 ms (enqueue 2.08594 ms)
[10/04/2026-22:10:43] [I] Average on 1 runs - GPU latency: 4.20312 ms - Host latency: 4.26367 ms (enqueue 2.06641 ms)
[10/04/2026-22:10:43] [I] Average on 1 runs - GPU latency: 4.21484 ms - Host latency: 4.27734 ms (enqueue 2.16797 ms)
[10/04/2026-22:10:43] [I] Average on 1 runs - GPU latency: 4.20508 ms - Host latency: 4.26758 ms (enqueue 2.13086 ms)
[10/04/2026-22:10:43] [I] Average on 1 runs - GPU latency: 4.20898 ms - Host latency: 4.26953 ms (enqueue 2.08008 ms)
[10/04/2026-22:10:43] [I] Average on 1 runs - GPU latency: 4.20898 ms - Host latency: 4.27148 ms (enqueue 2.11328 ms)
[10/04/2026-22:10:43] [I] Average on 1 runs - GPU latency: 4.2168 ms - Host latency: 4.28125 ms (enqueue 2.0918 ms)
[10/04/2026-22:10:43] [I] Average on 1 runs - GPU latency: 4.21289 ms - Host latency: 4.27539 ms (enqueue 2.08984 ms)
[10/04/2026-22:10:43] [I] Average on 1 runs - GPU latency: 4.20898 ms - Host latency: 4.26953 ms (enqueue 2.07031 ms)
[10/04/2026-22:10:43] [I] Average on 1 runs - GPU latency: 4.20898 ms - Host latency: 4.26953 ms (enqueue 2.07812 ms)
[10/04/2026-22:10:43] [I] Average on 1 runs - GPU latency: 4.21875 ms - Host latency: 4.2793 ms (enqueue 2.12891 ms)
[10/04/2026-22:10:43] [I] Average on 1 runs - GPU latency: 4.20898 ms - Host latency: 4.29297 ms (enqueue 2.08984 ms)
[10/04/2026-22:10:43] [I] Average on 1 runs - GPU latency: 4.20312 ms - Host latency: 4.26953 ms (enqueue 2.09961 ms)
[10/04/2026-22:10:43] [I] Average on 1 runs - GPU latency: 4.20898 ms - Host latency: 4.27344 ms (enqueue 2.05664 ms)
[10/04/2026-22:10:43] [I] Average on 1 runs - GPU latency: 4.21094 ms - Host latency: 4.27148 ms (enqueue 2.11523 ms)
[10/04/2026-22:10:43] [I] Average on 1 runs - GPU latency: 4.21094 ms - Host latency: 4.27734 ms (enqueue 2.05664 ms)
[10/04/2026-22:10:43] [I] Average on 1 runs - GPU latency: 4.20898 ms - Host latency: 4.26953 ms (enqueue 2.09375 ms)
[10/04/2026-22:10:43] [I] Average on 1 runs - GPU latency: 4.20898 ms - Host latency: 4.26758 ms (enqueue 2.08398 ms)
[10/04/2026-22:10:43] [I] Average on 1 runs - GPU latency: 4.21289 ms - Host latency: 4.27344 ms (enqueue 2.17383 ms)
[10/04/2026-22:10:43] [I] Average on 1 runs - GPU latency: 4.21094 ms - Host latency: 4.27539 ms (enqueue 2.08398 ms)
[10/04/2026-22:10:43] [I] Average on 1 runs - GPU latency: 4.24023 ms - Host latency: 4.30664 ms (enqueue 2.30469 ms)
[10/04/2026-22:10:43] [I] Average on 1 runs - GPU latency: 4.21289 ms - Host latency: 4.2793 ms (enqueue 2.25781 ms)
[10/04/2026-22:10:43] [I] Average on 1 runs - GPU latency: 4.2168 ms - Host latency: 4.2793 ms (enqueue 2.16992 ms)
[10/04/2026-22:10:43] [I] Average on 1 runs - GPU latency: 4.22266 ms - Host latency: 4.28906 ms (enqueue 2.29688 ms)
[10/04/2026-22:10:43] [I] Average on 1 runs - GPU latency: 4.22461 ms - Host latency: 4.29102 ms (enqueue 2.2168 ms)
[10/04/2026-22:10:43] [I] Average on 1 runs - GPU latency: 4.2207 ms - Host latency: 4.28516 ms (enqueue 2.20703 ms)
[10/04/2026-22:10:43] [I] Average on 1 runs - GPU latency: 4.2168 ms - Host latency: 4.2832 ms (enqueue 2.26172 ms)
[10/04/2026-22:10:43] [I] Average on 1 runs - GPU latency: 4.21289 ms - Host latency: 4.28516 ms (enqueue 2.10352 ms)
[10/04/2026-22:10:43] [I] Average on 1 runs - GPU latency: 4.2168 ms - Host latency: 4.28125 ms (enqueue 2.10938 ms)
[10/04/2026-22:10:43] [I] Average on 1 runs - GPU latency: 4.21484 ms - Host latency: 4.2793 ms (enqueue 2.05469 ms)
[10/04/2026-22:10:43] [I] Average on 1 runs - GPU latency: 4.20312 ms - Host latency: 4.26367 ms (enqueue 2.10352 ms)
[10/04/2026-22:10:43] [I] Average on 1 runs - GPU latency: 4.21094 ms - Host latency: 4.27344 ms (enqueue 2.05469 ms)
[10/04/2026-22:10:43] [I] Average on 1 runs - GPU latency: 4.21094 ms - Host latency: 4.27344 ms (enqueue 2.11719 ms)
[10/04/2026-22:10:43] [I] Average on 1 runs - GPU latency: 4.20898 ms - Host latency: 4.27344 ms (enqueue 2.07031 ms)
[10/04/2026-22:10:43] [I] Average on 1 runs - GPU latency: 4.20703 ms - Host latency: 4.26562 ms (enqueue 2.10938 ms)
[10/04/2026-22:10:43] [I] Average on 1 runs - GPU latency: 4.2168 ms - Host latency: 4.28125 ms (enqueue 2.12695 ms)
[10/04/2026-22:10:43] [I] Average on 1 runs - GPU latency: 4.21875 ms - Host latency: 4.2832 ms (enqueue 2.06055 ms)
[10/04/2026-22:10:43] [I] Average on 1 runs - GPU latency: 4.20898 ms - Host latency: 4.27148 ms (enqueue 2.12891 ms)
[10/04/2026-22:10:43] [I] Average on 1 runs - GPU latency: 4.21484 ms - Host latency: 4.2793 ms (enqueue 2.07812 ms)
[10/04/2026-22:10:43] [I] Average on 1 runs - GPU latency: 4.21094 ms - Host latency: 4.27344 ms (enqueue 2.09375 ms)
[10/04/2026-22:10:43] [I] Average on 1 runs - GPU latency: 4.20508 ms - Host latency: 4.26758 ms (enqueue 2.05664 ms)
[10/04/2026-22:10:43] [I] Average on 1 runs - GPU latency: 4.20703 ms - Host latency: 4.26953 ms (enqueue 2.08984 ms)
[10/04/2026-22:10:43] [I] Average on 1 runs - GPU latency: 4.21094 ms - Host latency: 4.27344 ms (enqueue 2.15234 ms)
[10/04/2026-22:10:43] [I] Average on 1 runs - GPU latency: 4.21875 ms - Host latency: 4.2793 ms (enqueue 2.08203 ms)
[10/04/2026-22:10:43] [I] Average on 1 runs - GPU latency: 4.21289 ms - Host latency: 4.27734 ms (enqueue 2.12109 ms)
[10/04/2026-22:10:43] [I] Average on 1 runs - GPU latency: 4.21875 ms - Host latency: 4.28125 ms (enqueue 2.07617 ms)
[10/04/2026-22:10:43] [I] Average on 1 runs - GPU latency: 4.21289 ms - Host latency: 4.27539 ms (enqueue 2.11523 ms)
[10/04/2026-22:10:43] [I] Average on 1 runs - GPU latency: 4.21484 ms - Host latency: 4.2793 ms (enqueue 2.0625 ms)
[10/04/2026-22:10:43] [I] Average on 1 runs - GPU latency: 4.21094 ms - Host latency: 4.27148 ms (enqueue 2.12109 ms)
[10/04/2026-22:10:43] [I] Average on 1 runs - GPU latency: 4.21484 ms - Host latency: 4.27539 ms (enqueue 2.06055 ms)
[10/04/2026-22:10:43] [I] Average on 1 runs - GPU latency: 4.21289 ms - Host latency: 4.27539 ms (enqueue 2.20508 ms)
[10/04/2026-22:10:43] [I] Average on 1 runs - GPU latency: 4.20898 ms - Host latency: 4.26953 ms (enqueue 2.10352 ms)
[10/04/2026-22:10:43] [I] Average on 1 runs - GPU latency: 4.2207 ms - Host latency: 4.28125 ms (enqueue 2.06836 ms)
[10/04/2026-22:10:43] [I] Average on 1 runs - GPU latency: 4.19922 ms - Host latency: 4.26172 ms (enqueue 2.10156 ms)
[10/04/2026-22:10:43] [I] Average on 1 runs - GPU latency: 4.2207 ms - Host latency: 4.28711 ms (enqueue 2.06641 ms)
[10/04/2026-22:10:43] [I] Average on 1 runs - GPU latency: 4.20312 ms - Host latency: 4.26562 ms (enqueue 2.12891 ms)
[10/04/2026-22:10:43] [I] Average on 1 runs - GPU latency: 4.20898 ms - Host latency: 4.26953 ms (enqueue 2.08008 ms)
[10/04/2026-22:10:43] [I] Average on 1 runs - GPU latency: 4.20312 ms - Host latency: 4.26758 ms (enqueue 2.08594 ms)
[10/04/2026-22:10:43] [I] Average on 1 runs - GPU latency: 4.20898 ms - Host latency: 4.27148 ms (enqueue 2.09961 ms)
[10/04/2026-22:10:43] [I] Average on 1 runs - GPU latency: 4.21289 ms - Host latency: 4.27539 ms (enqueue 2.09766 ms)
[10/04/2026-22:10:43] [I] Average on 1 runs - GPU latency: 4.21094 ms - Host latency: 4.27539 ms (enqueue 2.05078 ms)
[10/04/2026-22:10:43] [I] Average on 1 runs - GPU latency: 4.20703 ms - Host latency: 4.26953 ms (enqueue 2.07422 ms)
[10/04/2026-22:10:43] [I] Average on 1 runs - GPU latency: 4.20508 ms - Host latency: 4.26953 ms (enqueue 2.07422 ms)
[10/04/2026-22:10:43] [I] Average on 1 runs - GPU latency: 4.21094 ms - Host latency: 4.27539 ms (enqueue 2.03125 ms)
[10/04/2026-22:10:43] [I] Average on 1 runs - GPU latency: 4.21484 ms - Host latency: 4.27734 ms (enqueue 2.09766 ms)
[10/04/2026-22:10:43] [I] Average on 1 runs - GPU latency: 4.21094 ms - Host latency: 4.27539 ms (enqueue 2.05078 ms)
[10/04/2026-22:10:43] [I] Average on 1 runs - GPU latency: 4.21289 ms - Host latency: 4.27344 ms (enqueue 2.17969 ms)
[10/04/2026-22:10:43] [I] Average on 1 runs - GPU latency: 4.20898 ms - Host latency: 4.27344 ms (enqueue 2.07812 ms)
[10/04/2026-22:10:43] [I] Average on 1 runs - GPU latency: 4.2168 ms - Host latency: 4.28516 ms (enqueue 2.10938 ms)
[10/04/2026-22:10:43] [I] Average on 1 runs - GPU latency: 4.20898 ms - Host latency: 4.27148 ms (enqueue 2.05469 ms)
[10/04/2026-22:10:43] [I] Average on 1 runs - GPU latency: 4.20703 ms - Host latency: 4.26953 ms (enqueue 2.20312 ms)
[10/04/2026-22:10:43] [I] Average on 1 runs - GPU latency: 4.20312 ms - Host latency: 4.26758 ms (enqueue 2.14062 ms)
[10/04/2026-22:10:43] [I] Average on 1 runs - GPU latency: 4.20703 ms - Host latency: 4.26758 ms (enqueue 2.08594 ms)
[10/04/2026-22:10:43] [I] Average on 1 runs - GPU latency: 4.20703 ms - Host latency: 4.26758 ms (enqueue 2.12891 ms)
[10/04/2026-22:10:43] [I] Average on 1 runs - GPU latency: 4.21094 ms - Host latency: 4.27148 ms (enqueue 2.13281 ms)
[10/04/2026-22:10:43] [I] Average on 1 runs - GPU latency: 4.20312 ms - Host latency: 4.26562 ms (enqueue 2.14844 ms)
[10/04/2026-22:10:43] [I] Average on 1 runs - GPU latency: 4.2168 ms - Host latency: 4.27734 ms (enqueue 2.07227 ms)
[10/04/2026-22:10:43] [I] Average on 1 runs - GPU latency: 4.2168 ms - Host latency: 4.27734 ms (enqueue 2.13281 ms)
[10/04/2026-22:10:43] [I] Average on 1 runs - GPU latency: 4.21875 ms - Host latency: 4.28125 ms (enqueue 2.07227 ms)
[10/04/2026-22:10:43] [I] Average on 1 runs - GPU latency: 4.21484 ms - Host latency: 4.27734 ms (enqueue 2.07617 ms)
[10/04/2026-22:10:43] [I] Average on 1 runs - GPU latency: 4.21484 ms - Host latency: 4.27734 ms (enqueue 2.11914 ms)
[10/04/2026-22:10:43] [I] Average on 1 runs - GPU latency: 4.20898 ms - Host latency: 4.27148 ms (enqueue 2.07617 ms)
[10/04/2026-22:10:43] [I] Average on 1 runs - GPU latency: 4.2207 ms - Host latency: 4.2832 ms (enqueue 2.1875 ms)
[10/04/2026-22:10:43] [I] Average on 1 runs - GPU latency: 4.21289 ms - Host latency: 4.27344 ms (enqueue 2.08398 ms)
[10/04/2026-22:10:43] [I] Average on 1 runs - GPU latency: 4.20898 ms - Host latency: 4.27148 ms (enqueue 2.13281 ms)
[10/04/2026-22:10:43] [I] Average on 1 runs - GPU latency: 4.21289 ms - Host latency: 4.27539 ms (enqueue 2.08398 ms)
[10/04/2026-22:10:43] [I] Average on 1 runs - GPU latency: 4.21289 ms - Host latency: 4.27148 ms (enqueue 2.13867 ms)
[10/04/2026-22:10:43] [I] Average on 1 runs - GPU latency: 4.21094 ms - Host latency: 4.27344 ms (enqueue 2.11719 ms)
[10/04/2026-22:10:43] [I] Average on 1 runs - GPU latency: 4.2168 ms - Host latency: 4.27734 ms (enqueue 2.0625 ms)
[10/04/2026-22:10:43] [I] Average on 1 runs - GPU latency: 4.21094 ms - Host latency: 4.27148 ms (enqueue 2.11523 ms)
[10/04/2026-22:10:43] [I] Average on 1 runs - GPU latency: 4.22266 ms - Host latency: 4.28516 ms (enqueue 2.11328 ms)
[10/04/2026-22:10:43] [I] Average on 1 runs - GPU latency: 4.2168 ms - Host latency: 4.2793 ms (enqueue 2.1543 ms)
[10/04/2026-22:10:43] [I] Average on 1 runs - GPU latency: 4.21094 ms - Host latency: 4.27344 ms (enqueue 2.07422 ms)
[10/04/2026-22:10:43] [I] Average on 1 runs - GPU latency: 4.21289 ms - Host latency: 4.27148 ms (enqueue 2.13086 ms)
[10/04/2026-22:10:43] [I] Average on 1 runs - GPU latency: 4.20117 ms - Host latency: 4.26562 ms (enqueue 2.08008 ms)
[10/04/2026-22:10:43] [I] Average on 1 runs - GPU latency: 4.21094 ms - Host latency: 4.27148 ms (enqueue 2.10156 ms)
[10/04/2026-22:10:43] [I] Average on 1 runs - GPU latency: 4.21484 ms - Host latency: 4.2832 ms (enqueue 2.12305 ms)
[10/04/2026-22:10:43] [I] Average on 1 runs - GPU latency: 4.21094 ms - Host latency: 4.27539 ms (enqueue 2.07031 ms)
[10/04/2026-22:10:43] [I] Average on 1 runs - GPU latency: 4.2168 ms - Host latency: 4.27734 ms (enqueue 2.15234 ms)
[10/04/2026-22:10:43] [I] Average on 1 runs - GPU latency: 4.21094 ms - Host latency: 4.27539 ms (enqueue 2.08398 ms)
[10/04/2026-22:10:43] [I] Average on 1 runs - GPU latency: 4.20703 ms - Host latency: 4.27148 ms (enqueue 2.12891 ms)
[10/04/2026-22:10:43] [I] Average on 1 runs - GPU latency: 4.21484 ms - Host latency: 4.27539 ms (enqueue 2.07227 ms)
[10/04/2026-22:10:43] [I] Average on 1 runs - GPU latency: 4.21484 ms - Host latency: 4.27734 ms (enqueue 2.11523 ms)
[10/04/2026-22:10:43] [I] Average on 1 runs - GPU latency: 4.21289 ms - Host latency: 4.27344 ms (enqueue 2.06445 ms)
[10/04/2026-22:10:43] [I] Average on 1 runs - GPU latency: 4.2168 ms - Host latency: 4.2793 ms (enqueue 2.11719 ms)
[10/04/2026-22:10:43] [I] Average on 1 runs - GPU latency: 4.21094 ms - Host latency: 4.27539 ms (enqueue 2.08984 ms)
[10/04/2026-22:10:43] [I] Average on 1 runs - GPU latency: 4.21484 ms - Host latency: 4.27539 ms (enqueue 2.10547 ms)
[10/04/2026-22:10:43] [I] Average on 1 runs - GPU latency: 4.22656 ms - Host latency: 4.29492 ms (enqueue 2.32031 ms)
[10/04/2026-22:10:43] [I] Average on 1 runs - GPU latency: 4.22266 ms - Host latency: 4.29492 ms (enqueue 2.33008 ms)
[10/04/2026-22:10:43] [I] Average on 1 runs - GPU latency: 4.22266 ms - Host latency: 4.29688 ms (enqueue 2.20312 ms)
[10/04/2026-22:10:43] [I] Average on 1 runs - GPU latency: 4.21484 ms - Host latency: 4.27734 ms (enqueue 2.12695 ms)
[10/04/2026-22:10:43] [I] Average on 1 runs - GPU latency: 4.21484 ms - Host latency: 4.28516 ms (enqueue 2.28516 ms)
[10/04/2026-22:10:43] [I] Average on 1 runs - GPU latency: 4.2207 ms - Host latency: 4.28516 ms (enqueue 2.18555 ms)
[10/04/2026-22:10:43] [I] Average on 1 runs - GPU latency: 4.21094 ms - Host latency: 4.27539 ms (enqueue 2.13086 ms)
[10/04/2026-22:10:43] [I] Average on 1 runs - GPU latency: 4.2207 ms - Host latency: 4.28516 ms (enqueue 2.22266 ms)
[10/04/2026-22:10:43] [I] Average on 1 runs - GPU latency: 4.21484 ms - Host latency: 4.27539 ms (enqueue 2.0918 ms)
[10/04/2026-22:10:43] [I] Average on 1 runs - GPU latency: 4.20898 ms - Host latency: 4.26953 ms (enqueue 2.125 ms)
[10/04/2026-22:10:43] [I] Average on 1 runs - GPU latency: 4.21484 ms - Host latency: 4.27734 ms (enqueue 2.07812 ms)
[10/04/2026-22:10:43] [I] Average on 1 runs - GPU latency: 4.21289 ms - Host latency: 4.27344 ms (enqueue 2.07617 ms)
[10/04/2026-22:10:43] [I] Average on 1 runs - GPU latency: 4.21094 ms - Host latency: 4.27344 ms (enqueue 2.13281 ms)
[10/04/2026-22:10:43] [I] Average on 1 runs - GPU latency: 4.21289 ms - Host latency: 4.27734 ms (enqueue 2.06836 ms)
[10/04/2026-22:10:43] [I] Average on 1 runs - GPU latency: 4.21289 ms - Host latency: 4.27344 ms (enqueue 2.10547 ms)
[10/04/2026-22:10:43] [I] Average on 1 runs - GPU latency: 4.21094 ms - Host latency: 4.27344 ms (enqueue 2.11719 ms)
[10/04/2026-22:10:43] [I] Average on 1 runs - GPU latency: 4.20898 ms - Host latency: 4.26953 ms (enqueue 2.12305 ms)
[10/04/2026-22:10:43] [I] Average on 1 runs - GPU latency: 4.20898 ms - Host latency: 4.27344 ms (enqueue 2.07227 ms)
[10/04/2026-22:10:43] [I] Average on 1 runs - GPU latency: 4.20898 ms - Host latency: 4.26953 ms (enqueue 2.11328 ms)
[10/04/2026-22:10:43] [I] Average on 1 runs - GPU latency: 4.21875 ms - Host latency: 4.28125 ms (enqueue 2.06836 ms)
[10/04/2026-22:10:43] [I] Average on 1 runs - GPU latency: 4.21289 ms - Host latency: 4.27344 ms (enqueue 2.06445 ms)
[10/04/2026-22:10:43] [I] Average on 1 runs - GPU latency: 4.21484 ms - Host latency: 4.27734 ms (enqueue 2.10742 ms)
[10/04/2026-22:10:43] [I] Average on 1 runs - GPU latency: 4.20898 ms - Host latency: 4.27148 ms (enqueue 2.07227 ms)
[10/04/2026-22:10:43] [I] Average on 1 runs - GPU latency: 4.21484 ms - Host latency: 4.27539 ms (enqueue 2.16992 ms)
[10/04/2026-22:10:43] [I] Average on 1 runs - GPU latency: 4.20898 ms - Host latency: 4.26953 ms (enqueue 2.07227 ms)
[10/04/2026-22:10:43] [I] Average on 1 runs - GPU latency: 4.21094 ms - Host latency: 4.27148 ms (enqueue 2.10156 ms)
[10/04/2026-22:10:43] [I] Average on 1 runs - GPU latency: 4.20508 ms - Host latency: 4.26758 ms (enqueue 2.07227 ms)
[10/04/2026-22:10:43] [I] Average on 1 runs - GPU latency: 4.20898 ms - Host latency: 4.26953 ms (enqueue 2.0957 ms)
[10/04/2026-22:10:43] [I] Average on 1 runs - GPU latency: 4.21289 ms - Host latency: 4.27344 ms (enqueue 2.06055 ms)
[10/04/2026-22:10:43] [I] Average on 1 runs - GPU latency: 4.20898 ms - Host latency: 4.26953 ms (enqueue 2.10938 ms)
[10/04/2026-22:10:43] [I] Average on 1 runs - GPU latency: 4.21094 ms - Host latency: 4.27148 ms (enqueue 2.0957 ms)
[10/04/2026-22:10:43] [I] Average on 1 runs - GPU latency: 4.21289 ms - Host latency: 4.27344 ms (enqueue 2.13086 ms)
[10/04/2026-22:10:43] [I] Average on 1 runs - GPU latency: 4.21289 ms - Host latency: 4.27539 ms (enqueue 2.17969 ms)
[10/04/2026-22:10:43] [I] Average on 1 runs - GPU latency: 4.20898 ms - Host latency: 4.27148 ms (enqueue 2.0918 ms)
[10/04/2026-22:10:43] [I] Average on 1 runs - GPU latency: 4.21289 ms - Host latency: 4.27734 ms (enqueue 2.13086 ms)
[10/04/2026-22:10:43] [I] Average on 1 runs - GPU latency: 4.21094 ms - Host latency: 4.27344 ms (enqueue 2.07812 ms)
[10/04/2026-22:10:43] [I] Average on 1 runs - GPU latency: 4.21289 ms - Host latency: 4.27734 ms (enqueue 2.12305 ms)
[10/04/2026-22:10:43] [I] Average on 1 runs - GPU latency: 4.20898 ms - Host latency: 4.27148 ms (enqueue 2.05273 ms)
[10/04/2026-22:10:43] [I] Average on 1 runs - GPU latency: 4.2168 ms - Host latency: 4.27734 ms (enqueue 2.07031 ms)
[10/04/2026-22:10:43] [I] Average on 1 runs - GPU latency: 4.21875 ms - Host latency: 4.28125 ms (enqueue 2.14453 ms)
[10/04/2026-22:10:43] [I] Average on 1 runs - GPU latency: 4.22266 ms - Host latency: 4.2832 ms (enqueue 2.0957 ms)
[10/04/2026-22:10:43] [I] Average on 1 runs - GPU latency: 4.21289 ms - Host latency: 4.27734 ms (enqueue 2.15234 ms)
[10/04/2026-22:10:43] [I] Average on 1 runs - GPU latency: 4.21289 ms - Host latency: 4.27539 ms (enqueue 2.07031 ms)
[10/04/2026-22:10:43] [I] Average on 1 runs - GPU latency: 4.21094 ms - Host latency: 4.28125 ms (enqueue 2.12305 ms)
[10/04/2026-22:10:43] [I] 
[10/04/2026-22:10:43] [I] === Performance summary ===
[10/04/2026-22:10:43] [I] Throughput: 161.154 qps
[10/04/2026-22:10:43] [I] Latency: min = 4.25879 ms, max = 4.3645 ms, mean = 4.27451 ms, median = 4.27344 ms, percentile(90%) = 4.28125 ms, percentile(95%) = 4.28467 ms, percentile(99%) = 4.29834 ms
[10/04/2026-22:10:43] [I] Enqueue Time: min = 1.99951 ms, max = 2.53125 ms, mean = 2.08409 ms, median = 2.07617 ms, percentile(90%) = 2.12598 ms, percentile(95%) = 2.1543 ms, percentile(99%) = 2.2959 ms
[10/04/2026-22:10:43] [I] H2D Latency: min = 0.0546875 ms, max = 0.12085 ms, mean = 0.0581873 ms, median = 0.0571289 ms, percentile(90%) = 0.0605469 ms, percentile(95%) = 0.0639648 ms, percentile(99%) = 0.0703125 ms
[10/04/2026-22:10:43] [I] GPU Compute Time: min = 4.19727 ms, max = 4.24902 ms, mean = 4.21237 ms, median = 4.21191 ms, percentile(90%) = 4.21826 ms, percentile(95%) = 4.2207 ms, percentile(99%) = 4.22949 ms
[10/04/2026-22:10:43] [I] D2H Latency: min = 0.00195312 ms, max = 0.00634766 ms, mean = 0.00396194 ms, median = 0.00390625 ms, percentile(90%) = 0.00488281 ms, percentile(95%) = 0.00488281 ms, percentile(99%) = 0.00488281 ms
[10/04/2026-22:10:43] [I] Total Host Walltime: 15.0167 s
[10/04/2026-22:10:43] [I] Total GPU Compute Time: 10.1939 s
[10/04/2026-22:10:43] [I] Explanations of the performance metrics are printed in the verbose logs.
[10/04/2026-22:10:43] [I] 
&&&& PASSED TensorRT.trtexec [TensorRT v100300] # /usr/src/tensorrt/bin/trtexec --loadEngine=/tmp/yolo26n_84172_uint8_fp16_opt3.engine --warmUp=3000 --duration=15 --idleTime=4 --avgRuns=1
