&&&& RUNNING TensorRT.trtexec [TensorRT v100300] # /usr/src/tensorrt/bin/trtexec --loadEngine=/tmp/yolo26n_84172_uint8_fp16_opt3.engine --warmUp=3000 --duration=15 --idleTime=0 --avgRuns=1
[10/06/2026-16:17:24] [I] === Model Options ===
[10/06/2026-16:17:24] [I] Format: *
[10/06/2026-16:17:24] [I] Model: 
[10/06/2026-16:17:24] [I] Output:
[10/06/2026-16:17:24] [I] 
[10/06/2026-16:17:24] [I] === System Options ===
[10/06/2026-16:17:24] [I] Device: 0
[10/06/2026-16:17:24] [I] DLACore: 
[10/06/2026-16:17:24] [I] Plugins:
[10/06/2026-16:17:24] [I] setPluginsToSerialize:
[10/06/2026-16:17:24] [I] dynamicPlugins:
[10/06/2026-16:17:24] [I] ignoreParsedPluginLibs: 0
[10/06/2026-16:17:24] [I] 
[10/06/2026-16:17:24] [I] === Inference Options ===
[10/06/2026-16:17:24] [I] Batch: Explicit
[10/06/2026-16:17:24] [I] Input inference shapes: model
[10/06/2026-16:17:24] [I] Iterations: 10
[10/06/2026-16:17:24] [I] Duration: 15s (+ 3000ms warm up)
[10/06/2026-16:17:24] [I] Sleep time: 0ms
[10/06/2026-16:17:24] [I] Idle time: 0ms
[10/06/2026-16:17:24] [I] Inference Streams: 1
[10/06/2026-16:17:24] [I] ExposeDMA: Disabled
[10/06/2026-16:17:24] [I] Data transfers: Enabled
[10/06/2026-16:17:24] [I] Spin-wait: Disabled
[10/06/2026-16:17:24] [I] Multithreading: Disabled
[10/06/2026-16:17:24] [I] CUDA Graph: Disabled
[10/06/2026-16:17:24] [I] Separate profiling: Disabled
[10/06/2026-16:17:24] [I] Time Deserialize: Disabled
[10/06/2026-16:17:24] [I] Time Refit: Disabled
[10/06/2026-16:17:24] [I] NVTX verbosity: 0
[10/06/2026-16:17:24] [I] Persistent Cache Ratio: 0
[10/06/2026-16:17:24] [I] Optimization Profile Index: 0
[10/06/2026-16:17:24] [I] Weight Streaming Budget: 100.000000%
[10/06/2026-16:17:24] [I] Inputs:
[10/06/2026-16:17:24] [I] Debug Tensor Save Destinations:
[10/06/2026-16:17:24] [I] === Reporting Options ===
[10/06/2026-16:17:24] [I] Verbose: Disabled
[10/06/2026-16:17:24] [I] Averages: 1 inferences
[10/06/2026-16:17:24] [I] Percentiles: 90,95,99
[10/06/2026-16:17:24] [I] Dump refittable layers:Disabled
[10/06/2026-16:17:24] [I] Dump output: Disabled
[10/06/2026-16:17:24] [I] Profile: Disabled
[10/06/2026-16:17:24] [I] Export timing to JSON file: 
[10/06/2026-16:17:24] [I] Export output to JSON file: 
[10/06/2026-16:17:24] [I] Export profile to JSON file: 
[10/06/2026-16:17:24] [I] 
[10/06/2026-16:17:24] [I] === Device Information ===
[10/06/2026-16:17:24] [I] Available Devices: 
[10/06/2026-16:17:24] [I]   Device 0: "Orin" UUID: GPU-6e16c2c1-e394-5324-8f2e-63a975968f4e
[10/06/2026-16:17:24] [I] Selected Device: Orin
[10/06/2026-16:17:24] [I] Selected Device ID: 0
[10/06/2026-16:17:24] [I] Selected Device UUID: GPU-6e16c2c1-e394-5324-8f2e-63a975968f4e
[10/06/2026-16:17:24] [I] Compute Capability: 8.7
[10/06/2026-16:17:24] [I] SMs: 8
[10/06/2026-16:17:24] [I] Device Global Memory: 7607 MiB
[10/06/2026-16:17:24] [I] Shared Memory per SM: 164 KiB
[10/06/2026-16:17:24] [I] Memory Bus Width: 128 bits (ECC disabled)
[10/06/2026-16:17:24] [I] Application Compute Clock Rate: 1.02 GHz
[10/06/2026-16:17:24] [I] Application Memory Clock Rate: 1.02 GHz
[10/06/2026-16:17:24] [I] 
[10/06/2026-16:17:24] [I] Note: The application clock rates do not reflect the actual clock rates that the GPU is currently running at.
[10/06/2026-16:17:24] [I] 
[10/06/2026-16:17:24] [I] TensorRT version: 10.3.0
[10/06/2026-16:17:24] [I] Loading standard plugins
[10/06/2026-16:17:24] [I] [TRT] Loaded engine size: 7 MiB
[10/06/2026-16:17:24] [I] Engine deserialized in 0.0699348 sec.
[10/06/2026-16:17:24] [I] [TRT] [MemUsageChange] TensorRT-managed allocation in IExecutionContext creation: CPU +0, GPU +12, now: CPU 0, GPU 16 (MiB)
[10/06/2026-16:17:24] [I] Setting persistentCacheLimit to 0 bytes.
[10/06/2026-16:17:24] [I] Created execution context with device memory size: 12.207 MiB
[10/06/2026-16:17:24] [I] Using random values for input images
[10/06/2026-16:17:24] [I] Input binding for images with dimensions 1x640x640x3 is created.
[10/06/2026-16:17:24] [I] Output binding for output0 with dimensions 1x300x6 is created.
[10/06/2026-16:17:24] [I] Starting inference
[10/06/2026-16:17:42] [I] Warmup completed 667 queries over 3000 ms
[10/06/2026-16:17:42] [I] Timing trace has 3514 queries over 15.0114 s
[10/06/2026-16:17:42] [I] 
[10/06/2026-16:17:42] [I] === Trace details ===
[10/06/2026-16:17:42] [I] Trace averages of 1 runs:
[10/06/2026-16:17:42] [I] Average on 1 runs - GPU latency: 4.27344 ms - Host latency: 4.41211 ms (enqueue 3.06348 ms)
[10/06/2026-16:17:42] [I] Average on 1 runs - GPU latency: 4.26758 ms - Host latency: 4.40649 ms (enqueue 3.10205 ms)
[10/06/2026-16:17:42] [I] Average on 1 runs - GPU latency: 4.26416 ms - Host latency: 4.45264 ms (enqueue 3.0896 ms)
[10/06/2026-16:17:42] [I] Average on 1 runs - GPU latency: 4.26758 ms - Host latency: 4.42676 ms (enqueue 3.07861 ms)
[10/06/2026-16:17:42] [I] Average on 1 runs - GPU latency: 4.26416 ms - Host latency: 4.40161 ms (enqueue 3.0625 ms)
[10/06/2026-16:17:42] [I] Average on 1 runs - GPU latency: 4.27051 ms - Host latency: 4.40649 ms (enqueue 3.1084 ms)
[10/06/2026-16:17:42] [I] Average on 1 runs - GPU latency: 4.27124 ms - Host latency: 4.41626 ms (enqueue 3.07739 ms)
[10/06/2026-16:17:42] [I] Average on 1 runs - GPU latency: 4.26416 ms - Host latency: 4.39966 ms (enqueue 3.09424 ms)
[10/06/2026-16:17:42] [I] Average on 1 runs - GPU latency: 4.27295 ms - Host latency: 4.42261 ms (enqueue 3.09131 ms)
[10/06/2026-16:17:42] [I] Average on 1 runs - GPU latency: 4.26855 ms - Host latency: 4.40845 ms (enqueue 3.03564 ms)
[10/06/2026-16:17:42] [I] Average on 1 runs - GPU latency: 4.26782 ms - Host latency: 4.40405 ms (enqueue 3.01758 ms)
[10/06/2026-16:17:42] [I] Average on 1 runs - GPU latency: 4.26709 ms - Host latency: 4.40503 ms (enqueue 3.02466 ms)
[10/06/2026-16:17:42] [I] Average on 1 runs - GPU latency: 4.27344 ms - Host latency: 4.41016 ms (enqueue 3.09717 ms)
[10/06/2026-16:17:42] [I] Average on 1 runs - GPU latency: 4.25952 ms - Host latency: 4.40332 ms (enqueue 3.08862 ms)
[10/06/2026-16:17:42] [I] Average on 1 runs - GPU latency: 4.27783 ms - Host latency: 4.40942 ms (enqueue 3.04272 ms)
[10/06/2026-16:17:42] [I] Average on 1 runs - GPU latency: 4.27051 ms - Host latency: 4.40796 ms (enqueue 3.08594 ms)
[10/06/2026-16:17:42] [I] Average on 1 runs - GPU latency: 4.26416 ms - Host latency: 4.40381 ms (enqueue 3.08228 ms)
[10/06/2026-16:17:42] [I] Average on 1 runs - GPU latency: 4.26904 ms - Host latency: 4.40576 ms (enqueue 3.06104 ms)
[10/06/2026-16:17:42] [I] Average on 1 runs - GPU latency: 4.26807 ms - Host latency: 4.40771 ms (enqueue 3.08228 ms)
[10/06/2026-16:17:42] [I] Average on 1 runs - GPU latency: 4.27002 ms - Host latency: 4.41406 ms (enqueue 3.08643 ms)
[10/06/2026-16:17:42] [I] Average on 1 runs - GPU latency: 4.27539 ms - Host latency: 4.4165 ms (enqueue 3.09375 ms)
[10/06/2026-16:17:42] [I] Average on 1 runs - GPU latency: 4.27075 ms - Host latency: 4.41699 ms (enqueue 3.06592 ms)
[10/06/2026-16:17:42] [I] Average on 1 runs - GPU latency: 4.25879 ms - Host latency: 4.39258 ms (enqueue 3.09058 ms)
[10/06/2026-16:17:42] [I] Average on 1 runs - GPU latency: 4.27466 ms - Host latency: 4.42725 ms (enqueue 3.01172 ms)
[10/06/2026-16:17:42] [I] Average on 1 runs - GPU latency: 4.26758 ms - Host latency: 4.40991 ms (enqueue 3.02539 ms)
[10/06/2026-16:17:42] [I] Average on 1 runs - GPU latency: 4.27075 ms - Host latency: 4.41943 ms (enqueue 3.06567 ms)
[10/06/2026-16:17:42] [I] Average on 1 runs - GPU latency: 4.26294 ms - Host latency: 4.43579 ms (enqueue 3.04834 ms)
[10/06/2026-16:17:42] [I] Average on 1 runs - GPU latency: 4.26465 ms - Host latency: 4.40625 ms (enqueue 3.14526 ms)
[10/06/2026-16:17:42] [I] Average on 1 runs - GPU latency: 4.27246 ms - Host latency: 4.40527 ms (enqueue 3.0957 ms)
[10/06/2026-16:17:42] [I] Average on 1 runs - GPU latency: 4.26978 ms - Host latency: 4.42456 ms (enqueue 3.17041 ms)
[10/06/2026-16:17:42] [I] Average on 1 runs - GPU latency: 4.26758 ms - Host latency: 4.40991 ms (enqueue 3.14209 ms)
[10/06/2026-16:17:42] [I] Average on 1 runs - GPU latency: 4.27344 ms - Host latency: 4.41846 ms (enqueue 3.12793 ms)
[10/06/2026-16:17:42] [I] Average on 1 runs - GPU latency: 4.26855 ms - Host latency: 4.40063 ms (enqueue 3.07422 ms)
[10/06/2026-16:17:42] [I] Average on 1 runs - GPU latency: 4.26025 ms - Host latency: 4.40039 ms (enqueue 3.09106 ms)
[10/06/2026-16:17:42] [I] Average on 1 runs - GPU latency: 4.28735 ms - Host latency: 4.45703 ms (enqueue 3.10449 ms)
[10/06/2026-16:17:42] [I] Average on 1 runs - GPU latency: 4.30396 ms - Host latency: 4.44141 ms (enqueue 3.14062 ms)
[10/06/2026-16:17:42] [I] Average on 1 runs - GPU latency: 4.28296 ms - Host latency: 4.42407 ms (enqueue 3.05005 ms)
[10/06/2026-16:17:42] [I] Average on 1 runs - GPU latency: 4.2771 ms - Host latency: 4.41479 ms (enqueue 3.07397 ms)
[10/06/2026-16:17:42] [I] Average on 1 runs - GPU latency: 4.26562 ms - Host latency: 4.41406 ms (enqueue 3.03003 ms)
[10/06/2026-16:17:42] [I] Average on 1 runs - GPU latency: 4.27246 ms - Host latency: 4.40723 ms (enqueue 3.03052 ms)
[10/06/2026-16:17:42] [I] Average on 1 runs - GPU latency: 4.28735 ms - Host latency: 4.42847 ms (enqueue 3.02441 ms)
[10/06/2026-16:17:42] [I] Average on 1 runs - GPU latency: 4.27295 ms - Host latency: 4.41357 ms (enqueue 3.05908 ms)
[10/06/2026-16:17:42] [I] Average on 1 runs - GPU latency: 4.27295 ms - Host latency: 4.40967 ms (enqueue 3.07935 ms)
[10/06/2026-16:17:42] [I] Average on 1 runs - GPU latency: 4.27661 ms - Host latency: 4.43237 ms (enqueue 3.11084 ms)
[10/06/2026-16:17:42] [I] Average on 1 runs - GPU latency: 4.26587 ms - Host latency: 4.40405 ms (enqueue 3.11743 ms)
[10/06/2026-16:17:42] [I] Average on 1 runs - GPU latency: 4.27393 ms - Host latency: 4.41016 ms (enqueue 3.146 ms)
[10/06/2026-16:17:42] [I] Average on 1 runs - GPU latency: 4.26758 ms - Host latency: 4.41797 ms (enqueue 3.13721 ms)
[10/06/2026-16:17:42] [I] Average on 1 runs - GPU latency: 4.27539 ms - Host latency: 4.41724 ms (enqueue 3.08765 ms)
[10/06/2026-16:17:42] [I] Average on 1 runs - GPU latency: 4.2666 ms - Host latency: 4.40894 ms (enqueue 3.1228 ms)
[10/06/2026-16:17:42] [I] Average on 1 runs - GPU latency: 4.27246 ms - Host latency: 4.42114 ms (enqueue 3.0957 ms)
[10/06/2026-16:17:42] [I] Average on 1 runs - GPU latency: 4.27051 ms - Host latency: 4.4043 ms (enqueue 3.08643 ms)
[10/06/2026-16:17:42] [I] Average on 1 runs - GPU latency: 4.25562 ms - Host latency: 4.40527 ms (enqueue 3.06689 ms)
[10/06/2026-16:17:42] [I] Average on 1 runs - GPU latency: 4.26611 ms - Host latency: 4.44531 ms (enqueue 3.0188 ms)
[10/06/2026-16:17:42] [I] Average on 1 runs - GPU latency: 4.27002 ms - Host latency: 4.4126 ms (enqueue 3.02173 ms)
[10/06/2026-16:17:42] [I] Average on 1 runs - GPU latency: 4.26318 ms - Host latency: 4.40234 ms (enqueue 3.04761 ms)
[10/06/2026-16:17:42] [I] Average on 1 runs - GPU latency: 4.26416 ms - Host latency: 4.40601 ms (enqueue 3.01782 ms)
[10/06/2026-16:17:42] [I] Average on 1 runs - GPU latency: 4.26099 ms - Host latency: 4.39868 ms (enqueue 3.08618 ms)
[10/06/2026-16:17:42] [I] Average on 1 runs - GPU latency: 4.2644 ms - Host latency: 4.4021 ms (enqueue 3.12476 ms)
[10/06/2026-16:17:42] [I] Average on 1 runs - GPU latency: 4.27148 ms - Host latency: 4.41113 ms (enqueue 3.104 ms)
[10/06/2026-16:17:42] [I] Average on 1 runs - GPU latency: 4.26782 ms - Host latency: 4.40674 ms (enqueue 3.08521 ms)
[10/06/2026-16:17:42] [I] Average on 1 runs - GPU latency: 4.26807 ms - Host latency: 4.42749 ms (enqueue 3.10278 ms)
[10/06/2026-16:17:42] [I] Average on 1 runs - GPU latency: 4.27319 ms - Host latency: 4.4104 ms (enqueue 3.15234 ms)
[10/06/2026-16:17:42] [I] Average on 1 runs - GPU latency: 4.26685 ms - Host latency: 4.39941 ms (enqueue 3.1106 ms)
[10/06/2026-16:17:42] [I] Average on 1 runs - GPU latency: 4.27075 ms - Host latency: 4.40845 ms (enqueue 3.10522 ms)
[10/06/2026-16:17:42] [I] Average on 1 runs - GPU latency: 4.27051 ms - Host latency: 4.40869 ms (enqueue 3.08374 ms)
[10/06/2026-16:17:42] [I] Average on 1 runs - GPU latency: 4.27832 ms - Host latency: 4.41479 ms (enqueue 3.07251 ms)
[10/06/2026-16:17:42] [I] Average on 1 runs - GPU latency: 4.26929 ms - Host latency: 4.40601 ms (enqueue 3.06226 ms)
[10/06/2026-16:17:42] [I] Average on 1 runs - GPU latency: 4.26514 ms - Host latency: 4.40356 ms (enqueue 3.02393 ms)
[10/06/2026-16:17:42] [I] Average on 1 runs - GPU latency: 4.27393 ms - Host latency: 4.41113 ms (enqueue 3.04199 ms)
[10/06/2026-16:17:42] [I] Average on 1 runs - GPU latency: 4.2561 ms - Host latency: 4.39844 ms (enqueue 3.05493 ms)
[10/06/2026-16:17:42] [I] Average on 1 runs - GPU latency: 4.27051 ms - Host latency: 4.44873 ms (enqueue 3.04517 ms)
[10/06/2026-16:17:42] [I] Average on 1 runs - GPU latency: 4.27246 ms - Host latency: 4.40747 ms (enqueue 3.06982 ms)
[10/06/2026-16:17:42] [I] Average on 1 runs - GPU latency: 4.27417 ms - Host latency: 4.41846 ms (enqueue 3.05103 ms)
[10/06/2026-16:17:42] [I] Average on 1 runs - GPU latency: 4.27808 ms - Host latency: 4.41553 ms (enqueue 3.09985 ms)
[10/06/2026-16:17:42] [I] Average on 1 runs - GPU latency: 4.26953 ms - Host latency: 4.40967 ms (enqueue 3.11084 ms)
[10/06/2026-16:17:42] [I] Average on 1 runs - GPU latency: 4.25928 ms - Host latency: 4.40625 ms (enqueue 3.07471 ms)
[10/06/2026-16:17:42] [I] Average on 1 runs - GPU latency: 4.26514 ms - Host latency: 4.39966 ms (enqueue 3.11328 ms)
[10/06/2026-16:17:42] [I] Average on 1 runs - GPU latency: 4.26929 ms - Host latency: 4.40527 ms (enqueue 3.10181 ms)
[10/06/2026-16:17:42] [I] Average on 1 runs - GPU latency: 4.27075 ms - Host latency: 4.40991 ms (enqueue 3.05249 ms)
[10/06/2026-16:17:42] [I] Average on 1 runs - GPU latency: 4.26489 ms - Host latency: 4.39697 ms (enqueue 3.05786 ms)
[10/06/2026-16:17:42] [I] Average on 1 runs - GPU latency: 4.26831 ms - Host latency: 4.40503 ms (enqueue 3.09302 ms)
[10/06/2026-16:17:42] [I] Average on 1 runs - GPU latency: 4.27417 ms - Host latency: 4.41602 ms (enqueue 3.07471 ms)
[10/06/2026-16:17:42] [I] Average on 1 runs - GPU latency: 4.26978 ms - Host latency: 4.40991 ms (enqueue 3.02563 ms)
[10/06/2026-16:17:42] [I] Average on 1 runs - GPU latency: 4.25854 ms - Host latency: 4.39771 ms (enqueue 3.02881 ms)
[10/06/2026-16:17:42] [I] Average on 1 runs - GPU latency: 4.27271 ms - Host latency: 4.44312 ms (enqueue 3.03174 ms)
[10/06/2026-16:17:42] [I] Average on 1 runs - GPU latency: 4.27295 ms - Host latency: 4.4082 ms (enqueue 3.07666 ms)
[10/06/2026-16:17:42] [I] Average on 1 runs - GPU latency: 4.26587 ms - Host latency: 4.40479 ms (enqueue 3.06836 ms)
[10/06/2026-16:17:42] [I] Average on 1 runs - GPU latency: 4.26465 ms - Host latency: 4.39648 ms (enqueue 3.08008 ms)
[10/06/2026-16:17:42] [I] Average on 1 runs - GPU latency: 4.26807 ms - Host latency: 4.40576 ms (enqueue 3.11792 ms)
[10/06/2026-16:17:42] [I] Average on 1 runs - GPU latency: 4.2666 ms - Host latency: 4.39551 ms (enqueue 3.09424 ms)
[10/06/2026-16:17:42] [I] Average on 1 runs - GPU latency: 4.2688 ms - Host latency: 4.40527 ms (enqueue 3.07178 ms)
[10/06/2026-16:17:42] [I] Average on 1 runs - GPU latency: 4.26074 ms - Host latency: 4.396 ms (enqueue 3.1084 ms)
[10/06/2026-16:17:42] [I] Average on 1 runs - GPU latency: 4.26123 ms - Host latency: 4.396 ms (enqueue 3.09204 ms)
[10/06/2026-16:17:42] [I] Average on 1 runs - GPU latency: 4.26733 ms - Host latency: 4.4209 ms (enqueue 3.07349 ms)
[10/06/2026-16:17:42] [I] Average on 1 runs - GPU latency: 4.26709 ms - Host latency: 4.39526 ms (enqueue 3.08081 ms)
[10/06/2026-16:17:42] [I] Average on 1 runs - GPU latency: 4.27148 ms - Host latency: 4.42896 ms (enqueue 3.11499 ms)
[10/06/2026-16:17:42] [I] Average on 1 runs - GPU latency: 4.27026 ms - Host latency: 4.40747 ms (enqueue 3.08862 ms)
[10/06/2026-16:17:42] [I] Average on 1 runs - GPU latency: 4.26758 ms - Host latency: 4.41113 ms (enqueue 3.03027 ms)
[10/06/2026-16:17:42] [I] Average on 1 runs - GPU latency: 4.26636 ms - Host latency: 4.40918 ms (enqueue 3.01782 ms)
[10/06/2026-16:17:42] [I] Average on 1 runs - GPU latency: 4.2688 ms - Host latency: 4.41772 ms (enqueue 3.03564 ms)
[10/06/2026-16:17:42] [I] Average on 1 runs - GPU latency: 4.27783 ms - Host latency: 4.4104 ms (enqueue 3.12549 ms)
[10/06/2026-16:17:42] [I] Average on 1 runs - GPU latency: 4.27563 ms - Host latency: 4.41138 ms (enqueue 3.05396 ms)
[10/06/2026-16:17:42] [I] Average on 1 runs - GPU latency: 4.27124 ms - Host latency: 4.41455 ms (enqueue 3.12158 ms)
[10/06/2026-16:17:42] [I] Average on 1 runs - GPU latency: 4.26489 ms - Host latency: 4.41528 ms (enqueue 3.09912 ms)
[10/06/2026-16:17:42] [I] Average on 1 runs - GPU latency: 4.26855 ms - Host latency: 4.40161 ms (enqueue 3.07397 ms)
[10/06/2026-16:17:42] [I] Average on 1 runs - GPU latency: 4.26489 ms - Host latency: 4.40918 ms (enqueue 3.08179 ms)
[10/06/2026-16:17:42] [I] Average on 1 runs - GPU latency: 4.27075 ms - Host latency: 4.40845 ms (enqueue 3.08813 ms)
[10/06/2026-16:17:42] [I] Average on 1 runs - GPU latency: 4.27637 ms - Host latency: 4.40576 ms (enqueue 3.11548 ms)
[10/06/2026-16:17:42] [I] Average on 1 runs - GPU latency: 4.30396 ms - Host latency: 4.44165 ms (enqueue 3.10522 ms)
[10/06/2026-16:17:42] [I] Average on 1 runs - GPU latency: 4.26196 ms - Host latency: 4.43018 ms (enqueue 3.11182 ms)
[10/06/2026-16:17:42] [I] Average on 1 runs - GPU latency: 4.26562 ms - Host latency: 4.42627 ms (enqueue 3.06372 ms)
[10/06/2026-16:17:42] [I] Average on 1 runs - GPU latency: 4.26123 ms - Host latency: 4.45557 ms (enqueue 3.04736 ms)
[10/06/2026-16:17:42] [I] Average on 1 runs - GPU latency: 4.27002 ms - Host latency: 4.4126 ms (enqueue 3.03857 ms)
[10/06/2026-16:17:42] [I] Average on 1 runs - GPU latency: 4.26782 ms - Host latency: 4.4021 ms (enqueue 3.03198 ms)
[10/06/2026-16:17:42] [I] Average on 1 runs - GPU latency: 4.26562 ms - Host latency: 4.39502 ms (enqueue 3.0293 ms)
[10/06/2026-16:17:42] [I] Average on 1 runs - GPU latency: 4.26831 ms - Host latency: 4.40869 ms (enqueue 3.09644 ms)
[10/06/2026-16:17:42] [I] Average on 1 runs - GPU latency: 4.26074 ms - Host latency: 4.39185 ms (enqueue 3.05737 ms)
[10/06/2026-16:17:42] [I] Average on 1 runs - GPU latency: 4.26709 ms - Host latency: 4.40747 ms (enqueue 3.11938 ms)
[10/06/2026-16:17:42] [I] Average on 1 runs - GPU latency: 4.27319 ms - Host latency: 4.4082 ms (enqueue 3.1062 ms)
[10/06/2026-16:17:42] [I] Average on 1 runs - GPU latency: 4.27002 ms - Host latency: 4.40503 ms (enqueue 3.10986 ms)
[10/06/2026-16:17:42] [I] Average on 1 runs - GPU latency: 4.2749 ms - Host latency: 4.41235 ms (enqueue 3.10303 ms)
[10/06/2026-16:17:42] [I] Average on 1 runs - GPU latency: 4.26978 ms - Host latency: 4.40698 ms (enqueue 3.06836 ms)
[10/06/2026-16:17:42] [I] Average on 1 runs - GPU latency: 4.26416 ms - Host latency: 4.40601 ms (enqueue 3.0791 ms)
[10/06/2026-16:17:42] [I] Average on 1 runs - GPU latency: 4.27051 ms - Host latency: 4.40869 ms (enqueue 3.08887 ms)
[10/06/2026-16:17:42] [I] Average on 1 runs - GPU latency: 4.26587 ms - Host latency: 4.40186 ms (enqueue 3.06006 ms)
[10/06/2026-16:17:42] [I] Average on 1 runs - GPU latency: 4.26147 ms - Host latency: 4.44043 ms (enqueue 3.11743 ms)
[10/06/2026-16:17:42] [I] Average on 1 runs - GPU latency: 4.26685 ms - Host latency: 4.41748 ms (enqueue 3.05005 ms)
[10/06/2026-16:17:42] [I] Average on 1 runs - GPU latency: 4.26392 ms - Host latency: 4.4021 ms (enqueue 3.04761 ms)
[10/06/2026-16:17:42] [I] Average on 1 runs - GPU latency: 4.26416 ms - Host latency: 4.39673 ms (enqueue 3.0188 ms)
[10/06/2026-16:17:42] [I] Average on 1 runs - GPU latency: 4.26782 ms - Host latency: 4.41089 ms (enqueue 3.03589 ms)
[10/06/2026-16:17:42] [I] Average on 1 runs - GPU latency: 4.27271 ms - Host latency: 4.41211 ms (enqueue 3.05591 ms)
[10/06/2026-16:17:42] [I] Average on 1 runs - GPU latency: 4.26025 ms - Host latency: 4.40381 ms (enqueue 3.09839 ms)
[10/06/2026-16:17:42] [I] Average on 1 runs - GPU latency: 4.27563 ms - Host latency: 4.41895 ms (enqueue 3.07568 ms)
[10/06/2026-16:17:42] [I] Average on 1 runs - GPU latency: 4.27173 ms - Host latency: 4.40967 ms (enqueue 3.08545 ms)
[10/06/2026-16:17:42] [I] Average on 1 runs - GPU latency: 4.27173 ms - Host latency: 4.41309 ms (enqueue 3.05688 ms)
[10/06/2026-16:17:42] [I] Average on 1 runs - GPU latency: 4.26611 ms - Host latency: 4.4043 ms (enqueue 3.08984 ms)
[10/06/2026-16:17:42] [I] Average on 1 runs - GPU latency: 4.2644 ms - Host latency: 4.39697 ms (enqueue 3.05957 ms)
[10/06/2026-16:17:42] [I] Average on 1 runs - GPU latency: 4.27637 ms - Host latency: 4.40527 ms (enqueue 3.11255 ms)
[10/06/2026-16:17:42] [I] Average on 1 runs - GPU latency: 4.26489 ms - Host latency: 4.40454 ms (enqueue 3.08911 ms)
[10/06/2026-16:17:42] [I] Average on 1 runs - GPU latency: 4.26416 ms - Host latency: 4.40967 ms (enqueue 3.06738 ms)
[10/06/2026-16:17:42] [I] Average on 1 runs - GPU latency: 4.26172 ms - Host latency: 4.40283 ms (enqueue 3.08838 ms)
[10/06/2026-16:17:42] [I] Average on 1 runs - GPU latency: 4.2644 ms - Host latency: 4.41479 ms (enqueue 3.03906 ms)
[10/06/2026-16:17:42] [I] Average on 1 runs - GPU latency: 4.27539 ms - Host latency: 4.45898 ms (enqueue 3.0271 ms)
[10/06/2026-16:17:42] [I] Average on 1 runs - GPU latency: 4.26831 ms - Host latency: 4.40332 ms (enqueue 3.03076 ms)
[10/06/2026-16:17:42] [I] Average on 1 runs - GPU latency: 4.27563 ms - Host latency: 4.42212 ms (enqueue 3.07983 ms)
[10/06/2026-16:17:42] [I] Average on 1 runs - GPU latency: 4.26782 ms - Host latency: 4.40723 ms (enqueue 3.08521 ms)
[10/06/2026-16:17:42] [I] Average on 1 runs - GPU latency: 4.26196 ms - Host latency: 4.39893 ms (enqueue 3.13965 ms)
[10/06/2026-16:17:42] [I] Average on 1 runs - GPU latency: 4.26245 ms - Host latency: 4.43872 ms (enqueue 3.13403 ms)
[10/06/2026-16:17:42] [I] Average on 1 runs - GPU latency: 4.27588 ms - Host latency: 4.43262 ms (enqueue 3.1084 ms)
[10/06/2026-16:17:42] [I] Average on 1 runs - GPU latency: 4.27515 ms - Host latency: 4.41602 ms (enqueue 3.06982 ms)
[10/06/2026-16:17:42] [I] Average on 1 runs - GPU latency: 4.26294 ms - Host latency: 4.40308 ms (enqueue 3.05396 ms)
[10/06/2026-16:17:42] [I] Average on 1 runs - GPU latency: 4.26831 ms - Host latency: 4.40332 ms (enqueue 3.06128 ms)
[10/06/2026-16:17:42] [I] Average on 1 runs - GPU latency: 4.26074 ms - Host latency: 4.43896 ms (enqueue 3.07861 ms)
[10/06/2026-16:17:42] [I] Average on 1 runs - GPU latency: 4.26392 ms - Host latency: 4.40186 ms (enqueue 3.10938 ms)
[10/06/2026-16:17:42] [I] Average on 1 runs - GPU latency: 4.26978 ms - Host latency: 4.40405 ms (enqueue 3.12671 ms)
[10/06/2026-16:17:42] [I] Average on 1 runs - GPU latency: 4.26831 ms - Host latency: 4.40552 ms (enqueue 3.06494 ms)
[10/06/2026-16:17:42] [I] Average on 1 runs - GPU latency: 4.26489 ms - Host latency: 4.40503 ms (enqueue 3.03784 ms)
[10/06/2026-16:17:42] [I] Average on 1 runs - GPU latency: 4.27734 ms - Host latency: 4.40918 ms (enqueue 3.02051 ms)
[10/06/2026-16:17:42] [I] Average on 1 runs - GPU latency: 4.27246 ms - Host latency: 4.40527 ms (enqueue 3.03174 ms)
[10/06/2026-16:17:42] [I] Average on 1 runs - GPU latency: 4.2666 ms - Host latency: 4.40039 ms (enqueue 3.10205 ms)
[10/06/2026-16:17:42] [I] Average on 1 runs - GPU latency: 4.26074 ms - Host latency: 4.40015 ms (enqueue 3.08154 ms)
[10/06/2026-16:17:42] [I] Average on 1 runs - GPU latency: 4.26831 ms - Host latency: 4.39648 ms (enqueue 3.08838 ms)
[10/06/2026-16:17:42] [I] Average on 1 runs - GPU latency: 4.26538 ms - Host latency: 4.39624 ms (enqueue 3.07764 ms)
[10/06/2026-16:17:42] [I] Average on 1 runs - GPU latency: 4.28027 ms - Host latency: 4.41284 ms (enqueue 3.11938 ms)
[10/06/2026-16:17:42] [I] Average on 1 runs - GPU latency: 4.28613 ms - Host latency: 4.42139 ms (enqueue 3.07397 ms)
[10/06/2026-16:17:42] [I] Average on 1 runs - GPU latency: 4.27441 ms - Host latency: 4.4165 ms (enqueue 3.11108 ms)
[10/06/2026-16:17:42] [I] Average on 1 runs - GPU latency: 4.27515 ms - Host latency: 4.43335 ms (enqueue 3.09082 ms)
[10/06/2026-16:17:42] [I] Average on 1 runs - GPU latency: 4.27441 ms - Host latency: 4.40894 ms (enqueue 3.06079 ms)
[10/06/2026-16:17:42] [I] Average on 1 runs - GPU latency: 4.26318 ms - Host latency: 4.39185 ms (enqueue 3.05957 ms)
[10/06/2026-16:17:42] [I] Average on 1 runs - GPU latency: 4.27808 ms - Host latency: 4.43018 ms (enqueue 3.0625 ms)
[10/06/2026-16:17:42] [I] Average on 1 runs - GPU latency: 4.2771 ms - Host latency: 4.43994 ms (enqueue 3.20947 ms)
[10/06/2026-16:17:42] [I] Average on 1 runs - GPU latency: 4.27856 ms - Host latency: 4.41846 ms (enqueue 3.0564 ms)
[10/06/2026-16:17:42] [I] Average on 1 runs - GPU latency: 4.26978 ms - Host latency: 4.41016 ms (enqueue 3.02393 ms)
[10/06/2026-16:17:42] [I] Average on 1 runs - GPU latency: 4.27783 ms - Host latency: 4.4165 ms (enqueue 3.01782 ms)
[10/06/2026-16:17:42] [I] Average on 1 runs - GPU latency: 4.26904 ms - Host latency: 4.4104 ms (enqueue 3.07544 ms)
[10/06/2026-16:17:42] [I] Average on 1 runs - GPU latency: 4.27344 ms - Host latency: 4.41138 ms (enqueue 3.07178 ms)
[10/06/2026-16:17:42] [I] Average on 1 runs - GPU latency: 4.26489 ms - Host latency: 4.41089 ms (enqueue 3.11328 ms)
[10/06/2026-16:17:42] [I] Average on 1 runs - GPU latency: 4.26733 ms - Host latency: 4.39893 ms (enqueue 3.09595 ms)
[10/06/2026-16:17:42] [I] Average on 1 runs - GPU latency: 4.26978 ms - Host latency: 4.40552 ms (enqueue 3.05103 ms)
[10/06/2026-16:17:42] [I] Average on 1 runs - GPU latency: 4.27539 ms - Host latency: 4.41162 ms (enqueue 3.12061 ms)
[10/06/2026-16:17:42] [I] Average on 1 runs - GPU latency: 4.26245 ms - Host latency: 4.40747 ms (enqueue 3.07007 ms)
[10/06/2026-16:17:42] [I] Average on 1 runs - GPU latency: 4.26978 ms - Host latency: 4.40942 ms (enqueue 3.07837 ms)
[10/06/2026-16:17:42] [I] Average on 1 runs - GPU latency: 4.26709 ms - Host latency: 4.41479 ms (enqueue 3.0791 ms)
[10/06/2026-16:17:42] [I] Average on 1 runs - GPU latency: 4.27246 ms - Host latency: 4.41211 ms (enqueue 3.08716 ms)
[10/06/2026-16:17:42] [I] Average on 1 runs - GPU latency: 4.26758 ms - Host latency: 4.40552 ms (enqueue 3.05078 ms)
[10/06/2026-16:17:42] [I] Average on 1 runs - GPU latency: 4.26929 ms - Host latency: 4.39746 ms (enqueue 3.20825 ms)
[10/06/2026-16:17:42] [I] Average on 1 runs - GPU latency: 4.26221 ms - Host latency: 4.39819 ms (enqueue 3.0249 ms)
[10/06/2026-16:17:42] [I] Average on 1 runs - GPU latency: 4.27075 ms - Host latency: 4.40625 ms (enqueue 3.00708 ms)
[10/06/2026-16:17:42] [I] Average on 1 runs - GPU latency: 4.27051 ms - Host latency: 4.40332 ms (enqueue 3.07837 ms)
[10/06/2026-16:17:42] [I] Average on 1 runs - GPU latency: 4.26807 ms - Host latency: 4.40601 ms (enqueue 3.06274 ms)
[10/06/2026-16:17:42] [I] Average on 1 runs - GPU latency: 4.26172 ms - Host latency: 4.40186 ms (enqueue 3.0769 ms)
[10/06/2026-16:17:42] [I] Average on 1 runs - GPU latency: 4.26685 ms - Host latency: 4.40552 ms (enqueue 3.06885 ms)
[10/06/2026-16:17:42] [I] Average on 1 runs - GPU latency: 4.26343 ms - Host latency: 4.40088 ms (enqueue 3.12451 ms)
[10/06/2026-16:17:42] [I] Average on 1 runs - GPU latency: 4.26074 ms - Host latency: 4.40405 ms (enqueue 3.11694 ms)
[10/06/2026-16:17:42] [I] Average on 1 runs - GPU latency: 4.25952 ms - Host latency: 4.39429 ms (enqueue 3.08936 ms)
[10/06/2026-16:17:42] [I] Average on 1 runs - GPU latency: 4.27295 ms - Host latency: 4.41113 ms (enqueue 3.07202 ms)
[10/06/2026-16:17:42] [I] Average on 1 runs - GPU latency: 4.26807 ms - Host latency: 4.40698 ms (enqueue 3.10742 ms)
[10/06/2026-16:17:42] [I] Average on 1 runs - GPU latency: 4.26953 ms - Host latency: 4.40845 ms (enqueue 3.05908 ms)
[10/06/2026-16:17:42] [I] Average on 1 runs - GPU latency: 4.27271 ms - Host latency: 4.41064 ms (enqueue 3.06934 ms)
[10/06/2026-16:17:42] [I] Average on 1 runs - GPU latency: 4.26343 ms - Host latency: 4.40112 ms (enqueue 3.06543 ms)
[10/06/2026-16:17:42] [I] ... Omitting 3114 lines
[10/06/2026-16:17:42] [I] Average on 1 runs - GPU latency: 4.27344 ms - Host latency: 4.41797 ms (enqueue 3.05859 ms)
[10/06/2026-16:17:42] [I] Average on 1 runs - GPU latency: 4.27344 ms - Host latency: 4.41211 ms (enqueue 3.10547 ms)
[10/06/2026-16:17:42] [I] Average on 1 runs - GPU latency: 4.27344 ms - Host latency: 4.40625 ms (enqueue 3.07031 ms)
[10/06/2026-16:17:42] [I] Average on 1 runs - GPU latency: 4.27539 ms - Host latency: 4.41016 ms (enqueue 3.08008 ms)
[10/06/2026-16:17:42] [I] Average on 1 runs - GPU latency: 4.26367 ms - Host latency: 4.40039 ms (enqueue 3.00781 ms)
[10/06/2026-16:17:42] [I] Average on 1 runs - GPU latency: 4.25977 ms - Host latency: 4.41211 ms (enqueue 3.02344 ms)
[10/06/2026-16:17:42] [I] Average on 1 runs - GPU latency: 4.27148 ms - Host latency: 4.41211 ms (enqueue 3.00781 ms)
[10/06/2026-16:17:42] [I] Average on 1 runs - GPU latency: 4.26758 ms - Host latency: 4.41797 ms (enqueue 3.00977 ms)
[10/06/2026-16:17:42] [I] Average on 1 runs - GPU latency: 4.26562 ms - Host latency: 4.4082 ms (enqueue 3.04883 ms)
[10/06/2026-16:17:42] [I] Average on 1 runs - GPU latency: 4.26953 ms - Host latency: 4.40234 ms (enqueue 3.03711 ms)
[10/06/2026-16:17:42] [I] Average on 1 runs - GPU latency: 4.26367 ms - Host latency: 4.43945 ms (enqueue 3.05664 ms)
[10/06/2026-16:17:42] [I] Average on 1 runs - GPU latency: 4.27148 ms - Host latency: 4.4043 ms (enqueue 3.05664 ms)
[10/06/2026-16:17:42] [I] Average on 1 runs - GPU latency: 4.26562 ms - Host latency: 4.4082 ms (enqueue 3.06445 ms)
[10/06/2026-16:17:42] [I] Average on 1 runs - GPU latency: 4.27148 ms - Host latency: 4.40039 ms (enqueue 3.07031 ms)
[10/06/2026-16:17:42] [I] Average on 1 runs - GPU latency: 4.27539 ms - Host latency: 4.4082 ms (enqueue 3.04883 ms)
[10/06/2026-16:17:42] [I] Average on 1 runs - GPU latency: 4.26758 ms - Host latency: 4.4043 ms (enqueue 3.06836 ms)
[10/06/2026-16:17:42] [I] Average on 1 runs - GPU latency: 4.26953 ms - Host latency: 4.4043 ms (enqueue 3.11133 ms)
[10/06/2026-16:17:42] [I] Average on 1 runs - GPU latency: 4.27148 ms - Host latency: 4.4082 ms (enqueue 3.04883 ms)
[10/06/2026-16:17:42] [I] Average on 1 runs - GPU latency: 4.25977 ms - Host latency: 4.39453 ms (enqueue 3.10352 ms)
[10/06/2026-16:17:42] [I] Average on 1 runs - GPU latency: 4.26172 ms - Host latency: 4.42383 ms (enqueue 4.5332 ms)
[10/06/2026-16:17:42] [I] Average on 1 runs - GPU latency: 4.27148 ms - Host latency: 4.35938 ms (enqueue 3.23438 ms)
[10/06/2026-16:17:42] [I] Average on 1 runs - GPU latency: 4.26367 ms - Host latency: 4.44531 ms (enqueue 3.04883 ms)
[10/06/2026-16:17:42] [I] Average on 1 runs - GPU latency: 4.26758 ms - Host latency: 4.41406 ms (enqueue 2.77734 ms)
[10/06/2026-16:17:42] [I] Average on 1 runs - GPU latency: 4.26367 ms - Host latency: 4.41602 ms (enqueue 2.94922 ms)
[10/06/2026-16:17:42] [I] Average on 1 runs - GPU latency: 4.26758 ms - Host latency: 4.4043 ms (enqueue 2.78711 ms)
[10/06/2026-16:17:42] [I] Average on 1 runs - GPU latency: 4.26758 ms - Host latency: 4.42188 ms (enqueue 2.92773 ms)
[10/06/2026-16:17:42] [I] Average on 1 runs - GPU latency: 4.27539 ms - Host latency: 4.40625 ms (enqueue 3.00195 ms)
[10/06/2026-16:17:42] [I] Average on 1 runs - GPU latency: 4.26172 ms - Host latency: 4.39648 ms (enqueue 2.93555 ms)
[10/06/2026-16:17:42] [I] Average on 1 runs - GPU latency: 4.26172 ms - Host latency: 4.4043 ms (enqueue 2.93945 ms)
[10/06/2026-16:17:42] [I] Average on 1 runs - GPU latency: 4.27148 ms - Host latency: 4.40625 ms (enqueue 2.93555 ms)
[10/06/2026-16:17:42] [I] Average on 1 runs - GPU latency: 4.27734 ms - Host latency: 4.41797 ms (enqueue 2.16992 ms)
[10/06/2026-16:17:42] [I] Average on 1 runs - GPU latency: 4.26758 ms - Host latency: 4.40625 ms (enqueue 2.98438 ms)
[10/06/2026-16:17:42] [I] Average on 1 runs - GPU latency: 4.27344 ms - Host latency: 4.40625 ms (enqueue 3.01367 ms)
[10/06/2026-16:17:42] [I] Average on 1 runs - GPU latency: 4.26562 ms - Host latency: 4.40625 ms (enqueue 2.93945 ms)
[10/06/2026-16:17:42] [I] Average on 1 runs - GPU latency: 4.26367 ms - Host latency: 4.40039 ms (enqueue 3.0625 ms)
[10/06/2026-16:17:42] [I] Average on 1 runs - GPU latency: 4.26758 ms - Host latency: 4.41211 ms (enqueue 2.88672 ms)
[10/06/2026-16:17:42] [I] Average on 1 runs - GPU latency: 4.26562 ms - Host latency: 4.41602 ms (enqueue 3.04883 ms)
[10/06/2026-16:17:42] [I] Average on 1 runs - GPU latency: 4.27148 ms - Host latency: 4.41406 ms (enqueue 2.87305 ms)
[10/06/2026-16:17:42] [I] Average on 1 runs - GPU latency: 4.26758 ms - Host latency: 4.41602 ms (enqueue 3.10156 ms)
[10/06/2026-16:17:42] [I] Average on 1 runs - GPU latency: 4.27148 ms - Host latency: 4.4082 ms (enqueue 2.91211 ms)
[10/06/2026-16:17:42] [I] Average on 1 runs - GPU latency: 4.25977 ms - Host latency: 4.40039 ms (enqueue 2.92969 ms)
[10/06/2026-16:17:42] [I] Average on 1 runs - GPU latency: 4.27539 ms - Host latency: 4.41211 ms (enqueue 2.95117 ms)
[10/06/2026-16:17:42] [I] Average on 1 runs - GPU latency: 4.27539 ms - Host latency: 4.41016 ms (enqueue 2.31055 ms)
[10/06/2026-16:17:42] [I] Average on 1 runs - GPU latency: 4.25977 ms - Host latency: 4.39844 ms (enqueue 2.93945 ms)
[10/06/2026-16:17:42] [I] Average on 1 runs - GPU latency: 4.27148 ms - Host latency: 4.41602 ms (enqueue 2.91406 ms)
[10/06/2026-16:17:42] [I] Average on 1 runs - GPU latency: 4.25977 ms - Host latency: 4.39062 ms (enqueue 2.9043 ms)
[10/06/2026-16:17:42] [I] Average on 1 runs - GPU latency: 4.26367 ms - Host latency: 4.39844 ms (enqueue 2.9668 ms)
[10/06/2026-16:17:42] [I] Average on 1 runs - GPU latency: 4.27148 ms - Host latency: 4.40234 ms (enqueue 2.93164 ms)
[10/06/2026-16:17:42] [I] Average on 1 runs - GPU latency: 4.26562 ms - Host latency: 4.40625 ms (enqueue 2.89258 ms)
[10/06/2026-16:17:42] [I] Average on 1 runs - GPU latency: 4.26172 ms - Host latency: 4.40039 ms (enqueue 3.06641 ms)
[10/06/2026-16:17:42] [I] Average on 1 runs - GPU latency: 4.26953 ms - Host latency: 4.42188 ms (enqueue 3.00586 ms)
[10/06/2026-16:17:42] [I] Average on 1 runs - GPU latency: 4.26758 ms - Host latency: 4.40234 ms (enqueue 2.92578 ms)
[10/06/2026-16:17:42] [I] Average on 1 runs - GPU latency: 4.25977 ms - Host latency: 4.4043 ms (enqueue 2.90039 ms)
[10/06/2026-16:17:42] [I] Average on 1 runs - GPU latency: 4.26953 ms - Host latency: 4.39648 ms (enqueue 2.625 ms)
[10/06/2026-16:17:42] [I] Average on 1 runs - GPU latency: 4.27344 ms - Host latency: 4.41016 ms (enqueue 3.01953 ms)
[10/06/2026-16:17:42] [I] Average on 1 runs - GPU latency: 4.28125 ms - Host latency: 4.41992 ms (enqueue 2.94922 ms)
[10/06/2026-16:17:42] [I] Average on 1 runs - GPU latency: 4.26367 ms - Host latency: 4.4043 ms (enqueue 2.99414 ms)
[10/06/2026-16:17:42] [I] Average on 1 runs - GPU latency: 4.26953 ms - Host latency: 4.41016 ms (enqueue 2.98047 ms)
[10/06/2026-16:17:42] [I] Average on 1 runs - GPU latency: 4.26758 ms - Host latency: 4.40625 ms (enqueue 2.94141 ms)
[10/06/2026-16:17:42] [I] Average on 1 runs - GPU latency: 4.26562 ms - Host latency: 4.4043 ms (enqueue 2.91797 ms)
[10/06/2026-16:17:42] [I] Average on 1 runs - GPU latency: 4.25586 ms - Host latency: 4.38672 ms (enqueue 2.96289 ms)
[10/06/2026-16:17:42] [I] Average on 1 runs - GPU latency: 4.27148 ms - Host latency: 4.42578 ms (enqueue 2.91406 ms)
[10/06/2026-16:17:42] [I] Average on 1 runs - GPU latency: 4.26953 ms - Host latency: 4.40234 ms (enqueue 2.93359 ms)
[10/06/2026-16:17:42] [I] Average on 1 runs - GPU latency: 4.26953 ms - Host latency: 4.41211 ms (enqueue 2.89453 ms)
[10/06/2026-16:17:42] [I] Average on 1 runs - GPU latency: 4.27148 ms - Host latency: 4.41016 ms (enqueue 3.03711 ms)
[10/06/2026-16:17:42] [I] Average on 1 runs - GPU latency: 4.26367 ms - Host latency: 4.39844 ms (enqueue 2.39453 ms)
[10/06/2026-16:17:42] [I] Average on 1 runs - GPU latency: 4.26367 ms - Host latency: 4.4043 ms (enqueue 2.91406 ms)
[10/06/2026-16:17:42] [I] Average on 1 runs - GPU latency: 4.26172 ms - Host latency: 4.40039 ms (enqueue 2.88672 ms)
[10/06/2026-16:17:42] [I] Average on 1 runs - GPU latency: 4.27148 ms - Host latency: 4.41992 ms (enqueue 2.94922 ms)
[10/06/2026-16:17:42] [I] Average on 1 runs - GPU latency: 4.26562 ms - Host latency: 4.41992 ms (enqueue 2.91992 ms)
[10/06/2026-16:17:42] [I] Average on 1 runs - GPU latency: 4.26758 ms - Host latency: 4.39844 ms (enqueue 2.96094 ms)
[10/06/2026-16:17:42] [I] Average on 1 runs - GPU latency: 4.26953 ms - Host latency: 4.42578 ms (enqueue 2.98047 ms)
[10/06/2026-16:17:42] [I] Average on 1 runs - GPU latency: 4.27148 ms - Host latency: 4.41211 ms (enqueue 2.95703 ms)
[10/06/2026-16:17:42] [I] Average on 1 runs - GPU latency: 4.26758 ms - Host latency: 4.4043 ms (enqueue 2.93945 ms)
[10/06/2026-16:17:42] [I] Average on 1 runs - GPU latency: 4.27148 ms - Host latency: 4.41016 ms (enqueue 2.92578 ms)
[10/06/2026-16:17:42] [I] Average on 1 runs - GPU latency: 4.26562 ms - Host latency: 4.40234 ms (enqueue 2.95312 ms)
[10/06/2026-16:17:42] [I] Average on 1 runs - GPU latency: 4.27344 ms - Host latency: 4.41406 ms (enqueue 2.95117 ms)
[10/06/2026-16:17:42] [I] Average on 1 runs - GPU latency: 4.26758 ms - Host latency: 4.4043 ms (enqueue 2.19531 ms)
[10/06/2026-16:17:42] [I] Average on 1 runs - GPU latency: 4.26758 ms - Host latency: 4.4375 ms (enqueue 2.9082 ms)
[10/06/2026-16:17:42] [I] Average on 1 runs - GPU latency: 4.26172 ms - Host latency: 4.40234 ms (enqueue 3.07227 ms)
[10/06/2026-16:17:42] [I] Average on 1 runs - GPU latency: 4.26758 ms - Host latency: 4.40625 ms (enqueue 2.89453 ms)
[10/06/2026-16:17:42] [I] Average on 1 runs - GPU latency: 4.26562 ms - Host latency: 4.43945 ms (enqueue 3.0918 ms)
[10/06/2026-16:17:42] [I] Average on 1 runs - GPU latency: 4.26758 ms - Host latency: 4.4082 ms (enqueue 2.94922 ms)
[10/06/2026-16:17:42] [I] Average on 1 runs - GPU latency: 4.26367 ms - Host latency: 4.4043 ms (enqueue 2.94141 ms)
[10/06/2026-16:17:42] [I] Average on 1 runs - GPU latency: 4.26367 ms - Host latency: 4.39453 ms (enqueue 2.96484 ms)
[10/06/2026-16:17:42] [I] Average on 1 runs - GPU latency: 4.27148 ms - Host latency: 4.42383 ms (enqueue 2.9668 ms)
[10/06/2026-16:17:42] [I] Average on 1 runs - GPU latency: 4.26758 ms - Host latency: 4.40234 ms (enqueue 2.92578 ms)
[10/06/2026-16:17:42] [I] Average on 1 runs - GPU latency: 4.27344 ms - Host latency: 4.41016 ms (enqueue 3.25781 ms)
[10/06/2026-16:17:42] [I] Average on 1 runs - GPU latency: 4.27148 ms - Host latency: 4.40625 ms (enqueue 2.86914 ms)
[10/06/2026-16:17:42] [I] Average on 1 runs - GPU latency: 4.26953 ms - Host latency: 4.40039 ms (enqueue 2.60352 ms)
[10/06/2026-16:17:42] [I] Average on 1 runs - GPU latency: 4.26172 ms - Host latency: 4.40234 ms (enqueue 2.94531 ms)
[10/06/2026-16:17:42] [I] Average on 1 runs - GPU latency: 4.27539 ms - Host latency: 4.43164 ms (enqueue 3.04297 ms)
[10/06/2026-16:17:42] [I] Average on 1 runs - GPU latency: 4.28906 ms - Host latency: 4.43359 ms (enqueue 2.90039 ms)
[10/06/2026-16:17:42] [I] Average on 1 runs - GPU latency: 4.27734 ms - Host latency: 4.44141 ms (enqueue 3.01172 ms)
[10/06/2026-16:17:42] [I] Average on 1 runs - GPU latency: 4.26953 ms - Host latency: 4.42383 ms (enqueue 2.90039 ms)
[10/06/2026-16:17:42] [I] Average on 1 runs - GPU latency: 4.26758 ms - Host latency: 4.39844 ms (enqueue 2.67383 ms)
[10/06/2026-16:17:42] [I] Average on 1 runs - GPU latency: 4.27539 ms - Host latency: 4.4082 ms (enqueue 2.57617 ms)
[10/06/2026-16:17:42] [I] Average on 1 runs - GPU latency: 4.26953 ms - Host latency: 4.41016 ms (enqueue 2.54297 ms)
[10/06/2026-16:17:42] [I] Average on 1 runs - GPU latency: 4.26953 ms - Host latency: 4.40625 ms (enqueue 2.55664 ms)
[10/06/2026-16:17:42] [I] Average on 1 runs - GPU latency: 4.2793 ms - Host latency: 4.42969 ms (enqueue 3.12891 ms)
[10/06/2026-16:17:42] [I] Average on 1 runs - GPU latency: 4.26562 ms - Host latency: 4.41797 ms (enqueue 2.6582 ms)
[10/06/2026-16:17:42] [I] Average on 1 runs - GPU latency: 4.2793 ms - Host latency: 4.42188 ms (enqueue 3.03711 ms)
[10/06/2026-16:17:42] [I] Average on 1 runs - GPU latency: 4.27344 ms - Host latency: 4.41211 ms (enqueue 3.07422 ms)
[10/06/2026-16:17:42] [I] Average on 1 runs - GPU latency: 4.27344 ms - Host latency: 4.41602 ms (enqueue 2.91602 ms)
[10/06/2026-16:17:42] [I] Average on 1 runs - GPU latency: 4.27148 ms - Host latency: 4.42188 ms (enqueue 2.81641 ms)
[10/06/2026-16:17:42] [I] Average on 1 runs - GPU latency: 4.26367 ms - Host latency: 4.4082 ms (enqueue 2.93555 ms)
[10/06/2026-16:17:42] [I] Average on 1 runs - GPU latency: 4.2793 ms - Host latency: 4.41211 ms (enqueue 2.99414 ms)
[10/06/2026-16:17:42] [I] Average on 1 runs - GPU latency: 4.26953 ms - Host latency: 4.40625 ms (enqueue 2.91797 ms)
[10/06/2026-16:17:42] [I] Average on 1 runs - GPU latency: 4.28516 ms - Host latency: 4.41602 ms (enqueue 3.04492 ms)
[10/06/2026-16:17:42] [I] Average on 1 runs - GPU latency: 4.26758 ms - Host latency: 4.4043 ms (enqueue 2.91992 ms)
[10/06/2026-16:17:42] [I] Average on 1 runs - GPU latency: 4.25977 ms - Host latency: 4.4082 ms (enqueue 2.3125 ms)
[10/06/2026-16:17:42] [I] Average on 1 runs - GPU latency: 4.27539 ms - Host latency: 4.41211 ms (enqueue 2.21875 ms)
[10/06/2026-16:17:42] [I] Average on 1 runs - GPU latency: 4.26367 ms - Host latency: 4.39844 ms (enqueue 2.10156 ms)
[10/06/2026-16:17:42] [I] Average on 1 runs - GPU latency: 4.26367 ms - Host latency: 4.40234 ms (enqueue 2.22656 ms)
[10/06/2026-16:17:42] [I] Average on 1 runs - GPU latency: 4.25977 ms - Host latency: 4.38867 ms (enqueue 2.32227 ms)
[10/06/2026-16:17:42] [I] Average on 1 runs - GPU latency: 4.26367 ms - Host latency: 4.39844 ms (enqueue 2.43945 ms)
[10/06/2026-16:17:42] [I] Average on 1 runs - GPU latency: 4.27148 ms - Host latency: 4.39844 ms (enqueue 2.43555 ms)
[10/06/2026-16:17:42] [I] Average on 1 runs - GPU latency: 4.26758 ms - Host latency: 4.39258 ms (enqueue 2.43359 ms)
[10/06/2026-16:17:42] [I] Average on 1 runs - GPU latency: 4.26367 ms - Host latency: 4.39062 ms (enqueue 2.58203 ms)
[10/06/2026-16:17:42] [I] Average on 1 runs - GPU latency: 4.26172 ms - Host latency: 4.38281 ms (enqueue 2.51953 ms)
[10/06/2026-16:17:42] [I] Average on 1 runs - GPU latency: 4.26367 ms - Host latency: 4.40625 ms (enqueue 2.5625 ms)
[10/06/2026-16:17:42] [I] Average on 1 runs - GPU latency: 4.26562 ms - Host latency: 4.39648 ms (enqueue 2.54492 ms)
[10/06/2026-16:17:42] [I] Average on 1 runs - GPU latency: 4.27148 ms - Host latency: 4.40625 ms (enqueue 2.61914 ms)
[10/06/2026-16:17:42] [I] Average on 1 runs - GPU latency: 4.27148 ms - Host latency: 4.41406 ms (enqueue 2.49219 ms)
[10/06/2026-16:17:42] [I] Average on 1 runs - GPU latency: 4.26953 ms - Host latency: 4.40234 ms (enqueue 2.12695 ms)
[10/06/2026-16:17:42] [I] Average on 1 runs - GPU latency: 4.26367 ms - Host latency: 4.41406 ms (enqueue 2.61328 ms)
[10/06/2026-16:17:42] [I] Average on 1 runs - GPU latency: 4.27148 ms - Host latency: 4.41602 ms (enqueue 2.75391 ms)
[10/06/2026-16:17:42] [I] Average on 1 runs - GPU latency: 4.26367 ms - Host latency: 4.41016 ms (enqueue 2.59961 ms)
[10/06/2026-16:17:42] [I] Average on 1 runs - GPU latency: 4.26562 ms - Host latency: 4.39844 ms (enqueue 2.78711 ms)
[10/06/2026-16:17:42] [I] Average on 1 runs - GPU latency: 4.26172 ms - Host latency: 4.40039 ms (enqueue 2.65039 ms)
[10/06/2026-16:17:42] [I] Average on 1 runs - GPU latency: 4.25977 ms - Host latency: 4.40039 ms (enqueue 2.80078 ms)
[10/06/2026-16:17:42] [I] Average on 1 runs - GPU latency: 4.26172 ms - Host latency: 4.39844 ms (enqueue 2.78711 ms)
[10/06/2026-16:17:42] [I] Average on 1 runs - GPU latency: 4.26367 ms - Host latency: 4.39648 ms (enqueue 2.77539 ms)
[10/06/2026-16:17:42] [I] Average on 1 runs - GPU latency: 4.26953 ms - Host latency: 4.43359 ms (enqueue 2.94922 ms)
[10/06/2026-16:17:42] [I] Average on 1 runs - GPU latency: 4.27148 ms - Host latency: 4.41602 ms (enqueue 2.81055 ms)
[10/06/2026-16:17:42] [I] Average on 1 runs - GPU latency: 4.26758 ms - Host latency: 4.4082 ms (enqueue 2.71289 ms)
[10/06/2026-16:17:42] [I] Average on 1 runs - GPU latency: 4.26367 ms - Host latency: 4.39648 ms (enqueue 2.98633 ms)
[10/06/2026-16:17:42] [I] Average on 1 runs - GPU latency: 4.26367 ms - Host latency: 4.41211 ms (enqueue 2.74219 ms)
[10/06/2026-16:17:42] [I] Average on 1 runs - GPU latency: 4.26758 ms - Host latency: 4.40039 ms (enqueue 2.88281 ms)
[10/06/2026-16:17:42] [I] Average on 1 runs - GPU latency: 4.26953 ms - Host latency: 4.41016 ms (enqueue 2.72656 ms)
[10/06/2026-16:17:42] [I] Average on 1 runs - GPU latency: 4.26758 ms - Host latency: 4.4082 ms (enqueue 2.86914 ms)
[10/06/2026-16:17:42] [I] Average on 1 runs - GPU latency: 4.28125 ms - Host latency: 4.41406 ms (enqueue 2.7207 ms)
[10/06/2026-16:17:42] [I] Average on 1 runs - GPU latency: 4.26758 ms - Host latency: 4.41211 ms (enqueue 2.92969 ms)
[10/06/2026-16:17:42] [I] Average on 1 runs - GPU latency: 4.27148 ms - Host latency: 4.41797 ms (enqueue 2.95117 ms)
[10/06/2026-16:17:42] [I] Average on 1 runs - GPU latency: 4.27148 ms - Host latency: 4.42578 ms (enqueue 2.92773 ms)
[10/06/2026-16:17:42] [I] Average on 1 runs - GPU latency: 4.26953 ms - Host latency: 4.4082 ms (enqueue 2.99023 ms)
[10/06/2026-16:17:42] [I] Average on 1 runs - GPU latency: 4.27148 ms - Host latency: 4.40625 ms (enqueue 2.96289 ms)
[10/06/2026-16:17:42] [I] Average on 1 runs - GPU latency: 4.26172 ms - Host latency: 4.41016 ms (enqueue 2.43359 ms)
[10/06/2026-16:17:42] [I] Average on 1 runs - GPU latency: 4.26953 ms - Host latency: 4.39648 ms (enqueue 3.00195 ms)
[10/06/2026-16:17:42] [I] Average on 1 runs - GPU latency: 4.26953 ms - Host latency: 4.4082 ms (enqueue 2.97656 ms)
[10/06/2026-16:17:42] [I] Average on 1 runs - GPU latency: 4.26367 ms - Host latency: 4.41016 ms (enqueue 2.96875 ms)
[10/06/2026-16:17:42] [I] Average on 1 runs - GPU latency: 4.26562 ms - Host latency: 4.41797 ms (enqueue 2.93945 ms)
[10/06/2026-16:17:42] [I] Average on 1 runs - GPU latency: 4.27148 ms - Host latency: 4.40625 ms (enqueue 3.05273 ms)
[10/06/2026-16:17:42] [I] Average on 1 runs - GPU latency: 4.26172 ms - Host latency: 4.39453 ms (enqueue 2.87109 ms)
[10/06/2026-16:17:42] [I] Average on 1 runs - GPU latency: 4.27148 ms - Host latency: 4.42969 ms (enqueue 3.04883 ms)
[10/06/2026-16:17:42] [I] Average on 1 runs - GPU latency: 4.25977 ms - Host latency: 4.39453 ms (enqueue 2.87305 ms)
[10/06/2026-16:17:42] [I] Average on 1 runs - GPU latency: 4.26758 ms - Host latency: 4.40234 ms (enqueue 3.08398 ms)
[10/06/2026-16:17:42] [I] Average on 1 runs - GPU latency: 4.26758 ms - Host latency: 4.40039 ms (enqueue 2.95508 ms)
[10/06/2026-16:17:42] [I] Average on 1 runs - GPU latency: 4.2793 ms - Host latency: 4.44531 ms (enqueue 2.94531 ms)
[10/06/2026-16:17:42] [I] Average on 1 runs - GPU latency: 4.26367 ms - Host latency: 4.40625 ms (enqueue 2.23438 ms)
[10/06/2026-16:17:42] [I] Average on 1 runs - GPU latency: 4.26953 ms - Host latency: 4.40234 ms (enqueue 2.9668 ms)
[10/06/2026-16:17:42] [I] Average on 1 runs - GPU latency: 4.26367 ms - Host latency: 4.40625 ms (enqueue 2.9375 ms)
[10/06/2026-16:17:42] [I] Average on 1 runs - GPU latency: 4.26367 ms - Host latency: 4.40039 ms (enqueue 2.94922 ms)
[10/06/2026-16:17:42] [I] Average on 1 runs - GPU latency: 4.26758 ms - Host latency: 4.40039 ms (enqueue 2.99414 ms)
[10/06/2026-16:17:42] [I] Average on 1 runs - GPU latency: 4.26562 ms - Host latency: 4.42969 ms (enqueue 2.93945 ms)
[10/06/2026-16:17:42] [I] Average on 1 runs - GPU latency: 4.26562 ms - Host latency: 4.40039 ms (enqueue 2.92969 ms)
[10/06/2026-16:17:42] [I] Average on 1 runs - GPU latency: 4.26953 ms - Host latency: 4.41016 ms (enqueue 2.93555 ms)
[10/06/2026-16:17:42] [I] Average on 1 runs - GPU latency: 4.27734 ms - Host latency: 4.41602 ms (enqueue 3.06055 ms)
[10/06/2026-16:17:42] [I] Average on 1 runs - GPU latency: 4.27148 ms - Host latency: 4.41016 ms (enqueue 2.91211 ms)
[10/06/2026-16:17:42] [I] Average on 1 runs - GPU latency: 4.26953 ms - Host latency: 4.41016 ms (enqueue 3.07031 ms)
[10/06/2026-16:17:42] [I] Average on 1 runs - GPU latency: 4.27344 ms - Host latency: 4.41211 ms (enqueue 2.94336 ms)
[10/06/2026-16:17:42] [I] Average on 1 runs - GPU latency: 4.26172 ms - Host latency: 4.39844 ms (enqueue 2.13672 ms)
[10/06/2026-16:17:42] [I] Average on 1 runs - GPU latency: 4.26953 ms - Host latency: 4.41211 ms (enqueue 2.99414 ms)
[10/06/2026-16:17:42] [I] Average on 1 runs - GPU latency: 4.25781 ms - Host latency: 4.4043 ms (enqueue 2.97852 ms)
[10/06/2026-16:17:42] [I] Average on 1 runs - GPU latency: 4.27148 ms - Host latency: 4.41992 ms (enqueue 3.02539 ms)
[10/06/2026-16:17:42] [I] Average on 1 runs - GPU latency: 4.26953 ms - Host latency: 4.42383 ms (enqueue 2.97266 ms)
[10/06/2026-16:17:42] [I] Average on 1 runs - GPU latency: 4.27148 ms - Host latency: 4.41211 ms (enqueue 2.98438 ms)
[10/06/2026-16:17:42] [I] Average on 1 runs - GPU latency: 4.26953 ms - Host latency: 4.4082 ms (enqueue 2.95703 ms)
[10/06/2026-16:17:42] [I] Average on 1 runs - GPU latency: 4.26562 ms - Host latency: 4.40625 ms (enqueue 2.94336 ms)
[10/06/2026-16:17:42] [I] Average on 1 runs - GPU latency: 4.27734 ms - Host latency: 4.4082 ms (enqueue 2.91016 ms)
[10/06/2026-16:17:42] [I] Average on 1 runs - GPU latency: 4.26367 ms - Host latency: 4.4082 ms (enqueue 2.95898 ms)
[10/06/2026-16:17:42] [I] Average on 1 runs - GPU latency: 4.2793 ms - Host latency: 4.42188 ms (enqueue 2.91211 ms)
[10/06/2026-16:17:42] [I] Average on 1 runs - GPU latency: 4.27148 ms - Host latency: 4.4082 ms (enqueue 2.75391 ms)
[10/06/2026-16:17:42] [I] Average on 1 runs - GPU latency: 4.26367 ms - Host latency: 4.4043 ms (enqueue 2.94922 ms)
[10/06/2026-16:17:42] [I] Average on 1 runs - GPU latency: 4.26172 ms - Host latency: 4.39648 ms (enqueue 2.89258 ms)
[10/06/2026-16:17:42] [I] Average on 1 runs - GPU latency: 4.27148 ms - Host latency: 4.4043 ms (enqueue 2.88672 ms)
[10/06/2026-16:17:42] [I] Average on 1 runs - GPU latency: 4.26758 ms - Host latency: 4.41602 ms (enqueue 2.95898 ms)
[10/06/2026-16:17:42] [I] Average on 1 runs - GPU latency: 4.27148 ms - Host latency: 4.4082 ms (enqueue 2.95703 ms)
[10/06/2026-16:17:42] [I] Average on 1 runs - GPU latency: 4.27539 ms - Host latency: 4.41016 ms (enqueue 2.93945 ms)
[10/06/2026-16:17:42] [I] Average on 1 runs - GPU latency: 4.26172 ms - Host latency: 4.39844 ms (enqueue 2.93945 ms)
[10/06/2026-16:17:42] [I] Average on 1 runs - GPU latency: 4.26367 ms - Host latency: 4.40234 ms (enqueue 3.00586 ms)
[10/06/2026-16:17:42] [I] Average on 1 runs - GPU latency: 4.26953 ms - Host latency: 4.40625 ms (enqueue 2.95703 ms)
[10/06/2026-16:17:42] [I] Average on 1 runs - GPU latency: 4.27344 ms - Host latency: 4.41406 ms (enqueue 2.98047 ms)
[10/06/2026-16:17:42] [I] Average on 1 runs - GPU latency: 4.26758 ms - Host latency: 4.41016 ms (enqueue 2.97656 ms)
[10/06/2026-16:17:42] [I] Average on 1 runs - GPU latency: 4.27344 ms - Host latency: 4.41797 ms (enqueue 2.32227 ms)
[10/06/2026-16:17:42] [I] Average on 1 runs - GPU latency: 4.26562 ms - Host latency: 4.40234 ms (enqueue 2.97852 ms)
[10/06/2026-16:17:42] [I] Average on 1 runs - GPU latency: 4.26758 ms - Host latency: 4.44336 ms (enqueue 2.89648 ms)
[10/06/2026-16:17:42] [I] Average on 1 runs - GPU latency: 4.27148 ms - Host latency: 4.4082 ms (enqueue 2.98633 ms)
[10/06/2026-16:17:42] [I] Average on 1 runs - GPU latency: 4.27148 ms - Host latency: 4.4082 ms (enqueue 2.87891 ms)
[10/06/2026-16:17:42] [I] Average on 1 runs - GPU latency: 4.27148 ms - Host latency: 4.40625 ms (enqueue 3.05664 ms)
[10/06/2026-16:17:42] [I] Average on 1 runs - GPU latency: 4.22461 ms - Host latency: 4.36523 ms (enqueue 2.91016 ms)
[10/06/2026-16:17:42] [I] 
[10/06/2026-16:17:42] [I] === Performance summary ===
[10/06/2026-16:17:42] [I] Throughput: 234.089 qps
[10/06/2026-16:17:42] [I] Latency: min = 4.35938 ms, max = 4.48047 ms, mean = 4.41148 ms, median = 4.40845 ms, percentile(90%) = 4.4292 ms, percentile(95%) = 4.4375 ms, percentile(99%) = 4.45117 ms
[10/06/2026-16:17:42] [I] Enqueue Time: min = 2.10156 ms, max = 4.5332 ms, mean = 3.06619 ms, median = 3.07812 ms, percentile(90%) = 3.11914 ms, percentile(95%) = 3.13086 ms, percentile(99%) = 3.15723 ms
[10/06/2026-16:17:42] [I] H2D Latency: min = 0.0820312 ms, max = 0.205566 ms, mean = 0.137064 ms, median = 0.133301 ms, percentile(90%) = 0.15332 ms, percentile(95%) = 0.162109 ms, percentile(99%) = 0.173828 ms
[10/06/2026-16:17:42] [I] GPU Compute Time: min = 4.22461 ms, max = 4.30396 ms, mean = 4.26799 ms, median = 4.26758 ms, percentile(90%) = 4.2749 ms, percentile(95%) = 4.27734 ms, percentile(99%) = 4.28516 ms
[10/06/2026-16:17:42] [I] D2H Latency: min = 0.00390625 ms, max = 0.0117188 ms, mean = 0.00641998 ms, median = 0.00585938 ms, percentile(90%) = 0.00830078 ms, percentile(95%) = 0.00878906 ms, percentile(99%) = 0.00976562 ms
[10/06/2026-16:17:42] [I] Total Host Walltime: 15.0114 s
[10/06/2026-16:17:42] [I] Total GPU Compute Time: 14.9977 s
[10/06/2026-16:17:42] [I] Explanations of the performance metrics are printed in the verbose logs.
[10/06/2026-16:17:42] [I] 
&&&& PASSED TensorRT.trtexec [TensorRT v100300] # /usr/src/tensorrt/bin/trtexec --loadEngine=/tmp/yolo26n_84172_uint8_fp16_opt3.engine --warmUp=3000 --duration=15 --idleTime=0 --avgRuns=1
