&&&& RUNNING TensorRT.trtexec [TensorRT v100300] # /usr/src/tensorrt/bin/trtexec --loadEngine=/tmp/engines/y26s_640_uint8_opt3.engine --warmUp=3000 --duration=15 --idleTime=0 --avgRuns=1
[10/04/2026-22:06:24] [I] === Model Options ===
[10/04/2026-22:06:24] [I] Format: *
[10/04/2026-22:06:24] [I] Model: 
[10/04/2026-22:06:24] [I] Output:
[10/04/2026-22:06:24] [I] 
[10/04/2026-22:06:24] [I] === System Options ===
[10/04/2026-22:06:24] [I] Device: 0
[10/04/2026-22:06:24] [I] DLACore: 
[10/04/2026-22:06:24] [I] Plugins:
[10/04/2026-22:06:24] [I] setPluginsToSerialize:
[10/04/2026-22:06:24] [I] dynamicPlugins:
[10/04/2026-22:06:24] [I] ignoreParsedPluginLibs: 0
[10/04/2026-22:06:24] [I] 
[10/04/2026-22:06:24] [I] === Inference Options ===
[10/04/2026-22:06:24] [I] Batch: Explicit
[10/04/2026-22:06:24] [I] Input inference shapes: model
[10/04/2026-22:06:24] [I] Iterations: 10
[10/04/2026-22:06:24] [I] Duration: 15s (+ 3000ms warm up)
[10/04/2026-22:06:24] [I] Sleep time: 0ms
[10/04/2026-22:06:24] [I] Idle time: 0ms
[10/04/2026-22:06:24] [I] Inference Streams: 1
[10/04/2026-22:06:24] [I] ExposeDMA: Disabled
[10/04/2026-22:06:24] [I] Data transfers: Enabled
[10/04/2026-22:06:24] [I] Spin-wait: Disabled
[10/04/2026-22:06:24] [I] Multithreading: Disabled
[10/04/2026-22:06:24] [I] CUDA Graph: Disabled
[10/04/2026-22:06:24] [I] Separate profiling: Disabled
[10/04/2026-22:06:24] [I] Time Deserialize: Disabled
[10/04/2026-22:06:24] [I] Time Refit: Disabled
[10/04/2026-22:06:24] [I] NVTX verbosity: 0
[10/04/2026-22:06:24] [I] Persistent Cache Ratio: 0
[10/04/2026-22:06:24] [I] Optimization Profile Index: 0
[10/04/2026-22:06:24] [I] Weight Streaming Budget: 100.000000%
[10/04/2026-22:06:24] [I] Inputs:
[10/04/2026-22:06:24] [I] Debug Tensor Save Destinations:
[10/04/2026-22:06:24] [I] === Reporting Options ===
[10/04/2026-22:06:24] [I] Verbose: Disabled
[10/04/2026-22:06:24] [I] Averages: 1 inferences
[10/04/2026-22:06:24] [I] Percentiles: 90,95,99
[10/04/2026-22:06:24] [I] Dump refittable layers:Disabled
[10/04/2026-22:06:24] [I] Dump output: Disabled
[10/04/2026-22:06:24] [I] Profile: Disabled
[10/04/2026-22:06:24] [I] Export timing to JSON file: 
[10/04/2026-22:06:24] [I] Export output to JSON file: 
[10/04/2026-22:06:24] [I] Export profile to JSON file: 
[10/04/2026-22:06:24] [I] 
[10/04/2026-22:06:24] [I] === Device Information ===
[10/04/2026-22:06:24] [I] Available Devices: 
[10/04/2026-22:06:24] [I]   Device 0: "Orin" UUID: GPU-6e16c2c1-e394-5324-8f2e-63a975968f4e
[10/04/2026-22:06:24] [I] Selected Device: Orin
[10/04/2026-22:06:24] [I] Selected Device ID: 0
[10/04/2026-22:06:24] [I] Selected Device UUID: GPU-6e16c2c1-e394-5324-8f2e-63a975968f4e
[10/04/2026-22:06:24] [I] Compute Capability: 8.7
[10/04/2026-22:06:24] [I] SMs: 8
[10/04/2026-22:06:24] [I] Device Global Memory: 7607 MiB
[10/04/2026-22:06:24] [I] Shared Memory per SM: 164 KiB
[10/04/2026-22:06:24] [I] Memory Bus Width: 128 bits (ECC disabled)
[10/04/2026-22:06:24] [I] Application Compute Clock Rate: 1.02 GHz
[10/04/2026-22:06:24] [I] Application Memory Clock Rate: 1.02 GHz
[10/04/2026-22:06:24] [I] 
[10/04/2026-22:06:24] [I] Note: The application clock rates do not reflect the actual clock rates that the GPU is currently running at.
[10/04/2026-22:06:24] [I] 
[10/04/2026-22:06:24] [I] TensorRT version: 10.3.0
[10/04/2026-22:06:24] [I] Loading standard plugins
[10/04/2026-22:06:25] [I] [TRT] Loaded engine size: 21 MiB
[10/04/2026-22:06:25] [I] Engine deserialized in 0.0911733 sec.
[10/04/2026-22:06:25] [I] [TRT] [MemUsageChange] TensorRT-managed allocation in IExecutionContext creation: CPU +0, GPU +18, now: CPU 0, GPU 36 (MiB)
[10/04/2026-22:06:25] [I] Setting persistentCacheLimit to 0 bytes.
[10/04/2026-22:06:25] [I] Created execution context with device memory size: 18.1641 MiB
[10/04/2026-22:06:25] [I] Using random values for input images
[10/04/2026-22:06:25] [I] Input binding for images with dimensions 1x640x640x3 is created.
[10/04/2026-22:06:25] [I] Output binding for output0 with dimensions 1x300x6 is created.
[10/04/2026-22:06:25] [I] Starting inference
[10/04/2026-22:06:43] [I] Warmup completed 411 queries over 3000 ms
[10/04/2026-22:06:43] [I] Timing trace has 2206 queries over 15.0156 s
[10/04/2026-22:06:43] [I] 
[10/04/2026-22:06:43] [I] === Trace details ===
[10/04/2026-22:06:43] [I] Trace averages of 1 runs:
[10/04/2026-22:06:43] [I] Average on 1 runs - GPU latency: 6.79858 ms - Host latency: 6.96509 ms (enqueue 4.198 ms)
[10/04/2026-22:06:43] [I] Average on 1 runs - GPU latency: 6.79785 ms - Host latency: 6.96143 ms (enqueue 4.09814 ms)
[10/04/2026-22:06:43] [I] Average on 1 runs - GPU latency: 6.80054 ms - Host latency: 6.97778 ms (enqueue 4.17041 ms)
[10/04/2026-22:06:43] [I] Average on 1 runs - GPU latency: 6.79541 ms - Host latency: 6.93506 ms (enqueue 4.2002 ms)
[10/04/2026-22:06:43] [I] Average on 1 runs - GPU latency: 6.79907 ms - Host latency: 6.95142 ms (enqueue 4.1521 ms)
[10/04/2026-22:06:43] [I] Average on 1 runs - GPU latency: 6.80005 ms - Host latency: 6.96875 ms (enqueue 4.12305 ms)
[10/04/2026-22:06:43] [I] Average on 1 runs - GPU latency: 6.79443 ms - Host latency: 6.95947 ms (enqueue 4.20898 ms)
[10/04/2026-22:06:43] [I] Average on 1 runs - GPU latency: 6.80078 ms - Host latency: 6.97461 ms (enqueue 4.11011 ms)
[10/04/2026-22:06:43] [I] Average on 1 runs - GPU latency: 6.79126 ms - Host latency: 6.95044 ms (enqueue 4.12769 ms)
[10/04/2026-22:06:43] [I] Average on 1 runs - GPU latency: 6.80225 ms - Host latency: 6.95703 ms (enqueue 4.11133 ms)
[10/04/2026-22:06:43] [I] Average on 1 runs - GPU latency: 6.79785 ms - Host latency: 6.94409 ms (enqueue 4.21021 ms)
[10/04/2026-22:06:43] [I] Average on 1 runs - GPU latency: 6.79272 ms - Host latency: 6.93384 ms (enqueue 4.1543 ms)
[10/04/2026-22:06:43] [I] Average on 1 runs - GPU latency: 6.78979 ms - Host latency: 6.93262 ms (enqueue 4.11597 ms)
[10/04/2026-22:06:43] [I] Average on 1 runs - GPU latency: 6.79688 ms - Host latency: 6.94678 ms (enqueue 4.16406 ms)
[10/04/2026-22:06:43] [I] Average on 1 runs - GPU latency: 6.80225 ms - Host latency: 6.95337 ms (enqueue 4.14429 ms)
[10/04/2026-22:06:43] [I] Average on 1 runs - GPU latency: 6.79834 ms - Host latency: 6.94653 ms (enqueue 4.12598 ms)
[10/04/2026-22:06:43] [I] Average on 1 runs - GPU latency: 6.7937 ms - Host latency: 6.97412 ms (enqueue 4.14404 ms)
[10/04/2026-22:06:43] [I] Average on 1 runs - GPU latency: 6.80615 ms - Host latency: 6.96045 ms (enqueue 4.18237 ms)
[10/04/2026-22:06:43] [I] Average on 1 runs - GPU latency: 6.80347 ms - Host latency: 6.94214 ms (enqueue 4.15747 ms)
[10/04/2026-22:06:43] [I] Average on 1 runs - GPU latency: 6.78906 ms - Host latency: 6.92725 ms (enqueue 4.1377 ms)
[10/04/2026-22:06:43] [I] Average on 1 runs - GPU latency: 6.81055 ms - Host latency: 6.96777 ms (enqueue 4.15552 ms)
[10/04/2026-22:06:43] [I] Average on 1 runs - GPU latency: 6.79468 ms - Host latency: 6.93921 ms (enqueue 4.15381 ms)
[10/04/2026-22:06:43] [I] Average on 1 runs - GPU latency: 6.79492 ms - Host latency: 6.94189 ms (enqueue 4.12793 ms)
[10/04/2026-22:06:43] [I] Average on 1 runs - GPU latency: 6.79541 ms - Host latency: 6.96313 ms (enqueue 4.14502 ms)
[10/04/2026-22:06:43] [I] Average on 1 runs - GPU latency: 6.79395 ms - Host latency: 6.94165 ms (enqueue 4.11523 ms)
[10/04/2026-22:06:43] [I] Average on 1 runs - GPU latency: 6.79883 ms - Host latency: 6.97729 ms (enqueue 4.21899 ms)
[10/04/2026-22:06:43] [I] Average on 1 runs - GPU latency: 6.80029 ms - Host latency: 6.9353 ms (enqueue 4.16064 ms)
[10/04/2026-22:06:43] [I] Average on 1 runs - GPU latency: 6.80225 ms - Host latency: 6.95923 ms (enqueue 4.11304 ms)
[10/04/2026-22:06:43] [I] Average on 1 runs - GPU latency: 6.80054 ms - Host latency: 6.94434 ms (enqueue 4.08154 ms)
[10/04/2026-22:06:43] [I] Average on 1 runs - GPU latency: 6.79053 ms - Host latency: 6.94287 ms (enqueue 4.15186 ms)
[10/04/2026-22:06:43] [I] Average on 1 runs - GPU latency: 6.79761 ms - Host latency: 6.96436 ms (enqueue 4.17383 ms)
[10/04/2026-22:06:43] [I] Average on 1 runs - GPU latency: 6.79004 ms - Host latency: 6.96167 ms (enqueue 4.1189 ms)
[10/04/2026-22:06:43] [I] Average on 1 runs - GPU latency: 6.79443 ms - Host latency: 6.95605 ms (enqueue 4.08276 ms)
[10/04/2026-22:06:43] [I] Average on 1 runs - GPU latency: 6.79663 ms - Host latency: 6.97363 ms (enqueue 4.20776 ms)
[10/04/2026-22:06:43] [I] Average on 1 runs - GPU latency: 6.79712 ms - Host latency: 6.95776 ms (enqueue 4.10889 ms)
[10/04/2026-22:06:43] [I] Average on 1 runs - GPU latency: 6.79956 ms - Host latency: 6.96143 ms (enqueue 4.10767 ms)
[10/04/2026-22:06:43] [I] Average on 1 runs - GPU latency: 6.79663 ms - Host latency: 6.9585 ms (enqueue 4.20605 ms)
[10/04/2026-22:06:43] [I] Average on 1 runs - GPU latency: 6.79443 ms - Host latency: 6.94116 ms (enqueue 4.1499 ms)
[10/04/2026-22:06:43] [I] Average on 1 runs - GPU latency: 6.80737 ms - Host latency: 6.9668 ms (enqueue 4.08545 ms)
[10/04/2026-22:06:43] [I] Average on 1 runs - GPU latency: 6.79956 ms - Host latency: 6.979 ms (enqueue 4.08643 ms)
[10/04/2026-22:06:43] [I] Average on 1 runs - GPU latency: 6.79248 ms - Host latency: 6.94141 ms (enqueue 4.08813 ms)
[10/04/2026-22:06:43] [I] Average on 1 runs - GPU latency: 6.7981 ms - Host latency: 6.96191 ms (enqueue 4.13452 ms)
[10/04/2026-22:06:43] [I] Average on 1 runs - GPU latency: 6.80249 ms - Host latency: 6.94629 ms (enqueue 4.11768 ms)
[10/04/2026-22:06:43] [I] Average on 1 runs - GPU latency: 6.79761 ms - Host latency: 6.96167 ms (enqueue 4.14478 ms)
[10/04/2026-22:06:43] [I] Average on 1 runs - GPU latency: 6.7998 ms - Host latency: 6.96631 ms (enqueue 4.13965 ms)
[10/04/2026-22:06:43] [I] Average on 1 runs - GPU latency: 6.79785 ms - Host latency: 6.9436 ms (enqueue 4.1084 ms)
[10/04/2026-22:06:43] [I] Average on 1 runs - GPU latency: 6.79517 ms - Host latency: 6.94409 ms (enqueue 4.13354 ms)
[10/04/2026-22:06:43] [I] Average on 1 runs - GPU latency: 6.7937 ms - Host latency: 6.96167 ms (enqueue 4.12769 ms)
[10/04/2026-22:06:43] [I] Average on 1 runs - GPU latency: 6.80371 ms - Host latency: 6.95386 ms (enqueue 4.14111 ms)
[10/04/2026-22:06:43] [I] Average on 1 runs - GPU latency: 6.80518 ms - Host latency: 6.94067 ms (enqueue 4.08301 ms)
[10/04/2026-22:06:43] [I] Average on 1 runs - GPU latency: 6.82153 ms - Host latency: 6.98047 ms (enqueue 4.12793 ms)
[10/04/2026-22:06:43] [I] Average on 1 runs - GPU latency: 6.80859 ms - Host latency: 6.98804 ms (enqueue 4.10449 ms)
[10/04/2026-22:06:43] [I] Average on 1 runs - GPU latency: 6.80811 ms - Host latency: 6.98364 ms (enqueue 4.17554 ms)
[10/04/2026-22:06:43] [I] Average on 1 runs - GPU latency: 6.80151 ms - Host latency: 6.97412 ms (enqueue 4.16895 ms)
[10/04/2026-22:06:43] [I] Average on 1 runs - GPU latency: 6.82227 ms - Host latency: 6.96216 ms (enqueue 4.14844 ms)
[10/04/2026-22:06:43] [I] Average on 1 runs - GPU latency: 6.81616 ms - Host latency: 6.96704 ms (enqueue 4.15161 ms)
[10/04/2026-22:06:43] [I] Average on 1 runs - GPU latency: 6.81689 ms - Host latency: 6.97437 ms (enqueue 4.22925 ms)
[10/04/2026-22:06:43] [I] Average on 1 runs - GPU latency: 6.81128 ms - Host latency: 6.95337 ms (enqueue 4.1604 ms)
[10/04/2026-22:06:43] [I] Average on 1 runs - GPU latency: 6.78711 ms - Host latency: 6.9541 ms (enqueue 4.13696 ms)
[10/04/2026-22:06:43] [I] Average on 1 runs - GPU latency: 6.79419 ms - Host latency: 6.94385 ms (enqueue 4.11035 ms)
[10/04/2026-22:06:43] [I] Average on 1 runs - GPU latency: 6.80566 ms - Host latency: 6.95386 ms (enqueue 4.15601 ms)
[10/04/2026-22:06:43] [I] Average on 1 runs - GPU latency: 6.80249 ms - Host latency: 6.96021 ms (enqueue 4.14526 ms)
[10/04/2026-22:06:43] [I] Average on 1 runs - GPU latency: 6.79565 ms - Host latency: 6.93018 ms (enqueue 4.17065 ms)
[10/04/2026-22:06:43] [I] Average on 1 runs - GPU latency: 6.79492 ms - Host latency: 6.96411 ms (enqueue 4.17334 ms)
[10/04/2026-22:06:43] [I] Average on 1 runs - GPU latency: 6.80298 ms - Host latency: 6.96704 ms (enqueue 4.10938 ms)
[10/04/2026-22:06:43] [I] Average on 1 runs - GPU latency: 6.80493 ms - Host latency: 6.94604 ms (enqueue 4.10107 ms)
[10/04/2026-22:06:43] [I] Average on 1 runs - GPU latency: 6.79736 ms - Host latency: 6.98267 ms (enqueue 4.13501 ms)
[10/04/2026-22:06:43] [I] Average on 1 runs - GPU latency: 6.79419 ms - Host latency: 6.94824 ms (enqueue 4.13208 ms)
[10/04/2026-22:06:43] [I] Average on 1 runs - GPU latency: 6.802 ms - Host latency: 6.98657 ms (enqueue 4.14941 ms)
[10/04/2026-22:06:43] [I] Average on 1 runs - GPU latency: 6.80273 ms - Host latency: 6.97852 ms (enqueue 4.1228 ms)
[10/04/2026-22:06:43] [I] Average on 1 runs - GPU latency: 6.79932 ms - Host latency: 6.98511 ms (enqueue 4.25049 ms)
[10/04/2026-22:06:43] [I] Average on 1 runs - GPU latency: 6.80664 ms - Host latency: 6.97803 ms (enqueue 4.19824 ms)
[10/04/2026-22:06:43] [I] Average on 1 runs - GPU latency: 6.79224 ms - Host latency: 6.96802 ms (enqueue 4.12964 ms)
[10/04/2026-22:06:43] [I] Average on 1 runs - GPU latency: 6.80859 ms - Host latency: 6.98022 ms (enqueue 4.14673 ms)
[10/04/2026-22:06:43] [I] Average on 1 runs - GPU latency: 6.81445 ms - Host latency: 6.95312 ms (enqueue 4.13013 ms)
[10/04/2026-22:06:43] [I] Average on 1 runs - GPU latency: 6.80078 ms - Host latency: 6.95459 ms (enqueue 4.17871 ms)
[10/04/2026-22:06:43] [I] Average on 1 runs - GPU latency: 6.79956 ms - Host latency: 6.93921 ms (enqueue 4.16943 ms)
[10/04/2026-22:06:43] [I] Average on 1 runs - GPU latency: 6.80591 ms - Host latency: 6.96411 ms (enqueue 4.16699 ms)
[10/04/2026-22:06:43] [I] Average on 1 runs - GPU latency: 6.78833 ms - Host latency: 6.94336 ms (enqueue 4.15649 ms)
[10/04/2026-22:06:43] [I] Average on 1 runs - GPU latency: 6.79419 ms - Host latency: 6.95898 ms (enqueue 4.1001 ms)
[10/04/2026-22:06:43] [I] Average on 1 runs - GPU latency: 6.80444 ms - Host latency: 6.96973 ms (enqueue 4.12158 ms)
[10/04/2026-22:06:43] [I] Average on 1 runs - GPU latency: 6.79102 ms - Host latency: 6.98706 ms (enqueue 4.05542 ms)
[10/04/2026-22:06:43] [I] Average on 1 runs - GPU latency: 6.80029 ms - Host latency: 6.95166 ms (enqueue 4.07568 ms)
[10/04/2026-22:06:43] [I] Average on 1 runs - GPU latency: 6.80322 ms - Host latency: 6.97559 ms (enqueue 4.12231 ms)
[10/04/2026-22:06:43] [I] Average on 1 runs - GPU latency: 6.78638 ms - Host latency: 6.97583 ms (enqueue 4.08716 ms)
[10/04/2026-22:06:43] [I] Average on 1 runs - GPU latency: 6.79932 ms - Host latency: 6.96948 ms (enqueue 4.16602 ms)
[10/04/2026-22:06:43] [I] Average on 1 runs - GPU latency: 6.78882 ms - Host latency: 6.93701 ms (enqueue 4.07788 ms)
[10/04/2026-22:06:43] [I] Average on 1 runs - GPU latency: 6.80688 ms - Host latency: 6.97485 ms (enqueue 4.21118 ms)
[10/04/2026-22:06:43] [I] Average on 1 runs - GPU latency: 6.79395 ms - Host latency: 6.95142 ms (enqueue 4.11328 ms)
[10/04/2026-22:06:43] [I] Average on 1 runs - GPU latency: 6.80615 ms - Host latency: 6.98535 ms (enqueue 4.12354 ms)
[10/04/2026-22:06:43] [I] Average on 1 runs - GPU latency: 6.8064 ms - Host latency: 6.98193 ms (enqueue 4.12402 ms)
[10/04/2026-22:06:43] [I] Average on 1 runs - GPU latency: 6.7998 ms - Host latency: 6.95874 ms (enqueue 4.11255 ms)
[10/04/2026-22:06:43] [I] Average on 1 runs - GPU latency: 6.80225 ms - Host latency: 6.97412 ms (enqueue 4.10986 ms)
[10/04/2026-22:06:43] [I] Average on 1 runs - GPU latency: 6.79785 ms - Host latency: 6.95874 ms (enqueue 4.18311 ms)
[10/04/2026-22:06:43] [I] Average on 1 runs - GPU latency: 6.79761 ms - Host latency: 6.97192 ms (enqueue 4.16357 ms)
[10/04/2026-22:06:43] [I] Average on 1 runs - GPU latency: 6.79541 ms - Host latency: 6.94434 ms (enqueue 4.1731 ms)
[10/04/2026-22:06:43] [I] Average on 1 runs - GPU latency: 6.80176 ms - Host latency: 6.97754 ms (enqueue 4.1377 ms)
[10/04/2026-22:06:43] [I] Average on 1 runs - GPU latency: 6.802 ms - Host latency: 6.94116 ms (enqueue 4.16211 ms)
[10/04/2026-22:06:43] [I] Average on 1 runs - GPU latency: 6.78784 ms - Host latency: 6.95044 ms (enqueue 4.09937 ms)
[10/04/2026-22:06:43] [I] Average on 1 runs - GPU latency: 6.79272 ms - Host latency: 6.95239 ms (enqueue 4.16602 ms)
[10/04/2026-22:06:43] [I] Average on 1 runs - GPU latency: 6.79077 ms - Host latency: 6.9707 ms (enqueue 4.20483 ms)
[10/04/2026-22:06:43] [I] Average on 1 runs - GPU latency: 6.79541 ms - Host latency: 6.9646 ms (enqueue 4.11719 ms)
[10/04/2026-22:06:43] [I] Average on 1 runs - GPU latency: 6.79346 ms - Host latency: 6.96436 ms (enqueue 4.11743 ms)
[10/04/2026-22:06:43] [I] Average on 1 runs - GPU latency: 6.78857 ms - Host latency: 6.94702 ms (enqueue 4.18555 ms)
[10/04/2026-22:06:43] [I] Average on 1 runs - GPU latency: 6.7854 ms - Host latency: 6.95532 ms (enqueue 4.20605 ms)
[10/04/2026-22:06:43] [I] Average on 1 runs - GPU latency: 6.80371 ms - Host latency: 6.95459 ms (enqueue 4.09985 ms)
[10/04/2026-22:06:43] [I] Average on 1 runs - GPU latency: 6.79248 ms - Host latency: 6.9375 ms (enqueue 4.15039 ms)
[10/04/2026-22:06:43] [I] Average on 1 runs - GPU latency: 6.79419 ms - Host latency: 6.97217 ms (enqueue 4.14722 ms)
[10/04/2026-22:06:43] [I] Average on 1 runs - GPU latency: 6.80566 ms - Host latency: 6.95288 ms (enqueue 4.15356 ms)
[10/04/2026-22:06:43] [I] Average on 1 runs - GPU latency: 6.80127 ms - Host latency: 6.94873 ms (enqueue 4.11987 ms)
[10/04/2026-22:06:43] [I] Average on 1 runs - GPU latency: 6.79761 ms - Host latency: 6.96631 ms (enqueue 4.1272 ms)
[10/04/2026-22:06:43] [I] Average on 1 runs - GPU latency: 6.79248 ms - Host latency: 6.99731 ms (enqueue 4.12061 ms)
[10/04/2026-22:06:43] [I] Average on 1 runs - GPU latency: 6.79468 ms - Host latency: 6.96533 ms (enqueue 4.16016 ms)
[10/04/2026-22:06:43] [I] Average on 1 runs - GPU latency: 6.79395 ms - Host latency: 6.97437 ms (enqueue 4.1416 ms)
[10/04/2026-22:06:43] [I] Average on 1 runs - GPU latency: 6.80688 ms - Host latency: 6.95215 ms (enqueue 4.13843 ms)
[10/04/2026-22:06:43] [I] Average on 1 runs - GPU latency: 6.79175 ms - Host latency: 6.96729 ms (enqueue 4.16577 ms)
[10/04/2026-22:06:43] [I] Average on 1 runs - GPU latency: 6.80396 ms - Host latency: 6.97266 ms (enqueue 4.15576 ms)
[10/04/2026-22:06:43] [I] Average on 1 runs - GPU latency: 6.80151 ms - Host latency: 6.98413 ms (enqueue 4.13696 ms)
[10/04/2026-22:06:43] [I] Average on 1 runs - GPU latency: 6.8042 ms - Host latency: 6.97314 ms (enqueue 4.11499 ms)
[10/04/2026-22:06:43] [I] Average on 1 runs - GPU latency: 6.80127 ms - Host latency: 6.98804 ms (enqueue 4.16602 ms)
[10/04/2026-22:06:43] [I] Average on 1 runs - GPU latency: 6.80737 ms - Host latency: 6.95557 ms (enqueue 4.20581 ms)
[10/04/2026-22:06:43] [I] Average on 1 runs - GPU latency: 6.79199 ms - Host latency: 6.94702 ms (enqueue 4.10938 ms)
[10/04/2026-22:06:43] [I] Average on 1 runs - GPU latency: 6.80078 ms - Host latency: 6.94531 ms (enqueue 4.18799 ms)
[10/04/2026-22:06:43] [I] Average on 1 runs - GPU latency: 6.79614 ms - Host latency: 6.95947 ms (enqueue 4.19727 ms)
[10/04/2026-22:06:43] [I] Average on 1 runs - GPU latency: 6.79297 ms - Host latency: 6.94824 ms (enqueue 4.15234 ms)
[10/04/2026-22:06:43] [I] Average on 1 runs - GPU latency: 6.81909 ms - Host latency: 6.98389 ms (enqueue 4.14502 ms)
[10/04/2026-22:06:43] [I] Average on 1 runs - GPU latency: 6.79272 ms - Host latency: 6.93042 ms (enqueue 4.17163 ms)
[10/04/2026-22:06:43] [I] Average on 1 runs - GPU latency: 6.79956 ms - Host latency: 6.95581 ms (enqueue 4.16235 ms)
[10/04/2026-22:06:43] [I] Average on 1 runs - GPU latency: 6.79712 ms - Host latency: 6.94336 ms (enqueue 4.16235 ms)
[10/04/2026-22:06:43] [I] Average on 1 runs - GPU latency: 6.80664 ms - Host latency: 6.94263 ms (enqueue 4.18213 ms)
[10/04/2026-22:06:43] [I] Average on 1 runs - GPU latency: 6.80762 ms - Host latency: 6.94116 ms (enqueue 4.19067 ms)
[10/04/2026-22:06:43] [I] Average on 1 runs - GPU latency: 6.80908 ms - Host latency: 6.98828 ms (enqueue 4.15747 ms)
[10/04/2026-22:06:43] [I] Average on 1 runs - GPU latency: 6.83398 ms - Host latency: 7.00024 ms (enqueue 4.13086 ms)
[10/04/2026-22:06:43] [I] Average on 1 runs - GPU latency: 6.79443 ms - Host latency: 6.93457 ms (enqueue 4.15942 ms)
[10/04/2026-22:06:43] [I] Average on 1 runs - GPU latency: 6.80542 ms - Host latency: 6.9585 ms (enqueue 4.18896 ms)
[10/04/2026-22:06:43] [I] Average on 1 runs - GPU latency: 6.81201 ms - Host latency: 6.97144 ms (enqueue 4.12085 ms)
[10/04/2026-22:06:43] [I] Average on 1 runs - GPU latency: 6.80298 ms - Host latency: 6.95532 ms (enqueue 4.19141 ms)
[10/04/2026-22:06:43] [I] Average on 1 runs - GPU latency: 6.80493 ms - Host latency: 6.9856 ms (enqueue 4.13501 ms)
[10/04/2026-22:06:43] [I] Average on 1 runs - GPU latency: 6.80322 ms - Host latency: 6.96362 ms (enqueue 4.12012 ms)
[10/04/2026-22:06:43] [I] Average on 1 runs - GPU latency: 6.79712 ms - Host latency: 6.9624 ms (enqueue 4.12402 ms)
[10/04/2026-22:06:43] [I] Average on 1 runs - GPU latency: 6.80176 ms - Host latency: 6.96777 ms (enqueue 4.17651 ms)
[10/04/2026-22:06:43] [I] Average on 1 runs - GPU latency: 6.81445 ms - Host latency: 6.99536 ms (enqueue 4.09033 ms)
[10/04/2026-22:06:43] [I] Average on 1 runs - GPU latency: 6.79956 ms - Host latency: 6.94556 ms (enqueue 4.12695 ms)
[10/04/2026-22:06:43] [I] Average on 1 runs - GPU latency: 6.78931 ms - Host latency: 6.96069 ms (enqueue 4.14331 ms)
[10/04/2026-22:06:43] [I] Average on 1 runs - GPU latency: 6.7959 ms - Host latency: 6.93921 ms (enqueue 4.12012 ms)
[10/04/2026-22:06:43] [I] Average on 1 runs - GPU latency: 6.80029 ms - Host latency: 6.93091 ms (enqueue 4.10547 ms)
[10/04/2026-22:06:43] [I] Average on 1 runs - GPU latency: 6.80249 ms - Host latency: 6.94287 ms (enqueue 4.1665 ms)
[10/04/2026-22:06:43] [I] Average on 1 runs - GPU latency: 6.79761 ms - Host latency: 6.94922 ms (enqueue 4.18262 ms)
[10/04/2026-22:06:43] [I] Average on 1 runs - GPU latency: 6.80371 ms - Host latency: 6.99463 ms (enqueue 4.14258 ms)
[10/04/2026-22:06:43] [I] Average on 1 runs - GPU latency: 6.79126 ms - Host latency: 6.94336 ms (enqueue 4.11572 ms)
[10/04/2026-22:06:43] [I] Average on 1 runs - GPU latency: 6.80444 ms - Host latency: 6.98511 ms (enqueue 4.21265 ms)
[10/04/2026-22:06:43] [I] Average on 1 runs - GPU latency: 6.80249 ms - Host latency: 6.95166 ms (enqueue 4.12695 ms)
[10/04/2026-22:06:43] [I] Average on 1 runs - GPU latency: 6.78955 ms - Host latency: 6.96826 ms (enqueue 4.1604 ms)
[10/04/2026-22:06:43] [I] Average on 1 runs - GPU latency: 6.79492 ms - Host latency: 6.96875 ms (enqueue 4.20483 ms)
[10/04/2026-22:06:43] [I] Average on 1 runs - GPU latency: 6.78955 ms - Host latency: 6.96118 ms (enqueue 4.14111 ms)
[10/04/2026-22:06:43] [I] Average on 1 runs - GPU latency: 6.79175 ms - Host latency: 6.9751 ms (enqueue 4.14868 ms)
[10/04/2026-22:06:43] [I] Average on 1 runs - GPU latency: 6.80615 ms - Host latency: 6.95605 ms (enqueue 4.11279 ms)
[10/04/2026-22:06:43] [I] Average on 1 runs - GPU latency: 6.79639 ms - Host latency: 6.9668 ms (enqueue 4.15723 ms)
[10/04/2026-22:06:43] [I] Average on 1 runs - GPU latency: 6.81543 ms - Host latency: 6.98315 ms (enqueue 4.15356 ms)
[10/04/2026-22:06:43] [I] Average on 1 runs - GPU latency: 6.80371 ms - Host latency: 6.96802 ms (enqueue 4.29004 ms)
[10/04/2026-22:06:43] [I] Average on 1 runs - GPU latency: 6.81885 ms - Host latency: 6.97754 ms (enqueue 4.15405 ms)
[10/04/2026-22:06:43] [I] Average on 1 runs - GPU latency: 6.79639 ms - Host latency: 6.96509 ms (enqueue 4.1084 ms)
[10/04/2026-22:06:43] [I] Average on 1 runs - GPU latency: 6.80127 ms - Host latency: 6.96826 ms (enqueue 4.1333 ms)
[10/04/2026-22:06:43] [I] Average on 1 runs - GPU latency: 6.79395 ms - Host latency: 6.94727 ms (enqueue 4.09619 ms)
[10/04/2026-22:06:43] [I] Average on 1 runs - GPU latency: 6.79492 ms - Host latency: 6.93799 ms (enqueue 4.12842 ms)
[10/04/2026-22:06:43] [I] Average on 1 runs - GPU latency: 6.79395 ms - Host latency: 6.96484 ms (enqueue 4.10156 ms)
[10/04/2026-22:06:43] [I] Average on 1 runs - GPU latency: 6.79834 ms - Host latency: 6.95996 ms (enqueue 4.11377 ms)
[10/04/2026-22:06:43] [I] Average on 1 runs - GPU latency: 6.79834 ms - Host latency: 6.94922 ms (enqueue 4.09814 ms)
[10/04/2026-22:06:43] [I] Average on 1 runs - GPU latency: 6.7998 ms - Host latency: 6.9585 ms (enqueue 4.11084 ms)
[10/04/2026-22:06:43] [I] Average on 1 runs - GPU latency: 6.79443 ms - Host latency: 6.94531 ms (enqueue 4.17529 ms)
[10/04/2026-22:06:43] [I] Average on 1 runs - GPU latency: 6.79248 ms - Host latency: 6.93896 ms (enqueue 4.15625 ms)
[10/04/2026-22:06:43] [I] Average on 1 runs - GPU latency: 6.79346 ms - Host latency: 6.93896 ms (enqueue 4.14404 ms)
[10/04/2026-22:06:43] [I] Average on 1 runs - GPU latency: 6.80225 ms - Host latency: 6.95166 ms (enqueue 4.12061 ms)
[10/04/2026-22:06:43] [I] Average on 1 runs - GPU latency: 6.80957 ms - Host latency: 6.96777 ms (enqueue 4.13379 ms)
[10/04/2026-22:06:43] [I] Average on 1 runs - GPU latency: 6.7959 ms - Host latency: 6.9707 ms (enqueue 4.10986 ms)
[10/04/2026-22:06:43] [I] Average on 1 runs - GPU latency: 6.79248 ms - Host latency: 6.93359 ms (enqueue 4.10742 ms)
[10/04/2026-22:06:43] [I] Average on 1 runs - GPU latency: 6.80518 ms - Host latency: 6.97607 ms (enqueue 4.15918 ms)
[10/04/2026-22:06:43] [I] Average on 1 runs - GPU latency: 6.80664 ms - Host latency: 6.97266 ms (enqueue 4.18604 ms)
[10/04/2026-22:06:43] [I] Average on 1 runs - GPU latency: 6.80615 ms - Host latency: 6.95117 ms (enqueue 4.12842 ms)
[10/04/2026-22:06:43] [I] Average on 1 runs - GPU latency: 6.79736 ms - Host latency: 6.95166 ms (enqueue 4.11865 ms)
[10/04/2026-22:06:43] [I] Average on 1 runs - GPU latency: 6.79297 ms - Host latency: 6.96484 ms (enqueue 4.2207 ms)
[10/04/2026-22:06:43] [I] Average on 1 runs - GPU latency: 6.80322 ms - Host latency: 6.9585 ms (enqueue 4.12109 ms)
[10/04/2026-22:06:43] [I] Average on 1 runs - GPU latency: 6.79541 ms - Host latency: 6.9292 ms (enqueue 4.18555 ms)
[10/04/2026-22:06:43] [I] Average on 1 runs - GPU latency: 6.80469 ms - Host latency: 6.97705 ms (enqueue 4.19824 ms)
[10/04/2026-22:06:43] [I] Average on 1 runs - GPU latency: 6.79346 ms - Host latency: 6.93213 ms (enqueue 4.15918 ms)
[10/04/2026-22:06:43] [I] Average on 1 runs - GPU latency: 6.8042 ms - Host latency: 6.94092 ms (enqueue 4.12256 ms)
[10/04/2026-22:06:43] [I] Average on 1 runs - GPU latency: 6.79883 ms - Host latency: 6.95312 ms (enqueue 4.11182 ms)
[10/04/2026-22:06:43] [I] Average on 1 runs - GPU latency: 6.79443 ms - Host latency: 6.93848 ms (enqueue 4.16309 ms)
[10/04/2026-22:06:43] [I] Average on 1 runs - GPU latency: 6.79492 ms - Host latency: 6.95068 ms (enqueue 4.08936 ms)
[10/04/2026-22:06:43] [I] Average on 1 runs - GPU latency: 6.79785 ms - Host latency: 6.97656 ms (enqueue 4.15283 ms)
[10/04/2026-22:06:43] [I] Average on 1 runs - GPU latency: 6.80127 ms - Host latency: 6.9458 ms (enqueue 4.13477 ms)
[10/04/2026-22:06:43] [I] Average on 1 runs - GPU latency: 6.80176 ms - Host latency: 6.95508 ms (enqueue 4.12598 ms)
[10/04/2026-22:06:43] [I] Average on 1 runs - GPU latency: 6.80127 ms - Host latency: 6.95264 ms (enqueue 4.12305 ms)
[10/04/2026-22:06:43] [I] Average on 1 runs - GPU latency: 6.79639 ms - Host latency: 6.94824 ms (enqueue 4.1709 ms)
[10/04/2026-22:06:43] [I] Average on 1 runs - GPU latency: 6.79346 ms - Host latency: 6.9458 ms (enqueue 4.16943 ms)
[10/04/2026-22:06:43] [I] Average on 1 runs - GPU latency: 6.79834 ms - Host latency: 6.96387 ms (enqueue 4.12012 ms)
[10/04/2026-22:06:43] [I] Average on 1 runs - GPU latency: 6.80078 ms - Host latency: 6.94092 ms (enqueue 4.14697 ms)
[10/04/2026-22:06:43] [I] Average on 1 runs - GPU latency: 6.79102 ms - Host latency: 6.93896 ms (enqueue 4.16113 ms)
[10/04/2026-22:06:43] [I] Average on 1 runs - GPU latency: 6.79297 ms - Host latency: 6.95264 ms (enqueue 4.19189 ms)
[10/04/2026-22:06:43] [I] Average on 1 runs - GPU latency: 6.80566 ms - Host latency: 6.97363 ms (enqueue 4.10107 ms)
[10/04/2026-22:06:43] [I] ... Omitting 1806 lines
[10/04/2026-22:06:43] [I] Average on 1 runs - GPU latency: 6.81055 ms - Host latency: 6.99219 ms (enqueue 4.12305 ms)
[10/04/2026-22:06:43] [I] Average on 1 runs - GPU latency: 6.80664 ms - Host latency: 6.95117 ms (enqueue 4.17383 ms)
[10/04/2026-22:06:43] [I] Average on 1 runs - GPU latency: 6.80078 ms - Host latency: 6.93359 ms (enqueue 2.0957 ms)
[10/04/2026-22:06:43] [I] Average on 1 runs - GPU latency: 6.81836 ms - Host latency: 6.99023 ms (enqueue 4.17969 ms)
[10/04/2026-22:06:43] [I] Average on 1 runs - GPU latency: 6.81836 ms - Host latency: 6.96289 ms (enqueue 3.58594 ms)
[10/04/2026-22:06:43] [I] Average on 1 runs - GPU latency: 6.81055 ms - Host latency: 6.94727 ms (enqueue 2.85938 ms)
[10/04/2026-22:06:43] [I] Average on 1 runs - GPU latency: 6.81055 ms - Host latency: 6.97656 ms (enqueue 2.90625 ms)
[10/04/2026-22:06:43] [I] Average on 1 runs - GPU latency: 6.81836 ms - Host latency: 6.94531 ms (enqueue 2.7832 ms)
[10/04/2026-22:06:43] [I] Average on 1 runs - GPU latency: 6.81055 ms - Host latency: 6.95117 ms (enqueue 2.51953 ms)
[10/04/2026-22:06:43] [I] Average on 1 runs - GPU latency: 6.80469 ms - Host latency: 6.96094 ms (enqueue 2.59766 ms)
[10/04/2026-22:06:43] [I] Average on 1 runs - GPU latency: 6.81055 ms - Host latency: 6.96875 ms (enqueue 2.73438 ms)
[10/04/2026-22:06:43] [I] Average on 1 runs - GPU latency: 6.82031 ms - Host latency: 6.96094 ms (enqueue 2.51367 ms)
[10/04/2026-22:06:43] [I] Average on 1 runs - GPU latency: 6.80859 ms - Host latency: 6.94922 ms (enqueue 2.35742 ms)
[10/04/2026-22:06:43] [I] Average on 1 runs - GPU latency: 6.80273 ms - Host latency: 6.98047 ms (enqueue 4.10742 ms)
[10/04/2026-22:06:43] [I] Average on 1 runs - GPU latency: 6.81445 ms - Host latency: 6.97852 ms (enqueue 4.15039 ms)
[10/04/2026-22:06:43] [I] Average on 1 runs - GPU latency: 6.80078 ms - Host latency: 6.9707 ms (enqueue 4.20703 ms)
[10/04/2026-22:06:43] [I] Average on 1 runs - GPU latency: 6.80664 ms - Host latency: 6.98828 ms (enqueue 4.16406 ms)
[10/04/2026-22:06:43] [I] Average on 1 runs - GPU latency: 6.80273 ms - Host latency: 6.94727 ms (enqueue 4.15234 ms)
[10/04/2026-22:06:43] [I] Average on 1 runs - GPU latency: 6.80078 ms - Host latency: 6.97461 ms (enqueue 4.16992 ms)
[10/04/2026-22:06:43] [I] Average on 1 runs - GPU latency: 6.79297 ms - Host latency: 6.95508 ms (enqueue 4.12891 ms)
[10/04/2026-22:06:43] [I] Average on 1 runs - GPU latency: 6.80078 ms - Host latency: 6.95508 ms (enqueue 4.11133 ms)
[10/04/2026-22:06:43] [I] Average on 1 runs - GPU latency: 6.79492 ms - Host latency: 6.94727 ms (enqueue 4.13086 ms)
[10/04/2026-22:06:43] [I] Average on 1 runs - GPU latency: 6.80664 ms - Host latency: 6.95312 ms (enqueue 4.16406 ms)
[10/04/2026-22:06:43] [I] Average on 1 runs - GPU latency: 6.79688 ms - Host latency: 6.94727 ms (enqueue 4.15039 ms)
[10/04/2026-22:06:43] [I] Average on 1 runs - GPU latency: 6.80078 ms - Host latency: 6.93555 ms (enqueue 2.2207 ms)
[10/04/2026-22:06:43] [I] Average on 1 runs - GPU latency: 6.8125 ms - Host latency: 6.9707 ms (enqueue 4.12109 ms)
[10/04/2026-22:06:43] [I] Average on 1 runs - GPU latency: 6.80078 ms - Host latency: 6.93555 ms (enqueue 4.20312 ms)
[10/04/2026-22:06:43] [I] Average on 1 runs - GPU latency: 6.79688 ms - Host latency: 6.95703 ms (enqueue 4.13477 ms)
[10/04/2026-22:06:43] [I] Average on 1 runs - GPU latency: 6.80469 ms - Host latency: 6.94922 ms (enqueue 4.14844 ms)
[10/04/2026-22:06:43] [I] Average on 1 runs - GPU latency: 6.80273 ms - Host latency: 6.9668 ms (enqueue 4.12109 ms)
[10/04/2026-22:06:43] [I] Average on 1 runs - GPU latency: 6.80078 ms - Host latency: 6.93945 ms (enqueue 4.16211 ms)
[10/04/2026-22:06:43] [I] Average on 1 runs - GPU latency: 6.79883 ms - Host latency: 6.94531 ms (enqueue 3.20703 ms)
[10/04/2026-22:06:43] [I] Average on 1 runs - GPU latency: 6.81445 ms - Host latency: 6.99023 ms (enqueue 4.13867 ms)
[10/04/2026-22:06:43] [I] Average on 1 runs - GPU latency: 6.80273 ms - Host latency: 6.95898 ms (enqueue 4.17969 ms)
[10/04/2026-22:06:43] [I] Average on 1 runs - GPU latency: 6.80859 ms - Host latency: 6.97852 ms (enqueue 4.19531 ms)
[10/04/2026-22:06:43] [I] Average on 1 runs - GPU latency: 6.80469 ms - Host latency: 6.94727 ms (enqueue 4.16602 ms)
[10/04/2026-22:06:43] [I] Average on 1 runs - GPU latency: 6.80469 ms - Host latency: 6.97461 ms (enqueue 4.11133 ms)
[10/04/2026-22:06:43] [I] Average on 1 runs - GPU latency: 6.80078 ms - Host latency: 6.94531 ms (enqueue 4.12695 ms)
[10/04/2026-22:06:43] [I] Average on 1 runs - GPU latency: 6.79297 ms - Host latency: 6.96484 ms (enqueue 4.17383 ms)
[10/04/2026-22:06:43] [I] Average on 1 runs - GPU latency: 6.79688 ms - Host latency: 6.95898 ms (enqueue 4.12695 ms)
[10/04/2026-22:06:43] [I] Average on 1 runs - GPU latency: 6.79883 ms - Host latency: 6.97461 ms (enqueue 4.1582 ms)
[10/04/2026-22:06:43] [I] Average on 1 runs - GPU latency: 6.80469 ms - Host latency: 6.99023 ms (enqueue 4.13281 ms)
[10/04/2026-22:06:43] [I] Average on 1 runs - GPU latency: 6.78906 ms - Host latency: 6.93555 ms (enqueue 4.14062 ms)
[10/04/2026-22:06:43] [I] Average on 1 runs - GPU latency: 6.80273 ms - Host latency: 6.97656 ms (enqueue 4.11719 ms)
[10/04/2026-22:06:43] [I] Average on 1 runs - GPU latency: 6.79297 ms - Host latency: 6.95898 ms (enqueue 4.10938 ms)
[10/04/2026-22:06:43] [I] Average on 1 runs - GPU latency: 6.80273 ms - Host latency: 6.9668 ms (enqueue 4.17578 ms)
[10/04/2026-22:06:43] [I] Average on 1 runs - GPU latency: 6.79883 ms - Host latency: 6.96289 ms (enqueue 2.29883 ms)
[10/04/2026-22:06:43] [I] Average on 1 runs - GPU latency: 6.79883 ms - Host latency: 6.98047 ms (enqueue 4.17188 ms)
[10/04/2026-22:06:43] [I] Average on 1 runs - GPU latency: 6.79492 ms - Host latency: 6.96875 ms (enqueue 4.17188 ms)
[10/04/2026-22:06:43] [I] Average on 1 runs - GPU latency: 6.80664 ms - Host latency: 6.96484 ms (enqueue 4.10352 ms)
[10/04/2026-22:06:43] [I] Average on 1 runs - GPU latency: 6.79492 ms - Host latency: 6.96094 ms (enqueue 4.18359 ms)
[10/04/2026-22:06:43] [I] Average on 1 runs - GPU latency: 6.79688 ms - Host latency: 6.95898 ms (enqueue 4.15039 ms)
[10/04/2026-22:06:43] [I] Average on 1 runs - GPU latency: 6.80859 ms - Host latency: 6.98047 ms (enqueue 4.1875 ms)
[10/04/2026-22:06:43] [I] Average on 1 runs - GPU latency: 6.79297 ms - Host latency: 6.95508 ms (enqueue 3.49609 ms)
[10/04/2026-22:06:43] [I] Average on 1 runs - GPU latency: 6.80078 ms - Host latency: 6.93555 ms (enqueue 4.14844 ms)
[10/04/2026-22:06:43] [I] Average on 1 runs - GPU latency: 6.80273 ms - Host latency: 6.9707 ms (enqueue 4.20312 ms)
[10/04/2026-22:06:43] [I] Average on 1 runs - GPU latency: 6.80664 ms - Host latency: 6.98633 ms (enqueue 4.13867 ms)
[10/04/2026-22:06:43] [I] Average on 1 runs - GPU latency: 6.79688 ms - Host latency: 6.95117 ms (enqueue 4.17383 ms)
[10/04/2026-22:06:43] [I] Average on 1 runs - GPU latency: 6.79883 ms - Host latency: 6.96875 ms (enqueue 4.20703 ms)
[10/04/2026-22:06:43] [I] Average on 1 runs - GPU latency: 6.79492 ms - Host latency: 6.96094 ms (enqueue 4.11328 ms)
[10/04/2026-22:06:43] [I] Average on 1 runs - GPU latency: 6.78711 ms - Host latency: 6.95312 ms (enqueue 4.14062 ms)
[10/04/2026-22:06:43] [I] Average on 1 runs - GPU latency: 6.80273 ms - Host latency: 6.92773 ms (enqueue 2.08008 ms)
[10/04/2026-22:06:43] [I] Average on 1 runs - GPU latency: 6.8125 ms - Host latency: 6.98242 ms (enqueue 4.20898 ms)
[10/04/2026-22:06:43] [I] Average on 1 runs - GPU latency: 6.80859 ms - Host latency: 6.95508 ms (enqueue 4.14258 ms)
[10/04/2026-22:06:43] [I] Average on 1 runs - GPU latency: 6.79297 ms - Host latency: 6.9668 ms (enqueue 4.16406 ms)
[10/04/2026-22:06:43] [I] Average on 1 runs - GPU latency: 6.79688 ms - Host latency: 6.96289 ms (enqueue 4.12891 ms)
[10/04/2026-22:06:43] [I] Average on 1 runs - GPU latency: 6.79883 ms - Host latency: 6.94922 ms (enqueue 4.13086 ms)
[10/04/2026-22:06:43] [I] Average on 1 runs - GPU latency: 6.80664 ms - Host latency: 6.95703 ms (enqueue 4.13867 ms)
[10/04/2026-22:06:43] [I] Average on 1 runs - GPU latency: 6.80469 ms - Host latency: 6.98828 ms (enqueue 2.49414 ms)
[10/04/2026-22:06:43] [I] Average on 1 runs - GPU latency: 6.79688 ms - Host latency: 6.94336 ms (enqueue 4.14844 ms)
[10/04/2026-22:06:43] [I] Average on 1 runs - GPU latency: 6.79492 ms - Host latency: 6.94531 ms (enqueue 4.18555 ms)
[10/04/2026-22:06:43] [I] Average on 1 runs - GPU latency: 6.80664 ms - Host latency: 6.96875 ms (enqueue 4.19922 ms)
[10/04/2026-22:06:43] [I] Average on 1 runs - GPU latency: 6.79883 ms - Host latency: 6.94531 ms (enqueue 4.1582 ms)
[10/04/2026-22:06:43] [I] Average on 1 runs - GPU latency: 6.79492 ms - Host latency: 6.94141 ms (enqueue 4.13672 ms)
[10/04/2026-22:06:43] [I] Average on 1 runs - GPU latency: 6.80078 ms - Host latency: 6.9707 ms (enqueue 4.14648 ms)
[10/04/2026-22:06:43] [I] Average on 1 runs - GPU latency: 6.80273 ms - Host latency: 6.97461 ms (enqueue 3.76953 ms)
[10/04/2026-22:06:43] [I] Average on 1 runs - GPU latency: 6.79688 ms - Host latency: 6.91992 ms (enqueue 4.12891 ms)
[10/04/2026-22:06:43] [I] Average on 1 runs - GPU latency: 6.80078 ms - Host latency: 6.95508 ms (enqueue 4.15234 ms)
[10/04/2026-22:06:43] [I] Average on 1 runs - GPU latency: 6.79492 ms - Host latency: 6.9707 ms (enqueue 4.20898 ms)
[10/04/2026-22:06:43] [I] Average on 1 runs - GPU latency: 6.79297 ms - Host latency: 6.95117 ms (enqueue 4.12695 ms)
[10/04/2026-22:06:43] [I] Average on 1 runs - GPU latency: 6.79102 ms - Host latency: 6.94922 ms (enqueue 4.125 ms)
[10/04/2026-22:06:43] [I] Average on 1 runs - GPU latency: 6.8125 ms - Host latency: 6.9707 ms (enqueue 4.16602 ms)
[10/04/2026-22:06:43] [I] Average on 1 runs - GPU latency: 6.80859 ms - Host latency: 6.99609 ms (enqueue 4.16992 ms)
[10/04/2026-22:06:43] [I] Average on 1 runs - GPU latency: 6.80664 ms - Host latency: 6.93555 ms (enqueue 2.09766 ms)
[10/04/2026-22:06:43] [I] Average on 1 runs - GPU latency: 6.80078 ms - Host latency: 6.94922 ms (enqueue 4.19727 ms)
[10/04/2026-22:06:43] [I] Average on 1 runs - GPU latency: 6.81641 ms - Host latency: 6.99219 ms (enqueue 4.22852 ms)
[10/04/2026-22:06:43] [I] Average on 1 runs - GPU latency: 6.8125 ms - Host latency: 6.95312 ms (enqueue 2.9707 ms)
[10/04/2026-22:06:43] [I] Average on 1 runs - GPU latency: 6.79883 ms - Host latency: 6.98633 ms (enqueue 3.09375 ms)
[10/04/2026-22:06:43] [I] Average on 1 runs - GPU latency: 6.80664 ms - Host latency: 6.95898 ms (enqueue 2.84961 ms)
[10/04/2026-22:06:43] [I] Average on 1 runs - GPU latency: 6.80469 ms - Host latency: 6.94727 ms (enqueue 2.49805 ms)
[10/04/2026-22:06:43] [I] Average on 1 runs - GPU latency: 6.80469 ms - Host latency: 6.94531 ms (enqueue 2.70312 ms)
[10/04/2026-22:06:43] [I] Average on 1 runs - GPU latency: 6.80664 ms - Host latency: 6.9668 ms (enqueue 2.88672 ms)
[10/04/2026-22:06:43] [I] Average on 1 runs - GPU latency: 6.80664 ms - Host latency: 6.94336 ms (enqueue 2.5918 ms)
[10/04/2026-22:06:43] [I] Average on 1 runs - GPU latency: 6.79102 ms - Host latency: 6.92969 ms (enqueue 2.42578 ms)
[10/04/2026-22:06:43] [I] Average on 1 runs - GPU latency: 6.80469 ms - Host latency: 6.9375 ms (enqueue 3.24609 ms)
[10/04/2026-22:06:43] [I] Average on 1 runs - GPU latency: 6.81641 ms - Host latency: 6.98633 ms (enqueue 4.10938 ms)
[10/04/2026-22:06:43] [I] Average on 1 runs - GPU latency: 6.79688 ms - Host latency: 6.94336 ms (enqueue 4.12305 ms)
[10/04/2026-22:06:43] [I] Average on 1 runs - GPU latency: 6.80664 ms - Host latency: 6.98047 ms (enqueue 4.03516 ms)
[10/04/2026-22:06:43] [I] Average on 1 runs - GPU latency: 6.80078 ms - Host latency: 6.92578 ms (enqueue 4.2168 ms)
[10/04/2026-22:06:43] [I] Average on 1 runs - GPU latency: 6.79883 ms - Host latency: 6.97656 ms (enqueue 4.13867 ms)
[10/04/2026-22:06:43] [I] Average on 1 runs - GPU latency: 6.80859 ms - Host latency: 6.97461 ms (enqueue 4.10547 ms)
[10/04/2026-22:06:43] [I] Average on 1 runs - GPU latency: 6.79492 ms - Host latency: 6.95898 ms (enqueue 4.10742 ms)
[10/04/2026-22:06:43] [I] Average on 1 runs - GPU latency: 6.78711 ms - Host latency: 6.94727 ms (enqueue 4.18164 ms)
[10/04/2026-22:06:43] [I] Average on 1 runs - GPU latency: 6.80078 ms - Host latency: 6.93945 ms (enqueue 4.10156 ms)
[10/04/2026-22:06:43] [I] Average on 1 runs - GPU latency: 6.80078 ms - Host latency: 6.96094 ms (enqueue 4.15039 ms)
[10/04/2026-22:06:43] [I] Average on 1 runs - GPU latency: 6.78906 ms - Host latency: 6.91211 ms (enqueue 2.05469 ms)
[10/04/2026-22:06:43] [I] Average on 1 runs - GPU latency: 6.79883 ms - Host latency: 6.95312 ms (enqueue 4.12695 ms)
[10/04/2026-22:06:43] [I] Average on 1 runs - GPU latency: 6.80859 ms - Host latency: 6.99219 ms (enqueue 4.21484 ms)
[10/04/2026-22:06:43] [I] Average on 1 runs - GPU latency: 6.80078 ms - Host latency: 6.94531 ms (enqueue 4.10156 ms)
[10/04/2026-22:06:43] [I] Average on 1 runs - GPU latency: 6.8125 ms - Host latency: 6.99805 ms (enqueue 4.11328 ms)
[10/04/2026-22:06:43] [I] Average on 1 runs - GPU latency: 6.79492 ms - Host latency: 6.93945 ms (enqueue 4.19922 ms)
[10/04/2026-22:06:43] [I] Average on 1 runs - GPU latency: 6.80859 ms - Host latency: 6.99023 ms (enqueue 4.13281 ms)
[10/04/2026-22:06:43] [I] Average on 1 runs - GPU latency: 6.80273 ms - Host latency: 6.93945 ms (enqueue 3.07227 ms)
[10/04/2026-22:06:43] [I] Average on 1 runs - GPU latency: 6.80273 ms - Host latency: 6.94336 ms (enqueue 4.12891 ms)
[10/04/2026-22:06:43] [I] Average on 1 runs - GPU latency: 6.79102 ms - Host latency: 6.95898 ms (enqueue 4.1543 ms)
[10/04/2026-22:06:43] [I] Average on 1 runs - GPU latency: 6.80664 ms - Host latency: 6.95898 ms (enqueue 4.1543 ms)
[10/04/2026-22:06:43] [I] Average on 1 runs - GPU latency: 6.80078 ms - Host latency: 6.98047 ms (enqueue 4.06836 ms)
[10/04/2026-22:06:43] [I] Average on 1 runs - GPU latency: 6.80469 ms - Host latency: 6.94922 ms (enqueue 4.15039 ms)
[10/04/2026-22:06:43] [I] Average on 1 runs - GPU latency: 6.80078 ms - Host latency: 6.95898 ms (enqueue 4.15625 ms)
[10/04/2026-22:06:43] [I] Average on 1 runs - GPU latency: 6.79883 ms - Host latency: 6.94336 ms (enqueue 4.14258 ms)
[10/04/2026-22:06:43] [I] Average on 1 runs - GPU latency: 6.78711 ms - Host latency: 6.91602 ms (enqueue 4.13281 ms)
[10/04/2026-22:06:43] [I] Average on 1 runs - GPU latency: 6.79297 ms - Host latency: 6.96875 ms (enqueue 4.17969 ms)
[10/04/2026-22:06:43] [I] Average on 1 runs - GPU latency: 6.79883 ms - Host latency: 6.96875 ms (enqueue 4.20117 ms)
[10/04/2026-22:06:43] [I] Average on 1 runs - GPU latency: 6.79492 ms - Host latency: 6.97461 ms (enqueue 4.12891 ms)
[10/04/2026-22:06:43] [I] Average on 1 runs - GPU latency: 6.79688 ms - Host latency: 6.94727 ms (enqueue 4.16211 ms)
[10/04/2026-22:06:43] [I] Average on 1 runs - GPU latency: 6.79102 ms - Host latency: 6.95117 ms (enqueue 4.19141 ms)
[10/04/2026-22:06:43] [I] Average on 1 runs - GPU latency: 6.80469 ms - Host latency: 6.97266 ms (enqueue 4.18164 ms)
[10/04/2026-22:06:43] [I] Average on 1 runs - GPU latency: 6.79883 ms - Host latency: 6.97852 ms (enqueue 2.18359 ms)
[10/04/2026-22:06:43] [I] Average on 1 runs - GPU latency: 6.79688 ms - Host latency: 6.96289 ms (enqueue 4.14648 ms)
[10/04/2026-22:06:43] [I] Average on 1 runs - GPU latency: 6.8125 ms - Host latency: 6.96875 ms (enqueue 4.15625 ms)
[10/04/2026-22:06:43] [I] Average on 1 runs - GPU latency: 6.79688 ms - Host latency: 6.96875 ms (enqueue 4.04102 ms)
[10/04/2026-22:06:43] [I] Average on 1 runs - GPU latency: 6.79883 ms - Host latency: 6.96484 ms (enqueue 4.08203 ms)
[10/04/2026-22:06:43] [I] Average on 1 runs - GPU latency: 6.80078 ms - Host latency: 6.96875 ms (enqueue 4.1582 ms)
[10/04/2026-22:06:43] [I] Average on 1 runs - GPU latency: 6.80273 ms - Host latency: 6.95117 ms (enqueue 4.17383 ms)
[10/04/2026-22:06:43] [I] Average on 1 runs - GPU latency: 6.80273 ms - Host latency: 6.97461 ms (enqueue 3.43164 ms)
[10/04/2026-22:06:43] [I] Average on 1 runs - GPU latency: 6.80273 ms - Host latency: 6.95508 ms (enqueue 4.1582 ms)
[10/04/2026-22:06:43] [I] Average on 1 runs - GPU latency: 6.80469 ms - Host latency: 6.94922 ms (enqueue 4.11914 ms)
[10/04/2026-22:06:43] [I] Average on 1 runs - GPU latency: 6.80078 ms - Host latency: 6.94922 ms (enqueue 4.13477 ms)
[10/04/2026-22:06:43] [I] Average on 1 runs - GPU latency: 6.80664 ms - Host latency: 6.95703 ms (enqueue 4.14648 ms)
[10/04/2026-22:06:43] [I] Average on 1 runs - GPU latency: 6.80859 ms - Host latency: 6.95508 ms (enqueue 4.16211 ms)
[10/04/2026-22:06:43] [I] Average on 1 runs - GPU latency: 6.80664 ms - Host latency: 6.96875 ms (enqueue 4.12109 ms)
[10/04/2026-22:06:43] [I] Average on 1 runs - GPU latency: 6.80078 ms - Host latency: 6.94922 ms (enqueue 4.16992 ms)
[10/04/2026-22:06:43] [I] Average on 1 runs - GPU latency: 6.80078 ms - Host latency: 6.92969 ms (enqueue 2.07812 ms)
[10/04/2026-22:06:43] [I] Average on 1 runs - GPU latency: 6.80078 ms - Host latency: 6.94922 ms (enqueue 4.14648 ms)
[10/04/2026-22:06:43] [I] Average on 1 runs - GPU latency: 6.80664 ms - Host latency: 6.98633 ms (enqueue 4.16602 ms)
[10/04/2026-22:06:43] [I] Average on 1 runs - GPU latency: 6.79102 ms - Host latency: 6.94531 ms (enqueue 4.18359 ms)
[10/04/2026-22:06:43] [I] Average on 1 runs - GPU latency: 6.80078 ms - Host latency: 6.94727 ms (enqueue 4.13867 ms)
[10/04/2026-22:06:43] [I] Average on 1 runs - GPU latency: 6.80078 ms - Host latency: 6.95117 ms (enqueue 4.14844 ms)
[10/04/2026-22:06:43] [I] Average on 1 runs - GPU latency: 6.80469 ms - Host latency: 6.95703 ms (enqueue 4.13086 ms)
[10/04/2026-22:06:43] [I] Average on 1 runs - GPU latency: 6.79492 ms - Host latency: 6.93945 ms (enqueue 2.42188 ms)
[10/04/2026-22:06:43] [I] Average on 1 runs - GPU latency: 6.80859 ms - Host latency: 7.00195 ms (enqueue 4.12891 ms)
[10/04/2026-22:06:43] [I] Average on 1 runs - GPU latency: 6.80078 ms - Host latency: 6.94141 ms (enqueue 4.11719 ms)
[10/04/2026-22:06:43] [I] Average on 1 runs - GPU latency: 6.80078 ms - Host latency: 6.96289 ms (enqueue 4.21289 ms)
[10/04/2026-22:06:43] [I] Average on 1 runs - GPU latency: 6.79297 ms - Host latency: 6.95508 ms (enqueue 4.22461 ms)
[10/04/2026-22:06:43] [I] Average on 1 runs - GPU latency: 6.81445 ms - Host latency: 6.99414 ms (enqueue 4.17383 ms)
[10/04/2026-22:06:43] [I] Average on 1 runs - GPU latency: 6.7832 ms - Host latency: 6.92773 ms (enqueue 4.11523 ms)
[10/04/2026-22:06:43] [I] Average on 1 runs - GPU latency: 6.80078 ms - Host latency: 6.94922 ms (enqueue 3.62305 ms)
[10/04/2026-22:06:43] [I] Average on 1 runs - GPU latency: 6.79297 ms - Host latency: 6.93359 ms (enqueue 4.19727 ms)
[10/04/2026-22:06:43] [I] Average on 1 runs - GPU latency: 6.79102 ms - Host latency: 6.97266 ms (enqueue 4.16992 ms)
[10/04/2026-22:06:43] [I] Average on 1 runs - GPU latency: 6.78906 ms - Host latency: 6.94336 ms (enqueue 4.12305 ms)
[10/04/2026-22:06:43] [I] Average on 1 runs - GPU latency: 6.79688 ms - Host latency: 6.9668 ms (enqueue 4.14258 ms)
[10/04/2026-22:06:43] [I] Average on 1 runs - GPU latency: 6.80859 ms - Host latency: 6.97461 ms (enqueue 4.18945 ms)
[10/04/2026-22:06:43] [I] Average on 1 runs - GPU latency: 6.79688 ms - Host latency: 6.93945 ms (enqueue 4.18359 ms)
[10/04/2026-22:06:43] [I] Average on 1 runs - GPU latency: 6.81055 ms - Host latency: 6.97461 ms (enqueue 4.12305 ms)
[10/04/2026-22:06:43] [I] Average on 1 runs - GPU latency: 6.7793 ms - Host latency: 6.92773 ms (enqueue 2.80664 ms)
[10/04/2026-22:06:43] [I] Average on 1 runs - GPU latency: 6.79688 ms - Host latency: 6.94336 ms (enqueue 4.21875 ms)
[10/04/2026-22:06:43] [I] Average on 1 runs - GPU latency: 6.8125 ms - Host latency: 6.96094 ms (enqueue 4.12891 ms)
[10/04/2026-22:06:43] [I] Average on 1 runs - GPU latency: 6.83789 ms - Host latency: 7.01172 ms (enqueue 4.09375 ms)
[10/04/2026-22:06:43] [I] Average on 1 runs - GPU latency: 6.81055 ms - Host latency: 6.95312 ms (enqueue 2.93945 ms)
[10/04/2026-22:06:43] [I] Average on 1 runs - GPU latency: 6.81055 ms - Host latency: 6.98438 ms (enqueue 2.89453 ms)
[10/04/2026-22:06:43] [I] Average on 1 runs - GPU latency: 6.81445 ms - Host latency: 6.94922 ms (enqueue 2.85938 ms)
[10/04/2026-22:06:43] [I] Average on 1 runs - GPU latency: 6.82617 ms - Host latency: 6.96875 ms (enqueue 2.5 ms)
[10/04/2026-22:06:43] [I] Average on 1 runs - GPU latency: 6.79297 ms - Host latency: 6.93359 ms (enqueue 2.58008 ms)
[10/04/2026-22:06:43] [I] Average on 1 runs - GPU latency: 6.80469 ms - Host latency: 6.96875 ms (enqueue 2.76562 ms)
[10/04/2026-22:06:43] [I] Average on 1 runs - GPU latency: 6.80273 ms - Host latency: 6.93945 ms (enqueue 2.67578 ms)
[10/04/2026-22:06:43] [I] Average on 1 runs - GPU latency: 6.8125 ms - Host latency: 6.94531 ms (enqueue 2.42969 ms)
[10/04/2026-22:06:43] [I] Average on 1 runs - GPU latency: 6.79688 ms - Host latency: 6.93359 ms (enqueue 4.23828 ms)
[10/04/2026-22:06:43] [I] Average on 1 runs - GPU latency: 6.79102 ms - Host latency: 6.95312 ms (enqueue 4.17188 ms)
[10/04/2026-22:06:43] [I] Average on 1 runs - GPU latency: 6.79297 ms - Host latency: 6.97656 ms (enqueue 4.00391 ms)
[10/04/2026-22:06:43] [I] Average on 1 runs - GPU latency: 6.79102 ms - Host latency: 6.96289 ms (enqueue 4.14062 ms)
[10/04/2026-22:06:43] [I] Average on 1 runs - GPU latency: 6.78906 ms - Host latency: 6.95117 ms (enqueue 4.125 ms)
[10/04/2026-22:06:43] [I] Average on 1 runs - GPU latency: 6.79883 ms - Host latency: 6.95898 ms (enqueue 4.15234 ms)
[10/04/2026-22:06:43] [I] Average on 1 runs - GPU latency: 6.79102 ms - Host latency: 6.95117 ms (enqueue 4.20703 ms)
[10/04/2026-22:06:43] [I] Average on 1 runs - GPU latency: 6.80273 ms - Host latency: 6.95508 ms (enqueue 4.10156 ms)
[10/04/2026-22:06:43] [I] Average on 1 runs - GPU latency: 6.79883 ms - Host latency: 6.94141 ms (enqueue 4.13867 ms)
[10/04/2026-22:06:43] [I] Average on 1 runs - GPU latency: 6.80859 ms - Host latency: 6.97656 ms (enqueue 4.13477 ms)
[10/04/2026-22:06:43] [I] Average on 1 runs - GPU latency: 6.80469 ms - Host latency: 6.93359 ms (enqueue 2.06641 ms)
[10/04/2026-22:06:43] [I] Average on 1 runs - GPU latency: 6.79688 ms - Host latency: 6.95703 ms (enqueue 4.17578 ms)
[10/04/2026-22:06:43] [I] Average on 1 runs - GPU latency: 6.80273 ms - Host latency: 6.96875 ms (enqueue 4.22852 ms)
[10/04/2026-22:06:43] [I] Average on 1 runs - GPU latency: 6.79297 ms - Host latency: 6.9668 ms (enqueue 4.18164 ms)
[10/04/2026-22:06:43] [I] Average on 1 runs - GPU latency: 6.79883 ms - Host latency: 6.96875 ms (enqueue 4.16016 ms)
[10/04/2026-22:06:43] [I] Average on 1 runs - GPU latency: 6.80273 ms - Host latency: 6.98242 ms (enqueue 4.10938 ms)
[10/04/2026-22:06:43] [I] Average on 1 runs - GPU latency: 6.79883 ms - Host latency: 6.9375 ms (enqueue 4.1875 ms)
[10/04/2026-22:06:43] [I] Average on 1 runs - GPU latency: 6.80078 ms - Host latency: 6.95117 ms (enqueue 3.03516 ms)
[10/04/2026-22:06:43] [I] Average on 1 runs - GPU latency: 6.79102 ms - Host latency: 6.93359 ms (enqueue 4.15625 ms)
[10/04/2026-22:06:43] [I] Average on 1 runs - GPU latency: 6.79688 ms - Host latency: 6.91797 ms (enqueue 2.07031 ms)
[10/04/2026-22:06:43] [I] Average on 1 runs - GPU latency: 6.80078 ms - Host latency: 6.94727 ms (enqueue 4.16797 ms)
[10/04/2026-22:06:43] [I] Average on 1 runs - GPU latency: 6.78906 ms - Host latency: 6.95312 ms (enqueue 4.16602 ms)
[10/04/2026-22:06:43] [I] Average on 1 runs - GPU latency: 6.79883 ms - Host latency: 6.94922 ms (enqueue 4.14844 ms)
[10/04/2026-22:06:43] [I] Average on 1 runs - GPU latency: 6.80664 ms - Host latency: 6.94727 ms (enqueue 4.17773 ms)
[10/04/2026-22:06:43] [I] Average on 1 runs - GPU latency: 6.75391 ms - Host latency: 6.92383 ms (enqueue 4.12891 ms)
[10/04/2026-22:06:43] [I] 
[10/04/2026-22:06:43] [I] === Performance summary ===
[10/04/2026-22:06:43] [I] Throughput: 146.914 qps
[10/04/2026-22:06:43] [I] Latency: min = 6.9082 ms, max = 7.01172 ms, mean = 6.95933 ms, median = 6.95911 ms, percentile(90%) = 6.98047 ms, percentile(95%) = 6.98633 ms, percentile(99%) = 6.99609 ms
[10/04/2026-22:06:43] [I] Enqueue Time: min = 2.04102 ms, max = 4.43359 ms, mean = 3.94808 ms, median = 4.13672 ms, percentile(90%) = 4.19336 ms, percentile(95%) = 4.20996 ms, percentile(99%) = 4.24023 ms
[10/04/2026-22:06:43] [I] H2D Latency: min = 0.105469 ms, max = 0.197998 ms, mean = 0.151798 ms, median = 0.152344 ms, percentile(90%) = 0.169922 ms, percentile(95%) = 0.174072 ms, percentile(99%) = 0.181641 ms
[10/04/2026-22:06:43] [I] GPU Compute Time: min = 6.75391 ms, max = 6.83789 ms, mean = 6.80095 ms, median = 6.80078 ms, percentile(90%) = 6.81055 ms, percentile(95%) = 6.81445 ms, percentile(99%) = 6.82227 ms
[10/04/2026-22:06:43] [I] D2H Latency: min = 0.00390625 ms, max = 0.0117188 ms, mean = 0.00659036 ms, median = 0.00585938 ms, percentile(90%) = 0.00878906 ms, percentile(95%) = 0.00878906 ms, percentile(99%) = 0.00976562 ms
[10/04/2026-22:06:43] [I] Total Host Walltime: 15.0156 s
[10/04/2026-22:06:43] [I] Total GPU Compute Time: 15.0029 s
[10/04/2026-22:06:43] [I] Explanations of the performance metrics are printed in the verbose logs.
[10/04/2026-22:06:43] [I] 
&&&& PASSED TensorRT.trtexec [TensorRT v100300] # /usr/src/tensorrt/bin/trtexec --loadEngine=/tmp/engines/y26s_640_uint8_opt3.engine --warmUp=3000 --duration=15 --idleTime=0 --avgRuns=1
