&&&& RUNNING TensorRT.trtexec [TensorRT v100300] # /usr/src/tensorrt/bin/trtexec --loadEngine=/tmp/engines/y26s_640_uint8_opt3.engine --warmUp=3000 --duration=15 --idleTime=33 --avgRuns=1
[10/04/2026-22:19:47] [I] === Model Options ===
[10/04/2026-22:19:47] [I] Format: *
[10/04/2026-22:19:47] [I] Model: 
[10/04/2026-22:19:47] [I] Output:
[10/04/2026-22:19:47] [I] 
[10/04/2026-22:19:47] [I] === System Options ===
[10/04/2026-22:19:47] [I] Device: 0
[10/04/2026-22:19:47] [I] DLACore: 
[10/04/2026-22:19:47] [I] Plugins:
[10/04/2026-22:19:47] [I] setPluginsToSerialize:
[10/04/2026-22:19:47] [I] dynamicPlugins:
[10/04/2026-22:19:47] [I] ignoreParsedPluginLibs: 0
[10/04/2026-22:19:47] [I] 
[10/04/2026-22:19:47] [I] === Inference Options ===
[10/04/2026-22:19:47] [I] Batch: Explicit
[10/04/2026-22:19:47] [I] Input inference shapes: model
[10/04/2026-22:19:47] [I] Iterations: 10
[10/04/2026-22:19:47] [I] Duration: 15s (+ 3000ms warm up)
[10/04/2026-22:19:47] [I] Sleep time: 0ms
[10/04/2026-22:19:47] [I] Idle time: 33ms
[10/04/2026-22:19:47] [I] Inference Streams: 1
[10/04/2026-22:19:47] [I] ExposeDMA: Disabled
[10/04/2026-22:19:47] [I] Data transfers: Enabled
[10/04/2026-22:19:47] [I] Spin-wait: Disabled
[10/04/2026-22:19:47] [I] Multithreading: Disabled
[10/04/2026-22:19:47] [I] CUDA Graph: Disabled
[10/04/2026-22:19:47] [I] Separate profiling: Disabled
[10/04/2026-22:19:47] [I] Time Deserialize: Disabled
[10/04/2026-22:19:47] [I] Time Refit: Disabled
[10/04/2026-22:19:47] [I] NVTX verbosity: 0
[10/04/2026-22:19:47] [I] Persistent Cache Ratio: 0
[10/04/2026-22:19:47] [I] Optimization Profile Index: 0
[10/04/2026-22:19:47] [I] Weight Streaming Budget: 100.000000%
[10/04/2026-22:19:47] [I] Inputs:
[10/04/2026-22:19:47] [I] Debug Tensor Save Destinations:
[10/04/2026-22:19:47] [I] === Reporting Options ===
[10/04/2026-22:19:47] [I] Verbose: Disabled
[10/04/2026-22:19:47] [I] Averages: 1 inferences
[10/04/2026-22:19:47] [I] Percentiles: 90,95,99
[10/04/2026-22:19:47] [I] Dump refittable layers:Disabled
[10/04/2026-22:19:47] [I] Dump output: Disabled
[10/04/2026-22:19:47] [I] Profile: Disabled
[10/04/2026-22:19:47] [I] Export timing to JSON file: 
[10/04/2026-22:19:47] [I] Export output to JSON file: 
[10/04/2026-22:19:47] [I] Export profile to JSON file: 
[10/04/2026-22:19:47] [I] 
[10/04/2026-22:19:47] [I] === Device Information ===
[10/04/2026-22:19:47] [I] Available Devices: 
[10/04/2026-22:19:47] [I]   Device 0: "Orin" UUID: GPU-6e16c2c1-e394-5324-8f2e-63a975968f4e
[10/04/2026-22:19:47] [I] Selected Device: Orin
[10/04/2026-22:19:47] [I] Selected Device ID: 0
[10/04/2026-22:19:47] [I] Selected Device UUID: GPU-6e16c2c1-e394-5324-8f2e-63a975968f4e
[10/04/2026-22:19:47] [I] Compute Capability: 8.7
[10/04/2026-22:19:47] [I] SMs: 8
[10/04/2026-22:19:47] [I] Device Global Memory: 7607 MiB
[10/04/2026-22:19:47] [I] Shared Memory per SM: 164 KiB
[10/04/2026-22:19:47] [I] Memory Bus Width: 128 bits (ECC disabled)
[10/04/2026-22:19:47] [I] Application Compute Clock Rate: 1.02 GHz
[10/04/2026-22:19:47] [I] Application Memory Clock Rate: 1.02 GHz
[10/04/2026-22:19:47] [I] 
[10/04/2026-22:19:47] [I] Note: The application clock rates do not reflect the actual clock rates that the GPU is currently running at.
[10/04/2026-22:19:47] [I] 
[10/04/2026-22:19:47] [I] TensorRT version: 10.3.0
[10/04/2026-22:19:47] [I] Loading standard plugins
[10/04/2026-22:19:47] [I] [TRT] Loaded engine size: 21 MiB
[10/04/2026-22:19:47] [I] Engine deserialized in 0.0756062 sec.
[10/04/2026-22:19:47] [I] [TRT] [MemUsageChange] TensorRT-managed allocation in IExecutionContext creation: CPU +0, GPU +18, now: CPU 0, GPU 36 (MiB)
[10/04/2026-22:19:47] [I] Setting persistentCacheLimit to 0 bytes.
[10/04/2026-22:19:47] [I] Created execution context with device memory size: 18.1641 MiB
[10/04/2026-22:19:47] [I] Using random values for input images
[10/04/2026-22:19:47] [I] Input binding for images with dimensions 1x640x640x3 is created.
[10/04/2026-22:19:47] [I] Output binding for output0 with dimensions 1x300x6 is created.
[10/04/2026-22:19:47] [I] Starting inference
[10/04/2026-22:20:05] [I] Warmup completed 435 queries over 3000 ms
[10/04/2026-22:20:05] [I] Timing trace has 430 queries over 15.0734 s
[10/04/2026-22:20:05] [I] 
[10/04/2026-22:20:05] [I] === Trace details ===
[10/04/2026-22:20:05] [I] Trace averages of 1 runs:
[10/04/2026-22:20:05] [I] Average on 1 runs - GPU latency: 6.80103 ms - Host latency: 6.93018 ms (enqueue 2.01758 ms)
[10/04/2026-22:20:05] [I] Average on 1 runs - GPU latency: 6.75586 ms - Host latency: 6.89111 ms (enqueue 2.04639 ms)
[10/04/2026-22:20:05] [I] Average on 1 runs - GPU latency: 6.76636 ms - Host latency: 6.8313 ms (enqueue 2.15186 ms)
[10/04/2026-22:20:05] [I] Average on 1 runs - GPU latency: 6.75684 ms - Host latency: 6.82251 ms (enqueue 2.11523 ms)
[10/04/2026-22:20:05] [I] Average on 1 runs - GPU latency: 6.76123 ms - Host latency: 6.82544 ms (enqueue 2.07617 ms)
[10/04/2026-22:20:05] [I] Average on 1 runs - GPU latency: 6.77734 ms - Host latency: 6.84302 ms (enqueue 2.02075 ms)
[10/04/2026-22:20:05] [I] Average on 1 runs - GPU latency: 6.76587 ms - Host latency: 6.82886 ms (enqueue 2.03223 ms)
[10/04/2026-22:20:05] [I] Average on 1 runs - GPU latency: 6.7627 ms - Host latency: 6.82837 ms (enqueue 2.09888 ms)
[10/04/2026-22:20:05] [I] Average on 1 runs - GPU latency: 6.76025 ms - Host latency: 6.82324 ms (enqueue 2.05859 ms)
[10/04/2026-22:20:05] [I] Average on 1 runs - GPU latency: 6.77002 ms - Host latency: 6.83496 ms (enqueue 2.05908 ms)
[10/04/2026-22:20:05] [I] Average on 1 runs - GPU latency: 6.76489 ms - Host latency: 6.82886 ms (enqueue 2.03149 ms)
[10/04/2026-22:20:05] [I] Average on 1 runs - GPU latency: 6.77759 ms - Host latency: 6.84204 ms (enqueue 2.03638 ms)
[10/04/2026-22:20:05] [I] Average on 1 runs - GPU latency: 6.77612 ms - Host latency: 6.84155 ms (enqueue 2.1355 ms)
[10/04/2026-22:20:05] [I] Average on 1 runs - GPU latency: 6.77026 ms - Host latency: 6.83521 ms (enqueue 2.11304 ms)
[10/04/2026-22:20:05] [I] Average on 1 runs - GPU latency: 6.77173 ms - Host latency: 6.83496 ms (enqueue 2.08276 ms)
[10/04/2026-22:20:05] [I] Average on 1 runs - GPU latency: 6.77295 ms - Host latency: 6.83862 ms (enqueue 2.01953 ms)
[10/04/2026-22:20:05] [I] Average on 1 runs - GPU latency: 6.76245 ms - Host latency: 6.82788 ms (enqueue 2.03735 ms)
[10/04/2026-22:20:05] [I] Average on 1 runs - GPU latency: 6.76587 ms - Host latency: 6.82935 ms (enqueue 2.08545 ms)
[10/04/2026-22:20:05] [I] Average on 1 runs - GPU latency: 6.77441 ms - Host latency: 6.83984 ms (enqueue 2.07373 ms)
[10/04/2026-22:20:05] [I] Average on 1 runs - GPU latency: 6.76807 ms - Host latency: 6.83301 ms (enqueue 2.02368 ms)
[10/04/2026-22:20:05] [I] Average on 1 runs - GPU latency: 6.76929 ms - Host latency: 6.83374 ms (enqueue 2.03735 ms)
[10/04/2026-22:20:05] [I] Average on 1 runs - GPU latency: 6.76147 ms - Host latency: 6.82739 ms (enqueue 2.04492 ms)
[10/04/2026-22:20:05] [I] Average on 1 runs - GPU latency: 6.77075 ms - Host latency: 6.83398 ms (enqueue 2.07227 ms)
[10/04/2026-22:20:05] [I] Average on 1 runs - GPU latency: 6.77441 ms - Host latency: 6.83887 ms (enqueue 2.09033 ms)
[10/04/2026-22:20:05] [I] Average on 1 runs - GPU latency: 6.77295 ms - Host latency: 6.83618 ms (enqueue 2.04517 ms)
[10/04/2026-22:20:05] [I] Average on 1 runs - GPU latency: 6.77002 ms - Host latency: 6.83618 ms (enqueue 2.01611 ms)
[10/04/2026-22:20:05] [I] Average on 1 runs - GPU latency: 6.77271 ms - Host latency: 6.83765 ms (enqueue 2.07178 ms)
[10/04/2026-22:20:05] [I] Average on 1 runs - GPU latency: 6.79224 ms - Host latency: 6.85278 ms (enqueue 2.16309 ms)
[10/04/2026-22:20:05] [I] Average on 1 runs - GPU latency: 6.78125 ms - Host latency: 6.84717 ms (enqueue 2.13208 ms)
[10/04/2026-22:20:05] [I] Average on 1 runs - GPU latency: 6.77905 ms - Host latency: 6.85327 ms (enqueue 2.03784 ms)
[10/04/2026-22:20:05] [I] Average on 1 runs - GPU latency: 6.77832 ms - Host latency: 6.83838 ms (enqueue 2.06104 ms)
[10/04/2026-22:20:05] [I] Average on 1 runs - GPU latency: 6.77148 ms - Host latency: 6.83472 ms (enqueue 2.06055 ms)
[10/04/2026-22:20:05] [I] Average on 1 runs - GPU latency: 6.76074 ms - Host latency: 6.82422 ms (enqueue 2.07471 ms)
[10/04/2026-22:20:05] [I] Average on 1 runs - GPU latency: 6.78174 ms - Host latency: 6.84521 ms (enqueue 2.14209 ms)
[10/04/2026-22:20:05] [I] Average on 1 runs - GPU latency: 6.77002 ms - Host latency: 6.83203 ms (enqueue 2.1084 ms)
[10/04/2026-22:20:05] [I] Average on 1 runs - GPU latency: 6.77588 ms - Host latency: 6.83936 ms (enqueue 2.06494 ms)
[10/04/2026-22:20:05] [I] Average on 1 runs - GPU latency: 6.77246 ms - Host latency: 6.8374 ms (enqueue 2.06152 ms)
[10/04/2026-22:20:05] [I] Average on 1 runs - GPU latency: 6.76123 ms - Host latency: 6.82275 ms (enqueue 2.09863 ms)
[10/04/2026-22:20:05] [I] Average on 1 runs - GPU latency: 6.77637 ms - Host latency: 6.84033 ms (enqueue 2.05859 ms)
[10/04/2026-22:20:05] [I] Average on 1 runs - GPU latency: 6.77441 ms - Host latency: 6.84033 ms (enqueue 2.01855 ms)
[10/04/2026-22:20:05] [I] Average on 1 runs - GPU latency: 6.78125 ms - Host latency: 6.84619 ms (enqueue 2.02979 ms)
[10/04/2026-22:20:05] [I] Average on 1 runs - GPU latency: 6.77197 ms - Host latency: 6.83789 ms (enqueue 2.0332 ms)
[10/04/2026-22:20:05] [I] Average on 1 runs - GPU latency: 6.77148 ms - Host latency: 6.83691 ms (enqueue 2.05664 ms)
[10/04/2026-22:20:05] [I] Average on 1 runs - GPU latency: 6.78223 ms - Host latency: 6.84863 ms (enqueue 2.14941 ms)
[10/04/2026-22:20:05] [I] Average on 1 runs - GPU latency: 6.77197 ms - Host latency: 6.8374 ms (enqueue 2.05811 ms)
[10/04/2026-22:20:05] [I] Average on 1 runs - GPU latency: 6.77246 ms - Host latency: 6.83691 ms (enqueue 2.04248 ms)
[10/04/2026-22:20:05] [I] Average on 1 runs - GPU latency: 6.7666 ms - Host latency: 6.83105 ms (enqueue 2.04004 ms)
[10/04/2026-22:20:05] [I] Average on 1 runs - GPU latency: 6.76514 ms - Host latency: 6.83154 ms (enqueue 2.09668 ms)
[10/04/2026-22:20:05] [I] Average on 1 runs - GPU latency: 6.75684 ms - Host latency: 6.82275 ms (enqueue 2.06689 ms)
[10/04/2026-22:20:05] [I] Average on 1 runs - GPU latency: 6.77441 ms - Host latency: 6.83984 ms (enqueue 2.01465 ms)
[10/04/2026-22:20:05] [I] Average on 1 runs - GPU latency: 6.77246 ms - Host latency: 6.83789 ms (enqueue 2.04492 ms)
[10/04/2026-22:20:05] [I] Average on 1 runs - GPU latency: 6.76611 ms - Host latency: 6.83154 ms (enqueue 2.06396 ms)
[10/04/2026-22:20:05] [I] Average on 1 runs - GPU latency: 6.77881 ms - Host latency: 6.84375 ms (enqueue 2.05908 ms)
[10/04/2026-22:20:05] [I] Average on 1 runs - GPU latency: 6.76416 ms - Host latency: 6.83105 ms (enqueue 2.08838 ms)
[10/04/2026-22:20:05] [I] Average on 1 runs - GPU latency: 6.78369 ms - Host latency: 6.84717 ms (enqueue 2.02246 ms)
[10/04/2026-22:20:05] [I] Average on 1 runs - GPU latency: 6.76709 ms - Host latency: 6.83154 ms (enqueue 2.05566 ms)
[10/04/2026-22:20:05] [I] Average on 1 runs - GPU latency: 6.77441 ms - Host latency: 6.83984 ms (enqueue 2.03076 ms)
[10/04/2026-22:20:05] [I] Average on 1 runs - GPU latency: 6.76367 ms - Host latency: 6.82812 ms (enqueue 2.06885 ms)
[10/04/2026-22:20:05] [I] Average on 1 runs - GPU latency: 6.77686 ms - Host latency: 6.84277 ms (enqueue 2.09619 ms)
[10/04/2026-22:20:05] [I] Average on 1 runs - GPU latency: 6.77197 ms - Host latency: 6.83838 ms (enqueue 2.0625 ms)
[10/04/2026-22:20:05] [I] Average on 1 runs - GPU latency: 6.77295 ms - Host latency: 6.83643 ms (enqueue 2.03271 ms)
[10/04/2026-22:20:05] [I] Average on 1 runs - GPU latency: 6.76953 ms - Host latency: 6.83545 ms (enqueue 2.06055 ms)
[10/04/2026-22:20:05] [I] Average on 1 runs - GPU latency: 6.77197 ms - Host latency: 6.83594 ms (enqueue 2.09766 ms)
[10/04/2026-22:20:05] [I] Average on 1 runs - GPU latency: 6.7749 ms - Host latency: 6.83887 ms (enqueue 2.08057 ms)
[10/04/2026-22:20:05] [I] Average on 1 runs - GPU latency: 6.77734 ms - Host latency: 6.84326 ms (enqueue 2.04248 ms)
[10/04/2026-22:20:05] [I] Average on 1 runs - GPU latency: 6.7666 ms - Host latency: 6.83154 ms (enqueue 2.02588 ms)
[10/04/2026-22:20:05] [I] Average on 1 runs - GPU latency: 6.77588 ms - Host latency: 6.8418 ms (enqueue 2.03809 ms)
[10/04/2026-22:20:05] [I] Average on 1 runs - GPU latency: 6.76562 ms - Host latency: 6.83008 ms (enqueue 2.09473 ms)
[10/04/2026-22:20:05] [I] Average on 1 runs - GPU latency: 6.7749 ms - Host latency: 6.83984 ms (enqueue 2.08154 ms)
[10/04/2026-22:20:05] [I] Average on 1 runs - GPU latency: 6.77393 ms - Host latency: 6.84082 ms (enqueue 2.01221 ms)
[10/04/2026-22:20:05] [I] Average on 1 runs - GPU latency: 6.76562 ms - Host latency: 6.84424 ms (enqueue 2.04492 ms)
[10/04/2026-22:20:05] [I] Average on 1 runs - GPU latency: 6.76758 ms - Host latency: 6.8457 ms (enqueue 2.03613 ms)
[10/04/2026-22:20:05] [I] Average on 1 runs - GPU latency: 6.76855 ms - Host latency: 6.83301 ms (enqueue 2.03613 ms)
[10/04/2026-22:20:05] [I] Average on 1 runs - GPU latency: 6.81104 ms - Host latency: 6.87646 ms (enqueue 2.12061 ms)
[10/04/2026-22:20:05] [I] Average on 1 runs - GPU latency: 6.79346 ms - Host latency: 6.85791 ms (enqueue 2.11719 ms)
[10/04/2026-22:20:05] [I] Average on 1 runs - GPU latency: 6.76562 ms - Host latency: 6.83105 ms (enqueue 2.05127 ms)
[10/04/2026-22:20:05] [I] Average on 1 runs - GPU latency: 6.76416 ms - Host latency: 6.82959 ms (enqueue 2.02734 ms)
[10/04/2026-22:20:05] [I] Average on 1 runs - GPU latency: 6.77295 ms - Host latency: 6.83838 ms (enqueue 2.12012 ms)
[10/04/2026-22:20:05] [I] Average on 1 runs - GPU latency: 6.77637 ms - Host latency: 6.84131 ms (enqueue 2.11523 ms)
[10/04/2026-22:20:05] [I] Average on 1 runs - GPU latency: 6.77246 ms - Host latency: 6.83887 ms (enqueue 2.03613 ms)
[10/04/2026-22:20:05] [I] Average on 1 runs - GPU latency: 6.77197 ms - Host latency: 6.83594 ms (enqueue 2.04346 ms)
[10/04/2026-22:20:05] [I] Average on 1 runs - GPU latency: 6.7749 ms - Host latency: 6.84033 ms (enqueue 2.03174 ms)
[10/04/2026-22:20:05] [I] Average on 1 runs - GPU latency: 6.77002 ms - Host latency: 6.8335 ms (enqueue 2.05957 ms)
[10/04/2026-22:20:05] [I] Average on 1 runs - GPU latency: 6.7666 ms - Host latency: 6.83154 ms (enqueue 2.05957 ms)
[10/04/2026-22:20:05] [I] Average on 1 runs - GPU latency: 6.76758 ms - Host latency: 6.83301 ms (enqueue 2.03809 ms)
[10/04/2026-22:20:05] [I] Average on 1 runs - GPU latency: 6.76514 ms - Host latency: 6.83008 ms (enqueue 2.05176 ms)
[10/04/2026-22:20:05] [I] Average on 1 runs - GPU latency: 6.77344 ms - Host latency: 6.83789 ms (enqueue 2.06494 ms)
[10/04/2026-22:20:05] [I] Average on 1 runs - GPU latency: 6.7666 ms - Host latency: 6.83301 ms (enqueue 2.08936 ms)
[10/04/2026-22:20:05] [I] Average on 1 runs - GPU latency: 6.75684 ms - Host latency: 6.82227 ms (enqueue 2.06787 ms)
[10/04/2026-22:20:05] [I] Average on 1 runs - GPU latency: 6.77979 ms - Host latency: 6.84375 ms (enqueue 2.0791 ms)
[10/04/2026-22:20:05] [I] Average on 1 runs - GPU latency: 6.77881 ms - Host latency: 6.84521 ms (enqueue 2.09375 ms)
[10/04/2026-22:20:05] [I] Average on 1 runs - GPU latency: 6.76807 ms - Host latency: 6.84863 ms (enqueue 2.06201 ms)
[10/04/2026-22:20:05] [I] Average on 1 runs - GPU latency: 6.77734 ms - Host latency: 6.84229 ms (enqueue 2.08789 ms)
[10/04/2026-22:20:05] [I] Average on 1 runs - GPU latency: 6.77881 ms - Host latency: 6.84521 ms (enqueue 2.12354 ms)
[10/04/2026-22:20:05] [I] Average on 1 runs - GPU latency: 6.76221 ms - Host latency: 6.82812 ms (enqueue 2.0332 ms)
[10/04/2026-22:20:05] [I] Average on 1 runs - GPU latency: 6.77148 ms - Host latency: 6.83691 ms (enqueue 2.04688 ms)
[10/04/2026-22:20:05] [I] Average on 1 runs - GPU latency: 6.77588 ms - Host latency: 6.84131 ms (enqueue 2.02393 ms)
[10/04/2026-22:20:05] [I] Average on 1 runs - GPU latency: 6.78076 ms - Host latency: 6.84619 ms (enqueue 2.08105 ms)
[10/04/2026-22:20:05] [I] Average on 1 runs - GPU latency: 6.77002 ms - Host latency: 6.83594 ms (enqueue 2.09326 ms)
[10/04/2026-22:20:05] [I] Average on 1 runs - GPU latency: 6.77637 ms - Host latency: 6.84229 ms (enqueue 2.02832 ms)
[10/04/2026-22:20:05] [I] Average on 1 runs - GPU latency: 6.77393 ms - Host latency: 6.83887 ms (enqueue 2.04395 ms)
[10/04/2026-22:20:05] [I] Average on 1 runs - GPU latency: 6.7749 ms - Host latency: 6.8418 ms (enqueue 2.05811 ms)
[10/04/2026-22:20:05] [I] Average on 1 runs - GPU latency: 6.78027 ms - Host latency: 6.84521 ms (enqueue 2.07129 ms)
[10/04/2026-22:20:05] [I] Average on 1 runs - GPU latency: 6.77686 ms - Host latency: 6.84326 ms (enqueue 2.04736 ms)
[10/04/2026-22:20:05] [I] Average on 1 runs - GPU latency: 6.78125 ms - Host latency: 6.84814 ms (enqueue 2.0835 ms)
[10/04/2026-22:20:05] [I] Average on 1 runs - GPU latency: 6.77002 ms - Host latency: 6.83496 ms (enqueue 2.06592 ms)
[10/04/2026-22:20:05] [I] Average on 1 runs - GPU latency: 6.7666 ms - Host latency: 6.83203 ms (enqueue 2.07617 ms)
[10/04/2026-22:20:05] [I] Average on 1 runs - GPU latency: 6.76367 ms - Host latency: 6.83008 ms (enqueue 2.06396 ms)
[10/04/2026-22:20:05] [I] Average on 1 runs - GPU latency: 6.77295 ms - Host latency: 6.8374 ms (enqueue 2.15234 ms)
[10/04/2026-22:20:05] [I] Average on 1 runs - GPU latency: 6.77295 ms - Host latency: 6.83838 ms (enqueue 2.02832 ms)
[10/04/2026-22:20:05] [I] Average on 1 runs - GPU latency: 6.76611 ms - Host latency: 6.83154 ms (enqueue 2.04199 ms)
[10/04/2026-22:20:05] [I] Average on 1 runs - GPU latency: 6.78027 ms - Host latency: 6.8584 ms (enqueue 2.07568 ms)
[10/04/2026-22:20:05] [I] Average on 1 runs - GPU latency: 6.77686 ms - Host latency: 6.8418 ms (enqueue 2.0708 ms)
[10/04/2026-22:20:05] [I] Average on 1 runs - GPU latency: 6.76221 ms - Host latency: 6.82861 ms (enqueue 2.10352 ms)
[10/04/2026-22:20:05] [I] Average on 1 runs - GPU latency: 6.771 ms - Host latency: 6.83496 ms (enqueue 2.10449 ms)
[10/04/2026-22:20:05] [I] Average on 1 runs - GPU latency: 6.76807 ms - Host latency: 6.8335 ms (enqueue 2.07812 ms)
[10/04/2026-22:20:05] [I] Average on 1 runs - GPU latency: 6.76416 ms - Host latency: 6.82959 ms (enqueue 2.03027 ms)
[10/04/2026-22:20:05] [I] Average on 1 runs - GPU latency: 6.77344 ms - Host latency: 6.83691 ms (enqueue 2.08496 ms)
[10/04/2026-22:20:05] [I] Average on 1 runs - GPU latency: 6.77832 ms - Host latency: 6.84277 ms (enqueue 2.08252 ms)
[10/04/2026-22:20:05] [I] Average on 1 runs - GPU latency: 6.771 ms - Host latency: 6.83545 ms (enqueue 2.021 ms)
[10/04/2026-22:20:05] [I] Average on 1 runs - GPU latency: 6.78369 ms - Host latency: 6.84961 ms (enqueue 2.14307 ms)
[10/04/2026-22:20:05] [I] Average on 1 runs - GPU latency: 6.7749 ms - Host latency: 6.84131 ms (enqueue 2.07227 ms)
[10/04/2026-22:20:05] [I] Average on 1 runs - GPU latency: 6.76465 ms - Host latency: 6.82764 ms (enqueue 2.07422 ms)
[10/04/2026-22:20:05] [I] Average on 1 runs - GPU latency: 6.78174 ms - Host latency: 6.84766 ms (enqueue 2.05859 ms)
[10/04/2026-22:20:05] [I] Average on 1 runs - GPU latency: 6.77246 ms - Host latency: 6.83545 ms (enqueue 2.03125 ms)
[10/04/2026-22:20:05] [I] Average on 1 runs - GPU latency: 6.76562 ms - Host latency: 6.84229 ms (enqueue 2.04297 ms)
[10/04/2026-22:20:05] [I] Average on 1 runs - GPU latency: 6.76855 ms - Host latency: 6.83154 ms (enqueue 2.01904 ms)
[10/04/2026-22:20:05] [I] Average on 1 runs - GPU latency: 6.77197 ms - Host latency: 6.83643 ms (enqueue 2.06543 ms)
[10/04/2026-22:20:05] [I] Average on 1 runs - GPU latency: 6.76562 ms - Host latency: 6.8291 ms (enqueue 2.06396 ms)
[10/04/2026-22:20:05] [I] Average on 1 runs - GPU latency: 6.77686 ms - Host latency: 6.84229 ms (enqueue 2.03174 ms)
[10/04/2026-22:20:05] [I] Average on 1 runs - GPU latency: 6.77393 ms - Host latency: 6.83789 ms (enqueue 2.02051 ms)
[10/04/2026-22:20:05] [I] Average on 1 runs - GPU latency: 6.76709 ms - Host latency: 6.83154 ms (enqueue 2.09229 ms)
[10/04/2026-22:20:05] [I] Average on 1 runs - GPU latency: 6.77734 ms - Host latency: 6.8418 ms (enqueue 2.0708 ms)
[10/04/2026-22:20:05] [I] Average on 1 runs - GPU latency: 6.76953 ms - Host latency: 6.83301 ms (enqueue 2.0542 ms)
[10/04/2026-22:20:05] [I] Average on 1 runs - GPU latency: 6.76855 ms - Host latency: 6.83252 ms (enqueue 2.04736 ms)
[10/04/2026-22:20:05] [I] Average on 1 runs - GPU latency: 6.78369 ms - Host latency: 6.84961 ms (enqueue 2.08252 ms)
[10/04/2026-22:20:05] [I] Average on 1 runs - GPU latency: 6.77393 ms - Host latency: 6.83936 ms (enqueue 2.08008 ms)
[10/04/2026-22:20:05] [I] Average on 1 runs - GPU latency: 6.76465 ms - Host latency: 6.83154 ms (enqueue 2.08691 ms)
[10/04/2026-22:20:05] [I] Average on 1 runs - GPU latency: 6.77734 ms - Host latency: 6.8418 ms (enqueue 2.08008 ms)
[10/04/2026-22:20:05] [I] Average on 1 runs - GPU latency: 6.77588 ms - Host latency: 6.84326 ms (enqueue 2.04541 ms)
[10/04/2026-22:20:05] [I] Average on 1 runs - GPU latency: 6.77588 ms - Host latency: 6.83838 ms (enqueue 2.01318 ms)
[10/04/2026-22:20:05] [I] Average on 1 runs - GPU latency: 6.77002 ms - Host latency: 6.83643 ms (enqueue 2.07031 ms)
[10/04/2026-22:20:05] [I] Average on 1 runs - GPU latency: 6.76416 ms - Host latency: 6.82959 ms (enqueue 2.10059 ms)
[10/04/2026-22:20:05] [I] Average on 1 runs - GPU latency: 6.78125 ms - Host latency: 6.84668 ms (enqueue 2.04492 ms)
[10/04/2026-22:20:05] [I] Average on 1 runs - GPU latency: 6.771 ms - Host latency: 6.83691 ms (enqueue 2.04297 ms)
[10/04/2026-22:20:05] [I] Average on 1 runs - GPU latency: 6.77295 ms - Host latency: 6.8374 ms (enqueue 2.05371 ms)
[10/04/2026-22:20:05] [I] Average on 1 runs - GPU latency: 6.77734 ms - Host latency: 6.84131 ms (enqueue 2.06299 ms)
[10/04/2026-22:20:05] [I] Average on 1 runs - GPU latency: 6.77637 ms - Host latency: 6.84229 ms (enqueue 2.09424 ms)
[10/04/2026-22:20:05] [I] Average on 1 runs - GPU latency: 6.77344 ms - Host latency: 6.83838 ms (enqueue 2.10059 ms)
[10/04/2026-22:20:05] [I] Average on 1 runs - GPU latency: 6.77246 ms - Host latency: 6.83594 ms (enqueue 2.05176 ms)
[10/04/2026-22:20:05] [I] Average on 1 runs - GPU latency: 6.78516 ms - Host latency: 6.84766 ms (enqueue 2.01465 ms)
[10/04/2026-22:20:05] [I] Average on 1 runs - GPU latency: 6.77344 ms - Host latency: 6.83398 ms (enqueue 2.06836 ms)
[10/04/2026-22:20:05] [I] Average on 1 runs - GPU latency: 6.78027 ms - Host latency: 6.85645 ms (enqueue 2.09277 ms)
[10/04/2026-22:20:05] [I] Average on 1 runs - GPU latency: 6.78613 ms - Host latency: 6.84961 ms (enqueue 2.04199 ms)
[10/04/2026-22:20:05] [I] Average on 1 runs - GPU latency: 6.76562 ms - Host latency: 6.8291 ms (enqueue 2.00293 ms)
[10/04/2026-22:20:05] [I] Average on 1 runs - GPU latency: 6.76758 ms - Host latency: 6.83203 ms (enqueue 1.99805 ms)
[10/04/2026-22:20:05] [I] Average on 1 runs - GPU latency: 6.77051 ms - Host latency: 6.83008 ms (enqueue 2.06738 ms)
[10/04/2026-22:20:05] [I] Average on 1 runs - GPU latency: 6.76367 ms - Host latency: 6.82422 ms (enqueue 2.0498 ms)
[10/04/2026-22:20:05] [I] Average on 1 runs - GPU latency: 6.76074 ms - Host latency: 6.82227 ms (enqueue 2.03516 ms)
[10/04/2026-22:20:05] [I] Average on 1 runs - GPU latency: 6.76953 ms - Host latency: 6.83105 ms (enqueue 2.03613 ms)
[10/04/2026-22:20:05] [I] Average on 1 runs - GPU latency: 6.78027 ms - Host latency: 6.84082 ms (enqueue 2.03906 ms)
[10/04/2026-22:20:05] [I] Average on 1 runs - GPU latency: 6.76953 ms - Host latency: 6.83105 ms (enqueue 2.06934 ms)
[10/04/2026-22:20:05] [I] Average on 1 runs - GPU latency: 6.78125 ms - Host latency: 6.84082 ms (enqueue 2.06445 ms)
[10/04/2026-22:20:05] [I] Average on 1 runs - GPU latency: 6.77441 ms - Host latency: 6.83789 ms (enqueue 2.05762 ms)
[10/04/2026-22:20:05] [I] Average on 1 runs - GPU latency: 6.76758 ms - Host latency: 6.82715 ms (enqueue 2.02637 ms)
[10/04/2026-22:20:05] [I] Average on 1 runs - GPU latency: 6.77148 ms - Host latency: 6.83105 ms (enqueue 2.01855 ms)
[10/04/2026-22:20:05] [I] Average on 1 runs - GPU latency: 6.79395 ms - Host latency: 6.85547 ms (enqueue 2.08008 ms)
[10/04/2026-22:20:05] [I] Average on 1 runs - GPU latency: 6.76172 ms - Host latency: 6.82129 ms (enqueue 2.07129 ms)
[10/04/2026-22:20:05] [I] Average on 1 runs - GPU latency: 6.77246 ms - Host latency: 6.83203 ms (enqueue 2.03711 ms)
[10/04/2026-22:20:05] [I] Average on 1 runs - GPU latency: 6.7793 ms - Host latency: 6.83984 ms (enqueue 2.02734 ms)
[10/04/2026-22:20:05] [I] Average on 1 runs - GPU latency: 6.77344 ms - Host latency: 6.83398 ms (enqueue 2.06836 ms)
[10/04/2026-22:20:05] [I] Average on 1 runs - GPU latency: 6.77148 ms - Host latency: 6.83203 ms (enqueue 2.06348 ms)
[10/04/2026-22:20:05] [I] Average on 1 runs - GPU latency: 6.77148 ms - Host latency: 6.83203 ms (enqueue 2.06738 ms)
[10/04/2026-22:20:05] [I] Average on 1 runs - GPU latency: 6.76562 ms - Host latency: 6.82715 ms (enqueue 2.03906 ms)
[10/04/2026-22:20:05] [I] Average on 1 runs - GPU latency: 6.76953 ms - Host latency: 6.8291 ms (enqueue 2.05078 ms)
[10/04/2026-22:20:05] [I] Average on 1 runs - GPU latency: 6.77441 ms - Host latency: 6.83984 ms (enqueue 2.08398 ms)
[10/04/2026-22:20:05] [I] Average on 1 runs - GPU latency: 6.76074 ms - Host latency: 6.82422 ms (enqueue 2.08008 ms)
[10/04/2026-22:20:05] [I] Average on 1 runs - GPU latency: 6.77246 ms - Host latency: 6.83984 ms (enqueue 2.0752 ms)
[10/04/2026-22:20:05] [I] Average on 1 runs - GPU latency: 6.77051 ms - Host latency: 6.83496 ms (enqueue 2.04102 ms)
[10/04/2026-22:20:05] [I] Average on 1 runs - GPU latency: 6.77637 ms - Host latency: 6.83691 ms (enqueue 2.0459 ms)
[10/04/2026-22:20:05] [I] Average on 1 runs - GPU latency: 6.76074 ms - Host latency: 6.8252 ms (enqueue 2.08984 ms)
[10/04/2026-22:20:05] [I] Average on 1 runs - GPU latency: 6.80566 ms - Host latency: 6.86621 ms (enqueue 2.0791 ms)
[10/04/2026-22:20:05] [I] Average on 1 runs - GPU latency: 6.78223 ms - Host latency: 6.84277 ms (enqueue 2.09863 ms)
[10/04/2026-22:20:05] [I] Average on 1 runs - GPU latency: 6.78125 ms - Host latency: 6.8418 ms (enqueue 2.04492 ms)
[10/04/2026-22:20:05] [I] Average on 1 runs - GPU latency: 6.77539 ms - Host latency: 6.83691 ms (enqueue 2.04492 ms)
[10/04/2026-22:20:05] [I] Average on 1 runs - GPU latency: 6.76758 ms - Host latency: 6.82812 ms (enqueue 2.07812 ms)
[10/04/2026-22:20:05] [I] Average on 1 runs - GPU latency: 6.77441 ms - Host latency: 6.83398 ms (enqueue 2.07129 ms)
[10/04/2026-22:20:05] [I] Average on 1 runs - GPU latency: 6.77441 ms - Host latency: 6.83496 ms (enqueue 2.08008 ms)
[10/04/2026-22:20:05] [I] Average on 1 runs - GPU latency: 6.77734 ms - Host latency: 6.83691 ms (enqueue 2.04297 ms)
[10/04/2026-22:20:05] [I] Average on 1 runs - GPU latency: 6.76367 ms - Host latency: 6.82324 ms (enqueue 2.04004 ms)
[10/04/2026-22:20:05] [I] Average on 1 runs - GPU latency: 6.78613 ms - Host latency: 6.84766 ms (enqueue 2.06055 ms)
[10/04/2026-22:20:05] [I] Average on 1 runs - GPU latency: 6.77148 ms - Host latency: 6.83105 ms (enqueue 2.10449 ms)
[10/04/2026-22:20:05] [I] Average on 1 runs - GPU latency: 6.77344 ms - Host latency: 6.83398 ms (enqueue 2.08691 ms)
[10/04/2026-22:20:05] [I] Average on 1 runs - GPU latency: 6.78027 ms - Host latency: 6.85352 ms (enqueue 2.05371 ms)
[10/04/2026-22:20:05] [I] Average on 1 runs - GPU latency: 6.77734 ms - Host latency: 6.83887 ms (enqueue 2.03418 ms)
[10/04/2026-22:20:05] [I] Average on 1 runs - GPU latency: 6.76953 ms - Host latency: 6.83008 ms (enqueue 2.08594 ms)
[10/04/2026-22:20:05] [I] Average on 1 runs - GPU latency: 6.77441 ms - Host latency: 6.83398 ms (enqueue 2.0957 ms)
[10/04/2026-22:20:05] [I] Average on 1 runs - GPU latency: 6.78613 ms - Host latency: 6.84668 ms (enqueue 2.08008 ms)
[10/04/2026-22:20:05] [I] Average on 1 runs - GPU latency: 6.76953 ms - Host latency: 6.83105 ms (enqueue 2.06641 ms)
[10/04/2026-22:20:05] [I] Average on 1 runs - GPU latency: 6.7793 ms - Host latency: 6.84375 ms (enqueue 1.99707 ms)
[10/04/2026-22:20:05] [I] ... Omitting 30 lines
[10/04/2026-22:20:05] [I] Average on 1 runs - GPU latency: 6.76855 ms - Host latency: 6.83301 ms (enqueue 2.03711 ms)
[10/04/2026-22:20:05] [I] Average on 1 runs - GPU latency: 6.76953 ms - Host latency: 6.83398 ms (enqueue 2.02539 ms)
[10/04/2026-22:20:05] [I] Average on 1 runs - GPU latency: 6.7666 ms - Host latency: 6.83105 ms (enqueue 1.9834 ms)
[10/04/2026-22:20:05] [I] Average on 1 runs - GPU latency: 6.7627 ms - Host latency: 6.82812 ms (enqueue 1.9834 ms)
[10/04/2026-22:20:05] [I] Average on 1 runs - GPU latency: 6.76562 ms - Host latency: 6.83105 ms (enqueue 2.04102 ms)
[10/04/2026-22:20:05] [I] Average on 1 runs - GPU latency: 6.76758 ms - Host latency: 6.84375 ms (enqueue 2.07031 ms)
[10/04/2026-22:20:05] [I] Average on 1 runs - GPU latency: 6.76562 ms - Host latency: 6.83008 ms (enqueue 2.02148 ms)
[10/04/2026-22:20:05] [I] Average on 1 runs - GPU latency: 6.77051 ms - Host latency: 6.83496 ms (enqueue 1.98535 ms)
[10/04/2026-22:20:05] [I] Average on 1 runs - GPU latency: 6.76172 ms - Host latency: 6.82617 ms (enqueue 2.00488 ms)
[10/04/2026-22:20:05] [I] Average on 1 runs - GPU latency: 6.77246 ms - Host latency: 6.83496 ms (enqueue 2.03027 ms)
[10/04/2026-22:20:05] [I] Average on 1 runs - GPU latency: 6.76953 ms - Host latency: 6.83496 ms (enqueue 2.03516 ms)
[10/04/2026-22:20:05] [I] Average on 1 runs - GPU latency: 6.77441 ms - Host latency: 6.83887 ms (enqueue 1.99512 ms)
[10/04/2026-22:20:05] [I] Average on 1 runs - GPU latency: 6.7666 ms - Host latency: 6.83105 ms (enqueue 1.98828 ms)
[10/04/2026-22:20:05] [I] Average on 1 runs - GPU latency: 6.77344 ms - Host latency: 6.83789 ms (enqueue 1.99805 ms)
[10/04/2026-22:20:05] [I] Average on 1 runs - GPU latency: 6.76855 ms - Host latency: 6.83203 ms (enqueue 2.10938 ms)
[10/04/2026-22:20:05] [I] Average on 1 runs - GPU latency: 6.76758 ms - Host latency: 6.82812 ms (enqueue 2.07617 ms)
[10/04/2026-22:20:05] [I] Average on 1 runs - GPU latency: 6.7627 ms - Host latency: 6.82324 ms (enqueue 2.02441 ms)
[10/04/2026-22:20:05] [I] Average on 1 runs - GPU latency: 6.77539 ms - Host latency: 6.83594 ms (enqueue 2.02246 ms)
[10/04/2026-22:20:05] [I] Average on 1 runs - GPU latency: 6.76758 ms - Host latency: 6.83203 ms (enqueue 2.05762 ms)
[10/04/2026-22:20:05] [I] Average on 1 runs - GPU latency: 6.77441 ms - Host latency: 6.83594 ms (enqueue 2.06738 ms)
[10/04/2026-22:20:05] [I] Average on 1 runs - GPU latency: 6.77246 ms - Host latency: 6.83398 ms (enqueue 2.07617 ms)
[10/04/2026-22:20:05] [I] Average on 1 runs - GPU latency: 6.77344 ms - Host latency: 6.83496 ms (enqueue 2.0459 ms)
[10/04/2026-22:20:05] [I] Average on 1 runs - GPU latency: 6.77734 ms - Host latency: 6.83789 ms (enqueue 2.0459 ms)
[10/04/2026-22:20:05] [I] Average on 1 runs - GPU latency: 6.76562 ms - Host latency: 6.82812 ms (enqueue 2.06836 ms)
[10/04/2026-22:20:05] [I] Average on 1 runs - GPU latency: 6.76758 ms - Host latency: 6.82715 ms (enqueue 2.08691 ms)
[10/04/2026-22:20:05] [I] Average on 1 runs - GPU latency: 6.76953 ms - Host latency: 6.83105 ms (enqueue 2.09277 ms)
[10/04/2026-22:20:05] [I] Average on 1 runs - GPU latency: 6.76074 ms - Host latency: 6.82617 ms (enqueue 2.0293 ms)
[10/04/2026-22:20:05] [I] Average on 1 runs - GPU latency: 6.7666 ms - Host latency: 6.83105 ms (enqueue 2.00879 ms)
[10/04/2026-22:20:05] [I] Average on 1 runs - GPU latency: 6.76465 ms - Host latency: 6.82422 ms (enqueue 2.03711 ms)
[10/04/2026-22:20:05] [I] Average on 1 runs - GPU latency: 6.78809 ms - Host latency: 6.84961 ms (enqueue 2.07422 ms)
[10/04/2026-22:20:05] [I] Average on 1 runs - GPU latency: 6.78516 ms - Host latency: 6.84961 ms (enqueue 2.07812 ms)
[10/04/2026-22:20:05] [I] Average on 1 runs - GPU latency: 6.76758 ms - Host latency: 6.82812 ms (enqueue 2.0332 ms)
[10/04/2026-22:20:05] [I] Average on 1 runs - GPU latency: 6.76953 ms - Host latency: 6.8291 ms (enqueue 2.02539 ms)
[10/04/2026-22:20:05] [I] Average on 1 runs - GPU latency: 6.76367 ms - Host latency: 6.82715 ms (enqueue 2.07422 ms)
[10/04/2026-22:20:05] [I] Average on 1 runs - GPU latency: 6.7666 ms - Host latency: 6.83203 ms (enqueue 2.09277 ms)
[10/04/2026-22:20:05] [I] Average on 1 runs - GPU latency: 6.76562 ms - Host latency: 6.82812 ms (enqueue 2.07422 ms)
[10/04/2026-22:20:05] [I] Average on 1 runs - GPU latency: 6.7627 ms - Host latency: 6.82324 ms (enqueue 2.03809 ms)
[10/04/2026-22:20:05] [I] Average on 1 runs - GPU latency: 6.76465 ms - Host latency: 6.82422 ms (enqueue 2.03125 ms)
[10/04/2026-22:20:05] [I] Average on 1 runs - GPU latency: 6.75586 ms - Host latency: 6.82129 ms (enqueue 2.04785 ms)
[10/04/2026-22:20:05] [I] Average on 1 runs - GPU latency: 6.7666 ms - Host latency: 6.82715 ms (enqueue 2.03906 ms)
[10/04/2026-22:20:05] [I] Average on 1 runs - GPU latency: 6.77051 ms - Host latency: 6.8291 ms (enqueue 2.02148 ms)
[10/04/2026-22:20:05] [I] Average on 1 runs - GPU latency: 6.77148 ms - Host latency: 6.83203 ms (enqueue 2.0293 ms)
[10/04/2026-22:20:05] [I] Average on 1 runs - GPU latency: 6.77441 ms - Host latency: 6.83789 ms (enqueue 2.01953 ms)
[10/04/2026-22:20:05] [I] Average on 1 runs - GPU latency: 6.77441 ms - Host latency: 6.83398 ms (enqueue 2.07715 ms)
[10/04/2026-22:20:05] [I] Average on 1 runs - GPU latency: 6.77051 ms - Host latency: 6.83594 ms (enqueue 2.06934 ms)
[10/04/2026-22:20:05] [I] Average on 1 runs - GPU latency: 6.7832 ms - Host latency: 6.84473 ms (enqueue 2.04004 ms)
[10/04/2026-22:20:05] [I] Average on 1 runs - GPU latency: 6.76855 ms - Host latency: 6.8418 ms (enqueue 2.03711 ms)
[10/04/2026-22:20:05] [I] Average on 1 runs - GPU latency: 6.7666 ms - Host latency: 6.83789 ms (enqueue 2.03223 ms)
[10/04/2026-22:20:05] [I] Average on 1 runs - GPU latency: 6.76855 ms - Host latency: 6.83105 ms (enqueue 2.09277 ms)
[10/04/2026-22:20:05] [I] Average on 1 runs - GPU latency: 6.77344 ms - Host latency: 6.83594 ms (enqueue 2.06641 ms)
[10/04/2026-22:20:05] [I] Average on 1 runs - GPU latency: 6.77148 ms - Host latency: 6.83301 ms (enqueue 2.03418 ms)
[10/04/2026-22:20:05] [I] Average on 1 runs - GPU latency: 6.76562 ms - Host latency: 6.82422 ms (enqueue 2.04395 ms)
[10/04/2026-22:20:05] [I] Average on 1 runs - GPU latency: 6.76562 ms - Host latency: 6.82617 ms (enqueue 2.06641 ms)
[10/04/2026-22:20:05] [I] Average on 1 runs - GPU latency: 6.77246 ms - Host latency: 6.83594 ms (enqueue 2.09473 ms)
[10/04/2026-22:20:05] [I] Average on 1 runs - GPU latency: 6.76074 ms - Host latency: 6.82031 ms (enqueue 2.06934 ms)
[10/04/2026-22:20:05] [I] Average on 1 runs - GPU latency: 6.77539 ms - Host latency: 6.83594 ms (enqueue 2.03809 ms)
[10/04/2026-22:20:05] [I] Average on 1 runs - GPU latency: 6.75781 ms - Host latency: 6.81934 ms (enqueue 2.03613 ms)
[10/04/2026-22:20:05] [I] Average on 1 runs - GPU latency: 6.76953 ms - Host latency: 6.8291 ms (enqueue 2.07031 ms)
[10/04/2026-22:20:05] [I] Average on 1 runs - GPU latency: 6.78613 ms - Host latency: 6.84961 ms (enqueue 2.0791 ms)
[10/04/2026-22:20:05] [I] Average on 1 runs - GPU latency: 6.76953 ms - Host latency: 6.83008 ms (enqueue 2.07031 ms)
[10/04/2026-22:20:05] [I] Average on 1 runs - GPU latency: 6.78613 ms - Host latency: 6.84668 ms (enqueue 2.04688 ms)
[10/04/2026-22:20:05] [I] Average on 1 runs - GPU latency: 6.7793 ms - Host latency: 6.8418 ms (enqueue 2.06055 ms)
[10/04/2026-22:20:05] [I] Average on 1 runs - GPU latency: 6.77148 ms - Host latency: 6.83203 ms (enqueue 2.07422 ms)
[10/04/2026-22:20:05] [I] Average on 1 runs - GPU latency: 6.7627 ms - Host latency: 6.82617 ms (enqueue 2.07617 ms)
[10/04/2026-22:20:05] [I] Average on 1 runs - GPU latency: 6.75977 ms - Host latency: 6.8252 ms (enqueue 2.04688 ms)
[10/04/2026-22:20:05] [I] Average on 1 runs - GPU latency: 6.77148 ms - Host latency: 6.83398 ms (enqueue 2.02148 ms)
[10/04/2026-22:20:05] [I] Average on 1 runs - GPU latency: 6.77441 ms - Host latency: 6.83594 ms (enqueue 2.02441 ms)
[10/04/2026-22:20:05] [I] Average on 1 runs - GPU latency: 6.76562 ms - Host latency: 6.82812 ms (enqueue 2.06641 ms)
[10/04/2026-22:20:05] [I] Average on 1 runs - GPU latency: 6.76758 ms - Host latency: 6.83008 ms (enqueue 2.06152 ms)
[10/04/2026-22:20:05] [I] Average on 1 runs - GPU latency: 6.7666 ms - Host latency: 6.82715 ms (enqueue 2.01953 ms)
[10/04/2026-22:20:05] [I] Average on 1 runs - GPU latency: 6.76758 ms - Host latency: 6.8291 ms (enqueue 2.04199 ms)
[10/04/2026-22:20:05] [I] Average on 1 runs - GPU latency: 6.76855 ms - Host latency: 6.83105 ms (enqueue 2.04492 ms)
[10/04/2026-22:20:05] [I] Average on 1 runs - GPU latency: 6.76562 ms - Host latency: 6.82715 ms (enqueue 2.11426 ms)
[10/04/2026-22:20:05] [I] Average on 1 runs - GPU latency: 6.76562 ms - Host latency: 6.82715 ms (enqueue 2.08301 ms)
[10/04/2026-22:20:05] [I] Average on 1 runs - GPU latency: 6.77539 ms - Host latency: 6.83691 ms (enqueue 2.01953 ms)
[10/04/2026-22:20:05] [I] Average on 1 runs - GPU latency: 6.76855 ms - Host latency: 6.82715 ms (enqueue 2.02344 ms)
[10/04/2026-22:20:05] [I] Average on 1 runs - GPU latency: 6.77539 ms - Host latency: 6.83594 ms (enqueue 2.03809 ms)
[10/04/2026-22:20:05] [I] Average on 1 runs - GPU latency: 6.76172 ms - Host latency: 6.82227 ms (enqueue 2.08203 ms)
[10/04/2026-22:20:05] [I] Average on 1 runs - GPU latency: 6.75879 ms - Host latency: 6.83105 ms (enqueue 2.27051 ms)
[10/04/2026-22:20:05] [I] Average on 1 runs - GPU latency: 6.7666 ms - Host latency: 6.82812 ms (enqueue 2.05664 ms)
[10/04/2026-22:20:05] [I] Average on 1 runs - GPU latency: 6.76367 ms - Host latency: 6.82422 ms (enqueue 2.01465 ms)
[10/04/2026-22:20:05] [I] Average on 1 runs - GPU latency: 6.7666 ms - Host latency: 6.8291 ms (enqueue 2 ms)
[10/04/2026-22:20:05] [I] Average on 1 runs - GPU latency: 6.7666 ms - Host latency: 6.82715 ms (enqueue 2.03809 ms)
[10/04/2026-22:20:05] [I] Average on 1 runs - GPU latency: 6.76172 ms - Host latency: 6.82324 ms (enqueue 2.01074 ms)
[10/04/2026-22:20:05] [I] Average on 1 runs - GPU latency: 6.76855 ms - Host latency: 6.83594 ms (enqueue 1.97949 ms)
[10/04/2026-22:20:05] [I] Average on 1 runs - GPU latency: 6.77832 ms - Host latency: 6.84277 ms (enqueue 1.98535 ms)
[10/04/2026-22:20:05] [I] Average on 1 runs - GPU latency: 6.77148 ms - Host latency: 6.83691 ms (enqueue 2.00684 ms)
[10/04/2026-22:20:05] [I] Average on 1 runs - GPU latency: 6.76855 ms - Host latency: 6.84277 ms (enqueue 2.04297 ms)
[10/04/2026-22:20:05] [I] Average on 1 runs - GPU latency: 6.7793 ms - Host latency: 6.8418 ms (enqueue 2.05176 ms)
[10/04/2026-22:20:05] [I] Average on 1 runs - GPU latency: 6.76465 ms - Host latency: 6.8252 ms (enqueue 1.99902 ms)
[10/04/2026-22:20:05] [I] Average on 1 runs - GPU latency: 6.77637 ms - Host latency: 6.83984 ms (enqueue 2.01367 ms)
[10/04/2026-22:20:05] [I] Average on 1 runs - GPU latency: 6.7793 ms - Host latency: 6.84473 ms (enqueue 2.02637 ms)
[10/04/2026-22:20:05] [I] Average on 1 runs - GPU latency: 6.76367 ms - Host latency: 6.83008 ms (enqueue 2.0459 ms)
[10/04/2026-22:20:05] [I] Average on 1 runs - GPU latency: 6.77344 ms - Host latency: 6.83887 ms (enqueue 1.97559 ms)
[10/04/2026-22:20:05] [I] Average on 1 runs - GPU latency: 6.76758 ms - Host latency: 6.83496 ms (enqueue 1.97559 ms)
[10/04/2026-22:20:05] [I] Average on 1 runs - GPU latency: 6.77148 ms - Host latency: 6.83691 ms (enqueue 1.97754 ms)
[10/04/2026-22:20:05] [I] Average on 1 runs - GPU latency: 6.76465 ms - Host latency: 6.8291 ms (enqueue 2.03516 ms)
[10/04/2026-22:20:05] [I] Average on 1 runs - GPU latency: 6.76172 ms - Host latency: 6.8252 ms (enqueue 2.00684 ms)
[10/04/2026-22:20:05] [I] Average on 1 runs - GPU latency: 6.76562 ms - Host latency: 6.83203 ms (enqueue 1.96484 ms)
[10/04/2026-22:20:05] [I] Average on 1 runs - GPU latency: 6.76562 ms - Host latency: 6.8291 ms (enqueue 1.95508 ms)
[10/04/2026-22:20:05] [I] Average on 1 runs - GPU latency: 6.78027 ms - Host latency: 6.84375 ms (enqueue 2.01172 ms)
[10/04/2026-22:20:05] [I] Average on 1 runs - GPU latency: 6.76855 ms - Host latency: 6.83203 ms (enqueue 2.01465 ms)
[10/04/2026-22:20:05] [I] Average on 1 runs - GPU latency: 6.77148 ms - Host latency: 6.83594 ms (enqueue 2.00293 ms)
[10/04/2026-22:20:05] [I] Average on 1 runs - GPU latency: 6.76758 ms - Host latency: 6.83105 ms (enqueue 1.96289 ms)
[10/04/2026-22:20:05] [I] Average on 1 runs - GPU latency: 6.76953 ms - Host latency: 6.83496 ms (enqueue 1.97266 ms)
[10/04/2026-22:20:05] [I] Average on 1 runs - GPU latency: 6.76855 ms - Host latency: 6.83301 ms (enqueue 2.01172 ms)
[10/04/2026-22:20:05] [I] Average on 1 runs - GPU latency: 6.76758 ms - Host latency: 6.83301 ms (enqueue 2.00977 ms)
[10/04/2026-22:20:05] [I] Average on 1 runs - GPU latency: 6.80176 ms - Host latency: 6.86914 ms (enqueue 2.19824 ms)
[10/04/2026-22:20:05] [I] Average on 1 runs - GPU latency: 6.77051 ms - Host latency: 6.83691 ms (enqueue 2.1123 ms)
[10/04/2026-22:20:05] [I] Average on 1 runs - GPU latency: 6.78027 ms - Host latency: 6.84473 ms (enqueue 2.02246 ms)
[10/04/2026-22:20:05] [I] Average on 1 runs - GPU latency: 6.7666 ms - Host latency: 6.83008 ms (enqueue 2.02637 ms)
[10/04/2026-22:20:05] [I] Average on 1 runs - GPU latency: 6.76562 ms - Host latency: 6.8291 ms (enqueue 2.01855 ms)
[10/04/2026-22:20:05] [I] Average on 1 runs - GPU latency: 6.7666 ms - Host latency: 6.83203 ms (enqueue 1.9873 ms)
[10/04/2026-22:20:05] [I] Average on 1 runs - GPU latency: 6.76953 ms - Host latency: 6.83301 ms (enqueue 1.97363 ms)
[10/04/2026-22:20:05] [I] Average on 1 runs - GPU latency: 6.76465 ms - Host latency: 6.8291 ms (enqueue 2.02539 ms)
[10/04/2026-22:20:05] [I] Average on 1 runs - GPU latency: 6.78027 ms - Host latency: 6.84082 ms (enqueue 2.01562 ms)
[10/04/2026-22:20:05] [I] Average on 1 runs - GPU latency: 6.77148 ms - Host latency: 6.83496 ms (enqueue 2.0498 ms)
[10/04/2026-22:20:05] [I] Average on 1 runs - GPU latency: 6.77148 ms - Host latency: 6.83398 ms (enqueue 2.01172 ms)
[10/04/2026-22:20:05] [I] Average on 1 runs - GPU latency: 6.77344 ms - Host latency: 6.83398 ms (enqueue 2.01953 ms)
[10/04/2026-22:20:05] [I] Average on 1 runs - GPU latency: 6.76562 ms - Host latency: 6.82617 ms (enqueue 2.05371 ms)
[10/04/2026-22:20:05] [I] Average on 1 runs - GPU latency: 6.76367 ms - Host latency: 6.82422 ms (enqueue 2.0918 ms)
[10/04/2026-22:20:05] [I] Average on 1 runs - GPU latency: 6.76172 ms - Host latency: 6.82129 ms (enqueue 2.07129 ms)
[10/04/2026-22:20:05] [I] Average on 1 runs - GPU latency: 6.78027 ms - Host latency: 6.84082 ms (enqueue 2.04395 ms)
[10/04/2026-22:20:05] [I] Average on 1 runs - GPU latency: 6.7793 ms - Host latency: 6.84082 ms (enqueue 2.02832 ms)
[10/04/2026-22:20:05] [I] Average on 1 runs - GPU latency: 6.77734 ms - Host latency: 6.83789 ms (enqueue 2.0625 ms)
[10/04/2026-22:20:05] [I] Average on 1 runs - GPU latency: 6.77344 ms - Host latency: 6.83398 ms (enqueue 2.05566 ms)
[10/04/2026-22:20:05] [I] Average on 1 runs - GPU latency: 6.7666 ms - Host latency: 6.82715 ms (enqueue 2.01562 ms)
[10/04/2026-22:20:05] [I] Average on 1 runs - GPU latency: 6.76953 ms - Host latency: 6.8291 ms (enqueue 2.02441 ms)
[10/04/2026-22:20:05] [I] Average on 1 runs - GPU latency: 6.76758 ms - Host latency: 6.83984 ms (enqueue 2.02734 ms)
[10/04/2026-22:20:05] [I] Average on 1 runs - GPU latency: 6.77637 ms - Host latency: 6.83887 ms (enqueue 2.08105 ms)
[10/04/2026-22:20:05] [I] Average on 1 runs - GPU latency: 6.77051 ms - Host latency: 6.83496 ms (enqueue 2.09863 ms)
[10/04/2026-22:20:05] [I] Average on 1 runs - GPU latency: 6.76562 ms - Host latency: 6.82617 ms (enqueue 2.01953 ms)
[10/04/2026-22:20:05] [I] Average on 1 runs - GPU latency: 6.77539 ms - Host latency: 6.83691 ms (enqueue 2.01953 ms)
[10/04/2026-22:20:05] [I] Average on 1 runs - GPU latency: 6.7793 ms - Host latency: 6.83789 ms (enqueue 2.01855 ms)
[10/04/2026-22:20:05] [I] Average on 1 runs - GPU latency: 6.77051 ms - Host latency: 6.83105 ms (enqueue 2.09375 ms)
[10/04/2026-22:20:05] [I] Average on 1 runs - GPU latency: 6.76758 ms - Host latency: 6.82812 ms (enqueue 2.0625 ms)
[10/04/2026-22:20:05] [I] Average on 1 runs - GPU latency: 6.77637 ms - Host latency: 6.83984 ms (enqueue 2.02344 ms)
[10/04/2026-22:20:05] [I] Average on 1 runs - GPU latency: 6.79395 ms - Host latency: 6.85352 ms (enqueue 2.03516 ms)
[10/04/2026-22:20:05] [I] Average on 1 runs - GPU latency: 6.78125 ms - Host latency: 6.84277 ms (enqueue 2.09375 ms)
[10/04/2026-22:20:05] [I] Average on 1 runs - GPU latency: 6.77441 ms - Host latency: 6.83496 ms (enqueue 2.07031 ms)
[10/04/2026-22:20:05] [I] Average on 1 runs - GPU latency: 6.77344 ms - Host latency: 6.83496 ms (enqueue 2.0752 ms)
[10/04/2026-22:20:05] [I] Average on 1 runs - GPU latency: 6.77539 ms - Host latency: 6.83594 ms (enqueue 2.0332 ms)
[10/04/2026-22:20:05] [I] Average on 1 runs - GPU latency: 6.77246 ms - Host latency: 6.83203 ms (enqueue 2.02832 ms)
[10/04/2026-22:20:05] [I] Average on 1 runs - GPU latency: 6.76562 ms - Host latency: 6.82617 ms (enqueue 2.05859 ms)
[10/04/2026-22:20:05] [I] Average on 1 runs - GPU latency: 6.76172 ms - Host latency: 6.82227 ms (enqueue 2.06738 ms)
[10/04/2026-22:20:05] [I] Average on 1 runs - GPU latency: 6.77734 ms - Host latency: 6.83691 ms (enqueue 2.04199 ms)
[10/04/2026-22:20:05] [I] Average on 1 runs - GPU latency: 6.76855 ms - Host latency: 6.83008 ms (enqueue 2.03613 ms)
[10/04/2026-22:20:05] [I] Average on 1 runs - GPU latency: 6.75684 ms - Host latency: 6.81641 ms (enqueue 2.02637 ms)
[10/04/2026-22:20:05] [I] Average on 1 runs - GPU latency: 6.77148 ms - Host latency: 6.83105 ms (enqueue 2.05957 ms)
[10/04/2026-22:20:05] [I] Average on 1 runs - GPU latency: 6.76562 ms - Host latency: 6.8252 ms (enqueue 2.06934 ms)
[10/04/2026-22:20:05] [I] Average on 1 runs - GPU latency: 6.77832 ms - Host latency: 6.83691 ms (enqueue 2.06836 ms)
[10/04/2026-22:20:05] [I] Average on 1 runs - GPU latency: 6.75977 ms - Host latency: 6.82227 ms (enqueue 2.0498 ms)
[10/04/2026-22:20:05] [I] Average on 1 runs - GPU latency: 6.7627 ms - Host latency: 6.83203 ms (enqueue 2.0459 ms)
[10/04/2026-22:20:05] [I] Average on 1 runs - GPU latency: 6.78906 ms - Host latency: 6.84961 ms (enqueue 2.06641 ms)
[10/04/2026-22:20:05] [I] Average on 1 runs - GPU latency: 6.77344 ms - Host latency: 6.83789 ms (enqueue 2.04492 ms)
[10/04/2026-22:20:05] [I] Average on 1 runs - GPU latency: 6.76172 ms - Host latency: 6.83789 ms (enqueue 1.99414 ms)
[10/04/2026-22:20:05] [I] Average on 1 runs - GPU latency: 6.76367 ms - Host latency: 6.83008 ms (enqueue 1.98047 ms)
[10/04/2026-22:20:05] [I] Average on 1 runs - GPU latency: 6.76758 ms - Host latency: 6.83203 ms (enqueue 1.98828 ms)
[10/04/2026-22:20:05] [I] Average on 1 runs - GPU latency: 6.77344 ms - Host latency: 6.83789 ms (enqueue 2.02344 ms)
[10/04/2026-22:20:05] [I] Average on 1 runs - GPU latency: 6.76562 ms - Host latency: 6.83008 ms (enqueue 2.00781 ms)
[10/04/2026-22:20:05] [I] Average on 1 runs - GPU latency: 6.7793 ms - Host latency: 6.84375 ms (enqueue 1.99023 ms)
[10/04/2026-22:20:05] [I] Average on 1 runs - GPU latency: 6.77148 ms - Host latency: 6.83594 ms (enqueue 1.98047 ms)
[10/04/2026-22:20:05] [I] Average on 1 runs - GPU latency: 6.76758 ms - Host latency: 6.83203 ms (enqueue 2.00977 ms)
[10/04/2026-22:20:05] [I] Average on 1 runs - GPU latency: 6.76758 ms - Host latency: 6.83008 ms (enqueue 2.04688 ms)
[10/04/2026-22:20:05] [I] Average on 1 runs - GPU latency: 6.76562 ms - Host latency: 6.83008 ms (enqueue 2.01758 ms)
[10/04/2026-22:20:05] [I] Average on 1 runs - GPU latency: 6.76758 ms - Host latency: 6.83203 ms (enqueue 1.98633 ms)
[10/04/2026-22:20:05] [I] Average on 1 runs - GPU latency: 6.76758 ms - Host latency: 6.83203 ms (enqueue 1.99023 ms)
[10/04/2026-22:20:05] [I] Average on 1 runs - GPU latency: 6.76562 ms - Host latency: 6.83203 ms (enqueue 2.04688 ms)
[10/04/2026-22:20:05] [I] Average on 1 runs - GPU latency: 6.79688 ms - Host latency: 6.87695 ms (enqueue 2.54297 ms)
[10/04/2026-22:20:05] [I] Average on 1 runs - GPU latency: 6.76758 ms - Host latency: 6.84766 ms (enqueue 2.17383 ms)
[10/04/2026-22:20:05] [I] Average on 1 runs - GPU latency: 6.76758 ms - Host latency: 6.83203 ms (enqueue 2 ms)
[10/04/2026-22:20:05] [I] Average on 1 runs - GPU latency: 6.77344 ms - Host latency: 6.83594 ms (enqueue 1.98633 ms)
[10/04/2026-22:20:05] [I] Average on 1 runs - GPU latency: 6.76172 ms - Host latency: 6.82617 ms (enqueue 2.00977 ms)
[10/04/2026-22:20:05] [I] Average on 1 runs - GPU latency: 6.76953 ms - Host latency: 6.83594 ms (enqueue 2.05273 ms)
[10/04/2026-22:20:05] [I] Average on 1 runs - GPU latency: 6.76172 ms - Host latency: 6.82812 ms (enqueue 2.01562 ms)
[10/04/2026-22:20:05] [I] Average on 1 runs - GPU latency: 6.77148 ms - Host latency: 6.83594 ms (enqueue 1.98047 ms)
[10/04/2026-22:20:05] [I] Average on 1 runs - GPU latency: 6.76367 ms - Host latency: 6.82812 ms (enqueue 1.98438 ms)
[10/04/2026-22:20:05] [I] Average on 1 runs - GPU latency: 6.76953 ms - Host latency: 6.83594 ms (enqueue 2.0332 ms)
[10/04/2026-22:20:05] [I] Average on 1 runs - GPU latency: 6.77344 ms - Host latency: 6.83789 ms (enqueue 2.00977 ms)
[10/04/2026-22:20:05] [I] Average on 1 runs - GPU latency: 6.77344 ms - Host latency: 6.83984 ms (enqueue 1.98047 ms)
[10/04/2026-22:20:05] [I] Average on 1 runs - GPU latency: 6.76367 ms - Host latency: 6.82812 ms (enqueue 1.97461 ms)
[10/04/2026-22:20:05] [I] Average on 1 runs - GPU latency: 6.76172 ms - Host latency: 6.82812 ms (enqueue 1.9668 ms)
[10/04/2026-22:20:05] [I] Average on 1 runs - GPU latency: 6.77734 ms - Host latency: 6.8418 ms (enqueue 2.00391 ms)
[10/04/2026-22:20:05] [I] Average on 1 runs - GPU latency: 6.76758 ms - Host latency: 6.83398 ms (enqueue 2.00781 ms)
[10/04/2026-22:20:05] [I] Average on 1 runs - GPU latency: 6.77344 ms - Host latency: 6.83789 ms (enqueue 2.00195 ms)
[10/04/2026-22:20:05] [I] Average on 1 runs - GPU latency: 6.77148 ms - Host latency: 6.83398 ms (enqueue 1.99414 ms)
[10/04/2026-22:20:05] [I] Average on 1 runs - GPU latency: 6.7793 ms - Host latency: 6.84375 ms (enqueue 2.02344 ms)
[10/04/2026-22:20:05] [I] Average on 1 runs - GPU latency: 6.77344 ms - Host latency: 6.83789 ms (enqueue 1.99414 ms)
[10/04/2026-22:20:05] [I] Average on 1 runs - GPU latency: 6.75781 ms - Host latency: 6.82227 ms (enqueue 2.01953 ms)
[10/04/2026-22:20:05] [I] Average on 1 runs - GPU latency: 6.7793 ms - Host latency: 6.84375 ms (enqueue 1.97461 ms)
[10/04/2026-22:20:05] [I] Average on 1 runs - GPU latency: 6.77539 ms - Host latency: 6.83984 ms (enqueue 1.95117 ms)
[10/04/2026-22:20:05] [I] Average on 1 runs - GPU latency: 6.77539 ms - Host latency: 6.8418 ms (enqueue 2.03711 ms)
[10/04/2026-22:20:05] [I] Average on 1 runs - GPU latency: 6.77148 ms - Host latency: 6.83594 ms (enqueue 2.01172 ms)
[10/04/2026-22:20:05] [I] Average on 1 runs - GPU latency: 6.76367 ms - Host latency: 6.82617 ms (enqueue 1.96094 ms)
[10/04/2026-22:20:05] [I] Average on 1 runs - GPU latency: 6.75977 ms - Host latency: 6.82617 ms (enqueue 1.98242 ms)
[10/04/2026-22:20:05] [I] Average on 1 runs - GPU latency: 6.77344 ms - Host latency: 6.83789 ms (enqueue 2.00195 ms)
[10/04/2026-22:20:05] [I] Average on 1 runs - GPU latency: 6.77344 ms - Host latency: 6.83789 ms (enqueue 2.01367 ms)
[10/04/2026-22:20:05] [I] Average on 1 runs - GPU latency: 6.77344 ms - Host latency: 6.83984 ms (enqueue 2.00977 ms)
[10/04/2026-22:20:05] [I] Average on 1 runs - GPU latency: 6.77344 ms - Host latency: 6.83789 ms (enqueue 1.98633 ms)
[10/04/2026-22:20:05] [I] Average on 1 runs - GPU latency: 6.7793 ms - Host latency: 6.8457 ms (enqueue 2.01367 ms)
[10/04/2026-22:20:05] [I] Average on 1 runs - GPU latency: 6.76953 ms - Host latency: 6.83594 ms (enqueue 2.0625 ms)
[10/04/2026-22:20:05] [I] 
[10/04/2026-22:20:05] [I] === Performance summary ===
[10/04/2026-22:20:05] [I] Throughput: 28.527 qps
[10/04/2026-22:20:05] [I] Latency: min = 6.81641 ms, max = 6.93018 ms, mean = 6.83556 ms, median = 6.83496 ms, percentile(90%) = 6.84473 ms, percentile(95%) = 6.84961 ms, percentile(99%) = 6.86914 ms
[10/04/2026-22:20:05] [I] Enqueue Time: min = 1.95117 ms, max = 2.54297 ms, mean = 2.04881 ms, median = 2.04492 ms, percentile(90%) = 2.09326 ms, percentile(95%) = 2.10938 ms, percentile(99%) = 2.16309 ms
[10/04/2026-22:20:05] [I] H2D Latency: min = 0.0556641 ms, max = 0.130859 ms, mean = 0.0602772 ms, median = 0.0605469 ms, percentile(90%) = 0.0625 ms, percentile(95%) = 0.0634766 ms, percentile(99%) = 0.0761719 ms
[10/04/2026-22:20:05] [I] GPU Compute Time: min = 6.75586 ms, max = 6.81104 ms, mean = 6.77134 ms, median = 6.77051 ms, percentile(90%) = 6.78027 ms, percentile(95%) = 6.78369 ms, percentile(99%) = 6.79688 ms
[10/04/2026-22:20:05] [I] D2H Latency: min = 0.00195312 ms, max = 0.00610352 ms, mean = 0.00394372 ms, median = 0.00390625 ms, percentile(90%) = 0.00439453 ms, percentile(95%) = 0.00488281 ms, percentile(99%) = 0.00488281 ms
[10/04/2026-22:20:05] [I] Total Host Walltime: 15.0734 s
[10/04/2026-22:20:05] [I] Total GPU Compute Time: 2.91168 s
[10/04/2026-22:20:05] [I] Explanations of the performance metrics are printed in the verbose logs.
[10/04/2026-22:20:05] [I] 
&&&& PASSED TensorRT.trtexec [TensorRT v100300] # /usr/src/tensorrt/bin/trtexec --loadEngine=/tmp/engines/y26s_640_uint8_opt3.engine --warmUp=3000 --duration=15 --idleTime=33 --avgRuns=1
