&&&& RUNNING TensorRT.trtexec [TensorRT v100300] # /usr/src/tensorrt/bin/trtexec --loadEngine=/tmp/yolo26n_84172_uint8_fp16_opt3.engine --warmUp=3000 --duration=15 --idleTime=0 --avgRuns=1
[10/06/2026-14:11:24] [I] === Model Options ===
[10/06/2026-14:11:24] [I] Format: *
[10/06/2026-14:11:24] [I] Model: 
[10/06/2026-14:11:24] [I] Output:
[10/06/2026-14:11:24] [I] 
[10/06/2026-14:11:24] [I] === System Options ===
[10/06/2026-14:11:24] [I] Device: 0
[10/06/2026-14:11:24] [I] DLACore: 
[10/06/2026-14:11:24] [I] Plugins:
[10/06/2026-14:11:24] [I] setPluginsToSerialize:
[10/06/2026-14:11:24] [I] dynamicPlugins:
[10/06/2026-14:11:24] [I] ignoreParsedPluginLibs: 0
[10/06/2026-14:11:24] [I] 
[10/06/2026-14:11:24] [I] === Inference Options ===
[10/06/2026-14:11:24] [I] Batch: Explicit
[10/06/2026-14:11:24] [I] Input inference shapes: model
[10/06/2026-14:11:24] [I] Iterations: 10
[10/06/2026-14:11:24] [I] Duration: 15s (+ 3000ms warm up)
[10/06/2026-14:11:24] [I] Sleep time: 0ms
[10/06/2026-14:11:24] [I] Idle time: 0ms
[10/06/2026-14:11:24] [I] Inference Streams: 1
[10/06/2026-14:11:24] [I] ExposeDMA: Disabled
[10/06/2026-14:11:24] [I] Data transfers: Enabled
[10/06/2026-14:11:24] [I] Spin-wait: Disabled
[10/06/2026-14:11:24] [I] Multithreading: Disabled
[10/06/2026-14:11:24] [I] CUDA Graph: Disabled
[10/06/2026-14:11:24] [I] Separate profiling: Disabled
[10/06/2026-14:11:24] [I] Time Deserialize: Disabled
[10/06/2026-14:11:24] [I] Time Refit: Disabled
[10/06/2026-14:11:24] [I] NVTX verbosity: 0
[10/06/2026-14:11:24] [I] Persistent Cache Ratio: 0
[10/06/2026-14:11:24] [I] Optimization Profile Index: 0
[10/06/2026-14:11:24] [I] Weight Streaming Budget: 100.000000%
[10/06/2026-14:11:24] [I] Inputs:
[10/06/2026-14:11:24] [I] Debug Tensor Save Destinations:
[10/06/2026-14:11:24] [I] === Reporting Options ===
[10/06/2026-14:11:24] [I] Verbose: Disabled
[10/06/2026-14:11:24] [I] Averages: 1 inferences
[10/06/2026-14:11:24] [I] Percentiles: 90,95,99
[10/06/2026-14:11:24] [I] Dump refittable layers:Disabled
[10/06/2026-14:11:24] [I] Dump output: Disabled
[10/06/2026-14:11:24] [I] Profile: Disabled
[10/06/2026-14:11:24] [I] Export timing to JSON file: 
[10/06/2026-14:11:24] [I] Export output to JSON file: 
[10/06/2026-14:11:24] [I] Export profile to JSON file: 
[10/06/2026-14:11:24] [I] 
[10/06/2026-14:11:24] [I] === Device Information ===
[10/06/2026-14:11:24] [I] Available Devices: 
[10/06/2026-14:11:24] [I]   Device 0: "Orin" UUID: GPU-6e16c2c1-e394-5324-8f2e-63a975968f4e
[10/06/2026-14:11:24] [I] Selected Device: Orin
[10/06/2026-14:11:24] [I] Selected Device ID: 0
[10/06/2026-14:11:24] [I] Selected Device UUID: GPU-6e16c2c1-e394-5324-8f2e-63a975968f4e
[10/06/2026-14:11:24] [I] Compute Capability: 8.7
[10/06/2026-14:11:24] [I] SMs: 8
[10/06/2026-14:11:24] [I] Device Global Memory: 7607 MiB
[10/06/2026-14:11:24] [I] Shared Memory per SM: 164 KiB
[10/06/2026-14:11:24] [I] Memory Bus Width: 128 bits (ECC disabled)
[10/06/2026-14:11:24] [I] Application Compute Clock Rate: 1.02 GHz
[10/06/2026-14:11:24] [I] Application Memory Clock Rate: 0.918 GHz
[10/06/2026-14:11:24] [I] 
[10/06/2026-14:11:24] [I] Note: The application clock rates do not reflect the actual clock rates that the GPU is currently running at.
[10/06/2026-14:11:24] [I] 
[10/06/2026-14:11:24] [I] TensorRT version: 10.3.0
[10/06/2026-14:11:24] [I] Loading standard plugins
[10/06/2026-14:11:25] [I] [TRT] Loaded engine size: 7 MiB
[10/06/2026-14:11:25] [I] Engine deserialized in 0.0701301 sec.
[10/06/2026-14:11:25] [I] [TRT] [MemUsageChange] TensorRT-managed allocation in IExecutionContext creation: CPU +0, GPU +12, now: CPU 0, GPU 16 (MiB)
[10/06/2026-14:11:25] [I] Setting persistentCacheLimit to 0 bytes.
[10/06/2026-14:11:25] [I] Created execution context with device memory size: 12.207 MiB
[10/06/2026-14:11:25] [I] Using random values for input images
[10/06/2026-14:11:25] [I] Input binding for images with dimensions 1x640x640x3 is created.
[10/06/2026-14:11:25] [I] Output binding for output0 with dimensions 1x300x6 is created.
[10/06/2026-14:11:25] [I] Starting inference
[10/06/2026-14:11:43] [I] Warmup completed 628 queries over 3000 ms
[10/06/2026-14:11:43] [I] Timing trace has 3279 queries over 15.0161 s
[10/06/2026-14:11:43] [I] 
[10/06/2026-14:11:43] [I] === Trace details ===
[10/06/2026-14:11:43] [I] Trace averages of 1 runs:
[10/06/2026-14:11:43] [I] Average on 1 runs - GPU latency: 4.57983 ms - Host latency: 4.71997 ms (enqueue 3.31763 ms)
[10/06/2026-14:11:43] [I] Average on 1 runs - GPU latency: 4.57373 ms - Host latency: 4.70972 ms (enqueue 3.2749 ms)
[10/06/2026-14:11:43] [I] Average on 1 runs - GPU latency: 4.55957 ms - Host latency: 4.70093 ms (enqueue 3.35376 ms)
[10/06/2026-14:11:43] [I] Average on 1 runs - GPU latency: 4.58472 ms - Host latency: 4.729 ms (enqueue 3.36963 ms)
[10/06/2026-14:11:43] [I] Average on 1 runs - GPU latency: 4.57666 ms - Host latency: 4.7251 ms (enqueue 3.40503 ms)
[10/06/2026-14:11:43] [I] Average on 1 runs - GPU latency: 4.59155 ms - Host latency: 4.73755 ms (enqueue 3.3645 ms)
[10/06/2026-14:11:43] [I] Average on 1 runs - GPU latency: 4.57617 ms - Host latency: 4.71948 ms (enqueue 3.3269 ms)
[10/06/2026-14:11:43] [I] Average on 1 runs - GPU latency: 4.57422 ms - Host latency: 4.71973 ms (enqueue 3.32129 ms)
[10/06/2026-14:11:43] [I] Average on 1 runs - GPU latency: 4.57593 ms - Host latency: 4.70532 ms (enqueue 3.25537 ms)
[10/06/2026-14:11:43] [I] Average on 1 runs - GPU latency: 4.57666 ms - Host latency: 4.71948 ms (enqueue 3.38208 ms)
[10/06/2026-14:11:43] [I] Average on 1 runs - GPU latency: 4.573 ms - Host latency: 4.73047 ms (enqueue 3.35229 ms)
[10/06/2026-14:11:43] [I] Average on 1 runs - GPU latency: 4.58325 ms - Host latency: 4.71777 ms (enqueue 3.33496 ms)
[10/06/2026-14:11:43] [I] Average on 1 runs - GPU latency: 4.57495 ms - Host latency: 4.71924 ms (enqueue 3.36133 ms)
[10/06/2026-14:11:43] [I] Average on 1 runs - GPU latency: 4.55273 ms - Host latency: 4.7439 ms (enqueue 3.54907 ms)
[10/06/2026-14:11:43] [I] Average on 1 runs - GPU latency: 4.5813 ms - Host latency: 4.7207 ms (enqueue 3.27246 ms)
[10/06/2026-14:11:43] [I] Average on 1 runs - GPU latency: 4.57861 ms - Host latency: 4.71973 ms (enqueue 3.302 ms)
[10/06/2026-14:11:43] [I] Average on 1 runs - GPU latency: 4.5791 ms - Host latency: 4.73535 ms (enqueue 3.40356 ms)
[10/06/2026-14:11:43] [I] Average on 1 runs - GPU latency: 4.5791 ms - Host latency: 4.72607 ms (enqueue 3.35132 ms)
[10/06/2026-14:11:43] [I] Average on 1 runs - GPU latency: 4.57373 ms - Host latency: 4.71362 ms (enqueue 3.44019 ms)
[10/06/2026-14:11:43] [I] Average on 1 runs - GPU latency: 4.58423 ms - Host latency: 4.75635 ms (enqueue 3.46338 ms)
[10/06/2026-14:11:43] [I] Average on 1 runs - GPU latency: 4.58301 ms - Host latency: 4.72559 ms (enqueue 3.15015 ms)
[10/06/2026-14:11:43] [I] Average on 1 runs - GPU latency: 4.57617 ms - Host latency: 4.72534 ms (enqueue 3.09277 ms)
[10/06/2026-14:11:43] [I] Average on 1 runs - GPU latency: 4.57495 ms - Host latency: 4.75415 ms (enqueue 3.29443 ms)
[10/06/2026-14:11:43] [I] Average on 1 runs - GPU latency: 4.56152 ms - Host latency: 4.69434 ms (enqueue 3.15137 ms)
[10/06/2026-14:11:43] [I] Average on 1 runs - GPU latency: 4.55688 ms - Host latency: 4.69653 ms (enqueue 3.3728 ms)
[10/06/2026-14:11:43] [I] Average on 1 runs - GPU latency: 4.58374 ms - Host latency: 4.72217 ms (enqueue 3.46484 ms)
[10/06/2026-14:11:43] [I] Average on 1 runs - GPU latency: 4.5791 ms - Host latency: 4.7229 ms (enqueue 3.16309 ms)
[10/06/2026-14:11:43] [I] Average on 1 runs - GPU latency: 4.5752 ms - Host latency: 4.70703 ms (enqueue 3.15381 ms)
[10/06/2026-14:11:43] [I] Average on 1 runs - GPU latency: 4.57104 ms - Host latency: 4.74023 ms (enqueue 3.3894 ms)
[10/06/2026-14:11:43] [I] Average on 1 runs - GPU latency: 4.57642 ms - Host latency: 4.71606 ms (enqueue 3.0188 ms)
[10/06/2026-14:11:43] [I] Average on 1 runs - GPU latency: 4.5791 ms - Host latency: 4.71558 ms (enqueue 3.32739 ms)
[10/06/2026-14:11:43] [I] Average on 1 runs - GPU latency: 4.57544 ms - Host latency: 4.70337 ms (enqueue 3.15112 ms)
[10/06/2026-14:11:43] [I] Average on 1 runs - GPU latency: 4.57471 ms - Host latency: 4.69897 ms (enqueue 3.18311 ms)
[10/06/2026-14:11:43] [I] Average on 1 runs - GPU latency: 4.5791 ms - Host latency: 4.7251 ms (enqueue 3.20459 ms)
[10/06/2026-14:11:43] [I] Average on 1 runs - GPU latency: 4.56665 ms - Host latency: 4.71118 ms (enqueue 3.18115 ms)
[10/06/2026-14:11:43] [I] Average on 1 runs - GPU latency: 4.57617 ms - Host latency: 4.7168 ms (enqueue 3.00342 ms)
[10/06/2026-14:11:43] [I] Average on 1 runs - GPU latency: 4.57397 ms - Host latency: 4.70337 ms (enqueue 2.7915 ms)
[10/06/2026-14:11:43] [I] Average on 1 runs - GPU latency: 4.5813 ms - Host latency: 4.72241 ms (enqueue 3.14453 ms)
[10/06/2026-14:11:43] [I] Average on 1 runs - GPU latency: 4.58154 ms - Host latency: 4.71558 ms (enqueue 3.18164 ms)
[10/06/2026-14:11:43] [I] Average on 1 runs - GPU latency: 4.57617 ms - Host latency: 4.71875 ms (enqueue 3.22388 ms)
[10/06/2026-14:11:43] [I] Average on 1 runs - GPU latency: 4.57373 ms - Host latency: 4.69336 ms (enqueue 3.17578 ms)
[10/06/2026-14:11:43] [I] Average on 1 runs - GPU latency: 4.57568 ms - Host latency: 4.7168 ms (enqueue 3.13428 ms)
[10/06/2026-14:11:43] [I] Average on 1 runs - GPU latency: 4.57129 ms - Host latency: 4.72046 ms (enqueue 3.30859 ms)
[10/06/2026-14:11:43] [I] Average on 1 runs - GPU latency: 4.58325 ms - Host latency: 4.71143 ms (enqueue 3.0752 ms)
[10/06/2026-14:11:43] [I] Average on 1 runs - GPU latency: 4.57568 ms - Host latency: 4.71582 ms (enqueue 3.34888 ms)
[10/06/2026-14:11:43] [I] Average on 1 runs - GPU latency: 4.56421 ms - Host latency: 4.70947 ms (enqueue 3.28345 ms)
[10/06/2026-14:11:43] [I] Average on 1 runs - GPU latency: 4.56885 ms - Host latency: 4.71411 ms (enqueue 2.99609 ms)
[10/06/2026-14:11:43] [I] Average on 1 runs - GPU latency: 4.57251 ms - Host latency: 4.7063 ms (enqueue 2.67969 ms)
[10/06/2026-14:11:43] [I] Average on 1 runs - GPU latency: 4.58667 ms - Host latency: 4.71436 ms (enqueue 3.1416 ms)
[10/06/2026-14:11:43] [I] Average on 1 runs - GPU latency: 4.57349 ms - Host latency: 4.72363 ms (enqueue 3.03638 ms)
[10/06/2026-14:11:43] [I] Average on 1 runs - GPU latency: 4.57739 ms - Host latency: 4.72021 ms (enqueue 3.04736 ms)
[10/06/2026-14:11:43] [I] Average on 1 runs - GPU latency: 4.57568 ms - Host latency: 4.72046 ms (enqueue 3.1687 ms)
[10/06/2026-14:11:43] [I] Average on 1 runs - GPU latency: 4.57007 ms - Host latency: 4.72534 ms (enqueue 3.18311 ms)
[10/06/2026-14:11:43] [I] Average on 1 runs - GPU latency: 4.58032 ms - Host latency: 4.71289 ms (enqueue 3.14453 ms)
[10/06/2026-14:11:43] [I] Average on 1 runs - GPU latency: 4.57104 ms - Host latency: 4.73853 ms (enqueue 3.18628 ms)
[10/06/2026-14:11:43] [I] Average on 1 runs - GPU latency: 4.57275 ms - Host latency: 4.71606 ms (enqueue 3.13159 ms)
[10/06/2026-14:11:43] [I] Average on 1 runs - GPU latency: 4.54272 ms - Host latency: 4.6875 ms (enqueue 3.28052 ms)
[10/06/2026-14:11:43] [I] Average on 1 runs - GPU latency: 4.58374 ms - Host latency: 4.71753 ms (enqueue 2.80005 ms)
[10/06/2026-14:11:43] [I] Average on 1 runs - GPU latency: 4.58765 ms - Host latency: 4.72729 ms (enqueue 3.18164 ms)
[10/06/2026-14:11:43] [I] Average on 1 runs - GPU latency: 4.58203 ms - Host latency: 4.72339 ms (enqueue 3.17871 ms)
[10/06/2026-14:11:43] [I] Average on 1 runs - GPU latency: 4.57227 ms - Host latency: 4.71362 ms (enqueue 3.19409 ms)
[10/06/2026-14:11:43] [I] Average on 1 runs - GPU latency: 4.57422 ms - Host latency: 4.70532 ms (enqueue 3.15869 ms)
[10/06/2026-14:11:43] [I] Average on 1 runs - GPU latency: 4.58252 ms - Host latency: 4.72241 ms (enqueue 3.13062 ms)
[10/06/2026-14:11:43] [I] Average on 1 runs - GPU latency: 4.5791 ms - Host latency: 4.71948 ms (enqueue 3.18726 ms)
[10/06/2026-14:11:43] [I] Average on 1 runs - GPU latency: 4.57642 ms - Host latency: 4.72168 ms (enqueue 3.0708 ms)
[10/06/2026-14:11:43] [I] Average on 1 runs - GPU latency: 4.57202 ms - Host latency: 4.71387 ms (enqueue 3.16211 ms)
[10/06/2026-14:11:43] [I] Average on 1 runs - GPU latency: 4.56787 ms - Host latency: 4.71436 ms (enqueue 3.2085 ms)
[10/06/2026-14:11:43] [I] Average on 1 runs - GPU latency: 4.54663 ms - Host latency: 4.67065 ms (enqueue 3.16797 ms)
[10/06/2026-14:11:43] [I] Average on 1 runs - GPU latency: 4.56714 ms - Host latency: 4.6897 ms (enqueue 2.76392 ms)
[10/06/2026-14:11:43] [I] Average on 1 runs - GPU latency: 4.56689 ms - Host latency: 4.68896 ms (enqueue 3.14551 ms)
[10/06/2026-14:11:43] [I] Average on 1 runs - GPU latency: 4.57324 ms - Host latency: 4.70654 ms (enqueue 3.0625 ms)
[10/06/2026-14:11:43] [I] Average on 1 runs - GPU latency: 4.57104 ms - Host latency: 4.69775 ms (enqueue 3.07007 ms)
[10/06/2026-14:11:43] [I] Average on 1 runs - GPU latency: 4.5708 ms - Host latency: 4.69312 ms (enqueue 3.15234 ms)
[10/06/2026-14:11:43] [I] Average on 1 runs - GPU latency: 4.57056 ms - Host latency: 4.7395 ms (enqueue 3.12646 ms)
[10/06/2026-14:11:43] [I] Average on 1 runs - GPU latency: 4.56763 ms - Host latency: 4.68823 ms (enqueue 3.1582 ms)
[10/06/2026-14:11:43] [I] Average on 1 runs - GPU latency: 4.56958 ms - Host latency: 4.70654 ms (enqueue 3.16504 ms)
[10/06/2026-14:11:43] [I] Average on 1 runs - GPU latency: 4.57275 ms - Host latency: 4.71265 ms (enqueue 3.13452 ms)
[10/06/2026-14:11:43] [I] Average on 1 runs - GPU latency: 4.57764 ms - Host latency: 4.71558 ms (enqueue 3.27856 ms)
[10/06/2026-14:11:43] [I] Average on 1 runs - GPU latency: 4.54224 ms - Host latency: 4.68506 ms (enqueue 3.15015 ms)
[10/06/2026-14:11:43] [I] Average on 1 runs - GPU latency: 4.57666 ms - Host latency: 4.71338 ms (enqueue 2.67749 ms)
[10/06/2026-14:11:43] [I] Average on 1 runs - GPU latency: 4.5752 ms - Host latency: 4.71631 ms (enqueue 3.2041 ms)
[10/06/2026-14:11:43] [I] Average on 1 runs - GPU latency: 4.57764 ms - Host latency: 4.73633 ms (enqueue 3.146 ms)
[10/06/2026-14:11:43] [I] Average on 1 runs - GPU latency: 4.57178 ms - Host latency: 4.71289 ms (enqueue 3.16382 ms)
[10/06/2026-14:11:43] [I] Average on 1 runs - GPU latency: 4.5686 ms - Host latency: 4.70996 ms (enqueue 3.16675 ms)
[10/06/2026-14:11:43] [I] Average on 1 runs - GPU latency: 4.57422 ms - Host latency: 4.71973 ms (enqueue 3.302 ms)
[10/06/2026-14:11:43] [I] Average on 1 runs - GPU latency: 4.57568 ms - Host latency: 4.7146 ms (enqueue 3.14355 ms)
[10/06/2026-14:11:43] [I] Average on 1 runs - GPU latency: 4.57642 ms - Host latency: 4.70972 ms (enqueue 3.198 ms)
[10/06/2026-14:11:43] [I] Average on 1 runs - GPU latency: 4.58691 ms - Host latency: 4.7373 ms (enqueue 3.15308 ms)
[10/06/2026-14:11:43] [I] Average on 1 runs - GPU latency: 4.5769 ms - Host latency: 4.71582 ms (enqueue 3.13428 ms)
[10/06/2026-14:11:43] [I] Average on 1 runs - GPU latency: 4.55322 ms - Host latency: 4.69946 ms (enqueue 3.18896 ms)
[10/06/2026-14:11:43] [I] Average on 1 runs - GPU latency: 4.57983 ms - Host latency: 4.72437 ms (enqueue 2.62134 ms)
[10/06/2026-14:11:43] [I] Average on 1 runs - GPU latency: 4.57373 ms - Host latency: 4.72192 ms (enqueue 3.12866 ms)
[10/06/2026-14:11:43] [I] Average on 1 runs - GPU latency: 4.5752 ms - Host latency: 4.71484 ms (enqueue 3.16992 ms)
[10/06/2026-14:11:43] [I] Average on 1 runs - GPU latency: 4.57837 ms - Host latency: 4.70605 ms (enqueue 3.15601 ms)
[10/06/2026-14:11:43] [I] Average on 1 runs - GPU latency: 4.57812 ms - Host latency: 4.70361 ms (enqueue 3.17822 ms)
[10/06/2026-14:11:43] [I] Average on 1 runs - GPU latency: 4.57422 ms - Host latency: 4.73804 ms (enqueue 3.15601 ms)
[10/06/2026-14:11:43] [I] Average on 1 runs - GPU latency: 4.57837 ms - Host latency: 4.72119 ms (enqueue 3.19116 ms)
[10/06/2026-14:11:43] [I] Average on 1 runs - GPU latency: 4.57642 ms - Host latency: 4.71997 ms (enqueue 3.14893 ms)
[10/06/2026-14:11:43] [I] Average on 1 runs - GPU latency: 4.57715 ms - Host latency: 4.71997 ms (enqueue 3.31885 ms)
[10/06/2026-14:11:43] [I] Average on 1 runs - GPU latency: 4.57617 ms - Host latency: 4.70605 ms (enqueue 3.14258 ms)
[10/06/2026-14:11:43] [I] Average on 1 runs - GPU latency: 4.54126 ms - Host latency: 4.67627 ms (enqueue 3.12891 ms)
[10/06/2026-14:11:43] [I] Average on 1 runs - GPU latency: 4.57935 ms - Host latency: 4.7207 ms (enqueue 2.51904 ms)
[10/06/2026-14:11:43] [I] Average on 1 runs - GPU latency: 4.57666 ms - Host latency: 4.70581 ms (enqueue 3.1582 ms)
[10/06/2026-14:11:43] [I] Average on 1 runs - GPU latency: 4.59082 ms - Host latency: 4.72046 ms (enqueue 3.12695 ms)
[10/06/2026-14:11:43] [I] Average on 1 runs - GPU latency: 4.5498 ms - Host latency: 4.69971 ms (enqueue 3.07251 ms)
[10/06/2026-14:11:43] [I] Average on 1 runs - GPU latency: 4.58325 ms - Host latency: 4.76855 ms (enqueue 2.7312 ms)
[10/06/2026-14:11:43] [I] Average on 1 runs - GPU latency: 4.5835 ms - Host latency: 4.72021 ms (enqueue 2.90918 ms)
[10/06/2026-14:11:43] [I] Average on 1 runs - GPU latency: 4.57837 ms - Host latency: 4.71875 ms (enqueue 2.70044 ms)
[10/06/2026-14:11:43] [I] Average on 1 runs - GPU latency: 4.57324 ms - Host latency: 4.70728 ms (enqueue 2.6311 ms)
[10/06/2026-14:11:43] [I] Average on 1 runs - GPU latency: 4.58545 ms - Host latency: 4.72559 ms (enqueue 2.5708 ms)
[10/06/2026-14:11:43] [I] Average on 1 runs - GPU latency: 4.59937 ms - Host latency: 4.74463 ms (enqueue 3.13281 ms)
[10/06/2026-14:11:43] [I] Average on 1 runs - GPU latency: 4.55249 ms - Host latency: 4.69873 ms (enqueue 2.87061 ms)
[10/06/2026-14:11:43] [I] Average on 1 runs - GPU latency: 4.57935 ms - Host latency: 4.729 ms (enqueue 2.38501 ms)
[10/06/2026-14:11:43] [I] Average on 1 runs - GPU latency: 4.57764 ms - Host latency: 4.71069 ms (enqueue 2.61841 ms)
[10/06/2026-14:11:43] [I] Average on 1 runs - GPU latency: 4.57764 ms - Host latency: 4.71411 ms (enqueue 2.59692 ms)
[10/06/2026-14:11:43] [I] Average on 1 runs - GPU latency: 4.58032 ms - Host latency: 4.71411 ms (enqueue 2.50049 ms)
[10/06/2026-14:11:43] [I] Average on 1 runs - GPU latency: 4.58325 ms - Host latency: 4.72607 ms (enqueue 2.98608 ms)
[10/06/2026-14:11:43] [I] Average on 1 runs - GPU latency: 4.58423 ms - Host latency: 4.72144 ms (enqueue 2.96143 ms)
[10/06/2026-14:11:43] [I] Average on 1 runs - GPU latency: 4.5708 ms - Host latency: 4.77808 ms (enqueue 2.89526 ms)
[10/06/2026-14:11:43] [I] Average on 1 runs - GPU latency: 4.57446 ms - Host latency: 4.70874 ms (enqueue 3.07251 ms)
[10/06/2026-14:11:43] [I] Average on 1 runs - GPU latency: 4.57935 ms - Host latency: 4.71582 ms (enqueue 2.96851 ms)
[10/06/2026-14:11:43] [I] Average on 1 runs - GPU latency: 4.58154 ms - Host latency: 4.71362 ms (enqueue 2.98267 ms)
[10/06/2026-14:11:43] [I] Average on 1 runs - GPU latency: 4.5376 ms - Host latency: 4.67529 ms (enqueue 2.97388 ms)
[10/06/2026-14:11:43] [I] Average on 1 runs - GPU latency: 4.57764 ms - Host latency: 4.71094 ms (enqueue 2.31348 ms)
[10/06/2026-14:11:43] [I] Average on 1 runs - GPU latency: 4.57422 ms - Host latency: 4.70459 ms (enqueue 3.14746 ms)
[10/06/2026-14:11:43] [I] Average on 1 runs - GPU latency: 4.57129 ms - Host latency: 4.74268 ms (enqueue 3.08496 ms)
[10/06/2026-14:11:43] [I] Average on 1 runs - GPU latency: 4.57861 ms - Host latency: 4.70142 ms (enqueue 3.09277 ms)
[10/06/2026-14:11:43] [I] Average on 1 runs - GPU latency: 4.58472 ms - Host latency: 4.72412 ms (enqueue 3.14917 ms)
[10/06/2026-14:11:43] [I] Average on 1 runs - GPU latency: 4.58105 ms - Host latency: 4.71826 ms (enqueue 3.20972 ms)
[10/06/2026-14:11:43] [I] Average on 1 runs - GPU latency: 4.58423 ms - Host latency: 4.72803 ms (enqueue 3.15503 ms)
[10/06/2026-14:11:43] [I] Average on 1 runs - GPU latency: 4.57617 ms - Host latency: 4.72681 ms (enqueue 3.16064 ms)
[10/06/2026-14:11:43] [I] Average on 1 runs - GPU latency: 4.58618 ms - Host latency: 4.71509 ms (enqueue 3.14355 ms)
[10/06/2026-14:11:43] [I] Average on 1 runs - GPU latency: 4.58667 ms - Host latency: 4.73218 ms (enqueue 3.31323 ms)
[10/06/2026-14:11:43] [I] Average on 1 runs - GPU latency: 4.55981 ms - Host latency: 4.70264 ms (enqueue 3.08691 ms)
[10/06/2026-14:11:43] [I] Average on 1 runs - GPU latency: 4.57397 ms - Host latency: 4.72363 ms (enqueue 2.47412 ms)
[10/06/2026-14:11:43] [I] Average on 1 runs - GPU latency: 4.57935 ms - Host latency: 4.7251 ms (enqueue 3.1792 ms)
[10/06/2026-14:11:43] [I] Average on 1 runs - GPU latency: 4.57251 ms - Host latency: 4.76123 ms (enqueue 3.13208 ms)
[10/06/2026-14:11:43] [I] Average on 1 runs - GPU latency: 4.56982 ms - Host latency: 4.71411 ms (enqueue 3.19214 ms)
[10/06/2026-14:11:43] [I] Average on 1 runs - GPU latency: 4.57837 ms - Host latency: 4.72144 ms (enqueue 3.12573 ms)
[10/06/2026-14:11:43] [I] Average on 1 runs - GPU latency: 4.58521 ms - Host latency: 4.72852 ms (enqueue 3.302 ms)
[10/06/2026-14:11:43] [I] Average on 1 runs - GPU latency: 4.57129 ms - Host latency: 4.71362 ms (enqueue 3.09961 ms)
[10/06/2026-14:11:43] [I] Average on 1 runs - GPU latency: 4.58667 ms - Host latency: 4.72461 ms (enqueue 3.1814 ms)
[10/06/2026-14:11:43] [I] Average on 1 runs - GPU latency: 4.57788 ms - Host latency: 4.72241 ms (enqueue 3.20508 ms)
[10/06/2026-14:11:43] [I] Average on 1 runs - GPU latency: 4.57715 ms - Host latency: 4.7251 ms (enqueue 3.12891 ms)
[10/06/2026-14:11:43] [I] Average on 1 runs - GPU latency: 4.55273 ms - Host latency: 4.68311 ms (enqueue 3.1748 ms)
[10/06/2026-14:11:43] [I] Average on 1 runs - GPU latency: 4.57764 ms - Host latency: 4.72388 ms (enqueue 2.1792 ms)
[10/06/2026-14:11:43] [I] Average on 1 runs - GPU latency: 4.57471 ms - Host latency: 4.71582 ms (enqueue 3.27881 ms)
[10/06/2026-14:11:43] [I] Average on 1 runs - GPU latency: 4.57349 ms - Host latency: 4.71069 ms (enqueue 3.08862 ms)
[10/06/2026-14:11:43] [I] Average on 1 runs - GPU latency: 4.5769 ms - Host latency: 4.72144 ms (enqueue 3.31177 ms)
[10/06/2026-14:11:43] [I] Average on 1 runs - GPU latency: 4.58813 ms - Host latency: 4.73438 ms (enqueue 3.1333 ms)
[10/06/2026-14:11:43] [I] Average on 1 runs - GPU latency: 4.58936 ms - Host latency: 4.73242 ms (enqueue 3.17163 ms)
[10/06/2026-14:11:43] [I] Average on 1 runs - GPU latency: 4.58862 ms - Host latency: 4.73169 ms (enqueue 3.18115 ms)
[10/06/2026-14:11:43] [I] Average on 1 runs - GPU latency: 4.57983 ms - Host latency: 4.71753 ms (enqueue 3.1665 ms)
[10/06/2026-14:11:43] [I] Average on 1 runs - GPU latency: 4.57739 ms - Host latency: 4.71338 ms (enqueue 3.27417 ms)
[10/06/2026-14:11:43] [I] Average on 1 runs - GPU latency: 4.58423 ms - Host latency: 4.71191 ms (enqueue 3.08838 ms)
[10/06/2026-14:11:43] [I] Average on 1 runs - GPU latency: 4.55347 ms - Host latency: 4.68164 ms (enqueue 3.15723 ms)
[10/06/2026-14:11:43] [I] Average on 1 runs - GPU latency: 4.56982 ms - Host latency: 4.69312 ms (enqueue 2.16187 ms)
[10/06/2026-14:11:43] [I] Average on 1 runs - GPU latency: 4.58398 ms - Host latency: 4.71118 ms (enqueue 3.12402 ms)
[10/06/2026-14:11:43] [I] Average on 1 runs - GPU latency: 4.57593 ms - Host latency: 4.71704 ms (enqueue 3.17188 ms)
[10/06/2026-14:11:43] [I] Average on 1 runs - GPU latency: 4.58081 ms - Host latency: 4.72168 ms (enqueue 3.12915 ms)
[10/06/2026-14:11:43] [I] Average on 1 runs - GPU latency: 4.57861 ms - Host latency: 4.71851 ms (enqueue 3.28955 ms)
[10/06/2026-14:11:43] [I] Average on 1 runs - GPU latency: 4.58276 ms - Host latency: 4.72119 ms (enqueue 3.11548 ms)
[10/06/2026-14:11:43] [I] Average on 1 runs - GPU latency: 4.5813 ms - Host latency: 4.72217 ms (enqueue 3.13477 ms)
[10/06/2026-14:11:43] [I] Average on 1 runs - GPU latency: 4.5813 ms - Host latency: 4.73999 ms (enqueue 3.17651 ms)
[10/06/2026-14:11:43] [I] Average on 1 runs - GPU latency: 4.57227 ms - Host latency: 4.71045 ms (enqueue 3.12476 ms)
[10/06/2026-14:11:43] [I] Average on 1 runs - GPU latency: 4.57764 ms - Host latency: 4.70508 ms (enqueue 3.11694 ms)
[10/06/2026-14:11:43] [I] Average on 1 runs - GPU latency: 4.55005 ms - Host latency: 4.68506 ms (enqueue 3.16138 ms)
[10/06/2026-14:11:43] [I] Average on 1 runs - GPU latency: 4.58179 ms - Host latency: 4.70605 ms (enqueue 2.07568 ms)
[10/06/2026-14:11:43] [I] Average on 1 runs - GPU latency: 4.57275 ms - Host latency: 4.69849 ms (enqueue 3.12305 ms)
[10/06/2026-14:11:43] [I] Average on 1 runs - GPU latency: 4.58154 ms - Host latency: 4.71606 ms (enqueue 3.1543 ms)
[10/06/2026-14:11:43] [I] Average on 1 runs - GPU latency: 4.58569 ms - Host latency: 4.72437 ms (enqueue 3.14526 ms)
[10/06/2026-14:11:43] [I] Average on 1 runs - GPU latency: 4.5813 ms - Host latency: 4.72339 ms (enqueue 3.10938 ms)
[10/06/2026-14:11:43] [I] Average on 1 runs - GPU latency: 4.57568 ms - Host latency: 4.71338 ms (enqueue 3.17261 ms)
[10/06/2026-14:11:43] [I] Average on 1 runs - GPU latency: 4.58423 ms - Host latency: 4.72046 ms (enqueue 3.10522 ms)
[10/06/2026-14:11:43] [I] Average on 1 runs - GPU latency: 4.58569 ms - Host latency: 4.73022 ms (enqueue 3.28931 ms)
[10/06/2026-14:11:43] [I] Average on 1 runs - GPU latency: 4.57349 ms - Host latency: 4.71094 ms (enqueue 3.14941 ms)
[10/06/2026-14:11:43] [I] Average on 1 runs - GPU latency: 4.5769 ms - Host latency: 4.70386 ms (enqueue 3.14917 ms)
[10/06/2026-14:11:43] [I] Average on 1 runs - GPU latency: 4.56323 ms - Host latency: 4.71582 ms (enqueue 3.16187 ms)
[10/06/2026-14:11:43] [I] Average on 1 runs - GPU latency: 4.57861 ms - Host latency: 4.70752 ms (enqueue 2.55884 ms)
[10/06/2026-14:11:43] [I] Average on 1 runs - GPU latency: 4.58765 ms - Host latency: 4.73584 ms (enqueue 3.20288 ms)
[10/06/2026-14:11:43] [I] Average on 1 runs - GPU latency: 4.58423 ms - Host latency: 4.73022 ms (enqueue 3.12695 ms)
[10/06/2026-14:11:43] [I] Average on 1 runs - GPU latency: 4.57886 ms - Host latency: 4.72949 ms (enqueue 3.24609 ms)
[10/06/2026-14:11:43] [I] Average on 1 runs - GPU latency: 4.57422 ms - Host latency: 4.70679 ms (enqueue 3.16431 ms)
[10/06/2026-14:11:43] [I] Average on 1 runs - GPU latency: 4.57739 ms - Host latency: 4.70068 ms (enqueue 3.14404 ms)
[10/06/2026-14:11:43] [I] Average on 1 runs - GPU latency: 4.57397 ms - Host latency: 4.70605 ms (enqueue 3.1748 ms)
[10/06/2026-14:11:43] [I] Average on 1 runs - GPU latency: 4.57104 ms - Host latency: 4.70874 ms (enqueue 3.1416 ms)
[10/06/2026-14:11:43] [I] Average on 1 runs - GPU latency: 4.57861 ms - Host latency: 4.75122 ms (enqueue 3.15161 ms)
[10/06/2026-14:11:43] [I] Average on 1 runs - GPU latency: 4.57397 ms - Host latency: 4.74561 ms (enqueue 3.09009 ms)
[10/06/2026-14:11:43] [I] Average on 1 runs - GPU latency: 4.552 ms - Host latency: 4.69214 ms (enqueue 3.30981 ms)
[10/06/2026-14:11:43] [I] Average on 1 runs - GPU latency: 4.58008 ms - Host latency: 4.70386 ms (enqueue 2.08862 ms)
[10/06/2026-14:11:43] [I] Average on 1 runs - GPU latency: 4.57495 ms - Host latency: 4.70361 ms (enqueue 3.14893 ms)
[10/06/2026-14:11:43] [I] Average on 1 runs - GPU latency: 4.58618 ms - Host latency: 4.71509 ms (enqueue 3.1377 ms)
[10/06/2026-14:11:43] [I] Average on 1 runs - GPU latency: 4.5791 ms - Host latency: 4.71338 ms (enqueue 3.19702 ms)
[10/06/2026-14:11:43] [I] Average on 1 runs - GPU latency: 4.57568 ms - Host latency: 4.70532 ms (enqueue 3.14282 ms)
[10/06/2026-14:11:43] [I] Average on 1 runs - GPU latency: 4.57935 ms - Host latency: 4.75024 ms (enqueue 3.29199 ms)
[10/06/2026-14:11:43] [I] Average on 1 runs - GPU latency: 4.58154 ms - Host latency: 4.70972 ms (enqueue 3.0957 ms)
[10/06/2026-14:11:43] [I] Average on 1 runs - GPU latency: 4.58301 ms - Host latency: 4.7085 ms (enqueue 3.323 ms)
[10/06/2026-14:11:43] [I] Average on 1 runs - GPU latency: 4.5791 ms - Host latency: 4.7019 ms (enqueue 3.14771 ms)
[10/06/2026-14:11:43] [I] Average on 1 runs - GPU latency: 4.57129 ms - Host latency: 4.7002 ms (enqueue 3.17627 ms)
[10/06/2026-14:11:43] [I] Average on 1 runs - GPU latency: 4.57129 ms - Host latency: 4.69849 ms (enqueue 3.14062 ms)
[10/06/2026-14:11:43] [I] ... Omitting 2879 lines
[10/06/2026-14:11:43] [I] Average on 1 runs - GPU latency: 4.57031 ms - Host latency: 4.71484 ms (enqueue 3.14453 ms)
[10/06/2026-14:11:43] [I] Average on 1 runs - GPU latency: 4.57617 ms - Host latency: 4.74805 ms (enqueue 3.08398 ms)
[10/06/2026-14:11:43] [I] Average on 1 runs - GPU latency: 4.58984 ms - Host latency: 4.74805 ms (enqueue 3.34766 ms)
[10/06/2026-14:11:43] [I] Average on 1 runs - GPU latency: 4.57617 ms - Host latency: 4.71094 ms (enqueue 3.12891 ms)
[10/06/2026-14:11:43] [I] Average on 1 runs - GPU latency: 4.58203 ms - Host latency: 4.7168 ms (enqueue 3.14844 ms)
[10/06/2026-14:11:43] [I] Average on 1 runs - GPU latency: 4.58203 ms - Host latency: 4.72461 ms (enqueue 3.17383 ms)
[10/06/2026-14:11:43] [I] Average on 1 runs - GPU latency: 4.57617 ms - Host latency: 4.70312 ms (enqueue 3.13086 ms)
[10/06/2026-14:11:43] [I] Average on 1 runs - GPU latency: 4.57812 ms - Host latency: 4.71875 ms (enqueue 3.15625 ms)
[10/06/2026-14:11:43] [I] Average on 1 runs - GPU latency: 4.55078 ms - Host latency: 4.73438 ms (enqueue 3.29297 ms)
[10/06/2026-14:11:43] [I] Average on 1 runs - GPU latency: 4.55469 ms - Host latency: 4.71484 ms (enqueue 3.21875 ms)
[10/06/2026-14:11:43] [I] Average on 1 runs - GPU latency: 4.58594 ms - Host latency: 4.73828 ms (enqueue 3.32227 ms)
[10/06/2026-14:11:43] [I] Average on 1 runs - GPU latency: 4.58789 ms - Host latency: 4.73047 ms (enqueue 3.33984 ms)
[10/06/2026-14:11:43] [I] Average on 1 runs - GPU latency: 4.58203 ms - Host latency: 4.73047 ms (enqueue 3.31055 ms)
[10/06/2026-14:11:43] [I] Average on 1 runs - GPU latency: 4.57812 ms - Host latency: 4.72266 ms (enqueue 3.26953 ms)
[10/06/2026-14:11:43] [I] Average on 1 runs - GPU latency: 4.58398 ms - Host latency: 4.73633 ms (enqueue 3.35156 ms)
[10/06/2026-14:11:43] [I] Average on 1 runs - GPU latency: 4.58203 ms - Host latency: 4.72656 ms (enqueue 3.27148 ms)
[10/06/2026-14:11:43] [I] Average on 1 runs - GPU latency: 4.58008 ms - Host latency: 4.71875 ms (enqueue 3.13477 ms)
[10/06/2026-14:11:43] [I] Average on 1 runs - GPU latency: 4.56836 ms - Host latency: 4.7207 ms (enqueue 3.29297 ms)
[10/06/2026-14:11:43] [I] Average on 1 runs - GPU latency: 4.57227 ms - Host latency: 4.70312 ms (enqueue 3.19727 ms)
[10/06/2026-14:11:43] [I] Average on 1 runs - GPU latency: 4.54883 ms - Host latency: 4.68164 ms (enqueue 3.30078 ms)
[10/06/2026-14:11:43] [I] Average on 1 runs - GPU latency: 4.57422 ms - Host latency: 4.70703 ms (enqueue 3.30273 ms)
[10/06/2026-14:11:43] [I] Average on 1 runs - GPU latency: 4.58203 ms - Host latency: 4.72266 ms (enqueue 3.29492 ms)
[10/06/2026-14:11:43] [I] Average on 1 runs - GPU latency: 4.57812 ms - Host latency: 4.72656 ms (enqueue 3.25977 ms)
[10/06/2026-14:11:43] [I] Average on 1 runs - GPU latency: 4.57617 ms - Host latency: 4.70703 ms (enqueue 3.41602 ms)
[10/06/2026-14:11:43] [I] Average on 1 runs - GPU latency: 4.57422 ms - Host latency: 4.71289 ms (enqueue 3.1875 ms)
[10/06/2026-14:11:43] [I] Average on 1 runs - GPU latency: 4.57617 ms - Host latency: 4.71094 ms (enqueue 3.37891 ms)
[10/06/2026-14:11:43] [I] Average on 1 runs - GPU latency: 4.57812 ms - Host latency: 4.70898 ms (enqueue 3.36523 ms)
[10/06/2026-14:11:43] [I] Average on 1 runs - GPU latency: 4.57422 ms - Host latency: 4.70898 ms (enqueue 3.24219 ms)
[10/06/2026-14:11:43] [I] Average on 1 runs - GPU latency: 4.58594 ms - Host latency: 4.74219 ms (enqueue 3.32031 ms)
[10/06/2026-14:11:43] [I] Average on 1 runs - GPU latency: 4.58008 ms - Host latency: 4.72461 ms (enqueue 3.29297 ms)
[10/06/2026-14:11:43] [I] Average on 1 runs - GPU latency: 4.54297 ms - Host latency: 4.68359 ms (enqueue 3.29883 ms)
[10/06/2026-14:11:43] [I] Average on 1 runs - GPU latency: 4.56055 ms - Host latency: 4.70117 ms (enqueue 3.36523 ms)
[10/06/2026-14:11:43] [I] Average on 1 runs - GPU latency: 4.58398 ms - Host latency: 4.72461 ms (enqueue 3.38867 ms)
[10/06/2026-14:11:43] [I] Average on 1 runs - GPU latency: 4.59375 ms - Host latency: 4.75 ms (enqueue 3.35547 ms)
[10/06/2026-14:11:43] [I] Average on 1 runs - GPU latency: 4.57812 ms - Host latency: 4.72461 ms (enqueue 3.22852 ms)
[10/06/2026-14:11:43] [I] Average on 1 runs - GPU latency: 4.57227 ms - Host latency: 4.71875 ms (enqueue 3.36719 ms)
[10/06/2026-14:11:43] [I] Average on 1 runs - GPU latency: 4.57422 ms - Host latency: 4.72852 ms (enqueue 3.29688 ms)
[10/06/2026-14:11:43] [I] Average on 1 runs - GPU latency: 4.58008 ms - Host latency: 4.73633 ms (enqueue 3.34961 ms)
[10/06/2026-14:11:43] [I] Average on 1 runs - GPU latency: 4.58203 ms - Host latency: 4.7168 ms (enqueue 3.31836 ms)
[10/06/2026-14:11:43] [I] Average on 1 runs - GPU latency: 4.58008 ms - Host latency: 4.71875 ms (enqueue 3.30859 ms)
[10/06/2026-14:11:43] [I] Average on 1 runs - GPU latency: 4.57227 ms - Host latency: 4.72266 ms (enqueue 3.38281 ms)
[10/06/2026-14:11:43] [I] Average on 1 runs - GPU latency: 4.54688 ms - Host latency: 4.67578 ms (enqueue 3.35938 ms)
[10/06/2026-14:11:43] [I] Average on 1 runs - GPU latency: 4.57812 ms - Host latency: 4.71875 ms (enqueue 3.30664 ms)
[10/06/2026-14:11:43] [I] Average on 1 runs - GPU latency: 4.58984 ms - Host latency: 4.72852 ms (enqueue 3.27539 ms)
[10/06/2026-14:11:43] [I] Average on 1 runs - GPU latency: 4.57812 ms - Host latency: 4.72266 ms (enqueue 3.37695 ms)
[10/06/2026-14:11:43] [I] Average on 1 runs - GPU latency: 4.58203 ms - Host latency: 4.71289 ms (enqueue 3.28906 ms)
[10/06/2026-14:11:43] [I] Average on 1 runs - GPU latency: 4.57812 ms - Host latency: 4.73047 ms (enqueue 3.33984 ms)
[10/06/2026-14:11:43] [I] Average on 1 runs - GPU latency: 4.58594 ms - Host latency: 4.73438 ms (enqueue 3.37305 ms)
[10/06/2026-14:11:43] [I] Average on 1 runs - GPU latency: 4.58594 ms - Host latency: 4.73438 ms (enqueue 3.36719 ms)
[10/06/2026-14:11:43] [I] Average on 1 runs - GPU latency: 4.57812 ms - Host latency: 4.71484 ms (enqueue 3.32031 ms)
[10/06/2026-14:11:43] [I] Average on 1 runs - GPU latency: 4.57227 ms - Host latency: 4.71875 ms (enqueue 3.29883 ms)
[10/06/2026-14:11:43] [I] Average on 1 runs - GPU latency: 4.58594 ms - Host latency: 4.73633 ms (enqueue 3.29297 ms)
[10/06/2026-14:11:43] [I] Average on 1 runs - GPU latency: 4.54297 ms - Host latency: 4.6875 ms (enqueue 3.20898 ms)
[10/06/2026-14:11:43] [I] Average on 1 runs - GPU latency: 4.57812 ms - Host latency: 4.73242 ms (enqueue 3.36523 ms)
[10/06/2026-14:11:43] [I] Average on 1 runs - GPU latency: 4.57227 ms - Host latency: 4.71289 ms (enqueue 3.3125 ms)
[10/06/2026-14:11:43] [I] Average on 1 runs - GPU latency: 4.57812 ms - Host latency: 4.71094 ms (enqueue 3.17969 ms)
[10/06/2026-14:11:43] [I] Average on 1 runs - GPU latency: 4.57812 ms - Host latency: 4.7207 ms (enqueue 3.34766 ms)
[10/06/2026-14:11:43] [I] Average on 1 runs - GPU latency: 4.57422 ms - Host latency: 4.70312 ms (enqueue 3.25977 ms)
[10/06/2026-14:11:43] [I] Average on 1 runs - GPU latency: 4.57422 ms - Host latency: 4.7168 ms (enqueue 3.32227 ms)
[10/06/2026-14:11:43] [I] Average on 1 runs - GPU latency: 4.57617 ms - Host latency: 4.70312 ms (enqueue 3.30469 ms)
[10/06/2026-14:11:43] [I] Average on 1 runs - GPU latency: 4.58789 ms - Host latency: 4.73438 ms (enqueue 3.35742 ms)
[10/06/2026-14:11:43] [I] Average on 1 runs - GPU latency: 4.58594 ms - Host latency: 4.72461 ms (enqueue 3.36523 ms)
[10/06/2026-14:11:43] [I] Average on 1 runs - GPU latency: 4.57617 ms - Host latency: 4.71875 ms (enqueue 3.33594 ms)
[10/06/2026-14:11:43] [I] Average on 1 runs - GPU latency: 4.53906 ms - Host latency: 4.68945 ms (enqueue 3.35938 ms)
[10/06/2026-14:11:43] [I] Average on 1 runs - GPU latency: 4.56445 ms - Host latency: 4.69727 ms (enqueue 3.28516 ms)
[10/06/2026-14:11:43] [I] Average on 1 runs - GPU latency: 4.57617 ms - Host latency: 4.72266 ms (enqueue 3.33984 ms)
[10/06/2026-14:11:43] [I] Average on 1 runs - GPU latency: 4.58984 ms - Host latency: 4.77734 ms (enqueue 3.37305 ms)
[10/06/2026-14:11:43] [I] Average on 1 runs - GPU latency: 4.57812 ms - Host latency: 4.72852 ms (enqueue 3.35938 ms)
[10/06/2026-14:11:43] [I] Average on 1 runs - GPU latency: 4.58984 ms - Host latency: 4.73438 ms (enqueue 3.36914 ms)
[10/06/2026-14:11:43] [I] Average on 1 runs - GPU latency: 4.5957 ms - Host latency: 4.74219 ms (enqueue 3.32812 ms)
[10/06/2026-14:11:43] [I] Average on 1 runs - GPU latency: 4.58008 ms - Host latency: 4.72266 ms (enqueue 3.32031 ms)
[10/06/2026-14:11:43] [I] Average on 1 runs - GPU latency: 4.58203 ms - Host latency: 4.72461 ms (enqueue 3.27148 ms)
[10/06/2026-14:11:43] [I] Average on 1 runs - GPU latency: 4.57617 ms - Host latency: 4.71289 ms (enqueue 3.31641 ms)
[10/06/2026-14:11:43] [I] Average on 1 runs - GPU latency: 4.58008 ms - Host latency: 4.71875 ms (enqueue 3.34375 ms)
[10/06/2026-14:11:43] [I] Average on 1 runs - GPU latency: 4.53906 ms - Host latency: 4.68164 ms (enqueue 3.33008 ms)
[10/06/2026-14:11:43] [I] Average on 1 runs - GPU latency: 4.57617 ms - Host latency: 4.73828 ms (enqueue 3.31836 ms)
[10/06/2026-14:11:43] [I] Average on 1 runs - GPU latency: 4.58008 ms - Host latency: 4.70703 ms (enqueue 3.39844 ms)
[10/06/2026-14:11:43] [I] Average on 1 runs - GPU latency: 4.57812 ms - Host latency: 4.77344 ms (enqueue 3.29883 ms)
[10/06/2026-14:11:43] [I] Average on 1 runs - GPU latency: 4.57812 ms - Host latency: 4.73633 ms (enqueue 3.25781 ms)
[10/06/2026-14:11:43] [I] Average on 1 runs - GPU latency: 4.58008 ms - Host latency: 4.72266 ms (enqueue 3.33984 ms)
[10/06/2026-14:11:43] [I] Average on 1 runs - GPU latency: 4.58594 ms - Host latency: 4.72852 ms (enqueue 3.30859 ms)
[10/06/2026-14:11:43] [I] Average on 1 runs - GPU latency: 4.58008 ms - Host latency: 4.71484 ms (enqueue 3.36719 ms)
[10/06/2026-14:11:43] [I] Average on 1 runs - GPU latency: 4.58594 ms - Host latency: 4.7168 ms (enqueue 3.31445 ms)
[10/06/2026-14:11:43] [I] Average on 1 runs - GPU latency: 4.57227 ms - Host latency: 4.70898 ms (enqueue 3.33594 ms)
[10/06/2026-14:11:43] [I] Average on 1 runs - GPU latency: 4.57227 ms - Host latency: 4.70312 ms (enqueue 3.25586 ms)
[10/06/2026-14:11:43] [I] Average on 1 runs - GPU latency: 4.55859 ms - Host latency: 4.69727 ms (enqueue 3.25586 ms)
[10/06/2026-14:11:43] [I] Average on 1 runs - GPU latency: 4.57422 ms - Host latency: 4.7168 ms (enqueue 3.33008 ms)
[10/06/2026-14:11:43] [I] Average on 1 runs - GPU latency: 4.57227 ms - Host latency: 4.73047 ms (enqueue 3.34375 ms)
[10/06/2026-14:11:43] [I] Average on 1 runs - GPU latency: 4.58008 ms - Host latency: 4.71875 ms (enqueue 3.37695 ms)
[10/06/2026-14:11:43] [I] Average on 1 runs - GPU latency: 4.57617 ms - Host latency: 4.72266 ms (enqueue 3.33203 ms)
[10/06/2026-14:11:43] [I] Average on 1 runs - GPU latency: 4.58789 ms - Host latency: 4.72656 ms (enqueue 3.33203 ms)
[10/06/2026-14:11:43] [I] Average on 1 runs - GPU latency: 4.57617 ms - Host latency: 4.72461 ms (enqueue 3.29102 ms)
[10/06/2026-14:11:43] [I] Average on 1 runs - GPU latency: 4.57617 ms - Host latency: 4.72461 ms (enqueue 3.28711 ms)
[10/06/2026-14:11:43] [I] Average on 1 runs - GPU latency: 4.58398 ms - Host latency: 4.71094 ms (enqueue 3.32812 ms)
[10/06/2026-14:11:43] [I] Average on 1 runs - GPU latency: 4.57617 ms - Host latency: 4.71875 ms (enqueue 3.34766 ms)
[10/06/2026-14:11:43] [I] Average on 1 runs - GPU latency: 4.57422 ms - Host latency: 4.73242 ms (enqueue 3.40234 ms)
[10/06/2026-14:11:43] [I] Average on 1 runs - GPU latency: 4.57227 ms - Host latency: 4.73242 ms (enqueue 3.33008 ms)
[10/06/2026-14:11:43] [I] Average on 1 runs - GPU latency: 4.58594 ms - Host latency: 4.73047 ms (enqueue 3.33594 ms)
[10/06/2026-14:11:43] [I] Average on 1 runs - GPU latency: 4.57617 ms - Host latency: 4.71875 ms (enqueue 3.29492 ms)
[10/06/2026-14:11:43] [I] Average on 1 runs - GPU latency: 4.58008 ms - Host latency: 4.71484 ms (enqueue 3.30664 ms)
[10/06/2026-14:11:43] [I] Average on 1 runs - GPU latency: 4.58203 ms - Host latency: 4.71289 ms (enqueue 3.40039 ms)
[10/06/2026-14:11:43] [I] Average on 1 runs - GPU latency: 4.57617 ms - Host latency: 4.71094 ms (enqueue 3.41602 ms)
[10/06/2026-14:11:43] [I] Average on 1 runs - GPU latency: 4.58008 ms - Host latency: 4.72656 ms (enqueue 3.35742 ms)
[10/06/2026-14:11:43] [I] Average on 1 runs - GPU latency: 4.58594 ms - Host latency: 4.71875 ms (enqueue 3.39453 ms)
[10/06/2026-14:11:43] [I] Average on 1 runs - GPU latency: 4.57617 ms - Host latency: 4.70898 ms (enqueue 3.375 ms)
[10/06/2026-14:11:43] [I] Average on 1 runs - GPU latency: 4.57227 ms - Host latency: 4.71289 ms (enqueue 3.27148 ms)
[10/06/2026-14:11:43] [I] Average on 1 runs - GPU latency: 4.57422 ms - Host latency: 4.71484 ms (enqueue 3.3457 ms)
[10/06/2026-14:11:43] [I] Average on 1 runs - GPU latency: 4.54492 ms - Host latency: 4.68164 ms (enqueue 3.33984 ms)
[10/06/2026-14:11:43] [I] Average on 1 runs - GPU latency: 4.57422 ms - Host latency: 4.70703 ms (enqueue 3.27344 ms)
[10/06/2026-14:11:43] [I] Average on 1 runs - GPU latency: 4.57812 ms - Host latency: 4.71875 ms (enqueue 3.30078 ms)
[10/06/2026-14:11:43] [I] Average on 1 runs - GPU latency: 4.57031 ms - Host latency: 4.70312 ms (enqueue 3.32031 ms)
[10/06/2026-14:11:43] [I] Average on 1 runs - GPU latency: 4.57812 ms - Host latency: 4.71094 ms (enqueue 3.29492 ms)
[10/06/2026-14:11:43] [I] Average on 1 runs - GPU latency: 4.57227 ms - Host latency: 4.70703 ms (enqueue 3.26172 ms)
[10/06/2026-14:11:43] [I] Average on 1 runs - GPU latency: 4.57812 ms - Host latency: 4.71289 ms (enqueue 3.33008 ms)
[10/06/2026-14:11:43] [I] Average on 1 runs - GPU latency: 4.58008 ms - Host latency: 4.72461 ms (enqueue 3.18164 ms)
[10/06/2026-14:11:43] [I] Average on 1 runs - GPU latency: 4.56836 ms - Host latency: 4.71094 ms (enqueue 3.32422 ms)
[10/06/2026-14:11:43] [I] Average on 1 runs - GPU latency: 4.58008 ms - Host latency: 4.73438 ms (enqueue 3.29688 ms)
[10/06/2026-14:11:43] [I] Average on 1 runs - GPU latency: 4.57812 ms - Host latency: 4.7168 ms (enqueue 3.37891 ms)
[10/06/2026-14:11:43] [I] Average on 1 runs - GPU latency: 4.56641 ms - Host latency: 4.70703 ms (enqueue 3.33594 ms)
[10/06/2026-14:11:43] [I] Average on 1 runs - GPU latency: 4.58008 ms - Host latency: 4.73242 ms (enqueue 3.28516 ms)
[10/06/2026-14:11:43] [I] Average on 1 runs - GPU latency: 4.58008 ms - Host latency: 4.72656 ms (enqueue 3.32227 ms)
[10/06/2026-14:11:43] [I] Average on 1 runs - GPU latency: 4.57617 ms - Host latency: 4.71484 ms (enqueue 3.36133 ms)
[10/06/2026-14:11:43] [I] Average on 1 runs - GPU latency: 4.58594 ms - Host latency: 4.73047 ms (enqueue 3.37109 ms)
[10/06/2026-14:11:43] [I] Average on 1 runs - GPU latency: 4.57812 ms - Host latency: 4.71875 ms (enqueue 3.35742 ms)
[10/06/2026-14:11:43] [I] Average on 1 runs - GPU latency: 4.58008 ms - Host latency: 4.72461 ms (enqueue 3.36523 ms)
[10/06/2026-14:11:43] [I] Average on 1 runs - GPU latency: 4.58789 ms - Host latency: 4.72266 ms (enqueue 3.35742 ms)
[10/06/2026-14:11:43] [I] Average on 1 runs - GPU latency: 4.58203 ms - Host latency: 4.72461 ms (enqueue 3.28516 ms)
[10/06/2026-14:11:43] [I] Average on 1 runs - GPU latency: 4.58203 ms - Host latency: 4.7168 ms (enqueue 3.375 ms)
[10/06/2026-14:11:43] [I] Average on 1 runs - GPU latency: 4.57422 ms - Host latency: 4.71289 ms (enqueue 3.35352 ms)
[10/06/2026-14:11:43] [I] Average on 1 runs - GPU latency: 4.57031 ms - Host latency: 4.69922 ms (enqueue 3.36328 ms)
[10/06/2026-14:11:43] [I] Average on 1 runs - GPU latency: 4.57812 ms - Host latency: 4.71094 ms (enqueue 3.30859 ms)
[10/06/2026-14:11:43] [I] Average on 1 runs - GPU latency: 4.56641 ms - Host latency: 4.69922 ms (enqueue 3.32031 ms)
[10/06/2026-14:11:43] [I] Average on 1 runs - GPU latency: 4.57227 ms - Host latency: 4.70508 ms (enqueue 3.33398 ms)
[10/06/2026-14:11:43] [I] Average on 1 runs - GPU latency: 4.58594 ms - Host latency: 4.7207 ms (enqueue 3.26172 ms)
[10/06/2026-14:11:43] [I] Average on 1 runs - GPU latency: 4.58398 ms - Host latency: 4.73438 ms (enqueue 3.35938 ms)
[10/06/2026-14:11:43] [I] Average on 1 runs - GPU latency: 4.57617 ms - Host latency: 4.72461 ms (enqueue 3.35742 ms)
[10/06/2026-14:11:43] [I] Average on 1 runs - GPU latency: 4.57422 ms - Host latency: 4.72266 ms (enqueue 3.36914 ms)
[10/06/2026-14:11:43] [I] Average on 1 runs - GPU latency: 4.57422 ms - Host latency: 4.70312 ms (enqueue 3.39844 ms)
[10/06/2026-14:11:43] [I] Average on 1 runs - GPU latency: 4.57617 ms - Host latency: 4.73242 ms (enqueue 3.39258 ms)
[10/06/2026-14:11:43] [I] Average on 1 runs - GPU latency: 4.56055 ms - Host latency: 4.69727 ms (enqueue 3.2793 ms)
[10/06/2026-14:11:43] [I] Average on 1 runs - GPU latency: 4.55664 ms - Host latency: 4.69141 ms (enqueue 3.27539 ms)
[10/06/2026-14:11:43] [I] Average on 1 runs - GPU latency: 4.57617 ms - Host latency: 4.7168 ms (enqueue 3.30859 ms)
[10/06/2026-14:11:43] [I] Average on 1 runs - GPU latency: 4.58008 ms - Host latency: 4.71289 ms (enqueue 3.32617 ms)
[10/06/2026-14:11:43] [I] Average on 1 runs - GPU latency: 4.57617 ms - Host latency: 4.7168 ms (enqueue 3.32617 ms)
[10/06/2026-14:11:43] [I] Average on 1 runs - GPU latency: 4.58203 ms - Host latency: 4.73828 ms (enqueue 3.33984 ms)
[10/06/2026-14:11:43] [I] Average on 1 runs - GPU latency: 4.57227 ms - Host latency: 4.7207 ms (enqueue 3.35156 ms)
[10/06/2026-14:11:43] [I] Average on 1 runs - GPU latency: 4.57422 ms - Host latency: 4.71094 ms (enqueue 3.30273 ms)
[10/06/2026-14:11:43] [I] Average on 1 runs - GPU latency: 4.57422 ms - Host latency: 4.71875 ms (enqueue 3.2793 ms)
[10/06/2026-14:11:43] [I] Average on 1 runs - GPU latency: 4.57227 ms - Host latency: 4.71289 ms (enqueue 3.40625 ms)
[10/06/2026-14:11:43] [I] Average on 1 runs - GPU latency: 4.56641 ms - Host latency: 4.69336 ms (enqueue 3.40039 ms)
[10/06/2026-14:11:43] [I] Average on 1 runs - GPU latency: 4.56641 ms - Host latency: 4.72266 ms (enqueue 3.39648 ms)
[10/06/2026-14:11:43] [I] Average on 1 runs - GPU latency: 4.5293 ms - Host latency: 4.68164 ms (enqueue 3.36133 ms)
[10/06/2026-14:11:43] [I] Average on 1 runs - GPU latency: 4.57617 ms - Host latency: 4.73828 ms (enqueue 3.31836 ms)
[10/06/2026-14:11:43] [I] Average on 1 runs - GPU latency: 4.58398 ms - Host latency: 4.72461 ms (enqueue 3.30273 ms)
[10/06/2026-14:11:43] [I] Average on 1 runs - GPU latency: 4.58008 ms - Host latency: 4.72266 ms (enqueue 3.28906 ms)
[10/06/2026-14:11:43] [I] Average on 1 runs - GPU latency: 4.57812 ms - Host latency: 4.70898 ms (enqueue 3.33203 ms)
[10/06/2026-14:11:43] [I] Average on 1 runs - GPU latency: 4.58789 ms - Host latency: 4.71484 ms (enqueue 3.18945 ms)
[10/06/2026-14:11:43] [I] Average on 1 runs - GPU latency: 4.56836 ms - Host latency: 4.7168 ms (enqueue 3.36914 ms)
[10/06/2026-14:11:43] [I] Average on 1 runs - GPU latency: 4.58008 ms - Host latency: 4.73242 ms (enqueue 3.32227 ms)
[10/06/2026-14:11:43] [I] Average on 1 runs - GPU latency: 4.57812 ms - Host latency: 4.72461 ms (enqueue 3.35742 ms)
[10/06/2026-14:11:43] [I] Average on 1 runs - GPU latency: 4.57617 ms - Host latency: 4.72656 ms (enqueue 3.27734 ms)
[10/06/2026-14:11:43] [I] Average on 1 runs - GPU latency: 4.56055 ms - Host latency: 4.68945 ms (enqueue 3.27148 ms)
[10/06/2026-14:11:43] [I] Average on 1 runs - GPU latency: 4.56836 ms - Host latency: 4.69531 ms (enqueue 3.29883 ms)
[10/06/2026-14:11:43] [I] Average on 1 runs - GPU latency: 4.57617 ms - Host latency: 4.70898 ms (enqueue 3.30469 ms)
[10/06/2026-14:11:43] [I] Average on 1 runs - GPU latency: 4.58984 ms - Host latency: 4.72266 ms (enqueue 3.32031 ms)
[10/06/2026-14:11:43] [I] Average on 1 runs - GPU latency: 4.58008 ms - Host latency: 4.71875 ms (enqueue 3.33984 ms)
[10/06/2026-14:11:43] [I] Average on 1 runs - GPU latency: 4.57812 ms - Host latency: 4.70898 ms (enqueue 3.38672 ms)
[10/06/2026-14:11:43] [I] Average on 1 runs - GPU latency: 4.58203 ms - Host latency: 4.72656 ms (enqueue 3.28906 ms)
[10/06/2026-14:11:43] [I] Average on 1 runs - GPU latency: 4.57812 ms - Host latency: 4.72656 ms (enqueue 3.28125 ms)
[10/06/2026-14:11:43] [I] Average on 1 runs - GPU latency: 4.58398 ms - Host latency: 4.71094 ms (enqueue 3.33008 ms)
[10/06/2026-14:11:43] [I] Average on 1 runs - GPU latency: 4.57422 ms - Host latency: 4.72461 ms (enqueue 3.35742 ms)
[10/06/2026-14:11:43] [I] Average on 1 runs - GPU latency: 4.58203 ms - Host latency: 4.72266 ms (enqueue 3.36719 ms)
[10/06/2026-14:11:43] [I] Average on 1 runs - GPU latency: 4.56641 ms - Host latency: 4.70898 ms (enqueue 3.3418 ms)
[10/06/2026-14:11:43] [I] Average on 1 runs - GPU latency: 4.5293 ms - Host latency: 4.66992 ms (enqueue 3.32031 ms)
[10/06/2026-14:11:43] [I] Average on 1 runs - GPU latency: 4.58984 ms - Host latency: 4.72656 ms (enqueue 3.25586 ms)
[10/06/2026-14:11:43] [I] Average on 1 runs - GPU latency: 4.58008 ms - Host latency: 4.72461 ms (enqueue 3.27539 ms)
[10/06/2026-14:11:43] [I] Average on 1 runs - GPU latency: 4.58398 ms - Host latency: 4.71875 ms (enqueue 3.30469 ms)
[10/06/2026-14:11:43] [I] Average on 1 runs - GPU latency: 4.58594 ms - Host latency: 4.72461 ms (enqueue 3.38086 ms)
[10/06/2026-14:11:43] [I] Average on 1 runs - GPU latency: 4.57422 ms - Host latency: 4.71289 ms (enqueue 3.33008 ms)
[10/06/2026-14:11:43] [I] Average on 1 runs - GPU latency: 4.57617 ms - Host latency: 4.70703 ms (enqueue 3.31055 ms)
[10/06/2026-14:11:43] [I] Average on 1 runs - GPU latency: 4.58398 ms - Host latency: 4.75 ms (enqueue 3.3125 ms)
[10/06/2026-14:11:43] [I] Average on 1 runs - GPU latency: 4.5957 ms - Host latency: 4.72656 ms (enqueue 3.29883 ms)
[10/06/2026-14:11:43] [I] Average on 1 runs - GPU latency: 4.58789 ms - Host latency: 4.73438 ms (enqueue 3.39258 ms)
[10/06/2026-14:11:43] [I] Average on 1 runs - GPU latency: 4.5918 ms - Host latency: 4.73242 ms (enqueue 3.33203 ms)
[10/06/2026-14:11:43] [I] Average on 1 runs - GPU latency: 4.57812 ms - Host latency: 4.72266 ms (enqueue 3.33398 ms)
[10/06/2026-14:11:43] [I] Average on 1 runs - GPU latency: 4.5918 ms - Host latency: 4.72266 ms (enqueue 3.31445 ms)
[10/06/2026-14:11:43] [I] Average on 1 runs - GPU latency: 4.58789 ms - Host latency: 4.73047 ms (enqueue 3.40234 ms)
[10/06/2026-14:11:43] [I] Average on 1 runs - GPU latency: 4.58984 ms - Host latency: 4.71875 ms (enqueue 3.34375 ms)
[10/06/2026-14:11:43] [I] Average on 1 runs - GPU latency: 4.58789 ms - Host latency: 4.73047 ms (enqueue 3.29102 ms)
[10/06/2026-14:11:43] [I] Average on 1 runs - GPU latency: 4.58203 ms - Host latency: 4.72266 ms (enqueue 3.35547 ms)
[10/06/2026-14:11:43] [I] Average on 1 runs - GPU latency: 4.58594 ms - Host latency: 4.72266 ms (enqueue 3.36914 ms)
[10/06/2026-14:11:43] [I] Average on 1 runs - GPU latency: 4.58398 ms - Host latency: 4.71875 ms (enqueue 3.32812 ms)
[10/06/2026-14:11:43] [I] Average on 1 runs - GPU latency: 4.57617 ms - Host latency: 4.7168 ms (enqueue 3.31836 ms)
[10/06/2026-14:11:43] [I] Average on 1 runs - GPU latency: 4.58398 ms - Host latency: 4.71875 ms (enqueue 3.36719 ms)
[10/06/2026-14:11:43] [I] Average on 1 runs - GPU latency: 4.55469 ms - Host latency: 4.68555 ms (enqueue 3.39648 ms)
[10/06/2026-14:11:43] [I] Average on 1 runs - GPU latency: 4.58203 ms - Host latency: 4.73633 ms (enqueue 3.2793 ms)
[10/06/2026-14:11:43] [I] Average on 1 runs - GPU latency: 4.57617 ms - Host latency: 4.71484 ms (enqueue 3.34766 ms)
[10/06/2026-14:11:43] [I] Average on 1 runs - GPU latency: 4.57227 ms - Host latency: 4.70898 ms (enqueue 3.37109 ms)
[10/06/2026-14:11:43] [I] Average on 1 runs - GPU latency: 4.57422 ms - Host latency: 4.71875 ms (enqueue 3.39258 ms)
[10/06/2026-14:11:43] [I] Average on 1 runs - GPU latency: 4.57031 ms - Host latency: 4.70117 ms (enqueue 3.33594 ms)
[10/06/2026-14:11:43] [I] Average on 1 runs - GPU latency: 4.54297 ms - Host latency: 4.67383 ms (enqueue 3.30664 ms)
[10/06/2026-14:11:43] [I] 
[10/06/2026-14:11:43] [I] === Performance summary ===
[10/06/2026-14:11:43] [I] Throughput: 218.366 qps
[10/06/2026-14:11:43] [I] Latency: min = 4.64844 ms, max = 4.79492 ms, mean = 4.71667 ms, median = 4.7168 ms, percentile(90%) = 4.73438 ms, percentile(95%) = 4.74316 ms, percentile(99%) = 4.76074 ms
[10/06/2026-14:11:43] [I] Enqueue Time: min = 2.0752 ms, max = 4.52051 ms, mean = 3.22016 ms, median = 3.28223 ms, percentile(90%) = 3.36523 ms, percentile(95%) = 3.38574 ms, percentile(99%) = 3.43359 ms
[10/06/2026-14:11:43] [I] H2D Latency: min = 0.104492 ms, max = 0.20752 ms, mean = 0.135167 ms, median = 0.133789 ms, percentile(90%) = 0.148926 ms, percentile(95%) = 0.15918 ms, percentile(99%) = 0.175781 ms
[10/06/2026-14:11:43] [I] GPU Compute Time: min = 4.52148 ms, max = 4.60059 ms, mean = 4.57521 ms, median = 4.57715 ms, percentile(90%) = 4.58496 ms, percentile(95%) = 4.58691 ms, percentile(99%) = 4.5918 ms
[10/06/2026-14:11:43] [I] D2H Latency: min = 0.00390625 ms, max = 0.0117188 ms, mean = 0.00628318 ms, median = 0.00585938 ms, percentile(90%) = 0.0078125 ms, percentile(95%) = 0.00878906 ms, percentile(99%) = 0.00976562 ms
[10/06/2026-14:11:43] [I] Total Host Walltime: 15.0161 s
[10/06/2026-14:11:43] [I] Total GPU Compute Time: 15.0021 s
[10/06/2026-14:11:43] [I] Explanations of the performance metrics are printed in the verbose logs.
[10/06/2026-14:11:43] [I] 
&&&& PASSED TensorRT.trtexec [TensorRT v100300] # /usr/src/tensorrt/bin/trtexec --loadEngine=/tmp/yolo26n_84172_uint8_fp16_opt3.engine --warmUp=3000 --duration=15 --idleTime=0 --avgRuns=1
