&&&& RUNNING TensorRT.trtexec [TensorRT v100300] # /usr/src/tensorrt/bin/trtexec --loadEngine=/tmp/engines/y26s_640_uint8_opt3.engine --warmUp=3000 --duration=15 --idleTime=4 --avgRuns=1
[10/04/2026-22:07:35] [I] === Model Options ===
[10/04/2026-22:07:35] [I] Format: *
[10/04/2026-22:07:35] [I] Model: 
[10/04/2026-22:07:35] [I] Output:
[10/04/2026-22:07:35] [I] 
[10/04/2026-22:07:35] [I] === System Options ===
[10/04/2026-22:07:35] [I] Device: 0
[10/04/2026-22:07:35] [I] DLACore: 
[10/04/2026-22:07:35] [I] Plugins:
[10/04/2026-22:07:35] [I] setPluginsToSerialize:
[10/04/2026-22:07:35] [I] dynamicPlugins:
[10/04/2026-22:07:35] [I] ignoreParsedPluginLibs: 0
[10/04/2026-22:07:35] [I] 
[10/04/2026-22:07:35] [I] === Inference Options ===
[10/04/2026-22:07:35] [I] Batch: Explicit
[10/04/2026-22:07:35] [I] Input inference shapes: model
[10/04/2026-22:07:35] [I] Iterations: 10
[10/04/2026-22:07:35] [I] Duration: 15s (+ 3000ms warm up)
[10/04/2026-22:07:35] [I] Sleep time: 0ms
[10/04/2026-22:07:35] [I] Idle time: 4ms
[10/04/2026-22:07:35] [I] Inference Streams: 1
[10/04/2026-22:07:35] [I] ExposeDMA: Disabled
[10/04/2026-22:07:35] [I] Data transfers: Enabled
[10/04/2026-22:07:35] [I] Spin-wait: Disabled
[10/04/2026-22:07:35] [I] Multithreading: Disabled
[10/04/2026-22:07:35] [I] CUDA Graph: Disabled
[10/04/2026-22:07:35] [I] Separate profiling: Disabled
[10/04/2026-22:07:35] [I] Time Deserialize: Disabled
[10/04/2026-22:07:35] [I] Time Refit: Disabled
[10/04/2026-22:07:35] [I] NVTX verbosity: 0
[10/04/2026-22:07:35] [I] Persistent Cache Ratio: 0
[10/04/2026-22:07:35] [I] Optimization Profile Index: 0
[10/04/2026-22:07:35] [I] Weight Streaming Budget: 100.000000%
[10/04/2026-22:07:35] [I] Inputs:
[10/04/2026-22:07:35] [I] Debug Tensor Save Destinations:
[10/04/2026-22:07:35] [I] === Reporting Options ===
[10/04/2026-22:07:35] [I] Verbose: Disabled
[10/04/2026-22:07:35] [I] Averages: 1 inferences
[10/04/2026-22:07:35] [I] Percentiles: 90,95,99
[10/04/2026-22:07:35] [I] Dump refittable layers:Disabled
[10/04/2026-22:07:35] [I] Dump output: Disabled
[10/04/2026-22:07:35] [I] Profile: Disabled
[10/04/2026-22:07:35] [I] Export timing to JSON file: 
[10/04/2026-22:07:35] [I] Export output to JSON file: 
[10/04/2026-22:07:35] [I] Export profile to JSON file: 
[10/04/2026-22:07:35] [I] 
[10/04/2026-22:07:35] [I] === Device Information ===
[10/04/2026-22:07:35] [I] Available Devices: 
[10/04/2026-22:07:35] [I]   Device 0: "Orin" UUID: GPU-6e16c2c1-e394-5324-8f2e-63a975968f4e
[10/04/2026-22:07:35] [I] Selected Device: Orin
[10/04/2026-22:07:35] [I] Selected Device ID: 0
[10/04/2026-22:07:35] [I] Selected Device UUID: GPU-6e16c2c1-e394-5324-8f2e-63a975968f4e
[10/04/2026-22:07:35] [I] Compute Capability: 8.7
[10/04/2026-22:07:35] [I] SMs: 8
[10/04/2026-22:07:35] [I] Device Global Memory: 7607 MiB
[10/04/2026-22:07:35] [I] Shared Memory per SM: 164 KiB
[10/04/2026-22:07:35] [I] Memory Bus Width: 128 bits (ECC disabled)
[10/04/2026-22:07:35] [I] Application Compute Clock Rate: 1.02 GHz
[10/04/2026-22:07:35] [I] Application Memory Clock Rate: 1.02 GHz
[10/04/2026-22:07:35] [I] 
[10/04/2026-22:07:35] [I] Note: The application clock rates do not reflect the actual clock rates that the GPU is currently running at.
[10/04/2026-22:07:35] [I] 
[10/04/2026-22:07:35] [I] TensorRT version: 10.3.0
[10/04/2026-22:07:35] [I] Loading standard plugins
[10/04/2026-22:07:35] [I] [TRT] Loaded engine size: 21 MiB
[10/04/2026-22:07:35] [I] Engine deserialized in 0.0898082 sec.
[10/04/2026-22:07:35] [I] [TRT] [MemUsageChange] TensorRT-managed allocation in IExecutionContext creation: CPU +0, GPU +18, now: CPU 0, GPU 36 (MiB)
[10/04/2026-22:07:35] [I] Setting persistentCacheLimit to 0 bytes.
[10/04/2026-22:07:35] [I] Created execution context with device memory size: 18.1641 MiB
[10/04/2026-22:07:35] [I] Using random values for input images
[10/04/2026-22:07:35] [I] Input binding for images with dimensions 1x640x640x3 is created.
[10/04/2026-22:07:35] [I] Output binding for output0 with dimensions 1x300x6 is created.
[10/04/2026-22:07:35] [I] Starting inference
[10/04/2026-22:07:53] [I] Warmup completed 411 queries over 3000 ms
[10/04/2026-22:07:53] [I] Timing trace has 1822 queries over 15.0266 s
[10/04/2026-22:07:53] [I] 
[10/04/2026-22:07:53] [I] === Trace details ===
[10/04/2026-22:07:53] [I] Trace averages of 1 runs:
[10/04/2026-22:07:53] [I] Average on 1 runs - GPU latency: 6.8103 ms - Host latency: 6.95483 ms (enqueue 4.1167 ms)
[10/04/2026-22:07:53] [I] Average on 1 runs - GPU latency: 6.78125 ms - Host latency: 6.9292 ms (enqueue 4.08081 ms)
[10/04/2026-22:07:53] [I] Average on 1 runs - GPU latency: 6.78589 ms - Host latency: 6.87329 ms (enqueue 4.14111 ms)
[10/04/2026-22:07:53] [I] Average on 1 runs - GPU latency: 6.7771 ms - Host latency: 6.8645 ms (enqueue 4.2395 ms)
[10/04/2026-22:07:53] [I] Average on 1 runs - GPU latency: 6.77417 ms - Host latency: 6.83789 ms (enqueue 3.4292 ms)
[10/04/2026-22:07:53] [I] Average on 1 runs - GPU latency: 6.7666 ms - Host latency: 6.83618 ms (enqueue 4.19067 ms)
[10/04/2026-22:07:53] [I] Average on 1 runs - GPU latency: 6.77612 ms - Host latency: 6.84229 ms (enqueue 4.24512 ms)
[10/04/2026-22:07:53] [I] Average on 1 runs - GPU latency: 6.76807 ms - Host latency: 6.83423 ms (enqueue 4.13208 ms)
[10/04/2026-22:07:53] [I] Average on 1 runs - GPU latency: 6.77686 ms - Host latency: 6.85229 ms (enqueue 4.12939 ms)
[10/04/2026-22:07:53] [I] Average on 1 runs - GPU latency: 6.7561 ms - Host latency: 6.82446 ms (enqueue 4.11987 ms)
[10/04/2026-22:07:53] [I] Average on 1 runs - GPU latency: 6.77417 ms - Host latency: 6.83813 ms (enqueue 2.16553 ms)
[10/04/2026-22:07:53] [I] Average on 1 runs - GPU latency: 6.76758 ms - Host latency: 6.85278 ms (enqueue 4.13623 ms)
[10/04/2026-22:07:53] [I] Average on 1 runs - GPU latency: 6.77515 ms - Host latency: 6.8418 ms (enqueue 4.15771 ms)
[10/04/2026-22:07:53] [I] Average on 1 runs - GPU latency: 6.77051 ms - Host latency: 6.83887 ms (enqueue 4.13721 ms)
[10/04/2026-22:07:53] [I] Average on 1 runs - GPU latency: 6.76733 ms - Host latency: 6.8335 ms (enqueue 4.12622 ms)
[10/04/2026-22:07:53] [I] Average on 1 runs - GPU latency: 6.78149 ms - Host latency: 6.84912 ms (enqueue 4.08252 ms)
[10/04/2026-22:07:53] [I] Average on 1 runs - GPU latency: 6.76782 ms - Host latency: 6.8418 ms (enqueue 3.08179 ms)
[10/04/2026-22:07:53] [I] Average on 1 runs - GPU latency: 6.78247 ms - Host latency: 6.85327 ms (enqueue 4.14795 ms)
[10/04/2026-22:07:53] [I] Average on 1 runs - GPU latency: 6.76709 ms - Host latency: 6.83325 ms (enqueue 4.19019 ms)
[10/04/2026-22:07:53] [I] Average on 1 runs - GPU latency: 6.77124 ms - Host latency: 6.83789 ms (enqueue 4.15186 ms)
[10/04/2026-22:07:53] [I] Average on 1 runs - GPU latency: 6.76294 ms - Host latency: 6.83154 ms (enqueue 4.14062 ms)
[10/04/2026-22:07:53] [I] Average on 1 runs - GPU latency: 6.77637 ms - Host latency: 6.84277 ms (enqueue 4.15479 ms)
[10/04/2026-22:07:53] [I] Average on 1 runs - GPU latency: 6.77271 ms - Host latency: 6.84839 ms (enqueue 3.59766 ms)
[10/04/2026-22:07:53] [I] Average on 1 runs - GPU latency: 6.77856 ms - Host latency: 6.84912 ms (enqueue 4.2019 ms)
[10/04/2026-22:07:53] [I] Average on 1 runs - GPU latency: 6.77197 ms - Host latency: 6.83887 ms (enqueue 4.13086 ms)
[10/04/2026-22:07:53] [I] Average on 1 runs - GPU latency: 6.78442 ms - Host latency: 6.85107 ms (enqueue 4.15015 ms)
[10/04/2026-22:07:53] [I] Average on 1 runs - GPU latency: 6.76196 ms - Host latency: 6.82739 ms (enqueue 4.1145 ms)
[10/04/2026-22:07:53] [I] Average on 1 runs - GPU latency: 6.76904 ms - Host latency: 6.83545 ms (enqueue 4.14575 ms)
[10/04/2026-22:07:53] [I] Average on 1 runs - GPU latency: 6.7771 ms - Host latency: 6.84204 ms (enqueue 4.03662 ms)
[10/04/2026-22:07:53] [I] Average on 1 runs - GPU latency: 6.76953 ms - Host latency: 6.84546 ms (enqueue 4.15186 ms)
[10/04/2026-22:07:53] [I] Average on 1 runs - GPU latency: 6.78027 ms - Host latency: 6.85522 ms (enqueue 4.15991 ms)
[10/04/2026-22:07:53] [I] Average on 1 runs - GPU latency: 6.77441 ms - Host latency: 6.84082 ms (enqueue 4.19336 ms)
[10/04/2026-22:07:53] [I] Average on 1 runs - GPU latency: 6.7998 ms - Host latency: 6.91797 ms (enqueue 4.20386 ms)
[10/04/2026-22:07:53] [I] Average on 1 runs - GPU latency: 6.77417 ms - Host latency: 6.8418 ms (enqueue 4.08081 ms)
[10/04/2026-22:07:53] [I] Average on 1 runs - GPU latency: 6.77002 ms - Host latency: 6.83838 ms (enqueue 3.72778 ms)
[10/04/2026-22:07:53] [I] Average on 1 runs - GPU latency: 6.76465 ms - Host latency: 6.83228 ms (enqueue 4.12891 ms)
[10/04/2026-22:07:53] [I] Average on 1 runs - GPU latency: 6.77637 ms - Host latency: 6.84497 ms (enqueue 4.09814 ms)
[10/04/2026-22:07:53] [I] Average on 1 runs - GPU latency: 6.78833 ms - Host latency: 6.86646 ms (enqueue 4.1167 ms)
[10/04/2026-22:07:53] [I] Average on 1 runs - GPU latency: 6.78296 ms - Host latency: 6.85547 ms (enqueue 4.0769 ms)
[10/04/2026-22:07:53] [I] Average on 1 runs - GPU latency: 6.77417 ms - Host latency: 6.85889 ms (enqueue 4.14087 ms)
[10/04/2026-22:07:53] [I] Average on 1 runs - GPU latency: 6.77271 ms - Host latency: 6.84009 ms (enqueue 4.08984 ms)
[10/04/2026-22:07:53] [I] Average on 1 runs - GPU latency: 6.77368 ms - Host latency: 6.83984 ms (enqueue 4.11841 ms)
[10/04/2026-22:07:53] [I] Average on 1 runs - GPU latency: 6.771 ms - Host latency: 6.83594 ms (enqueue 4.10864 ms)
[10/04/2026-22:07:53] [I] Average on 1 runs - GPU latency: 6.7771 ms - Host latency: 6.84399 ms (enqueue 4.12695 ms)
[10/04/2026-22:07:53] [I] Average on 1 runs - GPU latency: 6.77026 ms - Host latency: 6.83545 ms (enqueue 4.0918 ms)
[10/04/2026-22:07:53] [I] Average on 1 runs - GPU latency: 6.78003 ms - Host latency: 6.84863 ms (enqueue 4.11255 ms)
[10/04/2026-22:07:53] [I] Average on 1 runs - GPU latency: 6.77148 ms - Host latency: 6.84839 ms (enqueue 4.05762 ms)
[10/04/2026-22:07:53] [I] Average on 1 runs - GPU latency: 6.76953 ms - Host latency: 6.83374 ms (enqueue 4.10571 ms)
[10/04/2026-22:07:53] [I] Average on 1 runs - GPU latency: 6.77905 ms - Host latency: 6.84473 ms (enqueue 4.08325 ms)
[10/04/2026-22:07:53] [I] Average on 1 runs - GPU latency: 6.771 ms - Host latency: 6.83618 ms (enqueue 4.12061 ms)
[10/04/2026-22:07:53] [I] Average on 1 runs - GPU latency: 6.76831 ms - Host latency: 6.83374 ms (enqueue 4.08179 ms)
[10/04/2026-22:07:53] [I] Average on 1 runs - GPU latency: 6.77588 ms - Host latency: 6.84717 ms (enqueue 4.146 ms)
[10/04/2026-22:07:53] [I] Average on 1 runs - GPU latency: 6.77759 ms - Host latency: 6.84424 ms (enqueue 3.67163 ms)
[10/04/2026-22:07:53] [I] Average on 1 runs - GPU latency: 6.78223 ms - Host latency: 6.86719 ms (enqueue 2.79565 ms)
[10/04/2026-22:07:53] [I] Average on 1 runs - GPU latency: 6.77832 ms - Host latency: 6.85132 ms (enqueue 2.93774 ms)
[10/04/2026-22:07:53] [I] Average on 1 runs - GPU latency: 6.78369 ms - Host latency: 6.85083 ms (enqueue 2.75659 ms)
[10/04/2026-22:07:53] [I] Average on 1 runs - GPU latency: 6.78735 ms - Host latency: 6.85034 ms (enqueue 2.68604 ms)
[10/04/2026-22:07:53] [I] Average on 1 runs - GPU latency: 6.77881 ms - Host latency: 6.84888 ms (enqueue 2.95776 ms)
[10/04/2026-22:07:53] [I] Average on 1 runs - GPU latency: 6.77905 ms - Host latency: 6.84888 ms (enqueue 2.63403 ms)
[10/04/2026-22:07:53] [I] Average on 1 runs - GPU latency: 6.77783 ms - Host latency: 6.84668 ms (enqueue 2.61646 ms)
[10/04/2026-22:07:53] [I] Average on 1 runs - GPU latency: 6.79517 ms - Host latency: 6.87256 ms (enqueue 4.38135 ms)
[10/04/2026-22:07:53] [I] Average on 1 runs - GPU latency: 6.77515 ms - Host latency: 6.84546 ms (enqueue 4.13452 ms)
[10/04/2026-22:07:53] [I] Average on 1 runs - GPU latency: 6.77393 ms - Host latency: 6.84399 ms (enqueue 4.17529 ms)
[10/04/2026-22:07:53] [I] Average on 1 runs - GPU latency: 6.78125 ms - Host latency: 6.8479 ms (enqueue 4.08667 ms)
[10/04/2026-22:07:53] [I] Average on 1 runs - GPU latency: 6.77734 ms - Host latency: 6.84326 ms (enqueue 4.12012 ms)
[10/04/2026-22:07:53] [I] Average on 1 runs - GPU latency: 6.77612 ms - Host latency: 6.84253 ms (enqueue 4.13062 ms)
[10/04/2026-22:07:53] [I] Average on 1 runs - GPU latency: 6.79297 ms - Host latency: 6.85522 ms (enqueue 2.125 ms)
[10/04/2026-22:07:53] [I] Average on 1 runs - GPU latency: 6.77905 ms - Host latency: 6.86084 ms (enqueue 4.17139 ms)
[10/04/2026-22:07:53] [I] Average on 1 runs - GPU latency: 6.77026 ms - Host latency: 6.83569 ms (enqueue 4.12354 ms)
[10/04/2026-22:07:53] [I] Average on 1 runs - GPU latency: 6.77539 ms - Host latency: 6.8418 ms (enqueue 4.13745 ms)
[10/04/2026-22:07:53] [I] Average on 1 runs - GPU latency: 6.7749 ms - Host latency: 6.84058 ms (enqueue 4.12354 ms)
[10/04/2026-22:07:53] [I] Average on 1 runs - GPU latency: 6.77808 ms - Host latency: 6.84839 ms (enqueue 4.10278 ms)
[10/04/2026-22:07:53] [I] Average on 1 runs - GPU latency: 6.7876 ms - Host latency: 6.85718 ms (enqueue 2.74341 ms)
[10/04/2026-22:07:53] [I] Average on 1 runs - GPU latency: 6.77588 ms - Host latency: 6.84546 ms (enqueue 4.17065 ms)
[10/04/2026-22:07:53] [I] Average on 1 runs - GPU latency: 6.77344 ms - Host latency: 6.84888 ms (enqueue 4.13843 ms)
[10/04/2026-22:07:53] [I] Average on 1 runs - GPU latency: 6.771 ms - Host latency: 6.84082 ms (enqueue 4.13306 ms)
[10/04/2026-22:07:53] [I] Average on 1 runs - GPU latency: 6.76855 ms - Host latency: 6.83447 ms (enqueue 4.12085 ms)
[10/04/2026-22:07:53] [I] Average on 1 runs - GPU latency: 6.76978 ms - Host latency: 6.83496 ms (enqueue 4.08716 ms)
[10/04/2026-22:07:53] [I] Average on 1 runs - GPU latency: 6.76343 ms - Host latency: 6.83594 ms (enqueue 3.43384 ms)
[10/04/2026-22:07:53] [I] Average on 1 runs - GPU latency: 6.77588 ms - Host latency: 6.84473 ms (enqueue 4.25635 ms)
[10/04/2026-22:07:53] [I] Average on 1 runs - GPU latency: 6.77417 ms - Host latency: 6.83984 ms (enqueue 4.16504 ms)
[10/04/2026-22:07:53] [I] Average on 1 runs - GPU latency: 6.76587 ms - Host latency: 6.83203 ms (enqueue 4.12256 ms)
[10/04/2026-22:07:53] [I] Average on 1 runs - GPU latency: 6.77271 ms - Host latency: 6.8457 ms (enqueue 4.13013 ms)
[10/04/2026-22:07:53] [I] Average on 1 runs - GPU latency: 6.75879 ms - Host latency: 6.82812 ms (enqueue 4.14233 ms)
[10/04/2026-22:07:53] [I] Average on 1 runs - GPU latency: 6.76709 ms - Host latency: 6.83203 ms (enqueue 3.81079 ms)
[10/04/2026-22:07:53] [I] Average on 1 runs - GPU latency: 6.77026 ms - Host latency: 6.84668 ms (enqueue 4.229 ms)
[10/04/2026-22:07:53] [I] Average on 1 runs - GPU latency: 6.77075 ms - Host latency: 6.83618 ms (enqueue 4.17578 ms)
[10/04/2026-22:07:53] [I] Average on 1 runs - GPU latency: 6.7688 ms - Host latency: 6.83472 ms (enqueue 4.14282 ms)
[10/04/2026-22:07:53] [I] Average on 1 runs - GPU latency: 6.76147 ms - Host latency: 6.83057 ms (enqueue 4.08398 ms)
[10/04/2026-22:07:53] [I] Average on 1 runs - GPU latency: 6.77075 ms - Host latency: 6.83643 ms (enqueue 4.18286 ms)
[10/04/2026-22:07:53] [I] Average on 1 runs - GPU latency: 6.77637 ms - Host latency: 6.84131 ms (enqueue 3.92432 ms)
[10/04/2026-22:07:53] [I] Average on 1 runs - GPU latency: 6.78223 ms - Host latency: 6.85815 ms (enqueue 4.17188 ms)
[10/04/2026-22:07:53] [I] Average on 1 runs - GPU latency: 6.77124 ms - Host latency: 6.83765 ms (enqueue 4.13794 ms)
[10/04/2026-22:07:53] [I] Average on 1 runs - GPU latency: 6.76416 ms - Host latency: 6.8313 ms (enqueue 4.10742 ms)
[10/04/2026-22:07:53] [I] Average on 1 runs - GPU latency: 6.78735 ms - Host latency: 6.87378 ms (enqueue 4.15479 ms)
[10/04/2026-22:07:53] [I] Average on 1 runs - GPU latency: 6.78198 ms - Host latency: 6.84839 ms (enqueue 4.10571 ms)
[10/04/2026-22:07:53] [I] Average on 1 runs - GPU latency: 6.77319 ms - Host latency: 6.84131 ms (enqueue 4.01636 ms)
[10/04/2026-22:07:53] [I] Average on 1 runs - GPU latency: 6.77734 ms - Host latency: 6.84473 ms (enqueue 4.30347 ms)
[10/04/2026-22:07:53] [I] Average on 1 runs - GPU latency: 6.77271 ms - Host latency: 6.84033 ms (enqueue 4.16357 ms)
[10/04/2026-22:07:53] [I] Average on 1 runs - GPU latency: 6.76758 ms - Host latency: 6.83374 ms (enqueue 4.16943 ms)
[10/04/2026-22:07:53] [I] Average on 1 runs - GPU latency: 6.77173 ms - Host latency: 6.83765 ms (enqueue 4.14966 ms)
[10/04/2026-22:07:53] [I] Average on 1 runs - GPU latency: 6.77612 ms - Host latency: 6.84351 ms (enqueue 4.1106 ms)
[10/04/2026-22:07:53] [I] Average on 1 runs - GPU latency: 6.77124 ms - Host latency: 6.83667 ms (enqueue 4.13159 ms)
[10/04/2026-22:07:53] [I] Average on 1 runs - GPU latency: 6.77417 ms - Host latency: 6.84692 ms (enqueue 4.19116 ms)
[10/04/2026-22:07:53] [I] Average on 1 runs - GPU latency: 6.78223 ms - Host latency: 6.85376 ms (enqueue 4.15308 ms)
[10/04/2026-22:07:53] [I] Average on 1 runs - GPU latency: 6.75903 ms - Host latency: 6.82568 ms (enqueue 4.0957 ms)
[10/04/2026-22:07:53] [I] Average on 1 runs - GPU latency: 6.77686 ms - Host latency: 6.84937 ms (enqueue 4.11597 ms)
[10/04/2026-22:07:53] [I] Average on 1 runs - GPU latency: 6.79126 ms - Host latency: 6.85742 ms (enqueue 4.16504 ms)
[10/04/2026-22:07:53] [I] Average on 1 runs - GPU latency: 6.77197 ms - Host latency: 6.83813 ms (enqueue 4.13745 ms)
[10/04/2026-22:07:53] [I] Average on 1 runs - GPU latency: 6.77271 ms - Host latency: 6.8418 ms (enqueue 4.23584 ms)
[10/04/2026-22:07:53] [I] Average on 1 runs - GPU latency: 6.76782 ms - Host latency: 6.83447 ms (enqueue 4.16675 ms)
[10/04/2026-22:07:53] [I] Average on 1 runs - GPU latency: 6.77246 ms - Host latency: 6.83887 ms (enqueue 4.13403 ms)
[10/04/2026-22:07:53] [I] Average on 1 runs - GPU latency: 6.7832 ms - Host latency: 6.84937 ms (enqueue 4.1228 ms)
[10/04/2026-22:07:53] [I] Average on 1 runs - GPU latency: 6.7793 ms - Host latency: 6.84546 ms (enqueue 4.13721 ms)
[10/04/2026-22:07:53] [I] Average on 1 runs - GPU latency: 6.7627 ms - Host latency: 6.82861 ms (enqueue 4.1543 ms)
[10/04/2026-22:07:53] [I] Average on 1 runs - GPU latency: 6.76978 ms - Host latency: 6.84155 ms (enqueue 4.22168 ms)
[10/04/2026-22:07:53] [I] Average on 1 runs - GPU latency: 6.771 ms - Host latency: 6.83667 ms (enqueue 4.42554 ms)
[10/04/2026-22:07:53] [I] Average on 1 runs - GPU latency: 6.77026 ms - Host latency: 6.83667 ms (enqueue 4.14087 ms)
[10/04/2026-22:07:53] [I] Average on 1 runs - GPU latency: 6.76709 ms - Host latency: 6.83374 ms (enqueue 4.12061 ms)
[10/04/2026-22:07:53] [I] Average on 1 runs - GPU latency: 6.76147 ms - Host latency: 6.82812 ms (enqueue 4.16138 ms)
[10/04/2026-22:07:53] [I] Average on 1 runs - GPU latency: 6.78101 ms - Host latency: 6.84692 ms (enqueue 4.09155 ms)
[10/04/2026-22:07:53] [I] Average on 1 runs - GPU latency: 6.80811 ms - Host latency: 6.87939 ms (enqueue 3.02051 ms)
[10/04/2026-22:07:53] [I] Average on 1 runs - GPU latency: 6.77393 ms - Host latency: 6.84692 ms (enqueue 3.14014 ms)
[10/04/2026-22:07:53] [I] Average on 1 runs - GPU latency: 6.78638 ms - Host latency: 6.8562 ms (enqueue 2.74878 ms)
[10/04/2026-22:07:53] [I] Average on 1 runs - GPU latency: 6.79272 ms - Host latency: 6.85669 ms (enqueue 2.64331 ms)
[10/04/2026-22:07:53] [I] Average on 1 runs - GPU latency: 6.78467 ms - Host latency: 6.85791 ms (enqueue 3.14844 ms)
[10/04/2026-22:07:53] [I] Average on 1 runs - GPU latency: 6.79932 ms - Host latency: 6.87134 ms (enqueue 2.77515 ms)
[10/04/2026-22:07:53] [I] Average on 1 runs - GPU latency: 6.79248 ms - Host latency: 6.90869 ms (enqueue 2.56079 ms)
[10/04/2026-22:07:53] [I] Average on 1 runs - GPU latency: 6.77783 ms - Host latency: 6.84937 ms (enqueue 2.5625 ms)
[10/04/2026-22:07:53] [I] Average on 1 runs - GPU latency: 6.77783 ms - Host latency: 6.84961 ms (enqueue 4.19946 ms)
[10/04/2026-22:07:53] [I] Average on 1 runs - GPU latency: 6.76147 ms - Host latency: 6.82886 ms (enqueue 4.1355 ms)
[10/04/2026-22:07:53] [I] Average on 1 runs - GPU latency: 6.7771 ms - Host latency: 6.85254 ms (enqueue 4.14941 ms)
[10/04/2026-22:07:53] [I] Average on 1 runs - GPU latency: 6.79321 ms - Host latency: 6.87061 ms (enqueue 4.08276 ms)
[10/04/2026-22:07:53] [I] Average on 1 runs - GPU latency: 6.76318 ms - Host latency: 6.83154 ms (enqueue 4.07642 ms)
[10/04/2026-22:07:53] [I] Average on 1 runs - GPU latency: 6.77759 ms - Host latency: 6.84399 ms (enqueue 3.26416 ms)
[10/04/2026-22:07:53] [I] Average on 1 runs - GPU latency: 6.77661 ms - Host latency: 6.85986 ms (enqueue 4.13403 ms)
[10/04/2026-22:07:53] [I] Average on 1 runs - GPU latency: 6.76465 ms - Host latency: 6.83105 ms (enqueue 4.12549 ms)
[10/04/2026-22:07:53] [I] Average on 1 runs - GPU latency: 6.77246 ms - Host latency: 6.83838 ms (enqueue 4.06689 ms)
[10/04/2026-22:07:53] [I] Average on 1 runs - GPU latency: 6.77783 ms - Host latency: 6.85156 ms (enqueue 4.16162 ms)
[10/04/2026-22:07:53] [I] Average on 1 runs - GPU latency: 6.78564 ms - Host latency: 6.85254 ms (enqueue 4.11768 ms)
[10/04/2026-22:07:53] [I] Average on 1 runs - GPU latency: 6.80859 ms - Host latency: 6.875 ms (enqueue 2.07666 ms)
[10/04/2026-22:07:53] [I] Average on 1 runs - GPU latency: 6.7666 ms - Host latency: 6.86572 ms (enqueue 4.14648 ms)
[10/04/2026-22:07:53] [I] Average on 1 runs - GPU latency: 6.76855 ms - Host latency: 6.83447 ms (enqueue 4.06836 ms)
[10/04/2026-22:07:53] [I] Average on 1 runs - GPU latency: 6.76465 ms - Host latency: 6.83154 ms (enqueue 4.10205 ms)
[10/04/2026-22:07:53] [I] Average on 1 runs - GPU latency: 6.77686 ms - Host latency: 6.84326 ms (enqueue 4.13574 ms)
[10/04/2026-22:07:53] [I] Average on 1 runs - GPU latency: 6.77051 ms - Host latency: 6.83594 ms (enqueue 4.11963 ms)
[10/04/2026-22:07:53] [I] Average on 1 runs - GPU latency: 6.78076 ms - Host latency: 6.84521 ms (enqueue 2.98975 ms)
[10/04/2026-22:07:53] [I] Average on 1 runs - GPU latency: 6.77979 ms - Host latency: 6.8457 ms (enqueue 4.19336 ms)
[10/04/2026-22:07:53] [I] Average on 1 runs - GPU latency: 6.76904 ms - Host latency: 6.83398 ms (enqueue 4.15088 ms)
[10/04/2026-22:07:53] [I] Average on 1 runs - GPU latency: 6.75928 ms - Host latency: 6.82617 ms (enqueue 4.14111 ms)
[10/04/2026-22:07:53] [I] Average on 1 runs - GPU latency: 6.77002 ms - Host latency: 6.83789 ms (enqueue 4.19336 ms)
[10/04/2026-22:07:53] [I] Average on 1 runs - GPU latency: 6.76904 ms - Host latency: 6.8374 ms (enqueue 4.14355 ms)
[10/04/2026-22:07:53] [I] Average on 1 runs - GPU latency: 6.76758 ms - Host latency: 6.83984 ms (enqueue 3.60938 ms)
[10/04/2026-22:07:53] [I] Average on 1 runs - GPU latency: 6.76904 ms - Host latency: 6.83545 ms (enqueue 4.20264 ms)
[10/04/2026-22:07:53] [I] Average on 1 runs - GPU latency: 6.77441 ms - Host latency: 6.84277 ms (enqueue 4.12842 ms)
[10/04/2026-22:07:53] [I] Average on 1 runs - GPU latency: 6.76562 ms - Host latency: 6.83105 ms (enqueue 4.17969 ms)
[10/04/2026-22:07:53] [I] Average on 1 runs - GPU latency: 6.77002 ms - Host latency: 6.83496 ms (enqueue 4.15918 ms)
[10/04/2026-22:07:53] [I] Average on 1 runs - GPU latency: 6.76709 ms - Host latency: 6.83398 ms (enqueue 4.17285 ms)
[10/04/2026-22:07:53] [I] Average on 1 runs - GPU latency: 6.79297 ms - Host latency: 6.85938 ms (enqueue 3.9585 ms)
[10/04/2026-22:07:53] [I] Average on 1 runs - GPU latency: 6.7793 ms - Host latency: 6.8501 ms (enqueue 4.18994 ms)
[10/04/2026-22:07:53] [I] Average on 1 runs - GPU latency: 6.76318 ms - Host latency: 6.82812 ms (enqueue 4.17627 ms)
[10/04/2026-22:07:53] [I] Average on 1 runs - GPU latency: 6.76953 ms - Host latency: 6.83545 ms (enqueue 4.16602 ms)
[10/04/2026-22:07:53] [I] Average on 1 runs - GPU latency: 6.7793 ms - Host latency: 6.84473 ms (enqueue 4.13965 ms)
[10/04/2026-22:07:53] [I] Average on 1 runs - GPU latency: 6.77051 ms - Host latency: 6.83643 ms (enqueue 4.11963 ms)
[10/04/2026-22:07:53] [I] Average on 1 runs - GPU latency: 6.76709 ms - Host latency: 6.83252 ms (enqueue 4.00293 ms)
[10/04/2026-22:07:53] [I] Average on 1 runs - GPU latency: 6.77588 ms - Host latency: 6.84131 ms (enqueue 4.1582 ms)
[10/04/2026-22:07:53] [I] Average on 1 runs - GPU latency: 6.771 ms - Host latency: 6.83643 ms (enqueue 4.2124 ms)
[10/04/2026-22:07:53] [I] Average on 1 runs - GPU latency: 6.76416 ms - Host latency: 6.82959 ms (enqueue 4.15234 ms)
[10/04/2026-22:07:53] [I] Average on 1 runs - GPU latency: 6.75977 ms - Host latency: 6.82471 ms (enqueue 4.16455 ms)
[10/04/2026-22:07:53] [I] Average on 1 runs - GPU latency: 6.77197 ms - Host latency: 6.83838 ms (enqueue 4.13184 ms)
[10/04/2026-22:07:53] [I] Average on 1 runs - GPU latency: 6.77344 ms - Host latency: 6.83887 ms (enqueue 4.13086 ms)
[10/04/2026-22:07:53] [I] Average on 1 runs - GPU latency: 6.7666 ms - Host latency: 6.8335 ms (enqueue 4.16064 ms)
[10/04/2026-22:07:53] [I] Average on 1 runs - GPU latency: 6.77295 ms - Host latency: 6.83887 ms (enqueue 4.1665 ms)
[10/04/2026-22:07:53] [I] Average on 1 runs - GPU latency: 6.77051 ms - Host latency: 6.83594 ms (enqueue 4.16309 ms)
[10/04/2026-22:07:53] [I] Average on 1 runs - GPU latency: 6.77295 ms - Host latency: 6.83838 ms (enqueue 4.14258 ms)
[10/04/2026-22:07:53] [I] Average on 1 runs - GPU latency: 6.77393 ms - Host latency: 6.83887 ms (enqueue 4.14014 ms)
[10/04/2026-22:07:53] [I] Average on 1 runs - GPU latency: 6.7793 ms - Host latency: 6.85938 ms (enqueue 4.15771 ms)
[10/04/2026-22:07:53] [I] Average on 1 runs - GPU latency: 6.77441 ms - Host latency: 6.84131 ms (enqueue 4.2124 ms)
[10/04/2026-22:07:53] [I] Average on 1 runs - GPU latency: 6.78174 ms - Host latency: 6.84717 ms (enqueue 4.16797 ms)
[10/04/2026-22:07:53] [I] Average on 1 runs - GPU latency: 6.76416 ms - Host latency: 6.83008 ms (enqueue 4.13672 ms)
[10/04/2026-22:07:53] [I] Average on 1 runs - GPU latency: 6.75732 ms - Host latency: 6.82178 ms (enqueue 4.16162 ms)
[10/04/2026-22:07:53] [I] Average on 1 runs - GPU latency: 6.76758 ms - Host latency: 6.83301 ms (enqueue 4.14844 ms)
[10/04/2026-22:07:53] [I] Average on 1 runs - GPU latency: 6.76465 ms - Host latency: 6.83984 ms (enqueue 4.17822 ms)
[10/04/2026-22:07:53] [I] Average on 1 runs - GPU latency: 6.76367 ms - Host latency: 6.83301 ms (enqueue 4.20752 ms)
[10/04/2026-22:07:53] [I] Average on 1 runs - GPU latency: 6.7627 ms - Host latency: 6.8291 ms (enqueue 4.17725 ms)
[10/04/2026-22:07:53] [I] Average on 1 runs - GPU latency: 6.76855 ms - Host latency: 6.8335 ms (enqueue 4.17041 ms)
[10/04/2026-22:07:53] [I] Average on 1 runs - GPU latency: 6.78369 ms - Host latency: 6.86084 ms (enqueue 4.18213 ms)
[10/04/2026-22:07:53] [I] Average on 1 runs - GPU latency: 6.77246 ms - Host latency: 6.83838 ms (enqueue 4.12109 ms)
[10/04/2026-22:07:53] [I] Average on 1 runs - GPU latency: 6.77588 ms - Host latency: 6.8418 ms (enqueue 4.18506 ms)
[10/04/2026-22:07:53] [I] Average on 1 runs - GPU latency: 6.79004 ms - Host latency: 6.85498 ms (enqueue 4.12402 ms)
[10/04/2026-22:07:53] [I] Average on 1 runs - GPU latency: 6.78711 ms - Host latency: 6.86426 ms (enqueue 3.04102 ms)
[10/04/2026-22:07:53] [I] Average on 1 runs - GPU latency: 6.78076 ms - Host latency: 6.84961 ms (enqueue 2.86475 ms)
[10/04/2026-22:07:53] [I] Average on 1 runs - GPU latency: 6.77246 ms - Host latency: 6.84131 ms (enqueue 2.62207 ms)
[10/04/2026-22:07:53] [I] Average on 1 runs - GPU latency: 6.78223 ms - Host latency: 6.84424 ms (enqueue 2.76807 ms)
[10/04/2026-22:07:53] [I] Average on 1 runs - GPU latency: 6.77393 ms - Host latency: 6.83887 ms (enqueue 2.76904 ms)
[10/04/2026-22:07:53] [I] Average on 1 runs - GPU latency: 6.77979 ms - Host latency: 6.84619 ms (enqueue 2.66992 ms)
[10/04/2026-22:07:53] [I] Average on 1 runs - GPU latency: 6.7876 ms - Host latency: 6.85791 ms (enqueue 2.57031 ms)
[10/04/2026-22:07:53] [I] Average on 1 runs - GPU latency: 6.76318 ms - Host latency: 6.82764 ms (enqueue 3.03271 ms)
[10/04/2026-22:07:53] [I] Average on 1 runs - GPU latency: 6.77783 ms - Host latency: 6.84326 ms (enqueue 4.11279 ms)
[10/04/2026-22:07:53] [I] Average on 1 runs - GPU latency: 6.7749 ms - Host latency: 6.84912 ms (enqueue 4.13281 ms)
[10/04/2026-22:07:53] [I] ... Omitting 1422 lines
[10/04/2026-22:07:53] [I] Average on 1 runs - GPU latency: 6.7793 ms - Host latency: 6.84473 ms (enqueue 4.08496 ms)
[10/04/2026-22:07:53] [I] Average on 1 runs - GPU latency: 6.77539 ms - Host latency: 6.84082 ms (enqueue 4.11523 ms)
[10/04/2026-22:07:53] [I] Average on 1 runs - GPU latency: 6.76758 ms - Host latency: 6.83203 ms (enqueue 4.1084 ms)
[10/04/2026-22:07:53] [I] Average on 1 runs - GPU latency: 6.76758 ms - Host latency: 6.83301 ms (enqueue 4.1123 ms)
[10/04/2026-22:07:53] [I] Average on 1 runs - GPU latency: 6.76953 ms - Host latency: 6.83398 ms (enqueue 4.13086 ms)
[10/04/2026-22:07:53] [I] Average on 1 runs - GPU latency: 6.77539 ms - Host latency: 6.83984 ms (enqueue 4.11914 ms)
[10/04/2026-22:07:53] [I] Average on 1 runs - GPU latency: 6.76562 ms - Host latency: 6.83203 ms (enqueue 4.10742 ms)
[10/04/2026-22:07:53] [I] Average on 1 runs - GPU latency: 6.77148 ms - Host latency: 6.83594 ms (enqueue 4.10742 ms)
[10/04/2026-22:07:53] [I] Average on 1 runs - GPU latency: 6.81055 ms - Host latency: 6.90039 ms (enqueue 4.08008 ms)
[10/04/2026-22:07:53] [I] Average on 1 runs - GPU latency: 6.77344 ms - Host latency: 6.83789 ms (enqueue 4.04688 ms)
[10/04/2026-22:07:53] [I] Average on 1 runs - GPU latency: 6.76953 ms - Host latency: 6.8418 ms (enqueue 4.13281 ms)
[10/04/2026-22:07:53] [I] Average on 1 runs - GPU latency: 6.78125 ms - Host latency: 6.8457 ms (enqueue 4.11914 ms)
[10/04/2026-22:07:53] [I] Average on 1 runs - GPU latency: 6.77734 ms - Host latency: 6.84375 ms (enqueue 4.12695 ms)
[10/04/2026-22:07:53] [I] Average on 1 runs - GPU latency: 6.76562 ms - Host latency: 6.83008 ms (enqueue 4.13867 ms)
[10/04/2026-22:07:53] [I] Average on 1 runs - GPU latency: 6.77148 ms - Host latency: 6.83594 ms (enqueue 4.08398 ms)
[10/04/2026-22:07:53] [I] Average on 1 runs - GPU latency: 6.76953 ms - Host latency: 6.83398 ms (enqueue 4.13867 ms)
[10/04/2026-22:07:53] [I] Average on 1 runs - GPU latency: 6.76758 ms - Host latency: 6.83398 ms (enqueue 4.08008 ms)
[10/04/2026-22:07:53] [I] Average on 1 runs - GPU latency: 6.77148 ms - Host latency: 6.83984 ms (enqueue 4.10156 ms)
[10/04/2026-22:07:53] [I] Average on 1 runs - GPU latency: 6.77539 ms - Host latency: 6.8418 ms (enqueue 4.1543 ms)
[10/04/2026-22:07:53] [I] Average on 1 runs - GPU latency: 6.77344 ms - Host latency: 6.83984 ms (enqueue 4.09961 ms)
[10/04/2026-22:07:53] [I] Average on 1 runs - GPU latency: 6.76562 ms - Host latency: 6.83008 ms (enqueue 4.11523 ms)
[10/04/2026-22:07:53] [I] Average on 1 runs - GPU latency: 6.77148 ms - Host latency: 6.83594 ms (enqueue 4.08008 ms)
[10/04/2026-22:07:53] [I] Average on 1 runs - GPU latency: 6.76367 ms - Host latency: 6.84375 ms (enqueue 4.10938 ms)
[10/04/2026-22:07:53] [I] Average on 1 runs - GPU latency: 6.76172 ms - Host latency: 6.83594 ms (enqueue 4.13281 ms)
[10/04/2026-22:07:53] [I] Average on 1 runs - GPU latency: 6.7793 ms - Host latency: 6.84375 ms (enqueue 4.09766 ms)
[10/04/2026-22:07:53] [I] Average on 1 runs - GPU latency: 6.7832 ms - Host latency: 6.84766 ms (enqueue 4.11914 ms)
[10/04/2026-22:07:53] [I] Average on 1 runs - GPU latency: 6.77734 ms - Host latency: 6.8418 ms (enqueue 4.12305 ms)
[10/04/2026-22:07:53] [I] Average on 1 runs - GPU latency: 6.77734 ms - Host latency: 6.84961 ms (enqueue 4.16016 ms)
[10/04/2026-22:07:53] [I] Average on 1 runs - GPU latency: 6.76953 ms - Host latency: 6.83398 ms (enqueue 4.12305 ms)
[10/04/2026-22:07:53] [I] Average on 1 runs - GPU latency: 6.77734 ms - Host latency: 6.83984 ms (enqueue 4.0918 ms)
[10/04/2026-22:07:53] [I] Average on 1 runs - GPU latency: 6.76367 ms - Host latency: 6.83008 ms (enqueue 4.13867 ms)
[10/04/2026-22:07:53] [I] Average on 1 runs - GPU latency: 6.77539 ms - Host latency: 6.8418 ms (enqueue 4.10742 ms)
[10/04/2026-22:07:53] [I] Average on 1 runs - GPU latency: 6.77734 ms - Host latency: 6.8418 ms (enqueue 4.08789 ms)
[10/04/2026-22:07:53] [I] Average on 1 runs - GPU latency: 6.77344 ms - Host latency: 6.83594 ms (enqueue 4.09375 ms)
[10/04/2026-22:07:53] [I] Average on 1 runs - GPU latency: 6.76953 ms - Host latency: 6.83398 ms (enqueue 4.10742 ms)
[10/04/2026-22:07:53] [I] Average on 1 runs - GPU latency: 6.79297 ms - Host latency: 6.85938 ms (enqueue 4.08789 ms)
[10/04/2026-22:07:53] [I] Average on 1 runs - GPU latency: 6.78125 ms - Host latency: 6.84766 ms (enqueue 4.10547 ms)
[10/04/2026-22:07:53] [I] Average on 1 runs - GPU latency: 6.76758 ms - Host latency: 6.83203 ms (enqueue 4.13281 ms)
[10/04/2026-22:07:53] [I] Average on 1 runs - GPU latency: 6.76758 ms - Host latency: 6.84375 ms (enqueue 4.14648 ms)
[10/04/2026-22:07:53] [I] Average on 1 runs - GPU latency: 6.76758 ms - Host latency: 6.83203 ms (enqueue 4.17773 ms)
[10/04/2026-22:07:53] [I] Average on 1 runs - GPU latency: 6.7832 ms - Host latency: 6.84766 ms (enqueue 4.14062 ms)
[10/04/2026-22:07:53] [I] Average on 1 runs - GPU latency: 6.76953 ms - Host latency: 6.83398 ms (enqueue 4.13281 ms)
[10/04/2026-22:07:53] [I] Average on 1 runs - GPU latency: 6.77344 ms - Host latency: 6.83984 ms (enqueue 4.11719 ms)
[10/04/2026-22:07:53] [I] Average on 1 runs - GPU latency: 6.77539 ms - Host latency: 6.83984 ms (enqueue 4.12109 ms)
[10/04/2026-22:07:53] [I] Average on 1 runs - GPU latency: 6.78711 ms - Host latency: 6.86328 ms (enqueue 4.12695 ms)
[10/04/2026-22:07:53] [I] Average on 1 runs - GPU latency: 6.7832 ms - Host latency: 6.84961 ms (enqueue 4.11523 ms)
[10/04/2026-22:07:53] [I] Average on 1 runs - GPU latency: 6.77734 ms - Host latency: 6.84375 ms (enqueue 4.09375 ms)
[10/04/2026-22:07:53] [I] Average on 1 runs - GPU latency: 6.76953 ms - Host latency: 6.83594 ms (enqueue 4.11523 ms)
[10/04/2026-22:07:53] [I] Average on 1 runs - GPU latency: 6.78711 ms - Host latency: 6.85156 ms (enqueue 4.09961 ms)
[10/04/2026-22:07:53] [I] Average on 1 runs - GPU latency: 6.79297 ms - Host latency: 6.85742 ms (enqueue 4.09766 ms)
[10/04/2026-22:07:53] [I] Average on 1 runs - GPU latency: 6.78125 ms - Host latency: 6.84766 ms (enqueue 4.12109 ms)
[10/04/2026-22:07:53] [I] Average on 1 runs - GPU latency: 6.76562 ms - Host latency: 6.83008 ms (enqueue 4.10938 ms)
[10/04/2026-22:07:53] [I] Average on 1 runs - GPU latency: 6.75391 ms - Host latency: 6.81836 ms (enqueue 4.10156 ms)
[10/04/2026-22:07:53] [I] Average on 1 runs - GPU latency: 6.76953 ms - Host latency: 6.83398 ms (enqueue 4.15234 ms)
[10/04/2026-22:07:53] [I] Average on 1 runs - GPU latency: 6.77539 ms - Host latency: 6.83984 ms (enqueue 4.0918 ms)
[10/04/2026-22:07:53] [I] Average on 1 runs - GPU latency: 6.76953 ms - Host latency: 6.83789 ms (enqueue 4.17383 ms)
[10/04/2026-22:07:53] [I] Average on 1 runs - GPU latency: 6.76172 ms - Host latency: 6.82617 ms (enqueue 4.06641 ms)
[10/04/2026-22:07:53] [I] Average on 1 runs - GPU latency: 6.77148 ms - Host latency: 6.83789 ms (enqueue 4.1582 ms)
[10/04/2026-22:07:53] [I] Average on 1 runs - GPU latency: 6.76562 ms - Host latency: 6.83203 ms (enqueue 4.13672 ms)
[10/04/2026-22:07:53] [I] Average on 1 runs - GPU latency: 6.76953 ms - Host latency: 6.83398 ms (enqueue 4.06641 ms)
[10/04/2026-22:07:53] [I] Average on 1 runs - GPU latency: 6.77344 ms - Host latency: 6.83984 ms (enqueue 4.10156 ms)
[10/04/2026-22:07:53] [I] Average on 1 runs - GPU latency: 6.77734 ms - Host latency: 6.84375 ms (enqueue 4.12305 ms)
[10/04/2026-22:07:53] [I] Average on 1 runs - GPU latency: 6.77734 ms - Host latency: 6.86523 ms (enqueue 4.06836 ms)
[10/04/2026-22:07:53] [I] Average on 1 runs - GPU latency: 6.79297 ms - Host latency: 6.86914 ms (enqueue 4.17773 ms)
[10/04/2026-22:07:53] [I] Average on 1 runs - GPU latency: 6.76953 ms - Host latency: 6.84375 ms (enqueue 4.14453 ms)
[10/04/2026-22:07:53] [I] Average on 1 runs - GPU latency: 6.78125 ms - Host latency: 6.84766 ms (enqueue 4.13086 ms)
[10/04/2026-22:07:53] [I] Average on 1 runs - GPU latency: 6.76953 ms - Host latency: 6.83594 ms (enqueue 4.0957 ms)
[10/04/2026-22:07:53] [I] Average on 1 runs - GPU latency: 6.77539 ms - Host latency: 6.83984 ms (enqueue 4.125 ms)
[10/04/2026-22:07:53] [I] Average on 1 runs - GPU latency: 6.77148 ms - Host latency: 6.83594 ms (enqueue 4.0918 ms)
[10/04/2026-22:07:53] [I] Average on 1 runs - GPU latency: 6.77539 ms - Host latency: 6.8418 ms (enqueue 4.11523 ms)
[10/04/2026-22:07:53] [I] Average on 1 runs - GPU latency: 6.77539 ms - Host latency: 6.83984 ms (enqueue 4.06445 ms)
[10/04/2026-22:07:53] [I] Average on 1 runs - GPU latency: 6.7793 ms - Host latency: 6.84375 ms (enqueue 4.07422 ms)
[10/04/2026-22:07:53] [I] Average on 1 runs - GPU latency: 6.77734 ms - Host latency: 6.8418 ms (enqueue 4.05273 ms)
[10/04/2026-22:07:53] [I] Average on 1 runs - GPU latency: 6.76953 ms - Host latency: 6.83398 ms (enqueue 4.11133 ms)
[10/04/2026-22:07:53] [I] Average on 1 runs - GPU latency: 6.77344 ms - Host latency: 6.83984 ms (enqueue 4.12109 ms)
[10/04/2026-22:07:53] [I] Average on 1 runs - GPU latency: 6.76562 ms - Host latency: 6.83008 ms (enqueue 4.13086 ms)
[10/04/2026-22:07:53] [I] Average on 1 runs - GPU latency: 6.8125 ms - Host latency: 6.87695 ms (enqueue 4.10352 ms)
[10/04/2026-22:07:53] [I] Average on 1 runs - GPU latency: 6.76367 ms - Host latency: 6.8457 ms (enqueue 4.08789 ms)
[10/04/2026-22:07:53] [I] Average on 1 runs - GPU latency: 6.77344 ms - Host latency: 6.83984 ms (enqueue 4.11914 ms)
[10/04/2026-22:07:53] [I] Average on 1 runs - GPU latency: 6.76562 ms - Host latency: 6.83789 ms (enqueue 4.12109 ms)
[10/04/2026-22:07:53] [I] Average on 1 runs - GPU latency: 6.76172 ms - Host latency: 6.82617 ms (enqueue 4.14062 ms)
[10/04/2026-22:07:53] [I] Average on 1 runs - GPU latency: 6.78125 ms - Host latency: 6.85742 ms (enqueue 4.11133 ms)
[10/04/2026-22:07:53] [I] Average on 1 runs - GPU latency: 6.76367 ms - Host latency: 6.83008 ms (enqueue 4.08789 ms)
[10/04/2026-22:07:53] [I] Average on 1 runs - GPU latency: 6.77148 ms - Host latency: 6.83594 ms (enqueue 4.12305 ms)
[10/04/2026-22:07:53] [I] Average on 1 runs - GPU latency: 6.76953 ms - Host latency: 6.83594 ms (enqueue 4.11914 ms)
[10/04/2026-22:07:53] [I] Average on 1 runs - GPU latency: 6.76953 ms - Host latency: 6.83398 ms (enqueue 4.14453 ms)
[10/04/2026-22:07:53] [I] Average on 1 runs - GPU latency: 6.76953 ms - Host latency: 6.83398 ms (enqueue 4.12695 ms)
[10/04/2026-22:07:53] [I] Average on 1 runs - GPU latency: 6.77734 ms - Host latency: 6.83984 ms (enqueue 4.13477 ms)
[10/04/2026-22:07:53] [I] Average on 1 runs - GPU latency: 6.76172 ms - Host latency: 6.82617 ms (enqueue 4.11133 ms)
[10/04/2026-22:07:53] [I] Average on 1 runs - GPU latency: 6.76172 ms - Host latency: 6.82617 ms (enqueue 4.0625 ms)
[10/04/2026-22:07:53] [I] Average on 1 runs - GPU latency: 6.77734 ms - Host latency: 6.84375 ms (enqueue 4.11523 ms)
[10/04/2026-22:07:53] [I] Average on 1 runs - GPU latency: 6.77148 ms - Host latency: 6.84961 ms (enqueue 4.14648 ms)
[10/04/2026-22:07:53] [I] Average on 1 runs - GPU latency: 6.75391 ms - Host latency: 6.82031 ms (enqueue 4.08594 ms)
[10/04/2026-22:07:53] [I] Average on 1 runs - GPU latency: 6.76562 ms - Host latency: 6.83203 ms (enqueue 4.15625 ms)
[10/04/2026-22:07:53] [I] Average on 1 runs - GPU latency: 6.77539 ms - Host latency: 6.8418 ms (enqueue 4.13086 ms)
[10/04/2026-22:07:53] [I] Average on 1 runs - GPU latency: 6.7793 ms - Host latency: 6.85547 ms (enqueue 4.06641 ms)
[10/04/2026-22:07:53] [I] Average on 1 runs - GPU latency: 6.76562 ms - Host latency: 6.83594 ms (enqueue 4.04102 ms)
[10/04/2026-22:07:53] [I] Average on 1 runs - GPU latency: 6.77148 ms - Host latency: 6.84961 ms (enqueue 4.05469 ms)
[10/04/2026-22:07:53] [I] Average on 1 runs - GPU latency: 6.76562 ms - Host latency: 6.83008 ms (enqueue 4.05469 ms)
[10/04/2026-22:07:53] [I] Average on 1 runs - GPU latency: 6.7793 ms - Host latency: 6.84766 ms (enqueue 4.07617 ms)
[10/04/2026-22:07:53] [I] Average on 1 runs - GPU latency: 6.77148 ms - Host latency: 6.83594 ms (enqueue 4.07617 ms)
[10/04/2026-22:07:53] [I] Average on 1 runs - GPU latency: 6.76953 ms - Host latency: 6.83398 ms (enqueue 4.04688 ms)
[10/04/2026-22:07:53] [I] Average on 1 runs - GPU latency: 6.77148 ms - Host latency: 6.83984 ms (enqueue 4.09766 ms)
[10/04/2026-22:07:53] [I] Average on 1 runs - GPU latency: 6.76953 ms - Host latency: 6.83398 ms (enqueue 4.08203 ms)
[10/04/2026-22:07:53] [I] Average on 1 runs - GPU latency: 6.80664 ms - Host latency: 6.87305 ms (enqueue 4.07422 ms)
[10/04/2026-22:07:53] [I] Average on 1 runs - GPU latency: 6.76562 ms - Host latency: 6.83008 ms (enqueue 4.08984 ms)
[10/04/2026-22:07:53] [I] Average on 1 runs - GPU latency: 6.77344 ms - Host latency: 6.85156 ms (enqueue 4.12695 ms)
[10/04/2026-22:07:53] [I] Average on 1 runs - GPU latency: 6.78125 ms - Host latency: 6.8457 ms (enqueue 4.0918 ms)
[10/04/2026-22:07:53] [I] Average on 1 runs - GPU latency: 6.76953 ms - Host latency: 6.83594 ms (enqueue 4.125 ms)
[10/04/2026-22:07:53] [I] Average on 1 runs - GPU latency: 6.76562 ms - Host latency: 6.83008 ms (enqueue 4.14062 ms)
[10/04/2026-22:07:53] [I] Average on 1 runs - GPU latency: 6.77344 ms - Host latency: 6.83984 ms (enqueue 4.12109 ms)
[10/04/2026-22:07:53] [I] Average on 1 runs - GPU latency: 6.79102 ms - Host latency: 6.85547 ms (enqueue 4.16406 ms)
[10/04/2026-22:07:53] [I] Average on 1 runs - GPU latency: 6.7793 ms - Host latency: 6.8457 ms (enqueue 4.125 ms)
[10/04/2026-22:07:53] [I] Average on 1 runs - GPU latency: 6.7832 ms - Host latency: 6.84766 ms (enqueue 4.11523 ms)
[10/04/2026-22:07:53] [I] Average on 1 runs - GPU latency: 6.78516 ms - Host latency: 6.84961 ms (enqueue 4.10742 ms)
[10/04/2026-22:07:53] [I] Average on 1 runs - GPU latency: 6.7832 ms - Host latency: 6.85742 ms (enqueue 4.14453 ms)
[10/04/2026-22:07:53] [I] Average on 1 runs - GPU latency: 6.77734 ms - Host latency: 6.84766 ms (enqueue 4.12891 ms)
[10/04/2026-22:07:53] [I] Average on 1 runs - GPU latency: 6.76953 ms - Host latency: 6.83398 ms (enqueue 4.14258 ms)
[10/04/2026-22:07:53] [I] Average on 1 runs - GPU latency: 6.77344 ms - Host latency: 6.8418 ms (enqueue 4.10938 ms)
[10/04/2026-22:07:53] [I] Average on 1 runs - GPU latency: 6.76367 ms - Host latency: 6.83008 ms (enqueue 4.14648 ms)
[10/04/2026-22:07:53] [I] Average on 1 runs - GPU latency: 6.78125 ms - Host latency: 6.8457 ms (enqueue 4.16602 ms)
[10/04/2026-22:07:53] [I] Average on 1 runs - GPU latency: 6.76758 ms - Host latency: 6.83203 ms (enqueue 4.14062 ms)
[10/04/2026-22:07:53] [I] Average on 1 runs - GPU latency: 6.76953 ms - Host latency: 6.83594 ms (enqueue 4.10547 ms)
[10/04/2026-22:07:53] [I] Average on 1 runs - GPU latency: 6.76953 ms - Host latency: 6.83398 ms (enqueue 4.13477 ms)
[10/04/2026-22:07:53] [I] Average on 1 runs - GPU latency: 6.76562 ms - Host latency: 6.83203 ms (enqueue 4.14648 ms)
[10/04/2026-22:07:53] [I] Average on 1 runs - GPU latency: 6.77148 ms - Host latency: 6.83789 ms (enqueue 4.1582 ms)
[10/04/2026-22:07:53] [I] Average on 1 runs - GPU latency: 6.77344 ms - Host latency: 6.8418 ms (enqueue 4.12109 ms)
[10/04/2026-22:07:53] [I] Average on 1 runs - GPU latency: 6.78125 ms - Host latency: 6.8457 ms (enqueue 4.11914 ms)
[10/04/2026-22:07:53] [I] Average on 1 runs - GPU latency: 6.77344 ms - Host latency: 6.83789 ms (enqueue 4.1582 ms)
[10/04/2026-22:07:53] [I] Average on 1 runs - GPU latency: 6.76758 ms - Host latency: 6.83203 ms (enqueue 4.12891 ms)
[10/04/2026-22:07:53] [I] Average on 1 runs - GPU latency: 6.76562 ms - Host latency: 6.83203 ms (enqueue 4.13867 ms)
[10/04/2026-22:07:53] [I] Average on 1 runs - GPU latency: 6.78125 ms - Host latency: 6.84961 ms (enqueue 4.12109 ms)
[10/04/2026-22:07:53] [I] Average on 1 runs - GPU latency: 6.76758 ms - Host latency: 6.84766 ms (enqueue 4.11719 ms)
[10/04/2026-22:07:53] [I] Average on 1 runs - GPU latency: 6.76758 ms - Host latency: 6.83398 ms (enqueue 4.14258 ms)
[10/04/2026-22:07:53] [I] Average on 1 runs - GPU latency: 6.77539 ms - Host latency: 6.8418 ms (enqueue 4.13086 ms)
[10/04/2026-22:07:53] [I] Average on 1 runs - GPU latency: 6.77344 ms - Host latency: 6.83789 ms (enqueue 4.13086 ms)
[10/04/2026-22:07:53] [I] Average on 1 runs - GPU latency: 6.76758 ms - Host latency: 6.83203 ms (enqueue 4.11133 ms)
[10/04/2026-22:07:53] [I] Average on 1 runs - GPU latency: 6.75977 ms - Host latency: 6.82422 ms (enqueue 4.14453 ms)
[10/04/2026-22:07:53] [I] Average on 1 runs - GPU latency: 6.77539 ms - Host latency: 6.83984 ms (enqueue 4.12109 ms)
[10/04/2026-22:07:53] [I] Average on 1 runs - GPU latency: 6.76758 ms - Host latency: 6.83203 ms (enqueue 4.13867 ms)
[10/04/2026-22:07:53] [I] Average on 1 runs - GPU latency: 6.77344 ms - Host latency: 6.84766 ms (enqueue 4.09961 ms)
[10/04/2026-22:07:53] [I] Average on 1 runs - GPU latency: 6.76953 ms - Host latency: 6.83398 ms (enqueue 4.12109 ms)
[10/04/2026-22:07:53] [I] Average on 1 runs - GPU latency: 6.77539 ms - Host latency: 6.8418 ms (enqueue 4.14258 ms)
[10/04/2026-22:07:53] [I] Average on 1 runs - GPU latency: 6.78906 ms - Host latency: 6.85547 ms (enqueue 4.15039 ms)
[10/04/2026-22:07:53] [I] Average on 1 runs - GPU latency: 6.7793 ms - Host latency: 6.8457 ms (enqueue 4.12109 ms)
[10/04/2026-22:07:53] [I] Average on 1 runs - GPU latency: 6.77148 ms - Host latency: 6.83594 ms (enqueue 4.13672 ms)
[10/04/2026-22:07:53] [I] Average on 1 runs - GPU latency: 6.78125 ms - Host latency: 6.84766 ms (enqueue 4.13086 ms)
[10/04/2026-22:07:53] [I] Average on 1 runs - GPU latency: 6.76953 ms - Host latency: 6.83398 ms (enqueue 4.13867 ms)
[10/04/2026-22:07:53] [I] Average on 1 runs - GPU latency: 6.76953 ms - Host latency: 6.83398 ms (enqueue 4.14648 ms)
[10/04/2026-22:07:53] [I] Average on 1 runs - GPU latency: 6.76758 ms - Host latency: 6.8418 ms (enqueue 4.14062 ms)
[10/04/2026-22:07:53] [I] Average on 1 runs - GPU latency: 6.76562 ms - Host latency: 6.83398 ms (enqueue 4.12695 ms)
[10/04/2026-22:07:53] [I] Average on 1 runs - GPU latency: 6.76953 ms - Host latency: 6.83594 ms (enqueue 4.13477 ms)
[10/04/2026-22:07:53] [I] Average on 1 runs - GPU latency: 6.76367 ms - Host latency: 6.82812 ms (enqueue 4.14062 ms)
[10/04/2026-22:07:53] [I] Average on 1 runs - GPU latency: 6.76367 ms - Host latency: 6.82812 ms (enqueue 4.13672 ms)
[10/04/2026-22:07:53] [I] Average on 1 runs - GPU latency: 6.76953 ms - Host latency: 6.83398 ms (enqueue 4.10938 ms)
[10/04/2026-22:07:53] [I] Average on 1 runs - GPU latency: 6.77734 ms - Host latency: 6.8418 ms (enqueue 4.125 ms)
[10/04/2026-22:07:53] [I] Average on 1 runs - GPU latency: 6.78125 ms - Host latency: 6.84961 ms (enqueue 4.09961 ms)
[10/04/2026-22:07:53] [I] Average on 1 runs - GPU latency: 6.77148 ms - Host latency: 6.83594 ms (enqueue 4.0957 ms)
[10/04/2026-22:07:53] [I] Average on 1 runs - GPU latency: 6.77148 ms - Host latency: 6.83984 ms (enqueue 4.09766 ms)
[10/04/2026-22:07:53] [I] Average on 1 runs - GPU latency: 6.77344 ms - Host latency: 6.83789 ms (enqueue 4.12891 ms)
[10/04/2026-22:07:53] [I] Average on 1 runs - GPU latency: 6.76953 ms - Host latency: 6.83594 ms (enqueue 4.125 ms)
[10/04/2026-22:07:53] [I] Average on 1 runs - GPU latency: 6.76367 ms - Host latency: 6.82812 ms (enqueue 4.11523 ms)
[10/04/2026-22:07:53] [I] Average on 1 runs - GPU latency: 6.76367 ms - Host latency: 6.82812 ms (enqueue 4.10547 ms)
[10/04/2026-22:07:53] [I] Average on 1 runs - GPU latency: 6.76953 ms - Host latency: 6.83398 ms (enqueue 4.16211 ms)
[10/04/2026-22:07:53] [I] Average on 1 runs - GPU latency: 6.77734 ms - Host latency: 6.8418 ms (enqueue 4.10742 ms)
[10/04/2026-22:07:53] [I] Average on 1 runs - GPU latency: 6.77539 ms - Host latency: 6.83984 ms (enqueue 4.09766 ms)
[10/04/2026-22:07:53] [I] Average on 1 runs - GPU latency: 6.77344 ms - Host latency: 6.83984 ms (enqueue 4.13086 ms)
[10/04/2026-22:07:53] [I] Average on 1 runs - GPU latency: 6.76953 ms - Host latency: 6.83398 ms (enqueue 4.10156 ms)
[10/04/2026-22:07:53] [I] Average on 1 runs - GPU latency: 6.77148 ms - Host latency: 6.83594 ms (enqueue 4.10938 ms)
[10/04/2026-22:07:53] [I] Average on 1 runs - GPU latency: 6.76562 ms - Host latency: 6.82812 ms (enqueue 4.10938 ms)
[10/04/2026-22:07:53] [I] Average on 1 runs - GPU latency: 6.76562 ms - Host latency: 6.83008 ms (enqueue 4.10156 ms)
[10/04/2026-22:07:53] [I] Average on 1 runs - GPU latency: 6.77344 ms - Host latency: 6.84961 ms (enqueue 4.08984 ms)
[10/04/2026-22:07:53] [I] Average on 1 runs - GPU latency: 6.77539 ms - Host latency: 6.85352 ms (enqueue 4.06445 ms)
[10/04/2026-22:07:53] [I] Average on 1 runs - GPU latency: 6.76758 ms - Host latency: 6.85352 ms (enqueue 4.08594 ms)
[10/04/2026-22:07:53] [I] Average on 1 runs - GPU latency: 6.76758 ms - Host latency: 6.83203 ms (enqueue 4.08789 ms)
[10/04/2026-22:07:53] [I] Average on 1 runs - GPU latency: 6.78125 ms - Host latency: 6.8457 ms (enqueue 4.07227 ms)
[10/04/2026-22:07:53] [I] Average on 1 runs - GPU latency: 6.7832 ms - Host latency: 6.85742 ms (enqueue 4.13477 ms)
[10/04/2026-22:07:53] [I] Average on 1 runs - GPU latency: 6.77539 ms - Host latency: 6.85352 ms (enqueue 4.16016 ms)
[10/04/2026-22:07:53] [I] Average on 1 runs - GPU latency: 6.78516 ms - Host latency: 6.85156 ms (enqueue 4.08008 ms)
[10/04/2026-22:07:53] [I] Average on 1 runs - GPU latency: 6.78125 ms - Host latency: 6.8457 ms (enqueue 4.125 ms)
[10/04/2026-22:07:53] [I] Average on 1 runs - GPU latency: 6.78125 ms - Host latency: 6.8457 ms (enqueue 4.12891 ms)
[10/04/2026-22:07:53] [I] Average on 1 runs - GPU latency: 6.7793 ms - Host latency: 6.8457 ms (enqueue 4.07812 ms)
[10/04/2026-22:07:53] [I] Average on 1 runs - GPU latency: 6.78125 ms - Host latency: 6.8457 ms (enqueue 4.12305 ms)
[10/04/2026-22:07:53] [I] Average on 1 runs - GPU latency: 6.78711 ms - Host latency: 6.85352 ms (enqueue 4.12109 ms)
[10/04/2026-22:07:53] [I] Average on 1 runs - GPU latency: 6.77148 ms - Host latency: 6.83984 ms (enqueue 4.11719 ms)
[10/04/2026-22:07:53] [I] Average on 1 runs - GPU latency: 6.76953 ms - Host latency: 6.84375 ms (enqueue 4.11914 ms)
[10/04/2026-22:07:53] [I] Average on 1 runs - GPU latency: 6.7793 ms - Host latency: 6.84375 ms (enqueue 4.0918 ms)
[10/04/2026-22:07:53] [I] Average on 1 runs - GPU latency: 6.76758 ms - Host latency: 6.83203 ms (enqueue 4.10156 ms)
[10/04/2026-22:07:53] [I] Average on 1 runs - GPU latency: 6.76562 ms - Host latency: 6.83008 ms (enqueue 4.10352 ms)
[10/04/2026-22:07:53] [I] Average on 1 runs - GPU latency: 6.76953 ms - Host latency: 6.83594 ms (enqueue 4.19141 ms)
[10/04/2026-22:07:53] [I] Average on 1 runs - GPU latency: 6.76172 ms - Host latency: 6.82812 ms (enqueue 4.15039 ms)
[10/04/2026-22:07:53] [I] Average on 1 runs - GPU latency: 6.76953 ms - Host latency: 6.83398 ms (enqueue 4.16406 ms)
[10/04/2026-22:07:53] [I] Average on 1 runs - GPU latency: 6.76562 ms - Host latency: 6.83008 ms (enqueue 4.16211 ms)
[10/04/2026-22:07:53] [I] Average on 1 runs - GPU latency: 6.76562 ms - Host latency: 6.83203 ms (enqueue 4.16016 ms)
[10/04/2026-22:07:53] [I] Average on 1 runs - GPU latency: 6.77344 ms - Host latency: 6.8418 ms (enqueue 4.12695 ms)
[10/04/2026-22:07:53] [I] Average on 1 runs - GPU latency: 6.76172 ms - Host latency: 6.82617 ms (enqueue 4.10938 ms)
[10/04/2026-22:07:53] [I] Average on 1 runs - GPU latency: 6.77539 ms - Host latency: 6.83984 ms (enqueue 4.08594 ms)
[10/04/2026-22:07:53] [I] Average on 1 runs - GPU latency: 6.76953 ms - Host latency: 6.83789 ms (enqueue 4.06445 ms)
[10/04/2026-22:07:53] [I] Average on 1 runs - GPU latency: 6.76758 ms - Host latency: 6.83789 ms (enqueue 4.08398 ms)
[10/04/2026-22:07:53] [I] Average on 1 runs - GPU latency: 6.77734 ms - Host latency: 6.8457 ms (enqueue 4.09375 ms)
[10/04/2026-22:07:53] [I] Average on 1 runs - GPU latency: 6.78906 ms - Host latency: 6.85938 ms (enqueue 4.13086 ms)
[10/04/2026-22:07:53] [I] 
[10/04/2026-22:07:53] [I] === Performance summary ===
[10/04/2026-22:07:53] [I] Throughput: 121.251 qps
[10/04/2026-22:07:53] [I] Latency: min = 6.81836 ms, max = 6.95483 ms, mean = 6.84133 ms, median = 6.83887 ms, percentile(90%) = 6.85522 ms, percentile(95%) = 6.86328 ms, percentile(99%) = 6.88184 ms
[10/04/2026-22:07:53] [I] Enqueue Time: min = 2.02197 ms, max = 4.60742 ms, mean = 4.06721 ms, median = 4.1123 ms, percentile(90%) = 4.15723 ms, percentile(95%) = 4.1748 ms, percentile(99%) = 4.23584 ms
[10/04/2026-22:07:53] [I] H2D Latency: min = 0.0551758 ms, max = 0.144531 ms, mean = 0.0639903 ms, median = 0.0620117 ms, percentile(90%) = 0.0712891 ms, percentile(95%) = 0.0742188 ms, percentile(99%) = 0.0844727 ms
[10/04/2026-22:07:53] [I] GPU Compute Time: min = 6.75391 ms, max = 6.83984 ms, mean = 6.77327 ms, median = 6.77148 ms, percentile(90%) = 6.78369 ms, percentile(95%) = 6.79004 ms, percentile(99%) = 6.80859 ms
[10/04/2026-22:07:53] [I] D2H Latency: min = 0.00195312 ms, max = 0.00927734 ms, mean = 0.00407495 ms, median = 0.00390625 ms, percentile(90%) = 0.00488281 ms, percentile(95%) = 0.00488281 ms, percentile(99%) = 0.00585938 ms
[10/04/2026-22:07:53] [I] Total Host Walltime: 15.0266 s
[10/04/2026-22:07:53] [I] Total GPU Compute Time: 12.3409 s
[10/04/2026-22:07:53] [I] Explanations of the performance metrics are printed in the verbose logs.
[10/04/2026-22:07:53] [I] 
&&&& PASSED TensorRT.trtexec [TensorRT v100300] # /usr/src/tensorrt/bin/trtexec --loadEngine=/tmp/engines/y26s_640_uint8_opt3.engine --warmUp=3000 --duration=15 --idleTime=4 --avgRuns=1
