&&&& RUNNING TensorRT.trtexec [TensorRT v100300] # /usr/src/tensorrt/bin/trtexec --loadEngine=/tmp/engines/y26s_640_uint8_opt3.engine --warmUp=3000 --duration=15 --idleTime=8 --avgRuns=1
[10/04/2026-22:16:16] [I] === Model Options ===
[10/04/2026-22:16:16] [I] Format: *
[10/04/2026-22:16:16] [I] Model: 
[10/04/2026-22:16:16] [I] Output:
[10/04/2026-22:16:16] [I] 
[10/04/2026-22:16:16] [I] === System Options ===
[10/04/2026-22:16:16] [I] Device: 0
[10/04/2026-22:16:16] [I] DLACore: 
[10/04/2026-22:16:16] [I] Plugins:
[10/04/2026-22:16:16] [I] setPluginsToSerialize:
[10/04/2026-22:16:16] [I] dynamicPlugins:
[10/04/2026-22:16:16] [I] ignoreParsedPluginLibs: 0
[10/04/2026-22:16:16] [I] 
[10/04/2026-22:16:16] [I] === Inference Options ===
[10/04/2026-22:16:16] [I] Batch: Explicit
[10/04/2026-22:16:16] [I] Input inference shapes: model
[10/04/2026-22:16:16] [I] Iterations: 10
[10/04/2026-22:16:16] [I] Duration: 15s (+ 3000ms warm up)
[10/04/2026-22:16:16] [I] Sleep time: 0ms
[10/04/2026-22:16:16] [I] Idle time: 8ms
[10/04/2026-22:16:16] [I] Inference Streams: 1
[10/04/2026-22:16:16] [I] ExposeDMA: Disabled
[10/04/2026-22:16:16] [I] Data transfers: Enabled
[10/04/2026-22:16:16] [I] Spin-wait: Disabled
[10/04/2026-22:16:16] [I] Multithreading: Disabled
[10/04/2026-22:16:16] [I] CUDA Graph: Disabled
[10/04/2026-22:16:16] [I] Separate profiling: Disabled
[10/04/2026-22:16:16] [I] Time Deserialize: Disabled
[10/04/2026-22:16:16] [I] Time Refit: Disabled
[10/04/2026-22:16:16] [I] NVTX verbosity: 0
[10/04/2026-22:16:16] [I] Persistent Cache Ratio: 0
[10/04/2026-22:16:16] [I] Optimization Profile Index: 0
[10/04/2026-22:16:16] [I] Weight Streaming Budget: 100.000000%
[10/04/2026-22:16:16] [I] Inputs:
[10/04/2026-22:16:16] [I] Debug Tensor Save Destinations:
[10/04/2026-22:16:16] [I] === Reporting Options ===
[10/04/2026-22:16:16] [I] Verbose: Disabled
[10/04/2026-22:16:16] [I] Averages: 1 inferences
[10/04/2026-22:16:16] [I] Percentiles: 90,95,99
[10/04/2026-22:16:16] [I] Dump refittable layers:Disabled
[10/04/2026-22:16:16] [I] Dump output: Disabled
[10/04/2026-22:16:16] [I] Profile: Disabled
[10/04/2026-22:16:16] [I] Export timing to JSON file: 
[10/04/2026-22:16:16] [I] Export output to JSON file: 
[10/04/2026-22:16:16] [I] Export profile to JSON file: 
[10/04/2026-22:16:16] [I] 
[10/04/2026-22:16:16] [I] === Device Information ===
[10/04/2026-22:16:16] [I] Available Devices: 
[10/04/2026-22:16:16] [I]   Device 0: "Orin" UUID: GPU-6e16c2c1-e394-5324-8f2e-63a975968f4e
[10/04/2026-22:16:16] [I] Selected Device: Orin
[10/04/2026-22:16:16] [I] Selected Device ID: 0
[10/04/2026-22:16:16] [I] Selected Device UUID: GPU-6e16c2c1-e394-5324-8f2e-63a975968f4e
[10/04/2026-22:16:16] [I] Compute Capability: 8.7
[10/04/2026-22:16:16] [I] SMs: 8
[10/04/2026-22:16:16] [I] Device Global Memory: 7607 MiB
[10/04/2026-22:16:16] [I] Shared Memory per SM: 164 KiB
[10/04/2026-22:16:16] [I] Memory Bus Width: 128 bits (ECC disabled)
[10/04/2026-22:16:16] [I] Application Compute Clock Rate: 1.02 GHz
[10/04/2026-22:16:16] [I] Application Memory Clock Rate: 1.02 GHz
[10/04/2026-22:16:16] [I] 
[10/04/2026-22:16:16] [I] Note: The application clock rates do not reflect the actual clock rates that the GPU is currently running at.
[10/04/2026-22:16:16] [I] 
[10/04/2026-22:16:16] [I] TensorRT version: 10.3.0
[10/04/2026-22:16:16] [I] Loading standard plugins
[10/04/2026-22:16:16] [I] [TRT] Loaded engine size: 21 MiB
[10/04/2026-22:16:16] [I] Engine deserialized in 0.0756817 sec.
[10/04/2026-22:16:16] [I] [TRT] [MemUsageChange] TensorRT-managed allocation in IExecutionContext creation: CPU +0, GPU +18, now: CPU 0, GPU 36 (MiB)
[10/04/2026-22:16:16] [I] Setting persistentCacheLimit to 0 bytes.
[10/04/2026-22:16:16] [I] Created execution context with device memory size: 18.1641 MiB
[10/04/2026-22:16:16] [I] Using random values for input images
[10/04/2026-22:16:16] [I] Input binding for images with dimensions 1x640x640x3 is created.
[10/04/2026-22:16:16] [I] Output binding for output0 with dimensions 1x300x6 is created.
[10/04/2026-22:16:16] [I] Starting inference
[10/04/2026-22:16:34] [I] Warmup completed 435 queries over 3000 ms
[10/04/2026-22:16:34] [I] Timing trace has 1470 queries over 15.0213 s
[10/04/2026-22:16:34] [I] 
[10/04/2026-22:16:34] [I] === Trace details ===
[10/04/2026-22:16:34] [I] Trace averages of 1 runs:
[10/04/2026-22:16:34] [I] Average on 1 runs - GPU latency: 6.80518 ms - Host latency: 6.92407 ms (enqueue 2.0752 ms)
[10/04/2026-22:16:34] [I] Average on 1 runs - GPU latency: 6.77344 ms - Host latency: 6.90381 ms (enqueue 2.08521 ms)
[10/04/2026-22:16:34] [I] Average on 1 runs - GPU latency: 6.76929 ms - Host latency: 6.83716 ms (enqueue 2.16333 ms)
[10/04/2026-22:16:34] [I] Average on 1 runs - GPU latency: 6.78027 ms - Host latency: 6.84204 ms (enqueue 2.10132 ms)
[10/04/2026-22:16:34] [I] Average on 1 runs - GPU latency: 6.78174 ms - Host latency: 6.8457 ms (enqueue 2.03271 ms)
[10/04/2026-22:16:34] [I] Average on 1 runs - GPU latency: 6.76904 ms - Host latency: 6.83179 ms (enqueue 2.09497 ms)
[10/04/2026-22:16:34] [I] Average on 1 runs - GPU latency: 6.77417 ms - Host latency: 6.83545 ms (enqueue 2.09082 ms)
[10/04/2026-22:16:34] [I] Average on 1 runs - GPU latency: 6.77905 ms - Host latency: 6.84448 ms (enqueue 2.01562 ms)
[10/04/2026-22:16:34] [I] Average on 1 runs - GPU latency: 6.77051 ms - Host latency: 6.83057 ms (enqueue 2.06201 ms)
[10/04/2026-22:16:34] [I] Average on 1 runs - GPU latency: 6.77271 ms - Host latency: 6.83276 ms (enqueue 2.02417 ms)
[10/04/2026-22:16:34] [I] Average on 1 runs - GPU latency: 6.77515 ms - Host latency: 6.84058 ms (enqueue 2.06787 ms)
[10/04/2026-22:16:34] [I] Average on 1 runs - GPU latency: 6.76611 ms - Host latency: 6.82812 ms (enqueue 2.07861 ms)
[10/04/2026-22:16:34] [I] Average on 1 runs - GPU latency: 6.77271 ms - Host latency: 6.83228 ms (enqueue 2.08179 ms)
[10/04/2026-22:16:34] [I] Average on 1 runs - GPU latency: 6.77759 ms - Host latency: 6.84204 ms (enqueue 2.16821 ms)
[10/04/2026-22:16:34] [I] Average on 1 runs - GPU latency: 6.78296 ms - Host latency: 6.84741 ms (enqueue 2.04492 ms)
[10/04/2026-22:16:34] [I] Average on 1 runs - GPU latency: 6.77759 ms - Host latency: 6.84277 ms (enqueue 2.01807 ms)
[10/04/2026-22:16:34] [I] Average on 1 runs - GPU latency: 6.76782 ms - Host latency: 6.83203 ms (enqueue 2.05371 ms)
[10/04/2026-22:16:34] [I] Average on 1 runs - GPU latency: 6.7793 ms - Host latency: 6.84399 ms (enqueue 2.06982 ms)
[10/04/2026-22:16:34] [I] Average on 1 runs - GPU latency: 6.77148 ms - Host latency: 6.83276 ms (enqueue 2.03809 ms)
[10/04/2026-22:16:34] [I] Average on 1 runs - GPU latency: 6.76953 ms - Host latency: 6.83398 ms (enqueue 2.06519 ms)
[10/04/2026-22:16:34] [I] Average on 1 runs - GPU latency: 6.77686 ms - Host latency: 6.83984 ms (enqueue 2.02368 ms)
[10/04/2026-22:16:34] [I] Average on 1 runs - GPU latency: 6.7832 ms - Host latency: 6.84595 ms (enqueue 2.11108 ms)
[10/04/2026-22:16:34] [I] Average on 1 runs - GPU latency: 6.78418 ms - Host latency: 6.8479 ms (enqueue 2.0293 ms)
[10/04/2026-22:16:34] [I] Average on 1 runs - GPU latency: 6.77393 ms - Host latency: 6.83521 ms (enqueue 2.1731 ms)
[10/04/2026-22:16:34] [I] Average on 1 runs - GPU latency: 6.78369 ms - Host latency: 6.84399 ms (enqueue 2.03638 ms)
[10/04/2026-22:16:34] [I] Average on 1 runs - GPU latency: 6.7771 ms - Host latency: 6.84106 ms (enqueue 2.05273 ms)
[10/04/2026-22:16:34] [I] Average on 1 runs - GPU latency: 6.77759 ms - Host latency: 6.83887 ms (enqueue 2.09253 ms)
[10/04/2026-22:16:34] [I] Average on 1 runs - GPU latency: 6.77686 ms - Host latency: 6.83789 ms (enqueue 2.0625 ms)
[10/04/2026-22:16:34] [I] Average on 1 runs - GPU latency: 6.77124 ms - Host latency: 6.83521 ms (enqueue 2.05469 ms)
[10/04/2026-22:16:34] [I] Average on 1 runs - GPU latency: 6.76758 ms - Host latency: 6.83765 ms (enqueue 2.02393 ms)
[10/04/2026-22:16:34] [I] Average on 1 runs - GPU latency: 6.76904 ms - Host latency: 6.82983 ms (enqueue 2.23145 ms)
[10/04/2026-22:16:34] [I] Average on 1 runs - GPU latency: 6.77881 ms - Host latency: 6.8418 ms (enqueue 2.08081 ms)
[10/04/2026-22:16:34] [I] Average on 1 runs - GPU latency: 6.77881 ms - Host latency: 6.83862 ms (enqueue 2.11108 ms)
[10/04/2026-22:16:34] [I] Average on 1 runs - GPU latency: 6.77759 ms - Host latency: 6.83765 ms (enqueue 2.05591 ms)
[10/04/2026-22:16:34] [I] Average on 1 runs - GPU latency: 6.77246 ms - Host latency: 6.83228 ms (enqueue 2.11865 ms)
[10/04/2026-22:16:34] [I] Average on 1 runs - GPU latency: 6.77222 ms - Host latency: 6.83472 ms (enqueue 2.35107 ms)
[10/04/2026-22:16:34] [I] Average on 1 runs - GPU latency: 6.80029 ms - Host latency: 6.86548 ms (enqueue 2.32056 ms)
[10/04/2026-22:16:34] [I] Average on 1 runs - GPU latency: 6.79248 ms - Host latency: 6.86475 ms (enqueue 2.40967 ms)
[10/04/2026-22:16:34] [I] Average on 1 runs - GPU latency: 6.79175 ms - Host latency: 6.85815 ms (enqueue 2.20947 ms)
[10/04/2026-22:16:34] [I] Average on 1 runs - GPU latency: 6.77979 ms - Host latency: 6.84619 ms (enqueue 2.27368 ms)
[10/04/2026-22:16:34] [I] Average on 1 runs - GPU latency: 6.76978 ms - Host latency: 6.83521 ms (enqueue 2.20459 ms)
[10/04/2026-22:16:34] [I] Average on 1 runs - GPU latency: 6.77441 ms - Host latency: 6.83911 ms (enqueue 2.10059 ms)
[10/04/2026-22:16:34] [I] Average on 1 runs - GPU latency: 6.77246 ms - Host latency: 6.83618 ms (enqueue 2.07788 ms)
[10/04/2026-22:16:34] [I] Average on 1 runs - GPU latency: 6.78052 ms - Host latency: 6.84448 ms (enqueue 2.146 ms)
[10/04/2026-22:16:34] [I] Average on 1 runs - GPU latency: 6.76929 ms - Host latency: 6.83252 ms (enqueue 2.08325 ms)
[10/04/2026-22:16:34] [I] Average on 1 runs - GPU latency: 6.78931 ms - Host latency: 6.85376 ms (enqueue 2.07593 ms)
[10/04/2026-22:16:34] [I] Average on 1 runs - GPU latency: 6.77222 ms - Host latency: 6.83789 ms (enqueue 2.09155 ms)
[10/04/2026-22:16:34] [I] Average on 1 runs - GPU latency: 6.78003 ms - Host latency: 6.84106 ms (enqueue 2.04736 ms)
[10/04/2026-22:16:34] [I] Average on 1 runs - GPU latency: 6.76636 ms - Host latency: 6.82812 ms (enqueue 2.06885 ms)
[10/04/2026-22:16:34] [I] Average on 1 runs - GPU latency: 6.77295 ms - Host latency: 6.83789 ms (enqueue 2.03247 ms)
[10/04/2026-22:16:34] [I] Average on 1 runs - GPU latency: 6.77954 ms - Host latency: 6.84351 ms (enqueue 2.07739 ms)
[10/04/2026-22:16:34] [I] Average on 1 runs - GPU latency: 6.78516 ms - Host latency: 6.84814 ms (enqueue 2.10498 ms)
[10/04/2026-22:16:34] [I] Average on 1 runs - GPU latency: 6.78149 ms - Host latency: 6.84546 ms (enqueue 1.99414 ms)
[10/04/2026-22:16:34] [I] Average on 1 runs - GPU latency: 6.77783 ms - Host latency: 6.84204 ms (enqueue 2.03198 ms)
[10/04/2026-22:16:34] [I] Average on 1 runs - GPU latency: 6.77539 ms - Host latency: 6.84009 ms (enqueue 1.99561 ms)
[10/04/2026-22:16:34] [I] Average on 1 runs - GPU latency: 6.77686 ms - Host latency: 6.8396 ms (enqueue 2.13184 ms)
[10/04/2026-22:16:34] [I] Average on 1 runs - GPU latency: 6.78125 ms - Host latency: 6.84448 ms (enqueue 2.04419 ms)
[10/04/2026-22:16:34] [I] Average on 1 runs - GPU latency: 6.77393 ms - Host latency: 6.83594 ms (enqueue 2.07422 ms)
[10/04/2026-22:16:34] [I] Average on 1 runs - GPU latency: 6.76782 ms - Host latency: 6.83008 ms (enqueue 2.04102 ms)
[10/04/2026-22:16:34] [I] Average on 1 runs - GPU latency: 6.78442 ms - Host latency: 6.85693 ms (enqueue 2.03467 ms)
[10/04/2026-22:16:34] [I] Average on 1 runs - GPU latency: 6.77954 ms - Host latency: 6.84277 ms (enqueue 2.08374 ms)
[10/04/2026-22:16:34] [I] Average on 1 runs - GPU latency: 6.77271 ms - Host latency: 6.83276 ms (enqueue 2.03125 ms)
[10/04/2026-22:16:34] [I] Average on 1 runs - GPU latency: 6.76465 ms - Host latency: 6.82812 ms (enqueue 2.0813 ms)
[10/04/2026-22:16:34] [I] Average on 1 runs - GPU latency: 6.76636 ms - Host latency: 6.83179 ms (enqueue 1.99146 ms)
[10/04/2026-22:16:34] [I] Average on 1 runs - GPU latency: 6.77954 ms - Host latency: 6.83936 ms (enqueue 2.0376 ms)
[10/04/2026-22:16:34] [I] Average on 1 runs - GPU latency: 6.77319 ms - Host latency: 6.83716 ms (enqueue 2.09351 ms)
[10/04/2026-22:16:34] [I] Average on 1 runs - GPU latency: 6.77808 ms - Host latency: 6.84204 ms (enqueue 2.05908 ms)
[10/04/2026-22:16:34] [I] Average on 1 runs - GPU latency: 6.77124 ms - Host latency: 6.83301 ms (enqueue 2.03125 ms)
[10/04/2026-22:16:34] [I] Average on 1 runs - GPU latency: 6.78613 ms - Host latency: 6.84766 ms (enqueue 2.06738 ms)
[10/04/2026-22:16:34] [I] Average on 1 runs - GPU latency: 6.77222 ms - Host latency: 6.83716 ms (enqueue 2.00854 ms)
[10/04/2026-22:16:34] [I] Average on 1 runs - GPU latency: 6.77588 ms - Host latency: 6.84521 ms (enqueue 2.11938 ms)
[10/04/2026-22:16:34] [I] Average on 1 runs - GPU latency: 6.78149 ms - Host latency: 6.84155 ms (enqueue 2.09985 ms)
[10/04/2026-22:16:34] [I] Average on 1 runs - GPU latency: 6.77246 ms - Host latency: 6.83594 ms (enqueue 2.00342 ms)
[10/04/2026-22:16:34] [I] Average on 1 runs - GPU latency: 6.77856 ms - Host latency: 6.84009 ms (enqueue 2.05884 ms)
[10/04/2026-22:16:34] [I] Average on 1 runs - GPU latency: 6.78003 ms - Host latency: 6.84131 ms (enqueue 2.03125 ms)
[10/04/2026-22:16:34] [I] Average on 1 runs - GPU latency: 6.78125 ms - Host latency: 6.84692 ms (enqueue 2.09424 ms)
[10/04/2026-22:16:34] [I] Average on 1 runs - GPU latency: 6.77466 ms - Host latency: 6.83716 ms (enqueue 2.03906 ms)
[10/04/2026-22:16:34] [I] Average on 1 runs - GPU latency: 6.77808 ms - Host latency: 6.8418 ms (enqueue 2.08447 ms)
[10/04/2026-22:16:34] [I] Average on 1 runs - GPU latency: 6.7749 ms - Host latency: 6.83911 ms (enqueue 1.99756 ms)
[10/04/2026-22:16:34] [I] Average on 1 runs - GPU latency: 6.78345 ms - Host latency: 6.84595 ms (enqueue 2.2395 ms)
[10/04/2026-22:16:34] [I] Average on 1 runs - GPU latency: 6.77368 ms - Host latency: 6.83447 ms (enqueue 2.11816 ms)
[10/04/2026-22:16:34] [I] Average on 1 runs - GPU latency: 6.77344 ms - Host latency: 6.83545 ms (enqueue 2.04834 ms)
[10/04/2026-22:16:34] [I] Average on 1 runs - GPU latency: 6.7793 ms - Host latency: 6.84106 ms (enqueue 2.08716 ms)
[10/04/2026-22:16:34] [I] Average on 1 runs - GPU latency: 6.78394 ms - Host latency: 6.84766 ms (enqueue 2.06152 ms)
[10/04/2026-22:16:34] [I] Average on 1 runs - GPU latency: 6.77344 ms - Host latency: 6.83423 ms (enqueue 2.32617 ms)
[10/04/2026-22:16:34] [I] Average on 1 runs - GPU latency: 6.77075 ms - Host latency: 6.83398 ms (enqueue 2.06226 ms)
[10/04/2026-22:16:34] [I] Average on 1 runs - GPU latency: 6.77588 ms - Host latency: 6.83984 ms (enqueue 2.07764 ms)
[10/04/2026-22:16:34] [I] Average on 1 runs - GPU latency: 6.77222 ms - Host latency: 6.83618 ms (enqueue 2.0498 ms)
[10/04/2026-22:16:34] [I] Average on 1 runs - GPU latency: 6.77319 ms - Host latency: 6.8335 ms (enqueue 2.0791 ms)
[10/04/2026-22:16:34] [I] Average on 1 runs - GPU latency: 6.79614 ms - Host latency: 6.85742 ms (enqueue 2.22046 ms)
[10/04/2026-22:16:34] [I] Average on 1 runs - GPU latency: 6.77979 ms - Host latency: 6.85522 ms (enqueue 2.42676 ms)
[10/04/2026-22:16:34] [I] Average on 1 runs - GPU latency: 6.78467 ms - Host latency: 6.85327 ms (enqueue 2.2439 ms)
[10/04/2026-22:16:34] [I] Average on 1 runs - GPU latency: 6.77734 ms - Host latency: 6.84692 ms (enqueue 2.29248 ms)
[10/04/2026-22:16:34] [I] Average on 1 runs - GPU latency: 6.7876 ms - Host latency: 6.85376 ms (enqueue 2.3894 ms)
[10/04/2026-22:16:34] [I] Average on 1 runs - GPU latency: 6.7688 ms - Host latency: 6.83301 ms (enqueue 2.16455 ms)
[10/04/2026-22:16:34] [I] Average on 1 runs - GPU latency: 6.77051 ms - Host latency: 6.83838 ms (enqueue 2.09644 ms)
[10/04/2026-22:16:34] [I] Average on 1 runs - GPU latency: 6.77002 ms - Host latency: 6.83301 ms (enqueue 2.09961 ms)
[10/04/2026-22:16:34] [I] Average on 1 runs - GPU latency: 6.771 ms - Host latency: 6.83276 ms (enqueue 2.04175 ms)
[10/04/2026-22:16:34] [I] Average on 1 runs - GPU latency: 6.77783 ms - Host latency: 6.84326 ms (enqueue 2.05225 ms)
[10/04/2026-22:16:34] [I] Average on 1 runs - GPU latency: 6.78345 ms - Host latency: 6.84961 ms (enqueue 2.09814 ms)
[10/04/2026-22:16:34] [I] Average on 1 runs - GPU latency: 6.78467 ms - Host latency: 6.8457 ms (enqueue 2.09985 ms)
[10/04/2026-22:16:34] [I] Average on 1 runs - GPU latency: 6.7771 ms - Host latency: 6.84277 ms (enqueue 2.01758 ms)
[10/04/2026-22:16:34] [I] Average on 1 runs - GPU latency: 6.77905 ms - Host latency: 6.84277 ms (enqueue 2.05542 ms)
[10/04/2026-22:16:34] [I] Average on 1 runs - GPU latency: 6.78784 ms - Host latency: 6.85083 ms (enqueue 2.06348 ms)
[10/04/2026-22:16:34] [I] Average on 1 runs - GPU latency: 6.77222 ms - Host latency: 6.83813 ms (enqueue 2.03491 ms)
[10/04/2026-22:16:34] [I] Average on 1 runs - GPU latency: 6.78271 ms - Host latency: 6.84473 ms (enqueue 2.08423 ms)
[10/04/2026-22:16:34] [I] Average on 1 runs - GPU latency: 6.77954 ms - Host latency: 6.84155 ms (enqueue 2.03418 ms)
[10/04/2026-22:16:34] [I] Average on 1 runs - GPU latency: 6.77466 ms - Host latency: 6.84033 ms (enqueue 2.05688 ms)
[10/04/2026-22:16:34] [I] Average on 1 runs - GPU latency: 6.771 ms - Host latency: 6.83447 ms (enqueue 2.00977 ms)
[10/04/2026-22:16:34] [I] Average on 1 runs - GPU latency: 6.77881 ms - Host latency: 6.84131 ms (enqueue 2.0957 ms)
[10/04/2026-22:16:34] [I] Average on 1 runs - GPU latency: 6.78027 ms - Host latency: 6.84424 ms (enqueue 2.0166 ms)
[10/04/2026-22:16:34] [I] Average on 1 runs - GPU latency: 6.78369 ms - Host latency: 6.85498 ms (enqueue 2.0791 ms)
[10/04/2026-22:16:34] [I] Average on 1 runs - GPU latency: 6.78076 ms - Host latency: 6.84082 ms (enqueue 2.04932 ms)
[10/04/2026-22:16:34] [I] Average on 1 runs - GPU latency: 6.77686 ms - Host latency: 6.8418 ms (enqueue 2.18066 ms)
[10/04/2026-22:16:34] [I] Average on 1 runs - GPU latency: 6.77002 ms - Host latency: 6.83594 ms (enqueue 2.08838 ms)
[10/04/2026-22:16:34] [I] Average on 1 runs - GPU latency: 6.78613 ms - Host latency: 6.84814 ms (enqueue 2.04053 ms)
[10/04/2026-22:16:34] [I] Average on 1 runs - GPU latency: 6.77734 ms - Host latency: 6.8418 ms (enqueue 2.04736 ms)
[10/04/2026-22:16:34] [I] Average on 1 runs - GPU latency: 6.77295 ms - Host latency: 6.8374 ms (enqueue 1.99268 ms)
[10/04/2026-22:16:34] [I] Average on 1 runs - GPU latency: 6.7793 ms - Host latency: 6.84375 ms (enqueue 2.06885 ms)
[10/04/2026-22:16:34] [I] Average on 1 runs - GPU latency: 6.77295 ms - Host latency: 6.83984 ms (enqueue 2.05664 ms)
[10/04/2026-22:16:34] [I] Average on 1 runs - GPU latency: 6.78076 ms - Host latency: 6.84521 ms (enqueue 2.0625 ms)
[10/04/2026-22:16:34] [I] Average on 1 runs - GPU latency: 6.76758 ms - Host latency: 6.82812 ms (enqueue 2.01221 ms)
[10/04/2026-22:16:34] [I] Average on 1 runs - GPU latency: 6.7793 ms - Host latency: 6.84326 ms (enqueue 2.04248 ms)
[10/04/2026-22:16:34] [I] Average on 1 runs - GPU latency: 6.78369 ms - Host latency: 6.84473 ms (enqueue 2.07861 ms)
[10/04/2026-22:16:34] [I] Average on 1 runs - GPU latency: 6.76807 ms - Host latency: 6.83301 ms (enqueue 2.1084 ms)
[10/04/2026-22:16:34] [I] Average on 1 runs - GPU latency: 6.76904 ms - Host latency: 6.83545 ms (enqueue 2.04492 ms)
[10/04/2026-22:16:34] [I] Average on 1 runs - GPU latency: 6.78174 ms - Host latency: 6.84229 ms (enqueue 2.00977 ms)
[10/04/2026-22:16:34] [I] Average on 1 runs - GPU latency: 6.78223 ms - Host latency: 6.84375 ms (enqueue 2.08936 ms)
[10/04/2026-22:16:34] [I] Average on 1 runs - GPU latency: 6.77441 ms - Host latency: 6.83496 ms (enqueue 2.2793 ms)
[10/04/2026-22:16:34] [I] Average on 1 runs - GPU latency: 6.77246 ms - Host latency: 6.83887 ms (enqueue 2.12842 ms)
[10/04/2026-22:16:34] [I] Average on 1 runs - GPU latency: 6.78223 ms - Host latency: 6.8457 ms (enqueue 2.06494 ms)
[10/04/2026-22:16:34] [I] Average on 1 runs - GPU latency: 6.78125 ms - Host latency: 6.8418 ms (enqueue 2.08643 ms)
[10/04/2026-22:16:34] [I] Average on 1 runs - GPU latency: 6.77344 ms - Host latency: 6.83545 ms (enqueue 2.03662 ms)
[10/04/2026-22:16:34] [I] Average on 1 runs - GPU latency: 6.78076 ms - Host latency: 6.8418 ms (enqueue 2.26025 ms)
[10/04/2026-22:16:34] [I] Average on 1 runs - GPU latency: 6.77441 ms - Host latency: 6.83496 ms (enqueue 2.10352 ms)
[10/04/2026-22:16:34] [I] Average on 1 runs - GPU latency: 6.771 ms - Host latency: 6.83301 ms (enqueue 2.05469 ms)
[10/04/2026-22:16:34] [I] Average on 1 runs - GPU latency: 6.77734 ms - Host latency: 6.84033 ms (enqueue 2.09961 ms)
[10/04/2026-22:16:34] [I] Average on 1 runs - GPU latency: 6.77246 ms - Host latency: 6.83691 ms (enqueue 2.05664 ms)
[10/04/2026-22:16:34] [I] Average on 1 runs - GPU latency: 6.78418 ms - Host latency: 6.84717 ms (enqueue 2.13281 ms)
[10/04/2026-22:16:34] [I] Average on 1 runs - GPU latency: 6.77588 ms - Host latency: 6.83887 ms (enqueue 2.05225 ms)
[10/04/2026-22:16:34] [I] Average on 1 runs - GPU latency: 6.78223 ms - Host latency: 6.84521 ms (enqueue 2.08057 ms)
[10/04/2026-22:16:34] [I] Average on 1 runs - GPU latency: 6.77588 ms - Host latency: 6.83691 ms (enqueue 2.0415 ms)
[10/04/2026-22:16:34] [I] Average on 1 runs - GPU latency: 6.79297 ms - Host latency: 6.854 ms (enqueue 2.08398 ms)
[10/04/2026-22:16:34] [I] Average on 1 runs - GPU latency: 6.79199 ms - Host latency: 6.86621 ms (enqueue 2.49316 ms)
[10/04/2026-22:16:34] [I] Average on 1 runs - GPU latency: 6.78809 ms - Host latency: 6.85596 ms (enqueue 2.22412 ms)
[10/04/2026-22:16:34] [I] Average on 1 runs - GPU latency: 6.78271 ms - Host latency: 6.85449 ms (enqueue 2.3667 ms)
[10/04/2026-22:16:34] [I] Average on 1 runs - GPU latency: 6.79443 ms - Host latency: 6.86182 ms (enqueue 2.14502 ms)
[10/04/2026-22:16:34] [I] Average on 1 runs - GPU latency: 6.78467 ms - Host latency: 6.84717 ms (enqueue 2.28369 ms)
[10/04/2026-22:16:34] [I] Average on 1 runs - GPU latency: 6.78076 ms - Host latency: 6.8418 ms (enqueue 2.09229 ms)
[10/04/2026-22:16:34] [I] Average on 1 runs - GPU latency: 6.77637 ms - Host latency: 6.84229 ms (enqueue 2.00977 ms)
[10/04/2026-22:16:34] [I] Average on 1 runs - GPU latency: 6.77539 ms - Host latency: 6.84082 ms (enqueue 2.08447 ms)
[10/04/2026-22:16:34] [I] Average on 1 runs - GPU latency: 6.77686 ms - Host latency: 6.83887 ms (enqueue 2.00977 ms)
[10/04/2026-22:16:34] [I] Average on 1 runs - GPU latency: 6.77441 ms - Host latency: 6.84912 ms (enqueue 2.06787 ms)
[10/04/2026-22:16:34] [I] Average on 1 runs - GPU latency: 6.77441 ms - Host latency: 6.8374 ms (enqueue 2.03613 ms)
[10/04/2026-22:16:34] [I] Average on 1 runs - GPU latency: 6.77832 ms - Host latency: 6.83789 ms (enqueue 2.06055 ms)
[10/04/2026-22:16:34] [I] Average on 1 runs - GPU latency: 6.7793 ms - Host latency: 6.84033 ms (enqueue 2.01123 ms)
[10/04/2026-22:16:34] [I] Average on 1 runs - GPU latency: 6.76855 ms - Host latency: 6.8291 ms (enqueue 2.06494 ms)
[10/04/2026-22:16:34] [I] Average on 1 runs - GPU latency: 6.7749 ms - Host latency: 6.83594 ms (enqueue 2.0127 ms)
[10/04/2026-22:16:34] [I] Average on 1 runs - GPU latency: 6.77734 ms - Host latency: 6.83789 ms (enqueue 2.05029 ms)
[10/04/2026-22:16:34] [I] Average on 1 runs - GPU latency: 6.79053 ms - Host latency: 6.85205 ms (enqueue 2.06396 ms)
[10/04/2026-22:16:34] [I] Average on 1 runs - GPU latency: 6.77246 ms - Host latency: 6.83203 ms (enqueue 2.0376 ms)
[10/04/2026-22:16:34] [I] Average on 1 runs - GPU latency: 6.77881 ms - Host latency: 6.83936 ms (enqueue 2.07031 ms)
[10/04/2026-22:16:34] [I] Average on 1 runs - GPU latency: 6.77539 ms - Host latency: 6.83594 ms (enqueue 2.02783 ms)
[10/04/2026-22:16:34] [I] Average on 1 runs - GPU latency: 6.76416 ms - Host latency: 6.82812 ms (enqueue 2.11426 ms)
[10/04/2026-22:16:34] [I] Average on 1 runs - GPU latency: 6.77783 ms - Host latency: 6.84082 ms (enqueue 2.06738 ms)
[10/04/2026-22:16:34] [I] Average on 1 runs - GPU latency: 6.77441 ms - Host latency: 6.83496 ms (enqueue 2.09033 ms)
[10/04/2026-22:16:34] [I] Average on 1 runs - GPU latency: 6.76855 ms - Host latency: 6.82861 ms (enqueue 2.02197 ms)
[10/04/2026-22:16:34] [I] Average on 1 runs - GPU latency: 6.77441 ms - Host latency: 6.83496 ms (enqueue 2.09619 ms)
[10/04/2026-22:16:34] [I] Average on 1 runs - GPU latency: 6.77246 ms - Host latency: 6.83594 ms (enqueue 2.02197 ms)
[10/04/2026-22:16:34] [I] Average on 1 runs - GPU latency: 6.76953 ms - Host latency: 6.83447 ms (enqueue 1.98682 ms)
[10/04/2026-22:16:34] [I] Average on 1 runs - GPU latency: 6.78369 ms - Host latency: 6.84473 ms (enqueue 2.04199 ms)
[10/04/2026-22:16:34] [I] Average on 1 runs - GPU latency: 6.77393 ms - Host latency: 6.83545 ms (enqueue 2.00635 ms)
[10/04/2026-22:16:34] [I] Average on 1 runs - GPU latency: 6.78418 ms - Host latency: 6.84424 ms (enqueue 2.04932 ms)
[10/04/2026-22:16:34] [I] Average on 1 runs - GPU latency: 6.78271 ms - Host latency: 6.84326 ms (enqueue 2.06104 ms)
[10/04/2026-22:16:34] [I] Average on 1 runs - GPU latency: 6.78271 ms - Host latency: 6.84277 ms (enqueue 2.08398 ms)
[10/04/2026-22:16:34] [I] Average on 1 runs - GPU latency: 6.77686 ms - Host latency: 6.83936 ms (enqueue 2.01807 ms)
[10/04/2026-22:16:34] [I] Average on 1 runs - GPU latency: 6.78662 ms - Host latency: 6.84717 ms (enqueue 2.06299 ms)
[10/04/2026-22:16:34] [I] Average on 1 runs - GPU latency: 6.78906 ms - Host latency: 6.85547 ms (enqueue 2.04346 ms)
[10/04/2026-22:16:34] [I] Average on 1 runs - GPU latency: 6.77393 ms - Host latency: 6.83545 ms (enqueue 2.09814 ms)
[10/04/2026-22:16:34] [I] Average on 1 runs - GPU latency: 6.78125 ms - Host latency: 6.84277 ms (enqueue 2.0332 ms)
[10/04/2026-22:16:34] [I] Average on 1 runs - GPU latency: 6.76465 ms - Host latency: 6.82568 ms (enqueue 2.09033 ms)
[10/04/2026-22:16:34] [I] Average on 1 runs - GPU latency: 6.7666 ms - Host latency: 6.82764 ms (enqueue 2.06494 ms)
[10/04/2026-22:16:34] [I] Average on 1 runs - GPU latency: 6.77734 ms - Host latency: 6.8374 ms (enqueue 2.03564 ms)
[10/04/2026-22:16:34] [I] Average on 1 runs - GPU latency: 6.77148 ms - Host latency: 6.83203 ms (enqueue 2.10107 ms)
[10/04/2026-22:16:34] [I] Average on 1 runs - GPU latency: 6.77295 ms - Host latency: 6.83447 ms (enqueue 2.03223 ms)
[10/04/2026-22:16:34] [I] Average on 1 runs - GPU latency: 6.77588 ms - Host latency: 6.83643 ms (enqueue 2.08496 ms)
[10/04/2026-22:16:34] [I] Average on 1 runs - GPU latency: 6.77002 ms - Host latency: 6.83252 ms (enqueue 2.03076 ms)
[10/04/2026-22:16:34] [I] Average on 1 runs - GPU latency: 6.77539 ms - Host latency: 6.83789 ms (enqueue 2.09863 ms)
[10/04/2026-22:16:34] [I] Average on 1 runs - GPU latency: 6.771 ms - Host latency: 6.83203 ms (enqueue 2.04346 ms)
[10/04/2026-22:16:34] [I] Average on 1 runs - GPU latency: 6.7749 ms - Host latency: 6.83936 ms (enqueue 2.05762 ms)
[10/04/2026-22:16:34] [I] Average on 1 runs - GPU latency: 6.77637 ms - Host latency: 6.84033 ms (enqueue 2.00098 ms)
[10/04/2026-22:16:34] [I] Average on 1 runs - GPU latency: 6.77881 ms - Host latency: 6.84277 ms (enqueue 2.04688 ms)
[10/04/2026-22:16:34] [I] Average on 1 runs - GPU latency: 6.77002 ms - Host latency: 6.83301 ms (enqueue 2.10742 ms)
[10/04/2026-22:16:34] [I] Average on 1 runs - GPU latency: 6.7749 ms - Host latency: 6.84326 ms (enqueue 2.04443 ms)
[10/04/2026-22:16:34] [I] Average on 1 runs - GPU latency: 6.78516 ms - Host latency: 6.84668 ms (enqueue 2.08936 ms)
[10/04/2026-22:16:34] [I] Average on 1 runs - GPU latency: 6.78125 ms - Host latency: 6.84033 ms (enqueue 2.03809 ms)
[10/04/2026-22:16:34] [I] Average on 1 runs - GPU latency: 6.79004 ms - Host latency: 6.85352 ms (enqueue 2.2749 ms)
[10/04/2026-22:16:34] [I] Average on 1 runs - GPU latency: 6.80127 ms - Host latency: 6.87256 ms (enqueue 2.43652 ms)
[10/04/2026-22:16:34] [I] Average on 1 runs - GPU latency: 6.79102 ms - Host latency: 6.85938 ms (enqueue 2.33643 ms)
[10/04/2026-22:16:34] [I] Average on 1 runs - GPU latency: 6.77539 ms - Host latency: 6.84033 ms (enqueue 2.24219 ms)
[10/04/2026-22:16:34] [I] ... Omitting 1070 lines
[10/04/2026-22:16:34] [I] Average on 1 runs - GPU latency: 6.7793 ms - Host latency: 6.84375 ms (enqueue 2.10938 ms)
[10/04/2026-22:16:34] [I] Average on 1 runs - GPU latency: 6.77148 ms - Host latency: 6.83496 ms (enqueue 2.06152 ms)
[10/04/2026-22:16:34] [I] Average on 1 runs - GPU latency: 6.77441 ms - Host latency: 6.83496 ms (enqueue 2.08691 ms)
[10/04/2026-22:16:34] [I] Average on 1 runs - GPU latency: 6.77539 ms - Host latency: 6.83887 ms (enqueue 2.0166 ms)
[10/04/2026-22:16:34] [I] Average on 1 runs - GPU latency: 6.78027 ms - Host latency: 6.84473 ms (enqueue 2.09082 ms)
[10/04/2026-22:16:34] [I] Average on 1 runs - GPU latency: 6.77734 ms - Host latency: 6.83789 ms (enqueue 2.05664 ms)
[10/04/2026-22:16:34] [I] Average on 1 runs - GPU latency: 6.76953 ms - Host latency: 6.83203 ms (enqueue 2.10742 ms)
[10/04/2026-22:16:34] [I] Average on 1 runs - GPU latency: 6.77246 ms - Host latency: 6.83301 ms (enqueue 2.10059 ms)
[10/04/2026-22:16:34] [I] Average on 1 runs - GPU latency: 6.77051 ms - Host latency: 6.83105 ms (enqueue 2.03516 ms)
[10/04/2026-22:16:34] [I] Average on 1 runs - GPU latency: 6.77637 ms - Host latency: 6.83594 ms (enqueue 2.09082 ms)
[10/04/2026-22:16:34] [I] Average on 1 runs - GPU latency: 6.7832 ms - Host latency: 6.8457 ms (enqueue 2.05273 ms)
[10/04/2026-22:16:34] [I] Average on 1 runs - GPU latency: 6.77832 ms - Host latency: 6.8418 ms (enqueue 2.1084 ms)
[10/04/2026-22:16:34] [I] Average on 1 runs - GPU latency: 6.77441 ms - Host latency: 6.83398 ms (enqueue 2.05859 ms)
[10/04/2026-22:16:34] [I] Average on 1 runs - GPU latency: 6.77637 ms - Host latency: 6.83887 ms (enqueue 2.09277 ms)
[10/04/2026-22:16:34] [I] Average on 1 runs - GPU latency: 6.77539 ms - Host latency: 6.83496 ms (enqueue 2.05566 ms)
[10/04/2026-22:16:34] [I] Average on 1 runs - GPU latency: 6.77832 ms - Host latency: 6.8418 ms (enqueue 2.08887 ms)
[10/04/2026-22:16:34] [I] Average on 1 runs - GPU latency: 6.77637 ms - Host latency: 6.83789 ms (enqueue 2.09375 ms)
[10/04/2026-22:16:34] [I] Average on 1 runs - GPU latency: 6.77539 ms - Host latency: 6.85059 ms (enqueue 2.0918 ms)
[10/04/2026-22:16:34] [I] Average on 1 runs - GPU latency: 6.76562 ms - Host latency: 6.8252 ms (enqueue 2.10352 ms)
[10/04/2026-22:16:34] [I] Average on 1 runs - GPU latency: 6.77637 ms - Host latency: 6.83691 ms (enqueue 2.08691 ms)
[10/04/2026-22:16:34] [I] Average on 1 runs - GPU latency: 6.77344 ms - Host latency: 6.83398 ms (enqueue 2.20508 ms)
[10/04/2026-22:16:34] [I] Average on 1 runs - GPU latency: 6.77832 ms - Host latency: 6.83691 ms (enqueue 2.07324 ms)
[10/04/2026-22:16:34] [I] Average on 1 runs - GPU latency: 6.78516 ms - Host latency: 6.8457 ms (enqueue 2.11328 ms)
[10/04/2026-22:16:34] [I] Average on 1 runs - GPU latency: 6.77344 ms - Host latency: 6.83301 ms (enqueue 2.06055 ms)
[10/04/2026-22:16:34] [I] Average on 1 runs - GPU latency: 6.7793 ms - Host latency: 6.84082 ms (enqueue 2.09082 ms)
[10/04/2026-22:16:34] [I] Average on 1 runs - GPU latency: 6.77637 ms - Host latency: 6.83594 ms (enqueue 2.36426 ms)
[10/04/2026-22:16:34] [I] Average on 1 runs - GPU latency: 6.77441 ms - Host latency: 6.83789 ms (enqueue 2.06934 ms)
[10/04/2026-22:16:34] [I] Average on 1 runs - GPU latency: 6.77637 ms - Host latency: 6.83594 ms (enqueue 2.10938 ms)
[10/04/2026-22:16:34] [I] Average on 1 runs - GPU latency: 6.77246 ms - Host latency: 6.83301 ms (enqueue 2.06152 ms)
[10/04/2026-22:16:34] [I] Average on 1 runs - GPU latency: 6.77344 ms - Host latency: 6.83301 ms (enqueue 2.10059 ms)
[10/04/2026-22:16:34] [I] Average on 1 runs - GPU latency: 6.78418 ms - Host latency: 6.86523 ms (enqueue 2.1582 ms)
[10/04/2026-22:16:34] [I] Average on 1 runs - GPU latency: 6.77539 ms - Host latency: 6.83789 ms (enqueue 2.125 ms)
[10/04/2026-22:16:34] [I] Average on 1 runs - GPU latency: 6.77441 ms - Host latency: 6.84082 ms (enqueue 2.03906 ms)
[10/04/2026-22:16:34] [I] Average on 1 runs - GPU latency: 6.7793 ms - Host latency: 6.83789 ms (enqueue 2.07031 ms)
[10/04/2026-22:16:34] [I] Average on 1 runs - GPU latency: 6.77734 ms - Host latency: 6.83887 ms (enqueue 2.08301 ms)
[10/04/2026-22:16:34] [I] Average on 1 runs - GPU latency: 6.77148 ms - Host latency: 6.83594 ms (enqueue 2.09961 ms)
[10/04/2026-22:16:34] [I] Average on 1 runs - GPU latency: 6.77734 ms - Host latency: 6.84082 ms (enqueue 2.11523 ms)
[10/04/2026-22:16:34] [I] Average on 1 runs - GPU latency: 6.78125 ms - Host latency: 6.84277 ms (enqueue 2.07324 ms)
[10/04/2026-22:16:34] [I] Average on 1 runs - GPU latency: 6.77832 ms - Host latency: 6.83984 ms (enqueue 2.10938 ms)
[10/04/2026-22:16:34] [I] Average on 1 runs - GPU latency: 6.76562 ms - Host latency: 6.82812 ms (enqueue 2.04688 ms)
[10/04/2026-22:16:34] [I] Average on 1 runs - GPU latency: 6.78027 ms - Host latency: 6.84082 ms (enqueue 2.11523 ms)
[10/04/2026-22:16:34] [I] Average on 1 runs - GPU latency: 6.7793 ms - Host latency: 6.8418 ms (enqueue 2.08203 ms)
[10/04/2026-22:16:34] [I] Average on 1 runs - GPU latency: 6.77734 ms - Host latency: 6.83789 ms (enqueue 2.08789 ms)
[10/04/2026-22:16:34] [I] Average on 1 runs - GPU latency: 6.77148 ms - Host latency: 6.83008 ms (enqueue 2.04297 ms)
[10/04/2026-22:16:34] [I] Average on 1 runs - GPU latency: 6.7832 ms - Host latency: 6.84375 ms (enqueue 2.04297 ms)
[10/04/2026-22:16:34] [I] Average on 1 runs - GPU latency: 6.81055 ms - Host latency: 6.87305 ms (enqueue 2.22266 ms)
[10/04/2026-22:16:34] [I] Average on 1 runs - GPU latency: 6.7832 ms - Host latency: 6.85352 ms (enqueue 2.37109 ms)
[10/04/2026-22:16:34] [I] Average on 1 runs - GPU latency: 6.78711 ms - Host latency: 6.84766 ms (enqueue 2.26172 ms)
[10/04/2026-22:16:34] [I] Average on 1 runs - GPU latency: 6.79297 ms - Host latency: 6.85938 ms (enqueue 2.23438 ms)
[10/04/2026-22:16:34] [I] Average on 1 runs - GPU latency: 6.77734 ms - Host latency: 6.84375 ms (enqueue 2.20898 ms)
[10/04/2026-22:16:34] [I] Average on 1 runs - GPU latency: 6.77344 ms - Host latency: 6.83984 ms (enqueue 2.16602 ms)
[10/04/2026-22:16:34] [I] Average on 1 runs - GPU latency: 6.77539 ms - Host latency: 6.83984 ms (enqueue 2.05859 ms)
[10/04/2026-22:16:34] [I] Average on 1 runs - GPU latency: 6.7793 ms - Host latency: 6.8418 ms (enqueue 2.10547 ms)
[10/04/2026-22:16:34] [I] Average on 1 runs - GPU latency: 6.76758 ms - Host latency: 6.83008 ms (enqueue 2.05273 ms)
[10/04/2026-22:16:34] [I] Average on 1 runs - GPU latency: 6.77148 ms - Host latency: 6.83203 ms (enqueue 2.09961 ms)
[10/04/2026-22:16:34] [I] Average on 1 runs - GPU latency: 6.77734 ms - Host latency: 6.83789 ms (enqueue 2.07031 ms)
[10/04/2026-22:16:34] [I] Average on 1 runs - GPU latency: 6.7793 ms - Host latency: 6.8418 ms (enqueue 2.10742 ms)
[10/04/2026-22:16:34] [I] Average on 1 runs - GPU latency: 6.79883 ms - Host latency: 6.86133 ms (enqueue 2.05469 ms)
[10/04/2026-22:16:34] [I] Average on 1 runs - GPU latency: 6.7793 ms - Host latency: 6.85156 ms (enqueue 2.0957 ms)
[10/04/2026-22:16:34] [I] Average on 1 runs - GPU latency: 6.7832 ms - Host latency: 6.84375 ms (enqueue 2.06836 ms)
[10/04/2026-22:16:34] [I] Average on 1 runs - GPU latency: 6.76758 ms - Host latency: 6.82812 ms (enqueue 2.09375 ms)
[10/04/2026-22:16:34] [I] Average on 1 runs - GPU latency: 6.77734 ms - Host latency: 6.83594 ms (enqueue 2.08203 ms)
[10/04/2026-22:16:34] [I] Average on 1 runs - GPU latency: 6.76953 ms - Host latency: 6.83398 ms (enqueue 2.05273 ms)
[10/04/2026-22:16:34] [I] Average on 1 runs - GPU latency: 6.78125 ms - Host latency: 6.83984 ms (enqueue 2.10352 ms)
[10/04/2026-22:16:34] [I] Average on 1 runs - GPU latency: 6.76758 ms - Host latency: 6.83008 ms (enqueue 2.13867 ms)
[10/04/2026-22:16:34] [I] Average on 1 runs - GPU latency: 6.77148 ms - Host latency: 6.83398 ms (enqueue 2.13867 ms)
[10/04/2026-22:16:34] [I] Average on 1 runs - GPU latency: 6.7793 ms - Host latency: 6.83789 ms (enqueue 2.05078 ms)
[10/04/2026-22:16:34] [I] Average on 1 runs - GPU latency: 6.7793 ms - Host latency: 6.84375 ms (enqueue 2.05469 ms)
[10/04/2026-22:16:34] [I] Average on 1 runs - GPU latency: 6.77734 ms - Host latency: 6.83984 ms (enqueue 2.06641 ms)
[10/04/2026-22:16:34] [I] Average on 1 runs - GPU latency: 6.7832 ms - Host latency: 6.84375 ms (enqueue 2.30078 ms)
[10/04/2026-22:16:34] [I] Average on 1 runs - GPU latency: 6.7793 ms - Host latency: 6.8418 ms (enqueue 2.10742 ms)
[10/04/2026-22:16:34] [I] Average on 1 runs - GPU latency: 6.76758 ms - Host latency: 6.83008 ms (enqueue 2.05078 ms)
[10/04/2026-22:16:34] [I] Average on 1 runs - GPU latency: 6.76953 ms - Host latency: 6.83203 ms (enqueue 2.07422 ms)
[10/04/2026-22:16:34] [I] Average on 1 runs - GPU latency: 6.77734 ms - Host latency: 6.83789 ms (enqueue 2.03125 ms)
[10/04/2026-22:16:34] [I] Average on 1 runs - GPU latency: 6.78711 ms - Host latency: 6.84766 ms (enqueue 2.21484 ms)
[10/04/2026-22:16:34] [I] Average on 1 runs - GPU latency: 6.77734 ms - Host latency: 6.8457 ms (enqueue 2.14844 ms)
[10/04/2026-22:16:34] [I] Average on 1 runs - GPU latency: 6.77344 ms - Host latency: 6.83398 ms (enqueue 2.09961 ms)
[10/04/2026-22:16:34] [I] Average on 1 runs - GPU latency: 6.77539 ms - Host latency: 6.83789 ms (enqueue 2.12695 ms)
[10/04/2026-22:16:34] [I] Average on 1 runs - GPU latency: 6.7793 ms - Host latency: 6.83984 ms (enqueue 2.0625 ms)
[10/04/2026-22:16:34] [I] Average on 1 runs - GPU latency: 6.77344 ms - Host latency: 6.83984 ms (enqueue 2.27344 ms)
[10/04/2026-22:16:34] [I] Average on 1 runs - GPU latency: 6.76562 ms - Host latency: 6.83008 ms (enqueue 2.12109 ms)
[10/04/2026-22:16:34] [I] Average on 1 runs - GPU latency: 6.77344 ms - Host latency: 6.83398 ms (enqueue 2.11914 ms)
[10/04/2026-22:16:34] [I] Average on 1 runs - GPU latency: 6.7793 ms - Host latency: 6.84375 ms (enqueue 2.0918 ms)
[10/04/2026-22:16:34] [I] Average on 1 runs - GPU latency: 6.78125 ms - Host latency: 6.84375 ms (enqueue 2.10938 ms)
[10/04/2026-22:16:34] [I] Average on 1 runs - GPU latency: 6.77539 ms - Host latency: 6.83984 ms (enqueue 2.12109 ms)
[10/04/2026-22:16:34] [I] Average on 1 runs - GPU latency: 6.76953 ms - Host latency: 6.83203 ms (enqueue 2.06641 ms)
[10/04/2026-22:16:34] [I] Average on 1 runs - GPU latency: 6.78906 ms - Host latency: 6.85352 ms (enqueue 2.12109 ms)
[10/04/2026-22:16:34] [I] Average on 1 runs - GPU latency: 6.78125 ms - Host latency: 6.8418 ms (enqueue 2.04883 ms)
[10/04/2026-22:16:34] [I] Average on 1 runs - GPU latency: 6.77539 ms - Host latency: 6.83398 ms (enqueue 2.07227 ms)
[10/04/2026-22:16:34] [I] Average on 1 runs - GPU latency: 6.77734 ms - Host latency: 6.8418 ms (enqueue 2.08398 ms)
[10/04/2026-22:16:34] [I] Average on 1 runs - GPU latency: 6.76953 ms - Host latency: 6.83203 ms (enqueue 2.125 ms)
[10/04/2026-22:16:34] [I] Average on 1 runs - GPU latency: 6.78125 ms - Host latency: 6.8418 ms (enqueue 2.05078 ms)
[10/04/2026-22:16:34] [I] Average on 1 runs - GPU latency: 6.78711 ms - Host latency: 6.84766 ms (enqueue 2.08984 ms)
[10/04/2026-22:16:34] [I] Average on 1 runs - GPU latency: 6.77734 ms - Host latency: 6.83594 ms (enqueue 2.04688 ms)
[10/04/2026-22:16:34] [I] Average on 1 runs - GPU latency: 6.7793 ms - Host latency: 6.8418 ms (enqueue 2.08398 ms)
[10/04/2026-22:16:34] [I] Average on 1 runs - GPU latency: 6.7832 ms - Host latency: 6.84375 ms (enqueue 2.11914 ms)
[10/04/2026-22:16:34] [I] Average on 1 runs - GPU latency: 6.78125 ms - Host latency: 6.84375 ms (enqueue 2.07812 ms)
[10/04/2026-22:16:34] [I] Average on 1 runs - GPU latency: 6.78516 ms - Host latency: 6.8457 ms (enqueue 2.10742 ms)
[10/04/2026-22:16:34] [I] Average on 1 runs - GPU latency: 6.78906 ms - Host latency: 6.84766 ms (enqueue 2.10352 ms)
[10/04/2026-22:16:34] [I] Average on 1 runs - GPU latency: 6.79688 ms - Host latency: 6.87891 ms (enqueue 2.49414 ms)
[10/04/2026-22:16:34] [I] Average on 1 runs - GPU latency: 6.79102 ms - Host latency: 6.85938 ms (enqueue 2.32422 ms)
[10/04/2026-22:16:34] [I] Average on 1 runs - GPU latency: 6.78125 ms - Host latency: 6.85352 ms (enqueue 2.30469 ms)
[10/04/2026-22:16:34] [I] Average on 1 runs - GPU latency: 6.78711 ms - Host latency: 6.85742 ms (enqueue 2.28125 ms)
[10/04/2026-22:16:34] [I] Average on 1 runs - GPU latency: 6.76562 ms - Host latency: 6.83203 ms (enqueue 2.10352 ms)
[10/04/2026-22:16:34] [I] Average on 1 runs - GPU latency: 6.78125 ms - Host latency: 6.84766 ms (enqueue 2.13477 ms)
[10/04/2026-22:16:34] [I] Average on 1 runs - GPU latency: 6.78125 ms - Host latency: 6.8457 ms (enqueue 2.03125 ms)
[10/04/2026-22:16:34] [I] Average on 1 runs - GPU latency: 6.77148 ms - Host latency: 6.83594 ms (enqueue 2.06641 ms)
[10/04/2026-22:16:34] [I] Average on 1 runs - GPU latency: 6.76953 ms - Host latency: 6.83203 ms (enqueue 2.06641 ms)
[10/04/2026-22:16:34] [I] Average on 1 runs - GPU latency: 6.7793 ms - Host latency: 6.84375 ms (enqueue 1.99414 ms)
[10/04/2026-22:16:34] [I] Average on 1 runs - GPU latency: 6.78125 ms - Host latency: 6.8418 ms (enqueue 2.09961 ms)
[10/04/2026-22:16:34] [I] Average on 1 runs - GPU latency: 6.7832 ms - Host latency: 6.84375 ms (enqueue 2.0293 ms)
[10/04/2026-22:16:34] [I] Average on 1 runs - GPU latency: 6.77734 ms - Host latency: 6.8418 ms (enqueue 2.04883 ms)
[10/04/2026-22:16:34] [I] Average on 1 runs - GPU latency: 6.76562 ms - Host latency: 6.83008 ms (enqueue 2.02539 ms)
[10/04/2026-22:16:34] [I] Average on 1 runs - GPU latency: 6.7793 ms - Host latency: 6.84375 ms (enqueue 2.11914 ms)
[10/04/2026-22:16:34] [I] Average on 1 runs - GPU latency: 6.77539 ms - Host latency: 6.83984 ms (enqueue 2.0293 ms)
[10/04/2026-22:16:34] [I] Average on 1 runs - GPU latency: 6.77148 ms - Host latency: 6.83594 ms (enqueue 2.06641 ms)
[10/04/2026-22:16:34] [I] Average on 1 runs - GPU latency: 6.7793 ms - Host latency: 6.8418 ms (enqueue 2.0293 ms)
[10/04/2026-22:16:34] [I] Average on 1 runs - GPU latency: 6.77539 ms - Host latency: 6.83984 ms (enqueue 2.05859 ms)
[10/04/2026-22:16:34] [I] Average on 1 runs - GPU latency: 6.77148 ms - Host latency: 6.83594 ms (enqueue 2.10742 ms)
[10/04/2026-22:16:34] [I] Average on 1 runs - GPU latency: 6.7832 ms - Host latency: 6.8418 ms (enqueue 2.04297 ms)
[10/04/2026-22:16:34] [I] Average on 1 runs - GPU latency: 6.76953 ms - Host latency: 6.83398 ms (enqueue 2.02734 ms)
[10/04/2026-22:16:34] [I] Average on 1 runs - GPU latency: 6.77734 ms - Host latency: 6.83789 ms (enqueue 2.01953 ms)
[10/04/2026-22:16:34] [I] Average on 1 runs - GPU latency: 6.76953 ms - Host latency: 6.83008 ms (enqueue 2.08398 ms)
[10/04/2026-22:16:34] [I] Average on 1 runs - GPU latency: 6.78125 ms - Host latency: 6.8457 ms (enqueue 2.04102 ms)
[10/04/2026-22:16:34] [I] Average on 1 runs - GPU latency: 6.76758 ms - Host latency: 6.83008 ms (enqueue 2.08008 ms)
[10/04/2026-22:16:34] [I] Average on 1 runs - GPU latency: 6.77344 ms - Host latency: 6.83594 ms (enqueue 2.03516 ms)
[10/04/2026-22:16:34] [I] Average on 1 runs - GPU latency: 6.77344 ms - Host latency: 6.83789 ms (enqueue 2.04883 ms)
[10/04/2026-22:16:34] [I] Average on 1 runs - GPU latency: 6.77734 ms - Host latency: 6.83594 ms (enqueue 2.01758 ms)
[10/04/2026-22:16:34] [I] Average on 1 runs - GPU latency: 6.7793 ms - Host latency: 6.83984 ms (enqueue 2.08984 ms)
[10/04/2026-22:16:34] [I] Average on 1 runs - GPU latency: 6.7832 ms - Host latency: 6.8457 ms (enqueue 2.01562 ms)
[10/04/2026-22:16:34] [I] Average on 1 runs - GPU latency: 6.78516 ms - Host latency: 6.8457 ms (enqueue 2.03125 ms)
[10/04/2026-22:16:34] [I] Average on 1 runs - GPU latency: 6.76758 ms - Host latency: 6.83203 ms (enqueue 2.06445 ms)
[10/04/2026-22:16:34] [I] Average on 1 runs - GPU latency: 6.77344 ms - Host latency: 6.8418 ms (enqueue 1.99023 ms)
[10/04/2026-22:16:34] [I] Average on 1 runs - GPU latency: 6.76758 ms - Host latency: 6.82812 ms (enqueue 2.10352 ms)
[10/04/2026-22:16:34] [I] Average on 1 runs - GPU latency: 6.76367 ms - Host latency: 6.82422 ms (enqueue 2.02539 ms)
[10/04/2026-22:16:34] [I] Average on 1 runs - GPU latency: 6.77539 ms - Host latency: 6.83984 ms (enqueue 2.05664 ms)
[10/04/2026-22:16:34] [I] Average on 1 runs - GPU latency: 6.76758 ms - Host latency: 6.82812 ms (enqueue 2.02539 ms)
[10/04/2026-22:16:34] [I] Average on 1 runs - GPU latency: 6.78516 ms - Host latency: 6.8457 ms (enqueue 2.08789 ms)
[10/04/2026-22:16:34] [I] Average on 1 runs - GPU latency: 6.7832 ms - Host latency: 6.84766 ms (enqueue 2.03906 ms)
[10/04/2026-22:16:34] [I] Average on 1 runs - GPU latency: 6.77148 ms - Host latency: 6.83203 ms (enqueue 2.06836 ms)
[10/04/2026-22:16:34] [I] Average on 1 runs - GPU latency: 6.7832 ms - Host latency: 6.85352 ms (enqueue 2.04297 ms)
[10/04/2026-22:16:34] [I] Average on 1 runs - GPU latency: 6.77344 ms - Host latency: 6.85156 ms (enqueue 1.99805 ms)
[10/04/2026-22:16:34] [I] Average on 1 runs - GPU latency: 6.78516 ms - Host latency: 6.84766 ms (enqueue 2.07422 ms)
[10/04/2026-22:16:34] [I] Average on 1 runs - GPU latency: 6.77539 ms - Host latency: 6.83594 ms (enqueue 2.08203 ms)
[10/04/2026-22:16:34] [I] Average on 1 runs - GPU latency: 6.77539 ms - Host latency: 6.83984 ms (enqueue 2.11523 ms)
[10/04/2026-22:16:34] [I] Average on 1 runs - GPU latency: 6.76562 ms - Host latency: 6.83008 ms (enqueue 2.05273 ms)
[10/04/2026-22:16:34] [I] Average on 1 runs - GPU latency: 6.79297 ms - Host latency: 6.85352 ms (enqueue 2.10938 ms)
[10/04/2026-22:16:34] [I] Average on 1 runs - GPU latency: 6.7793 ms - Host latency: 6.8418 ms (enqueue 2.04688 ms)
[10/04/2026-22:16:34] [I] Average on 1 runs - GPU latency: 6.7793 ms - Host latency: 6.83984 ms (enqueue 2.12305 ms)
[10/04/2026-22:16:34] [I] Average on 1 runs - GPU latency: 6.76172 ms - Host latency: 6.82031 ms (enqueue 2.05859 ms)
[10/04/2026-22:16:34] [I] Average on 1 runs - GPU latency: 6.7832 ms - Host latency: 6.84375 ms (enqueue 2.11133 ms)
[10/04/2026-22:16:34] [I] Average on 1 runs - GPU latency: 6.77344 ms - Host latency: 6.83398 ms (enqueue 2.10547 ms)
[10/04/2026-22:16:34] [I] Average on 1 runs - GPU latency: 6.79492 ms - Host latency: 6.86523 ms (enqueue 2.33008 ms)
[10/04/2026-22:16:34] [I] Average on 1 runs - GPU latency: 6.7832 ms - Host latency: 6.84766 ms (enqueue 2.26953 ms)
[10/04/2026-22:16:34] [I] Average on 1 runs - GPU latency: 6.78711 ms - Host latency: 6.86719 ms (enqueue 2.20117 ms)
[10/04/2026-22:16:34] [I] Average on 1 runs - GPU latency: 6.7793 ms - Host latency: 6.8418 ms (enqueue 2.16602 ms)
[10/04/2026-22:16:34] [I] Average on 1 runs - GPU latency: 6.7832 ms - Host latency: 6.8457 ms (enqueue 2.10547 ms)
[10/04/2026-22:16:34] [I] Average on 1 runs - GPU latency: 6.78125 ms - Host latency: 6.85742 ms (enqueue 2.0625 ms)
[10/04/2026-22:16:34] [I] Average on 1 runs - GPU latency: 6.77539 ms - Host latency: 6.83789 ms (enqueue 2.13281 ms)
[10/04/2026-22:16:34] [I] Average on 1 runs - GPU latency: 6.7793 ms - Host latency: 6.8418 ms (enqueue 2.04297 ms)
[10/04/2026-22:16:34] [I] Average on 1 runs - GPU latency: 6.7793 ms - Host latency: 6.83984 ms (enqueue 2.10352 ms)
[10/04/2026-22:16:34] [I] Average on 1 runs - GPU latency: 6.77148 ms - Host latency: 6.83203 ms (enqueue 2.0332 ms)
[10/04/2026-22:16:34] [I] Average on 1 runs - GPU latency: 6.77734 ms - Host latency: 6.83984 ms (enqueue 2.08789 ms)
[10/04/2026-22:16:34] [I] Average on 1 runs - GPU latency: 6.77344 ms - Host latency: 6.83398 ms (enqueue 2.05078 ms)
[10/04/2026-22:16:34] [I] Average on 1 runs - GPU latency: 6.7832 ms - Host latency: 6.84375 ms (enqueue 2.08789 ms)
[10/04/2026-22:16:34] [I] Average on 1 runs - GPU latency: 6.76562 ms - Host latency: 6.82617 ms (enqueue 2.03711 ms)
[10/04/2026-22:16:34] [I] Average on 1 runs - GPU latency: 6.77539 ms - Host latency: 6.83594 ms (enqueue 2.07422 ms)
[10/04/2026-22:16:34] [I] Average on 1 runs - GPU latency: 6.77148 ms - Host latency: 6.83008 ms (enqueue 2.04297 ms)
[10/04/2026-22:16:34] [I] Average on 1 runs - GPU latency: 6.77539 ms - Host latency: 6.83789 ms (enqueue 2.05078 ms)
[10/04/2026-22:16:34] [I] Average on 1 runs - GPU latency: 6.77344 ms - Host latency: 6.83398 ms (enqueue 2.08594 ms)
[10/04/2026-22:16:34] [I] Average on 1 runs - GPU latency: 6.76953 ms - Host latency: 6.83008 ms (enqueue 2.03906 ms)
[10/04/2026-22:16:34] [I] Average on 1 runs - GPU latency: 6.76758 ms - Host latency: 6.82812 ms (enqueue 2.0918 ms)
[10/04/2026-22:16:34] [I] Average on 1 runs - GPU latency: 6.78125 ms - Host latency: 6.84375 ms (enqueue 2.06445 ms)
[10/04/2026-22:16:34] [I] Average on 1 runs - GPU latency: 6.77148 ms - Host latency: 6.83008 ms (enqueue 2.11328 ms)
[10/04/2026-22:16:34] [I] Average on 1 runs - GPU latency: 6.78125 ms - Host latency: 6.8418 ms (enqueue 2.05469 ms)
[10/04/2026-22:16:34] [I] Average on 1 runs - GPU latency: 6.77344 ms - Host latency: 6.83203 ms (enqueue 2.09375 ms)
[10/04/2026-22:16:34] [I] Average on 1 runs - GPU latency: 6.78125 ms - Host latency: 6.84375 ms (enqueue 2.03711 ms)
[10/04/2026-22:16:34] [I] Average on 1 runs - GPU latency: 6.7832 ms - Host latency: 6.84375 ms (enqueue 2.125 ms)
[10/04/2026-22:16:34] [I] Average on 1 runs - GPU latency: 6.77344 ms - Host latency: 6.83398 ms (enqueue 2.0957 ms)
[10/04/2026-22:16:34] [I] Average on 1 runs - GPU latency: 6.77344 ms - Host latency: 6.83398 ms (enqueue 2.10938 ms)
[10/04/2026-22:16:34] [I] Average on 1 runs - GPU latency: 6.78125 ms - Host latency: 6.84766 ms (enqueue 2.15039 ms)
[10/04/2026-22:16:34] [I] Average on 1 runs - GPU latency: 6.7832 ms - Host latency: 6.85547 ms (enqueue 2.04102 ms)
[10/04/2026-22:16:34] [I] Average on 1 runs - GPU latency: 6.76562 ms - Host latency: 6.82812 ms (enqueue 2.10742 ms)
[10/04/2026-22:16:34] [I] Average on 1 runs - GPU latency: 6.7793 ms - Host latency: 6.8418 ms (enqueue 2.03711 ms)
[10/04/2026-22:16:34] [I] Average on 1 runs - GPU latency: 6.77148 ms - Host latency: 6.83203 ms (enqueue 2.10547 ms)
[10/04/2026-22:16:34] [I] Average on 1 runs - GPU latency: 6.77148 ms - Host latency: 6.83203 ms (enqueue 2.03711 ms)
[10/04/2026-22:16:34] [I] Average on 1 runs - GPU latency: 6.78125 ms - Host latency: 6.8418 ms (enqueue 2.07031 ms)
[10/04/2026-22:16:34] [I] Average on 1 runs - GPU latency: 6.78125 ms - Host latency: 6.8418 ms (enqueue 2.10156 ms)
[10/04/2026-22:16:34] [I] Average on 1 runs - GPU latency: 6.7832 ms - Host latency: 6.84375 ms (enqueue 2.05078 ms)
[10/04/2026-22:16:34] [I] Average on 1 runs - GPU latency: 6.77539 ms - Host latency: 6.83594 ms (enqueue 2.08594 ms)
[10/04/2026-22:16:34] [I] Average on 1 runs - GPU latency: 6.77734 ms - Host latency: 6.83789 ms (enqueue 2.03906 ms)
[10/04/2026-22:16:34] [I] Average on 1 runs - GPU latency: 6.76953 ms - Host latency: 6.83008 ms (enqueue 2.09961 ms)
[10/04/2026-22:16:34] [I] Average on 1 runs - GPU latency: 6.76758 ms - Host latency: 6.82812 ms (enqueue 2.07031 ms)
[10/04/2026-22:16:34] [I] Average on 1 runs - GPU latency: 6.77539 ms - Host latency: 6.83789 ms (enqueue 2.10156 ms)
[10/04/2026-22:16:34] [I] Average on 1 runs - GPU latency: 6.77734 ms - Host latency: 6.83398 ms (enqueue 2.05859 ms)
[10/04/2026-22:16:34] [I] Average on 1 runs - GPU latency: 6.79102 ms - Host latency: 6.85352 ms (enqueue 2.08594 ms)
[10/04/2026-22:16:34] [I] Average on 1 runs - GPU latency: 6.76953 ms - Host latency: 6.83594 ms (enqueue 2.02539 ms)
[10/04/2026-22:16:34] [I] Average on 1 runs - GPU latency: 6.77148 ms - Host latency: 6.83398 ms (enqueue 2.10938 ms)
[10/04/2026-22:16:34] [I] Average on 1 runs - GPU latency: 6.76758 ms - Host latency: 6.82617 ms (enqueue 2.08594 ms)
[10/04/2026-22:16:34] [I] Average on 1 runs - GPU latency: 6.76953 ms - Host latency: 6.83008 ms (enqueue 2.0293 ms)
[10/04/2026-22:16:34] [I] Average on 1 runs - GPU latency: 6.77344 ms - Host latency: 6.83984 ms (enqueue 2.14844 ms)
[10/04/2026-22:16:34] [I] 
[10/04/2026-22:16:34] [I] === Performance summary ===
[10/04/2026-22:16:34] [I] Throughput: 97.8607 qps
[10/04/2026-22:16:34] [I] Latency: min = 6.81934 ms, max = 6.92407 ms, mean = 6.84052 ms, median = 6.83984 ms, percentile(90%) = 6.85059 ms, percentile(95%) = 6.85693 ms, percentile(99%) = 6.87305 ms
[10/04/2026-22:16:34] [I] Enqueue Time: min = 1.98682 ms, max = 2.51172 ms, mean = 2.09521 ms, median = 2.07764 ms, percentile(90%) = 2.18652 ms, percentile(95%) = 2.2793 ms, percentile(99%) = 2.41455 ms
[10/04/2026-22:16:34] [I] H2D Latency: min = 0.0546875 ms, max = 0.126221 ms, mean = 0.0589575 ms, median = 0.0581055 ms, percentile(90%) = 0.0625 ms, percentile(95%) = 0.065918 ms, percentile(99%) = 0.0722656 ms
[10/04/2026-22:16:34] [I] GPU Compute Time: min = 6.75781 ms, max = 6.81445 ms, mean = 6.77764 ms, median = 6.77734 ms, percentile(90%) = 6.78613 ms, percentile(95%) = 6.79102 ms, percentile(99%) = 6.80273 ms
[10/04/2026-22:16:34] [I] D2H Latency: min = 0.00195312 ms, max = 0.00585938 ms, mean = 0.00392336 ms, median = 0.00390625 ms, percentile(90%) = 0.00439453 ms, percentile(95%) = 0.00488281 ms, percentile(99%) = 0.00488281 ms
[10/04/2026-22:16:34] [I] Total Host Walltime: 15.0213 s
[10/04/2026-22:16:34] [I] Total GPU Compute Time: 9.96313 s
[10/04/2026-22:16:34] [I] Explanations of the performance metrics are printed in the verbose logs.
[10/04/2026-22:16:34] [I] 
&&&& PASSED TensorRT.trtexec [TensorRT v100300] # /usr/src/tensorrt/bin/trtexec --loadEngine=/tmp/engines/y26s_640_uint8_opt3.engine --warmUp=3000 --duration=15 --idleTime=8 --avgRuns=1
