&&&& RUNNING TensorRT.trtexec [TensorRT v100300] # /usr/src/tensorrt/bin/trtexec --loadEngine=/tmp/engines/y26s_640_uint8_opt3.engine --warmUp=3000 --duration=15 --idleTime=1 --avgRuns=1
[10/04/2026-22:06:48] [I] === Model Options ===
[10/04/2026-22:06:48] [I] Format: *
[10/04/2026-22:06:48] [I] Model: 
[10/04/2026-22:06:48] [I] Output:
[10/04/2026-22:06:48] [I] 
[10/04/2026-22:06:48] [I] === System Options ===
[10/04/2026-22:06:48] [I] Device: 0
[10/04/2026-22:06:48] [I] DLACore: 
[10/04/2026-22:06:48] [I] Plugins:
[10/04/2026-22:06:48] [I] setPluginsToSerialize:
[10/04/2026-22:06:48] [I] dynamicPlugins:
[10/04/2026-22:06:48] [I] ignoreParsedPluginLibs: 0
[10/04/2026-22:06:48] [I] 
[10/04/2026-22:06:48] [I] === Inference Options ===
[10/04/2026-22:06:48] [I] Batch: Explicit
[10/04/2026-22:06:48] [I] Input inference shapes: model
[10/04/2026-22:06:48] [I] Iterations: 10
[10/04/2026-22:06:48] [I] Duration: 15s (+ 3000ms warm up)
[10/04/2026-22:06:48] [I] Sleep time: 0ms
[10/04/2026-22:06:48] [I] Idle time: 1ms
[10/04/2026-22:06:48] [I] Inference Streams: 1
[10/04/2026-22:06:48] [I] ExposeDMA: Disabled
[10/04/2026-22:06:48] [I] Data transfers: Enabled
[10/04/2026-22:06:48] [I] Spin-wait: Disabled
[10/04/2026-22:06:48] [I] Multithreading: Disabled
[10/04/2026-22:06:48] [I] CUDA Graph: Disabled
[10/04/2026-22:06:48] [I] Separate profiling: Disabled
[10/04/2026-22:06:48] [I] Time Deserialize: Disabled
[10/04/2026-22:06:48] [I] Time Refit: Disabled
[10/04/2026-22:06:48] [I] NVTX verbosity: 0
[10/04/2026-22:06:48] [I] Persistent Cache Ratio: 0
[10/04/2026-22:06:48] [I] Optimization Profile Index: 0
[10/04/2026-22:06:48] [I] Weight Streaming Budget: 100.000000%
[10/04/2026-22:06:48] [I] Inputs:
[10/04/2026-22:06:48] [I] Debug Tensor Save Destinations:
[10/04/2026-22:06:48] [I] === Reporting Options ===
[10/04/2026-22:06:48] [I] Verbose: Disabled
[10/04/2026-22:06:48] [I] Averages: 1 inferences
[10/04/2026-22:06:48] [I] Percentiles: 90,95,99
[10/04/2026-22:06:48] [I] Dump refittable layers:Disabled
[10/04/2026-22:06:48] [I] Dump output: Disabled
[10/04/2026-22:06:48] [I] Profile: Disabled
[10/04/2026-22:06:48] [I] Export timing to JSON file: 
[10/04/2026-22:06:48] [I] Export output to JSON file: 
[10/04/2026-22:06:48] [I] Export profile to JSON file: 
[10/04/2026-22:06:48] [I] 
[10/04/2026-22:06:48] [I] === Device Information ===
[10/04/2026-22:06:48] [I] Available Devices: 
[10/04/2026-22:06:48] [I]   Device 0: "Orin" UUID: GPU-6e16c2c1-e394-5324-8f2e-63a975968f4e
[10/04/2026-22:06:48] [I] Selected Device: Orin
[10/04/2026-22:06:48] [I] Selected Device ID: 0
[10/04/2026-22:06:48] [I] Selected Device UUID: GPU-6e16c2c1-e394-5324-8f2e-63a975968f4e
[10/04/2026-22:06:48] [I] Compute Capability: 8.7
[10/04/2026-22:06:48] [I] SMs: 8
[10/04/2026-22:06:48] [I] Device Global Memory: 7607 MiB
[10/04/2026-22:06:48] [I] Shared Memory per SM: 164 KiB
[10/04/2026-22:06:48] [I] Memory Bus Width: 128 bits (ECC disabled)
[10/04/2026-22:06:48] [I] Application Compute Clock Rate: 1.02 GHz
[10/04/2026-22:06:48] [I] Application Memory Clock Rate: 1.02 GHz
[10/04/2026-22:06:48] [I] 
[10/04/2026-22:06:48] [I] Note: The application clock rates do not reflect the actual clock rates that the GPU is currently running at.
[10/04/2026-22:06:48] [I] 
[10/04/2026-22:06:48] [I] TensorRT version: 10.3.0
[10/04/2026-22:06:48] [I] Loading standard plugins
[10/04/2026-22:06:48] [I] [TRT] Loaded engine size: 21 MiB
[10/04/2026-22:06:48] [I] Engine deserialized in 0.089899 sec.
[10/04/2026-22:06:48] [I] [TRT] [MemUsageChange] TensorRT-managed allocation in IExecutionContext creation: CPU +0, GPU +18, now: CPU 0, GPU 36 (MiB)
[10/04/2026-22:06:48] [I] Setting persistentCacheLimit to 0 bytes.
[10/04/2026-22:06:48] [I] Created execution context with device memory size: 18.1641 MiB
[10/04/2026-22:06:48] [I] Using random values for input images
[10/04/2026-22:06:48] [I] Input binding for images with dimensions 1x640x640x3 is created.
[10/04/2026-22:06:48] [I] Output binding for output0 with dimensions 1x300x6 is created.
[10/04/2026-22:06:48] [I] Starting inference
[10/04/2026-22:07:06] [I] Warmup completed 410 queries over 3000 ms
[10/04/2026-22:07:06] [I] Timing trace has 2211 queries over 15.0255 s
[10/04/2026-22:07:06] [I] 
[10/04/2026-22:07:06] [I] === Trace details ===
[10/04/2026-22:07:06] [I] Trace averages of 1 runs:
[10/04/2026-22:07:06] [I] Average on 1 runs - GPU latency: 6.80347 ms - Host latency: 6.98853 ms (enqueue 4.20435 ms)
[10/04/2026-22:07:06] [I] Average on 1 runs - GPU latency: 6.77954 ms - Host latency: 6.93823 ms (enqueue 4.22144 ms)
[10/04/2026-22:07:06] [I] Average on 1 runs - GPU latency: 6.78149 ms - Host latency: 6.88672 ms (enqueue 4.08203 ms)
[10/04/2026-22:07:06] [I] Average on 1 runs - GPU latency: 6.7959 ms - Host latency: 6.89111 ms (enqueue 4.08179 ms)
[10/04/2026-22:07:06] [I] Average on 1 runs - GPU latency: 6.78369 ms - Host latency: 6.88013 ms (enqueue 4.13159 ms)
[10/04/2026-22:07:06] [I] Average on 1 runs - GPU latency: 6.79785 ms - Host latency: 6.89526 ms (enqueue 4.11938 ms)
[10/04/2026-22:07:06] [I] Average on 1 runs - GPU latency: 6.78003 ms - Host latency: 6.87476 ms (enqueue 4.15015 ms)
[10/04/2026-22:07:06] [I] Average on 1 runs - GPU latency: 6.79321 ms - Host latency: 6.89282 ms (enqueue 4.07275 ms)
[10/04/2026-22:07:06] [I] Average on 1 runs - GPU latency: 6.77808 ms - Host latency: 6.88062 ms (enqueue 4.08179 ms)
[10/04/2026-22:07:06] [I] Average on 1 runs - GPU latency: 6.78662 ms - Host latency: 6.88818 ms (enqueue 4.10645 ms)
[10/04/2026-22:07:06] [I] Average on 1 runs - GPU latency: 6.78516 ms - Host latency: 6.88037 ms (enqueue 4.11938 ms)
[10/04/2026-22:07:06] [I] Average on 1 runs - GPU latency: 6.77832 ms - Host latency: 6.87915 ms (enqueue 4.20215 ms)
[10/04/2026-22:07:06] [I] Average on 1 runs - GPU latency: 6.78491 ms - Host latency: 6.88501 ms (enqueue 4.23706 ms)
[10/04/2026-22:07:06] [I] Average on 1 runs - GPU latency: 6.7854 ms - Host latency: 6.88818 ms (enqueue 4.15527 ms)
[10/04/2026-22:07:06] [I] Average on 1 runs - GPU latency: 6.78882 ms - Host latency: 6.88965 ms (enqueue 4.1958 ms)
[10/04/2026-22:07:06] [I] Average on 1 runs - GPU latency: 6.78516 ms - Host latency: 6.8811 ms (enqueue 4.20557 ms)
[10/04/2026-22:07:06] [I] Average on 1 runs - GPU latency: 6.78931 ms - Host latency: 6.88843 ms (enqueue 4.18384 ms)
[10/04/2026-22:07:06] [I] Average on 1 runs - GPU latency: 6.78394 ms - Host latency: 6.88525 ms (enqueue 4.15698 ms)
[10/04/2026-22:07:06] [I] Average on 1 runs - GPU latency: 6.81372 ms - Host latency: 6.91162 ms (enqueue 4.20581 ms)
[10/04/2026-22:07:06] [I] Average on 1 runs - GPU latency: 6.78711 ms - Host latency: 6.88477 ms (enqueue 4.15356 ms)
[10/04/2026-22:07:06] [I] Average on 1 runs - GPU latency: 6.79102 ms - Host latency: 6.88403 ms (enqueue 4.17407 ms)
[10/04/2026-22:07:06] [I] Average on 1 runs - GPU latency: 6.78418 ms - Host latency: 6.87891 ms (enqueue 4.15723 ms)
[10/04/2026-22:07:06] [I] Average on 1 runs - GPU latency: 6.78955 ms - Host latency: 6.88672 ms (enqueue 4.10034 ms)
[10/04/2026-22:07:06] [I] Average on 1 runs - GPU latency: 6.79199 ms - Host latency: 6.88989 ms (enqueue 4.16138 ms)
[10/04/2026-22:07:06] [I] Average on 1 runs - GPU latency: 6.79834 ms - Host latency: 6.89722 ms (enqueue 4.1543 ms)
[10/04/2026-22:07:06] [I] Average on 1 runs - GPU latency: 6.78491 ms - Host latency: 6.88232 ms (enqueue 4.15967 ms)
[10/04/2026-22:07:06] [I] Average on 1 runs - GPU latency: 6.77954 ms - Host latency: 6.89307 ms (enqueue 4.13892 ms)
[10/04/2026-22:07:06] [I] Average on 1 runs - GPU latency: 6.78223 ms - Host latency: 6.87769 ms (enqueue 4.16724 ms)
[10/04/2026-22:07:06] [I] Average on 1 runs - GPU latency: 6.78003 ms - Host latency: 6.88721 ms (enqueue 4.15845 ms)
[10/04/2026-22:07:06] [I] Average on 1 runs - GPU latency: 6.79932 ms - Host latency: 6.90234 ms (enqueue 4.21411 ms)
[10/04/2026-22:07:06] [I] Average on 1 runs - GPU latency: 6.8125 ms - Host latency: 6.90479 ms (enqueue 4.21265 ms)
[10/04/2026-22:07:06] [I] Average on 1 runs - GPU latency: 6.802 ms - Host latency: 6.90698 ms (enqueue 4.1604 ms)
[10/04/2026-22:07:06] [I] Average on 1 runs - GPU latency: 6.78564 ms - Host latency: 6.88257 ms (enqueue 4.14526 ms)
[10/04/2026-22:07:06] [I] Average on 1 runs - GPU latency: 6.79248 ms - Host latency: 6.88989 ms (enqueue 4.16919 ms)
[10/04/2026-22:07:06] [I] Average on 1 runs - GPU latency: 6.8042 ms - Host latency: 6.90161 ms (enqueue 4.19263 ms)
[10/04/2026-22:07:06] [I] Average on 1 runs - GPU latency: 6.80566 ms - Host latency: 6.92285 ms (enqueue 4.12476 ms)
[10/04/2026-22:07:06] [I] Average on 1 runs - GPU latency: 6.79932 ms - Host latency: 6.90747 ms (enqueue 4.13745 ms)
[10/04/2026-22:07:06] [I] Average on 1 runs - GPU latency: 6.79517 ms - Host latency: 6.89282 ms (enqueue 4.10278 ms)
[10/04/2026-22:07:06] [I] Average on 1 runs - GPU latency: 6.78198 ms - Host latency: 6.88208 ms (enqueue 4.15088 ms)
[10/04/2026-22:07:06] [I] Average on 1 runs - GPU latency: 6.77734 ms - Host latency: 6.87109 ms (enqueue 4.18286 ms)
[10/04/2026-22:07:06] [I] Average on 1 runs - GPU latency: 6.78564 ms - Host latency: 6.8938 ms (enqueue 4.21436 ms)
[10/04/2026-22:07:06] [I] Average on 1 runs - GPU latency: 6.79321 ms - Host latency: 6.89062 ms (enqueue 4.06274 ms)
[10/04/2026-22:07:06] [I] Average on 1 runs - GPU latency: 6.79272 ms - Host latency: 6.88818 ms (enqueue 4.07568 ms)
[10/04/2026-22:07:06] [I] Average on 1 runs - GPU latency: 6.78149 ms - Host latency: 6.87842 ms (enqueue 4.14771 ms)
[10/04/2026-22:07:06] [I] Average on 1 runs - GPU latency: 6.79102 ms - Host latency: 6.89771 ms (enqueue 4.19727 ms)
[10/04/2026-22:07:06] [I] Average on 1 runs - GPU latency: 6.78833 ms - Host latency: 6.90771 ms (enqueue 4.13086 ms)
[10/04/2026-22:07:06] [I] Average on 1 runs - GPU latency: 6.77588 ms - Host latency: 6.87109 ms (enqueue 4.1355 ms)
[10/04/2026-22:07:06] [I] Average on 1 runs - GPU latency: 6.79956 ms - Host latency: 6.89673 ms (enqueue 4.19116 ms)
[10/04/2026-22:07:06] [I] Average on 1 runs - GPU latency: 6.79468 ms - Host latency: 6.88574 ms (enqueue 4.20044 ms)
[10/04/2026-22:07:06] [I] Average on 1 runs - GPU latency: 6.78516 ms - Host latency: 6.87769 ms (enqueue 4.16455 ms)
[10/04/2026-22:07:06] [I] Average on 1 runs - GPU latency: 6.78345 ms - Host latency: 6.88379 ms (enqueue 4.18726 ms)
[10/04/2026-22:07:06] [I] Average on 1 runs - GPU latency: 6.79224 ms - Host latency: 6.88794 ms (enqueue 4.17114 ms)
[10/04/2026-22:07:06] [I] Average on 1 runs - GPU latency: 6.79492 ms - Host latency: 6.89062 ms (enqueue 4.13428 ms)
[10/04/2026-22:07:06] [I] Average on 1 runs - GPU latency: 6.78491 ms - Host latency: 6.87915 ms (enqueue 4.1106 ms)
[10/04/2026-22:07:06] [I] Average on 1 runs - GPU latency: 6.79712 ms - Host latency: 6.89209 ms (enqueue 4.19214 ms)
[10/04/2026-22:07:06] [I] Average on 1 runs - GPU latency: 6.78516 ms - Host latency: 6.88013 ms (enqueue 4.20581 ms)
[10/04/2026-22:07:06] [I] Average on 1 runs - GPU latency: 6.79834 ms - Host latency: 6.89868 ms (enqueue 4.15845 ms)
[10/04/2026-22:07:06] [I] Average on 1 runs - GPU latency: 6.78638 ms - Host latency: 6.88623 ms (enqueue 4.15308 ms)
[10/04/2026-22:07:06] [I] Average on 1 runs - GPU latency: 6.78662 ms - Host latency: 6.8877 ms (enqueue 4.16455 ms)
[10/04/2026-22:07:06] [I] Average on 1 runs - GPU latency: 6.7981 ms - Host latency: 6.89648 ms (enqueue 4.20337 ms)
[10/04/2026-22:07:06] [I] Average on 1 runs - GPU latency: 6.79126 ms - Host latency: 6.8894 ms (enqueue 4.18188 ms)
[10/04/2026-22:07:06] [I] Average on 1 runs - GPU latency: 6.78711 ms - Host latency: 6.88477 ms (enqueue 4.15601 ms)
[10/04/2026-22:07:06] [I] Average on 1 runs - GPU latency: 6.78125 ms - Host latency: 6.87622 ms (enqueue 4.24634 ms)
[10/04/2026-22:07:06] [I] Average on 1 runs - GPU latency: 6.78467 ms - Host latency: 6.88135 ms (enqueue 4.25537 ms)
[10/04/2026-22:07:06] [I] Average on 1 runs - GPU latency: 6.78442 ms - Host latency: 6.88037 ms (enqueue 4.24487 ms)
[10/04/2026-22:07:06] [I] Average on 1 runs - GPU latency: 6.79126 ms - Host latency: 6.88916 ms (enqueue 4.24194 ms)
[10/04/2026-22:07:06] [I] Average on 1 runs - GPU latency: 6.79272 ms - Host latency: 6.89355 ms (enqueue 4.14355 ms)
[10/04/2026-22:07:06] [I] Average on 1 runs - GPU latency: 6.78027 ms - Host latency: 6.89038 ms (enqueue 4.18481 ms)
[10/04/2026-22:07:06] [I] Average on 1 runs - GPU latency: 6.78784 ms - Host latency: 6.88354 ms (enqueue 4.13062 ms)
[10/04/2026-22:07:06] [I] Average on 1 runs - GPU latency: 6.78662 ms - Host latency: 6.88281 ms (enqueue 4.17969 ms)
[10/04/2026-22:07:06] [I] Average on 1 runs - GPU latency: 6.78882 ms - Host latency: 6.88818 ms (enqueue 4.24585 ms)
[10/04/2026-22:07:06] [I] Average on 1 runs - GPU latency: 6.79053 ms - Host latency: 6.88989 ms (enqueue 4.21777 ms)
[10/04/2026-22:07:06] [I] Average on 1 runs - GPU latency: 6.79175 ms - Host latency: 6.8894 ms (enqueue 4.18628 ms)
[10/04/2026-22:07:06] [I] Average on 1 runs - GPU latency: 6.78833 ms - Host latency: 6.88428 ms (enqueue 4.22388 ms)
[10/04/2026-22:07:06] [I] Average on 1 runs - GPU latency: 6.79224 ms - Host latency: 6.88599 ms (enqueue 4.19189 ms)
[10/04/2026-22:07:06] [I] Average on 1 runs - GPU latency: 6.78833 ms - Host latency: 6.88696 ms (enqueue 4.15552 ms)
[10/04/2026-22:07:06] [I] Average on 1 runs - GPU latency: 6.78223 ms - Host latency: 6.875 ms (enqueue 4.1543 ms)
[10/04/2026-22:07:06] [I] Average on 1 runs - GPU latency: 6.78857 ms - Host latency: 6.89038 ms (enqueue 4.21216 ms)
[10/04/2026-22:07:06] [I] Average on 1 runs - GPU latency: 6.79614 ms - Host latency: 6.89331 ms (enqueue 4.16675 ms)
[10/04/2026-22:07:06] [I] Average on 1 runs - GPU latency: 6.78125 ms - Host latency: 6.87988 ms (enqueue 4.18408 ms)
[10/04/2026-22:07:06] [I] Average on 1 runs - GPU latency: 6.78979 ms - Host latency: 6.89331 ms (enqueue 4.21777 ms)
[10/04/2026-22:07:06] [I] Average on 1 runs - GPU latency: 6.79663 ms - Host latency: 6.89062 ms (enqueue 4.24316 ms)
[10/04/2026-22:07:06] [I] Average on 1 runs - GPU latency: 6.77881 ms - Host latency: 6.87305 ms (enqueue 4.19897 ms)
[10/04/2026-22:07:06] [I] Average on 1 runs - GPU latency: 6.77954 ms - Host latency: 6.87622 ms (enqueue 4.15771 ms)
[10/04/2026-22:07:06] [I] Average on 1 runs - GPU latency: 6.78638 ms - Host latency: 6.88086 ms (enqueue 4.21069 ms)
[10/04/2026-22:07:06] [I] Average on 1 runs - GPU latency: 6.79346 ms - Host latency: 6.896 ms (enqueue 4.07959 ms)
[10/04/2026-22:07:06] [I] Average on 1 runs - GPU latency: 6.78711 ms - Host latency: 6.88477 ms (enqueue 4.14795 ms)
[10/04/2026-22:07:06] [I] Average on 1 runs - GPU latency: 6.79224 ms - Host latency: 6.8855 ms (enqueue 4.13257 ms)
[10/04/2026-22:07:06] [I] Average on 1 runs - GPU latency: 6.78638 ms - Host latency: 6.88452 ms (enqueue 4.11328 ms)
[10/04/2026-22:07:06] [I] Average on 1 runs - GPU latency: 6.79004 ms - Host latency: 6.89136 ms (enqueue 4.17798 ms)
[10/04/2026-22:07:06] [I] Average on 1 runs - GPU latency: 6.77954 ms - Host latency: 6.87915 ms (enqueue 4.1897 ms)
[10/04/2026-22:07:06] [I] Average on 1 runs - GPU latency: 6.78955 ms - Host latency: 6.88525 ms (enqueue 4.20142 ms)
[10/04/2026-22:07:06] [I] Average on 1 runs - GPU latency: 6.78809 ms - Host latency: 6.88428 ms (enqueue 4.18433 ms)
[10/04/2026-22:07:06] [I] Average on 1 runs - GPU latency: 6.79321 ms - Host latency: 6.88916 ms (enqueue 4.15161 ms)
[10/04/2026-22:07:06] [I] Average on 1 runs - GPU latency: 6.78052 ms - Host latency: 6.87939 ms (enqueue 4.18921 ms)
[10/04/2026-22:07:06] [I] Average on 1 runs - GPU latency: 6.78638 ms - Host latency: 6.88525 ms (enqueue 4.15991 ms)
[10/04/2026-22:07:06] [I] Average on 1 runs - GPU latency: 6.79248 ms - Host latency: 6.88745 ms (enqueue 4.14771 ms)
[10/04/2026-22:07:06] [I] Average on 1 runs - GPU latency: 6.79175 ms - Host latency: 6.88452 ms (enqueue 4.19043 ms)
[10/04/2026-22:07:06] [I] Average on 1 runs - GPU latency: 6.78418 ms - Host latency: 6.88232 ms (enqueue 4.14722 ms)
[10/04/2026-22:07:06] [I] Average on 1 runs - GPU latency: 6.78271 ms - Host latency: 6.88062 ms (enqueue 4.12476 ms)
[10/04/2026-22:07:06] [I] Average on 1 runs - GPU latency: 6.79712 ms - Host latency: 6.89722 ms (enqueue 4.16553 ms)
[10/04/2026-22:07:06] [I] Average on 1 runs - GPU latency: 6.78711 ms - Host latency: 6.88501 ms (enqueue 4.1709 ms)
[10/04/2026-22:07:06] [I] Average on 1 runs - GPU latency: 6.78491 ms - Host latency: 6.87769 ms (enqueue 4.20654 ms)
[10/04/2026-22:07:06] [I] Average on 1 runs - GPU latency: 6.80151 ms - Host latency: 6.89844 ms (enqueue 4.14038 ms)
[10/04/2026-22:07:06] [I] Average on 1 runs - GPU latency: 6.78467 ms - Host latency: 6.87451 ms (enqueue 4.22412 ms)
[10/04/2026-22:07:06] [I] Average on 1 runs - GPU latency: 6.79272 ms - Host latency: 6.88403 ms (enqueue 4.18799 ms)
[10/04/2026-22:07:06] [I] Average on 1 runs - GPU latency: 6.78882 ms - Host latency: 6.89014 ms (enqueue 4.20654 ms)
[10/04/2026-22:07:06] [I] Average on 1 runs - GPU latency: 6.79321 ms - Host latency: 6.88745 ms (enqueue 4.19019 ms)
[10/04/2026-22:07:06] [I] Average on 1 runs - GPU latency: 6.78271 ms - Host latency: 6.89062 ms (enqueue 4.24438 ms)
[10/04/2026-22:07:06] [I] Average on 1 runs - GPU latency: 6.78003 ms - Host latency: 6.87354 ms (enqueue 4.1814 ms)
[10/04/2026-22:07:06] [I] Average on 1 runs - GPU latency: 6.78394 ms - Host latency: 6.87793 ms (enqueue 4.17627 ms)
[10/04/2026-22:07:06] [I] Average on 1 runs - GPU latency: 6.80396 ms - Host latency: 6.89917 ms (enqueue 4.15356 ms)
[10/04/2026-22:07:06] [I] Average on 1 runs - GPU latency: 6.81152 ms - Host latency: 6.90991 ms (enqueue 4.17285 ms)
[10/04/2026-22:07:06] [I] Average on 1 runs - GPU latency: 6.79468 ms - Host latency: 6.89478 ms (enqueue 4.22412 ms)
[10/04/2026-22:07:06] [I] Average on 1 runs - GPU latency: 6.80176 ms - Host latency: 6.89722 ms (enqueue 4.20581 ms)
[10/04/2026-22:07:06] [I] Average on 1 runs - GPU latency: 6.79102 ms - Host latency: 6.89551 ms (enqueue 4.14551 ms)
[10/04/2026-22:07:06] [I] Average on 1 runs - GPU latency: 6.79688 ms - Host latency: 6.88843 ms (enqueue 4.19116 ms)
[10/04/2026-22:07:06] [I] Average on 1 runs - GPU latency: 6.7937 ms - Host latency: 6.88843 ms (enqueue 4.23291 ms)
[10/04/2026-22:07:06] [I] Average on 1 runs - GPU latency: 6.79248 ms - Host latency: 6.89136 ms (enqueue 4.19043 ms)
[10/04/2026-22:07:06] [I] Average on 1 runs - GPU latency: 6.7959 ms - Host latency: 6.89478 ms (enqueue 4.18848 ms)
[10/04/2026-22:07:06] [I] Average on 1 runs - GPU latency: 6.78149 ms - Host latency: 6.88037 ms (enqueue 4.16821 ms)
[10/04/2026-22:07:06] [I] Average on 1 runs - GPU latency: 6.79956 ms - Host latency: 6.89429 ms (enqueue 4.14966 ms)
[10/04/2026-22:07:06] [I] Average on 1 runs - GPU latency: 6.79004 ms - Host latency: 6.88452 ms (enqueue 4.14868 ms)
[10/04/2026-22:07:06] [I] Average on 1 runs - GPU latency: 6.78052 ms - Host latency: 6.88208 ms (enqueue 4.26636 ms)
[10/04/2026-22:07:06] [I] Average on 1 runs - GPU latency: 6.78809 ms - Host latency: 6.88647 ms (enqueue 4.1748 ms)
[10/04/2026-22:07:06] [I] Average on 1 runs - GPU latency: 6.7915 ms - Host latency: 6.88916 ms (enqueue 4.20947 ms)
[10/04/2026-22:07:06] [I] Average on 1 runs - GPU latency: 6.79077 ms - Host latency: 6.89087 ms (enqueue 4.17334 ms)
[10/04/2026-22:07:06] [I] Average on 1 runs - GPU latency: 6.79419 ms - Host latency: 6.88916 ms (enqueue 4.24976 ms)
[10/04/2026-22:07:06] [I] Average on 1 runs - GPU latency: 6.78931 ms - Host latency: 6.88525 ms (enqueue 4.11572 ms)
[10/04/2026-22:07:06] [I] Average on 1 runs - GPU latency: 6.78882 ms - Host latency: 6.8877 ms (enqueue 4.21021 ms)
[10/04/2026-22:07:06] [I] Average on 1 runs - GPU latency: 6.78955 ms - Host latency: 6.88574 ms (enqueue 4.1499 ms)
[10/04/2026-22:07:06] [I] Average on 1 runs - GPU latency: 6.7793 ms - Host latency: 6.87524 ms (enqueue 4.16455 ms)
[10/04/2026-22:07:06] [I] Average on 1 runs - GPU latency: 6.7771 ms - Host latency: 6.87305 ms (enqueue 4.26025 ms)
[10/04/2026-22:07:06] [I] Average on 1 runs - GPU latency: 6.79419 ms - Host latency: 6.89185 ms (enqueue 4.24463 ms)
[10/04/2026-22:07:06] [I] Average on 1 runs - GPU latency: 6.77954 ms - Host latency: 6.87646 ms (enqueue 4.09375 ms)
[10/04/2026-22:07:06] [I] Average on 1 runs - GPU latency: 6.78906 ms - Host latency: 6.88184 ms (enqueue 4.14111 ms)
[10/04/2026-22:07:06] [I] Average on 1 runs - GPU latency: 6.7771 ms - Host latency: 6.87915 ms (enqueue 4.15552 ms)
[10/04/2026-22:07:06] [I] Average on 1 runs - GPU latency: 6.78589 ms - Host latency: 6.88281 ms (enqueue 4.18042 ms)
[10/04/2026-22:07:06] [I] Average on 1 runs - GPU latency: 6.79248 ms - Host latency: 6.89404 ms (enqueue 4.09448 ms)
[10/04/2026-22:07:06] [I] Average on 1 runs - GPU latency: 6.79663 ms - Host latency: 6.89429 ms (enqueue 4.24829 ms)
[10/04/2026-22:07:06] [I] Average on 1 runs - GPU latency: 6.78735 ms - Host latency: 6.88599 ms (enqueue 4.18677 ms)
[10/04/2026-22:07:06] [I] Average on 1 runs - GPU latency: 6.79199 ms - Host latency: 6.8894 ms (enqueue 4.18726 ms)
[10/04/2026-22:07:06] [I] Average on 1 runs - GPU latency: 6.78076 ms - Host latency: 6.87817 ms (enqueue 4.14575 ms)
[10/04/2026-22:07:06] [I] Average on 1 runs - GPU latency: 6.78516 ms - Host latency: 6.88208 ms (enqueue 4.20337 ms)
[10/04/2026-22:07:06] [I] Average on 1 runs - GPU latency: 6.79175 ms - Host latency: 6.88794 ms (enqueue 4.20752 ms)
[10/04/2026-22:07:06] [I] Average on 1 runs - GPU latency: 6.79395 ms - Host latency: 6.88794 ms (enqueue 4.18628 ms)
[10/04/2026-22:07:06] [I] Average on 1 runs - GPU latency: 6.79199 ms - Host latency: 6.89136 ms (enqueue 4.1709 ms)
[10/04/2026-22:07:06] [I] Average on 1 runs - GPU latency: 6.77954 ms - Host latency: 6.87744 ms (enqueue 4.17285 ms)
[10/04/2026-22:07:06] [I] Average on 1 runs - GPU latency: 6.7832 ms - Host latency: 6.87842 ms (enqueue 4.14453 ms)
[10/04/2026-22:07:06] [I] Average on 1 runs - GPU latency: 6.78223 ms - Host latency: 6.89722 ms (enqueue 4.17676 ms)
[10/04/2026-22:07:06] [I] Average on 1 runs - GPU latency: 6.78906 ms - Host latency: 6.88403 ms (enqueue 4.2063 ms)
[10/04/2026-22:07:06] [I] Average on 1 runs - GPU latency: 6.7915 ms - Host latency: 6.88501 ms (enqueue 4.19629 ms)
[10/04/2026-22:07:06] [I] Average on 1 runs - GPU latency: 6.77759 ms - Host latency: 6.8689 ms (enqueue 4.17456 ms)
[10/04/2026-22:07:06] [I] Average on 1 runs - GPU latency: 6.79004 ms - Host latency: 6.88574 ms (enqueue 4.18677 ms)
[10/04/2026-22:07:06] [I] Average on 1 runs - GPU latency: 6.78735 ms - Host latency: 6.88721 ms (enqueue 4.20264 ms)
[10/04/2026-22:07:06] [I] Average on 1 runs - GPU latency: 6.77783 ms - Host latency: 6.87183 ms (enqueue 4.20752 ms)
[10/04/2026-22:07:06] [I] Average on 1 runs - GPU latency: 6.78931 ms - Host latency: 6.88696 ms (enqueue 4.15479 ms)
[10/04/2026-22:07:06] [I] Average on 1 runs - GPU latency: 6.78198 ms - Host latency: 6.87622 ms (enqueue 4.1333 ms)
[10/04/2026-22:07:06] [I] Average on 1 runs - GPU latency: 6.7832 ms - Host latency: 6.88135 ms (enqueue 4.17773 ms)
[10/04/2026-22:07:06] [I] Average on 1 runs - GPU latency: 6.79639 ms - Host latency: 6.89966 ms (enqueue 4.13647 ms)
[10/04/2026-22:07:06] [I] Average on 1 runs - GPU latency: 6.78418 ms - Host latency: 6.88354 ms (enqueue 4.15283 ms)
[10/04/2026-22:07:06] [I] Average on 1 runs - GPU latency: 6.78369 ms - Host latency: 6.88281 ms (enqueue 4.21924 ms)
[10/04/2026-22:07:06] [I] Average on 1 runs - GPU latency: 6.78076 ms - Host latency: 6.87891 ms (enqueue 4.18506 ms)
[10/04/2026-22:07:06] [I] Average on 1 runs - GPU latency: 6.79492 ms - Host latency: 6.89307 ms (enqueue 4.13965 ms)
[10/04/2026-22:07:06] [I] Average on 1 runs - GPU latency: 6.78662 ms - Host latency: 6.89258 ms (enqueue 4.21973 ms)
[10/04/2026-22:07:06] [I] Average on 1 runs - GPU latency: 6.79346 ms - Host latency: 6.8877 ms (enqueue 4.22705 ms)
[10/04/2026-22:07:06] [I] Average on 1 runs - GPU latency: 6.79297 ms - Host latency: 6.88867 ms (enqueue 4.2124 ms)
[10/04/2026-22:07:06] [I] Average on 1 runs - GPU latency: 6.78906 ms - Host latency: 6.88379 ms (enqueue 4.1748 ms)
[10/04/2026-22:07:06] [I] Average on 1 runs - GPU latency: 6.78906 ms - Host latency: 6.88721 ms (enqueue 4.1958 ms)
[10/04/2026-22:07:06] [I] Average on 1 runs - GPU latency: 6.79541 ms - Host latency: 6.89014 ms (enqueue 4.17627 ms)
[10/04/2026-22:07:06] [I] Average on 1 runs - GPU latency: 6.78076 ms - Host latency: 6.88916 ms (enqueue 4.16211 ms)
[10/04/2026-22:07:06] [I] Average on 1 runs - GPU latency: 6.78125 ms - Host latency: 6.88135 ms (enqueue 4.16699 ms)
[10/04/2026-22:07:06] [I] Average on 1 runs - GPU latency: 6.79053 ms - Host latency: 6.89014 ms (enqueue 4.25049 ms)
[10/04/2026-22:07:06] [I] Average on 1 runs - GPU latency: 6.79492 ms - Host latency: 6.89355 ms (enqueue 4.15918 ms)
[10/04/2026-22:07:06] [I] Average on 1 runs - GPU latency: 6.7832 ms - Host latency: 6.88184 ms (enqueue 4.14697 ms)
[10/04/2026-22:07:06] [I] Average on 1 runs - GPU latency: 6.79346 ms - Host latency: 6.88525 ms (enqueue 4.20654 ms)
[10/04/2026-22:07:06] [I] Average on 1 runs - GPU latency: 6.78174 ms - Host latency: 6.87842 ms (enqueue 4.2666 ms)
[10/04/2026-22:07:06] [I] Average on 1 runs - GPU latency: 6.78174 ms - Host latency: 6.88281 ms (enqueue 4.17236 ms)
[10/04/2026-22:07:06] [I] Average on 1 runs - GPU latency: 6.78613 ms - Host latency: 6.88086 ms (enqueue 4.15723 ms)
[10/04/2026-22:07:06] [I] Average on 1 runs - GPU latency: 6.78516 ms - Host latency: 6.88379 ms (enqueue 4.13184 ms)
[10/04/2026-22:07:06] [I] Average on 1 runs - GPU latency: 6.77881 ms - Host latency: 6.87646 ms (enqueue 4.23584 ms)
[10/04/2026-22:07:06] [I] Average on 1 runs - GPU latency: 6.7876 ms - Host latency: 6.88574 ms (enqueue 4.16553 ms)
[10/04/2026-22:07:06] [I] Average on 1 runs - GPU latency: 6.78418 ms - Host latency: 6.88037 ms (enqueue 4.15723 ms)
[10/04/2026-22:07:06] [I] Average on 1 runs - GPU latency: 6.79346 ms - Host latency: 6.89307 ms (enqueue 4.18018 ms)
[10/04/2026-22:07:06] [I] Average on 1 runs - GPU latency: 6.78711 ms - Host latency: 6.91797 ms (enqueue 4.18066 ms)
[10/04/2026-22:07:06] [I] Average on 1 runs - GPU latency: 6.79004 ms - Host latency: 6.88818 ms (enqueue 4.16602 ms)
[10/04/2026-22:07:06] [I] Average on 1 runs - GPU latency: 6.78662 ms - Host latency: 6.89014 ms (enqueue 4.17822 ms)
[10/04/2026-22:07:06] [I] Average on 1 runs - GPU latency: 6.78076 ms - Host latency: 6.87256 ms (enqueue 4.18457 ms)
[10/04/2026-22:07:06] [I] Average on 1 runs - GPU latency: 6.79053 ms - Host latency: 6.88867 ms (enqueue 4.24658 ms)
[10/04/2026-22:07:06] [I] Average on 1 runs - GPU latency: 6.78467 ms - Host latency: 6.88721 ms (enqueue 4.18701 ms)
[10/04/2026-22:07:06] [I] Average on 1 runs - GPU latency: 6.78613 ms - Host latency: 6.89551 ms (enqueue 4.16455 ms)
[10/04/2026-22:07:06] [I] Average on 1 runs - GPU latency: 6.78174 ms - Host latency: 6.88232 ms (enqueue 4.14404 ms)
[10/04/2026-22:07:06] [I] Average on 1 runs - GPU latency: 6.79346 ms - Host latency: 6.88867 ms (enqueue 4.2085 ms)
[10/04/2026-22:07:06] [I] Average on 1 runs - GPU latency: 6.82227 ms - Host latency: 6.91748 ms (enqueue 4.24756 ms)
[10/04/2026-22:07:06] [I] Average on 1 runs - GPU latency: 6.80518 ms - Host latency: 6.91064 ms (enqueue 4.23193 ms)
[10/04/2026-22:07:06] [I] Average on 1 runs - GPU latency: 6.80811 ms - Host latency: 6.90332 ms (enqueue 4.18457 ms)
[10/04/2026-22:07:06] [I] Average on 1 runs - GPU latency: 6.8042 ms - Host latency: 6.90527 ms (enqueue 4.29443 ms)
[10/04/2026-22:07:06] [I] Average on 1 runs - GPU latency: 6.7959 ms - Host latency: 6.89648 ms (enqueue 4.20361 ms)
[10/04/2026-22:07:06] [I] Average on 1 runs - GPU latency: 6.77783 ms - Host latency: 6.87891 ms (enqueue 4.17529 ms)
[10/04/2026-22:07:06] [I] Average on 1 runs - GPU latency: 6.79639 ms - Host latency: 6.90381 ms (enqueue 4.20752 ms)
[10/04/2026-22:07:06] [I] ... Omitting 1811 lines
[10/04/2026-22:07:06] [I] Average on 1 runs - GPU latency: 6.78906 ms - Host latency: 6.88672 ms (enqueue 4.09766 ms)
[10/04/2026-22:07:06] [I] Average on 1 runs - GPU latency: 6.78906 ms - Host latency: 6.89258 ms (enqueue 4.19336 ms)
[10/04/2026-22:07:06] [I] Average on 1 runs - GPU latency: 6.79883 ms - Host latency: 6.89844 ms (enqueue 4.16211 ms)
[10/04/2026-22:07:06] [I] Average on 1 runs - GPU latency: 6.79688 ms - Host latency: 6.89844 ms (enqueue 4.07031 ms)
[10/04/2026-22:07:06] [I] Average on 1 runs - GPU latency: 6.79688 ms - Host latency: 6.88867 ms (enqueue 4.125 ms)
[10/04/2026-22:07:06] [I] Average on 1 runs - GPU latency: 6.79102 ms - Host latency: 6.88281 ms (enqueue 4.17383 ms)
[10/04/2026-22:07:06] [I] Average on 1 runs - GPU latency: 6.79492 ms - Host latency: 6.88867 ms (enqueue 4.16992 ms)
[10/04/2026-22:07:06] [I] Average on 1 runs - GPU latency: 6.79492 ms - Host latency: 6.89258 ms (enqueue 4.20703 ms)
[10/04/2026-22:07:06] [I] Average on 1 runs - GPU latency: 6.78711 ms - Host latency: 6.88672 ms (enqueue 4.10938 ms)
[10/04/2026-22:07:06] [I] Average on 1 runs - GPU latency: 6.79688 ms - Host latency: 6.89258 ms (enqueue 4.13867 ms)
[10/04/2026-22:07:06] [I] Average on 1 runs - GPU latency: 6.79102 ms - Host latency: 6.90234 ms (enqueue 4.21289 ms)
[10/04/2026-22:07:06] [I] Average on 1 runs - GPU latency: 6.79883 ms - Host latency: 6.89844 ms (enqueue 4.21289 ms)
[10/04/2026-22:07:06] [I] Average on 1 runs - GPU latency: 6.79883 ms - Host latency: 6.89453 ms (enqueue 4.19922 ms)
[10/04/2026-22:07:06] [I] Average on 1 runs - GPU latency: 6.7793 ms - Host latency: 6.89648 ms (enqueue 4.42773 ms)
[10/04/2026-22:07:06] [I] Average on 1 runs - GPU latency: 6.79492 ms - Host latency: 6.88867 ms (enqueue 4.12695 ms)
[10/04/2026-22:07:06] [I] Average on 1 runs - GPU latency: 6.80078 ms - Host latency: 6.89844 ms (enqueue 3.13086 ms)
[10/04/2026-22:07:06] [I] Average on 1 runs - GPU latency: 6.78711 ms - Host latency: 6.88867 ms (enqueue 4.19727 ms)
[10/04/2026-22:07:06] [I] Average on 1 runs - GPU latency: 6.79297 ms - Host latency: 6.89062 ms (enqueue 4.15625 ms)
[10/04/2026-22:07:06] [I] Average on 1 runs - GPU latency: 6.78125 ms - Host latency: 6.88281 ms (enqueue 4.12109 ms)
[10/04/2026-22:07:06] [I] Average on 1 runs - GPU latency: 6.78516 ms - Host latency: 6.88086 ms (enqueue 4.19727 ms)
[10/04/2026-22:07:06] [I] Average on 1 runs - GPU latency: 6.78125 ms - Host latency: 6.87695 ms (enqueue 4.22656 ms)
[10/04/2026-22:07:06] [I] Average on 1 runs - GPU latency: 6.79102 ms - Host latency: 6.88867 ms (enqueue 4.19922 ms)
[10/04/2026-22:07:06] [I] Average on 1 runs - GPU latency: 6.79688 ms - Host latency: 6.89648 ms (enqueue 4.14648 ms)
[10/04/2026-22:07:06] [I] Average on 1 runs - GPU latency: 6.79492 ms - Host latency: 6.89258 ms (enqueue 4.20508 ms)
[10/04/2026-22:07:06] [I] Average on 1 runs - GPU latency: 6.78516 ms - Host latency: 6.88281 ms (enqueue 4.19922 ms)
[10/04/2026-22:07:06] [I] Average on 1 runs - GPU latency: 6.79297 ms - Host latency: 6.89453 ms (enqueue 4.20703 ms)
[10/04/2026-22:07:06] [I] Average on 1 runs - GPU latency: 6.80273 ms - Host latency: 6.89258 ms (enqueue 4.19141 ms)
[10/04/2026-22:07:06] [I] Average on 1 runs - GPU latency: 6.79102 ms - Host latency: 6.89062 ms (enqueue 4.16992 ms)
[10/04/2026-22:07:06] [I] Average on 1 runs - GPU latency: 6.78711 ms - Host latency: 6.87891 ms (enqueue 4.16211 ms)
[10/04/2026-22:07:06] [I] Average on 1 runs - GPU latency: 6.78711 ms - Host latency: 6.88281 ms (enqueue 4.26953 ms)
[10/04/2026-22:07:06] [I] Average on 1 runs - GPU latency: 6.78711 ms - Host latency: 6.88086 ms (enqueue 2.24414 ms)
[10/04/2026-22:07:06] [I] Average on 1 runs - GPU latency: 6.77734 ms - Host latency: 6.87305 ms (enqueue 4.26367 ms)
[10/04/2026-22:07:06] [I] Average on 1 runs - GPU latency: 6.7793 ms - Host latency: 6.88086 ms (enqueue 4.2168 ms)
[10/04/2026-22:07:06] [I] Average on 1 runs - GPU latency: 6.78906 ms - Host latency: 6.88672 ms (enqueue 4.27148 ms)
[10/04/2026-22:07:06] [I] Average on 1 runs - GPU latency: 6.79492 ms - Host latency: 6.88867 ms (enqueue 4.21094 ms)
[10/04/2026-22:07:06] [I] Average on 1 runs - GPU latency: 6.78516 ms - Host latency: 6.88477 ms (enqueue 4.15039 ms)
[10/04/2026-22:07:06] [I] Average on 1 runs - GPU latency: 6.78516 ms - Host latency: 6.88477 ms (enqueue 4.16211 ms)
[10/04/2026-22:07:06] [I] Average on 1 runs - GPU latency: 6.78516 ms - Host latency: 6.88086 ms (enqueue 3.48633 ms)
[10/04/2026-22:07:06] [I] Average on 1 runs - GPU latency: 6.78906 ms - Host latency: 6.89453 ms (enqueue 4.16602 ms)
[10/04/2026-22:07:06] [I] Average on 1 runs - GPU latency: 6.79883 ms - Host latency: 6.89453 ms (enqueue 4.20508 ms)
[10/04/2026-22:07:06] [I] Average on 1 runs - GPU latency: 6.7793 ms - Host latency: 6.87891 ms (enqueue 4.14844 ms)
[10/04/2026-22:07:06] [I] Average on 1 runs - GPU latency: 6.79492 ms - Host latency: 6.89648 ms (enqueue 4.17969 ms)
[10/04/2026-22:07:06] [I] Average on 1 runs - GPU latency: 6.78125 ms - Host latency: 6.88086 ms (enqueue 4.27539 ms)
[10/04/2026-22:07:06] [I] Average on 1 runs - GPU latency: 6.79102 ms - Host latency: 6.89258 ms (enqueue 4.22852 ms)
[10/04/2026-22:07:06] [I] Average on 1 runs - GPU latency: 6.79492 ms - Host latency: 6.89062 ms (enqueue 4.19336 ms)
[10/04/2026-22:07:06] [I] Average on 1 runs - GPU latency: 6.79492 ms - Host latency: 6.89062 ms (enqueue 2.10742 ms)
[10/04/2026-22:07:06] [I] Average on 1 runs - GPU latency: 6.79297 ms - Host latency: 6.89062 ms (enqueue 4.24023 ms)
[10/04/2026-22:07:06] [I] Average on 1 runs - GPU latency: 6.79883 ms - Host latency: 6.89844 ms (enqueue 4.25391 ms)
[10/04/2026-22:07:06] [I] Average on 1 runs - GPU latency: 6.78711 ms - Host latency: 6.89258 ms (enqueue 4.25391 ms)
[10/04/2026-22:07:06] [I] Average on 1 runs - GPU latency: 6.78516 ms - Host latency: 6.88086 ms (enqueue 4.25977 ms)
[10/04/2026-22:07:06] [I] Average on 1 runs - GPU latency: 6.79492 ms - Host latency: 6.88867 ms (enqueue 4.25 ms)
[10/04/2026-22:07:06] [I] Average on 1 runs - GPU latency: 6.78711 ms - Host latency: 6.89844 ms (enqueue 4.19727 ms)
[10/04/2026-22:07:06] [I] Average on 1 runs - GPU latency: 6.79688 ms - Host latency: 6.89258 ms (enqueue 2.63672 ms)
[10/04/2026-22:07:06] [I] Average on 1 runs - GPU latency: 6.79102 ms - Host latency: 6.88867 ms (enqueue 4.24219 ms)
[10/04/2026-22:07:06] [I] Average on 1 runs - GPU latency: 6.80078 ms - Host latency: 6.89453 ms (enqueue 4.24219 ms)
[10/04/2026-22:07:06] [I] Average on 1 runs - GPU latency: 6.79297 ms - Host latency: 6.88672 ms (enqueue 4.19922 ms)
[10/04/2026-22:07:06] [I] Average on 1 runs - GPU latency: 6.79297 ms - Host latency: 6.89258 ms (enqueue 4.23438 ms)
[10/04/2026-22:07:06] [I] Average on 1 runs - GPU latency: 6.78711 ms - Host latency: 6.88086 ms (enqueue 4.17969 ms)
[10/04/2026-22:07:06] [I] Average on 1 runs - GPU latency: 6.78906 ms - Host latency: 6.89062 ms (enqueue 4.20703 ms)
[10/04/2026-22:07:06] [I] Average on 1 runs - GPU latency: 6.79297 ms - Host latency: 6.88867 ms (enqueue 3.88477 ms)
[10/04/2026-22:07:06] [I] Average on 1 runs - GPU latency: 6.82031 ms - Host latency: 6.91992 ms (enqueue 4.25586 ms)
[10/04/2026-22:07:06] [I] Average on 1 runs - GPU latency: 6.82031 ms - Host latency: 6.91406 ms (enqueue 2.95312 ms)
[10/04/2026-22:07:06] [I] Average on 1 runs - GPU latency: 6.79883 ms - Host latency: 6.90625 ms (enqueue 2.94336 ms)
[10/04/2026-22:07:06] [I] Average on 1 runs - GPU latency: 6.80078 ms - Host latency: 6.89258 ms (enqueue 2.75195 ms)
[10/04/2026-22:07:06] [I] Average on 1 runs - GPU latency: 6.80273 ms - Host latency: 6.89453 ms (enqueue 2.64648 ms)
[10/04/2026-22:07:06] [I] Average on 1 runs - GPU latency: 6.79883 ms - Host latency: 6.89258 ms (enqueue 2.7168 ms)
[10/04/2026-22:07:06] [I] Average on 1 runs - GPU latency: 6.79883 ms - Host latency: 6.89648 ms (enqueue 2.86328 ms)
[10/04/2026-22:07:06] [I] Average on 1 runs - GPU latency: 6.80078 ms - Host latency: 6.89453 ms (enqueue 2.20312 ms)
[10/04/2026-22:07:06] [I] Average on 1 runs - GPU latency: 6.78906 ms - Host latency: 6.88281 ms (enqueue 2.96289 ms)
[10/04/2026-22:07:06] [I] Average on 1 runs - GPU latency: 6.78516 ms - Host latency: 6.88477 ms (enqueue 4.33398 ms)
[10/04/2026-22:07:06] [I] Average on 1 runs - GPU latency: 6.7832 ms - Host latency: 6.88281 ms (enqueue 4.2207 ms)
[10/04/2026-22:07:06] [I] Average on 1 runs - GPU latency: 6.79297 ms - Host latency: 6.88672 ms (enqueue 4.29297 ms)
[10/04/2026-22:07:06] [I] Average on 1 runs - GPU latency: 6.79492 ms - Host latency: 6.89844 ms (enqueue 4.2168 ms)
[10/04/2026-22:07:06] [I] Average on 1 runs - GPU latency: 6.79883 ms - Host latency: 6.90234 ms (enqueue 4.25586 ms)
[10/04/2026-22:07:06] [I] Average on 1 runs - GPU latency: 6.78906 ms - Host latency: 6.88281 ms (enqueue 3.03516 ms)
[10/04/2026-22:07:06] [I] Average on 1 runs - GPU latency: 6.7832 ms - Host latency: 6.88086 ms (enqueue 4.23828 ms)
[10/04/2026-22:07:06] [I] Average on 1 runs - GPU latency: 6.79688 ms - Host latency: 6.89258 ms (enqueue 4.17773 ms)
[10/04/2026-22:07:06] [I] Average on 1 runs - GPU latency: 6.78906 ms - Host latency: 6.88477 ms (enqueue 4.14062 ms)
[10/04/2026-22:07:06] [I] Average on 1 runs - GPU latency: 6.80078 ms - Host latency: 6.90039 ms (enqueue 4.16406 ms)
[10/04/2026-22:07:06] [I] Average on 1 runs - GPU latency: 6.78711 ms - Host latency: 6.88867 ms (enqueue 4.19922 ms)
[10/04/2026-22:07:06] [I] Average on 1 runs - GPU latency: 6.79492 ms - Host latency: 6.89258 ms (enqueue 4.24023 ms)
[10/04/2026-22:07:06] [I] Average on 1 runs - GPU latency: 6.79297 ms - Host latency: 6.89258 ms (enqueue 4.15625 ms)
[10/04/2026-22:07:06] [I] Average on 1 runs - GPU latency: 6.78711 ms - Host latency: 6.88086 ms (enqueue 4.25781 ms)
[10/04/2026-22:07:06] [I] Average on 1 runs - GPU latency: 6.79688 ms - Host latency: 6.89062 ms (enqueue 4.1875 ms)
[10/04/2026-22:07:06] [I] Average on 1 runs - GPU latency: 6.78711 ms - Host latency: 6.88281 ms (enqueue 4.2207 ms)
[10/04/2026-22:07:06] [I] Average on 1 runs - GPU latency: 6.79102 ms - Host latency: 6.88672 ms (enqueue 4.20898 ms)
[10/04/2026-22:07:06] [I] Average on 1 runs - GPU latency: 6.78906 ms - Host latency: 6.88281 ms (enqueue 4.17383 ms)
[10/04/2026-22:07:06] [I] Average on 1 runs - GPU latency: 6.79102 ms - Host latency: 6.88477 ms (enqueue 4.17773 ms)
[10/04/2026-22:07:06] [I] Average on 1 runs - GPU latency: 6.7832 ms - Host latency: 6.87891 ms (enqueue 4.21875 ms)
[10/04/2026-22:07:06] [I] Average on 1 runs - GPU latency: 6.79102 ms - Host latency: 6.88867 ms (enqueue 2.09375 ms)
[10/04/2026-22:07:06] [I] Average on 1 runs - GPU latency: 6.7793 ms - Host latency: 6.88281 ms (enqueue 4.17383 ms)
[10/04/2026-22:07:06] [I] Average on 1 runs - GPU latency: 6.79297 ms - Host latency: 6.89258 ms (enqueue 4.23242 ms)
[10/04/2026-22:07:06] [I] Average on 1 runs - GPU latency: 6.78906 ms - Host latency: 6.9082 ms (enqueue 4.17383 ms)
[10/04/2026-22:07:06] [I] Average on 1 runs - GPU latency: 6.78711 ms - Host latency: 6.88867 ms (enqueue 4.1582 ms)
[10/04/2026-22:07:06] [I] Average on 1 runs - GPU latency: 6.79492 ms - Host latency: 6.89062 ms (enqueue 4.16406 ms)
[10/04/2026-22:07:06] [I] Average on 1 runs - GPU latency: 6.79102 ms - Host latency: 6.89258 ms (enqueue 4.18359 ms)
[10/04/2026-22:07:06] [I] Average on 1 runs - GPU latency: 6.79492 ms - Host latency: 6.89258 ms (enqueue 3.33203 ms)
[10/04/2026-22:07:06] [I] Average on 1 runs - GPU latency: 6.79492 ms - Host latency: 6.88867 ms (enqueue 4.22461 ms)
[10/04/2026-22:07:06] [I] Average on 1 runs - GPU latency: 6.80078 ms - Host latency: 6.90039 ms (enqueue 4.18945 ms)
[10/04/2026-22:07:06] [I] Average on 1 runs - GPU latency: 6.79102 ms - Host latency: 6.88672 ms (enqueue 4.22852 ms)
[10/04/2026-22:07:06] [I] Average on 1 runs - GPU latency: 6.79297 ms - Host latency: 6.89062 ms (enqueue 4.23242 ms)
[10/04/2026-22:07:06] [I] Average on 1 runs - GPU latency: 6.78906 ms - Host latency: 6.88867 ms (enqueue 4.16016 ms)
[10/04/2026-22:07:06] [I] Average on 1 runs - GPU latency: 6.78906 ms - Host latency: 6.88477 ms (enqueue 4.20703 ms)
[10/04/2026-22:07:06] [I] Average on 1 runs - GPU latency: 6.79688 ms - Host latency: 6.89648 ms (enqueue 4.14453 ms)
[10/04/2026-22:07:06] [I] Average on 1 runs - GPU latency: 6.79102 ms - Host latency: 6.87891 ms (enqueue 2.63672 ms)
[10/04/2026-22:07:06] [I] Average on 1 runs - GPU latency: 6.79688 ms - Host latency: 6.89258 ms (enqueue 4.2168 ms)
[10/04/2026-22:07:06] [I] Average on 1 runs - GPU latency: 6.79297 ms - Host latency: 6.89062 ms (enqueue 4.13477 ms)
[10/04/2026-22:07:06] [I] Average on 1 runs - GPU latency: 6.79102 ms - Host latency: 6.88477 ms (enqueue 4.18164 ms)
[10/04/2026-22:07:06] [I] Average on 1 runs - GPU latency: 6.80078 ms - Host latency: 6.89453 ms (enqueue 4.19727 ms)
[10/04/2026-22:07:06] [I] Average on 1 runs - GPU latency: 6.79102 ms - Host latency: 6.88672 ms (enqueue 4.22656 ms)
[10/04/2026-22:07:06] [I] Average on 1 runs - GPU latency: 6.78516 ms - Host latency: 6.87891 ms (enqueue 4.16602 ms)
[10/04/2026-22:07:06] [I] Average on 1 runs - GPU latency: 6.79297 ms - Host latency: 6.89062 ms (enqueue 2.49219 ms)
[10/04/2026-22:07:06] [I] Average on 1 runs - GPU latency: 6.79492 ms - Host latency: 6.89258 ms (enqueue 4.22656 ms)
[10/04/2026-22:07:06] [I] Average on 1 runs - GPU latency: 6.78906 ms - Host latency: 6.88672 ms (enqueue 4.20898 ms)
[10/04/2026-22:07:06] [I] Average on 1 runs - GPU latency: 6.78516 ms - Host latency: 6.87891 ms (enqueue 4.19727 ms)
[10/04/2026-22:07:06] [I] Average on 1 runs - GPU latency: 6.78516 ms - Host latency: 6.88086 ms (enqueue 4.20117 ms)
[10/04/2026-22:07:06] [I] Average on 1 runs - GPU latency: 6.78906 ms - Host latency: 6.88672 ms (enqueue 4.25781 ms)
[10/04/2026-22:07:06] [I] Average on 1 runs - GPU latency: 6.79883 ms - Host latency: 6.89648 ms (enqueue 4.22461 ms)
[10/04/2026-22:07:06] [I] Average on 1 runs - GPU latency: 6.79492 ms - Host latency: 6.89453 ms (enqueue 3.75 ms)
[10/04/2026-22:07:06] [I] Average on 1 runs - GPU latency: 6.78711 ms - Host latency: 6.88281 ms (enqueue 4.28516 ms)
[10/04/2026-22:07:06] [I] Average on 1 runs - GPU latency: 6.78516 ms - Host latency: 6.88867 ms (enqueue 4.29688 ms)
[10/04/2026-22:07:06] [I] Average on 1 runs - GPU latency: 6.79297 ms - Host latency: 6.88867 ms (enqueue 4.12305 ms)
[10/04/2026-22:07:06] [I] Average on 1 runs - GPU latency: 6.79883 ms - Host latency: 6.89648 ms (enqueue 4.13086 ms)
[10/04/2026-22:07:06] [I] Average on 1 runs - GPU latency: 6.78516 ms - Host latency: 6.88086 ms (enqueue 4.16992 ms)
[10/04/2026-22:07:06] [I] Average on 1 runs - GPU latency: 6.79688 ms - Host latency: 6.89648 ms (enqueue 4.26758 ms)
[10/04/2026-22:07:06] [I] Average on 1 runs - GPU latency: 6.7793 ms - Host latency: 6.87305 ms (enqueue 4.17969 ms)
[10/04/2026-22:07:06] [I] Average on 1 runs - GPU latency: 6.79492 ms - Host latency: 6.88477 ms (enqueue 2.10352 ms)
[10/04/2026-22:07:06] [I] Average on 1 runs - GPU latency: 6.79297 ms - Host latency: 6.89453 ms (enqueue 2.91797 ms)
[10/04/2026-22:07:06] [I] Average on 1 runs - GPU latency: 6.79102 ms - Host latency: 6.88672 ms (enqueue 4.21094 ms)
[10/04/2026-22:07:06] [I] Average on 1 runs - GPU latency: 6.79102 ms - Host latency: 6.88867 ms (enqueue 2.13477 ms)
[10/04/2026-22:07:06] [I] Average on 1 runs - GPU latency: 6.78516 ms - Host latency: 6.88281 ms (enqueue 4.21289 ms)
[10/04/2026-22:07:06] [I] Average on 1 runs - GPU latency: 6.78516 ms - Host latency: 6.87891 ms (enqueue 4.20703 ms)
[10/04/2026-22:07:06] [I] Average on 1 runs - GPU latency: 6.80078 ms - Host latency: 6.89453 ms (enqueue 4.1582 ms)
[10/04/2026-22:07:06] [I] Average on 1 runs - GPU latency: 6.78711 ms - Host latency: 6.89453 ms (enqueue 2.89648 ms)
[10/04/2026-22:07:06] [I] Average on 1 runs - GPU latency: 6.79492 ms - Host latency: 6.89258 ms (enqueue 4.17773 ms)
[10/04/2026-22:07:06] [I] Average on 1 runs - GPU latency: 6.79297 ms - Host latency: 6.89453 ms (enqueue 4.16406 ms)
[10/04/2026-22:07:06] [I] Average on 1 runs - GPU latency: 6.78906 ms - Host latency: 6.89062 ms (enqueue 4.20312 ms)
[10/04/2026-22:07:06] [I] Average on 1 runs - GPU latency: 6.79102 ms - Host latency: 6.88477 ms (enqueue 4.17188 ms)
[10/04/2026-22:07:06] [I] Average on 1 runs - GPU latency: 6.78125 ms - Host latency: 6.88086 ms (enqueue 4.20898 ms)
[10/04/2026-22:07:06] [I] Average on 1 runs - GPU latency: 6.79297 ms - Host latency: 6.88867 ms (enqueue 4.17383 ms)
[10/04/2026-22:07:06] [I] Average on 1 runs - GPU latency: 6.78906 ms - Host latency: 6.88477 ms (enqueue 4.10547 ms)
[10/04/2026-22:07:06] [I] Average on 1 runs - GPU latency: 6.79297 ms - Host latency: 6.88086 ms (enqueue 4.18945 ms)
[10/04/2026-22:07:06] [I] Average on 1 runs - GPU latency: 6.80664 ms - Host latency: 6.90234 ms (enqueue 4.17578 ms)
[10/04/2026-22:07:06] [I] Average on 1 runs - GPU latency: 6.80273 ms - Host latency: 6.89453 ms (enqueue 3.03125 ms)
[10/04/2026-22:07:06] [I] Average on 1 runs - GPU latency: 6.79297 ms - Host latency: 6.9043 ms (enqueue 2.82227 ms)
[10/04/2026-22:07:06] [I] Average on 1 runs - GPU latency: 6.79688 ms - Host latency: 6.89648 ms (enqueue 2.79883 ms)
[10/04/2026-22:07:06] [I] Average on 1 runs - GPU latency: 6.81055 ms - Host latency: 6.90625 ms (enqueue 2.60938 ms)
[10/04/2026-22:07:06] [I] Average on 1 runs - GPU latency: 6.79102 ms - Host latency: 6.88867 ms (enqueue 2.67773 ms)
[10/04/2026-22:07:06] [I] Average on 1 runs - GPU latency: 6.79883 ms - Host latency: 6.89648 ms (enqueue 2.50781 ms)
[10/04/2026-22:07:06] [I] Average on 1 runs - GPU latency: 6.78711 ms - Host latency: 6.88867 ms (enqueue 3.07031 ms)
[10/04/2026-22:07:06] [I] Average on 1 runs - GPU latency: 6.80664 ms - Host latency: 6.9043 ms (enqueue 3.00977 ms)
[10/04/2026-22:07:06] [I] Average on 1 runs - GPU latency: 6.79688 ms - Host latency: 6.89062 ms (enqueue 3.01953 ms)
[10/04/2026-22:07:06] [I] Average on 1 runs - GPU latency: 6.79883 ms - Host latency: 6.90039 ms (enqueue 4.13477 ms)
[10/04/2026-22:07:06] [I] Average on 1 runs - GPU latency: 6.79883 ms - Host latency: 6.89844 ms (enqueue 4.26172 ms)
[10/04/2026-22:07:06] [I] Average on 1 runs - GPU latency: 6.79102 ms - Host latency: 6.88672 ms (enqueue 4.1543 ms)
[10/04/2026-22:07:06] [I] Average on 1 runs - GPU latency: 6.79297 ms - Host latency: 6.89648 ms (enqueue 3.24414 ms)
[10/04/2026-22:07:06] [I] Average on 1 runs - GPU latency: 6.78906 ms - Host latency: 6.88281 ms (enqueue 4.24609 ms)
[10/04/2026-22:07:06] [I] Average on 1 runs - GPU latency: 6.78711 ms - Host latency: 6.88477 ms (enqueue 4.2168 ms)
[10/04/2026-22:07:06] [I] Average on 1 runs - GPU latency: 6.79297 ms - Host latency: 6.89844 ms (enqueue 4.22852 ms)
[10/04/2026-22:07:06] [I] Average on 1 runs - GPU latency: 6.7832 ms - Host latency: 6.88281 ms (enqueue 4.18164 ms)
[10/04/2026-22:07:06] [I] Average on 1 runs - GPU latency: 6.7832 ms - Host latency: 6.89453 ms (enqueue 4.27539 ms)
[10/04/2026-22:07:06] [I] Average on 1 runs - GPU latency: 6.78125 ms - Host latency: 6.88477 ms (enqueue 4.20312 ms)
[10/04/2026-22:07:06] [I] Average on 1 runs - GPU latency: 6.79492 ms - Host latency: 6.89844 ms (enqueue 4.17383 ms)
[10/04/2026-22:07:06] [I] Average on 1 runs - GPU latency: 6.79297 ms - Host latency: 6.88477 ms (enqueue 3.50586 ms)
[10/04/2026-22:07:06] [I] Average on 1 runs - GPU latency: 6.79102 ms - Host latency: 6.89062 ms (enqueue 4.25195 ms)
[10/04/2026-22:07:06] [I] Average on 1 runs - GPU latency: 6.78711 ms - Host latency: 6.88281 ms (enqueue 4.16797 ms)
[10/04/2026-22:07:06] [I] Average on 1 runs - GPU latency: 6.77734 ms - Host latency: 6.86914 ms (enqueue 4.17383 ms)
[10/04/2026-22:07:06] [I] Average on 1 runs - GPU latency: 6.78906 ms - Host latency: 6.88672 ms (enqueue 4.24805 ms)
[10/04/2026-22:07:06] [I] Average on 1 runs - GPU latency: 6.79492 ms - Host latency: 6.90234 ms (enqueue 4.22266 ms)
[10/04/2026-22:07:06] [I] Average on 1 runs - GPU latency: 6.78906 ms - Host latency: 6.88672 ms (enqueue 4.23047 ms)
[10/04/2026-22:07:06] [I] Average on 1 runs - GPU latency: 6.79883 ms - Host latency: 6.89453 ms (enqueue 2.41797 ms)
[10/04/2026-22:07:06] [I] Average on 1 runs - GPU latency: 6.78516 ms - Host latency: 6.88477 ms (enqueue 4.24414 ms)
[10/04/2026-22:07:06] [I] Average on 1 runs - GPU latency: 6.79883 ms - Host latency: 6.89648 ms (enqueue 4.19336 ms)
[10/04/2026-22:07:06] [I] Average on 1 runs - GPU latency: 6.79297 ms - Host latency: 6.88867 ms (enqueue 4.18359 ms)
[10/04/2026-22:07:06] [I] Average on 1 runs - GPU latency: 6.79492 ms - Host latency: 6.91016 ms (enqueue 4.18164 ms)
[10/04/2026-22:07:06] [I] Average on 1 runs - GPU latency: 6.79492 ms - Host latency: 6.89258 ms (enqueue 4.1875 ms)
[10/04/2026-22:07:06] [I] Average on 1 runs - GPU latency: 6.79492 ms - Host latency: 6.89062 ms (enqueue 4.17578 ms)
[10/04/2026-22:07:06] [I] Average on 1 runs - GPU latency: 6.7832 ms - Host latency: 6.88086 ms (enqueue 3.63086 ms)
[10/04/2026-22:07:06] [I] Average on 1 runs - GPU latency: 6.79102 ms - Host latency: 6.89258 ms (enqueue 4.25781 ms)
[10/04/2026-22:07:06] [I] Average on 1 runs - GPU latency: 6.79492 ms - Host latency: 6.89062 ms (enqueue 4.1875 ms)
[10/04/2026-22:07:06] [I] Average on 1 runs - GPU latency: 6.79102 ms - Host latency: 6.88867 ms (enqueue 4.16406 ms)
[10/04/2026-22:07:06] [I] Average on 1 runs - GPU latency: 6.79102 ms - Host latency: 6.88867 ms (enqueue 4.16992 ms)
[10/04/2026-22:07:06] [I] Average on 1 runs - GPU latency: 6.79492 ms - Host latency: 6.89453 ms (enqueue 4.17188 ms)
[10/04/2026-22:07:06] [I] Average on 1 runs - GPU latency: 6.79688 ms - Host latency: 6.89453 ms (enqueue 4.20898 ms)
[10/04/2026-22:07:06] [I] Average on 1 runs - GPU latency: 6.79102 ms - Host latency: 6.88477 ms (enqueue 4.25 ms)
[10/04/2026-22:07:06] [I] Average on 1 runs - GPU latency: 6.80078 ms - Host latency: 6.89062 ms (enqueue 2.12695 ms)
[10/04/2026-22:07:06] [I] Average on 1 runs - GPU latency: 6.78906 ms - Host latency: 6.88867 ms (enqueue 4.29688 ms)
[10/04/2026-22:07:06] [I] Average on 1 runs - GPU latency: 6.78516 ms - Host latency: 6.88281 ms (enqueue 4.22656 ms)
[10/04/2026-22:07:06] [I] Average on 1 runs - GPU latency: 6.79102 ms - Host latency: 6.88477 ms (enqueue 4.17773 ms)
[10/04/2026-22:07:06] [I] Average on 1 runs - GPU latency: 6.78516 ms - Host latency: 6.88477 ms (enqueue 4.24023 ms)
[10/04/2026-22:07:06] [I] Average on 1 runs - GPU latency: 6.80273 ms - Host latency: 6.89648 ms (enqueue 4.22461 ms)
[10/04/2026-22:07:06] [I] Average on 1 runs - GPU latency: 6.79492 ms - Host latency: 6.88867 ms (enqueue 4.24609 ms)
[10/04/2026-22:07:06] [I] Average on 1 runs - GPU latency: 6.79297 ms - Host latency: 6.89258 ms (enqueue 2.73047 ms)
[10/04/2026-22:07:06] [I] Average on 1 runs - GPU latency: 6.79883 ms - Host latency: 6.90234 ms (enqueue 4.24219 ms)
[10/04/2026-22:07:06] [I] Average on 1 runs - GPU latency: 6.78516 ms - Host latency: 6.88477 ms (enqueue 4.25977 ms)
[10/04/2026-22:07:06] [I] Average on 1 runs - GPU latency: 6.79492 ms - Host latency: 6.89258 ms (enqueue 4.19531 ms)
[10/04/2026-22:07:06] [I] Average on 1 runs - GPU latency: 6.77734 ms - Host latency: 6.87695 ms (enqueue 4.18555 ms)
[10/04/2026-22:07:06] [I] Average on 1 runs - GPU latency: 6.80273 ms - Host latency: 6.90625 ms (enqueue 4.1875 ms)
[10/04/2026-22:07:06] [I] Average on 1 runs - GPU latency: 6.79297 ms - Host latency: 6.89258 ms (enqueue 4.27344 ms)
[10/04/2026-22:07:06] [I] Average on 1 runs - GPU latency: 6.78711 ms - Host latency: 6.88477 ms (enqueue 4.04688 ms)
[10/04/2026-22:07:06] [I] Average on 1 runs - GPU latency: 6.77344 ms - Host latency: 6.86328 ms (enqueue 4.22656 ms)
[10/04/2026-22:07:06] [I] 
[10/04/2026-22:07:06] [I] === Performance summary ===
[10/04/2026-22:07:06] [I] Throughput: 147.15 qps
[10/04/2026-22:07:06] [I] Latency: min = 6.8584 ms, max = 7.69043 ms, mean = 6.88801 ms, median = 6.88672 ms, percentile(90%) = 6.89844 ms, percentile(95%) = 6.90332 ms, percentile(99%) = 6.91504 ms
[10/04/2026-22:07:06] [I] Enqueue Time: min = 2.06348 ms, max = 4.65723 ms, mean = 4.04139 ms, median = 4.17383 ms, percentile(90%) = 4.23291 ms, percentile(95%) = 4.25049 ms, percentile(99%) = 4.29688 ms
[10/04/2026-22:07:06] [I] H2D Latency: min = 0.0791016 ms, max = 0.179443 ms, mean = 0.0912213 ms, median = 0.090332 ms, percentile(90%) = 0.0957031 ms, percentile(95%) = 0.0986328 ms, percentile(99%) = 0.108398 ms
[10/04/2026-22:07:06] [I] GPU Compute Time: min = 6.76855 ms, max = 7.58984 ms, mean = 6.79001 ms, median = 6.78906 ms, percentile(90%) = 6.79834 ms, percentile(95%) = 6.80176 ms, percentile(99%) = 6.81104 ms
[10/04/2026-22:07:06] [I] D2H Latency: min = 0.00390625 ms, max = 0.0112305 ms, mean = 0.0067804 ms, median = 0.00634766 ms, percentile(90%) = 0.00878906 ms, percentile(95%) = 0.00927734 ms, percentile(99%) = 0.00976562 ms
[10/04/2026-22:07:06] [I] Total Host Walltime: 15.0255 s
[10/04/2026-22:07:06] [I] Total GPU Compute Time: 15.0127 s
[10/04/2026-22:07:06] [I] Explanations of the performance metrics are printed in the verbose logs.
[10/04/2026-22:07:06] [I] 
&&&& PASSED TensorRT.trtexec [TensorRT v100300] # /usr/src/tensorrt/bin/trtexec --loadEngine=/tmp/engines/y26s_640_uint8_opt3.engine --warmUp=3000 --duration=15 --idleTime=1 --avgRuns=1
