&&&& RUNNING TensorRT.trtexec [TensorRT v100300] # /usr/src/tensorrt/bin/trtexec --loadEngine=/tmp/yolo26n_84172_uint8_fp16_opt3.engine --warmUp=3000 --duration=15 --idleTime=0 --avgRuns=1
[10/06/2026-16:09:38] [I] === Model Options ===
[10/06/2026-16:09:38] [I] Format: *
[10/06/2026-16:09:38] [I] Model: 
[10/06/2026-16:09:38] [I] Output:
[10/06/2026-16:09:38] [I] 
[10/06/2026-16:09:38] [I] === System Options ===
[10/06/2026-16:09:38] [I] Device: 0
[10/06/2026-16:09:38] [I] DLACore: 
[10/06/2026-16:09:38] [I] Plugins:
[10/06/2026-16:09:38] [I] setPluginsToSerialize:
[10/06/2026-16:09:38] [I] dynamicPlugins:
[10/06/2026-16:09:38] [I] ignoreParsedPluginLibs: 0
[10/06/2026-16:09:38] [I] 
[10/06/2026-16:09:38] [I] === Inference Options ===
[10/06/2026-16:09:38] [I] Batch: Explicit
[10/06/2026-16:09:38] [I] Input inference shapes: model
[10/06/2026-16:09:38] [I] Iterations: 10
[10/06/2026-16:09:38] [I] Duration: 15s (+ 3000ms warm up)
[10/06/2026-16:09:38] [I] Sleep time: 0ms
[10/06/2026-16:09:38] [I] Idle time: 0ms
[10/06/2026-16:09:38] [I] Inference Streams: 1
[10/06/2026-16:09:38] [I] ExposeDMA: Disabled
[10/06/2026-16:09:38] [I] Data transfers: Enabled
[10/06/2026-16:09:38] [I] Spin-wait: Disabled
[10/06/2026-16:09:38] [I] Multithreading: Disabled
[10/06/2026-16:09:38] [I] CUDA Graph: Disabled
[10/06/2026-16:09:38] [I] Separate profiling: Disabled
[10/06/2026-16:09:38] [I] Time Deserialize: Disabled
[10/06/2026-16:09:38] [I] Time Refit: Disabled
[10/06/2026-16:09:38] [I] NVTX verbosity: 0
[10/06/2026-16:09:38] [I] Persistent Cache Ratio: 0
[10/06/2026-16:09:38] [I] Optimization Profile Index: 0
[10/06/2026-16:09:38] [I] Weight Streaming Budget: 100.000000%
[10/06/2026-16:09:38] [I] Inputs:
[10/06/2026-16:09:38] [I] Debug Tensor Save Destinations:
[10/06/2026-16:09:38] [I] === Reporting Options ===
[10/06/2026-16:09:38] [I] Verbose: Disabled
[10/06/2026-16:09:38] [I] Averages: 1 inferences
[10/06/2026-16:09:38] [I] Percentiles: 90,95,99
[10/06/2026-16:09:38] [I] Dump refittable layers:Disabled
[10/06/2026-16:09:38] [I] Dump output: Disabled
[10/06/2026-16:09:38] [I] Profile: Disabled
[10/06/2026-16:09:38] [I] Export timing to JSON file: 
[10/06/2026-16:09:38] [I] Export output to JSON file: 
[10/06/2026-16:09:38] [I] Export profile to JSON file: 
[10/06/2026-16:09:38] [I] 
[10/06/2026-16:09:38] [I] === Device Information ===
[10/06/2026-16:09:38] [I] Available Devices: 
[10/06/2026-16:09:38] [I]   Device 0: "Orin" UUID: GPU-6e16c2c1-e394-5324-8f2e-63a975968f4e
[10/06/2026-16:09:38] [I] Selected Device: Orin
[10/06/2026-16:09:38] [I] Selected Device ID: 0
[10/06/2026-16:09:38] [I] Selected Device UUID: GPU-6e16c2c1-e394-5324-8f2e-63a975968f4e
[10/06/2026-16:09:38] [I] Compute Capability: 8.7
[10/06/2026-16:09:38] [I] SMs: 8
[10/06/2026-16:09:38] [I] Device Global Memory: 7607 MiB
[10/06/2026-16:09:38] [I] Shared Memory per SM: 164 KiB
[10/06/2026-16:09:38] [I] Memory Bus Width: 128 bits (ECC disabled)
[10/06/2026-16:09:38] [I] Application Compute Clock Rate: 1.02 GHz
[10/06/2026-16:09:38] [I] Application Memory Clock Rate: 0.306 GHz
[10/06/2026-16:09:38] [I] 
[10/06/2026-16:09:38] [I] Note: The application clock rates do not reflect the actual clock rates that the GPU is currently running at.
[10/06/2026-16:09:38] [I] 
[10/06/2026-16:09:38] [I] TensorRT version: 10.3.0
[10/06/2026-16:09:38] [I] Loading standard plugins
[10/06/2026-16:09:38] [I] [TRT] Loaded engine size: 7 MiB
[10/06/2026-16:09:38] [I] Engine deserialized in 0.0616996 sec.
[10/06/2026-16:09:38] [I] [TRT] [MemUsageChange] TensorRT-managed allocation in IExecutionContext creation: CPU +0, GPU +12, now: CPU 0, GPU 16 (MiB)
[10/06/2026-16:09:38] [I] Setting persistentCacheLimit to 0 bytes.
[10/06/2026-16:09:38] [I] Created execution context with device memory size: 12.207 MiB
[10/06/2026-16:09:38] [I] Using random values for input images
[10/06/2026-16:09:38] [I] Input binding for images with dimensions 1x640x640x3 is created.
[10/06/2026-16:09:38] [I] Output binding for output0 with dimensions 1x300x6 is created.
[10/06/2026-16:09:38] [I] Starting inference
[10/06/2026-16:09:56] [I] Warmup completed 236 queries over 3000 ms
[10/06/2026-16:09:56] [I] Timing trace has 1205 queries over 15.033 s
[10/06/2026-16:09:56] [I] 
[10/06/2026-16:09:56] [I] === Trace details ===
[10/06/2026-16:09:56] [I] Trace averages of 1 runs:
[10/06/2026-16:09:56] [I] Average on 1 runs - GPU latency: 12.459 ms - Host latency: 12.6433 ms (enqueue 4.22388 ms)
[10/06/2026-16:09:56] [I] Average on 1 runs - GPU latency: 12.4631 ms - Host latency: 12.6494 ms (enqueue 4.28149 ms)
[10/06/2026-16:09:56] [I] Average on 1 runs - GPU latency: 12.4697 ms - Host latency: 12.6606 ms (enqueue 4.24658 ms)
[10/06/2026-16:09:56] [I] Average on 1 runs - GPU latency: 12.4648 ms - Host latency: 12.6465 ms (enqueue 4.30078 ms)
[10/06/2026-16:09:56] [I] Average on 1 runs - GPU latency: 12.4651 ms - Host latency: 12.6521 ms (enqueue 4.31177 ms)
[10/06/2026-16:09:56] [I] Average on 1 runs - GPU latency: 12.459 ms - Host latency: 12.6409 ms (enqueue 4.28052 ms)
[10/06/2026-16:09:56] [I] Average on 1 runs - GPU latency: 12.4641 ms - Host latency: 12.6467 ms (enqueue 4.24927 ms)
[10/06/2026-16:09:56] [I] Average on 1 runs - GPU latency: 12.458 ms - Host latency: 12.6401 ms (enqueue 4.26562 ms)
[10/06/2026-16:09:56] [I] Average on 1 runs - GPU latency: 12.4788 ms - Host latency: 12.6646 ms (enqueue 4.23682 ms)
[10/06/2026-16:09:56] [I] Average on 1 runs - GPU latency: 12.4512 ms - Host latency: 12.634 ms (enqueue 4.2981 ms)
[10/06/2026-16:09:56] [I] Average on 1 runs - GPU latency: 12.448 ms - Host latency: 12.6318 ms (enqueue 4.28247 ms)
[10/06/2026-16:09:56] [I] Average on 1 runs - GPU latency: 12.4465 ms - Host latency: 12.6292 ms (enqueue 4.28369 ms)
[10/06/2026-16:09:56] [I] Average on 1 runs - GPU latency: 12.4529 ms - Host latency: 12.6399 ms (enqueue 4.28955 ms)
[10/06/2026-16:09:56] [I] Average on 1 runs - GPU latency: 12.4578 ms - Host latency: 12.6399 ms (enqueue 4.3042 ms)
[10/06/2026-16:09:56] [I] Average on 1 runs - GPU latency: 12.4622 ms - Host latency: 12.6492 ms (enqueue 4.27808 ms)
[10/06/2026-16:09:56] [I] Average on 1 runs - GPU latency: 12.4658 ms - Host latency: 12.6475 ms (enqueue 4.22217 ms)
[10/06/2026-16:09:56] [I] Average on 1 runs - GPU latency: 12.457 ms - Host latency: 12.6423 ms (enqueue 4.27148 ms)
[10/06/2026-16:09:56] [I] Average on 1 runs - GPU latency: 12.458 ms - Host latency: 12.6394 ms (enqueue 4.28931 ms)
[10/06/2026-16:09:56] [I] Average on 1 runs - GPU latency: 12.4358 ms - Host latency: 12.6206 ms (enqueue 4.26733 ms)
[10/06/2026-16:09:56] [I] Average on 1 runs - GPU latency: 12.4436 ms - Host latency: 12.627 ms (enqueue 4.23755 ms)
[10/06/2026-16:09:56] [I] Average on 1 runs - GPU latency: 12.4644 ms - Host latency: 12.6536 ms (enqueue 4.33081 ms)
[10/06/2026-16:09:56] [I] Average on 1 runs - GPU latency: 12.4604 ms - Host latency: 12.6467 ms (enqueue 4.27173 ms)
[10/06/2026-16:09:56] [I] Average on 1 runs - GPU latency: 12.4546 ms - Host latency: 12.6458 ms (enqueue 4.30249 ms)
[10/06/2026-16:09:56] [I] Average on 1 runs - GPU latency: 12.4443 ms - Host latency: 12.6741 ms (enqueue 4.24707 ms)
[10/06/2026-16:09:56] [I] Average on 1 runs - GPU latency: 12.4443 ms - Host latency: 12.6279 ms (enqueue 4.22192 ms)
[10/06/2026-16:09:56] [I] Average on 1 runs - GPU latency: 12.4587 ms - Host latency: 12.6467 ms (enqueue 4.26562 ms)
[10/06/2026-16:09:56] [I] Average on 1 runs - GPU latency: 12.4536 ms - Host latency: 12.6416 ms (enqueue 4.32544 ms)
[10/06/2026-16:09:56] [I] Average on 1 runs - GPU latency: 12.4653 ms - Host latency: 12.647 ms (enqueue 4.31274 ms)
[10/06/2026-16:09:56] [I] Average on 1 runs - GPU latency: 12.4473 ms - Host latency: 12.6313 ms (enqueue 4.30518 ms)
[10/06/2026-16:09:56] [I] Average on 1 runs - GPU latency: 12.4565 ms - Host latency: 12.6411 ms (enqueue 4.25342 ms)
[10/06/2026-16:09:56] [I] Average on 1 runs - GPU latency: 12.4561 ms - Host latency: 12.6406 ms (enqueue 4.30396 ms)
[10/06/2026-16:09:56] [I] Average on 1 runs - GPU latency: 12.4719 ms - Host latency: 12.6555 ms (enqueue 4.3501 ms)
[10/06/2026-16:09:56] [I] Average on 1 runs - GPU latency: 12.4497 ms - Host latency: 12.6335 ms (enqueue 4.21606 ms)
[10/06/2026-16:09:56] [I] Average on 1 runs - GPU latency: 12.4656 ms - Host latency: 12.6494 ms (enqueue 4.21216 ms)
[10/06/2026-16:09:56] [I] Average on 1 runs - GPU latency: 12.4521 ms - Host latency: 12.6382 ms (enqueue 4.25488 ms)
[10/06/2026-16:09:56] [I] Average on 1 runs - GPU latency: 12.4543 ms - Host latency: 12.6384 ms (enqueue 4.30884 ms)
[10/06/2026-16:09:56] [I] Average on 1 runs - GPU latency: 12.4521 ms - Host latency: 12.634 ms (enqueue 4.27319 ms)
[10/06/2026-16:09:56] [I] Average on 1 runs - GPU latency: 12.4641 ms - Host latency: 12.6479 ms (enqueue 4.20117 ms)
[10/06/2026-16:09:56] [I] Average on 1 runs - GPU latency: 12.4514 ms - Host latency: 12.6377 ms (enqueue 4.26245 ms)
[10/06/2026-16:09:56] [I] Average on 1 runs - GPU latency: 12.4714 ms - Host latency: 12.6536 ms (enqueue 4.25269 ms)
[10/06/2026-16:09:56] [I] Average on 1 runs - GPU latency: 12.4736 ms - Host latency: 12.6665 ms (enqueue 4.4231 ms)
[10/06/2026-16:09:56] [I] Average on 1 runs - GPU latency: 12.4568 ms - Host latency: 12.6472 ms (enqueue 4.22485 ms)
[10/06/2026-16:09:56] [I] Average on 1 runs - GPU latency: 12.4775 ms - Host latency: 12.668 ms (enqueue 4.21558 ms)
[10/06/2026-16:09:56] [I] Average on 1 runs - GPU latency: 12.4587 ms - Host latency: 12.6431 ms (enqueue 4.34937 ms)
[10/06/2026-16:09:56] [I] Average on 1 runs - GPU latency: 12.4678 ms - Host latency: 12.6528 ms (enqueue 4.25635 ms)
[10/06/2026-16:09:56] [I] Average on 1 runs - GPU latency: 12.4426 ms - Host latency: 12.6274 ms (enqueue 4.24707 ms)
[10/06/2026-16:09:56] [I] Average on 1 runs - GPU latency: 12.4624 ms - Host latency: 12.6448 ms (enqueue 4.41797 ms)
[10/06/2026-16:09:56] [I] Average on 1 runs - GPU latency: 12.4624 ms - Host latency: 12.6448 ms (enqueue 4.3186 ms)
[10/06/2026-16:09:56] [I] Average on 1 runs - GPU latency: 12.4453 ms - Host latency: 12.6335 ms (enqueue 4.28882 ms)
[10/06/2026-16:09:56] [I] Average on 1 runs - GPU latency: 12.4272 ms - Host latency: 12.6099 ms (enqueue 4.2854 ms)
[10/06/2026-16:09:56] [I] Average on 1 runs - GPU latency: 12.4741 ms - Host latency: 12.6609 ms (enqueue 4.31763 ms)
[10/06/2026-16:09:56] [I] Average on 1 runs - GPU latency: 12.4583 ms - Host latency: 12.6416 ms (enqueue 4.30298 ms)
[10/06/2026-16:09:56] [I] Average on 1 runs - GPU latency: 12.4695 ms - Host latency: 12.6526 ms (enqueue 4.36353 ms)
[10/06/2026-16:09:56] [I] Average on 1 runs - GPU latency: 12.4636 ms - Host latency: 12.645 ms (enqueue 4.23535 ms)
[10/06/2026-16:09:56] [I] Average on 1 runs - GPU latency: 12.4468 ms - Host latency: 12.6279 ms (enqueue 4.32886 ms)
[10/06/2026-16:09:56] [I] Average on 1 runs - GPU latency: 12.4558 ms - Host latency: 12.6377 ms (enqueue 4.32324 ms)
[10/06/2026-16:09:56] [I] Average on 1 runs - GPU latency: 12.4651 ms - Host latency: 12.6479 ms (enqueue 4.32227 ms)
[10/06/2026-16:09:56] [I] Average on 1 runs - GPU latency: 12.4778 ms - Host latency: 12.6624 ms (enqueue 4.3335 ms)
[10/06/2026-16:09:56] [I] Average on 1 runs - GPU latency: 12.4651 ms - Host latency: 12.6467 ms (enqueue 4.39648 ms)
[10/06/2026-16:09:56] [I] Average on 1 runs - GPU latency: 12.4492 ms - Host latency: 12.6335 ms (enqueue 4.31543 ms)
[10/06/2026-16:09:56] [I] Average on 1 runs - GPU latency: 12.4705 ms - Host latency: 12.6553 ms (enqueue 4.34619 ms)
[10/06/2026-16:09:56] [I] Average on 1 runs - GPU latency: 12.4622 ms - Host latency: 12.6445 ms (enqueue 4.32739 ms)
[10/06/2026-16:09:56] [I] Average on 1 runs - GPU latency: 12.4626 ms - Host latency: 12.6453 ms (enqueue 4.27856 ms)
[10/06/2026-16:09:56] [I] Average on 1 runs - GPU latency: 12.4421 ms - Host latency: 12.625 ms (enqueue 4.34058 ms)
[10/06/2026-16:09:56] [I] Average on 1 runs - GPU latency: 12.4612 ms - Host latency: 12.6438 ms (enqueue 4.31421 ms)
[10/06/2026-16:09:56] [I] Average on 1 runs - GPU latency: 12.4692 ms - Host latency: 12.6628 ms (enqueue 4.19727 ms)
[10/06/2026-16:09:56] [I] Average on 1 runs - GPU latency: 12.4492 ms - Host latency: 12.636 ms (enqueue 4.25757 ms)
[10/06/2026-16:09:56] [I] Average on 1 runs - GPU latency: 12.45 ms - Host latency: 12.6343 ms (enqueue 4.25293 ms)
[10/06/2026-16:09:56] [I] Average on 1 runs - GPU latency: 12.458 ms - Host latency: 12.6431 ms (enqueue 4.29614 ms)
[10/06/2026-16:09:56] [I] Average on 1 runs - GPU latency: 12.47 ms - Host latency: 12.6528 ms (enqueue 4.21191 ms)
[10/06/2026-16:09:56] [I] Average on 1 runs - GPU latency: 12.4763 ms - Host latency: 12.656 ms (enqueue 4.37354 ms)
[10/06/2026-16:09:56] [I] Average on 1 runs - GPU latency: 12.4434 ms - Host latency: 12.6245 ms (enqueue 4.33398 ms)
[10/06/2026-16:09:56] [I] Average on 1 runs - GPU latency: 12.4656 ms - Host latency: 12.6548 ms (enqueue 4.22144 ms)
[10/06/2026-16:09:56] [I] Average on 1 runs - GPU latency: 12.4604 ms - Host latency: 12.6409 ms (enqueue 4.31934 ms)
[10/06/2026-16:09:56] [I] Average on 1 runs - GPU latency: 12.4539 ms - Host latency: 12.6362 ms (enqueue 4.30005 ms)
[10/06/2026-16:09:56] [I] Average on 1 runs - GPU latency: 12.4553 ms - Host latency: 12.6387 ms (enqueue 4.26587 ms)
[10/06/2026-16:09:56] [I] Average on 1 runs - GPU latency: 12.457 ms - Host latency: 12.6445 ms (enqueue 4.26416 ms)
[10/06/2026-16:09:56] [I] Average on 1 runs - GPU latency: 12.4685 ms - Host latency: 12.6541 ms (enqueue 4.22485 ms)
[10/06/2026-16:09:56] [I] Average on 1 runs - GPU latency: 12.4504 ms - Host latency: 12.6345 ms (enqueue 4.26733 ms)
[10/06/2026-16:09:56] [I] Average on 1 runs - GPU latency: 12.4531 ms - Host latency: 12.6389 ms (enqueue 4.3335 ms)
[10/06/2026-16:09:56] [I] Average on 1 runs - GPU latency: 12.4673 ms - Host latency: 12.655 ms (enqueue 4.26929 ms)
[10/06/2026-16:09:56] [I] Average on 1 runs - GPU latency: 12.4585 ms - Host latency: 12.6379 ms (enqueue 4.25757 ms)
[10/06/2026-16:09:56] [I] Average on 1 runs - GPU latency: 12.4458 ms - Host latency: 12.6274 ms (enqueue 4.29614 ms)
[10/06/2026-16:09:56] [I] Average on 1 runs - GPU latency: 12.4858 ms - Host latency: 12.6711 ms (enqueue 4.31958 ms)
[10/06/2026-16:09:56] [I] Average on 1 runs - GPU latency: 12.4392 ms - Host latency: 12.6233 ms (enqueue 4.32227 ms)
[10/06/2026-16:09:56] [I] Average on 1 runs - GPU latency: 12.4731 ms - Host latency: 12.6587 ms (enqueue 4.22461 ms)
[10/06/2026-16:09:56] [I] Average on 1 runs - GPU latency: 12.4539 ms - Host latency: 12.6365 ms (enqueue 4.37793 ms)
[10/06/2026-16:09:56] [I] Average on 1 runs - GPU latency: 12.4617 ms - Host latency: 12.6475 ms (enqueue 4.28003 ms)
[10/06/2026-16:09:56] [I] Average on 1 runs - GPU latency: 12.458 ms - Host latency: 12.6445 ms (enqueue 4.35229 ms)
[10/06/2026-16:09:56] [I] Average on 1 runs - GPU latency: 12.459 ms - Host latency: 12.644 ms (enqueue 4.2251 ms)
[10/06/2026-16:09:56] [I] Average on 1 runs - GPU latency: 12.4478 ms - Host latency: 12.6333 ms (enqueue 4.29443 ms)
[10/06/2026-16:09:56] [I] Average on 1 runs - GPU latency: 12.4614 ms - Host latency: 12.6431 ms (enqueue 4.34033 ms)
[10/06/2026-16:09:56] [I] Average on 1 runs - GPU latency: 12.4717 ms - Host latency: 12.6533 ms (enqueue 4.35303 ms)
[10/06/2026-16:09:56] [I] Average on 1 runs - GPU latency: 12.4644 ms - Host latency: 12.6494 ms (enqueue 4.22021 ms)
[10/06/2026-16:09:56] [I] Average on 1 runs - GPU latency: 12.4365 ms - Host latency: 12.6162 ms (enqueue 4.34277 ms)
[10/06/2026-16:09:56] [I] Average on 1 runs - GPU latency: 12.4692 ms - Host latency: 12.6528 ms (enqueue 4.33252 ms)
[10/06/2026-16:09:56] [I] Average on 1 runs - GPU latency: 12.4634 ms - Host latency: 12.6465 ms (enqueue 4.28027 ms)
[10/06/2026-16:09:56] [I] Average on 1 runs - GPU latency: 12.4541 ms - Host latency: 12.6372 ms (enqueue 4.20166 ms)
[10/06/2026-16:09:56] [I] Average on 1 runs - GPU latency: 12.4604 ms - Host latency: 12.6445 ms (enqueue 4.27441 ms)
[10/06/2026-16:09:56] [I] Average on 1 runs - GPU latency: 12.4653 ms - Host latency: 12.6519 ms (enqueue 4.3208 ms)
[10/06/2026-16:09:56] [I] Average on 1 runs - GPU latency: 12.4492 ms - Host latency: 12.6313 ms (enqueue 4.38721 ms)
[10/06/2026-16:09:56] [I] Average on 1 runs - GPU latency: 12.4766 ms - Host latency: 12.6641 ms (enqueue 4.17529 ms)
[10/06/2026-16:09:56] [I] Average on 1 runs - GPU latency: 12.4546 ms - Host latency: 12.6377 ms (enqueue 4.33838 ms)
[10/06/2026-16:09:56] [I] Average on 1 runs - GPU latency: 12.4443 ms - Host latency: 12.6279 ms (enqueue 4.37256 ms)
[10/06/2026-16:09:56] [I] Average on 1 runs - GPU latency: 12.4595 ms - Host latency: 12.645 ms (enqueue 4.33838 ms)
[10/06/2026-16:09:56] [I] Average on 1 runs - GPU latency: 12.4702 ms - Host latency: 12.6572 ms (enqueue 4.16553 ms)
[10/06/2026-16:09:56] [I] Average on 1 runs - GPU latency: 12.4629 ms - Host latency: 12.644 ms (enqueue 4.33984 ms)
[10/06/2026-16:09:56] [I] Average on 1 runs - GPU latency: 12.4531 ms - Host latency: 12.6367 ms (enqueue 4.28662 ms)
[10/06/2026-16:09:56] [I] Average on 1 runs - GPU latency: 12.4614 ms - Host latency: 12.6436 ms (enqueue 4.271 ms)
[10/06/2026-16:09:56] [I] Average on 1 runs - GPU latency: 12.4507 ms - Host latency: 12.6343 ms (enqueue 4.18555 ms)
[10/06/2026-16:09:56] [I] Average on 1 runs - GPU latency: 12.4536 ms - Host latency: 12.6362 ms (enqueue 4.32666 ms)
[10/06/2026-16:09:56] [I] Average on 1 runs - GPU latency: 12.4531 ms - Host latency: 12.6387 ms (enqueue 4.32715 ms)
[10/06/2026-16:09:56] [I] Average on 1 runs - GPU latency: 12.4556 ms - Host latency: 12.6387 ms (enqueue 4.27295 ms)
[10/06/2026-16:09:56] [I] Average on 1 runs - GPU latency: 12.4624 ms - Host latency: 12.645 ms (enqueue 4.18457 ms)
[10/06/2026-16:09:56] [I] Average on 1 runs - GPU latency: 12.4658 ms - Host latency: 12.644 ms (enqueue 4.2915 ms)
[10/06/2026-16:09:56] [I] Average on 1 runs - GPU latency: 12.4673 ms - Host latency: 12.6494 ms (enqueue 4.3374 ms)
[10/06/2026-16:09:56] [I] Average on 1 runs - GPU latency: 12.4604 ms - Host latency: 12.6426 ms (enqueue 4.30518 ms)
[10/06/2026-16:09:56] [I] Average on 1 runs - GPU latency: 12.4668 ms - Host latency: 12.647 ms (enqueue 4.1709 ms)
[10/06/2026-16:09:56] [I] Average on 1 runs - GPU latency: 12.4692 ms - Host latency: 12.6499 ms (enqueue 4.33691 ms)
[10/06/2026-16:09:56] [I] Average on 1 runs - GPU latency: 12.4614 ms - Host latency: 12.6538 ms (enqueue 4.21631 ms)
[10/06/2026-16:09:56] [I] Average on 1 runs - GPU latency: 12.4619 ms - Host latency: 12.645 ms (enqueue 4.30225 ms)
[10/06/2026-16:09:56] [I] Average on 1 runs - GPU latency: 12.4653 ms - Host latency: 12.647 ms (enqueue 4.31055 ms)
[10/06/2026-16:09:56] [I] Average on 1 runs - GPU latency: 12.4678 ms - Host latency: 12.6553 ms (enqueue 4.2915 ms)
[10/06/2026-16:09:56] [I] Average on 1 runs - GPU latency: 12.4673 ms - Host latency: 12.6484 ms (enqueue 4.20752 ms)
[10/06/2026-16:09:56] [I] Average on 1 runs - GPU latency: 12.4512 ms - Host latency: 12.6362 ms (enqueue 4.2417 ms)
[10/06/2026-16:09:56] [I] Average on 1 runs - GPU latency: 12.4541 ms - Host latency: 12.6357 ms (enqueue 4.20557 ms)
[10/06/2026-16:09:56] [I] Average on 1 runs - GPU latency: 12.4541 ms - Host latency: 12.6621 ms (enqueue 4.16504 ms)
[10/06/2026-16:09:56] [I] Average on 1 runs - GPU latency: 12.4668 ms - Host latency: 12.6479 ms (enqueue 4.2627 ms)
[10/06/2026-16:09:56] [I] Average on 1 runs - GPU latency: 12.4429 ms - Host latency: 12.6265 ms (enqueue 4.29639 ms)
[10/06/2026-16:09:56] [I] Average on 1 runs - GPU latency: 12.4609 ms - Host latency: 12.6431 ms (enqueue 4.22119 ms)
[10/06/2026-16:09:56] [I] Average on 1 runs - GPU latency: 12.4473 ms - Host latency: 12.6323 ms (enqueue 4.24707 ms)
[10/06/2026-16:09:56] [I] Average on 1 runs - GPU latency: 12.4438 ms - Host latency: 12.6284 ms (enqueue 4.24756 ms)
[10/06/2026-16:09:56] [I] Average on 1 runs - GPU latency: 12.4595 ms - Host latency: 12.6396 ms (enqueue 4.25781 ms)
[10/06/2026-16:09:56] [I] Average on 1 runs - GPU latency: 12.4653 ms - Host latency: 12.6509 ms (enqueue 4.33203 ms)
[10/06/2026-16:09:56] [I] Average on 1 runs - GPU latency: 12.4614 ms - Host latency: 12.6436 ms (enqueue 4.25586 ms)
[10/06/2026-16:09:56] [I] Average on 1 runs - GPU latency: 12.4507 ms - Host latency: 12.6343 ms (enqueue 4.30273 ms)
[10/06/2026-16:09:56] [I] Average on 1 runs - GPU latency: 12.4678 ms - Host latency: 12.6567 ms (enqueue 4.25391 ms)
[10/06/2026-16:09:56] [I] Average on 1 runs - GPU latency: 12.4702 ms - Host latency: 12.6567 ms (enqueue 4.20312 ms)
[10/06/2026-16:09:56] [I] Average on 1 runs - GPU latency: 12.4624 ms - Host latency: 12.6514 ms (enqueue 4.24609 ms)
[10/06/2026-16:09:56] [I] Average on 1 runs - GPU latency: 12.4648 ms - Host latency: 12.647 ms (enqueue 4.26074 ms)
[10/06/2026-16:09:56] [I] Average on 1 runs - GPU latency: 12.4634 ms - Host latency: 12.646 ms (enqueue 4.36768 ms)
[10/06/2026-16:09:56] [I] Average on 1 runs - GPU latency: 12.4653 ms - Host latency: 12.6465 ms (enqueue 4.25293 ms)
[10/06/2026-16:09:56] [I] Average on 1 runs - GPU latency: 12.4517 ms - Host latency: 12.6328 ms (enqueue 4.35352 ms)
[10/06/2026-16:09:56] [I] Average on 1 runs - GPU latency: 12.4629 ms - Host latency: 12.6533 ms (enqueue 4.28809 ms)
[10/06/2026-16:09:56] [I] Average on 1 runs - GPU latency: 12.4561 ms - Host latency: 12.6431 ms (enqueue 4.25195 ms)
[10/06/2026-16:09:56] [I] Average on 1 runs - GPU latency: 12.4614 ms - Host latency: 12.646 ms (enqueue 4.28711 ms)
[10/06/2026-16:09:56] [I] Average on 1 runs - GPU latency: 12.4556 ms - Host latency: 12.6387 ms (enqueue 4.33594 ms)
[10/06/2026-16:09:56] [I] Average on 1 runs - GPU latency: 12.4565 ms - Host latency: 12.6362 ms (enqueue 4.30811 ms)
[10/06/2026-16:09:56] [I] Average on 1 runs - GPU latency: 12.4712 ms - Host latency: 12.6558 ms (enqueue 4.23096 ms)
[10/06/2026-16:09:56] [I] Average on 1 runs - GPU latency: 12.4707 ms - Host latency: 12.6533 ms (enqueue 4.23291 ms)
[10/06/2026-16:09:56] [I] Average on 1 runs - GPU latency: 12.4585 ms - Host latency: 12.6499 ms (enqueue 4.26562 ms)
[10/06/2026-16:09:56] [I] Average on 1 runs - GPU latency: 12.4702 ms - Host latency: 12.6519 ms (enqueue 4.31055 ms)
[10/06/2026-16:09:56] [I] Average on 1 runs - GPU latency: 12.4648 ms - Host latency: 12.6484 ms (enqueue 4.28418 ms)
[10/06/2026-16:09:56] [I] Average on 1 runs - GPU latency: 12.46 ms - Host latency: 12.6484 ms (enqueue 4.16504 ms)
[10/06/2026-16:09:56] [I] Average on 1 runs - GPU latency: 12.4531 ms - Host latency: 12.6382 ms (enqueue 4.24658 ms)
[10/06/2026-16:09:56] [I] Average on 1 runs - GPU latency: 12.4468 ms - Host latency: 12.6357 ms (enqueue 4.22412 ms)
[10/06/2026-16:09:56] [I] Average on 1 runs - GPU latency: 12.4819 ms - Host latency: 12.6616 ms (enqueue 4.27539 ms)
[10/06/2026-16:09:56] [I] Average on 1 runs - GPU latency: 12.4624 ms - Host latency: 12.6484 ms (enqueue 4.35498 ms)
[10/06/2026-16:09:56] [I] Average on 1 runs - GPU latency: 12.4478 ms - Host latency: 12.6343 ms (enqueue 4.29297 ms)
[10/06/2026-16:09:56] [I] Average on 1 runs - GPU latency: 12.4688 ms - Host latency: 12.6538 ms (enqueue 4.31641 ms)
[10/06/2026-16:09:56] [I] Average on 1 runs - GPU latency: 12.4766 ms - Host latency: 12.6616 ms (enqueue 4.34814 ms)
[10/06/2026-16:09:56] [I] Average on 1 runs - GPU latency: 12.4648 ms - Host latency: 12.6445 ms (enqueue 4.32959 ms)
[10/06/2026-16:09:56] [I] Average on 1 runs - GPU latency: 12.4849 ms - Host latency: 12.667 ms (enqueue 4.31104 ms)
[10/06/2026-16:09:56] [I] Average on 1 runs - GPU latency: 12.4673 ms - Host latency: 12.6504 ms (enqueue 4.2915 ms)
[10/06/2026-16:09:56] [I] Average on 1 runs - GPU latency: 12.4619 ms - Host latency: 12.6455 ms (enqueue 4.31836 ms)
[10/06/2026-16:09:56] [I] Average on 1 runs - GPU latency: 12.4702 ms - Host latency: 12.6509 ms (enqueue 4.32178 ms)
[10/06/2026-16:09:56] [I] Average on 1 runs - GPU latency: 12.4487 ms - Host latency: 12.6289 ms (enqueue 4.27441 ms)
[10/06/2026-16:09:56] [I] Average on 1 runs - GPU latency: 12.4531 ms - Host latency: 12.6338 ms (enqueue 4.23535 ms)
[10/06/2026-16:09:56] [I] Average on 1 runs - GPU latency: 12.4775 ms - Host latency: 12.6592 ms (enqueue 4.21484 ms)
[10/06/2026-16:09:56] [I] Average on 1 runs - GPU latency: 12.4668 ms - Host latency: 12.6523 ms (enqueue 4.24072 ms)
[10/06/2026-16:09:56] [I] Average on 1 runs - GPU latency: 12.4565 ms - Host latency: 12.6396 ms (enqueue 4.22656 ms)
[10/06/2026-16:09:56] [I] Average on 1 runs - GPU latency: 12.4634 ms - Host latency: 12.6455 ms (enqueue 4.32178 ms)
[10/06/2026-16:09:56] [I] Average on 1 runs - GPU latency: 12.4512 ms - Host latency: 12.6323 ms (enqueue 4.28027 ms)
[10/06/2026-16:09:56] [I] Average on 1 runs - GPU latency: 12.4653 ms - Host latency: 12.6694 ms (enqueue 4.30908 ms)
[10/06/2026-16:09:56] [I] Average on 1 runs - GPU latency: 12.4629 ms - Host latency: 12.6421 ms (enqueue 4.31104 ms)
[10/06/2026-16:09:56] [I] Average on 1 runs - GPU latency: 12.4766 ms - Host latency: 12.6602 ms (enqueue 4.30859 ms)
[10/06/2026-16:09:56] [I] Average on 1 runs - GPU latency: 12.4624 ms - Host latency: 12.6455 ms (enqueue 4.28564 ms)
[10/06/2026-16:09:56] [I] Average on 1 runs - GPU latency: 12.4673 ms - Host latency: 12.6528 ms (enqueue 4.26904 ms)
[10/06/2026-16:09:56] [I] Average on 1 runs - GPU latency: 12.4609 ms - Host latency: 12.6577 ms (enqueue 4.54346 ms)
[10/06/2026-16:09:56] [I] Average on 1 runs - GPU latency: 12.4648 ms - Host latency: 12.6567 ms (enqueue 4.33887 ms)
[10/06/2026-16:09:56] [I] Average on 1 runs - GPU latency: 12.4653 ms - Host latency: 12.6528 ms (enqueue 4.31299 ms)
[10/06/2026-16:09:56] [I] Average on 1 runs - GPU latency: 12.4351 ms - Host latency: 12.6191 ms (enqueue 4.34961 ms)
[10/06/2026-16:09:56] [I] Average on 1 runs - GPU latency: 12.4556 ms - Host latency: 12.6392 ms (enqueue 4.28223 ms)
[10/06/2026-16:09:56] [I] Average on 1 runs - GPU latency: 12.4507 ms - Host latency: 12.6387 ms (enqueue 4.28906 ms)
[10/06/2026-16:09:56] [I] Average on 1 runs - GPU latency: 12.4541 ms - Host latency: 12.6392 ms (enqueue 4.25049 ms)
[10/06/2026-16:09:56] [I] Average on 1 runs - GPU latency: 12.4507 ms - Host latency: 12.6367 ms (enqueue 4.23926 ms)
[10/06/2026-16:09:56] [I] Average on 1 runs - GPU latency: 12.48 ms - Host latency: 12.6694 ms (enqueue 4.29297 ms)
[10/06/2026-16:09:56] [I] Average on 1 runs - GPU latency: 12.4736 ms - Host latency: 12.6621 ms (enqueue 4.31396 ms)
[10/06/2026-16:09:56] [I] Average on 1 runs - GPU latency: 12.4531 ms - Host latency: 12.6353 ms (enqueue 4.29492 ms)
[10/06/2026-16:09:56] [I] Average on 1 runs - GPU latency: 12.4668 ms - Host latency: 12.6567 ms (enqueue 4.24268 ms)
[10/06/2026-16:09:56] [I] Average on 1 runs - GPU latency: 12.4609 ms - Host latency: 12.647 ms (enqueue 4.31592 ms)
[10/06/2026-16:09:56] [I] Average on 1 runs - GPU latency: 12.4531 ms - Host latency: 12.6396 ms (enqueue 4.26074 ms)
[10/06/2026-16:09:56] [I] Average on 1 runs - GPU latency: 12.4521 ms - Host latency: 12.6436 ms (enqueue 4.26807 ms)
[10/06/2026-16:09:56] [I] Average on 1 runs - GPU latency: 12.458 ms - Host latency: 12.6416 ms (enqueue 4.28076 ms)
[10/06/2026-16:09:56] [I] Average on 1 runs - GPU latency: 12.4741 ms - Host latency: 12.6602 ms (enqueue 4.28955 ms)
[10/06/2026-16:09:56] [I] Average on 1 runs - GPU latency: 12.4546 ms - Host latency: 12.6372 ms (enqueue 4.28613 ms)
[10/06/2026-16:09:56] [I] Average on 1 runs - GPU latency: 12.4561 ms - Host latency: 12.645 ms (enqueue 4.26221 ms)
[10/06/2026-16:09:56] [I] Average on 1 runs - GPU latency: 12.459 ms - Host latency: 12.644 ms (enqueue 4.27539 ms)
[10/06/2026-16:09:56] [I] Average on 1 runs - GPU latency: 12.4624 ms - Host latency: 12.6528 ms (enqueue 4.32861 ms)
[10/06/2026-16:09:56] [I] Average on 1 runs - GPU latency: 12.4517 ms - Host latency: 12.6372 ms (enqueue 4.30273 ms)
[10/06/2026-16:09:56] [I] ... Omitting 805 lines
[10/06/2026-16:09:56] [I] Average on 1 runs - GPU latency: 12.4658 ms - Host latency: 12.6484 ms (enqueue 4.25586 ms)
[10/06/2026-16:09:56] [I] Average on 1 runs - GPU latency: 12.4609 ms - Host latency: 12.6484 ms (enqueue 4.20117 ms)
[10/06/2026-16:09:56] [I] Average on 1 runs - GPU latency: 12.4707 ms - Host latency: 12.6621 ms (enqueue 4.25195 ms)
[10/06/2026-16:09:56] [I] Average on 1 runs - GPU latency: 12.46 ms - Host latency: 12.6475 ms (enqueue 4.29395 ms)
[10/06/2026-16:09:56] [I] Average on 1 runs - GPU latency: 12.4629 ms - Host latency: 12.6494 ms (enqueue 4.28809 ms)
[10/06/2026-16:09:56] [I] Average on 1 runs - GPU latency: 12.4414 ms - Host latency: 12.6299 ms (enqueue 4.22363 ms)
[10/06/2026-16:09:56] [I] Average on 1 runs - GPU latency: 12.4521 ms - Host latency: 12.6396 ms (enqueue 4.25195 ms)
[10/06/2026-16:09:56] [I] Average on 1 runs - GPU latency: 12.457 ms - Host latency: 12.6387 ms (enqueue 4.32812 ms)
[10/06/2026-16:09:56] [I] Average on 1 runs - GPU latency: 12.4629 ms - Host latency: 12.6494 ms (enqueue 4.33691 ms)
[10/06/2026-16:09:56] [I] Average on 1 runs - GPU latency: 12.4375 ms - Host latency: 12.623 ms (enqueue 4.23926 ms)
[10/06/2026-16:09:56] [I] Average on 1 runs - GPU latency: 12.46 ms - Host latency: 12.6465 ms (enqueue 4.32129 ms)
[10/06/2026-16:09:56] [I] Average on 1 runs - GPU latency: 12.4521 ms - Host latency: 12.6377 ms (enqueue 4.29492 ms)
[10/06/2026-16:09:56] [I] Average on 1 runs - GPU latency: 12.4541 ms - Host latency: 12.6348 ms (enqueue 4.27637 ms)
[10/06/2026-16:09:56] [I] Average on 1 runs - GPU latency: 12.457 ms - Host latency: 12.6396 ms (enqueue 4.21094 ms)
[10/06/2026-16:09:56] [I] Average on 1 runs - GPU latency: 12.4619 ms - Host latency: 12.6484 ms (enqueue 4.24121 ms)
[10/06/2026-16:09:56] [I] Average on 1 runs - GPU latency: 12.458 ms - Host latency: 12.6455 ms (enqueue 4.30371 ms)
[10/06/2026-16:09:56] [I] Average on 1 runs - GPU latency: 12.4561 ms - Host latency: 12.6416 ms (enqueue 4.28809 ms)
[10/06/2026-16:09:56] [I] Average on 1 runs - GPU latency: 12.4629 ms - Host latency: 12.6484 ms (enqueue 4.13672 ms)
[10/06/2026-16:09:56] [I] Average on 1 runs - GPU latency: 12.457 ms - Host latency: 12.6406 ms (enqueue 4.18359 ms)
[10/06/2026-16:09:56] [I] Average on 1 runs - GPU latency: 12.4668 ms - Host latency: 12.6523 ms (enqueue 4.24609 ms)
[10/06/2026-16:09:56] [I] Average on 1 runs - GPU latency: 12.4717 ms - Host latency: 12.6523 ms (enqueue 4.16602 ms)
[10/06/2026-16:09:56] [I] Average on 1 runs - GPU latency: 12.4639 ms - Host latency: 12.6494 ms (enqueue 4.2168 ms)
[10/06/2026-16:09:56] [I] Average on 1 runs - GPU latency: 12.4492 ms - Host latency: 12.6367 ms (enqueue 4.22656 ms)
[10/06/2026-16:09:56] [I] Average on 1 runs - GPU latency: 12.4512 ms - Host latency: 12.6348 ms (enqueue 4.20215 ms)
[10/06/2026-16:09:56] [I] Average on 1 runs - GPU latency: 12.4658 ms - Host latency: 12.6553 ms (enqueue 4.25391 ms)
[10/06/2026-16:09:56] [I] Average on 1 runs - GPU latency: 12.4717 ms - Host latency: 12.6582 ms (enqueue 4.17578 ms)
[10/06/2026-16:09:56] [I] Average on 1 runs - GPU latency: 12.4473 ms - Host latency: 12.6338 ms (enqueue 4.25879 ms)
[10/06/2026-16:09:56] [I] Average on 1 runs - GPU latency: 12.4619 ms - Host latency: 12.6494 ms (enqueue 4.2627 ms)
[10/06/2026-16:09:56] [I] Average on 1 runs - GPU latency: 12.4385 ms - Host latency: 12.627 ms (enqueue 4.22363 ms)
[10/06/2026-16:09:56] [I] Average on 1 runs - GPU latency: 12.4531 ms - Host latency: 12.6562 ms (enqueue 4.25 ms)
[10/06/2026-16:09:56] [I] Average on 1 runs - GPU latency: 12.4648 ms - Host latency: 12.6465 ms (enqueue 4.26465 ms)
[10/06/2026-16:09:56] [I] Average on 1 runs - GPU latency: 12.4502 ms - Host latency: 12.6309 ms (enqueue 4.3125 ms)
[10/06/2026-16:09:56] [I] Average on 1 runs - GPU latency: 12.4619 ms - Host latency: 12.6465 ms (enqueue 4.29492 ms)
[10/06/2026-16:09:56] [I] Average on 1 runs - GPU latency: 12.4561 ms - Host latency: 12.6641 ms (enqueue 4.20801 ms)
[10/06/2026-16:09:56] [I] Average on 1 runs - GPU latency: 12.4473 ms - Host latency: 12.6328 ms (enqueue 4.27734 ms)
[10/06/2026-16:09:56] [I] Average on 1 runs - GPU latency: 12.4512 ms - Host latency: 12.6377 ms (enqueue 4.29492 ms)
[10/06/2026-16:09:56] [I] Average on 1 runs - GPU latency: 12.4658 ms - Host latency: 12.6523 ms (enqueue 4.34277 ms)
[10/06/2026-16:09:56] [I] Average on 1 runs - GPU latency: 12.46 ms - Host latency: 12.6416 ms (enqueue 4.27148 ms)
[10/06/2026-16:09:56] [I] Average on 1 runs - GPU latency: 12.4639 ms - Host latency: 12.6465 ms (enqueue 4.33203 ms)
[10/06/2026-16:09:56] [I] Average on 1 runs - GPU latency: 12.4434 ms - Host latency: 12.623 ms (enqueue 4.28711 ms)
[10/06/2026-16:09:56] [I] Average on 1 runs - GPU latency: 12.4473 ms - Host latency: 12.6299 ms (enqueue 4.29688 ms)
[10/06/2026-16:09:56] [I] Average on 1 runs - GPU latency: 12.4512 ms - Host latency: 12.6387 ms (enqueue 4.25293 ms)
[10/06/2026-16:09:56] [I] Average on 1 runs - GPU latency: 12.46 ms - Host latency: 12.6426 ms (enqueue 4.2627 ms)
[10/06/2026-16:09:56] [I] Average on 1 runs - GPU latency: 12.4443 ms - Host latency: 12.6309 ms (enqueue 4.2793 ms)
[10/06/2026-16:09:56] [I] Average on 1 runs - GPU latency: 12.4658 ms - Host latency: 12.6533 ms (enqueue 4.28809 ms)
[10/06/2026-16:09:56] [I] Average on 1 runs - GPU latency: 12.4629 ms - Host latency: 12.6455 ms (enqueue 4.29688 ms)
[10/06/2026-16:09:56] [I] Average on 1 runs - GPU latency: 12.459 ms - Host latency: 12.6436 ms (enqueue 4.3584 ms)
[10/06/2026-16:09:56] [I] Average on 1 runs - GPU latency: 12.4834 ms - Host latency: 12.6719 ms (enqueue 4.30566 ms)
[10/06/2026-16:09:56] [I] Average on 1 runs - GPU latency: 12.4482 ms - Host latency: 12.6318 ms (enqueue 4.30176 ms)
[10/06/2026-16:09:56] [I] Average on 1 runs - GPU latency: 12.4629 ms - Host latency: 12.6455 ms (enqueue 4.25 ms)
[10/06/2026-16:09:56] [I] Average on 1 runs - GPU latency: 12.4629 ms - Host latency: 12.6484 ms (enqueue 4.35938 ms)
[10/06/2026-16:09:56] [I] Average on 1 runs - GPU latency: 12.4678 ms - Host latency: 12.6523 ms (enqueue 4.2793 ms)
[10/06/2026-16:09:56] [I] Average on 1 runs - GPU latency: 12.4619 ms - Host latency: 12.6416 ms (enqueue 4.30566 ms)
[10/06/2026-16:09:56] [I] Average on 1 runs - GPU latency: 12.4492 ms - Host latency: 12.6318 ms (enqueue 4.26953 ms)
[10/06/2026-16:09:56] [I] Average on 1 runs - GPU latency: 12.4502 ms - Host latency: 12.6328 ms (enqueue 4.3125 ms)
[10/06/2026-16:09:56] [I] Average on 1 runs - GPU latency: 12.46 ms - Host latency: 12.6416 ms (enqueue 4.26953 ms)
[10/06/2026-16:09:56] [I] Average on 1 runs - GPU latency: 12.4541 ms - Host latency: 12.6387 ms (enqueue 4.26562 ms)
[10/06/2026-16:09:56] [I] Average on 1 runs - GPU latency: 12.4609 ms - Host latency: 12.6426 ms (enqueue 4.2793 ms)
[10/06/2026-16:09:56] [I] Average on 1 runs - GPU latency: 12.459 ms - Host latency: 12.6406 ms (enqueue 4.25 ms)
[10/06/2026-16:09:56] [I] Average on 1 runs - GPU latency: 12.4551 ms - Host latency: 12.6377 ms (enqueue 4.30859 ms)
[10/06/2026-16:09:56] [I] Average on 1 runs - GPU latency: 12.4658 ms - Host latency: 12.6484 ms (enqueue 4.28516 ms)
[10/06/2026-16:09:56] [I] Average on 1 runs - GPU latency: 12.4707 ms - Host latency: 12.6562 ms (enqueue 4.30957 ms)
[10/06/2026-16:09:56] [I] Average on 1 runs - GPU latency: 12.4619 ms - Host latency: 12.6494 ms (enqueue 4.24902 ms)
[10/06/2026-16:09:56] [I] Average on 1 runs - GPU latency: 12.459 ms - Host latency: 12.6455 ms (enqueue 4.24414 ms)
[10/06/2026-16:09:56] [I] Average on 1 runs - GPU latency: 12.4814 ms - Host latency: 12.6641 ms (enqueue 4.33984 ms)
[10/06/2026-16:09:56] [I] Average on 1 runs - GPU latency: 12.4551 ms - Host latency: 12.6387 ms (enqueue 4.19531 ms)
[10/06/2026-16:09:56] [I] Average on 1 runs - GPU latency: 12.4727 ms - Host latency: 12.6592 ms (enqueue 4.28711 ms)
[10/06/2026-16:09:56] [I] Average on 1 runs - GPU latency: 12.4492 ms - Host latency: 12.6357 ms (enqueue 4.33301 ms)
[10/06/2026-16:09:56] [I] Average on 1 runs - GPU latency: 12.4521 ms - Host latency: 12.6318 ms (enqueue 4.35547 ms)
[10/06/2026-16:09:56] [I] Average on 1 runs - GPU latency: 12.4609 ms - Host latency: 12.6436 ms (enqueue 4.34766 ms)
[10/06/2026-16:09:56] [I] Average on 1 runs - GPU latency: 12.4512 ms - Host latency: 12.6602 ms (enqueue 4.33008 ms)
[10/06/2026-16:09:56] [I] Average on 1 runs - GPU latency: 12.4512 ms - Host latency: 12.6387 ms (enqueue 4.31641 ms)
[10/06/2026-16:09:56] [I] Average on 1 runs - GPU latency: 12.4727 ms - Host latency: 12.6523 ms (enqueue 4.30469 ms)
[10/06/2026-16:09:56] [I] Average on 1 runs - GPU latency: 12.457 ms - Host latency: 12.6426 ms (enqueue 4.30859 ms)
[10/06/2026-16:09:56] [I] Average on 1 runs - GPU latency: 12.4609 ms - Host latency: 12.6465 ms (enqueue 4.31641 ms)
[10/06/2026-16:09:56] [I] Average on 1 runs - GPU latency: 12.459 ms - Host latency: 12.6406 ms (enqueue 4.26758 ms)
[10/06/2026-16:09:56] [I] Average on 1 runs - GPU latency: 12.4609 ms - Host latency: 12.6445 ms (enqueue 4.32227 ms)
[10/06/2026-16:09:56] [I] Average on 1 runs - GPU latency: 12.4707 ms - Host latency: 12.6582 ms (enqueue 4.27539 ms)
[10/06/2026-16:09:56] [I] Average on 1 runs - GPU latency: 12.4531 ms - Host latency: 12.6406 ms (enqueue 4.27539 ms)
[10/06/2026-16:09:56] [I] Average on 1 runs - GPU latency: 12.4434 ms - Host latency: 12.6289 ms (enqueue 4.33398 ms)
[10/06/2026-16:09:56] [I] Average on 1 runs - GPU latency: 12.4492 ms - Host latency: 12.6328 ms (enqueue 4.35547 ms)
[10/06/2026-16:09:56] [I] Average on 1 runs - GPU latency: 12.4668 ms - Host latency: 12.6523 ms (enqueue 4.29688 ms)
[10/06/2026-16:09:56] [I] Average on 1 runs - GPU latency: 12.4727 ms - Host latency: 12.6543 ms (enqueue 4.25586 ms)
[10/06/2026-16:09:56] [I] Average on 1 runs - GPU latency: 12.4551 ms - Host latency: 12.6387 ms (enqueue 4.34766 ms)
[10/06/2026-16:09:56] [I] Average on 1 runs - GPU latency: 12.4648 ms - Host latency: 12.6484 ms (enqueue 4.33789 ms)
[10/06/2026-16:09:56] [I] Average on 1 runs - GPU latency: 12.4551 ms - Host latency: 12.6387 ms (enqueue 4.27344 ms)
[10/06/2026-16:09:56] [I] Average on 1 runs - GPU latency: 12.4766 ms - Host latency: 12.6602 ms (enqueue 4.29297 ms)
[10/06/2026-16:09:56] [I] Average on 1 runs - GPU latency: 12.4629 ms - Host latency: 12.6465 ms (enqueue 4.25586 ms)
[10/06/2026-16:09:56] [I] Average on 1 runs - GPU latency: 12.4805 ms - Host latency: 12.6641 ms (enqueue 4.24805 ms)
[10/06/2026-16:09:56] [I] Average on 1 runs - GPU latency: 12.5 ms - Host latency: 12.6875 ms (enqueue 4.35742 ms)
[10/06/2026-16:09:56] [I] Average on 1 runs - GPU latency: 12.4512 ms - Host latency: 12.6328 ms (enqueue 4.29297 ms)
[10/06/2026-16:09:56] [I] Average on 1 runs - GPU latency: 12.4414 ms - Host latency: 12.6289 ms (enqueue 4.29883 ms)
[10/06/2026-16:09:56] [I] Average on 1 runs - GPU latency: 12.4531 ms - Host latency: 12.6387 ms (enqueue 4.23047 ms)
[10/06/2026-16:09:56] [I] Average on 1 runs - GPU latency: 12.4453 ms - Host latency: 12.6543 ms (enqueue 4.22852 ms)
[10/06/2026-16:09:56] [I] Average on 1 runs - GPU latency: 12.4688 ms - Host latency: 12.6582 ms (enqueue 4.23047 ms)
[10/06/2026-16:09:56] [I] Average on 1 runs - GPU latency: 12.4668 ms - Host latency: 12.6523 ms (enqueue 4.28516 ms)
[10/06/2026-16:09:56] [I] Average on 1 runs - GPU latency: 12.4551 ms - Host latency: 12.6426 ms (enqueue 4.33984 ms)
[10/06/2026-16:09:56] [I] Average on 1 runs - GPU latency: 12.4688 ms - Host latency: 12.6523 ms (enqueue 4.31836 ms)
[10/06/2026-16:09:56] [I] Average on 1 runs - GPU latency: 12.459 ms - Host latency: 12.6484 ms (enqueue 4.34766 ms)
[10/06/2026-16:09:56] [I] Average on 1 runs - GPU latency: 12.4512 ms - Host latency: 12.6465 ms (enqueue 4.29102 ms)
[10/06/2026-16:09:56] [I] Average on 1 runs - GPU latency: 12.4609 ms - Host latency: 12.6484 ms (enqueue 4.27734 ms)
[10/06/2026-16:09:56] [I] Average on 1 runs - GPU latency: 12.4609 ms - Host latency: 12.6426 ms (enqueue 4.375 ms)
[10/06/2026-16:09:56] [I] Average on 1 runs - GPU latency: 12.4766 ms - Host latency: 12.6602 ms (enqueue 4.26172 ms)
[10/06/2026-16:09:56] [I] Average on 1 runs - GPU latency: 12.4473 ms - Host latency: 12.6309 ms (enqueue 4.30859 ms)
[10/06/2026-16:09:56] [I] Average on 1 runs - GPU latency: 12.4531 ms - Host latency: 12.6367 ms (enqueue 4.2832 ms)
[10/06/2026-16:09:56] [I] Average on 1 runs - GPU latency: 12.4727 ms - Host latency: 12.6562 ms (enqueue 4.25586 ms)
[10/06/2026-16:09:56] [I] Average on 1 runs - GPU latency: 12.4668 ms - Host latency: 12.6562 ms (enqueue 4.28906 ms)
[10/06/2026-16:09:56] [I] Average on 1 runs - GPU latency: 12.4707 ms - Host latency: 12.6523 ms (enqueue 4.23242 ms)
[10/06/2026-16:09:56] [I] Average on 1 runs - GPU latency: 12.457 ms - Host latency: 12.6426 ms (enqueue 4.29492 ms)
[10/06/2026-16:09:56] [I] Average on 1 runs - GPU latency: 12.4531 ms - Host latency: 12.6367 ms (enqueue 4.23633 ms)
[10/06/2026-16:09:56] [I] Average on 1 runs - GPU latency: 12.4551 ms - Host latency: 12.6367 ms (enqueue 4.21875 ms)
[10/06/2026-16:09:56] [I] Average on 1 runs - GPU latency: 12.4766 ms - Host latency: 12.6855 ms (enqueue 4.22656 ms)
[10/06/2026-16:09:56] [I] Average on 1 runs - GPU latency: 12.4609 ms - Host latency: 12.6465 ms (enqueue 4.25391 ms)
[10/06/2026-16:09:56] [I] Average on 1 runs - GPU latency: 12.4551 ms - Host latency: 12.6387 ms (enqueue 4.31836 ms)
[10/06/2026-16:09:56] [I] Average on 1 runs - GPU latency: 12.4648 ms - Host latency: 12.6465 ms (enqueue 4.28906 ms)
[10/06/2026-16:09:56] [I] Average on 1 runs - GPU latency: 12.4512 ms - Host latency: 12.6387 ms (enqueue 4.2793 ms)
[10/06/2026-16:09:56] [I] Average on 1 runs - GPU latency: 12.4551 ms - Host latency: 12.6465 ms (enqueue 4.20312 ms)
[10/06/2026-16:09:56] [I] Average on 1 runs - GPU latency: 12.4629 ms - Host latency: 12.6484 ms (enqueue 4.27148 ms)
[10/06/2026-16:09:56] [I] Average on 1 runs - GPU latency: 12.4609 ms - Host latency: 12.6445 ms (enqueue 4.28125 ms)
[10/06/2026-16:09:56] [I] Average on 1 runs - GPU latency: 12.4648 ms - Host latency: 12.6484 ms (enqueue 4.26367 ms)
[10/06/2026-16:09:56] [I] Average on 1 runs - GPU latency: 12.459 ms - Host latency: 12.6445 ms (enqueue 4.28125 ms)
[10/06/2026-16:09:56] [I] Average on 1 runs - GPU latency: 12.459 ms - Host latency: 12.6445 ms (enqueue 4.19531 ms)
[10/06/2026-16:09:56] [I] Average on 1 runs - GPU latency: 12.4648 ms - Host latency: 12.6504 ms (enqueue 4.27539 ms)
[10/06/2026-16:09:56] [I] Average on 1 runs - GPU latency: 12.4609 ms - Host latency: 12.6484 ms (enqueue 4.26367 ms)
[10/06/2026-16:09:56] [I] Average on 1 runs - GPU latency: 12.4629 ms - Host latency: 12.6465 ms (enqueue 4.25 ms)
[10/06/2026-16:09:56] [I] Average on 1 runs - GPU latency: 12.459 ms - Host latency: 12.6426 ms (enqueue 4.32031 ms)
[10/06/2026-16:09:56] [I] Average on 1 runs - GPU latency: 12.4648 ms - Host latency: 12.6484 ms (enqueue 4.25391 ms)
[10/06/2026-16:09:56] [I] Average on 1 runs - GPU latency: 12.4492 ms - Host latency: 12.6309 ms (enqueue 4.27734 ms)
[10/06/2026-16:09:56] [I] Average on 1 runs - GPU latency: 12.4766 ms - Host latency: 12.666 ms (enqueue 4.24805 ms)
[10/06/2026-16:09:56] [I] Average on 1 runs - GPU latency: 12.457 ms - Host latency: 12.6406 ms (enqueue 4.24609 ms)
[10/06/2026-16:09:56] [I] Average on 1 runs - GPU latency: 12.459 ms - Host latency: 12.6426 ms (enqueue 4.30664 ms)
[10/06/2026-16:09:56] [I] Average on 1 runs - GPU latency: 12.4785 ms - Host latency: 12.668 ms (enqueue 4.29883 ms)
[10/06/2026-16:09:56] [I] Average on 1 runs - GPU latency: 12.4746 ms - Host latency: 12.6602 ms (enqueue 4.29297 ms)
[10/06/2026-16:09:56] [I] Average on 1 runs - GPU latency: 12.4473 ms - Host latency: 12.6387 ms (enqueue 4.18359 ms)
[10/06/2026-16:09:56] [I] Average on 1 runs - GPU latency: 12.4688 ms - Host latency: 12.6543 ms (enqueue 4.25977 ms)
[10/06/2026-16:09:56] [I] Average on 1 runs - GPU latency: 12.4414 ms - Host latency: 12.6348 ms (enqueue 4.21094 ms)
[10/06/2026-16:09:56] [I] Average on 1 runs - GPU latency: 12.4531 ms - Host latency: 12.6348 ms (enqueue 4.21484 ms)
[10/06/2026-16:09:56] [I] Average on 1 runs - GPU latency: 12.4551 ms - Host latency: 12.6387 ms (enqueue 4.31445 ms)
[10/06/2026-16:09:56] [I] Average on 1 runs - GPU latency: 12.4492 ms - Host latency: 12.6543 ms (enqueue 4.29883 ms)
[10/06/2026-16:09:56] [I] Average on 1 runs - GPU latency: 12.4727 ms - Host latency: 12.6562 ms (enqueue 4.25977 ms)
[10/06/2026-16:09:56] [I] Average on 1 runs - GPU latency: 12.4609 ms - Host latency: 12.6445 ms (enqueue 4.25977 ms)
[10/06/2026-16:09:56] [I] Average on 1 runs - GPU latency: 12.459 ms - Host latency: 12.6445 ms (enqueue 4.26758 ms)
[10/06/2026-16:09:56] [I] Average on 1 runs - GPU latency: 12.4414 ms - Host latency: 12.623 ms (enqueue 4.26172 ms)
[10/06/2026-16:09:56] [I] Average on 1 runs - GPU latency: 12.4727 ms - Host latency: 12.6621 ms (enqueue 4.25781 ms)
[10/06/2026-16:09:56] [I] Average on 1 runs - GPU latency: 12.4492 ms - Host latency: 12.6367 ms (enqueue 4.31836 ms)
[10/06/2026-16:09:56] [I] Average on 1 runs - GPU latency: 12.4824 ms - Host latency: 12.6699 ms (enqueue 4.19336 ms)
[10/06/2026-16:09:56] [I] Average on 1 runs - GPU latency: 12.4492 ms - Host latency: 12.6309 ms (enqueue 4.25781 ms)
[10/06/2026-16:09:56] [I] Average on 1 runs - GPU latency: 12.457 ms - Host latency: 12.6445 ms (enqueue 4.23047 ms)
[10/06/2026-16:09:56] [I] Average on 1 runs - GPU latency: 12.457 ms - Host latency: 12.6426 ms (enqueue 4.29297 ms)
[10/06/2026-16:09:56] [I] Average on 1 runs - GPU latency: 12.459 ms - Host latency: 12.6426 ms (enqueue 4.25781 ms)
[10/06/2026-16:09:56] [I] Average on 1 runs - GPU latency: 12.4648 ms - Host latency: 12.6504 ms (enqueue 4.16602 ms)
[10/06/2026-16:09:56] [I] Average on 1 runs - GPU latency: 12.457 ms - Host latency: 12.6387 ms (enqueue 2.83984 ms)
[10/06/2026-16:09:56] [I] Average on 1 runs - GPU latency: 12.4492 ms - Host latency: 12.6504 ms (enqueue 3.26758 ms)
[10/06/2026-16:09:56] [I] Average on 1 runs - GPU latency: 12.4727 ms - Host latency: 12.6543 ms (enqueue 3.70898 ms)
[10/06/2026-16:09:56] [I] Average on 1 runs - GPU latency: 12.4473 ms - Host latency: 12.6348 ms (enqueue 3.98438 ms)
[10/06/2026-16:09:56] [I] Average on 1 runs - GPU latency: 12.4531 ms - Host latency: 12.6406 ms (enqueue 4.32422 ms)
[10/06/2026-16:09:56] [I] Average on 1 runs - GPU latency: 12.4473 ms - Host latency: 12.6348 ms (enqueue 4.26758 ms)
[10/06/2026-16:09:56] [I] Average on 1 runs - GPU latency: 12.4746 ms - Host latency: 12.6641 ms (enqueue 4.26758 ms)
[10/06/2026-16:09:56] [I] Average on 1 runs - GPU latency: 12.4453 ms - Host latency: 12.6289 ms (enqueue 4.26172 ms)
[10/06/2026-16:09:56] [I] Average on 1 runs - GPU latency: 12.4609 ms - Host latency: 12.6426 ms (enqueue 4.29492 ms)
[10/06/2026-16:09:56] [I] Average on 1 runs - GPU latency: 12.4375 ms - Host latency: 12.623 ms (enqueue 4.17578 ms)
[10/06/2026-16:09:56] [I] Average on 1 runs - GPU latency: 12.4668 ms - Host latency: 12.6543 ms (enqueue 4.28516 ms)
[10/06/2026-16:09:56] [I] Average on 1 runs - GPU latency: 12.457 ms - Host latency: 12.6387 ms (enqueue 4.24609 ms)
[10/06/2026-16:09:56] [I] Average on 1 runs - GPU latency: 12.457 ms - Host latency: 12.6387 ms (enqueue 4.27539 ms)
[10/06/2026-16:09:56] [I] Average on 1 runs - GPU latency: 12.459 ms - Host latency: 12.6406 ms (enqueue 4.31055 ms)
[10/06/2026-16:09:56] [I] Average on 1 runs - GPU latency: 12.459 ms - Host latency: 12.6387 ms (enqueue 4.28125 ms)
[10/06/2026-16:09:56] [I] Average on 1 runs - GPU latency: 12.4609 ms - Host latency: 12.6445 ms (enqueue 4.25977 ms)
[10/06/2026-16:09:56] [I] Average on 1 runs - GPU latency: 12.4414 ms - Host latency: 12.625 ms (enqueue 4.33203 ms)
[10/06/2026-16:09:56] [I] Average on 1 runs - GPU latency: 12.4668 ms - Host latency: 12.6582 ms (enqueue 4.26562 ms)
[10/06/2026-16:09:56] [I] Average on 1 runs - GPU latency: 12.459 ms - Host latency: 12.6445 ms (enqueue 4.24609 ms)
[10/06/2026-16:09:56] [I] Average on 1 runs - GPU latency: 12.4609 ms - Host latency: 12.6406 ms (enqueue 4.35547 ms)
[10/06/2026-16:09:56] [I] Average on 1 runs - GPU latency: 12.4551 ms - Host latency: 12.6484 ms (enqueue 3.58594 ms)
[10/06/2026-16:09:56] [I] Average on 1 runs - GPU latency: 12.4648 ms - Host latency: 12.6543 ms (enqueue 4.29688 ms)
[10/06/2026-16:09:56] [I] Average on 1 runs - GPU latency: 12.4492 ms - Host latency: 12.6328 ms (enqueue 4.28711 ms)
[10/06/2026-16:09:56] [I] Average on 1 runs - GPU latency: 12.4434 ms - Host latency: 12.6387 ms (enqueue 4.23828 ms)
[10/06/2026-16:09:56] [I] Average on 1 runs - GPU latency: 12.459 ms - Host latency: 12.6465 ms (enqueue 4.2168 ms)
[10/06/2026-16:09:56] [I] Average on 1 runs - GPU latency: 12.4414 ms - Host latency: 12.627 ms (enqueue 4.31445 ms)
[10/06/2026-16:09:56] [I] Average on 1 runs - GPU latency: 12.4551 ms - Host latency: 12.6445 ms (enqueue 4.24414 ms)
[10/06/2026-16:09:56] [I] Average on 1 runs - GPU latency: 12.4629 ms - Host latency: 12.6484 ms (enqueue 4.24805 ms)
[10/06/2026-16:09:56] [I] Average on 1 runs - GPU latency: 12.4707 ms - Host latency: 12.6797 ms (enqueue 4.21094 ms)
[10/06/2026-16:09:56] [I] Average on 1 runs - GPU latency: 12.457 ms - Host latency: 12.6406 ms (enqueue 4.28516 ms)
[10/06/2026-16:09:56] [I] Average on 1 runs - GPU latency: 12.4648 ms - Host latency: 12.6504 ms (enqueue 4.30859 ms)
[10/06/2026-16:09:56] [I] Average on 1 runs - GPU latency: 12.4668 ms - Host latency: 12.6562 ms (enqueue 4.2832 ms)
[10/06/2026-16:09:56] [I] Average on 1 runs - GPU latency: 12.4668 ms - Host latency: 12.6504 ms (enqueue 4.28516 ms)
[10/06/2026-16:09:56] [I] Average on 1 runs - GPU latency: 12.4609 ms - Host latency: 12.6445 ms (enqueue 4.27344 ms)
[10/06/2026-16:09:56] [I] Average on 1 runs - GPU latency: 12.4648 ms - Host latency: 12.6465 ms (enqueue 4.34766 ms)
[10/06/2026-16:09:56] [I] Average on 1 runs - GPU latency: 12.4473 ms - Host latency: 12.6348 ms (enqueue 4.24414 ms)
[10/06/2026-16:09:56] [I] Average on 1 runs - GPU latency: 12.457 ms - Host latency: 12.6406 ms (enqueue 4.34961 ms)
[10/06/2026-16:09:56] [I] Average on 1 runs - GPU latency: 12.4648 ms - Host latency: 12.6484 ms (enqueue 4.27734 ms)
[10/06/2026-16:09:56] [I] Average on 1 runs - GPU latency: 12.457 ms - Host latency: 12.6387 ms (enqueue 4.27539 ms)
[10/06/2026-16:09:56] [I] Average on 1 runs - GPU latency: 12.4531 ms - Host latency: 12.6348 ms (enqueue 4.19727 ms)
[10/06/2026-16:09:56] [I] Average on 1 runs - GPU latency: 12.4453 ms - Host latency: 12.6348 ms (enqueue 4.29297 ms)
[10/06/2026-16:09:56] [I] Average on 1 runs - GPU latency: 12.457 ms - Host latency: 12.6426 ms (enqueue 4.22656 ms)
[10/06/2026-16:09:56] [I] Average on 1 runs - GPU latency: 12.4844 ms - Host latency: 12.6934 ms (enqueue 4.2832 ms)
[10/06/2026-16:09:56] [I] Average on 1 runs - GPU latency: 12.4688 ms - Host latency: 12.6523 ms (enqueue 4.125 ms)
[10/06/2026-16:09:56] [I] Average on 1 runs - GPU latency: 12.4492 ms - Host latency: 12.6309 ms (enqueue 4.37305 ms)
[10/06/2026-16:09:56] [I] Average on 1 runs - GPU latency: 12.4531 ms - Host latency: 12.6367 ms (enqueue 4.32422 ms)
[10/06/2026-16:09:56] [I] Average on 1 runs - GPU latency: 12.4746 ms - Host latency: 12.6543 ms (enqueue 4.31055 ms)
[10/06/2026-16:09:56] [I] Average on 1 runs - GPU latency: 12.4727 ms - Host latency: 12.6602 ms (enqueue 4.20703 ms)
[10/06/2026-16:09:56] [I] Average on 1 runs - GPU latency: 12.4746 ms - Host latency: 12.6562 ms (enqueue 4.19141 ms)
[10/06/2026-16:09:56] [I] Average on 1 runs - GPU latency: 12.4102 ms - Host latency: 12.5918 ms (enqueue 4.34766 ms)
[10/06/2026-16:09:56] [I] 
[10/06/2026-16:09:56] [I] === Performance summary ===
[10/06/2026-16:09:56] [I] Throughput: 80.157 qps
[10/06/2026-16:09:56] [I] Latency: min = 12.5918 ms, max = 12.6934 ms, mean = 12.6443 ms, median = 12.6445 ms, percentile(90%) = 12.6592 ms, percentile(95%) = 12.6641 ms, percentile(99%) = 12.6748 ms
[10/06/2026-16:09:56] [I] Enqueue Time: min = 2.83984 ms, max = 4.54346 ms, mean = 4.26952 ms, median = 4.27441 ms, percentile(90%) = 4.33691 ms, percentile(95%) = 4.35498 ms, percentile(99%) = 4.40625 ms
[10/06/2026-16:09:56] [I] H2D Latency: min = 0.166992 ms, max = 0.216553 ms, mean = 0.173916 ms, median = 0.172852 ms, percentile(90%) = 0.177734 ms, percentile(95%) = 0.181152 ms, percentile(99%) = 0.197266 ms
[10/06/2026-16:09:56] [I] GPU Compute Time: min = 12.4102 ms, max = 12.5 ms, mean = 12.4587 ms, median = 12.459 ms, percentile(90%) = 12.4717 ms, percentile(95%) = 12.4756 ms, percentile(99%) = 12.4824 ms
[10/06/2026-16:09:56] [I] D2H Latency: min = 0.00878906 ms, max = 0.0146484 ms, mean = 0.0117001 ms, median = 0.0117188 ms, percentile(90%) = 0.0126953 ms, percentile(95%) = 0.0136719 ms, percentile(99%) = 0.0136719 ms
[10/06/2026-16:09:56] [I] Total Host Walltime: 15.033 s
[10/06/2026-16:09:56] [I] Total GPU Compute Time: 15.0128 s
[10/06/2026-16:09:56] [I] Explanations of the performance metrics are printed in the verbose logs.
[10/06/2026-16:09:56] [I] 
&&&& PASSED TensorRT.trtexec [TensorRT v100300] # /usr/src/tensorrt/bin/trtexec --loadEngine=/tmp/yolo26n_84172_uint8_fp16_opt3.engine --warmUp=3000 --duration=15 --idleTime=0 --avgRuns=1
