&&&& RUNNING TensorRT.trtexec [TensorRT v100300] # /usr/src/tensorrt/bin/trtexec --loadEngine=/tmp/yolo26n_84172_uint8_fp16_opt3.engine --warmUp=3000 --duration=15 --idleTime=0 --avgRuns=1
[10/04/2026-22:11:58] [I] === Model Options ===
[10/04/2026-22:11:58] [I] Format: *
[10/04/2026-22:11:58] [I] Model: 
[10/04/2026-22:11:58] [I] Output:
[10/04/2026-22:11:58] [I] 
[10/04/2026-22:11:58] [I] === System Options ===
[10/04/2026-22:11:58] [I] Device: 0
[10/04/2026-22:11:58] [I] DLACore: 
[10/04/2026-22:11:58] [I] Plugins:
[10/04/2026-22:11:58] [I] setPluginsToSerialize:
[10/04/2026-22:11:58] [I] dynamicPlugins:
[10/04/2026-22:11:58] [I] ignoreParsedPluginLibs: 0
[10/04/2026-22:11:58] [I] 
[10/04/2026-22:11:58] [I] === Inference Options ===
[10/04/2026-22:11:58] [I] Batch: Explicit
[10/04/2026-22:11:58] [I] Input inference shapes: model
[10/04/2026-22:11:58] [I] Iterations: 10
[10/04/2026-22:11:58] [I] Duration: 15s (+ 3000ms warm up)
[10/04/2026-22:11:58] [I] Sleep time: 0ms
[10/04/2026-22:11:58] [I] Idle time: 0ms
[10/04/2026-22:11:58] [I] Inference Streams: 1
[10/04/2026-22:11:58] [I] ExposeDMA: Disabled
[10/04/2026-22:11:58] [I] Data transfers: Enabled
[10/04/2026-22:11:58] [I] Spin-wait: Disabled
[10/04/2026-22:11:58] [I] Multithreading: Disabled
[10/04/2026-22:11:58] [I] CUDA Graph: Disabled
[10/04/2026-22:11:58] [I] Separate profiling: Disabled
[10/04/2026-22:11:58] [I] Time Deserialize: Disabled
[10/04/2026-22:11:58] [I] Time Refit: Disabled
[10/04/2026-22:11:58] [I] NVTX verbosity: 0
[10/04/2026-22:11:58] [I] Persistent Cache Ratio: 0
[10/04/2026-22:11:58] [I] Optimization Profile Index: 0
[10/04/2026-22:11:58] [I] Weight Streaming Budget: 100.000000%
[10/04/2026-22:11:58] [I] Inputs:
[10/04/2026-22:11:58] [I] Debug Tensor Save Destinations:
[10/04/2026-22:11:58] [I] === Reporting Options ===
[10/04/2026-22:11:58] [I] Verbose: Disabled
[10/04/2026-22:11:58] [I] Averages: 1 inferences
[10/04/2026-22:11:58] [I] Percentiles: 90,95,99
[10/04/2026-22:11:58] [I] Dump refittable layers:Disabled
[10/04/2026-22:11:58] [I] Dump output: Disabled
[10/04/2026-22:11:58] [I] Profile: Disabled
[10/04/2026-22:11:58] [I] Export timing to JSON file: 
[10/04/2026-22:11:58] [I] Export output to JSON file: 
[10/04/2026-22:11:58] [I] Export profile to JSON file: 
[10/04/2026-22:11:58] [I] 
[10/04/2026-22:11:58] [I] === Device Information ===
[10/04/2026-22:11:58] [I] Available Devices: 
[10/04/2026-22:11:58] [I]   Device 0: "Orin" UUID: GPU-6e16c2c1-e394-5324-8f2e-63a975968f4e
[10/04/2026-22:11:58] [I] Selected Device: Orin
[10/04/2026-22:11:58] [I] Selected Device ID: 0
[10/04/2026-22:11:58] [I] Selected Device UUID: GPU-6e16c2c1-e394-5324-8f2e-63a975968f4e
[10/04/2026-22:11:58] [I] Compute Capability: 8.7
[10/04/2026-22:11:58] [I] SMs: 8
[10/04/2026-22:11:58] [I] Device Global Memory: 7607 MiB
[10/04/2026-22:11:58] [I] Shared Memory per SM: 164 KiB
[10/04/2026-22:11:58] [I] Memory Bus Width: 128 bits (ECC disabled)
[10/04/2026-22:11:58] [I] Application Compute Clock Rate: 1.02 GHz
[10/04/2026-22:11:58] [I] Application Memory Clock Rate: 1.02 GHz
[10/04/2026-22:11:58] [I] 
[10/04/2026-22:11:58] [I] Note: The application clock rates do not reflect the actual clock rates that the GPU is currently running at.
[10/04/2026-22:11:58] [I] 
[10/04/2026-22:11:58] [I] TensorRT version: 10.3.0
[10/04/2026-22:11:58] [I] Loading standard plugins
[10/04/2026-22:11:58] [I] [TRT] Loaded engine size: 7 MiB
[10/04/2026-22:11:58] [I] Engine deserialized in 0.0653876 sec.
[10/04/2026-22:11:58] [I] [TRT] [MemUsageChange] TensorRT-managed allocation in IExecutionContext creation: CPU +0, GPU +12, now: CPU 0, GPU 16 (MiB)
[10/04/2026-22:11:58] [I] Setting persistentCacheLimit to 0 bytes.
[10/04/2026-22:11:58] [I] Created execution context with device memory size: 12.207 MiB
[10/04/2026-22:11:58] [I] Using random values for input images
[10/04/2026-22:11:58] [I] Input binding for images with dimensions 1x640x640x3 is created.
[10/04/2026-22:11:58] [I] Output binding for output0 with dimensions 1x300x6 is created.
[10/04/2026-22:11:58] [I] Starting inference
[10/04/2026-22:12:16] [I] Warmup completed 690 queries over 3000 ms
[10/04/2026-22:12:16] [I] Timing trace has 3516 queries over 15.0141 s
[10/04/2026-22:12:16] [I] 
[10/04/2026-22:12:16] [I] === Trace details ===
[10/04/2026-22:12:16] [I] Trace averages of 1 runs:
[10/04/2026-22:12:16] [I] Average on 1 runs - GPU latency: 4.27026 ms - Host latency: 4.40796 ms (enqueue 2.07788 ms)
[10/04/2026-22:12:16] [I] Average on 1 runs - GPU latency: 4.27002 ms - Host latency: 4.41016 ms (enqueue 2.06982 ms)
[10/04/2026-22:12:16] [I] Average on 1 runs - GPU latency: 4.26294 ms - Host latency: 4.40405 ms (enqueue 2.10986 ms)
[10/04/2026-22:12:16] [I] Average on 1 runs - GPU latency: 4.26196 ms - Host latency: 4.39746 ms (enqueue 2.09277 ms)
[10/04/2026-22:12:16] [I] Average on 1 runs - GPU latency: 4.27051 ms - Host latency: 4.40283 ms (enqueue 2.125 ms)
[10/04/2026-22:12:16] [I] Average on 1 runs - GPU latency: 4.26685 ms - Host latency: 4.39697 ms (enqueue 2.13477 ms)
[10/04/2026-22:12:16] [I] Average on 1 runs - GPU latency: 4.26147 ms - Host latency: 4.3999 ms (enqueue 2.11499 ms)
[10/04/2026-22:12:16] [I] Average on 1 runs - GPU latency: 4.26611 ms - Host latency: 4.39673 ms (enqueue 2.08301 ms)
[10/04/2026-22:12:16] [I] Average on 1 runs - GPU latency: 4.26465 ms - Host latency: 4.39258 ms (enqueue 2.09131 ms)
[10/04/2026-22:12:16] [I] Average on 1 runs - GPU latency: 4.27026 ms - Host latency: 4.40601 ms (enqueue 2.07788 ms)
[10/04/2026-22:12:16] [I] Average on 1 runs - GPU latency: 4.2605 ms - Host latency: 4.39502 ms (enqueue 2.04541 ms)
[10/04/2026-22:12:16] [I] Average on 1 runs - GPU latency: 4.27002 ms - Host latency: 4.42407 ms (enqueue 2.05322 ms)
[10/04/2026-22:12:16] [I] Average on 1 runs - GPU latency: 4.26807 ms - Host latency: 4.39355 ms (enqueue 2.04321 ms)
[10/04/2026-22:12:16] [I] Average on 1 runs - GPU latency: 4.26392 ms - Host latency: 4.40063 ms (enqueue 2.05859 ms)
[10/04/2026-22:12:16] [I] Average on 1 runs - GPU latency: 4.26611 ms - Host latency: 4.39795 ms (enqueue 2.05078 ms)
[10/04/2026-22:12:16] [I] Average on 1 runs - GPU latency: 4.26367 ms - Host latency: 4.39111 ms (enqueue 2.05786 ms)
[10/04/2026-22:12:16] [I] Average on 1 runs - GPU latency: 4.26758 ms - Host latency: 4.39844 ms (enqueue 2.08472 ms)
[10/04/2026-22:12:16] [I] Average on 1 runs - GPU latency: 4.27124 ms - Host latency: 4.4104 ms (enqueue 2.13647 ms)
[10/04/2026-22:12:16] [I] Average on 1 runs - GPU latency: 4.26514 ms - Host latency: 4.41187 ms (enqueue 2.10938 ms)
[10/04/2026-22:12:16] [I] Average on 1 runs - GPU latency: 4.27197 ms - Host latency: 4.40747 ms (enqueue 2.10254 ms)
[10/04/2026-22:12:16] [I] Average on 1 runs - GPU latency: 4.25757 ms - Host latency: 4.40942 ms (enqueue 2.12598 ms)
[10/04/2026-22:12:16] [I] Average on 1 runs - GPU latency: 4.26685 ms - Host latency: 4.40039 ms (enqueue 2.11108 ms)
[10/04/2026-22:12:16] [I] Average on 1 runs - GPU latency: 4.26636 ms - Host latency: 4.40186 ms (enqueue 2.09302 ms)
[10/04/2026-22:12:16] [I] Average on 1 runs - GPU latency: 4.26025 ms - Host latency: 4.39233 ms (enqueue 2.06787 ms)
[10/04/2026-22:12:16] [I] Average on 1 runs - GPU latency: 4.28491 ms - Host latency: 4.41113 ms (enqueue 2.06763 ms)
[10/04/2026-22:12:16] [I] Average on 1 runs - GPU latency: 4.27197 ms - Host latency: 4.41357 ms (enqueue 2.06567 ms)
[10/04/2026-22:12:16] [I] Average on 1 runs - GPU latency: 4.27148 ms - Host latency: 4.40479 ms (enqueue 2.06006 ms)
[10/04/2026-22:12:16] [I] Average on 1 runs - GPU latency: 4.27051 ms - Host latency: 4.40356 ms (enqueue 2.04688 ms)
[10/04/2026-22:12:16] [I] Average on 1 runs - GPU latency: 4.26611 ms - Host latency: 4.40991 ms (enqueue 2.09277 ms)
[10/04/2026-22:12:16] [I] Average on 1 runs - GPU latency: 4.2583 ms - Host latency: 4.39722 ms (enqueue 2.05737 ms)
[10/04/2026-22:12:16] [I] Average on 1 runs - GPU latency: 4.2644 ms - Host latency: 4.39966 ms (enqueue 2.06201 ms)
[10/04/2026-22:12:16] [I] Average on 1 runs - GPU latency: 4.26416 ms - Host latency: 4.39551 ms (enqueue 2.05762 ms)
[10/04/2026-22:12:16] [I] Average on 1 runs - GPU latency: 4.26953 ms - Host latency: 4.40552 ms (enqueue 2.09546 ms)
[10/04/2026-22:12:16] [I] Average on 1 runs - GPU latency: 4.27466 ms - Host latency: 4.41089 ms (enqueue 2.09741 ms)
[10/04/2026-22:12:16] [I] Average on 1 runs - GPU latency: 4.2688 ms - Host latency: 4.39478 ms (enqueue 2.07812 ms)
[10/04/2026-22:12:16] [I] Average on 1 runs - GPU latency: 4.26685 ms - Host latency: 4.40063 ms (enqueue 2.07617 ms)
[10/04/2026-22:12:16] [I] Average on 1 runs - GPU latency: 4.2644 ms - Host latency: 4.38965 ms (enqueue 2.07642 ms)
[10/04/2026-22:12:16] [I] Average on 1 runs - GPU latency: 4.26562 ms - Host latency: 4.39844 ms (enqueue 2.08862 ms)
[10/04/2026-22:12:16] [I] Average on 1 runs - GPU latency: 4.26343 ms - Host latency: 4.3999 ms (enqueue 2.10376 ms)
[10/04/2026-22:12:16] [I] Average on 1 runs - GPU latency: 4.26074 ms - Host latency: 4.39258 ms (enqueue 2.09937 ms)
[10/04/2026-22:12:16] [I] Average on 1 runs - GPU latency: 4.26318 ms - Host latency: 4.40039 ms (enqueue 2.07886 ms)
[10/04/2026-22:12:16] [I] Average on 1 runs - GPU latency: 4.2688 ms - Host latency: 4.41113 ms (enqueue 2.07788 ms)
[10/04/2026-22:12:16] [I] Average on 1 runs - GPU latency: 4.25928 ms - Host latency: 4.3916 ms (enqueue 2.06909 ms)
[10/04/2026-22:12:16] [I] Average on 1 runs - GPU latency: 4.26758 ms - Host latency: 4.40186 ms (enqueue 2.05835 ms)
[10/04/2026-22:12:16] [I] Average on 1 runs - GPU latency: 4.27515 ms - Host latency: 4.41553 ms (enqueue 2.05029 ms)
[10/04/2026-22:12:16] [I] Average on 1 runs - GPU latency: 4.26562 ms - Host latency: 4.40039 ms (enqueue 2.04272 ms)
[10/04/2026-22:12:16] [I] Average on 1 runs - GPU latency: 4.27563 ms - Host latency: 4.41724 ms (enqueue 2.04272 ms)
[10/04/2026-22:12:16] [I] Average on 1 runs - GPU latency: 4.26123 ms - Host latency: 4.40576 ms (enqueue 2.10962 ms)
[10/04/2026-22:12:16] [I] Average on 1 runs - GPU latency: 4.25806 ms - Host latency: 4.38184 ms (enqueue 2.08521 ms)
[10/04/2026-22:12:16] [I] Average on 1 runs - GPU latency: 4.25977 ms - Host latency: 4.38477 ms (enqueue 2.10889 ms)
[10/04/2026-22:12:16] [I] Average on 1 runs - GPU latency: 4.26514 ms - Host latency: 4.39233 ms (enqueue 2.0957 ms)
[10/04/2026-22:12:16] [I] Average on 1 runs - GPU latency: 4.25854 ms - Host latency: 4.39844 ms (enqueue 2.09937 ms)
[10/04/2026-22:12:16] [I] Average on 1 runs - GPU latency: 4.26562 ms - Host latency: 4.40698 ms (enqueue 2.12793 ms)
[10/04/2026-22:12:16] [I] Average on 1 runs - GPU latency: 4.26221 ms - Host latency: 4.40039 ms (enqueue 2.10474 ms)
[10/04/2026-22:12:16] [I] Average on 1 runs - GPU latency: 4.26172 ms - Host latency: 4.39575 ms (enqueue 2.11108 ms)
[10/04/2026-22:12:16] [I] Average on 1 runs - GPU latency: 4.26294 ms - Host latency: 4.40112 ms (enqueue 2.04761 ms)
[10/04/2026-22:12:16] [I] Average on 1 runs - GPU latency: 4.26074 ms - Host latency: 4.39404 ms (enqueue 2.05249 ms)
[10/04/2026-22:12:16] [I] Average on 1 runs - GPU latency: 4.26831 ms - Host latency: 4.40186 ms (enqueue 2.04858 ms)
[10/04/2026-22:12:16] [I] Average on 1 runs - GPU latency: 4.26538 ms - Host latency: 4.40479 ms (enqueue 2.05322 ms)
[10/04/2026-22:12:16] [I] Average on 1 runs - GPU latency: 4.26636 ms - Host latency: 4.39917 ms (enqueue 2.05981 ms)
[10/04/2026-22:12:16] [I] Average on 1 runs - GPU latency: 4.26221 ms - Host latency: 4.40186 ms (enqueue 2.04639 ms)
[10/04/2026-22:12:16] [I] Average on 1 runs - GPU latency: 4.26562 ms - Host latency: 4.40063 ms (enqueue 2.05835 ms)
[10/04/2026-22:12:16] [I] Average on 1 runs - GPU latency: 4.26782 ms - Host latency: 4.39624 ms (enqueue 2.09497 ms)
[10/04/2026-22:12:16] [I] Average on 1 runs - GPU latency: 4.25879 ms - Host latency: 4.3999 ms (enqueue 2.12842 ms)
[10/04/2026-22:12:16] [I] Average on 1 runs - GPU latency: 4.2644 ms - Host latency: 4.3916 ms (enqueue 2.12256 ms)
[10/04/2026-22:12:16] [I] Average on 1 runs - GPU latency: 4.26318 ms - Host latency: 4.39771 ms (enqueue 2.07861 ms)
[10/04/2026-22:12:16] [I] Average on 1 runs - GPU latency: 4.27148 ms - Host latency: 4.39893 ms (enqueue 2.10278 ms)
[10/04/2026-22:12:16] [I] Average on 1 runs - GPU latency: 4.26245 ms - Host latency: 4.3894 ms (enqueue 2.0791 ms)
[10/04/2026-22:12:16] [I] Average on 1 runs - GPU latency: 4.26074 ms - Host latency: 4.40381 ms (enqueue 2.07349 ms)
[10/04/2026-22:12:16] [I] Average on 1 runs - GPU latency: 4.29102 ms - Host latency: 4.4165 ms (enqueue 2.06519 ms)
[10/04/2026-22:12:16] [I] Average on 1 runs - GPU latency: 4.27222 ms - Host latency: 4.42017 ms (enqueue 2.04565 ms)
[10/04/2026-22:12:16] [I] Average on 1 runs - GPU latency: 4.27173 ms - Host latency: 4.41968 ms (enqueue 2.04395 ms)
[10/04/2026-22:12:16] [I] Average on 1 runs - GPU latency: 4.26562 ms - Host latency: 4.40283 ms (enqueue 2.06079 ms)
[10/04/2026-22:12:16] [I] Average on 1 runs - GPU latency: 4.2688 ms - Host latency: 4.41284 ms (enqueue 2.04565 ms)
[10/04/2026-22:12:16] [I] Average on 1 runs - GPU latency: 4.27173 ms - Host latency: 4.40381 ms (enqueue 2.05981 ms)
[10/04/2026-22:12:16] [I] Average on 1 runs - GPU latency: 4.27441 ms - Host latency: 4.40747 ms (enqueue 2.08325 ms)
[10/04/2026-22:12:16] [I] Average on 1 runs - GPU latency: 4.27051 ms - Host latency: 4.40942 ms (enqueue 2.06519 ms)
[10/04/2026-22:12:16] [I] Average on 1 runs - GPU latency: 4.26904 ms - Host latency: 4.40625 ms (enqueue 2.12476 ms)
[10/04/2026-22:12:16] [I] Average on 1 runs - GPU latency: 4.27319 ms - Host latency: 4.40723 ms (enqueue 2.10034 ms)
[10/04/2026-22:12:16] [I] Average on 1 runs - GPU latency: 4.26294 ms - Host latency: 4.40137 ms (enqueue 2.08228 ms)
[10/04/2026-22:12:16] [I] Average on 1 runs - GPU latency: 4.26489 ms - Host latency: 4.39502 ms (enqueue 2.08667 ms)
[10/04/2026-22:12:16] [I] Average on 1 runs - GPU latency: 4.26636 ms - Host latency: 4.40259 ms (enqueue 2.09082 ms)
[10/04/2026-22:12:16] [I] Average on 1 runs - GPU latency: 4.26294 ms - Host latency: 4.39404 ms (enqueue 2.07666 ms)
[10/04/2026-22:12:16] [I] Average on 1 runs - GPU latency: 4.27515 ms - Host latency: 4.40625 ms (enqueue 2.11523 ms)
[10/04/2026-22:12:16] [I] Average on 1 runs - GPU latency: 4.26562 ms - Host latency: 4.40552 ms (enqueue 2.06079 ms)
[10/04/2026-22:12:16] [I] Average on 1 runs - GPU latency: 4.26929 ms - Host latency: 4.39893 ms (enqueue 2.04395 ms)
[10/04/2026-22:12:16] [I] Average on 1 runs - GPU latency: 4.27026 ms - Host latency: 4.41016 ms (enqueue 2.05957 ms)
[10/04/2026-22:12:16] [I] Average on 1 runs - GPU latency: 4.26782 ms - Host latency: 4.40381 ms (enqueue 2.07373 ms)
[10/04/2026-22:12:16] [I] Average on 1 runs - GPU latency: 4.27563 ms - Host latency: 4.42676 ms (enqueue 2.06445 ms)
[10/04/2026-22:12:16] [I] Average on 1 runs - GPU latency: 4.26685 ms - Host latency: 4.396 ms (enqueue 2.05737 ms)
[10/04/2026-22:12:16] [I] Average on 1 runs - GPU latency: 4.27173 ms - Host latency: 4.41113 ms (enqueue 2.05566 ms)
[10/04/2026-22:12:16] [I] Average on 1 runs - GPU latency: 4.26587 ms - Host latency: 4.40259 ms (enqueue 2.04932 ms)
[10/04/2026-22:12:16] [I] Average on 1 runs - GPU latency: 4.26123 ms - Host latency: 4.38843 ms (enqueue 2.06763 ms)
[10/04/2026-22:12:16] [I] Average on 1 runs - GPU latency: 4.26392 ms - Host latency: 4.39429 ms (enqueue 2.08496 ms)
[10/04/2026-22:12:16] [I] Average on 1 runs - GPU latency: 4.26611 ms - Host latency: 4.40186 ms (enqueue 2.09424 ms)
[10/04/2026-22:12:16] [I] Average on 1 runs - GPU latency: 4.26416 ms - Host latency: 4.3916 ms (enqueue 2.10889 ms)
[10/04/2026-22:12:16] [I] Average on 1 runs - GPU latency: 4.2605 ms - Host latency: 4.39453 ms (enqueue 2.10254 ms)
[10/04/2026-22:12:16] [I] Average on 1 runs - GPU latency: 4.26831 ms - Host latency: 4.39819 ms (enqueue 2.10498 ms)
[10/04/2026-22:12:16] [I] Average on 1 runs - GPU latency: 4.2627 ms - Host latency: 4.39575 ms (enqueue 2.12891 ms)
[10/04/2026-22:12:16] [I] Average on 1 runs - GPU latency: 4.26514 ms - Host latency: 4.4104 ms (enqueue 2.0791 ms)
[10/04/2026-22:12:16] [I] Average on 1 runs - GPU latency: 4.26685 ms - Host latency: 4.39697 ms (enqueue 2.05713 ms)
[10/04/2026-22:12:16] [I] Average on 1 runs - GPU latency: 4.25952 ms - Host latency: 4.39526 ms (enqueue 2.0498 ms)
[10/04/2026-22:12:16] [I] Average on 1 runs - GPU latency: 4.27637 ms - Host latency: 4.43164 ms (enqueue 2.04785 ms)
[10/04/2026-22:12:16] [I] Average on 1 runs - GPU latency: 4.26001 ms - Host latency: 4.39355 ms (enqueue 2.04102 ms)
[10/04/2026-22:12:16] [I] Average on 1 runs - GPU latency: 4.26953 ms - Host latency: 4.40454 ms (enqueue 2.04346 ms)
[10/04/2026-22:12:16] [I] Average on 1 runs - GPU latency: 4.26953 ms - Host latency: 4.39673 ms (enqueue 2.05298 ms)
[10/04/2026-22:12:16] [I] Average on 1 runs - GPU latency: 4.26587 ms - Host latency: 4.40356 ms (enqueue 2.07544 ms)
[10/04/2026-22:12:16] [I] Average on 1 runs - GPU latency: 4.26221 ms - Host latency: 4.38672 ms (enqueue 2.06714 ms)
[10/04/2026-22:12:16] [I] Average on 1 runs - GPU latency: 4.26099 ms - Host latency: 4.39111 ms (enqueue 2.06152 ms)
[10/04/2026-22:12:16] [I] Average on 1 runs - GPU latency: 4.26831 ms - Host latency: 4.3999 ms (enqueue 2.07983 ms)
[10/04/2026-22:12:16] [I] Average on 1 runs - GPU latency: 4.26416 ms - Host latency: 4.39648 ms (enqueue 2.11621 ms)
[10/04/2026-22:12:16] [I] Average on 1 runs - GPU latency: 4.26855 ms - Host latency: 4.40405 ms (enqueue 2.13696 ms)
[10/04/2026-22:12:16] [I] Average on 1 runs - GPU latency: 4.2688 ms - Host latency: 4.40283 ms (enqueue 2.1106 ms)
[10/04/2026-22:12:16] [I] Average on 1 runs - GPU latency: 4.25879 ms - Host latency: 4.40234 ms (enqueue 2.09155 ms)
[10/04/2026-22:12:16] [I] Average on 1 runs - GPU latency: 4.26416 ms - Host latency: 4.40723 ms (enqueue 2.05981 ms)
[10/04/2026-22:12:16] [I] Average on 1 runs - GPU latency: 4.26392 ms - Host latency: 4.39819 ms (enqueue 2.05347 ms)
[10/04/2026-22:12:16] [I] Average on 1 runs - GPU latency: 4.26562 ms - Host latency: 4.40088 ms (enqueue 2.05957 ms)
[10/04/2026-22:12:16] [I] Average on 1 runs - GPU latency: 4.26685 ms - Host latency: 4.40112 ms (enqueue 2.04199 ms)
[10/04/2026-22:12:16] [I] Average on 1 runs - GPU latency: 4.26831 ms - Host latency: 4.40015 ms (enqueue 2.04736 ms)
[10/04/2026-22:12:16] [I] Average on 1 runs - GPU latency: 4.26001 ms - Host latency: 4.40039 ms (enqueue 2.05859 ms)
[10/04/2026-22:12:16] [I] Average on 1 runs - GPU latency: 4.26294 ms - Host latency: 4.39844 ms (enqueue 2.05762 ms)
[10/04/2026-22:12:16] [I] Average on 1 runs - GPU latency: 4.26367 ms - Host latency: 4.40747 ms (enqueue 2.0686 ms)
[10/04/2026-22:12:16] [I] Average on 1 runs - GPU latency: 4.2644 ms - Host latency: 4.40771 ms (enqueue 2.10791 ms)
[10/04/2026-22:12:16] [I] Average on 1 runs - GPU latency: 4.27051 ms - Host latency: 4.40259 ms (enqueue 2.10864 ms)
[10/04/2026-22:12:16] [I] Average on 1 runs - GPU latency: 4.26392 ms - Host latency: 4.40552 ms (enqueue 2.10083 ms)
[10/04/2026-22:12:16] [I] Average on 1 runs - GPU latency: 4.26782 ms - Host latency: 4.40527 ms (enqueue 2.08789 ms)
[10/04/2026-22:12:16] [I] Average on 1 runs - GPU latency: 4.26709 ms - Host latency: 4.41333 ms (enqueue 2.07544 ms)
[10/04/2026-22:12:16] [I] Average on 1 runs - GPU latency: 4.26978 ms - Host latency: 4.40747 ms (enqueue 2.09644 ms)
[10/04/2026-22:12:16] [I] Average on 1 runs - GPU latency: 4.26733 ms - Host latency: 4.39404 ms (enqueue 2.11108 ms)
[10/04/2026-22:12:16] [I] Average on 1 runs - GPU latency: 4.26733 ms - Host latency: 4.41699 ms (enqueue 2.05371 ms)
[10/04/2026-22:12:16] [I] Average on 1 runs - GPU latency: 4.26587 ms - Host latency: 4.39966 ms (enqueue 2.05176 ms)
[10/04/2026-22:12:16] [I] Average on 1 runs - GPU latency: 4.25903 ms - Host latency: 4.39331 ms (enqueue 2.04419 ms)
[10/04/2026-22:12:16] [I] Average on 1 runs - GPU latency: 4.26538 ms - Host latency: 4.4043 ms (enqueue 2.03711 ms)
[10/04/2026-22:12:16] [I] Average on 1 runs - GPU latency: 4.26489 ms - Host latency: 4.40894 ms (enqueue 2.04883 ms)
[10/04/2026-22:12:16] [I] Average on 1 runs - GPU latency: 4.26611 ms - Host latency: 4.41211 ms (enqueue 2.07153 ms)
[10/04/2026-22:12:16] [I] Average on 1 runs - GPU latency: 4.26782 ms - Host latency: 4.40967 ms (enqueue 2.05737 ms)
[10/04/2026-22:12:16] [I] Average on 1 runs - GPU latency: 4.27026 ms - Host latency: 4.41064 ms (enqueue 2.09277 ms)
[10/04/2026-22:12:16] [I] Average on 1 runs - GPU latency: 4.26147 ms - Host latency: 4.39282 ms (enqueue 2.0708 ms)
[10/04/2026-22:12:16] [I] Average on 1 runs - GPU latency: 4.26245 ms - Host latency: 4.39111 ms (enqueue 2.06421 ms)
[10/04/2026-22:12:16] [I] Average on 1 runs - GPU latency: 4.26343 ms - Host latency: 4.3877 ms (enqueue 2.07373 ms)
[10/04/2026-22:12:16] [I] Average on 1 runs - GPU latency: 4.26147 ms - Host latency: 4.39233 ms (enqueue 2.09961 ms)
[10/04/2026-22:12:16] [I] Average on 1 runs - GPU latency: 4.26514 ms - Host latency: 4.3916 ms (enqueue 2.11938 ms)
[10/04/2026-22:12:16] [I] Average on 1 runs - GPU latency: 4.26904 ms - Host latency: 4.40308 ms (enqueue 2.08105 ms)
[10/04/2026-22:12:16] [I] Average on 1 runs - GPU latency: 4.26465 ms - Host latency: 4.40063 ms (enqueue 2.09326 ms)
[10/04/2026-22:12:16] [I] Average on 1 runs - GPU latency: 4.26929 ms - Host latency: 4.39868 ms (enqueue 2.0564 ms)
[10/04/2026-22:12:16] [I] Average on 1 runs - GPU latency: 4.26025 ms - Host latency: 4.38794 ms (enqueue 2.06641 ms)
[10/04/2026-22:12:16] [I] Average on 1 runs - GPU latency: 4.26929 ms - Host latency: 4.39966 ms (enqueue 2.06738 ms)
[10/04/2026-22:12:16] [I] Average on 1 runs - GPU latency: 4.25781 ms - Host latency: 4.39038 ms (enqueue 2.04956 ms)
[10/04/2026-22:12:16] [I] Average on 1 runs - GPU latency: 4.26489 ms - Host latency: 4.3999 ms (enqueue 2.05884 ms)
[10/04/2026-22:12:16] [I] Average on 1 runs - GPU latency: 4.26953 ms - Host latency: 4.40405 ms (enqueue 2.05078 ms)
[10/04/2026-22:12:16] [I] Average on 1 runs - GPU latency: 4.26855 ms - Host latency: 4.39917 ms (enqueue 2.05591 ms)
[10/04/2026-22:12:16] [I] Average on 1 runs - GPU latency: 4.26147 ms - Host latency: 4.39673 ms (enqueue 2.09985 ms)
[10/04/2026-22:12:16] [I] Average on 1 runs - GPU latency: 4.2688 ms - Host latency: 4.39771 ms (enqueue 2.11499 ms)
[10/04/2026-22:12:16] [I] Average on 1 runs - GPU latency: 4.26196 ms - Host latency: 4.40381 ms (enqueue 2.0979 ms)
[10/04/2026-22:12:16] [I] Average on 1 runs - GPU latency: 4.26562 ms - Host latency: 4.39771 ms (enqueue 2.09229 ms)
[10/04/2026-22:12:16] [I] Average on 1 runs - GPU latency: 4.26294 ms - Host latency: 4.39282 ms (enqueue 2.0769 ms)
[10/04/2026-22:12:16] [I] Average on 1 runs - GPU latency: 4.271 ms - Host latency: 4.39673 ms (enqueue 2.104 ms)
[10/04/2026-22:12:16] [I] Average on 1 runs - GPU latency: 4.26709 ms - Host latency: 4.40894 ms (enqueue 2.13525 ms)
[10/04/2026-22:12:16] [I] Average on 1 runs - GPU latency: 4.26831 ms - Host latency: 4.40039 ms (enqueue 2.09985 ms)
[10/04/2026-22:12:16] [I] Average on 1 runs - GPU latency: 4.26343 ms - Host latency: 4.40308 ms (enqueue 2.04736 ms)
[10/04/2026-22:12:16] [I] Average on 1 runs - GPU latency: 4.26196 ms - Host latency: 4.3894 ms (enqueue 2.03394 ms)
[10/04/2026-22:12:16] [I] Average on 1 runs - GPU latency: 4.27222 ms - Host latency: 4.41528 ms (enqueue 2.05542 ms)
[10/04/2026-22:12:16] [I] Average on 1 runs - GPU latency: 4.26685 ms - Host latency: 4.40479 ms (enqueue 2.06958 ms)
[10/04/2026-22:12:16] [I] Average on 1 runs - GPU latency: 4.26978 ms - Host latency: 4.40601 ms (enqueue 2.04932 ms)
[10/04/2026-22:12:16] [I] Average on 1 runs - GPU latency: 4.26538 ms - Host latency: 4.39966 ms (enqueue 2.04224 ms)
[10/04/2026-22:12:16] [I] Average on 1 runs - GPU latency: 4.26611 ms - Host latency: 4.40308 ms (enqueue 2.04199 ms)
[10/04/2026-22:12:16] [I] Average on 1 runs - GPU latency: 4.2688 ms - Host latency: 4.39722 ms (enqueue 2.09741 ms)
[10/04/2026-22:12:16] [I] Average on 1 runs - GPU latency: 4.26001 ms - Host latency: 4.39551 ms (enqueue 2.09448 ms)
[10/04/2026-22:12:16] [I] Average on 1 runs - GPU latency: 4.2771 ms - Host latency: 4.41504 ms (enqueue 2.1145 ms)
[10/04/2026-22:12:16] [I] Average on 1 runs - GPU latency: 4.27563 ms - Host latency: 4.41235 ms (enqueue 2.12695 ms)
[10/04/2026-22:12:16] [I] Average on 1 runs - GPU latency: 4.26782 ms - Host latency: 4.4126 ms (enqueue 2.10449 ms)
[10/04/2026-22:12:16] [I] Average on 1 runs - GPU latency: 4.27026 ms - Host latency: 4.39282 ms (enqueue 2.08911 ms)
[10/04/2026-22:12:16] [I] Average on 1 runs - GPU latency: 4.27002 ms - Host latency: 4.40723 ms (enqueue 2.08496 ms)
[10/04/2026-22:12:16] [I] Average on 1 runs - GPU latency: 4.26831 ms - Host latency: 4.39575 ms (enqueue 2.06494 ms)
[10/04/2026-22:12:16] [I] Average on 1 runs - GPU latency: 4.27026 ms - Host latency: 4.4043 ms (enqueue 2.04419 ms)
[10/04/2026-22:12:16] [I] Average on 1 runs - GPU latency: 4.26782 ms - Host latency: 4.40308 ms (enqueue 2.05151 ms)
[10/04/2026-22:12:16] [I] Average on 1 runs - GPU latency: 4.27246 ms - Host latency: 4.40991 ms (enqueue 2.05054 ms)
[10/04/2026-22:12:16] [I] Average on 1 runs - GPU latency: 4.27002 ms - Host latency: 4.396 ms (enqueue 2.06616 ms)
[10/04/2026-22:12:16] [I] Average on 1 runs - GPU latency: 4.26489 ms - Host latency: 4.40137 ms (enqueue 2.05176 ms)
[10/04/2026-22:12:16] [I] Average on 1 runs - GPU latency: 4.26123 ms - Host latency: 4.39014 ms (enqueue 2.05542 ms)
[10/04/2026-22:12:16] [I] Average on 1 runs - GPU latency: 4.26611 ms - Host latency: 4.40186 ms (enqueue 2.0708 ms)
[10/04/2026-22:12:16] [I] Average on 1 runs - GPU latency: 4.26685 ms - Host latency: 4.40869 ms (enqueue 2.13208 ms)
[10/04/2026-22:12:16] [I] Average on 1 runs - GPU latency: 4.26514 ms - Host latency: 4.40088 ms (enqueue 2.11035 ms)
[10/04/2026-22:12:16] [I] Average on 1 runs - GPU latency: 4.26929 ms - Host latency: 4.39478 ms (enqueue 2.11792 ms)
[10/04/2026-22:12:16] [I] Average on 1 runs - GPU latency: 4.26489 ms - Host latency: 4.40649 ms (enqueue 2.10547 ms)
[10/04/2026-22:12:16] [I] Average on 1 runs - GPU latency: 4.27051 ms - Host latency: 4.39722 ms (enqueue 2.10132 ms)
[10/04/2026-22:12:16] [I] Average on 1 runs - GPU latency: 4.26733 ms - Host latency: 4.39478 ms (enqueue 2.08594 ms)
[10/04/2026-22:12:16] [I] Average on 1 runs - GPU latency: 4.27393 ms - Host latency: 4.40747 ms (enqueue 2.0686 ms)
[10/04/2026-22:12:16] [I] Average on 1 runs - GPU latency: 4.26538 ms - Host latency: 4.40503 ms (enqueue 2.05029 ms)
[10/04/2026-22:12:16] [I] Average on 1 runs - GPU latency: 4.26123 ms - Host latency: 4.38916 ms (enqueue 2.04346 ms)
[10/04/2026-22:12:16] [I] Average on 1 runs - GPU latency: 4.26318 ms - Host latency: 4.4021 ms (enqueue 2.04834 ms)
[10/04/2026-22:12:16] [I] Average on 1 runs - GPU latency: 4.27051 ms - Host latency: 4.40039 ms (enqueue 2.04395 ms)
[10/04/2026-22:12:16] [I] Average on 1 runs - GPU latency: 4.26123 ms - Host latency: 4.40723 ms (enqueue 2.08716 ms)
[10/04/2026-22:12:16] [I] Average on 1 runs - GPU latency: 4.26392 ms - Host latency: 4.39526 ms (enqueue 2.07056 ms)
[10/04/2026-22:12:16] [I] Average on 1 runs - GPU latency: 4.26343 ms - Host latency: 4.40063 ms (enqueue 2.06348 ms)
[10/04/2026-22:12:16] [I] Average on 1 runs - GPU latency: 4.26245 ms - Host latency: 4.39819 ms (enqueue 2.05078 ms)
[10/04/2026-22:12:16] [I] Average on 1 runs - GPU latency: 4.27979 ms - Host latency: 4.40796 ms (enqueue 2.09033 ms)
[10/04/2026-22:12:16] [I] Average on 1 runs - GPU latency: 4.30225 ms - Host latency: 4.43604 ms (enqueue 2.08057 ms)
[10/04/2026-22:12:16] [I] Average on 1 runs - GPU latency: 4.27539 ms - Host latency: 4.42065 ms (enqueue 2.09985 ms)
[10/04/2026-22:12:16] [I] Average on 1 runs - GPU latency: 4.27319 ms - Host latency: 4.41846 ms (enqueue 2.10742 ms)
[10/04/2026-22:12:16] [I] ... Omitting 3116 lines
[10/04/2026-22:12:16] [I] Average on 1 runs - GPU latency: 4.26367 ms - Host latency: 4.39844 ms (enqueue 2.05859 ms)
[10/04/2026-22:12:16] [I] Average on 1 runs - GPU latency: 4.27148 ms - Host latency: 4.41211 ms (enqueue 2.05859 ms)
[10/04/2026-22:12:16] [I] Average on 1 runs - GPU latency: 4.26758 ms - Host latency: 4.39258 ms (enqueue 2.10156 ms)
[10/04/2026-22:12:16] [I] Average on 1 runs - GPU latency: 4.27148 ms - Host latency: 4.4082 ms (enqueue 2.0918 ms)
[10/04/2026-22:12:16] [I] Average on 1 runs - GPU latency: 4.26758 ms - Host latency: 4.41016 ms (enqueue 2.10547 ms)
[10/04/2026-22:12:16] [I] Average on 1 runs - GPU latency: 4.26758 ms - Host latency: 4.40039 ms (enqueue 2.11133 ms)
[10/04/2026-22:12:16] [I] Average on 1 runs - GPU latency: 4.26953 ms - Host latency: 4.4043 ms (enqueue 2.09961 ms)
[10/04/2026-22:12:16] [I] Average on 1 runs - GPU latency: 4.26953 ms - Host latency: 4.39648 ms (enqueue 2.10938 ms)
[10/04/2026-22:12:16] [I] Average on 1 runs - GPU latency: 4.26953 ms - Host latency: 4.40625 ms (enqueue 2.11523 ms)
[10/04/2026-22:12:16] [I] Average on 1 runs - GPU latency: 4.26758 ms - Host latency: 4.4043 ms (enqueue 2.05664 ms)
[10/04/2026-22:12:16] [I] Average on 1 runs - GPU latency: 4.27148 ms - Host latency: 4.40625 ms (enqueue 2.05078 ms)
[10/04/2026-22:12:16] [I] Average on 1 runs - GPU latency: 4.25977 ms - Host latency: 4.38477 ms (enqueue 2.04297 ms)
[10/04/2026-22:12:16] [I] Average on 1 runs - GPU latency: 4.26758 ms - Host latency: 4.39844 ms (enqueue 2.05078 ms)
[10/04/2026-22:12:16] [I] Average on 1 runs - GPU latency: 4.26758 ms - Host latency: 4.39258 ms (enqueue 2.06055 ms)
[10/04/2026-22:12:16] [I] Average on 1 runs - GPU latency: 4.26953 ms - Host latency: 4.40625 ms (enqueue 2.05469 ms)
[10/04/2026-22:12:16] [I] Average on 1 runs - GPU latency: 4.26367 ms - Host latency: 4.38672 ms (enqueue 2.04492 ms)
[10/04/2026-22:12:16] [I] Average on 1 runs - GPU latency: 4.26758 ms - Host latency: 4.40234 ms (enqueue 2.0957 ms)
[10/04/2026-22:12:16] [I] Average on 1 runs - GPU latency: 4.26953 ms - Host latency: 4.40625 ms (enqueue 2.08203 ms)
[10/04/2026-22:12:16] [I] Average on 1 runs - GPU latency: 4.26758 ms - Host latency: 4.41211 ms (enqueue 2.08984 ms)
[10/04/2026-22:12:16] [I] Average on 1 runs - GPU latency: 4.27344 ms - Host latency: 4.41211 ms (enqueue 2.10156 ms)
[10/04/2026-22:12:16] [I] Average on 1 runs - GPU latency: 4.26758 ms - Host latency: 4.40625 ms (enqueue 2.09766 ms)
[10/04/2026-22:12:16] [I] Average on 1 runs - GPU latency: 4.25977 ms - Host latency: 4.39258 ms (enqueue 2.12109 ms)
[10/04/2026-22:12:16] [I] Average on 1 runs - GPU latency: 4.25977 ms - Host latency: 4.38086 ms (enqueue 2.10352 ms)
[10/04/2026-22:12:16] [I] Average on 1 runs - GPU latency: 4.25781 ms - Host latency: 4.38086 ms (enqueue 2.09766 ms)
[10/04/2026-22:12:16] [I] Average on 1 runs - GPU latency: 4.26367 ms - Host latency: 4.39258 ms (enqueue 2.05469 ms)
[10/04/2026-22:12:16] [I] Average on 1 runs - GPU latency: 4.26758 ms - Host latency: 4.4043 ms (enqueue 2.05469 ms)
[10/04/2026-22:12:16] [I] Average on 1 runs - GPU latency: 4.26758 ms - Host latency: 4.4043 ms (enqueue 2.05273 ms)
[10/04/2026-22:12:16] [I] Average on 1 runs - GPU latency: 4.26953 ms - Host latency: 4.4082 ms (enqueue 2.05664 ms)
[10/04/2026-22:12:16] [I] Average on 1 runs - GPU latency: 4.27148 ms - Host latency: 4.4043 ms (enqueue 2.06055 ms)
[10/04/2026-22:12:16] [I] Average on 1 runs - GPU latency: 4.26953 ms - Host latency: 4.40234 ms (enqueue 2.04688 ms)
[10/04/2026-22:12:16] [I] Average on 1 runs - GPU latency: 4.27148 ms - Host latency: 4.40625 ms (enqueue 2.05859 ms)
[10/04/2026-22:12:16] [I] Average on 1 runs - GPU latency: 4.26367 ms - Host latency: 4.39844 ms (enqueue 2.07617 ms)
[10/04/2026-22:12:16] [I] Average on 1 runs - GPU latency: 4.25977 ms - Host latency: 4.4043 ms (enqueue 2.11914 ms)
[10/04/2026-22:12:16] [I] Average on 1 runs - GPU latency: 4.25781 ms - Host latency: 4.4043 ms (enqueue 2.10352 ms)
[10/04/2026-22:12:16] [I] Average on 1 runs - GPU latency: 4.25781 ms - Host latency: 4.39844 ms (enqueue 2.13672 ms)
[10/04/2026-22:12:16] [I] Average on 1 runs - GPU latency: 4.26562 ms - Host latency: 4.40234 ms (enqueue 2.07812 ms)
[10/04/2026-22:12:16] [I] Average on 1 runs - GPU latency: 4.27148 ms - Host latency: 4.40625 ms (enqueue 2.07422 ms)
[10/04/2026-22:12:16] [I] Average on 1 runs - GPU latency: 4.26758 ms - Host latency: 4.40234 ms (enqueue 2.07617 ms)
[10/04/2026-22:12:16] [I] Average on 1 runs - GPU latency: 4.26367 ms - Host latency: 4.38867 ms (enqueue 2.0918 ms)
[10/04/2026-22:12:16] [I] Average on 1 runs - GPU latency: 4.26562 ms - Host latency: 4.39844 ms (enqueue 2.05078 ms)
[10/04/2026-22:12:16] [I] Average on 1 runs - GPU latency: 4.26562 ms - Host latency: 4.38672 ms (enqueue 2.05664 ms)
[10/04/2026-22:12:16] [I] Average on 1 runs - GPU latency: 4.26367 ms - Host latency: 4.39648 ms (enqueue 2.05273 ms)
[10/04/2026-22:12:16] [I] Average on 1 runs - GPU latency: 4.26758 ms - Host latency: 4.39844 ms (enqueue 2.05664 ms)
[10/04/2026-22:12:16] [I] Average on 1 runs - GPU latency: 4.26758 ms - Host latency: 4.40039 ms (enqueue 2.04102 ms)
[10/04/2026-22:12:16] [I] Average on 1 runs - GPU latency: 4.26367 ms - Host latency: 4.40625 ms (enqueue 2.04883 ms)
[10/04/2026-22:12:16] [I] Average on 1 runs - GPU latency: 4.26758 ms - Host latency: 4.40039 ms (enqueue 2.04492 ms)
[10/04/2026-22:12:16] [I] Average on 1 runs - GPU latency: 4.26562 ms - Host latency: 4.39844 ms (enqueue 2.06836 ms)
[10/04/2026-22:12:16] [I] Average on 1 runs - GPU latency: 4.26562 ms - Host latency: 4.4082 ms (enqueue 2.07031 ms)
[10/04/2026-22:12:16] [I] Average on 1 runs - GPU latency: 4.26367 ms - Host latency: 4.40039 ms (enqueue 2.08008 ms)
[10/04/2026-22:12:16] [I] Average on 1 runs - GPU latency: 4.26172 ms - Host latency: 4.39648 ms (enqueue 2.11523 ms)
[10/04/2026-22:12:16] [I] Average on 1 runs - GPU latency: 4.26562 ms - Host latency: 4.40039 ms (enqueue 2.09375 ms)
[10/04/2026-22:12:16] [I] Average on 1 runs - GPU latency: 4.26367 ms - Host latency: 4.39062 ms (enqueue 2.11523 ms)
[10/04/2026-22:12:16] [I] Average on 1 runs - GPU latency: 4.26367 ms - Host latency: 4.4043 ms (enqueue 2.08398 ms)
[10/04/2026-22:12:16] [I] Average on 1 runs - GPU latency: 4.26562 ms - Host latency: 4.39648 ms (enqueue 2.08984 ms)
[10/04/2026-22:12:16] [I] Average on 1 runs - GPU latency: 4.26172 ms - Host latency: 4.4043 ms (enqueue 2.05859 ms)
[10/04/2026-22:12:16] [I] Average on 1 runs - GPU latency: 4.27539 ms - Host latency: 4.40625 ms (enqueue 2.05469 ms)
[10/04/2026-22:12:16] [I] Average on 1 runs - GPU latency: 4.26172 ms - Host latency: 4.39648 ms (enqueue 2.04102 ms)
[10/04/2026-22:12:16] [I] Average on 1 runs - GPU latency: 4.26562 ms - Host latency: 4.39844 ms (enqueue 2.05469 ms)
[10/04/2026-22:12:16] [I] Average on 1 runs - GPU latency: 4.27148 ms - Host latency: 4.39844 ms (enqueue 2.04492 ms)
[10/04/2026-22:12:16] [I] Average on 1 runs - GPU latency: 4.26562 ms - Host latency: 4.4043 ms (enqueue 2.04492 ms)
[10/04/2026-22:12:16] [I] Average on 1 runs - GPU latency: 4.26367 ms - Host latency: 4.39648 ms (enqueue 2.04688 ms)
[10/04/2026-22:12:16] [I] Average on 1 runs - GPU latency: 4.26562 ms - Host latency: 4.40039 ms (enqueue 2.11719 ms)
[10/04/2026-22:12:16] [I] Average on 1 runs - GPU latency: 4.26367 ms - Host latency: 4.39648 ms (enqueue 2.08203 ms)
[10/04/2026-22:12:16] [I] Average on 1 runs - GPU latency: 4.26758 ms - Host latency: 4.4082 ms (enqueue 2.08789 ms)
[10/04/2026-22:12:16] [I] Average on 1 runs - GPU latency: 4.26367 ms - Host latency: 4.40234 ms (enqueue 2.12305 ms)
[10/04/2026-22:12:16] [I] Average on 1 runs - GPU latency: 4.26562 ms - Host latency: 4.39258 ms (enqueue 2.09961 ms)
[10/04/2026-22:12:16] [I] Average on 1 runs - GPU latency: 4.26953 ms - Host latency: 4.41016 ms (enqueue 2.09961 ms)
[10/04/2026-22:12:16] [I] Average on 1 runs - GPU latency: 4.2832 ms - Host latency: 4.4043 ms (enqueue 2.10742 ms)
[10/04/2026-22:12:16] [I] Average on 1 runs - GPU latency: 4.29297 ms - Host latency: 4.4375 ms (enqueue 2.12305 ms)
[10/04/2026-22:12:16] [I] Average on 1 runs - GPU latency: 4.26953 ms - Host latency: 4.40625 ms (enqueue 2.02734 ms)
[10/04/2026-22:12:16] [I] Average on 1 runs - GPU latency: 4.26758 ms - Host latency: 4.41211 ms (enqueue 2.01562 ms)
[10/04/2026-22:12:16] [I] Average on 1 runs - GPU latency: 4.27734 ms - Host latency: 4.41016 ms (enqueue 2.02734 ms)
[10/04/2026-22:12:16] [I] Average on 1 runs - GPU latency: 4.27539 ms - Host latency: 4.41797 ms (enqueue 2.03906 ms)
[10/04/2026-22:12:16] [I] Average on 1 runs - GPU latency: 4.27148 ms - Host latency: 4.41406 ms (enqueue 2.04883 ms)
[10/04/2026-22:12:16] [I] Average on 1 runs - GPU latency: 4.28125 ms - Host latency: 4.42188 ms (enqueue 2.04492 ms)
[10/04/2026-22:12:16] [I] Average on 1 runs - GPU latency: 4.26953 ms - Host latency: 4.42578 ms (enqueue 2.05664 ms)
[10/04/2026-22:12:16] [I] Average on 1 runs - GPU latency: 4.27734 ms - Host latency: 4.42578 ms (enqueue 2.07812 ms)
[10/04/2026-22:12:16] [I] Average on 1 runs - GPU latency: 4.26758 ms - Host latency: 4.40234 ms (enqueue 2.08203 ms)
[10/04/2026-22:12:16] [I] Average on 1 runs - GPU latency: 4.27148 ms - Host latency: 4.41211 ms (enqueue 2.11523 ms)
[10/04/2026-22:12:16] [I] Average on 1 runs - GPU latency: 4.26367 ms - Host latency: 4.4082 ms (enqueue 2.11133 ms)
[10/04/2026-22:12:16] [I] Average on 1 runs - GPU latency: 4.26562 ms - Host latency: 4.39453 ms (enqueue 2.08594 ms)
[10/04/2026-22:12:16] [I] Average on 1 runs - GPU latency: 4.26953 ms - Host latency: 4.4043 ms (enqueue 2.08398 ms)
[10/04/2026-22:12:16] [I] Average on 1 runs - GPU latency: 4.27148 ms - Host latency: 4.4043 ms (enqueue 2.07812 ms)
[10/04/2026-22:12:16] [I] Average on 1 runs - GPU latency: 4.26172 ms - Host latency: 4.39258 ms (enqueue 2.05859 ms)
[10/04/2026-22:12:16] [I] Average on 1 runs - GPU latency: 4.26367 ms - Host latency: 4.40234 ms (enqueue 2.05664 ms)
[10/04/2026-22:12:16] [I] Average on 1 runs - GPU latency: 4.25977 ms - Host latency: 4.39453 ms (enqueue 2.07031 ms)
[10/04/2026-22:12:16] [I] Average on 1 runs - GPU latency: 4.26562 ms - Host latency: 4.39258 ms (enqueue 2.05273 ms)
[10/04/2026-22:12:16] [I] Average on 1 runs - GPU latency: 4.26953 ms - Host latency: 4.40625 ms (enqueue 2.05469 ms)
[10/04/2026-22:12:16] [I] Average on 1 runs - GPU latency: 4.26953 ms - Host latency: 4.40234 ms (enqueue 2.05859 ms)
[10/04/2026-22:12:16] [I] Average on 1 runs - GPU latency: 4.26367 ms - Host latency: 4.39844 ms (enqueue 2.06836 ms)
[10/04/2026-22:12:16] [I] Average on 1 runs - GPU latency: 4.26367 ms - Host latency: 4.4043 ms (enqueue 2.09766 ms)
[10/04/2026-22:12:16] [I] Average on 1 runs - GPU latency: 4.26953 ms - Host latency: 4.39648 ms (enqueue 2.07031 ms)
[10/04/2026-22:12:16] [I] Average on 1 runs - GPU latency: 4.26367 ms - Host latency: 4.39844 ms (enqueue 2.10156 ms)
[10/04/2026-22:12:16] [I] Average on 1 runs - GPU latency: 4.25977 ms - Host latency: 4.40234 ms (enqueue 2.11719 ms)
[10/04/2026-22:12:16] [I] Average on 1 runs - GPU latency: 4.26562 ms - Host latency: 4.39453 ms (enqueue 2.07422 ms)
[10/04/2026-22:12:16] [I] Average on 1 runs - GPU latency: 4.26562 ms - Host latency: 4.40625 ms (enqueue 2.11328 ms)
[10/04/2026-22:12:16] [I] Average on 1 runs - GPU latency: 4.25977 ms - Host latency: 4.39258 ms (enqueue 2.08789 ms)
[10/04/2026-22:12:16] [I] Average on 1 runs - GPU latency: 4.26758 ms - Host latency: 4.39844 ms (enqueue 2.08984 ms)
[10/04/2026-22:12:16] [I] Average on 1 runs - GPU latency: 4.26367 ms - Host latency: 4.4082 ms (enqueue 2.04492 ms)
[10/04/2026-22:12:16] [I] Average on 1 runs - GPU latency: 4.25977 ms - Host latency: 4.39453 ms (enqueue 2.04102 ms)
[10/04/2026-22:12:16] [I] Average on 1 runs - GPU latency: 4.26953 ms - Host latency: 4.4082 ms (enqueue 2.06055 ms)
[10/04/2026-22:12:16] [I] Average on 1 runs - GPU latency: 4.26367 ms - Host latency: 4.39453 ms (enqueue 2.05469 ms)
[10/04/2026-22:12:16] [I] Average on 1 runs - GPU latency: 4.27148 ms - Host latency: 4.4082 ms (enqueue 2.08008 ms)
[10/04/2026-22:12:16] [I] Average on 1 runs - GPU latency: 4.26953 ms - Host latency: 4.4043 ms (enqueue 2.05664 ms)
[10/04/2026-22:12:16] [I] Average on 1 runs - GPU latency: 4.26758 ms - Host latency: 4.40234 ms (enqueue 2.06055 ms)
[10/04/2026-22:12:16] [I] Average on 1 runs - GPU latency: 4.26562 ms - Host latency: 4.41016 ms (enqueue 2.09961 ms)
[10/04/2026-22:12:16] [I] Average on 1 runs - GPU latency: 4.27148 ms - Host latency: 4.4043 ms (enqueue 2.12305 ms)
[10/04/2026-22:12:16] [I] Average on 1 runs - GPU latency: 4.26758 ms - Host latency: 4.40234 ms (enqueue 2.11914 ms)
[10/04/2026-22:12:16] [I] Average on 1 runs - GPU latency: 4.27148 ms - Host latency: 4.4082 ms (enqueue 2.10547 ms)
[10/04/2026-22:12:16] [I] Average on 1 runs - GPU latency: 4.25781 ms - Host latency: 4.38477 ms (enqueue 2.11133 ms)
[10/04/2026-22:12:16] [I] Average on 1 runs - GPU latency: 4.26172 ms - Host latency: 4.38867 ms (enqueue 2.13281 ms)
[10/04/2026-22:12:16] [I] Average on 1 runs - GPU latency: 4.26562 ms - Host latency: 4.39844 ms (enqueue 2.08789 ms)
[10/04/2026-22:12:16] [I] Average on 1 runs - GPU latency: 4.26562 ms - Host latency: 4.39453 ms (enqueue 2.09961 ms)
[10/04/2026-22:12:16] [I] Average on 1 runs - GPU latency: 4.27344 ms - Host latency: 4.41016 ms (enqueue 2.04688 ms)
[10/04/2026-22:12:16] [I] Average on 1 runs - GPU latency: 4.26953 ms - Host latency: 4.40039 ms (enqueue 2.07227 ms)
[10/04/2026-22:12:16] [I] Average on 1 runs - GPU latency: 4.26562 ms - Host latency: 4.39648 ms (enqueue 2.06641 ms)
[10/04/2026-22:12:16] [I] Average on 1 runs - GPU latency: 4.26172 ms - Host latency: 4.40234 ms (enqueue 2.05469 ms)
[10/04/2026-22:12:16] [I] Average on 1 runs - GPU latency: 4.26953 ms - Host latency: 4.40625 ms (enqueue 2.08203 ms)
[10/04/2026-22:12:16] [I] Average on 1 runs - GPU latency: 4.25977 ms - Host latency: 4.39453 ms (enqueue 2.06836 ms)
[10/04/2026-22:12:16] [I] Average on 1 runs - GPU latency: 4.26562 ms - Host latency: 4.41016 ms (enqueue 2.05469 ms)
[10/04/2026-22:12:16] [I] Average on 1 runs - GPU latency: 4.26172 ms - Host latency: 4.39258 ms (enqueue 2.08203 ms)
[10/04/2026-22:12:16] [I] Average on 1 runs - GPU latency: 4.26758 ms - Host latency: 4.39648 ms (enqueue 2.08789 ms)
[10/04/2026-22:12:16] [I] Average on 1 runs - GPU latency: 4.25586 ms - Host latency: 4.39062 ms (enqueue 2.08984 ms)
[10/04/2026-22:12:16] [I] Average on 1 runs - GPU latency: 4.26367 ms - Host latency: 4.39453 ms (enqueue 2.12695 ms)
[10/04/2026-22:12:16] [I] Average on 1 runs - GPU latency: 4.26172 ms - Host latency: 4.39453 ms (enqueue 2.10742 ms)
[10/04/2026-22:12:16] [I] Average on 1 runs - GPU latency: 4.26562 ms - Host latency: 4.39453 ms (enqueue 2.10352 ms)
[10/04/2026-22:12:16] [I] Average on 1 runs - GPU latency: 4.26562 ms - Host latency: 4.40625 ms (enqueue 2.10547 ms)
[10/04/2026-22:12:16] [I] Average on 1 runs - GPU latency: 4.26172 ms - Host latency: 4.39453 ms (enqueue 2.08398 ms)
[10/04/2026-22:12:16] [I] Average on 1 runs - GPU latency: 4.26562 ms - Host latency: 4.40039 ms (enqueue 2.05273 ms)
[10/04/2026-22:12:16] [I] Average on 1 runs - GPU latency: 4.27344 ms - Host latency: 4.40625 ms (enqueue 2.06055 ms)
[10/04/2026-22:12:16] [I] Average on 1 runs - GPU latency: 4.26172 ms - Host latency: 4.39258 ms (enqueue 2.05078 ms)
[10/04/2026-22:12:16] [I] Average on 1 runs - GPU latency: 4.26758 ms - Host latency: 4.41016 ms (enqueue 2.05859 ms)
[10/04/2026-22:12:16] [I] Average on 1 runs - GPU latency: 4.26562 ms - Host latency: 4.40039 ms (enqueue 2.04883 ms)
[10/04/2026-22:12:16] [I] Average on 1 runs - GPU latency: 4.26562 ms - Host latency: 4.40234 ms (enqueue 2.05664 ms)
[10/04/2026-22:12:16] [I] Average on 1 runs - GPU latency: 4.26562 ms - Host latency: 4.39648 ms (enqueue 2.06055 ms)
[10/04/2026-22:12:16] [I] Average on 1 runs - GPU latency: 4.26758 ms - Host latency: 4.39648 ms (enqueue 2.08789 ms)
[10/04/2026-22:12:16] [I] Average on 1 runs - GPU latency: 4.26562 ms - Host latency: 4.39648 ms (enqueue 2.07812 ms)
[10/04/2026-22:12:16] [I] Average on 1 runs - GPU latency: 4.25781 ms - Host latency: 4.38281 ms (enqueue 2.06641 ms)
[10/04/2026-22:12:16] [I] Average on 1 runs - GPU latency: 4.26758 ms - Host latency: 4.40039 ms (enqueue 2.09375 ms)
[10/04/2026-22:12:16] [I] Average on 1 runs - GPU latency: 4.27148 ms - Host latency: 4.40039 ms (enqueue 2.10547 ms)
[10/04/2026-22:12:16] [I] Average on 1 runs - GPU latency: 4.25781 ms - Host latency: 4.38867 ms (enqueue 2.07617 ms)
[10/04/2026-22:12:16] [I] Average on 1 runs - GPU latency: 4.25977 ms - Host latency: 4.38672 ms (enqueue 2.09375 ms)
[10/04/2026-22:12:16] [I] Average on 1 runs - GPU latency: 4.27734 ms - Host latency: 4.40625 ms (enqueue 2.07617 ms)
[10/04/2026-22:12:16] [I] Average on 1 runs - GPU latency: 4.26367 ms - Host latency: 4.40234 ms (enqueue 2.05664 ms)
[10/04/2026-22:12:16] [I] Average on 1 runs - GPU latency: 4.26562 ms - Host latency: 4.4043 ms (enqueue 2.04883 ms)
[10/04/2026-22:12:16] [I] Average on 1 runs - GPU latency: 4.27344 ms - Host latency: 4.4043 ms (enqueue 2.05273 ms)
[10/04/2026-22:12:16] [I] Average on 1 runs - GPU latency: 4.26367 ms - Host latency: 4.40234 ms (enqueue 2.05469 ms)
[10/04/2026-22:12:16] [I] Average on 1 runs - GPU latency: 4.26953 ms - Host latency: 4.4043 ms (enqueue 2.04883 ms)
[10/04/2026-22:12:16] [I] Average on 1 runs - GPU latency: 4.27148 ms - Host latency: 4.40234 ms (enqueue 2.04883 ms)
[10/04/2026-22:12:16] [I] Average on 1 runs - GPU latency: 4.26367 ms - Host latency: 4.40234 ms (enqueue 2.05664 ms)
[10/04/2026-22:12:16] [I] Average on 1 runs - GPU latency: 4.26172 ms - Host latency: 4.39648 ms (enqueue 2.0918 ms)
[10/04/2026-22:12:16] [I] Average on 1 runs - GPU latency: 4.26562 ms - Host latency: 4.39453 ms (enqueue 2.08594 ms)
[10/04/2026-22:12:16] [I] Average on 1 runs - GPU latency: 4.26562 ms - Host latency: 4.39258 ms (enqueue 2.10742 ms)
[10/04/2026-22:12:16] [I] Average on 1 runs - GPU latency: 4.26172 ms - Host latency: 4.4043 ms (enqueue 2.10938 ms)
[10/04/2026-22:12:16] [I] Average on 1 runs - GPU latency: 4.26367 ms - Host latency: 4.39648 ms (enqueue 2.09766 ms)
[10/04/2026-22:12:16] [I] Average on 1 runs - GPU latency: 4.26758 ms - Host latency: 4.4082 ms (enqueue 2.12891 ms)
[10/04/2026-22:12:16] [I] Average on 1 runs - GPU latency: 4.26562 ms - Host latency: 4.4043 ms (enqueue 2.10156 ms)
[10/04/2026-22:12:16] [I] Average on 1 runs - GPU latency: 4.25977 ms - Host latency: 4.40039 ms (enqueue 2.10547 ms)
[10/04/2026-22:12:16] [I] Average on 1 runs - GPU latency: 4.26758 ms - Host latency: 4.4082 ms (enqueue 2.07031 ms)
[10/04/2026-22:12:16] [I] Average on 1 runs - GPU latency: 4.27148 ms - Host latency: 4.39844 ms (enqueue 2.05664 ms)
[10/04/2026-22:12:16] [I] Average on 1 runs - GPU latency: 4.26953 ms - Host latency: 4.40234 ms (enqueue 2.06445 ms)
[10/04/2026-22:12:16] [I] Average on 1 runs - GPU latency: 4.26758 ms - Host latency: 4.41211 ms (enqueue 2.05469 ms)
[10/04/2026-22:12:16] [I] Average on 1 runs - GPU latency: 4.26562 ms - Host latency: 4.40039 ms (enqueue 2.07031 ms)
[10/04/2026-22:12:16] [I] Average on 1 runs - GPU latency: 4.27344 ms - Host latency: 4.4082 ms (enqueue 2.05859 ms)
[10/04/2026-22:12:16] [I] Average on 1 runs - GPU latency: 4.25977 ms - Host latency: 4.39844 ms (enqueue 2.01953 ms)
[10/04/2026-22:12:16] [I] Average on 1 runs - GPU latency: 4.26172 ms - Host latency: 4.39258 ms (enqueue 2.05469 ms)
[10/04/2026-22:12:16] [I] Average on 1 runs - GPU latency: 4.25977 ms - Host latency: 4.38867 ms (enqueue 2.06836 ms)
[10/04/2026-22:12:16] [I] Average on 1 runs - GPU latency: 4.26172 ms - Host latency: 4.39453 ms (enqueue 2.08203 ms)
[10/04/2026-22:12:16] [I] Average on 1 runs - GPU latency: 4.26758 ms - Host latency: 4.40039 ms (enqueue 2.10352 ms)
[10/04/2026-22:12:16] [I] Average on 1 runs - GPU latency: 4.26367 ms - Host latency: 4.39453 ms (enqueue 2.10938 ms)
[10/04/2026-22:12:16] [I] Average on 1 runs - GPU latency: 4.26562 ms - Host latency: 4.39648 ms (enqueue 2.09766 ms)
[10/04/2026-22:12:16] [I] Average on 1 runs - GPU latency: 4.26172 ms - Host latency: 4.39258 ms (enqueue 2.07031 ms)
[10/04/2026-22:12:16] [I] Average on 1 runs - GPU latency: 4.25586 ms - Host latency: 4.39062 ms (enqueue 2.09375 ms)
[10/04/2026-22:12:16] [I] Average on 1 runs - GPU latency: 4.26758 ms - Host latency: 4.40039 ms (enqueue 2.05664 ms)
[10/04/2026-22:12:16] [I] Average on 1 runs - GPU latency: 4.26562 ms - Host latency: 4.4043 ms (enqueue 2.06445 ms)
[10/04/2026-22:12:16] [I] Average on 1 runs - GPU latency: 4.26758 ms - Host latency: 4.41406 ms (enqueue 2.06641 ms)
[10/04/2026-22:12:16] [I] Average on 1 runs - GPU latency: 4.26367 ms - Host latency: 4.39844 ms (enqueue 2.05859 ms)
[10/04/2026-22:12:16] [I] Average on 1 runs - GPU latency: 4.26172 ms - Host latency: 4.39258 ms (enqueue 2.05469 ms)
[10/04/2026-22:12:16] [I] Average on 1 runs - GPU latency: 4.26562 ms - Host latency: 4.40039 ms (enqueue 2.05078 ms)
[10/04/2026-22:12:16] [I] Average on 1 runs - GPU latency: 4.26367 ms - Host latency: 4.39453 ms (enqueue 2.06445 ms)
[10/04/2026-22:12:16] [I] Average on 1 runs - GPU latency: 4.26562 ms - Host latency: 4.39062 ms (enqueue 2.09961 ms)
[10/04/2026-22:12:16] [I] Average on 1 runs - GPU latency: 4.25977 ms - Host latency: 4.39453 ms (enqueue 2.08984 ms)
[10/04/2026-22:12:16] [I] Average on 1 runs - GPU latency: 4.26367 ms - Host latency: 4.39844 ms (enqueue 2.10938 ms)
[10/04/2026-22:12:16] [I] Average on 1 runs - GPU latency: 4.26367 ms - Host latency: 4.4043 ms (enqueue 2.07812 ms)
[10/04/2026-22:12:16] [I] Average on 1 runs - GPU latency: 4.26172 ms - Host latency: 4.40039 ms (enqueue 2.09766 ms)
[10/04/2026-22:12:16] [I] Average on 1 runs - GPU latency: 4.26562 ms - Host latency: 4.4082 ms (enqueue 2.11523 ms)
[10/04/2026-22:12:16] [I] Average on 1 runs - GPU latency: 4.26172 ms - Host latency: 4.39453 ms (enqueue 2.13867 ms)
[10/04/2026-22:12:16] [I] Average on 1 runs - GPU latency: 4.26758 ms - Host latency: 4.40234 ms (enqueue 2.09766 ms)
[10/04/2026-22:12:16] [I] Average on 1 runs - GPU latency: 4.25391 ms - Host latency: 4.38672 ms (enqueue 2.07812 ms)
[10/04/2026-22:12:16] [I] Average on 1 runs - GPU latency: 4.26562 ms - Host latency: 4.39648 ms (enqueue 2.07227 ms)
[10/04/2026-22:12:16] [I] Average on 1 runs - GPU latency: 4.26172 ms - Host latency: 4.40234 ms (enqueue 2.08008 ms)
[10/04/2026-22:12:16] [I] Average on 1 runs - GPU latency: 4.26172 ms - Host latency: 4.39258 ms (enqueue 2.05859 ms)
[10/04/2026-22:12:16] [I] Average on 1 runs - GPU latency: 4.26367 ms - Host latency: 4.39844 ms (enqueue 2.06641 ms)
[10/04/2026-22:12:16] [I] Average on 1 runs - GPU latency: 4.26562 ms - Host latency: 4.40234 ms (enqueue 2.06445 ms)
[10/04/2026-22:12:16] [I] Average on 1 runs - GPU latency: 4.26367 ms - Host latency: 4.38867 ms (enqueue 2.05273 ms)
[10/04/2026-22:12:16] [I] Average on 1 runs - GPU latency: 4.30469 ms - Host latency: 4.43555 ms (enqueue 2.11133 ms)
[10/04/2026-22:12:16] [I] Average on 1 runs - GPU latency: 4.28125 ms - Host latency: 4.41992 ms (enqueue 2.09961 ms)
[10/04/2026-22:12:16] [I] Average on 1 runs - GPU latency: 4.27148 ms - Host latency: 4.41602 ms (enqueue 2.12109 ms)
[10/04/2026-22:12:16] [I] Average on 1 runs - GPU latency: 4.26562 ms - Host latency: 4.40625 ms (enqueue 2.0957 ms)
[10/04/2026-22:12:16] [I] Average on 1 runs - GPU latency: 4.2793 ms - Host latency: 4.41602 ms (enqueue 2.11133 ms)
[10/04/2026-22:12:16] [I] Average on 1 runs - GPU latency: 4.24023 ms - Host latency: 4.38281 ms (enqueue 2.08789 ms)
[10/04/2026-22:12:16] [I] 
[10/04/2026-22:12:16] [I] === Performance summary ===
[10/04/2026-22:12:16] [I] Throughput: 234.181 qps
[10/04/2026-22:12:16] [I] Latency: min = 4.37695 ms, max = 4.48047 ms, mean = 4.40088 ms, median = 4.40039 ms, percentile(90%) = 4.41113 ms, percentile(95%) = 4.41602 ms, percentile(99%) = 4.42676 ms
[10/04/2026-22:12:16] [I] Enqueue Time: min = 2.0127 ms, max = 2.18359 ms, mean = 2.07941 ms, median = 2.07703 ms, percentile(90%) = 2.11328 ms, percentile(95%) = 2.12305 ms, percentile(99%) = 2.1377 ms
[10/04/2026-22:12:16] [I] H2D Latency: min = 0.11377 ms, max = 0.182617 ms, mean = 0.127704 ms, median = 0.126953 ms, percentile(90%) = 0.134766 ms, percentile(95%) = 0.137695 ms, percentile(99%) = 0.146484 ms
[10/04/2026-22:12:16] [I] GPU Compute Time: min = 4.24023 ms, max = 4.30469 ms, mean = 4.26633 ms, median = 4.26562 ms, percentile(90%) = 4.27246 ms, percentile(95%) = 4.2749 ms, percentile(99%) = 4.28491 ms
[10/04/2026-22:12:16] [I] D2H Latency: min = 0.00341797 ms, max = 0.0117188 ms, mean = 0.00684628 ms, median = 0.00683594 ms, percentile(90%) = 0.00878906 ms, percentile(95%) = 0.00927734 ms, percentile(99%) = 0.00976562 ms
[10/04/2026-22:12:16] [I] Total Host Walltime: 15.0141 s
[10/04/2026-22:12:16] [I] Total GPU Compute Time: 15.0004 s
[10/04/2026-22:12:16] [I] Explanations of the performance metrics are printed in the verbose logs.
[10/04/2026-22:12:16] [I] 
&&&& PASSED TensorRT.trtexec [TensorRT v100300] # /usr/src/tensorrt/bin/trtexec --loadEngine=/tmp/yolo26n_84172_uint8_fp16_opt3.engine --warmUp=3000 --duration=15 --idleTime=0 --avgRuns=1
