&&&& RUNNING TensorRT.trtexec [TensorRT v100300] # /usr/src/tensorrt/bin/trtexec --loadEngine=/tmp/yolo26n_84172_uint8_fp16_opt3.engine --warmUp=3000 --duration=15 --idleTime=2 --avgRuns=1
[10/04/2026-22:01:42] [I] === Model Options ===
[10/04/2026-22:01:42] [I] Format: *
[10/04/2026-22:01:42] [I] Model: 
[10/04/2026-22:01:42] [I] Output:
[10/04/2026-22:01:42] [I] 
[10/04/2026-22:01:42] [I] === System Options ===
[10/04/2026-22:01:42] [I] Device: 0
[10/04/2026-22:01:42] [I] DLACore: 
[10/04/2026-22:01:42] [I] Plugins:
[10/04/2026-22:01:42] [I] setPluginsToSerialize:
[10/04/2026-22:01:42] [I] dynamicPlugins:
[10/04/2026-22:01:42] [I] ignoreParsedPluginLibs: 0
[10/04/2026-22:01:42] [I] 
[10/04/2026-22:01:42] [I] === Inference Options ===
[10/04/2026-22:01:42] [I] Batch: Explicit
[10/04/2026-22:01:42] [I] Input inference shapes: model
[10/04/2026-22:01:42] [I] Iterations: 10
[10/04/2026-22:01:42] [I] Duration: 15s (+ 3000ms warm up)
[10/04/2026-22:01:42] [I] Sleep time: 0ms
[10/04/2026-22:01:42] [I] Idle time: 2ms
[10/04/2026-22:01:42] [I] Inference Streams: 1
[10/04/2026-22:01:42] [I] ExposeDMA: Disabled
[10/04/2026-22:01:42] [I] Data transfers: Enabled
[10/04/2026-22:01:42] [I] Spin-wait: Disabled
[10/04/2026-22:01:42] [I] Multithreading: Disabled
[10/04/2026-22:01:42] [I] CUDA Graph: Disabled
[10/04/2026-22:01:42] [I] Separate profiling: Disabled
[10/04/2026-22:01:42] [I] Time Deserialize: Disabled
[10/04/2026-22:01:42] [I] Time Refit: Disabled
[10/04/2026-22:01:42] [I] NVTX verbosity: 0
[10/04/2026-22:01:42] [I] Persistent Cache Ratio: 0
[10/04/2026-22:01:42] [I] Optimization Profile Index: 0
[10/04/2026-22:01:42] [I] Weight Streaming Budget: 100.000000%
[10/04/2026-22:01:42] [I] Inputs:
[10/04/2026-22:01:42] [I] Debug Tensor Save Destinations:
[10/04/2026-22:01:42] [I] === Reporting Options ===
[10/04/2026-22:01:42] [I] Verbose: Disabled
[10/04/2026-22:01:42] [I] Averages: 1 inferences
[10/04/2026-22:01:42] [I] Percentiles: 90,95,99
[10/04/2026-22:01:42] [I] Dump refittable layers:Disabled
[10/04/2026-22:01:42] [I] Dump output: Disabled
[10/04/2026-22:01:42] [I] Profile: Disabled
[10/04/2026-22:01:42] [I] Export timing to JSON file: 
[10/04/2026-22:01:42] [I] Export output to JSON file: 
[10/04/2026-22:01:42] [I] Export profile to JSON file: 
[10/04/2026-22:01:42] [I] 
[10/04/2026-22:01:42] [I] === Device Information ===
[10/04/2026-22:01:42] [I] Available Devices: 
[10/04/2026-22:01:42] [I]   Device 0: "Orin" UUID: GPU-6e16c2c1-e394-5324-8f2e-63a975968f4e
[10/04/2026-22:01:42] [I] Selected Device: Orin
[10/04/2026-22:01:42] [I] Selected Device ID: 0
[10/04/2026-22:01:42] [I] Selected Device UUID: GPU-6e16c2c1-e394-5324-8f2e-63a975968f4e
[10/04/2026-22:01:42] [I] Compute Capability: 8.7
[10/04/2026-22:01:42] [I] SMs: 8
[10/04/2026-22:01:42] [I] Device Global Memory: 7607 MiB
[10/04/2026-22:01:42] [I] Shared Memory per SM: 164 KiB
[10/04/2026-22:01:42] [I] Memory Bus Width: 128 bits (ECC disabled)
[10/04/2026-22:01:42] [I] Application Compute Clock Rate: 1.02 GHz
[10/04/2026-22:01:42] [I] Application Memory Clock Rate: 1.02 GHz
[10/04/2026-22:01:42] [I] 
[10/04/2026-22:01:42] [I] Note: The application clock rates do not reflect the actual clock rates that the GPU is currently running at.
[10/04/2026-22:01:42] [I] 
[10/04/2026-22:01:42] [I] TensorRT version: 10.3.0
[10/04/2026-22:01:42] [I] Loading standard plugins
[10/04/2026-22:01:42] [I] [TRT] Loaded engine size: 7 MiB
[10/04/2026-22:01:42] [I] Engine deserialized in 0.0649103 sec.
[10/04/2026-22:01:42] [I] [TRT] [MemUsageChange] TensorRT-managed allocation in IExecutionContext creation: CPU +0, GPU +12, now: CPU 0, GPU 16 (MiB)
[10/04/2026-22:01:42] [I] Setting persistentCacheLimit to 0 bytes.
[10/04/2026-22:01:42] [I] Created execution context with device memory size: 12.207 MiB
[10/04/2026-22:01:42] [I] Using random values for input images
[10/04/2026-22:01:42] [I] Input binding for images with dimensions 1x640x640x3 is created.
[10/04/2026-22:01:42] [I] Output binding for output0 with dimensions 1x300x6 is created.
[10/04/2026-22:01:42] [I] Starting inference
[10/04/2026-22:02:00] [I] Warmup completed 663 queries over 3000 ms
[10/04/2026-22:02:00] [I] Timing trace has 2536 queries over 15.014 s
[10/04/2026-22:02:00] [I] 
[10/04/2026-22:02:00] [I] === Trace details ===
[10/04/2026-22:02:00] [I] Trace averages of 1 runs:
[10/04/2026-22:02:00] [I] Average on 1 runs - GPU latency: 4.24194 ms - Host latency: 4.3772 ms (enqueue 2.91211 ms)
[10/04/2026-22:02:00] [I] Average on 1 runs - GPU latency: 4.21729 ms - Host latency: 4.36206 ms (enqueue 3.01318 ms)
[10/04/2026-22:02:00] [I] Average on 1 runs - GPU latency: 4.21436 ms - Host latency: 4.28467 ms (enqueue 2.9646 ms)
[10/04/2026-22:02:00] [I] Average on 1 runs - GPU latency: 4.21802 ms - Host latency: 4.28809 ms (enqueue 3.12451 ms)
[10/04/2026-22:02:00] [I] Average on 1 runs - GPU latency: 4.20996 ms - Host latency: 4.27612 ms (enqueue 3.34424 ms)
[10/04/2026-22:02:00] [I] Average on 1 runs - GPU latency: 4.21973 ms - Host latency: 4.28247 ms (enqueue 3.09839 ms)
[10/04/2026-22:02:00] [I] Average on 1 runs - GPU latency: 4.22021 ms - Host latency: 4.2959 ms (enqueue 3.13184 ms)
[10/04/2026-22:02:00] [I] Average on 1 runs - GPU latency: 4.21753 ms - Host latency: 4.28833 ms (enqueue 3.104 ms)
[10/04/2026-22:02:00] [I] Average on 1 runs - GPU latency: 4.22119 ms - Host latency: 4.28784 ms (enqueue 3.1355 ms)
[10/04/2026-22:02:00] [I] Average on 1 runs - GPU latency: 4.22021 ms - Host latency: 4.29053 ms (enqueue 3.36597 ms)
[10/04/2026-22:02:00] [I] Average on 1 runs - GPU latency: 4.21606 ms - Host latency: 4.28149 ms (enqueue 3.28589 ms)
[10/04/2026-22:02:00] [I] Average on 1 runs - GPU latency: 4.21729 ms - Host latency: 4.27734 ms (enqueue 2.39185 ms)
[10/04/2026-22:02:00] [I] Average on 1 runs - GPU latency: 4.21948 ms - Host latency: 4.28345 ms (enqueue 3.323 ms)
[10/04/2026-22:02:00] [I] Average on 1 runs - GPU latency: 4.21167 ms - Host latency: 4.27686 ms (enqueue 3.48608 ms)
[10/04/2026-22:02:00] [I] Average on 1 runs - GPU latency: 4.21021 ms - Host latency: 4.27686 ms (enqueue 3.34595 ms)
[10/04/2026-22:02:00] [I] Average on 1 runs - GPU latency: 4.22314 ms - Host latency: 4.29297 ms (enqueue 3.29663 ms)
[10/04/2026-22:02:00] [I] Average on 1 runs - GPU latency: 4.21362 ms - Host latency: 4.28467 ms (enqueue 3.5625 ms)
[10/04/2026-22:02:00] [I] Average on 1 runs - GPU latency: 4.21948 ms - Host latency: 4.29077 ms (enqueue 3.57544 ms)
[10/04/2026-22:02:00] [I] Average on 1 runs - GPU latency: 4.20825 ms - Host latency: 4.27319 ms (enqueue 3.55859 ms)
[10/04/2026-22:02:00] [I] Average on 1 runs - GPU latency: 4.2229 ms - Host latency: 4.28809 ms (enqueue 3.58618 ms)
[10/04/2026-22:02:00] [I] Average on 1 runs - GPU latency: 4.21802 ms - Host latency: 4.28247 ms (enqueue 2.07153 ms)
[10/04/2026-22:02:00] [I] Average on 1 runs - GPU latency: 4.21411 ms - Host latency: 4.28662 ms (enqueue 3.52148 ms)
[10/04/2026-22:02:00] [I] Average on 1 runs - GPU latency: 4.21851 ms - Host latency: 4.28931 ms (enqueue 3.63916 ms)
[10/04/2026-22:02:00] [I] Average on 1 runs - GPU latency: 4.21924 ms - Host latency: 4.28491 ms (enqueue 3.5647 ms)
[10/04/2026-22:02:00] [I] Average on 1 runs - GPU latency: 4.2168 ms - Host latency: 4.28833 ms (enqueue 3.56274 ms)
[10/04/2026-22:02:00] [I] Average on 1 runs - GPU latency: 4.21558 ms - Host latency: 4.28101 ms (enqueue 3.58618 ms)
[10/04/2026-22:02:00] [I] Average on 1 runs - GPU latency: 4.22412 ms - Host latency: 4.29663 ms (enqueue 3.57861 ms)
[10/04/2026-22:02:00] [I] Average on 1 runs - GPU latency: 4.21704 ms - Host latency: 4.28296 ms (enqueue 3.56958 ms)
[10/04/2026-22:02:00] [I] Average on 1 runs - GPU latency: 4.25464 ms - Host latency: 4.32153 ms (enqueue 3.85132 ms)
[10/04/2026-22:02:00] [I] Average on 1 runs - GPU latency: 4.21777 ms - Host latency: 4.27783 ms (enqueue 2.61377 ms)
[10/04/2026-22:02:00] [I] Average on 1 runs - GPU latency: 4.26733 ms - Host latency: 4.33569 ms (enqueue 3.82886 ms)
[10/04/2026-22:02:00] [I] Average on 1 runs - GPU latency: 4.26611 ms - Host latency: 4.33423 ms (enqueue 3.83594 ms)
[10/04/2026-22:02:00] [I] Average on 1 runs - GPU latency: 4.32495 ms - Host latency: 4.3938 ms (enqueue 3.87915 ms)
[10/04/2026-22:02:00] [I] Average on 1 runs - GPU latency: 4.2832 ms - Host latency: 4.35815 ms (enqueue 3.84619 ms)
[10/04/2026-22:02:00] [I] Average on 1 runs - GPU latency: 4.3042 ms - Host latency: 4.37061 ms (enqueue 3.86523 ms)
[10/04/2026-22:02:00] [I] Average on 1 runs - GPU latency: 4.31763 ms - Host latency: 4.38379 ms (enqueue 3.89062 ms)
[10/04/2026-22:02:00] [I] Average on 1 runs - GPU latency: 4.28906 ms - Host latency: 4.35522 ms (enqueue 3.85254 ms)
[10/04/2026-22:02:00] [I] Average on 1 runs - GPU latency: 4.21021 ms - Host latency: 4.28174 ms (enqueue 3.01929 ms)
[10/04/2026-22:02:00] [I] Average on 1 runs - GPU latency: 4.32935 ms - Host latency: 4.39014 ms (enqueue 3.90015 ms)
[10/04/2026-22:02:00] [I] Average on 1 runs - GPU latency: 4.2854 ms - Host latency: 4.35107 ms (enqueue 3.86328 ms)
[10/04/2026-22:02:00] [I] Average on 1 runs - GPU latency: 4.40234 ms - Host latency: 4.47607 ms (enqueue 3.96313 ms)
[10/04/2026-22:02:00] [I] Average on 1 runs - GPU latency: 4.28345 ms - Host latency: 4.3501 ms (enqueue 3.84937 ms)
[10/04/2026-22:02:00] [I] Average on 1 runs - GPU latency: 4.25146 ms - Host latency: 4.31909 ms (enqueue 3.81982 ms)
[10/04/2026-22:02:00] [I] Average on 1 runs - GPU latency: 4.28735 ms - Host latency: 4.35327 ms (enqueue 3.85498 ms)
[10/04/2026-22:02:00] [I] Average on 1 runs - GPU latency: 4.57764 ms - Host latency: 4.64429 ms (enqueue 4.15942 ms)
[10/04/2026-22:02:00] [I] Average on 1 runs - GPU latency: 4.60205 ms - Host latency: 4.66968 ms (enqueue 4.19263 ms)
[10/04/2026-22:02:00] [I] Average on 1 runs - GPU latency: 4.57349 ms - Host latency: 4.63452 ms (enqueue 4.17212 ms)
[10/04/2026-22:02:00] [I] Average on 1 runs - GPU latency: 4.64038 ms - Host latency: 4.71899 ms (enqueue 4.22485 ms)
[10/04/2026-22:02:00] [I] Average on 1 runs - GPU latency: 4.60059 ms - Host latency: 4.66797 ms (enqueue 4.18945 ms)
[10/04/2026-22:02:00] [I] Average on 1 runs - GPU latency: 4.63989 ms - Host latency: 4.70654 ms (enqueue 4.22852 ms)
[10/04/2026-22:02:00] [I] Average on 1 runs - GPU latency: 4.21558 ms - Host latency: 4.28345 ms (enqueue 2.19678 ms)
[10/04/2026-22:02:00] [I] Average on 1 runs - GPU latency: 4.62793 ms - Host latency: 4.69727 ms (enqueue 4.21387 ms)
[10/04/2026-22:02:00] [I] Average on 1 runs - GPU latency: 4.54517 ms - Host latency: 4.61157 ms (enqueue 4.17773 ms)
[10/04/2026-22:02:00] [I] Average on 1 runs - GPU latency: 4.56641 ms - Host latency: 4.63232 ms (enqueue 4.15112 ms)
[10/04/2026-22:02:00] [I] Average on 1 runs - GPU latency: 4.21411 ms - Host latency: 4.27515 ms (enqueue 2.05493 ms)
[10/04/2026-22:02:00] [I] Average on 1 runs - GPU latency: 4.5957 ms - Host latency: 4.66235 ms (enqueue 4.20923 ms)
[10/04/2026-22:02:00] [I] Average on 1 runs - GPU latency: 4.62402 ms - Host latency: 4.69141 ms (enqueue 4.20947 ms)
[10/04/2026-22:02:00] [I] Average on 1 runs - GPU latency: 4.61597 ms - Host latency: 4.68384 ms (enqueue 4.20435 ms)
[10/04/2026-22:02:00] [I] Average on 1 runs - GPU latency: 4.5105 ms - Host latency: 4.60376 ms (enqueue 4.16016 ms)
[10/04/2026-22:02:00] [I] Average on 1 runs - GPU latency: 4.59326 ms - Host latency: 4.65967 ms (enqueue 4.17676 ms)
[10/04/2026-22:02:00] [I] Average on 1 runs - GPU latency: 4.6106 ms - Host latency: 4.67822 ms (enqueue 4.18115 ms)
[10/04/2026-22:02:00] [I] Average on 1 runs - GPU latency: 4.57886 ms - Host latency: 4.64575 ms (enqueue 4.16431 ms)
[10/04/2026-22:02:00] [I] Average on 1 runs - GPU latency: 4.20874 ms - Host latency: 4.27539 ms (enqueue 2.23242 ms)
[10/04/2026-22:02:00] [I] Average on 1 runs - GPU latency: 4.59424 ms - Host latency: 4.6604 ms (enqueue 4.18311 ms)
[10/04/2026-22:02:00] [I] Average on 1 runs - GPU latency: 4.54175 ms - Host latency: 4.60986 ms (enqueue 4.16162 ms)
[10/04/2026-22:02:00] [I] Average on 1 runs - GPU latency: 4.60596 ms - Host latency: 4.67432 ms (enqueue 4.19189 ms)
[10/04/2026-22:02:00] [I] Average on 1 runs - GPU latency: 4.56372 ms - Host latency: 4.6311 ms (enqueue 4.15039 ms)
[10/04/2026-22:02:00] [I] Average on 1 runs - GPU latency: 4.56592 ms - Host latency: 4.6333 ms (enqueue 4.15039 ms)
[10/04/2026-22:02:00] [I] Average on 1 runs - GPU latency: 4.58594 ms - Host latency: 4.65381 ms (enqueue 4.16772 ms)
[10/04/2026-22:02:00] [I] Average on 1 runs - GPU latency: 4.2229 ms - Host latency: 4.29126 ms (enqueue 3.47314 ms)
[10/04/2026-22:02:00] [I] Average on 1 runs - GPU latency: 4.22559 ms - Host latency: 4.29077 ms (enqueue 2.93555 ms)
[10/04/2026-22:02:00] [I] Average on 1 runs - GPU latency: 4.22925 ms - Host latency: 4.30103 ms (enqueue 2.92554 ms)
[10/04/2026-22:02:00] [I] Average on 1 runs - GPU latency: 4.22119 ms - Host latency: 4.28516 ms (enqueue 2.84155 ms)
[10/04/2026-22:02:00] [I] Average on 1 runs - GPU latency: 4.21631 ms - Host latency: 4.28052 ms (enqueue 2.63794 ms)
[10/04/2026-22:02:00] [I] Average on 1 runs - GPU latency: 4.21729 ms - Host latency: 4.29126 ms (enqueue 2.55591 ms)
[10/04/2026-22:02:00] [I] Average on 1 runs - GPU latency: 4.22412 ms - Host latency: 4.28662 ms (enqueue 2.89746 ms)
[10/04/2026-22:02:00] [I] Average on 1 runs - GPU latency: 4.21582 ms - Host latency: 4.28247 ms (enqueue 2.87109 ms)
[10/04/2026-22:02:00] [I] Average on 1 runs - GPU latency: 4.21729 ms - Host latency: 4.28125 ms (enqueue 2.63721 ms)
[10/04/2026-22:02:00] [I] Average on 1 runs - GPU latency: 4.21558 ms - Host latency: 4.28027 ms (enqueue 2.62695 ms)
[10/04/2026-22:02:00] [I] Average on 1 runs - GPU latency: 4.21509 ms - Host latency: 4.27856 ms (enqueue 2.54932 ms)
[10/04/2026-22:02:00] [I] Average on 1 runs - GPU latency: 4.21899 ms - Host latency: 4.28174 ms (enqueue 2.65137 ms)
[10/04/2026-22:02:00] [I] Average on 1 runs - GPU latency: 4.21753 ms - Host latency: 4.27734 ms (enqueue 3.07153 ms)
[10/04/2026-22:02:00] [I] Average on 1 runs - GPU latency: 4.21606 ms - Host latency: 4.28345 ms (enqueue 3.53735 ms)
[10/04/2026-22:02:00] [I] Average on 1 runs - GPU latency: 4.2146 ms - Host latency: 4.27905 ms (enqueue 3.57666 ms)
[10/04/2026-22:02:00] [I] Average on 1 runs - GPU latency: 4.22729 ms - Host latency: 4.29541 ms (enqueue 3.52808 ms)
[10/04/2026-22:02:00] [I] Average on 1 runs - GPU latency: 4.22241 ms - Host latency: 4.28833 ms (enqueue 3.57227 ms)
[10/04/2026-22:02:00] [I] Average on 1 runs - GPU latency: 4.21411 ms - Host latency: 4.27905 ms (enqueue 3.58154 ms)
[10/04/2026-22:02:00] [I] Average on 1 runs - GPU latency: 4.2229 ms - Host latency: 4.28906 ms (enqueue 3.55322 ms)
[10/04/2026-22:02:00] [I] Average on 1 runs - GPU latency: 4.22217 ms - Host latency: 4.28735 ms (enqueue 3.59985 ms)
[10/04/2026-22:02:00] [I] Average on 1 runs - GPU latency: 4.2229 ms - Host latency: 4.28857 ms (enqueue 3.49365 ms)
[10/04/2026-22:02:00] [I] Average on 1 runs - GPU latency: 4.25977 ms - Host latency: 4.32007 ms (enqueue 3.82886 ms)
[10/04/2026-22:02:00] [I] Average on 1 runs - GPU latency: 4.56201 ms - Host latency: 4.63232 ms (enqueue 4.12769 ms)
[10/04/2026-22:02:00] [I] Average on 1 runs - GPU latency: 4.27222 ms - Host latency: 4.33887 ms (enqueue 3.8374 ms)
[10/04/2026-22:02:00] [I] Average on 1 runs - GPU latency: 4.29785 ms - Host latency: 4.36621 ms (enqueue 3.8645 ms)
[10/04/2026-22:02:00] [I] Average on 1 runs - GPU latency: 4.2915 ms - Host latency: 4.35767 ms (enqueue 3.86523 ms)
[10/04/2026-22:02:00] [I] Average on 1 runs - GPU latency: 4.24634 ms - Host latency: 4.31177 ms (enqueue 3.81909 ms)
[10/04/2026-22:02:00] [I] Average on 1 runs - GPU latency: 4.27393 ms - Host latency: 4.33936 ms (enqueue 3.84009 ms)
[10/04/2026-22:02:00] [I] Average on 1 runs - GPU latency: 4.2627 ms - Host latency: 4.32983 ms (enqueue 3.83423 ms)
[10/04/2026-22:02:00] [I] Average on 1 runs - GPU latency: 4.28247 ms - Host latency: 4.34912 ms (enqueue 3.84302 ms)
[10/04/2026-22:02:00] [I] Average on 1 runs - GPU latency: 4.27637 ms - Host latency: 4.34351 ms (enqueue 3.84595 ms)
[10/04/2026-22:02:00] [I] Average on 1 runs - GPU latency: 4.65503 ms - Host latency: 4.7229 ms (enqueue 4.24316 ms)
[10/04/2026-22:02:00] [I] Average on 1 runs - GPU latency: 4.65283 ms - Host latency: 4.71997 ms (enqueue 4.22754 ms)
[10/04/2026-22:02:00] [I] Average on 1 runs - GPU latency: 4.62769 ms - Host latency: 4.69556 ms (enqueue 4.2168 ms)
[10/04/2026-22:02:00] [I] Average on 1 runs - GPU latency: 4.57861 ms - Host latency: 4.64697 ms (enqueue 4.16821 ms)
[10/04/2026-22:02:00] [I] Average on 1 runs - GPU latency: 4.57861 ms - Host latency: 4.64478 ms (enqueue 4.16455 ms)
[10/04/2026-22:02:00] [I] Average on 1 runs - GPU latency: 4.61182 ms - Host latency: 4.67822 ms (enqueue 4.19653 ms)
[10/04/2026-22:02:00] [I] Average on 1 runs - GPU latency: 4.21655 ms - Host latency: 4.2793 ms (enqueue 2.08496 ms)
[10/04/2026-22:02:00] [I] Average on 1 runs - GPU latency: 4.65308 ms - Host latency: 4.72241 ms (enqueue 4.24048 ms)
[10/04/2026-22:02:00] [I] Average on 1 runs - GPU latency: 4.57666 ms - Host latency: 4.64746 ms (enqueue 4.17065 ms)
[10/04/2026-22:02:00] [I] Average on 1 runs - GPU latency: 4.64795 ms - Host latency: 4.71631 ms (enqueue 4.23706 ms)
[10/04/2026-22:02:00] [I] Average on 1 runs - GPU latency: 4.59204 ms - Host latency: 4.66089 ms (enqueue 4.18311 ms)
[10/04/2026-22:02:00] [I] Average on 1 runs - GPU latency: 4.60693 ms - Host latency: 4.67358 ms (enqueue 4.18774 ms)
[10/04/2026-22:02:00] [I] Average on 1 runs - GPU latency: 4.60449 ms - Host latency: 4.67212 ms (enqueue 4.18701 ms)
[10/04/2026-22:02:00] [I] Average on 1 runs - GPU latency: 4.61987 ms - Host latency: 4.6897 ms (enqueue 4.20728 ms)
[10/04/2026-22:02:00] [I] Average on 1 runs - GPU latency: 4.21289 ms - Host latency: 4.28027 ms (enqueue 2.27783 ms)
[10/04/2026-22:02:00] [I] Average on 1 runs - GPU latency: 4.59521 ms - Host latency: 4.66431 ms (enqueue 4.17773 ms)
[10/04/2026-22:02:00] [I] Average on 1 runs - GPU latency: 4.61206 ms - Host latency: 4.67969 ms (enqueue 4.20361 ms)
[10/04/2026-22:02:00] [I] Average on 1 runs - GPU latency: 4.61206 ms - Host latency: 4.67896 ms (enqueue 4.19775 ms)
[10/04/2026-22:02:00] [I] Average on 1 runs - GPU latency: 4.60107 ms - Host latency: 4.66846 ms (enqueue 4.18604 ms)
[10/04/2026-22:02:00] [I] Average on 1 runs - GPU latency: 4.59155 ms - Host latency: 4.66064 ms (enqueue 4.21851 ms)
[10/04/2026-22:02:00] [I] Average on 1 runs - GPU latency: 4.59839 ms - Host latency: 4.67163 ms (enqueue 4.19043 ms)
[10/04/2026-22:02:00] [I] Average on 1 runs - GPU latency: 4.60107 ms - Host latency: 4.66943 ms (enqueue 4.18945 ms)
[10/04/2026-22:02:00] [I] Average on 1 runs - GPU latency: 4.2229 ms - Host latency: 4.29199 ms (enqueue 2.83252 ms)
[10/04/2026-22:02:00] [I] Average on 1 runs - GPU latency: 4.56714 ms - Host latency: 4.6272 ms (enqueue 4.22729 ms)
[10/04/2026-22:02:00] [I] Average on 1 runs - GPU latency: 4.56958 ms - Host latency: 4.63574 ms (enqueue 4.15601 ms)
[10/04/2026-22:02:00] [I] Average on 1 runs - GPU latency: 4.59082 ms - Host latency: 4.6604 ms (enqueue 4.17651 ms)
[10/04/2026-22:02:00] [I] Average on 1 runs - GPU latency: 4.62183 ms - Host latency: 4.6897 ms (enqueue 4.20874 ms)
[10/04/2026-22:02:00] [I] Average on 1 runs - GPU latency: 4.62671 ms - Host latency: 4.69629 ms (enqueue 4.21143 ms)
[10/04/2026-22:02:00] [I] Average on 1 runs - GPU latency: 4.57715 ms - Host latency: 4.64673 ms (enqueue 4.22559 ms)
[10/04/2026-22:02:00] [I] Average on 1 runs - GPU latency: 4.59204 ms - Host latency: 4.65942 ms (enqueue 4.17896 ms)
[10/04/2026-22:02:00] [I] Average on 1 runs - GPU latency: 4.21411 ms - Host latency: 4.28442 ms (enqueue 2.97388 ms)
[10/04/2026-22:02:00] [I] Average on 1 runs - GPU latency: 4.60376 ms - Host latency: 4.67017 ms (enqueue 4.19165 ms)
[10/04/2026-22:02:00] [I] Average on 1 runs - GPU latency: 4.24829 ms - Host latency: 4.31689 ms (enqueue 3.81543 ms)
[10/04/2026-22:02:00] [I] Average on 1 runs - GPU latency: 4.31323 ms - Host latency: 4.37939 ms (enqueue 3.88037 ms)
[10/04/2026-22:02:00] [I] Average on 1 runs - GPU latency: 4.21338 ms - Host latency: 4.28149 ms (enqueue 3.81226 ms)
[10/04/2026-22:02:00] [I] Average on 1 runs - GPU latency: 4.29199 ms - Host latency: 4.3584 ms (enqueue 3.85693 ms)
[10/04/2026-22:02:00] [I] Average on 1 runs - GPU latency: 4.21411 ms - Host latency: 4.28149 ms (enqueue 3.81714 ms)
[10/04/2026-22:02:00] [I] Average on 1 runs - GPU latency: 4.5957 ms - Host latency: 4.66943 ms (enqueue 4.18384 ms)
[10/04/2026-22:02:00] [I] Average on 1 runs - GPU latency: 4.58936 ms - Host latency: 4.65576 ms (enqueue 4.0481 ms)
[10/04/2026-22:02:00] [I] Average on 1 runs - GPU latency: 4.59644 ms - Host latency: 4.65894 ms (enqueue 4.18335 ms)
[10/04/2026-22:02:00] [I] Average on 1 runs - GPU latency: 4.57373 ms - Host latency: 4.64209 ms (enqueue 4.1604 ms)
[10/04/2026-22:02:00] [I] Average on 1 runs - GPU latency: 4.5918 ms - Host latency: 4.66699 ms (enqueue 4.17676 ms)
[10/04/2026-22:02:00] [I] Average on 1 runs - GPU latency: 4.60913 ms - Host latency: 4.677 ms (enqueue 4.17627 ms)
[10/04/2026-22:02:00] [I] Average on 1 runs - GPU latency: 4.59839 ms - Host latency: 4.66602 ms (enqueue 4.19312 ms)
[10/04/2026-22:02:00] [I] Average on 1 runs - GPU latency: 4.56714 ms - Host latency: 4.63428 ms (enqueue 4.1543 ms)
[10/04/2026-22:02:00] [I] Average on 1 runs - GPU latency: 4.59082 ms - Host latency: 4.6582 ms (enqueue 4.17334 ms)
[10/04/2026-22:02:00] [I] Average on 1 runs - GPU latency: 4.37183 ms - Host latency: 4.44775 ms (enqueue 3.73022 ms)
[10/04/2026-22:02:00] [I] Average on 1 runs - GPU latency: 4.60889 ms - Host latency: 4.66968 ms (enqueue 4.21118 ms)
[10/04/2026-22:02:00] [I] Average on 1 runs - GPU latency: 4.59375 ms - Host latency: 4.66162 ms (enqueue 4.18091 ms)
[10/04/2026-22:02:00] [I] Average on 1 runs - GPU latency: 4.60132 ms - Host latency: 4.67554 ms (enqueue 4.19116 ms)
[10/04/2026-22:02:00] [I] Average on 1 runs - GPU latency: 4.56738 ms - Host latency: 4.6355 ms (enqueue 4.15015 ms)
[10/04/2026-22:02:00] [I] Average on 1 runs - GPU latency: 4.58472 ms - Host latency: 4.65088 ms (enqueue 4.17456 ms)
[10/04/2026-22:02:00] [I] Average on 1 runs - GPU latency: 4.60034 ms - Host latency: 4.66846 ms (enqueue 4.1853 ms)
[10/04/2026-22:02:00] [I] Average on 1 runs - GPU latency: 4.56982 ms - Host latency: 4.64624 ms (enqueue 4.15015 ms)
[10/04/2026-22:02:00] [I] Average on 1 runs - GPU latency: 4.28882 ms - Host latency: 4.35864 ms (enqueue 3.573 ms)
[10/04/2026-22:02:00] [I] Average on 1 runs - GPU latency: 4.56641 ms - Host latency: 4.62646 ms (enqueue 4.16016 ms)
[10/04/2026-22:02:00] [I] Average on 1 runs - GPU latency: 4.55371 ms - Host latency: 4.63501 ms (enqueue 4.14551 ms)
[10/04/2026-22:02:00] [I] Average on 1 runs - GPU latency: 4.55688 ms - Host latency: 4.63086 ms (enqueue 4.19214 ms)
[10/04/2026-22:02:00] [I] Average on 1 runs - GPU latency: 4.60986 ms - Host latency: 4.67603 ms (enqueue 4.20068 ms)
[10/04/2026-22:02:00] [I] Average on 1 runs - GPU latency: 4.59253 ms - Host latency: 4.66675 ms (enqueue 4.18066 ms)
[10/04/2026-22:02:00] [I] Average on 1 runs - GPU latency: 4.57251 ms - Host latency: 4.64233 ms (enqueue 4.1604 ms)
[10/04/2026-22:02:00] [I] Average on 1 runs - GPU latency: 4.57837 ms - Host latency: 4.646 ms (enqueue 4.16382 ms)
[10/04/2026-22:02:00] [I] Average on 1 runs - GPU latency: 4.24609 ms - Host latency: 4.32202 ms (enqueue 3.31958 ms)
[10/04/2026-22:02:00] [I] Average on 1 runs - GPU latency: 4.23535 ms - Host latency: 4.29907 ms (enqueue 2.90405 ms)
[10/04/2026-22:02:00] [I] Average on 1 runs - GPU latency: 4.22778 ms - Host latency: 4.29663 ms (enqueue 2.91064 ms)
[10/04/2026-22:02:00] [I] Average on 1 runs - GPU latency: 4.2229 ms - Host latency: 4.28906 ms (enqueue 2.73535 ms)
[10/04/2026-22:02:00] [I] Average on 1 runs - GPU latency: 4.21973 ms - Host latency: 4.28589 ms (enqueue 2.66772 ms)
[10/04/2026-22:02:00] [I] Average on 1 runs - GPU latency: 4.2146 ms - Host latency: 4.27979 ms (enqueue 2.54736 ms)
[10/04/2026-22:02:00] [I] Average on 1 runs - GPU latency: 4.22388 ms - Host latency: 4.28784 ms (enqueue 2.90698 ms)
[10/04/2026-22:02:00] [I] Average on 1 runs - GPU latency: 4.21338 ms - Host latency: 4.27661 ms (enqueue 2.91162 ms)
[10/04/2026-22:02:00] [I] Average on 1 runs - GPU latency: 4.22217 ms - Host latency: 4.28638 ms (enqueue 2.63843 ms)
[10/04/2026-22:02:00] [I] Average on 1 runs - GPU latency: 4.2644 ms - Host latency: 4.33081 ms (enqueue 3.82446 ms)
[10/04/2026-22:02:00] [I] Average on 1 runs - GPU latency: 4.21997 ms - Host latency: 4.2854 ms (enqueue 2.89502 ms)
[10/04/2026-22:02:00] [I] Average on 1 runs - GPU latency: 4.21411 ms - Host latency: 4.27368 ms (enqueue 3.5376 ms)
[10/04/2026-22:02:00] [I] Average on 1 runs - GPU latency: 4.21802 ms - Host latency: 4.28345 ms (enqueue 3.54785 ms)
[10/04/2026-22:02:00] [I] Average on 1 runs - GPU latency: 4.21899 ms - Host latency: 4.28345 ms (enqueue 3.55444 ms)
[10/04/2026-22:02:00] [I] Average on 1 runs - GPU latency: 4.21753 ms - Host latency: 4.28418 ms (enqueue 3.53589 ms)
[10/04/2026-22:02:00] [I] Average on 1 runs - GPU latency: 4.20898 ms - Host latency: 4.27417 ms (enqueue 3.64771 ms)
[10/04/2026-22:02:00] [I] Average on 1 runs - GPU latency: 4.21826 ms - Host latency: 4.28467 ms (enqueue 3.56982 ms)
[10/04/2026-22:02:00] [I] Average on 1 runs - GPU latency: 4.28394 ms - Host latency: 4.35522 ms (enqueue 3.84131 ms)
[10/04/2026-22:02:00] [I] Average on 1 runs - GPU latency: 4.22314 ms - Host latency: 4.29614 ms (enqueue 3.81567 ms)
[10/04/2026-22:02:00] [I] Average on 1 runs - GPU latency: 4.21973 ms - Host latency: 4.28442 ms (enqueue 2.3916 ms)
[10/04/2026-22:02:00] [I] Average on 1 runs - GPU latency: 4.30933 ms - Host latency: 4.37085 ms (enqueue 3.88232 ms)
[10/04/2026-22:02:00] [I] Average on 1 runs - GPU latency: 4.33081 ms - Host latency: 4.39966 ms (enqueue 3.87524 ms)
[10/04/2026-22:02:00] [I] Average on 1 runs - GPU latency: 4.30029 ms - Host latency: 4.36914 ms (enqueue 3.8584 ms)
[10/04/2026-22:02:00] [I] Average on 1 runs - GPU latency: 4.31372 ms - Host latency: 4.38159 ms (enqueue 3.87476 ms)
[10/04/2026-22:02:00] [I] Average on 1 runs - GPU latency: 4.27173 ms - Host latency: 4.33936 ms (enqueue 3.84131 ms)
[10/04/2026-22:02:00] [I] Average on 1 runs - GPU latency: 4.25928 ms - Host latency: 4.3252 ms (enqueue 3.82837 ms)
[10/04/2026-22:02:00] [I] Average on 1 runs - GPU latency: 4.25684 ms - Host latency: 4.32178 ms (enqueue 3.82422 ms)
[10/04/2026-22:02:00] [I] Average on 1 runs - GPU latency: 4.2793 ms - Host latency: 4.34521 ms (enqueue 3.86182 ms)
[10/04/2026-22:02:00] [I] Average on 1 runs - GPU latency: 4.27002 ms - Host latency: 4.33154 ms (enqueue 3.83447 ms)
[10/04/2026-22:02:00] [I] Average on 1 runs - GPU latency: 4.27832 ms - Host latency: 4.34619 ms (enqueue 3.84082 ms)
[10/04/2026-22:02:00] [I] Average on 1 runs - GPU latency: 4.28613 ms - Host latency: 4.35205 ms (enqueue 3.8501 ms)
[10/04/2026-22:02:00] [I] Average on 1 runs - GPU latency: 4.29346 ms - Host latency: 4.36182 ms (enqueue 3.86133 ms)
[10/04/2026-22:02:00] [I] Average on 1 runs - GPU latency: 4.56348 ms - Host latency: 4.63037 ms (enqueue 4.15137 ms)
[10/04/2026-22:02:00] [I] Average on 1 runs - GPU latency: 4.61865 ms - Host latency: 4.69287 ms (enqueue 4.19824 ms)
[10/04/2026-22:02:00] [I] Average on 1 runs - GPU latency: 4.60449 ms - Host latency: 4.67236 ms (enqueue 4.22266 ms)
[10/04/2026-22:02:00] [I] Average on 1 runs - GPU latency: 4.61328 ms - Host latency: 4.68848 ms (enqueue 4.20312 ms)
[10/04/2026-22:02:00] [I] Average on 1 runs - GPU latency: 4.21387 ms - Host latency: 4.27539 ms (enqueue 2.0752 ms)
[10/04/2026-22:02:00] [I] Average on 1 runs - GPU latency: 4.61279 ms - Host latency: 4.68555 ms (enqueue 4.20264 ms)
[10/04/2026-22:02:00] [I] ... Omitting 2136 lines
[10/04/2026-22:02:00] [I] Average on 1 runs - GPU latency: 4.2168 ms - Host latency: 4.28125 ms (enqueue 3.25977 ms)
[10/04/2026-22:02:00] [I] Average on 1 runs - GPU latency: 4.24414 ms - Host latency: 4.30859 ms (enqueue 3.79883 ms)
[10/04/2026-22:02:00] [I] Average on 1 runs - GPU latency: 4.22461 ms - Host latency: 4.28906 ms (enqueue 3.53906 ms)
[10/04/2026-22:02:00] [I] Average on 1 runs - GPU latency: 4.2207 ms - Host latency: 4.28711 ms (enqueue 3.75977 ms)
[10/04/2026-22:02:00] [I] Average on 1 runs - GPU latency: 4.28516 ms - Host latency: 4.34961 ms (enqueue 3.84766 ms)
[10/04/2026-22:02:00] [I] Average on 1 runs - GPU latency: 4.21289 ms - Host latency: 4.2793 ms (enqueue 3.75586 ms)
[10/04/2026-22:02:00] [I] Average on 1 runs - GPU latency: 4.25781 ms - Host latency: 4.32617 ms (enqueue 3.83203 ms)
[10/04/2026-22:02:00] [I] Average on 1 runs - GPU latency: 4.21484 ms - Host latency: 4.2793 ms (enqueue 3.75391 ms)
[10/04/2026-22:02:00] [I] Average on 1 runs - GPU latency: 4.25781 ms - Host latency: 4.32422 ms (enqueue 3.82422 ms)
[10/04/2026-22:02:00] [I] Average on 1 runs - GPU latency: 4.51367 ms - Host latency: 4.58008 ms (enqueue 4.18359 ms)
[10/04/2026-22:02:00] [I] Average on 1 runs - GPU latency: 4.25977 ms - Host latency: 4.32422 ms (enqueue 3.83398 ms)
[10/04/2026-22:02:00] [I] Average on 1 runs - GPU latency: 4.22852 ms - Host latency: 4.29492 ms (enqueue 3.85938 ms)
[10/04/2026-22:02:00] [I] Average on 1 runs - GPU latency: 4.57812 ms - Host latency: 4.64258 ms (enqueue 4.16797 ms)
[10/04/2026-22:02:00] [I] Average on 1 runs - GPU latency: 4.58398 ms - Host latency: 4.65234 ms (enqueue 4.17188 ms)
[10/04/2026-22:02:00] [I] Average on 1 runs - GPU latency: 4.61914 ms - Host latency: 4.6875 ms (enqueue 4.20508 ms)
[10/04/2026-22:02:00] [I] Average on 1 runs - GPU latency: 4.64453 ms - Host latency: 4.71289 ms (enqueue 4.23633 ms)
[10/04/2026-22:02:00] [I] Average on 1 runs - GPU latency: 4.55664 ms - Host latency: 4.625 ms (enqueue 4.16406 ms)
[10/04/2026-22:02:00] [I] Average on 1 runs - GPU latency: 4.21289 ms - Host latency: 4.27344 ms (enqueue 2.12695 ms)
[10/04/2026-22:02:00] [I] Average on 1 runs - GPU latency: 4.64648 ms - Host latency: 4.7168 ms (enqueue 4.23633 ms)
[10/04/2026-22:02:00] [I] Average on 1 runs - GPU latency: 4.53516 ms - Host latency: 4.61328 ms (enqueue 4.11914 ms)
[10/04/2026-22:02:00] [I] Average on 1 runs - GPU latency: 4.55078 ms - Host latency: 4.61914 ms (enqueue 4.13477 ms)
[10/04/2026-22:02:00] [I] Average on 1 runs - GPU latency: 4.57422 ms - Host latency: 4.64062 ms (enqueue 4.17578 ms)
[10/04/2026-22:02:00] [I] Average on 1 runs - GPU latency: 4.49609 ms - Host latency: 4.56641 ms (enqueue 4.1543 ms)
[10/04/2026-22:02:00] [I] Average on 1 runs - GPU latency: 4.57617 ms - Host latency: 4.64453 ms (enqueue 4.1543 ms)
[10/04/2026-22:02:00] [I] Average on 1 runs - GPU latency: 4.59961 ms - Host latency: 4.66992 ms (enqueue 4.1875 ms)
[10/04/2026-22:02:00] [I] Average on 1 runs - GPU latency: 4.2168 ms - Host latency: 4.2832 ms (enqueue 2.66602 ms)
[10/04/2026-22:02:00] [I] Average on 1 runs - GPU latency: 4.59375 ms - Host latency: 4.6582 ms (enqueue 4.24805 ms)
[10/04/2026-22:02:00] [I] Average on 1 runs - GPU latency: 4.60352 ms - Host latency: 4.67188 ms (enqueue 4.19531 ms)
[10/04/2026-22:02:00] [I] Average on 1 runs - GPU latency: 4.58594 ms - Host latency: 4.6543 ms (enqueue 4.17578 ms)
[10/04/2026-22:02:00] [I] Average on 1 runs - GPU latency: 4.61328 ms - Host latency: 4.68164 ms (enqueue 4.20898 ms)
[10/04/2026-22:02:00] [I] Average on 1 runs - GPU latency: 4.56445 ms - Host latency: 4.63086 ms (enqueue 4.1543 ms)
[10/04/2026-22:02:00] [I] Average on 1 runs - GPU latency: 4.58398 ms - Host latency: 4.65039 ms (enqueue 4.17188 ms)
[10/04/2026-22:02:00] [I] Average on 1 runs - GPU latency: 4.60938 ms - Host latency: 4.67773 ms (enqueue 4.20312 ms)
[10/04/2026-22:02:00] [I] Average on 1 runs - GPU latency: 4.21289 ms - Host latency: 4.2793 ms (enqueue 2.94922 ms)
[10/04/2026-22:02:00] [I] Average on 1 runs - GPU latency: 4.59375 ms - Host latency: 4.6543 ms (enqueue 4.19336 ms)
[10/04/2026-22:02:00] [I] Average on 1 runs - GPU latency: 4.25 ms - Host latency: 4.31641 ms (enqueue 3.80664 ms)
[10/04/2026-22:02:00] [I] Average on 1 runs - GPU latency: 4.31055 ms - Host latency: 4.37695 ms (enqueue 3.87305 ms)
[10/04/2026-22:02:00] [I] Average on 1 runs - GPU latency: 4.54492 ms - Host latency: 4.64258 ms (enqueue 4.18359 ms)
[10/04/2026-22:02:00] [I] Average on 1 runs - GPU latency: 4.76172 ms - Host latency: 4.8457 ms (enqueue 4.3457 ms)
[10/04/2026-22:02:00] [I] Average on 1 runs - GPU latency: 4.63477 ms - Host latency: 4.71094 ms (enqueue 4.22461 ms)
[10/04/2026-22:02:00] [I] Average on 1 runs - GPU latency: 4.625 ms - Host latency: 4.69336 ms (enqueue 4.21875 ms)
[10/04/2026-22:02:00] [I] Average on 1 runs - GPU latency: 4.24805 ms - Host latency: 4.32031 ms (enqueue 3.4082 ms)
[10/04/2026-22:02:00] [I] Average on 1 runs - GPU latency: 4.57812 ms - Host latency: 4.64844 ms (enqueue 4.16602 ms)
[10/04/2026-22:02:00] [I] Average on 1 runs - GPU latency: 4.625 ms - Host latency: 4.69141 ms (enqueue 4.2168 ms)
[10/04/2026-22:02:00] [I] Average on 1 runs - GPU latency: 4.58008 ms - Host latency: 4.64844 ms (enqueue 4.21484 ms)
[10/04/2026-22:02:00] [I] Average on 1 runs - GPU latency: 4.60156 ms - Host latency: 4.66992 ms (enqueue 4.1875 ms)
[10/04/2026-22:02:00] [I] Average on 1 runs - GPU latency: 4.67383 ms - Host latency: 4.74609 ms (enqueue 4.26758 ms)
[10/04/2026-22:02:00] [I] Average on 1 runs - GPU latency: 4.63477 ms - Host latency: 4.71094 ms (enqueue 4.22656 ms)
[10/04/2026-22:02:00] [I] Average on 1 runs - GPU latency: 4.62695 ms - Host latency: 4.69531 ms (enqueue 4.21875 ms)
[10/04/2026-22:02:00] [I] Average on 1 runs - GPU latency: 4.21484 ms - Host latency: 4.2832 ms (enqueue 3.25195 ms)
[10/04/2026-22:02:00] [I] Average on 1 runs - GPU latency: 4.60156 ms - Host latency: 4.66211 ms (enqueue 4.20312 ms)
[10/04/2026-22:02:00] [I] Average on 1 runs - GPU latency: 4.60156 ms - Host latency: 4.67188 ms (enqueue 4.26172 ms)
[10/04/2026-22:02:00] [I] Average on 1 runs - GPU latency: 4.58789 ms - Host latency: 4.65625 ms (enqueue 4.17773 ms)
[10/04/2026-22:02:00] [I] Average on 1 runs - GPU latency: 4.61133 ms - Host latency: 4.67969 ms (enqueue 4.20117 ms)
[10/04/2026-22:02:00] [I] Average on 1 runs - GPU latency: 4.91602 ms - Host latency: 4.98633 ms (enqueue 4.28125 ms)
[10/04/2026-22:02:00] [I] Average on 1 runs - GPU latency: 4.62305 ms - Host latency: 4.69141 ms (enqueue 4.2168 ms)
[10/04/2026-22:02:00] [I] Average on 1 runs - GPU latency: 4.52539 ms - Host latency: 4.62305 ms (enqueue 4.19531 ms)
[10/04/2026-22:02:00] [I] Average on 1 runs - GPU latency: 4.21875 ms - Host latency: 4.28516 ms (enqueue 3.18555 ms)
[10/04/2026-22:02:00] [I] Average on 1 runs - GPU latency: 4.62695 ms - Host latency: 4.6875 ms (enqueue 4.22656 ms)
[10/04/2026-22:02:00] [I] Average on 1 runs - GPU latency: 4.60156 ms - Host latency: 4.67188 ms (enqueue 4.1875 ms)
[10/04/2026-22:02:00] [I] Average on 1 runs - GPU latency: 4.60938 ms - Host latency: 4.67578 ms (enqueue 4.20312 ms)
[10/04/2026-22:02:00] [I] Average on 1 runs - GPU latency: 4.56641 ms - Host latency: 4.64258 ms (enqueue 4.15625 ms)
[10/04/2026-22:02:00] [I] Average on 1 runs - GPU latency: 4.64258 ms - Host latency: 4.7168 ms (enqueue 4.2207 ms)
[10/04/2026-22:02:00] [I] Average on 1 runs - GPU latency: 4.58789 ms - Host latency: 4.66211 ms (enqueue 4.17969 ms)
[10/04/2026-22:02:00] [I] Average on 1 runs - GPU latency: 4.61914 ms - Host latency: 4.68555 ms (enqueue 4.20898 ms)
[10/04/2026-22:02:00] [I] Average on 1 runs - GPU latency: 4.21875 ms - Host latency: 4.28906 ms (enqueue 3.17188 ms)
[10/04/2026-22:02:00] [I] Average on 1 runs - GPU latency: 4.61133 ms - Host latency: 4.67773 ms (enqueue 4.20312 ms)
[10/04/2026-22:02:00] [I] Average on 1 runs - GPU latency: 4.21875 ms - Host latency: 4.28711 ms (enqueue 3.76953 ms)
[10/04/2026-22:02:00] [I] Average on 1 runs - GPU latency: 4.29492 ms - Host latency: 4.36133 ms (enqueue 3.85156 ms)
[10/04/2026-22:02:00] [I] Average on 1 runs - GPU latency: 4.2207 ms - Host latency: 4.28906 ms (enqueue 3.78711 ms)
[10/04/2026-22:02:00] [I] Average on 1 runs - GPU latency: 4.27734 ms - Host latency: 4.3418 ms (enqueue 3.84766 ms)
[10/04/2026-22:02:00] [I] Average on 1 runs - GPU latency: 4.23438 ms - Host latency: 4.30273 ms (enqueue 3.79688 ms)
[10/04/2026-22:02:00] [I] Average on 1 runs - GPU latency: 4.26562 ms - Host latency: 4.33398 ms (enqueue 3.83594 ms)
[10/04/2026-22:02:00] [I] Average on 1 runs - GPU latency: 4.22266 ms - Host latency: 4.29102 ms (enqueue 3.75977 ms)
[10/04/2026-22:02:00] [I] Average on 1 runs - GPU latency: 4.2207 ms - Host latency: 4.28125 ms (enqueue 2.28711 ms)
[10/04/2026-22:02:00] [I] Average on 1 runs - GPU latency: 4.65234 ms - Host latency: 4.7207 ms (enqueue 4.23828 ms)
[10/04/2026-22:02:00] [I] Average on 1 runs - GPU latency: 4.21875 ms - Host latency: 4.28711 ms (enqueue 2.94922 ms)
[10/04/2026-22:02:00] [I] Average on 1 runs - GPU latency: 4.23047 ms - Host latency: 4.30664 ms (enqueue 3.14648 ms)
[10/04/2026-22:02:00] [I] Average on 1 runs - GPU latency: 4.22461 ms - Host latency: 4.28906 ms (enqueue 2.93359 ms)
[10/04/2026-22:02:00] [I] Average on 1 runs - GPU latency: 4.22266 ms - Host latency: 4.29297 ms (enqueue 2.66016 ms)
[10/04/2026-22:02:00] [I] Average on 1 runs - GPU latency: 4.21484 ms - Host latency: 4.2793 ms (enqueue 2.67578 ms)
[10/04/2026-22:02:00] [I] Average on 1 runs - GPU latency: 4.21094 ms - Host latency: 4.27344 ms (enqueue 2.54883 ms)
[10/04/2026-22:02:00] [I] Average on 1 runs - GPU latency: 4.22656 ms - Host latency: 4.29688 ms (enqueue 3.11523 ms)
[10/04/2026-22:02:00] [I] Average on 1 runs - GPU latency: 4.21484 ms - Host latency: 4.28711 ms (enqueue 2.7832 ms)
[10/04/2026-22:02:00] [I] Average on 1 runs - GPU latency: 4.2168 ms - Host latency: 4.28125 ms (enqueue 2.64062 ms)
[10/04/2026-22:02:00] [I] Average on 1 runs - GPU latency: 4.2207 ms - Host latency: 4.28516 ms (enqueue 2.57422 ms)
[10/04/2026-22:02:00] [I] Average on 1 runs - GPU latency: 4.2207 ms - Host latency: 4.28711 ms (enqueue 2.52734 ms)
[10/04/2026-22:02:00] [I] Average on 1 runs - GPU latency: 4.21289 ms - Host latency: 4.27734 ms (enqueue 2.68164 ms)
[10/04/2026-22:02:00] [I] Average on 1 runs - GPU latency: 4.2207 ms - Host latency: 4.2832 ms (enqueue 3.49805 ms)
[10/04/2026-22:02:00] [I] Average on 1 runs - GPU latency: 4.21484 ms - Host latency: 4.28516 ms (enqueue 3.59961 ms)
[10/04/2026-22:02:00] [I] Average on 1 runs - GPU latency: 4.2207 ms - Host latency: 4.29492 ms (enqueue 3.5 ms)
[10/04/2026-22:02:00] [I] Average on 1 runs - GPU latency: 4.20703 ms - Host latency: 4.27148 ms (enqueue 3.51172 ms)
[10/04/2026-22:02:00] [I] Average on 1 runs - GPU latency: 4.21484 ms - Host latency: 4.28125 ms (enqueue 3.55273 ms)
[10/04/2026-22:02:00] [I] Average on 1 runs - GPU latency: 4.21094 ms - Host latency: 4.27734 ms (enqueue 2.16016 ms)
[10/04/2026-22:02:00] [I] Average on 1 runs - GPU latency: 4.21875 ms - Host latency: 4.28906 ms (enqueue 3.54102 ms)
[10/04/2026-22:02:00] [I] Average on 1 runs - GPU latency: 4.2168 ms - Host latency: 4.28125 ms (enqueue 3.60156 ms)
[10/04/2026-22:02:00] [I] Average on 1 runs - GPU latency: 4.2207 ms - Host latency: 4.28906 ms (enqueue 3.50195 ms)
[10/04/2026-22:02:00] [I] Average on 1 runs - GPU latency: 4.2207 ms - Host latency: 4.28906 ms (enqueue 3.55664 ms)
[10/04/2026-22:02:00] [I] Average on 1 runs - GPU latency: 4.22266 ms - Host latency: 4.29102 ms (enqueue 3.56055 ms)
[10/04/2026-22:02:00] [I] Average on 1 runs - GPU latency: 4.21484 ms - Host latency: 4.2832 ms (enqueue 3.57422 ms)
[10/04/2026-22:02:00] [I] Average on 1 runs - GPU latency: 4.21484 ms - Host latency: 4.2793 ms (enqueue 3.5332 ms)
[10/04/2026-22:02:00] [I] Average on 1 runs - GPU latency: 4.2168 ms - Host latency: 4.28711 ms (enqueue 3.47266 ms)
[10/04/2026-22:02:00] [I] Average on 1 runs - GPU latency: 4.21875 ms - Host latency: 4.28125 ms (enqueue 3.74414 ms)
[10/04/2026-22:02:00] [I] Average on 1 runs - GPU latency: 4.21875 ms - Host latency: 4.28516 ms (enqueue 3.76172 ms)
[10/04/2026-22:02:00] [I] Average on 1 runs - GPU latency: 4.26758 ms - Host latency: 4.33203 ms (enqueue 3.82617 ms)
[10/04/2026-22:02:00] [I] Average on 1 runs - GPU latency: 4.22266 ms - Host latency: 4.29297 ms (enqueue 3.84766 ms)
[10/04/2026-22:02:00] [I] Average on 1 runs - GPU latency: 4.36914 ms - Host latency: 4.44531 ms (enqueue 3.92578 ms)
[10/04/2026-22:02:00] [I] Average on 1 runs - GPU latency: 4.22266 ms - Host latency: 4.28906 ms (enqueue 3.8125 ms)
[10/04/2026-22:02:00] [I] Average on 1 runs - GPU latency: 4.23438 ms - Host latency: 4.29688 ms (enqueue 3.79492 ms)
[10/04/2026-22:02:00] [I] Average on 1 runs - GPU latency: 4.2168 ms - Host latency: 4.2832 ms (enqueue 3.79492 ms)
[10/04/2026-22:02:00] [I] Average on 1 runs - GPU latency: 4.2168 ms - Host latency: 4.2832 ms (enqueue 3.24414 ms)
[10/04/2026-22:02:00] [I] Average on 1 runs - GPU latency: 4.5 ms - Host latency: 4.57617 ms (enqueue 4.11133 ms)
[10/04/2026-22:02:00] [I] Average on 1 runs - GPU latency: 4.23828 ms - Host latency: 4.30469 ms (enqueue 3.80273 ms)
[10/04/2026-22:02:00] [I] Average on 1 runs - GPU latency: 4.21484 ms - Host latency: 4.28906 ms (enqueue 3.74609 ms)
[10/04/2026-22:02:00] [I] Average on 1 runs - GPU latency: 4.24219 ms - Host latency: 4.30859 ms (enqueue 3.80664 ms)
[10/04/2026-22:02:00] [I] Average on 1 runs - GPU latency: 4.41992 ms - Host latency: 4.48633 ms (enqueue 4.03125 ms)
[10/04/2026-22:02:00] [I] Average on 1 runs - GPU latency: 4.36914 ms - Host latency: 4.44531 ms (enqueue 3.92969 ms)
[10/04/2026-22:02:00] [I] Average on 1 runs - GPU latency: 4.22656 ms - Host latency: 4.29492 ms (enqueue 3.78711 ms)
[10/04/2026-22:02:00] [I] Average on 1 runs - GPU latency: 4.58594 ms - Host latency: 4.65625 ms (enqueue 4.16797 ms)
[10/04/2026-22:02:00] [I] Average on 1 runs - GPU latency: 4.21484 ms - Host latency: 4.27539 ms (enqueue 2.74023 ms)
[10/04/2026-22:02:00] [I] Average on 1 runs - GPU latency: 4.65234 ms - Host latency: 4.71875 ms (enqueue 4.24609 ms)
[10/04/2026-22:02:00] [I] Average on 1 runs - GPU latency: 4.45508 ms - Host latency: 4.53516 ms (enqueue 4.10156 ms)
[10/04/2026-22:02:00] [I] Average on 1 runs - GPU latency: 4.57617 ms - Host latency: 4.64844 ms (enqueue 4.1582 ms)
[10/04/2026-22:02:00] [I] Average on 1 runs - GPU latency: 4.57617 ms - Host latency: 4.64258 ms (enqueue 4.16797 ms)
[10/04/2026-22:02:00] [I] Average on 1 runs - GPU latency: 4.56836 ms - Host latency: 4.63477 ms (enqueue 4.1582 ms)
[10/04/2026-22:02:00] [I] Average on 1 runs - GPU latency: 4.5918 ms - Host latency: 4.6582 ms (enqueue 4.2168 ms)
[10/04/2026-22:02:00] [I] Average on 1 runs - GPU latency: 4.55078 ms - Host latency: 4.61719 ms (enqueue 4.13477 ms)
[10/04/2026-22:02:00] [I] Average on 1 runs - GPU latency: 4.21289 ms - Host latency: 4.27344 ms (enqueue 2.24023 ms)
[10/04/2026-22:02:00] [I] Average on 1 runs - GPU latency: 4.58594 ms - Host latency: 4.65234 ms (enqueue 4.16797 ms)
[10/04/2026-22:02:00] [I] Average on 1 runs - GPU latency: 4.60547 ms - Host latency: 4.67383 ms (enqueue 4.19727 ms)
[10/04/2026-22:02:00] [I] Average on 1 runs - GPU latency: 4.55469 ms - Host latency: 4.62109 ms (enqueue 4.14258 ms)
[10/04/2026-22:02:00] [I] Average on 1 runs - GPU latency: 4.58203 ms - Host latency: 4.65625 ms (enqueue 4.16602 ms)
[10/04/2026-22:02:00] [I] Average on 1 runs - GPU latency: 4.55469 ms - Host latency: 4.61914 ms (enqueue 4.20508 ms)
[10/04/2026-22:02:00] [I] Average on 1 runs - GPU latency: 4.58008 ms - Host latency: 4.64648 ms (enqueue 4.1543 ms)
[10/04/2026-22:02:00] [I] Average on 1 runs - GPU latency: 4.57031 ms - Host latency: 4.63867 ms (enqueue 4.16211 ms)
[10/04/2026-22:02:00] [I] Average on 1 runs - GPU latency: 4.20703 ms - Host latency: 4.28125 ms (enqueue 2.27734 ms)
[10/04/2026-22:02:00] [I] Average on 1 runs - GPU latency: 4.60352 ms - Host latency: 4.67383 ms (enqueue 4.1875 ms)
[10/04/2026-22:02:00] [I] Average on 1 runs - GPU latency: 4.60938 ms - Host latency: 4.67578 ms (enqueue 4.19922 ms)
[10/04/2026-22:02:00] [I] Average on 1 runs - GPU latency: 4.55664 ms - Host latency: 4.62305 ms (enqueue 4.18555 ms)
[10/04/2026-22:02:00] [I] Average on 1 runs - GPU latency: 4.61914 ms - Host latency: 4.68555 ms (enqueue 4.20703 ms)
[10/04/2026-22:02:00] [I] Average on 1 runs - GPU latency: 4.62695 ms - Host latency: 4.69727 ms (enqueue 4.21289 ms)
[10/04/2026-22:02:00] [I] Average on 1 runs - GPU latency: 4.57812 ms - Host latency: 4.64648 ms (enqueue 4.16211 ms)
[10/04/2026-22:02:00] [I] Average on 1 runs - GPU latency: 4.58789 ms - Host latency: 4.65625 ms (enqueue 4.17578 ms)
[10/04/2026-22:02:00] [I] Average on 1 runs - GPU latency: 4.21875 ms - Host latency: 4.3125 ms (enqueue 2.73633 ms)
[10/04/2026-22:02:00] [I] Average on 1 runs - GPU latency: 4.55273 ms - Host latency: 4.61719 ms (enqueue 4.14648 ms)
[10/04/2026-22:02:00] [I] Average on 1 runs - GPU latency: 4.60742 ms - Host latency: 4.67773 ms (enqueue 4.20117 ms)
[10/04/2026-22:02:00] [I] Average on 1 runs - GPU latency: 4.56055 ms - Host latency: 4.62695 ms (enqueue 4.14258 ms)
[10/04/2026-22:02:00] [I] Average on 1 runs - GPU latency: 4.54297 ms - Host latency: 4.61133 ms (enqueue 4.19336 ms)
[10/04/2026-22:02:00] [I] Average on 1 runs - GPU latency: 4.56055 ms - Host latency: 4.62695 ms (enqueue 4.15234 ms)
[10/04/2026-22:02:00] [I] Average on 1 runs - GPU latency: 4.56836 ms - Host latency: 4.63672 ms (enqueue 4.16016 ms)
[10/04/2026-22:02:00] [I] Average on 1 runs - GPU latency: 4.60352 ms - Host latency: 4.67578 ms (enqueue 4.18945 ms)
[10/04/2026-22:02:00] [I] Average on 1 runs - GPU latency: 4.21875 ms - Host latency: 4.28711 ms (enqueue 3.15039 ms)
[10/04/2026-22:02:00] [I] Average on 1 runs - GPU latency: 4.60547 ms - Host latency: 4.66602 ms (enqueue 4.20117 ms)
[10/04/2026-22:02:00] [I] Average on 1 runs - GPU latency: 4.63477 ms - Host latency: 4.70898 ms (enqueue 4.22656 ms)
[10/04/2026-22:02:00] [I] Average on 1 runs - GPU latency: 4.68164 ms - Host latency: 4.75586 ms (enqueue 4.27539 ms)
[10/04/2026-22:02:00] [I] Average on 1 runs - GPU latency: 4.5957 ms - Host latency: 4.66992 ms (enqueue 4.17773 ms)
[10/04/2026-22:02:00] [I] Average on 1 runs - GPU latency: 4.57422 ms - Host latency: 4.65039 ms (enqueue 4.16406 ms)
[10/04/2026-22:02:00] [I] Average on 1 runs - GPU latency: 4.6543 ms - Host latency: 4.72266 ms (enqueue 4.26562 ms)
[10/04/2026-22:02:00] [I] Average on 1 runs - GPU latency: 4.66406 ms - Host latency: 4.73047 ms (enqueue 4.25 ms)
[10/04/2026-22:02:00] [I] Average on 1 runs - GPU latency: 4.20898 ms - Host latency: 4.27734 ms (enqueue 3.13281 ms)
[10/04/2026-22:02:00] [I] Average on 1 runs - GPU latency: 4.61328 ms - Host latency: 4.68164 ms (enqueue 4.19727 ms)
[10/04/2026-22:02:00] [I] Average on 1 runs - GPU latency: 4.54883 ms - Host latency: 4.61914 ms (enqueue 4.13477 ms)
[10/04/2026-22:02:00] [I] Average on 1 runs - GPU latency: 4.64453 ms - Host latency: 4.71875 ms (enqueue 4.23828 ms)
[10/04/2026-22:02:00] [I] Average on 1 runs - GPU latency: 4.5625 ms - Host latency: 4.62891 ms (enqueue 4.19727 ms)
[10/04/2026-22:02:00] [I] Average on 1 runs - GPU latency: 4.61328 ms - Host latency: 4.67969 ms (enqueue 4.19922 ms)
[10/04/2026-22:02:00] [I] Average on 1 runs - GPU latency: 4.60547 ms - Host latency: 4.67188 ms (enqueue 4.19922 ms)
[10/04/2026-22:02:00] [I] Average on 1 runs - GPU latency: 4.58203 ms - Host latency: 4.65039 ms (enqueue 4.17188 ms)
[10/04/2026-22:02:00] [I] Average on 1 runs - GPU latency: 4.21289 ms - Host latency: 4.2793 ms (enqueue 3.17969 ms)
[10/04/2026-22:02:00] [I] Average on 1 runs - GPU latency: 4.5918 ms - Host latency: 4.65234 ms (enqueue 4.19336 ms)
[10/04/2026-22:02:00] [I] Average on 1 runs - GPU latency: 4.64648 ms - Host latency: 4.71484 ms (enqueue 4.23438 ms)
[10/04/2026-22:02:00] [I] Average on 1 runs - GPU latency: 4.21875 ms - Host latency: 4.28516 ms (enqueue 3.35352 ms)
[10/04/2026-22:02:00] [I] Average on 1 runs - GPU latency: 4.23242 ms - Host latency: 4.29883 ms (enqueue 2.99219 ms)
[10/04/2026-22:02:00] [I] Average on 1 runs - GPU latency: 4.21875 ms - Host latency: 4.28711 ms (enqueue 2.92773 ms)
[10/04/2026-22:02:00] [I] Average on 1 runs - GPU latency: 4.21875 ms - Host latency: 4.28125 ms (enqueue 2.78906 ms)
[10/04/2026-22:02:00] [I] Average on 1 runs - GPU latency: 4.21875 ms - Host latency: 4.2832 ms (enqueue 2.67188 ms)
[10/04/2026-22:02:00] [I] Average on 1 runs - GPU latency: 4.2168 ms - Host latency: 4.28125 ms (enqueue 2.54102 ms)
[10/04/2026-22:02:00] [I] Average on 1 runs - GPU latency: 4.22266 ms - Host latency: 4.28516 ms (enqueue 2.82617 ms)
[10/04/2026-22:02:00] [I] Average on 1 runs - GPU latency: 4.22461 ms - Host latency: 4.28711 ms (enqueue 2.49414 ms)
[10/04/2026-22:02:00] [I] Average on 1 runs - GPU latency: 4.2207 ms - Host latency: 4.28516 ms (enqueue 2.74219 ms)
[10/04/2026-22:02:00] [I] Average on 1 runs - GPU latency: 4.21484 ms - Host latency: 4.2793 ms (enqueue 2.52734 ms)
[10/04/2026-22:02:00] [I] Average on 1 runs - GPU latency: 4.2207 ms - Host latency: 4.28516 ms (enqueue 2.38281 ms)
[10/04/2026-22:02:00] [I] Average on 1 runs - GPU latency: 4.22461 ms - Host latency: 4.29102 ms (enqueue 2.57227 ms)
[10/04/2026-22:02:00] [I] Average on 1 runs - GPU latency: 4.2168 ms - Host latency: 4.2832 ms (enqueue 3.59375 ms)
[10/04/2026-22:02:00] [I] Average on 1 runs - GPU latency: 4.22656 ms - Host latency: 4.29102 ms (enqueue 3.52344 ms)
[10/04/2026-22:02:00] [I] Average on 1 runs - GPU latency: 4.21484 ms - Host latency: 4.2793 ms (enqueue 3.54492 ms)
[10/04/2026-22:02:00] [I] Average on 1 runs - GPU latency: 4.2168 ms - Host latency: 4.2832 ms (enqueue 3.55469 ms)
[10/04/2026-22:02:00] [I] Average on 1 runs - GPU latency: 4.21289 ms - Host latency: 4.2832 ms (enqueue 3.23242 ms)
[10/04/2026-22:02:00] [I] Average on 1 runs - GPU latency: 4.25391 ms - Host latency: 4.32031 ms (enqueue 3.83398 ms)
[10/04/2026-22:02:00] [I] Average on 1 runs - GPU latency: 4.20898 ms - Host latency: 4.27539 ms (enqueue 3.48633 ms)
[10/04/2026-22:02:00] [I] Average on 1 runs - GPU latency: 4.21875 ms - Host latency: 4.28711 ms (enqueue 3.57227 ms)
[10/04/2026-22:02:00] [I] Average on 1 runs - GPU latency: 4.29102 ms - Host latency: 4.35742 ms (enqueue 3.85742 ms)
[10/04/2026-22:02:00] [I] Average on 1 runs - GPU latency: 4.30469 ms - Host latency: 4.37305 ms (enqueue 3.85742 ms)
[10/04/2026-22:02:00] [I] Average on 1 runs - GPU latency: 4.26758 ms - Host latency: 4.33203 ms (enqueue 3.83398 ms)
[10/04/2026-22:02:00] [I] Average on 1 runs - GPU latency: 4.29883 ms - Host latency: 4.36523 ms (enqueue 3.86914 ms)
[10/04/2026-22:02:00] [I] Average on 1 runs - GPU latency: 4.27344 ms - Host latency: 4.34766 ms (enqueue 3.83398 ms)
[10/04/2026-22:02:00] [I] Average on 1 runs - GPU latency: 4.21875 ms - Host latency: 4.2832 ms (enqueue 2.06445 ms)
[10/04/2026-22:02:00] [I] Average on 1 runs - GPU latency: 4.24609 ms - Host latency: 4.31055 ms (enqueue 3.81836 ms)
[10/04/2026-22:02:00] [I] Average on 1 runs - GPU latency: 4.2168 ms - Host latency: 4.28516 ms (enqueue 3.77148 ms)
[10/04/2026-22:02:00] [I] Average on 1 runs - GPU latency: 4.27148 ms - Host latency: 4.33984 ms (enqueue 3.83789 ms)
[10/04/2026-22:02:00] [I] Average on 1 runs - GPU latency: 4.23047 ms - Host latency: 4.29688 ms (enqueue 3.81055 ms)
[10/04/2026-22:02:00] [I] Average on 1 runs - GPU latency: 4.29688 ms - Host latency: 4.36328 ms (enqueue 3.86523 ms)
[10/04/2026-22:02:00] [I] 
[10/04/2026-22:02:00] [I] === Performance summary ===
[10/04/2026-22:02:00] [I] Throughput: 168.909 qps
[10/04/2026-22:02:00] [I] Latency: min = 4.26758 ms, max = 5.85645 ms, mean = 4.47623 ms, median = 4.37915 ms, percentile(90%) = 4.70508 ms, percentile(95%) = 4.7207 ms, percentile(99%) = 4.78711 ms
[10/04/2026-22:02:00] [I] Enqueue Time: min = 2.04004 ms, max = 5.37891 ms, mean = 3.74868 ms, median = 3.87061 ms, percentile(90%) = 4.22656 ms, percentile(95%) = 4.24316 ms, percentile(99%) = 4.2998 ms
[10/04/2026-22:02:00] [I] H2D Latency: min = 0.0556641 ms, max = 0.139404 ms, mean = 0.0643906 ms, median = 0.0634766 ms, percentile(90%) = 0.0703125 ms, percentile(95%) = 0.0722656 ms, percentile(99%) = 0.0795898 ms
[10/04/2026-22:02:00] [I] GPU Compute Time: min = 4.20703 ms, max = 5.78613 ms, mean = 4.40794 ms, median = 4.31055 ms, percentile(90%) = 4.63623 ms, percentile(95%) = 4.65039 ms, percentile(99%) = 4.71875 ms
[10/04/2026-22:02:00] [I] D2H Latency: min = 0.00195312 ms, max = 0.00805664 ms, mean = 0.00390529 ms, median = 0.00390625 ms, percentile(90%) = 0.00439453 ms, percentile(95%) = 0.00488281 ms, percentile(99%) = 0.00585938 ms
[10/04/2026-22:02:00] [I] Total Host Walltime: 15.014 s
[10/04/2026-22:02:00] [I] Total GPU Compute Time: 11.1785 s
[10/04/2026-22:02:00] [I] Explanations of the performance metrics are printed in the verbose logs.
[10/04/2026-22:02:00] [I] 
&&&& PASSED TensorRT.trtexec [TensorRT v100300] # /usr/src/tensorrt/bin/trtexec --loadEngine=/tmp/yolo26n_84172_uint8_fp16_opt3.engine --warmUp=3000 --duration=15 --idleTime=2 --avgRuns=1
