&&&& RUNNING TensorRT.trtexec [TensorRT v100300] # /usr/src/tensorrt/bin/trtexec --loadEngine=/tmp/yolo26n_84172_uint8_fp16_opt3.engine --warmUp=3000 --duration=15 --idleTime=4 --avgRuns=1
[10/04/2026-22:13:08] [I] === Model Options ===
[10/04/2026-22:13:08] [I] Format: *
[10/04/2026-22:13:08] [I] Model: 
[10/04/2026-22:13:08] [I] Output:
[10/04/2026-22:13:08] [I] 
[10/04/2026-22:13:08] [I] === System Options ===
[10/04/2026-22:13:08] [I] Device: 0
[10/04/2026-22:13:08] [I] DLACore: 
[10/04/2026-22:13:08] [I] Plugins:
[10/04/2026-22:13:08] [I] setPluginsToSerialize:
[10/04/2026-22:13:08] [I] dynamicPlugins:
[10/04/2026-22:13:08] [I] ignoreParsedPluginLibs: 0
[10/04/2026-22:13:08] [I] 
[10/04/2026-22:13:08] [I] === Inference Options ===
[10/04/2026-22:13:08] [I] Batch: Explicit
[10/04/2026-22:13:08] [I] Input inference shapes: model
[10/04/2026-22:13:08] [I] Iterations: 10
[10/04/2026-22:13:08] [I] Duration: 15s (+ 3000ms warm up)
[10/04/2026-22:13:08] [I] Sleep time: 0ms
[10/04/2026-22:13:08] [I] Idle time: 4ms
[10/04/2026-22:13:08] [I] Inference Streams: 1
[10/04/2026-22:13:08] [I] ExposeDMA: Disabled
[10/04/2026-22:13:08] [I] Data transfers: Enabled
[10/04/2026-22:13:08] [I] Spin-wait: Disabled
[10/04/2026-22:13:08] [I] Multithreading: Disabled
[10/04/2026-22:13:08] [I] CUDA Graph: Disabled
[10/04/2026-22:13:08] [I] Separate profiling: Disabled
[10/04/2026-22:13:08] [I] Time Deserialize: Disabled
[10/04/2026-22:13:08] [I] Time Refit: Disabled
[10/04/2026-22:13:08] [I] NVTX verbosity: 0
[10/04/2026-22:13:08] [I] Persistent Cache Ratio: 0
[10/04/2026-22:13:08] [I] Optimization Profile Index: 0
[10/04/2026-22:13:08] [I] Weight Streaming Budget: 100.000000%
[10/04/2026-22:13:08] [I] Inputs:
[10/04/2026-22:13:08] [I] Debug Tensor Save Destinations:
[10/04/2026-22:13:08] [I] === Reporting Options ===
[10/04/2026-22:13:08] [I] Verbose: Disabled
[10/04/2026-22:13:08] [I] Averages: 1 inferences
[10/04/2026-22:13:08] [I] Percentiles: 90,95,99
[10/04/2026-22:13:08] [I] Dump refittable layers:Disabled
[10/04/2026-22:13:08] [I] Dump output: Disabled
[10/04/2026-22:13:08] [I] Profile: Disabled
[10/04/2026-22:13:08] [I] Export timing to JSON file: 
[10/04/2026-22:13:08] [I] Export output to JSON file: 
[10/04/2026-22:13:08] [I] Export profile to JSON file: 
[10/04/2026-22:13:08] [I] 
[10/04/2026-22:13:08] [I] === Device Information ===
[10/04/2026-22:13:08] [I] Available Devices: 
[10/04/2026-22:13:08] [I]   Device 0: "Orin" UUID: GPU-6e16c2c1-e394-5324-8f2e-63a975968f4e
[10/04/2026-22:13:09] [I] Selected Device: Orin
[10/04/2026-22:13:09] [I] Selected Device ID: 0
[10/04/2026-22:13:09] [I] Selected Device UUID: GPU-6e16c2c1-e394-5324-8f2e-63a975968f4e
[10/04/2026-22:13:09] [I] Compute Capability: 8.7
[10/04/2026-22:13:09] [I] SMs: 8
[10/04/2026-22:13:09] [I] Device Global Memory: 7607 MiB
[10/04/2026-22:13:09] [I] Shared Memory per SM: 164 KiB
[10/04/2026-22:13:09] [I] Memory Bus Width: 128 bits (ECC disabled)
[10/04/2026-22:13:09] [I] Application Compute Clock Rate: 1.02 GHz
[10/04/2026-22:13:09] [I] Application Memory Clock Rate: 1.02 GHz
[10/04/2026-22:13:09] [I] 
[10/04/2026-22:13:09] [I] Note: The application clock rates do not reflect the actual clock rates that the GPU is currently running at.
[10/04/2026-22:13:09] [I] 
[10/04/2026-22:13:09] [I] TensorRT version: 10.3.0
[10/04/2026-22:13:09] [I] Loading standard plugins
[10/04/2026-22:13:09] [I] [TRT] Loaded engine size: 7 MiB
[10/04/2026-22:13:09] [I] Engine deserialized in 0.0648327 sec.
[10/04/2026-22:13:09] [I] [TRT] [MemUsageChange] TensorRT-managed allocation in IExecutionContext creation: CPU +0, GPU +12, now: CPU 0, GPU 16 (MiB)
[10/04/2026-22:13:09] [I] Setting persistentCacheLimit to 0 bytes.
[10/04/2026-22:13:09] [I] Created execution context with device memory size: 12.207 MiB
[10/04/2026-22:13:09] [I] Using random values for input images
[10/04/2026-22:13:09] [I] Input binding for images with dimensions 1x640x640x3 is created.
[10/04/2026-22:13:09] [I] Output binding for output0 with dimensions 1x300x6 is created.
[10/04/2026-22:13:09] [I] Starting inference
[10/04/2026-22:13:27] [I] Warmup completed 694 queries over 3000 ms
[10/04/2026-22:13:27] [I] Timing trace has 2418 queries over 15.0171 s
[10/04/2026-22:13:27] [I] 
[10/04/2026-22:13:27] [I] === Trace details ===
[10/04/2026-22:13:27] [I] Trace averages of 1 runs:
[10/04/2026-22:13:27] [I] Average on 1 runs - GPU latency: 4.2373 ms - Host latency: 4.37598 ms (enqueue 2.09106 ms)
[10/04/2026-22:13:27] [I] Average on 1 runs - GPU latency: 4.20654 ms - Host latency: 4.33496 ms (enqueue 2.06152 ms)
[10/04/2026-22:13:27] [I] Average on 1 runs - GPU latency: 4.21216 ms - Host latency: 4.27783 ms (enqueue 2.06738 ms)
[10/04/2026-22:13:27] [I] Average on 1 runs - GPU latency: 4.2229 ms - Host latency: 4.28442 ms (enqueue 2.35303 ms)
[10/04/2026-22:13:27] [I] Average on 1 runs - GPU latency: 4.20386 ms - Host latency: 4.26465 ms (enqueue 2.17871 ms)
[10/04/2026-22:13:27] [I] Average on 1 runs - GPU latency: 4.2168 ms - Host latency: 4.27881 ms (enqueue 2.11523 ms)
[10/04/2026-22:13:27] [I] Average on 1 runs - GPU latency: 4.22192 ms - Host latency: 4.28247 ms (enqueue 2.09497 ms)
[10/04/2026-22:13:27] [I] Average on 1 runs - GPU latency: 4.21826 ms - Host latency: 4.28003 ms (enqueue 2.10474 ms)
[10/04/2026-22:13:27] [I] Average on 1 runs - GPU latency: 4.21045 ms - Host latency: 4.27441 ms (enqueue 2.09473 ms)
[10/04/2026-22:13:27] [I] Average on 1 runs - GPU latency: 4.21143 ms - Host latency: 4.27222 ms (enqueue 2.07129 ms)
[10/04/2026-22:13:27] [I] Average on 1 runs - GPU latency: 4.20605 ms - Host latency: 4.26782 ms (enqueue 2.07886 ms)
[10/04/2026-22:13:27] [I] Average on 1 runs - GPU latency: 4.21802 ms - Host latency: 4.27881 ms (enqueue 2.30762 ms)
[10/04/2026-22:13:27] [I] Average on 1 runs - GPU latency: 4.20972 ms - Host latency: 4.27002 ms (enqueue 2.10034 ms)
[10/04/2026-22:13:27] [I] Average on 1 runs - GPU latency: 4.2085 ms - Host latency: 4.26929 ms (enqueue 2.06323 ms)
[10/04/2026-22:13:27] [I] Average on 1 runs - GPU latency: 4.21655 ms - Host latency: 4.27686 ms (enqueue 2.09668 ms)
[10/04/2026-22:13:27] [I] Average on 1 runs - GPU latency: 4.21313 ms - Host latency: 4.27466 ms (enqueue 2.06421 ms)
[10/04/2026-22:13:27] [I] Average on 1 runs - GPU latency: 4.21484 ms - Host latency: 4.2832 ms (enqueue 2.08154 ms)
[10/04/2026-22:13:27] [I] Average on 1 runs - GPU latency: 4.21338 ms - Host latency: 4.27441 ms (enqueue 2.07642 ms)
[10/04/2026-22:13:27] [I] Average on 1 runs - GPU latency: 4.2124 ms - Host latency: 4.27173 ms (enqueue 2.06616 ms)
[10/04/2026-22:13:27] [I] Average on 1 runs - GPU latency: 4.20825 ms - Host latency: 4.27515 ms (enqueue 2.37329 ms)
[10/04/2026-22:13:27] [I] Average on 1 runs - GPU latency: 4.21045 ms - Host latency: 4.27417 ms (enqueue 2.03442 ms)
[10/04/2026-22:13:27] [I] Average on 1 runs - GPU latency: 4.21753 ms - Host latency: 4.27832 ms (enqueue 2.09863 ms)
[10/04/2026-22:13:27] [I] Average on 1 runs - GPU latency: 4.21582 ms - Host latency: 4.27856 ms (enqueue 2.03979 ms)
[10/04/2026-22:13:27] [I] Average on 1 runs - GPU latency: 4.21558 ms - Host latency: 4.27905 ms (enqueue 2.08813 ms)
[10/04/2026-22:13:27] [I] Average on 1 runs - GPU latency: 4.21045 ms - Host latency: 4.27197 ms (enqueue 2.0271 ms)
[10/04/2026-22:13:27] [I] Average on 1 runs - GPU latency: 4.2229 ms - Host latency: 4.28394 ms (enqueue 2.07544 ms)
[10/04/2026-22:13:27] [I] Average on 1 runs - GPU latency: 4.20801 ms - Host latency: 4.27051 ms (enqueue 2.08765 ms)
[10/04/2026-22:13:27] [I] Average on 1 runs - GPU latency: 4.21191 ms - Host latency: 4.27271 ms (enqueue 2.30444 ms)
[10/04/2026-22:13:27] [I] Average on 1 runs - GPU latency: 4.21338 ms - Host latency: 4.27368 ms (enqueue 2.09546 ms)
[10/04/2026-22:13:27] [I] Average on 1 runs - GPU latency: 4.21094 ms - Host latency: 4.27441 ms (enqueue 2.04639 ms)
[10/04/2026-22:13:27] [I] Average on 1 runs - GPU latency: 4.21411 ms - Host latency: 4.2749 ms (enqueue 2.09058 ms)
[10/04/2026-22:13:27] [I] Average on 1 runs - GPU latency: 4.21582 ms - Host latency: 4.27832 ms (enqueue 2.05078 ms)
[10/04/2026-22:13:27] [I] Average on 1 runs - GPU latency: 4.21777 ms - Host latency: 4.28076 ms (enqueue 2.08765 ms)
[10/04/2026-22:13:27] [I] Average on 1 runs - GPU latency: 4.21313 ms - Host latency: 4.27515 ms (enqueue 2.05054 ms)
[10/04/2026-22:13:27] [I] Average on 1 runs - GPU latency: 4.20996 ms - Host latency: 4.271 ms (enqueue 2.08081 ms)
[10/04/2026-22:13:27] [I] Average on 1 runs - GPU latency: 4.21191 ms - Host latency: 4.27368 ms (enqueue 2.23975 ms)
[10/04/2026-22:13:27] [I] Average on 1 runs - GPU latency: 4.21875 ms - Host latency: 4.28125 ms (enqueue 2.04932 ms)
[10/04/2026-22:13:27] [I] Average on 1 runs - GPU latency: 4.21045 ms - Host latency: 4.27173 ms (enqueue 2.08813 ms)
[10/04/2026-22:13:27] [I] Average on 1 runs - GPU latency: 4.21021 ms - Host latency: 4.271 ms (enqueue 2.03955 ms)
[10/04/2026-22:13:27] [I] Average on 1 runs - GPU latency: 4.22607 ms - Host latency: 4.28711 ms (enqueue 2.14429 ms)
[10/04/2026-22:13:27] [I] Average on 1 runs - GPU latency: 4.22339 ms - Host latency: 4.29468 ms (enqueue 2.32495 ms)
[10/04/2026-22:13:27] [I] Average on 1 runs - GPU latency: 4.21753 ms - Host latency: 4.28223 ms (enqueue 2.34692 ms)
[10/04/2026-22:13:27] [I] Average on 1 runs - GPU latency: 4.21582 ms - Host latency: 4.27808 ms (enqueue 2.18774 ms)
[10/04/2026-22:13:27] [I] Average on 1 runs - GPU latency: 4.22632 ms - Host latency: 4.30493 ms (enqueue 2.52539 ms)
[10/04/2026-22:13:27] [I] Average on 1 runs - GPU latency: 4.21899 ms - Host latency: 4.28687 ms (enqueue 2.2583 ms)
[10/04/2026-22:13:27] [I] Average on 1 runs - GPU latency: 4.22388 ms - Host latency: 4.28687 ms (enqueue 2.12451 ms)
[10/04/2026-22:13:27] [I] Average on 1 runs - GPU latency: 4.21826 ms - Host latency: 4.28564 ms (enqueue 2.17407 ms)
[10/04/2026-22:13:27] [I] Average on 1 runs - GPU latency: 4.21875 ms - Host latency: 4.28052 ms (enqueue 2.12061 ms)
[10/04/2026-22:13:27] [I] Average on 1 runs - GPU latency: 4.21655 ms - Host latency: 4.27832 ms (enqueue 2.07886 ms)
[10/04/2026-22:13:27] [I] Average on 1 runs - GPU latency: 4.21167 ms - Host latency: 4.27393 ms (enqueue 2.0957 ms)
[10/04/2026-22:13:27] [I] Average on 1 runs - GPU latency: 4.20825 ms - Host latency: 4.2688 ms (enqueue 2.05615 ms)
[10/04/2026-22:13:27] [I] Average on 1 runs - GPU latency: 4.21655 ms - Host latency: 4.28027 ms (enqueue 2.35571 ms)
[10/04/2026-22:13:27] [I] Average on 1 runs - GPU latency: 4.21484 ms - Host latency: 4.27832 ms (enqueue 2.07153 ms)
[10/04/2026-22:13:27] [I] Average on 1 runs - GPU latency: 4.21753 ms - Host latency: 4.27905 ms (enqueue 2.09326 ms)
[10/04/2026-22:13:27] [I] Average on 1 runs - GPU latency: 4.22021 ms - Host latency: 4.28027 ms (enqueue 2.04614 ms)
[10/04/2026-22:13:27] [I] Average on 1 runs - GPU latency: 4.21753 ms - Host latency: 4.27832 ms (enqueue 2.07129 ms)
[10/04/2026-22:13:27] [I] Average on 1 runs - GPU latency: 4.21094 ms - Host latency: 4.27124 ms (enqueue 2.09644 ms)
[10/04/2026-22:13:27] [I] Average on 1 runs - GPU latency: 4.21313 ms - Host latency: 4.27637 ms (enqueue 2.06738 ms)
[10/04/2026-22:13:27] [I] Average on 1 runs - GPU latency: 4.20703 ms - Host latency: 4.27173 ms (enqueue 2.3584 ms)
[10/04/2026-22:13:27] [I] Average on 1 runs - GPU latency: 4.21631 ms - Host latency: 4.28052 ms (enqueue 2.35815 ms)
[10/04/2026-22:13:27] [I] Average on 1 runs - GPU latency: 4.21826 ms - Host latency: 4.27905 ms (enqueue 2.1123 ms)
[10/04/2026-22:13:27] [I] Average on 1 runs - GPU latency: 4.21069 ms - Host latency: 4.27124 ms (enqueue 2.06689 ms)
[10/04/2026-22:13:27] [I] Average on 1 runs - GPU latency: 4.2146 ms - Host latency: 4.28101 ms (enqueue 2.05176 ms)
[10/04/2026-22:13:27] [I] Average on 1 runs - GPU latency: 4.21826 ms - Host latency: 4.28125 ms (enqueue 2.07275 ms)
[10/04/2026-22:13:27] [I] Average on 1 runs - GPU latency: 4.21948 ms - Host latency: 4.28223 ms (enqueue 2.02808 ms)
[10/04/2026-22:13:27] [I] Average on 1 runs - GPU latency: 4.2124 ms - Host latency: 4.27344 ms (enqueue 2.09717 ms)
[10/04/2026-22:13:27] [I] Average on 1 runs - GPU latency: 4.21655 ms - Host latency: 4.2771 ms (enqueue 2.04468 ms)
[10/04/2026-22:13:27] [I] Average on 1 runs - GPU latency: 4.2085 ms - Host latency: 4.27222 ms (enqueue 2.13965 ms)
[10/04/2026-22:13:27] [I] Average on 1 runs - GPU latency: 4.21313 ms - Host latency: 4.27637 ms (enqueue 2.0542 ms)
[10/04/2026-22:13:27] [I] Average on 1 runs - GPU latency: 4.21973 ms - Host latency: 4.28613 ms (enqueue 2.1687 ms)
[10/04/2026-22:13:27] [I] Average on 1 runs - GPU latency: 4.21924 ms - Host latency: 4.28101 ms (enqueue 2.04541 ms)
[10/04/2026-22:13:27] [I] Average on 1 runs - GPU latency: 4.21802 ms - Host latency: 4.28271 ms (enqueue 2.08447 ms)
[10/04/2026-22:13:27] [I] Average on 1 runs - GPU latency: 4.21362 ms - Host latency: 4.27417 ms (enqueue 2.10742 ms)
[10/04/2026-22:13:27] [I] Average on 1 runs - GPU latency: 4.21167 ms - Host latency: 4.2771 ms (enqueue 2.01099 ms)
[10/04/2026-22:13:27] [I] Average on 1 runs - GPU latency: 4.21313 ms - Host latency: 4.27832 ms (enqueue 2.06982 ms)
[10/04/2026-22:13:27] [I] Average on 1 runs - GPU latency: 4.2207 ms - Host latency: 4.28198 ms (enqueue 2.01855 ms)
[10/04/2026-22:13:27] [I] Average on 1 runs - GPU latency: 4.21826 ms - Host latency: 4.27979 ms (enqueue 2.06445 ms)
[10/04/2026-22:13:27] [I] Average on 1 runs - GPU latency: 4.21655 ms - Host latency: 4.27881 ms (enqueue 2.03442 ms)
[10/04/2026-22:13:27] [I] Average on 1 runs - GPU latency: 4.21533 ms - Host latency: 4.28442 ms (enqueue 2.29736 ms)
[10/04/2026-22:13:27] [I] Average on 1 runs - GPU latency: 4.21509 ms - Host latency: 4.27808 ms (enqueue 2.08008 ms)
[10/04/2026-22:13:27] [I] Average on 1 runs - GPU latency: 4.21704 ms - Host latency: 4.27979 ms (enqueue 2.07959 ms)
[10/04/2026-22:13:27] [I] Average on 1 runs - GPU latency: 4.21045 ms - Host latency: 4.27295 ms (enqueue 2.0708 ms)
[10/04/2026-22:13:27] [I] Average on 1 runs - GPU latency: 4.21509 ms - Host latency: 4.2771 ms (enqueue 2.05029 ms)
[10/04/2026-22:13:27] [I] Average on 1 runs - GPU latency: 4.21216 ms - Host latency: 4.27344 ms (enqueue 2.08862 ms)
[10/04/2026-22:13:27] [I] Average on 1 runs - GPU latency: 4.22559 ms - Host latency: 4.29761 ms (enqueue 2.03857 ms)
[10/04/2026-22:13:27] [I] Average on 1 runs - GPU latency: 4.2146 ms - Host latency: 4.2771 ms (enqueue 2.09839 ms)
[10/04/2026-22:13:27] [I] Average on 1 runs - GPU latency: 4.21533 ms - Host latency: 4.27539 ms (enqueue 2.05054 ms)
[10/04/2026-22:13:27] [I] Average on 1 runs - GPU latency: 4.21143 ms - Host latency: 4.27661 ms (enqueue 2.08643 ms)
[10/04/2026-22:13:27] [I] Average on 1 runs - GPU latency: 4.21265 ms - Host latency: 4.2749 ms (enqueue 2.05762 ms)
[10/04/2026-22:13:27] [I] Average on 1 runs - GPU latency: 4.21387 ms - Host latency: 4.27588 ms (enqueue 2.09497 ms)
[10/04/2026-22:13:27] [I] Average on 1 runs - GPU latency: 4.21533 ms - Host latency: 4.27686 ms (enqueue 2.05151 ms)
[10/04/2026-22:13:27] [I] Average on 1 runs - GPU latency: 4.21704 ms - Host latency: 4.27808 ms (enqueue 2.07544 ms)
[10/04/2026-22:13:27] [I] Average on 1 runs - GPU latency: 4.21216 ms - Host latency: 4.27612 ms (enqueue 2.07617 ms)
[10/04/2026-22:13:27] [I] Average on 1 runs - GPU latency: 4.21094 ms - Host latency: 4.27197 ms (enqueue 2.05225 ms)
[10/04/2026-22:13:27] [I] Average on 1 runs - GPU latency: 4.22021 ms - Host latency: 4.28198 ms (enqueue 2.08838 ms)
[10/04/2026-22:13:27] [I] Average on 1 runs - GPU latency: 4.22534 ms - Host latency: 4.28613 ms (enqueue 2.04248 ms)
[10/04/2026-22:13:27] [I] Average on 1 runs - GPU latency: 4.21167 ms - Host latency: 4.27539 ms (enqueue 2.11646 ms)
[10/04/2026-22:13:27] [I] Average on 1 runs - GPU latency: 4.21313 ms - Host latency: 4.27515 ms (enqueue 2.05566 ms)
[10/04/2026-22:13:27] [I] Average on 1 runs - GPU latency: 4.21826 ms - Host latency: 4.28027 ms (enqueue 2.11597 ms)
[10/04/2026-22:13:27] [I] Average on 1 runs - GPU latency: 4.21216 ms - Host latency: 4.27637 ms (enqueue 2.05859 ms)
[10/04/2026-22:13:27] [I] Average on 1 runs - GPU latency: 4.21387 ms - Host latency: 4.27466 ms (enqueue 2.1145 ms)
[10/04/2026-22:13:27] [I] Average on 1 runs - GPU latency: 4.2146 ms - Host latency: 4.27539 ms (enqueue 2.052 ms)
[10/04/2026-22:13:27] [I] Average on 1 runs - GPU latency: 4.21118 ms - Host latency: 4.28516 ms (enqueue 2.05688 ms)
[10/04/2026-22:13:27] [I] Average on 1 runs - GPU latency: 4.21289 ms - Host latency: 4.27368 ms (enqueue 2.10254 ms)
[10/04/2026-22:13:27] [I] Average on 1 runs - GPU latency: 4.2146 ms - Host latency: 4.27515 ms (enqueue 2.06128 ms)
[10/04/2026-22:13:27] [I] Average on 1 runs - GPU latency: 4.20923 ms - Host latency: 4.27417 ms (enqueue 2.06299 ms)
[10/04/2026-22:13:27] [I] Average on 1 runs - GPU latency: 4.21582 ms - Host latency: 4.27979 ms (enqueue 2.01343 ms)
[10/04/2026-22:13:27] [I] Average on 1 runs - GPU latency: 4.21338 ms - Host latency: 4.27637 ms (enqueue 2.08862 ms)
[10/04/2026-22:13:27] [I] Average on 1 runs - GPU latency: 4.2168 ms - Host latency: 4.2771 ms (enqueue 2.0332 ms)
[10/04/2026-22:13:27] [I] Average on 1 runs - GPU latency: 4.21826 ms - Host latency: 4.28149 ms (enqueue 2.09692 ms)
[10/04/2026-22:13:27] [I] Average on 1 runs - GPU latency: 4.21729 ms - Host latency: 4.27783 ms (enqueue 2.03833 ms)
[10/04/2026-22:13:27] [I] Average on 1 runs - GPU latency: 4.21191 ms - Host latency: 4.2749 ms (enqueue 2.09082 ms)
[10/04/2026-22:13:27] [I] Average on 1 runs - GPU latency: 4.21118 ms - Host latency: 4.27393 ms (enqueue 2.03979 ms)
[10/04/2026-22:13:27] [I] Average on 1 runs - GPU latency: 4.21777 ms - Host latency: 4.28149 ms (enqueue 2.04541 ms)
[10/04/2026-22:13:27] [I] Average on 1 runs - GPU latency: 4.2146 ms - Host latency: 4.27783 ms (enqueue 2.12573 ms)
[10/04/2026-22:13:27] [I] Average on 1 runs - GPU latency: 4.22046 ms - Host latency: 4.28247 ms (enqueue 2.04736 ms)
[10/04/2026-22:13:27] [I] Average on 1 runs - GPU latency: 4.21973 ms - Host latency: 4.28271 ms (enqueue 2.09985 ms)
[10/04/2026-22:13:27] [I] Average on 1 runs - GPU latency: 4.2168 ms - Host latency: 4.28003 ms (enqueue 2.05688 ms)
[10/04/2026-22:13:27] [I] Average on 1 runs - GPU latency: 4.20947 ms - Host latency: 4.27075 ms (enqueue 2.09448 ms)
[10/04/2026-22:13:27] [I] Average on 1 runs - GPU latency: 4.2124 ms - Host latency: 4.27393 ms (enqueue 2.0498 ms)
[10/04/2026-22:13:27] [I] Average on 1 runs - GPU latency: 4.21802 ms - Host latency: 4.27881 ms (enqueue 2.10547 ms)
[10/04/2026-22:13:27] [I] Average on 1 runs - GPU latency: 4.21802 ms - Host latency: 4.28149 ms (enqueue 2.07178 ms)
[10/04/2026-22:13:27] [I] Average on 1 runs - GPU latency: 4.21313 ms - Host latency: 4.28149 ms (enqueue 2.08521 ms)
[10/04/2026-22:13:27] [I] Average on 1 runs - GPU latency: 4.20996 ms - Host latency: 4.271 ms (enqueue 2.09399 ms)
[10/04/2026-22:13:27] [I] Average on 1 runs - GPU latency: 4.21777 ms - Host latency: 4.27881 ms (enqueue 2.07324 ms)
[10/04/2026-22:13:27] [I] Average on 1 runs - GPU latency: 4.2146 ms - Host latency: 4.28345 ms (enqueue 2.12109 ms)
[10/04/2026-22:13:27] [I] Average on 1 runs - GPU latency: 4.21143 ms - Host latency: 4.27539 ms (enqueue 2.0625 ms)
[10/04/2026-22:13:27] [I] Average on 1 runs - GPU latency: 4.23242 ms - Host latency: 4.2981 ms (enqueue 2.2561 ms)
[10/04/2026-22:13:27] [I] Average on 1 runs - GPU latency: 4.21362 ms - Host latency: 4.28418 ms (enqueue 2.26733 ms)
[10/04/2026-22:13:27] [I] Average on 1 runs - GPU latency: 4.22217 ms - Host latency: 4.28491 ms (enqueue 2.19458 ms)
[10/04/2026-22:13:27] [I] Average on 1 runs - GPU latency: 4.22192 ms - Host latency: 4.28564 ms (enqueue 2.20337 ms)
[10/04/2026-22:13:27] [I] Average on 1 runs - GPU latency: 4.21973 ms - Host latency: 4.28296 ms (enqueue 2.17944 ms)
[10/04/2026-22:13:27] [I] Average on 1 runs - GPU latency: 4.22363 ms - Host latency: 4.28979 ms (enqueue 2.18774 ms)
[10/04/2026-22:13:27] [I] Average on 1 runs - GPU latency: 4.21948 ms - Host latency: 4.28442 ms (enqueue 2.12109 ms)
[10/04/2026-22:13:27] [I] Average on 1 runs - GPU latency: 4.21265 ms - Host latency: 4.27344 ms (enqueue 2.15356 ms)
[10/04/2026-22:13:27] [I] Average on 1 runs - GPU latency: 4.2146 ms - Host latency: 4.27563 ms (enqueue 2.04224 ms)
[10/04/2026-22:13:27] [I] Average on 1 runs - GPU latency: 4.21631 ms - Host latency: 4.27734 ms (enqueue 2.08643 ms)
[10/04/2026-22:13:27] [I] Average on 1 runs - GPU latency: 4.21704 ms - Host latency: 4.27979 ms (enqueue 2.03491 ms)
[10/04/2026-22:13:27] [I] Average on 1 runs - GPU latency: 4.21558 ms - Host latency: 4.27686 ms (enqueue 2.02563 ms)
[10/04/2026-22:13:27] [I] Average on 1 runs - GPU latency: 4.20947 ms - Host latency: 4.27124 ms (enqueue 2.07422 ms)
[10/04/2026-22:13:27] [I] Average on 1 runs - GPU latency: 4.21851 ms - Host latency: 4.28003 ms (enqueue 2.04858 ms)
[10/04/2026-22:13:27] [I] Average on 1 runs - GPU latency: 4.21826 ms - Host latency: 4.27979 ms (enqueue 2.11084 ms)
[10/04/2026-22:13:27] [I] Average on 1 runs - GPU latency: 4.22266 ms - Host latency: 4.28271 ms (enqueue 2.03711 ms)
[10/04/2026-22:13:27] [I] Average on 1 runs - GPU latency: 4.21411 ms - Host latency: 4.27466 ms (enqueue 2.08618 ms)
[10/04/2026-22:13:27] [I] Average on 1 runs - GPU latency: 4.21509 ms - Host latency: 4.2771 ms (enqueue 2.03198 ms)
[10/04/2026-22:13:27] [I] Average on 1 runs - GPU latency: 4.21045 ms - Host latency: 4.27148 ms (enqueue 2.07935 ms)
[10/04/2026-22:13:27] [I] Average on 1 runs - GPU latency: 4.22168 ms - Host latency: 4.28174 ms (enqueue 2.04297 ms)
[10/04/2026-22:13:27] [I] Average on 1 runs - GPU latency: 4.21924 ms - Host latency: 4.27905 ms (enqueue 2.09155 ms)
[10/04/2026-22:13:27] [I] Average on 1 runs - GPU latency: 4.22144 ms - Host latency: 4.28296 ms (enqueue 2.04663 ms)
[10/04/2026-22:13:27] [I] Average on 1 runs - GPU latency: 4.21484 ms - Host latency: 4.29102 ms (enqueue 2.04883 ms)
[10/04/2026-22:13:27] [I] Average on 1 runs - GPU latency: 4.21484 ms - Host latency: 4.27783 ms (enqueue 2.10156 ms)
[10/04/2026-22:13:27] [I] Average on 1 runs - GPU latency: 4.21509 ms - Host latency: 4.27637 ms (enqueue 2.05811 ms)
[10/04/2026-22:13:27] [I] Average on 1 runs - GPU latency: 4.21729 ms - Host latency: 4.28198 ms (enqueue 2.10767 ms)
[10/04/2026-22:13:27] [I] Average on 1 runs - GPU latency: 4.21631 ms - Host latency: 4.28125 ms (enqueue 2.07642 ms)
[10/04/2026-22:13:27] [I] Average on 1 runs - GPU latency: 4.20972 ms - Host latency: 4.27051 ms (enqueue 2.11353 ms)
[10/04/2026-22:13:27] [I] Average on 1 runs - GPU latency: 4.2168 ms - Host latency: 4.27759 ms (enqueue 2.05786 ms)
[10/04/2026-22:13:27] [I] Average on 1 runs - GPU latency: 4.21899 ms - Host latency: 4.2793 ms (enqueue 2.09375 ms)
[10/04/2026-22:13:27] [I] Average on 1 runs - GPU latency: 4.21362 ms - Host latency: 4.27393 ms (enqueue 2.05469 ms)
[10/04/2026-22:13:27] [I] Average on 1 runs - GPU latency: 4.20435 ms - Host latency: 4.26489 ms (enqueue 2.10425 ms)
[10/04/2026-22:13:27] [I] Average on 1 runs - GPU latency: 4.21655 ms - Host latency: 4.27734 ms (enqueue 2.11743 ms)
[10/04/2026-22:13:27] [I] Average on 1 runs - GPU latency: 4.21387 ms - Host latency: 4.27808 ms (enqueue 2.06616 ms)
[10/04/2026-22:13:27] [I] Average on 1 runs - GPU latency: 4.22095 ms - Host latency: 4.28467 ms (enqueue 2.10864 ms)
[10/04/2026-22:13:27] [I] Average on 1 runs - GPU latency: 4.20972 ms - Host latency: 4.27417 ms (enqueue 2.05005 ms)
[10/04/2026-22:13:27] [I] Average on 1 runs - GPU latency: 4.2085 ms - Host latency: 4.27026 ms (enqueue 2.10107 ms)
[10/04/2026-22:13:27] [I] Average on 1 runs - GPU latency: 4.2168 ms - Host latency: 4.27881 ms (enqueue 2.05493 ms)
[10/04/2026-22:13:27] [I] Average on 1 runs - GPU latency: 4.21216 ms - Host latency: 4.27319 ms (enqueue 2.12012 ms)
[10/04/2026-22:13:27] [I] Average on 1 runs - GPU latency: 4.21167 ms - Host latency: 4.27759 ms (enqueue 2.08276 ms)
[10/04/2026-22:13:27] [I] Average on 1 runs - GPU latency: 4.21924 ms - Host latency: 4.28125 ms (enqueue 2.10669 ms)
[10/04/2026-22:13:27] [I] Average on 1 runs - GPU latency: 4.21729 ms - Host latency: 4.27783 ms (enqueue 2.10132 ms)
[10/04/2026-22:13:27] [I] Average on 1 runs - GPU latency: 4.20947 ms - Host latency: 4.26978 ms (enqueue 2.04614 ms)
[10/04/2026-22:13:27] [I] Average on 1 runs - GPU latency: 4.21729 ms - Host latency: 4.27832 ms (enqueue 2.1001 ms)
[10/04/2026-22:13:27] [I] Average on 1 runs - GPU latency: 4.21533 ms - Host latency: 4.27563 ms (enqueue 2.0564 ms)
[10/04/2026-22:13:27] [I] Average on 1 runs - GPU latency: 4.21558 ms - Host latency: 4.27661 ms (enqueue 2.08765 ms)
[10/04/2026-22:13:27] [I] Average on 1 runs - GPU latency: 4.21362 ms - Host latency: 4.27417 ms (enqueue 2.05688 ms)
[10/04/2026-22:13:27] [I] Average on 1 runs - GPU latency: 4.21338 ms - Host latency: 4.27344 ms (enqueue 2.09082 ms)
[10/04/2026-22:13:27] [I] Average on 1 runs - GPU latency: 4.21338 ms - Host latency: 4.27515 ms (enqueue 2.04102 ms)
[10/04/2026-22:13:27] [I] Average on 1 runs - GPU latency: 4.21875 ms - Host latency: 4.27954 ms (enqueue 2.12036 ms)
[10/04/2026-22:13:27] [I] Average on 1 runs - GPU latency: 4.20801 ms - Host latency: 4.26855 ms (enqueue 2.09229 ms)
[10/04/2026-22:13:27] [I] Average on 1 runs - GPU latency: 4.21191 ms - Host latency: 4.27197 ms (enqueue 2.09717 ms)
[10/04/2026-22:13:27] [I] Average on 1 runs - GPU latency: 4.21582 ms - Host latency: 4.27832 ms (enqueue 2.09961 ms)
[10/04/2026-22:13:27] [I] Average on 1 runs - GPU latency: 4.21631 ms - Host latency: 4.27832 ms (enqueue 2.05322 ms)
[10/04/2026-22:13:27] [I] Average on 1 runs - GPU latency: 4.21387 ms - Host latency: 4.27539 ms (enqueue 2.1167 ms)
[10/04/2026-22:13:27] [I] Average on 1 runs - GPU latency: 4.20947 ms - Host latency: 4.27002 ms (enqueue 2.0498 ms)
[10/04/2026-22:13:27] [I] Average on 1 runs - GPU latency: 4.21191 ms - Host latency: 4.27246 ms (enqueue 2.12061 ms)
[10/04/2026-22:13:27] [I] Average on 1 runs - GPU latency: 4.2124 ms - Host latency: 4.27295 ms (enqueue 2.04932 ms)
[10/04/2026-22:13:27] [I] Average on 1 runs - GPU latency: 4.20898 ms - Host latency: 4.27051 ms (enqueue 2.08838 ms)
[10/04/2026-22:13:27] [I] Average on 1 runs - GPU latency: 4.21436 ms - Host latency: 4.2749 ms (enqueue 2.05518 ms)
[10/04/2026-22:13:27] [I] Average on 1 runs - GPU latency: 4.21289 ms - Host latency: 4.27295 ms (enqueue 2.09375 ms)
[10/04/2026-22:13:27] [I] Average on 1 runs - GPU latency: 4.2124 ms - Host latency: 4.27295 ms (enqueue 2.04785 ms)
[10/04/2026-22:13:27] [I] Average on 1 runs - GPU latency: 4.21094 ms - Host latency: 4.27344 ms (enqueue 2.04785 ms)
[10/04/2026-22:13:27] [I] Average on 1 runs - GPU latency: 4.21436 ms - Host latency: 4.2749 ms (enqueue 2.09668 ms)
[10/04/2026-22:13:27] [I] Average on 1 runs - GPU latency: 4.22119 ms - Host latency: 4.28174 ms (enqueue 2.05371 ms)
[10/04/2026-22:13:27] [I] Average on 1 runs - GPU latency: 4.21973 ms - Host latency: 4.28174 ms (enqueue 2.09912 ms)
[10/04/2026-22:13:27] [I] Average on 1 runs - GPU latency: 4.21338 ms - Host latency: 4.2749 ms (enqueue 2.06152 ms)
[10/04/2026-22:13:27] [I] Average on 1 runs - GPU latency: 4.20996 ms - Host latency: 4.27148 ms (enqueue 2.10352 ms)
[10/04/2026-22:13:27] [I] Average on 1 runs - GPU latency: 4.22168 ms - Host latency: 4.28223 ms (enqueue 2.05566 ms)
[10/04/2026-22:13:27] [I] Average on 1 runs - GPU latency: 4.2124 ms - Host latency: 4.27637 ms (enqueue 2.13135 ms)
[10/04/2026-22:13:27] [I] Average on 1 runs - GPU latency: 4.21143 ms - Host latency: 4.27197 ms (enqueue 2.05225 ms)
[10/04/2026-22:13:27] [I] Average on 1 runs - GPU latency: 4.21338 ms - Host latency: 4.27393 ms (enqueue 2.07178 ms)
[10/04/2026-22:13:27] [I] Average on 1 runs - GPU latency: 4.20703 ms - Host latency: 4.271 ms (enqueue 2.11865 ms)
[10/04/2026-22:13:27] [I] ... Omitting 2018 lines
[10/04/2026-22:13:27] [I] Average on 1 runs - GPU latency: 4.22461 ms - Host latency: 4.28711 ms (enqueue 2.08008 ms)
[10/04/2026-22:13:27] [I] Average on 1 runs - GPU latency: 4.21484 ms - Host latency: 4.27734 ms (enqueue 2.23047 ms)
[10/04/2026-22:13:27] [I] Average on 1 runs - GPU latency: 4.20898 ms - Host latency: 4.26953 ms (enqueue 2.04297 ms)
[10/04/2026-22:13:27] [I] Average on 1 runs - GPU latency: 4.20898 ms - Host latency: 4.26953 ms (enqueue 2.18945 ms)
[10/04/2026-22:13:27] [I] Average on 1 runs - GPU latency: 4.2168 ms - Host latency: 4.28125 ms (enqueue 2.10742 ms)
[10/04/2026-22:13:27] [I] Average on 1 runs - GPU latency: 4.21484 ms - Host latency: 4.2832 ms (enqueue 2.13672 ms)
[10/04/2026-22:13:27] [I] Average on 1 runs - GPU latency: 4.22266 ms - Host latency: 4.2832 ms (enqueue 2.05859 ms)
[10/04/2026-22:13:27] [I] Average on 1 runs - GPU latency: 4.21094 ms - Host latency: 4.27148 ms (enqueue 2.08398 ms)
[10/04/2026-22:13:27] [I] Average on 1 runs - GPU latency: 4.21484 ms - Host latency: 4.27344 ms (enqueue 2.04492 ms)
[10/04/2026-22:13:27] [I] Average on 1 runs - GPU latency: 4.22266 ms - Host latency: 4.2832 ms (enqueue 2.08008 ms)
[10/04/2026-22:13:27] [I] Average on 1 runs - GPU latency: 4.21094 ms - Host latency: 4.27344 ms (enqueue 2.08984 ms)
[10/04/2026-22:13:27] [I] Average on 1 runs - GPU latency: 4.21484 ms - Host latency: 4.2832 ms (enqueue 2.05859 ms)
[10/04/2026-22:13:27] [I] Average on 1 runs - GPU latency: 4.21484 ms - Host latency: 4.27539 ms (enqueue 2.15625 ms)
[10/04/2026-22:13:27] [I] Average on 1 runs - GPU latency: 4.2168 ms - Host latency: 4.28125 ms (enqueue 2.07227 ms)
[10/04/2026-22:13:27] [I] Average on 1 runs - GPU latency: 4.2207 ms - Host latency: 4.28125 ms (enqueue 2.125 ms)
[10/04/2026-22:13:27] [I] Average on 1 runs - GPU latency: 4.23633 ms - Host latency: 4.30078 ms (enqueue 2.24805 ms)
[10/04/2026-22:13:27] [I] Average on 1 runs - GPU latency: 4.22266 ms - Host latency: 4.29297 ms (enqueue 2.36719 ms)
[10/04/2026-22:13:27] [I] Average on 1 runs - GPU latency: 4.21289 ms - Host latency: 4.2793 ms (enqueue 2.21094 ms)
[10/04/2026-22:13:27] [I] Average on 1 runs - GPU latency: 4.22461 ms - Host latency: 4.29102 ms (enqueue 2.17578 ms)
[10/04/2026-22:13:27] [I] Average on 1 runs - GPU latency: 4.22461 ms - Host latency: 4.28906 ms (enqueue 2.41406 ms)
[10/04/2026-22:13:27] [I] Average on 1 runs - GPU latency: 4.22461 ms - Host latency: 4.28906 ms (enqueue 2.21094 ms)
[10/04/2026-22:13:27] [I] Average on 1 runs - GPU latency: 4.22852 ms - Host latency: 4.29297 ms (enqueue 2.22461 ms)
[10/04/2026-22:13:27] [I] Average on 1 runs - GPU latency: 4.21875 ms - Host latency: 4.28125 ms (enqueue 2.18359 ms)
[10/04/2026-22:13:27] [I] Average on 1 runs - GPU latency: 4.21289 ms - Host latency: 4.27539 ms (enqueue 2.10742 ms)
[10/04/2026-22:13:27] [I] Average on 1 runs - GPU latency: 4.2168 ms - Host latency: 4.2793 ms (enqueue 2.1543 ms)
[10/04/2026-22:13:27] [I] Average on 1 runs - GPU latency: 4.21289 ms - Host latency: 4.2832 ms (enqueue 2.08398 ms)
[10/04/2026-22:13:27] [I] Average on 1 runs - GPU latency: 4.21875 ms - Host latency: 4.28125 ms (enqueue 2.11914 ms)
[10/04/2026-22:13:27] [I] Average on 1 runs - GPU latency: 4.2207 ms - Host latency: 4.2832 ms (enqueue 2.22461 ms)
[10/04/2026-22:13:27] [I] Average on 1 runs - GPU latency: 4.2168 ms - Host latency: 4.2793 ms (enqueue 2.11914 ms)
[10/04/2026-22:13:27] [I] Average on 1 runs - GPU latency: 4.2168 ms - Host latency: 4.28516 ms (enqueue 2.15039 ms)
[10/04/2026-22:13:27] [I] Average on 1 runs - GPU latency: 4.20898 ms - Host latency: 4.27148 ms (enqueue 2.08984 ms)
[10/04/2026-22:13:27] [I] Average on 1 runs - GPU latency: 4.21289 ms - Host latency: 4.27539 ms (enqueue 2.08789 ms)
[10/04/2026-22:13:27] [I] Average on 1 runs - GPU latency: 4.2168 ms - Host latency: 4.27734 ms (enqueue 2.04883 ms)
[10/04/2026-22:13:27] [I] Average on 1 runs - GPU latency: 4.21484 ms - Host latency: 4.2793 ms (enqueue 2.09375 ms)
[10/04/2026-22:13:27] [I] Average on 1 runs - GPU latency: 4.20898 ms - Host latency: 4.26953 ms (enqueue 2.04688 ms)
[10/04/2026-22:13:27] [I] Average on 1 runs - GPU latency: 4.2207 ms - Host latency: 4.28125 ms (enqueue 2.18945 ms)
[10/04/2026-22:13:27] [I] Average on 1 runs - GPU latency: 4.21484 ms - Host latency: 4.27734 ms (enqueue 2.08203 ms)
[10/04/2026-22:13:27] [I] Average on 1 runs - GPU latency: 4.20703 ms - Host latency: 4.26758 ms (enqueue 2.0957 ms)
[10/04/2026-22:13:27] [I] Average on 1 runs - GPU latency: 4.2168 ms - Host latency: 4.27734 ms (enqueue 2.05469 ms)
[10/04/2026-22:13:27] [I] Average on 1 runs - GPU latency: 4.2168 ms - Host latency: 4.27734 ms (enqueue 2.07812 ms)
[10/04/2026-22:13:27] [I] Average on 1 runs - GPU latency: 4.2168 ms - Host latency: 4.27539 ms (enqueue 2.08398 ms)
[10/04/2026-22:13:27] [I] Average on 1 runs - GPU latency: 4.2168 ms - Host latency: 4.28125 ms (enqueue 2.06836 ms)
[10/04/2026-22:13:27] [I] Average on 1 runs - GPU latency: 4.21094 ms - Host latency: 4.27344 ms (enqueue 2.10352 ms)
[10/04/2026-22:13:27] [I] Average on 1 runs - GPU latency: 4.2168 ms - Host latency: 4.27734 ms (enqueue 2.09375 ms)
[10/04/2026-22:13:27] [I] Average on 1 runs - GPU latency: 4.21289 ms - Host latency: 4.27344 ms (enqueue 2.14648 ms)
[10/04/2026-22:13:27] [I] Average on 1 runs - GPU latency: 4.21094 ms - Host latency: 4.27148 ms (enqueue 2.07031 ms)
[10/04/2026-22:13:27] [I] Average on 1 runs - GPU latency: 4.21484 ms - Host latency: 4.27539 ms (enqueue 2.11914 ms)
[10/04/2026-22:13:27] [I] Average on 1 runs - GPU latency: 4.21094 ms - Host latency: 4.27148 ms (enqueue 2.06055 ms)
[10/04/2026-22:13:27] [I] Average on 1 runs - GPU latency: 4.2207 ms - Host latency: 4.28125 ms (enqueue 2.08594 ms)
[10/04/2026-22:13:27] [I] Average on 1 runs - GPU latency: 4.21484 ms - Host latency: 4.27344 ms (enqueue 2.08398 ms)
[10/04/2026-22:13:27] [I] Average on 1 runs - GPU latency: 4.21484 ms - Host latency: 4.27539 ms (enqueue 2.19727 ms)
[10/04/2026-22:13:27] [I] Average on 1 runs - GPU latency: 4.2168 ms - Host latency: 4.27539 ms (enqueue 2.12891 ms)
[10/04/2026-22:13:27] [I] Average on 1 runs - GPU latency: 4.21094 ms - Host latency: 4.28125 ms (enqueue 2.10547 ms)
[10/04/2026-22:13:27] [I] Average on 1 runs - GPU latency: 4.21289 ms - Host latency: 4.27539 ms (enqueue 2.12305 ms)
[10/04/2026-22:13:27] [I] Average on 1 runs - GPU latency: 4.21289 ms - Host latency: 4.27344 ms (enqueue 2.06641 ms)
[10/04/2026-22:13:27] [I] Average on 1 runs - GPU latency: 4.21875 ms - Host latency: 4.2793 ms (enqueue 2.12109 ms)
[10/04/2026-22:13:27] [I] Average on 1 runs - GPU latency: 4.21484 ms - Host latency: 4.28125 ms (enqueue 2.07812 ms)
[10/04/2026-22:13:27] [I] Average on 1 runs - GPU latency: 4.21484 ms - Host latency: 4.27539 ms (enqueue 2.09375 ms)
[10/04/2026-22:13:27] [I] Average on 1 runs - GPU latency: 4.20898 ms - Host latency: 4.26953 ms (enqueue 2.08203 ms)
[10/04/2026-22:13:27] [I] Average on 1 runs - GPU latency: 4.2207 ms - Host latency: 4.28125 ms (enqueue 2.05078 ms)
[10/04/2026-22:13:27] [I] Average on 1 runs - GPU latency: 4.20898 ms - Host latency: 4.26953 ms (enqueue 2.14453 ms)
[10/04/2026-22:13:27] [I] Average on 1 runs - GPU latency: 4.20508 ms - Host latency: 4.26562 ms (enqueue 2.07422 ms)
[10/04/2026-22:13:27] [I] Average on 1 runs - GPU latency: 4.20898 ms - Host latency: 4.27148 ms (enqueue 2.09766 ms)
[10/04/2026-22:13:27] [I] Average on 1 runs - GPU latency: 4.20898 ms - Host latency: 4.26953 ms (enqueue 2.05664 ms)
[10/04/2026-22:13:27] [I] Average on 1 runs - GPU latency: 4.21484 ms - Host latency: 4.27539 ms (enqueue 2.11523 ms)
[10/04/2026-22:13:27] [I] Average on 1 runs - GPU latency: 4.21484 ms - Host latency: 4.27539 ms (enqueue 2.04492 ms)
[10/04/2026-22:13:27] [I] Average on 1 runs - GPU latency: 4.2168 ms - Host latency: 4.27734 ms (enqueue 2.14844 ms)
[10/04/2026-22:13:27] [I] Average on 1 runs - GPU latency: 4.21484 ms - Host latency: 4.27539 ms (enqueue 2.06055 ms)
[10/04/2026-22:13:27] [I] Average on 1 runs - GPU latency: 4.21484 ms - Host latency: 4.27734 ms (enqueue 2.09961 ms)
[10/04/2026-22:13:27] [I] Average on 1 runs - GPU latency: 4.21289 ms - Host latency: 4.27539 ms (enqueue 2.11719 ms)
[10/04/2026-22:13:27] [I] Average on 1 runs - GPU latency: 4.21484 ms - Host latency: 4.2793 ms (enqueue 2.0625 ms)
[10/04/2026-22:13:27] [I] Average on 1 runs - GPU latency: 4.21484 ms - Host latency: 4.2793 ms (enqueue 2.15039 ms)
[10/04/2026-22:13:27] [I] Average on 1 runs - GPU latency: 4.2168 ms - Host latency: 4.2793 ms (enqueue 2.07422 ms)
[10/04/2026-22:13:27] [I] Average on 1 runs - GPU latency: 4.21094 ms - Host latency: 4.27148 ms (enqueue 2.10742 ms)
[10/04/2026-22:13:27] [I] Average on 1 runs - GPU latency: 4.21094 ms - Host latency: 4.27148 ms (enqueue 2.04492 ms)
[10/04/2026-22:13:27] [I] Average on 1 runs - GPU latency: 4.21094 ms - Host latency: 4.27148 ms (enqueue 2.09961 ms)
[10/04/2026-22:13:27] [I] Average on 1 runs - GPU latency: 4.21094 ms - Host latency: 4.27344 ms (enqueue 2.09766 ms)
[10/04/2026-22:13:27] [I] Average on 1 runs - GPU latency: 4.22266 ms - Host latency: 4.2832 ms (enqueue 2.08789 ms)
[10/04/2026-22:13:27] [I] Average on 1 runs - GPU latency: 4.21289 ms - Host latency: 4.27344 ms (enqueue 2.10938 ms)
[10/04/2026-22:13:27] [I] Average on 1 runs - GPU latency: 4.21094 ms - Host latency: 4.27148 ms (enqueue 2.06445 ms)
[10/04/2026-22:13:27] [I] Average on 1 runs - GPU latency: 4.20312 ms - Host latency: 4.26367 ms (enqueue 2.09375 ms)
[10/04/2026-22:13:27] [I] Average on 1 runs - GPU latency: 4.21289 ms - Host latency: 4.27344 ms (enqueue 2.05859 ms)
[10/04/2026-22:13:27] [I] Average on 1 runs - GPU latency: 4.2207 ms - Host latency: 4.28125 ms (enqueue 2.08398 ms)
[10/04/2026-22:13:27] [I] Average on 1 runs - GPU latency: 4.21289 ms - Host latency: 4.27344 ms (enqueue 2.05078 ms)
[10/04/2026-22:13:27] [I] Average on 1 runs - GPU latency: 4.21289 ms - Host latency: 4.27539 ms (enqueue 2.14453 ms)
[10/04/2026-22:13:27] [I] Average on 1 runs - GPU latency: 4.20898 ms - Host latency: 4.26953 ms (enqueue 2.0625 ms)
[10/04/2026-22:13:27] [I] Average on 1 runs - GPU latency: 4.21484 ms - Host latency: 4.27539 ms (enqueue 2.11328 ms)
[10/04/2026-22:13:27] [I] Average on 1 runs - GPU latency: 4.2207 ms - Host latency: 4.28125 ms (enqueue 2.09766 ms)
[10/04/2026-22:13:27] [I] Average on 1 runs - GPU latency: 4.21484 ms - Host latency: 4.27539 ms (enqueue 2.06836 ms)
[10/04/2026-22:13:27] [I] Average on 1 runs - GPU latency: 4.21094 ms - Host latency: 4.27148 ms (enqueue 2.08203 ms)
[10/04/2026-22:13:27] [I] Average on 1 runs - GPU latency: 4.20898 ms - Host latency: 4.27148 ms (enqueue 2.06445 ms)
[10/04/2026-22:13:27] [I] Average on 1 runs - GPU latency: 4.21484 ms - Host latency: 4.27539 ms (enqueue 2.09375 ms)
[10/04/2026-22:13:27] [I] Average on 1 runs - GPU latency: 4.21484 ms - Host latency: 4.27734 ms (enqueue 2.09766 ms)
[10/04/2026-22:13:27] [I] Average on 1 runs - GPU latency: 4.21094 ms - Host latency: 4.28125 ms (enqueue 2.11133 ms)
[10/04/2026-22:13:27] [I] Average on 1 runs - GPU latency: 4.20898 ms - Host latency: 4.27344 ms (enqueue 2.07031 ms)
[10/04/2026-22:13:27] [I] Average on 1 runs - GPU latency: 4.2168 ms - Host latency: 4.27539 ms (enqueue 2.12891 ms)
[10/04/2026-22:13:27] [I] Average on 1 runs - GPU latency: 4.21875 ms - Host latency: 4.27734 ms (enqueue 2.05469 ms)
[10/04/2026-22:13:27] [I] Average on 1 runs - GPU latency: 4.21484 ms - Host latency: 4.27344 ms (enqueue 2.05078 ms)
[10/04/2026-22:13:27] [I] Average on 1 runs - GPU latency: 4.21094 ms - Host latency: 4.27344 ms (enqueue 2.08203 ms)
[10/04/2026-22:13:27] [I] Average on 1 runs - GPU latency: 4.21289 ms - Host latency: 4.27734 ms (enqueue 2.05664 ms)
[10/04/2026-22:13:27] [I] Average on 1 runs - GPU latency: 4.21094 ms - Host latency: 4.27148 ms (enqueue 2.14844 ms)
[10/04/2026-22:13:27] [I] Average on 1 runs - GPU latency: 4.2168 ms - Host latency: 4.27734 ms (enqueue 2.06641 ms)
[10/04/2026-22:13:27] [I] Average on 1 runs - GPU latency: 4.22852 ms - Host latency: 4.28906 ms (enqueue 2.31055 ms)
[10/04/2026-22:13:27] [I] Average on 1 runs - GPU latency: 4.22266 ms - Host latency: 4.29492 ms (enqueue 2.35742 ms)
[10/04/2026-22:13:27] [I] Average on 1 runs - GPU latency: 4.21875 ms - Host latency: 4.28711 ms (enqueue 2.22461 ms)
[10/04/2026-22:13:27] [I] Average on 1 runs - GPU latency: 4.22461 ms - Host latency: 4.29102 ms (enqueue 2.22266 ms)
[10/04/2026-22:13:27] [I] Average on 1 runs - GPU latency: 4.22656 ms - Host latency: 4.29492 ms (enqueue 2.29883 ms)
[10/04/2026-22:13:27] [I] Average on 1 runs - GPU latency: 4.22266 ms - Host latency: 4.30078 ms (enqueue 2.2207 ms)
[10/04/2026-22:13:27] [I] Average on 1 runs - GPU latency: 4.2207 ms - Host latency: 4.28711 ms (enqueue 2.16797 ms)
[10/04/2026-22:13:27] [I] Average on 1 runs - GPU latency: 4.2168 ms - Host latency: 4.28516 ms (enqueue 2.38477 ms)
[10/04/2026-22:13:27] [I] Average on 1 runs - GPU latency: 4.21875 ms - Host latency: 4.2832 ms (enqueue 2.09375 ms)
[10/04/2026-22:13:27] [I] Average on 1 runs - GPU latency: 4.21094 ms - Host latency: 4.27148 ms (enqueue 2.03906 ms)
[10/04/2026-22:13:27] [I] Average on 1 runs - GPU latency: 4.20898 ms - Host latency: 4.27344 ms (enqueue 2.03516 ms)
[10/04/2026-22:13:27] [I] Average on 1 runs - GPU latency: 4.21094 ms - Host latency: 4.27344 ms (enqueue 2.03516 ms)
[10/04/2026-22:13:27] [I] Average on 1 runs - GPU latency: 4.21289 ms - Host latency: 4.27539 ms (enqueue 2.07422 ms)
[10/04/2026-22:13:27] [I] Average on 1 runs - GPU latency: 4.20898 ms - Host latency: 4.27148 ms (enqueue 2.04688 ms)
[10/04/2026-22:13:27] [I] Average on 1 runs - GPU latency: 4.21289 ms - Host latency: 4.27539 ms (enqueue 2.11133 ms)
[10/04/2026-22:13:27] [I] Average on 1 runs - GPU latency: 4.21484 ms - Host latency: 4.2793 ms (enqueue 2.01758 ms)
[10/04/2026-22:13:27] [I] Average on 1 runs - GPU latency: 4.2168 ms - Host latency: 4.27734 ms (enqueue 2.05469 ms)
[10/04/2026-22:13:27] [I] Average on 1 runs - GPU latency: 4.2168 ms - Host latency: 4.28125 ms (enqueue 2.07031 ms)
[10/04/2026-22:13:27] [I] Average on 1 runs - GPU latency: 4.21484 ms - Host latency: 4.2793 ms (enqueue 2.04102 ms)
[10/04/2026-22:13:27] [I] Average on 1 runs - GPU latency: 4.2168 ms - Host latency: 4.28125 ms (enqueue 2.0957 ms)
[10/04/2026-22:13:27] [I] Average on 1 runs - GPU latency: 4.21289 ms - Host latency: 4.27734 ms (enqueue 1.99805 ms)
[10/04/2026-22:13:27] [I] Average on 1 runs - GPU latency: 4.21289 ms - Host latency: 4.27734 ms (enqueue 2.05469 ms)
[10/04/2026-22:13:27] [I] Average on 1 runs - GPU latency: 4.21875 ms - Host latency: 4.2832 ms (enqueue 2.08203 ms)
[10/04/2026-22:13:27] [I] Average on 1 runs - GPU latency: 4.21094 ms - Host latency: 4.27148 ms (enqueue 2.08203 ms)
[10/04/2026-22:13:27] [I] Average on 1 runs - GPU latency: 4.21094 ms - Host latency: 4.27148 ms (enqueue 2.04688 ms)
[10/04/2026-22:13:27] [I] Average on 1 runs - GPU latency: 4.21289 ms - Host latency: 4.27539 ms (enqueue 2.06836 ms)
[10/04/2026-22:13:27] [I] Average on 1 runs - GPU latency: 4.21289 ms - Host latency: 4.27539 ms (enqueue 2.02539 ms)
[10/04/2026-22:13:27] [I] Average on 1 runs - GPU latency: 4.21289 ms - Host latency: 4.27539 ms (enqueue 2.08984 ms)
[10/04/2026-22:13:27] [I] Average on 1 runs - GPU latency: 4.21289 ms - Host latency: 4.27344 ms (enqueue 2.0625 ms)
[10/04/2026-22:13:27] [I] Average on 1 runs - GPU latency: 4.21875 ms - Host latency: 4.2832 ms (enqueue 2.06641 ms)
[10/04/2026-22:13:27] [I] Average on 1 runs - GPU latency: 4.23047 ms - Host latency: 4.29102 ms (enqueue 2.12109 ms)
[10/04/2026-22:13:27] [I] Average on 1 runs - GPU latency: 4.2168 ms - Host latency: 4.28125 ms (enqueue 2.05469 ms)
[10/04/2026-22:13:27] [I] Average on 1 runs - GPU latency: 4.2207 ms - Host latency: 4.29492 ms (enqueue 2.0957 ms)
[10/04/2026-22:13:27] [I] Average on 1 runs - GPU latency: 4.21094 ms - Host latency: 4.27148 ms (enqueue 2.04492 ms)
[10/04/2026-22:13:27] [I] Average on 1 runs - GPU latency: 4.21094 ms - Host latency: 4.27344 ms (enqueue 2.0918 ms)
[10/04/2026-22:13:27] [I] Average on 1 runs - GPU latency: 4.2168 ms - Host latency: 4.2793 ms (enqueue 2.05664 ms)
[10/04/2026-22:13:27] [I] Average on 1 runs - GPU latency: 4.22656 ms - Host latency: 4.28516 ms (enqueue 2.08789 ms)
[10/04/2026-22:13:27] [I] Average on 1 runs - GPU latency: 4.2168 ms - Host latency: 4.27539 ms (enqueue 2.03906 ms)
[10/04/2026-22:13:27] [I] Average on 1 runs - GPU latency: 4.2207 ms - Host latency: 4.28516 ms (enqueue 2.11914 ms)
[10/04/2026-22:13:27] [I] Average on 1 runs - GPU latency: 4.21289 ms - Host latency: 4.27539 ms (enqueue 2.10352 ms)
[10/04/2026-22:13:27] [I] Average on 1 runs - GPU latency: 4.21289 ms - Host latency: 4.27734 ms (enqueue 2.04688 ms)
[10/04/2026-22:13:27] [I] Average on 1 runs - GPU latency: 4.21484 ms - Host latency: 4.27734 ms (enqueue 2.10938 ms)
[10/04/2026-22:13:27] [I] Average on 1 runs - GPU latency: 4.20703 ms - Host latency: 4.26953 ms (enqueue 2.05273 ms)
[10/04/2026-22:13:27] [I] Average on 1 runs - GPU latency: 4.20703 ms - Host latency: 4.26758 ms (enqueue 2.0957 ms)
[10/04/2026-22:13:27] [I] Average on 1 runs - GPU latency: 4.20898 ms - Host latency: 4.27539 ms (enqueue 2.04297 ms)
[10/04/2026-22:13:27] [I] Average on 1 runs - GPU latency: 4.21484 ms - Host latency: 4.27539 ms (enqueue 2.09766 ms)
[10/04/2026-22:13:27] [I] Average on 1 runs - GPU latency: 4.21875 ms - Host latency: 4.2793 ms (enqueue 2.07422 ms)
[10/04/2026-22:13:27] [I] Average on 1 runs - GPU latency: 4.21094 ms - Host latency: 4.2793 ms (enqueue 2.0957 ms)
[10/04/2026-22:13:27] [I] Average on 1 runs - GPU latency: 4.21484 ms - Host latency: 4.27539 ms (enqueue 2.0957 ms)
[10/04/2026-22:13:27] [I] Average on 1 runs - GPU latency: 4.21484 ms - Host latency: 4.27734 ms (enqueue 2.07227 ms)
[10/04/2026-22:13:27] [I] Average on 1 runs - GPU latency: 4.21875 ms - Host latency: 4.2793 ms (enqueue 2.09766 ms)
[10/04/2026-22:13:27] [I] Average on 1 runs - GPU latency: 4.20898 ms - Host latency: 4.26953 ms (enqueue 2.03906 ms)
[10/04/2026-22:13:27] [I] Average on 1 runs - GPU latency: 4.20898 ms - Host latency: 4.26758 ms (enqueue 2.08984 ms)
[10/04/2026-22:13:27] [I] Average on 1 runs - GPU latency: 4.21484 ms - Host latency: 4.27734 ms (enqueue 2.04102 ms)
[10/04/2026-22:13:27] [I] Average on 1 runs - GPU latency: 4.2168 ms - Host latency: 4.27734 ms (enqueue 2.11523 ms)
[10/04/2026-22:13:27] [I] Average on 1 runs - GPU latency: 4.21094 ms - Host latency: 4.27344 ms (enqueue 2.07031 ms)
[10/04/2026-22:13:27] [I] Average on 1 runs - GPU latency: 4.2168 ms - Host latency: 4.28125 ms (enqueue 2.13867 ms)
[10/04/2026-22:13:27] [I] Average on 1 runs - GPU latency: 4.21094 ms - Host latency: 4.27344 ms (enqueue 2.06445 ms)
[10/04/2026-22:13:27] [I] Average on 1 runs - GPU latency: 4.20898 ms - Host latency: 4.27539 ms (enqueue 2.06055 ms)
[10/04/2026-22:13:27] [I] Average on 1 runs - GPU latency: 4.21484 ms - Host latency: 4.27539 ms (enqueue 2.10938 ms)
[10/04/2026-22:13:27] [I] Average on 1 runs - GPU latency: 4.21875 ms - Host latency: 4.28125 ms (enqueue 2.05273 ms)
[10/04/2026-22:13:27] [I] Average on 1 runs - GPU latency: 4.21289 ms - Host latency: 4.26953 ms (enqueue 2.08398 ms)
[10/04/2026-22:13:27] [I] Average on 1 runs - GPU latency: 4.22461 ms - Host latency: 4.28906 ms (enqueue 2.07422 ms)
[10/04/2026-22:13:27] [I] Average on 1 runs - GPU latency: 4.21875 ms - Host latency: 4.28125 ms (enqueue 2.12695 ms)
[10/04/2026-22:13:27] [I] Average on 1 runs - GPU latency: 4.2168 ms - Host latency: 4.27734 ms (enqueue 2.05664 ms)
[10/04/2026-22:13:27] [I] Average on 1 runs - GPU latency: 4.2168 ms - Host latency: 4.27734 ms (enqueue 2.07812 ms)
[10/04/2026-22:13:27] [I] Average on 1 runs - GPU latency: 4.21484 ms - Host latency: 4.27734 ms (enqueue 2.0625 ms)
[10/04/2026-22:13:27] [I] Average on 1 runs - GPU latency: 4.2207 ms - Host latency: 4.28125 ms (enqueue 2.09766 ms)
[10/04/2026-22:13:27] [I] Average on 1 runs - GPU latency: 4.22266 ms - Host latency: 4.2832 ms (enqueue 2.10156 ms)
[10/04/2026-22:13:27] [I] Average on 1 runs - GPU latency: 4.22266 ms - Host latency: 4.2832 ms (enqueue 2.05859 ms)
[10/04/2026-22:13:27] [I] Average on 1 runs - GPU latency: 4.21484 ms - Host latency: 4.27539 ms (enqueue 2.09375 ms)
[10/04/2026-22:13:27] [I] Average on 1 runs - GPU latency: 4.21875 ms - Host latency: 4.2832 ms (enqueue 2.08008 ms)
[10/04/2026-22:13:27] [I] Average on 1 runs - GPU latency: 4.22266 ms - Host latency: 4.2832 ms (enqueue 2.0918 ms)
[10/04/2026-22:13:27] [I] Average on 1 runs - GPU latency: 4.21289 ms - Host latency: 4.2832 ms (enqueue 2.06055 ms)
[10/04/2026-22:13:27] [I] Average on 1 runs - GPU latency: 4.2168 ms - Host latency: 4.27734 ms (enqueue 2.09375 ms)
[10/04/2026-22:13:27] [I] Average on 1 runs - GPU latency: 4.22266 ms - Host latency: 4.28516 ms (enqueue 2.04102 ms)
[10/04/2026-22:13:27] [I] Average on 1 runs - GPU latency: 4.22266 ms - Host latency: 4.2832 ms (enqueue 2.07227 ms)
[10/04/2026-22:13:27] [I] Average on 1 runs - GPU latency: 4.21484 ms - Host latency: 4.27734 ms (enqueue 2.04883 ms)
[10/04/2026-22:13:27] [I] Average on 1 runs - GPU latency: 4.21289 ms - Host latency: 4.27344 ms (enqueue 2.06445 ms)
[10/04/2026-22:13:27] [I] Average on 1 runs - GPU latency: 4.2168 ms - Host latency: 4.28125 ms (enqueue 2.13281 ms)
[10/04/2026-22:13:27] [I] Average on 1 runs - GPU latency: 4.21875 ms - Host latency: 4.2793 ms (enqueue 2.06641 ms)
[10/04/2026-22:13:27] [I] Average on 1 runs - GPU latency: 4.21289 ms - Host latency: 4.27539 ms (enqueue 2.10547 ms)
[10/04/2026-22:13:27] [I] Average on 1 runs - GPU latency: 4.2168 ms - Host latency: 4.2793 ms (enqueue 2.03906 ms)
[10/04/2026-22:13:27] [I] Average on 1 runs - GPU latency: 4.20898 ms - Host latency: 4.27148 ms (enqueue 2.08789 ms)
[10/04/2026-22:13:27] [I] Average on 1 runs - GPU latency: 4.2168 ms - Host latency: 4.2793 ms (enqueue 2.05859 ms)
[10/04/2026-22:13:27] [I] Average on 1 runs - GPU latency: 4.21875 ms - Host latency: 4.2793 ms (enqueue 2.08594 ms)
[10/04/2026-22:13:27] [I] Average on 1 runs - GPU latency: 4.21875 ms - Host latency: 4.2793 ms (enqueue 2.03125 ms)
[10/04/2026-22:13:27] [I] Average on 1 runs - GPU latency: 4.2168 ms - Host latency: 4.2793 ms (enqueue 2.15039 ms)
[10/04/2026-22:13:27] [I] Average on 1 runs - GPU latency: 4.22852 ms - Host latency: 4.29688 ms (enqueue 2.25391 ms)
[10/04/2026-22:13:27] [I] Average on 1 runs - GPU latency: 4.22852 ms - Host latency: 4.29883 ms (enqueue 2.27734 ms)
[10/04/2026-22:13:27] [I] Average on 1 runs - GPU latency: 4.2168 ms - Host latency: 4.28125 ms (enqueue 2.2168 ms)
[10/04/2026-22:13:27] [I] Average on 1 runs - GPU latency: 4.2207 ms - Host latency: 4.28711 ms (enqueue 2.10742 ms)
[10/04/2026-22:13:27] [I] Average on 1 runs - GPU latency: 4.2207 ms - Host latency: 4.29102 ms (enqueue 2.28711 ms)
[10/04/2026-22:13:27] [I] Average on 1 runs - GPU latency: 4.2207 ms - Host latency: 4.2832 ms (enqueue 2.1543 ms)
[10/04/2026-22:13:27] [I] Average on 1 runs - GPU latency: 4.2207 ms - Host latency: 4.28516 ms (enqueue 2.11523 ms)
[10/04/2026-22:13:27] [I] Average on 1 runs - GPU latency: 4.20898 ms - Host latency: 4.27734 ms (enqueue 2.19336 ms)
[10/04/2026-22:13:27] [I] Average on 1 runs - GPU latency: 4.2207 ms - Host latency: 4.28516 ms (enqueue 2.04688 ms)
[10/04/2026-22:13:27] [I] Average on 1 runs - GPU latency: 4.22461 ms - Host latency: 4.28711 ms (enqueue 2.11133 ms)
[10/04/2026-22:13:27] [I] Average on 1 runs - GPU latency: 4.21094 ms - Host latency: 4.27148 ms (enqueue 2.02539 ms)
[10/04/2026-22:13:27] [I] 
[10/04/2026-22:13:27] [I] === Performance summary ===
[10/04/2026-22:13:27] [I] Throughput: 161.017 qps
[10/04/2026-22:13:27] [I] Latency: min = 4.26172 ms, max = 4.39648 ms, mean = 4.27814 ms, median = 4.27734 ms, percentile(90%) = 4.28516 ms, percentile(95%) = 4.28906 ms, percentile(99%) = 4.30078 ms
[10/04/2026-22:13:27] [I] Enqueue Time: min = 1.99121 ms, max = 2.61035 ms, mean = 2.08963 ms, median = 2.0791 ms, percentile(90%) = 2.14355 ms, percentile(95%) = 2.2168 ms, percentile(99%) = 2.3584 ms
[10/04/2026-22:13:27] [I] H2D Latency: min = 0.0546875 ms, max = 0.130371 ms, mean = 0.0583678 ms, median = 0.0576172 ms, percentile(90%) = 0.0615234 ms, percentile(95%) = 0.0644531 ms, percentile(99%) = 0.0693359 ms
[10/04/2026-22:13:27] [I] GPU Compute Time: min = 4.20215 ms, max = 4.28223 ms, mean = 4.21579 ms, median = 4.21533 ms, percentile(90%) = 4.22168 ms, percentile(95%) = 4.22388 ms, percentile(99%) = 4.23242 ms
[10/04/2026-22:13:27] [I] D2H Latency: min = 0.00195312 ms, max = 0.00830078 ms, mean = 0.00398258 ms, median = 0.00390625 ms, percentile(90%) = 0.00439453 ms, percentile(95%) = 0.00488281 ms, percentile(99%) = 0.00585938 ms
[10/04/2026-22:13:27] [I] Total Host Walltime: 15.0171 s
[10/04/2026-22:13:27] [I] Total GPU Compute Time: 10.1938 s
[10/04/2026-22:13:27] [I] Explanations of the performance metrics are printed in the verbose logs.
[10/04/2026-22:13:27] [I] 
&&&& PASSED TensorRT.trtexec [TensorRT v100300] # /usr/src/tensorrt/bin/trtexec --loadEngine=/tmp/yolo26n_84172_uint8_fp16_opt3.engine --warmUp=3000 --duration=15 --idleTime=4 --avgRuns=1
