&&&& RUNNING TensorRT.trtexec [TensorRT v100300] # /usr/src/tensorrt/bin/trtexec --loadEngine=/tmp/yolo26n_84172_uint8_fp16_opt3.engine --warmUp=3000 --duration=15 --idleTime=33 --avgRuns=1
[10/04/2026-22:03:16] [I] === Model Options ===
[10/04/2026-22:03:16] [I] Format: *
[10/04/2026-22:03:16] [I] Model: 
[10/04/2026-22:03:16] [I] Output:
[10/04/2026-22:03:16] [I] 
[10/04/2026-22:03:16] [I] === System Options ===
[10/04/2026-22:03:16] [I] Device: 0
[10/04/2026-22:03:16] [I] DLACore: 
[10/04/2026-22:03:16] [I] Plugins:
[10/04/2026-22:03:16] [I] setPluginsToSerialize:
[10/04/2026-22:03:16] [I] dynamicPlugins:
[10/04/2026-22:03:16] [I] ignoreParsedPluginLibs: 0
[10/04/2026-22:03:16] [I] 
[10/04/2026-22:03:16] [I] === Inference Options ===
[10/04/2026-22:03:16] [I] Batch: Explicit
[10/04/2026-22:03:16] [I] Input inference shapes: model
[10/04/2026-22:03:16] [I] Iterations: 10
[10/04/2026-22:03:16] [I] Duration: 15s (+ 3000ms warm up)
[10/04/2026-22:03:16] [I] Sleep time: 0ms
[10/04/2026-22:03:16] [I] Idle time: 33ms
[10/04/2026-22:03:16] [I] Inference Streams: 1
[10/04/2026-22:03:16] [I] ExposeDMA: Disabled
[10/04/2026-22:03:16] [I] Data transfers: Enabled
[10/04/2026-22:03:16] [I] Spin-wait: Disabled
[10/04/2026-22:03:16] [I] Multithreading: Disabled
[10/04/2026-22:03:16] [I] CUDA Graph: Disabled
[10/04/2026-22:03:16] [I] Separate profiling: Disabled
[10/04/2026-22:03:16] [I] Time Deserialize: Disabled
[10/04/2026-22:03:16] [I] Time Refit: Disabled
[10/04/2026-22:03:16] [I] NVTX verbosity: 0
[10/04/2026-22:03:16] [I] Persistent Cache Ratio: 0
[10/04/2026-22:03:16] [I] Optimization Profile Index: 0
[10/04/2026-22:03:16] [I] Weight Streaming Budget: 100.000000%
[10/04/2026-22:03:16] [I] Inputs:
[10/04/2026-22:03:16] [I] Debug Tensor Save Destinations:
[10/04/2026-22:03:16] [I] === Reporting Options ===
[10/04/2026-22:03:16] [I] Verbose: Disabled
[10/04/2026-22:03:16] [I] Averages: 1 inferences
[10/04/2026-22:03:16] [I] Percentiles: 90,95,99
[10/04/2026-22:03:16] [I] Dump refittable layers:Disabled
[10/04/2026-22:03:16] [I] Dump output: Disabled
[10/04/2026-22:03:16] [I] Profile: Disabled
[10/04/2026-22:03:16] [I] Export timing to JSON file: 
[10/04/2026-22:03:16] [I] Export output to JSON file: 
[10/04/2026-22:03:16] [I] Export profile to JSON file: 
[10/04/2026-22:03:16] [I] 
[10/04/2026-22:03:16] [I] === Device Information ===
[10/04/2026-22:03:16] [I] Available Devices: 
[10/04/2026-22:03:16] [I]   Device 0: "Orin" UUID: GPU-6e16c2c1-e394-5324-8f2e-63a975968f4e
[10/04/2026-22:03:16] [I] Selected Device: Orin
[10/04/2026-22:03:16] [I] Selected Device ID: 0
[10/04/2026-22:03:16] [I] Selected Device UUID: GPU-6e16c2c1-e394-5324-8f2e-63a975968f4e
[10/04/2026-22:03:16] [I] Compute Capability: 8.7
[10/04/2026-22:03:16] [I] SMs: 8
[10/04/2026-22:03:16] [I] Device Global Memory: 7607 MiB
[10/04/2026-22:03:16] [I] Shared Memory per SM: 164 KiB
[10/04/2026-22:03:16] [I] Memory Bus Width: 128 bits (ECC disabled)
[10/04/2026-22:03:16] [I] Application Compute Clock Rate: 1.02 GHz
[10/04/2026-22:03:16] [I] Application Memory Clock Rate: 1.02 GHz
[10/04/2026-22:03:16] [I] 
[10/04/2026-22:03:16] [I] Note: The application clock rates do not reflect the actual clock rates that the GPU is currently running at.
[10/04/2026-22:03:16] [I] 
[10/04/2026-22:03:16] [I] TensorRT version: 10.3.0
[10/04/2026-22:03:16] [I] Loading standard plugins
[10/04/2026-22:03:16] [I] [TRT] Loaded engine size: 7 MiB
[10/04/2026-22:03:16] [I] Engine deserialized in 0.080372 sec.
[10/04/2026-22:03:16] [I] [TRT] [MemUsageChange] TensorRT-managed allocation in IExecutionContext creation: CPU +0, GPU +12, now: CPU 0, GPU 16 (MiB)
[10/04/2026-22:03:16] [I] Setting persistentCacheLimit to 0 bytes.
[10/04/2026-22:03:16] [I] Created execution context with device memory size: 12.207 MiB
[10/04/2026-22:03:16] [I] Using random values for input images
[10/04/2026-22:03:16] [I] Input binding for images with dimensions 1x640x640x3 is created.
[10/04/2026-22:03:16] [I] Output binding for output0 with dimensions 1x300x6 is created.
[10/04/2026-22:03:16] [I] Starting inference
[10/04/2026-22:03:34] [I] Warmup completed 660 queries over 3000 ms
[10/04/2026-22:03:34] [I] Timing trace has 403 queries over 15.086 s
[10/04/2026-22:03:34] [I] 
[10/04/2026-22:03:34] [I] === Trace details ===
[10/04/2026-22:03:34] [I] Trace averages of 1 runs:
[10/04/2026-22:03:34] [I] Average on 1 runs - GPU latency: 4.26465 ms - Host latency: 4.41919 ms (enqueue 3.16016 ms)
[10/04/2026-22:03:34] [I] Average on 1 runs - GPU latency: 4.22559 ms - Host latency: 4.37109 ms (enqueue 3.12964 ms)
[10/04/2026-22:03:34] [I] Average on 1 runs - GPU latency: 4.23438 ms - Host latency: 4.30542 ms (enqueue 3.1416 ms)
[10/04/2026-22:03:34] [I] Average on 1 runs - GPU latency: 4.22876 ms - Host latency: 4.30225 ms (enqueue 3.35205 ms)
[10/04/2026-22:03:34] [I] Average on 1 runs - GPU latency: 4.23315 ms - Host latency: 4.3064 ms (enqueue 3.83789 ms)
[10/04/2026-22:03:34] [I] Average on 1 runs - GPU latency: 4.39624 ms - Host latency: 4.46509 ms (enqueue 4.27295 ms)
[10/04/2026-22:03:34] [I] Average on 1 runs - GPU latency: 4.35181 ms - Host latency: 4.42432 ms (enqueue 4.22827 ms)
[10/04/2026-22:03:34] [I] Average on 1 runs - GPU latency: 4.33374 ms - Host latency: 4.40186 ms (enqueue 4.21802 ms)
[10/04/2026-22:03:34] [I] Average on 1 runs - GPU latency: 4.38672 ms - Host latency: 4.45386 ms (enqueue 4.25806 ms)
[10/04/2026-22:03:34] [I] Average on 1 runs - GPU latency: 4.57275 ms - Host latency: 4.66333 ms (enqueue 4.28516 ms)
[10/04/2026-22:03:34] [I] Average on 1 runs - GPU latency: 4.54175 ms - Host latency: 4.63403 ms (enqueue 4.30664 ms)
[10/04/2026-22:03:34] [I] Average on 1 runs - GPU latency: 5.03809 ms - Host latency: 5.12036 ms (enqueue 4.20044 ms)
[10/04/2026-22:03:34] [I] Average on 1 runs - GPU latency: 5.05298 ms - Host latency: 5.13794 ms (enqueue 4.24268 ms)
[10/04/2026-22:03:34] [I] Average on 1 runs - GPU latency: 5.52563 ms - Host latency: 5.63232 ms (enqueue 4.36108 ms)
[10/04/2026-22:03:34] [I] Average on 1 runs - GPU latency: 6.00293 ms - Host latency: 6.09473 ms (enqueue 4.20215 ms)
[10/04/2026-22:03:34] [I] Average on 1 runs - GPU latency: 6.09302 ms - Host latency: 6.18408 ms (enqueue 4.30371 ms)
[10/04/2026-22:03:34] [I] Average on 1 runs - GPU latency: 6.74683 ms - Host latency: 6.87134 ms (enqueue 4.66357 ms)
[10/04/2026-22:03:34] [I] Average on 1 runs - GPU latency: 6.81226 ms - Host latency: 6.92603 ms (enqueue 4.36133 ms)
[10/04/2026-22:03:34] [I] Average on 1 runs - GPU latency: 6.79102 ms - Host latency: 6.90063 ms (enqueue 4.32373 ms)
[10/04/2026-22:03:34] [I] Average on 1 runs - GPU latency: 6.80981 ms - Host latency: 6.92212 ms (enqueue 4.40503 ms)
[10/04/2026-22:03:34] [I] Average on 1 runs - GPU latency: 6.81567 ms - Host latency: 6.93823 ms (enqueue 4.41528 ms)
[10/04/2026-22:03:34] [I] Average on 1 runs - GPU latency: 7.84668 ms - Host latency: 7.96436 ms (enqueue 4.30249 ms)
[10/04/2026-22:03:34] [I] Average on 1 runs - GPU latency: 7.82446 ms - Host latency: 7.96094 ms (enqueue 4.34448 ms)
[10/04/2026-22:03:34] [I] Average on 1 runs - GPU latency: 7.82886 ms - Host latency: 7.99536 ms (enqueue 4.37817 ms)
[10/04/2026-22:03:34] [I] Average on 1 runs - GPU latency: 7.82886 ms - Host latency: 7.95142 ms (enqueue 4.31299 ms)
[10/04/2026-22:03:34] [I] Average on 1 runs - GPU latency: 9.52612 ms - Host latency: 9.69189 ms (enqueue 4.45801 ms)
[10/04/2026-22:03:34] [I] Average on 1 runs - GPU latency: 9.52417 ms - Host latency: 9.68481 ms (enqueue 4.35938 ms)
[10/04/2026-22:03:34] [I] Average on 1 runs - GPU latency: 9.51904 ms - Host latency: 9.65918 ms (enqueue 4.33716 ms)
[10/04/2026-22:03:34] [I] Average on 1 runs - GPU latency: 9.52075 ms - Host latency: 9.66211 ms (enqueue 4.3667 ms)
[10/04/2026-22:03:34] [I] Average on 1 runs - GPU latency: 9.52832 ms - Host latency: 9.69116 ms (enqueue 4.40723 ms)
[10/04/2026-22:03:34] [I] Average on 1 runs - GPU latency: 9.5188 ms - Host latency: 9.65869 ms (enqueue 4.33594 ms)
[10/04/2026-22:03:34] [I] Average on 1 runs - GPU latency: 9.53174 ms - Host latency: 9.69727 ms (enqueue 4.4585 ms)
[10/04/2026-22:03:34] [I] Average on 1 runs - GPU latency: 12.4258 ms - Host latency: 12.606 ms (enqueue 4.28906 ms)
[10/04/2026-22:03:34] [I] Average on 1 runs - GPU latency: 12.437 ms - Host latency: 12.6206 ms (enqueue 4.30225 ms)
[10/04/2026-22:03:34] [I] Average on 1 runs - GPU latency: 12.4102 ms - Host latency: 12.5889 ms (enqueue 4.24023 ms)
[10/04/2026-22:03:34] [I] Average on 1 runs - GPU latency: 12.4277 ms - Host latency: 12.6069 ms (enqueue 4.28564 ms)
[10/04/2026-22:03:34] [I] Average on 1 runs - GPU latency: 12.4326 ms - Host latency: 12.6108 ms (enqueue 4.34473 ms)
[10/04/2026-22:03:34] [I] Average on 1 runs - GPU latency: 12.4155 ms - Host latency: 12.6406 ms (enqueue 4.34863 ms)
[10/04/2026-22:03:34] [I] Average on 1 runs - GPU latency: 12.4224 ms - Host latency: 12.6279 ms (enqueue 4.3335 ms)
[10/04/2026-22:03:34] [I] Average on 1 runs - GPU latency: 12.4189 ms - Host latency: 12.5986 ms (enqueue 4.29199 ms)
[10/04/2026-22:03:34] [I] Average on 1 runs - GPU latency: 12.4258 ms - Host latency: 12.604 ms (enqueue 4.34814 ms)
[10/04/2026-22:03:34] [I] Average on 1 runs - GPU latency: 12.4224 ms - Host latency: 12.6245 ms (enqueue 4.33252 ms)
[10/04/2026-22:03:34] [I] Average on 1 runs - GPU latency: 12.4199 ms - Host latency: 12.6001 ms (enqueue 4.31006 ms)
[10/04/2026-22:03:34] [I] Average on 1 runs - GPU latency: 12.4199 ms - Host latency: 12.6021 ms (enqueue 4.33496 ms)
[10/04/2026-22:03:34] [I] Average on 1 runs - GPU latency: 12.4272 ms - Host latency: 12.6328 ms (enqueue 4.37207 ms)
[10/04/2026-22:03:34] [I] Average on 1 runs - GPU latency: 12.4326 ms - Host latency: 12.624 ms (enqueue 4.27539 ms)
[10/04/2026-22:03:34] [I] Average on 1 runs - GPU latency: 12.4331 ms - Host latency: 12.6206 ms (enqueue 4.25244 ms)
[10/04/2026-22:03:34] [I] Average on 1 runs - GPU latency: 12.4258 ms - Host latency: 12.6094 ms (enqueue 4.35742 ms)
[10/04/2026-22:03:34] [I] Average on 1 runs - GPU latency: 12.4316 ms - Host latency: 12.6147 ms (enqueue 4.33838 ms)
[10/04/2026-22:03:34] [I] Average on 1 runs - GPU latency: 12.4326 ms - Host latency: 12.623 ms (enqueue 4.30908 ms)
[10/04/2026-22:03:34] [I] Average on 1 runs - GPU latency: 12.4336 ms - Host latency: 12.6196 ms (enqueue 4.23975 ms)
[10/04/2026-22:03:34] [I] Average on 1 runs - GPU latency: 12.416 ms - Host latency: 12.6011 ms (enqueue 4.31055 ms)
[10/04/2026-22:03:34] [I] Average on 1 runs - GPU latency: 12.4253 ms - Host latency: 12.6089 ms (enqueue 4.33154 ms)
[10/04/2026-22:03:34] [I] Average on 1 runs - GPU latency: 12.4272 ms - Host latency: 12.6309 ms (enqueue 4.45312 ms)
[10/04/2026-22:03:34] [I] Average on 1 runs - GPU latency: 12.4146 ms - Host latency: 12.5938 ms (enqueue 4.30762 ms)
[10/04/2026-22:03:34] [I] Average on 1 runs - GPU latency: 12.418 ms - Host latency: 12.5977 ms (enqueue 4.27295 ms)
[10/04/2026-22:03:34] [I] Average on 1 runs - GPU latency: 12.4395 ms - Host latency: 12.6431 ms (enqueue 4.3623 ms)
[10/04/2026-22:03:34] [I] Average on 1 runs - GPU latency: 12.4155 ms - Host latency: 12.5962 ms (enqueue 4.30957 ms)
[10/04/2026-22:03:34] [I] Average on 1 runs - GPU latency: 12.4487 ms - Host latency: 12.6274 ms (enqueue 4.29102 ms)
[10/04/2026-22:03:34] [I] Average on 1 runs - GPU latency: 12.4478 ms - Host latency: 12.6367 ms (enqueue 4.38916 ms)
[10/04/2026-22:03:34] [I] Average on 1 runs - GPU latency: 12.4395 ms - Host latency: 12.6191 ms (enqueue 4.25879 ms)
[10/04/2026-22:03:34] [I] Average on 1 runs - GPU latency: 12.4331 ms - Host latency: 12.6138 ms (enqueue 4.30566 ms)
[10/04/2026-22:03:34] [I] Average on 1 runs - GPU latency: 12.4062 ms - Host latency: 12.5874 ms (enqueue 4.17139 ms)
[10/04/2026-22:03:34] [I] Average on 1 runs - GPU latency: 12.4199 ms - Host latency: 12.5986 ms (enqueue 4.38281 ms)
[10/04/2026-22:03:34] [I] Average on 1 runs - GPU latency: 12.439 ms - Host latency: 12.6226 ms (enqueue 4.33936 ms)
[10/04/2026-22:03:34] [I] Average on 1 runs - GPU latency: 12.4312 ms - Host latency: 12.6187 ms (enqueue 4.38281 ms)
[10/04/2026-22:03:34] [I] Average on 1 runs - GPU latency: 12.4189 ms - Host latency: 12.5986 ms (enqueue 4.30322 ms)
[10/04/2026-22:03:34] [I] Average on 1 runs - GPU latency: 12.4277 ms - Host latency: 12.6094 ms (enqueue 4.37402 ms)
[10/04/2026-22:03:34] [I] Average on 1 runs - GPU latency: 12.4429 ms - Host latency: 12.6206 ms (enqueue 4.39453 ms)
[10/04/2026-22:03:34] [I] Average on 1 runs - GPU latency: 12.4233 ms - Host latency: 12.6021 ms (enqueue 4.35498 ms)
[10/04/2026-22:03:34] [I] Average on 1 runs - GPU latency: 12.4355 ms - Host latency: 12.6147 ms (enqueue 4.2627 ms)
[10/04/2026-22:03:34] [I] Average on 1 runs - GPU latency: 12.4365 ms - Host latency: 12.6411 ms (enqueue 4.41113 ms)
[10/04/2026-22:03:34] [I] Average on 1 runs - GPU latency: 12.4365 ms - Host latency: 12.6172 ms (enqueue 4.36377 ms)
[10/04/2026-22:03:34] [I] Average on 1 runs - GPU latency: 12.4248 ms - Host latency: 12.6055 ms (enqueue 4.36572 ms)
[10/04/2026-22:03:34] [I] Average on 1 runs - GPU latency: 12.4365 ms - Host latency: 12.6392 ms (enqueue 4.34326 ms)
[10/04/2026-22:03:34] [I] Average on 1 runs - GPU latency: 12.4111 ms - Host latency: 12.5928 ms (enqueue 4.271 ms)
[10/04/2026-22:03:34] [I] Average on 1 runs - GPU latency: 12.4302 ms - Host latency: 12.6196 ms (enqueue 4.26709 ms)
[10/04/2026-22:03:34] [I] Average on 1 runs - GPU latency: 12.4238 ms - Host latency: 12.6279 ms (enqueue 4.39551 ms)
[10/04/2026-22:03:34] [I] Average on 1 runs - GPU latency: 12.4302 ms - Host latency: 12.6294 ms (enqueue 4.25195 ms)
[10/04/2026-22:03:34] [I] Average on 1 runs - GPU latency: 12.4336 ms - Host latency: 12.6133 ms (enqueue 4.26074 ms)
[10/04/2026-22:03:34] [I] Average on 1 runs - GPU latency: 12.4209 ms - Host latency: 12.624 ms (enqueue 4.36621 ms)
[10/04/2026-22:03:34] [I] Average on 1 runs - GPU latency: 12.4136 ms - Host latency: 12.6045 ms (enqueue 4.24561 ms)
[10/04/2026-22:03:34] [I] Average on 1 runs - GPU latency: 12.4248 ms - Host latency: 12.6045 ms (enqueue 4.42139 ms)
[10/04/2026-22:03:34] [I] Average on 1 runs - GPU latency: 12.4233 ms - Host latency: 12.6279 ms (enqueue 4.37402 ms)
[10/04/2026-22:03:34] [I] Average on 1 runs - GPU latency: 12.4224 ms - Host latency: 12.6069 ms (enqueue 4.27686 ms)
[10/04/2026-22:03:34] [I] Average on 1 runs - GPU latency: 12.4448 ms - Host latency: 12.6289 ms (enqueue 4.3208 ms)
[10/04/2026-22:03:34] [I] Average on 1 runs - GPU latency: 12.4258 ms - Host latency: 12.6313 ms (enqueue 4.41064 ms)
[10/04/2026-22:03:34] [I] Average on 1 runs - GPU latency: 12.4282 ms - Host latency: 12.6289 ms (enqueue 4.36914 ms)
[10/04/2026-22:03:34] [I] Average on 1 runs - GPU latency: 12.4292 ms - Host latency: 12.6177 ms (enqueue 4.26367 ms)
[10/04/2026-22:03:34] [I] Average on 1 runs - GPU latency: 12.4253 ms - Host latency: 12.6304 ms (enqueue 4.48779 ms)
[10/04/2026-22:03:34] [I] Average on 1 runs - GPU latency: 12.4277 ms - Host latency: 12.6357 ms (enqueue 4.42871 ms)
[10/04/2026-22:03:34] [I] Average on 1 runs - GPU latency: 12.4419 ms - Host latency: 12.6274 ms (enqueue 4.33643 ms)
[10/04/2026-22:03:34] [I] Average on 1 runs - GPU latency: 12.4404 ms - Host latency: 12.623 ms (enqueue 4.35156 ms)
[10/04/2026-22:03:34] [I] Average on 1 runs - GPU latency: 12.4224 ms - Host latency: 12.6069 ms (enqueue 4.34473 ms)
[10/04/2026-22:03:34] [I] Average on 1 runs - GPU latency: 12.4131 ms - Host latency: 12.5923 ms (enqueue 4.37061 ms)
[10/04/2026-22:03:34] [I] Average on 1 runs - GPU latency: 12.417 ms - Host latency: 12.6016 ms (enqueue 4.48096 ms)
[10/04/2026-22:03:34] [I] Average on 1 runs - GPU latency: 12.4517 ms - Host latency: 12.6362 ms (enqueue 4.33301 ms)
[10/04/2026-22:03:34] [I] Average on 1 runs - GPU latency: 12.4204 ms - Host latency: 12.6001 ms (enqueue 4.40234 ms)
[10/04/2026-22:03:34] [I] Average on 1 runs - GPU latency: 12.4087 ms - Host latency: 12.6143 ms (enqueue 4.43164 ms)
[10/04/2026-22:03:34] [I] Average on 1 runs - GPU latency: 12.4365 ms - Host latency: 12.6382 ms (enqueue 4.35205 ms)
[10/04/2026-22:03:34] [I] Average on 1 runs - GPU latency: 12.4292 ms - Host latency: 12.6094 ms (enqueue 4.29297 ms)
[10/04/2026-22:03:34] [I] Average on 1 runs - GPU latency: 12.4272 ms - Host latency: 12.6274 ms (enqueue 4.35693 ms)
[10/04/2026-22:03:34] [I] Average on 1 runs - GPU latency: 12.439 ms - Host latency: 12.6455 ms (enqueue 4.39893 ms)
[10/04/2026-22:03:34] [I] Average on 1 runs - GPU latency: 12.4238 ms - Host latency: 12.604 ms (enqueue 4.28125 ms)
[10/04/2026-22:03:34] [I] Average on 1 runs - GPU latency: 12.4331 ms - Host latency: 12.6382 ms (enqueue 4.37256 ms)
[10/04/2026-22:03:34] [I] Average on 1 runs - GPU latency: 12.4302 ms - Host latency: 12.6338 ms (enqueue 4.41797 ms)
[10/04/2026-22:03:34] [I] Average on 1 runs - GPU latency: 12.436 ms - Host latency: 12.6167 ms (enqueue 4.28857 ms)
[10/04/2026-22:03:34] [I] Average on 1 runs - GPU latency: 12.436 ms - Host latency: 12.6245 ms (enqueue 4.31787 ms)
[10/04/2026-22:03:34] [I] Average on 1 runs - GPU latency: 12.4268 ms - Host latency: 12.6309 ms (enqueue 4.34229 ms)
[10/04/2026-22:03:34] [I] Average on 1 runs - GPU latency: 12.4341 ms - Host latency: 12.6143 ms (enqueue 4.29492 ms)
[10/04/2026-22:03:34] [I] Average on 1 runs - GPU latency: 12.4243 ms - Host latency: 12.6133 ms (enqueue 4.28271 ms)
[10/04/2026-22:03:34] [I] Average on 1 runs - GPU latency: 12.4292 ms - Host latency: 12.6328 ms (enqueue 4.39014 ms)
[10/04/2026-22:03:34] [I] Average on 1 runs - GPU latency: 12.4287 ms - Host latency: 12.6118 ms (enqueue 4.31982 ms)
[10/04/2026-22:03:34] [I] Average on 1 runs - GPU latency: 12.417 ms - Host latency: 12.5986 ms (enqueue 4.29541 ms)
[10/04/2026-22:03:34] [I] Average on 1 runs - GPU latency: 12.4229 ms - Host latency: 12.6265 ms (enqueue 4.38574 ms)
[10/04/2026-22:03:34] [I] Average on 1 runs - GPU latency: 12.4243 ms - Host latency: 12.6118 ms (enqueue 4.32227 ms)
[10/04/2026-22:03:34] [I] Average on 1 runs - GPU latency: 12.4146 ms - Host latency: 12.6025 ms (enqueue 4.35449 ms)
[10/04/2026-22:03:34] [I] Average on 1 runs - GPU latency: 12.4443 ms - Host latency: 12.6484 ms (enqueue 4.34082 ms)
[10/04/2026-22:03:34] [I] Average on 1 runs - GPU latency: 12.4321 ms - Host latency: 12.6104 ms (enqueue 4.29932 ms)
[10/04/2026-22:03:34] [I] Average on 1 runs - GPU latency: 12.4102 ms - Host latency: 12.6099 ms (enqueue 4.33789 ms)
[10/04/2026-22:03:34] [I] Average on 1 runs - GPU latency: 12.439 ms - Host latency: 12.644 ms (enqueue 4.38623 ms)
[10/04/2026-22:03:34] [I] Average on 1 runs - GPU latency: 12.4395 ms - Host latency: 12.6211 ms (enqueue 4.27344 ms)
[10/04/2026-22:03:34] [I] Average on 1 runs - GPU latency: 12.4253 ms - Host latency: 12.6157 ms (enqueue 4.30029 ms)
[10/04/2026-22:03:34] [I] Average on 1 runs - GPU latency: 12.4321 ms - Host latency: 12.6187 ms (enqueue 4.25879 ms)
[10/04/2026-22:03:34] [I] Average on 1 runs - GPU latency: 12.4326 ms - Host latency: 12.6177 ms (enqueue 4.26367 ms)
[10/04/2026-22:03:34] [I] Average on 1 runs - GPU latency: 12.436 ms - Host latency: 12.6177 ms (enqueue 4.26953 ms)
[10/04/2026-22:03:34] [I] Average on 1 runs - GPU latency: 12.4219 ms - Host latency: 12.6045 ms (enqueue 4.38818 ms)
[10/04/2026-22:03:34] [I] Average on 1 runs - GPU latency: 12.4146 ms - Host latency: 12.5986 ms (enqueue 4.37402 ms)
[10/04/2026-22:03:34] [I] Average on 1 runs - GPU latency: 12.4365 ms - Host latency: 12.6187 ms (enqueue 4.3252 ms)
[10/04/2026-22:03:34] [I] Average on 1 runs - GPU latency: 12.4404 ms - Host latency: 12.6479 ms (enqueue 4.36084 ms)
[10/04/2026-22:03:34] [I] Average on 1 runs - GPU latency: 12.4204 ms - Host latency: 12.6108 ms (enqueue 4.21436 ms)
[10/04/2026-22:03:34] [I] Average on 1 runs - GPU latency: 12.4258 ms - Host latency: 12.6147 ms (enqueue 4.24658 ms)
[10/04/2026-22:03:34] [I] Average on 1 runs - GPU latency: 12.4414 ms - Host latency: 12.6274 ms (enqueue 4.22803 ms)
[10/04/2026-22:03:34] [I] Average on 1 runs - GPU latency: 12.4248 ms - Host latency: 12.6396 ms (enqueue 4.28369 ms)
[10/04/2026-22:03:34] [I] Average on 1 runs - GPU latency: 12.4248 ms - Host latency: 12.6157 ms (enqueue 4.21533 ms)
[10/04/2026-22:03:34] [I] Average on 1 runs - GPU latency: 12.4253 ms - Host latency: 12.6167 ms (enqueue 4.23193 ms)
[10/04/2026-22:03:34] [I] Average on 1 runs - GPU latency: 12.4199 ms - Host latency: 12.6108 ms (enqueue 4.24414 ms)
[10/04/2026-22:03:34] [I] Average on 1 runs - GPU latency: 12.4092 ms - Host latency: 12.5991 ms (enqueue 4.24707 ms)
[10/04/2026-22:03:34] [I] Average on 1 runs - GPU latency: 12.4058 ms - Host latency: 12.5957 ms (enqueue 4.25488 ms)
[10/04/2026-22:03:34] [I] Average on 1 runs - GPU latency: 12.4331 ms - Host latency: 12.6206 ms (enqueue 4.24463 ms)
[10/04/2026-22:03:34] [I] Average on 1 runs - GPU latency: 12.4326 ms - Host latency: 12.6172 ms (enqueue 4.25293 ms)
[10/04/2026-22:03:34] [I] Average on 1 runs - GPU latency: 12.416 ms - Host latency: 12.6016 ms (enqueue 4.25293 ms)
[10/04/2026-22:03:34] [I] Average on 1 runs - GPU latency: 12.4287 ms - Host latency: 12.6191 ms (enqueue 4.11426 ms)
[10/04/2026-22:03:34] [I] Average on 1 runs - GPU latency: 12.4561 ms - Host latency: 12.6455 ms (enqueue 4.26465 ms)
[10/04/2026-22:03:34] [I] Average on 1 runs - GPU latency: 12.4463 ms - Host latency: 12.6367 ms (enqueue 4.31543 ms)
[10/04/2026-22:03:34] [I] Average on 1 runs - GPU latency: 12.4238 ms - Host latency: 12.6143 ms (enqueue 4.33594 ms)
[10/04/2026-22:03:34] [I] Average on 1 runs - GPU latency: 12.4297 ms - Host latency: 12.6191 ms (enqueue 4.26758 ms)
[10/04/2026-22:03:34] [I] Average on 1 runs - GPU latency: 12.4453 ms - Host latency: 12.6367 ms (enqueue 4.21777 ms)
[10/04/2026-22:03:34] [I] Average on 1 runs - GPU latency: 12.4277 ms - Host latency: 12.6201 ms (enqueue 4.24414 ms)
[10/04/2026-22:03:34] [I] Average on 1 runs - GPU latency: 12.4238 ms - Host latency: 12.6143 ms (enqueue 4.25488 ms)
[10/04/2026-22:03:34] [I] Average on 1 runs - GPU latency: 12.4209 ms - Host latency: 12.6084 ms (enqueue 4.23926 ms)
[10/04/2026-22:03:34] [I] Average on 1 runs - GPU latency: 12.4346 ms - Host latency: 12.6221 ms (enqueue 4.32812 ms)
[10/04/2026-22:03:34] [I] Average on 1 runs - GPU latency: 12.416 ms - Host latency: 12.6045 ms (enqueue 4.25098 ms)
[10/04/2026-22:03:34] [I] Average on 1 runs - GPU latency: 12.4385 ms - Host latency: 12.6299 ms (enqueue 4.3877 ms)
[10/04/2026-22:03:34] [I] Average on 1 runs - GPU latency: 12.4121 ms - Host latency: 12.5918 ms (enqueue 4.28125 ms)
[10/04/2026-22:03:34] [I] Average on 1 runs - GPU latency: 12.4336 ms - Host latency: 12.6191 ms (enqueue 4.31641 ms)
[10/04/2026-22:03:34] [I] Average on 1 runs - GPU latency: 12.4346 ms - Host latency: 12.6289 ms (enqueue 4.36914 ms)
[10/04/2026-22:03:34] [I] Average on 1 runs - GPU latency: 12.4062 ms - Host latency: 12.5986 ms (enqueue 4.31348 ms)
[10/04/2026-22:03:34] [I] Average on 1 runs - GPU latency: 12.416 ms - Host latency: 12.5957 ms (enqueue 4.2627 ms)
[10/04/2026-22:03:34] [I] Average on 1 runs - GPU latency: 12.415 ms - Host latency: 12.6201 ms (enqueue 4.38965 ms)
[10/04/2026-22:03:34] [I] Average on 1 runs - GPU latency: 12.4141 ms - Host latency: 12.6182 ms (enqueue 4.35254 ms)
[10/04/2026-22:03:34] [I] Average on 1 runs - GPU latency: 12.4229 ms - Host latency: 12.6035 ms (enqueue 4.28516 ms)
[10/04/2026-22:03:34] [I] Average on 1 runs - GPU latency: 12.4277 ms - Host latency: 12.6348 ms (enqueue 4.37598 ms)
[10/04/2026-22:03:34] [I] Average on 1 runs - GPU latency: 12.4346 ms - Host latency: 12.6162 ms (enqueue 4.27246 ms)
[10/04/2026-22:03:34] [I] Average on 1 runs - GPU latency: 12.4277 ms - Host latency: 12.6064 ms (enqueue 4.29688 ms)
[10/04/2026-22:03:34] [I] Average on 1 runs - GPU latency: 12.4121 ms - Host latency: 12.5928 ms (enqueue 4.35645 ms)
[10/04/2026-22:03:34] [I] Average on 1 runs - GPU latency: 12.4189 ms - Host latency: 12.6035 ms (enqueue 4.36914 ms)
[10/04/2026-22:03:34] [I] Average on 1 runs - GPU latency: 12.4297 ms - Host latency: 12.6162 ms (enqueue 4.33984 ms)
[10/04/2026-22:03:34] [I] Average on 1 runs - GPU latency: 12.4375 ms - Host latency: 12.6172 ms (enqueue 4.40234 ms)
[10/04/2026-22:03:34] [I] Average on 1 runs - GPU latency: 12.4385 ms - Host latency: 12.6191 ms (enqueue 4.36719 ms)
[10/04/2026-22:03:34] [I] Average on 1 runs - GPU latency: 12.4336 ms - Host latency: 12.6133 ms (enqueue 4.34863 ms)
[10/04/2026-22:03:34] [I] Average on 1 runs - GPU latency: 12.4277 ms - Host latency: 12.6172 ms (enqueue 4.38477 ms)
[10/04/2026-22:03:34] [I] Average on 1 runs - GPU latency: 12.4287 ms - Host latency: 12.6113 ms (enqueue 4.34082 ms)
[10/04/2026-22:03:34] [I] Average on 1 runs - GPU latency: 12.4111 ms - Host latency: 12.6035 ms (enqueue 4.28906 ms)
[10/04/2026-22:03:34] [I] Average on 1 runs - GPU latency: 12.4072 ms - Host latency: 12.6104 ms (enqueue 4.32227 ms)
[10/04/2026-22:03:34] [I] Average on 1 runs - GPU latency: 12.4316 ms - Host latency: 12.6113 ms (enqueue 4.3252 ms)
[10/04/2026-22:03:34] [I] Average on 1 runs - GPU latency: 12.4248 ms - Host latency: 12.6104 ms (enqueue 4.30664 ms)
[10/04/2026-22:03:34] [I] Average on 1 runs - GPU latency: 12.4316 ms - Host latency: 12.6338 ms (enqueue 4.38477 ms)
[10/04/2026-22:03:34] [I] Average on 1 runs - GPU latency: 12.4082 ms - Host latency: 12.5879 ms (enqueue 4.21387 ms)
[10/04/2026-22:03:34] [I] Average on 1 runs - GPU latency: 12.4277 ms - Host latency: 12.6104 ms (enqueue 4.24219 ms)
[10/04/2026-22:03:34] [I] Average on 1 runs - GPU latency: 12.4189 ms - Host latency: 12.624 ms (enqueue 4.38867 ms)
[10/04/2026-22:03:34] [I] Average on 1 runs - GPU latency: 12.4141 ms - Host latency: 12.6055 ms (enqueue 4.27734 ms)
[10/04/2026-22:03:34] [I] Average on 1 runs - GPU latency: 12.4287 ms - Host latency: 12.6094 ms (enqueue 4.31152 ms)
[10/04/2026-22:03:34] [I] Average on 1 runs - GPU latency: 12.4375 ms - Host latency: 12.6318 ms (enqueue 4.25977 ms)
[10/04/2026-22:03:34] [I] Average on 1 runs - GPU latency: 12.4287 ms - Host latency: 12.6211 ms (enqueue 4.29688 ms)
[10/04/2026-22:03:34] [I] Average on 1 runs - GPU latency: 12.4414 ms - Host latency: 12.6318 ms (enqueue 4.23828 ms)
[10/04/2026-22:03:34] [I] Average on 1 runs - GPU latency: 12.4551 ms - Host latency: 12.6436 ms (enqueue 4.19629 ms)
[10/04/2026-22:03:34] [I] Average on 1 runs - GPU latency: 12.4219 ms - Host latency: 12.6104 ms (enqueue 4.30566 ms)
[10/04/2026-22:03:34] [I] Average on 1 runs - GPU latency: 12.4141 ms - Host latency: 12.5977 ms (enqueue 4.32227 ms)
[10/04/2026-22:03:34] [I] Average on 1 runs - GPU latency: 12.4287 ms - Host latency: 12.6328 ms (enqueue 4.35352 ms)
[10/04/2026-22:03:34] [I] Average on 1 runs - GPU latency: 12.4346 ms - Host latency: 12.6357 ms (enqueue 4.38867 ms)
[10/04/2026-22:03:34] [I] Average on 1 runs - GPU latency: 12.4053 ms - Host latency: 12.5869 ms (enqueue 4.25781 ms)
[10/04/2026-22:03:34] [I] Average on 1 runs - GPU latency: 12.4385 ms - Host latency: 12.6416 ms (enqueue 4.46582 ms)
[10/04/2026-22:03:34] [I] Average on 1 runs - GPU latency: 12.4268 ms - Host latency: 12.6289 ms (enqueue 4.3916 ms)
[10/04/2026-22:03:34] [I] Average on 1 runs - GPU latency: 12.4238 ms - Host latency: 12.6143 ms (enqueue 4.35352 ms)
[10/04/2026-22:03:34] [I] Average on 1 runs - GPU latency: 12.4219 ms - Host latency: 12.6045 ms (enqueue 4.39941 ms)
[10/04/2026-22:03:34] [I] Average on 1 runs - GPU latency: 12.4346 ms - Host latency: 12.6133 ms (enqueue 4.30078 ms)
[10/04/2026-22:03:34] [I] Average on 1 runs - GPU latency: 12.4297 ms - Host latency: 12.6113 ms (enqueue 4.30762 ms)
[10/04/2026-22:03:34] [I] Average on 1 runs - GPU latency: 12.4102 ms - Host latency: 12.5918 ms (enqueue 4.31152 ms)
[10/04/2026-22:03:34] [I] Average on 1 runs - GPU latency: 12.4189 ms - Host latency: 12.623 ms (enqueue 4.37305 ms)
[10/04/2026-22:03:34] [I] ... Omitting 3 lines
[10/04/2026-22:03:34] [I] Average on 1 runs - GPU latency: 12.4307 ms - Host latency: 12.6377 ms (enqueue 4.38184 ms)
[10/04/2026-22:03:34] [I] Average on 1 runs - GPU latency: 12.4316 ms - Host latency: 12.6113 ms (enqueue 4.31738 ms)
[10/04/2026-22:03:34] [I] Average on 1 runs - GPU latency: 12.4346 ms - Host latency: 12.6367 ms (enqueue 4.35938 ms)
[10/04/2026-22:03:34] [I] Average on 1 runs - GPU latency: 12.4385 ms - Host latency: 12.6436 ms (enqueue 4.44238 ms)
[10/04/2026-22:03:34] [I] Average on 1 runs - GPU latency: 12.416 ms - Host latency: 12.5986 ms (enqueue 4.29492 ms)
[10/04/2026-22:03:34] [I] Average on 1 runs - GPU latency: 12.4307 ms - Host latency: 12.6143 ms (enqueue 4.32422 ms)
[10/04/2026-22:03:34] [I] Average on 1 runs - GPU latency: 12.4414 ms - Host latency: 12.6465 ms (enqueue 4.41211 ms)
[10/04/2026-22:03:34] [I] Average on 1 runs - GPU latency: 12.4424 ms - Host latency: 12.6221 ms (enqueue 4.26465 ms)
[10/04/2026-22:03:34] [I] Average on 1 runs - GPU latency: 12.4336 ms - Host latency: 12.6191 ms (enqueue 4.31055 ms)
[10/04/2026-22:03:34] [I] Average on 1 runs - GPU latency: 12.4141 ms - Host latency: 12.5947 ms (enqueue 4.36035 ms)
[10/04/2026-22:03:34] [I] Average on 1 runs - GPU latency: 12.4297 ms - Host latency: 12.6104 ms (enqueue 4.28711 ms)
[10/04/2026-22:03:34] [I] Average on 1 runs - GPU latency: 12.4326 ms - Host latency: 12.6113 ms (enqueue 4.30371 ms)
[10/04/2026-22:03:34] [I] Average on 1 runs - GPU latency: 12.4434 ms - Host latency: 12.6465 ms (enqueue 4.37891 ms)
[10/04/2026-22:03:34] [I] Average on 1 runs - GPU latency: 12.4219 ms - Host latency: 12.623 ms (enqueue 4.29004 ms)
[10/04/2026-22:03:34] [I] Average on 1 runs - GPU latency: 12.4199 ms - Host latency: 12.6094 ms (enqueue 4.33398 ms)
[10/04/2026-22:03:34] [I] Average on 1 runs - GPU latency: 12.4219 ms - Host latency: 12.625 ms (enqueue 4.37305 ms)
[10/04/2026-22:03:34] [I] Average on 1 runs - GPU latency: 12.4434 ms - Host latency: 12.624 ms (enqueue 4.27539 ms)
[10/04/2026-22:03:34] [I] Average on 1 runs - GPU latency: 12.4414 ms - Host latency: 12.625 ms (enqueue 4.29688 ms)
[10/04/2026-22:03:34] [I] Average on 1 runs - GPU latency: 12.4365 ms - Host latency: 12.6396 ms (enqueue 4.39551 ms)
[10/04/2026-22:03:34] [I] Average on 1 runs - GPU latency: 12.4277 ms - Host latency: 12.6084 ms (enqueue 4.30273 ms)
[10/04/2026-22:03:34] [I] Average on 1 runs - GPU latency: 12.4053 ms - Host latency: 12.5869 ms (enqueue 4.27637 ms)
[10/04/2026-22:03:34] [I] Average on 1 runs - GPU latency: 12.4307 ms - Host latency: 12.6367 ms (enqueue 4.38574 ms)
[10/04/2026-22:03:34] [I] Average on 1 runs - GPU latency: 12.416 ms - Host latency: 12.5977 ms (enqueue 4.25293 ms)
[10/04/2026-22:03:34] [I] Average on 1 runs - GPU latency: 12.4258 ms - Host latency: 12.6084 ms (enqueue 4.3125 ms)
[10/04/2026-22:03:34] [I] Average on 1 runs - GPU latency: 12.4229 ms - Host latency: 12.6123 ms (enqueue 4.2666 ms)
[10/04/2026-22:03:34] [I] Average on 1 runs - GPU latency: 12.4434 ms - Host latency: 12.6221 ms (enqueue 4.32031 ms)
[10/04/2026-22:03:34] [I] Average on 1 runs - GPU latency: 12.4453 ms - Host latency: 12.6328 ms (enqueue 4.24707 ms)
[10/04/2026-22:03:34] [I] Average on 1 runs - GPU latency: 12.4238 ms - Host latency: 12.6309 ms (enqueue 4.4043 ms)
[10/04/2026-22:03:34] [I] Average on 1 runs - GPU latency: 12.4248 ms - Host latency: 12.6123 ms (enqueue 4.29004 ms)
[10/04/2026-22:03:34] [I] Average on 1 runs - GPU latency: 12.4131 ms - Host latency: 12.6035 ms (enqueue 4.24219 ms)
[10/04/2026-22:03:34] [I] Average on 1 runs - GPU latency: 12.4258 ms - Host latency: 12.6064 ms (enqueue 4.26367 ms)
[10/04/2026-22:03:34] [I] Average on 1 runs - GPU latency: 12.415 ms - Host latency: 12.5947 ms (enqueue 4.26953 ms)
[10/04/2026-22:03:34] [I] Average on 1 runs - GPU latency: 12.415 ms - Host latency: 12.6035 ms (enqueue 4.28125 ms)
[10/04/2026-22:03:34] [I] Average on 1 runs - GPU latency: 12.4062 ms - Host latency: 12.5869 ms (enqueue 4.31348 ms)
[10/04/2026-22:03:34] [I] Average on 1 runs - GPU latency: 12.4209 ms - Host latency: 12.6094 ms (enqueue 4.25195 ms)
[10/04/2026-22:03:34] [I] Average on 1 runs - GPU latency: 12.4287 ms - Host latency: 12.624 ms (enqueue 4.27441 ms)
[10/04/2026-22:03:34] [I] Average on 1 runs - GPU latency: 12.4385 ms - Host latency: 12.6191 ms (enqueue 4.3125 ms)
[10/04/2026-22:03:34] [I] Average on 1 runs - GPU latency: 12.4287 ms - Host latency: 12.6172 ms (enqueue 4.26367 ms)
[10/04/2026-22:03:34] [I] Average on 1 runs - GPU latency: 12.4229 ms - Host latency: 12.6055 ms (enqueue 4.31445 ms)
[10/04/2026-22:03:34] [I] Average on 1 runs - GPU latency: 12.4434 ms - Host latency: 12.6221 ms (enqueue 4.33398 ms)
[10/04/2026-22:03:34] [I] Average on 1 runs - GPU latency: 12.4189 ms - Host latency: 12.6367 ms (enqueue 4.25977 ms)
[10/04/2026-22:03:34] [I] Average on 1 runs - GPU latency: 12.4189 ms - Host latency: 12.5996 ms (enqueue 4.33301 ms)
[10/04/2026-22:03:34] [I] Average on 1 runs - GPU latency: 12.4346 ms - Host latency: 12.623 ms (enqueue 4.29688 ms)
[10/04/2026-22:03:34] [I] Average on 1 runs - GPU latency: 12.4316 ms - Host latency: 12.6191 ms (enqueue 4.29297 ms)
[10/04/2026-22:03:34] [I] Average on 1 runs - GPU latency: 12.4424 ms - Host latency: 12.6299 ms (enqueue 4.31934 ms)
[10/04/2026-22:03:34] [I] Average on 1 runs - GPU latency: 12.4238 ms - Host latency: 12.6084 ms (enqueue 4.25879 ms)
[10/04/2026-22:03:34] [I] Average on 1 runs - GPU latency: 12.4404 ms - Host latency: 12.6279 ms (enqueue 4.3418 ms)
[10/04/2026-22:03:34] [I] Average on 1 runs - GPU latency: 12.4229 ms - Host latency: 12.6074 ms (enqueue 4.3457 ms)
[10/04/2026-22:03:34] [I] Average on 1 runs - GPU latency: 12.4238 ms - Host latency: 12.6084 ms (enqueue 4.25 ms)
[10/04/2026-22:03:34] [I] Average on 1 runs - GPU latency: 12.4395 ms - Host latency: 12.6201 ms (enqueue 4.3623 ms)
[10/04/2026-22:03:34] [I] Average on 1 runs - GPU latency: 12.4277 ms - Host latency: 12.6152 ms (enqueue 4.2793 ms)
[10/04/2026-22:03:34] [I] Average on 1 runs - GPU latency: 12.4404 ms - Host latency: 12.6445 ms (enqueue 4.36035 ms)
[10/04/2026-22:03:34] [I] Average on 1 runs - GPU latency: 12.4521 ms - Host latency: 12.6387 ms (enqueue 4.27539 ms)
[10/04/2026-22:03:34] [I] Average on 1 runs - GPU latency: 12.4199 ms - Host latency: 12.6074 ms (enqueue 4.25293 ms)
[10/04/2026-22:03:34] [I] Average on 1 runs - GPU latency: 12.4219 ms - Host latency: 12.6523 ms (enqueue 4.38574 ms)
[10/04/2026-22:03:34] [I] Average on 1 runs - GPU latency: 12.4131 ms - Host latency: 12.5957 ms (enqueue 4.29883 ms)
[10/04/2026-22:03:34] [I] Average on 1 runs - GPU latency: 12.3984 ms - Host latency: 12.5879 ms (enqueue 4.23047 ms)
[10/04/2026-22:03:34] [I] Average on 1 runs - GPU latency: 12.417 ms - Host latency: 12.5986 ms (enqueue 4.26367 ms)
[10/04/2026-22:03:34] [I] Average on 1 runs - GPU latency: 12.4258 ms - Host latency: 12.6133 ms (enqueue 4.27832 ms)
[10/04/2026-22:03:34] [I] Average on 1 runs - GPU latency: 12.4424 ms - Host latency: 12.6279 ms (enqueue 4.31445 ms)
[10/04/2026-22:03:34] [I] Average on 1 runs - GPU latency: 12.4248 ms - Host latency: 12.6045 ms (enqueue 4.30273 ms)
[10/04/2026-22:03:34] [I] Average on 1 runs - GPU latency: 12.4229 ms - Host latency: 12.6113 ms (enqueue 4.30762 ms)
[10/04/2026-22:03:34] [I] Average on 1 runs - GPU latency: 12.4385 ms - Host latency: 12.6201 ms (enqueue 4.34277 ms)
[10/04/2026-22:03:34] [I] Average on 1 runs - GPU latency: 12.4385 ms - Host latency: 12.627 ms (enqueue 4.3291 ms)
[10/04/2026-22:03:34] [I] Average on 1 runs - GPU latency: 12.4229 ms - Host latency: 12.6084 ms (enqueue 4.28906 ms)
[10/04/2026-22:03:34] [I] Average on 1 runs - GPU latency: 12.4336 ms - Host latency: 12.6162 ms (enqueue 4.30469 ms)
[10/04/2026-22:03:34] [I] Average on 1 runs - GPU latency: 12.415 ms - Host latency: 12.6025 ms (enqueue 4.18164 ms)
[10/04/2026-22:03:34] [I] Average on 1 runs - GPU latency: 12.4297 ms - Host latency: 12.6104 ms (enqueue 4.2793 ms)
[10/04/2026-22:03:34] [I] Average on 1 runs - GPU latency: 12.4219 ms - Host latency: 12.6064 ms (enqueue 4.35547 ms)
[10/04/2026-22:03:34] [I] Average on 1 runs - GPU latency: 12.4355 ms - Host latency: 12.6182 ms (enqueue 4.25293 ms)
[10/04/2026-22:03:34] [I] Average on 1 runs - GPU latency: 12.4229 ms - Host latency: 12.6104 ms (enqueue 4.29688 ms)
[10/04/2026-22:03:34] [I] Average on 1 runs - GPU latency: 12.4297 ms - Host latency: 12.6133 ms (enqueue 4.30566 ms)
[10/04/2026-22:03:34] [I] Average on 1 runs - GPU latency: 12.4277 ms - Host latency: 12.6152 ms (enqueue 4.26758 ms)
[10/04/2026-22:03:34] [I] Average on 1 runs - GPU latency: 12.4258 ms - Host latency: 12.6084 ms (enqueue 4.33789 ms)
[10/04/2026-22:03:34] [I] Average on 1 runs - GPU latency: 12.4287 ms - Host latency: 12.6201 ms (enqueue 4.25293 ms)
[10/04/2026-22:03:34] [I] Average on 1 runs - GPU latency: 12.4316 ms - Host latency: 12.6133 ms (enqueue 4.29297 ms)
[10/04/2026-22:03:34] [I] Average on 1 runs - GPU latency: 12.4375 ms - Host latency: 12.6162 ms (enqueue 4.30273 ms)
[10/04/2026-22:03:34] [I] Average on 1 runs - GPU latency: 12.4404 ms - Host latency: 12.6309 ms (enqueue 4.31348 ms)
[10/04/2026-22:03:34] [I] Average on 1 runs - GPU latency: 12.4404 ms - Host latency: 12.6221 ms (enqueue 4.30078 ms)
[10/04/2026-22:03:34] [I] Average on 1 runs - GPU latency: 12.4443 ms - Host latency: 12.623 ms (enqueue 4.32812 ms)
[10/04/2026-22:03:34] [I] Average on 1 runs - GPU latency: 12.4102 ms - Host latency: 12.5957 ms (enqueue 4.23242 ms)
[10/04/2026-22:03:34] [I] Average on 1 runs - GPU latency: 12.416 ms - Host latency: 12.5996 ms (enqueue 4.28516 ms)
[10/04/2026-22:03:34] [I] Average on 1 runs - GPU latency: 12.4385 ms - Host latency: 12.6279 ms (enqueue 4.27246 ms)
[10/04/2026-22:03:34] [I] Average on 1 runs - GPU latency: 12.4297 ms - Host latency: 12.6152 ms (enqueue 4.31641 ms)
[10/04/2026-22:03:34] [I] Average on 1 runs - GPU latency: 12.4268 ms - Host latency: 12.6074 ms (enqueue 4.22168 ms)
[10/04/2026-22:03:34] [I] Average on 1 runs - GPU latency: 12.4307 ms - Host latency: 12.6162 ms (enqueue 4.23828 ms)
[10/04/2026-22:03:34] [I] Average on 1 runs - GPU latency: 12.4316 ms - Host latency: 12.6182 ms (enqueue 4.29297 ms)
[10/04/2026-22:03:34] [I] Average on 1 runs - GPU latency: 12.4326 ms - Host latency: 12.6123 ms (enqueue 4.31836 ms)
[10/04/2026-22:03:34] [I] Average on 1 runs - GPU latency: 12.4131 ms - Host latency: 12.5986 ms (enqueue 4.26074 ms)
[10/04/2026-22:03:34] [I] Average on 1 runs - GPU latency: 12.4209 ms - Host latency: 12.6016 ms (enqueue 4.31543 ms)
[10/04/2026-22:03:34] [I] Average on 1 runs - GPU latency: 12.417 ms - Host latency: 12.6221 ms (enqueue 4.35547 ms)
[10/04/2026-22:03:34] [I] Average on 1 runs - GPU latency: 12.4326 ms - Host latency: 12.6152 ms (enqueue 4.33887 ms)
[10/04/2026-22:03:34] [I] Average on 1 runs - GPU latency: 12.4102 ms - Host latency: 12.5938 ms (enqueue 4.27441 ms)
[10/04/2026-22:03:34] [I] Average on 1 runs - GPU latency: 12.4277 ms - Host latency: 12.6201 ms (enqueue 4.31836 ms)
[10/04/2026-22:03:34] [I] Average on 1 runs - GPU latency: 12.416 ms - Host latency: 12.5957 ms (enqueue 4.31055 ms)
[10/04/2026-22:03:34] [I] Average on 1 runs - GPU latency: 12.4375 ms - Host latency: 12.6396 ms (enqueue 4.32129 ms)
[10/04/2026-22:03:34] [I] Average on 1 runs - GPU latency: 12.4141 ms - Host latency: 12.6006 ms (enqueue 4.27539 ms)
[10/04/2026-22:03:34] [I] Average on 1 runs - GPU latency: 12.4189 ms - Host latency: 12.5977 ms (enqueue 4.2793 ms)
[10/04/2026-22:03:34] [I] Average on 1 runs - GPU latency: 12.417 ms - Host latency: 12.6055 ms (enqueue 4.27441 ms)
[10/04/2026-22:03:34] [I] Average on 1 runs - GPU latency: 12.4346 ms - Host latency: 12.623 ms (enqueue 4.27051 ms)
[10/04/2026-22:03:34] [I] Average on 1 runs - GPU latency: 12.4209 ms - Host latency: 12.6025 ms (enqueue 4.23145 ms)
[10/04/2026-22:03:34] [I] Average on 1 runs - GPU latency: 12.4424 ms - Host latency: 12.6318 ms (enqueue 4.2207 ms)
[10/04/2026-22:03:34] [I] Average on 1 runs - GPU latency: 12.4258 ms - Host latency: 12.6055 ms (enqueue 4.28223 ms)
[10/04/2026-22:03:34] [I] Average on 1 runs - GPU latency: 12.4316 ms - Host latency: 12.6113 ms (enqueue 4.32617 ms)
[10/04/2026-22:03:34] [I] Average on 1 runs - GPU latency: 12.416 ms - Host latency: 12.6221 ms (enqueue 4.10449 ms)
[10/04/2026-22:03:34] [I] Average on 1 runs - GPU latency: 12.4326 ms - Host latency: 12.6406 ms (enqueue 4.39551 ms)
[10/04/2026-22:03:34] [I] Average on 1 runs - GPU latency: 12.4209 ms - Host latency: 12.6113 ms (enqueue 4.28809 ms)
[10/04/2026-22:03:34] [I] Average on 1 runs - GPU latency: 12.4326 ms - Host latency: 12.6191 ms (enqueue 4.3418 ms)
[10/04/2026-22:03:34] [I] Average on 1 runs - GPU latency: 12.4248 ms - Host latency: 12.6289 ms (enqueue 4.38281 ms)
[10/04/2026-22:03:34] [I] Average on 1 runs - GPU latency: 12.4385 ms - Host latency: 12.6416 ms (enqueue 4.35059 ms)
[10/04/2026-22:03:34] [I] Average on 1 runs - GPU latency: 12.4365 ms - Host latency: 12.626 ms (enqueue 4.26855 ms)
[10/04/2026-22:03:34] [I] Average on 1 runs - GPU latency: 12.4121 ms - Host latency: 12.6182 ms (enqueue 4.37109 ms)
[10/04/2026-22:03:34] [I] Average on 1 runs - GPU latency: 12.4316 ms - Host latency: 12.6113 ms (enqueue 4.25098 ms)
[10/04/2026-22:03:34] [I] Average on 1 runs - GPU latency: 12.4297 ms - Host latency: 12.6162 ms (enqueue 4.29102 ms)
[10/04/2026-22:03:34] [I] Average on 1 runs - GPU latency: 12.4375 ms - Host latency: 12.6416 ms (enqueue 4.42871 ms)
[10/04/2026-22:03:34] [I] Average on 1 runs - GPU latency: 12.4336 ms - Host latency: 12.626 ms (enqueue 4.25586 ms)
[10/04/2026-22:03:34] [I] Average on 1 runs - GPU latency: 12.4248 ms - Host latency: 12.6035 ms (enqueue 4.25488 ms)
[10/04/2026-22:03:34] [I] Average on 1 runs - GPU latency: 12.4209 ms - Host latency: 12.6191 ms (enqueue 4.42969 ms)
[10/04/2026-22:03:34] [I] Average on 1 runs - GPU latency: 12.416 ms - Host latency: 12.6211 ms (enqueue 4.38965 ms)
[10/04/2026-22:03:34] [I] Average on 1 runs - GPU latency: 12.4238 ms - Host latency: 12.6045 ms (enqueue 4.30469 ms)
[10/04/2026-22:03:34] [I] Average on 1 runs - GPU latency: 12.4277 ms - Host latency: 12.6328 ms (enqueue 4.46582 ms)
[10/04/2026-22:03:34] [I] Average on 1 runs - GPU latency: 12.417 ms - Host latency: 12.6221 ms (enqueue 4.4082 ms)
[10/04/2026-22:03:34] [I] Average on 1 runs - GPU latency: 12.4199 ms - Host latency: 12.6016 ms (enqueue 4.28027 ms)
[10/04/2026-22:03:34] [I] Average on 1 runs - GPU latency: 12.4316 ms - Host latency: 12.6338 ms (enqueue 4.36719 ms)
[10/04/2026-22:03:34] [I] Average on 1 runs - GPU latency: 12.4307 ms - Host latency: 12.6338 ms (enqueue 4.3252 ms)
[10/04/2026-22:03:34] [I] Average on 1 runs - GPU latency: 12.4062 ms - Host latency: 12.5898 ms (enqueue 4.31641 ms)
[10/04/2026-22:03:34] [I] Average on 1 runs - GPU latency: 12.4434 ms - Host latency: 12.6484 ms (enqueue 4.38477 ms)
[10/04/2026-22:03:34] [I] Average on 1 runs - GPU latency: 12.4365 ms - Host latency: 12.6426 ms (enqueue 4.41309 ms)
[10/04/2026-22:03:34] [I] Average on 1 runs - GPU latency: 12.4238 ms - Host latency: 12.6045 ms (enqueue 4.28418 ms)
[10/04/2026-22:03:34] [I] Average on 1 runs - GPU latency: 12.4199 ms - Host latency: 12.6006 ms (enqueue 4.29883 ms)
[10/04/2026-22:03:34] [I] Average on 1 runs - GPU latency: 12.4365 ms - Host latency: 12.6416 ms (enqueue 4.46582 ms)
[10/04/2026-22:03:34] [I] Average on 1 runs - GPU latency: 12.4141 ms - Host latency: 12.6006 ms (enqueue 4.31738 ms)
[10/04/2026-22:03:34] [I] Average on 1 runs - GPU latency: 12.4336 ms - Host latency: 12.6143 ms (enqueue 4.23828 ms)
[10/04/2026-22:03:34] [I] Average on 1 runs - GPU latency: 12.4287 ms - Host latency: 12.6328 ms (enqueue 4.39551 ms)
[10/04/2026-22:03:34] [I] Average on 1 runs - GPU latency: 12.4326 ms - Host latency: 12.6133 ms (enqueue 4.29395 ms)
[10/04/2026-22:03:34] [I] Average on 1 runs - GPU latency: 12.416 ms - Host latency: 12.5947 ms (enqueue 4.30176 ms)
[10/04/2026-22:03:34] [I] Average on 1 runs - GPU latency: 12.4082 ms - Host latency: 12.6396 ms (enqueue 4.43652 ms)
[10/04/2026-22:03:34] [I] Average on 1 runs - GPU latency: 12.4229 ms - Host latency: 12.6025 ms (enqueue 4.26074 ms)
[10/04/2026-22:03:34] [I] Average on 1 runs - GPU latency: 12.4102 ms - Host latency: 12.5889 ms (enqueue 4.3252 ms)
[10/04/2026-22:03:34] [I] Average on 1 runs - GPU latency: 12.417 ms - Host latency: 12.624 ms (enqueue 4.375 ms)
[10/04/2026-22:03:34] [I] Average on 1 runs - GPU latency: 12.4258 ms - Host latency: 12.6074 ms (enqueue 4.33105 ms)
[10/04/2026-22:03:34] [I] Average on 1 runs - GPU latency: 12.418 ms - Host latency: 12.5967 ms (enqueue 4.30957 ms)
[10/04/2026-22:03:34] [I] Average on 1 runs - GPU latency: 12.4365 ms - Host latency: 12.6436 ms (enqueue 4.36816 ms)
[10/04/2026-22:03:34] [I] Average on 1 runs - GPU latency: 12.4453 ms - Host latency: 12.6299 ms (enqueue 4.30469 ms)
[10/04/2026-22:03:34] [I] Average on 1 runs - GPU latency: 12.4297 ms - Host latency: 12.6104 ms (enqueue 4.30762 ms)
[10/04/2026-22:03:34] [I] Average on 1 runs - GPU latency: 12.4268 ms - Host latency: 12.6299 ms (enqueue 4.38086 ms)
[10/04/2026-22:03:34] [I] Average on 1 runs - GPU latency: 12.4219 ms - Host latency: 12.6055 ms (enqueue 4.26465 ms)
[10/04/2026-22:03:34] [I] Average on 1 runs - GPU latency: 12.4404 ms - Host latency: 12.626 ms (enqueue 4.31934 ms)
[10/04/2026-22:03:34] [I] Average on 1 runs - GPU latency: 12.4297 ms - Host latency: 12.6348 ms (enqueue 4.37012 ms)
[10/04/2026-22:03:34] [I] Average on 1 runs - GPU latency: 12.4199 ms - Host latency: 12.6035 ms (enqueue 4.30957 ms)
[10/04/2026-22:03:34] [I] Average on 1 runs - GPU latency: 12.4219 ms - Host latency: 12.6133 ms (enqueue 4.32812 ms)
[10/04/2026-22:03:34] [I] Average on 1 runs - GPU latency: 12.4434 ms - Host latency: 12.6465 ms (enqueue 4.36719 ms)
[10/04/2026-22:03:34] [I] Average on 1 runs - GPU latency: 12.416 ms - Host latency: 12.5967 ms (enqueue 4.27246 ms)
[10/04/2026-22:03:34] [I] Average on 1 runs - GPU latency: 12.4082 ms - Host latency: 12.5898 ms (enqueue 4.31738 ms)
[10/04/2026-22:03:34] [I] Average on 1 runs - GPU latency: 12.416 ms - Host latency: 12.6221 ms (enqueue 4.42676 ms)
[10/04/2026-22:03:34] [I] Average on 1 runs - GPU latency: 12.4199 ms - Host latency: 12.6074 ms (enqueue 4.28906 ms)
[10/04/2026-22:03:34] [I] Average on 1 runs - GPU latency: 12.4258 ms - Host latency: 12.6152 ms (enqueue 4.31641 ms)
[10/04/2026-22:03:34] [I] Average on 1 runs - GPU latency: 12.4395 ms - Host latency: 12.6406 ms (enqueue 4.40039 ms)
[10/04/2026-22:03:34] [I] Average on 1 runs - GPU latency: 12.4219 ms - Host latency: 12.6152 ms (enqueue 4.35938 ms)
[10/04/2026-22:03:34] [I] Average on 1 runs - GPU latency: 12.418 ms - Host latency: 12.5996 ms (enqueue 4.3125 ms)
[10/04/2026-22:03:34] [I] Average on 1 runs - GPU latency: 12.418 ms - Host latency: 12.623 ms (enqueue 4.29883 ms)
[10/04/2026-22:03:34] [I] Average on 1 runs - GPU latency: 12.4355 ms - Host latency: 12.6172 ms (enqueue 4.33398 ms)
[10/04/2026-22:03:34] [I] Average on 1 runs - GPU latency: 12.4316 ms - Host latency: 12.6172 ms (enqueue 4.375 ms)
[10/04/2026-22:03:34] [I] Average on 1 runs - GPU latency: 12.4258 ms - Host latency: 12.6328 ms (enqueue 4.38867 ms)
[10/04/2026-22:03:34] [I] Average on 1 runs - GPU latency: 12.4199 ms - Host latency: 12.6016 ms (enqueue 4.34766 ms)
[10/04/2026-22:03:34] [I] Average on 1 runs - GPU latency: 12.4121 ms - Host latency: 12.5957 ms (enqueue 4.3418 ms)
[10/04/2026-22:03:34] [I] Average on 1 runs - GPU latency: 12.4316 ms - Host latency: 12.6191 ms (enqueue 4.33789 ms)
[10/04/2026-22:03:34] [I] Average on 1 runs - GPU latency: 12.4355 ms - Host latency: 12.625 ms (enqueue 4.2832 ms)
[10/04/2026-22:03:34] [I] Average on 1 runs - GPU latency: 12.4316 ms - Host latency: 12.6211 ms (enqueue 4.31836 ms)
[10/04/2026-22:03:34] [I] Average on 1 runs - GPU latency: 12.4258 ms - Host latency: 12.6133 ms (enqueue 4.26562 ms)
[10/04/2026-22:03:34] [I] Average on 1 runs - GPU latency: 12.4375 ms - Host latency: 12.627 ms (enqueue 4.33203 ms)
[10/04/2026-22:03:34] [I] Average on 1 runs - GPU latency: 12.4316 ms - Host latency: 12.6211 ms (enqueue 4.31641 ms)
[10/04/2026-22:03:34] [I] Average on 1 runs - GPU latency: 12.418 ms - Host latency: 12.623 ms (enqueue 4.48242 ms)
[10/04/2026-22:03:34] [I] Average on 1 runs - GPU latency: 12.4219 ms - Host latency: 12.623 ms (enqueue 4.39258 ms)
[10/04/2026-22:03:34] [I] Average on 1 runs - GPU latency: 12.4355 ms - Host latency: 12.6172 ms (enqueue 4.2832 ms)
[10/04/2026-22:03:34] [I] Average on 1 runs - GPU latency: 12.418 ms - Host latency: 12.6191 ms (enqueue 4.46289 ms)
[10/04/2026-22:03:34] [I] Average on 1 runs - GPU latency: 12.4336 ms - Host latency: 12.6387 ms (enqueue 4.36523 ms)
[10/04/2026-22:03:34] [I] Average on 1 runs - GPU latency: 12.4199 ms - Host latency: 12.6328 ms (enqueue 4.31641 ms)
[10/04/2026-22:03:34] [I] Average on 1 runs - GPU latency: 12.4316 ms - Host latency: 12.6367 ms (enqueue 4.48828 ms)
[10/04/2026-22:03:34] [I] Average on 1 runs - GPU latency: 12.4277 ms - Host latency: 12.6289 ms (enqueue 4.40234 ms)
[10/04/2026-22:03:34] [I] Average on 1 runs - GPU latency: 12.4375 ms - Host latency: 12.6191 ms (enqueue 4.30469 ms)
[10/04/2026-22:03:34] [I] Average on 1 runs - GPU latency: 12.4121 ms - Host latency: 12.6172 ms (enqueue 4.36719 ms)
[10/04/2026-22:03:34] [I] Average on 1 runs - GPU latency: 12.4297 ms - Host latency: 12.6348 ms (enqueue 4.4707 ms)
[10/04/2026-22:03:34] [I] Average on 1 runs - GPU latency: 12.3984 ms - Host latency: 12.5781 ms (enqueue 4.39648 ms)
[10/04/2026-22:03:34] [I] Average on 1 runs - GPU latency: 12.4238 ms - Host latency: 12.6309 ms (enqueue 4.38672 ms)
[10/04/2026-22:03:34] [I] Average on 1 runs - GPU latency: 12.4258 ms - Host latency: 12.6328 ms (enqueue 4.36914 ms)
[10/04/2026-22:03:34] [I] Average on 1 runs - GPU latency: 12.4395 ms - Host latency: 12.6191 ms (enqueue 4.27344 ms)
[10/04/2026-22:03:34] [I] Average on 1 runs - GPU latency: 12.4297 ms - Host latency: 12.6191 ms (enqueue 4.29297 ms)
[10/04/2026-22:03:34] [I] Average on 1 runs - GPU latency: 12.4102 ms - Host latency: 12.6133 ms (enqueue 4.44727 ms)
[10/04/2026-22:03:34] [I] Average on 1 runs - GPU latency: 12.418 ms - Host latency: 12.5977 ms (enqueue 4.28711 ms)
[10/04/2026-22:03:34] [I] Average on 1 runs - GPU latency: 12.4238 ms - Host latency: 12.6035 ms (enqueue 4.33594 ms)
[10/04/2026-22:03:34] [I] Average on 1 runs - GPU latency: 12.4141 ms - Host latency: 12.6445 ms (enqueue 4.37891 ms)
[10/04/2026-22:03:34] [I] Average on 1 runs - GPU latency: 12.4297 ms - Host latency: 12.6094 ms (enqueue 4.31836 ms)
[10/04/2026-22:03:34] [I] Average on 1 runs - GPU latency: 12.4141 ms - Host latency: 12.6016 ms (enqueue 4.2832 ms)
[10/04/2026-22:03:34] [I] Average on 1 runs - GPU latency: 12.4355 ms - Host latency: 12.6406 ms (enqueue 4.4375 ms)
[10/04/2026-22:03:34] [I] Average on 1 runs - GPU latency: 12.4238 ms - Host latency: 12.6191 ms (enqueue 4.28906 ms)
[10/04/2026-22:03:34] [I] Average on 1 runs - GPU latency: 12.416 ms - Host latency: 12.5977 ms (enqueue 4.30469 ms)
[10/04/2026-22:03:34] [I] Average on 1 runs - GPU latency: 12.4434 ms - Host latency: 12.6484 ms (enqueue 4.32031 ms)
[10/04/2026-22:03:34] [I] Average on 1 runs - GPU latency: 12.3945 ms - Host latency: 12.584 ms (enqueue 4.31836 ms)
[10/04/2026-22:03:34] [I] Average on 1 runs - GPU latency: 12.416 ms - Host latency: 12.6016 ms (enqueue 4.28516 ms)
[10/04/2026-22:03:34] [I] Average on 1 runs - GPU latency: 12.4277 ms - Host latency: 12.6328 ms (enqueue 4.36523 ms)
[10/04/2026-22:03:34] [I] 
[10/04/2026-22:03:34] [I] === Performance summary ===
[10/04/2026-22:03:34] [I] Throughput: 26.7135 qps
[10/04/2026-22:03:34] [I] Latency: min = 4.30225 ms, max = 12.665 ms, mean = 12.1389 ms, median = 12.6147 ms, percentile(90%) = 12.6367 ms, percentile(95%) = 12.6416 ms, percentile(99%) = 12.6484 ms
[10/04/2026-22:03:34] [I] Enqueue Time: min = 3.12964 ms, max = 4.66357 ms, mean = 4.30964 ms, median = 4.31445 ms, percentile(90%) = 4.39648 ms, percentile(95%) = 4.42871 ms, percentile(99%) = 4.48242 ms
[10/04/2026-22:03:34] [I] H2D Latency: min = 0.0634766 ms, max = 0.22168 ms, mean = 0.174393 ms, median = 0.175781 ms, percentile(90%) = 0.195312 ms, percentile(95%) = 0.196289 ms, percentile(99%) = 0.214844 ms
[10/04/2026-22:03:34] [I] GPU Compute Time: min = 4.22559 ms, max = 12.4561 ms, mean = 11.9549 ms, median = 12.4258 ms, percentile(90%) = 12.4395 ms, percentile(95%) = 12.4429 ms, percentile(99%) = 12.4487 ms
[10/04/2026-22:03:34] [I] D2H Latency: min = 0.00366211 ms, max = 0.0117188 ms, mean = 0.00962387 ms, median = 0.00976562 ms, percentile(90%) = 0.0107422 ms, percentile(95%) = 0.0107422 ms, percentile(99%) = 0.0117188 ms
[10/04/2026-22:03:34] [I] Total Host Walltime: 15.086 s
[10/04/2026-22:03:34] [I] Total GPU Compute Time: 4.81783 s
[10/04/2026-22:03:34] [I] Explanations of the performance metrics are printed in the verbose logs.
[10/04/2026-22:03:34] [I] 
&&&& PASSED TensorRT.trtexec [TensorRT v100300] # /usr/src/tensorrt/bin/trtexec --loadEngine=/tmp/yolo26n_84172_uint8_fp16_opt3.engine --warmUp=3000 --duration=15 --idleTime=33 --avgRuns=1
