&&&& RUNNING TensorRT.trtexec [TensorRT v100300] # /usr/src/tensorrt/bin/trtexec --loadEngine=/tmp/yolo26n_84172_uint8_fp16_opt3.engine --warmUp=3000 --duration=15 --idleTime=0 --avgRuns=1
[10/06/2026-16:18:33] [I] === Model Options ===
[10/06/2026-16:18:33] [I] Format: *
[10/06/2026-16:18:33] [I] Model: 
[10/06/2026-16:18:33] [I] Output:
[10/06/2026-16:18:33] [I] 
[10/06/2026-16:18:33] [I] === System Options ===
[10/06/2026-16:18:33] [I] Device: 0
[10/06/2026-16:18:33] [I] DLACore: 
[10/06/2026-16:18:33] [I] Plugins:
[10/06/2026-16:18:33] [I] setPluginsToSerialize:
[10/06/2026-16:18:33] [I] dynamicPlugins:
[10/06/2026-16:18:33] [I] ignoreParsedPluginLibs: 0
[10/06/2026-16:18:33] [I] 
[10/06/2026-16:18:33] [I] === Inference Options ===
[10/06/2026-16:18:33] [I] Batch: Explicit
[10/06/2026-16:18:33] [I] Input inference shapes: model
[10/06/2026-16:18:33] [I] Iterations: 10
[10/06/2026-16:18:33] [I] Duration: 15s (+ 3000ms warm up)
[10/06/2026-16:18:33] [I] Sleep time: 0ms
[10/06/2026-16:18:33] [I] Idle time: 0ms
[10/06/2026-16:18:33] [I] Inference Streams: 1
[10/06/2026-16:18:33] [I] ExposeDMA: Disabled
[10/06/2026-16:18:33] [I] Data transfers: Enabled
[10/06/2026-16:18:33] [I] Spin-wait: Disabled
[10/06/2026-16:18:33] [I] Multithreading: Disabled
[10/06/2026-16:18:33] [I] CUDA Graph: Disabled
[10/06/2026-16:18:33] [I] Separate profiling: Disabled
[10/06/2026-16:18:33] [I] Time Deserialize: Disabled
[10/06/2026-16:18:33] [I] Time Refit: Disabled
[10/06/2026-16:18:33] [I] NVTX verbosity: 0
[10/06/2026-16:18:33] [I] Persistent Cache Ratio: 0
[10/06/2026-16:18:33] [I] Optimization Profile Index: 0
[10/06/2026-16:18:33] [I] Weight Streaming Budget: 100.000000%
[10/06/2026-16:18:33] [I] Inputs:
[10/06/2026-16:18:33] [I] Debug Tensor Save Destinations:
[10/06/2026-16:18:33] [I] === Reporting Options ===
[10/06/2026-16:18:33] [I] Verbose: Disabled
[10/06/2026-16:18:33] [I] Averages: 1 inferences
[10/06/2026-16:18:33] [I] Percentiles: 90,95,99
[10/06/2026-16:18:33] [I] Dump refittable layers:Disabled
[10/06/2026-16:18:33] [I] Dump output: Disabled
[10/06/2026-16:18:33] [I] Profile: Disabled
[10/06/2026-16:18:33] [I] Export timing to JSON file: 
[10/06/2026-16:18:33] [I] Export output to JSON file: 
[10/06/2026-16:18:33] [I] Export profile to JSON file: 
[10/06/2026-16:18:33] [I] 
[10/06/2026-16:18:33] [I] === Device Information ===
[10/06/2026-16:18:33] [I] Available Devices: 
[10/06/2026-16:18:33] [I]   Device 0: "Orin" UUID: GPU-6e16c2c1-e394-5324-8f2e-63a975968f4e
[10/06/2026-16:18:33] [I] Selected Device: Orin
[10/06/2026-16:18:33] [I] Selected Device ID: 0
[10/06/2026-16:18:33] [I] Selected Device UUID: GPU-6e16c2c1-e394-5324-8f2e-63a975968f4e
[10/06/2026-16:18:33] [I] Compute Capability: 8.7
[10/06/2026-16:18:33] [I] SMs: 8
[10/06/2026-16:18:33] [I] Device Global Memory: 7607 MiB
[10/06/2026-16:18:33] [I] Shared Memory per SM: 164 KiB
[10/06/2026-16:18:33] [I] Memory Bus Width: 128 bits (ECC disabled)
[10/06/2026-16:18:33] [I] Application Compute Clock Rate: 1.02 GHz
[10/06/2026-16:18:33] [I] Application Memory Clock Rate: 0.306 GHz
[10/06/2026-16:18:33] [I] 
[10/06/2026-16:18:33] [I] Note: The application clock rates do not reflect the actual clock rates that the GPU is currently running at.
[10/06/2026-16:18:33] [I] 
[10/06/2026-16:18:33] [I] TensorRT version: 10.3.0
[10/06/2026-16:18:33] [I] Loading standard plugins
[10/06/2026-16:18:33] [I] [TRT] Loaded engine size: 7 MiB
[10/06/2026-16:18:34] [I] Engine deserialized in 0.0788789 sec.
[10/06/2026-16:18:34] [I] [TRT] [MemUsageChange] TensorRT-managed allocation in IExecutionContext creation: CPU +0, GPU +12, now: CPU 0, GPU 16 (MiB)
[10/06/2026-16:18:34] [I] Setting persistentCacheLimit to 0 bytes.
[10/06/2026-16:18:34] [I] Created execution context with device memory size: 12.207 MiB
[10/06/2026-16:18:34] [I] Using random values for input images
[10/06/2026-16:18:34] [I] Input binding for images with dimensions 1x640x640x3 is created.
[10/06/2026-16:18:34] [I] Output binding for output0 with dimensions 1x300x6 is created.
[10/06/2026-16:18:34] [I] Starting inference
[10/06/2026-16:18:52] [I] Warmup completed 237 queries over 3000 ms
[10/06/2026-16:18:52] [I] Timing trace has 1207 queries over 15.0409 s
[10/06/2026-16:18:52] [I] 
[10/06/2026-16:18:52] [I] === Trace details ===
[10/06/2026-16:18:52] [I] Trace averages of 1 runs:
[10/06/2026-16:18:52] [I] Average on 1 runs - GPU latency: 12.4614 ms - Host latency: 12.6455 ms (enqueue 4.30225 ms)
[10/06/2026-16:18:52] [I] Average on 1 runs - GPU latency: 12.4365 ms - Host latency: 12.6211 ms (enqueue 4.30249 ms)
[10/06/2026-16:18:52] [I] Average on 1 runs - GPU latency: 12.4397 ms - Host latency: 12.6218 ms (enqueue 4.30933 ms)
[10/06/2026-16:18:52] [I] Average on 1 runs - GPU latency: 12.4343 ms - Host latency: 12.6145 ms (enqueue 4.37939 ms)
[10/06/2026-16:18:52] [I] Average on 1 runs - GPU latency: 12.4377 ms - Host latency: 12.6196 ms (enqueue 4.30225 ms)
[10/06/2026-16:18:52] [I] Average on 1 runs - GPU latency: 12.446 ms - Host latency: 12.6306 ms (enqueue 4.3562 ms)
[10/06/2026-16:18:52] [I] Average on 1 runs - GPU latency: 12.4421 ms - Host latency: 12.6243 ms (enqueue 4.27881 ms)
[10/06/2026-16:18:52] [I] Average on 1 runs - GPU latency: 12.4353 ms - Host latency: 12.6177 ms (enqueue 4.33667 ms)
[10/06/2026-16:18:52] [I] Average on 1 runs - GPU latency: 12.4524 ms - Host latency: 12.6331 ms (enqueue 4.25659 ms)
[10/06/2026-16:18:52] [I] Average on 1 runs - GPU latency: 12.4468 ms - Host latency: 12.6296 ms (enqueue 4.32666 ms)
[10/06/2026-16:18:52] [I] Average on 1 runs - GPU latency: 12.446 ms - Host latency: 12.6294 ms (enqueue 4.31494 ms)
[10/06/2026-16:18:52] [I] Average on 1 runs - GPU latency: 12.4514 ms - Host latency: 12.6343 ms (enqueue 4.30908 ms)
[10/06/2026-16:18:52] [I] Average on 1 runs - GPU latency: 12.4504 ms - Host latency: 12.6345 ms (enqueue 4.2373 ms)
[10/06/2026-16:18:52] [I] Average on 1 runs - GPU latency: 12.4512 ms - Host latency: 12.6392 ms (enqueue 4.34937 ms)
[10/06/2026-16:18:52] [I] Average on 1 runs - GPU latency: 12.4373 ms - Host latency: 12.6177 ms (enqueue 4.33472 ms)
[10/06/2026-16:18:52] [I] Average on 1 runs - GPU latency: 12.4514 ms - Host latency: 12.6323 ms (enqueue 4.30762 ms)
[10/06/2026-16:18:52] [I] Average on 1 runs - GPU latency: 12.4451 ms - Host latency: 12.6267 ms (enqueue 4.32642 ms)
[10/06/2026-16:18:52] [I] Average on 1 runs - GPU latency: 12.4399 ms - Host latency: 12.6208 ms (enqueue 4.27759 ms)
[10/06/2026-16:18:52] [I] Average on 1 runs - GPU latency: 12.4487 ms - Host latency: 12.6294 ms (enqueue 4.26489 ms)
[10/06/2026-16:18:52] [I] Average on 1 runs - GPU latency: 12.4636 ms - Host latency: 12.6484 ms (enqueue 4.27612 ms)
[10/06/2026-16:18:52] [I] Average on 1 runs - GPU latency: 12.4346 ms - Host latency: 12.6199 ms (enqueue 4.28442 ms)
[10/06/2026-16:18:52] [I] Average on 1 runs - GPU latency: 12.4492 ms - Host latency: 12.636 ms (enqueue 4.35156 ms)
[10/06/2026-16:18:52] [I] Average on 1 runs - GPU latency: 12.4438 ms - Host latency: 12.6267 ms (enqueue 4.30469 ms)
[10/06/2026-16:18:52] [I] Average on 1 runs - GPU latency: 12.438 ms - Host latency: 12.6172 ms (enqueue 4.375 ms)
[10/06/2026-16:18:52] [I] Average on 1 runs - GPU latency: 12.4441 ms - Host latency: 12.6274 ms (enqueue 4.29517 ms)
[10/06/2026-16:18:52] [I] Average on 1 runs - GPU latency: 12.4531 ms - Host latency: 12.6343 ms (enqueue 4.2959 ms)
[10/06/2026-16:18:52] [I] Average on 1 runs - GPU latency: 12.4475 ms - Host latency: 12.6301 ms (enqueue 4.34521 ms)
[10/06/2026-16:18:52] [I] Average on 1 runs - GPU latency: 12.436 ms - Host latency: 12.6174 ms (enqueue 4.28296 ms)
[10/06/2026-16:18:52] [I] Average on 1 runs - GPU latency: 12.4463 ms - Host latency: 12.6299 ms (enqueue 4.20532 ms)
[10/06/2026-16:18:52] [I] Average on 1 runs - GPU latency: 12.4651 ms - Host latency: 12.647 ms (enqueue 4.29492 ms)
[10/06/2026-16:18:52] [I] Average on 1 runs - GPU latency: 12.4517 ms - Host latency: 12.6331 ms (enqueue 4.27783 ms)
[10/06/2026-16:18:52] [I] Average on 1 runs - GPU latency: 12.4507 ms - Host latency: 12.6357 ms (enqueue 4.31836 ms)
[10/06/2026-16:18:52] [I] Average on 1 runs - GPU latency: 12.458 ms - Host latency: 12.6431 ms (enqueue 4.3728 ms)
[10/06/2026-16:18:52] [I] Average on 1 runs - GPU latency: 12.4431 ms - Host latency: 12.6272 ms (enqueue 4.26758 ms)
[10/06/2026-16:18:52] [I] Average on 1 runs - GPU latency: 12.4324 ms - Host latency: 12.6174 ms (enqueue 4.28809 ms)
[10/06/2026-16:18:52] [I] Average on 1 runs - GPU latency: 12.4536 ms - Host latency: 12.6387 ms (enqueue 4.34741 ms)
[10/06/2026-16:18:52] [I] Average on 1 runs - GPU latency: 12.4602 ms - Host latency: 12.6421 ms (enqueue 4.21655 ms)
[10/06/2026-16:18:52] [I] Average on 1 runs - GPU latency: 12.4504 ms - Host latency: 12.6316 ms (enqueue 4.20825 ms)
[10/06/2026-16:18:52] [I] Average on 1 runs - GPU latency: 12.4424 ms - Host latency: 12.6238 ms (enqueue 4.23267 ms)
[10/06/2026-16:18:52] [I] Average on 1 runs - GPU latency: 12.4404 ms - Host latency: 12.6257 ms (enqueue 4.32397 ms)
[10/06/2026-16:18:52] [I] Average on 1 runs - GPU latency: 12.4246 ms - Host latency: 12.605 ms (enqueue 4.23682 ms)
[10/06/2026-16:18:52] [I] Average on 1 runs - GPU latency: 12.4329 ms - Host latency: 12.6162 ms (enqueue 4.41016 ms)
[10/06/2026-16:18:52] [I] Average on 1 runs - GPU latency: 12.4387 ms - Host latency: 12.6199 ms (enqueue 4.27637 ms)
[10/06/2026-16:18:52] [I] Average on 1 runs - GPU latency: 12.4421 ms - Host latency: 12.6277 ms (enqueue 4.26782 ms)
[10/06/2026-16:18:52] [I] Average on 1 runs - GPU latency: 12.4431 ms - Host latency: 12.6243 ms (enqueue 4.198 ms)
[10/06/2026-16:18:52] [I] Average on 1 runs - GPU latency: 12.4541 ms - Host latency: 12.6411 ms (enqueue 4.27563 ms)
[10/06/2026-16:18:52] [I] Average on 1 runs - GPU latency: 12.4602 ms - Host latency: 12.6479 ms (enqueue 4.45703 ms)
[10/06/2026-16:18:52] [I] Average on 1 runs - GPU latency: 12.4463 ms - Host latency: 12.626 ms (enqueue 4.35107 ms)
[10/06/2026-16:18:52] [I] Average on 1 runs - GPU latency: 12.4478 ms - Host latency: 12.6272 ms (enqueue 4.35107 ms)
[10/06/2026-16:18:52] [I] Average on 1 runs - GPU latency: 12.4392 ms - Host latency: 12.6235 ms (enqueue 4.27637 ms)
[10/06/2026-16:18:52] [I] Average on 1 runs - GPU latency: 12.4253 ms - Host latency: 12.6067 ms (enqueue 4.38989 ms)
[10/06/2026-16:18:52] [I] Average on 1 runs - GPU latency: 12.4485 ms - Host latency: 12.6333 ms (enqueue 4.2771 ms)
[10/06/2026-16:18:52] [I] Average on 1 runs - GPU latency: 12.4531 ms - Host latency: 12.6345 ms (enqueue 4.32886 ms)
[10/06/2026-16:18:52] [I] Average on 1 runs - GPU latency: 12.4409 ms - Host latency: 12.6235 ms (enqueue 4.27148 ms)
[10/06/2026-16:18:52] [I] Average on 1 runs - GPU latency: 12.4377 ms - Host latency: 12.6194 ms (enqueue 4.31836 ms)
[10/06/2026-16:18:52] [I] Average on 1 runs - GPU latency: 12.4473 ms - Host latency: 12.6311 ms (enqueue 4.32861 ms)
[10/06/2026-16:18:52] [I] Average on 1 runs - GPU latency: 12.4399 ms - Host latency: 12.6233 ms (enqueue 4.28711 ms)
[10/06/2026-16:18:52] [I] Average on 1 runs - GPU latency: 12.4524 ms - Host latency: 12.6377 ms (enqueue 4.28003 ms)
[10/06/2026-16:18:52] [I] Average on 1 runs - GPU latency: 12.4534 ms - Host latency: 12.6367 ms (enqueue 4.27393 ms)
[10/06/2026-16:18:52] [I] Average on 1 runs - GPU latency: 12.46 ms - Host latency: 12.6448 ms (enqueue 4.42163 ms)
[10/06/2026-16:18:52] [I] Average on 1 runs - GPU latency: 12.4617 ms - Host latency: 12.6458 ms (enqueue 4.29077 ms)
[10/06/2026-16:18:52] [I] Average on 1 runs - GPU latency: 12.449 ms - Host latency: 12.6357 ms (enqueue 4.39478 ms)
[10/06/2026-16:18:52] [I] Average on 1 runs - GPU latency: 12.4348 ms - Host latency: 12.6169 ms (enqueue 4.375 ms)
[10/06/2026-16:18:52] [I] Average on 1 runs - GPU latency: 12.4529 ms - Host latency: 12.6394 ms (enqueue 4.30005 ms)
[10/06/2026-16:18:52] [I] Average on 1 runs - GPU latency: 12.4431 ms - Host latency: 12.6296 ms (enqueue 4.22949 ms)
[10/06/2026-16:18:52] [I] Average on 1 runs - GPU latency: 12.4419 ms - Host latency: 12.6289 ms (enqueue 4.37671 ms)
[10/06/2026-16:18:52] [I] Average on 1 runs - GPU latency: 12.4585 ms - Host latency: 12.6501 ms (enqueue 4.2876 ms)
[10/06/2026-16:18:52] [I] Average on 1 runs - GPU latency: 12.4373 ms - Host latency: 12.6191 ms (enqueue 4.31299 ms)
[10/06/2026-16:18:52] [I] Average on 1 runs - GPU latency: 12.4346 ms - Host latency: 12.6194 ms (enqueue 4.24243 ms)
[10/06/2026-16:18:52] [I] Average on 1 runs - GPU latency: 12.4578 ms - Host latency: 12.6414 ms (enqueue 4.29443 ms)
[10/06/2026-16:18:52] [I] Average on 1 runs - GPU latency: 12.4429 ms - Host latency: 12.6243 ms (enqueue 4.28418 ms)
[10/06/2026-16:18:52] [I] Average on 1 runs - GPU latency: 12.459 ms - Host latency: 12.6438 ms (enqueue 4.28516 ms)
[10/06/2026-16:18:52] [I] Average on 1 runs - GPU latency: 12.439 ms - Host latency: 12.6262 ms (enqueue 4.19849 ms)
[10/06/2026-16:18:52] [I] Average on 1 runs - GPU latency: 12.4512 ms - Host latency: 12.6379 ms (enqueue 4.31396 ms)
[10/06/2026-16:18:52] [I] Average on 1 runs - GPU latency: 12.4363 ms - Host latency: 12.6206 ms (enqueue 4.27832 ms)
[10/06/2026-16:18:52] [I] Average on 1 runs - GPU latency: 12.4502 ms - Host latency: 12.6292 ms (enqueue 4.25391 ms)
[10/06/2026-16:18:52] [I] Average on 1 runs - GPU latency: 12.449 ms - Host latency: 12.6321 ms (enqueue 4.19946 ms)
[10/06/2026-16:18:52] [I] Average on 1 runs - GPU latency: 12.4358 ms - Host latency: 12.6204 ms (enqueue 4.28662 ms)
[10/06/2026-16:18:52] [I] Average on 1 runs - GPU latency: 12.4414 ms - Host latency: 12.6208 ms (enqueue 4.29858 ms)
[10/06/2026-16:18:52] [I] Average on 1 runs - GPU latency: 12.4229 ms - Host latency: 12.6045 ms (enqueue 4.3103 ms)
[10/06/2026-16:18:52] [I] Average on 1 runs - GPU latency: 12.4375 ms - Host latency: 12.6216 ms (enqueue 4.27075 ms)
[10/06/2026-16:18:52] [I] Average on 1 runs - GPU latency: 12.4465 ms - Host latency: 12.6287 ms (enqueue 4.25806 ms)
[10/06/2026-16:18:52] [I] Average on 1 runs - GPU latency: 12.4663 ms - Host latency: 12.6538 ms (enqueue 4.21655 ms)
[10/06/2026-16:18:52] [I] Average on 1 runs - GPU latency: 12.4355 ms - Host latency: 12.6206 ms (enqueue 4.27661 ms)
[10/06/2026-16:18:52] [I] Average on 1 runs - GPU latency: 12.4324 ms - Host latency: 12.6125 ms (enqueue 4.17188 ms)
[10/06/2026-16:18:52] [I] Average on 1 runs - GPU latency: 12.4651 ms - Host latency: 12.6482 ms (enqueue 4.29614 ms)
[10/06/2026-16:18:52] [I] Average on 1 runs - GPU latency: 12.4614 ms - Host latency: 12.6433 ms (enqueue 4.3396 ms)
[10/06/2026-16:18:52] [I] Average on 1 runs - GPU latency: 12.4382 ms - Host latency: 12.6226 ms (enqueue 4.29517 ms)
[10/06/2026-16:18:52] [I] Average on 1 runs - GPU latency: 12.4326 ms - Host latency: 12.6162 ms (enqueue 4.32324 ms)
[10/06/2026-16:18:52] [I] Average on 1 runs - GPU latency: 12.4531 ms - Host latency: 12.6372 ms (enqueue 4.31396 ms)
[10/06/2026-16:18:52] [I] Average on 1 runs - GPU latency: 12.4463 ms - Host latency: 12.6274 ms (enqueue 4.31152 ms)
[10/06/2026-16:18:52] [I] Average on 1 runs - GPU latency: 12.436 ms - Host latency: 12.6191 ms (enqueue 4.29541 ms)
[10/06/2026-16:18:52] [I] Average on 1 runs - GPU latency: 12.4438 ms - Host latency: 12.6255 ms (enqueue 4.30225 ms)
[10/06/2026-16:18:52] [I] Average on 1 runs - GPU latency: 12.4434 ms - Host latency: 12.625 ms (enqueue 4.30762 ms)
[10/06/2026-16:18:52] [I] Average on 1 runs - GPU latency: 12.4287 ms - Host latency: 12.6099 ms (enqueue 4.34229 ms)
[10/06/2026-16:18:52] [I] Average on 1 runs - GPU latency: 12.4478 ms - Host latency: 12.6279 ms (enqueue 4.271 ms)
[10/06/2026-16:18:52] [I] Average on 1 runs - GPU latency: 12.439 ms - Host latency: 12.6206 ms (enqueue 4.21289 ms)
[10/06/2026-16:18:52] [I] Average on 1 runs - GPU latency: 12.4326 ms - Host latency: 12.6143 ms (enqueue 4.33057 ms)
[10/06/2026-16:18:52] [I] Average on 1 runs - GPU latency: 12.4619 ms - Host latency: 12.6426 ms (enqueue 4.25977 ms)
[10/06/2026-16:18:52] [I] Average on 1 runs - GPU latency: 12.4468 ms - Host latency: 12.6299 ms (enqueue 4.30371 ms)
[10/06/2026-16:18:52] [I] Average on 1 runs - GPU latency: 12.457 ms - Host latency: 12.6421 ms (enqueue 4.3418 ms)
[10/06/2026-16:18:52] [I] Average on 1 runs - GPU latency: 12.4521 ms - Host latency: 12.6328 ms (enqueue 4.26221 ms)
[10/06/2026-16:18:52] [I] Average on 1 runs - GPU latency: 12.4546 ms - Host latency: 12.6426 ms (enqueue 4.27783 ms)
[10/06/2026-16:18:52] [I] Average on 1 runs - GPU latency: 12.4561 ms - Host latency: 12.6377 ms (enqueue 4.32812 ms)
[10/06/2026-16:18:52] [I] Average on 1 runs - GPU latency: 12.439 ms - Host latency: 12.6245 ms (enqueue 4.24756 ms)
[10/06/2026-16:18:52] [I] Average on 1 runs - GPU latency: 12.438 ms - Host latency: 12.6216 ms (enqueue 4.3125 ms)
[10/06/2026-16:18:52] [I] Average on 1 runs - GPU latency: 12.4614 ms - Host latency: 12.6426 ms (enqueue 4.43994 ms)
[10/06/2026-16:18:52] [I] Average on 1 runs - GPU latency: 12.4468 ms - Host latency: 12.6274 ms (enqueue 4.28857 ms)
[10/06/2026-16:18:52] [I] Average on 1 runs - GPU latency: 12.4438 ms - Host latency: 12.6279 ms (enqueue 4.20264 ms)
[10/06/2026-16:18:52] [I] Average on 1 runs - GPU latency: 12.4775 ms - Host latency: 12.6616 ms (enqueue 4.31494 ms)
[10/06/2026-16:18:52] [I] Average on 1 runs - GPU latency: 12.4424 ms - Host latency: 12.6279 ms (enqueue 4.25488 ms)
[10/06/2026-16:18:52] [I] Average on 1 runs - GPU latency: 12.4287 ms - Host latency: 12.6133 ms (enqueue 4.24902 ms)
[10/06/2026-16:18:52] [I] Average on 1 runs - GPU latency: 12.4673 ms - Host latency: 12.6938 ms (enqueue 4.26318 ms)
[10/06/2026-16:18:52] [I] Average on 1 runs - GPU latency: 12.458 ms - Host latency: 12.6426 ms (enqueue 4.26123 ms)
[10/06/2026-16:18:52] [I] Average on 1 runs - GPU latency: 12.4473 ms - Host latency: 12.6328 ms (enqueue 4.29004 ms)
[10/06/2026-16:18:52] [I] Average on 1 runs - GPU latency: 12.4482 ms - Host latency: 12.6348 ms (enqueue 4.28467 ms)
[10/06/2026-16:18:52] [I] Average on 1 runs - GPU latency: 12.4429 ms - Host latency: 12.6255 ms (enqueue 4.22998 ms)
[10/06/2026-16:18:52] [I] Average on 1 runs - GPU latency: 12.459 ms - Host latency: 12.645 ms (enqueue 4.25928 ms)
[10/06/2026-16:18:52] [I] Average on 1 runs - GPU latency: 12.4521 ms - Host latency: 12.6387 ms (enqueue 4.33447 ms)
[10/06/2026-16:18:52] [I] Average on 1 runs - GPU latency: 12.4268 ms - Host latency: 12.6138 ms (enqueue 4.32617 ms)
[10/06/2026-16:18:52] [I] Average on 1 runs - GPU latency: 12.4575 ms - Host latency: 12.6455 ms (enqueue 4.26416 ms)
[10/06/2026-16:18:52] [I] Average on 1 runs - GPU latency: 12.459 ms - Host latency: 12.6396 ms (enqueue 4.29443 ms)
[10/06/2026-16:18:52] [I] Average on 1 runs - GPU latency: 12.4399 ms - Host latency: 12.6299 ms (enqueue 4.30957 ms)
[10/06/2026-16:18:52] [I] Average on 1 runs - GPU latency: 12.4536 ms - Host latency: 12.6372 ms (enqueue 4.29248 ms)
[10/06/2026-16:18:52] [I] Average on 1 runs - GPU latency: 12.4316 ms - Host latency: 12.6113 ms (enqueue 4.33252 ms)
[10/06/2026-16:18:52] [I] Average on 1 runs - GPU latency: 12.4482 ms - Host latency: 12.6309 ms (enqueue 4.35791 ms)
[10/06/2026-16:18:52] [I] Average on 1 runs - GPU latency: 12.4375 ms - Host latency: 12.6235 ms (enqueue 4.4082 ms)
[10/06/2026-16:18:52] [I] Average on 1 runs - GPU latency: 12.4565 ms - Host latency: 12.645 ms (enqueue 4.35352 ms)
[10/06/2026-16:18:52] [I] Average on 1 runs - GPU latency: 12.4526 ms - Host latency: 12.6333 ms (enqueue 4.30518 ms)
[10/06/2026-16:18:52] [I] Average on 1 runs - GPU latency: 12.4609 ms - Host latency: 12.6455 ms (enqueue 4.29883 ms)
[10/06/2026-16:18:52] [I] Average on 1 runs - GPU latency: 12.4531 ms - Host latency: 12.6362 ms (enqueue 4.31299 ms)
[10/06/2026-16:18:52] [I] Average on 1 runs - GPU latency: 12.4541 ms - Host latency: 12.6421 ms (enqueue 4.30908 ms)
[10/06/2026-16:18:52] [I] Average on 1 runs - GPU latency: 12.4634 ms - Host latency: 12.647 ms (enqueue 4.32617 ms)
[10/06/2026-16:18:52] [I] Average on 1 runs - GPU latency: 12.4492 ms - Host latency: 12.6372 ms (enqueue 4.27588 ms)
[10/06/2026-16:18:52] [I] Average on 1 runs - GPU latency: 12.4395 ms - Host latency: 12.6245 ms (enqueue 4.37939 ms)
[10/06/2026-16:18:52] [I] Average on 1 runs - GPU latency: 12.4458 ms - Host latency: 12.6328 ms (enqueue 4.2832 ms)
[10/06/2026-16:18:52] [I] Average on 1 runs - GPU latency: 12.436 ms - Host latency: 12.6255 ms (enqueue 4.32715 ms)
[10/06/2026-16:18:52] [I] Average on 1 runs - GPU latency: 12.4497 ms - Host latency: 12.6353 ms (enqueue 4.31494 ms)
[10/06/2026-16:18:52] [I] Average on 1 runs - GPU latency: 12.4409 ms - Host latency: 12.6235 ms (enqueue 4.32129 ms)
[10/06/2026-16:18:52] [I] Average on 1 runs - GPU latency: 12.4336 ms - Host latency: 12.6118 ms (enqueue 4.3125 ms)
[10/06/2026-16:18:52] [I] Average on 1 runs - GPU latency: 12.4458 ms - Host latency: 12.6294 ms (enqueue 4.29834 ms)
[10/06/2026-16:18:52] [I] Average on 1 runs - GPU latency: 12.4541 ms - Host latency: 12.6367 ms (enqueue 4.27197 ms)
[10/06/2026-16:18:52] [I] Average on 1 runs - GPU latency: 12.4639 ms - Host latency: 12.647 ms (enqueue 4.34229 ms)
[10/06/2026-16:18:52] [I] Average on 1 runs - GPU latency: 12.4326 ms - Host latency: 12.6133 ms (enqueue 4.29395 ms)
[10/06/2026-16:18:52] [I] Average on 1 runs - GPU latency: 12.4307 ms - Host latency: 12.6147 ms (enqueue 4.3457 ms)
[10/06/2026-16:18:52] [I] Average on 1 runs - GPU latency: 12.439 ms - Host latency: 12.625 ms (enqueue 4.28223 ms)
[10/06/2026-16:18:52] [I] Average on 1 runs - GPU latency: 12.437 ms - Host latency: 12.6167 ms (enqueue 4.32227 ms)
[10/06/2026-16:18:52] [I] Average on 1 runs - GPU latency: 12.4526 ms - Host latency: 12.6357 ms (enqueue 4.31787 ms)
[10/06/2026-16:18:52] [I] Average on 1 runs - GPU latency: 12.4385 ms - Host latency: 12.6216 ms (enqueue 4.2627 ms)
[10/06/2026-16:18:52] [I] Average on 1 runs - GPU latency: 12.4492 ms - Host latency: 12.6299 ms (enqueue 4.31543 ms)
[10/06/2026-16:18:52] [I] Average on 1 runs - GPU latency: 12.4438 ms - Host latency: 12.6304 ms (enqueue 4.36328 ms)
[10/06/2026-16:18:52] [I] Average on 1 runs - GPU latency: 12.4492 ms - Host latency: 12.6304 ms (enqueue 4.28906 ms)
[10/06/2026-16:18:52] [I] Average on 1 runs - GPU latency: 12.4541 ms - Host latency: 12.6367 ms (enqueue 4.27197 ms)
[10/06/2026-16:18:52] [I] Average on 1 runs - GPU latency: 12.4731 ms - Host latency: 12.6553 ms (enqueue 4.31348 ms)
[10/06/2026-16:18:52] [I] Average on 1 runs - GPU latency: 12.4487 ms - Host latency: 12.6304 ms (enqueue 4.26074 ms)
[10/06/2026-16:18:52] [I] Average on 1 runs - GPU latency: 12.4302 ms - Host latency: 12.6104 ms (enqueue 4.26904 ms)
[10/06/2026-16:18:52] [I] Average on 1 runs - GPU latency: 12.4316 ms - Host latency: 12.6392 ms (enqueue 4.25586 ms)
[10/06/2026-16:18:52] [I] Average on 1 runs - GPU latency: 12.4585 ms - Host latency: 12.6479 ms (enqueue 4.2417 ms)
[10/06/2026-16:18:52] [I] Average on 1 runs - GPU latency: 12.46 ms - Host latency: 12.645 ms (enqueue 4.32715 ms)
[10/06/2026-16:18:52] [I] Average on 1 runs - GPU latency: 12.4458 ms - Host latency: 12.6323 ms (enqueue 4.26367 ms)
[10/06/2026-16:18:52] [I] Average on 1 runs - GPU latency: 12.4448 ms - Host latency: 12.6274 ms (enqueue 4.26562 ms)
[10/06/2026-16:18:52] [I] Average on 1 runs - GPU latency: 12.4414 ms - Host latency: 12.6245 ms (enqueue 4.26416 ms)
[10/06/2026-16:18:52] [I] Average on 1 runs - GPU latency: 12.4336 ms - Host latency: 12.6162 ms (enqueue 4.25098 ms)
[10/06/2026-16:18:52] [I] Average on 1 runs - GPU latency: 12.4434 ms - Host latency: 12.6299 ms (enqueue 4.31006 ms)
[10/06/2026-16:18:52] [I] Average on 1 runs - GPU latency: 12.4395 ms - Host latency: 12.6235 ms (enqueue 4.26855 ms)
[10/06/2026-16:18:52] [I] Average on 1 runs - GPU latency: 12.4521 ms - Host latency: 12.6343 ms (enqueue 4.27979 ms)
[10/06/2026-16:18:52] [I] Average on 1 runs - GPU latency: 12.4443 ms - Host latency: 12.6304 ms (enqueue 4.32568 ms)
[10/06/2026-16:18:52] [I] Average on 1 runs - GPU latency: 12.4448 ms - Host latency: 12.6318 ms (enqueue 4.26758 ms)
[10/06/2026-16:18:52] [I] Average on 1 runs - GPU latency: 12.4434 ms - Host latency: 12.6221 ms (enqueue 4.28076 ms)
[10/06/2026-16:18:52] [I] Average on 1 runs - GPU latency: 12.4497 ms - Host latency: 12.6294 ms (enqueue 4.37012 ms)
[10/06/2026-16:18:52] [I] Average on 1 runs - GPU latency: 12.4492 ms - Host latency: 12.6353 ms (enqueue 4.29932 ms)
[10/06/2026-16:18:52] [I] Average on 1 runs - GPU latency: 12.4385 ms - Host latency: 12.6211 ms (enqueue 4.25146 ms)
[10/06/2026-16:18:52] [I] Average on 1 runs - GPU latency: 12.4385 ms - Host latency: 12.6548 ms (enqueue 4.36133 ms)
[10/06/2026-16:18:52] [I] Average on 1 runs - GPU latency: 12.4468 ms - Host latency: 12.6396 ms (enqueue 4.25488 ms)
[10/06/2026-16:18:52] [I] Average on 1 runs - GPU latency: 12.459 ms - Host latency: 12.644 ms (enqueue 4.22705 ms)
[10/06/2026-16:18:52] [I] Average on 1 runs - GPU latency: 12.4375 ms - Host latency: 12.6167 ms (enqueue 4.26709 ms)
[10/06/2026-16:18:52] [I] Average on 1 runs - GPU latency: 12.4526 ms - Host latency: 12.6382 ms (enqueue 4.31689 ms)
[10/06/2026-16:18:52] [I] Average on 1 runs - GPU latency: 12.4429 ms - Host latency: 12.624 ms (enqueue 4.36816 ms)
[10/06/2026-16:18:52] [I] Average on 1 runs - GPU latency: 12.4478 ms - Host latency: 12.6348 ms (enqueue 4.29199 ms)
[10/06/2026-16:18:52] [I] Average on 1 runs - GPU latency: 12.4429 ms - Host latency: 12.6235 ms (enqueue 4.29443 ms)
[10/06/2026-16:18:52] [I] Average on 1 runs - GPU latency: 12.4473 ms - Host latency: 12.6372 ms (enqueue 4.33057 ms)
[10/06/2026-16:18:52] [I] Average on 1 runs - GPU latency: 12.4307 ms - Host latency: 12.6143 ms (enqueue 4.31738 ms)
[10/06/2026-16:18:52] [I] Average on 1 runs - GPU latency: 12.4229 ms - Host latency: 12.6021 ms (enqueue 4.34033 ms)
[10/06/2026-16:18:52] [I] Average on 1 runs - GPU latency: 12.4463 ms - Host latency: 12.6289 ms (enqueue 4.2373 ms)
[10/06/2026-16:18:52] [I] Average on 1 runs - GPU latency: 12.4536 ms - Host latency: 12.6421 ms (enqueue 4.28613 ms)
[10/06/2026-16:18:52] [I] Average on 1 runs - GPU latency: 12.4385 ms - Host latency: 12.6255 ms (enqueue 4.18555 ms)
[10/06/2026-16:18:52] [I] Average on 1 runs - GPU latency: 12.4434 ms - Host latency: 12.6265 ms (enqueue 4.34131 ms)
[10/06/2026-16:18:52] [I] Average on 1 runs - GPU latency: 12.4531 ms - Host latency: 12.6353 ms (enqueue 4.30762 ms)
[10/06/2026-16:18:52] [I] Average on 1 runs - GPU latency: 12.439 ms - Host latency: 12.6191 ms (enqueue 4.35352 ms)
[10/06/2026-16:18:52] [I] Average on 1 runs - GPU latency: 12.4492 ms - Host latency: 12.6348 ms (enqueue 4.29932 ms)
[10/06/2026-16:18:52] [I] Average on 1 runs - GPU latency: 12.4502 ms - Host latency: 12.6313 ms (enqueue 4.30469 ms)
[10/06/2026-16:18:52] [I] Average on 1 runs - GPU latency: 12.4507 ms - Host latency: 12.6357 ms (enqueue 4.4209 ms)
[10/06/2026-16:18:52] [I] Average on 1 runs - GPU latency: 12.4419 ms - Host latency: 12.623 ms (enqueue 4.30225 ms)
[10/06/2026-16:18:52] [I] Average on 1 runs - GPU latency: 12.4463 ms - Host latency: 12.6279 ms (enqueue 4.3623 ms)
[10/06/2026-16:18:52] [I] Average on 1 runs - GPU latency: 12.4668 ms - Host latency: 12.6499 ms (enqueue 4.30566 ms)
[10/06/2026-16:18:52] [I] Average on 1 runs - GPU latency: 12.4448 ms - Host latency: 12.6309 ms (enqueue 4.3457 ms)
[10/06/2026-16:18:52] [I] Average on 1 runs - GPU latency: 12.4507 ms - Host latency: 12.6382 ms (enqueue 4.30176 ms)
[10/06/2026-16:18:52] [I] Average on 1 runs - GPU latency: 12.4414 ms - Host latency: 12.6294 ms (enqueue 4.20312 ms)
[10/06/2026-16:18:52] [I] Average on 1 runs - GPU latency: 12.4307 ms - Host latency: 12.6187 ms (enqueue 4.33203 ms)
[10/06/2026-16:18:52] [I] Average on 1 runs - GPU latency: 12.4468 ms - Host latency: 12.6567 ms (enqueue 4.31787 ms)
[10/06/2026-16:18:52] [I] ... Omitting 807 lines
[10/06/2026-16:18:52] [I] Average on 1 runs - GPU latency: 12.4316 ms - Host latency: 12.626 ms (enqueue 4.72266 ms)
[10/06/2026-16:18:52] [I] Average on 1 runs - GPU latency: 12.4414 ms - Host latency: 12.6299 ms (enqueue 4.34082 ms)
[10/06/2026-16:18:52] [I] Average on 1 runs - GPU latency: 12.4434 ms - Host latency: 12.6348 ms (enqueue 4.35938 ms)
[10/06/2026-16:18:52] [I] Average on 1 runs - GPU latency: 12.4395 ms - Host latency: 12.6279 ms (enqueue 3.95605 ms)
[10/06/2026-16:18:52] [I] Average on 1 runs - GPU latency: 12.4453 ms - Host latency: 12.6357 ms (enqueue 4.49219 ms)
[10/06/2026-16:18:52] [I] Average on 1 runs - GPU latency: 12.4209 ms - Host latency: 12.6045 ms (enqueue 4.40918 ms)
[10/06/2026-16:18:52] [I] Average on 1 runs - GPU latency: 12.4346 ms - Host latency: 12.6172 ms (enqueue 4.40723 ms)
[10/06/2026-16:18:52] [I] Average on 1 runs - GPU latency: 12.4551 ms - Host latency: 12.6426 ms (enqueue 3.43652 ms)
[10/06/2026-16:18:52] [I] Average on 1 runs - GPU latency: 12.4453 ms - Host latency: 12.6406 ms (enqueue 3.89355 ms)
[10/06/2026-16:18:52] [I] Average on 1 runs - GPU latency: 12.4395 ms - Host latency: 12.623 ms (enqueue 3.7959 ms)
[10/06/2026-16:18:52] [I] Average on 1 runs - GPU latency: 12.458 ms - Host latency: 12.6426 ms (enqueue 4.12207 ms)
[10/06/2026-16:18:52] [I] Average on 1 runs - GPU latency: 12.4434 ms - Host latency: 12.6309 ms (enqueue 4.16309 ms)
[10/06/2026-16:18:52] [I] Average on 1 runs - GPU latency: 12.4502 ms - Host latency: 12.6406 ms (enqueue 4.59961 ms)
[10/06/2026-16:18:52] [I] Average on 1 runs - GPU latency: 12.4521 ms - Host latency: 12.6367 ms (enqueue 4.3877 ms)
[10/06/2026-16:18:52] [I] Average on 1 runs - GPU latency: 12.4639 ms - Host latency: 12.6426 ms (enqueue 4.43262 ms)
[10/06/2026-16:18:52] [I] Average on 1 runs - GPU latency: 12.4336 ms - Host latency: 12.6191 ms (enqueue 3.49902 ms)
[10/06/2026-16:18:52] [I] Average on 1 runs - GPU latency: 12.4473 ms - Host latency: 12.6406 ms (enqueue 4.28906 ms)
[10/06/2026-16:18:52] [I] Average on 1 runs - GPU latency: 12.4365 ms - Host latency: 12.6201 ms (enqueue 2.77734 ms)
[10/06/2026-16:18:52] [I] Average on 1 runs - GPU latency: 12.46 ms - Host latency: 12.6465 ms (enqueue 3.21191 ms)
[10/06/2026-16:18:52] [I] Average on 1 runs - GPU latency: 12.4619 ms - Host latency: 12.6807 ms (enqueue 2.69238 ms)
[10/06/2026-16:18:52] [I] Average on 1 runs - GPU latency: 12.4238 ms - Host latency: 12.6211 ms (enqueue 4.48047 ms)
[10/06/2026-16:18:52] [I] Average on 1 runs - GPU latency: 12.4326 ms - Host latency: 12.6172 ms (enqueue 4.33496 ms)
[10/06/2026-16:18:52] [I] Average on 1 runs - GPU latency: 12.4619 ms - Host latency: 12.6611 ms (enqueue 4.3623 ms)
[10/06/2026-16:18:52] [I] Average on 1 runs - GPU latency: 12.4219 ms - Host latency: 12.6094 ms (enqueue 4.36426 ms)
[10/06/2026-16:18:52] [I] Average on 1 runs - GPU latency: 12.4346 ms - Host latency: 12.623 ms (enqueue 4.35059 ms)
[10/06/2026-16:18:52] [I] Average on 1 runs - GPU latency: 12.4336 ms - Host latency: 12.6143 ms (enqueue 4.35352 ms)
[10/06/2026-16:18:52] [I] Average on 1 runs - GPU latency: 12.4424 ms - Host latency: 12.6494 ms (enqueue 4.30566 ms)
[10/06/2026-16:18:52] [I] Average on 1 runs - GPU latency: 12.4355 ms - Host latency: 12.627 ms (enqueue 3.56348 ms)
[10/06/2026-16:18:52] [I] Average on 1 runs - GPU latency: 12.4277 ms - Host latency: 12.6182 ms (enqueue 4.47363 ms)
[10/06/2026-16:18:52] [I] Average on 1 runs - GPU latency: 12.4395 ms - Host latency: 12.6318 ms (enqueue 4.33691 ms)
[10/06/2026-16:18:52] [I] Average on 1 runs - GPU latency: 12.4512 ms - Host latency: 12.6367 ms (enqueue 4.35254 ms)
[10/06/2026-16:18:52] [I] Average on 1 runs - GPU latency: 12.4512 ms - Host latency: 12.6416 ms (enqueue 4.37598 ms)
[10/06/2026-16:18:52] [I] Average on 1 runs - GPU latency: 12.4355 ms - Host latency: 12.625 ms (enqueue 4.31836 ms)
[10/06/2026-16:18:52] [I] Average on 1 runs - GPU latency: 12.4443 ms - Host latency: 12.6357 ms (enqueue 4.34473 ms)
[10/06/2026-16:18:52] [I] Average on 1 runs - GPU latency: 12.4385 ms - Host latency: 12.6201 ms (enqueue 4.33887 ms)
[10/06/2026-16:18:52] [I] Average on 1 runs - GPU latency: 12.4521 ms - Host latency: 12.6357 ms (enqueue 4.34668 ms)
[10/06/2026-16:18:52] [I] Average on 1 runs - GPU latency: 12.4531 ms - Host latency: 12.6377 ms (enqueue 4.32422 ms)
[10/06/2026-16:18:52] [I] Average on 1 runs - GPU latency: 12.4434 ms - Host latency: 12.627 ms (enqueue 4.32227 ms)
[10/06/2026-16:18:52] [I] Average on 1 runs - GPU latency: 12.4375 ms - Host latency: 12.6182 ms (enqueue 4.58496 ms)
[10/06/2026-16:18:52] [I] Average on 1 runs - GPU latency: 12.4424 ms - Host latency: 12.6318 ms (enqueue 4.34961 ms)
[10/06/2026-16:18:52] [I] Average on 1 runs - GPU latency: 12.4521 ms - Host latency: 12.6445 ms (enqueue 4.39062 ms)
[10/06/2026-16:18:52] [I] Average on 1 runs - GPU latency: 12.457 ms - Host latency: 12.6455 ms (enqueue 5.43457 ms)
[10/06/2026-16:18:52] [I] Average on 1 runs - GPU latency: 12.4424 ms - Host latency: 12.626 ms (enqueue 4.31738 ms)
[10/06/2026-16:18:52] [I] Average on 1 runs - GPU latency: 12.4395 ms - Host latency: 12.6211 ms (enqueue 4.33008 ms)
[10/06/2026-16:18:52] [I] Average on 1 runs - GPU latency: 12.4326 ms - Host latency: 12.624 ms (enqueue 4.44727 ms)
[10/06/2026-16:18:52] [I] Average on 1 runs - GPU latency: 12.4365 ms - Host latency: 12.625 ms (enqueue 4.35059 ms)
[10/06/2026-16:18:52] [I] Average on 1 runs - GPU latency: 12.4346 ms - Host latency: 12.6299 ms (enqueue 4.22949 ms)
[10/06/2026-16:18:52] [I] Average on 1 runs - GPU latency: 12.4473 ms - Host latency: 12.6338 ms (enqueue 4.26562 ms)
[10/06/2026-16:18:52] [I] Average on 1 runs - GPU latency: 12.4434 ms - Host latency: 12.6309 ms (enqueue 3.34473 ms)
[10/06/2026-16:18:52] [I] Average on 1 runs - GPU latency: 12.4453 ms - Host latency: 12.6309 ms (enqueue 5.58887 ms)
[10/06/2026-16:18:52] [I] Average on 1 runs - GPU latency: 12.4473 ms - Host latency: 12.6357 ms (enqueue 4.41309 ms)
[10/06/2026-16:18:52] [I] Average on 1 runs - GPU latency: 12.4521 ms - Host latency: 12.6406 ms (enqueue 4.3916 ms)
[10/06/2026-16:18:52] [I] Average on 1 runs - GPU latency: 12.4434 ms - Host latency: 12.6299 ms (enqueue 4.44043 ms)
[10/06/2026-16:18:52] [I] Average on 1 runs - GPU latency: 12.4385 ms - Host latency: 12.6221 ms (enqueue 4.34766 ms)
[10/06/2026-16:18:52] [I] Average on 1 runs - GPU latency: 12.4424 ms - Host latency: 12.627 ms (enqueue 4.39355 ms)
[10/06/2026-16:18:52] [I] Average on 1 runs - GPU latency: 12.4414 ms - Host latency: 12.626 ms (enqueue 4.2998 ms)
[10/06/2026-16:18:52] [I] Average on 1 runs - GPU latency: 12.4619 ms - Host latency: 12.6553 ms (enqueue 4.33594 ms)
[10/06/2026-16:18:52] [I] Average on 1 runs - GPU latency: 12.4355 ms - Host latency: 12.6191 ms (enqueue 5.58496 ms)
[10/06/2026-16:18:52] [I] Average on 1 runs - GPU latency: 12.46 ms - Host latency: 12.6543 ms (enqueue 4.37695 ms)
[10/06/2026-16:18:52] [I] Average on 1 runs - GPU latency: 12.4463 ms - Host latency: 12.6309 ms (enqueue 4.37207 ms)
[10/06/2026-16:18:52] [I] Average on 1 runs - GPU latency: 12.4473 ms - Host latency: 12.6416 ms (enqueue 3.2334 ms)
[10/06/2026-16:18:52] [I] Average on 1 runs - GPU latency: 12.4473 ms - Host latency: 12.6338 ms (enqueue 3.09277 ms)
[10/06/2026-16:18:52] [I] Average on 1 runs - GPU latency: 12.4268 ms - Host latency: 12.6143 ms (enqueue 2.93848 ms)
[10/06/2026-16:18:52] [I] Average on 1 runs - GPU latency: 12.4385 ms - Host latency: 12.6328 ms (enqueue 4.56152 ms)
[10/06/2026-16:18:52] [I] Average on 1 runs - GPU latency: 12.4443 ms - Host latency: 12.6318 ms (enqueue 4.36328 ms)
[10/06/2026-16:18:52] [I] Average on 1 runs - GPU latency: 12.4395 ms - Host latency: 12.626 ms (enqueue 4.31641 ms)
[10/06/2026-16:18:52] [I] Average on 1 runs - GPU latency: 12.4717 ms - Host latency: 12.6611 ms (enqueue 4.43164 ms)
[10/06/2026-16:18:52] [I] Average on 1 runs - GPU latency: 12.4355 ms - Host latency: 12.6396 ms (enqueue 4.33398 ms)
[10/06/2026-16:18:52] [I] Average on 1 runs - GPU latency: 12.4395 ms - Host latency: 12.6289 ms (enqueue 3.33691 ms)
[10/06/2026-16:18:52] [I] Average on 1 runs - GPU latency: 12.4492 ms - Host latency: 12.6299 ms (enqueue 3.50293 ms)
[10/06/2026-16:18:52] [I] Average on 1 runs - GPU latency: 12.4492 ms - Host latency: 12.6367 ms (enqueue 4.29688 ms)
[10/06/2026-16:18:52] [I] Average on 1 runs - GPU latency: 12.4375 ms - Host latency: 12.6328 ms (enqueue 4.30664 ms)
[10/06/2026-16:18:52] [I] Average on 1 runs - GPU latency: 12.4609 ms - Host latency: 12.6465 ms (enqueue 4.375 ms)
[10/06/2026-16:18:52] [I] Average on 1 runs - GPU latency: 12.4434 ms - Host latency: 12.627 ms (enqueue 4.33594 ms)
[10/06/2026-16:18:52] [I] Average on 1 runs - GPU latency: 12.4336 ms - Host latency: 12.623 ms (enqueue 4.39844 ms)
[10/06/2026-16:18:52] [I] Average on 1 runs - GPU latency: 12.4336 ms - Host latency: 12.623 ms (enqueue 4.38086 ms)
[10/06/2026-16:18:52] [I] Average on 1 runs - GPU latency: 12.4609 ms - Host latency: 12.6445 ms (enqueue 4.45117 ms)
[10/06/2026-16:18:52] [I] Average on 1 runs - GPU latency: 12.4453 ms - Host latency: 12.627 ms (enqueue 4.35352 ms)
[10/06/2026-16:18:52] [I] Average on 1 runs - GPU latency: 12.4473 ms - Host latency: 12.6309 ms (enqueue 4.28906 ms)
[10/06/2026-16:18:52] [I] Average on 1 runs - GPU latency: 12.4395 ms - Host latency: 12.627 ms (enqueue 4.39062 ms)
[10/06/2026-16:18:52] [I] Average on 1 runs - GPU latency: 12.4453 ms - Host latency: 12.6348 ms (enqueue 4.34375 ms)
[10/06/2026-16:18:52] [I] Average on 1 runs - GPU latency: 12.4375 ms - Host latency: 12.6191 ms (enqueue 4.32031 ms)
[10/06/2026-16:18:52] [I] Average on 1 runs - GPU latency: 12.4531 ms - Host latency: 12.6348 ms (enqueue 4.34766 ms)
[10/06/2026-16:18:52] [I] Average on 1 runs - GPU latency: 12.4199 ms - Host latency: 12.6035 ms (enqueue 4.37305 ms)
[10/06/2026-16:18:52] [I] Average on 1 runs - GPU latency: 12.4355 ms - Host latency: 12.6309 ms (enqueue 4.39062 ms)
[10/06/2026-16:18:52] [I] Average on 1 runs - GPU latency: 12.4414 ms - Host latency: 12.6289 ms (enqueue 4.375 ms)
[10/06/2026-16:18:52] [I] Average on 1 runs - GPU latency: 12.4434 ms - Host latency: 12.6289 ms (enqueue 4.32422 ms)
[10/06/2026-16:18:52] [I] Average on 1 runs - GPU latency: 12.4551 ms - Host latency: 12.6367 ms (enqueue 4.2832 ms)
[10/06/2026-16:18:52] [I] Average on 1 runs - GPU latency: 12.4414 ms - Host latency: 12.6152 ms (enqueue 4.30469 ms)
[10/06/2026-16:18:52] [I] Average on 1 runs - GPU latency: 12.4434 ms - Host latency: 12.627 ms (enqueue 3.33398 ms)
[10/06/2026-16:18:52] [I] Average on 1 runs - GPU latency: 12.4434 ms - Host latency: 12.6328 ms (enqueue 3.75391 ms)
[10/06/2026-16:18:52] [I] Average on 1 runs - GPU latency: 12.4531 ms - Host latency: 12.6348 ms (enqueue 4.33984 ms)
[10/06/2026-16:18:52] [I] Average on 1 runs - GPU latency: 12.4434 ms - Host latency: 12.6309 ms (enqueue 4.39062 ms)
[10/06/2026-16:18:52] [I] Average on 1 runs - GPU latency: 12.4336 ms - Host latency: 12.6172 ms (enqueue 4.33203 ms)
[10/06/2026-16:18:52] [I] Average on 1 runs - GPU latency: 12.4336 ms - Host latency: 12.6133 ms (enqueue 4.35742 ms)
[10/06/2026-16:18:52] [I] Average on 1 runs - GPU latency: 12.4395 ms - Host latency: 12.627 ms (enqueue 4.24414 ms)
[10/06/2026-16:18:52] [I] Average on 1 runs - GPU latency: 12.4395 ms - Host latency: 12.6133 ms (enqueue 4.31641 ms)
[10/06/2026-16:18:52] [I] Average on 1 runs - GPU latency: 12.4375 ms - Host latency: 12.6211 ms (enqueue 4.32227 ms)
[10/06/2026-16:18:52] [I] Average on 1 runs - GPU latency: 12.4355 ms - Host latency: 12.6191 ms (enqueue 4.30078 ms)
[10/06/2026-16:18:52] [I] Average on 1 runs - GPU latency: 12.4375 ms - Host latency: 12.6328 ms (enqueue 4.33008 ms)
[10/06/2026-16:18:52] [I] Average on 1 runs - GPU latency: 12.457 ms - Host latency: 12.6426 ms (enqueue 4.34766 ms)
[10/06/2026-16:18:52] [I] Average on 1 runs - GPU latency: 12.4473 ms - Host latency: 12.6328 ms (enqueue 4.33984 ms)
[10/06/2026-16:18:52] [I] Average on 1 runs - GPU latency: 12.4277 ms - Host latency: 12.6133 ms (enqueue 4.32031 ms)
[10/06/2026-16:18:52] [I] Average on 1 runs - GPU latency: 12.4375 ms - Host latency: 12.623 ms (enqueue 4.30078 ms)
[10/06/2026-16:18:52] [I] Average on 1 runs - GPU latency: 12.4453 ms - Host latency: 12.6191 ms (enqueue 4.38281 ms)
[10/06/2026-16:18:52] [I] Average on 1 runs - GPU latency: 12.4434 ms - Host latency: 12.6289 ms (enqueue 3.36523 ms)
[10/06/2026-16:18:52] [I] Average on 1 runs - GPU latency: 12.457 ms - Host latency: 12.6465 ms (enqueue 3.18555 ms)
[10/06/2026-16:18:52] [I] Average on 1 runs - GPU latency: 12.4453 ms - Host latency: 12.6289 ms (enqueue 3.88867 ms)
[10/06/2026-16:18:52] [I] Average on 1 runs - GPU latency: 12.4707 ms - Host latency: 12.6641 ms (enqueue 2.82617 ms)
[10/06/2026-16:18:52] [I] Average on 1 runs - GPU latency: 12.4414 ms - Host latency: 12.625 ms (enqueue 2.8125 ms)
[10/06/2026-16:18:52] [I] Average on 1 runs - GPU latency: 12.4395 ms - Host latency: 12.623 ms (enqueue 3.32812 ms)
[10/06/2026-16:18:52] [I] Average on 1 runs - GPU latency: 12.4395 ms - Host latency: 12.627 ms (enqueue 3.97656 ms)
[10/06/2026-16:18:52] [I] Average on 1 runs - GPU latency: 12.4473 ms - Host latency: 12.627 ms (enqueue 2.87891 ms)
[10/06/2026-16:18:52] [I] Average on 1 runs - GPU latency: 12.4434 ms - Host latency: 12.627 ms (enqueue 4.4043 ms)
[10/06/2026-16:18:52] [I] Average on 1 runs - GPU latency: 12.4375 ms - Host latency: 12.6191 ms (enqueue 4.32422 ms)
[10/06/2026-16:18:52] [I] Average on 1 runs - GPU latency: 12.459 ms - Host latency: 12.6504 ms (enqueue 4.27539 ms)
[10/06/2026-16:18:52] [I] Average on 1 runs - GPU latency: 12.4375 ms - Host latency: 12.6152 ms (enqueue 2.19141 ms)
[10/06/2026-16:18:52] [I] Average on 1 runs - GPU latency: 12.4414 ms - Host latency: 12.623 ms (enqueue 4.36914 ms)
[10/06/2026-16:18:52] [I] Average on 1 runs - GPU latency: 12.4375 ms - Host latency: 12.6211 ms (enqueue 4.29102 ms)
[10/06/2026-16:18:52] [I] Average on 1 runs - GPU latency: 12.4414 ms - Host latency: 12.625 ms (enqueue 4.29297 ms)
[10/06/2026-16:18:52] [I] Average on 1 runs - GPU latency: 12.457 ms - Host latency: 12.6309 ms (enqueue 2.29492 ms)
[10/06/2026-16:18:52] [I] Average on 1 runs - GPU latency: 12.4375 ms - Host latency: 12.6191 ms (enqueue 4.72461 ms)
[10/06/2026-16:18:52] [I] Average on 1 runs - GPU latency: 12.4492 ms - Host latency: 12.6406 ms (enqueue 4.49609 ms)
[10/06/2026-16:18:52] [I] Average on 1 runs - GPU latency: 12.4355 ms - Host latency: 12.6289 ms (enqueue 4.31836 ms)
[10/06/2026-16:18:52] [I] Average on 1 runs - GPU latency: 12.4336 ms - Host latency: 12.6211 ms (enqueue 4.21484 ms)
[10/06/2026-16:18:52] [I] Average on 1 runs - GPU latency: 12.4629 ms - Host latency: 12.6426 ms (enqueue 4.36914 ms)
[10/06/2026-16:18:52] [I] Average on 1 runs - GPU latency: 12.4355 ms - Host latency: 12.6191 ms (enqueue 4.26758 ms)
[10/06/2026-16:18:52] [I] Average on 1 runs - GPU latency: 12.4434 ms - Host latency: 12.625 ms (enqueue 4.25977 ms)
[10/06/2026-16:18:52] [I] Average on 1 runs - GPU latency: 12.4473 ms - Host latency: 12.6348 ms (enqueue 4.2207 ms)
[10/06/2026-16:18:52] [I] Average on 1 runs - GPU latency: 12.4473 ms - Host latency: 12.6348 ms (enqueue 4.29297 ms)
[10/06/2026-16:18:52] [I] Average on 1 runs - GPU latency: 12.4531 ms - Host latency: 12.6406 ms (enqueue 4.28906 ms)
[10/06/2026-16:18:52] [I] Average on 1 runs - GPU latency: 12.4375 ms - Host latency: 12.623 ms (enqueue 4.29883 ms)
[10/06/2026-16:18:52] [I] Average on 1 runs - GPU latency: 12.4473 ms - Host latency: 12.6348 ms (enqueue 4.24805 ms)
[10/06/2026-16:18:52] [I] Average on 1 runs - GPU latency: 12.4336 ms - Host latency: 12.6152 ms (enqueue 4.2793 ms)
[10/06/2026-16:18:52] [I] Average on 1 runs - GPU latency: 12.4453 ms - Host latency: 12.625 ms (enqueue 4.32227 ms)
[10/06/2026-16:18:52] [I] Average on 1 runs - GPU latency: 12.4355 ms - Host latency: 12.6191 ms (enqueue 4.25391 ms)
[10/06/2026-16:18:52] [I] Average on 1 runs - GPU latency: 12.4531 ms - Host latency: 12.6328 ms (enqueue 4.16992 ms)
[10/06/2026-16:18:52] [I] Average on 1 runs - GPU latency: 12.4492 ms - Host latency: 12.6309 ms (enqueue 4.30273 ms)
[10/06/2026-16:18:52] [I] Average on 1 runs - GPU latency: 12.457 ms - Host latency: 12.6367 ms (enqueue 4.36328 ms)
[10/06/2026-16:18:52] [I] Average on 1 runs - GPU latency: 12.4336 ms - Host latency: 12.6172 ms (enqueue 4.26758 ms)
[10/06/2026-16:18:52] [I] Average on 1 runs - GPU latency: 12.4316 ms - Host latency: 12.6172 ms (enqueue 4.21875 ms)
[10/06/2026-16:18:52] [I] Average on 1 runs - GPU latency: 12.4609 ms - Host latency: 12.6523 ms (enqueue 4.26953 ms)
[10/06/2026-16:18:52] [I] Average on 1 runs - GPU latency: 12.4414 ms - Host latency: 12.6211 ms (enqueue 4.21484 ms)
[10/06/2026-16:18:52] [I] Average on 1 runs - GPU latency: 12.4395 ms - Host latency: 12.625 ms (enqueue 4.28711 ms)
[10/06/2026-16:18:52] [I] Average on 1 runs - GPU latency: 12.4551 ms - Host latency: 12.6426 ms (enqueue 4.22461 ms)
[10/06/2026-16:18:52] [I] Average on 1 runs - GPU latency: 12.457 ms - Host latency: 12.6426 ms (enqueue 4.2832 ms)
[10/06/2026-16:18:52] [I] Average on 1 runs - GPU latency: 12.4277 ms - Host latency: 12.6113 ms (enqueue 4.31641 ms)
[10/06/2026-16:18:52] [I] Average on 1 runs - GPU latency: 12.4453 ms - Host latency: 12.627 ms (enqueue 4.28906 ms)
[10/06/2026-16:18:52] [I] Average on 1 runs - GPU latency: 12.4395 ms - Host latency: 12.6211 ms (enqueue 4.17773 ms)
[10/06/2026-16:18:52] [I] Average on 1 runs - GPU latency: 12.4512 ms - Host latency: 12.6562 ms (enqueue 4.55859 ms)
[10/06/2026-16:18:52] [I] Average on 1 runs - GPU latency: 12.459 ms - Host latency: 12.6426 ms (enqueue 3.44141 ms)
[10/06/2026-16:18:52] [I] Average on 1 runs - GPU latency: 12.4531 ms - Host latency: 12.6348 ms (enqueue 4.31055 ms)
[10/06/2026-16:18:52] [I] Average on 1 runs - GPU latency: 12.4453 ms - Host latency: 12.627 ms (enqueue 4.2168 ms)
[10/06/2026-16:18:52] [I] Average on 1 runs - GPU latency: 12.4492 ms - Host latency: 12.6348 ms (enqueue 4.31836 ms)
[10/06/2026-16:18:52] [I] Average on 1 runs - GPU latency: 12.4551 ms - Host latency: 12.6387 ms (enqueue 4.31055 ms)
[10/06/2026-16:18:52] [I] Average on 1 runs - GPU latency: 12.4395 ms - Host latency: 12.623 ms (enqueue 4.31055 ms)
[10/06/2026-16:18:52] [I] Average on 1 runs - GPU latency: 12.4336 ms - Host latency: 12.6152 ms (enqueue 4.20898 ms)
[10/06/2026-16:18:52] [I] Average on 1 runs - GPU latency: 12.4395 ms - Host latency: 12.623 ms (enqueue 4.2207 ms)
[10/06/2026-16:18:52] [I] Average on 1 runs - GPU latency: 12.4277 ms - Host latency: 12.6094 ms (enqueue 4.26953 ms)
[10/06/2026-16:18:52] [I] Average on 1 runs - GPU latency: 12.4297 ms - Host latency: 12.6113 ms (enqueue 4.31445 ms)
[10/06/2026-16:18:52] [I] Average on 1 runs - GPU latency: 12.4492 ms - Host latency: 12.6309 ms (enqueue 4.19141 ms)
[10/06/2026-16:18:52] [I] Average on 1 runs - GPU latency: 12.457 ms - Host latency: 12.6367 ms (enqueue 4.25 ms)
[10/06/2026-16:18:52] [I] Average on 1 runs - GPU latency: 12.457 ms - Host latency: 12.6367 ms (enqueue 4.26758 ms)
[10/06/2026-16:18:52] [I] Average on 1 runs - GPU latency: 12.4668 ms - Host latency: 12.6504 ms (enqueue 4.28906 ms)
[10/06/2026-16:18:52] [I] Average on 1 runs - GPU latency: 12.4395 ms - Host latency: 12.623 ms (enqueue 4.25195 ms)
[10/06/2026-16:18:52] [I] Average on 1 runs - GPU latency: 12.4668 ms - Host latency: 12.6504 ms (enqueue 4.23828 ms)
[10/06/2026-16:18:52] [I] Average on 1 runs - GPU latency: 12.4434 ms - Host latency: 12.623 ms (enqueue 4.27539 ms)
[10/06/2026-16:18:52] [I] Average on 1 runs - GPU latency: 12.4531 ms - Host latency: 12.6367 ms (enqueue 4.36133 ms)
[10/06/2026-16:18:52] [I] Average on 1 runs - GPU latency: 12.4844 ms - Host latency: 12.6641 ms (enqueue 4.25586 ms)
[10/06/2026-16:18:52] [I] Average on 1 runs - GPU latency: 12.4395 ms - Host latency: 12.623 ms (enqueue 4.44727 ms)
[10/06/2026-16:18:52] [I] Average on 1 runs - GPU latency: 12.457 ms - Host latency: 12.6445 ms (enqueue 4.26367 ms)
[10/06/2026-16:18:52] [I] Average on 1 runs - GPU latency: 12.457 ms - Host latency: 12.6445 ms (enqueue 4.26953 ms)
[10/06/2026-16:18:52] [I] Average on 1 runs - GPU latency: 12.4434 ms - Host latency: 12.6289 ms (enqueue 4.16406 ms)
[10/06/2026-16:18:52] [I] Average on 1 runs - GPU latency: 12.4551 ms - Host latency: 12.6406 ms (enqueue 4.23438 ms)
[10/06/2026-16:18:52] [I] Average on 1 runs - GPU latency: 12.4512 ms - Host latency: 12.6348 ms (enqueue 4.31445 ms)
[10/06/2026-16:18:52] [I] Average on 1 runs - GPU latency: 12.4336 ms - Host latency: 12.6133 ms (enqueue 4.26367 ms)
[10/06/2026-16:18:52] [I] Average on 1 runs - GPU latency: 12.4434 ms - Host latency: 12.625 ms (enqueue 4.29492 ms)
[10/06/2026-16:18:52] [I] Average on 1 runs - GPU latency: 12.4531 ms - Host latency: 12.6348 ms (enqueue 4.31641 ms)
[10/06/2026-16:18:52] [I] Average on 1 runs - GPU latency: 12.4414 ms - Host latency: 12.627 ms (enqueue 4.32422 ms)
[10/06/2026-16:18:52] [I] Average on 1 runs - GPU latency: 12.4473 ms - Host latency: 12.6348 ms (enqueue 4.28125 ms)
[10/06/2026-16:18:52] [I] Average on 1 runs - GPU latency: 12.4512 ms - Host latency: 12.6348 ms (enqueue 4.30078 ms)
[10/06/2026-16:18:52] [I] Average on 1 runs - GPU latency: 12.459 ms - Host latency: 12.6484 ms (enqueue 4.29102 ms)
[10/06/2026-16:18:52] [I] Average on 1 runs - GPU latency: 12.4258 ms - Host latency: 12.6113 ms (enqueue 4.33203 ms)
[10/06/2026-16:18:52] [I] Average on 1 runs - GPU latency: 12.4453 ms - Host latency: 12.6309 ms (enqueue 4.24609 ms)
[10/06/2026-16:18:52] [I] Average on 1 runs - GPU latency: 12.4531 ms - Host latency: 12.6387 ms (enqueue 4.28906 ms)
[10/06/2026-16:18:52] [I] Average on 1 runs - GPU latency: 12.4531 ms - Host latency: 12.6367 ms (enqueue 4.41016 ms)
[10/06/2026-16:18:52] [I] Average on 1 runs - GPU latency: 12.4414 ms - Host latency: 12.623 ms (enqueue 4.29297 ms)
[10/06/2026-16:18:52] [I] Average on 1 runs - GPU latency: 12.4395 ms - Host latency: 12.623 ms (enqueue 4.35352 ms)
[10/06/2026-16:18:52] [I] Average on 1 runs - GPU latency: 12.4512 ms - Host latency: 12.6426 ms (enqueue 4.25977 ms)
[10/06/2026-16:18:52] [I] Average on 1 runs - GPU latency: 12.4316 ms - Host latency: 12.6172 ms (enqueue 4.30078 ms)
[10/06/2026-16:18:52] [I] Average on 1 runs - GPU latency: 12.4531 ms - Host latency: 12.666 ms (enqueue 4.30078 ms)
[10/06/2026-16:18:52] [I] Average on 1 runs - GPU latency: 12.4551 ms - Host latency: 12.6367 ms (enqueue 4.29883 ms)
[10/06/2026-16:18:52] [I] Average on 1 runs - GPU latency: 12.457 ms - Host latency: 12.6387 ms (enqueue 4.27734 ms)
[10/06/2026-16:18:52] [I] Average on 1 runs - GPU latency: 12.4473 ms - Host latency: 12.6328 ms (enqueue 4.3457 ms)
[10/06/2026-16:18:52] [I] Average on 1 runs - GPU latency: 12.4473 ms - Host latency: 12.6328 ms (enqueue 4.35938 ms)
[10/06/2026-16:18:52] [I] Average on 1 runs - GPU latency: 12.4473 ms - Host latency: 12.6289 ms (enqueue 4.30664 ms)
[10/06/2026-16:18:52] [I] Average on 1 runs - GPU latency: 12.4355 ms - Host latency: 12.623 ms (enqueue 4.31445 ms)
[10/06/2026-16:18:52] [I] Average on 1 runs - GPU latency: 12.4395 ms - Host latency: 12.623 ms (enqueue 4.29297 ms)
[10/06/2026-16:18:52] [I] Average on 1 runs - GPU latency: 12.457 ms - Host latency: 12.6406 ms (enqueue 4.27344 ms)
[10/06/2026-16:18:52] [I] Average on 1 runs - GPU latency: 12.4434 ms - Host latency: 12.6289 ms (enqueue 4.26953 ms)
[10/06/2026-16:18:52] [I] Average on 1 runs - GPU latency: 12.4023 ms - Host latency: 12.584 ms (enqueue 4.31836 ms)
[10/06/2026-16:18:52] [I] 
[10/06/2026-16:18:52] [I] === Performance summary ===
[10/06/2026-16:18:52] [I] Throughput: 80.248 qps
[10/06/2026-16:18:52] [I] Latency: min = 12.584 ms, max = 12.6938 ms, mean = 12.6306 ms, median = 12.6299 ms, percentile(90%) = 12.6455 ms, percentile(95%) = 12.6509 ms, percentile(99%) = 12.6641 ms
[10/06/2026-16:18:52] [I] Enqueue Time: min = 2.16602 ms, max = 6.06641 ms, mean = 4.17892 ms, median = 4.30762 ms, percentile(90%) = 4.41602 ms, percentile(95%) = 4.47754 ms, percentile(99%) = 4.81055 ms
[10/06/2026-16:18:52] [I] H2D Latency: min = 0.162109 ms, max = 0.222656 ms, mean = 0.174203 ms, median = 0.172852 ms, percentile(90%) = 0.180664 ms, percentile(95%) = 0.183594 ms, percentile(99%) = 0.198242 ms
[10/06/2026-16:18:52] [I] GPU Compute Time: min = 12.4023 ms, max = 12.4844 ms, mean = 12.4447 ms, median = 12.4443 ms, percentile(90%) = 12.458 ms, percentile(95%) = 12.4619 ms, percentile(99%) = 12.4678 ms
[10/06/2026-16:18:52] [I] D2H Latency: min = 0.0078125 ms, max = 0.0141602 ms, mean = 0.0116473 ms, median = 0.0117188 ms, percentile(90%) = 0.0126953 ms, percentile(95%) = 0.0131836 ms, percentile(99%) = 0.0136719 ms
[10/06/2026-16:18:52] [I] Total Host Walltime: 15.0409 s
[10/06/2026-16:18:52] [I] Total GPU Compute Time: 15.0208 s
[10/06/2026-16:18:52] [I] Explanations of the performance metrics are printed in the verbose logs.
[10/06/2026-16:18:52] [I] 
&&&& PASSED TensorRT.trtexec [TensorRT v100300] # /usr/src/tensorrt/bin/trtexec --loadEngine=/tmp/yolo26n_84172_uint8_fp16_opt3.engine --warmUp=3000 --duration=15 --idleTime=0 --avgRuns=1
