&&&& RUNNING TensorRT.trtexec [TensorRT v100300] # /usr/src/tensorrt/bin/trtexec --loadEngine=/tmp/yolo26n_84172_uint8_fp16_opt3.engine --warmUp=3000 --duration=15 --idleTime=1 --avgRuns=1
[10/04/2026-22:01:19] [I] === Model Options ===
[10/04/2026-22:01:19] [I] Format: *
[10/04/2026-22:01:19] [I] Model: 
[10/04/2026-22:01:19] [I] Output:
[10/04/2026-22:01:19] [I] 
[10/04/2026-22:01:19] [I] === System Options ===
[10/04/2026-22:01:19] [I] Device: 0
[10/04/2026-22:01:19] [I] DLACore: 
[10/04/2026-22:01:19] [I] Plugins:
[10/04/2026-22:01:19] [I] setPluginsToSerialize:
[10/04/2026-22:01:19] [I] dynamicPlugins:
[10/04/2026-22:01:19] [I] ignoreParsedPluginLibs: 0
[10/04/2026-22:01:19] [I] 
[10/04/2026-22:01:19] [I] === Inference Options ===
[10/04/2026-22:01:19] [I] Batch: Explicit
[10/04/2026-22:01:19] [I] Input inference shapes: model
[10/04/2026-22:01:19] [I] Iterations: 10
[10/04/2026-22:01:19] [I] Duration: 15s (+ 3000ms warm up)
[10/04/2026-22:01:19] [I] Sleep time: 0ms
[10/04/2026-22:01:19] [I] Idle time: 1ms
[10/04/2026-22:01:19] [I] Inference Streams: 1
[10/04/2026-22:01:19] [I] ExposeDMA: Disabled
[10/04/2026-22:01:19] [I] Data transfers: Enabled
[10/04/2026-22:01:19] [I] Spin-wait: Disabled
[10/04/2026-22:01:19] [I] Multithreading: Disabled
[10/04/2026-22:01:19] [I] CUDA Graph: Disabled
[10/04/2026-22:01:19] [I] Separate profiling: Disabled
[10/04/2026-22:01:19] [I] Time Deserialize: Disabled
[10/04/2026-22:01:19] [I] Time Refit: Disabled
[10/04/2026-22:01:19] [I] NVTX verbosity: 0
[10/04/2026-22:01:19] [I] Persistent Cache Ratio: 0
[10/04/2026-22:01:19] [I] Optimization Profile Index: 0
[10/04/2026-22:01:19] [I] Weight Streaming Budget: 100.000000%
[10/04/2026-22:01:19] [I] Inputs:
[10/04/2026-22:01:19] [I] Debug Tensor Save Destinations:
[10/04/2026-22:01:19] [I] === Reporting Options ===
[10/04/2026-22:01:19] [I] Verbose: Disabled
[10/04/2026-22:01:19] [I] Averages: 1 inferences
[10/04/2026-22:01:19] [I] Percentiles: 90,95,99
[10/04/2026-22:01:19] [I] Dump refittable layers:Disabled
[10/04/2026-22:01:19] [I] Dump output: Disabled
[10/04/2026-22:01:19] [I] Profile: Disabled
[10/04/2026-22:01:19] [I] Export timing to JSON file: 
[10/04/2026-22:01:19] [I] Export output to JSON file: 
[10/04/2026-22:01:19] [I] Export profile to JSON file: 
[10/04/2026-22:01:19] [I] 
[10/04/2026-22:01:19] [I] === Device Information ===
[10/04/2026-22:01:19] [I] Available Devices: 
[10/04/2026-22:01:19] [I]   Device 0: "Orin" UUID: GPU-6e16c2c1-e394-5324-8f2e-63a975968f4e
[10/04/2026-22:01:19] [I] Selected Device: Orin
[10/04/2026-22:01:19] [I] Selected Device ID: 0
[10/04/2026-22:01:19] [I] Selected Device UUID: GPU-6e16c2c1-e394-5324-8f2e-63a975968f4e
[10/04/2026-22:01:19] [I] Compute Capability: 8.7
[10/04/2026-22:01:19] [I] SMs: 8
[10/04/2026-22:01:19] [I] Device Global Memory: 7607 MiB
[10/04/2026-22:01:19] [I] Shared Memory per SM: 164 KiB
[10/04/2026-22:01:19] [I] Memory Bus Width: 128 bits (ECC disabled)
[10/04/2026-22:01:19] [I] Application Compute Clock Rate: 1.02 GHz
[10/04/2026-22:01:19] [I] Application Memory Clock Rate: 1.02 GHz
[10/04/2026-22:01:19] [I] 
[10/04/2026-22:01:19] [I] Note: The application clock rates do not reflect the actual clock rates that the GPU is currently running at.
[10/04/2026-22:01:19] [I] 
[10/04/2026-22:01:19] [I] TensorRT version: 10.3.0
[10/04/2026-22:01:19] [I] Loading standard plugins
[10/04/2026-22:01:19] [I] [TRT] Loaded engine size: 7 MiB
[10/04/2026-22:01:19] [I] Engine deserialized in 0.0822289 sec.
[10/04/2026-22:01:19] [I] [TRT] [MemUsageChange] TensorRT-managed allocation in IExecutionContext creation: CPU +0, GPU +12, now: CPU 0, GPU 16 (MiB)
[10/04/2026-22:01:19] [I] Setting persistentCacheLimit to 0 bytes.
[10/04/2026-22:01:19] [I] Created execution context with device memory size: 12.207 MiB
[10/04/2026-22:01:19] [I] Using random values for input images
[10/04/2026-22:01:19] [I] Input binding for images with dimensions 1x640x640x3 is created.
[10/04/2026-22:01:19] [I] Output binding for output0 with dimensions 1x300x6 is created.
[10/04/2026-22:01:19] [I] Starting inference
[10/04/2026-22:01:37] [I] Warmup completed 661 queries over 3000 ms
[10/04/2026-22:01:37] [I] Timing trace has 3554 queries over 15.0144 s
[10/04/2026-22:01:37] [I] 
[10/04/2026-22:01:37] [I] === Trace details ===
[10/04/2026-22:01:37] [I] Trace averages of 1 runs:
[10/04/2026-22:01:37] [I] Average on 1 runs - GPU latency: 4.24634 ms - Host latency: 4.3833 ms (enqueue 3.05103 ms)
[10/04/2026-22:01:37] [I] Average on 1 runs - GPU latency: 4.22729 ms - Host latency: 4.36401 ms (enqueue 3.05103 ms)
[10/04/2026-22:01:37] [I] Average on 1 runs - GPU latency: 4.21509 ms - Host latency: 4.29248 ms (enqueue 3.07837 ms)
[10/04/2026-22:01:37] [I] Average on 1 runs - GPU latency: 4.21802 ms - Host latency: 4.29688 ms (enqueue 3.10693 ms)
[10/04/2026-22:01:37] [I] Average on 1 runs - GPU latency: 4.20825 ms - Host latency: 4.27832 ms (enqueue 3.08276 ms)
[10/04/2026-22:01:37] [I] Average on 1 runs - GPU latency: 4.21558 ms - Host latency: 4.28784 ms (enqueue 3.0769 ms)
[10/04/2026-22:01:37] [I] Average on 1 runs - GPU latency: 4.21851 ms - Host latency: 4.29346 ms (enqueue 3.15649 ms)
[10/04/2026-22:01:37] [I] Average on 1 runs - GPU latency: 4.2124 ms - Host latency: 4.28979 ms (enqueue 3.11279 ms)
[10/04/2026-22:01:37] [I] Average on 1 runs - GPU latency: 4.21436 ms - Host latency: 4.30713 ms (enqueue 3.09448 ms)
[10/04/2026-22:01:37] [I] Average on 1 runs - GPU latency: 4.23145 ms - Host latency: 4.31201 ms (enqueue 3.10889 ms)
[10/04/2026-22:01:37] [I] Average on 1 runs - GPU latency: 4.2251 ms - Host latency: 4.29688 ms (enqueue 3.08398 ms)
[10/04/2026-22:01:37] [I] Average on 1 runs - GPU latency: 4.23706 ms - Host latency: 4.31201 ms (enqueue 3.10107 ms)
[10/04/2026-22:01:37] [I] Average on 1 runs - GPU latency: 4.22412 ms - Host latency: 4.29858 ms (enqueue 3.02026 ms)
[10/04/2026-22:01:37] [I] Average on 1 runs - GPU latency: 4.21777 ms - Host latency: 4.28857 ms (enqueue 3.02466 ms)
[10/04/2026-22:01:37] [I] Average on 1 runs - GPU latency: 4.22217 ms - Host latency: 4.30005 ms (enqueue 3.05127 ms)
[10/04/2026-22:01:37] [I] Average on 1 runs - GPU latency: 4.22339 ms - Host latency: 4.30371 ms (enqueue 3.04395 ms)
[10/04/2026-22:01:37] [I] Average on 1 runs - GPU latency: 4.23584 ms - Host latency: 4.31226 ms (enqueue 3.00415 ms)
[10/04/2026-22:01:37] [I] Average on 1 runs - GPU latency: 4.2312 ms - Host latency: 4.32104 ms (enqueue 3.06641 ms)
[10/04/2026-22:01:37] [I] Average on 1 runs - GPU latency: 4.22852 ms - Host latency: 4.30957 ms (enqueue 3.08691 ms)
[10/04/2026-22:01:37] [I] Average on 1 runs - GPU latency: 4.22754 ms - Host latency: 4.31104 ms (enqueue 3.08032 ms)
[10/04/2026-22:01:37] [I] Average on 1 runs - GPU latency: 4.22534 ms - Host latency: 4.31372 ms (enqueue 3.12158 ms)
[10/04/2026-22:01:37] [I] Average on 1 runs - GPU latency: 4.22681 ms - Host latency: 4.30396 ms (enqueue 3.08496 ms)
[10/04/2026-22:01:37] [I] Average on 1 runs - GPU latency: 4.22632 ms - Host latency: 4.29834 ms (enqueue 3.09595 ms)
[10/04/2026-22:01:37] [I] Average on 1 runs - GPU latency: 4.22363 ms - Host latency: 4.30054 ms (enqueue 3.08228 ms)
[10/04/2026-22:01:37] [I] Average on 1 runs - GPU latency: 4.22266 ms - Host latency: 4.2998 ms (enqueue 3.08887 ms)
[10/04/2026-22:01:37] [I] Average on 1 runs - GPU latency: 4.21875 ms - Host latency: 4.29102 ms (enqueue 3.06592 ms)
[10/04/2026-22:01:37] [I] Average on 1 runs - GPU latency: 4.22095 ms - Host latency: 4.29272 ms (enqueue 3.10083 ms)
[10/04/2026-22:01:37] [I] Average on 1 runs - GPU latency: 4.21509 ms - Host latency: 4.28809 ms (enqueue 3.07764 ms)
[10/04/2026-22:01:37] [I] Average on 1 runs - GPU latency: 4.22021 ms - Host latency: 4.29956 ms (enqueue 3.08887 ms)
[10/04/2026-22:01:37] [I] Average on 1 runs - GPU latency: 4.2229 ms - Host latency: 4.29443 ms (enqueue 3.06519 ms)
[10/04/2026-22:01:37] [I] Average on 1 runs - GPU latency: 4.21118 ms - Host latency: 4.28516 ms (enqueue 3.02148 ms)
[10/04/2026-22:01:37] [I] Average on 1 runs - GPU latency: 4.21826 ms - Host latency: 4.29004 ms (enqueue 3.01416 ms)
[10/04/2026-22:01:37] [I] Average on 1 runs - GPU latency: 4.22119 ms - Host latency: 4.2981 ms (enqueue 3.00317 ms)
[10/04/2026-22:01:37] [I] Average on 1 runs - GPU latency: 4.21436 ms - Host latency: 4.30127 ms (enqueue 2.9563 ms)
[10/04/2026-22:01:37] [I] Average on 1 runs - GPU latency: 4.21973 ms - Host latency: 4.29565 ms (enqueue 2.96802 ms)
[10/04/2026-22:01:37] [I] Average on 1 runs - GPU latency: 4.22144 ms - Host latency: 4.30542 ms (enqueue 2.99902 ms)
[10/04/2026-22:01:37] [I] Average on 1 runs - GPU latency: 4.21997 ms - Host latency: 4.29297 ms (enqueue 3.052 ms)
[10/04/2026-22:01:37] [I] Average on 1 runs - GPU latency: 4.21704 ms - Host latency: 4.29224 ms (enqueue 3.05396 ms)
[10/04/2026-22:01:37] [I] Average on 1 runs - GPU latency: 4.21631 ms - Host latency: 4.29468 ms (enqueue 3.05762 ms)
[10/04/2026-22:01:37] [I] Average on 1 runs - GPU latency: 4.21704 ms - Host latency: 4.28955 ms (enqueue 3.08569 ms)
[10/04/2026-22:01:37] [I] Average on 1 runs - GPU latency: 4.22119 ms - Host latency: 4.29688 ms (enqueue 3.16406 ms)
[10/04/2026-22:01:37] [I] Average on 1 runs - GPU latency: 4.21899 ms - Host latency: 4.30103 ms (enqueue 3.05054 ms)
[10/04/2026-22:01:37] [I] Average on 1 runs - GPU latency: 4.22363 ms - Host latency: 4.30981 ms (enqueue 3.06006 ms)
[10/04/2026-22:01:37] [I] Average on 1 runs - GPU latency: 4.21753 ms - Host latency: 4.2998 ms (enqueue 3.03003 ms)
[10/04/2026-22:01:37] [I] Average on 1 runs - GPU latency: 4.21411 ms - Host latency: 4.28564 ms (enqueue 3.06104 ms)
[10/04/2026-22:01:37] [I] Average on 1 runs - GPU latency: 4.22705 ms - Host latency: 4.30127 ms (enqueue 3.05493 ms)
[10/04/2026-22:01:37] [I] Average on 1 runs - GPU latency: 4.22388 ms - Host latency: 4.29272 ms (enqueue 3.11279 ms)
[10/04/2026-22:01:37] [I] Average on 1 runs - GPU latency: 4.21533 ms - Host latency: 4.28833 ms (enqueue 3.08691 ms)
[10/04/2026-22:01:37] [I] Average on 1 runs - GPU latency: 4.2207 ms - Host latency: 4.30054 ms (enqueue 3.02246 ms)
[10/04/2026-22:01:37] [I] Average on 1 runs - GPU latency: 4.21631 ms - Host latency: 4.30103 ms (enqueue 3.00879 ms)
[10/04/2026-22:01:37] [I] Average on 1 runs - GPU latency: 4.21509 ms - Host latency: 4.28589 ms (enqueue 3.0166 ms)
[10/04/2026-22:01:37] [I] Average on 1 runs - GPU latency: 4.21216 ms - Host latency: 4.29053 ms (enqueue 2.69629 ms)
[10/04/2026-22:01:37] [I] Average on 1 runs - GPU latency: 4.21655 ms - Host latency: 4.29443 ms (enqueue 3.02881 ms)
[10/04/2026-22:01:37] [I] Average on 1 runs - GPU latency: 4.22144 ms - Host latency: 4.30273 ms (enqueue 3.03784 ms)
[10/04/2026-22:01:37] [I] Average on 1 runs - GPU latency: 4.2229 ms - Host latency: 4.30029 ms (enqueue 3.08032 ms)
[10/04/2026-22:01:37] [I] Average on 1 runs - GPU latency: 4.21387 ms - Host latency: 4.28784 ms (enqueue 3.06274 ms)
[10/04/2026-22:01:37] [I] Average on 1 runs - GPU latency: 4.21045 ms - Host latency: 4.29102 ms (enqueue 3.13281 ms)
[10/04/2026-22:01:37] [I] Average on 1 runs - GPU latency: 4.20947 ms - Host latency: 4.27637 ms (enqueue 3.07837 ms)
[10/04/2026-22:01:37] [I] Average on 1 runs - GPU latency: 4.21777 ms - Host latency: 4.29126 ms (enqueue 3.0835 ms)
[10/04/2026-22:01:37] [I] Average on 1 runs - GPU latency: 4.21191 ms - Host latency: 4.27734 ms (enqueue 3.12842 ms)
[10/04/2026-22:01:37] [I] Average on 1 runs - GPU latency: 4.22363 ms - Host latency: 4.29932 ms (enqueue 3.11157 ms)
[10/04/2026-22:01:37] [I] Average on 1 runs - GPU latency: 4.21704 ms - Host latency: 4.29736 ms (enqueue 3.0835 ms)
[10/04/2026-22:01:37] [I] Average on 1 runs - GPU latency: 4.22314 ms - Host latency: 4.29541 ms (enqueue 3.07178 ms)
[10/04/2026-22:01:37] [I] Average on 1 runs - GPU latency: 4.22388 ms - Host latency: 4.29492 ms (enqueue 3.07666 ms)
[10/04/2026-22:01:37] [I] Average on 1 runs - GPU latency: 4.2146 ms - Host latency: 4.29443 ms (enqueue 3.06152 ms)
[10/04/2026-22:01:37] [I] Average on 1 runs - GPU latency: 4.21875 ms - Host latency: 4.29468 ms (enqueue 3.08154 ms)
[10/04/2026-22:01:37] [I] Average on 1 runs - GPU latency: 4.21704 ms - Host latency: 4.29346 ms (enqueue 3.03589 ms)
[10/04/2026-22:01:37] [I] Average on 1 runs - GPU latency: 4.22192 ms - Host latency: 4.29224 ms (enqueue 3.01611 ms)
[10/04/2026-22:01:37] [I] Average on 1 runs - GPU latency: 4.21606 ms - Host latency: 4.29907 ms (enqueue 3.02832 ms)
[10/04/2026-22:01:37] [I] Average on 1 runs - GPU latency: 4.22876 ms - Host latency: 4.31274 ms (enqueue 3.01636 ms)
[10/04/2026-22:01:37] [I] Average on 1 runs - GPU latency: 4.21729 ms - Host latency: 4.30127 ms (enqueue 2.99829 ms)
[10/04/2026-22:01:37] [I] Average on 1 runs - GPU latency: 4.22144 ms - Host latency: 4.2915 ms (enqueue 3.05933 ms)
[10/04/2026-22:01:37] [I] Average on 1 runs - GPU latency: 4.22046 ms - Host latency: 4.29443 ms (enqueue 3.09814 ms)
[10/04/2026-22:01:37] [I] Average on 1 runs - GPU latency: 4.22021 ms - Host latency: 4.28857 ms (enqueue 3.07373 ms)
[10/04/2026-22:01:37] [I] Average on 1 runs - GPU latency: 4.2168 ms - Host latency: 4.29321 ms (enqueue 3.06177 ms)
[10/04/2026-22:01:37] [I] Average on 1 runs - GPU latency: 4.21338 ms - Host latency: 4.28198 ms (enqueue 3.06323 ms)
[10/04/2026-22:01:37] [I] Average on 1 runs - GPU latency: 4.21948 ms - Host latency: 4.28931 ms (enqueue 3.07715 ms)
[10/04/2026-22:01:37] [I] Average on 1 runs - GPU latency: 4.22632 ms - Host latency: 4.29541 ms (enqueue 3.0625 ms)
[10/04/2026-22:01:37] [I] Average on 1 runs - GPU latency: 4.21826 ms - Host latency: 4.28491 ms (enqueue 3.07593 ms)
[10/04/2026-22:01:37] [I] Average on 1 runs - GPU latency: 4.22095 ms - Host latency: 4.28711 ms (enqueue 3.06348 ms)
[10/04/2026-22:01:37] [I] Average on 1 runs - GPU latency: 4.22607 ms - Host latency: 4.29517 ms (enqueue 3.11011 ms)
[10/04/2026-22:01:37] [I] Average on 1 runs - GPU latency: 4.22949 ms - Host latency: 4.30469 ms (enqueue 3.07251 ms)
[10/04/2026-22:01:37] [I] Average on 1 runs - GPU latency: 4.21509 ms - Host latency: 4.28687 ms (enqueue 3.06055 ms)
[10/04/2026-22:01:37] [I] Average on 1 runs - GPU latency: 4.21729 ms - Host latency: 4.28516 ms (enqueue 3.04224 ms)
[10/04/2026-22:01:37] [I] Average on 1 runs - GPU latency: 4.2229 ms - Host latency: 4.29199 ms (enqueue 3.04761 ms)
[10/04/2026-22:01:37] [I] Average on 1 runs - GPU latency: 4.21875 ms - Host latency: 4.29565 ms (enqueue 3.01025 ms)
[10/04/2026-22:01:37] [I] Average on 1 runs - GPU latency: 4.21582 ms - Host latency: 4.30029 ms (enqueue 3.25415 ms)
[10/04/2026-22:01:37] [I] Average on 1 runs - GPU latency: 4.21973 ms - Host latency: 4.29761 ms (enqueue 3.01855 ms)
[10/04/2026-22:01:37] [I] Average on 1 runs - GPU latency: 4.21753 ms - Host latency: 4.29932 ms (enqueue 3.0144 ms)
[10/04/2026-22:01:37] [I] Average on 1 runs - GPU latency: 4.21704 ms - Host latency: 4.28613 ms (enqueue 3.05981 ms)
[10/04/2026-22:01:37] [I] Average on 1 runs - GPU latency: 4.22681 ms - Host latency: 4.31421 ms (enqueue 3.01025 ms)
[10/04/2026-22:01:37] [I] Average on 1 runs - GPU latency: 4.22217 ms - Host latency: 4.29639 ms (enqueue 3.01807 ms)
[10/04/2026-22:01:37] [I] Average on 1 runs - GPU latency: 4.22339 ms - Host latency: 4.30371 ms (enqueue 3.06274 ms)
[10/04/2026-22:01:37] [I] Average on 1 runs - GPU latency: 4.21558 ms - Host latency: 4.28516 ms (enqueue 3.05444 ms)
[10/04/2026-22:01:37] [I] Average on 1 runs - GPU latency: 4.22266 ms - Host latency: 4.30396 ms (enqueue 3.07104 ms)
[10/04/2026-22:01:37] [I] Average on 1 runs - GPU latency: 4.21582 ms - Host latency: 4.29419 ms (enqueue 3.07886 ms)
[10/04/2026-22:01:37] [I] Average on 1 runs - GPU latency: 4.21362 ms - Host latency: 4.28271 ms (enqueue 3.05029 ms)
[10/04/2026-22:01:37] [I] Average on 1 runs - GPU latency: 4.21924 ms - Host latency: 4.2998 ms (enqueue 3.23853 ms)
[10/04/2026-22:01:37] [I] Average on 1 runs - GPU latency: 4.21997 ms - Host latency: 4.29761 ms (enqueue 3.03027 ms)
[10/04/2026-22:01:37] [I] Average on 1 runs - GPU latency: 4.22559 ms - Host latency: 4.31006 ms (enqueue 3.05518 ms)
[10/04/2026-22:01:37] [I] Average on 1 runs - GPU latency: 4.22021 ms - Host latency: 4.30103 ms (enqueue 3.07788 ms)
[10/04/2026-22:01:37] [I] Average on 1 runs - GPU latency: 4.21582 ms - Host latency: 4.29517 ms (enqueue 3.08643 ms)
[10/04/2026-22:01:37] [I] Average on 1 runs - GPU latency: 4.22754 ms - Host latency: 4.32031 ms (enqueue 3.01123 ms)
[10/04/2026-22:01:37] [I] Average on 1 runs - GPU latency: 4.21875 ms - Host latency: 4.30371 ms (enqueue 2.99634 ms)
[10/04/2026-22:01:37] [I] Average on 1 runs - GPU latency: 4.21606 ms - Host latency: 4.29102 ms (enqueue 3.27661 ms)
[10/04/2026-22:01:37] [I] Average on 1 runs - GPU latency: 4.21509 ms - Host latency: 4.28857 ms (enqueue 3.01172 ms)
[10/04/2026-22:01:37] [I] Average on 1 runs - GPU latency: 4.21582 ms - Host latency: 4.29028 ms (enqueue 3.01636 ms)
[10/04/2026-22:01:37] [I] Average on 1 runs - GPU latency: 4.22119 ms - Host latency: 4.29712 ms (enqueue 3.06274 ms)
[10/04/2026-22:01:37] [I] Average on 1 runs - GPU latency: 4.22363 ms - Host latency: 4.30298 ms (enqueue 3.05054 ms)
[10/04/2026-22:01:37] [I] Average on 1 runs - GPU latency: 4.21802 ms - Host latency: 4.30664 ms (enqueue 3.06128 ms)
[10/04/2026-22:01:37] [I] Average on 1 runs - GPU latency: 4.23291 ms - Host latency: 4.31299 ms (enqueue 3.06787 ms)
[10/04/2026-22:01:37] [I] Average on 1 runs - GPU latency: 4.22046 ms - Host latency: 4.2998 ms (enqueue 3.06494 ms)
[10/04/2026-22:01:37] [I] Average on 1 runs - GPU latency: 4.21753 ms - Host latency: 4.29468 ms (enqueue 3.11475 ms)
[10/04/2026-22:01:37] [I] Average on 1 runs - GPU latency: 4.21729 ms - Host latency: 4.2998 ms (enqueue 3.09277 ms)
[10/04/2026-22:01:37] [I] Average on 1 runs - GPU latency: 4.22241 ms - Host latency: 4.29492 ms (enqueue 3.0752 ms)
[10/04/2026-22:01:37] [I] Average on 1 runs - GPU latency: 4.21924 ms - Host latency: 4.29883 ms (enqueue 3.07471 ms)
[10/04/2026-22:01:37] [I] Average on 1 runs - GPU latency: 4.21875 ms - Host latency: 4.2937 ms (enqueue 3.08057 ms)
[10/04/2026-22:01:37] [I] Average on 1 runs - GPU latency: 4.21729 ms - Host latency: 4.29126 ms (enqueue 3.06982 ms)
[10/04/2026-22:01:37] [I] Average on 1 runs - GPU latency: 4.21802 ms - Host latency: 4.29297 ms (enqueue 3.08594 ms)
[10/04/2026-22:01:37] [I] Average on 1 runs - GPU latency: 4.21826 ms - Host latency: 4.29175 ms (enqueue 3.07202 ms)
[10/04/2026-22:01:37] [I] Average on 1 runs - GPU latency: 4.21899 ms - Host latency: 4.29102 ms (enqueue 3.00098 ms)
[10/04/2026-22:01:37] [I] Average on 1 runs - GPU latency: 4.21509 ms - Host latency: 4.28638 ms (enqueue 3.03052 ms)
[10/04/2026-22:01:37] [I] Average on 1 runs - GPU latency: 4.22705 ms - Host latency: 4.30566 ms (enqueue 3.00171 ms)
[10/04/2026-22:01:37] [I] Average on 1 runs - GPU latency: 4.22217 ms - Host latency: 4.29932 ms (enqueue 3.00146 ms)
[10/04/2026-22:01:37] [I] Average on 1 runs - GPU latency: 4.22339 ms - Host latency: 4.2937 ms (enqueue 3.0127 ms)
[10/04/2026-22:01:37] [I] Average on 1 runs - GPU latency: 4.229 ms - Host latency: 4.31128 ms (enqueue 3.0127 ms)
[10/04/2026-22:01:37] [I] Average on 1 runs - GPU latency: 4.22461 ms - Host latency: 4.30933 ms (enqueue 3.05835 ms)
[10/04/2026-22:01:37] [I] Average on 1 runs - GPU latency: 4.21362 ms - Host latency: 4.2959 ms (enqueue 3.11572 ms)
[10/04/2026-22:01:37] [I] Average on 1 runs - GPU latency: 4.21777 ms - Host latency: 4.2959 ms (enqueue 3.08911 ms)
[10/04/2026-22:01:37] [I] Average on 1 runs - GPU latency: 4.22046 ms - Host latency: 4.29541 ms (enqueue 3.10327 ms)
[10/04/2026-22:01:37] [I] Average on 1 runs - GPU latency: 4.22363 ms - Host latency: 4.30103 ms (enqueue 3.06421 ms)
[10/04/2026-22:01:37] [I] Average on 1 runs - GPU latency: 4.23267 ms - Host latency: 4.32837 ms (enqueue 3.09375 ms)
[10/04/2026-22:01:37] [I] Average on 1 runs - GPU latency: 4.21973 ms - Host latency: 4.30078 ms (enqueue 3.10083 ms)
[10/04/2026-22:01:37] [I] Average on 1 runs - GPU latency: 4.21973 ms - Host latency: 4.29736 ms (enqueue 3.08984 ms)
[10/04/2026-22:01:37] [I] Average on 1 runs - GPU latency: 4.21533 ms - Host latency: 4.2959 ms (enqueue 3.07739 ms)
[10/04/2026-22:01:37] [I] Average on 1 runs - GPU latency: 4.21924 ms - Host latency: 4.30005 ms (enqueue 3.05029 ms)
[10/04/2026-22:01:37] [I] Average on 1 runs - GPU latency: 4.21631 ms - Host latency: 4.29468 ms (enqueue 3.06958 ms)
[10/04/2026-22:01:37] [I] Average on 1 runs - GPU latency: 4.22681 ms - Host latency: 4.30835 ms (enqueue 3.08521 ms)
[10/04/2026-22:01:37] [I] Average on 1 runs - GPU latency: 4.22534 ms - Host latency: 4.29956 ms (enqueue 3.03418 ms)
[10/04/2026-22:01:37] [I] Average on 1 runs - GPU latency: 4.22656 ms - Host latency: 4.30615 ms (enqueue 3.19946 ms)
[10/04/2026-22:01:37] [I] Average on 1 runs - GPU latency: 4.22778 ms - Host latency: 4.29883 ms (enqueue 3.01245 ms)
[10/04/2026-22:01:37] [I] Average on 1 runs - GPU latency: 4.24561 ms - Host latency: 4.31982 ms (enqueue 3.01245 ms)
[10/04/2026-22:01:37] [I] Average on 1 runs - GPU latency: 4.23071 ms - Host latency: 4.30884 ms (enqueue 3.01489 ms)
[10/04/2026-22:01:37] [I] Average on 1 runs - GPU latency: 4.22754 ms - Host latency: 4.30884 ms (enqueue 3.08838 ms)
[10/04/2026-22:01:37] [I] Average on 1 runs - GPU latency: 4.22583 ms - Host latency: 4.31055 ms (enqueue 3.09888 ms)
[10/04/2026-22:01:37] [I] Average on 1 runs - GPU latency: 4.22363 ms - Host latency: 4.30151 ms (enqueue 3.07886 ms)
[10/04/2026-22:01:37] [I] Average on 1 runs - GPU latency: 4.22437 ms - Host latency: 4.30347 ms (enqueue 3.10303 ms)
[10/04/2026-22:01:37] [I] Average on 1 runs - GPU latency: 4.22974 ms - Host latency: 4.30396 ms (enqueue 3.09375 ms)
[10/04/2026-22:01:37] [I] Average on 1 runs - GPU latency: 4.21826 ms - Host latency: 4.29565 ms (enqueue 3.06787 ms)
[10/04/2026-22:01:37] [I] Average on 1 runs - GPU latency: 4.22168 ms - Host latency: 4.30176 ms (enqueue 3.09351 ms)
[10/04/2026-22:01:37] [I] Average on 1 runs - GPU latency: 4.2251 ms - Host latency: 4.29932 ms (enqueue 3.08081 ms)
[10/04/2026-22:01:37] [I] Average on 1 runs - GPU latency: 4.22681 ms - Host latency: 4.30078 ms (enqueue 3.11084 ms)
[10/04/2026-22:01:37] [I] Average on 1 runs - GPU latency: 4.22363 ms - Host latency: 4.29565 ms (enqueue 3.14355 ms)
[10/04/2026-22:01:37] [I] Average on 1 runs - GPU latency: 4.21558 ms - Host latency: 4.28296 ms (enqueue 3.07568 ms)
[10/04/2026-22:01:37] [I] Average on 1 runs - GPU latency: 4.2207 ms - Host latency: 4.2981 ms (enqueue 3.0061 ms)
[10/04/2026-22:01:37] [I] Average on 1 runs - GPU latency: 4.21802 ms - Host latency: 4.29834 ms (enqueue 2.99365 ms)
[10/04/2026-22:01:37] [I] Average on 1 runs - GPU latency: 4.22192 ms - Host latency: 4.2959 ms (enqueue 2.99854 ms)
[10/04/2026-22:01:37] [I] Average on 1 runs - GPU latency: 4.21753 ms - Host latency: 4.29858 ms (enqueue 2.98877 ms)
[10/04/2026-22:01:37] [I] Average on 1 runs - GPU latency: 4.21851 ms - Host latency: 4.30981 ms (enqueue 3.00708 ms)
[10/04/2026-22:01:37] [I] Average on 1 runs - GPU latency: 4.22485 ms - Host latency: 4.29712 ms (enqueue 3.01343 ms)
[10/04/2026-22:01:37] [I] Average on 1 runs - GPU latency: 4.21191 ms - Host latency: 4.28955 ms (enqueue 3.02563 ms)
[10/04/2026-22:01:37] [I] Average on 1 runs - GPU latency: 4.22607 ms - Host latency: 4.31274 ms (enqueue 3.50269 ms)
[10/04/2026-22:01:37] [I] Average on 1 runs - GPU latency: 4.21924 ms - Host latency: 4.28955 ms (enqueue 3.03369 ms)
[10/04/2026-22:01:37] [I] Average on 1 runs - GPU latency: 4.22778 ms - Host latency: 4.30005 ms (enqueue 3.05762 ms)
[10/04/2026-22:01:37] [I] Average on 1 runs - GPU latency: 4.22144 ms - Host latency: 4.2937 ms (enqueue 3.10132 ms)
[10/04/2026-22:01:37] [I] Average on 1 runs - GPU latency: 4.2356 ms - Host latency: 4.30591 ms (enqueue 3.08984 ms)
[10/04/2026-22:01:37] [I] Average on 1 runs - GPU latency: 4.2251 ms - Host latency: 4.29688 ms (enqueue 3.06128 ms)
[10/04/2026-22:01:37] [I] Average on 1 runs - GPU latency: 4.22681 ms - Host latency: 4.30664 ms (enqueue 3.07788 ms)
[10/04/2026-22:01:37] [I] Average on 1 runs - GPU latency: 4.2334 ms - Host latency: 4.3269 ms (enqueue 3.08667 ms)
[10/04/2026-22:01:37] [I] Average on 1 runs - GPU latency: 4.21851 ms - Host latency: 4.28735 ms (enqueue 2.88013 ms)
[10/04/2026-22:01:37] [I] Average on 1 runs - GPU latency: 4.21338 ms - Host latency: 4.28809 ms (enqueue 2.90601 ms)
[10/04/2026-22:01:37] [I] Average on 1 runs - GPU latency: 4.21753 ms - Host latency: 4.29443 ms (enqueue 2.88867 ms)
[10/04/2026-22:01:37] [I] Average on 1 runs - GPU latency: 4.21338 ms - Host latency: 4.3042 ms (enqueue 2.91919 ms)
[10/04/2026-22:01:37] [I] Average on 1 runs - GPU latency: 4.21484 ms - Host latency: 4.28589 ms (enqueue 2.90454 ms)
[10/04/2026-22:01:37] [I] Average on 1 runs - GPU latency: 4.21973 ms - Host latency: 4.29028 ms (enqueue 2.84741 ms)
[10/04/2026-22:01:37] [I] Average on 1 runs - GPU latency: 4.2168 ms - Host latency: 4.29102 ms (enqueue 3.01392 ms)
[10/04/2026-22:01:37] [I] Average on 1 runs - GPU latency: 4.21436 ms - Host latency: 4.29614 ms (enqueue 2.85864 ms)
[10/04/2026-22:01:37] [I] Average on 1 runs - GPU latency: 4.22144 ms - Host latency: 4.29858 ms (enqueue 2.86182 ms)
[10/04/2026-22:01:37] [I] Average on 1 runs - GPU latency: 4.22339 ms - Host latency: 4.29443 ms (enqueue 3.04272 ms)
[10/04/2026-22:01:37] [I] Average on 1 runs - GPU latency: 4.21948 ms - Host latency: 4.29321 ms (enqueue 2.91211 ms)
[10/04/2026-22:01:37] [I] Average on 1 runs - GPU latency: 4.21509 ms - Host latency: 4.28638 ms (enqueue 3.07983 ms)
[10/04/2026-22:01:37] [I] Average on 1 runs - GPU latency: 4.21606 ms - Host latency: 4.29834 ms (enqueue 3.04956 ms)
[10/04/2026-22:01:37] [I] Average on 1 runs - GPU latency: 4.22485 ms - Host latency: 4.29395 ms (enqueue 3.06079 ms)
[10/04/2026-22:01:37] [I] Average on 1 runs - GPU latency: 4.21411 ms - Host latency: 4.29785 ms (enqueue 3.09644 ms)
[10/04/2026-22:01:37] [I] Average on 1 runs - GPU latency: 4.22437 ms - Host latency: 4.29517 ms (enqueue 3.05933 ms)
[10/04/2026-22:01:37] [I] Average on 1 runs - GPU latency: 4.22095 ms - Host latency: 4.30054 ms (enqueue 3.04272 ms)
[10/04/2026-22:01:37] [I] Average on 1 runs - GPU latency: 4.21802 ms - Host latency: 4.29639 ms (enqueue 3.0896 ms)
[10/04/2026-22:01:37] [I] Average on 1 runs - GPU latency: 4.22119 ms - Host latency: 4.2998 ms (enqueue 3.12354 ms)
[10/04/2026-22:01:37] [I] Average on 1 runs - GPU latency: 4.21191 ms - Host latency: 4.28857 ms (enqueue 3.06934 ms)
[10/04/2026-22:01:37] [I] Average on 1 runs - GPU latency: 4.21753 ms - Host latency: 4.28687 ms (enqueue 3.03271 ms)
[10/04/2026-22:01:37] [I] Average on 1 runs - GPU latency: 4.2229 ms - Host latency: 4.29834 ms (enqueue 3.0293 ms)
[10/04/2026-22:01:37] [I] Average on 1 runs - GPU latency: 4.22144 ms - Host latency: 4.2959 ms (enqueue 3.08081 ms)
[10/04/2026-22:01:37] [I] Average on 1 runs - GPU latency: 4.22827 ms - Host latency: 4.30225 ms (enqueue 3.0083 ms)
[10/04/2026-22:01:37] [I] Average on 1 runs - GPU latency: 4.21118 ms - Host latency: 4.28833 ms (enqueue 3.02466 ms)
[10/04/2026-22:01:37] [I] Average on 1 runs - GPU latency: 4.22095 ms - Host latency: 4.29834 ms (enqueue 3.00195 ms)
[10/04/2026-22:01:37] [I] Average on 1 runs - GPU latency: 4.21851 ms - Host latency: 4.29932 ms (enqueue 3.02466 ms)
[10/04/2026-22:01:37] [I] Average on 1 runs - GPU latency: 4.21948 ms - Host latency: 4.2959 ms (enqueue 3.03076 ms)
[10/04/2026-22:01:37] [I] Average on 1 runs - GPU latency: 4.21338 ms - Host latency: 4.28613 ms (enqueue 3.08594 ms)
[10/04/2026-22:01:37] [I] Average on 1 runs - GPU latency: 4.21509 ms - Host latency: 4.29614 ms (enqueue 3.1106 ms)
[10/04/2026-22:01:37] [I] Average on 1 runs - GPU latency: 4.21338 ms - Host latency: 4.29224 ms (enqueue 3.05273 ms)
[10/04/2026-22:01:37] [I] ... Omitting 3154 lines
[10/04/2026-22:01:37] [I] Average on 1 runs - GPU latency: 4.21484 ms - Host latency: 4.28906 ms (enqueue 3.08984 ms)
[10/04/2026-22:01:37] [I] Average on 1 runs - GPU latency: 4.2207 ms - Host latency: 4.29883 ms (enqueue 3.0918 ms)
[10/04/2026-22:01:37] [I] Average on 1 runs - GPU latency: 4.21875 ms - Host latency: 4.28711 ms (enqueue 3.08984 ms)
[10/04/2026-22:01:37] [I] Average on 1 runs - GPU latency: 4.21875 ms - Host latency: 4.28516 ms (enqueue 3.08594 ms)
[10/04/2026-22:01:37] [I] Average on 1 runs - GPU latency: 4.2168 ms - Host latency: 4.28516 ms (enqueue 3.07617 ms)
[10/04/2026-22:01:37] [I] Average on 1 runs - GPU latency: 4.21289 ms - Host latency: 4.28516 ms (enqueue 3.06641 ms)
[10/04/2026-22:01:37] [I] Average on 1 runs - GPU latency: 4.21484 ms - Host latency: 4.29102 ms (enqueue 3.01953 ms)
[10/04/2026-22:01:37] [I] Average on 1 runs - GPU latency: 4.22461 ms - Host latency: 4.29688 ms (enqueue 3.01172 ms)
[10/04/2026-22:01:37] [I] Average on 1 runs - GPU latency: 4.2168 ms - Host latency: 4.29883 ms (enqueue 3.00391 ms)
[10/04/2026-22:01:37] [I] Average on 1 runs - GPU latency: 4.21484 ms - Host latency: 4.29102 ms (enqueue 3.03906 ms)
[10/04/2026-22:01:37] [I] Average on 1 runs - GPU latency: 4.22461 ms - Host latency: 4.30469 ms (enqueue 3.00391 ms)
[10/04/2026-22:01:37] [I] Average on 1 runs - GPU latency: 4.2207 ms - Host latency: 4.30469 ms (enqueue 3.05664 ms)
[10/04/2026-22:01:37] [I] Average on 1 runs - GPU latency: 4.2168 ms - Host latency: 4.30078 ms (enqueue 3.07227 ms)
[10/04/2026-22:01:37] [I] Average on 1 runs - GPU latency: 4.21875 ms - Host latency: 4.29688 ms (enqueue 3.09766 ms)
[10/04/2026-22:01:37] [I] Average on 1 runs - GPU latency: 4.22266 ms - Host latency: 4.29883 ms (enqueue 3.04883 ms)
[10/04/2026-22:01:37] [I] Average on 1 runs - GPU latency: 4.2168 ms - Host latency: 4.29492 ms (enqueue 3.10938 ms)
[10/04/2026-22:01:37] [I] Average on 1 runs - GPU latency: 4.21289 ms - Host latency: 4.2832 ms (enqueue 3.09766 ms)
[10/04/2026-22:01:37] [I] Average on 1 runs - GPU latency: 4.21484 ms - Host latency: 4.28516 ms (enqueue 3.05859 ms)
[10/04/2026-22:01:37] [I] Average on 1 runs - GPU latency: 4.21484 ms - Host latency: 4.28516 ms (enqueue 3.05078 ms)
[10/04/2026-22:01:37] [I] Average on 1 runs - GPU latency: 4.2168 ms - Host latency: 4.29883 ms (enqueue 3.10352 ms)
[10/04/2026-22:01:37] [I] Average on 1 runs - GPU latency: 4.22266 ms - Host latency: 4.29102 ms (enqueue 3.11719 ms)
[10/04/2026-22:01:37] [I] Average on 1 runs - GPU latency: 4.22266 ms - Host latency: 4.30273 ms (enqueue 3.0625 ms)
[10/04/2026-22:01:37] [I] Average on 1 runs - GPU latency: 4.2207 ms - Host latency: 4.29492 ms (enqueue 3.07812 ms)
[10/04/2026-22:01:37] [I] Average on 1 runs - GPU latency: 4.2207 ms - Host latency: 4.29688 ms (enqueue 3.04297 ms)
[10/04/2026-22:01:37] [I] Average on 1 runs - GPU latency: 4.2168 ms - Host latency: 4.28711 ms (enqueue 3.01562 ms)
[10/04/2026-22:01:37] [I] Average on 1 runs - GPU latency: 4.22461 ms - Host latency: 4.30273 ms (enqueue 2.99805 ms)
[10/04/2026-22:01:37] [I] Average on 1 runs - GPU latency: 4.2207 ms - Host latency: 4.30078 ms (enqueue 2.99805 ms)
[10/04/2026-22:01:37] [I] Average on 1 runs - GPU latency: 4.21484 ms - Host latency: 4.29102 ms (enqueue 3.00391 ms)
[10/04/2026-22:01:37] [I] Average on 1 runs - GPU latency: 4.20703 ms - Host latency: 4.28125 ms (enqueue 3.01953 ms)
[10/04/2026-22:01:37] [I] Average on 1 runs - GPU latency: 4.20898 ms - Host latency: 4.28711 ms (enqueue 3.08984 ms)
[10/04/2026-22:01:37] [I] Average on 1 runs - GPU latency: 4.21484 ms - Host latency: 4.2832 ms (enqueue 3.08984 ms)
[10/04/2026-22:01:37] [I] Average on 1 runs - GPU latency: 4.22461 ms - Host latency: 4.29883 ms (enqueue 3.13086 ms)
[10/04/2026-22:01:37] [I] Average on 1 runs - GPU latency: 4.2207 ms - Host latency: 4.30078 ms (enqueue 3.11719 ms)
[10/04/2026-22:01:37] [I] Average on 1 runs - GPU latency: 4.21484 ms - Host latency: 4.29297 ms (enqueue 3.07812 ms)
[10/04/2026-22:01:37] [I] Average on 1 runs - GPU latency: 4.22266 ms - Host latency: 4.30273 ms (enqueue 3.06836 ms)
[10/04/2026-22:01:37] [I] Average on 1 runs - GPU latency: 4.22461 ms - Host latency: 4.30664 ms (enqueue 3.0918 ms)
[10/04/2026-22:01:37] [I] Average on 1 runs - GPU latency: 4.21094 ms - Host latency: 4.28516 ms (enqueue 3.13867 ms)
[10/04/2026-22:01:37] [I] Average on 1 runs - GPU latency: 4.2207 ms - Host latency: 4.29297 ms (enqueue 3.07031 ms)
[10/04/2026-22:01:37] [I] Average on 1 runs - GPU latency: 4.21094 ms - Host latency: 4.28125 ms (enqueue 3.07617 ms)
[10/04/2026-22:01:37] [I] Average on 1 runs - GPU latency: 4.22461 ms - Host latency: 4.29492 ms (enqueue 3.08594 ms)
[10/04/2026-22:01:37] [I] Average on 1 runs - GPU latency: 4.21289 ms - Host latency: 4.28125 ms (enqueue 3.08008 ms)
[10/04/2026-22:01:37] [I] Average on 1 runs - GPU latency: 4.21484 ms - Host latency: 4.2832 ms (enqueue 3.01953 ms)
[10/04/2026-22:01:37] [I] Average on 1 runs - GPU latency: 4.21484 ms - Host latency: 4.28906 ms (enqueue 3.01953 ms)
[10/04/2026-22:01:37] [I] Average on 1 runs - GPU latency: 4.22266 ms - Host latency: 4.30078 ms (enqueue 3.00781 ms)
[10/04/2026-22:01:37] [I] Average on 1 runs - GPU latency: 4.21484 ms - Host latency: 4.29688 ms (enqueue 2.98828 ms)
[10/04/2026-22:01:37] [I] Average on 1 runs - GPU latency: 4.2168 ms - Host latency: 4.28906 ms (enqueue 2.99414 ms)
[10/04/2026-22:01:37] [I] Average on 1 runs - GPU latency: 4.22656 ms - Host latency: 4.30078 ms (enqueue 3.01562 ms)
[10/04/2026-22:01:37] [I] Average on 1 runs - GPU latency: 4.21484 ms - Host latency: 4.29102 ms (enqueue 3.08203 ms)
[10/04/2026-22:01:37] [I] Average on 1 runs - GPU latency: 4.21484 ms - Host latency: 4.2832 ms (enqueue 3.08594 ms)
[10/04/2026-22:01:37] [I] Average on 1 runs - GPU latency: 4.21875 ms - Host latency: 4.29297 ms (enqueue 3.07617 ms)
[10/04/2026-22:01:37] [I] Average on 1 runs - GPU latency: 4.2168 ms - Host latency: 4.29297 ms (enqueue 3.08008 ms)
[10/04/2026-22:01:37] [I] Average on 1 runs - GPU latency: 4.2207 ms - Host latency: 4.29688 ms (enqueue 3.09375 ms)
[10/04/2026-22:01:37] [I] Average on 1 runs - GPU latency: 4.21875 ms - Host latency: 4.28711 ms (enqueue 3.08789 ms)
[10/04/2026-22:01:37] [I] Average on 1 runs - GPU latency: 4.21484 ms - Host latency: 4.29102 ms (enqueue 3.08398 ms)
[10/04/2026-22:01:37] [I] Average on 1 runs - GPU latency: 4.2207 ms - Host latency: 4.29297 ms (enqueue 3.06445 ms)
[10/04/2026-22:01:37] [I] Average on 1 runs - GPU latency: 4.21484 ms - Host latency: 4.28516 ms (enqueue 3.04297 ms)
[10/04/2026-22:01:37] [I] Average on 1 runs - GPU latency: 4.22266 ms - Host latency: 4.29102 ms (enqueue 3.05664 ms)
[10/04/2026-22:01:37] [I] Average on 1 runs - GPU latency: 4.21094 ms - Host latency: 4.27734 ms (enqueue 3.04688 ms)
[10/04/2026-22:01:37] [I] Average on 1 runs - GPU latency: 4.2168 ms - Host latency: 4.29492 ms (enqueue 3.04492 ms)
[10/04/2026-22:01:37] [I] Average on 1 runs - GPU latency: 4.22266 ms - Host latency: 4.29688 ms (enqueue 3.05664 ms)
[10/04/2026-22:01:37] [I] Average on 1 runs - GPU latency: 4.21289 ms - Host latency: 4.28516 ms (enqueue 2.99609 ms)
[10/04/2026-22:01:37] [I] Average on 1 runs - GPU latency: 4.22656 ms - Host latency: 4.31055 ms (enqueue 3.17383 ms)
[10/04/2026-22:01:37] [I] Average on 1 runs - GPU latency: 4.20508 ms - Host latency: 4.28906 ms (enqueue 2.99805 ms)
[10/04/2026-22:01:37] [I] Average on 1 runs - GPU latency: 4.22656 ms - Host latency: 4.30469 ms (enqueue 3.22461 ms)
[10/04/2026-22:01:37] [I] Average on 1 runs - GPU latency: 4.2168 ms - Host latency: 4.29492 ms (enqueue 3.09375 ms)
[10/04/2026-22:01:37] [I] Average on 1 runs - GPU latency: 4.23242 ms - Host latency: 4.30469 ms (enqueue 3.04102 ms)
[10/04/2026-22:01:37] [I] Average on 1 runs - GPU latency: 4.24219 ms - Host latency: 4.32422 ms (enqueue 3.08008 ms)
[10/04/2026-22:01:37] [I] Average on 1 runs - GPU latency: 4.23242 ms - Host latency: 4.30273 ms (enqueue 3.05859 ms)
[10/04/2026-22:01:37] [I] Average on 1 runs - GPU latency: 4.2207 ms - Host latency: 4.30078 ms (enqueue 3.35938 ms)
[10/04/2026-22:01:37] [I] Average on 1 runs - GPU latency: 4.22656 ms - Host latency: 4.29688 ms (enqueue 3.06055 ms)
[10/04/2026-22:01:37] [I] Average on 1 runs - GPU latency: 4.22656 ms - Host latency: 4.29492 ms (enqueue 3.03711 ms)
[10/04/2026-22:01:37] [I] Average on 1 runs - GPU latency: 4.2207 ms - Host latency: 4.29688 ms (enqueue 3.0918 ms)
[10/04/2026-22:01:37] [I] Average on 1 runs - GPU latency: 4.23438 ms - Host latency: 4.30469 ms (enqueue 3.09766 ms)
[10/04/2026-22:01:37] [I] Average on 1 runs - GPU latency: 4.22852 ms - Host latency: 4.29883 ms (enqueue 3.08594 ms)
[10/04/2026-22:01:37] [I] Average on 1 runs - GPU latency: 4.21875 ms - Host latency: 4.29297 ms (enqueue 3.0625 ms)
[10/04/2026-22:01:37] [I] Average on 1 runs - GPU latency: 4.23438 ms - Host latency: 4.3125 ms (enqueue 3.29688 ms)
[10/04/2026-22:01:37] [I] Average on 1 runs - GPU latency: 4.2168 ms - Host latency: 4.28906 ms (enqueue 2.98828 ms)
[10/04/2026-22:01:37] [I] Average on 1 runs - GPU latency: 4.23438 ms - Host latency: 4.30664 ms (enqueue 3.39258 ms)
[10/04/2026-22:01:37] [I] Average on 1 runs - GPU latency: 4.22656 ms - Host latency: 4.30078 ms (enqueue 3.08984 ms)
[10/04/2026-22:01:37] [I] Average on 1 runs - GPU latency: 4.2207 ms - Host latency: 4.29492 ms (enqueue 3.07617 ms)
[10/04/2026-22:01:37] [I] Average on 1 runs - GPU latency: 4.2207 ms - Host latency: 4.29297 ms (enqueue 3.06836 ms)
[10/04/2026-22:01:37] [I] Average on 1 runs - GPU latency: 4.2207 ms - Host latency: 4.29297 ms (enqueue 3.0957 ms)
[10/04/2026-22:01:37] [I] Average on 1 runs - GPU latency: 4.21484 ms - Host latency: 4.29297 ms (enqueue 3.43164 ms)
[10/04/2026-22:01:37] [I] Average on 1 runs - GPU latency: 4.2207 ms - Host latency: 4.29297 ms (enqueue 3.0957 ms)
[10/04/2026-22:01:37] [I] Average on 1 runs - GPU latency: 4.22656 ms - Host latency: 4.30859 ms (enqueue 3.10938 ms)
[10/04/2026-22:01:37] [I] Average on 1 runs - GPU latency: 4.2207 ms - Host latency: 4.29102 ms (enqueue 3.06836 ms)
[10/04/2026-22:01:37] [I] Average on 1 runs - GPU latency: 4.22461 ms - Host latency: 4.29297 ms (enqueue 3.06055 ms)
[10/04/2026-22:01:37] [I] Average on 1 runs - GPU latency: 4.22461 ms - Host latency: 4.29688 ms (enqueue 3.10156 ms)
[10/04/2026-22:01:37] [I] Average on 1 runs - GPU latency: 4.22656 ms - Host latency: 4.29492 ms (enqueue 3.04297 ms)
[10/04/2026-22:01:37] [I] Average on 1 runs - GPU latency: 4.22266 ms - Host latency: 4.30273 ms (enqueue 3.02344 ms)
[10/04/2026-22:01:37] [I] Average on 1 runs - GPU latency: 4.2207 ms - Host latency: 4.29102 ms (enqueue 3.00391 ms)
[10/04/2026-22:01:37] [I] Average on 1 runs - GPU latency: 4.22656 ms - Host latency: 4.29492 ms (enqueue 3.01758 ms)
[10/04/2026-22:01:37] [I] Average on 1 runs - GPU latency: 4.22656 ms - Host latency: 4.29688 ms (enqueue 3.04297 ms)
[10/04/2026-22:01:37] [I] Average on 1 runs - GPU latency: 4.22852 ms - Host latency: 4.31055 ms (enqueue 3.02344 ms)
[10/04/2026-22:01:37] [I] Average on 1 runs - GPU latency: 4.21875 ms - Host latency: 4.31641 ms (enqueue 3.05664 ms)
[10/04/2026-22:01:37] [I] Average on 1 runs - GPU latency: 4.2207 ms - Host latency: 4.31641 ms (enqueue 3.10156 ms)
[10/04/2026-22:01:37] [I] Average on 1 runs - GPU latency: 4.23047 ms - Host latency: 4.33008 ms (enqueue 3.07227 ms)
[10/04/2026-22:01:37] [I] Average on 1 runs - GPU latency: 4.22852 ms - Host latency: 4.32031 ms (enqueue 3.0918 ms)
[10/04/2026-22:01:37] [I] Average on 1 runs - GPU latency: 4.2207 ms - Host latency: 4.3125 ms (enqueue 3.09961 ms)
[10/04/2026-22:01:37] [I] Average on 1 runs - GPU latency: 4.2207 ms - Host latency: 4.30859 ms (enqueue 3.11523 ms)
[10/04/2026-22:01:37] [I] Average on 1 runs - GPU latency: 4.21484 ms - Host latency: 4.28906 ms (enqueue 3.10547 ms)
[10/04/2026-22:01:37] [I] Average on 1 runs - GPU latency: 4.2168 ms - Host latency: 4.28711 ms (enqueue 3.06641 ms)
[10/04/2026-22:01:37] [I] Average on 1 runs - GPU latency: 4.21484 ms - Host latency: 4.28906 ms (enqueue 3.08203 ms)
[10/04/2026-22:01:37] [I] Average on 1 runs - GPU latency: 4.21484 ms - Host latency: 4.28906 ms (enqueue 3.06055 ms)
[10/04/2026-22:01:37] [I] Average on 1 runs - GPU latency: 4.22266 ms - Host latency: 4.29102 ms (enqueue 3.06445 ms)
[10/04/2026-22:01:37] [I] Average on 1 runs - GPU latency: 4.21094 ms - Host latency: 4.2793 ms (enqueue 3.08398 ms)
[10/04/2026-22:01:37] [I] Average on 1 runs - GPU latency: 4.2207 ms - Host latency: 4.28711 ms (enqueue 3.07031 ms)
[10/04/2026-22:01:37] [I] Average on 1 runs - GPU latency: 4.2207 ms - Host latency: 4.28516 ms (enqueue 3.01367 ms)
[10/04/2026-22:01:37] [I] Average on 1 runs - GPU latency: 4.22461 ms - Host latency: 4.30078 ms (enqueue 3.29492 ms)
[10/04/2026-22:01:37] [I] Average on 1 runs - GPU latency: 4.22656 ms - Host latency: 4.30469 ms (enqueue 3.0332 ms)
[10/04/2026-22:01:37] [I] Average on 1 runs - GPU latency: 4.2207 ms - Host latency: 4.30469 ms (enqueue 3.0332 ms)
[10/04/2026-22:01:37] [I] Average on 1 runs - GPU latency: 4.21289 ms - Host latency: 4.2793 ms (enqueue 3.04883 ms)
[10/04/2026-22:01:37] [I] Average on 1 runs - GPU latency: 4.2168 ms - Host latency: 4.29102 ms (enqueue 3.05859 ms)
[10/04/2026-22:01:37] [I] Average on 1 runs - GPU latency: 4.22266 ms - Host latency: 4.29102 ms (enqueue 3.07227 ms)
[10/04/2026-22:01:37] [I] Average on 1 runs - GPU latency: 4.21484 ms - Host latency: 4.28125 ms (enqueue 3.10156 ms)
[10/04/2026-22:01:37] [I] Average on 1 runs - GPU latency: 4.22656 ms - Host latency: 4.29883 ms (enqueue 3.08398 ms)
[10/04/2026-22:01:37] [I] Average on 1 runs - GPU latency: 4.21875 ms - Host latency: 4.28516 ms (enqueue 3.03516 ms)
[10/04/2026-22:01:37] [I] Average on 1 runs - GPU latency: 4.2207 ms - Host latency: 4.28516 ms (enqueue 3.04688 ms)
[10/04/2026-22:01:37] [I] Average on 1 runs - GPU latency: 4.22266 ms - Host latency: 4.29492 ms (enqueue 3.05859 ms)
[10/04/2026-22:01:37] [I] Average on 1 runs - GPU latency: 4.2207 ms - Host latency: 4.29297 ms (enqueue 3.07812 ms)
[10/04/2026-22:01:37] [I] Average on 1 runs - GPU latency: 4.22266 ms - Host latency: 4.29492 ms (enqueue 3.06641 ms)
[10/04/2026-22:01:37] [I] Average on 1 runs - GPU latency: 4.22266 ms - Host latency: 4.29297 ms (enqueue 3.10547 ms)
[10/04/2026-22:01:37] [I] Average on 1 runs - GPU latency: 4.2207 ms - Host latency: 4.29297 ms (enqueue 3.07031 ms)
[10/04/2026-22:01:37] [I] Average on 1 runs - GPU latency: 4.22266 ms - Host latency: 4.28906 ms (enqueue 3.11523 ms)
[10/04/2026-22:01:37] [I] Average on 1 runs - GPU latency: 4.21484 ms - Host latency: 4.28906 ms (enqueue 3.06055 ms)
[10/04/2026-22:01:37] [I] Average on 1 runs - GPU latency: 4.21875 ms - Host latency: 4.2832 ms (enqueue 3.0293 ms)
[10/04/2026-22:01:37] [I] Average on 1 runs - GPU latency: 4.20898 ms - Host latency: 4.28125 ms (enqueue 3.00977 ms)
[10/04/2026-22:01:37] [I] Average on 1 runs - GPU latency: 4.22656 ms - Host latency: 4.29883 ms (enqueue 3.01953 ms)
[10/04/2026-22:01:37] [I] Average on 1 runs - GPU latency: 4.22461 ms - Host latency: 4.32031 ms (enqueue 2.99414 ms)
[10/04/2026-22:01:37] [I] Average on 1 runs - GPU latency: 4.22461 ms - Host latency: 4.30273 ms (enqueue 3.01172 ms)
[10/04/2026-22:01:37] [I] Average on 1 runs - GPU latency: 4.2207 ms - Host latency: 4.29102 ms (enqueue 3.01758 ms)
[10/04/2026-22:01:37] [I] Average on 1 runs - GPU latency: 4.2207 ms - Host latency: 4.28906 ms (enqueue 3.08984 ms)
[10/04/2026-22:01:37] [I] Average on 1 runs - GPU latency: 4.21875 ms - Host latency: 4.29297 ms (enqueue 3.08203 ms)
[10/04/2026-22:01:37] [I] Average on 1 runs - GPU latency: 4.2207 ms - Host latency: 4.29492 ms (enqueue 3.08594 ms)
[10/04/2026-22:01:37] [I] Average on 1 runs - GPU latency: 4.22266 ms - Host latency: 4.29102 ms (enqueue 3.09375 ms)
[10/04/2026-22:01:37] [I] Average on 1 runs - GPU latency: 4.2168 ms - Host latency: 4.28516 ms (enqueue 3.12305 ms)
[10/04/2026-22:01:37] [I] Average on 1 runs - GPU latency: 4.23438 ms - Host latency: 4.31055 ms (enqueue 3.11719 ms)
[10/04/2026-22:01:37] [I] Average on 1 runs - GPU latency: 4.22852 ms - Host latency: 4.32812 ms (enqueue 3.0625 ms)
[10/04/2026-22:01:37] [I] Average on 1 runs - GPU latency: 4.2207 ms - Host latency: 4.30273 ms (enqueue 3.07812 ms)
[10/04/2026-22:01:37] [I] Average on 1 runs - GPU latency: 4.22266 ms - Host latency: 4.30664 ms (enqueue 3.07031 ms)
[10/04/2026-22:01:37] [I] Average on 1 runs - GPU latency: 4.22656 ms - Host latency: 4.29688 ms (enqueue 3.07422 ms)
[10/04/2026-22:01:37] [I] Average on 1 runs - GPU latency: 4.23438 ms - Host latency: 4.30664 ms (enqueue 3.07617 ms)
[10/04/2026-22:01:37] [I] Average on 1 runs - GPU latency: 4.2207 ms - Host latency: 4.29102 ms (enqueue 3.07812 ms)
[10/04/2026-22:01:37] [I] Average on 1 runs - GPU latency: 4.22461 ms - Host latency: 4.29688 ms (enqueue 3.08008 ms)
[10/04/2026-22:01:37] [I] Average on 1 runs - GPU latency: 4.22266 ms - Host latency: 4.29102 ms (enqueue 3.01172 ms)
[10/04/2026-22:01:37] [I] Average on 1 runs - GPU latency: 4.21875 ms - Host latency: 4.28516 ms (enqueue 3.01562 ms)
[10/04/2026-22:01:37] [I] Average on 1 runs - GPU latency: 4.22266 ms - Host latency: 4.29688 ms (enqueue 3.02344 ms)
[10/04/2026-22:01:37] [I] Average on 1 runs - GPU latency: 4.22461 ms - Host latency: 4.29492 ms (enqueue 3.0293 ms)
[10/04/2026-22:01:37] [I] Average on 1 runs - GPU latency: 4.21875 ms - Host latency: 4.28711 ms (enqueue 3.01367 ms)
[10/04/2026-22:01:37] [I] Average on 1 runs - GPU latency: 4.21484 ms - Host latency: 4.28711 ms (enqueue 3.01562 ms)
[10/04/2026-22:01:37] [I] Average on 1 runs - GPU latency: 4.21094 ms - Host latency: 4.28516 ms (enqueue 3.07617 ms)
[10/04/2026-22:01:37] [I] Average on 1 runs - GPU latency: 4.21875 ms - Host latency: 4.28906 ms (enqueue 3.0625 ms)
[10/04/2026-22:01:37] [I] Average on 1 runs - GPU latency: 4.22266 ms - Host latency: 4.30273 ms (enqueue 3.05078 ms)
[10/04/2026-22:01:37] [I] Average on 1 runs - GPU latency: 4.21289 ms - Host latency: 4.28906 ms (enqueue 3.09375 ms)
[10/04/2026-22:01:37] [I] Average on 1 runs - GPU latency: 4.22266 ms - Host latency: 4.29688 ms (enqueue 3.08008 ms)
[10/04/2026-22:01:37] [I] Average on 1 runs - GPU latency: 4.22266 ms - Host latency: 4.29688 ms (enqueue 3.10742 ms)
[10/04/2026-22:01:37] [I] Average on 1 runs - GPU latency: 4.2207 ms - Host latency: 4.29297 ms (enqueue 3.08984 ms)
[10/04/2026-22:01:37] [I] Average on 1 runs - GPU latency: 4.21875 ms - Host latency: 4.29102 ms (enqueue 3.0957 ms)
[10/04/2026-22:01:37] [I] Average on 1 runs - GPU latency: 4.22852 ms - Host latency: 4.29883 ms (enqueue 3.11133 ms)
[10/04/2026-22:01:37] [I] Average on 1 runs - GPU latency: 4.22461 ms - Host latency: 4.29688 ms (enqueue 3.06836 ms)
[10/04/2026-22:01:37] [I] Average on 1 runs - GPU latency: 4.21875 ms - Host latency: 4.28906 ms (enqueue 3.10938 ms)
[10/04/2026-22:01:37] [I] Average on 1 runs - GPU latency: 4.22461 ms - Host latency: 4.29297 ms (enqueue 3.07422 ms)
[10/04/2026-22:01:37] [I] Average on 1 runs - GPU latency: 4.22266 ms - Host latency: 4.29883 ms (enqueue 3.04492 ms)
[10/04/2026-22:01:37] [I] Average on 1 runs - GPU latency: 4.2207 ms - Host latency: 4.28906 ms (enqueue 3.03516 ms)
[10/04/2026-22:01:37] [I] Average on 1 runs - GPU latency: 4.2168 ms - Host latency: 4.28906 ms (enqueue 3.0332 ms)
[10/04/2026-22:01:37] [I] Average on 1 runs - GPU latency: 4.21875 ms - Host latency: 4.29688 ms (enqueue 3.03906 ms)
[10/04/2026-22:01:37] [I] Average on 1 runs - GPU latency: 4.2207 ms - Host latency: 4.29688 ms (enqueue 3.03711 ms)
[10/04/2026-22:01:37] [I] Average on 1 runs - GPU latency: 4.22461 ms - Host latency: 4.29297 ms (enqueue 3.0293 ms)
[10/04/2026-22:01:37] [I] Average on 1 runs - GPU latency: 4.2168 ms - Host latency: 4.29297 ms (enqueue 3.06836 ms)
[10/04/2026-22:01:37] [I] Average on 1 runs - GPU latency: 4.22461 ms - Host latency: 4.30273 ms (enqueue 3.08398 ms)
[10/04/2026-22:01:37] [I] Average on 1 runs - GPU latency: 4.22656 ms - Host latency: 4.30078 ms (enqueue 3.05078 ms)
[10/04/2026-22:01:37] [I] Average on 1 runs - GPU latency: 4.22852 ms - Host latency: 4.30664 ms (enqueue 3.07227 ms)
[10/04/2026-22:01:37] [I] Average on 1 runs - GPU latency: 4.21875 ms - Host latency: 4.29297 ms (enqueue 3.11719 ms)
[10/04/2026-22:01:37] [I] Average on 1 runs - GPU latency: 4.2168 ms - Host latency: 4.28906 ms (enqueue 3.05469 ms)
[10/04/2026-22:01:37] [I] Average on 1 runs - GPU latency: 4.2168 ms - Host latency: 4.28906 ms (enqueue 3.09375 ms)
[10/04/2026-22:01:37] [I] Average on 1 runs - GPU latency: 4.2207 ms - Host latency: 4.29102 ms (enqueue 3.07422 ms)
[10/04/2026-22:01:37] [I] Average on 1 runs - GPU latency: 4.22266 ms - Host latency: 4.29297 ms (enqueue 3.12891 ms)
[10/04/2026-22:01:37] [I] Average on 1 runs - GPU latency: 4.2168 ms - Host latency: 4.29297 ms (enqueue 3.09961 ms)
[10/04/2026-22:01:37] [I] Average on 1 runs - GPU latency: 4.22461 ms - Host latency: 4.30273 ms (enqueue 3.09375 ms)
[10/04/2026-22:01:37] [I] Average on 1 runs - GPU latency: 4.2207 ms - Host latency: 4.28906 ms (enqueue 3.08789 ms)
[10/04/2026-22:01:37] [I] Average on 1 runs - GPU latency: 4.2207 ms - Host latency: 4.29492 ms (enqueue 3.07812 ms)
[10/04/2026-22:01:37] [I] Average on 1 runs - GPU latency: 4.2207 ms - Host latency: 4.29297 ms (enqueue 3.0332 ms)
[10/04/2026-22:01:37] [I] Average on 1 runs - GPU latency: 4.2168 ms - Host latency: 4.29492 ms (enqueue 3.01953 ms)
[10/04/2026-22:01:37] [I] Average on 1 runs - GPU latency: 4.2207 ms - Host latency: 4.29883 ms (enqueue 3.01758 ms)
[10/04/2026-22:01:37] [I] Average on 1 runs - GPU latency: 4.22656 ms - Host latency: 4.30078 ms (enqueue 3.01562 ms)
[10/04/2026-22:01:37] [I] Average on 1 runs - GPU latency: 4.22461 ms - Host latency: 4.30078 ms (enqueue 3.01367 ms)
[10/04/2026-22:01:37] [I] Average on 1 runs - GPU latency: 4.21875 ms - Host latency: 4.29102 ms (enqueue 3.08203 ms)
[10/04/2026-22:01:37] [I] Average on 1 runs - GPU latency: 4.21484 ms - Host latency: 4.2832 ms (enqueue 3.07617 ms)
[10/04/2026-22:01:37] [I] Average on 1 runs - GPU latency: 4.22852 ms - Host latency: 4.29492 ms (enqueue 3.0957 ms)
[10/04/2026-22:01:37] [I] Average on 1 runs - GPU latency: 4.22852 ms - Host latency: 4.29688 ms (enqueue 3.10352 ms)
[10/04/2026-22:01:37] [I] Average on 1 runs - GPU latency: 4.22852 ms - Host latency: 4.29688 ms (enqueue 3.08008 ms)
[10/04/2026-22:01:37] [I] Average on 1 runs - GPU latency: 4.21875 ms - Host latency: 4.28906 ms (enqueue 3.05859 ms)
[10/04/2026-22:01:37] [I] Average on 1 runs - GPU latency: 4.22852 ms - Host latency: 4.29883 ms (enqueue 3.0625 ms)
[10/04/2026-22:01:37] [I] Average on 1 runs - GPU latency: 4.22266 ms - Host latency: 4.29688 ms (enqueue 3.07422 ms)
[10/04/2026-22:01:37] [I] Average on 1 runs - GPU latency: 4.21484 ms - Host latency: 4.2832 ms (enqueue 3.05273 ms)
[10/04/2026-22:01:37] [I] Average on 1 runs - GPU latency: 4.2168 ms - Host latency: 4.28125 ms (enqueue 3.0625 ms)
[10/04/2026-22:01:37] [I] Average on 1 runs - GPU latency: 4.21875 ms - Host latency: 4.28906 ms (enqueue 3.09375 ms)
[10/04/2026-22:01:37] [I] Average on 1 runs - GPU latency: 4.23242 ms - Host latency: 4.30469 ms (enqueue 3.09375 ms)
[10/04/2026-22:01:37] [I] Average on 1 runs - GPU latency: 4.22266 ms - Host latency: 4.29297 ms (enqueue 3.04492 ms)
[10/04/2026-22:01:37] [I] Average on 1 runs - GPU latency: 4.2168 ms - Host latency: 4.28711 ms (enqueue 3.04492 ms)
[10/04/2026-22:01:37] [I] Average on 1 runs - GPU latency: 4.21875 ms - Host latency: 4.28906 ms (enqueue 3.38086 ms)
[10/04/2026-22:01:37] [I] 
[10/04/2026-22:01:37] [I] === Performance summary ===
[10/04/2026-22:01:37] [I] Throughput: 236.706 qps
[10/04/2026-22:01:37] [I] Latency: min = 4.27246 ms, max = 4.3833 ms, mean = 4.29574 ms, median = 4.29492 ms, percentile(90%) = 4.30566 ms, percentile(95%) = 4.30957 ms, percentile(99%) = 4.31738 ms
[10/04/2026-22:01:37] [I] Enqueue Time: min = 2.69629 ms, max = 3.50269 ms, mean = 3.06445 ms, median = 3.06641 ms, percentile(90%) = 3.10449 ms, percentile(95%) = 3.11816 ms, percentile(99%) = 3.25049 ms
[10/04/2026-22:01:37] [I] H2D Latency: min = 0.0585938 ms, max = 0.130127 ms, mean = 0.0689311 ms, median = 0.0683594 ms, percentile(90%) = 0.0756836 ms, percentile(95%) = 0.0778809 ms, percentile(99%) = 0.0834961 ms
[10/04/2026-22:01:37] [I] GPU Compute Time: min = 4.2002 ms, max = 4.25293 ms, mean = 4.22053 ms, median = 4.22021 ms, percentile(90%) = 4.22754 ms, percentile(95%) = 4.22949 ms, percentile(99%) = 4.23633 ms
[10/04/2026-22:01:37] [I] D2H Latency: min = 0.00195312 ms, max = 0.0126953 ms, mean = 0.00627305 ms, median = 0.00585938 ms, percentile(90%) = 0.00805664 ms, percentile(95%) = 0.00878906 ms, percentile(99%) = 0.00976562 ms
[10/04/2026-22:01:37] [I] Total Host Walltime: 15.0144 s
[10/04/2026-22:01:37] [I] Total GPU Compute Time: 14.9998 s
[10/04/2026-22:01:37] [I] Explanations of the performance metrics are printed in the verbose logs.
[10/04/2026-22:01:37] [I] 
&&&& PASSED TensorRT.trtexec [TensorRT v100300] # /usr/src/tensorrt/bin/trtexec --loadEngine=/tmp/yolo26n_84172_uint8_fp16_opt3.engine --warmUp=3000 --duration=15 --idleTime=1 --avgRuns=1
