&&&& RUNNING TensorRT.trtexec [TensorRT v100300] # /usr/src/tensorrt/bin/trtexec --loadEngine=/tmp/yolo26n_84172_uint8_fp16_opt3.engine --warmUp=3000 --duration=15 --idleTime=0 --avgRuns=1
[10/06/2026-16:17:00] [I] === Model Options ===
[10/06/2026-16:17:00] [I] Format: *
[10/06/2026-16:17:00] [I] Model: 
[10/06/2026-16:17:00] [I] Output:
[10/06/2026-16:17:00] [I] 
[10/06/2026-16:17:00] [I] === System Options ===
[10/06/2026-16:17:00] [I] Device: 0
[10/06/2026-16:17:00] [I] DLACore: 
[10/06/2026-16:17:00] [I] Plugins:
[10/06/2026-16:17:00] [I] setPluginsToSerialize:
[10/06/2026-16:17:00] [I] dynamicPlugins:
[10/06/2026-16:17:00] [I] ignoreParsedPluginLibs: 0
[10/06/2026-16:17:00] [I] 
[10/06/2026-16:17:00] [I] === Inference Options ===
[10/06/2026-16:17:00] [I] Batch: Explicit
[10/06/2026-16:17:00] [I] Input inference shapes: model
[10/06/2026-16:17:00] [I] Iterations: 10
[10/06/2026-16:17:00] [I] Duration: 15s (+ 3000ms warm up)
[10/06/2026-16:17:00] [I] Sleep time: 0ms
[10/06/2026-16:17:00] [I] Idle time: 0ms
[10/06/2026-16:17:00] [I] Inference Streams: 1
[10/06/2026-16:17:00] [I] ExposeDMA: Disabled
[10/06/2026-16:17:00] [I] Data transfers: Enabled
[10/06/2026-16:17:00] [I] Spin-wait: Disabled
[10/06/2026-16:17:00] [I] Multithreading: Disabled
[10/06/2026-16:17:00] [I] CUDA Graph: Disabled
[10/06/2026-16:17:00] [I] Separate profiling: Disabled
[10/06/2026-16:17:00] [I] Time Deserialize: Disabled
[10/06/2026-16:17:00] [I] Time Refit: Disabled
[10/06/2026-16:17:00] [I] NVTX verbosity: 0
[10/06/2026-16:17:00] [I] Persistent Cache Ratio: 0
[10/06/2026-16:17:00] [I] Optimization Profile Index: 0
[10/06/2026-16:17:00] [I] Weight Streaming Budget: 100.000000%
[10/06/2026-16:17:00] [I] Inputs:
[10/06/2026-16:17:00] [I] Debug Tensor Save Destinations:
[10/06/2026-16:17:00] [I] === Reporting Options ===
[10/06/2026-16:17:00] [I] Verbose: Disabled
[10/06/2026-16:17:00] [I] Averages: 1 inferences
[10/06/2026-16:17:00] [I] Percentiles: 90,95,99
[10/06/2026-16:17:00] [I] Dump refittable layers:Disabled
[10/06/2026-16:17:00] [I] Dump output: Disabled
[10/06/2026-16:17:00] [I] Profile: Disabled
[10/06/2026-16:17:00] [I] Export timing to JSON file: 
[10/06/2026-16:17:00] [I] Export output to JSON file: 
[10/06/2026-16:17:00] [I] Export profile to JSON file: 
[10/06/2026-16:17:00] [I] 
[10/06/2026-16:17:00] [I] === Device Information ===
[10/06/2026-16:17:00] [I] Available Devices: 
[10/06/2026-16:17:00] [I]   Device 0: "Orin" UUID: GPU-6e16c2c1-e394-5324-8f2e-63a975968f4e
[10/06/2026-16:17:00] [I] Selected Device: Orin
[10/06/2026-16:17:00] [I] Selected Device ID: 0
[10/06/2026-16:17:00] [I] Selected Device UUID: GPU-6e16c2c1-e394-5324-8f2e-63a975968f4e
[10/06/2026-16:17:00] [I] Compute Capability: 8.7
[10/06/2026-16:17:00] [I] SMs: 8
[10/06/2026-16:17:00] [I] Device Global Memory: 7607 MiB
[10/06/2026-16:17:00] [I] Shared Memory per SM: 164 KiB
[10/06/2026-16:17:00] [I] Memory Bus Width: 128 bits (ECC disabled)
[10/06/2026-16:17:00] [I] Application Compute Clock Rate: 1.02 GHz
[10/06/2026-16:17:00] [I] Application Memory Clock Rate: 0.918 GHz
[10/06/2026-16:17:00] [I] 
[10/06/2026-16:17:00] [I] Note: The application clock rates do not reflect the actual clock rates that the GPU is currently running at.
[10/06/2026-16:17:00] [I] 
[10/06/2026-16:17:00] [I] TensorRT version: 10.3.0
[10/06/2026-16:17:00] [I] Loading standard plugins
[10/06/2026-16:17:00] [I] [TRT] Loaded engine size: 7 MiB
[10/06/2026-16:17:00] [I] Engine deserialized in 0.0705049 sec.
[10/06/2026-16:17:00] [I] [TRT] [MemUsageChange] TensorRT-managed allocation in IExecutionContext creation: CPU +0, GPU +12, now: CPU 0, GPU 16 (MiB)
[10/06/2026-16:17:00] [I] Setting persistentCacheLimit to 0 bytes.
[10/06/2026-16:17:00] [I] Created execution context with device memory size: 12.207 MiB
[10/06/2026-16:17:00] [I] Using random values for input images
[10/06/2026-16:17:00] [I] Input binding for images with dimensions 1x640x640x3 is created.
[10/06/2026-16:17:00] [I] Output binding for output0 with dimensions 1x300x6 is created.
[10/06/2026-16:17:00] [I] Starting inference
[10/06/2026-16:17:18] [I] Warmup completed 624 queries over 3000 ms
[10/06/2026-16:17:18] [I] Timing trace has 3266 queries over 15.0101 s
[10/06/2026-16:17:18] [I] 
[10/06/2026-16:17:18] [I] === Trace details ===
[10/06/2026-16:17:18] [I] Trace averages of 1 runs:
[10/06/2026-16:17:18] [I] Average on 1 runs - GPU latency: 4.58301 ms - Host latency: 4.72363 ms (enqueue 3.3103 ms)
[10/06/2026-16:17:18] [I] Average on 1 runs - GPU latency: 4.55493 ms - Host latency: 4.71313 ms (enqueue 3.26562 ms)
[10/06/2026-16:17:18] [I] Average on 1 runs - GPU latency: 4.60083 ms - Host latency: 4.73877 ms (enqueue 3.25293 ms)
[10/06/2026-16:17:18] [I] Average on 1 runs - GPU latency: 4.59546 ms - Host latency: 4.73975 ms (enqueue 3.44238 ms)
[10/06/2026-16:17:18] [I] Average on 1 runs - GPU latency: 4.60303 ms - Host latency: 4.76099 ms (enqueue 3.3396 ms)
[10/06/2026-16:17:18] [I] Average on 1 runs - GPU latency: 4.59033 ms - Host latency: 4.72607 ms (enqueue 3.34106 ms)
[10/06/2026-16:17:18] [I] Average on 1 runs - GPU latency: 4.59937 ms - Host latency: 4.73096 ms (enqueue 3.3457 ms)
[10/06/2026-16:17:18] [I] Average on 1 runs - GPU latency: 4.59863 ms - Host latency: 4.74072 ms (enqueue 3.33691 ms)
[10/06/2026-16:17:18] [I] Average on 1 runs - GPU latency: 4.59741 ms - Host latency: 4.74097 ms (enqueue 3.29346 ms)
[10/06/2026-16:17:18] [I] Average on 1 runs - GPU latency: 4.59961 ms - Host latency: 4.74121 ms (enqueue 3.37402 ms)
[10/06/2026-16:17:18] [I] Average on 1 runs - GPU latency: 4.59302 ms - Host latency: 4.73438 ms (enqueue 3.34766 ms)
[10/06/2026-16:17:18] [I] Average on 1 runs - GPU latency: 4.57007 ms - Host latency: 4.70728 ms (enqueue 3.37378 ms)
[10/06/2026-16:17:18] [I] Average on 1 runs - GPU latency: 4.58545 ms - Host latency: 4.71826 ms (enqueue 3.30347 ms)
[10/06/2026-16:17:18] [I] Average on 1 runs - GPU latency: 4.59399 ms - Host latency: 4.74731 ms (enqueue 3.36743 ms)
[10/06/2026-16:17:18] [I] Average on 1 runs - GPU latency: 4.59473 ms - Host latency: 4.74609 ms (enqueue 3.33447 ms)
[10/06/2026-16:17:18] [I] Average on 1 runs - GPU latency: 4.59473 ms - Host latency: 4.73828 ms (enqueue 3.29468 ms)
[10/06/2026-16:17:18] [I] Average on 1 runs - GPU latency: 4.58936 ms - Host latency: 4.73169 ms (enqueue 3.35205 ms)
[10/06/2026-16:17:18] [I] Average on 1 runs - GPU latency: 4.59058 ms - Host latency: 4.729 ms (enqueue 3.35303 ms)
[10/06/2026-16:17:18] [I] Average on 1 runs - GPU latency: 4.59644 ms - Host latency: 4.75732 ms (enqueue 3.3916 ms)
[10/06/2026-16:17:18] [I] Average on 1 runs - GPU latency: 4.59521 ms - Host latency: 4.73291 ms (enqueue 3.38525 ms)
[10/06/2026-16:17:18] [I] Average on 1 runs - GPU latency: 4.59766 ms - Host latency: 4.75854 ms (enqueue 3.4834 ms)
[10/06/2026-16:17:18] [I] Average on 1 runs - GPU latency: 4.59863 ms - Host latency: 4.74561 ms (enqueue 3.36328 ms)
[10/06/2026-16:17:18] [I] Average on 1 runs - GPU latency: 4.57471 ms - Host latency: 4.73169 ms (enqueue 3.29541 ms)
[10/06/2026-16:17:18] [I] Average on 1 runs - GPU latency: 4.56396 ms - Host latency: 4.70752 ms (enqueue 3.35596 ms)
[10/06/2026-16:17:18] [I] Average on 1 runs - GPU latency: 4.59375 ms - Host latency: 4.74194 ms (enqueue 3.34448 ms)
[10/06/2026-16:17:18] [I] Average on 1 runs - GPU latency: 4.59351 ms - Host latency: 4.7373 ms (enqueue 3.46558 ms)
[10/06/2026-16:17:18] [I] Average on 1 runs - GPU latency: 4.59595 ms - Host latency: 4.76611 ms (enqueue 3.42651 ms)
[10/06/2026-16:17:18] [I] Average on 1 runs - GPU latency: 4.59277 ms - Host latency: 4.73779 ms (enqueue 3.34448 ms)
[10/06/2026-16:17:18] [I] Average on 1 runs - GPU latency: 4.59644 ms - Host latency: 4.77417 ms (enqueue 3.29492 ms)
[10/06/2026-16:17:18] [I] Average on 1 runs - GPU latency: 4.58691 ms - Host latency: 4.73291 ms (enqueue 3.2981 ms)
[10/06/2026-16:17:18] [I] Average on 1 runs - GPU latency: 4.59351 ms - Host latency: 4.72974 ms (enqueue 3.50635 ms)
[10/06/2026-16:17:18] [I] Average on 1 runs - GPU latency: 4.59375 ms - Host latency: 4.72974 ms (enqueue 3.41455 ms)
[10/06/2026-16:17:18] [I] Average on 1 runs - GPU latency: 4.59326 ms - Host latency: 4.73462 ms (enqueue 3.34961 ms)
[10/06/2026-16:17:18] [I] Average on 1 runs - GPU latency: 4.55542 ms - Host latency: 4.69702 ms (enqueue 3.13257 ms)
[10/06/2026-16:17:18] [I] Average on 1 runs - GPU latency: 4.59106 ms - Host latency: 4.729 ms (enqueue 3.14307 ms)
[10/06/2026-16:17:18] [I] Average on 1 runs - GPU latency: 4.58765 ms - Host latency: 4.73608 ms (enqueue 3.46167 ms)
[10/06/2026-16:17:18] [I] Average on 1 runs - GPU latency: 4.59131 ms - Host latency: 4.74121 ms (enqueue 3.08862 ms)
[10/06/2026-16:17:18] [I] Average on 1 runs - GPU latency: 4.59253 ms - Host latency: 4.729 ms (enqueue 3.14648 ms)
[10/06/2026-16:17:18] [I] Average on 1 runs - GPU latency: 4.59253 ms - Host latency: 4.72705 ms (enqueue 3.16699 ms)
[10/06/2026-16:17:18] [I] Average on 1 runs - GPU latency: 4.59399 ms - Host latency: 4.73022 ms (enqueue 3.12939 ms)
[10/06/2026-16:17:18] [I] Average on 1 runs - GPU latency: 4.60205 ms - Host latency: 4.75757 ms (enqueue 3.17896 ms)
[10/06/2026-16:17:18] [I] Average on 1 runs - GPU latency: 4.60547 ms - Host latency: 4.75732 ms (enqueue 3.13379 ms)
[10/06/2026-16:17:18] [I] Average on 1 runs - GPU latency: 4.59717 ms - Host latency: 4.74634 ms (enqueue 3.38989 ms)
[10/06/2026-16:17:18] [I] Average on 1 runs - GPU latency: 4.59546 ms - Host latency: 4.74243 ms (enqueue 3.1499 ms)
[10/06/2026-16:17:18] [I] Average on 1 runs - GPU latency: 4.56348 ms - Host latency: 4.70093 ms (enqueue 3.14966 ms)
[10/06/2026-16:17:18] [I] Average on 1 runs - GPU latency: 4.58032 ms - Host latency: 4.75732 ms (enqueue 3.16577 ms)
[10/06/2026-16:17:18] [I] Average on 1 runs - GPU latency: 4.59741 ms - Host latency: 4.7666 ms (enqueue 3.44775 ms)
[10/06/2026-16:17:18] [I] Average on 1 runs - GPU latency: 4.59448 ms - Host latency: 4.73926 ms (enqueue 3.18433 ms)
[10/06/2026-16:17:18] [I] Average on 1 runs - GPU latency: 4.59863 ms - Host latency: 4.74243 ms (enqueue 3.16357 ms)
[10/06/2026-16:17:18] [I] Average on 1 runs - GPU latency: 4.59399 ms - Host latency: 4.73218 ms (enqueue 3.39062 ms)
[10/06/2026-16:17:18] [I] Average on 1 runs - GPU latency: 4.59106 ms - Host latency: 4.73047 ms (enqueue 3.17163 ms)
[10/06/2026-16:17:18] [I] Average on 1 runs - GPU latency: 4.59473 ms - Host latency: 4.72632 ms (enqueue 3.20581 ms)
[10/06/2026-16:17:18] [I] Average on 1 runs - GPU latency: 4.59229 ms - Host latency: 4.73071 ms (enqueue 3.16064 ms)
[10/06/2026-16:17:18] [I] Average on 1 runs - GPU latency: 4.58862 ms - Host latency: 4.72827 ms (enqueue 3.15601 ms)
[10/06/2026-16:17:18] [I] Average on 1 runs - GPU latency: 4.59229 ms - Host latency: 4.72095 ms (enqueue 3.16455 ms)
[10/06/2026-16:17:18] [I] Average on 1 runs - GPU latency: 4.56079 ms - Host latency: 4.73633 ms (enqueue 3.29834 ms)
[10/06/2026-16:17:18] [I] Average on 1 runs - GPU latency: 4.59399 ms - Host latency: 4.73853 ms (enqueue 3.02954 ms)
[10/06/2026-16:17:18] [I] Average on 1 runs - GPU latency: 4.58813 ms - Host latency: 4.75293 ms (enqueue 3.28076 ms)
[10/06/2026-16:17:18] [I] Average on 1 runs - GPU latency: 4.58936 ms - Host latency: 4.73755 ms (enqueue 3.11426 ms)
[10/06/2026-16:17:18] [I] Average on 1 runs - GPU latency: 4.58545 ms - Host latency: 4.74194 ms (enqueue 3.32202 ms)
[10/06/2026-16:17:18] [I] Average on 1 runs - GPU latency: 4.59351 ms - Host latency: 4.73218 ms (enqueue 3.22656 ms)
[10/06/2026-16:17:18] [I] Average on 1 runs - GPU latency: 4.59766 ms - Host latency: 4.73022 ms (enqueue 3.3042 ms)
[10/06/2026-16:17:18] [I] Average on 1 runs - GPU latency: 4.59595 ms - Host latency: 4.73438 ms (enqueue 3.28442 ms)
[10/06/2026-16:17:18] [I] Average on 1 runs - GPU latency: 4.59741 ms - Host latency: 4.73853 ms (enqueue 3.38232 ms)
[10/06/2026-16:17:18] [I] Average on 1 runs - GPU latency: 4.59497 ms - Host latency: 4.73657 ms (enqueue 3.10596 ms)
[10/06/2026-16:17:18] [I] Average on 1 runs - GPU latency: 4.59717 ms - Host latency: 4.73364 ms (enqueue 3.28369 ms)
[10/06/2026-16:17:18] [I] Average on 1 runs - GPU latency: 4.5459 ms - Host latency: 4.70386 ms (enqueue 3.32275 ms)
[10/06/2026-16:17:18] [I] Average on 1 runs - GPU latency: 4.58545 ms - Host latency: 4.72925 ms (enqueue 3.35815 ms)
[10/06/2026-16:17:18] [I] Average on 1 runs - GPU latency: 4.58862 ms - Host latency: 4.73633 ms (enqueue 3.3269 ms)
[10/06/2026-16:17:18] [I] Average on 1 runs - GPU latency: 4.59692 ms - Host latency: 4.7417 ms (enqueue 3.26733 ms)
[10/06/2026-16:17:18] [I] Average on 1 runs - GPU latency: 4.59741 ms - Host latency: 4.73413 ms (enqueue 3.35547 ms)
[10/06/2026-16:17:18] [I] Average on 1 runs - GPU latency: 4.5874 ms - Host latency: 4.73193 ms (enqueue 3.32129 ms)
[10/06/2026-16:17:18] [I] Average on 1 runs - GPU latency: 4.59302 ms - Host latency: 4.71997 ms (enqueue 3.34058 ms)
[10/06/2026-16:17:18] [I] Average on 1 runs - GPU latency: 4.59277 ms - Host latency: 4.74731 ms (enqueue 3.34985 ms)
[10/06/2026-16:17:18] [I] Average on 1 runs - GPU latency: 4.59741 ms - Host latency: 4.75024 ms (enqueue 3.40967 ms)
[10/06/2026-16:17:18] [I] Average on 1 runs - GPU latency: 4.59668 ms - Host latency: 4.75562 ms (enqueue 3.302 ms)
[10/06/2026-16:17:18] [I] Average on 1 runs - GPU latency: 4.60156 ms - Host latency: 4.75024 ms (enqueue 3.27319 ms)
[10/06/2026-16:17:18] [I] Average on 1 runs - GPU latency: 4.57178 ms - Host latency: 4.74341 ms (enqueue 3.32007 ms)
[10/06/2026-16:17:18] [I] Average on 1 runs - GPU latency: 4.60083 ms - Host latency: 4.74878 ms (enqueue 3.38599 ms)
[10/06/2026-16:17:18] [I] Average on 1 runs - GPU latency: 4.58618 ms - Host latency: 4.73853 ms (enqueue 3.35718 ms)
[10/06/2026-16:17:18] [I] Average on 1 runs - GPU latency: 4.59448 ms - Host latency: 4.72363 ms (enqueue 3.35083 ms)
[10/06/2026-16:17:18] [I] Average on 1 runs - GPU latency: 4.60718 ms - Host latency: 4.74121 ms (enqueue 3.22852 ms)
[10/06/2026-16:17:18] [I] Average on 1 runs - GPU latency: 4.59302 ms - Host latency: 4.73169 ms (enqueue 3.27808 ms)
[10/06/2026-16:17:18] [I] Average on 1 runs - GPU latency: 4.54224 ms - Host latency: 4.72241 ms (enqueue 3.30835 ms)
[10/06/2026-16:17:18] [I] Average on 1 runs - GPU latency: 4.55225 ms - Host latency: 4.68286 ms (enqueue 3.28784 ms)
[10/06/2026-16:17:18] [I] Average on 1 runs - GPU latency: 4.54126 ms - Host latency: 4.68774 ms (enqueue 3.30493 ms)
[10/06/2026-16:17:18] [I] Average on 1 runs - GPU latency: 4.5752 ms - Host latency: 4.75757 ms (enqueue 3.302 ms)
[10/06/2026-16:17:18] [I] Average on 1 runs - GPU latency: 4.60254 ms - Host latency: 4.75122 ms (enqueue 3.21606 ms)
[10/06/2026-16:17:18] [I] Average on 1 runs - GPU latency: 4.56641 ms - Host latency: 4.70923 ms (enqueue 3.41553 ms)
[10/06/2026-16:17:18] [I] Average on 1 runs - GPU latency: 4.60352 ms - Host latency: 4.75439 ms (enqueue 3.25781 ms)
[10/06/2026-16:17:18] [I] Average on 1 runs - GPU latency: 4.60498 ms - Host latency: 4.75146 ms (enqueue 3.26245 ms)
[10/06/2026-16:17:18] [I] Average on 1 runs - GPU latency: 4.59619 ms - Host latency: 4.74097 ms (enqueue 3.33521 ms)
[10/06/2026-16:17:18] [I] Average on 1 runs - GPU latency: 4.59229 ms - Host latency: 4.73511 ms (enqueue 3.32007 ms)
[10/06/2026-16:17:18] [I] Average on 1 runs - GPU latency: 4.5874 ms - Host latency: 4.75464 ms (enqueue 3.30713 ms)
[10/06/2026-16:17:18] [I] Average on 1 runs - GPU latency: 4.59497 ms - Host latency: 4.73877 ms (enqueue 3.40479 ms)
[10/06/2026-16:17:18] [I] Average on 1 runs - GPU latency: 4.5979 ms - Host latency: 4.73828 ms (enqueue 3.33765 ms)
[10/06/2026-16:17:18] [I] Average on 1 runs - GPU latency: 4.58447 ms - Host latency: 4.72778 ms (enqueue 3.27319 ms)
[10/06/2026-16:17:18] [I] Average on 1 runs - GPU latency: 4.58813 ms - Host latency: 4.7395 ms (enqueue 3.3938 ms)
[10/06/2026-16:17:18] [I] Average on 1 runs - GPU latency: 4.59521 ms - Host latency: 4.73169 ms (enqueue 3.20361 ms)
[10/06/2026-16:17:18] [I] Average on 1 runs - GPU latency: 4.57642 ms - Host latency: 4.71118 ms (enqueue 3.35962 ms)
[10/06/2026-16:17:18] [I] Average on 1 runs - GPU latency: 4.59326 ms - Host latency: 4.76367 ms (enqueue 3.2749 ms)
[10/06/2026-16:17:18] [I] Average on 1 runs - GPU latency: 4.60596 ms - Host latency: 4.74268 ms (enqueue 3.35352 ms)
[10/06/2026-16:17:18] [I] Average on 1 runs - GPU latency: 4.58423 ms - Host latency: 4.72559 ms (enqueue 3.3291 ms)
[10/06/2026-16:17:18] [I] Average on 1 runs - GPU latency: 4.58862 ms - Host latency: 4.72534 ms (enqueue 3.29199 ms)
[10/06/2026-16:17:18] [I] Average on 1 runs - GPU latency: 4.59595 ms - Host latency: 4.75171 ms (enqueue 3.38696 ms)
[10/06/2026-16:17:18] [I] Average on 1 runs - GPU latency: 4.59668 ms - Host latency: 4.74316 ms (enqueue 3.3501 ms)
[10/06/2026-16:17:18] [I] Average on 1 runs - GPU latency: 4.59082 ms - Host latency: 4.74243 ms (enqueue 3.4043 ms)
[10/06/2026-16:17:18] [I] Average on 1 runs - GPU latency: 4.60034 ms - Host latency: 4.73877 ms (enqueue 3.35254 ms)
[10/06/2026-16:17:18] [I] Average on 1 runs - GPU latency: 4.58789 ms - Host latency: 4.72827 ms (enqueue 3.2522 ms)
[10/06/2026-16:17:18] [I] Average on 1 runs - GPU latency: 4.57251 ms - Host latency: 4.75757 ms (enqueue 3.30078 ms)
[10/06/2026-16:17:18] [I] Average on 1 runs - GPU latency: 4.56665 ms - Host latency: 4.70752 ms (enqueue 3.28809 ms)
[10/06/2026-16:17:18] [I] Average on 1 runs - GPU latency: 4.59058 ms - Host latency: 4.75684 ms (enqueue 3.36646 ms)
[10/06/2026-16:17:18] [I] Average on 1 runs - GPU latency: 4.59961 ms - Host latency: 4.74219 ms (enqueue 3.32861 ms)
[10/06/2026-16:17:18] [I] Average on 1 runs - GPU latency: 4.58911 ms - Host latency: 4.72607 ms (enqueue 3.34546 ms)
[10/06/2026-16:17:18] [I] Average on 1 runs - GPU latency: 4.58936 ms - Host latency: 4.729 ms (enqueue 3.25195 ms)
[10/06/2026-16:17:18] [I] Average on 1 runs - GPU latency: 4.59131 ms - Host latency: 4.73486 ms (enqueue 3.35352 ms)
[10/06/2026-16:17:18] [I] Average on 1 runs - GPU latency: 4.59644 ms - Host latency: 4.75537 ms (enqueue 3.30127 ms)
[10/06/2026-16:17:18] [I] Average on 1 runs - GPU latency: 4.59033 ms - Host latency: 4.73242 ms (enqueue 3.35034 ms)
[10/06/2026-16:17:18] [I] Average on 1 runs - GPU latency: 4.59497 ms - Host latency: 4.72241 ms (enqueue 3.35913 ms)
[10/06/2026-16:17:18] [I] Average on 1 runs - GPU latency: 4.59741 ms - Host latency: 4.73926 ms (enqueue 3.35156 ms)
[10/06/2026-16:17:18] [I] Average on 1 runs - GPU latency: 4.57544 ms - Host latency: 4.70923 ms (enqueue 3.39307 ms)
[10/06/2026-16:17:18] [I] Average on 1 runs - GPU latency: 4.58936 ms - Host latency: 4.73047 ms (enqueue 3.34302 ms)
[10/06/2026-16:17:18] [I] Average on 1 runs - GPU latency: 4.59106 ms - Host latency: 4.72974 ms (enqueue 3.35352 ms)
[10/06/2026-16:17:18] [I] Average on 1 runs - GPU latency: 4.5896 ms - Host latency: 4.73438 ms (enqueue 3.29272 ms)
[10/06/2026-16:17:18] [I] Average on 1 runs - GPU latency: 4.58521 ms - Host latency: 4.72729 ms (enqueue 3.3728 ms)
[10/06/2026-16:17:18] [I] Average on 1 runs - GPU latency: 4.58936 ms - Host latency: 4.71924 ms (enqueue 3.20166 ms)
[10/06/2026-16:17:18] [I] Average on 1 runs - GPU latency: 4.58911 ms - Host latency: 4.72778 ms (enqueue 3.34351 ms)
[10/06/2026-16:17:18] [I] Average on 1 runs - GPU latency: 4.58521 ms - Host latency: 4.75513 ms (enqueue 3.35498 ms)
[10/06/2026-16:17:18] [I] Average on 1 runs - GPU latency: 4.59814 ms - Host latency: 4.74414 ms (enqueue 3.37012 ms)
[10/06/2026-16:17:18] [I] Average on 1 runs - GPU latency: 4.59399 ms - Host latency: 4.74268 ms (enqueue 3.33154 ms)
[10/06/2026-16:17:18] [I] Average on 1 runs - GPU latency: 4.59863 ms - Host latency: 4.74414 ms (enqueue 3.29224 ms)
[10/06/2026-16:17:18] [I] Average on 1 runs - GPU latency: 4.56372 ms - Host latency: 4.70288 ms (enqueue 3.38623 ms)
[10/06/2026-16:17:18] [I] Average on 1 runs - GPU latency: 4.58789 ms - Host latency: 4.71924 ms (enqueue 3.32129 ms)
[10/06/2026-16:17:18] [I] Average on 1 runs - GPU latency: 4.59546 ms - Host latency: 4.77344 ms (enqueue 3.34424 ms)
[10/06/2026-16:17:18] [I] Average on 1 runs - GPU latency: 4.60474 ms - Host latency: 4.75269 ms (enqueue 3.41016 ms)
[10/06/2026-16:17:18] [I] Average on 1 runs - GPU latency: 4.59473 ms - Host latency: 4.73706 ms (enqueue 3.18774 ms)
[10/06/2026-16:17:18] [I] Average on 1 runs - GPU latency: 4.59399 ms - Host latency: 4.76147 ms (enqueue 3.2312 ms)
[10/06/2026-16:17:18] [I] Average on 1 runs - GPU latency: 4.59521 ms - Host latency: 4.73975 ms (enqueue 3.25415 ms)
[10/06/2026-16:17:18] [I] Average on 1 runs - GPU latency: 4.60474 ms - Host latency: 4.7439 ms (enqueue 3.33105 ms)
[10/06/2026-16:17:18] [I] Average on 1 runs - GPU latency: 4.59473 ms - Host latency: 4.73853 ms (enqueue 3.35352 ms)
[10/06/2026-16:17:18] [I] Average on 1 runs - GPU latency: 4.59497 ms - Host latency: 4.73535 ms (enqueue 3.30127 ms)
[10/06/2026-16:17:18] [I] Average on 1 runs - GPU latency: 4.59692 ms - Host latency: 4.73193 ms (enqueue 3.33936 ms)
[10/06/2026-16:17:18] [I] Average on 1 runs - GPU latency: 4.57373 ms - Host latency: 4.7229 ms (enqueue 3.3374 ms)
[10/06/2026-16:17:18] [I] Average on 1 runs - GPU latency: 4.55298 ms - Host latency: 4.70044 ms (enqueue 3.25439 ms)
[10/06/2026-16:17:18] [I] Average on 1 runs - GPU latency: 4.59595 ms - Host latency: 4.73242 ms (enqueue 3.29858 ms)
[10/06/2026-16:17:18] [I] Average on 1 runs - GPU latency: 4.59521 ms - Host latency: 4.73364 ms (enqueue 3.30444 ms)
[10/06/2026-16:17:18] [I] Average on 1 runs - GPU latency: 4.5896 ms - Host latency: 4.73267 ms (enqueue 3.2644 ms)
[10/06/2026-16:17:18] [I] Average on 1 runs - GPU latency: 4.60229 ms - Host latency: 4.75415 ms (enqueue 3.34229 ms)
[10/06/2026-16:17:18] [I] Average on 1 runs - GPU latency: 4.58252 ms - Host latency: 4.73267 ms (enqueue 3.34814 ms)
[10/06/2026-16:17:18] [I] Average on 1 runs - GPU latency: 4.59277 ms - Host latency: 4.71973 ms (enqueue 3.2063 ms)
[10/06/2026-16:17:18] [I] Average on 1 runs - GPU latency: 4.59546 ms - Host latency: 4.73926 ms (enqueue 3.28516 ms)
[10/06/2026-16:17:18] [I] Average on 1 runs - GPU latency: 4.59595 ms - Host latency: 4.73535 ms (enqueue 3.3811 ms)
[10/06/2026-16:17:18] [I] Average on 1 runs - GPU latency: 4.59326 ms - Host latency: 4.73462 ms (enqueue 3.33276 ms)
[10/06/2026-16:17:18] [I] Average on 1 runs - GPU latency: 4.55859 ms - Host latency: 4.69141 ms (enqueue 3.35474 ms)
[10/06/2026-16:17:18] [I] Average on 1 runs - GPU latency: 4.58984 ms - Host latency: 4.73657 ms (enqueue 3.40576 ms)
[10/06/2026-16:17:18] [I] Average on 1 runs - GPU latency: 4.59448 ms - Host latency: 4.7666 ms (enqueue 3.33862 ms)
[10/06/2026-16:17:18] [I] Average on 1 runs - GPU latency: 4.59253 ms - Host latency: 4.74951 ms (enqueue 3.16504 ms)
[10/06/2026-16:17:18] [I] Average on 1 runs - GPU latency: 4.58765 ms - Host latency: 4.74414 ms (enqueue 3.31763 ms)
[10/06/2026-16:17:18] [I] Average on 1 runs - GPU latency: 4.59692 ms - Host latency: 4.74707 ms (enqueue 3.35669 ms)
[10/06/2026-16:17:18] [I] Average on 1 runs - GPU latency: 4.59253 ms - Host latency: 4.7312 ms (enqueue 3.39209 ms)
[10/06/2026-16:17:18] [I] Average on 1 runs - GPU latency: 4.5979 ms - Host latency: 4.76294 ms (enqueue 3.38647 ms)
[10/06/2026-16:17:18] [I] Average on 1 runs - GPU latency: 4.59937 ms - Host latency: 4.73877 ms (enqueue 3.27783 ms)
[10/06/2026-16:17:18] [I] Average on 1 runs - GPU latency: 4.5957 ms - Host latency: 4.74536 ms (enqueue 3.37329 ms)
[10/06/2026-16:17:18] [I] Average on 1 runs - GPU latency: 4.59058 ms - Host latency: 4.72827 ms (enqueue 3.29028 ms)
[10/06/2026-16:17:18] [I] Average on 1 runs - GPU latency: 4.54932 ms - Host latency: 4.68774 ms (enqueue 3.29028 ms)
[10/06/2026-16:17:18] [I] Average on 1 runs - GPU latency: 4.57959 ms - Host latency: 4.72583 ms (enqueue 3.35449 ms)
[10/06/2026-16:17:18] [I] Average on 1 runs - GPU latency: 4.58618 ms - Host latency: 4.72461 ms (enqueue 3.36597 ms)
[10/06/2026-16:17:18] [I] Average on 1 runs - GPU latency: 4.59497 ms - Host latency: 4.75806 ms (enqueue 3.32202 ms)
[10/06/2026-16:17:18] [I] Average on 1 runs - GPU latency: 4.60522 ms - Host latency: 4.79004 ms (enqueue 3.26196 ms)
[10/06/2026-16:17:18] [I] Average on 1 runs - GPU latency: 4.59155 ms - Host latency: 4.73535 ms (enqueue 3.31885 ms)
[10/06/2026-16:17:18] [I] Average on 1 runs - GPU latency: 4.59277 ms - Host latency: 4.73169 ms (enqueue 3.27734 ms)
[10/06/2026-16:17:18] [I] Average on 1 runs - GPU latency: 4.59937 ms - Host latency: 4.74194 ms (enqueue 3.36255 ms)
[10/06/2026-16:17:18] [I] Average on 1 runs - GPU latency: 4.59839 ms - Host latency: 4.73804 ms (enqueue 3.35767 ms)
[10/06/2026-16:17:18] [I] Average on 1 runs - GPU latency: 4.60107 ms - Host latency: 4.74268 ms (enqueue 3.30713 ms)
[10/06/2026-16:17:18] [I] Average on 1 runs - GPU latency: 4.59351 ms - Host latency: 4.73608 ms (enqueue 3.33081 ms)
[10/06/2026-16:17:18] [I] Average on 1 runs - GPU latency: 4.55225 ms - Host latency: 4.69116 ms (enqueue 3.33447 ms)
[10/06/2026-16:17:18] [I] Average on 1 runs - GPU latency: 4.5896 ms - Host latency: 4.72974 ms (enqueue 3.30371 ms)
[10/06/2026-16:17:18] [I] Average on 1 runs - GPU latency: 4.59351 ms - Host latency: 4.729 ms (enqueue 3.26416 ms)
[10/06/2026-16:17:18] [I] Average on 1 runs - GPU latency: 4.59326 ms - Host latency: 4.7356 ms (enqueue 3.3606 ms)
[10/06/2026-16:17:18] [I] Average on 1 runs - GPU latency: 4.59814 ms - Host latency: 4.73682 ms (enqueue 3.29126 ms)
[10/06/2026-16:17:18] [I] Average on 1 runs - GPU latency: 4.59204 ms - Host latency: 4.73169 ms (enqueue 3.31201 ms)
[10/06/2026-16:17:18] [I] Average on 1 runs - GPU latency: 4.59937 ms - Host latency: 4.73633 ms (enqueue 3.32788 ms)
[10/06/2026-16:17:18] [I] Average on 1 runs - GPU latency: 4.59595 ms - Host latency: 4.73657 ms (enqueue 3.34375 ms)
[10/06/2026-16:17:18] [I] Average on 1 runs - GPU latency: 4.59277 ms - Host latency: 4.73291 ms (enqueue 3.32178 ms)
[10/06/2026-16:17:18] [I] Average on 1 runs - GPU latency: 4.58691 ms - Host latency: 4.71899 ms (enqueue 3.26172 ms)
[10/06/2026-16:17:18] [I] Average on 1 runs - GPU latency: 4.5874 ms - Host latency: 4.729 ms (enqueue 3.35352 ms)
[10/06/2026-16:17:18] [I] Average on 1 runs - GPU latency: 4.54834 ms - Host latency: 4.67725 ms (enqueue 3.27856 ms)
[10/06/2026-16:17:18] [I] Average on 1 runs - GPU latency: 4.57959 ms - Host latency: 4.73633 ms (enqueue 3.38623 ms)
[10/06/2026-16:17:18] [I] Average on 1 runs - GPU latency: 4.59424 ms - Host latency: 4.74121 ms (enqueue 3.37744 ms)
[10/06/2026-16:17:18] [I] Average on 1 runs - GPU latency: 4.5918 ms - Host latency: 4.74683 ms (enqueue 3.22021 ms)
[10/06/2026-16:17:18] [I] Average on 1 runs - GPU latency: 4.58521 ms - Host latency: 4.77002 ms (enqueue 3.27222 ms)
[10/06/2026-16:17:18] [I] Average on 1 runs - GPU latency: 4.59058 ms - Host latency: 4.72534 ms (enqueue 3.27026 ms)
[10/06/2026-16:17:18] [I] Average on 1 runs - GPU latency: 4.59766 ms - Host latency: 4.7583 ms (enqueue 3.35474 ms)
[10/06/2026-16:17:18] [I] Average on 1 runs - GPU latency: 4.59692 ms - Host latency: 4.72583 ms (enqueue 3.35205 ms)
[10/06/2026-16:17:18] [I] Average on 1 runs - GPU latency: 4.60474 ms - Host latency: 4.76123 ms (enqueue 3.28101 ms)
[10/06/2026-16:17:18] [I] Average on 1 runs - GPU latency: 4.59863 ms - Host latency: 4.7937 ms (enqueue 3.3335 ms)
[10/06/2026-16:17:18] [I] Average on 1 runs - GPU latency: 4.59717 ms - Host latency: 4.7312 ms (enqueue 3.35083 ms)
[10/06/2026-16:17:18] [I] Average on 1 runs - GPU latency: 4.59253 ms - Host latency: 4.73486 ms (enqueue 3.25928 ms)
[10/06/2026-16:17:18] [I] Average on 1 runs - GPU latency: 4.59668 ms - Host latency: 4.73511 ms (enqueue 3.35986 ms)
[10/06/2026-16:17:18] [I] Average on 1 runs - GPU latency: 4.58936 ms - Host latency: 4.73633 ms (enqueue 3.34326 ms)
[10/06/2026-16:17:18] [I] ... Omitting 2866 lines
[10/06/2026-16:17:18] [I] Average on 1 runs - GPU latency: 4.58984 ms - Host latency: 4.73438 ms (enqueue 3.33008 ms)
[10/06/2026-16:17:18] [I] Average on 1 runs - GPU latency: 4.58984 ms - Host latency: 4.7168 ms (enqueue 3.16406 ms)
[10/06/2026-16:17:18] [I] Average on 1 runs - GPU latency: 4.58984 ms - Host latency: 4.73438 ms (enqueue 3.15625 ms)
[10/06/2026-16:17:18] [I] Average on 1 runs - GPU latency: 4.58984 ms - Host latency: 4.71289 ms (enqueue 3.14844 ms)
[10/06/2026-16:17:18] [I] Average on 1 runs - GPU latency: 4.5918 ms - Host latency: 4.72852 ms (enqueue 3.29688 ms)
[10/06/2026-16:17:18] [I] Average on 1 runs - GPU latency: 4.59375 ms - Host latency: 4.72656 ms (enqueue 3.0918 ms)
[10/06/2026-16:17:18] [I] Average on 1 runs - GPU latency: 4.58789 ms - Host latency: 4.72461 ms (enqueue 3.15039 ms)
[10/06/2026-16:17:18] [I] Average on 1 runs - GPU latency: 4.58594 ms - Host latency: 4.71484 ms (enqueue 3.25781 ms)
[10/06/2026-16:17:18] [I] Average on 1 runs - GPU latency: 4.59375 ms - Host latency: 4.71875 ms (enqueue 3.13477 ms)
[10/06/2026-16:17:18] [I] Average on 1 runs - GPU latency: 4.59375 ms - Host latency: 4.74023 ms (enqueue 3.18945 ms)
[10/06/2026-16:17:18] [I] Average on 1 runs - GPU latency: 4.58789 ms - Host latency: 4.71484 ms (enqueue 3.2793 ms)
[10/06/2026-16:17:18] [I] Average on 1 runs - GPU latency: 4.58789 ms - Host latency: 4.72656 ms (enqueue 3.25586 ms)
[10/06/2026-16:17:18] [I] Average on 1 runs - GPU latency: 4.58984 ms - Host latency: 4.72266 ms (enqueue 3.14258 ms)
[10/06/2026-16:17:18] [I] Average on 1 runs - GPU latency: 4.59375 ms - Host latency: 4.72266 ms (enqueue 3.05664 ms)
[10/06/2026-16:17:18] [I] Average on 1 runs - GPU latency: 4.59766 ms - Host latency: 4.73438 ms (enqueue 2.92188 ms)
[10/06/2026-16:17:18] [I] Average on 1 runs - GPU latency: 4.59375 ms - Host latency: 4.73438 ms (enqueue 3.19336 ms)
[10/06/2026-16:17:18] [I] Average on 1 runs - GPU latency: 4.5957 ms - Host latency: 4.73242 ms (enqueue 3.19336 ms)
[10/06/2026-16:17:18] [I] Average on 1 runs - GPU latency: 4.5957 ms - Host latency: 4.73438 ms (enqueue 3.10156 ms)
[10/06/2026-16:17:18] [I] Average on 1 runs - GPU latency: 4.59375 ms - Host latency: 4.72461 ms (enqueue 3.23633 ms)
[10/06/2026-16:17:18] [I] Average on 1 runs - GPU latency: 4.5957 ms - Host latency: 4.72656 ms (enqueue 3.1582 ms)
[10/06/2026-16:17:18] [I] Average on 1 runs - GPU latency: 4.55664 ms - Host latency: 4.71289 ms (enqueue 3.13867 ms)
[10/06/2026-16:17:18] [I] Average on 1 runs - GPU latency: 4.5957 ms - Host latency: 4.71875 ms (enqueue 2.68359 ms)
[10/06/2026-16:17:18] [I] Average on 1 runs - GPU latency: 4.59375 ms - Host latency: 4.73242 ms (enqueue 3.17578 ms)
[10/06/2026-16:17:18] [I] Average on 1 runs - GPU latency: 4.58984 ms - Host latency: 4.73438 ms (enqueue 3.11523 ms)
[10/06/2026-16:17:18] [I] Average on 1 runs - GPU latency: 4.59375 ms - Host latency: 4.72656 ms (enqueue 3.28125 ms)
[10/06/2026-16:17:18] [I] Average on 1 runs - GPU latency: 4.59961 ms - Host latency: 4.74023 ms (enqueue 3.06445 ms)
[10/06/2026-16:17:18] [I] Average on 1 runs - GPU latency: 4.5918 ms - Host latency: 4.73438 ms (enqueue 3.2793 ms)
[10/06/2026-16:17:18] [I] Average on 1 runs - GPU latency: 4.58789 ms - Host latency: 4.72656 ms (enqueue 3.12695 ms)
[10/06/2026-16:17:18] [I] Average on 1 runs - GPU latency: 4.5957 ms - Host latency: 4.72266 ms (enqueue 3.13086 ms)
[10/06/2026-16:17:18] [I] Average on 1 runs - GPU latency: 4.58984 ms - Host latency: 4.77734 ms (enqueue 3.19336 ms)
[10/06/2026-16:17:18] [I] Average on 1 runs - GPU latency: 4.59961 ms - Host latency: 4.73047 ms (enqueue 3.16797 ms)
[10/06/2026-16:17:18] [I] Average on 1 runs - GPU latency: 4.55273 ms - Host latency: 4.69922 ms (enqueue 3.2168 ms)
[10/06/2026-16:17:18] [I] Average on 1 runs - GPU latency: 4.58789 ms - Host latency: 4.72266 ms (enqueue 2.4668 ms)
[10/06/2026-16:17:18] [I] Average on 1 runs - GPU latency: 4.5918 ms - Host latency: 4.73047 ms (enqueue 3.16406 ms)
[10/06/2026-16:17:18] [I] Average on 1 runs - GPU latency: 4.60156 ms - Host latency: 4.73633 ms (enqueue 3.01758 ms)
[10/06/2026-16:17:18] [I] Average on 1 runs - GPU latency: 4.59766 ms - Host latency: 4.74609 ms (enqueue 2.96875 ms)
[10/06/2026-16:17:18] [I] Average on 1 runs - GPU latency: 4.59766 ms - Host latency: 4.75781 ms (enqueue 2.85547 ms)
[10/06/2026-16:17:18] [I] Average on 1 runs - GPU latency: 4.60547 ms - Host latency: 4.74805 ms (enqueue 2.79102 ms)
[10/06/2026-16:17:18] [I] Average on 1 runs - GPU latency: 4.59375 ms - Host latency: 4.74023 ms (enqueue 2.81445 ms)
[10/06/2026-16:17:18] [I] Average on 1 runs - GPU latency: 4.59375 ms - Host latency: 4.72266 ms (enqueue 2.68359 ms)
[10/06/2026-16:17:18] [I] Average on 1 runs - GPU latency: 4.5957 ms - Host latency: 4.73828 ms (enqueue 2.64258 ms)
[10/06/2026-16:17:18] [I] Average on 1 runs - GPU latency: 4.59375 ms - Host latency: 4.73633 ms (enqueue 2.94336 ms)
[10/06/2026-16:17:18] [I] Average on 1 runs - GPU latency: 4.58984 ms - Host latency: 4.72852 ms (enqueue 2.85547 ms)
[10/06/2026-16:17:18] [I] Average on 1 runs - GPU latency: 4.58984 ms - Host latency: 4.7207 ms (enqueue 2.67773 ms)
[10/06/2026-16:17:18] [I] Average on 1 runs - GPU latency: 4.5957 ms - Host latency: 4.75195 ms (enqueue 2.57031 ms)
[10/06/2026-16:17:18] [I] Average on 1 runs - GPU latency: 4.59375 ms - Host latency: 4.72656 ms (enqueue 2.46484 ms)
[10/06/2026-16:17:18] [I] Average on 1 runs - GPU latency: 4.5957 ms - Host latency: 4.72461 ms (enqueue 2.63281 ms)
[10/06/2026-16:17:18] [I] Average on 1 runs - GPU latency: 4.59375 ms - Host latency: 4.73438 ms (enqueue 3.16406 ms)
[10/06/2026-16:17:18] [I] Average on 1 runs - GPU latency: 4.5918 ms - Host latency: 4.73242 ms (enqueue 3.15625 ms)
[10/06/2026-16:17:18] [I] Average on 1 runs - GPU latency: 4.58984 ms - Host latency: 4.73047 ms (enqueue 3.19727 ms)
[10/06/2026-16:17:18] [I] Average on 1 runs - GPU latency: 4.5918 ms - Host latency: 4.74609 ms (enqueue 3.17383 ms)
[10/06/2026-16:17:18] [I] Average on 1 runs - GPU latency: 4.59961 ms - Host latency: 4.74414 ms (enqueue 3.30078 ms)
[10/06/2026-16:17:18] [I] Average on 1 runs - GPU latency: 4.60547 ms - Host latency: 4.75195 ms (enqueue 3.09961 ms)
[10/06/2026-16:17:18] [I] Average on 1 runs - GPU latency: 4.56836 ms - Host latency: 4.71094 ms (enqueue 3.14648 ms)
[10/06/2026-16:17:18] [I] Average on 1 runs - GPU latency: 4.58984 ms - Host latency: 4.72852 ms (enqueue 2.23633 ms)
[10/06/2026-16:17:18] [I] Average on 1 runs - GPU latency: 4.58789 ms - Host latency: 4.72266 ms (enqueue 3.20117 ms)
[10/06/2026-16:17:18] [I] Average on 1 runs - GPU latency: 4.59375 ms - Host latency: 4.72656 ms (enqueue 3.16992 ms)
[10/06/2026-16:17:18] [I] Average on 1 runs - GPU latency: 4.5957 ms - Host latency: 4.72852 ms (enqueue 3.16406 ms)
[10/06/2026-16:17:18] [I] Average on 1 runs - GPU latency: 4.5918 ms - Host latency: 4.74414 ms (enqueue 3.28906 ms)
[10/06/2026-16:17:18] [I] Average on 1 runs - GPU latency: 4.59961 ms - Host latency: 4.74219 ms (enqueue 3.14453 ms)
[10/06/2026-16:17:18] [I] Average on 1 runs - GPU latency: 4.58984 ms - Host latency: 4.72852 ms (enqueue 3.15625 ms)
[10/06/2026-16:17:18] [I] Average on 1 runs - GPU latency: 4.59375 ms - Host latency: 4.73242 ms (enqueue 3.1582 ms)
[10/06/2026-16:17:18] [I] Average on 1 runs - GPU latency: 4.58398 ms - Host latency: 4.72461 ms (enqueue 3.17383 ms)
[10/06/2026-16:17:18] [I] Average on 1 runs - GPU latency: 4.5957 ms - Host latency: 4.74023 ms (enqueue 3.16211 ms)
[10/06/2026-16:17:18] [I] Average on 1 runs - GPU latency: 4.59375 ms - Host latency: 4.73242 ms (enqueue 3.16016 ms)
[10/06/2026-16:17:18] [I] Average on 1 runs - GPU latency: 4.58984 ms - Host latency: 4.73633 ms (enqueue 3.33984 ms)
[10/06/2026-16:17:18] [I] Average on 1 runs - GPU latency: 4.59766 ms - Host latency: 4.72461 ms (enqueue 3.18359 ms)
[10/06/2026-16:17:18] [I] Average on 1 runs - GPU latency: 4.59375 ms - Host latency: 4.73438 ms (enqueue 3.16211 ms)
[10/06/2026-16:17:18] [I] Average on 1 runs - GPU latency: 4.59375 ms - Host latency: 4.74414 ms (enqueue 3.14258 ms)
[10/06/2026-16:17:18] [I] Average on 1 runs - GPU latency: 4.59375 ms - Host latency: 4.73828 ms (enqueue 2.99805 ms)
[10/06/2026-16:17:18] [I] Average on 1 runs - GPU latency: 4.59766 ms - Host latency: 4.74023 ms (enqueue 3.08398 ms)
[10/06/2026-16:17:18] [I] Average on 1 runs - GPU latency: 4.58984 ms - Host latency: 4.71484 ms (enqueue 3.09961 ms)
[10/06/2026-16:17:18] [I] Average on 1 runs - GPU latency: 4.58789 ms - Host latency: 4.71484 ms (enqueue 3.11133 ms)
[10/06/2026-16:17:18] [I] Average on 1 runs - GPU latency: 4.5918 ms - Host latency: 4.72461 ms (enqueue 3.31055 ms)
[10/06/2026-16:17:18] [I] Average on 1 runs - GPU latency: 4.58984 ms - Host latency: 4.72461 ms (enqueue 3.13867 ms)
[10/06/2026-16:17:18] [I] Average on 1 runs - GPU latency: 4.57227 ms - Host latency: 4.71094 ms (enqueue 3.2832 ms)
[10/06/2026-16:17:18] [I] Average on 1 runs - GPU latency: 4.58984 ms - Host latency: 4.71875 ms (enqueue 2.49805 ms)
[10/06/2026-16:17:18] [I] Average on 1 runs - GPU latency: 4.59375 ms - Host latency: 4.72461 ms (enqueue 3.12305 ms)
[10/06/2026-16:17:18] [I] Average on 1 runs - GPU latency: 4.5918 ms - Host latency: 4.73438 ms (enqueue 3.32812 ms)
[10/06/2026-16:17:18] [I] Average on 1 runs - GPU latency: 4.59766 ms - Host latency: 4.73438 ms (enqueue 3.11328 ms)
[10/06/2026-16:17:18] [I] Average on 1 runs - GPU latency: 4.58789 ms - Host latency: 4.72656 ms (enqueue 3.16797 ms)
[10/06/2026-16:17:18] [I] Average on 1 runs - GPU latency: 4.58984 ms - Host latency: 4.71875 ms (enqueue 3.18555 ms)
[10/06/2026-16:17:18] [I] Average on 1 runs - GPU latency: 4.5957 ms - Host latency: 4.73633 ms (enqueue 3.16211 ms)
[10/06/2026-16:17:18] [I] Average on 1 runs - GPU latency: 4.5957 ms - Host latency: 4.75 ms (enqueue 3.14648 ms)
[10/06/2026-16:17:18] [I] Average on 1 runs - GPU latency: 4.58984 ms - Host latency: 4.71875 ms (enqueue 3.16211 ms)
[10/06/2026-16:17:18] [I] Average on 1 runs - GPU latency: 4.58008 ms - Host latency: 4.71484 ms (enqueue 3.22852 ms)
[10/06/2026-16:17:18] [I] Average on 1 runs - GPU latency: 4.5625 ms - Host latency: 4.69922 ms (enqueue 3.16602 ms)
[10/06/2026-16:17:18] [I] Average on 1 runs - GPU latency: 4.58594 ms - Host latency: 4.71094 ms (enqueue 2.11719 ms)
[10/06/2026-16:17:18] [I] Average on 1 runs - GPU latency: 4.5918 ms - Host latency: 4.7168 ms (enqueue 3.17773 ms)
[10/06/2026-16:17:18] [I] Average on 1 runs - GPU latency: 4.59375 ms - Host latency: 4.73438 ms (enqueue 3.2207 ms)
[10/06/2026-16:17:18] [I] Average on 1 runs - GPU latency: 4.59375 ms - Host latency: 4.72461 ms (enqueue 3.13867 ms)
[10/06/2026-16:17:18] [I] Average on 1 runs - GPU latency: 4.58789 ms - Host latency: 4.73242 ms (enqueue 3.15039 ms)
[10/06/2026-16:17:18] [I] Average on 1 runs - GPU latency: 4.59766 ms - Host latency: 4.73633 ms (enqueue 3.30078 ms)
[10/06/2026-16:17:18] [I] Average on 1 runs - GPU latency: 4.59766 ms - Host latency: 4.73242 ms (enqueue 3.18359 ms)
[10/06/2026-16:17:18] [I] Average on 1 runs - GPU latency: 4.58398 ms - Host latency: 4.73242 ms (enqueue 3.1875 ms)
[10/06/2026-16:17:18] [I] Average on 1 runs - GPU latency: 4.60156 ms - Host latency: 4.72852 ms (enqueue 3.14062 ms)
[10/06/2026-16:17:18] [I] Average on 1 runs - GPU latency: 4.58203 ms - Host latency: 4.72852 ms (enqueue 3.1543 ms)
[10/06/2026-16:17:18] [I] Average on 1 runs - GPU latency: 4.56641 ms - Host latency: 4.70703 ms (enqueue 3.11133 ms)
[10/06/2026-16:17:18] [I] Average on 1 runs - GPU latency: 4.5957 ms - Host latency: 4.7207 ms (enqueue 2.11914 ms)
[10/06/2026-16:17:18] [I] Average on 1 runs - GPU latency: 4.59375 ms - Host latency: 4.7207 ms (enqueue 3.10742 ms)
[10/06/2026-16:17:18] [I] Average on 1 runs - GPU latency: 4.5918 ms - Host latency: 4.73047 ms (enqueue 3.3125 ms)
[10/06/2026-16:17:18] [I] Average on 1 runs - GPU latency: 4.5918 ms - Host latency: 4.71094 ms (enqueue 3.14062 ms)
[10/06/2026-16:17:18] [I] Average on 1 runs - GPU latency: 4.58789 ms - Host latency: 4.72461 ms (enqueue 3.13477 ms)
[10/06/2026-16:17:18] [I] Average on 1 runs - GPU latency: 4.58594 ms - Host latency: 4.7168 ms (enqueue 3.18359 ms)
[10/06/2026-16:17:18] [I] Average on 1 runs - GPU latency: 4.5957 ms - Host latency: 4.74023 ms (enqueue 3.13672 ms)
[10/06/2026-16:17:18] [I] Average on 1 runs - GPU latency: 4.60352 ms - Host latency: 4.75195 ms (enqueue 3.30664 ms)
[10/06/2026-16:17:18] [I] Average on 1 runs - GPU latency: 4.5918 ms - Host latency: 4.73242 ms (enqueue 3.08203 ms)
[10/06/2026-16:17:18] [I] Average on 1 runs - GPU latency: 4.59766 ms - Host latency: 4.75586 ms (enqueue 3.15039 ms)
[10/06/2026-16:17:18] [I] Average on 1 runs - GPU latency: 4.58789 ms - Host latency: 4.74609 ms (enqueue 3.42969 ms)
[10/06/2026-16:17:18] [I] Average on 1 runs - GPU latency: 4.5918 ms - Host latency: 4.74219 ms (enqueue 3.17188 ms)
[10/06/2026-16:17:18] [I] Average on 1 runs - GPU latency: 4.60156 ms - Host latency: 4.73047 ms (enqueue 3.30078 ms)
[10/06/2026-16:17:18] [I] Average on 1 runs - GPU latency: 4.58789 ms - Host latency: 4.72656 ms (enqueue 3.16211 ms)
[10/06/2026-16:17:18] [I] Average on 1 runs - GPU latency: 4.59961 ms - Host latency: 4.74414 ms (enqueue 3.06836 ms)
[10/06/2026-16:17:18] [I] Average on 1 runs - GPU latency: 4.60352 ms - Host latency: 4.74805 ms (enqueue 3.125 ms)
[10/06/2026-16:17:18] [I] Average on 1 runs - GPU latency: 4.59375 ms - Host latency: 4.73438 ms (enqueue 3.125 ms)
[10/06/2026-16:17:18] [I] Average on 1 runs - GPU latency: 4.58789 ms - Host latency: 4.73047 ms (enqueue 3.15039 ms)
[10/06/2026-16:17:18] [I] Average on 1 runs - GPU latency: 4.5918 ms - Host latency: 4.72266 ms (enqueue 3.14844 ms)
[10/06/2026-16:17:18] [I] Average on 1 runs - GPU latency: 4.59375 ms - Host latency: 4.73047 ms (enqueue 3.16406 ms)
[10/06/2026-16:17:18] [I] Average on 1 runs - GPU latency: 4.60156 ms - Host latency: 4.76758 ms (enqueue 3.13672 ms)
[10/06/2026-16:17:18] [I] Average on 1 runs - GPU latency: 4.59766 ms - Host latency: 4.74219 ms (enqueue 3.2168 ms)
[10/06/2026-16:17:18] [I] Average on 1 runs - GPU latency: 4.5957 ms - Host latency: 4.73438 ms (enqueue 3.16406 ms)
[10/06/2026-16:17:18] [I] Average on 1 runs - GPU latency: 4.5918 ms - Host latency: 4.73047 ms (enqueue 3.29492 ms)
[10/06/2026-16:17:18] [I] Average on 1 runs - GPU latency: 4.59961 ms - Host latency: 4.73633 ms (enqueue 3.10938 ms)
[10/06/2026-16:17:18] [I] Average on 1 runs - GPU latency: 4.59766 ms - Host latency: 4.73633 ms (enqueue 3.12695 ms)
[10/06/2026-16:17:18] [I] Average on 1 runs - GPU latency: 4.59375 ms - Host latency: 4.75 ms (enqueue 3.12891 ms)
[10/06/2026-16:17:18] [I] Average on 1 runs - GPU latency: 4.59766 ms - Host latency: 4.73438 ms (enqueue 2.85742 ms)
[10/06/2026-16:17:18] [I] Average on 1 runs - GPU latency: 4.5957 ms - Host latency: 4.73438 ms (enqueue 2.94531 ms)
[10/06/2026-16:17:18] [I] Average on 1 runs - GPU latency: 4.59961 ms - Host latency: 4.74023 ms (enqueue 2.99609 ms)
[10/06/2026-16:17:18] [I] Average on 1 runs - GPU latency: 4.5957 ms - Host latency: 4.74219 ms (enqueue 3.1875 ms)
[10/06/2026-16:17:18] [I] Average on 1 runs - GPU latency: 4.55664 ms - Host latency: 4.69727 ms (enqueue 3.15234 ms)
[10/06/2026-16:17:18] [I] Average on 1 runs - GPU latency: 4.59766 ms - Host latency: 4.73047 ms (enqueue 2.72461 ms)
[10/06/2026-16:17:18] [I] Average on 1 runs - GPU latency: 4.59766 ms - Host latency: 4.73828 ms (enqueue 3.16016 ms)
[10/06/2026-16:17:18] [I] Average on 1 runs - GPU latency: 4.60156 ms - Host latency: 4.74219 ms (enqueue 3.30273 ms)
[10/06/2026-16:17:18] [I] Average on 1 runs - GPU latency: 4.59766 ms - Host latency: 4.74219 ms (enqueue 3.13867 ms)
[10/06/2026-16:17:18] [I] Average on 1 runs - GPU latency: 4.59375 ms - Host latency: 4.73438 ms (enqueue 3.16797 ms)
[10/06/2026-16:17:18] [I] Average on 1 runs - GPU latency: 4.58789 ms - Host latency: 4.7168 ms (enqueue 3.19531 ms)
[10/06/2026-16:17:18] [I] Average on 1 runs - GPU latency: 4.60156 ms - Host latency: 4.73242 ms (enqueue 3.14453 ms)
[10/06/2026-16:17:18] [I] Average on 1 runs - GPU latency: 4.59766 ms - Host latency: 4.74023 ms (enqueue 3.12695 ms)
[10/06/2026-16:17:18] [I] Average on 1 runs - GPU latency: 4.58789 ms - Host latency: 4.72461 ms (enqueue 3.08594 ms)
[10/06/2026-16:17:18] [I] Average on 1 runs - GPU latency: 4.59766 ms - Host latency: 4.73633 ms (enqueue 3.2207 ms)
[10/06/2026-16:17:18] [I] Average on 1 runs - GPU latency: 4.55273 ms - Host latency: 4.68555 ms (enqueue 3.15039 ms)
[10/06/2026-16:17:18] [I] Average on 1 runs - GPU latency: 4.58789 ms - Host latency: 4.72461 ms (enqueue 2.5293 ms)
[10/06/2026-16:17:18] [I] Average on 1 runs - GPU latency: 4.5957 ms - Host latency: 4.7207 ms (enqueue 3.16797 ms)
[10/06/2026-16:17:18] [I] Average on 1 runs - GPU latency: 4.5918 ms - Host latency: 4.73438 ms (enqueue 3.10352 ms)
[10/06/2026-16:17:18] [I] Average on 1 runs - GPU latency: 4.5918 ms - Host latency: 4.72656 ms (enqueue 3.08203 ms)
[10/06/2026-16:17:18] [I] Average on 1 runs - GPU latency: 4.5918 ms - Host latency: 4.73438 ms (enqueue 3.26172 ms)
[10/06/2026-16:17:18] [I] Average on 1 runs - GPU latency: 4.58984 ms - Host latency: 4.72852 ms (enqueue 3.06445 ms)
[10/06/2026-16:17:18] [I] Average on 1 runs - GPU latency: 4.5957 ms - Host latency: 4.74023 ms (enqueue 3.31641 ms)
[10/06/2026-16:17:18] [I] Average on 1 runs - GPU latency: 4.58594 ms - Host latency: 4.72852 ms (enqueue 3.12891 ms)
[10/06/2026-16:17:18] [I] Average on 1 runs - GPU latency: 4.5918 ms - Host latency: 4.72852 ms (enqueue 3.1543 ms)
[10/06/2026-16:17:18] [I] Average on 1 runs - GPU latency: 4.58789 ms - Host latency: 4.73438 ms (enqueue 3.125 ms)
[10/06/2026-16:17:18] [I] Average on 1 runs - GPU latency: 4.5918 ms - Host latency: 4.73242 ms (enqueue 3.18945 ms)
[10/06/2026-16:17:18] [I] Average on 1 runs - GPU latency: 4.59766 ms - Host latency: 4.73828 ms (enqueue 3.2168 ms)
[10/06/2026-16:17:18] [I] Average on 1 runs - GPU latency: 4.59375 ms - Host latency: 4.73828 ms (enqueue 3.14648 ms)
[10/06/2026-16:17:18] [I] Average on 1 runs - GPU latency: 4.59375 ms - Host latency: 4.71875 ms (enqueue 3.14453 ms)
[10/06/2026-16:17:18] [I] Average on 1 runs - GPU latency: 4.59375 ms - Host latency: 4.72461 ms (enqueue 3.09375 ms)
[10/06/2026-16:17:18] [I] Average on 1 runs - GPU latency: 4.59961 ms - Host latency: 4.77539 ms (enqueue 2.98047 ms)
[10/06/2026-16:17:18] [I] Average on 1 runs - GPU latency: 4.60352 ms - Host latency: 4.78125 ms (enqueue 3.00586 ms)
[10/06/2026-16:17:18] [I] Average on 1 runs - GPU latency: 4.5918 ms - Host latency: 4.73242 ms (enqueue 2.7832 ms)
[10/06/2026-16:17:18] [I] Average on 1 runs - GPU latency: 4.5957 ms - Host latency: 4.73047 ms (enqueue 2.67773 ms)
[10/06/2026-16:17:18] [I] Average on 1 runs - GPU latency: 4.58984 ms - Host latency: 4.72852 ms (enqueue 2.57422 ms)
[10/06/2026-16:17:18] [I] Average on 1 runs - GPU latency: 4.60156 ms - Host latency: 4.74414 ms (enqueue 2.51953 ms)
[10/06/2026-16:17:18] [I] Average on 1 runs - GPU latency: 4.5957 ms - Host latency: 4.74219 ms (enqueue 2.60352 ms)
[10/06/2026-16:17:18] [I] Average on 1 runs - GPU latency: 4.58398 ms - Host latency: 4.72656 ms (enqueue 2.96289 ms)
[10/06/2026-16:17:18] [I] Average on 1 runs - GPU latency: 4.5957 ms - Host latency: 4.72656 ms (enqueue 2.68359 ms)
[10/06/2026-16:17:18] [I] Average on 1 runs - GPU latency: 4.58789 ms - Host latency: 4.72656 ms (enqueue 2.55078 ms)
[10/06/2026-16:17:18] [I] Average on 1 runs - GPU latency: 4.5957 ms - Host latency: 4.72461 ms (enqueue 2.45117 ms)
[10/06/2026-16:17:18] [I] Average on 1 runs - GPU latency: 4.59766 ms - Host latency: 4.72656 ms (enqueue 2.3418 ms)
[10/06/2026-16:17:18] [I] Average on 1 runs - GPU latency: 4.58984 ms - Host latency: 4.73242 ms (enqueue 3.19336 ms)
[10/06/2026-16:17:18] [I] Average on 1 runs - GPU latency: 4.58984 ms - Host latency: 4.73242 ms (enqueue 3.15234 ms)
[10/06/2026-16:17:18] [I] Average on 1 runs - GPU latency: 4.5918 ms - Host latency: 4.73633 ms (enqueue 3.13086 ms)
[10/06/2026-16:17:18] [I] Average on 1 runs - GPU latency: 4.58203 ms - Host latency: 4.72852 ms (enqueue 3.11133 ms)
[10/06/2026-16:17:18] [I] Average on 1 runs - GPU latency: 4.59375 ms - Host latency: 4.72656 ms (enqueue 3.27344 ms)
[10/06/2026-16:17:18] [I] Average on 1 runs - GPU latency: 4.57812 ms - Host latency: 4.7168 ms (enqueue 3.08203 ms)
[10/06/2026-16:17:18] [I] Average on 1 runs - GPU latency: 4.5918 ms - Host latency: 4.74805 ms (enqueue 2.23828 ms)
[10/06/2026-16:17:18] [I] Average on 1 runs - GPU latency: 4.59375 ms - Host latency: 4.74219 ms (enqueue 3.18164 ms)
[10/06/2026-16:17:18] [I] Average on 1 runs - GPU latency: 4.58984 ms - Host latency: 4.73438 ms (enqueue 3.15039 ms)
[10/06/2026-16:17:18] [I] Average on 1 runs - GPU latency: 4.58203 ms - Host latency: 4.7207 ms (enqueue 3.17578 ms)
[10/06/2026-16:17:18] [I] Average on 1 runs - GPU latency: 4.5918 ms - Host latency: 4.73438 ms (enqueue 3.16992 ms)
[10/06/2026-16:17:18] [I] Average on 1 runs - GPU latency: 4.60156 ms - Host latency: 4.73047 ms (enqueue 3.28125 ms)
[10/06/2026-16:17:18] [I] Average on 1 runs - GPU latency: 4.5918 ms - Host latency: 4.74023 ms (enqueue 3.10938 ms)
[10/06/2026-16:17:18] [I] Average on 1 runs - GPU latency: 4.59375 ms - Host latency: 4.72852 ms (enqueue 2.92383 ms)
[10/06/2026-16:17:18] [I] Average on 1 runs - GPU latency: 4.58594 ms - Host latency: 4.71289 ms (enqueue 3.17969 ms)
[10/06/2026-16:17:18] [I] Average on 1 runs - GPU latency: 4.5918 ms - Host latency: 4.7207 ms (enqueue 3.14648 ms)
[10/06/2026-16:17:18] [I] Average on 1 runs - GPU latency: 4.56055 ms - Host latency: 4.70117 ms (enqueue 3.23828 ms)
[10/06/2026-16:17:18] [I] Average on 1 runs - GPU latency: 4.59375 ms - Host latency: 4.71875 ms (enqueue 2.16016 ms)
[10/06/2026-16:17:18] [I] Average on 1 runs - GPU latency: 4.59961 ms - Host latency: 4.73828 ms (enqueue 3.0957 ms)
[10/06/2026-16:17:18] [I] Average on 1 runs - GPU latency: 4.58594 ms - Host latency: 4.73438 ms (enqueue 3.16797 ms)
[10/06/2026-16:17:18] [I] Average on 1 runs - GPU latency: 4.58984 ms - Host latency: 4.72266 ms (enqueue 3.17969 ms)
[10/06/2026-16:17:18] [I] Average on 1 runs - GPU latency: 4.5957 ms - Host latency: 4.73242 ms (enqueue 3.16602 ms)
[10/06/2026-16:17:18] [I] Average on 1 runs - GPU latency: 4.60742 ms - Host latency: 4.74805 ms (enqueue 3.14258 ms)
[10/06/2026-16:17:18] [I] Average on 1 runs - GPU latency: 4.58984 ms - Host latency: 4.73242 ms (enqueue 3.20117 ms)
[10/06/2026-16:17:18] [I] Average on 1 runs - GPU latency: 4.59375 ms - Host latency: 4.75391 ms (enqueue 3.3125 ms)
[10/06/2026-16:17:18] [I] Average on 1 runs - GPU latency: 4.5957 ms - Host latency: 4.73633 ms (enqueue 3.09961 ms)
[10/06/2026-16:17:18] [I] Average on 1 runs - GPU latency: 4.58398 ms - Host latency: 4.73633 ms (enqueue 3.2832 ms)
[10/06/2026-16:17:18] [I] Average on 1 runs - GPU latency: 4.57617 ms - Host latency: 4.70117 ms (enqueue 3.18359 ms)
[10/06/2026-16:17:18] [I] Average on 1 runs - GPU latency: 4.59766 ms - Host latency: 4.72266 ms (enqueue 2.42578 ms)
[10/06/2026-16:17:18] [I] Average on 1 runs - GPU latency: 4.5957 ms - Host latency: 4.74219 ms (enqueue 3.17969 ms)
[10/06/2026-16:17:18] [I] Average on 1 runs - GPU latency: 4.59375 ms - Host latency: 4.74023 ms (enqueue 3.17578 ms)
[10/06/2026-16:17:18] [I] Average on 1 runs - GPU latency: 4.59961 ms - Host latency: 4.74219 ms (enqueue 3.29297 ms)
[10/06/2026-16:17:18] [I] Average on 1 runs - GPU latency: 4.55859 ms - Host latency: 4.70117 ms (enqueue 3.10547 ms)
[10/06/2026-16:17:18] [I] 
[10/06/2026-16:17:18] [I] === Performance summary ===
[10/06/2026-16:17:18] [I] Throughput: 217.587 qps
[10/06/2026-16:17:18] [I] Latency: min = 4.64551 ms, max = 4.86328 ms, mean = 4.7333 ms, median = 4.73291 ms, percentile(90%) = 4.75195 ms, percentile(95%) = 4.76318 ms, percentile(99%) = 4.77832 ms
[10/06/2026-16:17:18] [I] Enqueue Time: min = 2.10059 ms, max = 4.66748 ms, mean = 3.09194 ms, median = 3.15625 ms, percentile(90%) = 3.32275 ms, percentile(95%) = 3.35645 ms, percentile(99%) = 3.44824 ms
[10/06/2026-16:17:18] [I] H2D Latency: min = 0.0878906 ms, max = 0.265625 ms, mean = 0.135281 ms, median = 0.133789 ms, percentile(90%) = 0.150391 ms, percentile(95%) = 0.162598 ms, percentile(99%) = 0.177734 ms
[10/06/2026-16:17:18] [I] GPU Compute Time: min = 4.53955 ms, max = 4.61426 ms, mean = 4.59154 ms, median = 4.59375 ms, percentile(90%) = 4.60059 ms, percentile(95%) = 4.60254 ms, percentile(99%) = 4.60742 ms
[10/06/2026-16:17:18] [I] D2H Latency: min = 0.00390625 ms, max = 0.0107422 ms, mean = 0.00648744 ms, median = 0.00585938 ms, percentile(90%) = 0.00830078 ms, percentile(95%) = 0.00878906 ms, percentile(99%) = 0.00976562 ms
[10/06/2026-16:17:18] [I] Total Host Walltime: 15.0101 s
[10/06/2026-16:17:18] [I] Total GPU Compute Time: 14.996 s
[10/06/2026-16:17:18] [I] Explanations of the performance metrics are printed in the verbose logs.
[10/06/2026-16:17:18] [I] 
&&&& PASSED TensorRT.trtexec [TensorRT v100300] # /usr/src/tensorrt/bin/trtexec --loadEngine=/tmp/yolo26n_84172_uint8_fp16_opt3.engine --warmUp=3000 --duration=15 --idleTime=0 --avgRuns=1
