&&&& RUNNING TensorRT.trtexec [TensorRT v100300] # /usr/src/tensorrt/bin/trtexec --loadEngine=/tmp/yolo26n_84172_uint8_fp16_opt3.engine --warmUp=3000 --duration=15 --idleTime=0 --avgRuns=1
[10/06/2026-16:14:47] [I] === Model Options ===
[10/06/2026-16:14:47] [I] Format: *
[10/06/2026-16:14:47] [I] Model: 
[10/06/2026-16:14:47] [I] Output:
[10/06/2026-16:14:47] [I] 
[10/06/2026-16:14:47] [I] === System Options ===
[10/06/2026-16:14:47] [I] Device: 0
[10/06/2026-16:14:47] [I] DLACore: 
[10/06/2026-16:14:47] [I] Plugins:
[10/06/2026-16:14:47] [I] setPluginsToSerialize:
[10/06/2026-16:14:47] [I] dynamicPlugins:
[10/06/2026-16:14:47] [I] ignoreParsedPluginLibs: 0
[10/06/2026-16:14:47] [I] 
[10/06/2026-16:14:47] [I] === Inference Options ===
[10/06/2026-16:14:47] [I] Batch: Explicit
[10/06/2026-16:14:47] [I] Input inference shapes: model
[10/06/2026-16:14:47] [I] Iterations: 10
[10/06/2026-16:14:47] [I] Duration: 15s (+ 3000ms warm up)
[10/06/2026-16:14:47] [I] Sleep time: 0ms
[10/06/2026-16:14:47] [I] Idle time: 0ms
[10/06/2026-16:14:47] [I] Inference Streams: 1
[10/06/2026-16:14:47] [I] ExposeDMA: Disabled
[10/06/2026-16:14:47] [I] Data transfers: Enabled
[10/06/2026-16:14:47] [I] Spin-wait: Disabled
[10/06/2026-16:14:47] [I] Multithreading: Disabled
[10/06/2026-16:14:47] [I] CUDA Graph: Disabled
[10/06/2026-16:14:47] [I] Separate profiling: Disabled
[10/06/2026-16:14:47] [I] Time Deserialize: Disabled
[10/06/2026-16:14:47] [I] Time Refit: Disabled
[10/06/2026-16:14:47] [I] NVTX verbosity: 0
[10/06/2026-16:14:47] [I] Persistent Cache Ratio: 0
[10/06/2026-16:14:47] [I] Optimization Profile Index: 0
[10/06/2026-16:14:47] [I] Weight Streaming Budget: 100.000000%
[10/06/2026-16:14:47] [I] Inputs:
[10/06/2026-16:14:47] [I] Debug Tensor Save Destinations:
[10/06/2026-16:14:47] [I] === Reporting Options ===
[10/06/2026-16:14:47] [I] Verbose: Disabled
[10/06/2026-16:14:47] [I] Averages: 1 inferences
[10/06/2026-16:14:47] [I] Percentiles: 90,95,99
[10/06/2026-16:14:47] [I] Dump refittable layers:Disabled
[10/06/2026-16:14:47] [I] Dump output: Disabled
[10/06/2026-16:14:47] [I] Profile: Disabled
[10/06/2026-16:14:47] [I] Export timing to JSON file: 
[10/06/2026-16:14:47] [I] Export output to JSON file: 
[10/06/2026-16:14:47] [I] Export profile to JSON file: 
[10/06/2026-16:14:47] [I] 
[10/06/2026-16:14:47] [I] === Device Information ===
[10/06/2026-16:14:47] [I] Available Devices: 
[10/06/2026-16:14:47] [I]   Device 0: "Orin" UUID: GPU-6e16c2c1-e394-5324-8f2e-63a975968f4e
[10/06/2026-16:14:47] [I] Selected Device: Orin
[10/06/2026-16:14:47] [I] Selected Device ID: 0
[10/06/2026-16:14:47] [I] Selected Device UUID: GPU-6e16c2c1-e394-5324-8f2e-63a975968f4e
[10/06/2026-16:14:47] [I] Compute Capability: 8.7
[10/06/2026-16:14:47] [I] SMs: 8
[10/06/2026-16:14:47] [I] Device Global Memory: 7607 MiB
[10/06/2026-16:14:47] [I] Shared Memory per SM: 164 KiB
[10/06/2026-16:14:47] [I] Memory Bus Width: 128 bits (ECC disabled)
[10/06/2026-16:14:47] [I] Application Compute Clock Rate: 1.02 GHz
[10/06/2026-16:14:47] [I] Application Memory Clock Rate: 0.714 GHz
[10/06/2026-16:14:47] [I] 
[10/06/2026-16:14:47] [I] Note: The application clock rates do not reflect the actual clock rates that the GPU is currently running at.
[10/06/2026-16:14:47] [I] 
[10/06/2026-16:14:47] [I] TensorRT version: 10.3.0
[10/06/2026-16:14:47] [I] Loading standard plugins
[10/06/2026-16:14:47] [I] [TRT] Loaded engine size: 7 MiB
[10/06/2026-16:14:47] [I] Engine deserialized in 0.0721691 sec.
[10/06/2026-16:14:47] [I] [TRT] [MemUsageChange] TensorRT-managed allocation in IExecutionContext creation: CPU +0, GPU +12, now: CPU 0, GPU 16 (MiB)
[10/06/2026-16:14:47] [I] Setting persistentCacheLimit to 0 bytes.
[10/06/2026-16:14:47] [I] Created execution context with device memory size: 12.207 MiB
[10/06/2026-16:14:47] [I] Using random values for input images
[10/06/2026-16:14:47] [I] Input binding for images with dimensions 1x640x640x3 is created.
[10/06/2026-16:14:47] [I] Output binding for output0 with dimensions 1x300x6 is created.
[10/06/2026-16:14:47] [I] Starting inference
[10/06/2026-16:15:05] [I] Warmup completed 512 queries over 3000 ms
[10/06/2026-16:15:05] [I] Timing trace has 2633 queries over 15.0214 s
[10/06/2026-16:15:05] [I] 
[10/06/2026-16:15:05] [I] === Trace details ===
[10/06/2026-16:15:05] [I] Trace averages of 1 runs:
[10/06/2026-16:15:05] [I] Average on 1 runs - GPU latency: 5.6731 ms - Host latency: 5.7854 ms (enqueue 3.87451 ms)
[10/06/2026-16:15:05] [I] Average on 1 runs - GPU latency: 5.6792 ms - Host latency: 5.78931 ms (enqueue 4.01074 ms)
[10/06/2026-16:15:05] [I] Average on 1 runs - GPU latency: 5.70752 ms - Host latency: 5.8689 ms (enqueue 3.93335 ms)
[10/06/2026-16:15:05] [I] Average on 1 runs - GPU latency: 5.70801 ms - Host latency: 5.81519 ms (enqueue 4.20923 ms)
[10/06/2026-16:15:05] [I] Average on 1 runs - GPU latency: 5.7041 ms - Host latency: 5.81445 ms (enqueue 3.90796 ms)
[10/06/2026-16:15:05] [I] Average on 1 runs - GPU latency: 5.71509 ms - Host latency: 5.82397 ms (enqueue 3.8811 ms)
[10/06/2026-16:15:05] [I] Average on 1 runs - GPU latency: 5.70117 ms - Host latency: 5.8645 ms (enqueue 4.12476 ms)
[10/06/2026-16:15:05] [I] Average on 1 runs - GPU latency: 5.70386 ms - Host latency: 5.82031 ms (enqueue 3.84766 ms)
[10/06/2026-16:15:05] [I] Average on 1 runs - GPU latency: 5.71021 ms - Host latency: 5.8418 ms (enqueue 4.00586 ms)
[10/06/2026-16:15:05] [I] Average on 1 runs - GPU latency: 5.64233 ms - Host latency: 5.76001 ms (enqueue 3.85962 ms)
[10/06/2026-16:15:05] [I] Average on 1 runs - GPU latency: 5.67017 ms - Host latency: 5.78809 ms (enqueue 4.15283 ms)
[10/06/2026-16:15:05] [I] Average on 1 runs - GPU latency: 5.70361 ms - Host latency: 5.82153 ms (enqueue 3.83081 ms)
[10/06/2026-16:15:05] [I] Average on 1 runs - GPU latency: 5.70923 ms - Host latency: 5.82104 ms (enqueue 3.93042 ms)
[10/06/2026-16:15:05] [I] Average on 1 runs - GPU latency: 5.70654 ms - Host latency: 5.84546 ms (enqueue 4.10938 ms)
[10/06/2026-16:15:05] [I] Average on 1 runs - GPU latency: 5.70312 ms - Host latency: 5.80957 ms (enqueue 4.02271 ms)
[10/06/2026-16:15:05] [I] Average on 1 runs - GPU latency: 5.71069 ms - Host latency: 5.82568 ms (enqueue 4.08936 ms)
[10/06/2026-16:15:05] [I] Average on 1 runs - GPU latency: 5.70117 ms - Host latency: 5.79883 ms (enqueue 3.85962 ms)
[10/06/2026-16:15:05] [I] Average on 1 runs - GPU latency: 5.71484 ms - Host latency: 5.83081 ms (enqueue 4.18579 ms)
[10/06/2026-16:15:05] [I] Average on 1 runs - GPU latency: 5.63696 ms - Host latency: 5.75049 ms (enqueue 3.84717 ms)
[10/06/2026-16:15:05] [I] Average on 1 runs - GPU latency: 5.71655 ms - Host latency: 5.82983 ms (enqueue 3.77734 ms)
[10/06/2026-16:15:05] [I] Average on 1 runs - GPU latency: 5.7041 ms - Host latency: 5.84131 ms (enqueue 4.09961 ms)
[10/06/2026-16:15:05] [I] Average on 1 runs - GPU latency: 5.71729 ms - Host latency: 5.81763 ms (enqueue 3.88208 ms)
[10/06/2026-16:15:05] [I] Average on 1 runs - GPU latency: 5.70825 ms - Host latency: 5.82227 ms (enqueue 4.04565 ms)
[10/06/2026-16:15:05] [I] Average on 1 runs - GPU latency: 5.69922 ms - Host latency: 5.81079 ms (enqueue 3.87817 ms)
[10/06/2026-16:15:05] [I] Average on 1 runs - GPU latency: 5.70679 ms - Host latency: 5.82373 ms (enqueue 4.20386 ms)
[10/06/2026-16:15:05] [I] Average on 1 runs - GPU latency: 5.69604 ms - Host latency: 5.80713 ms (enqueue 3.85693 ms)
[10/06/2026-16:15:05] [I] Average on 1 runs - GPU latency: 5.66479 ms - Host latency: 5.77368 ms (enqueue 3.89697 ms)
[10/06/2026-16:15:05] [I] Average on 1 runs - GPU latency: 5.6543 ms - Host latency: 5.77173 ms (enqueue 4.12964 ms)
[10/06/2026-16:15:05] [I] Average on 1 runs - GPU latency: 5.71143 ms - Host latency: 5.84863 ms (enqueue 3.78809 ms)
[10/06/2026-16:15:05] [I] Average on 1 runs - GPU latency: 5.6936 ms - Host latency: 5.81616 ms (enqueue 4.02759 ms)
[10/06/2026-16:15:05] [I] Average on 1 runs - GPU latency: 5.66943 ms - Host latency: 5.77905 ms (enqueue 3.87378 ms)
[10/06/2026-16:15:05] [I] Average on 1 runs - GPU latency: 5.70532 ms - Host latency: 5.81763 ms (enqueue 3.76294 ms)
[10/06/2026-16:15:05] [I] Average on 1 runs - GPU latency: 5.70654 ms - Host latency: 5.84375 ms (enqueue 4.12305 ms)
[10/06/2026-16:15:05] [I] Average on 1 runs - GPU latency: 5.70776 ms - Host latency: 5.82446 ms (enqueue 3.83936 ms)
[10/06/2026-16:15:05] [I] Average on 1 runs - GPU latency: 5.71069 ms - Host latency: 5.8479 ms (enqueue 4.1936 ms)
[10/06/2026-16:15:05] [I] Average on 1 runs - GPU latency: 5.67578 ms - Host latency: 5.79395 ms (enqueue 3.86841 ms)
[10/06/2026-16:15:05] [I] Average on 1 runs - GPU latency: 5.68018 ms - Host latency: 5.79834 ms (enqueue 4.16553 ms)
[10/06/2026-16:15:05] [I] Average on 1 runs - GPU latency: 5.70679 ms - Host latency: 5.83447 ms (enqueue 3.86621 ms)
[10/06/2026-16:15:05] [I] Average on 1 runs - GPU latency: 5.70142 ms - Host latency: 5.83521 ms (enqueue 3.83618 ms)
[10/06/2026-16:15:05] [I] Average on 1 runs - GPU latency: 5.71118 ms - Host latency: 5.83325 ms (enqueue 4.10645 ms)
[10/06/2026-16:15:05] [I] Average on 1 runs - GPU latency: 5.70215 ms - Host latency: 5.84131 ms (enqueue 4.15332 ms)
[10/06/2026-16:15:05] [I] Average on 1 runs - GPU latency: 5.71069 ms - Host latency: 5.81982 ms (enqueue 3.80151 ms)
[10/06/2026-16:15:05] [I] Average on 1 runs - GPU latency: 5.70142 ms - Host latency: 5.83105 ms (enqueue 3.8313 ms)
[10/06/2026-16:15:05] [I] Average on 1 runs - GPU latency: 5.69775 ms - Host latency: 5.81299 ms (enqueue 4.17432 ms)
[10/06/2026-16:15:05] [I] Average on 1 runs - GPU latency: 5.66016 ms - Host latency: 5.76001 ms (enqueue 3.88867 ms)
[10/06/2026-16:15:05] [I] Average on 1 runs - GPU latency: 5.66016 ms - Host latency: 5.76904 ms (enqueue 3.86328 ms)
[10/06/2026-16:15:05] [I] Average on 1 runs - GPU latency: 5.71997 ms - Host latency: 5.83545 ms (enqueue 4.0083 ms)
[10/06/2026-16:15:05] [I] Average on 1 runs - GPU latency: 5.70752 ms - Host latency: 5.86768 ms (enqueue 3.86768 ms)
[10/06/2026-16:15:05] [I] Average on 1 runs - GPU latency: 5.70654 ms - Host latency: 5.8479 ms (enqueue 4.12451 ms)
[10/06/2026-16:15:05] [I] Average on 1 runs - GPU latency: 5.70947 ms - Host latency: 5.81812 ms (enqueue 3.86816 ms)
[10/06/2026-16:15:05] [I] Average on 1 runs - GPU latency: 5.7041 ms - Host latency: 5.84644 ms (enqueue 4.0686 ms)
[10/06/2026-16:15:05] [I] Average on 1 runs - GPU latency: 5.69946 ms - Host latency: 5.80615 ms (enqueue 3.84155 ms)
[10/06/2026-16:15:05] [I] Average on 1 runs - GPU latency: 5.71191 ms - Host latency: 5.8252 ms (enqueue 3.91016 ms)
[10/06/2026-16:15:05] [I] Average on 1 runs - GPU latency: 5.63696 ms - Host latency: 5.77686 ms (enqueue 4.18384 ms)
[10/06/2026-16:15:05] [I] Average on 1 runs - GPU latency: 5.70923 ms - Host latency: 5.82446 ms (enqueue 3.90454 ms)
[10/06/2026-16:15:05] [I] Average on 1 runs - GPU latency: 5.70898 ms - Host latency: 5.83813 ms (enqueue 4.12012 ms)
[10/06/2026-16:15:05] [I] Average on 1 runs - GPU latency: 5.71973 ms - Host latency: 5.83398 ms (enqueue 3.83203 ms)
[10/06/2026-16:15:05] [I] Average on 1 runs - GPU latency: 5.71167 ms - Host latency: 5.85229 ms (enqueue 4.15137 ms)
[10/06/2026-16:15:05] [I] Average on 1 runs - GPU latency: 5.71069 ms - Host latency: 5.83398 ms (enqueue 3.85059 ms)
[10/06/2026-16:15:05] [I] Average on 1 runs - GPU latency: 5.69873 ms - Host latency: 5.79907 ms (enqueue 3.86011 ms)
[10/06/2026-16:15:05] [I] Average on 1 runs - GPU latency: 5.70703 ms - Host latency: 5.8208 ms (enqueue 4.07275 ms)
[10/06/2026-16:15:05] [I] Average on 1 runs - GPU latency: 5.70312 ms - Host latency: 5.84399 ms (enqueue 3.82544 ms)
[10/06/2026-16:15:05] [I] Average on 1 runs - GPU latency: 5.66284 ms - Host latency: 5.78662 ms (enqueue 4.12891 ms)
[10/06/2026-16:15:05] [I] Average on 1 runs - GPU latency: 5.70068 ms - Host latency: 5.80762 ms (enqueue 3.81689 ms)
[10/06/2026-16:15:05] [I] Average on 1 runs - GPU latency: 5.71509 ms - Host latency: 5.82886 ms (enqueue 4.18872 ms)
[10/06/2026-16:15:05] [I] Average on 1 runs - GPU latency: 5.70532 ms - Host latency: 5.82617 ms (enqueue 3.89722 ms)
[10/06/2026-16:15:05] [I] Average on 1 runs - GPU latency: 5.69482 ms - Host latency: 5.81689 ms (enqueue 3.86597 ms)
[10/06/2026-16:15:05] [I] Average on 1 runs - GPU latency: 5.70435 ms - Host latency: 5.82104 ms (enqueue 4.07959 ms)
[10/06/2026-16:15:05] [I] Average on 1 runs - GPU latency: 5.71411 ms - Host latency: 5.8252 ms (enqueue 3.89429 ms)
[10/06/2026-16:15:05] [I] Average on 1 runs - GPU latency: 5.70898 ms - Host latency: 5.85156 ms (enqueue 4.1189 ms)
[10/06/2026-16:15:05] [I] Average on 1 runs - GPU latency: 5.69165 ms - Host latency: 5.83057 ms (enqueue 3.84521 ms)
[10/06/2026-16:15:05] [I] Average on 1 runs - GPU latency: 5.66748 ms - Host latency: 5.7959 ms (enqueue 4.08594 ms)
[10/06/2026-16:15:05] [I] Average on 1 runs - GPU latency: 5.7146 ms - Host latency: 5.84741 ms (enqueue 3.84521 ms)
[10/06/2026-16:15:05] [I] Average on 1 runs - GPU latency: 5.71606 ms - Host latency: 5.854 ms (enqueue 3.97974 ms)
[10/06/2026-16:15:05] [I] Average on 1 runs - GPU latency: 5.71387 ms - Host latency: 5.85913 ms (enqueue 4.21582 ms)
[10/06/2026-16:15:05] [I] Average on 1 runs - GPU latency: 5.70532 ms - Host latency: 5.8562 ms (enqueue 3.86328 ms)
[10/06/2026-16:15:05] [I] Average on 1 runs - GPU latency: 5.70142 ms - Host latency: 5.8125 ms (enqueue 4.10547 ms)
[10/06/2026-16:15:05] [I] Average on 1 runs - GPU latency: 5.70068 ms - Host latency: 5.80859 ms (enqueue 3.83325 ms)
[10/06/2026-16:15:05] [I] Average on 1 runs - GPU latency: 5.71143 ms - Host latency: 5.86011 ms (enqueue 3.76489 ms)
[10/06/2026-16:15:05] [I] Average on 1 runs - GPU latency: 5.677 ms - Host latency: 5.81665 ms (enqueue 4.03662 ms)
[10/06/2026-16:15:05] [I] Average on 1 runs - GPU latency: 5.65723 ms - Host latency: 5.771 ms (enqueue 3.83521 ms)
[10/06/2026-16:15:05] [I] Average on 1 runs - GPU latency: 5.71411 ms - Host latency: 5.8335 ms (enqueue 4.052 ms)
[10/06/2026-16:15:05] [I] Average on 1 runs - GPU latency: 5.71582 ms - Host latency: 5.8252 ms (enqueue 3.86499 ms)
[10/06/2026-16:15:05] [I] Average on 1 runs - GPU latency: 5.69971 ms - Host latency: 5.8374 ms (enqueue 3.97119 ms)
[10/06/2026-16:15:05] [I] Average on 1 runs - GPU latency: 5.71631 ms - Host latency: 5.81885 ms (enqueue 3.8501 ms)
[10/06/2026-16:15:05] [I] Average on 1 runs - GPU latency: 5.70825 ms - Host latency: 5.82935 ms (enqueue 3.84033 ms)
[10/06/2026-16:15:05] [I] Average on 1 runs - GPU latency: 5.71045 ms - Host latency: 5.84106 ms (enqueue 3.97729 ms)
[10/06/2026-16:15:05] [I] Average on 1 runs - GPU latency: 5.71582 ms - Host latency: 5.8269 ms (enqueue 3.88159 ms)
[10/06/2026-16:15:05] [I] Average on 1 runs - GPU latency: 5.65991 ms - Host latency: 5.8313 ms (enqueue 4.11499 ms)
[10/06/2026-16:15:05] [I] Average on 1 runs - GPU latency: 5.71069 ms - Host latency: 5.82764 ms (enqueue 3.82861 ms)
[10/06/2026-16:15:05] [I] Average on 1 runs - GPU latency: 5.70605 ms - Host latency: 5.82788 ms (enqueue 4.15869 ms)
[10/06/2026-16:15:05] [I] Average on 1 runs - GPU latency: 5.69971 ms - Host latency: 5.81909 ms (enqueue 3.83545 ms)
[10/06/2026-16:15:05] [I] Average on 1 runs - GPU latency: 5.71167 ms - Host latency: 5.83911 ms (enqueue 3.8999 ms)
[10/06/2026-16:15:05] [I] Average on 1 runs - GPU latency: 5.69995 ms - Host latency: 5.82373 ms (enqueue 4.08838 ms)
[10/06/2026-16:15:05] [I] Average on 1 runs - GPU latency: 5.71167 ms - Host latency: 5.81909 ms (enqueue 3.85376 ms)
[10/06/2026-16:15:05] [I] Average on 1 runs - GPU latency: 5.7019 ms - Host latency: 5.82446 ms (enqueue 4.13379 ms)
[10/06/2026-16:15:05] [I] Average on 1 runs - GPU latency: 5.7041 ms - Host latency: 5.82007 ms (enqueue 3.87231 ms)
[10/06/2026-16:15:05] [I] Average on 1 runs - GPU latency: 5.63208 ms - Host latency: 5.7627 ms (enqueue 4.22998 ms)
[10/06/2026-16:15:05] [I] Average on 1 runs - GPU latency: 5.698 ms - Host latency: 5.81372 ms (enqueue 3.82349 ms)
[10/06/2026-16:15:05] [I] Average on 1 runs - GPU latency: 5.71582 ms - Host latency: 5.83057 ms (enqueue 3.82886 ms)
[10/06/2026-16:15:05] [I] Average on 1 runs - GPU latency: 5.7251 ms - Host latency: 5.86011 ms (enqueue 4.10205 ms)
[10/06/2026-16:15:05] [I] Average on 1 runs - GPU latency: 5.70508 ms - Host latency: 5.84424 ms (enqueue 3.90186 ms)
[10/06/2026-16:15:05] [I] Average on 1 runs - GPU latency: 5.71289 ms - Host latency: 5.84399 ms (enqueue 4.16113 ms)
[10/06/2026-16:15:05] [I] Average on 1 runs - GPU latency: 5.71191 ms - Host latency: 5.8418 ms (enqueue 3.8291 ms)
[10/06/2026-16:15:05] [I] Average on 1 runs - GPU latency: 5.71216 ms - Host latency: 5.84619 ms (enqueue 4.03345 ms)
[10/06/2026-16:15:05] [I] Average on 1 runs - GPU latency: 5.70508 ms - Host latency: 5.82129 ms (enqueue 3.82104 ms)
[10/06/2026-16:15:05] [I] Average on 1 runs - GPU latency: 5.65332 ms - Host latency: 5.76758 ms (enqueue 3.83472 ms)
[10/06/2026-16:15:05] [I] Average on 1 runs - GPU latency: 5.70776 ms - Host latency: 5.83691 ms (enqueue 4.03394 ms)
[10/06/2026-16:15:05] [I] Average on 1 runs - GPU latency: 5.71069 ms - Host latency: 5.82617 ms (enqueue 3.84912 ms)
[10/06/2026-16:15:05] [I] Average on 1 runs - GPU latency: 5.70898 ms - Host latency: 5.81934 ms (enqueue 4.05103 ms)
[10/06/2026-16:15:05] [I] Average on 1 runs - GPU latency: 5.7124 ms - Host latency: 5.85059 ms (enqueue 3.87354 ms)
[10/06/2026-16:15:05] [I] Average on 1 runs - GPU latency: 5.70776 ms - Host latency: 5.83228 ms (enqueue 4.19824 ms)
[10/06/2026-16:15:05] [I] Average on 1 runs - GPU latency: 5.71069 ms - Host latency: 5.82373 ms (enqueue 3.91626 ms)
[10/06/2026-16:15:05] [I] Average on 1 runs - GPU latency: 5.71118 ms - Host latency: 5.82715 ms (enqueue 3.84644 ms)
[10/06/2026-16:15:05] [I] Average on 1 runs - GPU latency: 5.70557 ms - Host latency: 5.82544 ms (enqueue 4.1189 ms)
[10/06/2026-16:15:05] [I] Average on 1 runs - GPU latency: 5.63574 ms - Host latency: 5.7793 ms (enqueue 3.87671 ms)
[10/06/2026-16:15:05] [I] Average on 1 runs - GPU latency: 5.70874 ms - Host latency: 5.82886 ms (enqueue 4.09155 ms)
[10/06/2026-16:15:05] [I] Average on 1 runs - GPU latency: 5.70801 ms - Host latency: 5.8269 ms (enqueue 3.87183 ms)
[10/06/2026-16:15:05] [I] Average on 1 runs - GPU latency: 5.70264 ms - Host latency: 5.82446 ms (enqueue 4.17554 ms)
[10/06/2026-16:15:05] [I] Average on 1 runs - GPU latency: 5.71362 ms - Host latency: 5.83228 ms (enqueue 3.90894 ms)
[10/06/2026-16:15:05] [I] Average on 1 runs - GPU latency: 5.70972 ms - Host latency: 5.81226 ms (enqueue 3.87476 ms)
[10/06/2026-16:15:05] [I] Average on 1 runs - GPU latency: 5.70483 ms - Host latency: 5.8396 ms (enqueue 4.1792 ms)
[10/06/2026-16:15:05] [I] Average on 1 runs - GPU latency: 5.71069 ms - Host latency: 5.8291 ms (enqueue 3.94751 ms)
[10/06/2026-16:15:05] [I] Average on 1 runs - GPU latency: 5.65698 ms - Host latency: 5.77759 ms (enqueue 4.21558 ms)
[10/06/2026-16:15:05] [I] Average on 1 runs - GPU latency: 5.69336 ms - Host latency: 5.80811 ms (enqueue 3.89819 ms)
[10/06/2026-16:15:05] [I] Average on 1 runs - GPU latency: 5.70728 ms - Host latency: 5.84814 ms (enqueue 4.09473 ms)
[10/06/2026-16:15:05] [I] Average on 1 runs - GPU latency: 5.70215 ms - Host latency: 5.83521 ms (enqueue 3.93457 ms)
[10/06/2026-16:15:05] [I] Average on 1 runs - GPU latency: 5.67993 ms - Host latency: 5.80176 ms (enqueue 3.85962 ms)
[10/06/2026-16:15:05] [I] Average on 1 runs - GPU latency: 5.63965 ms - Host latency: 5.75317 ms (enqueue 4.09985 ms)
[10/06/2026-16:15:05] [I] Average on 1 runs - GPU latency: 5.71069 ms - Host latency: 5.86792 ms (enqueue 3.86475 ms)
[10/06/2026-16:15:05] [I] Average on 1 runs - GPU latency: 5.72144 ms - Host latency: 5.84204 ms (enqueue 4.15771 ms)
[10/06/2026-16:15:05] [I] Average on 1 runs - GPU latency: 5.70044 ms - Host latency: 5.81299 ms (enqueue 3.91577 ms)
[10/06/2026-16:15:05] [I] Average on 1 runs - GPU latency: 5.65723 ms - Host latency: 5.75342 ms (enqueue 3.79956 ms)
[10/06/2026-16:15:05] [I] Average on 1 runs - GPU latency: 5.69287 ms - Host latency: 5.80713 ms (enqueue 4.04517 ms)
[10/06/2026-16:15:05] [I] Average on 1 runs - GPU latency: 5.71021 ms - Host latency: 5.81885 ms (enqueue 3.88501 ms)
[10/06/2026-16:15:05] [I] Average on 1 runs - GPU latency: 5.71167 ms - Host latency: 5.83472 ms (enqueue 4.16284 ms)
[10/06/2026-16:15:05] [I] Average on 1 runs - GPU latency: 5.70874 ms - Host latency: 5.83911 ms (enqueue 3.86938 ms)
[10/06/2026-16:15:05] [I] Average on 1 runs - GPU latency: 5.71484 ms - Host latency: 5.82983 ms (enqueue 4.19556 ms)
[10/06/2026-16:15:05] [I] Average on 1 runs - GPU latency: 5.71655 ms - Host latency: 5.84155 ms (enqueue 3.9165 ms)
[10/06/2026-16:15:05] [I] Average on 1 runs - GPU latency: 5.70654 ms - Host latency: 5.83105 ms (enqueue 3.92554 ms)
[10/06/2026-16:15:05] [I] Average on 1 runs - GPU latency: 5.71655 ms - Host latency: 5.83472 ms (enqueue 4.12939 ms)
[10/06/2026-16:15:05] [I] Average on 1 runs - GPU latency: 5.65991 ms - Host latency: 5.76587 ms (enqueue 3.84937 ms)
[10/06/2026-16:15:05] [I] Average on 1 runs - GPU latency: 5.71533 ms - Host latency: 5.85352 ms (enqueue 4.12305 ms)
[10/06/2026-16:15:05] [I] Average on 1 runs - GPU latency: 5.71484 ms - Host latency: 5.84961 ms (enqueue 3.94482 ms)
[10/06/2026-16:15:05] [I] Average on 1 runs - GPU latency: 5.71362 ms - Host latency: 5.8313 ms (enqueue 4.16089 ms)
[10/06/2026-16:15:05] [I] Average on 1 runs - GPU latency: 5.70605 ms - Host latency: 5.82471 ms (enqueue 3.88306 ms)
[10/06/2026-16:15:05] [I] Average on 1 runs - GPU latency: 5.70386 ms - Host latency: 5.81445 ms (enqueue 3.85083 ms)
[10/06/2026-16:15:05] [I] Average on 1 runs - GPU latency: 5.71362 ms - Host latency: 5.85059 ms (enqueue 4.06177 ms)
[10/06/2026-16:15:05] [I] Average on 1 runs - GPU latency: 5.70752 ms - Host latency: 5.83765 ms (enqueue 3.88818 ms)
[10/06/2026-16:15:05] [I] Average on 1 runs - GPU latency: 5.6936 ms - Host latency: 5.83081 ms (enqueue 4.14331 ms)
[10/06/2026-16:15:05] [I] Average on 1 runs - GPU latency: 5.66821 ms - Host latency: 5.78149 ms (enqueue 3.85229 ms)
[10/06/2026-16:15:05] [I] Average on 1 runs - GPU latency: 5.71582 ms - Host latency: 5.83008 ms (enqueue 4.1731 ms)
[10/06/2026-16:15:05] [I] Average on 1 runs - GPU latency: 5.70435 ms - Host latency: 5.81763 ms (enqueue 3.86914 ms)
[10/06/2026-16:15:05] [I] Average on 1 runs - GPU latency: 5.71191 ms - Host latency: 5.84863 ms (enqueue 3.88428 ms)
[10/06/2026-16:15:05] [I] Average on 1 runs - GPU latency: 5.70435 ms - Host latency: 5.84619 ms (enqueue 4.09106 ms)
[10/06/2026-16:15:05] [I] Average on 1 runs - GPU latency: 5.71484 ms - Host latency: 5.83765 ms (enqueue 3.87451 ms)
[10/06/2026-16:15:05] [I] Average on 1 runs - GPU latency: 5.70483 ms - Host latency: 5.84277 ms (enqueue 4.13892 ms)
[10/06/2026-16:15:05] [I] Average on 1 runs - GPU latency: 5.70703 ms - Host latency: 5.82056 ms (enqueue 3.8374 ms)
[10/06/2026-16:15:05] [I] Average on 1 runs - GPU latency: 5.67651 ms - Host latency: 5.78735 ms (enqueue 4.19067 ms)
[10/06/2026-16:15:05] [I] Average on 1 runs - GPU latency: 5.63062 ms - Host latency: 5.74341 ms (enqueue 3.84863 ms)
[10/06/2026-16:15:05] [I] Average on 1 runs - GPU latency: 5.71216 ms - Host latency: 5.82056 ms (enqueue 3.74731 ms)
[10/06/2026-16:15:05] [I] Average on 1 runs - GPU latency: 5.70117 ms - Host latency: 5.82202 ms (enqueue 3.96899 ms)
[10/06/2026-16:15:05] [I] Average on 1 runs - GPU latency: 5.70654 ms - Host latency: 5.8103 ms (enqueue 3.89307 ms)
[10/06/2026-16:15:05] [I] Average on 1 runs - GPU latency: 5.71094 ms - Host latency: 5.82031 ms (enqueue 4.14185 ms)
[10/06/2026-16:15:05] [I] Average on 1 runs - GPU latency: 5.71289 ms - Host latency: 5.83838 ms (enqueue 3.84473 ms)
[10/06/2026-16:15:05] [I] Average on 1 runs - GPU latency: 5.69946 ms - Host latency: 5.83667 ms (enqueue 4.17627 ms)
[10/06/2026-16:15:05] [I] Average on 1 runs - GPU latency: 5.70435 ms - Host latency: 5.81787 ms (enqueue 3.87573 ms)
[10/06/2026-16:15:05] [I] Average on 1 runs - GPU latency: 5.66675 ms - Host latency: 5.77783 ms (enqueue 3.89185 ms)
[10/06/2026-16:15:05] [I] Average on 1 runs - GPU latency: 5.70898 ms - Host latency: 5.85327 ms (enqueue 4.02637 ms)
[10/06/2026-16:15:05] [I] Average on 1 runs - GPU latency: 5.70386 ms - Host latency: 5.81567 ms (enqueue 3.83691 ms)
[10/06/2026-16:15:05] [I] Average on 1 runs - GPU latency: 5.70215 ms - Host latency: 5.86426 ms (enqueue 4.18457 ms)
[10/06/2026-16:15:05] [I] Average on 1 runs - GPU latency: 5.69653 ms - Host latency: 5.80859 ms (enqueue 3.91479 ms)
[10/06/2026-16:15:05] [I] Average on 1 runs - GPU latency: 5.70947 ms - Host latency: 5.82446 ms (enqueue 4.2019 ms)
[10/06/2026-16:15:05] [I] Average on 1 runs - GPU latency: 5.70728 ms - Host latency: 5.81348 ms (enqueue 3.85547 ms)
[10/06/2026-16:15:05] [I] Average on 1 runs - GPU latency: 5.72144 ms - Host latency: 5.84448 ms (enqueue 3.88623 ms)
[10/06/2026-16:15:05] [I] Average on 1 runs - GPU latency: 5.70947 ms - Host latency: 5.82983 ms (enqueue 4.12305 ms)
[10/06/2026-16:15:05] [I] Average on 1 runs - GPU latency: 5.67163 ms - Host latency: 5.78442 ms (enqueue 3.9104 ms)
[10/06/2026-16:15:05] [I] Average on 1 runs - GPU latency: 5.70654 ms - Host latency: 5.8584 ms (enqueue 4.13599 ms)
[10/06/2026-16:15:05] [I] Average on 1 runs - GPU latency: 5.70288 ms - Host latency: 5.84033 ms (enqueue 3.91675 ms)
[10/06/2026-16:15:05] [I] Average on 1 runs - GPU latency: 5.7019 ms - Host latency: 5.80835 ms (enqueue 4.22046 ms)
[10/06/2026-16:15:05] [I] Average on 1 runs - GPU latency: 5.72241 ms - Host latency: 5.85181 ms (enqueue 3.9082 ms)
[10/06/2026-16:15:05] [I] Average on 1 runs - GPU latency: 5.71021 ms - Host latency: 5.85132 ms (enqueue 3.94165 ms)
[10/06/2026-16:15:05] [I] Average on 1 runs - GPU latency: 5.70264 ms - Host latency: 5.82227 ms (enqueue 3.97363 ms)
[10/06/2026-16:15:05] [I] Average on 1 runs - GPU latency: 5.70044 ms - Host latency: 5.80762 ms (enqueue 3.86572 ms)
[10/06/2026-16:15:05] [I] Average on 1 runs - GPU latency: 5.70923 ms - Host latency: 5.83594 ms (enqueue 4.14307 ms)
[10/06/2026-16:15:05] [I] Average on 1 runs - GPU latency: 5.6626 ms - Host latency: 5.7771 ms (enqueue 3.92261 ms)
[10/06/2026-16:15:05] [I] Average on 1 runs - GPU latency: 5.70947 ms - Host latency: 5.89233 ms (enqueue 2.51489 ms)
[10/06/2026-16:15:05] [I] Average on 1 runs - GPU latency: 5.7041 ms - Host latency: 5.85547 ms (enqueue 3.91797 ms)
[10/06/2026-16:15:05] [I] Average on 1 runs - GPU latency: 5.71436 ms - Host latency: 5.8313 ms (enqueue 3.90771 ms)
[10/06/2026-16:15:05] [I] Average on 1 runs - GPU latency: 5.70898 ms - Host latency: 5.8667 ms (enqueue 3.83569 ms)
[10/06/2026-16:15:05] [I] Average on 1 runs - GPU latency: 5.71997 ms - Host latency: 5.83496 ms (enqueue 3.88257 ms)
[10/06/2026-16:15:05] [I] Average on 1 runs - GPU latency: 5.70972 ms - Host latency: 5.8457 ms (enqueue 4.25342 ms)
[10/06/2026-16:15:05] [I] Average on 1 runs - GPU latency: 5.71484 ms - Host latency: 5.83032 ms (enqueue 4.58423 ms)
[10/06/2026-16:15:05] [I] Average on 1 runs - GPU latency: 5.68457 ms - Host latency: 5.85938 ms (enqueue 4.71094 ms)
[10/06/2026-16:15:05] [I] Average on 1 runs - GPU latency: 5.68408 ms - Host latency: 5.81299 ms (enqueue 4.15039 ms)
[10/06/2026-16:15:05] [I] Average on 1 runs - GPU latency: 5.71973 ms - Host latency: 5.80908 ms (enqueue 3.6626 ms)
[10/06/2026-16:15:05] [I] Average on 1 runs - GPU latency: 5.70605 ms - Host latency: 5.83887 ms (enqueue 3.66016 ms)
[10/06/2026-16:15:05] [I] Average on 1 runs - GPU latency: 5.70605 ms - Host latency: 5.84766 ms (enqueue 3.64746 ms)
[10/06/2026-16:15:05] [I] Average on 1 runs - GPU latency: 5.69922 ms - Host latency: 5.85986 ms (enqueue 4.06494 ms)
[10/06/2026-16:15:05] [I] Average on 1 runs - GPU latency: 5.70605 ms - Host latency: 5.84326 ms (enqueue 3.88867 ms)
[10/06/2026-16:15:05] [I] ... Omitting 2233 lines
[10/06/2026-16:15:05] [I] Average on 1 runs - GPU latency: 5.71094 ms - Host latency: 5.8125 ms (enqueue 3.83008 ms)
[10/06/2026-16:15:05] [I] Average on 1 runs - GPU latency: 5.69531 ms - Host latency: 5.82031 ms (enqueue 3.87891 ms)
[10/06/2026-16:15:05] [I] Average on 1 runs - GPU latency: 5.70703 ms - Host latency: 5.80859 ms (enqueue 3.21484 ms)
[10/06/2026-16:15:05] [I] Average on 1 runs - GPU latency: 5.69922 ms - Host latency: 5.82422 ms (enqueue 3.17578 ms)
[10/06/2026-16:15:05] [I] Average on 1 runs - GPU latency: 5.69922 ms - Host latency: 5.79883 ms (enqueue 3.01953 ms)
[10/06/2026-16:15:05] [I] Average on 1 runs - GPU latency: 5.69727 ms - Host latency: 5.81641 ms (enqueue 3.65625 ms)
[10/06/2026-16:15:05] [I] Average on 1 runs - GPU latency: 5.71484 ms - Host latency: 5.83594 ms (enqueue 3.62695 ms)
[10/06/2026-16:15:05] [I] Average on 1 runs - GPU latency: 5.70117 ms - Host latency: 5.84961 ms (enqueue 3.88867 ms)
[10/06/2026-16:15:05] [I] Average on 1 runs - GPU latency: 5.70117 ms - Host latency: 5.80469 ms (enqueue 3.86523 ms)
[10/06/2026-16:15:05] [I] Average on 1 runs - GPU latency: 5.68164 ms - Host latency: 5.80664 ms (enqueue 3.91602 ms)
[10/06/2026-16:15:05] [I] Average on 1 runs - GPU latency: 5.66016 ms - Host latency: 5.7793 ms (enqueue 3.91016 ms)
[10/06/2026-16:15:05] [I] Average on 1 runs - GPU latency: 5.69727 ms - Host latency: 5.78516 ms (enqueue 2.16602 ms)
[10/06/2026-16:15:05] [I] Average on 1 runs - GPU latency: 5.70898 ms - Host latency: 5.81641 ms (enqueue 3.90625 ms)
[10/06/2026-16:15:05] [I] Average on 1 runs - GPU latency: 5.69922 ms - Host latency: 5.81836 ms (enqueue 3.88086 ms)
[10/06/2026-16:15:05] [I] Average on 1 runs - GPU latency: 5.70312 ms - Host latency: 5.81836 ms (enqueue 3.85938 ms)
[10/06/2026-16:15:05] [I] Average on 1 runs - GPU latency: 5.70508 ms - Host latency: 5.82617 ms (enqueue 3.69336 ms)
[10/06/2026-16:15:05] [I] Average on 1 runs - GPU latency: 5.70898 ms - Host latency: 5.83008 ms (enqueue 3.86523 ms)
[10/06/2026-16:15:05] [I] Average on 1 runs - GPU latency: 5.71289 ms - Host latency: 5.8418 ms (enqueue 3.87695 ms)
[10/06/2026-16:15:05] [I] Average on 1 runs - GPU latency: 5.66992 ms - Host latency: 5.83594 ms (enqueue 4.17578 ms)
[10/06/2026-16:15:05] [I] Average on 1 runs - GPU latency: 5.71094 ms - Host latency: 5.83594 ms (enqueue 3.5625 ms)
[10/06/2026-16:15:05] [I] Average on 1 runs - GPU latency: 5.71289 ms - Host latency: 5.8418 ms (enqueue 3.97852 ms)
[10/06/2026-16:15:05] [I] Average on 1 runs - GPU latency: 5.70117 ms - Host latency: 5.8457 ms (enqueue 3.98438 ms)
[10/06/2026-16:15:05] [I] Average on 1 runs - GPU latency: 5.71289 ms - Host latency: 5.84375 ms (enqueue 3.91797 ms)
[10/06/2026-16:15:05] [I] Average on 1 runs - GPU latency: 5.70508 ms - Host latency: 5.84766 ms (enqueue 3.875 ms)
[10/06/2026-16:15:05] [I] Average on 1 runs - GPU latency: 5.70898 ms - Host latency: 5.82031 ms (enqueue 3.87891 ms)
[10/06/2026-16:15:05] [I] Average on 1 runs - GPU latency: 5.70117 ms - Host latency: 5.86914 ms (enqueue 4.23438 ms)
[10/06/2026-16:15:05] [I] Average on 1 runs - GPU latency: 5.70117 ms - Host latency: 5.80664 ms (enqueue 3.56641 ms)
[10/06/2026-16:15:05] [I] Average on 1 runs - GPU latency: 5.66602 ms - Host latency: 5.79883 ms (enqueue 3.8418 ms)
[10/06/2026-16:15:05] [I] Average on 1 runs - GPU latency: 5.70117 ms - Host latency: 5.83203 ms (enqueue 3.04688 ms)
[10/06/2026-16:15:05] [I] Average on 1 runs - GPU latency: 5.70703 ms - Host latency: 5.89648 ms (enqueue 3.23438 ms)
[10/06/2026-16:15:05] [I] Average on 1 runs - GPU latency: 5.70508 ms - Host latency: 5.83984 ms (enqueue 2.95898 ms)
[10/06/2026-16:15:05] [I] Average on 1 runs - GPU latency: 5.71484 ms - Host latency: 5.82617 ms (enqueue 2.86523 ms)
[10/06/2026-16:15:05] [I] Average on 1 runs - GPU latency: 5.6582 ms - Host latency: 5.85938 ms (enqueue 2.64258 ms)
[10/06/2026-16:15:05] [I] Average on 1 runs - GPU latency: 5.70898 ms - Host latency: 5.82422 ms (enqueue 2.70508 ms)
[10/06/2026-16:15:05] [I] Average on 1 runs - GPU latency: 5.70508 ms - Host latency: 5.84375 ms (enqueue 3.19141 ms)
[10/06/2026-16:15:05] [I] Average on 1 runs - GPU latency: 5.69727 ms - Host latency: 5.80859 ms (enqueue 2.69727 ms)
[10/06/2026-16:15:05] [I] Average on 1 runs - GPU latency: 5.62891 ms - Host latency: 5.73828 ms (enqueue 2.73242 ms)
[10/06/2026-16:15:05] [I] Average on 1 runs - GPU latency: 5.70508 ms - Host latency: 5.79688 ms (enqueue 2.44141 ms)
[10/06/2026-16:15:05] [I] Average on 1 runs - GPU latency: 5.71094 ms - Host latency: 5.85742 ms (enqueue 3.69336 ms)
[10/06/2026-16:15:05] [I] Average on 1 runs - GPU latency: 5.69531 ms - Host latency: 5.83789 ms (enqueue 3.66797 ms)
[10/06/2026-16:15:05] [I] Average on 1 runs - GPU latency: 5.70117 ms - Host latency: 5.83398 ms (enqueue 3.5918 ms)
[10/06/2026-16:15:05] [I] Average on 1 runs - GPU latency: 5.69727 ms - Host latency: 5.80859 ms (enqueue 3.58789 ms)
[10/06/2026-16:15:05] [I] Average on 1 runs - GPU latency: 5.69336 ms - Host latency: 5.81445 ms (enqueue 3.77344 ms)
[10/06/2026-16:15:05] [I] Average on 1 runs - GPU latency: 5.70898 ms - Host latency: 5.81055 ms (enqueue 3.55664 ms)
[10/06/2026-16:15:05] [I] Average on 1 runs - GPU latency: 5.69922 ms - Host latency: 5.83789 ms (enqueue 3.86914 ms)
[10/06/2026-16:15:05] [I] Average on 1 runs - GPU latency: 5.67969 ms - Host latency: 5.7832 ms (enqueue 3.625 ms)
[10/06/2026-16:15:05] [I] Average on 1 runs - GPU latency: 5.70703 ms - Host latency: 5.82227 ms (enqueue 2.44336 ms)
[10/06/2026-16:15:05] [I] Average on 1 runs - GPU latency: 5.69531 ms - Host latency: 5.84766 ms (enqueue 3.17773 ms)
[10/06/2026-16:15:05] [I] Average on 1 runs - GPU latency: 5.70312 ms - Host latency: 5.8125 ms (enqueue 3.20312 ms)
[10/06/2026-16:15:05] [I] Average on 1 runs - GPU latency: 5.71094 ms - Host latency: 5.83789 ms (enqueue 3.55664 ms)
[10/06/2026-16:15:05] [I] Average on 1 runs - GPU latency: 5.70508 ms - Host latency: 5.86133 ms (enqueue 3.78906 ms)
[10/06/2026-16:15:05] [I] Average on 1 runs - GPU latency: 5.70117 ms - Host latency: 5.82617 ms (enqueue 3.75977 ms)
[10/06/2026-16:15:05] [I] Average on 1 runs - GPU latency: 5.70703 ms - Host latency: 5.81836 ms (enqueue 3.62305 ms)
[10/06/2026-16:15:05] [I] Average on 1 runs - GPU latency: 5.68555 ms - Host latency: 5.79492 ms (enqueue 3.5957 ms)
[10/06/2026-16:15:05] [I] Average on 1 runs - GPU latency: 5.67383 ms - Host latency: 5.81055 ms (enqueue 3.70312 ms)
[10/06/2026-16:15:05] [I] Average on 1 runs - GPU latency: 5.69531 ms - Host latency: 5.78125 ms (enqueue 2.99414 ms)
[10/06/2026-16:15:05] [I] Average on 1 runs - GPU latency: 5.69531 ms - Host latency: 5.80859 ms (enqueue 3.71484 ms)
[10/06/2026-16:15:05] [I] Average on 1 runs - GPU latency: 5.70117 ms - Host latency: 5.80469 ms (enqueue 3.58008 ms)
[10/06/2026-16:15:05] [I] Average on 1 runs - GPU latency: 5.71875 ms - Host latency: 5.83789 ms (enqueue 3.7832 ms)
[10/06/2026-16:15:05] [I] Average on 1 runs - GPU latency: 5.70117 ms - Host latency: 5.9082 ms (enqueue 3.87305 ms)
[10/06/2026-16:15:05] [I] Average on 1 runs - GPU latency: 5.70898 ms - Host latency: 5.8418 ms (enqueue 3.65039 ms)
[10/06/2026-16:15:05] [I] Average on 1 runs - GPU latency: 5.70312 ms - Host latency: 5.8418 ms (enqueue 3.79297 ms)
[10/06/2026-16:15:05] [I] Average on 1 runs - GPU latency: 5.6543 ms - Host latency: 5.77344 ms (enqueue 3.9375 ms)
[10/06/2026-16:15:05] [I] Average on 1 runs - GPU latency: 5.68945 ms - Host latency: 5.80469 ms (enqueue 3.34766 ms)
[10/06/2026-16:15:05] [I] Average on 1 runs - GPU latency: 5.70312 ms - Host latency: 5.78906 ms (enqueue 3.60547 ms)
[10/06/2026-16:15:05] [I] Average on 1 runs - GPU latency: 5.69922 ms - Host latency: 5.8457 ms (enqueue 3.55469 ms)
[10/06/2026-16:15:05] [I] Average on 1 runs - GPU latency: 5.69922 ms - Host latency: 5.80078 ms (enqueue 3.67188 ms)
[10/06/2026-16:15:05] [I] Average on 1 runs - GPU latency: 5.70898 ms - Host latency: 5.80859 ms (enqueue 3.57422 ms)
[10/06/2026-16:15:05] [I] Average on 1 runs - GPU latency: 5.69727 ms - Host latency: 5.83594 ms (enqueue 3.73633 ms)
[10/06/2026-16:15:05] [I] Average on 1 runs - GPU latency: 5.70508 ms - Host latency: 5.8125 ms (enqueue 3.57812 ms)
[10/06/2026-16:15:05] [I] Average on 1 runs - GPU latency: 5.69336 ms - Host latency: 5.81445 ms (enqueue 3.85352 ms)
[10/06/2026-16:15:05] [I] Average on 1 runs - GPU latency: 5.70508 ms - Host latency: 5.81445 ms (enqueue 3.66992 ms)
[10/06/2026-16:15:05] [I] Average on 1 runs - GPU latency: 5.70508 ms - Host latency: 5.81836 ms (enqueue 3.64453 ms)
[10/06/2026-16:15:05] [I] Average on 1 runs - GPU latency: 5.70703 ms - Host latency: 5.85352 ms (enqueue 3.82227 ms)
[10/06/2026-16:15:05] [I] Average on 1 runs - GPU latency: 5.70312 ms - Host latency: 5.82031 ms (enqueue 3.61523 ms)
[10/06/2026-16:15:05] [I] Average on 1 runs - GPU latency: 5.70312 ms - Host latency: 5.82812 ms (enqueue 3.70508 ms)
[10/06/2026-16:15:05] [I] Average on 1 runs - GPU latency: 5.70508 ms - Host latency: 5.80273 ms (enqueue 3.69727 ms)
[10/06/2026-16:15:05] [I] Average on 1 runs - GPU latency: 5.70508 ms - Host latency: 5.84375 ms (enqueue 3.87695 ms)
[10/06/2026-16:15:05] [I] Average on 1 runs - GPU latency: 5.69922 ms - Host latency: 5.81055 ms (enqueue 3.95703 ms)
[10/06/2026-16:15:05] [I] Average on 1 runs - GPU latency: 5.70703 ms - Host latency: 5.81836 ms (enqueue 3.71484 ms)
[10/06/2026-16:15:05] [I] Average on 1 runs - GPU latency: 5.66602 ms - Host latency: 5.79688 ms (enqueue 3.97461 ms)
[10/06/2026-16:15:05] [I] Average on 1 runs - GPU latency: 5.70898 ms - Host latency: 5.82617 ms (enqueue 2.27344 ms)
[10/06/2026-16:15:05] [I] Average on 1 runs - GPU latency: 5.69922 ms - Host latency: 5.81445 ms (enqueue 3.89648 ms)
[10/06/2026-16:15:05] [I] Average on 1 runs - GPU latency: 5.70703 ms - Host latency: 5.81836 ms (enqueue 3.91016 ms)
[10/06/2026-16:15:05] [I] Average on 1 runs - GPU latency: 5.71094 ms - Host latency: 5.8457 ms (enqueue 4.23438 ms)
[10/06/2026-16:15:05] [I] Average on 1 runs - GPU latency: 5.69727 ms - Host latency: 5.8125 ms (enqueue 3.92383 ms)
[10/06/2026-16:15:05] [I] Average on 1 runs - GPU latency: 5.71094 ms - Host latency: 5.81445 ms (enqueue 3.93164 ms)
[10/06/2026-16:15:05] [I] Average on 1 runs - GPU latency: 5.70508 ms - Host latency: 5.8418 ms (enqueue 3.95312 ms)
[10/06/2026-16:15:05] [I] Average on 1 runs - GPU latency: 5.70312 ms - Host latency: 5.8125 ms (enqueue 3.91016 ms)
[10/06/2026-16:15:05] [I] Average on 1 runs - GPU latency: 5.66211 ms - Host latency: 5.79297 ms (enqueue 4.15234 ms)
[10/06/2026-16:15:05] [I] Average on 1 runs - GPU latency: 5.70117 ms - Host latency: 5.79102 ms (enqueue 2.17383 ms)
[10/06/2026-16:15:05] [I] Average on 1 runs - GPU latency: 5.70312 ms - Host latency: 5.83203 ms (enqueue 4.11914 ms)
[10/06/2026-16:15:05] [I] Average on 1 runs - GPU latency: 5.70508 ms - Host latency: 5.8125 ms (enqueue 3.2168 ms)
[10/06/2026-16:15:05] [I] Average on 1 runs - GPU latency: 5.70117 ms - Host latency: 5.81445 ms (enqueue 3.41602 ms)
[10/06/2026-16:15:05] [I] Average on 1 runs - GPU latency: 5.71289 ms - Host latency: 5.84375 ms (enqueue 3.93945 ms)
[10/06/2026-16:15:05] [I] Average on 1 runs - GPU latency: 5.70898 ms - Host latency: 5.82617 ms (enqueue 3.88867 ms)
[10/06/2026-16:15:05] [I] Average on 1 runs - GPU latency: 5.71289 ms - Host latency: 5.83008 ms (enqueue 4.12109 ms)
[10/06/2026-16:15:05] [I] Average on 1 runs - GPU latency: 5.68164 ms - Host latency: 5.81836 ms (enqueue 3.9375 ms)
[10/06/2026-16:15:05] [I] Average on 1 runs - GPU latency: 5.65234 ms - Host latency: 5.78711 ms (enqueue 4.07422 ms)
[10/06/2026-16:15:05] [I] Average on 1 runs - GPU latency: 5.70703 ms - Host latency: 5.79492 ms (enqueue 2.25977 ms)
[10/06/2026-16:15:05] [I] Average on 1 runs - GPU latency: 5.70312 ms - Host latency: 5.85547 ms (enqueue 3.95117 ms)
[10/06/2026-16:15:05] [I] Average on 1 runs - GPU latency: 5.69727 ms - Host latency: 5.80664 ms (enqueue 3.89648 ms)
[10/06/2026-16:15:05] [I] Average on 1 runs - GPU latency: 5.69922 ms - Host latency: 5.82617 ms (enqueue 3.72266 ms)
[10/06/2026-16:15:05] [I] Average on 1 runs - GPU latency: 5.69727 ms - Host latency: 5.80469 ms (enqueue 3.89062 ms)
[10/06/2026-16:15:05] [I] Average on 1 runs - GPU latency: 5.69727 ms - Host latency: 5.8125 ms (enqueue 3.95312 ms)
[10/06/2026-16:15:05] [I] Average on 1 runs - GPU latency: 5.69922 ms - Host latency: 5.8125 ms (enqueue 4.20898 ms)
[10/06/2026-16:15:05] [I] Average on 1 runs - GPU latency: 5.66602 ms - Host latency: 5.77539 ms (enqueue 3.92773 ms)
[10/06/2026-16:15:05] [I] Average on 1 runs - GPU latency: 5.69727 ms - Host latency: 5.81641 ms (enqueue 3.1582 ms)
[10/06/2026-16:15:05] [I] Average on 1 runs - GPU latency: 5.70508 ms - Host latency: 5.82227 ms (enqueue 3.94922 ms)
[10/06/2026-16:15:05] [I] Average on 1 runs - GPU latency: 5.70117 ms - Host latency: 5.80273 ms (enqueue 3.66406 ms)
[10/06/2026-16:15:05] [I] Average on 1 runs - GPU latency: 5.71094 ms - Host latency: 5.83398 ms (enqueue 3.88672 ms)
[10/06/2026-16:15:05] [I] Average on 1 runs - GPU latency: 5.70312 ms - Host latency: 5.83984 ms (enqueue 3.65039 ms)
[10/06/2026-16:15:05] [I] Average on 1 runs - GPU latency: 5.70703 ms - Host latency: 5.80664 ms (enqueue 3.62109 ms)
[10/06/2026-16:15:05] [I] Average on 1 runs - GPU latency: 5.71094 ms - Host latency: 5.83984 ms (enqueue 3.74609 ms)
[10/06/2026-16:15:05] [I] Average on 1 runs - GPU latency: 5.70312 ms - Host latency: 5.83984 ms (enqueue 3.65039 ms)
[10/06/2026-16:15:05] [I] Average on 1 runs - GPU latency: 5.63086 ms - Host latency: 5.75391 ms (enqueue 3.88477 ms)
[10/06/2026-16:15:05] [I] Average on 1 runs - GPU latency: 5.70117 ms - Host latency: 5.82617 ms (enqueue 2.56641 ms)
[10/06/2026-16:15:05] [I] Average on 1 runs - GPU latency: 5.71289 ms - Host latency: 5.8418 ms (enqueue 3.95703 ms)
[10/06/2026-16:15:05] [I] Average on 1 runs - GPU latency: 5.70703 ms - Host latency: 5.85742 ms (enqueue 3.90039 ms)
[10/06/2026-16:15:05] [I] Average on 1 runs - GPU latency: 5.70898 ms - Host latency: 5.82617 ms (enqueue 3.5332 ms)
[10/06/2026-16:15:05] [I] Average on 1 runs - GPU latency: 5.70508 ms - Host latency: 5.81836 ms (enqueue 3.88281 ms)
[10/06/2026-16:15:05] [I] Average on 1 runs - GPU latency: 5.69531 ms - Host latency: 5.82617 ms (enqueue 3.87695 ms)
[10/06/2026-16:15:05] [I] Average on 1 runs - GPU latency: 5.70117 ms - Host latency: 5.80664 ms (enqueue 3.85547 ms)
[10/06/2026-16:15:05] [I] Average on 1 runs - GPU latency: 5.70117 ms - Host latency: 5.80859 ms (enqueue 3.95117 ms)
[10/06/2026-16:15:05] [I] Average on 1 runs - GPU latency: 5.66797 ms - Host latency: 5.81055 ms (enqueue 4.06055 ms)
[10/06/2026-16:15:05] [I] Average on 1 runs - GPU latency: 5.70703 ms - Host latency: 5.79102 ms (enqueue 2.36133 ms)
[10/06/2026-16:15:05] [I] Average on 1 runs - GPU latency: 5.70312 ms - Host latency: 5.81055 ms (enqueue 3.11914 ms)
[10/06/2026-16:15:05] [I] Average on 1 runs - GPU latency: 5.70312 ms - Host latency: 5.86914 ms (enqueue 3.19141 ms)
[10/06/2026-16:15:05] [I] Average on 1 runs - GPU latency: 5.71094 ms - Host latency: 5.82812 ms (enqueue 3.00781 ms)
[10/06/2026-16:15:05] [I] Average on 1 runs - GPU latency: 5.70312 ms - Host latency: 5.8418 ms (enqueue 2.78906 ms)
[10/06/2026-16:15:05] [I] Average on 1 runs - GPU latency: 5.6582 ms - Host latency: 5.77734 ms (enqueue 2.66797 ms)
[10/06/2026-16:15:05] [I] Average on 1 runs - GPU latency: 5.69531 ms - Host latency: 5.80664 ms (enqueue 2.48633 ms)
[10/06/2026-16:15:05] [I] Average on 1 runs - GPU latency: 5.69922 ms - Host latency: 5.80859 ms (enqueue 3.10547 ms)
[10/06/2026-16:15:05] [I] Average on 1 runs - GPU latency: 5.70312 ms - Host latency: 5.80469 ms (enqueue 2.8418 ms)
[10/06/2026-16:15:05] [I] Average on 1 runs - GPU latency: 5.66602 ms - Host latency: 5.7832 ms (enqueue 2.71289 ms)
[10/06/2026-16:15:05] [I] Average on 1 runs - GPU latency: 5.69922 ms - Host latency: 5.8125 ms (enqueue 2.55664 ms)
[10/06/2026-16:15:05] [I] Average on 1 runs - GPU latency: 5.7168 ms - Host latency: 5.8457 ms (enqueue 3.54297 ms)
[10/06/2026-16:15:05] [I] Average on 1 runs - GPU latency: 5.70117 ms - Host latency: 5.84961 ms (enqueue 3.125 ms)
[10/06/2026-16:15:05] [I] Average on 1 runs - GPU latency: 5.70703 ms - Host latency: 5.8457 ms (enqueue 3.56445 ms)
[10/06/2026-16:15:05] [I] Average on 1 runs - GPU latency: 5.70508 ms - Host latency: 5.83984 ms (enqueue 4.03906 ms)
[10/06/2026-16:15:05] [I] Average on 1 runs - GPU latency: 5.71289 ms - Host latency: 5.8418 ms (enqueue 3.5957 ms)
[10/06/2026-16:15:05] [I] Average on 1 runs - GPU latency: 5.65234 ms - Host latency: 5.80859 ms (enqueue 4.14844 ms)
[10/06/2026-16:15:05] [I] Average on 1 runs - GPU latency: 5.66992 ms - Host latency: 5.76953 ms (enqueue 3.40625 ms)
[10/06/2026-16:15:05] [I] Average on 1 runs - GPU latency: 5.70312 ms - Host latency: 5.79297 ms (enqueue 2.44141 ms)
[10/06/2026-16:15:05] [I] Average on 1 runs - GPU latency: 5.71875 ms - Host latency: 5.8418 ms (enqueue 3.74414 ms)
[10/06/2026-16:15:05] [I] Average on 1 runs - GPU latency: 5.71094 ms - Host latency: 5.86523 ms (enqueue 3.60352 ms)
[10/06/2026-16:15:05] [I] Average on 1 runs - GPU latency: 5.71484 ms - Host latency: 5.82812 ms (enqueue 3.81445 ms)
[10/06/2026-16:15:05] [I] Average on 1 runs - GPU latency: 5.71289 ms - Host latency: 5.85352 ms (enqueue 3.85742 ms)
[10/06/2026-16:15:05] [I] Average on 1 runs - GPU latency: 5.70312 ms - Host latency: 5.84961 ms (enqueue 3.86914 ms)
[10/06/2026-16:15:05] [I] Average on 1 runs - GPU latency: 5.70703 ms - Host latency: 5.86133 ms (enqueue 3.3418 ms)
[10/06/2026-16:15:05] [I] Average on 1 runs - GPU latency: 5.6543 ms - Host latency: 5.77539 ms (enqueue 3.30273 ms)
[10/06/2026-16:15:05] [I] Average on 1 runs - GPU latency: 5.69727 ms - Host latency: 5.83789 ms (enqueue 2.96289 ms)
[10/06/2026-16:15:05] [I] Average on 1 runs - GPU latency: 5.70898 ms - Host latency: 5.83398 ms (enqueue 3.25 ms)
[10/06/2026-16:15:05] [I] Average on 1 runs - GPU latency: 5.69727 ms - Host latency: 5.83203 ms (enqueue 3.48828 ms)
[10/06/2026-16:15:05] [I] Average on 1 runs - GPU latency: 5.70898 ms - Host latency: 5.80469 ms (enqueue 3.54297 ms)
[10/06/2026-16:15:05] [I] Average on 1 runs - GPU latency: 5.70703 ms - Host latency: 5.84375 ms (enqueue 3.41602 ms)
[10/06/2026-16:15:05] [I] Average on 1 runs - GPU latency: 5.69727 ms - Host latency: 5.83008 ms (enqueue 3.52148 ms)
[10/06/2026-16:15:05] [I] Average on 1 runs - GPU latency: 5.70312 ms - Host latency: 5.83789 ms (enqueue 3.83008 ms)
[10/06/2026-16:15:05] [I] Average on 1 runs - GPU latency: 5.70117 ms - Host latency: 5.81445 ms (enqueue 3.82227 ms)
[10/06/2026-16:15:05] [I] Average on 1 runs - GPU latency: 5.64648 ms - Host latency: 5.78906 ms (enqueue 3.48633 ms)
[10/06/2026-16:15:05] [I] Average on 1 runs - GPU latency: 5.69922 ms - Host latency: 5.83008 ms (enqueue 2.3457 ms)
[10/06/2026-16:15:05] [I] Average on 1 runs - GPU latency: 5.69531 ms - Host latency: 5.80469 ms (enqueue 3.92383 ms)
[10/06/2026-16:15:05] [I] Average on 1 runs - GPU latency: 5.70312 ms - Host latency: 5.80078 ms (enqueue 3.64648 ms)
[10/06/2026-16:15:05] [I] Average on 1 runs - GPU latency: 5.70117 ms - Host latency: 5.84375 ms (enqueue 3.78125 ms)
[10/06/2026-16:15:05] [I] Average on 1 runs - GPU latency: 5.69727 ms - Host latency: 5.80273 ms (enqueue 3.53711 ms)
[10/06/2026-16:15:05] [I] Average on 1 runs - GPU latency: 5.70312 ms - Host latency: 5.82422 ms (enqueue 3.87109 ms)
[10/06/2026-16:15:05] [I] Average on 1 runs - GPU latency: 5.69922 ms - Host latency: 5.81641 ms (enqueue 3.63086 ms)
[10/06/2026-16:15:05] [I] Average on 1 runs - GPU latency: 5.69531 ms - Host latency: 5.81055 ms (enqueue 3.78906 ms)
[10/06/2026-16:15:05] [I] Average on 1 runs - GPU latency: 5.66016 ms - Host latency: 5.78125 ms (enqueue 3.875 ms)
[10/06/2026-16:15:05] [I] Average on 1 runs - GPU latency: 5.69922 ms - Host latency: 5.79102 ms (enqueue 2.08984 ms)
[10/06/2026-16:15:05] [I] Average on 1 runs - GPU latency: 5.69336 ms - Host latency: 5.80859 ms (enqueue 3.92969 ms)
[10/06/2026-16:15:05] [I] Average on 1 runs - GPU latency: 5.70117 ms - Host latency: 5.82227 ms (enqueue 3.85156 ms)
[10/06/2026-16:15:05] [I] Average on 1 runs - GPU latency: 5.69727 ms - Host latency: 5.81055 ms (enqueue 3.84766 ms)
[10/06/2026-16:15:05] [I] Average on 1 runs - GPU latency: 5.70312 ms - Host latency: 5.80664 ms (enqueue 3.86523 ms)
[10/06/2026-16:15:05] [I] Average on 1 runs - GPU latency: 5.69922 ms - Host latency: 5.8125 ms (enqueue 3.86719 ms)
[10/06/2026-16:15:05] [I] Average on 1 runs - GPU latency: 5.69336 ms - Host latency: 5.80859 ms (enqueue 3.94141 ms)
[10/06/2026-16:15:05] [I] Average on 1 runs - GPU latency: 5.67383 ms - Host latency: 5.80078 ms (enqueue 4.18164 ms)
[10/06/2026-16:15:05] [I] Average on 1 runs - GPU latency: 5.69336 ms - Host latency: 5.80469 ms (enqueue 3.85352 ms)
[10/06/2026-16:15:05] [I] Average on 1 runs - GPU latency: 5.70312 ms - Host latency: 5.78906 ms (enqueue 3.41602 ms)
[10/06/2026-16:15:05] [I] Average on 1 runs - GPU latency: 5.70117 ms - Host latency: 5.8125 ms (enqueue 3.88867 ms)
[10/06/2026-16:15:05] [I] Average on 1 runs - GPU latency: 5.70703 ms - Host latency: 5.80273 ms (enqueue 4.00195 ms)
[10/06/2026-16:15:05] [I] Average on 1 runs - GPU latency: 5.71289 ms - Host latency: 5.86914 ms (enqueue 3.32812 ms)
[10/06/2026-16:15:05] [I] Average on 1 runs - GPU latency: 5.69727 ms - Host latency: 5.83398 ms (enqueue 3.08789 ms)
[10/06/2026-16:15:05] [I] Average on 1 runs - GPU latency: 5.70703 ms - Host latency: 5.82227 ms (enqueue 3.38086 ms)
[10/06/2026-16:15:05] [I] Average on 1 runs - GPU latency: 5.71289 ms - Host latency: 5.82031 ms (enqueue 3.47656 ms)
[10/06/2026-16:15:05] [I] Average on 1 runs - GPU latency: 5.66602 ms - Host latency: 5.79102 ms (enqueue 3.51953 ms)
[10/06/2026-16:15:05] [I] Average on 1 runs - GPU latency: 5.69336 ms - Host latency: 5.83398 ms (enqueue 3.30078 ms)
[10/06/2026-16:15:05] [I] Average on 1 runs - GPU latency: 5.70703 ms - Host latency: 5.80078 ms (enqueue 3.83203 ms)
[10/06/2026-16:15:05] [I] Average on 1 runs - GPU latency: 5.70312 ms - Host latency: 5.80859 ms (enqueue 3.84375 ms)
[10/06/2026-16:15:05] [I] Average on 1 runs - GPU latency: 5.70508 ms - Host latency: 5.81445 ms (enqueue 3.87891 ms)
[10/06/2026-16:15:05] [I] Average on 1 runs - GPU latency: 5.70117 ms - Host latency: 5.83203 ms (enqueue 4.18164 ms)
[10/06/2026-16:15:05] [I] Average on 1 runs - GPU latency: 5.69922 ms - Host latency: 5.81836 ms (enqueue 3.86914 ms)
[10/06/2026-16:15:05] [I] Average on 1 runs - GPU latency: 5.70898 ms - Host latency: 5.82227 ms (enqueue 4.1875 ms)
[10/06/2026-16:15:05] [I] Average on 1 runs - GPU latency: 5.69727 ms - Host latency: 5.83984 ms (enqueue 3.89844 ms)
[10/06/2026-16:15:05] [I] Average on 1 runs - GPU latency: 5.70117 ms - Host latency: 5.80078 ms (enqueue 3.91602 ms)
[10/06/2026-16:15:05] [I] Average on 1 runs - GPU latency: 5.70312 ms - Host latency: 5.82422 ms (enqueue 3.95703 ms)
[10/06/2026-16:15:05] [I] Average on 1 runs - GPU latency: 5.71484 ms - Host latency: 5.85156 ms (enqueue 3.88477 ms)
[10/06/2026-16:15:05] [I] Average on 1 runs - GPU latency: 5.70703 ms - Host latency: 5.85547 ms (enqueue 4.17773 ms)
[10/06/2026-16:15:05] [I] Average on 1 runs - GPU latency: 5.70508 ms - Host latency: 5.82812 ms (enqueue 3.89453 ms)
[10/06/2026-16:15:05] [I] Average on 1 runs - GPU latency: 5.70312 ms - Host latency: 5.83984 ms (enqueue 4.19531 ms)
[10/06/2026-16:15:05] [I] Average on 1 runs - GPU latency: 5.66992 ms - Host latency: 5.77734 ms (enqueue 3.88867 ms)
[10/06/2026-16:15:05] [I] 
[10/06/2026-16:15:05] [I] === Performance summary ===
[10/06/2026-16:15:05] [I] Throughput: 175.283 qps
[10/06/2026-16:15:05] [I] Latency: min = 5.71484 ms, max = 6.77246 ms, mean = 5.82322 ms, median = 5.82422 ms, percentile(90%) = 5.85254 ms, percentile(95%) = 5.85938 ms, percentile(99%) = 5.88672 ms
[10/06/2026-16:15:05] [I] Enqueue Time: min = 2.08105 ms, max = 4.71094 ms, mean = 3.83569 ms, median = 3.88281 ms, percentile(90%) = 4.16943 ms, percentile(95%) = 4.2041 ms, percentile(99%) = 4.34033 ms
[10/06/2026-16:15:05] [I] H2D Latency: min = 0.0795898 ms, max = 0.223633 ms, mean = 0.116917 ms, median = 0.112305 ms, percentile(90%) = 0.138184 ms, percentile(95%) = 0.146484 ms, percentile(99%) = 0.173828 ms
[10/06/2026-16:15:05] [I] GPU Compute Time: min = 5.60938 ms, max = 6.63965 ms, mean = 5.6998 ms, median = 5.70508 ms, percentile(90%) = 5.71484 ms, percentile(95%) = 5.7168 ms, percentile(99%) = 5.72217 ms
[10/06/2026-16:15:05] [I] D2H Latency: min = 0.00390625 ms, max = 0.00976562 ms, mean = 0.00650065 ms, median = 0.00634766 ms, percentile(90%) = 0.0078125 ms, percentile(95%) = 0.0078125 ms, percentile(99%) = 0.00878906 ms
[10/06/2026-16:15:05] [I] Total Host Walltime: 15.0214 s
[10/06/2026-16:15:05] [I] Total GPU Compute Time: 15.0076 s
[10/06/2026-16:15:05] [I] Explanations of the performance metrics are printed in the verbose logs.
[10/06/2026-16:15:05] [I] 
&&&& PASSED TensorRT.trtexec [TensorRT v100300] # /usr/src/tensorrt/bin/trtexec --loadEngine=/tmp/yolo26n_84172_uint8_fp16_opt3.engine --warmUp=3000 --duration=15 --idleTime=0 --avgRuns=1
