&&&& RUNNING TensorRT.trtexec [TensorRT v100300] # /usr/src/tensorrt/bin/trtexec --loadEngine=/tmp/yolo26n_84172_uint8_fp16_opt3.engine --warmUp=3000 --duration=15 --idleTime=0 --avgRuns=1
[10/06/2026-16:15:54] [I] === Model Options ===
[10/06/2026-16:15:54] [I] Format: *
[10/06/2026-16:15:54] [I] Model: 
[10/06/2026-16:15:54] [I] Output:
[10/06/2026-16:15:54] [I] 
[10/06/2026-16:15:54] [I] === System Options ===
[10/06/2026-16:15:54] [I] Device: 0
[10/06/2026-16:15:54] [I] DLACore: 
[10/06/2026-16:15:54] [I] Plugins:
[10/06/2026-16:15:54] [I] setPluginsToSerialize:
[10/06/2026-16:15:54] [I] dynamicPlugins:
[10/06/2026-16:15:54] [I] ignoreParsedPluginLibs: 0
[10/06/2026-16:15:54] [I] 
[10/06/2026-16:15:54] [I] === Inference Options ===
[10/06/2026-16:15:54] [I] Batch: Explicit
[10/06/2026-16:15:54] [I] Input inference shapes: model
[10/06/2026-16:15:54] [I] Iterations: 10
[10/06/2026-16:15:54] [I] Duration: 15s (+ 3000ms warm up)
[10/06/2026-16:15:54] [I] Sleep time: 0ms
[10/06/2026-16:15:54] [I] Idle time: 0ms
[10/06/2026-16:15:54] [I] Inference Streams: 1
[10/06/2026-16:15:54] [I] ExposeDMA: Disabled
[10/06/2026-16:15:54] [I] Data transfers: Enabled
[10/06/2026-16:15:54] [I] Spin-wait: Disabled
[10/06/2026-16:15:54] [I] Multithreading: Disabled
[10/06/2026-16:15:54] [I] CUDA Graph: Disabled
[10/06/2026-16:15:54] [I] Separate profiling: Disabled
[10/06/2026-16:15:54] [I] Time Deserialize: Disabled
[10/06/2026-16:15:54] [I] Time Refit: Disabled
[10/06/2026-16:15:54] [I] NVTX verbosity: 0
[10/06/2026-16:15:54] [I] Persistent Cache Ratio: 0
[10/06/2026-16:15:54] [I] Optimization Profile Index: 0
[10/06/2026-16:15:54] [I] Weight Streaming Budget: 100.000000%
[10/06/2026-16:15:54] [I] Inputs:
[10/06/2026-16:15:54] [I] Debug Tensor Save Destinations:
[10/06/2026-16:15:54] [I] === Reporting Options ===
[10/06/2026-16:15:54] [I] Verbose: Disabled
[10/06/2026-16:15:54] [I] Averages: 1 inferences
[10/06/2026-16:15:54] [I] Percentiles: 90,95,99
[10/06/2026-16:15:54] [I] Dump refittable layers:Disabled
[10/06/2026-16:15:54] [I] Dump output: Disabled
[10/06/2026-16:15:54] [I] Profile: Disabled
[10/06/2026-16:15:54] [I] Export timing to JSON file: 
[10/06/2026-16:15:54] [I] Export output to JSON file: 
[10/06/2026-16:15:54] [I] Export profile to JSON file: 
[10/06/2026-16:15:54] [I] 
[10/06/2026-16:15:54] [I] === Device Information ===
[10/06/2026-16:15:54] [I] Available Devices: 
[10/06/2026-16:15:54] [I]   Device 0: "Orin" UUID: GPU-6e16c2c1-e394-5324-8f2e-63a975968f4e
[10/06/2026-16:15:54] [I] Selected Device: Orin
[10/06/2026-16:15:54] [I] Selected Device ID: 0
[10/06/2026-16:15:54] [I] Selected Device UUID: GPU-6e16c2c1-e394-5324-8f2e-63a975968f4e
[10/06/2026-16:15:54] [I] Compute Capability: 8.7
[10/06/2026-16:15:54] [I] SMs: 8
[10/06/2026-16:15:54] [I] Device Global Memory: 7607 MiB
[10/06/2026-16:15:54] [I] Shared Memory per SM: 164 KiB
[10/06/2026-16:15:54] [I] Memory Bus Width: 128 bits (ECC disabled)
[10/06/2026-16:15:54] [I] Application Compute Clock Rate: 1.02 GHz
[10/06/2026-16:15:54] [I] Application Memory Clock Rate: 0.816 GHz
[10/06/2026-16:15:54] [I] 
[10/06/2026-16:15:54] [I] Note: The application clock rates do not reflect the actual clock rates that the GPU is currently running at.
[10/06/2026-16:15:54] [I] 
[10/06/2026-16:15:54] [I] TensorRT version: 10.3.0
[10/06/2026-16:15:54] [I] Loading standard plugins
[10/06/2026-16:15:54] [I] [TRT] Loaded engine size: 7 MiB
[10/06/2026-16:15:54] [I] Engine deserialized in 0.0702878 sec.
[10/06/2026-16:15:54] [I] [TRT] [MemUsageChange] TensorRT-managed allocation in IExecutionContext creation: CPU +0, GPU +12, now: CPU 0, GPU 16 (MiB)
[10/06/2026-16:15:54] [I] Setting persistentCacheLimit to 0 bytes.
[10/06/2026-16:15:54] [I] Created execution context with device memory size: 12.207 MiB
[10/06/2026-16:15:54] [I] Using random values for input images
[10/06/2026-16:15:54] [I] Input binding for images with dimensions 1x640x640x3 is created.
[10/06/2026-16:15:54] [I] Output binding for output0 with dimensions 1x300x6 is created.
[10/06/2026-16:15:54] [I] Starting inference
[10/06/2026-16:16:12] [I] Warmup completed 574 queries over 3000 ms
[10/06/2026-16:16:12] [I] Timing trace has 2967 queries over 15.0165 s
[10/06/2026-16:16:12] [I] 
[10/06/2026-16:16:12] [I] === Trace details ===
[10/06/2026-16:16:12] [I] Trace averages of 1 runs:
[10/06/2026-16:16:12] [I] Average on 1 runs - GPU latency: 5.04883 ms - Host latency: 5.19922 ms (enqueue 3.01123 ms)
[10/06/2026-16:16:12] [I] Average on 1 runs - GPU latency: 5.05493 ms - Host latency: 5.1748 ms (enqueue 3.37524 ms)
[10/06/2026-16:16:12] [I] Average on 1 runs - GPU latency: 5.05176 ms - Host latency: 5.18994 ms (enqueue 3.35669 ms)
[10/06/2026-16:16:12] [I] Average on 1 runs - GPU latency: 5.05298 ms - Host latency: 5.1731 ms (enqueue 3.32227 ms)
[10/06/2026-16:16:12] [I] Average on 1 runs - GPU latency: 5.06445 ms - Host latency: 5.19189 ms (enqueue 3.55396 ms)
[10/06/2026-16:16:12] [I] Average on 1 runs - GPU latency: 5.06494 ms - Host latency: 5.20239 ms (enqueue 3.38623 ms)
[10/06/2026-16:16:12] [I] Average on 1 runs - GPU latency: 5.05371 ms - Host latency: 5.1814 ms (enqueue 3.3313 ms)
[10/06/2026-16:16:12] [I] Average on 1 runs - GPU latency: 5.0625 ms - Host latency: 5.19629 ms (enqueue 3.34131 ms)
[10/06/2026-16:16:12] [I] Average on 1 runs - GPU latency: 5.05273 ms - Host latency: 5.18774 ms (enqueue 3.55371 ms)
[10/06/2026-16:16:12] [I] Average on 1 runs - GPU latency: 5.03003 ms - Host latency: 5.1543 ms (enqueue 3.34839 ms)
[10/06/2026-16:16:12] [I] Average on 1 runs - GPU latency: 5.06152 ms - Host latency: 5.1853 ms (enqueue 3.22437 ms)
[10/06/2026-16:16:12] [I] Average on 1 runs - GPU latency: 5.05518 ms - Host latency: 5.21729 ms (enqueue 3.28125 ms)
[10/06/2026-16:16:12] [I] Average on 1 runs - GPU latency: 5.06421 ms - Host latency: 5.18384 ms (enqueue 3.45581 ms)
[10/06/2026-16:16:12] [I] Average on 1 runs - GPU latency: 5.05054 ms - Host latency: 5.23315 ms (enqueue 3.61499 ms)
[10/06/2026-16:16:12] [I] Average on 1 runs - GPU latency: 5.06299 ms - Host latency: 5.18701 ms (enqueue 3.55176 ms)
[10/06/2026-16:16:12] [I] Average on 1 runs - GPU latency: 5.06226 ms - Host latency: 5.20142 ms (enqueue 3.48975 ms)
[10/06/2026-16:16:12] [I] Average on 1 runs - GPU latency: 5.06104 ms - Host latency: 5.20093 ms (enqueue 3.56982 ms)
[10/06/2026-16:16:12] [I] Average on 1 runs - GPU latency: 5.06323 ms - Host latency: 5.19727 ms (enqueue 3.58325 ms)
[10/06/2026-16:16:12] [I] Average on 1 runs - GPU latency: 5.0603 ms - Host latency: 5.19336 ms (enqueue 3.60376 ms)
[10/06/2026-16:16:12] [I] Average on 1 runs - GPU latency: 5.01685 ms - Host latency: 5.14868 ms (enqueue 3.60278 ms)
[10/06/2026-16:16:12] [I] Average on 1 runs - GPU latency: 5.05103 ms - Host latency: 5.1936 ms (enqueue 2.66016 ms)
[10/06/2026-16:16:12] [I] Average on 1 runs - GPU latency: 5.05176 ms - Host latency: 5.15649 ms (enqueue 3.61792 ms)
[10/06/2026-16:16:12] [I] Average on 1 runs - GPU latency: 5.06079 ms - Host latency: 5.1853 ms (enqueue 3.36865 ms)
[10/06/2026-16:16:12] [I] Average on 1 runs - GPU latency: 5.06543 ms - Host latency: 5.20288 ms (enqueue 3.1792 ms)
[10/06/2026-16:16:12] [I] Average on 1 runs - GPU latency: 5.05981 ms - Host latency: 5.19336 ms (enqueue 3.08472 ms)
[10/06/2026-16:16:12] [I] Average on 1 runs - GPU latency: 5.05908 ms - Host latency: 5.18677 ms (enqueue 3.0979 ms)
[10/06/2026-16:16:12] [I] Average on 1 runs - GPU latency: 5.06079 ms - Host latency: 5.19287 ms (enqueue 3.33838 ms)
[10/06/2026-16:16:12] [I] Average on 1 runs - GPU latency: 5.04517 ms - Host latency: 5.22168 ms (enqueue 3.53418 ms)
[10/06/2026-16:16:12] [I] Average on 1 runs - GPU latency: 5.05688 ms - Host latency: 5.177 ms (enqueue 3.41187 ms)
[10/06/2026-16:16:12] [I] Average on 1 runs - GPU latency: 5.05615 ms - Host latency: 5.17676 ms (enqueue 3.44873 ms)
[10/06/2026-16:16:12] [I] Average on 1 runs - GPU latency: 5.05542 ms - Host latency: 5.18774 ms (enqueue 3.44385 ms)
[10/06/2026-16:16:12] [I] Average on 1 runs - GPU latency: 5.05835 ms - Host latency: 5.18091 ms (enqueue 3.33594 ms)
[10/06/2026-16:16:12] [I] Average on 1 runs - GPU latency: 5.05615 ms - Host latency: 5.18164 ms (enqueue 3.4917 ms)
[10/06/2026-16:16:12] [I] Average on 1 runs - GPU latency: 5.05347 ms - Host latency: 5.13989 ms (enqueue 6.92773 ms)
[10/06/2026-16:16:12] [I] Average on 1 runs - GPU latency: 5.04517 ms - Host latency: 5.13428 ms (enqueue 3.63818 ms)
[10/06/2026-16:16:12] [I] Average on 1 runs - GPU latency: 5.05249 ms - Host latency: 5.12988 ms (enqueue 3.62964 ms)
[10/06/2026-16:16:12] [I] Average on 1 runs - GPU latency: 5.04834 ms - Host latency: 5.15967 ms (enqueue 3.43091 ms)
[10/06/2026-16:16:12] [I] Average on 1 runs - GPU latency: 5.05786 ms - Host latency: 5.17163 ms (enqueue 3.33911 ms)
[10/06/2026-16:16:12] [I] Average on 1 runs - GPU latency: 5.06592 ms - Host latency: 5.21436 ms (enqueue 3.44214 ms)
[10/06/2026-16:16:12] [I] Average on 1 runs - GPU latency: 5.00073 ms - Host latency: 5.12256 ms (enqueue 3.35156 ms)
[10/06/2026-16:16:12] [I] Average on 1 runs - GPU latency: 5.05688 ms - Host latency: 5.20117 ms (enqueue 2.44263 ms)
[10/06/2026-16:16:12] [I] Average on 1 runs - GPU latency: 5.06909 ms - Host latency: 5.17993 ms (enqueue 3.39233 ms)
[10/06/2026-16:16:12] [I] Average on 1 runs - GPU latency: 5.05225 ms - Host latency: 5.20093 ms (enqueue 3.5603 ms)
[10/06/2026-16:16:12] [I] Average on 1 runs - GPU latency: 5.05151 ms - Host latency: 5.19238 ms (enqueue 3.33887 ms)
[10/06/2026-16:16:12] [I] Average on 1 runs - GPU latency: 5.04688 ms - Host latency: 5.18359 ms (enqueue 3.35278 ms)
[10/06/2026-16:16:12] [I] Average on 1 runs - GPU latency: 5.06348 ms - Host latency: 5.18091 ms (enqueue 3.31128 ms)
[10/06/2026-16:16:12] [I] Average on 1 runs - GPU latency: 5.06079 ms - Host latency: 5.20337 ms (enqueue 3.55518 ms)
[10/06/2026-16:16:12] [I] Average on 1 runs - GPU latency: 5.0647 ms - Host latency: 5.19922 ms (enqueue 3.37231 ms)
[10/06/2026-16:16:12] [I] Average on 1 runs - GPU latency: 5.05029 ms - Host latency: 5.17334 ms (enqueue 3.37134 ms)
[10/06/2026-16:16:12] [I] Average on 1 runs - GPU latency: 5.02148 ms - Host latency: 5.15552 ms (enqueue 3.49707 ms)
[10/06/2026-16:16:12] [I] Average on 1 runs - GPU latency: 5.0564 ms - Host latency: 5.15894 ms (enqueue 2.06201 ms)
[10/06/2026-16:16:12] [I] Average on 1 runs - GPU latency: 5.05469 ms - Host latency: 5.17798 ms (enqueue 3.35107 ms)
[10/06/2026-16:16:12] [I] Average on 1 runs - GPU latency: 5.06543 ms - Host latency: 5.19092 ms (enqueue 3.31909 ms)
[10/06/2026-16:16:12] [I] Average on 1 runs - GPU latency: 5.06104 ms - Host latency: 5.18677 ms (enqueue 3.34106 ms)
[10/06/2026-16:16:12] [I] Average on 1 runs - GPU latency: 5.05786 ms - Host latency: 5.18262 ms (enqueue 3.5166 ms)
[10/06/2026-16:16:12] [I] Average on 1 runs - GPU latency: 5.06543 ms - Host latency: 5.1936 ms (enqueue 3.01636 ms)
[10/06/2026-16:16:12] [I] Average on 1 runs - GPU latency: 5.06104 ms - Host latency: 5.20361 ms (enqueue 2.95947 ms)
[10/06/2026-16:16:12] [I] Average on 1 runs - GPU latency: 5.05493 ms - Host latency: 5.20068 ms (enqueue 2.89746 ms)
[10/06/2026-16:16:12] [I] Average on 1 runs - GPU latency: 5.05859 ms - Host latency: 5.19678 ms (enqueue 2.74365 ms)
[10/06/2026-16:16:12] [I] Average on 1 runs - GPU latency: 5.01978 ms - Host latency: 5.14844 ms (enqueue 2.66284 ms)
[10/06/2026-16:16:12] [I] Average on 1 runs - GPU latency: 5.06104 ms - Host latency: 5.17285 ms (enqueue 2.17407 ms)
[10/06/2026-16:16:12] [I] Average on 1 runs - GPU latency: 5.0564 ms - Host latency: 5.16846 ms (enqueue 2.45239 ms)
[10/06/2026-16:16:12] [I] Average on 1 runs - GPU latency: 5.06274 ms - Host latency: 5.19946 ms (enqueue 2.90161 ms)
[10/06/2026-16:16:12] [I] Average on 1 runs - GPU latency: 5.06201 ms - Host latency: 5.20068 ms (enqueue 2.73706 ms)
[10/06/2026-16:16:12] [I] Average on 1 runs - GPU latency: 5.05835 ms - Host latency: 5.18848 ms (enqueue 2.56982 ms)
[10/06/2026-16:16:12] [I] Average on 1 runs - GPU latency: 5.05225 ms - Host latency: 5.17725 ms (enqueue 2.45752 ms)
[10/06/2026-16:16:12] [I] Average on 1 runs - GPU latency: 5.07886 ms - Host latency: 5.19629 ms (enqueue 2.68848 ms)
[10/06/2026-16:16:12] [I] Average on 1 runs - GPU latency: 5.05786 ms - Host latency: 5.2124 ms (enqueue 3.39355 ms)
[10/06/2026-16:16:12] [I] Average on 1 runs - GPU latency: 5.04346 ms - Host latency: 5.19165 ms (enqueue 3.53247 ms)
[10/06/2026-16:16:12] [I] Average on 1 runs - GPU latency: 5.03833 ms - Host latency: 5.17896 ms (enqueue 3.38501 ms)
[10/06/2026-16:16:12] [I] Average on 1 runs - GPU latency: 5.05396 ms - Host latency: 5.16968 ms (enqueue 2.42725 ms)
[10/06/2026-16:16:12] [I] Average on 1 runs - GPU latency: 5.05859 ms - Host latency: 5.177 ms (enqueue 3.39062 ms)
[10/06/2026-16:16:12] [I] Average on 1 runs - GPU latency: 5.05884 ms - Host latency: 5.20215 ms (enqueue 3.53735 ms)
[10/06/2026-16:16:12] [I] Average on 1 runs - GPU latency: 5.06982 ms - Host latency: 5.21509 ms (enqueue 3.31226 ms)
[10/06/2026-16:16:12] [I] Average on 1 runs - GPU latency: 5.06177 ms - Host latency: 5.20679 ms (enqueue 2.91748 ms)
[10/06/2026-16:16:12] [I] Average on 1 runs - GPU latency: 5.06445 ms - Host latency: 5.20752 ms (enqueue 3.37598 ms)
[10/06/2026-16:16:12] [I] Average on 1 runs - GPU latency: 5.06299 ms - Host latency: 5.21655 ms (enqueue 3.60498 ms)
[10/06/2026-16:16:12] [I] Average on 1 runs - GPU latency: 5.05273 ms - Host latency: 5.19019 ms (enqueue 3.37769 ms)
[10/06/2026-16:16:12] [I] Average on 1 runs - GPU latency: 5.05029 ms - Host latency: 5.17358 ms (enqueue 3.36621 ms)
[10/06/2026-16:16:12] [I] Average on 1 runs - GPU latency: 5.03076 ms - Host latency: 5.17407 ms (enqueue 3.29761 ms)
[10/06/2026-16:16:12] [I] Average on 1 runs - GPU latency: 5.06323 ms - Host latency: 5.17236 ms (enqueue 2.09033 ms)
[10/06/2026-16:16:12] [I] Average on 1 runs - GPU latency: 5.06787 ms - Host latency: 5.19995 ms (enqueue 3.38916 ms)
[10/06/2026-16:16:12] [I] Average on 1 runs - GPU latency: 5.05713 ms - Host latency: 5.19507 ms (enqueue 3.37012 ms)
[10/06/2026-16:16:12] [I] Average on 1 runs - GPU latency: 5.0625 ms - Host latency: 5.18823 ms (enqueue 3.52441 ms)
[10/06/2026-16:16:12] [I] Average on 1 runs - GPU latency: 5.06372 ms - Host latency: 5.19556 ms (enqueue 3.35913 ms)
[10/06/2026-16:16:12] [I] Average on 1 runs - GPU latency: 5.05103 ms - Host latency: 5.17969 ms (enqueue 3.35913 ms)
[10/06/2026-16:16:12] [I] Average on 1 runs - GPU latency: 5.05884 ms - Host latency: 5.17578 ms (enqueue 3.33032 ms)
[10/06/2026-16:16:12] [I] Average on 1 runs - GPU latency: 5.05029 ms - Host latency: 5.16895 ms (enqueue 3.40527 ms)
[10/06/2026-16:16:12] [I] Average on 1 runs - GPU latency: 5.04614 ms - Host latency: 5.16943 ms (enqueue 3.33423 ms)
[10/06/2026-16:16:12] [I] Average on 1 runs - GPU latency: 5.02368 ms - Host latency: 5.15063 ms (enqueue 3.50635 ms)
[10/06/2026-16:16:12] [I] Average on 1 runs - GPU latency: 5.05884 ms - Host latency: 5.16943 ms (enqueue 2.11572 ms)
[10/06/2026-16:16:12] [I] Average on 1 runs - GPU latency: 5.05591 ms - Host latency: 5.19702 ms (enqueue 3.60571 ms)
[10/06/2026-16:16:12] [I] Average on 1 runs - GPU latency: 5.05933 ms - Host latency: 5.18823 ms (enqueue 3.38232 ms)
[10/06/2026-16:16:12] [I] Average on 1 runs - GPU latency: 5.05786 ms - Host latency: 5.19019 ms (enqueue 3.3645 ms)
[10/06/2026-16:16:12] [I] Average on 1 runs - GPU latency: 5.06323 ms - Host latency: 5.19556 ms (enqueue 3.54102 ms)
[10/06/2026-16:16:12] [I] Average on 1 runs - GPU latency: 5.0542 ms - Host latency: 5.18286 ms (enqueue 3.34766 ms)
[10/06/2026-16:16:12] [I] Average on 1 runs - GPU latency: 5.0542 ms - Host latency: 5.19946 ms (enqueue 3.35889 ms)
[10/06/2026-16:16:12] [I] Average on 1 runs - GPU latency: 5.06201 ms - Host latency: 5.1936 ms (enqueue 3.43628 ms)
[10/06/2026-16:16:12] [I] Average on 1 runs - GPU latency: 5.06128 ms - Host latency: 5.21899 ms (enqueue 3.32739 ms)
[10/06/2026-16:16:12] [I] Average on 1 runs - GPU latency: 5.06128 ms - Host latency: 5.1875 ms (enqueue 3.43481 ms)
[10/06/2026-16:16:12] [I] Average on 1 runs - GPU latency: 5.06445 ms - Host latency: 5.19824 ms (enqueue 3.36865 ms)
[10/06/2026-16:16:12] [I] Average on 1 runs - GPU latency: 5.05591 ms - Host latency: 5.18799 ms (enqueue 3.43042 ms)
[10/06/2026-16:16:12] [I] Average on 1 runs - GPU latency: 5.0542 ms - Host latency: 5.19336 ms (enqueue 3.53613 ms)
[10/06/2026-16:16:12] [I] Average on 1 runs - GPU latency: 5.06152 ms - Host latency: 5.19165 ms (enqueue 3.34033 ms)
[10/06/2026-16:16:12] [I] Average on 1 runs - GPU latency: 5.06665 ms - Host latency: 5.19531 ms (enqueue 3.5564 ms)
[10/06/2026-16:16:12] [I] Average on 1 runs - GPU latency: 5.06567 ms - Host latency: 5.20288 ms (enqueue 3.61108 ms)
[10/06/2026-16:16:12] [I] Average on 1 runs - GPU latency: 5.06177 ms - Host latency: 5.20557 ms (enqueue 3.60449 ms)
[10/06/2026-16:16:12] [I] Average on 1 runs - GPU latency: 5.06787 ms - Host latency: 5.18506 ms (enqueue 3.60693 ms)
[10/06/2026-16:16:12] [I] Average on 1 runs - GPU latency: 5.02588 ms - Host latency: 5.17017 ms (enqueue 3.60229 ms)
[10/06/2026-16:16:12] [I] Average on 1 runs - GPU latency: 5.06152 ms - Host latency: 5.19019 ms (enqueue 2.83472 ms)
[10/06/2026-16:16:12] [I] Average on 1 runs - GPU latency: 5.06201 ms - Host latency: 5.2085 ms (enqueue 3.33618 ms)
[10/06/2026-16:16:12] [I] Average on 1 runs - GPU latency: 5.0498 ms - Host latency: 5.1875 ms (enqueue 3.40771 ms)
[10/06/2026-16:16:12] [I] Average on 1 runs - GPU latency: 5.06104 ms - Host latency: 5.18237 ms (enqueue 3.35498 ms)
[10/06/2026-16:16:12] [I] Average on 1 runs - GPU latency: 5.05225 ms - Host latency: 5.22803 ms (enqueue 3.26221 ms)
[10/06/2026-16:16:12] [I] Average on 1 runs - GPU latency: 5.05811 ms - Host latency: 5.19019 ms (enqueue 3.55908 ms)
[10/06/2026-16:16:12] [I] Average on 1 runs - GPU latency: 5.05762 ms - Host latency: 5.1731 ms (enqueue 3.33643 ms)
[10/06/2026-16:16:12] [I] Average on 1 runs - GPU latency: 5.05835 ms - Host latency: 5.18188 ms (enqueue 3.38623 ms)
[10/06/2026-16:16:12] [I] Average on 1 runs - GPU latency: 5.07129 ms - Host latency: 5.20752 ms (enqueue 3.31982 ms)
[10/06/2026-16:16:12] [I] Average on 1 runs - GPU latency: 5.01831 ms - Host latency: 5.16553 ms (enqueue 3.49292 ms)
[10/06/2026-16:16:12] [I] Average on 1 runs - GPU latency: 5.05151 ms - Host latency: 5.18311 ms (enqueue 2.80835 ms)
[10/06/2026-16:16:12] [I] Average on 1 runs - GPU latency: 5.07324 ms - Host latency: 5.17896 ms (enqueue 3.33105 ms)
[10/06/2026-16:16:12] [I] Average on 1 runs - GPU latency: 5.0564 ms - Host latency: 5.24927 ms (enqueue 4.05322 ms)
[10/06/2026-16:16:12] [I] Average on 1 runs - GPU latency: 5.05884 ms - Host latency: 5.17871 ms (enqueue 3.35181 ms)
[10/06/2026-16:16:12] [I] Average on 1 runs - GPU latency: 5.0647 ms - Host latency: 5.20337 ms (enqueue 3.31006 ms)
[10/06/2026-16:16:12] [I] Average on 1 runs - GPU latency: 5.05835 ms - Host latency: 5.20239 ms (enqueue 2.97144 ms)
[10/06/2026-16:16:12] [I] Average on 1 runs - GPU latency: 5.05493 ms - Host latency: 5.20483 ms (enqueue 2.91772 ms)
[10/06/2026-16:16:12] [I] Average on 1 runs - GPU latency: 5.06641 ms - Host latency: 5.19897 ms (enqueue 3.15967 ms)
[10/06/2026-16:16:12] [I] Average on 1 runs - GPU latency: 5.05322 ms - Host latency: 5.20996 ms (enqueue 3.30811 ms)
[10/06/2026-16:16:12] [I] Average on 1 runs - GPU latency: 5.0061 ms - Host latency: 5.12573 ms (enqueue 3.27051 ms)
[10/06/2026-16:16:12] [I] Average on 1 runs - GPU latency: 5.04614 ms - Host latency: 5.19946 ms (enqueue 2.53296 ms)
[10/06/2026-16:16:12] [I] Average on 1 runs - GPU latency: 5.05566 ms - Host latency: 5.17163 ms (enqueue 3.3689 ms)
[10/06/2026-16:16:12] [I] Average on 1 runs - GPU latency: 5.06543 ms - Host latency: 5.19971 ms (enqueue 3.38086 ms)
[10/06/2026-16:16:12] [I] Average on 1 runs - GPU latency: 5.05835 ms - Host latency: 5.20532 ms (enqueue 3.48608 ms)
[10/06/2026-16:16:12] [I] Average on 1 runs - GPU latency: 5.0542 ms - Host latency: 5.1958 ms (enqueue 3.3335 ms)
[10/06/2026-16:16:12] [I] Average on 1 runs - GPU latency: 5.0625 ms - Host latency: 5.19092 ms (enqueue 3.31738 ms)
[10/06/2026-16:16:12] [I] Average on 1 runs - GPU latency: 5.06323 ms - Host latency: 5.18286 ms (enqueue 3.34351 ms)
[10/06/2026-16:16:12] [I] Average on 1 runs - GPU latency: 5.05151 ms - Host latency: 5.19995 ms (enqueue 3.43359 ms)
[10/06/2026-16:16:12] [I] Average on 1 runs - GPU latency: 5.06616 ms - Host latency: 5.18018 ms (enqueue 3.30908 ms)
[10/06/2026-16:16:12] [I] Average on 1 runs - GPU latency: 5.05811 ms - Host latency: 5.18896 ms (enqueue 3.32007 ms)
[10/06/2026-16:16:12] [I] Average on 1 runs - GPU latency: 5.06738 ms - Host latency: 5.21729 ms (enqueue 3.35327 ms)
[10/06/2026-16:16:12] [I] Average on 1 runs - GPU latency: 5.05493 ms - Host latency: 5.19312 ms (enqueue 3.59985 ms)
[10/06/2026-16:16:12] [I] Average on 1 runs - GPU latency: 5.06836 ms - Host latency: 5.1936 ms (enqueue 3.33374 ms)
[10/06/2026-16:16:12] [I] Average on 1 runs - GPU latency: 5.06104 ms - Host latency: 5.19751 ms (enqueue 3.41968 ms)
[10/06/2026-16:16:12] [I] Average on 1 runs - GPU latency: 5.05713 ms - Host latency: 5.19702 ms (enqueue 3.55298 ms)
[10/06/2026-16:16:12] [I] Average on 1 runs - GPU latency: 5.06689 ms - Host latency: 5.19995 ms (enqueue 3.48291 ms)
[10/06/2026-16:16:12] [I] Average on 1 runs - GPU latency: 5.05591 ms - Host latency: 5.20752 ms (enqueue 3.49561 ms)
[10/06/2026-16:16:12] [I] Average on 1 runs - GPU latency: 5.06104 ms - Host latency: 5.22241 ms (enqueue 3.54517 ms)
[10/06/2026-16:16:12] [I] Average on 1 runs - GPU latency: 5.07104 ms - Host latency: 5.20557 ms (enqueue 3.47827 ms)
[10/06/2026-16:16:12] [I] Average on 1 runs - GPU latency: 5.03711 ms - Host latency: 5.1814 ms (enqueue 3.53638 ms)
[10/06/2026-16:16:12] [I] Average on 1 runs - GPU latency: 5.06519 ms - Host latency: 5.18433 ms (enqueue 2.26221 ms)
[10/06/2026-16:16:12] [I] Average on 1 runs - GPU latency: 5.05737 ms - Host latency: 5.20044 ms (enqueue 3.40723 ms)
[10/06/2026-16:16:12] [I] Average on 1 runs - GPU latency: 5.06396 ms - Host latency: 5.18994 ms (enqueue 3.49414 ms)
[10/06/2026-16:16:12] [I] Average on 1 runs - GPU latency: 5.05566 ms - Host latency: 5.20142 ms (enqueue 3.57227 ms)
[10/06/2026-16:16:12] [I] Average on 1 runs - GPU latency: 5.05127 ms - Host latency: 5.19067 ms (enqueue 3.53784 ms)
[10/06/2026-16:16:12] [I] Average on 1 runs - GPU latency: 5.0498 ms - Host latency: 5.15991 ms (enqueue 3.53564 ms)
[10/06/2026-16:16:12] [I] Average on 1 runs - GPU latency: 5.05396 ms - Host latency: 5.16968 ms (enqueue 3.53589 ms)
[10/06/2026-16:16:12] [I] Average on 1 runs - GPU latency: 5.0564 ms - Host latency: 5.18115 ms (enqueue 3.6189 ms)
[10/06/2026-16:16:12] [I] Average on 1 runs - GPU latency: 5.05249 ms - Host latency: 5.17041 ms (enqueue 3.57568 ms)
[10/06/2026-16:16:12] [I] Average on 1 runs - GPU latency: 5.03296 ms - Host latency: 5.15649 ms (enqueue 3.55518 ms)
[10/06/2026-16:16:12] [I] Average on 1 runs - GPU latency: 5.06372 ms - Host latency: 5.17139 ms (enqueue 2.06104 ms)
[10/06/2026-16:16:12] [I] Average on 1 runs - GPU latency: 5.06958 ms - Host latency: 5.19995 ms (enqueue 3.61646 ms)
[10/06/2026-16:16:12] [I] Average on 1 runs - GPU latency: 5.0542 ms - Host latency: 5.19995 ms (enqueue 3.5459 ms)
[10/06/2026-16:16:12] [I] Average on 1 runs - GPU latency: 5.06152 ms - Host latency: 5.20361 ms (enqueue 3.5376 ms)
[10/06/2026-16:16:12] [I] Average on 1 runs - GPU latency: 5.06226 ms - Host latency: 5.19727 ms (enqueue 3.60522 ms)
[10/06/2026-16:16:12] [I] Average on 1 runs - GPU latency: 5.06299 ms - Host latency: 5.19141 ms (enqueue 3.52271 ms)
[10/06/2026-16:16:12] [I] Average on 1 runs - GPU latency: 5.05811 ms - Host latency: 5.19971 ms (enqueue 3.02734 ms)
[10/06/2026-16:16:12] [I] Average on 1 runs - GPU latency: 5.06958 ms - Host latency: 5.24023 ms (enqueue 3.00171 ms)
[10/06/2026-16:16:12] [I] Average on 1 runs - GPU latency: 5.04541 ms - Host latency: 5.19165 ms (enqueue 2.91284 ms)
[10/06/2026-16:16:12] [I] Average on 1 runs - GPU latency: 5.00586 ms - Host latency: 5.13574 ms (enqueue 2.82593 ms)
[10/06/2026-16:16:12] [I] Average on 1 runs - GPU latency: 5.00391 ms - Host latency: 5.1543 ms (enqueue 2.21948 ms)
[10/06/2026-16:16:12] [I] Average on 1 runs - GPU latency: 5.07031 ms - Host latency: 5.1958 ms (enqueue 2.20142 ms)
[10/06/2026-16:16:12] [I] Average on 1 runs - GPU latency: 5.07031 ms - Host latency: 5.2478 ms (enqueue 3.29712 ms)
[10/06/2026-16:16:12] [I] Average on 1 runs - GPU latency: 5.0625 ms - Host latency: 5.20752 ms (enqueue 2.88721 ms)
[10/06/2026-16:16:12] [I] Average on 1 runs - GPU latency: 5.05933 ms - Host latency: 5.18677 ms (enqueue 2.76733 ms)
[10/06/2026-16:16:12] [I] Average on 1 runs - GPU latency: 5.06079 ms - Host latency: 5.18506 ms (enqueue 2.55273 ms)
[10/06/2026-16:16:12] [I] Average on 1 runs - GPU latency: 5.05078 ms - Host latency: 5.16968 ms (enqueue 2.60156 ms)
[10/06/2026-16:16:12] [I] Average on 1 runs - GPU latency: 5.06714 ms - Host latency: 5.19141 ms (enqueue 3.38599 ms)
[10/06/2026-16:16:12] [I] Average on 1 runs - GPU latency: 5.04053 ms - Host latency: 5.17969 ms (enqueue 3.30298 ms)
[10/06/2026-16:16:12] [I] Average on 1 runs - GPU latency: 5.02686 ms - Host latency: 5.16016 ms (enqueue 3.36621 ms)
[10/06/2026-16:16:12] [I] Average on 1 runs - GPU latency: 5.05859 ms - Host latency: 5.1709 ms (enqueue 2.07715 ms)
[10/06/2026-16:16:12] [I] Average on 1 runs - GPU latency: 5.06982 ms - Host latency: 5.18262 ms (enqueue 3.34741 ms)
[10/06/2026-16:16:12] [I] Average on 1 runs - GPU latency: 5.07031 ms - Host latency: 5.28931 ms (enqueue 3.27466 ms)
[10/06/2026-16:16:12] [I] Average on 1 runs - GPU latency: 5.06104 ms - Host latency: 5.21265 ms (enqueue 3.41895 ms)
[10/06/2026-16:16:12] [I] Average on 1 runs - GPU latency: 5.06445 ms - Host latency: 5.18945 ms (enqueue 3.38574 ms)
[10/06/2026-16:16:12] [I] Average on 1 runs - GPU latency: 5.05786 ms - Host latency: 5.21411 ms (enqueue 3.40625 ms)
[10/06/2026-16:16:12] [I] Average on 1 runs - GPU latency: 5.06079 ms - Host latency: 5.1792 ms (enqueue 3.43848 ms)
[10/06/2026-16:16:12] [I] Average on 1 runs - GPU latency: 5.05835 ms - Host latency: 5.18604 ms (enqueue 3.26953 ms)
[10/06/2026-16:16:12] [I] Average on 1 runs - GPU latency: 5.03149 ms - Host latency: 5.1521 ms (enqueue 3.32397 ms)
[10/06/2026-16:16:12] [I] Average on 1 runs - GPU latency: 5.04443 ms - Host latency: 5.16187 ms (enqueue 3.15161 ms)
[10/06/2026-16:16:12] [I] Average on 1 runs - GPU latency: 5.05859 ms - Host latency: 5.16577 ms (enqueue 3.25171 ms)
[10/06/2026-16:16:12] [I] Average on 1 runs - GPU latency: 5.0564 ms - Host latency: 5.19604 ms (enqueue 3.36377 ms)
[10/06/2026-16:16:12] [I] Average on 1 runs - GPU latency: 5.05884 ms - Host latency: 5.21777 ms (enqueue 3.54761 ms)
[10/06/2026-16:16:12] [I] Average on 1 runs - GPU latency: 5.05981 ms - Host latency: 5.1936 ms (enqueue 3.50317 ms)
[10/06/2026-16:16:12] [I] Average on 1 runs - GPU latency: 5.05737 ms - Host latency: 5.19458 ms (enqueue 3.50439 ms)
[10/06/2026-16:16:12] [I] Average on 1 runs - GPU latency: 5.05298 ms - Host latency: 5.17627 ms (enqueue 3.38745 ms)
[10/06/2026-16:16:12] [I] Average on 1 runs - GPU latency: 5.06543 ms - Host latency: 5.19336 ms (enqueue 3.52856 ms)
[10/06/2026-16:16:12] [I] Average on 1 runs - GPU latency: 5.06201 ms - Host latency: 5.20972 ms (enqueue 3.46777 ms)
[10/06/2026-16:16:12] [I] Average on 1 runs - GPU latency: 5.06006 ms - Host latency: 5.21362 ms (enqueue 3.48706 ms)
[10/06/2026-16:16:12] [I] Average on 1 runs - GPU latency: 5.06323 ms - Host latency: 5.19897 ms (enqueue 3.49097 ms)
[10/06/2026-16:16:12] [I] Average on 1 runs - GPU latency: 5.06372 ms - Host latency: 5.22119 ms (enqueue 3.60229 ms)
[10/06/2026-16:16:12] [I] ... Omitting 2567 lines
[10/06/2026-16:16:12] [I] Average on 1 runs - GPU latency: 5.05664 ms - Host latency: 5.17969 ms (enqueue 3.51367 ms)
[10/06/2026-16:16:12] [I] Average on 1 runs - GPU latency: 5.05273 ms - Host latency: 5.19531 ms (enqueue 3.63281 ms)
[10/06/2026-16:16:12] [I] Average on 1 runs - GPU latency: 5.0625 ms - Host latency: 5.19727 ms (enqueue 3.48242 ms)
[10/06/2026-16:16:12] [I] Average on 1 runs - GPU latency: 5.06445 ms - Host latency: 5.20508 ms (enqueue 3.51758 ms)
[10/06/2026-16:16:12] [I] Average on 1 runs - GPU latency: 5.05664 ms - Host latency: 5.19141 ms (enqueue 3.49219 ms)
[10/06/2026-16:16:12] [I] Average on 1 runs - GPU latency: 5.04102 ms - Host latency: 5.17383 ms (enqueue 3.78906 ms)
[10/06/2026-16:16:12] [I] Average on 1 runs - GPU latency: 5.06445 ms - Host latency: 5.21875 ms (enqueue 3.54492 ms)
[10/06/2026-16:16:12] [I] Average on 1 runs - GPU latency: 5.06055 ms - Host latency: 5.18359 ms (enqueue 3.5625 ms)
[10/06/2026-16:16:12] [I] Average on 1 runs - GPU latency: 5.05859 ms - Host latency: 5.19336 ms (enqueue 3.5 ms)
[10/06/2026-16:16:12] [I] Average on 1 runs - GPU latency: 5.0625 ms - Host latency: 5.18945 ms (enqueue 3.81055 ms)
[10/06/2026-16:16:12] [I] Average on 1 runs - GPU latency: 5.05664 ms - Host latency: 5.17773 ms (enqueue 3.55859 ms)
[10/06/2026-16:16:12] [I] Average on 1 runs - GPU latency: 5.06055 ms - Host latency: 5.18164 ms (enqueue 3.51367 ms)
[10/06/2026-16:16:12] [I] Average on 1 runs - GPU latency: 5.06445 ms - Host latency: 5.18945 ms (enqueue 3.56055 ms)
[10/06/2026-16:16:12] [I] Average on 1 runs - GPU latency: 5.06055 ms - Host latency: 5.21484 ms (enqueue 3.66016 ms)
[10/06/2026-16:16:12] [I] Average on 1 runs - GPU latency: 5.06055 ms - Host latency: 5.19727 ms (enqueue 3.55273 ms)
[10/06/2026-16:16:12] [I] Average on 1 runs - GPU latency: 5.00781 ms - Host latency: 5.14258 ms (enqueue 3.53516 ms)
[10/06/2026-16:16:12] [I] Average on 1 runs - GPU latency: 5.06445 ms - Host latency: 5.20508 ms (enqueue 3.72852 ms)
[10/06/2026-16:16:12] [I] Average on 1 runs - GPU latency: 5.06055 ms - Host latency: 5.19922 ms (enqueue 3.50781 ms)
[10/06/2026-16:16:12] [I] Average on 1 runs - GPU latency: 5.06445 ms - Host latency: 5.19922 ms (enqueue 3.55664 ms)
[10/06/2026-16:16:12] [I] Average on 1 runs - GPU latency: 5.0625 ms - Host latency: 5.20508 ms (enqueue 3.50977 ms)
[10/06/2026-16:16:12] [I] Average on 1 runs - GPU latency: 5.0625 ms - Host latency: 5.20117 ms (enqueue 3.45703 ms)
[10/06/2026-16:16:12] [I] Average on 1 runs - GPU latency: 5.06055 ms - Host latency: 5.19727 ms (enqueue 3.75195 ms)
[10/06/2026-16:16:12] [I] Average on 1 runs - GPU latency: 5.05859 ms - Host latency: 5.1875 ms (enqueue 3.51562 ms)
[10/06/2026-16:16:12] [I] Average on 1 runs - GPU latency: 5.06055 ms - Host latency: 5.17773 ms (enqueue 3.50391 ms)
[10/06/2026-16:16:12] [I] Average on 1 runs - GPU latency: 5.05469 ms - Host latency: 5.17969 ms (enqueue 3.76953 ms)
[10/06/2026-16:16:12] [I] Average on 1 runs - GPU latency: 5.05078 ms - Host latency: 5.17383 ms (enqueue 3.55469 ms)
[10/06/2026-16:16:12] [I] Average on 1 runs - GPU latency: 5.06445 ms - Host latency: 5.1875 ms (enqueue 3.51172 ms)
[10/06/2026-16:16:12] [I] Average on 1 runs - GPU latency: 5.05859 ms - Host latency: 5.19141 ms (enqueue 3.50391 ms)
[10/06/2026-16:16:12] [I] Average on 1 runs - GPU latency: 5.05469 ms - Host latency: 5.17969 ms (enqueue 3.76758 ms)
[10/06/2026-16:16:12] [I] Average on 1 runs - GPU latency: 5.05664 ms - Host latency: 5.17773 ms (enqueue 3.48438 ms)
[10/06/2026-16:16:12] [I] Average on 1 runs - GPU latency: 5.0625 ms - Host latency: 5.2207 ms (enqueue 3.54102 ms)
[10/06/2026-16:16:12] [I] Average on 1 runs - GPU latency: 5.06836 ms - Host latency: 5.23828 ms (enqueue 3.46289 ms)
[10/06/2026-16:16:12] [I] Average on 1 runs - GPU latency: 5.06641 ms - Host latency: 5.19727 ms (enqueue 3.74805 ms)
[10/06/2026-16:16:12] [I] Average on 1 runs - GPU latency: 5.06836 ms - Host latency: 5.21484 ms (enqueue 3.51172 ms)
[10/06/2026-16:16:12] [I] Average on 1 runs - GPU latency: 5.03516 ms - Host latency: 5.18164 ms (enqueue 3.52344 ms)
[10/06/2026-16:16:12] [I] Average on 1 runs - GPU latency: 5.06445 ms - Host latency: 5.1875 ms (enqueue 3.81641 ms)
[10/06/2026-16:16:12] [I] Average on 1 runs - GPU latency: 5.0625 ms - Host latency: 5.20508 ms (enqueue 3.52734 ms)
[10/06/2026-16:16:12] [I] Average on 1 runs - GPU latency: 5.0625 ms - Host latency: 5.22266 ms (enqueue 3.52344 ms)
[10/06/2026-16:16:12] [I] Average on 1 runs - GPU latency: 5.0625 ms - Host latency: 5.20312 ms (enqueue 3.55859 ms)
[10/06/2026-16:16:12] [I] Average on 1 runs - GPU latency: 5.0625 ms - Host latency: 5.20312 ms (enqueue 3.8418 ms)
[10/06/2026-16:16:12] [I] Average on 1 runs - GPU latency: 5.06836 ms - Host latency: 5.20898 ms (enqueue 3.5332 ms)
[10/06/2026-16:16:12] [I] Average on 1 runs - GPU latency: 5.0625 ms - Host latency: 5.1875 ms (enqueue 3.53906 ms)
[10/06/2026-16:16:12] [I] Average on 1 runs - GPU latency: 5.06445 ms - Host latency: 5.19727 ms (enqueue 3.50781 ms)
[10/06/2026-16:16:12] [I] Average on 1 runs - GPU latency: 5.0625 ms - Host latency: 5.20312 ms (enqueue 3.78516 ms)
[10/06/2026-16:16:12] [I] Average on 1 runs - GPU latency: 5.03906 ms - Host latency: 5.18359 ms (enqueue 3.59766 ms)
[10/06/2026-16:16:12] [I] Average on 1 runs - GPU latency: 5.06445 ms - Host latency: 5.19727 ms (enqueue 3.52148 ms)
[10/06/2026-16:16:12] [I] Average on 1 runs - GPU latency: 5.06055 ms - Host latency: 5.19336 ms (enqueue 3.46484 ms)
[10/06/2026-16:16:12] [I] Average on 1 runs - GPU latency: 5.05859 ms - Host latency: 5.19336 ms (enqueue 3.73633 ms)
[10/06/2026-16:16:12] [I] Average on 1 runs - GPU latency: 5.05664 ms - Host latency: 5.18164 ms (enqueue 3.50586 ms)
[10/06/2026-16:16:12] [I] Average on 1 runs - GPU latency: 5.06445 ms - Host latency: 5.20312 ms (enqueue 3.53906 ms)
[10/06/2026-16:16:12] [I] Average on 1 runs - GPU latency: 5.05859 ms - Host latency: 5.19922 ms (enqueue 3.68164 ms)
[10/06/2026-16:16:12] [I] Average on 1 runs - GPU latency: 5.04883 ms - Host latency: 5.17969 ms (enqueue 3.5625 ms)
[10/06/2026-16:16:12] [I] Average on 1 runs - GPU latency: 5.05664 ms - Host latency: 5.17969 ms (enqueue 3.53906 ms)
[10/06/2026-16:16:12] [I] Average on 1 runs - GPU latency: 5.07422 ms - Host latency: 5.21094 ms (enqueue 3.52539 ms)
[10/06/2026-16:16:12] [I] Average on 1 runs - GPU latency: 5.01953 ms - Host latency: 5.16211 ms (enqueue 3.75781 ms)
[10/06/2026-16:16:12] [I] Average on 1 runs - GPU latency: 5.04297 ms - Host latency: 5.17383 ms (enqueue 3.51172 ms)
[10/06/2026-16:16:12] [I] Average on 1 runs - GPU latency: 5.06445 ms - Host latency: 5.18555 ms (enqueue 3.51367 ms)
[10/06/2026-16:16:12] [I] Average on 1 runs - GPU latency: 5.05078 ms - Host latency: 5.19141 ms (enqueue 3.58789 ms)
[10/06/2026-16:16:12] [I] Average on 1 runs - GPU latency: 5.05664 ms - Host latency: 5.18164 ms (enqueue 3.82617 ms)
[10/06/2026-16:16:12] [I] Average on 1 runs - GPU latency: 5.06055 ms - Host latency: 5.18164 ms (enqueue 3.56445 ms)
[10/06/2026-16:16:12] [I] Average on 1 runs - GPU latency: 5.05469 ms - Host latency: 5.18555 ms (enqueue 3.54492 ms)
[10/06/2026-16:16:12] [I] Average on 1 runs - GPU latency: 5.05859 ms - Host latency: 5.19141 ms (enqueue 3.53711 ms)
[10/06/2026-16:16:12] [I] Average on 1 runs - GPU latency: 5.0625 ms - Host latency: 5.18945 ms (enqueue 3.67969 ms)
[10/06/2026-16:16:12] [I] Average on 1 runs - GPU latency: 5.0625 ms - Host latency: 5.20312 ms (enqueue 3.5332 ms)
[10/06/2026-16:16:12] [I] Average on 1 runs - GPU latency: 5.03711 ms - Host latency: 5.17773 ms (enqueue 3.55273 ms)
[10/06/2026-16:16:12] [I] Average on 1 runs - GPU latency: 5.05859 ms - Host latency: 5.19336 ms (enqueue 3.5957 ms)
[10/06/2026-16:16:12] [I] Average on 1 runs - GPU latency: 5.05078 ms - Host latency: 5.19727 ms (enqueue 3.52344 ms)
[10/06/2026-16:16:12] [I] Average on 1 runs - GPU latency: 5.05273 ms - Host latency: 5.18555 ms (enqueue 3.49414 ms)
[10/06/2026-16:16:12] [I] Average on 1 runs - GPU latency: 5.0625 ms - Host latency: 5.20898 ms (enqueue 3.55078 ms)
[10/06/2026-16:16:12] [I] Average on 1 runs - GPU latency: 5.06641 ms - Host latency: 5.20898 ms (enqueue 3.8125 ms)
[10/06/2026-16:16:12] [I] Average on 1 runs - GPU latency: 5.05664 ms - Host latency: 5.18555 ms (enqueue 3.50781 ms)
[10/06/2026-16:16:12] [I] Average on 1 runs - GPU latency: 5.06641 ms - Host latency: 5.23633 ms (enqueue 3.51367 ms)
[10/06/2026-16:16:12] [I] Average on 1 runs - GPU latency: 5.05273 ms - Host latency: 5.19727 ms (enqueue 3.54297 ms)
[10/06/2026-16:16:12] [I] Average on 1 runs - GPU latency: 5.05273 ms - Host latency: 5.18359 ms (enqueue 3.81055 ms)
[10/06/2026-16:16:12] [I] Average on 1 runs - GPU latency: 5.01758 ms - Host latency: 5.14062 ms (enqueue 3.51562 ms)
[10/06/2026-16:16:12] [I] Average on 1 runs - GPU latency: 5.06055 ms - Host latency: 5.20898 ms (enqueue 3.54297 ms)
[10/06/2026-16:16:12] [I] Average on 1 runs - GPU latency: 5.06445 ms - Host latency: 5.20312 ms (enqueue 3.51953 ms)
[10/06/2026-16:16:12] [I] Average on 1 runs - GPU latency: 5.05859 ms - Host latency: 5.20703 ms (enqueue 3.7207 ms)
[10/06/2026-16:16:12] [I] Average on 1 runs - GPU latency: 5.07422 ms - Host latency: 5.21289 ms (enqueue 3.5625 ms)
[10/06/2026-16:16:12] [I] Average on 1 runs - GPU latency: 5.0625 ms - Host latency: 5.21094 ms (enqueue 3.5918 ms)
[10/06/2026-16:16:12] [I] Average on 1 runs - GPU latency: 5.05664 ms - Host latency: 5.21094 ms (enqueue 3.44727 ms)
[10/06/2026-16:16:12] [I] Average on 1 runs - GPU latency: 5.06055 ms - Host latency: 5.19727 ms (enqueue 3.75781 ms)
[10/06/2026-16:16:12] [I] Average on 1 runs - GPU latency: 5.06055 ms - Host latency: 5.20117 ms (enqueue 3.5332 ms)
[10/06/2026-16:16:12] [I] Average on 1 runs - GPU latency: 5.05859 ms - Host latency: 5.17969 ms (enqueue 3.53906 ms)
[10/06/2026-16:16:12] [I] Average on 1 runs - GPU latency: 5.00391 ms - Host latency: 5.14844 ms (enqueue 3.73242 ms)
[10/06/2026-16:16:12] [I] Average on 1 runs - GPU latency: 5.04297 ms - Host latency: 5.18359 ms (enqueue 3.54883 ms)
[10/06/2026-16:16:12] [I] Average on 1 runs - GPU latency: 5.06445 ms - Host latency: 5.1875 ms (enqueue 3.48242 ms)
[10/06/2026-16:16:12] [I] Average on 1 runs - GPU latency: 5.06641 ms - Host latency: 5.20703 ms (enqueue 3.52344 ms)
[10/06/2026-16:16:12] [I] Average on 1 runs - GPU latency: 5.05469 ms - Host latency: 5.17969 ms (enqueue 3.86328 ms)
[10/06/2026-16:16:12] [I] Average on 1 runs - GPU latency: 5.06445 ms - Host latency: 5.20508 ms (enqueue 3.57812 ms)
[10/06/2026-16:16:12] [I] Average on 1 runs - GPU latency: 5.06445 ms - Host latency: 5.21875 ms (enqueue 3.54883 ms)
[10/06/2026-16:16:12] [I] Average on 1 runs - GPU latency: 5.06055 ms - Host latency: 5.19727 ms (enqueue 3.50195 ms)
[10/06/2026-16:16:12] [I] Average on 1 runs - GPU latency: 5.05273 ms - Host latency: 5.17578 ms (enqueue 3.78516 ms)
[10/06/2026-16:16:12] [I] Average on 1 runs - GPU latency: 5.05859 ms - Host latency: 5.17969 ms (enqueue 3.57031 ms)
[10/06/2026-16:16:12] [I] Average on 1 runs - GPU latency: 5.02539 ms - Host latency: 5.15234 ms (enqueue 3.48828 ms)
[10/06/2026-16:16:12] [I] Average on 1 runs - GPU latency: 5.06836 ms - Host latency: 5.20312 ms (enqueue 3.46484 ms)
[10/06/2026-16:16:12] [I] Average on 1 runs - GPU latency: 5.0625 ms - Host latency: 5.1875 ms (enqueue 3.71094 ms)
[10/06/2026-16:16:12] [I] Average on 1 runs - GPU latency: 5.06055 ms - Host latency: 5.20703 ms (enqueue 3.48828 ms)
[10/06/2026-16:16:12] [I] Average on 1 runs - GPU latency: 5.06055 ms - Host latency: 5.20117 ms (enqueue 3.57031 ms)
[10/06/2026-16:16:12] [I] Average on 1 runs - GPU latency: 5.05469 ms - Host latency: 5.19336 ms (enqueue 3.76953 ms)
[10/06/2026-16:16:12] [I] Average on 1 runs - GPU latency: 5.06445 ms - Host latency: 5.19531 ms (enqueue 3.48047 ms)
[10/06/2026-16:16:12] [I] Average on 1 runs - GPU latency: 5.05859 ms - Host latency: 5.19336 ms (enqueue 3.5332 ms)
[10/06/2026-16:16:12] [I] Average on 1 runs - GPU latency: 5.06836 ms - Host latency: 5.20117 ms (enqueue 3.50781 ms)
[10/06/2026-16:16:12] [I] Average on 1 runs - GPU latency: 5.06055 ms - Host latency: 5.21094 ms (enqueue 3.82422 ms)
[10/06/2026-16:16:12] [I] Average on 1 runs - GPU latency: 5.0332 ms - Host latency: 5.17578 ms (enqueue 3.58594 ms)
[10/06/2026-16:16:12] [I] Average on 1 runs - GPU latency: 5.06445 ms - Host latency: 5.19336 ms (enqueue 3.50586 ms)
[10/06/2026-16:16:12] [I] Average on 1 runs - GPU latency: 5.0625 ms - Host latency: 5.19727 ms (enqueue 3.51758 ms)
[10/06/2026-16:16:12] [I] Average on 1 runs - GPU latency: 5.05859 ms - Host latency: 5.1875 ms (enqueue 3.79102 ms)
[10/06/2026-16:16:12] [I] Average on 1 runs - GPU latency: 5.05469 ms - Host latency: 5.19141 ms (enqueue 3.54492 ms)
[10/06/2026-16:16:12] [I] Average on 1 runs - GPU latency: 5.05078 ms - Host latency: 5.17383 ms (enqueue 3.51172 ms)
[10/06/2026-16:16:12] [I] Average on 1 runs - GPU latency: 5.05859 ms - Host latency: 5.19141 ms (enqueue 3.56445 ms)
[10/06/2026-16:16:12] [I] Average on 1 runs - GPU latency: 5.0625 ms - Host latency: 5.19531 ms (enqueue 3.76562 ms)
[10/06/2026-16:16:12] [I] Average on 1 runs - GPU latency: 5.05664 ms - Host latency: 5.21484 ms (enqueue 3.57422 ms)
[10/06/2026-16:16:12] [I] Average on 1 runs - GPU latency: 5.06836 ms - Host latency: 5.20508 ms (enqueue 3.58594 ms)
[10/06/2026-16:16:12] [I] Average on 1 runs - GPU latency: 5.02734 ms - Host latency: 5.17383 ms (enqueue 3.44531 ms)
[10/06/2026-16:16:12] [I] Average on 1 runs - GPU latency: 5.05664 ms - Host latency: 5.19531 ms (enqueue 3.7207 ms)
[10/06/2026-16:16:12] [I] Average on 1 runs - GPU latency: 5.06055 ms - Host latency: 5.19336 ms (enqueue 3.49609 ms)
[10/06/2026-16:16:12] [I] Average on 1 runs - GPU latency: 5.05859 ms - Host latency: 5.17969 ms (enqueue 3.52734 ms)
[10/06/2026-16:16:12] [I] Average on 1 runs - GPU latency: 5.06836 ms - Host latency: 5.21289 ms (enqueue 3.82617 ms)
[10/06/2026-16:16:12] [I] Average on 1 runs - GPU latency: 5.05859 ms - Host latency: 5.20898 ms (enqueue 3.57617 ms)
[10/06/2026-16:16:12] [I] Average on 1 runs - GPU latency: 5.04883 ms - Host latency: 5.17773 ms (enqueue 3.49023 ms)
[10/06/2026-16:16:12] [I] Average on 1 runs - GPU latency: 5.05469 ms - Host latency: 5.17773 ms (enqueue 3.52148 ms)
[10/06/2026-16:16:12] [I] Average on 1 runs - GPU latency: 5.05859 ms - Host latency: 5.19922 ms (enqueue 3.79883 ms)
[10/06/2026-16:16:12] [I] Average on 1 runs - GPU latency: 5.05859 ms - Host latency: 5.19336 ms (enqueue 3.58789 ms)
[10/06/2026-16:16:12] [I] Average on 1 runs - GPU latency: 5.0293 ms - Host latency: 5.17188 ms (enqueue 3.51367 ms)
[10/06/2026-16:16:12] [I] Average on 1 runs - GPU latency: 5.0625 ms - Host latency: 5.20117 ms (enqueue 3.47656 ms)
[10/06/2026-16:16:12] [I] Average on 1 runs - GPU latency: 5.05664 ms - Host latency: 5.20703 ms (enqueue 3.60547 ms)
[10/06/2026-16:16:12] [I] Average on 1 runs - GPU latency: 5.05273 ms - Host latency: 5.17773 ms (enqueue 3.50781 ms)
[10/06/2026-16:16:12] [I] Average on 1 runs - GPU latency: 5.0625 ms - Host latency: 5.1875 ms (enqueue 3.54102 ms)
[10/06/2026-16:16:12] [I] Average on 1 runs - GPU latency: 5.06445 ms - Host latency: 5.21094 ms (enqueue 3.50781 ms)
[10/06/2026-16:16:12] [I] Average on 1 runs - GPU latency: 5.06055 ms - Host latency: 5.18555 ms (enqueue 3.78906 ms)
[10/06/2026-16:16:12] [I] Average on 1 runs - GPU latency: 5.05859 ms - Host latency: 5.17773 ms (enqueue 3.50977 ms)
[10/06/2026-16:16:12] [I] Average on 1 runs - GPU latency: 5.05273 ms - Host latency: 5.18945 ms (enqueue 3.58984 ms)
[10/06/2026-16:16:12] [I] Average on 1 runs - GPU latency: 5.04297 ms - Host latency: 5.17773 ms (enqueue 3.74805 ms)
[10/06/2026-16:16:12] [I] Average on 1 runs - GPU latency: 5.06055 ms - Host latency: 5.19727 ms (enqueue 3.56641 ms)
[10/06/2026-16:16:12] [I] Average on 1 runs - GPU latency: 5.0625 ms - Host latency: 5.21094 ms (enqueue 3.51953 ms)
[10/06/2026-16:16:12] [I] Average on 1 runs - GPU latency: 5.06445 ms - Host latency: 5.19141 ms (enqueue 3.53711 ms)
[10/06/2026-16:16:12] [I] Average on 1 runs - GPU latency: 5.0625 ms - Host latency: 5.19922 ms (enqueue 3.83203 ms)
[10/06/2026-16:16:12] [I] Average on 1 runs - GPU latency: 5.06641 ms - Host latency: 5.20312 ms (enqueue 3.53711 ms)
[10/06/2026-16:16:12] [I] Average on 1 runs - GPU latency: 5.06445 ms - Host latency: 5.19141 ms (enqueue 3.56641 ms)
[10/06/2026-16:16:12] [I] Average on 1 runs - GPU latency: 5.0625 ms - Host latency: 5.20312 ms (enqueue 3.52344 ms)
[10/06/2026-16:16:12] [I] Average on 1 runs - GPU latency: 5.06836 ms - Host latency: 5.21484 ms (enqueue 3.77734 ms)
[10/06/2026-16:16:12] [I] Average on 1 runs - GPU latency: 5.06445 ms - Host latency: 5.21484 ms (enqueue 3.59375 ms)
[10/06/2026-16:16:12] [I] Average on 1 runs - GPU latency: 5.0332 ms - Host latency: 5.1875 ms (enqueue 3.51758 ms)
[10/06/2026-16:16:12] [I] Average on 1 runs - GPU latency: 5.04102 ms - Host latency: 5.1875 ms (enqueue 3.52734 ms)
[10/06/2026-16:16:12] [I] Average on 1 runs - GPU latency: 5.0625 ms - Host latency: 5.19922 ms (enqueue 3.79492 ms)
[10/06/2026-16:16:12] [I] Average on 1 runs - GPU latency: 5.06445 ms - Host latency: 5.20508 ms (enqueue 3.56836 ms)
[10/06/2026-16:16:12] [I] Average on 1 runs - GPU latency: 5.07031 ms - Host latency: 5.21094 ms (enqueue 3.58398 ms)
[10/06/2026-16:16:12] [I] Average on 1 runs - GPU latency: 5.05664 ms - Host latency: 5.20703 ms (enqueue 3.75781 ms)
[10/06/2026-16:16:12] [I] Average on 1 runs - GPU latency: 5.05859 ms - Host latency: 5.17773 ms (enqueue 3.54492 ms)
[10/06/2026-16:16:12] [I] Average on 1 runs - GPU latency: 5.0625 ms - Host latency: 5.19531 ms (enqueue 3.53516 ms)
[10/06/2026-16:16:12] [I] Average on 1 runs - GPU latency: 5.06641 ms - Host latency: 5.20898 ms (enqueue 3.49414 ms)
[10/06/2026-16:16:12] [I] Average on 1 runs - GPU latency: 5.05664 ms - Host latency: 5.20117 ms (enqueue 3.81055 ms)
[10/06/2026-16:16:12] [I] Average on 1 runs - GPU latency: 5.05664 ms - Host latency: 5.23633 ms (enqueue 3.48438 ms)
[10/06/2026-16:16:12] [I] Average on 1 runs - GPU latency: 5.06445 ms - Host latency: 5.19922 ms (enqueue 3.49805 ms)
[10/06/2026-16:16:12] [I] Average on 1 runs - GPU latency: 5.07031 ms - Host latency: 5.2168 ms (enqueue 3.54492 ms)
[10/06/2026-16:16:12] [I] Average on 1 runs - GPU latency: 5.06055 ms - Host latency: 5.20898 ms (enqueue 3.81055 ms)
[10/06/2026-16:16:12] [I] Average on 1 runs - GPU latency: 5.06055 ms - Host latency: 5.1875 ms (enqueue 3.55273 ms)
[10/06/2026-16:16:12] [I] Average on 1 runs - GPU latency: 5.0625 ms - Host latency: 5.20117 ms (enqueue 3.52539 ms)
[10/06/2026-16:16:12] [I] Average on 1 runs - GPU latency: 5.05859 ms - Host latency: 5.19727 ms (enqueue 3.49219 ms)
[10/06/2026-16:16:12] [I] Average on 1 runs - GPU latency: 5.0625 ms - Host latency: 5.18945 ms (enqueue 3.80469 ms)
[10/06/2026-16:16:12] [I] Average on 1 runs - GPU latency: 5.0625 ms - Host latency: 5.18359 ms (enqueue 3.51367 ms)
[10/06/2026-16:16:12] [I] Average on 1 runs - GPU latency: 5.06445 ms - Host latency: 5.19922 ms (enqueue 3.51562 ms)
[10/06/2026-16:16:12] [I] Average on 1 runs - GPU latency: 5.01953 ms - Host latency: 5.17383 ms (enqueue 3.61719 ms)
[10/06/2026-16:16:12] [I] Average on 1 runs - GPU latency: 5.04688 ms - Host latency: 5.17773 ms (enqueue 3.47852 ms)
[10/06/2026-16:16:12] [I] Average on 1 runs - GPU latency: 5.06641 ms - Host latency: 5.19727 ms (enqueue 3.46875 ms)
[10/06/2026-16:16:12] [I] Average on 1 runs - GPU latency: 5.06445 ms - Host latency: 5.19922 ms (enqueue 3.49414 ms)
[10/06/2026-16:16:12] [I] Average on 1 runs - GPU latency: 5.06641 ms - Host latency: 5.21094 ms (enqueue 3.82227 ms)
[10/06/2026-16:16:12] [I] Average on 1 runs - GPU latency: 5.05859 ms - Host latency: 5.1875 ms (enqueue 3.57812 ms)
[10/06/2026-16:16:12] [I] Average on 1 runs - GPU latency: 5.05273 ms - Host latency: 5.18945 ms (enqueue 3.51562 ms)
[10/06/2026-16:16:12] [I] Average on 1 runs - GPU latency: 5.06055 ms - Host latency: 5.21094 ms (enqueue 3.52734 ms)
[10/06/2026-16:16:12] [I] Average on 1 runs - GPU latency: 5.06055 ms - Host latency: 5.18945 ms (enqueue 3.8125 ms)
[10/06/2026-16:16:12] [I] Average on 1 runs - GPU latency: 5.07227 ms - Host latency: 5.20703 ms (enqueue 3.53906 ms)
[10/06/2026-16:16:12] [I] Average on 1 runs - GPU latency: 5.01953 ms - Host latency: 5.1543 ms (enqueue 3.49219 ms)
[10/06/2026-16:16:12] [I] Average on 1 runs - GPU latency: 5.05859 ms - Host latency: 5.20117 ms (enqueue 3.50391 ms)
[10/06/2026-16:16:12] [I] Average on 1 runs - GPU latency: 5.06055 ms - Host latency: 5.20898 ms (enqueue 3.65039 ms)
[10/06/2026-16:16:12] [I] Average on 1 runs - GPU latency: 5.06445 ms - Host latency: 5.18555 ms (enqueue 3.51367 ms)
[10/06/2026-16:16:12] [I] Average on 1 runs - GPU latency: 5.06641 ms - Host latency: 5.19922 ms (enqueue 3.54883 ms)
[10/06/2026-16:16:12] [I] Average on 1 runs - GPU latency: 5.05859 ms - Host latency: 5.19922 ms (enqueue 3.49023 ms)
[10/06/2026-16:16:12] [I] Average on 1 runs - GPU latency: 5.0625 ms - Host latency: 5.21094 ms (enqueue 3.75781 ms)
[10/06/2026-16:16:12] [I] Average on 1 runs - GPU latency: 5.05273 ms - Host latency: 5.17773 ms (enqueue 3.52148 ms)
[10/06/2026-16:16:12] [I] Average on 1 runs - GPU latency: 5.05859 ms - Host latency: 5.18945 ms (enqueue 3.50391 ms)
[10/06/2026-16:16:12] [I] Average on 1 runs - GPU latency: 5.05859 ms - Host latency: 5.2168 ms (enqueue 3.75195 ms)
[10/06/2026-16:16:12] [I] Average on 1 runs - GPU latency: 5.00391 ms - Host latency: 5.12891 ms (enqueue 3.5293 ms)
[10/06/2026-16:16:12] [I] Average on 1 runs - GPU latency: 5.05078 ms - Host latency: 5.20508 ms (enqueue 3.51953 ms)
[10/06/2026-16:16:12] [I] Average on 1 runs - GPU latency: 5.07812 ms - Host latency: 5.19922 ms (enqueue 3.48438 ms)
[10/06/2026-16:16:12] [I] Average on 1 runs - GPU latency: 5.05273 ms - Host latency: 5.19141 ms (enqueue 3.82031 ms)
[10/06/2026-16:16:12] [I] Average on 1 runs - GPU latency: 5.06055 ms - Host latency: 5.17578 ms (enqueue 3.55859 ms)
[10/06/2026-16:16:12] [I] Average on 1 runs - GPU latency: 5.05664 ms - Host latency: 5.18945 ms (enqueue 3.55859 ms)
[10/06/2026-16:16:12] [I] Average on 1 runs - GPU latency: 5.06836 ms - Host latency: 5.19922 ms (enqueue 3.51172 ms)
[10/06/2026-16:16:12] [I] Average on 1 runs - GPU latency: 5.0625 ms - Host latency: 5.18359 ms (enqueue 3.76172 ms)
[10/06/2026-16:16:12] [I] Average on 1 runs - GPU latency: 5.06445 ms - Host latency: 5.21289 ms (enqueue 3.53125 ms)
[10/06/2026-16:16:12] [I] Average on 1 runs - GPU latency: 5.06055 ms - Host latency: 5.18945 ms (enqueue 3.51367 ms)
[10/06/2026-16:16:12] [I] Average on 1 runs - GPU latency: 5.01758 ms - Host latency: 5.15039 ms (enqueue 3.49023 ms)
[10/06/2026-16:16:12] [I] Average on 1 runs - GPU latency: 5.05664 ms - Host latency: 5.2207 ms (enqueue 3.73438 ms)
[10/06/2026-16:16:12] [I] Average on 1 runs - GPU latency: 5.05469 ms - Host latency: 5.17969 ms (enqueue 3.54688 ms)
[10/06/2026-16:16:12] [I] Average on 1 runs - GPU latency: 5.0625 ms - Host latency: 5.19141 ms (enqueue 3.55859 ms)
[10/06/2026-16:16:12] [I] Average on 1 runs - GPU latency: 5.05859 ms - Host latency: 5.21094 ms (enqueue 3.67188 ms)
[10/06/2026-16:16:12] [I] Average on 1 runs - GPU latency: 5.07031 ms - Host latency: 5.20898 ms (enqueue 3.49609 ms)
[10/06/2026-16:16:12] [I] Average on 1 runs - GPU latency: 5.06055 ms - Host latency: 5.20703 ms (enqueue 3.51367 ms)
[10/06/2026-16:16:12] [I] Average on 1 runs - GPU latency: 5.02734 ms - Host latency: 5.16602 ms (enqueue 3.49023 ms)
[10/06/2026-16:16:12] [I] 
[10/06/2026-16:16:12] [I] === Performance summary ===
[10/06/2026-16:16:12] [I] Throughput: 197.583 qps
[10/06/2026-16:16:12] [I] Latency: min = 5.08594 ms, max = 6.021 ms, mean = 5.1906 ms, median = 5.19141 ms, percentile(90%) = 5.21094 ms, percentile(95%) = 5.21777 ms, percentile(99%) = 5.24121 ms
[10/06/2026-16:16:12] [I] Enqueue Time: min = 2.04785 ms, max = 7.7373 ms, mean = 3.349 ms, median = 3.49023 ms, percentile(90%) = 3.60596 ms, percentile(95%) = 3.75879 ms, percentile(99%) = 3.83105 ms
[10/06/2026-16:16:12] [I] H2D Latency: min = 0.0693359 ms, max = 0.213867 ms, mean = 0.127566 ms, median = 0.126953 ms, percentile(90%) = 0.142578 ms, percentile(95%) = 0.149414 ms, percentile(99%) = 0.172852 ms
[10/06/2026-16:16:12] [I] GPU Compute Time: min = 4.98535 ms, max = 5.87939 ms, mean = 5.05643 ms, median = 5.05859 ms, percentile(90%) = 5.06738 ms, percentile(95%) = 5.06934 ms, percentile(99%) = 5.07324 ms
[10/06/2026-16:16:12] [I] D2H Latency: min = 0.00390625 ms, max = 0.0107422 ms, mean = 0.00661048 ms, median = 0.00634766 ms, percentile(90%) = 0.0078125 ms, percentile(95%) = 0.00878906 ms, percentile(99%) = 0.00976562 ms
[10/06/2026-16:16:12] [I] Total Host Walltime: 15.0165 s
[10/06/2026-16:16:12] [I] Total GPU Compute Time: 15.0024 s
[10/06/2026-16:16:12] [I] Explanations of the performance metrics are printed in the verbose logs.
[10/06/2026-16:16:12] [I] 
&&&& PASSED TensorRT.trtexec [TensorRT v100300] # /usr/src/tensorrt/bin/trtexec --loadEngine=/tmp/yolo26n_84172_uint8_fp16_opt3.engine --warmUp=3000 --duration=15 --idleTime=0 --avgRuns=1
