&&&& RUNNING TensorRT.trtexec [TensorRT v100300] # /usr/src/tensorrt/bin/trtexec --loadEngine=/tmp/yolo26n_84172_uint8_fp16_opt3.engine --warmUp=3000 --duration=15 --idleTime=0 --avgRuns=1
[10/06/2026-16:11:06] [I] === Model Options ===
[10/06/2026-16:11:06] [I] Format: *
[10/06/2026-16:11:06] [I] Model: 
[10/06/2026-16:11:06] [I] Output:
[10/06/2026-16:11:06] [I] 
[10/06/2026-16:11:06] [I] === System Options ===
[10/06/2026-16:11:06] [I] Device: 0
[10/06/2026-16:11:06] [I] DLACore: 
[10/06/2026-16:11:06] [I] Plugins:
[10/06/2026-16:11:06] [I] setPluginsToSerialize:
[10/06/2026-16:11:06] [I] dynamicPlugins:
[10/06/2026-16:11:06] [I] ignoreParsedPluginLibs: 0
[10/06/2026-16:11:06] [I] 
[10/06/2026-16:11:06] [I] === Inference Options ===
[10/06/2026-16:11:06] [I] Batch: Explicit
[10/06/2026-16:11:06] [I] Input inference shapes: model
[10/06/2026-16:11:06] [I] Iterations: 10
[10/06/2026-16:11:06] [I] Duration: 15s (+ 3000ms warm up)
[10/06/2026-16:11:06] [I] Sleep time: 0ms
[10/06/2026-16:11:06] [I] Idle time: 0ms
[10/06/2026-16:11:06] [I] Inference Streams: 1
[10/06/2026-16:11:06] [I] ExposeDMA: Disabled
[10/06/2026-16:11:06] [I] Data transfers: Enabled
[10/06/2026-16:11:06] [I] Spin-wait: Disabled
[10/06/2026-16:11:06] [I] Multithreading: Disabled
[10/06/2026-16:11:06] [I] CUDA Graph: Disabled
[10/06/2026-16:11:06] [I] Separate profiling: Disabled
[10/06/2026-16:11:06] [I] Time Deserialize: Disabled
[10/06/2026-16:11:06] [I] Time Refit: Disabled
[10/06/2026-16:11:06] [I] NVTX verbosity: 0
[10/06/2026-16:11:06] [I] Persistent Cache Ratio: 0
[10/06/2026-16:11:06] [I] Optimization Profile Index: 0
[10/06/2026-16:11:06] [I] Weight Streaming Budget: 100.000000%
[10/06/2026-16:11:06] [I] Inputs:
[10/06/2026-16:11:06] [I] Debug Tensor Save Destinations:
[10/06/2026-16:11:06] [I] === Reporting Options ===
[10/06/2026-16:11:06] [I] Verbose: Disabled
[10/06/2026-16:11:06] [I] Averages: 1 inferences
[10/06/2026-16:11:06] [I] Percentiles: 90,95,99
[10/06/2026-16:11:06] [I] Dump refittable layers:Disabled
[10/06/2026-16:11:06] [I] Dump output: Disabled
[10/06/2026-16:11:06] [I] Profile: Disabled
[10/06/2026-16:11:06] [I] Export timing to JSON file: 
[10/06/2026-16:11:06] [I] Export output to JSON file: 
[10/06/2026-16:11:06] [I] Export profile to JSON file: 
[10/06/2026-16:11:06] [I] 
[10/06/2026-16:11:06] [I] === Device Information ===
[10/06/2026-16:11:06] [I] Available Devices: 
[10/06/2026-16:11:06] [I]   Device 0: "Orin" UUID: GPU-6e16c2c1-e394-5324-8f2e-63a975968f4e
[10/06/2026-16:11:06] [I] Selected Device: Orin
[10/06/2026-16:11:06] [I] Selected Device ID: 0
[10/06/2026-16:11:06] [I] Selected Device UUID: GPU-6e16c2c1-e394-5324-8f2e-63a975968f4e
[10/06/2026-16:11:06] [I] Compute Capability: 8.7
[10/06/2026-16:11:06] [I] SMs: 8
[10/06/2026-16:11:06] [I] Device Global Memory: 7607 MiB
[10/06/2026-16:11:06] [I] Shared Memory per SM: 164 KiB
[10/06/2026-16:11:06] [I] Memory Bus Width: 128 bits (ECC disabled)
[10/06/2026-16:11:06] [I] Application Compute Clock Rate: 1.02 GHz
[10/06/2026-16:11:06] [I] Application Memory Clock Rate: 0.408 GHz
[10/06/2026-16:11:06] [I] 
[10/06/2026-16:11:06] [I] Note: The application clock rates do not reflect the actual clock rates that the GPU is currently running at.
[10/06/2026-16:11:06] [I] 
[10/06/2026-16:11:06] [I] TensorRT version: 10.3.0
[10/06/2026-16:11:06] [I] Loading standard plugins
[10/06/2026-16:11:06] [I] [TRT] Loaded engine size: 7 MiB
[10/06/2026-16:11:06] [I] Engine deserialized in 0.0602039 sec.
[10/06/2026-16:11:06] [I] [TRT] [MemUsageChange] TensorRT-managed allocation in IExecutionContext creation: CPU +0, GPU +12, now: CPU 0, GPU 16 (MiB)
[10/06/2026-16:11:06] [I] Setting persistentCacheLimit to 0 bytes.
[10/06/2026-16:11:06] [I] Created execution context with device memory size: 12.207 MiB
[10/06/2026-16:11:06] [I] Using random values for input images
[10/06/2026-16:11:06] [I] Input binding for images with dimensions 1x640x640x3 is created.
[10/06/2026-16:11:06] [I] Output binding for output0 with dimensions 1x300x6 is created.
[10/06/2026-16:11:06] [I] Starting inference
[10/06/2026-16:11:24] [I] Warmup completed 308 queries over 3000 ms
[10/06/2026-16:11:24] [I] Timing trace has 1572 queries over 15.035 s
[10/06/2026-16:11:24] [I] 
[10/06/2026-16:11:24] [I] === Trace details ===
[10/06/2026-16:11:24] [I] Trace averages of 1 runs:
[10/06/2026-16:11:24] [I] Average on 1 runs - GPU latency: 9.55029 ms - Host latency: 9.70117 ms (enqueue 4.42505 ms)
[10/06/2026-16:11:24] [I] Average on 1 runs - GPU latency: 9.54858 ms - Host latency: 9.69873 ms (enqueue 4.49805 ms)
[10/06/2026-16:11:24] [I] Average on 1 runs - GPU latency: 9.54834 ms - Host latency: 9.69995 ms (enqueue 4.51147 ms)
[10/06/2026-16:11:24] [I] Average on 1 runs - GPU latency: 9.54272 ms - Host latency: 9.69092 ms (enqueue 4.38647 ms)
[10/06/2026-16:11:24] [I] Average on 1 runs - GPU latency: 9.53491 ms - Host latency: 9.68091 ms (enqueue 4.42334 ms)
[10/06/2026-16:11:24] [I] Average on 1 runs - GPU latency: 9.54517 ms - Host latency: 9.6936 ms (enqueue 4.4231 ms)
[10/06/2026-16:11:24] [I] Average on 1 runs - GPU latency: 9.55273 ms - Host latency: 9.69922 ms (enqueue 4.46045 ms)
[10/06/2026-16:11:24] [I] Average on 1 runs - GPU latency: 9.54248 ms - Host latency: 9.6814 ms (enqueue 2.27734 ms)
[10/06/2026-16:11:24] [I] Average on 1 runs - GPU latency: 9.56079 ms - Host latency: 9.7124 ms (enqueue 4.63306 ms)
[10/06/2026-16:11:24] [I] Average on 1 runs - GPU latency: 9.56152 ms - Host latency: 9.71729 ms (enqueue 4.47705 ms)
[10/06/2026-16:11:24] [I] Average on 1 runs - GPU latency: 9.5481 ms - Host latency: 9.69604 ms (enqueue 4.47681 ms)
[10/06/2026-16:11:24] [I] Average on 1 runs - GPU latency: 9.55396 ms - Host latency: 9.698 ms (enqueue 4.45581 ms)
[10/06/2026-16:11:24] [I] Average on 1 runs - GPU latency: 9.5498 ms - Host latency: 9.69751 ms (enqueue 3.10693 ms)
[10/06/2026-16:11:24] [I] Average on 1 runs - GPU latency: 9.54395 ms - Host latency: 9.69751 ms (enqueue 4.59058 ms)
[10/06/2026-16:11:24] [I] Average on 1 runs - GPU latency: 9.55469 ms - Host latency: 9.70996 ms (enqueue 4.4165 ms)
[10/06/2026-16:11:24] [I] Average on 1 runs - GPU latency: 9.54614 ms - Host latency: 9.69458 ms (enqueue 4.49585 ms)
[10/06/2026-16:11:24] [I] Average on 1 runs - GPU latency: 9.54785 ms - Host latency: 9.69751 ms (enqueue 4.45288 ms)
[10/06/2026-16:11:24] [I] Average on 1 runs - GPU latency: 9.53955 ms - Host latency: 9.68457 ms (enqueue 4.19067 ms)
[10/06/2026-16:11:24] [I] Average on 1 runs - GPU latency: 9.54077 ms - Host latency: 9.69043 ms (enqueue 4.54297 ms)
[10/06/2026-16:11:24] [I] Average on 1 runs - GPU latency: 9.56836 ms - Host latency: 9.71411 ms (enqueue 6.03589 ms)
[10/06/2026-16:11:24] [I] Average on 1 runs - GPU latency: 9.55029 ms - Host latency: 9.69995 ms (enqueue 4.44751 ms)
[10/06/2026-16:11:24] [I] Average on 1 runs - GPU latency: 9.54907 ms - Host latency: 9.69922 ms (enqueue 4.48218 ms)
[10/06/2026-16:11:24] [I] Average on 1 runs - GPU latency: 9.55737 ms - Host latency: 9.70337 ms (enqueue 4.41553 ms)
[10/06/2026-16:11:24] [I] Average on 1 runs - GPU latency: 9.55566 ms - Host latency: 9.70752 ms (enqueue 4.51074 ms)
[10/06/2026-16:11:24] [I] Average on 1 runs - GPU latency: 9.56323 ms - Host latency: 9.71997 ms (enqueue 3.62793 ms)
[10/06/2026-16:11:24] [I] Average on 1 runs - GPU latency: 9.55713 ms - Host latency: 9.80688 ms (enqueue 3.47534 ms)
[10/06/2026-16:11:24] [I] Average on 1 runs - GPU latency: 9.53906 ms - Host latency: 9.6875 ms (enqueue 2.9436 ms)
[10/06/2026-16:11:24] [I] Average on 1 runs - GPU latency: 9.54492 ms - Host latency: 9.6875 ms (enqueue 3.01611 ms)
[10/06/2026-16:11:24] [I] Average on 1 runs - GPU latency: 9.54175 ms - Host latency: 9.69434 ms (enqueue 3.13403 ms)
[10/06/2026-16:11:24] [I] Average on 1 runs - GPU latency: 9.56006 ms - Host latency: 9.71387 ms (enqueue 2.79907 ms)
[10/06/2026-16:11:24] [I] Average on 1 runs - GPU latency: 9.55688 ms - Host latency: 9.73804 ms (enqueue 3.31104 ms)
[10/06/2026-16:11:24] [I] Average on 1 runs - GPU latency: 9.5625 ms - Host latency: 9.72925 ms (enqueue 4.42139 ms)
[10/06/2026-16:11:24] [I] Average on 1 runs - GPU latency: 9.56763 ms - Host latency: 9.71509 ms (enqueue 4.39941 ms)
[10/06/2026-16:11:24] [I] Average on 1 runs - GPU latency: 9.54614 ms - Host latency: 9.69434 ms (enqueue 3.0188 ms)
[10/06/2026-16:11:24] [I] Average on 1 runs - GPU latency: 9.5437 ms - Host latency: 9.69434 ms (enqueue 4.40454 ms)
[10/06/2026-16:11:24] [I] Average on 1 runs - GPU latency: 9.55835 ms - Host latency: 9.70337 ms (enqueue 4.40308 ms)
[10/06/2026-16:11:24] [I] Average on 1 runs - GPU latency: 9.5415 ms - Host latency: 9.68726 ms (enqueue 4.44092 ms)
[10/06/2026-16:11:24] [I] Average on 1 runs - GPU latency: 9.54297 ms - Host latency: 9.68799 ms (enqueue 4.44604 ms)
[10/06/2026-16:11:24] [I] Average on 1 runs - GPU latency: 9.56152 ms - Host latency: 9.7124 ms (enqueue 4.08032 ms)
[10/06/2026-16:11:24] [I] Average on 1 runs - GPU latency: 9.54321 ms - Host latency: 9.69409 ms (enqueue 4.53564 ms)
[10/06/2026-16:11:24] [I] Average on 1 runs - GPU latency: 9.5564 ms - Host latency: 9.7019 ms (enqueue 4.39624 ms)
[10/06/2026-16:11:24] [I] Average on 1 runs - GPU latency: 9.55835 ms - Host latency: 9.71948 ms (enqueue 3.26831 ms)
[10/06/2026-16:11:24] [I] Average on 1 runs - GPU latency: 9.54858 ms - Host latency: 9.69214 ms (enqueue 3.18774 ms)
[10/06/2026-16:11:24] [I] Average on 1 runs - GPU latency: 9.54639 ms - Host latency: 9.70898 ms (enqueue 3.20752 ms)
[10/06/2026-16:11:24] [I] Average on 1 runs - GPU latency: 9.55981 ms - Host latency: 9.71021 ms (enqueue 3.65308 ms)
[10/06/2026-16:11:24] [I] Average on 1 runs - GPU latency: 9.5686 ms - Host latency: 9.71509 ms (enqueue 3.89697 ms)
[10/06/2026-16:11:24] [I] Average on 1 runs - GPU latency: 9.55347 ms - Host latency: 9.75269 ms (enqueue 4.50024 ms)
[10/06/2026-16:11:24] [I] Average on 1 runs - GPU latency: 9.55322 ms - Host latency: 9.7417 ms (enqueue 4.42822 ms)
[10/06/2026-16:11:24] [I] Average on 1 runs - GPU latency: 9.55884 ms - Host latency: 9.73975 ms (enqueue 4.65771 ms)
[10/06/2026-16:11:24] [I] Average on 1 runs - GPU latency: 9.5498 ms - Host latency: 9.68896 ms (enqueue 2.24438 ms)
[10/06/2026-16:11:24] [I] Average on 1 runs - GPU latency: 9.54272 ms - Host latency: 9.69092 ms (enqueue 4.44043 ms)
[10/06/2026-16:11:24] [I] Average on 1 runs - GPU latency: 9.56274 ms - Host latency: 9.70898 ms (enqueue 5.50342 ms)
[10/06/2026-16:11:24] [I] Average on 1 runs - GPU latency: 9.56299 ms - Host latency: 9.71216 ms (enqueue 4.45581 ms)
[10/06/2026-16:11:24] [I] Average on 1 runs - GPU latency: 9.56714 ms - Host latency: 9.71582 ms (enqueue 4.56616 ms)
[10/06/2026-16:11:24] [I] Average on 1 runs - GPU latency: 9.5481 ms - Host latency: 9.69653 ms (enqueue 2.71509 ms)
[10/06/2026-16:11:24] [I] Average on 1 runs - GPU latency: 9.55005 ms - Host latency: 9.72192 ms (enqueue 4.45605 ms)
[10/06/2026-16:11:24] [I] Average on 1 runs - GPU latency: 9.55591 ms - Host latency: 9.70679 ms (enqueue 4.45435 ms)
[10/06/2026-16:11:24] [I] Average on 1 runs - GPU latency: 9.56152 ms - Host latency: 9.7085 ms (enqueue 4.40942 ms)
[10/06/2026-16:11:24] [I] Average on 1 runs - GPU latency: 9.55249 ms - Host latency: 9.70288 ms (enqueue 4.3562 ms)
[10/06/2026-16:11:24] [I] Average on 1 runs - GPU latency: 9.56079 ms - Host latency: 9.71069 ms (enqueue 3.88135 ms)
[10/06/2026-16:11:24] [I] Average on 1 runs - GPU latency: 9.55225 ms - Host latency: 9.70288 ms (enqueue 4.52124 ms)
[10/06/2026-16:11:24] [I] Average on 1 runs - GPU latency: 9.56445 ms - Host latency: 9.70703 ms (enqueue 4.4353 ms)
[10/06/2026-16:11:24] [I] Average on 1 runs - GPU latency: 9.55029 ms - Host latency: 9.69849 ms (enqueue 6.03687 ms)
[10/06/2026-16:11:24] [I] Average on 1 runs - GPU latency: 9.5459 ms - Host latency: 9.69678 ms (enqueue 4.5144 ms)
[10/06/2026-16:11:24] [I] Average on 1 runs - GPU latency: 9.54028 ms - Host latency: 9.7002 ms (enqueue 4.58154 ms)
[10/06/2026-16:11:24] [I] Average on 1 runs - GPU latency: 9.5603 ms - Host latency: 9.70776 ms (enqueue 4.49023 ms)
[10/06/2026-16:11:24] [I] Average on 1 runs - GPU latency: 9.56226 ms - Host latency: 9.71484 ms (enqueue 4.5603 ms)
[10/06/2026-16:11:24] [I] Average on 1 runs - GPU latency: 9.54492 ms - Host latency: 9.69409 ms (enqueue 4.30518 ms)
[10/06/2026-16:11:24] [I] Average on 1 runs - GPU latency: 9.54419 ms - Host latency: 9.71777 ms (enqueue 3.26636 ms)
[10/06/2026-16:11:24] [I] Average on 1 runs - GPU latency: 9.54688 ms - Host latency: 9.69287 ms (enqueue 3.04248 ms)
[10/06/2026-16:11:24] [I] Average on 1 runs - GPU latency: 9.55103 ms - Host latency: 9.69507 ms (enqueue 3.59766 ms)
[10/06/2026-16:11:24] [I] Average on 1 runs - GPU latency: 9.53662 ms - Host latency: 9.68433 ms (enqueue 3.6106 ms)
[10/06/2026-16:11:24] [I] Average on 1 runs - GPU latency: 9.55127 ms - Host latency: 9.69751 ms (enqueue 3.85156 ms)
[10/06/2026-16:11:24] [I] Average on 1 runs - GPU latency: 9.55127 ms - Host latency: 9.729 ms (enqueue 4.5 ms)
[10/06/2026-16:11:24] [I] Average on 1 runs - GPU latency: 9.56104 ms - Host latency: 9.71289 ms (enqueue 4.15552 ms)
[10/06/2026-16:11:24] [I] Average on 1 runs - GPU latency: 9.54883 ms - Host latency: 9.70435 ms (enqueue 2.73608 ms)
[10/06/2026-16:11:24] [I] Average on 1 runs - GPU latency: 9.57446 ms - Host latency: 9.72632 ms (enqueue 4.46924 ms)
[10/06/2026-16:11:24] [I] Average on 1 runs - GPU latency: 9.54761 ms - Host latency: 9.69385 ms (enqueue 4.37744 ms)
[10/06/2026-16:11:24] [I] Average on 1 runs - GPU latency: 9.55713 ms - Host latency: 9.7019 ms (enqueue 4.53076 ms)
[10/06/2026-16:11:24] [I] Average on 1 runs - GPU latency: 9.54907 ms - Host latency: 9.72998 ms (enqueue 4.6001 ms)
[10/06/2026-16:11:24] [I] Average on 1 runs - GPU latency: 9.54419 ms - Host latency: 9.68994 ms (enqueue 3.71777 ms)
[10/06/2026-16:11:24] [I] Average on 1 runs - GPU latency: 9.54468 ms - Host latency: 9.69312 ms (enqueue 4.4707 ms)
[10/06/2026-16:11:24] [I] Average on 1 runs - GPU latency: 9.55737 ms - Host latency: 9.70312 ms (enqueue 3.90674 ms)
[10/06/2026-16:11:24] [I] Average on 1 runs - GPU latency: 9.55591 ms - Host latency: 9.73999 ms (enqueue 3.57227 ms)
[10/06/2026-16:11:24] [I] Average on 1 runs - GPU latency: 9.56738 ms - Host latency: 9.71875 ms (enqueue 3.0957 ms)
[10/06/2026-16:11:24] [I] Average on 1 runs - GPU latency: 9.56689 ms - Host latency: 9.71216 ms (enqueue 2.7981 ms)
[10/06/2026-16:11:24] [I] Average on 1 runs - GPU latency: 9.55518 ms - Host latency: 9.76074 ms (enqueue 4.68506 ms)
[10/06/2026-16:11:24] [I] Average on 1 runs - GPU latency: 9.55347 ms - Host latency: 9.70288 ms (enqueue 4.27271 ms)
[10/06/2026-16:11:24] [I] Average on 1 runs - GPU latency: 9.54468 ms - Host latency: 9.68823 ms (enqueue 4.24902 ms)
[10/06/2026-16:11:24] [I] Average on 1 runs - GPU latency: 9.56616 ms - Host latency: 9.7168 ms (enqueue 4.35059 ms)
[10/06/2026-16:11:24] [I] Average on 1 runs - GPU latency: 9.55786 ms - Host latency: 9.7063 ms (enqueue 4.29248 ms)
[10/06/2026-16:11:24] [I] Average on 1 runs - GPU latency: 9.54956 ms - Host latency: 9.69971 ms (enqueue 4.31348 ms)
[10/06/2026-16:11:24] [I] Average on 1 runs - GPU latency: 9.54517 ms - Host latency: 9.69727 ms (enqueue 4.28955 ms)
[10/06/2026-16:11:24] [I] Average on 1 runs - GPU latency: 9.54907 ms - Host latency: 9.69409 ms (enqueue 4.32861 ms)
[10/06/2026-16:11:24] [I] Average on 1 runs - GPU latency: 9.5481 ms - Host latency: 9.6958 ms (enqueue 4.31689 ms)
[10/06/2026-16:11:24] [I] Average on 1 runs - GPU latency: 9.54907 ms - Host latency: 9.698 ms (enqueue 4.25488 ms)
[10/06/2026-16:11:24] [I] Average on 1 runs - GPU latency: 9.54248 ms - Host latency: 9.68726 ms (enqueue 4.29565 ms)
[10/06/2026-16:11:24] [I] Average on 1 runs - GPU latency: 9.54565 ms - Host latency: 9.69263 ms (enqueue 4.34497 ms)
[10/06/2026-16:11:24] [I] Average on 1 runs - GPU latency: 9.54028 ms - Host latency: 9.68213 ms (enqueue 4.42627 ms)
[10/06/2026-16:11:24] [I] Average on 1 runs - GPU latency: 9.54297 ms - Host latency: 9.69165 ms (enqueue 4.33374 ms)
[10/06/2026-16:11:24] [I] Average on 1 runs - GPU latency: 9.53638 ms - Host latency: 9.68872 ms (enqueue 4.43652 ms)
[10/06/2026-16:11:24] [I] Average on 1 runs - GPU latency: 9.55371 ms - Host latency: 9.72217 ms (enqueue 4.37329 ms)
[10/06/2026-16:11:24] [I] Average on 1 runs - GPU latency: 9.56372 ms - Host latency: 9.70923 ms (enqueue 4.43262 ms)
[10/06/2026-16:11:24] [I] Average on 1 runs - GPU latency: 9.57446 ms - Host latency: 9.71704 ms (enqueue 4.38916 ms)
[10/06/2026-16:11:24] [I] Average on 1 runs - GPU latency: 9.55273 ms - Host latency: 9.70142 ms (enqueue 4.39966 ms)
[10/06/2026-16:11:24] [I] Average on 1 runs - GPU latency: 9.55151 ms - Host latency: 9.7002 ms (enqueue 4.41846 ms)
[10/06/2026-16:11:24] [I] Average on 1 runs - GPU latency: 9.54468 ms - Host latency: 9.69116 ms (enqueue 4.30444 ms)
[10/06/2026-16:11:24] [I] Average on 1 runs - GPU latency: 9.55859 ms - Host latency: 9.70361 ms (enqueue 4.33936 ms)
[10/06/2026-16:11:24] [I] Average on 1 runs - GPU latency: 9.55786 ms - Host latency: 9.70459 ms (enqueue 4.3606 ms)
[10/06/2026-16:11:24] [I] Average on 1 runs - GPU latency: 9.55542 ms - Host latency: 9.70581 ms (enqueue 4.39014 ms)
[10/06/2026-16:11:24] [I] Average on 1 runs - GPU latency: 9.55688 ms - Host latency: 9.70093 ms (enqueue 4.33691 ms)
[10/06/2026-16:11:24] [I] Average on 1 runs - GPU latency: 9.53149 ms - Host latency: 9.67798 ms (enqueue 4.30713 ms)
[10/06/2026-16:11:24] [I] Average on 1 runs - GPU latency: 9.55078 ms - Host latency: 9.69849 ms (enqueue 4.30493 ms)
[10/06/2026-16:11:24] [I] Average on 1 runs - GPU latency: 9.57642 ms - Host latency: 9.72266 ms (enqueue 4.34961 ms)
[10/06/2026-16:11:24] [I] Average on 1 runs - GPU latency: 9.53955 ms - Host latency: 9.68701 ms (enqueue 4.32324 ms)
[10/06/2026-16:11:24] [I] Average on 1 runs - GPU latency: 9.5498 ms - Host latency: 9.70044 ms (enqueue 4.27197 ms)
[10/06/2026-16:11:24] [I] Average on 1 runs - GPU latency: 9.56494 ms - Host latency: 9.71191 ms (enqueue 4.33984 ms)
[10/06/2026-16:11:24] [I] Average on 1 runs - GPU latency: 9.55127 ms - Host latency: 9.69336 ms (enqueue 4.26318 ms)
[10/06/2026-16:11:24] [I] Average on 1 runs - GPU latency: 9.56445 ms - Host latency: 9.71045 ms (enqueue 4.35938 ms)
[10/06/2026-16:11:24] [I] Average on 1 runs - GPU latency: 9.54297 ms - Host latency: 9.69141 ms (enqueue 4.32373 ms)
[10/06/2026-16:11:24] [I] Average on 1 runs - GPU latency: 9.56396 ms - Host latency: 9.729 ms (enqueue 4.29834 ms)
[10/06/2026-16:11:24] [I] Average on 1 runs - GPU latency: 9.56689 ms - Host latency: 9.71436 ms (enqueue 4.37451 ms)
[10/06/2026-16:11:24] [I] Average on 1 runs - GPU latency: 9.55615 ms - Host latency: 9.69873 ms (enqueue 4.32178 ms)
[10/06/2026-16:11:24] [I] Average on 1 runs - GPU latency: 9.54053 ms - Host latency: 9.68457 ms (enqueue 4.3584 ms)
[10/06/2026-16:11:24] [I] Average on 1 runs - GPU latency: 9.54883 ms - Host latency: 9.69434 ms (enqueue 4.40771 ms)
[10/06/2026-16:11:24] [I] Average on 1 runs - GPU latency: 9.5498 ms - Host latency: 9.6958 ms (enqueue 4.35986 ms)
[10/06/2026-16:11:24] [I] Average on 1 runs - GPU latency: 9.5498 ms - Host latency: 9.70117 ms (enqueue 4.36475 ms)
[10/06/2026-16:11:24] [I] Average on 1 runs - GPU latency: 9.55859 ms - Host latency: 9.70459 ms (enqueue 4.40771 ms)
[10/06/2026-16:11:24] [I] Average on 1 runs - GPU latency: 9.54932 ms - Host latency: 9.71533 ms (enqueue 4.32422 ms)
[10/06/2026-16:11:24] [I] Average on 1 runs - GPU latency: 9.54834 ms - Host latency: 9.69238 ms (enqueue 4.3667 ms)
[10/06/2026-16:11:24] [I] Average on 1 runs - GPU latency: 9.56396 ms - Host latency: 9.70996 ms (enqueue 4.45117 ms)
[10/06/2026-16:11:24] [I] Average on 1 runs - GPU latency: 9.55957 ms - Host latency: 9.7041 ms (enqueue 4.3623 ms)
[10/06/2026-16:11:24] [I] Average on 1 runs - GPU latency: 9.55566 ms - Host latency: 9.70361 ms (enqueue 4.33789 ms)
[10/06/2026-16:11:24] [I] Average on 1 runs - GPU latency: 9.55859 ms - Host latency: 9.70752 ms (enqueue 4.3584 ms)
[10/06/2026-16:11:24] [I] Average on 1 runs - GPU latency: 9.54004 ms - Host latency: 9.69043 ms (enqueue 4.3457 ms)
[10/06/2026-16:11:24] [I] Average on 1 runs - GPU latency: 9.54785 ms - Host latency: 9.69727 ms (enqueue 4.36914 ms)
[10/06/2026-16:11:24] [I] Average on 1 runs - GPU latency: 9.54688 ms - Host latency: 9.69238 ms (enqueue 4.41553 ms)
[10/06/2026-16:11:24] [I] Average on 1 runs - GPU latency: 9.54053 ms - Host latency: 9.69434 ms (enqueue 4.40918 ms)
[10/06/2026-16:11:24] [I] Average on 1 runs - GPU latency: 9.54932 ms - Host latency: 9.70996 ms (enqueue 4.25977 ms)
[10/06/2026-16:11:24] [I] Average on 1 runs - GPU latency: 9.54346 ms - Host latency: 9.69482 ms (enqueue 4.34277 ms)
[10/06/2026-16:11:24] [I] Average on 1 runs - GPU latency: 9.56006 ms - Host latency: 9.71094 ms (enqueue 4.35303 ms)
[10/06/2026-16:11:24] [I] Average on 1 runs - GPU latency: 9.55176 ms - Host latency: 9.7002 ms (enqueue 4.44678 ms)
[10/06/2026-16:11:24] [I] Average on 1 runs - GPU latency: 9.54492 ms - Host latency: 9.73584 ms (enqueue 4.24561 ms)
[10/06/2026-16:11:24] [I] Average on 1 runs - GPU latency: 9.54346 ms - Host latency: 9.68799 ms (enqueue 4.27637 ms)
[10/06/2026-16:11:24] [I] Average on 1 runs - GPU latency: 9.55078 ms - Host latency: 9.69775 ms (enqueue 4.2251 ms)
[10/06/2026-16:11:24] [I] Average on 1 runs - GPU latency: 9.55225 ms - Host latency: 9.7041 ms (enqueue 4.31543 ms)
[10/06/2026-16:11:24] [I] Average on 1 runs - GPU latency: 9.55811 ms - Host latency: 9.70508 ms (enqueue 4.31055 ms)
[10/06/2026-16:11:24] [I] Average on 1 runs - GPU latency: 9.56348 ms - Host latency: 9.71387 ms (enqueue 4.34424 ms)
[10/06/2026-16:11:24] [I] Average on 1 runs - GPU latency: 9.57178 ms - Host latency: 9.72021 ms (enqueue 4.37256 ms)
[10/06/2026-16:11:24] [I] Average on 1 runs - GPU latency: 9.5415 ms - Host latency: 9.68604 ms (enqueue 4.4165 ms)
[10/06/2026-16:11:24] [I] Average on 1 runs - GPU latency: 9.56299 ms - Host latency: 9.7124 ms (enqueue 4.40137 ms)
[10/06/2026-16:11:24] [I] Average on 1 runs - GPU latency: 9.54346 ms - Host latency: 9.6875 ms (enqueue 4.36963 ms)
[10/06/2026-16:11:24] [I] Average on 1 runs - GPU latency: 9.5498 ms - Host latency: 9.69385 ms (enqueue 4.50537 ms)
[10/06/2026-16:11:24] [I] Average on 1 runs - GPU latency: 9.55664 ms - Host latency: 9.70703 ms (enqueue 4.3457 ms)
[10/06/2026-16:11:24] [I] Average on 1 runs - GPU latency: 9.5542 ms - Host latency: 9.70215 ms (enqueue 4.36768 ms)
[10/06/2026-16:11:24] [I] Average on 1 runs - GPU latency: 9.5542 ms - Host latency: 9.70459 ms (enqueue 4.51221 ms)
[10/06/2026-16:11:24] [I] Average on 1 runs - GPU latency: 9.55176 ms - Host latency: 9.7002 ms (enqueue 4.38184 ms)
[10/06/2026-16:11:24] [I] Average on 1 runs - GPU latency: 9.55029 ms - Host latency: 9.69678 ms (enqueue 4.44287 ms)
[10/06/2026-16:11:24] [I] Average on 1 runs - GPU latency: 9.53418 ms - Host latency: 9.68213 ms (enqueue 4.34277 ms)
[10/06/2026-16:11:24] [I] Average on 1 runs - GPU latency: 9.55957 ms - Host latency: 9.71045 ms (enqueue 4.33203 ms)
[10/06/2026-16:11:24] [I] Average on 1 runs - GPU latency: 9.55664 ms - Host latency: 9.70361 ms (enqueue 4.35889 ms)
[10/06/2026-16:11:24] [I] Average on 1 runs - GPU latency: 9.56104 ms - Host latency: 9.7085 ms (enqueue 4.37646 ms)
[10/06/2026-16:11:24] [I] Average on 1 runs - GPU latency: 9.55469 ms - Host latency: 9.69824 ms (enqueue 4.36621 ms)
[10/06/2026-16:11:24] [I] Average on 1 runs - GPU latency: 9.56494 ms - Host latency: 9.71045 ms (enqueue 4.35986 ms)
[10/06/2026-16:11:24] [I] Average on 1 runs - GPU latency: 9.54932 ms - Host latency: 9.69775 ms (enqueue 4.29395 ms)
[10/06/2026-16:11:24] [I] Average on 1 runs - GPU latency: 9.55322 ms - Host latency: 9.69336 ms (enqueue 4.32617 ms)
[10/06/2026-16:11:24] [I] Average on 1 runs - GPU latency: 9.54395 ms - Host latency: 9.69092 ms (enqueue 4.35498 ms)
[10/06/2026-16:11:24] [I] Average on 1 runs - GPU latency: 9.54102 ms - Host latency: 9.69141 ms (enqueue 4.4165 ms)
[10/06/2026-16:11:24] [I] Average on 1 runs - GPU latency: 9.54932 ms - Host latency: 9.69482 ms (enqueue 4.35693 ms)
[10/06/2026-16:11:24] [I] Average on 1 runs - GPU latency: 9.54297 ms - Host latency: 9.72168 ms (enqueue 4.28955 ms)
[10/06/2026-16:11:24] [I] Average on 1 runs - GPU latency: 9.55664 ms - Host latency: 9.7085 ms (enqueue 4.34082 ms)
[10/06/2026-16:11:24] [I] Average on 1 runs - GPU latency: 9.55273 ms - Host latency: 9.69385 ms (enqueue 4.3584 ms)
[10/06/2026-16:11:24] [I] Average on 1 runs - GPU latency: 9.55273 ms - Host latency: 9.70312 ms (enqueue 4.2832 ms)
[10/06/2026-16:11:24] [I] Average on 1 runs - GPU latency: 9.55811 ms - Host latency: 9.70459 ms (enqueue 4.32715 ms)
[10/06/2026-16:11:24] [I] Average on 1 runs - GPU latency: 9.53906 ms - Host latency: 9.68457 ms (enqueue 4.33984 ms)
[10/06/2026-16:11:24] [I] Average on 1 runs - GPU latency: 9.55859 ms - Host latency: 9.70312 ms (enqueue 4.35449 ms)
[10/06/2026-16:11:24] [I] Average on 1 runs - GPU latency: 9.53809 ms - Host latency: 9.6792 ms (enqueue 4.31592 ms)
[10/06/2026-16:11:24] [I] Average on 1 runs - GPU latency: 9.55225 ms - Host latency: 9.69775 ms (enqueue 4.4165 ms)
[10/06/2026-16:11:24] [I] Average on 1 runs - GPU latency: 9.55713 ms - Host latency: 9.70215 ms (enqueue 4.354 ms)
[10/06/2026-16:11:24] [I] Average on 1 runs - GPU latency: 9.54541 ms - Host latency: 9.68848 ms (enqueue 4.37109 ms)
[10/06/2026-16:11:24] [I] Average on 1 runs - GPU latency: 9.56006 ms - Host latency: 9.70947 ms (enqueue 4.19238 ms)
[10/06/2026-16:11:24] [I] Average on 1 runs - GPU latency: 9.55029 ms - Host latency: 9.69775 ms (enqueue 4.31494 ms)
[10/06/2026-16:11:24] [I] Average on 1 runs - GPU latency: 9.56006 ms - Host latency: 9.70996 ms (enqueue 4.33545 ms)
[10/06/2026-16:11:24] [I] Average on 1 runs - GPU latency: 9.5542 ms - Host latency: 9.73242 ms (enqueue 4.37793 ms)
[10/06/2026-16:11:24] [I] Average on 1 runs - GPU latency: 9.54883 ms - Host latency: 9.6958 ms (enqueue 4.34473 ms)
[10/06/2026-16:11:24] [I] Average on 1 runs - GPU latency: 9.54834 ms - Host latency: 9.69092 ms (enqueue 4.3335 ms)
[10/06/2026-16:11:24] [I] Average on 1 runs - GPU latency: 9.5498 ms - Host latency: 9.69824 ms (enqueue 4.36816 ms)
[10/06/2026-16:11:24] [I] Average on 1 runs - GPU latency: 9.53809 ms - Host latency: 9.68555 ms (enqueue 4.3457 ms)
[10/06/2026-16:11:24] [I] Average on 1 runs - GPU latency: 9.55176 ms - Host latency: 9.7002 ms (enqueue 4.41699 ms)
[10/06/2026-16:11:24] [I] Average on 1 runs - GPU latency: 9.54297 ms - Host latency: 9.69287 ms (enqueue 4.27783 ms)
[10/06/2026-16:11:24] [I] Average on 1 runs - GPU latency: 9.55859 ms - Host latency: 9.70264 ms (enqueue 4.23828 ms)
[10/06/2026-16:11:24] [I] Average on 1 runs - GPU latency: 9.55469 ms - Host latency: 9.69971 ms (enqueue 4.38574 ms)
[10/06/2026-16:11:24] [I] Average on 1 runs - GPU latency: 9.56396 ms - Host latency: 9.70947 ms (enqueue 4.2749 ms)
[10/06/2026-16:11:24] [I] Average on 1 runs - GPU latency: 9.55664 ms - Host latency: 9.70605 ms (enqueue 4.32227 ms)
[10/06/2026-16:11:24] [I] Average on 1 runs - GPU latency: 9.55469 ms - Host latency: 9.70166 ms (enqueue 4.35938 ms)
[10/06/2026-16:11:24] [I] Average on 1 runs - GPU latency: 9.55908 ms - Host latency: 9.71094 ms (enqueue 4.37988 ms)
[10/06/2026-16:11:24] [I] Average on 1 runs - GPU latency: 9.54785 ms - Host latency: 9.69629 ms (enqueue 4.32812 ms)
[10/06/2026-16:11:24] [I] Average on 1 runs - GPU latency: 9.54443 ms - Host latency: 9.75146 ms (enqueue 4.37988 ms)
[10/06/2026-16:11:24] [I] Average on 1 runs - GPU latency: 9.5498 ms - Host latency: 9.69678 ms (enqueue 4.38525 ms)
[10/06/2026-16:11:24] [I] Average on 1 runs - GPU latency: 9.56055 ms - Host latency: 9.7041 ms (enqueue 4.38477 ms)
[10/06/2026-16:11:24] [I] ... Omitting 1172 lines
[10/06/2026-16:11:24] [I] Average on 1 runs - GPU latency: 9.5498 ms - Host latency: 9.74316 ms (enqueue 3.53613 ms)
[10/06/2026-16:11:24] [I] Average on 1 runs - GPU latency: 9.56055 ms - Host latency: 9.7041 ms (enqueue 2.96191 ms)
[10/06/2026-16:11:24] [I] Average on 1 runs - GPU latency: 9.54395 ms - Host latency: 9.6875 ms (enqueue 2.68359 ms)
[10/06/2026-16:11:24] [I] Average on 1 runs - GPU latency: 9.56152 ms - Host latency: 9.7207 ms (enqueue 3.28613 ms)
[10/06/2026-16:11:24] [I] Average on 1 runs - GPU latency: 9.55957 ms - Host latency: 9.70703 ms (enqueue 2.87988 ms)
[10/06/2026-16:11:24] [I] Average on 1 runs - GPU latency: 9.54883 ms - Host latency: 9.69922 ms (enqueue 2.91113 ms)
[10/06/2026-16:11:24] [I] Average on 1 runs - GPU latency: 9.5459 ms - Host latency: 9.69824 ms (enqueue 4.46582 ms)
[10/06/2026-16:11:24] [I] Average on 1 runs - GPU latency: 9.5459 ms - Host latency: 9.69336 ms (enqueue 4.41602 ms)
[10/06/2026-16:11:24] [I] Average on 1 runs - GPU latency: 9.54785 ms - Host latency: 9.69434 ms (enqueue 4.41602 ms)
[10/06/2026-16:11:24] [I] Average on 1 runs - GPU latency: 9.55273 ms - Host latency: 9.71973 ms (enqueue 4.57715 ms)
[10/06/2026-16:11:24] [I] Average on 1 runs - GPU latency: 9.55273 ms - Host latency: 9.7002 ms (enqueue 4.37695 ms)
[10/06/2026-16:11:24] [I] Average on 1 runs - GPU latency: 9.54688 ms - Host latency: 9.69531 ms (enqueue 4.41797 ms)
[10/06/2026-16:11:24] [I] Average on 1 runs - GPU latency: 9.55469 ms - Host latency: 9.70117 ms (enqueue 4.37598 ms)
[10/06/2026-16:11:24] [I] Average on 1 runs - GPU latency: 9.5498 ms - Host latency: 9.70117 ms (enqueue 4.38477 ms)
[10/06/2026-16:11:24] [I] Average on 1 runs - GPU latency: 9.5459 ms - Host latency: 9.69238 ms (enqueue 2.25195 ms)
[10/06/2026-16:11:24] [I] Average on 1 runs - GPU latency: 9.53906 ms - Host latency: 9.69043 ms (enqueue 4.40039 ms)
[10/06/2026-16:11:24] [I] Average on 1 runs - GPU latency: 9.54297 ms - Host latency: 9.69336 ms (enqueue 4.33887 ms)
[10/06/2026-16:11:24] [I] Average on 1 runs - GPU latency: 9.54688 ms - Host latency: 9.69238 ms (enqueue 4.34766 ms)
[10/06/2026-16:11:24] [I] Average on 1 runs - GPU latency: 9.54395 ms - Host latency: 9.69238 ms (enqueue 4.3584 ms)
[10/06/2026-16:11:24] [I] Average on 1 runs - GPU latency: 9.54785 ms - Host latency: 9.69824 ms (enqueue 3.15918 ms)
[10/06/2026-16:11:24] [I] Average on 1 runs - GPU latency: 9.54785 ms - Host latency: 9.70215 ms (enqueue 4.38672 ms)
[10/06/2026-16:11:24] [I] Average on 1 runs - GPU latency: 9.54004 ms - Host latency: 9.69238 ms (enqueue 4.38379 ms)
[10/06/2026-16:11:24] [I] Average on 1 runs - GPU latency: 9.55664 ms - Host latency: 9.72461 ms (enqueue 4.31738 ms)
[10/06/2026-16:11:24] [I] Average on 1 runs - GPU latency: 9.54688 ms - Host latency: 9.68945 ms (enqueue 4.34863 ms)
[10/06/2026-16:11:24] [I] Average on 1 runs - GPU latency: 9.56445 ms - Host latency: 9.71387 ms (enqueue 4.29199 ms)
[10/06/2026-16:11:24] [I] Average on 1 runs - GPU latency: 9.55371 ms - Host latency: 9.70898 ms (enqueue 4.37988 ms)
[10/06/2026-16:11:24] [I] Average on 1 runs - GPU latency: 9.54883 ms - Host latency: 9.69531 ms (enqueue 4.30957 ms)
[10/06/2026-16:11:24] [I] Average on 1 runs - GPU latency: 9.54395 ms - Host latency: 9.70898 ms (enqueue 4.38379 ms)
[10/06/2026-16:11:24] [I] Average on 1 runs - GPU latency: 9.55957 ms - Host latency: 9.70703 ms (enqueue 4.43848 ms)
[10/06/2026-16:11:24] [I] Average on 1 runs - GPU latency: 9.54297 ms - Host latency: 9.69141 ms (enqueue 4.37695 ms)
[10/06/2026-16:11:24] [I] Average on 1 runs - GPU latency: 9.54297 ms - Host latency: 9.69531 ms (enqueue 3.41699 ms)
[10/06/2026-16:11:24] [I] Average on 1 runs - GPU latency: 9.55078 ms - Host latency: 9.69922 ms (enqueue 3.74023 ms)
[10/06/2026-16:11:24] [I] Average on 1 runs - GPU latency: 9.55859 ms - Host latency: 9.70312 ms (enqueue 3.98633 ms)
[10/06/2026-16:11:24] [I] Average on 1 runs - GPU latency: 9.55664 ms - Host latency: 9.70508 ms (enqueue 4.38477 ms)
[10/06/2026-16:11:24] [I] Average on 1 runs - GPU latency: 9.54297 ms - Host latency: 9.69141 ms (enqueue 4.4082 ms)
[10/06/2026-16:11:24] [I] Average on 1 runs - GPU latency: 9.55664 ms - Host latency: 9.69727 ms (enqueue 2.18164 ms)
[10/06/2026-16:11:24] [I] Average on 1 runs - GPU latency: 9.56836 ms - Host latency: 9.71484 ms (enqueue 4.36719 ms)
[10/06/2026-16:11:24] [I] Average on 1 runs - GPU latency: 9.57227 ms - Host latency: 9.7168 ms (enqueue 4.29102 ms)
[10/06/2026-16:11:24] [I] Average on 1 runs - GPU latency: 9.54492 ms - Host latency: 9.69141 ms (enqueue 4.36133 ms)
[10/06/2026-16:11:24] [I] Average on 1 runs - GPU latency: 9.54102 ms - Host latency: 9.68945 ms (enqueue 4.36719 ms)
[10/06/2026-16:11:24] [I] Average on 1 runs - GPU latency: 9.55469 ms - Host latency: 9.69922 ms (enqueue 2.90039 ms)
[10/06/2026-16:11:24] [I] Average on 1 runs - GPU latency: 9.55078 ms - Host latency: 9.69727 ms (enqueue 4.48633 ms)
[10/06/2026-16:11:24] [I] Average on 1 runs - GPU latency: 9.55078 ms - Host latency: 9.69922 ms (enqueue 4.39844 ms)
[10/06/2026-16:11:24] [I] Average on 1 runs - GPU latency: 9.55078 ms - Host latency: 9.69727 ms (enqueue 4.44922 ms)
[10/06/2026-16:11:24] [I] Average on 1 runs - GPU latency: 9.55273 ms - Host latency: 9.70312 ms (enqueue 4.37891 ms)
[10/06/2026-16:11:24] [I] Average on 1 runs - GPU latency: 9.54492 ms - Host latency: 9.69141 ms (enqueue 4.12695 ms)
[10/06/2026-16:11:24] [I] Average on 1 runs - GPU latency: 9.55273 ms - Host latency: 9.69336 ms (enqueue 4.40625 ms)
[10/06/2026-16:11:24] [I] Average on 1 runs - GPU latency: 9.56641 ms - Host latency: 9.71484 ms (enqueue 4.42969 ms)
[10/06/2026-16:11:24] [I] Average on 1 runs - GPU latency: 9.54883 ms - Host latency: 9.69922 ms (enqueue 4.41016 ms)
[10/06/2026-16:11:24] [I] Average on 1 runs - GPU latency: 9.55273 ms - Host latency: 9.70117 ms (enqueue 4.41992 ms)
[10/06/2026-16:11:24] [I] Average on 1 runs - GPU latency: 9.53516 ms - Host latency: 9.67969 ms (enqueue 4.46289 ms)
[10/06/2026-16:11:24] [I] Average on 1 runs - GPU latency: 9.55469 ms - Host latency: 9.70117 ms (enqueue 4.42383 ms)
[10/06/2026-16:11:24] [I] Average on 1 runs - GPU latency: 9.55469 ms - Host latency: 9.69727 ms (enqueue 4.44531 ms)
[10/06/2026-16:11:24] [I] Average on 1 runs - GPU latency: 9.54688 ms - Host latency: 9.70117 ms (enqueue 4.38867 ms)
[10/06/2026-16:11:24] [I] Average on 1 runs - GPU latency: 9.55859 ms - Host latency: 9.70703 ms (enqueue 4.37109 ms)
[10/06/2026-16:11:24] [I] Average on 1 runs - GPU latency: 9.58398 ms - Host latency: 9.73438 ms (enqueue 4.37109 ms)
[10/06/2026-16:11:24] [I] Average on 1 runs - GPU latency: 9.54688 ms - Host latency: 9.68555 ms (enqueue 3.42969 ms)
[10/06/2026-16:11:24] [I] Average on 1 runs - GPU latency: 9.55078 ms - Host latency: 9.70117 ms (enqueue 3.10938 ms)
[10/06/2026-16:11:24] [I] Average on 1 runs - GPU latency: 9.54688 ms - Host latency: 9.70117 ms (enqueue 3.40039 ms)
[10/06/2026-16:11:24] [I] Average on 1 runs - GPU latency: 9.55664 ms - Host latency: 9.70117 ms (enqueue 3.15234 ms)
[10/06/2026-16:11:24] [I] Average on 1 runs - GPU latency: 9.56836 ms - Host latency: 9.70898 ms (enqueue 2.81641 ms)
[10/06/2026-16:11:24] [I] Average on 1 runs - GPU latency: 9.54688 ms - Host latency: 9.69141 ms (enqueue 2.77148 ms)
[10/06/2026-16:11:24] [I] Average on 1 runs - GPU latency: 9.55664 ms - Host latency: 9.69922 ms (enqueue 2.97852 ms)
[10/06/2026-16:11:24] [I] Average on 1 runs - GPU latency: 9.54883 ms - Host latency: 9.69727 ms (enqueue 2.76367 ms)
[10/06/2026-16:11:24] [I] Average on 1 runs - GPU latency: 9.54883 ms - Host latency: 9.69531 ms (enqueue 4.42969 ms)
[10/06/2026-16:11:24] [I] Average on 1 runs - GPU latency: 9.54297 ms - Host latency: 9.69141 ms (enqueue 4.49023 ms)
[10/06/2026-16:11:24] [I] Average on 1 runs - GPU latency: 9.55664 ms - Host latency: 9.70898 ms (enqueue 3.98633 ms)
[10/06/2026-16:11:24] [I] Average on 1 runs - GPU latency: 9.55469 ms - Host latency: 9.70898 ms (enqueue 4.41992 ms)
[10/06/2026-16:11:24] [I] Average on 1 runs - GPU latency: 9.55859 ms - Host latency: 9.7207 ms (enqueue 4.43555 ms)
[10/06/2026-16:11:24] [I] Average on 1 runs - GPU latency: 9.55078 ms - Host latency: 9.70312 ms (enqueue 4.40234 ms)
[10/06/2026-16:11:24] [I] Average on 1 runs - GPU latency: 9.5625 ms - Host latency: 9.71289 ms (enqueue 4.41602 ms)
[10/06/2026-16:11:24] [I] Average on 1 runs - GPU latency: 9.56445 ms - Host latency: 9.71289 ms (enqueue 4.34961 ms)
[10/06/2026-16:11:24] [I] Average on 1 runs - GPU latency: 9.55469 ms - Host latency: 9.70508 ms (enqueue 4.39258 ms)
[10/06/2026-16:11:24] [I] Average on 1 runs - GPU latency: 9.5625 ms - Host latency: 9.70898 ms (enqueue 4.42383 ms)
[10/06/2026-16:11:24] [I] Average on 1 runs - GPU latency: 9.54688 ms - Host latency: 9.69727 ms (enqueue 4.43164 ms)
[10/06/2026-16:11:24] [I] Average on 1 runs - GPU latency: 9.55273 ms - Host latency: 9.70117 ms (enqueue 4.41797 ms)
[10/06/2026-16:11:24] [I] Average on 1 runs - GPU latency: 9.55664 ms - Host latency: 9.70508 ms (enqueue 4.45312 ms)
[10/06/2026-16:11:24] [I] Average on 1 runs - GPU latency: 9.55664 ms - Host latency: 9.69336 ms (enqueue 2.21094 ms)
[10/06/2026-16:11:24] [I] Average on 1 runs - GPU latency: 9.55469 ms - Host latency: 9.70117 ms (enqueue 4.42578 ms)
[10/06/2026-16:11:24] [I] Average on 1 runs - GPU latency: 9.56445 ms - Host latency: 9.70898 ms (enqueue 4.4375 ms)
[10/06/2026-16:11:24] [I] Average on 1 runs - GPU latency: 9.56055 ms - Host latency: 9.70703 ms (enqueue 4.40625 ms)
[10/06/2026-16:11:24] [I] Average on 1 runs - GPU latency: 9.56055 ms - Host latency: 9.72852 ms (enqueue 4.37109 ms)
[10/06/2026-16:11:24] [I] Average on 1 runs - GPU latency: 9.55664 ms - Host latency: 9.70312 ms (enqueue 2.54688 ms)
[10/06/2026-16:11:24] [I] Average on 1 runs - GPU latency: 9.54492 ms - Host latency: 9.70312 ms (enqueue 3.63086 ms)
[10/06/2026-16:11:24] [I] Average on 1 runs - GPU latency: 9.53906 ms - Host latency: 9.69141 ms (enqueue 2.94531 ms)
[10/06/2026-16:11:24] [I] Average on 1 runs - GPU latency: 9.54492 ms - Host latency: 9.69141 ms (enqueue 3.18945 ms)
[10/06/2026-16:11:24] [I] Average on 1 runs - GPU latency: 9.53125 ms - Host latency: 9.66602 ms (enqueue 3.26953 ms)
[10/06/2026-16:11:24] [I] Average on 1 runs - GPU latency: 9.54883 ms - Host latency: 9.69141 ms (enqueue 3.39062 ms)
[10/06/2026-16:11:24] [I] Average on 1 runs - GPU latency: 9.55078 ms - Host latency: 9.69922 ms (enqueue 3.81641 ms)
[10/06/2026-16:11:24] [I] Average on 1 runs - GPU latency: 9.54883 ms - Host latency: 9.69336 ms (enqueue 3.97656 ms)
[10/06/2026-16:11:24] [I] Average on 1 runs - GPU latency: 9.55664 ms - Host latency: 9.70508 ms (enqueue 4.37695 ms)
[10/06/2026-16:11:24] [I] Average on 1 runs - GPU latency: 9.54102 ms - Host latency: 9.68555 ms (enqueue 4.34375 ms)
[10/06/2026-16:11:24] [I] Average on 1 runs - GPU latency: 9.55859 ms - Host latency: 9.70508 ms (enqueue 4.44141 ms)
[10/06/2026-16:11:24] [I] Average on 1 runs - GPU latency: 9.55469 ms - Host latency: 9.70898 ms (enqueue 4.42188 ms)
[10/06/2026-16:11:24] [I] Average on 1 runs - GPU latency: 9.5625 ms - Host latency: 9.71094 ms (enqueue 4.40625 ms)
[10/06/2026-16:11:24] [I] Average on 1 runs - GPU latency: 9.55664 ms - Host latency: 9.70703 ms (enqueue 4.41211 ms)
[10/06/2026-16:11:24] [I] Average on 1 runs - GPU latency: 9.55859 ms - Host latency: 9.69922 ms (enqueue 4.41406 ms)
[10/06/2026-16:11:24] [I] Average on 1 runs - GPU latency: 9.54297 ms - Host latency: 9.69336 ms (enqueue 4.50391 ms)
[10/06/2026-16:11:24] [I] Average on 1 runs - GPU latency: 9.54883 ms - Host latency: 9.69141 ms (enqueue 2.96875 ms)
[10/06/2026-16:11:24] [I] Average on 1 runs - GPU latency: 9.56836 ms - Host latency: 9.71875 ms (enqueue 4.42188 ms)
[10/06/2026-16:11:24] [I] Average on 1 runs - GPU latency: 9.53516 ms - Host latency: 9.6875 ms (enqueue 4.42383 ms)
[10/06/2026-16:11:24] [I] Average on 1 runs - GPU latency: 9.55859 ms - Host latency: 9.70703 ms (enqueue 4.34766 ms)
[10/06/2026-16:11:24] [I] Average on 1 runs - GPU latency: 9.55273 ms - Host latency: 9.70312 ms (enqueue 4.37305 ms)
[10/06/2026-16:11:24] [I] Average on 1 runs - GPU latency: 9.55273 ms - Host latency: 9.71094 ms (enqueue 2.54688 ms)
[10/06/2026-16:11:24] [I] Average on 1 runs - GPU latency: 9.55469 ms - Host latency: 9.70312 ms (enqueue 4.42383 ms)
[10/06/2026-16:11:24] [I] Average on 1 runs - GPU latency: 9.55273 ms - Host latency: 9.69922 ms (enqueue 4.39062 ms)
[10/06/2026-16:11:24] [I] Average on 1 runs - GPU latency: 9.55469 ms - Host latency: 9.70508 ms (enqueue 4.33594 ms)
[10/06/2026-16:11:24] [I] Average on 1 runs - GPU latency: 9.54492 ms - Host latency: 9.69141 ms (enqueue 4.41602 ms)
[10/06/2026-16:11:24] [I] Average on 1 runs - GPU latency: 9.55859 ms - Host latency: 9.70508 ms (enqueue 3.56055 ms)
[10/06/2026-16:11:24] [I] Average on 1 runs - GPU latency: 9.56445 ms - Host latency: 9.75195 ms (enqueue 4.45508 ms)
[10/06/2026-16:11:24] [I] Average on 1 runs - GPU latency: 9.54883 ms - Host latency: 9.69141 ms (enqueue 3.26562 ms)
[10/06/2026-16:11:24] [I] Average on 1 runs - GPU latency: 9.55469 ms - Host latency: 9.70898 ms (enqueue 4.5332 ms)
[10/06/2026-16:11:24] [I] Average on 1 runs - GPU latency: 9.54492 ms - Host latency: 9.69531 ms (enqueue 4.21484 ms)
[10/06/2026-16:11:24] [I] Average on 1 runs - GPU latency: 9.55469 ms - Host latency: 9.69922 ms (enqueue 4.36133 ms)
[10/06/2026-16:11:24] [I] Average on 1 runs - GPU latency: 9.55469 ms - Host latency: 9.69141 ms (enqueue 4.32422 ms)
[10/06/2026-16:11:24] [I] Average on 1 runs - GPU latency: 9.55273 ms - Host latency: 9.69922 ms (enqueue 4.33984 ms)
[10/06/2026-16:11:24] [I] Average on 1 runs - GPU latency: 9.55078 ms - Host latency: 9.69141 ms (enqueue 3.14062 ms)
[10/06/2026-16:11:24] [I] Average on 1 runs - GPU latency: 9.54492 ms - Host latency: 9.70117 ms (enqueue 3.28906 ms)
[10/06/2026-16:11:24] [I] Average on 1 runs - GPU latency: 9.55273 ms - Host latency: 9.69727 ms (enqueue 2.89844 ms)
[10/06/2026-16:11:24] [I] Average on 1 runs - GPU latency: 9.53711 ms - Host latency: 9.67578 ms (enqueue 2.86523 ms)
[10/06/2026-16:11:24] [I] Average on 1 runs - GPU latency: 9.54688 ms - Host latency: 9.69922 ms (enqueue 2.94336 ms)
[10/06/2026-16:11:24] [I] Average on 1 runs - GPU latency: 9.5625 ms - Host latency: 9.70898 ms (enqueue 2.68359 ms)
[10/06/2026-16:11:24] [I] Average on 1 runs - GPU latency: 9.5625 ms - Host latency: 9.70508 ms (enqueue 2.69336 ms)
[10/06/2026-16:11:24] [I] Average on 1 runs - GPU latency: 9.54297 ms - Host latency: 9.69922 ms (enqueue 4.48438 ms)
[10/06/2026-16:11:24] [I] Average on 1 runs - GPU latency: 9.55859 ms - Host latency: 9.71094 ms (enqueue 2.40234 ms)
[10/06/2026-16:11:24] [I] Average on 1 runs - GPU latency: 9.54883 ms - Host latency: 9.70117 ms (enqueue 4.47852 ms)
[10/06/2026-16:11:24] [I] Average on 1 runs - GPU latency: 9.54102 ms - Host latency: 9.6875 ms (enqueue 4.48047 ms)
[10/06/2026-16:11:24] [I] Average on 1 runs - GPU latency: 9.55664 ms - Host latency: 9.70703 ms (enqueue 4.46289 ms)
[10/06/2026-16:11:24] [I] Average on 1 runs - GPU latency: 9.54297 ms - Host latency: 9.68555 ms (enqueue 4.4082 ms)
[10/06/2026-16:11:24] [I] Average on 1 runs - GPU latency: 9.55273 ms - Host latency: 9.69922 ms (enqueue 3.41406 ms)
[10/06/2026-16:11:24] [I] Average on 1 runs - GPU latency: 9.55078 ms - Host latency: 9.69727 ms (enqueue 4.42969 ms)
[10/06/2026-16:11:24] [I] Average on 1 runs - GPU latency: 9.57031 ms - Host latency: 9.71094 ms (enqueue 4.37305 ms)
[10/06/2026-16:11:24] [I] Average on 1 runs - GPU latency: 9.55859 ms - Host latency: 9.70508 ms (enqueue 4.41406 ms)
[10/06/2026-16:11:24] [I] Average on 1 runs - GPU latency: 9.54492 ms - Host latency: 9.69531 ms (enqueue 4.39453 ms)
[10/06/2026-16:11:24] [I] Average on 1 runs - GPU latency: 9.54297 ms - Host latency: 9.69141 ms (enqueue 4.44336 ms)
[10/06/2026-16:11:24] [I] Average on 1 runs - GPU latency: 9.55078 ms - Host latency: 9.69727 ms (enqueue 4.44141 ms)
[10/06/2026-16:11:24] [I] Average on 1 runs - GPU latency: 9.54688 ms - Host latency: 9.69141 ms (enqueue 4.41016 ms)
[10/06/2026-16:11:24] [I] Average on 1 runs - GPU latency: 9.55469 ms - Host latency: 9.69727 ms (enqueue 3.31641 ms)
[10/06/2026-16:11:24] [I] Average on 1 runs - GPU latency: 9.55273 ms - Host latency: 9.69531 ms (enqueue 3.6582 ms)
[10/06/2026-16:11:24] [I] Average on 1 runs - GPU latency: 9.54883 ms - Host latency: 9.69727 ms (enqueue 4.25391 ms)
[10/06/2026-16:11:24] [I] Average on 1 runs - GPU latency: 9.55469 ms - Host latency: 9.69336 ms (enqueue 4.50977 ms)
[10/06/2026-16:11:24] [I] Average on 1 runs - GPU latency: 9.54688 ms - Host latency: 9.6875 ms (enqueue 4.46484 ms)
[10/06/2026-16:11:24] [I] Average on 1 runs - GPU latency: 9.56055 ms - Host latency: 9.70508 ms (enqueue 4.37109 ms)
[10/06/2026-16:11:24] [I] Average on 1 runs - GPU latency: 9.55078 ms - Host latency: 9.69727 ms (enqueue 4.45117 ms)
[10/06/2026-16:11:24] [I] Average on 1 runs - GPU latency: 9.55273 ms - Host latency: 9.69531 ms (enqueue 4.41016 ms)
[10/06/2026-16:11:24] [I] Average on 1 runs - GPU latency: 9.55273 ms - Host latency: 9.69141 ms (enqueue 2.24023 ms)
[10/06/2026-16:11:24] [I] Average on 1 runs - GPU latency: 9.55859 ms - Host latency: 9.70703 ms (enqueue 4.40625 ms)
[10/06/2026-16:11:24] [I] Average on 1 runs - GPU latency: 9.55273 ms - Host latency: 9.70117 ms (enqueue 4.43164 ms)
[10/06/2026-16:11:24] [I] Average on 1 runs - GPU latency: 9.55859 ms - Host latency: 9.70898 ms (enqueue 4.37305 ms)
[10/06/2026-16:11:24] [I] Average on 1 runs - GPU latency: 9.54688 ms - Host latency: 9.69336 ms (enqueue 4.36914 ms)
[10/06/2026-16:11:24] [I] Average on 1 runs - GPU latency: 9.54688 ms - Host latency: 9.71484 ms (enqueue 3.28906 ms)
[10/06/2026-16:11:24] [I] Average on 1 runs - GPU latency: 9.56445 ms - Host latency: 9.71094 ms (enqueue 4.42383 ms)
[10/06/2026-16:11:24] [I] Average on 1 runs - GPU latency: 9.5625 ms - Host latency: 9.71094 ms (enqueue 4.43555 ms)
[10/06/2026-16:11:24] [I] Average on 1 runs - GPU latency: 9.54297 ms - Host latency: 9.69336 ms (enqueue 4.46094 ms)
[10/06/2026-16:11:24] [I] Average on 1 runs - GPU latency: 9.54688 ms - Host latency: 9.69922 ms (enqueue 4.42188 ms)
[10/06/2026-16:11:24] [I] Average on 1 runs - GPU latency: 9.55859 ms - Host latency: 9.70703 ms (enqueue 4.35547 ms)
[10/06/2026-16:11:24] [I] Average on 1 runs - GPU latency: 9.54688 ms - Host latency: 9.69727 ms (enqueue 4.46875 ms)
[10/06/2026-16:11:24] [I] Average on 1 runs - GPU latency: 9.5625 ms - Host latency: 9.70703 ms (enqueue 4.41992 ms)
[10/06/2026-16:11:24] [I] Average on 1 runs - GPU latency: 9.56055 ms - Host latency: 9.70703 ms (enqueue 4.41602 ms)
[10/06/2026-16:11:24] [I] Average on 1 runs - GPU latency: 9.55664 ms - Host latency: 9.74805 ms (enqueue 4.54883 ms)
[10/06/2026-16:11:24] [I] Average on 1 runs - GPU latency: 9.55469 ms - Host latency: 9.70117 ms (enqueue 4.4043 ms)
[10/06/2026-16:11:24] [I] Average on 1 runs - GPU latency: 9.56445 ms - Host latency: 9.70703 ms (enqueue 4.43945 ms)
[10/06/2026-16:11:24] [I] Average on 1 runs - GPU latency: 9.55469 ms - Host latency: 9.70703 ms (enqueue 4.41406 ms)
[10/06/2026-16:11:24] [I] Average on 1 runs - GPU latency: 9.55273 ms - Host latency: 9.69922 ms (enqueue 3.58203 ms)
[10/06/2026-16:11:24] [I] Average on 1 runs - GPU latency: 9.55273 ms - Host latency: 9.69727 ms (enqueue 3.3125 ms)
[10/06/2026-16:11:24] [I] Average on 1 runs - GPU latency: 9.56445 ms - Host latency: 9.70898 ms (enqueue 3.72656 ms)
[10/06/2026-16:11:24] [I] Average on 1 runs - GPU latency: 9.55273 ms - Host latency: 9.69141 ms (enqueue 2.20508 ms)
[10/06/2026-16:11:24] [I] Average on 1 runs - GPU latency: 9.5625 ms - Host latency: 9.70898 ms (enqueue 4.42188 ms)
[10/06/2026-16:11:24] [I] Average on 1 runs - GPU latency: 9.54492 ms - Host latency: 9.68945 ms (enqueue 4.36914 ms)
[10/06/2026-16:11:24] [I] Average on 1 runs - GPU latency: 9.55078 ms - Host latency: 9.70117 ms (enqueue 4.38281 ms)
[10/06/2026-16:11:24] [I] Average on 1 runs - GPU latency: 9.54883 ms - Host latency: 9.69531 ms (enqueue 4.41797 ms)
[10/06/2026-16:11:24] [I] Average on 1 runs - GPU latency: 9.55078 ms - Host latency: 9.69922 ms (enqueue 2.93164 ms)
[10/06/2026-16:11:24] [I] Average on 1 runs - GPU latency: 9.55078 ms - Host latency: 9.69336 ms (enqueue 4.49805 ms)
[10/06/2026-16:11:24] [I] Average on 1 runs - GPU latency: 9.55859 ms - Host latency: 9.70703 ms (enqueue 4.34766 ms)
[10/06/2026-16:11:24] [I] Average on 1 runs - GPU latency: 9.55859 ms - Host latency: 9.70703 ms (enqueue 3.96484 ms)
[10/06/2026-16:11:24] [I] Average on 1 runs - GPU latency: 9.54492 ms - Host latency: 9.69531 ms (enqueue 2.85156 ms)
[10/06/2026-16:11:24] [I] Average on 1 runs - GPU latency: 9.55078 ms - Host latency: 9.69727 ms (enqueue 2.99219 ms)
[10/06/2026-16:11:24] [I] Average on 1 runs - GPU latency: 9.54688 ms - Host latency: 9.69531 ms (enqueue 2.83398 ms)
[10/06/2026-16:11:24] [I] Average on 1 runs - GPU latency: 9.54688 ms - Host latency: 9.69922 ms (enqueue 3.3418 ms)
[10/06/2026-16:11:24] [I] Average on 1 runs - GPU latency: 9.55859 ms - Host latency: 9.70312 ms (enqueue 2.90625 ms)
[10/06/2026-16:11:24] [I] Average on 1 runs - GPU latency: 9.55859 ms - Host latency: 9.69922 ms (enqueue 2.75586 ms)
[10/06/2026-16:11:24] [I] Average on 1 runs - GPU latency: 9.54492 ms - Host latency: 9.68555 ms (enqueue 4.60547 ms)
[10/06/2026-16:11:24] [I] Average on 1 runs - GPU latency: 9.54883 ms - Host latency: 9.71289 ms (enqueue 4.44727 ms)
[10/06/2026-16:11:24] [I] Average on 1 runs - GPU latency: 9.54688 ms - Host latency: 9.69531 ms (enqueue 4.41602 ms)
[10/06/2026-16:11:24] [I] Average on 1 runs - GPU latency: 9.55078 ms - Host latency: 9.70117 ms (enqueue 4.40625 ms)
[10/06/2026-16:11:24] [I] Average on 1 runs - GPU latency: 9.55859 ms - Host latency: 9.70898 ms (enqueue 4.34375 ms)
[10/06/2026-16:11:24] [I] Average on 1 runs - GPU latency: 9.55469 ms - Host latency: 9.70508 ms (enqueue 4.53516 ms)
[10/06/2026-16:11:24] [I] Average on 1 runs - GPU latency: 9.54883 ms - Host latency: 9.69531 ms (enqueue 2.19141 ms)
[10/06/2026-16:11:24] [I] Average on 1 runs - GPU latency: 9.55469 ms - Host latency: 9.70508 ms (enqueue 4.31055 ms)
[10/06/2026-16:11:24] [I] Average on 1 runs - GPU latency: 9.54297 ms - Host latency: 9.68945 ms (enqueue 4.41992 ms)
[10/06/2026-16:11:24] [I] Average on 1 runs - GPU latency: 9.54883 ms - Host latency: 9.69141 ms (enqueue 3.12695 ms)
[10/06/2026-16:11:24] [I] Average on 1 runs - GPU latency: 9.55469 ms - Host latency: 9.7168 ms (enqueue 3.36719 ms)
[10/06/2026-16:11:24] [I] Average on 1 runs - GPU latency: 9.55859 ms - Host latency: 9.69922 ms (enqueue 2.67188 ms)
[10/06/2026-16:11:24] [I] Average on 1 runs - GPU latency: 9.55859 ms - Host latency: 9.70117 ms (enqueue 4.26172 ms)
[10/06/2026-16:11:24] [I] Average on 1 runs - GPU latency: 9.55273 ms - Host latency: 9.70117 ms (enqueue 4.37305 ms)
[10/06/2026-16:11:24] [I] Average on 1 runs - GPU latency: 9.55078 ms - Host latency: 9.69727 ms (enqueue 4.43555 ms)
[10/06/2026-16:11:24] [I] Average on 1 runs - GPU latency: 9.55469 ms - Host latency: 9.70312 ms (enqueue 4.34961 ms)
[10/06/2026-16:11:24] [I] Average on 1 runs - GPU latency: 9.55469 ms - Host latency: 9.70117 ms (enqueue 3.98242 ms)
[10/06/2026-16:11:24] [I] Average on 1 runs - GPU latency: 9.56055 ms - Host latency: 9.70898 ms (enqueue 4.46094 ms)
[10/06/2026-16:11:24] [I] Average on 1 runs - GPU latency: 9.55273 ms - Host latency: 9.69531 ms (enqueue 4.39648 ms)
[10/06/2026-16:11:24] [I] Average on 1 runs - GPU latency: 9.51758 ms - Host latency: 9.66016 ms (enqueue 4.36328 ms)
[10/06/2026-16:11:24] [I] 
[10/06/2026-16:11:24] [I] === Performance summary ===
[10/06/2026-16:11:24] [I] Throughput: 104.556 qps
[10/06/2026-16:11:24] [I] Latency: min = 9.66016 ms, max = 9.80688 ms, mean = 9.70202 ms, median = 9.70117 ms, percentile(90%) = 9.71436 ms, percentile(95%) = 9.7207 ms, percentile(99%) = 9.74463 ms
[10/06/2026-16:11:24] [I] Enqueue Time: min = 2.18164 ms, max = 6.03687 ms, mean = 4.29265 ms, median = 4.37305 ms, percentile(90%) = 4.44678 ms, percentile(95%) = 4.47168 ms, percentile(99%) = 4.56616 ms
[10/06/2026-16:11:24] [I] H2D Latency: min = 0.126953 ms, max = 0.239502 ms, mean = 0.139393 ms, median = 0.138062 ms, percentile(90%) = 0.142578 ms, percentile(95%) = 0.154785 ms, percentile(99%) = 0.178711 ms
[10/06/2026-16:11:24] [I] GPU Compute Time: min = 9.51758 ms, max = 9.58398 ms, mean = 9.55267 ms, median = 9.55273 ms, percentile(90%) = 9.56299 ms, percentile(95%) = 9.56641 ms, percentile(99%) = 9.57227 ms
[10/06/2026-16:11:24] [I] D2H Latency: min = 0.00585938 ms, max = 0.0126953 ms, mean = 0.00993895 ms, median = 0.00976562 ms, percentile(90%) = 0.0107422 ms, percentile(95%) = 0.0117188 ms, percentile(99%) = 0.0117188 ms
[10/06/2026-16:11:24] [I] Total Host Walltime: 15.035 s
[10/06/2026-16:11:24] [I] Total GPU Compute Time: 15.0168 s
[10/06/2026-16:11:24] [I] Explanations of the performance metrics are printed in the verbose logs.
[10/06/2026-16:11:24] [I] 
&&&& PASSED TensorRT.trtexec [TensorRT v100300] # /usr/src/tensorrt/bin/trtexec --loadEngine=/tmp/yolo26n_84172_uint8_fp16_opt3.engine --warmUp=3000 --duration=15 --idleTime=0 --avgRuns=1
