&&&& RUNNING TensorRT.trtexec [TensorRT v100300] # /usr/src/tensorrt/bin/trtexec --loadEngine=/tmp/engines/y26s_640_uint8_opt3.engine --warmUp=3000 --duration=15 --idleTime=2 --avgRuns=1
[10/04/2026-22:04:27] [I] === Model Options ===
[10/04/2026-22:04:27] [I] Format: *
[10/04/2026-22:04:27] [I] Model: 
[10/04/2026-22:04:27] [I] Output:
[10/04/2026-22:04:27] [I] 
[10/04/2026-22:04:27] [I] === System Options ===
[10/04/2026-22:04:27] [I] Device: 0
[10/04/2026-22:04:27] [I] DLACore: 
[10/04/2026-22:04:27] [I] Plugins:
[10/04/2026-22:04:27] [I] setPluginsToSerialize:
[10/04/2026-22:04:27] [I] dynamicPlugins:
[10/04/2026-22:04:27] [I] ignoreParsedPluginLibs: 0
[10/04/2026-22:04:27] [I] 
[10/04/2026-22:04:27] [I] === Inference Options ===
[10/04/2026-22:04:27] [I] Batch: Explicit
[10/04/2026-22:04:27] [I] Input inference shapes: model
[10/04/2026-22:04:27] [I] Iterations: 10
[10/04/2026-22:04:27] [I] Duration: 15s (+ 3000ms warm up)
[10/04/2026-22:04:27] [I] Sleep time: 0ms
[10/04/2026-22:04:27] [I] Idle time: 2ms
[10/04/2026-22:04:27] [I] Inference Streams: 1
[10/04/2026-22:04:27] [I] ExposeDMA: Disabled
[10/04/2026-22:04:27] [I] Data transfers: Enabled
[10/04/2026-22:04:27] [I] Spin-wait: Disabled
[10/04/2026-22:04:27] [I] Multithreading: Disabled
[10/04/2026-22:04:27] [I] CUDA Graph: Disabled
[10/04/2026-22:04:27] [I] Separate profiling: Disabled
[10/04/2026-22:04:27] [I] Time Deserialize: Disabled
[10/04/2026-22:04:27] [I] Time Refit: Disabled
[10/04/2026-22:04:27] [I] NVTX verbosity: 0
[10/04/2026-22:04:27] [I] Persistent Cache Ratio: 0
[10/04/2026-22:04:27] [I] Optimization Profile Index: 0
[10/04/2026-22:04:27] [I] Weight Streaming Budget: 100.000000%
[10/04/2026-22:04:27] [I] Inputs:
[10/04/2026-22:04:27] [I] Debug Tensor Save Destinations:
[10/04/2026-22:04:27] [I] === Reporting Options ===
[10/04/2026-22:04:27] [I] Verbose: Disabled
[10/04/2026-22:04:27] [I] Averages: 1 inferences
[10/04/2026-22:04:27] [I] Percentiles: 90,95,99
[10/04/2026-22:04:27] [I] Dump refittable layers:Disabled
[10/04/2026-22:04:27] [I] Dump output: Disabled
[10/04/2026-22:04:27] [I] Profile: Disabled
[10/04/2026-22:04:27] [I] Export timing to JSON file: 
[10/04/2026-22:04:27] [I] Export output to JSON file: 
[10/04/2026-22:04:27] [I] Export profile to JSON file: 
[10/04/2026-22:04:27] [I] 
[10/04/2026-22:04:27] [I] === Device Information ===
[10/04/2026-22:04:27] [I] Available Devices: 
[10/04/2026-22:04:27] [I]   Device 0: "Orin" UUID: GPU-6e16c2c1-e394-5324-8f2e-63a975968f4e
[10/04/2026-22:04:27] [I] Selected Device: Orin
[10/04/2026-22:04:27] [I] Selected Device ID: 0
[10/04/2026-22:04:27] [I] Selected Device UUID: GPU-6e16c2c1-e394-5324-8f2e-63a975968f4e
[10/04/2026-22:04:27] [I] Compute Capability: 8.7
[10/04/2026-22:04:27] [I] SMs: 8
[10/04/2026-22:04:27] [I] Device Global Memory: 7607 MiB
[10/04/2026-22:04:27] [I] Shared Memory per SM: 164 KiB
[10/04/2026-22:04:27] [I] Memory Bus Width: 128 bits (ECC disabled)
[10/04/2026-22:04:27] [I] Application Compute Clock Rate: 1.02 GHz
[10/04/2026-22:04:27] [I] Application Memory Clock Rate: 1.02 GHz
[10/04/2026-22:04:27] [I] 
[10/04/2026-22:04:27] [I] Note: The application clock rates do not reflect the actual clock rates that the GPU is currently running at.
[10/04/2026-22:04:27] [I] 
[10/04/2026-22:04:27] [I] TensorRT version: 10.3.0
[10/04/2026-22:04:27] [I] Loading standard plugins
[10/04/2026-22:04:27] [I] [TRT] Loaded engine size: 21 MiB
[10/04/2026-22:04:27] [I] Engine deserialized in 0.0897854 sec.
[10/04/2026-22:04:27] [I] [TRT] [MemUsageChange] TensorRT-managed allocation in IExecutionContext creation: CPU +0, GPU +18, now: CPU 0, GPU 36 (MiB)
[10/04/2026-22:04:27] [I] Setting persistentCacheLimit to 0 bytes.
[10/04/2026-22:04:27] [I] Created execution context with device memory size: 18.1641 MiB
[10/04/2026-22:04:27] [I] Using random values for input images
[10/04/2026-22:04:27] [I] Input binding for images with dimensions 1x640x640x3 is created.
[10/04/2026-22:04:27] [I] Output binding for output0 with dimensions 1x300x6 is created.
[10/04/2026-22:04:27] [I] Starting inference
[10/04/2026-22:04:45] [I] Warmup completed 413 queries over 3000 ms
[10/04/2026-22:04:45] [I] Timing trace has 2217 queries over 15.0185 s
[10/04/2026-22:04:45] [I] 
[10/04/2026-22:04:45] [I] === Trace details ===
[10/04/2026-22:04:45] [I] Trace averages of 1 runs:
[10/04/2026-22:04:45] [I] Average on 1 runs - GPU latency: 6.80078 ms - Host latency: 6.97241 ms (enqueue 4.16406 ms)
[10/04/2026-22:04:45] [I] Average on 1 runs - GPU latency: 6.78662 ms - Host latency: 6.95117 ms (enqueue 3.37622 ms)
[10/04/2026-22:04:45] [I] Average on 1 runs - GPU latency: 6.7688 ms - Host latency: 6.91357 ms (enqueue 3.1897 ms)
[10/04/2026-22:04:45] [I] Average on 1 runs - GPU latency: 6.76294 ms - Host latency: 6.84424 ms (enqueue 2.98364 ms)
[10/04/2026-22:04:45] [I] Average on 1 runs - GPU latency: 6.78149 ms - Host latency: 6.85889 ms (enqueue 2.83276 ms)
[10/04/2026-22:04:45] [I] Average on 1 runs - GPU latency: 6.77368 ms - Host latency: 6.85156 ms (enqueue 2.54614 ms)
[10/04/2026-22:04:45] [I] Average on 1 runs - GPU latency: 6.78271 ms - Host latency: 6.86719 ms (enqueue 4.32153 ms)
[10/04/2026-22:04:45] [I] Average on 1 runs - GPU latency: 6.78491 ms - Host latency: 6.8728 ms (enqueue 4.30981 ms)
[10/04/2026-22:04:45] [I] Average on 1 runs - GPU latency: 6.77563 ms - Host latency: 6.86353 ms (enqueue 4.27881 ms)
[10/04/2026-22:04:45] [I] Average on 1 runs - GPU latency: 6.78076 ms - Host latency: 6.85938 ms (enqueue 4.21167 ms)
[10/04/2026-22:04:45] [I] Average on 1 runs - GPU latency: 6.75537 ms - Host latency: 6.83691 ms (enqueue 3.59106 ms)
[10/04/2026-22:04:45] [I] Average on 1 runs - GPU latency: 6.76514 ms - Host latency: 6.84399 ms (enqueue 4.33472 ms)
[10/04/2026-22:04:45] [I] Average on 1 runs - GPU latency: 6.7627 ms - Host latency: 6.84399 ms (enqueue 4.33325 ms)
[10/04/2026-22:04:45] [I] Average on 1 runs - GPU latency: 6.77808 ms - Host latency: 6.85693 ms (enqueue 4.20508 ms)
[10/04/2026-22:04:45] [I] Average on 1 runs - GPU latency: 6.77197 ms - Host latency: 6.85449 ms (enqueue 4.25049 ms)
[10/04/2026-22:04:45] [I] Average on 1 runs - GPU latency: 6.76904 ms - Host latency: 6.84961 ms (enqueue 4.18994 ms)
[10/04/2026-22:04:45] [I] Average on 1 runs - GPU latency: 6.7749 ms - Host latency: 6.85596 ms (enqueue 4.19482 ms)
[10/04/2026-22:04:45] [I] Average on 1 runs - GPU latency: 6.7793 ms - Host latency: 6.86279 ms (enqueue 4.24878 ms)
[10/04/2026-22:04:45] [I] Average on 1 runs - GPU latency: 6.77026 ms - Host latency: 6.84448 ms (enqueue 2.11768 ms)
[10/04/2026-22:04:45] [I] Average on 1 runs - GPU latency: 6.77222 ms - Host latency: 6.85498 ms (enqueue 4.47388 ms)
[10/04/2026-22:04:45] [I] Average on 1 runs - GPU latency: 6.77539 ms - Host latency: 6.85693 ms (enqueue 4.20386 ms)
[10/04/2026-22:04:45] [I] Average on 1 runs - GPU latency: 6.76147 ms - Host latency: 6.84644 ms (enqueue 4.21387 ms)
[10/04/2026-22:04:45] [I] Average on 1 runs - GPU latency: 6.77271 ms - Host latency: 6.85181 ms (enqueue 4.29077 ms)
[10/04/2026-22:04:45] [I] Average on 1 runs - GPU latency: 6.77051 ms - Host latency: 6.86597 ms (enqueue 4.27344 ms)
[10/04/2026-22:04:45] [I] Average on 1 runs - GPU latency: 6.75708 ms - Host latency: 6.83716 ms (enqueue 4.19922 ms)
[10/04/2026-22:04:45] [I] Average on 1 runs - GPU latency: 6.76611 ms - Host latency: 6.84302 ms (enqueue 2.82739 ms)
[10/04/2026-22:04:45] [I] Average on 1 runs - GPU latency: 6.77295 ms - Host latency: 6.8562 ms (enqueue 4.23926 ms)
[10/04/2026-22:04:45] [I] Average on 1 runs - GPU latency: 6.76123 ms - Host latency: 6.84595 ms (enqueue 4.2876 ms)
[10/04/2026-22:04:45] [I] Average on 1 runs - GPU latency: 6.76758 ms - Host latency: 6.85498 ms (enqueue 4.25317 ms)
[10/04/2026-22:04:45] [I] Average on 1 runs - GPU latency: 6.76562 ms - Host latency: 6.84961 ms (enqueue 4.2124 ms)
[10/04/2026-22:04:45] [I] Average on 1 runs - GPU latency: 6.77295 ms - Host latency: 6.85156 ms (enqueue 4.22949 ms)
[10/04/2026-22:04:45] [I] Average on 1 runs - GPU latency: 6.76855 ms - Host latency: 6.84912 ms (enqueue 4.17725 ms)
[10/04/2026-22:04:45] [I] Average on 1 runs - GPU latency: 6.78638 ms - Host latency: 6.86157 ms (enqueue 3.97974 ms)
[10/04/2026-22:04:45] [I] Average on 1 runs - GPU latency: 6.77808 ms - Host latency: 6.86401 ms (enqueue 4.36816 ms)
[10/04/2026-22:04:45] [I] Average on 1 runs - GPU latency: 6.75903 ms - Host latency: 6.83838 ms (enqueue 4.23511 ms)
[10/04/2026-22:04:45] [I] Average on 1 runs - GPU latency: 6.77539 ms - Host latency: 6.85352 ms (enqueue 4.24146 ms)
[10/04/2026-22:04:45] [I] Average on 1 runs - GPU latency: 6.76343 ms - Host latency: 6.84277 ms (enqueue 4.20386 ms)
[10/04/2026-22:04:45] [I] Average on 1 runs - GPU latency: 6.76685 ms - Host latency: 6.86084 ms (enqueue 4.20215 ms)
[10/04/2026-22:04:45] [I] Average on 1 runs - GPU latency: 6.77734 ms - Host latency: 6.85767 ms (enqueue 4.33447 ms)
[10/04/2026-22:04:45] [I] Average on 1 runs - GPU latency: 6.76782 ms - Host latency: 6.84375 ms (enqueue 4.19824 ms)
[10/04/2026-22:04:45] [I] Average on 1 runs - GPU latency: 6.75659 ms - Host latency: 6.82764 ms (enqueue 2.1814 ms)
[10/04/2026-22:04:45] [I] Average on 1 runs - GPU latency: 6.76074 ms - Host latency: 6.84424 ms (enqueue 4.34497 ms)
[10/04/2026-22:04:45] [I] Average on 1 runs - GPU latency: 6.77441 ms - Host latency: 6.85327 ms (enqueue 4.27002 ms)
[10/04/2026-22:04:45] [I] Average on 1 runs - GPU latency: 6.76758 ms - Host latency: 6.84521 ms (enqueue 4.23169 ms)
[10/04/2026-22:04:45] [I] Average on 1 runs - GPU latency: 6.76489 ms - Host latency: 6.84399 ms (enqueue 4.20581 ms)
[10/04/2026-22:04:45] [I] Average on 1 runs - GPU latency: 6.77173 ms - Host latency: 6.85962 ms (enqueue 4.19116 ms)
[10/04/2026-22:04:45] [I] Average on 1 runs - GPU latency: 6.77075 ms - Host latency: 6.85254 ms (enqueue 4.19116 ms)
[10/04/2026-22:04:45] [I] Average on 1 runs - GPU latency: 6.77368 ms - Host latency: 6.85449 ms (enqueue 3.41943 ms)
[10/04/2026-22:04:45] [I] Average on 1 runs - GPU latency: 6.76782 ms - Host latency: 6.84912 ms (enqueue 4.19312 ms)
[10/04/2026-22:04:45] [I] Average on 1 runs - GPU latency: 6.76367 ms - Host latency: 6.84277 ms (enqueue 4.2688 ms)
[10/04/2026-22:04:45] [I] Average on 1 runs - GPU latency: 6.77124 ms - Host latency: 6.85278 ms (enqueue 4.24707 ms)
[10/04/2026-22:04:45] [I] Average on 1 runs - GPU latency: 6.76221 ms - Host latency: 6.8396 ms (enqueue 4.2644 ms)
[10/04/2026-22:04:45] [I] Average on 1 runs - GPU latency: 6.78076 ms - Host latency: 6.85791 ms (enqueue 4.19458 ms)
[10/04/2026-22:04:45] [I] Average on 1 runs - GPU latency: 6.76196 ms - Host latency: 6.83984 ms (enqueue 4.25391 ms)
[10/04/2026-22:04:45] [I] Average on 1 runs - GPU latency: 6.76147 ms - Host latency: 6.83813 ms (enqueue 4.21362 ms)
[10/04/2026-22:04:45] [I] Average on 1 runs - GPU latency: 6.76465 ms - Host latency: 6.8418 ms (enqueue 4.20483 ms)
[10/04/2026-22:04:45] [I] Average on 1 runs - GPU latency: 6.75928 ms - Host latency: 6.84082 ms (enqueue 4.13013 ms)
[10/04/2026-22:04:45] [I] Average on 1 runs - GPU latency: 6.76172 ms - Host latency: 6.84326 ms (enqueue 4.11255 ms)
[10/04/2026-22:04:45] [I] Average on 1 runs - GPU latency: 6.76929 ms - Host latency: 6.84912 ms (enqueue 4.15991 ms)
[10/04/2026-22:04:45] [I] Average on 1 runs - GPU latency: 6.76392 ms - Host latency: 6.84033 ms (enqueue 4.09253 ms)
[10/04/2026-22:04:45] [I] Average on 1 runs - GPU latency: 6.77441 ms - Host latency: 6.85815 ms (enqueue 4.15942 ms)
[10/04/2026-22:04:45] [I] Average on 1 runs - GPU latency: 6.76978 ms - Host latency: 6.85547 ms (enqueue 4.20605 ms)
[10/04/2026-22:04:45] [I] Average on 1 runs - GPU latency: 6.76758 ms - Host latency: 6.8501 ms (enqueue 2.37329 ms)
[10/04/2026-22:04:45] [I] Average on 1 runs - GPU latency: 6.77368 ms - Host latency: 6.85596 ms (enqueue 4.21875 ms)
[10/04/2026-22:04:45] [I] Average on 1 runs - GPU latency: 6.78857 ms - Host latency: 6.88159 ms (enqueue 4.17627 ms)
[10/04/2026-22:04:45] [I] Average on 1 runs - GPU latency: 6.77905 ms - Host latency: 6.86255 ms (enqueue 4.18579 ms)
[10/04/2026-22:04:45] [I] Average on 1 runs - GPU latency: 6.76538 ms - Host latency: 6.85156 ms (enqueue 4.13281 ms)
[10/04/2026-22:04:45] [I] Average on 1 runs - GPU latency: 6.7605 ms - Host latency: 6.84033 ms (enqueue 4.14795 ms)
[10/04/2026-22:04:45] [I] Average on 1 runs - GPU latency: 6.75977 ms - Host latency: 6.83862 ms (enqueue 4.13599 ms)
[10/04/2026-22:04:45] [I] Average on 1 runs - GPU latency: 6.77515 ms - Host latency: 6.85522 ms (enqueue 3.73462 ms)
[10/04/2026-22:04:45] [I] Average on 1 runs - GPU latency: 6.77222 ms - Host latency: 6.8562 ms (enqueue 4.17017 ms)
[10/04/2026-22:04:45] [I] Average on 1 runs - GPU latency: 6.76709 ms - Host latency: 6.84424 ms (enqueue 4.17896 ms)
[10/04/2026-22:04:45] [I] Average on 1 runs - GPU latency: 6.77246 ms - Host latency: 6.84766 ms (enqueue 4.21631 ms)
[10/04/2026-22:04:45] [I] Average on 1 runs - GPU latency: 6.76465 ms - Host latency: 6.84595 ms (enqueue 4.18262 ms)
[10/04/2026-22:04:45] [I] Average on 1 runs - GPU latency: 6.7605 ms - Host latency: 6.84009 ms (enqueue 4.14648 ms)
[10/04/2026-22:04:45] [I] Average on 1 runs - GPU latency: 6.77612 ms - Host latency: 6.85962 ms (enqueue 4.17163 ms)
[10/04/2026-22:04:45] [I] Average on 1 runs - GPU latency: 6.76953 ms - Host latency: 6.84668 ms (enqueue 4.21313 ms)
[10/04/2026-22:04:45] [I] Average on 1 runs - GPU latency: 6.76782 ms - Host latency: 6.84302 ms (enqueue 2.12402 ms)
[10/04/2026-22:04:45] [I] Average on 1 runs - GPU latency: 6.76514 ms - Host latency: 6.85889 ms (enqueue 4.18848 ms)
[10/04/2026-22:04:45] [I] Average on 1 runs - GPU latency: 6.76514 ms - Host latency: 6.84839 ms (enqueue 4.20337 ms)
[10/04/2026-22:04:45] [I] Average on 1 runs - GPU latency: 6.77026 ms - Host latency: 6.85547 ms (enqueue 4.1792 ms)
[10/04/2026-22:04:45] [I] Average on 1 runs - GPU latency: 6.771 ms - Host latency: 6.85107 ms (enqueue 4.21631 ms)
[10/04/2026-22:04:45] [I] Average on 1 runs - GPU latency: 6.78198 ms - Host latency: 6.85791 ms (enqueue 4.15698 ms)
[10/04/2026-22:04:45] [I] Average on 1 runs - GPU latency: 6.80078 ms - Host latency: 6.87769 ms (enqueue 2.14233 ms)
[10/04/2026-22:04:45] [I] Average on 1 runs - GPU latency: 6.76587 ms - Host latency: 6.85547 ms (enqueue 3.07056 ms)
[10/04/2026-22:04:45] [I] Average on 1 runs - GPU latency: 6.76636 ms - Host latency: 6.85083 ms (enqueue 2.77271 ms)
[10/04/2026-22:04:45] [I] Average on 1 runs - GPU latency: 6.78271 ms - Host latency: 6.8584 ms (enqueue 2.43457 ms)
[10/04/2026-22:04:45] [I] Average on 1 runs - GPU latency: 6.76929 ms - Host latency: 6.8418 ms (enqueue 2.44922 ms)
[10/04/2026-22:04:45] [I] Average on 1 runs - GPU latency: 6.76733 ms - Host latency: 6.84692 ms (enqueue 2.83032 ms)
[10/04/2026-22:04:45] [I] Average on 1 runs - GPU latency: 6.77856 ms - Host latency: 6.85425 ms (enqueue 2.51904 ms)
[10/04/2026-22:04:45] [I] Average on 1 runs - GPU latency: 6.76611 ms - Host latency: 6.85156 ms (enqueue 2.40698 ms)
[10/04/2026-22:04:45] [I] Average on 1 runs - GPU latency: 6.76855 ms - Host latency: 6.85034 ms (enqueue 4.30249 ms)
[10/04/2026-22:04:45] [I] Average on 1 runs - GPU latency: 6.76416 ms - Host latency: 6.84204 ms (enqueue 4.2002 ms)
[10/04/2026-22:04:45] [I] Average on 1 runs - GPU latency: 6.77417 ms - Host latency: 6.85571 ms (enqueue 4.21777 ms)
[10/04/2026-22:04:45] [I] Average on 1 runs - GPU latency: 6.76245 ms - Host latency: 6.84204 ms (enqueue 4.21436 ms)
[10/04/2026-22:04:45] [I] Average on 1 runs - GPU latency: 6.76392 ms - Host latency: 6.8418 ms (enqueue 4.22168 ms)
[10/04/2026-22:04:45] [I] Average on 1 runs - GPU latency: 6.75317 ms - Host latency: 6.83057 ms (enqueue 4.18848 ms)
[10/04/2026-22:04:45] [I] Average on 1 runs - GPU latency: 6.76978 ms - Host latency: 6.85645 ms (enqueue 2.47681 ms)
[10/04/2026-22:04:45] [I] Average on 1 runs - GPU latency: 6.75977 ms - Host latency: 6.84448 ms (enqueue 4.14258 ms)
[10/04/2026-22:04:45] [I] Average on 1 runs - GPU latency: 6.76172 ms - Host latency: 6.84375 ms (enqueue 2.60278 ms)
[10/04/2026-22:04:45] [I] Average on 1 runs - GPU latency: 6.76294 ms - Host latency: 6.84497 ms (enqueue 4.12329 ms)
[10/04/2026-22:04:45] [I] Average on 1 runs - GPU latency: 6.75806 ms - Host latency: 6.83667 ms (enqueue 4.19507 ms)
[10/04/2026-22:04:45] [I] Average on 1 runs - GPU latency: 6.76538 ms - Host latency: 6.84521 ms (enqueue 4.1709 ms)
[10/04/2026-22:04:45] [I] Average on 1 runs - GPU latency: 6.75806 ms - Host latency: 6.86475 ms (enqueue 4.11987 ms)
[10/04/2026-22:04:45] [I] Average on 1 runs - GPU latency: 6.76025 ms - Host latency: 6.84668 ms (enqueue 4.12598 ms)
[10/04/2026-22:04:45] [I] Average on 1 runs - GPU latency: 6.77979 ms - Host latency: 6.86865 ms (enqueue 4.22729 ms)
[10/04/2026-22:04:45] [I] Average on 1 runs - GPU latency: 6.77612 ms - Host latency: 6.85693 ms (enqueue 3.88916 ms)
[10/04/2026-22:04:45] [I] Average on 1 runs - GPU latency: 6.76587 ms - Host latency: 6.8501 ms (enqueue 4.31299 ms)
[10/04/2026-22:04:45] [I] Average on 1 runs - GPU latency: 6.76953 ms - Host latency: 6.85205 ms (enqueue 4.21802 ms)
[10/04/2026-22:04:45] [I] Average on 1 runs - GPU latency: 6.7605 ms - Host latency: 6.8457 ms (enqueue 4.15845 ms)
[10/04/2026-22:04:45] [I] Average on 1 runs - GPU latency: 6.77002 ms - Host latency: 6.85303 ms (enqueue 4.29541 ms)
[10/04/2026-22:04:45] [I] Average on 1 runs - GPU latency: 6.77905 ms - Host latency: 6.86353 ms (enqueue 4.22754 ms)
[10/04/2026-22:04:45] [I] Average on 1 runs - GPU latency: 6.76123 ms - Host latency: 6.83911 ms (enqueue 4.21021 ms)
[10/04/2026-22:04:45] [I] Average on 1 runs - GPU latency: 6.76782 ms - Host latency: 6.84863 ms (enqueue 4.24048 ms)
[10/04/2026-22:04:45] [I] Average on 1 runs - GPU latency: 6.7688 ms - Host latency: 6.84473 ms (enqueue 3.00269 ms)
[10/04/2026-22:04:45] [I] Average on 1 runs - GPU latency: 6.76831 ms - Host latency: 6.84912 ms (enqueue 4.24512 ms)
[10/04/2026-22:04:45] [I] Average on 1 runs - GPU latency: 6.77417 ms - Host latency: 6.85693 ms (enqueue 4.2063 ms)
[10/04/2026-22:04:45] [I] Average on 1 runs - GPU latency: 6.77441 ms - Host latency: 6.85181 ms (enqueue 4.28076 ms)
[10/04/2026-22:04:45] [I] Average on 1 runs - GPU latency: 6.75952 ms - Host latency: 6.83569 ms (enqueue 4.27637 ms)
[10/04/2026-22:04:45] [I] Average on 1 runs - GPU latency: 6.76611 ms - Host latency: 6.84961 ms (enqueue 4.19507 ms)
[10/04/2026-22:04:45] [I] Average on 1 runs - GPU latency: 6.75293 ms - Host latency: 6.83252 ms (enqueue 4.26221 ms)
[10/04/2026-22:04:45] [I] Average on 1 runs - GPU latency: 6.77148 ms - Host latency: 6.85596 ms (enqueue 3.25 ms)
[10/04/2026-22:04:45] [I] Average on 1 runs - GPU latency: 6.76489 ms - Host latency: 6.84888 ms (enqueue 4.21265 ms)
[10/04/2026-22:04:45] [I] Average on 1 runs - GPU latency: 6.77148 ms - Host latency: 6.85059 ms (enqueue 4.18091 ms)
[10/04/2026-22:04:45] [I] Average on 1 runs - GPU latency: 6.77051 ms - Host latency: 6.85327 ms (enqueue 4.22949 ms)
[10/04/2026-22:04:45] [I] Average on 1 runs - GPU latency: 6.77539 ms - Host latency: 6.84985 ms (enqueue 4.57227 ms)
[10/04/2026-22:04:45] [I] Average on 1 runs - GPU latency: 6.76318 ms - Host latency: 6.85327 ms (enqueue 4.23096 ms)
[10/04/2026-22:04:45] [I] Average on 1 runs - GPU latency: 6.76196 ms - Host latency: 6.84277 ms (enqueue 4.29468 ms)
[10/04/2026-22:04:45] [I] Average on 1 runs - GPU latency: 6.77661 ms - Host latency: 6.85669 ms (enqueue 4.25317 ms)
[10/04/2026-22:04:45] [I] Average on 1 runs - GPU latency: 6.76196 ms - Host latency: 6.84473 ms (enqueue 4.32812 ms)
[10/04/2026-22:04:45] [I] Average on 1 runs - GPU latency: 6.76904 ms - Host latency: 6.84766 ms (enqueue 4.27319 ms)
[10/04/2026-22:04:45] [I] Average on 1 runs - GPU latency: 6.76611 ms - Host latency: 6.84961 ms (enqueue 4.17603 ms)
[10/04/2026-22:04:45] [I] Average on 1 runs - GPU latency: 6.77808 ms - Host latency: 6.86108 ms (enqueue 4.21802 ms)
[10/04/2026-22:04:45] [I] Average on 1 runs - GPU latency: 6.77808 ms - Host latency: 6.85474 ms (enqueue 4.15698 ms)
[10/04/2026-22:04:45] [I] Average on 1 runs - GPU latency: 6.77075 ms - Host latency: 6.85498 ms (enqueue 4.21216 ms)
[10/04/2026-22:04:45] [I] Average on 1 runs - GPU latency: 6.77368 ms - Host latency: 6.85645 ms (enqueue 4.19482 ms)
[10/04/2026-22:04:45] [I] Average on 1 runs - GPU latency: 6.75928 ms - Host latency: 6.84302 ms (enqueue 2.59131 ms)
[10/04/2026-22:04:45] [I] Average on 1 runs - GPU latency: 6.77466 ms - Host latency: 6.85962 ms (enqueue 4.26489 ms)
[10/04/2026-22:04:45] [I] Average on 1 runs - GPU latency: 6.771 ms - Host latency: 6.8501 ms (enqueue 4.20898 ms)
[10/04/2026-22:04:45] [I] Average on 1 runs - GPU latency: 6.77002 ms - Host latency: 6.85156 ms (enqueue 4.18213 ms)
[10/04/2026-22:04:45] [I] Average on 1 runs - GPU latency: 6.76807 ms - Host latency: 6.8479 ms (enqueue 4.58521 ms)
[10/04/2026-22:04:45] [I] Average on 1 runs - GPU latency: 6.77075 ms - Host latency: 6.84521 ms (enqueue 4.28125 ms)
[10/04/2026-22:04:45] [I] Average on 1 runs - GPU latency: 6.76855 ms - Host latency: 6.85303 ms (enqueue 4.2019 ms)
[10/04/2026-22:04:45] [I] Average on 1 runs - GPU latency: 6.76855 ms - Host latency: 6.84814 ms (enqueue 3.83936 ms)
[10/04/2026-22:04:45] [I] Average on 1 runs - GPU latency: 6.78198 ms - Host latency: 6.86157 ms (enqueue 4.26831 ms)
[10/04/2026-22:04:45] [I] Average on 1 runs - GPU latency: 6.77075 ms - Host latency: 6.85327 ms (enqueue 4.26489 ms)
[10/04/2026-22:04:45] [I] Average on 1 runs - GPU latency: 6.76611 ms - Host latency: 6.85571 ms (enqueue 4.29272 ms)
[10/04/2026-22:04:45] [I] Average on 1 runs - GPU latency: 6.76318 ms - Host latency: 6.85107 ms (enqueue 4.24072 ms)
[10/04/2026-22:04:45] [I] Average on 1 runs - GPU latency: 6.771 ms - Host latency: 6.84912 ms (enqueue 4.12354 ms)
[10/04/2026-22:04:45] [I] Average on 1 runs - GPU latency: 6.75854 ms - Host latency: 6.83862 ms (enqueue 4.1958 ms)
[10/04/2026-22:04:45] [I] Average on 1 runs - GPU latency: 6.75903 ms - Host latency: 6.83887 ms (enqueue 4.11914 ms)
[10/04/2026-22:04:45] [I] Average on 1 runs - GPU latency: 6.76294 ms - Host latency: 6.83691 ms (enqueue 2.07593 ms)
[10/04/2026-22:04:45] [I] Average on 1 runs - GPU latency: 6.77246 ms - Host latency: 6.85327 ms (enqueue 4.09497 ms)
[10/04/2026-22:04:45] [I] Average on 1 runs - GPU latency: 6.77124 ms - Host latency: 6.85034 ms (enqueue 4.177 ms)
[10/04/2026-22:04:45] [I] Average on 1 runs - GPU latency: 6.77051 ms - Host latency: 6.84766 ms (enqueue 4.2251 ms)
[10/04/2026-22:04:45] [I] Average on 1 runs - GPU latency: 6.77002 ms - Host latency: 6.86011 ms (enqueue 4.10962 ms)
[10/04/2026-22:04:45] [I] Average on 1 runs - GPU latency: 6.76489 ms - Host latency: 6.8418 ms (enqueue 4.17236 ms)
[10/04/2026-22:04:45] [I] Average on 1 runs - GPU latency: 6.76685 ms - Host latency: 6.84546 ms (enqueue 4.15771 ms)
[10/04/2026-22:04:45] [I] Average on 1 runs - GPU latency: 6.77075 ms - Host latency: 6.85156 ms (enqueue 2.92261 ms)
[10/04/2026-22:04:45] [I] Average on 1 runs - GPU latency: 6.77002 ms - Host latency: 6.85278 ms (enqueue 4.19409 ms)
[10/04/2026-22:04:45] [I] Average on 1 runs - GPU latency: 6.77979 ms - Host latency: 6.87061 ms (enqueue 4.21851 ms)
[10/04/2026-22:04:45] [I] Average on 1 runs - GPU latency: 6.77783 ms - Host latency: 6.85327 ms (enqueue 4.19141 ms)
[10/04/2026-22:04:45] [I] Average on 1 runs - GPU latency: 6.76416 ms - Host latency: 6.83789 ms (enqueue 4.14648 ms)
[10/04/2026-22:04:45] [I] Average on 1 runs - GPU latency: 6.76855 ms - Host latency: 6.85986 ms (enqueue 4.1377 ms)
[10/04/2026-22:04:45] [I] Average on 1 runs - GPU latency: 6.78613 ms - Host latency: 6.86865 ms (enqueue 3.8877 ms)
[10/04/2026-22:04:45] [I] Average on 1 runs - GPU latency: 6.78613 ms - Host latency: 6.86914 ms (enqueue 2.88281 ms)
[10/04/2026-22:04:45] [I] Average on 1 runs - GPU latency: 6.77441 ms - Host latency: 6.85889 ms (enqueue 2.92188 ms)
[10/04/2026-22:04:45] [I] Average on 1 runs - GPU latency: 6.77979 ms - Host latency: 6.85693 ms (enqueue 2.83984 ms)
[10/04/2026-22:04:45] [I] Average on 1 runs - GPU latency: 6.78223 ms - Host latency: 6.85645 ms (enqueue 2.55811 ms)
[10/04/2026-22:04:45] [I] Average on 1 runs - GPU latency: 6.7666 ms - Host latency: 6.8501 ms (enqueue 2.77441 ms)
[10/04/2026-22:04:45] [I] Average on 1 runs - GPU latency: 6.76807 ms - Host latency: 6.84814 ms (enqueue 2.72461 ms)
[10/04/2026-22:04:45] [I] Average on 1 runs - GPU latency: 6.77148 ms - Host latency: 6.8501 ms (enqueue 2.52051 ms)
[10/04/2026-22:04:45] [I] Average on 1 runs - GPU latency: 6.77246 ms - Host latency: 6.85498 ms (enqueue 2.48242 ms)
[10/04/2026-22:04:45] [I] Average on 1 runs - GPU latency: 6.7583 ms - Host latency: 6.83887 ms (enqueue 2.25488 ms)
[10/04/2026-22:04:45] [I] Average on 1 runs - GPU latency: 6.76367 ms - Host latency: 6.84277 ms (enqueue 4.26221 ms)
[10/04/2026-22:04:45] [I] Average on 1 runs - GPU latency: 6.77783 ms - Host latency: 6.86084 ms (enqueue 4.19385 ms)
[10/04/2026-22:04:45] [I] Average on 1 runs - GPU latency: 6.75977 ms - Host latency: 6.84619 ms (enqueue 4.18994 ms)
[10/04/2026-22:04:45] [I] Average on 1 runs - GPU latency: 6.76758 ms - Host latency: 6.8457 ms (enqueue 4.20068 ms)
[10/04/2026-22:04:45] [I] Average on 1 runs - GPU latency: 6.771 ms - Host latency: 6.85059 ms (enqueue 4.26855 ms)
[10/04/2026-22:04:45] [I] Average on 1 runs - GPU latency: 6.77832 ms - Host latency: 6.85449 ms (enqueue 4.19141 ms)
[10/04/2026-22:04:45] [I] Average on 1 runs - GPU latency: 6.77344 ms - Host latency: 6.84668 ms (enqueue 3.54248 ms)
[10/04/2026-22:04:45] [I] Average on 1 runs - GPU latency: 6.77197 ms - Host latency: 6.85791 ms (enqueue 4.23438 ms)
[10/04/2026-22:04:45] [I] Average on 1 runs - GPU latency: 6.77588 ms - Host latency: 6.85156 ms (enqueue 4.17773 ms)
[10/04/2026-22:04:45] [I] Average on 1 runs - GPU latency: 6.77051 ms - Host latency: 6.8457 ms (enqueue 4.15479 ms)
[10/04/2026-22:04:45] [I] Average on 1 runs - GPU latency: 6.76318 ms - Host latency: 6.84033 ms (enqueue 4.19092 ms)
[10/04/2026-22:04:45] [I] Average on 1 runs - GPU latency: 6.76514 ms - Host latency: 6.84424 ms (enqueue 4.27197 ms)
[10/04/2026-22:04:45] [I] Average on 1 runs - GPU latency: 6.75098 ms - Host latency: 6.82275 ms (enqueue 4.17432 ms)
[10/04/2026-22:04:45] [I] Average on 1 runs - GPU latency: 6.77832 ms - Host latency: 6.87109 ms (enqueue 4.23096 ms)
[10/04/2026-22:04:45] [I] Average on 1 runs - GPU latency: 6.76807 ms - Host latency: 6.84424 ms (enqueue 2.12842 ms)
[10/04/2026-22:04:45] [I] Average on 1 runs - GPU latency: 6.771 ms - Host latency: 6.85107 ms (enqueue 4.24463 ms)
[10/04/2026-22:04:45] [I] Average on 1 runs - GPU latency: 6.76367 ms - Host latency: 6.84375 ms (enqueue 4.20947 ms)
[10/04/2026-22:04:45] [I] Average on 1 runs - GPU latency: 6.76172 ms - Host latency: 6.83838 ms (enqueue 4.23193 ms)
[10/04/2026-22:04:45] [I] Average on 1 runs - GPU latency: 6.76514 ms - Host latency: 6.84814 ms (enqueue 4.17676 ms)
[10/04/2026-22:04:45] [I] Average on 1 runs - GPU latency: 6.76904 ms - Host latency: 6.84619 ms (enqueue 4.23096 ms)
[10/04/2026-22:04:45] [I] Average on 1 runs - GPU latency: 6.76904 ms - Host latency: 6.85303 ms (enqueue 4.19531 ms)
[10/04/2026-22:04:45] [I] Average on 1 runs - GPU latency: 6.76758 ms - Host latency: 6.84766 ms (enqueue 2.87305 ms)
[10/04/2026-22:04:45] [I] Average on 1 runs - GPU latency: 6.75977 ms - Host latency: 6.8374 ms (enqueue 4.2627 ms)
[10/04/2026-22:04:45] [I] Average on 1 runs - GPU latency: 6.77686 ms - Host latency: 6.85889 ms (enqueue 4.19141 ms)
[10/04/2026-22:04:45] [I] Average on 1 runs - GPU latency: 6.76611 ms - Host latency: 6.84229 ms (enqueue 4.28271 ms)
[10/04/2026-22:04:45] [I] Average on 1 runs - GPU latency: 6.77832 ms - Host latency: 6.86768 ms (enqueue 4.23779 ms)
[10/04/2026-22:04:45] [I] ... Omitting 1817 lines
[10/04/2026-22:04:45] [I] Average on 1 runs - GPU latency: 6.76562 ms - Host latency: 6.85938 ms (enqueue 4.30859 ms)
[10/04/2026-22:04:45] [I] Average on 1 runs - GPU latency: 6.76562 ms - Host latency: 6.8418 ms (enqueue 4.21875 ms)
[10/04/2026-22:04:45] [I] Average on 1 runs - GPU latency: 6.77344 ms - Host latency: 6.85352 ms (enqueue 4.23438 ms)
[10/04/2026-22:04:45] [I] Average on 1 runs - GPU latency: 6.76367 ms - Host latency: 6.8418 ms (enqueue 4.24805 ms)
[10/04/2026-22:04:45] [I] Average on 1 runs - GPU latency: 6.76367 ms - Host latency: 6.8457 ms (enqueue 4.22461 ms)
[10/04/2026-22:04:45] [I] Average on 1 runs - GPU latency: 6.76758 ms - Host latency: 6.84961 ms (enqueue 4.26953 ms)
[10/04/2026-22:04:45] [I] Average on 1 runs - GPU latency: 6.77344 ms - Host latency: 6.84961 ms (enqueue 2.48438 ms)
[10/04/2026-22:04:45] [I] Average on 1 runs - GPU latency: 6.77148 ms - Host latency: 6.85547 ms (enqueue 4.26367 ms)
[10/04/2026-22:04:45] [I] Average on 1 runs - GPU latency: 6.77344 ms - Host latency: 6.85156 ms (enqueue 4.22852 ms)
[10/04/2026-22:04:45] [I] Average on 1 runs - GPU latency: 6.76172 ms - Host latency: 6.84961 ms (enqueue 4.2832 ms)
[10/04/2026-22:04:45] [I] Average on 1 runs - GPU latency: 6.76953 ms - Host latency: 6.85547 ms (enqueue 4.27539 ms)
[10/04/2026-22:04:45] [I] Average on 1 runs - GPU latency: 6.77148 ms - Host latency: 6.85352 ms (enqueue 4.23242 ms)
[10/04/2026-22:04:45] [I] Average on 1 runs - GPU latency: 6.76562 ms - Host latency: 6.8418 ms (enqueue 4.26758 ms)
[10/04/2026-22:04:45] [I] Average on 1 runs - GPU latency: 6.76953 ms - Host latency: 6.84961 ms (enqueue 3.80664 ms)
[10/04/2026-22:04:45] [I] Average on 1 runs - GPU latency: 6.77734 ms - Host latency: 6.86133 ms (enqueue 4.24219 ms)
[10/04/2026-22:04:45] [I] Average on 1 runs - GPU latency: 6.76172 ms - Host latency: 6.8418 ms (enqueue 4.23242 ms)
[10/04/2026-22:04:45] [I] Average on 1 runs - GPU latency: 6.76758 ms - Host latency: 6.85352 ms (enqueue 4.21289 ms)
[10/04/2026-22:04:45] [I] Average on 1 runs - GPU latency: 6.76562 ms - Host latency: 6.8418 ms (enqueue 4.21875 ms)
[10/04/2026-22:04:45] [I] Average on 1 runs - GPU latency: 6.76367 ms - Host latency: 6.84375 ms (enqueue 4.25781 ms)
[10/04/2026-22:04:45] [I] Average on 1 runs - GPU latency: 6.76172 ms - Host latency: 6.83789 ms (enqueue 4.20703 ms)
[10/04/2026-22:04:45] [I] Average on 1 runs - GPU latency: 6.77734 ms - Host latency: 6.85742 ms (enqueue 4.27539 ms)
[10/04/2026-22:04:45] [I] Average on 1 runs - GPU latency: 6.76562 ms - Host latency: 6.83594 ms (enqueue 2.15039 ms)
[10/04/2026-22:04:45] [I] Average on 1 runs - GPU latency: 6.76758 ms - Host latency: 6.85352 ms (enqueue 4.29297 ms)
[10/04/2026-22:04:45] [I] Average on 1 runs - GPU latency: 6.76367 ms - Host latency: 6.85156 ms (enqueue 4.22461 ms)
[10/04/2026-22:04:45] [I] Average on 1 runs - GPU latency: 6.76172 ms - Host latency: 6.83789 ms (enqueue 4.24219 ms)
[10/04/2026-22:04:45] [I] Average on 1 runs - GPU latency: 6.75586 ms - Host latency: 6.83008 ms (enqueue 4.19336 ms)
[10/04/2026-22:04:45] [I] Average on 1 runs - GPU latency: 6.77148 ms - Host latency: 6.85156 ms (enqueue 4.26172 ms)
[10/04/2026-22:04:45] [I] Average on 1 runs - GPU latency: 6.76562 ms - Host latency: 6.8418 ms (enqueue 4.20898 ms)
[10/04/2026-22:04:45] [I] Average on 1 runs - GPU latency: 6.76953 ms - Host latency: 6.84961 ms (enqueue 3.1543 ms)
[10/04/2026-22:04:45] [I] Average on 1 runs - GPU latency: 6.76758 ms - Host latency: 6.84961 ms (enqueue 4.27148 ms)
[10/04/2026-22:04:45] [I] Average on 1 runs - GPU latency: 6.77539 ms - Host latency: 6.85938 ms (enqueue 4.25 ms)
[10/04/2026-22:04:45] [I] Average on 1 runs - GPU latency: 6.7793 ms - Host latency: 6.86719 ms (enqueue 4.21484 ms)
[10/04/2026-22:04:45] [I] Average on 1 runs - GPU latency: 6.76953 ms - Host latency: 6.84766 ms (enqueue 4.23438 ms)
[10/04/2026-22:04:45] [I] Average on 1 runs - GPU latency: 6.80469 ms - Host latency: 6.88281 ms (enqueue 3.66797 ms)
[10/04/2026-22:04:45] [I] Average on 1 runs - GPU latency: 6.80078 ms - Host latency: 6.87695 ms (enqueue 2.97461 ms)
[10/04/2026-22:04:45] [I] Average on 1 runs - GPU latency: 6.7832 ms - Host latency: 6.86719 ms (enqueue 2.95508 ms)
[10/04/2026-22:04:45] [I] Average on 1 runs - GPU latency: 6.78125 ms - Host latency: 6.85156 ms (enqueue 2.67773 ms)
[10/04/2026-22:04:45] [I] Average on 1 runs - GPU latency: 6.77148 ms - Host latency: 6.85742 ms (enqueue 2.53125 ms)
[10/04/2026-22:04:45] [I] Average on 1 runs - GPU latency: 6.77148 ms - Host latency: 6.84766 ms (enqueue 2.625 ms)
[10/04/2026-22:04:45] [I] Average on 1 runs - GPU latency: 6.77734 ms - Host latency: 6.85156 ms (enqueue 2.70898 ms)
[10/04/2026-22:04:45] [I] Average on 1 runs - GPU latency: 6.77734 ms - Host latency: 6.85547 ms (enqueue 2.53906 ms)
[10/04/2026-22:04:45] [I] Average on 1 runs - GPU latency: 6.77344 ms - Host latency: 6.85938 ms (enqueue 2.48438 ms)
[10/04/2026-22:04:45] [I] Average on 1 runs - GPU latency: 6.77734 ms - Host latency: 6.85742 ms (enqueue 4.17578 ms)
[10/04/2026-22:04:45] [I] Average on 1 runs - GPU latency: 6.75781 ms - Host latency: 6.83789 ms (enqueue 2.65625 ms)
[10/04/2026-22:04:45] [I] Average on 1 runs - GPU latency: 6.77539 ms - Host latency: 6.86328 ms (enqueue 4.19141 ms)
[10/04/2026-22:04:45] [I] Average on 1 runs - GPU latency: 6.77148 ms - Host latency: 6.85742 ms (enqueue 4.27539 ms)
[10/04/2026-22:04:45] [I] Average on 1 runs - GPU latency: 6.76758 ms - Host latency: 6.8457 ms (enqueue 4.17969 ms)
[10/04/2026-22:04:45] [I] Average on 1 runs - GPU latency: 6.75977 ms - Host latency: 6.83789 ms (enqueue 4.42383 ms)
[10/04/2026-22:04:45] [I] Average on 1 runs - GPU latency: 6.77148 ms - Host latency: 6.85547 ms (enqueue 4.25586 ms)
[10/04/2026-22:04:45] [I] Average on 1 runs - GPU latency: 6.76953 ms - Host latency: 6.85156 ms (enqueue 4.20703 ms)
[10/04/2026-22:04:45] [I] Average on 1 runs - GPU latency: 6.7793 ms - Host latency: 6.86133 ms (enqueue 3.875 ms)
[10/04/2026-22:04:45] [I] Average on 1 runs - GPU latency: 6.77344 ms - Host latency: 6.85547 ms (enqueue 4.21289 ms)
[10/04/2026-22:04:45] [I] Average on 1 runs - GPU latency: 6.77539 ms - Host latency: 6.85547 ms (enqueue 4.2168 ms)
[10/04/2026-22:04:45] [I] Average on 1 runs - GPU latency: 6.76758 ms - Host latency: 6.84766 ms (enqueue 4.22266 ms)
[10/04/2026-22:04:45] [I] Average on 1 runs - GPU latency: 6.77148 ms - Host latency: 6.85156 ms (enqueue 4.19922 ms)
[10/04/2026-22:04:45] [I] Average on 1 runs - GPU latency: 6.75781 ms - Host latency: 6.8418 ms (enqueue 4.2168 ms)
[10/04/2026-22:04:45] [I] Average on 1 runs - GPU latency: 6.76953 ms - Host latency: 6.8457 ms (enqueue 4.19531 ms)
[10/04/2026-22:04:45] [I] Average on 1 runs - GPU latency: 6.75391 ms - Host latency: 6.83398 ms (enqueue 4.23438 ms)
[10/04/2026-22:04:45] [I] Average on 1 runs - GPU latency: 6.76367 ms - Host latency: 6.8418 ms (enqueue 2.77344 ms)
[10/04/2026-22:04:45] [I] Average on 1 runs - GPU latency: 6.77148 ms - Host latency: 6.84961 ms (enqueue 4.28711 ms)
[10/04/2026-22:04:45] [I] Average on 1 runs - GPU latency: 6.76367 ms - Host latency: 6.83984 ms (enqueue 4.48242 ms)
[10/04/2026-22:04:45] [I] Average on 1 runs - GPU latency: 6.76172 ms - Host latency: 6.83984 ms (enqueue 4.24414 ms)
[10/04/2026-22:04:45] [I] Average on 1 runs - GPU latency: 6.76172 ms - Host latency: 6.8418 ms (enqueue 4.30859 ms)
[10/04/2026-22:04:45] [I] Average on 1 runs - GPU latency: 6.77539 ms - Host latency: 6.85352 ms (enqueue 4.18945 ms)
[10/04/2026-22:04:45] [I] Average on 1 runs - GPU latency: 6.76367 ms - Host latency: 6.8418 ms (enqueue 4.22852 ms)
[10/04/2026-22:04:45] [I] Average on 1 runs - GPU latency: 6.76758 ms - Host latency: 6.84766 ms (enqueue 3.28125 ms)
[10/04/2026-22:04:45] [I] Average on 1 runs - GPU latency: 6.76758 ms - Host latency: 6.84961 ms (enqueue 4.23828 ms)
[10/04/2026-22:04:45] [I] Average on 1 runs - GPU latency: 6.76758 ms - Host latency: 6.85156 ms (enqueue 4.17578 ms)
[10/04/2026-22:04:45] [I] Average on 1 runs - GPU latency: 6.76953 ms - Host latency: 6.84766 ms (enqueue 4.20703 ms)
[10/04/2026-22:04:45] [I] Average on 1 runs - GPU latency: 6.77539 ms - Host latency: 6.85156 ms (enqueue 4.16992 ms)
[10/04/2026-22:04:45] [I] Average on 1 runs - GPU latency: 6.77148 ms - Host latency: 6.85156 ms (enqueue 4.16602 ms)
[10/04/2026-22:04:45] [I] Average on 1 runs - GPU latency: 6.76953 ms - Host latency: 6.85352 ms (enqueue 4.15039 ms)
[10/04/2026-22:04:45] [I] Average on 1 runs - GPU latency: 6.76172 ms - Host latency: 6.83984 ms (enqueue 4.18164 ms)
[10/04/2026-22:04:45] [I] Average on 1 runs - GPU latency: 6.76953 ms - Host latency: 6.84961 ms (enqueue 4.40234 ms)
[10/04/2026-22:04:45] [I] Average on 1 runs - GPU latency: 6.77148 ms - Host latency: 6.85352 ms (enqueue 4.18945 ms)
[10/04/2026-22:04:45] [I] Average on 1 runs - GPU latency: 6.76758 ms - Host latency: 6.85156 ms (enqueue 4.29102 ms)
[10/04/2026-22:04:45] [I] Average on 1 runs - GPU latency: 6.76562 ms - Host latency: 6.84961 ms (enqueue 4.16992 ms)
[10/04/2026-22:04:45] [I] Average on 1 runs - GPU latency: 6.75977 ms - Host latency: 6.83984 ms (enqueue 4.20898 ms)
[10/04/2026-22:04:45] [I] Average on 1 runs - GPU latency: 6.7793 ms - Host latency: 6.86523 ms (enqueue 4.18164 ms)
[10/04/2026-22:04:45] [I] Average on 1 runs - GPU latency: 6.77148 ms - Host latency: 6.85547 ms (enqueue 4.2207 ms)
[10/04/2026-22:04:45] [I] Average on 1 runs - GPU latency: 6.76172 ms - Host latency: 6.8457 ms (enqueue 2.57617 ms)
[10/04/2026-22:04:45] [I] Average on 1 runs - GPU latency: 6.76758 ms - Host latency: 6.8457 ms (enqueue 4.19922 ms)
[10/04/2026-22:04:45] [I] Average on 1 runs - GPU latency: 6.76953 ms - Host latency: 6.85742 ms (enqueue 4.26758 ms)
[10/04/2026-22:04:45] [I] Average on 1 runs - GPU latency: 6.77539 ms - Host latency: 6.85547 ms (enqueue 4.18359 ms)
[10/04/2026-22:04:45] [I] Average on 1 runs - GPU latency: 6.76758 ms - Host latency: 6.85156 ms (enqueue 4.18945 ms)
[10/04/2026-22:04:45] [I] Average on 1 runs - GPU latency: 6.76367 ms - Host latency: 6.8457 ms (enqueue 4.19922 ms)
[10/04/2026-22:04:45] [I] Average on 1 runs - GPU latency: 6.76758 ms - Host latency: 6.84375 ms (enqueue 4.19727 ms)
[10/04/2026-22:04:45] [I] Average on 1 runs - GPU latency: 6.76172 ms - Host latency: 6.84375 ms (enqueue 3.86719 ms)
[10/04/2026-22:04:45] [I] Average on 1 runs - GPU latency: 6.76367 ms - Host latency: 6.84375 ms (enqueue 4.23047 ms)
[10/04/2026-22:04:45] [I] Average on 1 runs - GPU latency: 6.77539 ms - Host latency: 6.8457 ms (enqueue 2.11914 ms)
[10/04/2026-22:04:45] [I] Average on 1 runs - GPU latency: 6.77539 ms - Host latency: 6.85742 ms (enqueue 4.4043 ms)
[10/04/2026-22:04:45] [I] Average on 1 runs - GPU latency: 6.76172 ms - Host latency: 6.8418 ms (enqueue 4.21875 ms)
[10/04/2026-22:04:45] [I] Average on 1 runs - GPU latency: 6.76758 ms - Host latency: 6.84961 ms (enqueue 4.17773 ms)
[10/04/2026-22:04:45] [I] Average on 1 runs - GPU latency: 6.77539 ms - Host latency: 6.85156 ms (enqueue 4.19141 ms)
[10/04/2026-22:04:45] [I] Average on 1 runs - GPU latency: 6.76953 ms - Host latency: 6.84766 ms (enqueue 4.27539 ms)
[10/04/2026-22:04:45] [I] Average on 1 runs - GPU latency: 6.76953 ms - Host latency: 6.84961 ms (enqueue 3.42383 ms)
[10/04/2026-22:04:45] [I] Average on 1 runs - GPU latency: 6.76367 ms - Host latency: 6.8418 ms (enqueue 4.21094 ms)
[10/04/2026-22:04:45] [I] Average on 1 runs - GPU latency: 6.75781 ms - Host latency: 6.83594 ms (enqueue 4.16797 ms)
[10/04/2026-22:04:45] [I] Average on 1 runs - GPU latency: 6.75977 ms - Host latency: 6.83789 ms (enqueue 4.21289 ms)
[10/04/2026-22:04:45] [I] Average on 1 runs - GPU latency: 6.77734 ms - Host latency: 6.85156 ms (enqueue 4.25586 ms)
[10/04/2026-22:04:45] [I] Average on 1 runs - GPU latency: 6.76172 ms - Host latency: 6.83984 ms (enqueue 4.20703 ms)
[10/04/2026-22:04:45] [I] Average on 1 runs - GPU latency: 6.76758 ms - Host latency: 6.84766 ms (enqueue 4.21484 ms)
[10/04/2026-22:04:45] [I] Average on 1 runs - GPU latency: 6.76172 ms - Host latency: 6.83984 ms (enqueue 3.1875 ms)
[10/04/2026-22:04:45] [I] Average on 1 runs - GPU latency: 6.76562 ms - Host latency: 6.84961 ms (enqueue 4.30273 ms)
[10/04/2026-22:04:45] [I] Average on 1 runs - GPU latency: 6.75586 ms - Host latency: 6.83789 ms (enqueue 4.25195 ms)
[10/04/2026-22:04:45] [I] Average on 1 runs - GPU latency: 6.77148 ms - Host latency: 6.85352 ms (enqueue 4.38086 ms)
[10/04/2026-22:04:45] [I] Average on 1 runs - GPU latency: 6.75977 ms - Host latency: 6.83789 ms (enqueue 4.19922 ms)
[10/04/2026-22:04:45] [I] Average on 1 runs - GPU latency: 6.76562 ms - Host latency: 6.8457 ms (enqueue 4.25781 ms)
[10/04/2026-22:04:45] [I] Average on 1 runs - GPU latency: 6.76172 ms - Host latency: 6.83789 ms (enqueue 4.24609 ms)
[10/04/2026-22:04:45] [I] Average on 1 runs - GPU latency: 6.76172 ms - Host latency: 6.83984 ms (enqueue 4.21094 ms)
[10/04/2026-22:04:45] [I] Average on 1 runs - GPU latency: 6.76758 ms - Host latency: 6.84766 ms (enqueue 4.32812 ms)
[10/04/2026-22:04:45] [I] Average on 1 runs - GPU latency: 6.76758 ms - Host latency: 6.84375 ms (enqueue 4.20508 ms)
[10/04/2026-22:04:45] [I] Average on 1 runs - GPU latency: 6.76953 ms - Host latency: 6.84961 ms (enqueue 4.27539 ms)
[10/04/2026-22:04:45] [I] Average on 1 runs - GPU latency: 6.76953 ms - Host latency: 6.84961 ms (enqueue 4.39062 ms)
[10/04/2026-22:04:45] [I] Average on 1 runs - GPU latency: 6.77539 ms - Host latency: 6.85742 ms (enqueue 4.21289 ms)
[10/04/2026-22:04:45] [I] Average on 1 runs - GPU latency: 6.77734 ms - Host latency: 6.85742 ms (enqueue 3.26172 ms)
[10/04/2026-22:04:45] [I] Average on 1 runs - GPU latency: 6.7832 ms - Host latency: 6.87109 ms (enqueue 3.22266 ms)
[10/04/2026-22:04:45] [I] Average on 1 runs - GPU latency: 6.7793 ms - Host latency: 6.86328 ms (enqueue 2.6582 ms)
[10/04/2026-22:04:45] [I] Average on 1 runs - GPU latency: 6.78125 ms - Host latency: 6.86133 ms (enqueue 2.57812 ms)
[10/04/2026-22:04:45] [I] Average on 1 runs - GPU latency: 6.7832 ms - Host latency: 6.85742 ms (enqueue 2.63867 ms)
[10/04/2026-22:04:45] [I] Average on 1 runs - GPU latency: 6.77539 ms - Host latency: 6.85742 ms (enqueue 2.98828 ms)
[10/04/2026-22:04:45] [I] Average on 1 runs - GPU latency: 6.76562 ms - Host latency: 6.83984 ms (enqueue 2.65234 ms)
[10/04/2026-22:04:45] [I] Average on 1 runs - GPU latency: 6.76562 ms - Host latency: 6.84766 ms (enqueue 2.58594 ms)
[10/04/2026-22:04:45] [I] Average on 1 runs - GPU latency: 6.76367 ms - Host latency: 6.84961 ms (enqueue 3.21289 ms)
[10/04/2026-22:04:45] [I] Average on 1 runs - GPU latency: 6.76758 ms - Host latency: 6.84766 ms (enqueue 3.83008 ms)
[10/04/2026-22:04:45] [I] Average on 1 runs - GPU latency: 6.77344 ms - Host latency: 6.84961 ms (enqueue 4.30664 ms)
[10/04/2026-22:04:45] [I] Average on 1 runs - GPU latency: 6.76758 ms - Host latency: 6.84961 ms (enqueue 4.18945 ms)
[10/04/2026-22:04:45] [I] Average on 1 runs - GPU latency: 6.76953 ms - Host latency: 6.84961 ms (enqueue 4.17969 ms)
[10/04/2026-22:04:45] [I] Average on 1 runs - GPU latency: 6.77148 ms - Host latency: 6.84961 ms (enqueue 4.15039 ms)
[10/04/2026-22:04:45] [I] Average on 1 runs - GPU latency: 6.77148 ms - Host latency: 6.85156 ms (enqueue 4.19141 ms)
[10/04/2026-22:04:45] [I] Average on 1 runs - GPU latency: 6.77344 ms - Host latency: 6.85352 ms (enqueue 4.2168 ms)
[10/04/2026-22:04:45] [I] Average on 1 runs - GPU latency: 6.76758 ms - Host latency: 6.84766 ms (enqueue 4.20117 ms)
[10/04/2026-22:04:45] [I] Average on 1 runs - GPU latency: 6.77148 ms - Host latency: 6.8457 ms (enqueue 2.14844 ms)
[10/04/2026-22:04:45] [I] Average on 1 runs - GPU latency: 6.76562 ms - Host latency: 6.85547 ms (enqueue 4.17969 ms)
[10/04/2026-22:04:45] [I] Average on 1 runs - GPU latency: 6.76172 ms - Host latency: 6.83984 ms (enqueue 4.19336 ms)
[10/04/2026-22:04:45] [I] Average on 1 runs - GPU latency: 6.76562 ms - Host latency: 6.8418 ms (enqueue 4.20508 ms)
[10/04/2026-22:04:45] [I] Average on 1 runs - GPU latency: 6.76953 ms - Host latency: 6.84766 ms (enqueue 4.20508 ms)
[10/04/2026-22:04:45] [I] Average on 1 runs - GPU latency: 6.76953 ms - Host latency: 6.85156 ms (enqueue 4.16992 ms)
[10/04/2026-22:04:45] [I] Average on 1 runs - GPU latency: 6.77344 ms - Host latency: 6.85352 ms (enqueue 4.22266 ms)
[10/04/2026-22:04:45] [I] Average on 1 runs - GPU latency: 6.76953 ms - Host latency: 6.84766 ms (enqueue 3.18164 ms)
[10/04/2026-22:04:45] [I] Average on 1 runs - GPU latency: 6.76758 ms - Host latency: 6.85156 ms (enqueue 4.20508 ms)
[10/04/2026-22:04:45] [I] Average on 1 runs - GPU latency: 6.75977 ms - Host latency: 6.83594 ms (enqueue 4.22852 ms)
[10/04/2026-22:04:45] [I] Average on 1 runs - GPU latency: 6.75977 ms - Host latency: 6.84375 ms (enqueue 4.2168 ms)
[10/04/2026-22:04:45] [I] Average on 1 runs - GPU latency: 6.77148 ms - Host latency: 6.84766 ms (enqueue 4.19531 ms)
[10/04/2026-22:04:45] [I] Average on 1 runs - GPU latency: 6.75977 ms - Host latency: 6.8418 ms (enqueue 4.16406 ms)
[10/04/2026-22:04:45] [I] Average on 1 runs - GPU latency: 6.76953 ms - Host latency: 6.84961 ms (enqueue 4.16797 ms)
[10/04/2026-22:04:45] [I] Average on 1 runs - GPU latency: 6.76758 ms - Host latency: 6.85352 ms (enqueue 4.28516 ms)
[10/04/2026-22:04:45] [I] Average on 1 runs - GPU latency: 6.77539 ms - Host latency: 6.86133 ms (enqueue 4.36914 ms)
[10/04/2026-22:04:45] [I] Average on 1 runs - GPU latency: 6.76758 ms - Host latency: 6.85156 ms (enqueue 4.2168 ms)
[10/04/2026-22:04:45] [I] Average on 1 runs - GPU latency: 6.75781 ms - Host latency: 6.83398 ms (enqueue 4.16992 ms)
[10/04/2026-22:04:45] [I] Average on 1 runs - GPU latency: 6.76953 ms - Host latency: 6.84375 ms (enqueue 4.18359 ms)
[10/04/2026-22:04:45] [I] Average on 1 runs - GPU latency: 6.77148 ms - Host latency: 6.85938 ms (enqueue 4.18555 ms)
[10/04/2026-22:04:45] [I] Average on 1 runs - GPU latency: 6.77344 ms - Host latency: 6.86523 ms (enqueue 4.11523 ms)
[10/04/2026-22:04:45] [I] Average on 1 runs - GPU latency: 6.76953 ms - Host latency: 6.84961 ms (enqueue 4.11133 ms)
[10/04/2026-22:04:45] [I] Average on 1 runs - GPU latency: 6.76758 ms - Host latency: 6.85352 ms (enqueue 2.09766 ms)
[10/04/2026-22:04:45] [I] Average on 1 runs - GPU latency: 6.76758 ms - Host latency: 6.84375 ms (enqueue 4.19141 ms)
[10/04/2026-22:04:45] [I] Average on 1 runs - GPU latency: 6.76367 ms - Host latency: 6.83984 ms (enqueue 4.19922 ms)
[10/04/2026-22:04:45] [I] Average on 1 runs - GPU latency: 6.76758 ms - Host latency: 6.85547 ms (enqueue 4.18164 ms)
[10/04/2026-22:04:45] [I] Average on 1 runs - GPU latency: 6.76758 ms - Host latency: 6.8457 ms (enqueue 4.15039 ms)
[10/04/2026-22:04:45] [I] Average on 1 runs - GPU latency: 6.75781 ms - Host latency: 6.83789 ms (enqueue 4.12891 ms)
[10/04/2026-22:04:45] [I] Average on 1 runs - GPU latency: 6.76953 ms - Host latency: 6.84961 ms (enqueue 4.23047 ms)
[10/04/2026-22:04:45] [I] Average on 1 runs - GPU latency: 6.75977 ms - Host latency: 6.83789 ms (enqueue 3.49805 ms)
[10/04/2026-22:04:45] [I] Average on 1 runs - GPU latency: 6.77148 ms - Host latency: 6.85352 ms (enqueue 4.23047 ms)
[10/04/2026-22:04:45] [I] Average on 1 runs - GPU latency: 6.76953 ms - Host latency: 6.8457 ms (enqueue 4.18555 ms)
[10/04/2026-22:04:45] [I] Average on 1 runs - GPU latency: 6.77148 ms - Host latency: 6.86133 ms (enqueue 4.15039 ms)
[10/04/2026-22:04:45] [I] Average on 1 runs - GPU latency: 6.77344 ms - Host latency: 6.85547 ms (enqueue 4.16992 ms)
[10/04/2026-22:04:45] [I] Average on 1 runs - GPU latency: 6.76953 ms - Host latency: 6.8457 ms (enqueue 4.17773 ms)
[10/04/2026-22:04:45] [I] Average on 1 runs - GPU latency: 6.76953 ms - Host latency: 6.84961 ms (enqueue 4.18359 ms)
[10/04/2026-22:04:45] [I] Average on 1 runs - GPU latency: 6.76562 ms - Host latency: 6.84375 ms (enqueue 4.1875 ms)
[10/04/2026-22:04:45] [I] Average on 1 runs - GPU latency: 6.76758 ms - Host latency: 6.84375 ms (enqueue 2.07617 ms)
[10/04/2026-22:04:45] [I] Average on 1 runs - GPU latency: 6.76367 ms - Host latency: 6.8457 ms (enqueue 4.23828 ms)
[10/04/2026-22:04:45] [I] Average on 1 runs - GPU latency: 6.76172 ms - Host latency: 6.83984 ms (enqueue 4.24609 ms)
[10/04/2026-22:04:45] [I] Average on 1 runs - GPU latency: 6.76953 ms - Host latency: 6.85156 ms (enqueue 4.18945 ms)
[10/04/2026-22:04:45] [I] Average on 1 runs - GPU latency: 6.76172 ms - Host latency: 6.8418 ms (enqueue 4.1875 ms)
[10/04/2026-22:04:45] [I] Average on 1 runs - GPU latency: 6.75586 ms - Host latency: 6.83594 ms (enqueue 4.18164 ms)
[10/04/2026-22:04:45] [I] Average on 1 runs - GPU latency: 6.77539 ms - Host latency: 6.85352 ms (enqueue 4.19336 ms)
[10/04/2026-22:04:45] [I] Average on 1 runs - GPU latency: 6.77148 ms - Host latency: 6.85352 ms (enqueue 2.82227 ms)
[10/04/2026-22:04:45] [I] Average on 1 runs - GPU latency: 6.76172 ms - Host latency: 6.84766 ms (enqueue 4.17969 ms)
[10/04/2026-22:04:45] [I] Average on 1 runs - GPU latency: 6.76758 ms - Host latency: 6.84961 ms (enqueue 4.23828 ms)
[10/04/2026-22:04:45] [I] Average on 1 runs - GPU latency: 6.76953 ms - Host latency: 6.84961 ms (enqueue 4.20898 ms)
[10/04/2026-22:04:45] [I] Average on 1 runs - GPU latency: 6.77539 ms - Host latency: 6.85352 ms (enqueue 4.17773 ms)
[10/04/2026-22:04:45] [I] Average on 1 runs - GPU latency: 6.76562 ms - Host latency: 6.84766 ms (enqueue 4.18555 ms)
[10/04/2026-22:04:45] [I] Average on 1 runs - GPU latency: 6.76172 ms - Host latency: 6.8457 ms (enqueue 4.14062 ms)
[10/04/2026-22:04:45] [I] Average on 1 runs - GPU latency: 6.77148 ms - Host latency: 6.84961 ms (enqueue 4.12891 ms)
[10/04/2026-22:04:45] [I] Average on 1 runs - GPU latency: 6.76758 ms - Host latency: 6.84375 ms (enqueue 4.14648 ms)
[10/04/2026-22:04:45] [I] Average on 1 runs - GPU latency: 6.77344 ms - Host latency: 6.85742 ms (enqueue 4.22852 ms)
[10/04/2026-22:04:45] [I] Average on 1 runs - GPU latency: 6.76367 ms - Host latency: 6.84766 ms (enqueue 4.24805 ms)
[10/04/2026-22:04:45] [I] Average on 1 runs - GPU latency: 6.77344 ms - Host latency: 6.85352 ms (enqueue 4.22266 ms)
[10/04/2026-22:04:45] [I] Average on 1 runs - GPU latency: 6.76172 ms - Host latency: 6.8457 ms (enqueue 4.17773 ms)
[10/04/2026-22:04:45] [I] Average on 1 runs - GPU latency: 6.77344 ms - Host latency: 6.85156 ms (enqueue 4.20508 ms)
[10/04/2026-22:04:45] [I] Average on 1 runs - GPU latency: 6.77344 ms - Host latency: 6.85352 ms (enqueue 4.19531 ms)
[10/04/2026-22:04:45] [I] Average on 1 runs - GPU latency: 6.76758 ms - Host latency: 6.85938 ms (enqueue 2.11914 ms)
[10/04/2026-22:04:45] [I] Average on 1 runs - GPU latency: 6.76953 ms - Host latency: 6.84766 ms (enqueue 4.14453 ms)
[10/04/2026-22:04:45] [I] Average on 1 runs - GPU latency: 6.76758 ms - Host latency: 6.85352 ms (enqueue 4.17188 ms)
[10/04/2026-22:04:45] [I] Average on 1 runs - GPU latency: 6.76953 ms - Host latency: 6.84766 ms (enqueue 4.22461 ms)
[10/04/2026-22:04:45] [I] Average on 1 runs - GPU latency: 6.75977 ms - Host latency: 6.83984 ms (enqueue 4.17773 ms)
[10/04/2026-22:04:45] [I] Average on 1 runs - GPU latency: 6.76758 ms - Host latency: 6.84375 ms (enqueue 4.16797 ms)
[10/04/2026-22:04:45] [I] Average on 1 runs - GPU latency: 6.80469 ms - Host latency: 6.88672 ms (enqueue 2.93945 ms)
[10/04/2026-22:04:45] [I] Average on 1 runs - GPU latency: 6.76953 ms - Host latency: 6.86328 ms (enqueue 2.95898 ms)
[10/04/2026-22:04:45] [I] Average on 1 runs - GPU latency: 6.77148 ms - Host latency: 6.85352 ms (enqueue 3.0293 ms)
[10/04/2026-22:04:45] [I] Average on 1 runs - GPU latency: 6.76367 ms - Host latency: 6.83984 ms (enqueue 2.60156 ms)
[10/04/2026-22:04:45] [I] 
[10/04/2026-22:04:45] [I] === Performance summary ===
[10/04/2026-22:04:45] [I] Throughput: 147.618 qps
[10/04/2026-22:04:45] [I] Latency: min = 6.82275 ms, max = 6.97241 ms, mean = 6.84921 ms, median = 6.84863 ms, percentile(90%) = 6.85938 ms, percentile(95%) = 6.86426 ms, percentile(99%) = 6.87598 ms
[10/04/2026-22:04:45] [I] Enqueue Time: min = 2.05859 ms, max = 5.62891 ms, mean = 3.9783 ms, median = 4.18652 ms, percentile(90%) = 4.25195 ms, percentile(95%) = 4.27881 ms, percentile(99%) = 4.40234 ms
[10/04/2026-22:04:45] [I] H2D Latency: min = 0.0625 ms, max = 0.166748 ms, mean = 0.0735941 ms, median = 0.0732422 ms, percentile(90%) = 0.078125 ms, percentile(95%) = 0.0800781 ms, percentile(99%) = 0.0878906 ms
[10/04/2026-22:04:45] [I] GPU Compute Time: min = 6.74902 ms, max = 6.81689 ms, mean = 6.76857 ms, median = 6.76782 ms, percentile(90%) = 6.77734 ms, percentile(95%) = 6.78076 ms, percentile(99%) = 6.79199 ms
[10/04/2026-22:04:45] [I] D2H Latency: min = 0.00390625 ms, max = 0.0117188 ms, mean = 0.00704242 ms, median = 0.00683594 ms, percentile(90%) = 0.00878906 ms, percentile(95%) = 0.00976562 ms, percentile(99%) = 0.00976562 ms
[10/04/2026-22:04:45] [I] Total Host Walltime: 15.0185 s
[10/04/2026-22:04:45] [I] Total GPU Compute Time: 15.0059 s
[10/04/2026-22:04:45] [I] Explanations of the performance metrics are printed in the verbose logs.
[10/04/2026-22:04:45] [I] 
&&&& PASSED TensorRT.trtexec [TensorRT v100300] # /usr/src/tensorrt/bin/trtexec --loadEngine=/tmp/engines/y26s_640_uint8_opt3.engine --warmUp=3000 --duration=15 --idleTime=2 --avgRuns=1
