&&&& RUNNING TensorRT.trtexec [TensorRT v100300] # /usr/src/tensorrt/bin/trtexec --loadEngine=/tmp/yolo26n_84172_uint8_fp16_opt3.engine --warmUp=3000 --duration=15 --idleTime=0 --avgRuns=1
[10/06/2026-16:11:51] [I] === Model Options ===
[10/06/2026-16:11:51] [I] Format: *
[10/06/2026-16:11:51] [I] Model: 
[10/06/2026-16:11:51] [I] Output:
[10/06/2026-16:11:51] [I] 
[10/06/2026-16:11:51] [I] === System Options ===
[10/06/2026-16:11:51] [I] Device: 0
[10/06/2026-16:11:51] [I] DLACore: 
[10/06/2026-16:11:51] [I] Plugins:
[10/06/2026-16:11:51] [I] setPluginsToSerialize:
[10/06/2026-16:11:51] [I] dynamicPlugins:
[10/06/2026-16:11:51] [I] ignoreParsedPluginLibs: 0
[10/06/2026-16:11:51] [I] 
[10/06/2026-16:11:51] [I] === Inference Options ===
[10/06/2026-16:11:51] [I] Batch: Explicit
[10/06/2026-16:11:51] [I] Input inference shapes: model
[10/06/2026-16:11:51] [I] Iterations: 10
[10/06/2026-16:11:51] [I] Duration: 15s (+ 3000ms warm up)
[10/06/2026-16:11:51] [I] Sleep time: 0ms
[10/06/2026-16:11:51] [I] Idle time: 0ms
[10/06/2026-16:11:51] [I] Inference Streams: 1
[10/06/2026-16:11:51] [I] ExposeDMA: Disabled
[10/06/2026-16:11:51] [I] Data transfers: Enabled
[10/06/2026-16:11:51] [I] Spin-wait: Disabled
[10/06/2026-16:11:51] [I] Multithreading: Disabled
[10/06/2026-16:11:51] [I] CUDA Graph: Disabled
[10/06/2026-16:11:51] [I] Separate profiling: Disabled
[10/06/2026-16:11:51] [I] Time Deserialize: Disabled
[10/06/2026-16:11:51] [I] Time Refit: Disabled
[10/06/2026-16:11:51] [I] NVTX verbosity: 0
[10/06/2026-16:11:51] [I] Persistent Cache Ratio: 0
[10/06/2026-16:11:51] [I] Optimization Profile Index: 0
[10/06/2026-16:11:51] [I] Weight Streaming Budget: 100.000000%
[10/06/2026-16:11:51] [I] Inputs:
[10/06/2026-16:11:51] [I] Debug Tensor Save Destinations:
[10/06/2026-16:11:51] [I] === Reporting Options ===
[10/06/2026-16:11:51] [I] Verbose: Disabled
[10/06/2026-16:11:51] [I] Averages: 1 inferences
[10/06/2026-16:11:51] [I] Percentiles: 90,95,99
[10/06/2026-16:11:51] [I] Dump refittable layers:Disabled
[10/06/2026-16:11:51] [I] Dump output: Disabled
[10/06/2026-16:11:51] [I] Profile: Disabled
[10/06/2026-16:11:51] [I] Export timing to JSON file: 
[10/06/2026-16:11:51] [I] Export output to JSON file: 
[10/06/2026-16:11:51] [I] Export profile to JSON file: 
[10/06/2026-16:11:51] [I] 
[10/06/2026-16:11:51] [I] === Device Information ===
[10/06/2026-16:11:51] [I] Available Devices: 
[10/06/2026-16:11:51] [I]   Device 0: "Orin" UUID: GPU-6e16c2c1-e394-5324-8f2e-63a975968f4e
[10/06/2026-16:11:51] [I] Selected Device: Orin
[10/06/2026-16:11:51] [I] Selected Device ID: 0
[10/06/2026-16:11:51] [I] Selected Device UUID: GPU-6e16c2c1-e394-5324-8f2e-63a975968f4e
[10/06/2026-16:11:51] [I] Compute Capability: 8.7
[10/06/2026-16:11:51] [I] SMs: 8
[10/06/2026-16:11:51] [I] Device Global Memory: 7607 MiB
[10/06/2026-16:11:51] [I] Shared Memory per SM: 164 KiB
[10/06/2026-16:11:51] [I] Memory Bus Width: 128 bits (ECC disabled)
[10/06/2026-16:11:51] [I] Application Compute Clock Rate: 1.02 GHz
[10/06/2026-16:11:51] [I] Application Memory Clock Rate: 0.51 GHz
[10/06/2026-16:11:51] [I] 
[10/06/2026-16:11:51] [I] Note: The application clock rates do not reflect the actual clock rates that the GPU is currently running at.
[10/06/2026-16:11:51] [I] 
[10/06/2026-16:11:51] [I] TensorRT version: 10.3.0
[10/06/2026-16:11:51] [I] Loading standard plugins
[10/06/2026-16:11:51] [I] [TRT] Loaded engine size: 7 MiB
[10/06/2026-16:11:51] [I] Engine deserialized in 0.0602177 sec.
[10/06/2026-16:11:51] [I] [TRT] [MemUsageChange] TensorRT-managed allocation in IExecutionContext creation: CPU +0, GPU +12, now: CPU 0, GPU 16 (MiB)
[10/06/2026-16:11:51] [I] Setting persistentCacheLimit to 0 bytes.
[10/06/2026-16:11:51] [I] Created execution context with device memory size: 12.207 MiB
[10/06/2026-16:11:51] [I] Using random values for input images
[10/06/2026-16:11:51] [I] Input binding for images with dimensions 1x640x640x3 is created.
[10/06/2026-16:11:51] [I] Output binding for output0 with dimensions 1x300x6 is created.
[10/06/2026-16:11:51] [I] Starting inference
[10/06/2026-16:12:09] [I] Warmup completed 374 queries over 3000 ms
[10/06/2026-16:12:09] [I] Timing trace has 1909 queries over 15.028 s
[10/06/2026-16:12:09] [I] 
[10/06/2026-16:12:09] [I] === Trace details ===
[10/06/2026-16:12:09] [I] Trace averages of 1 runs:
[10/06/2026-16:12:09] [I] Average on 1 runs - GPU latency: 7.85547 ms - Host latency: 7.99902 ms (enqueue 4.29541 ms)
[10/06/2026-16:12:09] [I] Average on 1 runs - GPU latency: 7.86963 ms - Host latency: 8.01099 ms (enqueue 4.3313 ms)
[10/06/2026-16:12:09] [I] Average on 1 runs - GPU latency: 7.85962 ms - Host latency: 8.02222 ms (enqueue 4.2583 ms)
[10/06/2026-16:12:09] [I] Average on 1 runs - GPU latency: 7.86621 ms - Host latency: 8.02026 ms (enqueue 4.30371 ms)
[10/06/2026-16:12:09] [I] Average on 1 runs - GPU latency: 7.86499 ms - Host latency: 8.00439 ms (enqueue 4.41504 ms)
[10/06/2026-16:12:09] [I] Average on 1 runs - GPU latency: 7.86133 ms - Host latency: 8.00684 ms (enqueue 4.36401 ms)
[10/06/2026-16:12:09] [I] Average on 1 runs - GPU latency: 7.86255 ms - Host latency: 7.99756 ms (enqueue 4.32446 ms)
[10/06/2026-16:12:09] [I] Average on 1 runs - GPU latency: 7.85596 ms - Host latency: 8.00146 ms (enqueue 4.28198 ms)
[10/06/2026-16:12:09] [I] Average on 1 runs - GPU latency: 7.8479 ms - Host latency: 7.98389 ms (enqueue 4.28564 ms)
[10/06/2026-16:12:09] [I] Average on 1 runs - GPU latency: 7.87354 ms - Host latency: 8.02856 ms (enqueue 4.29858 ms)
[10/06/2026-16:12:09] [I] Average on 1 runs - GPU latency: 7.86108 ms - Host latency: 8.06787 ms (enqueue 4.27539 ms)
[10/06/2026-16:12:09] [I] Average on 1 runs - GPU latency: 7.85864 ms - Host latency: 7.99365 ms (enqueue 4.4187 ms)
[10/06/2026-16:12:09] [I] Average on 1 runs - GPU latency: 7.85913 ms - Host latency: 8.01196 ms (enqueue 4.43848 ms)
[10/06/2026-16:12:09] [I] Average on 1 runs - GPU latency: 7.8689 ms - Host latency: 8.00977 ms (enqueue 4.39673 ms)
[10/06/2026-16:12:09] [I] Average on 1 runs - GPU latency: 7.86108 ms - Host latency: 8.02295 ms (enqueue 4.32129 ms)
[10/06/2026-16:12:09] [I] Average on 1 runs - GPU latency: 7.86035 ms - Host latency: 8.01685 ms (enqueue 4.55029 ms)
[10/06/2026-16:12:09] [I] Average on 1 runs - GPU latency: 7.86182 ms - Host latency: 8.00488 ms (enqueue 4.26636 ms)
[10/06/2026-16:12:09] [I] Average on 1 runs - GPU latency: 7.86304 ms - Host latency: 8.02002 ms (enqueue 4.27026 ms)
[10/06/2026-16:12:09] [I] Average on 1 runs - GPU latency: 7.85229 ms - Host latency: 7.99194 ms (enqueue 4.31104 ms)
[10/06/2026-16:12:09] [I] Average on 1 runs - GPU latency: 7.85645 ms - Host latency: 8.00391 ms (enqueue 4.29272 ms)
[10/06/2026-16:12:09] [I] Average on 1 runs - GPU latency: 7.86865 ms - Host latency: 8.0166 ms (enqueue 4.30786 ms)
[10/06/2026-16:12:09] [I] Average on 1 runs - GPU latency: 7.86841 ms - Host latency: 8.01562 ms (enqueue 4.30566 ms)
[10/06/2026-16:12:09] [I] Average on 1 runs - GPU latency: 7.86133 ms - Host latency: 7.99707 ms (enqueue 4.30615 ms)
[10/06/2026-16:12:09] [I] Average on 1 runs - GPU latency: 7.86841 ms - Host latency: 8.0022 ms (enqueue 4.31885 ms)
[10/06/2026-16:12:09] [I] Average on 1 runs - GPU latency: 7.86914 ms - Host latency: 8.01562 ms (enqueue 4.29321 ms)
[10/06/2026-16:12:09] [I] Average on 1 runs - GPU latency: 7.86157 ms - Host latency: 8.00098 ms (enqueue 4.2915 ms)
[10/06/2026-16:12:09] [I] Average on 1 runs - GPU latency: 7.86743 ms - Host latency: 8.0144 ms (enqueue 4.30444 ms)
[10/06/2026-16:12:09] [I] Average on 1 runs - GPU latency: 7.86597 ms - Host latency: 8.01147 ms (enqueue 4.29663 ms)
[10/06/2026-16:12:09] [I] Average on 1 runs - GPU latency: 7.86108 ms - Host latency: 8.00781 ms (enqueue 4.31787 ms)
[10/06/2026-16:12:09] [I] Average on 1 runs - GPU latency: 7.85742 ms - Host latency: 8.00684 ms (enqueue 4.34473 ms)
[10/06/2026-16:12:09] [I] Average on 1 runs - GPU latency: 7.87012 ms - Host latency: 8.02393 ms (enqueue 4.34546 ms)
[10/06/2026-16:12:09] [I] Average on 1 runs - GPU latency: 7.86255 ms - Host latency: 8.00684 ms (enqueue 4.35156 ms)
[10/06/2026-16:12:09] [I] Average on 1 runs - GPU latency: 7.85156 ms - Host latency: 7.99634 ms (enqueue 4.37622 ms)
[10/06/2026-16:12:09] [I] Average on 1 runs - GPU latency: 7.85669 ms - Host latency: 7.99268 ms (enqueue 4.34131 ms)
[10/06/2026-16:12:09] [I] Average on 1 runs - GPU latency: 7.87817 ms - Host latency: 8.03369 ms (enqueue 4.24561 ms)
[10/06/2026-16:12:09] [I] Average on 1 runs - GPU latency: 7.8584 ms - Host latency: 8.05469 ms (enqueue 4.26685 ms)
[10/06/2026-16:12:09] [I] Average on 1 runs - GPU latency: 7.87036 ms - Host latency: 8.03125 ms (enqueue 4.3042 ms)
[10/06/2026-16:12:09] [I] Average on 1 runs - GPU latency: 7.86743 ms - Host latency: 8.02393 ms (enqueue 4.29053 ms)
[10/06/2026-16:12:09] [I] Average on 1 runs - GPU latency: 7.86816 ms - Host latency: 8.02539 ms (enqueue 4.38672 ms)
[10/06/2026-16:12:09] [I] Average on 1 runs - GPU latency: 7.86401 ms - Host latency: 8.02612 ms (enqueue 4.33691 ms)
[10/06/2026-16:12:09] [I] Average on 1 runs - GPU latency: 7.85669 ms - Host latency: 8.06494 ms (enqueue 4.30078 ms)
[10/06/2026-16:12:09] [I] Average on 1 runs - GPU latency: 7.86768 ms - Host latency: 8.00928 ms (enqueue 4.3606 ms)
[10/06/2026-16:12:09] [I] Average on 1 runs - GPU latency: 7.86572 ms - Host latency: 8.00464 ms (enqueue 4.35742 ms)
[10/06/2026-16:12:09] [I] Average on 1 runs - GPU latency: 7.86743 ms - Host latency: 8.01025 ms (enqueue 4.51489 ms)
[10/06/2026-16:12:09] [I] Average on 1 runs - GPU latency: 7.86133 ms - Host latency: 8.00415 ms (enqueue 4.28687 ms)
[10/06/2026-16:12:09] [I] Average on 1 runs - GPU latency: 7.85938 ms - Host latency: 7.99805 ms (enqueue 4.2959 ms)
[10/06/2026-16:12:09] [I] Average on 1 runs - GPU latency: 7.86182 ms - Host latency: 8.00122 ms (enqueue 4.28271 ms)
[10/06/2026-16:12:09] [I] Average on 1 runs - GPU latency: 7.85889 ms - Host latency: 7.99536 ms (enqueue 4.271 ms)
[10/06/2026-16:12:09] [I] Average on 1 runs - GPU latency: 7.87109 ms - Host latency: 8.0127 ms (enqueue 4.3147 ms)
[10/06/2026-16:12:09] [I] Average on 1 runs - GPU latency: 7.87134 ms - Host latency: 8.01636 ms (enqueue 4.38208 ms)
[10/06/2026-16:12:09] [I] Average on 1 runs - GPU latency: 7.85083 ms - Host latency: 7.99316 ms (enqueue 4.3103 ms)
[10/06/2026-16:12:09] [I] Average on 1 runs - GPU latency: 7.85181 ms - Host latency: 7.99219 ms (enqueue 4.36499 ms)
[10/06/2026-16:12:09] [I] Average on 1 runs - GPU latency: 7.85791 ms - Host latency: 7.99683 ms (enqueue 4.29883 ms)
[10/06/2026-16:12:09] [I] Average on 1 runs - GPU latency: 7.86499 ms - Host latency: 7.99585 ms (enqueue 4.25635 ms)
[10/06/2026-16:12:09] [I] Average on 1 runs - GPU latency: 7.85718 ms - Host latency: 8.00171 ms (enqueue 4.31812 ms)
[10/06/2026-16:12:09] [I] Average on 1 runs - GPU latency: 7.86694 ms - Host latency: 8.00342 ms (enqueue 4.30103 ms)
[10/06/2026-16:12:09] [I] Average on 1 runs - GPU latency: 7.85083 ms - Host latency: 8.01709 ms (enqueue 4.41235 ms)
[10/06/2026-16:12:09] [I] Average on 1 runs - GPU latency: 7.84961 ms - Host latency: 7.98413 ms (enqueue 4.42969 ms)
[10/06/2026-16:12:09] [I] Average on 1 runs - GPU latency: 7.85864 ms - Host latency: 7.99756 ms (enqueue 4.29053 ms)
[10/06/2026-16:12:09] [I] Average on 1 runs - GPU latency: 7.86206 ms - Host latency: 8.00269 ms (enqueue 4.3147 ms)
[10/06/2026-16:12:09] [I] Average on 1 runs - GPU latency: 7.85181 ms - Host latency: 7.99854 ms (enqueue 4.33887 ms)
[10/06/2026-16:12:09] [I] Average on 1 runs - GPU latency: 7.88232 ms - Host latency: 8.01855 ms (enqueue 4.43701 ms)
[10/06/2026-16:12:09] [I] Average on 1 runs - GPU latency: 7.8667 ms - Host latency: 8.05908 ms (enqueue 4.37036 ms)
[10/06/2026-16:12:09] [I] Average on 1 runs - GPU latency: 7.86743 ms - Host latency: 8.01807 ms (enqueue 4.33594 ms)
[10/06/2026-16:12:09] [I] Average on 1 runs - GPU latency: 7.84595 ms - Host latency: 8.01318 ms (enqueue 4.34912 ms)
[10/06/2026-16:12:09] [I] Average on 1 runs - GPU latency: 7.84888 ms - Host latency: 8.00513 ms (enqueue 4.37354 ms)
[10/06/2026-16:12:09] [I] Average on 1 runs - GPU latency: 7.87891 ms - Host latency: 8.02881 ms (enqueue 4.27246 ms)
[10/06/2026-16:12:09] [I] Average on 1 runs - GPU latency: 7.8584 ms - Host latency: 8.02515 ms (enqueue 4.29517 ms)
[10/06/2026-16:12:09] [I] Average on 1 runs - GPU latency: 7.86548 ms - Host latency: 8.02539 ms (enqueue 4.33691 ms)
[10/06/2026-16:12:09] [I] Average on 1 runs - GPU latency: 7.86475 ms - Host latency: 8.01221 ms (enqueue 4.28394 ms)
[10/06/2026-16:12:09] [I] Average on 1 runs - GPU latency: 7.86304 ms - Host latency: 8.02466 ms (enqueue 4.2207 ms)
[10/06/2026-16:12:09] [I] Average on 1 runs - GPU latency: 7.86353 ms - Host latency: 8.01025 ms (enqueue 4.42456 ms)
[10/06/2026-16:12:09] [I] Average on 1 runs - GPU latency: 7.87598 ms - Host latency: 8.02734 ms (enqueue 4.22437 ms)
[10/06/2026-16:12:09] [I] Average on 1 runs - GPU latency: 7.85059 ms - Host latency: 7.99048 ms (enqueue 4.39526 ms)
[10/06/2026-16:12:09] [I] Average on 1 runs - GPU latency: 7.86377 ms - Host latency: 8.00366 ms (enqueue 4.29932 ms)
[10/06/2026-16:12:09] [I] Average on 1 runs - GPU latency: 7.86792 ms - Host latency: 8.02368 ms (enqueue 4.35645 ms)
[10/06/2026-16:12:09] [I] Average on 1 runs - GPU latency: 7.85425 ms - Host latency: 8.052 ms (enqueue 4.34839 ms)
[10/06/2026-16:12:09] [I] Average on 1 runs - GPU latency: 7.87012 ms - Host latency: 8.00757 ms (enqueue 4.32227 ms)
[10/06/2026-16:12:09] [I] Average on 1 runs - GPU latency: 7.87476 ms - Host latency: 8.01709 ms (enqueue 4.2915 ms)
[10/06/2026-16:12:09] [I] Average on 1 runs - GPU latency: 7.85864 ms - Host latency: 8.00049 ms (enqueue 4.36475 ms)
[10/06/2026-16:12:09] [I] Average on 1 runs - GPU latency: 7.86499 ms - Host latency: 8.02173 ms (enqueue 4.3335 ms)
[10/06/2026-16:12:09] [I] Average on 1 runs - GPU latency: 7.875 ms - Host latency: 8.02124 ms (enqueue 4.31421 ms)
[10/06/2026-16:12:09] [I] Average on 1 runs - GPU latency: 7.87036 ms - Host latency: 8.0083 ms (enqueue 4.31323 ms)
[10/06/2026-16:12:09] [I] Average on 1 runs - GPU latency: 7.86328 ms - Host latency: 8.00708 ms (enqueue 4.28247 ms)
[10/06/2026-16:12:09] [I] Average on 1 runs - GPU latency: 7.86475 ms - Host latency: 8.01929 ms (enqueue 4.32251 ms)
[10/06/2026-16:12:09] [I] Average on 1 runs - GPU latency: 7.86621 ms - Host latency: 8.02368 ms (enqueue 4.31372 ms)
[10/06/2026-16:12:09] [I] Average on 1 runs - GPU latency: 7.85815 ms - Host latency: 8.00024 ms (enqueue 4.36401 ms)
[10/06/2026-16:12:09] [I] Average on 1 runs - GPU latency: 7.86133 ms - Host latency: 8.0061 ms (enqueue 4.29077 ms)
[10/06/2026-16:12:09] [I] Average on 1 runs - GPU latency: 7.85986 ms - Host latency: 7.9917 ms (enqueue 4.31641 ms)
[10/06/2026-16:12:09] [I] Average on 1 runs - GPU latency: 7.85449 ms - Host latency: 8.00195 ms (enqueue 4.36426 ms)
[10/06/2026-16:12:09] [I] Average on 1 runs - GPU latency: 7.86157 ms - Host latency: 7.99805 ms (enqueue 4.31592 ms)
[10/06/2026-16:12:09] [I] Average on 1 runs - GPU latency: 7.84985 ms - Host latency: 8.00171 ms (enqueue 4.21533 ms)
[10/06/2026-16:12:09] [I] Average on 1 runs - GPU latency: 7.87012 ms - Host latency: 8.01636 ms (enqueue 4.30566 ms)
[10/06/2026-16:12:09] [I] Average on 1 runs - GPU latency: 7.85986 ms - Host latency: 7.98877 ms (enqueue 4.32642 ms)
[10/06/2026-16:12:09] [I] Average on 1 runs - GPU latency: 7.86597 ms - Host latency: 8.01929 ms (enqueue 4.29956 ms)
[10/06/2026-16:12:09] [I] Average on 1 runs - GPU latency: 7.85718 ms - Host latency: 8.01636 ms (enqueue 4.32788 ms)
[10/06/2026-16:12:09] [I] Average on 1 runs - GPU latency: 7.86328 ms - Host latency: 8.00024 ms (enqueue 4.3186 ms)
[10/06/2026-16:12:09] [I] Average on 1 runs - GPU latency: 7.85913 ms - Host latency: 8.00342 ms (enqueue 4.30493 ms)
[10/06/2026-16:12:09] [I] Average on 1 runs - GPU latency: 7.86279 ms - Host latency: 8.00732 ms (enqueue 4.33545 ms)
[10/06/2026-16:12:09] [I] Average on 1 runs - GPU latency: 7.85718 ms - Host latency: 8.00073 ms (enqueue 4.33374 ms)
[10/06/2026-16:12:09] [I] Average on 1 runs - GPU latency: 7.85986 ms - Host latency: 8.01514 ms (enqueue 4.30225 ms)
[10/06/2026-16:12:09] [I] Average on 1 runs - GPU latency: 7.84692 ms - Host latency: 7.9978 ms (enqueue 4.375 ms)
[10/06/2026-16:12:09] [I] Average on 1 runs - GPU latency: 7.86279 ms - Host latency: 7.99756 ms (enqueue 4.41992 ms)
[10/06/2026-16:12:09] [I] Average on 1 runs - GPU latency: 7.87061 ms - Host latency: 8.06519 ms (enqueue 4.37671 ms)
[10/06/2026-16:12:09] [I] Average on 1 runs - GPU latency: 7.85742 ms - Host latency: 7.98657 ms (enqueue 4.26929 ms)
[10/06/2026-16:12:09] [I] Average on 1 runs - GPU latency: 7.86206 ms - Host latency: 8.00952 ms (enqueue 4.31079 ms)
[10/06/2026-16:12:09] [I] Average on 1 runs - GPU latency: 7.84546 ms - Host latency: 7.9834 ms (enqueue 4.2832 ms)
[10/06/2026-16:12:09] [I] Average on 1 runs - GPU latency: 7.85742 ms - Host latency: 8.00562 ms (enqueue 4.32397 ms)
[10/06/2026-16:12:09] [I] Average on 1 runs - GPU latency: 7.8606 ms - Host latency: 8.01587 ms (enqueue 4.27417 ms)
[10/06/2026-16:12:09] [I] Average on 1 runs - GPU latency: 7.85864 ms - Host latency: 7.99878 ms (enqueue 4.27734 ms)
[10/06/2026-16:12:09] [I] Average on 1 runs - GPU latency: 7.85376 ms - Host latency: 8.00122 ms (enqueue 4.24097 ms)
[10/06/2026-16:12:09] [I] Average on 1 runs - GPU latency: 7.87036 ms - Host latency: 8.00391 ms (enqueue 4.31323 ms)
[10/06/2026-16:12:09] [I] Average on 1 runs - GPU latency: 7.85303 ms - Host latency: 8.00342 ms (enqueue 4.27881 ms)
[10/06/2026-16:12:09] [I] Average on 1 runs - GPU latency: 7.88354 ms - Host latency: 8.01294 ms (enqueue 4.3147 ms)
[10/06/2026-16:12:09] [I] Average on 1 runs - GPU latency: 7.86108 ms - Host latency: 8.01636 ms (enqueue 4.30957 ms)
[10/06/2026-16:12:09] [I] Average on 1 runs - GPU latency: 7.85132 ms - Host latency: 7.99316 ms (enqueue 4.25537 ms)
[10/06/2026-16:12:09] [I] Average on 1 runs - GPU latency: 7.88184 ms - Host latency: 8.03638 ms (enqueue 4.2937 ms)
[10/06/2026-16:12:09] [I] Average on 1 runs - GPU latency: 7.86304 ms - Host latency: 8.05469 ms (enqueue 4.20557 ms)
[10/06/2026-16:12:09] [I] Average on 1 runs - GPU latency: 7.86426 ms - Host latency: 8.01587 ms (enqueue 4.24878 ms)
[10/06/2026-16:12:09] [I] Average on 1 runs - GPU latency: 7.87109 ms - Host latency: 8.01489 ms (enqueue 4.28979 ms)
[10/06/2026-16:12:09] [I] Average on 1 runs - GPU latency: 7.86401 ms - Host latency: 8.01416 ms (enqueue 4.3042 ms)
[10/06/2026-16:12:09] [I] Average on 1 runs - GPU latency: 7.86353 ms - Host latency: 8.00317 ms (enqueue 4.34937 ms)
[10/06/2026-16:12:09] [I] Average on 1 runs - GPU latency: 7.86694 ms - Host latency: 8.01685 ms (enqueue 4.32446 ms)
[10/06/2026-16:12:09] [I] Average on 1 runs - GPU latency: 7.85718 ms - Host latency: 8.01978 ms (enqueue 4.2876 ms)
[10/06/2026-16:12:09] [I] Average on 1 runs - GPU latency: 7.86011 ms - Host latency: 8.01587 ms (enqueue 4.30444 ms)
[10/06/2026-16:12:09] [I] Average on 1 runs - GPU latency: 7.87305 ms - Host latency: 8.02124 ms (enqueue 4.29077 ms)
[10/06/2026-16:12:09] [I] Average on 1 runs - GPU latency: 7.85962 ms - Host latency: 8.00684 ms (enqueue 4.27979 ms)
[10/06/2026-16:12:09] [I] Average on 1 runs - GPU latency: 7.86255 ms - Host latency: 8.0144 ms (enqueue 4.38208 ms)
[10/06/2026-16:12:09] [I] Average on 1 runs - GPU latency: 7.85132 ms - Host latency: 8.0144 ms (enqueue 4.32886 ms)
[10/06/2026-16:12:09] [I] Average on 1 runs - GPU latency: 7.8584 ms - Host latency: 7.98975 ms (enqueue 4.27026 ms)
[10/06/2026-16:12:09] [I] Average on 1 runs - GPU latency: 7.86792 ms - Host latency: 8.05981 ms (enqueue 4.29199 ms)
[10/06/2026-16:12:09] [I] Average on 1 runs - GPU latency: 7.85913 ms - Host latency: 8.0835 ms (enqueue 4.20752 ms)
[10/06/2026-16:12:09] [I] Average on 1 runs - GPU latency: 7.87158 ms - Host latency: 8.04248 ms (enqueue 4.28491 ms)
[10/06/2026-16:12:09] [I] Average on 1 runs - GPU latency: 7.86133 ms - Host latency: 8.03198 ms (enqueue 4.29883 ms)
[10/06/2026-16:12:09] [I] Average on 1 runs - GPU latency: 7.87378 ms - Host latency: 8.01294 ms (enqueue 4.27588 ms)
[10/06/2026-16:12:09] [I] Average on 1 runs - GPU latency: 7.87939 ms - Host latency: 8.05469 ms (enqueue 4.22217 ms)
[10/06/2026-16:12:09] [I] Average on 1 runs - GPU latency: 7.86328 ms - Host latency: 8.0376 ms (enqueue 4.20972 ms)
[10/06/2026-16:12:09] [I] Average on 1 runs - GPU latency: 7.85352 ms - Host latency: 8.01221 ms (enqueue 4.26099 ms)
[10/06/2026-16:12:09] [I] Average on 1 runs - GPU latency: 7.87329 ms - Host latency: 8.03247 ms (enqueue 4.2041 ms)
[10/06/2026-16:12:09] [I] Average on 1 runs - GPU latency: 7.86548 ms - Host latency: 8.04956 ms (enqueue 4.33496 ms)
[10/06/2026-16:12:09] [I] Average on 1 runs - GPU latency: 7.87402 ms - Host latency: 8.10791 ms (enqueue 4.29492 ms)
[10/06/2026-16:12:09] [I] Average on 1 runs - GPU latency: 7.87207 ms - Host latency: 8.04541 ms (enqueue 4.23389 ms)
[10/06/2026-16:12:09] [I] Average on 1 runs - GPU latency: 7.86279 ms - Host latency: 8.03027 ms (enqueue 4.2417 ms)
[10/06/2026-16:12:09] [I] Average on 1 runs - GPU latency: 7.86328 ms - Host latency: 8.00879 ms (enqueue 4.34912 ms)
[10/06/2026-16:12:09] [I] Average on 1 runs - GPU latency: 7.86816 ms - Host latency: 8.06836 ms (enqueue 4.28662 ms)
[10/06/2026-16:12:09] [I] Average on 1 runs - GPU latency: 7.86279 ms - Host latency: 8.00879 ms (enqueue 4.34619 ms)
[10/06/2026-16:12:09] [I] Average on 1 runs - GPU latency: 7.85889 ms - Host latency: 8 ms (enqueue 4.32666 ms)
[10/06/2026-16:12:09] [I] Average on 1 runs - GPU latency: 7.86426 ms - Host latency: 8.00391 ms (enqueue 4.29199 ms)
[10/06/2026-16:12:09] [I] Average on 1 runs - GPU latency: 7.85791 ms - Host latency: 7.99854 ms (enqueue 4.36572 ms)
[10/06/2026-16:12:09] [I] Average on 1 runs - GPU latency: 7.86035 ms - Host latency: 7.99707 ms (enqueue 4.27979 ms)
[10/06/2026-16:12:09] [I] Average on 1 runs - GPU latency: 7.875 ms - Host latency: 8.0332 ms (enqueue 4.34912 ms)
[10/06/2026-16:12:09] [I] Average on 1 runs - GPU latency: 7.85205 ms - Host latency: 8.021 ms (enqueue 4.29492 ms)
[10/06/2026-16:12:09] [I] Average on 1 runs - GPU latency: 7.86572 ms - Host latency: 8.00195 ms (enqueue 4.35889 ms)
[10/06/2026-16:12:09] [I] Average on 1 runs - GPU latency: 7.86768 ms - Host latency: 8.00342 ms (enqueue 4.35938 ms)
[10/06/2026-16:12:09] [I] Average on 1 runs - GPU latency: 7.86328 ms - Host latency: 7.99756 ms (enqueue 4.25977 ms)
[10/06/2026-16:12:09] [I] Average on 1 runs - GPU latency: 7.86084 ms - Host latency: 8.02881 ms (enqueue 4.18799 ms)
[10/06/2026-16:12:09] [I] Average on 1 runs - GPU latency: 7.86621 ms - Host latency: 8.00732 ms (enqueue 4.28711 ms)
[10/06/2026-16:12:09] [I] Average on 1 runs - GPU latency: 7.86768 ms - Host latency: 8.01807 ms (enqueue 4.28174 ms)
[10/06/2026-16:12:09] [I] Average on 1 runs - GPU latency: 7.85986 ms - Host latency: 8.01367 ms (enqueue 4.33447 ms)
[10/06/2026-16:12:09] [I] Average on 1 runs - GPU latency: 7.85742 ms - Host latency: 8.00244 ms (enqueue 4.27148 ms)
[10/06/2026-16:12:09] [I] Average on 1 runs - GPU latency: 7.85645 ms - Host latency: 8.00928 ms (enqueue 4.27344 ms)
[10/06/2026-16:12:09] [I] Average on 1 runs - GPU latency: 7.86865 ms - Host latency: 8.03027 ms (enqueue 4.21289 ms)
[10/06/2026-16:12:09] [I] Average on 1 runs - GPU latency: 7.86963 ms - Host latency: 8.02148 ms (enqueue 4.30811 ms)
[10/06/2026-16:12:09] [I] Average on 1 runs - GPU latency: 7.85986 ms - Host latency: 7.99609 ms (enqueue 4.2998 ms)
[10/06/2026-16:12:09] [I] Average on 1 runs - GPU latency: 7.85645 ms - Host latency: 7.99707 ms (enqueue 4.4082 ms)
[10/06/2026-16:12:09] [I] Average on 1 runs - GPU latency: 7.8667 ms - Host latency: 8.00586 ms (enqueue 4.33447 ms)
[10/06/2026-16:12:09] [I] Average on 1 runs - GPU latency: 7.86865 ms - Host latency: 8.01953 ms (enqueue 4.17285 ms)
[10/06/2026-16:12:09] [I] Average on 1 runs - GPU latency: 7.85254 ms - Host latency: 8.00391 ms (enqueue 4.25293 ms)
[10/06/2026-16:12:09] [I] Average on 1 runs - GPU latency: 7.8501 ms - Host latency: 7.99561 ms (enqueue 4.20215 ms)
[10/06/2026-16:12:09] [I] Average on 1 runs - GPU latency: 7.86035 ms - Host latency: 8 ms (enqueue 4.24512 ms)
[10/06/2026-16:12:09] [I] Average on 1 runs - GPU latency: 7.86084 ms - Host latency: 7.99414 ms (enqueue 4.25391 ms)
[10/06/2026-16:12:09] [I] Average on 1 runs - GPU latency: 7.86865 ms - Host latency: 8.02295 ms (enqueue 4.35352 ms)
[10/06/2026-16:12:09] [I] Average on 1 runs - GPU latency: 7.8623 ms - Host latency: 8.01416 ms (enqueue 4.28027 ms)
[10/06/2026-16:12:09] [I] Average on 1 runs - GPU latency: 7.87598 ms - Host latency: 8.03516 ms (enqueue 4.30566 ms)
[10/06/2026-16:12:09] [I] Average on 1 runs - GPU latency: 7.86963 ms - Host latency: 8.02832 ms (enqueue 4.22852 ms)
[10/06/2026-16:12:09] [I] Average on 1 runs - GPU latency: 7.8584 ms - Host latency: 8.01172 ms (enqueue 4.26367 ms)
[10/06/2026-16:12:09] [I] Average on 1 runs - GPU latency: 7.85449 ms - Host latency: 7.98975 ms (enqueue 4.28564 ms)
[10/06/2026-16:12:09] [I] Average on 1 runs - GPU latency: 7.87061 ms - Host latency: 8.0083 ms (enqueue 4.31836 ms)
[10/06/2026-16:12:09] [I] Average on 1 runs - GPU latency: 7.85938 ms - Host latency: 8.00635 ms (enqueue 4.33057 ms)
[10/06/2026-16:12:09] [I] Average on 1 runs - GPU latency: 7.86328 ms - Host latency: 8.01367 ms (enqueue 4.28418 ms)
[10/06/2026-16:12:09] [I] Average on 1 runs - GPU latency: 7.85596 ms - Host latency: 8.00537 ms (enqueue 4.22803 ms)
[10/06/2026-16:12:09] [I] Average on 1 runs - GPU latency: 7.86523 ms - Host latency: 8.00781 ms (enqueue 4.30371 ms)
[10/06/2026-16:12:09] [I] Average on 1 runs - GPU latency: 7.85791 ms - Host latency: 8.00293 ms (enqueue 4.27393 ms)
[10/06/2026-16:12:09] [I] Average on 1 runs - GPU latency: 7.85205 ms - Host latency: 7.99805 ms (enqueue 4.28955 ms)
[10/06/2026-16:12:09] [I] Average on 1 runs - GPU latency: 7.86328 ms - Host latency: 8.0127 ms (enqueue 4.27881 ms)
[10/06/2026-16:12:09] [I] Average on 1 runs - GPU latency: 7.85742 ms - Host latency: 8.0498 ms (enqueue 4.39844 ms)
[10/06/2026-16:12:09] [I] Average on 1 runs - GPU latency: 7.86865 ms - Host latency: 8.04639 ms (enqueue 4.32666 ms)
[10/06/2026-16:12:09] [I] Average on 1 runs - GPU latency: 7.86816 ms - Host latency: 8.0332 ms (enqueue 4.35938 ms)
[10/06/2026-16:12:09] [I] Average on 1 runs - GPU latency: 7.85498 ms - Host latency: 8.01318 ms (enqueue 4.30762 ms)
[10/06/2026-16:12:09] [I] Average on 1 runs - GPU latency: 7.86084 ms - Host latency: 8.02832 ms (enqueue 4.34521 ms)
[10/06/2026-16:12:09] [I] Average on 1 runs - GPU latency: 7.86816 ms - Host latency: 8.02588 ms (enqueue 4.28857 ms)
[10/06/2026-16:12:09] [I] Average on 1 runs - GPU latency: 7.86182 ms - Host latency: 8.03662 ms (enqueue 4.30518 ms)
[10/06/2026-16:12:09] [I] Average on 1 runs - GPU latency: 7.86816 ms - Host latency: 8.01416 ms (enqueue 4.41504 ms)
[10/06/2026-16:12:09] [I] Average on 1 runs - GPU latency: 7.85986 ms - Host latency: 8.0166 ms (enqueue 4.20752 ms)
[10/06/2026-16:12:09] [I] Average on 1 runs - GPU latency: 7.85254 ms - Host latency: 7.99951 ms (enqueue 4.39209 ms)
[10/06/2026-16:12:09] [I] Average on 1 runs - GPU latency: 7.85791 ms - Host latency: 7.99609 ms (enqueue 4.26904 ms)
[10/06/2026-16:12:09] [I] Average on 1 runs - GPU latency: 7.86035 ms - Host latency: 8.00879 ms (enqueue 4.28516 ms)
[10/06/2026-16:12:09] [I] Average on 1 runs - GPU latency: 7.87402 ms - Host latency: 8.02539 ms (enqueue 4.37012 ms)
[10/06/2026-16:12:09] [I] Average on 1 runs - GPU latency: 7.87744 ms - Host latency: 8.04443 ms (enqueue 4.31641 ms)
[10/06/2026-16:12:09] [I] Average on 1 runs - GPU latency: 7.85889 ms - Host latency: 8.05615 ms (enqueue 4.29004 ms)
[10/06/2026-16:12:09] [I] ... Omitting 1509 lines
[10/06/2026-16:12:09] [I] Average on 1 runs - GPU latency: 7.86914 ms - Host latency: 8.01172 ms (enqueue 4.23828 ms)
[10/06/2026-16:12:09] [I] Average on 1 runs - GPU latency: 7.86914 ms - Host latency: 8.02539 ms (enqueue 4.32617 ms)
[10/06/2026-16:12:09] [I] Average on 1 runs - GPU latency: 7.85547 ms - Host latency: 7.98828 ms (enqueue 4.33008 ms)
[10/06/2026-16:12:09] [I] Average on 1 runs - GPU latency: 7.86719 ms - Host latency: 8.00586 ms (enqueue 4.33008 ms)
[10/06/2026-16:12:09] [I] Average on 1 runs - GPU latency: 7.86133 ms - Host latency: 8 ms (enqueue 4.30273 ms)
[10/06/2026-16:12:09] [I] Average on 1 runs - GPU latency: 7.86328 ms - Host latency: 8.02148 ms (enqueue 4.30078 ms)
[10/06/2026-16:12:09] [I] Average on 1 runs - GPU latency: 7.85742 ms - Host latency: 8.01172 ms (enqueue 4.25977 ms)
[10/06/2026-16:12:09] [I] Average on 1 runs - GPU latency: 7.86328 ms - Host latency: 8 ms (enqueue 4.3457 ms)
[10/06/2026-16:12:09] [I] Average on 1 runs - GPU latency: 7.84961 ms - Host latency: 8.00391 ms (enqueue 4.25781 ms)
[10/06/2026-16:12:09] [I] Average on 1 runs - GPU latency: 7.86133 ms - Host latency: 8.00586 ms (enqueue 4.32031 ms)
[10/06/2026-16:12:09] [I] Average on 1 runs - GPU latency: 7.85352 ms - Host latency: 7.99219 ms (enqueue 4.2832 ms)
[10/06/2026-16:12:09] [I] Average on 1 runs - GPU latency: 7.86328 ms - Host latency: 8.01367 ms (enqueue 4.29883 ms)
[10/06/2026-16:12:09] [I] Average on 1 runs - GPU latency: 7.85742 ms - Host latency: 8.00195 ms (enqueue 4.30273 ms)
[10/06/2026-16:12:09] [I] Average on 1 runs - GPU latency: 7.85938 ms - Host latency: 7.99805 ms (enqueue 4.23633 ms)
[10/06/2026-16:12:09] [I] Average on 1 runs - GPU latency: 7.85742 ms - Host latency: 7.98633 ms (enqueue 4.27344 ms)
[10/06/2026-16:12:09] [I] Average on 1 runs - GPU latency: 7.86133 ms - Host latency: 8.00586 ms (enqueue 4.28516 ms)
[10/06/2026-16:12:09] [I] Average on 1 runs - GPU latency: 7.85742 ms - Host latency: 8.00195 ms (enqueue 4.32031 ms)
[10/06/2026-16:12:09] [I] Average on 1 runs - GPU latency: 7.86328 ms - Host latency: 8.00195 ms (enqueue 4.39453 ms)
[10/06/2026-16:12:09] [I] Average on 1 runs - GPU latency: 7.86914 ms - Host latency: 8.01953 ms (enqueue 4.29297 ms)
[10/06/2026-16:12:09] [I] Average on 1 runs - GPU latency: 7.86133 ms - Host latency: 8.00391 ms (enqueue 4.17188 ms)
[10/06/2026-16:12:09] [I] Average on 1 runs - GPU latency: 7.84766 ms - Host latency: 8.01367 ms (enqueue 4.35352 ms)
[10/06/2026-16:12:09] [I] Average on 1 runs - GPU latency: 7.85938 ms - Host latency: 7.99219 ms (enqueue 4.33594 ms)
[10/06/2026-16:12:09] [I] Average on 1 runs - GPU latency: 7.85742 ms - Host latency: 7.99805 ms (enqueue 4.26172 ms)
[10/06/2026-16:12:09] [I] Average on 1 runs - GPU latency: 7.85352 ms - Host latency: 8.01758 ms (enqueue 4.30078 ms)
[10/06/2026-16:12:09] [I] Average on 1 runs - GPU latency: 7.85352 ms - Host latency: 7.99609 ms (enqueue 4.36133 ms)
[10/06/2026-16:12:09] [I] Average on 1 runs - GPU latency: 7.85156 ms - Host latency: 8.02734 ms (enqueue 4.31836 ms)
[10/06/2026-16:12:09] [I] Average on 1 runs - GPU latency: 7.86719 ms - Host latency: 8.00781 ms (enqueue 4.35547 ms)
[10/06/2026-16:12:09] [I] Average on 1 runs - GPU latency: 7.87305 ms - Host latency: 8.02344 ms (enqueue 4.42578 ms)
[10/06/2026-16:12:09] [I] Average on 1 runs - GPU latency: 7.85547 ms - Host latency: 8.00781 ms (enqueue 4.34766 ms)
[10/06/2026-16:12:09] [I] Average on 1 runs - GPU latency: 7.85156 ms - Host latency: 7.98828 ms (enqueue 4.35742 ms)
[10/06/2026-16:12:09] [I] Average on 1 runs - GPU latency: 7.85938 ms - Host latency: 8.00195 ms (enqueue 4.32031 ms)
[10/06/2026-16:12:09] [I] Average on 1 runs - GPU latency: 7.85742 ms - Host latency: 8.00391 ms (enqueue 4.30664 ms)
[10/06/2026-16:12:09] [I] Average on 1 runs - GPU latency: 7.86328 ms - Host latency: 8.00781 ms (enqueue 4.25 ms)
[10/06/2026-16:12:09] [I] Average on 1 runs - GPU latency: 7.875 ms - Host latency: 8.02148 ms (enqueue 4.35938 ms)
[10/06/2026-16:12:09] [I] Average on 1 runs - GPU latency: 7.86133 ms - Host latency: 8.02344 ms (enqueue 4.37305 ms)
[10/06/2026-16:12:09] [I] Average on 1 runs - GPU latency: 7.86523 ms - Host latency: 8.02734 ms (enqueue 4.29688 ms)
[10/06/2026-16:12:09] [I] Average on 1 runs - GPU latency: 7.86133 ms - Host latency: 8 ms (enqueue 4.375 ms)
[10/06/2026-16:12:09] [I] Average on 1 runs - GPU latency: 7.86133 ms - Host latency: 8.02148 ms (enqueue 4.37305 ms)
[10/06/2026-16:12:09] [I] Average on 1 runs - GPU latency: 7.86523 ms - Host latency: 8.03516 ms (enqueue 4.21484 ms)
[10/06/2026-16:12:09] [I] Average on 1 runs - GPU latency: 7.85352 ms - Host latency: 8.00391 ms (enqueue 4.2793 ms)
[10/06/2026-16:12:09] [I] Average on 1 runs - GPU latency: 7.86523 ms - Host latency: 8.00977 ms (enqueue 4.33203 ms)
[10/06/2026-16:12:09] [I] Average on 1 runs - GPU latency: 7.85938 ms - Host latency: 8.02344 ms (enqueue 4.35352 ms)
[10/06/2026-16:12:09] [I] Average on 1 runs - GPU latency: 7.86133 ms - Host latency: 7.99414 ms (enqueue 4.32422 ms)
[10/06/2026-16:12:09] [I] Average on 1 runs - GPU latency: 7.86523 ms - Host latency: 8.02734 ms (enqueue 4.3125 ms)
[10/06/2026-16:12:09] [I] Average on 1 runs - GPU latency: 7.875 ms - Host latency: 8.05664 ms (enqueue 4.27344 ms)
[10/06/2026-16:12:09] [I] Average on 1 runs - GPU latency: 7.86523 ms - Host latency: 8.02148 ms (enqueue 4.24023 ms)
[10/06/2026-16:12:09] [I] Average on 1 runs - GPU latency: 7.86133 ms - Host latency: 8.00781 ms (enqueue 4.33594 ms)
[10/06/2026-16:12:09] [I] Average on 1 runs - GPU latency: 7.86719 ms - Host latency: 8.00781 ms (enqueue 4.33398 ms)
[10/06/2026-16:12:09] [I] Average on 1 runs - GPU latency: 7.85547 ms - Host latency: 8.00391 ms (enqueue 4.31836 ms)
[10/06/2026-16:12:09] [I] Average on 1 runs - GPU latency: 7.85547 ms - Host latency: 8.01172 ms (enqueue 4.35547 ms)
[10/06/2026-16:12:09] [I] Average on 1 runs - GPU latency: 7.85742 ms - Host latency: 7.99023 ms (enqueue 4.32227 ms)
[10/06/2026-16:12:09] [I] Average on 1 runs - GPU latency: 7.86719 ms - Host latency: 8.02148 ms (enqueue 4.24414 ms)
[10/06/2026-16:12:09] [I] Average on 1 runs - GPU latency: 7.87305 ms - Host latency: 8.01953 ms (enqueue 4.37891 ms)
[10/06/2026-16:12:09] [I] Average on 1 runs - GPU latency: 7.85156 ms - Host latency: 8.00781 ms (enqueue 4.34375 ms)
[10/06/2026-16:12:09] [I] Average on 1 runs - GPU latency: 7.86719 ms - Host latency: 8.02148 ms (enqueue 4.32422 ms)
[10/06/2026-16:12:09] [I] Average on 1 runs - GPU latency: 7.875 ms - Host latency: 8.0293 ms (enqueue 4.33008 ms)
[10/06/2026-16:12:09] [I] Average on 1 runs - GPU latency: 7.86523 ms - Host latency: 8.00195 ms (enqueue 4.35742 ms)
[10/06/2026-16:12:09] [I] Average on 1 runs - GPU latency: 7.86328 ms - Host latency: 8.01758 ms (enqueue 4.27539 ms)
[10/06/2026-16:12:09] [I] Average on 1 runs - GPU latency: 7.86328 ms - Host latency: 8.01367 ms (enqueue 4.33398 ms)
[10/06/2026-16:12:09] [I] Average on 1 runs - GPU latency: 7.85938 ms - Host latency: 8.00586 ms (enqueue 4.36328 ms)
[10/06/2026-16:12:09] [I] Average on 1 runs - GPU latency: 7.86914 ms - Host latency: 8.01953 ms (enqueue 4.35352 ms)
[10/06/2026-16:12:09] [I] Average on 1 runs - GPU latency: 7.86523 ms - Host latency: 8.05273 ms (enqueue 4.3418 ms)
[10/06/2026-16:12:09] [I] Average on 1 runs - GPU latency: 7.87695 ms - Host latency: 8.06836 ms (enqueue 4.24023 ms)
[10/06/2026-16:12:09] [I] Average on 1 runs - GPU latency: 7.84961 ms - Host latency: 8.00586 ms (enqueue 4.17188 ms)
[10/06/2026-16:12:09] [I] Average on 1 runs - GPU latency: 7.87891 ms - Host latency: 8.03125 ms (enqueue 4.19727 ms)
[10/06/2026-16:12:09] [I] Average on 1 runs - GPU latency: 7.875 ms - Host latency: 8.08203 ms (enqueue 4.2832 ms)
[10/06/2026-16:12:09] [I] Average on 1 runs - GPU latency: 7.875 ms - Host latency: 8.05469 ms (enqueue 4.29492 ms)
[10/06/2026-16:12:09] [I] Average on 1 runs - GPU latency: 7.875 ms - Host latency: 8.05664 ms (enqueue 4.23438 ms)
[10/06/2026-16:12:09] [I] Average on 1 runs - GPU latency: 7.84961 ms - Host latency: 8.01953 ms (enqueue 4.20703 ms)
[10/06/2026-16:12:09] [I] Average on 1 runs - GPU latency: 7.86523 ms - Host latency: 8.00781 ms (enqueue 4.21094 ms)
[10/06/2026-16:12:09] [I] Average on 1 runs - GPU latency: 7.86719 ms - Host latency: 8.03906 ms (enqueue 4.11328 ms)
[10/06/2026-16:12:09] [I] Average on 1 runs - GPU latency: 7.85547 ms - Host latency: 8.02539 ms (enqueue 4.23047 ms)
[10/06/2026-16:12:09] [I] Average on 1 runs - GPU latency: 7.86328 ms - Host latency: 8.01367 ms (enqueue 4.26172 ms)
[10/06/2026-16:12:09] [I] Average on 1 runs - GPU latency: 7.85156 ms - Host latency: 7.99219 ms (enqueue 4.28125 ms)
[10/06/2026-16:12:09] [I] Average on 1 runs - GPU latency: 7.85156 ms - Host latency: 8 ms (enqueue 4.36914 ms)
[10/06/2026-16:12:09] [I] Average on 1 runs - GPU latency: 7.85938 ms - Host latency: 8.01172 ms (enqueue 4.27148 ms)
[10/06/2026-16:12:09] [I] Average on 1 runs - GPU latency: 7.86328 ms - Host latency: 8 ms (enqueue 4.23242 ms)
[10/06/2026-16:12:09] [I] Average on 1 runs - GPU latency: 7.85547 ms - Host latency: 8.01562 ms (enqueue 4.31055 ms)
[10/06/2026-16:12:09] [I] Average on 1 runs - GPU latency: 7.85742 ms - Host latency: 8 ms (enqueue 4.30469 ms)
[10/06/2026-16:12:09] [I] Average on 1 runs - GPU latency: 7.85352 ms - Host latency: 8.01367 ms (enqueue 4.32031 ms)
[10/06/2026-16:12:09] [I] Average on 1 runs - GPU latency: 7.85547 ms - Host latency: 7.99805 ms (enqueue 4.29688 ms)
[10/06/2026-16:12:09] [I] Average on 1 runs - GPU latency: 7.85156 ms - Host latency: 7.99023 ms (enqueue 4.30859 ms)
[10/06/2026-16:12:09] [I] Average on 1 runs - GPU latency: 7.86523 ms - Host latency: 8.01758 ms (enqueue 4.30859 ms)
[10/06/2026-16:12:09] [I] Average on 1 runs - GPU latency: 7.86328 ms - Host latency: 8.00586 ms (enqueue 4.26172 ms)
[10/06/2026-16:12:09] [I] Average on 1 runs - GPU latency: 7.86133 ms - Host latency: 8.00586 ms (enqueue 4.33008 ms)
[10/06/2026-16:12:09] [I] Average on 1 runs - GPU latency: 7.86328 ms - Host latency: 8.02344 ms (enqueue 4.20508 ms)
[10/06/2026-16:12:09] [I] Average on 1 runs - GPU latency: 7.85352 ms - Host latency: 7.99219 ms (enqueue 4.26953 ms)
[10/06/2026-16:12:09] [I] Average on 1 runs - GPU latency: 7.86719 ms - Host latency: 8.01367 ms (enqueue 4.2832 ms)
[10/06/2026-16:12:09] [I] Average on 1 runs - GPU latency: 7.86328 ms - Host latency: 8.05469 ms (enqueue 4.35742 ms)
[10/06/2026-16:12:09] [I] Average on 1 runs - GPU latency: 7.86133 ms - Host latency: 8.01172 ms (enqueue 4.20898 ms)
[10/06/2026-16:12:09] [I] Average on 1 runs - GPU latency: 7.875 ms - Host latency: 8.01758 ms (enqueue 4.29297 ms)
[10/06/2026-16:12:09] [I] Average on 1 runs - GPU latency: 7.86133 ms - Host latency: 8.00391 ms (enqueue 4.37695 ms)
[10/06/2026-16:12:09] [I] Average on 1 runs - GPU latency: 7.85547 ms - Host latency: 8.03516 ms (enqueue 4.38672 ms)
[10/06/2026-16:12:09] [I] Average on 1 runs - GPU latency: 7.86328 ms - Host latency: 7.99414 ms (enqueue 4.35156 ms)
[10/06/2026-16:12:09] [I] Average on 1 runs - GPU latency: 7.86133 ms - Host latency: 8.0332 ms (enqueue 4.29297 ms)
[10/06/2026-16:12:09] [I] Average on 1 runs - GPU latency: 7.86133 ms - Host latency: 8.04297 ms (enqueue 4.25391 ms)
[10/06/2026-16:12:09] [I] Average on 1 runs - GPU latency: 7.875 ms - Host latency: 8.01758 ms (enqueue 4.32422 ms)
[10/06/2026-16:12:09] [I] Average on 1 runs - GPU latency: 7.86133 ms - Host latency: 8.04883 ms (enqueue 4.43945 ms)
[10/06/2026-16:12:09] [I] Average on 1 runs - GPU latency: 7.86133 ms - Host latency: 7.99609 ms (enqueue 4.36328 ms)
[10/06/2026-16:12:09] [I] Average on 1 runs - GPU latency: 7.86914 ms - Host latency: 8.01367 ms (enqueue 4.31055 ms)
[10/06/2026-16:12:09] [I] Average on 1 runs - GPU latency: 7.87109 ms - Host latency: 8.01562 ms (enqueue 4.30078 ms)
[10/06/2026-16:12:09] [I] Average on 1 runs - GPU latency: 7.87305 ms - Host latency: 8.01562 ms (enqueue 4.32617 ms)
[10/06/2026-16:12:09] [I] Average on 1 runs - GPU latency: 7.86719 ms - Host latency: 8.04688 ms (enqueue 4.2793 ms)
[10/06/2026-16:12:09] [I] Average on 1 runs - GPU latency: 7.87695 ms - Host latency: 8.02539 ms (enqueue 4.39648 ms)
[10/06/2026-16:12:09] [I] Average on 1 runs - GPU latency: 7.85352 ms - Host latency: 8.00781 ms (enqueue 4.33984 ms)
[10/06/2026-16:12:09] [I] Average on 1 runs - GPU latency: 7.85352 ms - Host latency: 7.99609 ms (enqueue 4.30469 ms)
[10/06/2026-16:12:09] [I] Average on 1 runs - GPU latency: 7.85547 ms - Host latency: 7.99609 ms (enqueue 4.35938 ms)
[10/06/2026-16:12:09] [I] Average on 1 runs - GPU latency: 7.84961 ms - Host latency: 7.98828 ms (enqueue 4.31055 ms)
[10/06/2026-16:12:09] [I] Average on 1 runs - GPU latency: 7.85352 ms - Host latency: 7.99609 ms (enqueue 4.24609 ms)
[10/06/2026-16:12:09] [I] Average on 1 runs - GPU latency: 7.85547 ms - Host latency: 7.98828 ms (enqueue 4.33594 ms)
[10/06/2026-16:12:09] [I] Average on 1 runs - GPU latency: 7.85547 ms - Host latency: 7.99219 ms (enqueue 4.29688 ms)
[10/06/2026-16:12:09] [I] Average on 1 runs - GPU latency: 7.86719 ms - Host latency: 8.00391 ms (enqueue 4.3418 ms)
[10/06/2026-16:12:09] [I] Average on 1 runs - GPU latency: 7.86719 ms - Host latency: 8.03125 ms (enqueue 4.35156 ms)
[10/06/2026-16:12:09] [I] Average on 1 runs - GPU latency: 7.85742 ms - Host latency: 8.00391 ms (enqueue 4.36133 ms)
[10/06/2026-16:12:09] [I] Average on 1 runs - GPU latency: 7.86523 ms - Host latency: 8.00977 ms (enqueue 4.2793 ms)
[10/06/2026-16:12:09] [I] Average on 1 runs - GPU latency: 7.85547 ms - Host latency: 8.00586 ms (enqueue 4.33984 ms)
[10/06/2026-16:12:09] [I] Average on 1 runs - GPU latency: 7.85938 ms - Host latency: 8.01367 ms (enqueue 4.32617 ms)
[10/06/2026-16:12:09] [I] Average on 1 runs - GPU latency: 7.86523 ms - Host latency: 8.00586 ms (enqueue 4.36328 ms)
[10/06/2026-16:12:09] [I] Average on 1 runs - GPU latency: 7.86133 ms - Host latency: 8.00391 ms (enqueue 4.36328 ms)
[10/06/2026-16:12:09] [I] Average on 1 runs - GPU latency: 7.86133 ms - Host latency: 8.03516 ms (enqueue 4.3125 ms)
[10/06/2026-16:12:09] [I] Average on 1 runs - GPU latency: 7.875 ms - Host latency: 8.03125 ms (enqueue 4.35547 ms)
[10/06/2026-16:12:09] [I] Average on 1 runs - GPU latency: 7.86328 ms - Host latency: 8.01953 ms (enqueue 4.22461 ms)
[10/06/2026-16:12:09] [I] Average on 1 runs - GPU latency: 7.87109 ms - Host latency: 8.02734 ms (enqueue 4.33398 ms)
[10/06/2026-16:12:09] [I] Average on 1 runs - GPU latency: 7.86133 ms - Host latency: 8.01758 ms (enqueue 4.34766 ms)
[10/06/2026-16:12:09] [I] Average on 1 runs - GPU latency: 7.85352 ms - Host latency: 8.04102 ms (enqueue 4.37695 ms)
[10/06/2026-16:12:09] [I] Average on 1 runs - GPU latency: 7.87305 ms - Host latency: 8.01953 ms (enqueue 4.3418 ms)
[10/06/2026-16:12:09] [I] Average on 1 runs - GPU latency: 7.85742 ms - Host latency: 7.99219 ms (enqueue 4.31836 ms)
[10/06/2026-16:12:09] [I] Average on 1 runs - GPU latency: 7.85938 ms - Host latency: 8.00586 ms (enqueue 4.4043 ms)
[10/06/2026-16:12:09] [I] Average on 1 runs - GPU latency: 7.85547 ms - Host latency: 7.99023 ms (enqueue 4.3125 ms)
[10/06/2026-16:12:09] [I] Average on 1 runs - GPU latency: 7.85742 ms - Host latency: 8.0332 ms (enqueue 4.33008 ms)
[10/06/2026-16:12:09] [I] Average on 1 runs - GPU latency: 7.85547 ms - Host latency: 7.98828 ms (enqueue 4.31055 ms)
[10/06/2026-16:12:09] [I] Average on 1 runs - GPU latency: 7.86328 ms - Host latency: 8.00195 ms (enqueue 4.3418 ms)
[10/06/2026-16:12:09] [I] Average on 1 runs - GPU latency: 7.875 ms - Host latency: 8.02734 ms (enqueue 4.32617 ms)
[10/06/2026-16:12:09] [I] Average on 1 runs - GPU latency: 7.86523 ms - Host latency: 8.03125 ms (enqueue 4.2832 ms)
[10/06/2026-16:12:09] [I] Average on 1 runs - GPU latency: 7.86523 ms - Host latency: 8.01758 ms (enqueue 4.25586 ms)
[10/06/2026-16:12:09] [I] Average on 1 runs - GPU latency: 7.87109 ms - Host latency: 8.01953 ms (enqueue 4.24023 ms)
[10/06/2026-16:12:09] [I] Average on 1 runs - GPU latency: 7.86719 ms - Host latency: 8.01367 ms (enqueue 4.23047 ms)
[10/06/2026-16:12:09] [I] Average on 1 runs - GPU latency: 7.86133 ms - Host latency: 8.02148 ms (enqueue 4.31055 ms)
[10/06/2026-16:12:09] [I] Average on 1 runs - GPU latency: 7.86523 ms - Host latency: 8.00977 ms (enqueue 4.29688 ms)
[10/06/2026-16:12:09] [I] Average on 1 runs - GPU latency: 7.86719 ms - Host latency: 8.02344 ms (enqueue 4.25781 ms)
[10/06/2026-16:12:09] [I] Average on 1 runs - GPU latency: 7.86133 ms - Host latency: 8.01562 ms (enqueue 4.27344 ms)
[10/06/2026-16:12:09] [I] Average on 1 runs - GPU latency: 7.86328 ms - Host latency: 8.01172 ms (enqueue 4.2793 ms)
[10/06/2026-16:12:09] [I] Average on 1 runs - GPU latency: 7.86523 ms - Host latency: 8.03125 ms (enqueue 4.29297 ms)
[10/06/2026-16:12:09] [I] Average on 1 runs - GPU latency: 7.85352 ms - Host latency: 8.06055 ms (enqueue 4.33789 ms)
[10/06/2026-16:12:09] [I] Average on 1 runs - GPU latency: 7.86523 ms - Host latency: 8 ms (enqueue 4.31641 ms)
[10/06/2026-16:12:09] [I] Average on 1 runs - GPU latency: 7.86133 ms - Host latency: 8.01758 ms (enqueue 4.30469 ms)
[10/06/2026-16:12:09] [I] Average on 1 runs - GPU latency: 7.87109 ms - Host latency: 8.0332 ms (enqueue 4.31641 ms)
[10/06/2026-16:12:09] [I] Average on 1 runs - GPU latency: 7.84961 ms - Host latency: 7.98047 ms (enqueue 4.32617 ms)
[10/06/2026-16:12:09] [I] Average on 1 runs - GPU latency: 7.86133 ms - Host latency: 8.00391 ms (enqueue 4.31055 ms)
[10/06/2026-16:12:09] [I] Average on 1 runs - GPU latency: 7.85742 ms - Host latency: 8.00781 ms (enqueue 4.33984 ms)
[10/06/2026-16:12:09] [I] Average on 1 runs - GPU latency: 7.86328 ms - Host latency: 8.02148 ms (enqueue 4.30469 ms)
[10/06/2026-16:12:09] [I] Average on 1 runs - GPU latency: 7.86523 ms - Host latency: 8.01562 ms (enqueue 4.31445 ms)
[10/06/2026-16:12:09] [I] Average on 1 runs - GPU latency: 7.85742 ms - Host latency: 7.99805 ms (enqueue 4.29883 ms)
[10/06/2026-16:12:09] [I] Average on 1 runs - GPU latency: 7.87109 ms - Host latency: 8.00391 ms (enqueue 4.34766 ms)
[10/06/2026-16:12:09] [I] Average on 1 runs - GPU latency: 7.87109 ms - Host latency: 8.02344 ms (enqueue 4.31641 ms)
[10/06/2026-16:12:09] [I] Average on 1 runs - GPU latency: 7.85547 ms - Host latency: 8.00391 ms (enqueue 4.33789 ms)
[10/06/2026-16:12:09] [I] Average on 1 runs - GPU latency: 7.86523 ms - Host latency: 8.03711 ms (enqueue 4.33594 ms)
[10/06/2026-16:12:09] [I] Average on 1 runs - GPU latency: 7.86133 ms - Host latency: 8.00781 ms (enqueue 4.38477 ms)
[10/06/2026-16:12:09] [I] Average on 1 runs - GPU latency: 7.86133 ms - Host latency: 7.99609 ms (enqueue 4.37305 ms)
[10/06/2026-16:12:09] [I] Average on 1 runs - GPU latency: 7.85547 ms - Host latency: 7.99414 ms (enqueue 4.24609 ms)
[10/06/2026-16:12:09] [I] Average on 1 runs - GPU latency: 7.85352 ms - Host latency: 7.99805 ms (enqueue 4.26562 ms)
[10/06/2026-16:12:09] [I] Average on 1 runs - GPU latency: 7.85938 ms - Host latency: 7.99805 ms (enqueue 4.2793 ms)
[10/06/2026-16:12:09] [I] Average on 1 runs - GPU latency: 7.86719 ms - Host latency: 8.03516 ms (enqueue 4.375 ms)
[10/06/2026-16:12:09] [I] Average on 1 runs - GPU latency: 7.85547 ms - Host latency: 7.99805 ms (enqueue 4.28516 ms)
[10/06/2026-16:12:09] [I] Average on 1 runs - GPU latency: 7.85352 ms - Host latency: 7.99609 ms (enqueue 4.38477 ms)
[10/06/2026-16:12:09] [I] Average on 1 runs - GPU latency: 7.85547 ms - Host latency: 7.99414 ms (enqueue 4.33984 ms)
[10/06/2026-16:12:09] [I] Average on 1 runs - GPU latency: 7.87305 ms - Host latency: 8.01367 ms (enqueue 4.24219 ms)
[10/06/2026-16:12:09] [I] Average on 1 runs - GPU latency: 7.87109 ms - Host latency: 8.01953 ms (enqueue 4.3125 ms)
[10/06/2026-16:12:09] [I] Average on 1 runs - GPU latency: 7.86133 ms - Host latency: 8.01562 ms (enqueue 4.3125 ms)
[10/06/2026-16:12:09] [I] Average on 1 runs - GPU latency: 7.86914 ms - Host latency: 8.00977 ms (enqueue 4.31055 ms)
[10/06/2026-16:12:09] [I] Average on 1 runs - GPU latency: 7.87109 ms - Host latency: 8.05078 ms (enqueue 4.3125 ms)
[10/06/2026-16:12:09] [I] Average on 1 runs - GPU latency: 7.85938 ms - Host latency: 8 ms (enqueue 4.42578 ms)
[10/06/2026-16:12:09] [I] Average on 1 runs - GPU latency: 7.86719 ms - Host latency: 8.01758 ms (enqueue 4.21289 ms)
[10/06/2026-16:12:09] [I] Average on 1 runs - GPU latency: 7.86719 ms - Host latency: 8.01562 ms (enqueue 4.31641 ms)
[10/06/2026-16:12:09] [I] Average on 1 runs - GPU latency: 7.85742 ms - Host latency: 8.02344 ms (enqueue 4.33398 ms)
[10/06/2026-16:12:09] [I] Average on 1 runs - GPU latency: 7.85547 ms - Host latency: 7.99609 ms (enqueue 4.29492 ms)
[10/06/2026-16:12:09] [I] Average on 1 runs - GPU latency: 7.86914 ms - Host latency: 8.00977 ms (enqueue 4.28516 ms)
[10/06/2026-16:12:09] [I] Average on 1 runs - GPU latency: 7.85742 ms - Host latency: 8.00977 ms (enqueue 4.2793 ms)
[10/06/2026-16:12:09] [I] Average on 1 runs - GPU latency: 7.86914 ms - Host latency: 8.00391 ms (enqueue 4.19922 ms)
[10/06/2026-16:12:09] [I] Average on 1 runs - GPU latency: 7.86133 ms - Host latency: 7.99805 ms (enqueue 4.17969 ms)
[10/06/2026-16:12:09] [I] Average on 1 runs - GPU latency: 7.86914 ms - Host latency: 8.00977 ms (enqueue 4.31055 ms)
[10/06/2026-16:12:09] [I] Average on 1 runs - GPU latency: 7.86328 ms - Host latency: 8.01562 ms (enqueue 4.27539 ms)
[10/06/2026-16:12:09] [I] Average on 1 runs - GPU latency: 7.85938 ms - Host latency: 8 ms (enqueue 4.31641 ms)
[10/06/2026-16:12:09] [I] Average on 1 runs - GPU latency: 7.87305 ms - Host latency: 8.01172 ms (enqueue 4.31055 ms)
[10/06/2026-16:12:09] [I] Average on 1 runs - GPU latency: 7.86914 ms - Host latency: 8.04297 ms (enqueue 4.28906 ms)
[10/06/2026-16:12:09] [I] Average on 1 runs - GPU latency: 7.85938 ms - Host latency: 8.00391 ms (enqueue 4.31445 ms)
[10/06/2026-16:12:09] [I] Average on 1 runs - GPU latency: 7.86133 ms - Host latency: 8.125 ms (enqueue 4.75391 ms)
[10/06/2026-16:12:09] [I] Average on 1 runs - GPU latency: 7.86328 ms - Host latency: 8.02539 ms (enqueue 4.38281 ms)
[10/06/2026-16:12:09] [I] Average on 1 runs - GPU latency: 7.86133 ms - Host latency: 8.03711 ms (enqueue 4.43164 ms)
[10/06/2026-16:12:09] [I] Average on 1 runs - GPU latency: 7.85156 ms - Host latency: 8.00586 ms (enqueue 3.32227 ms)
[10/06/2026-16:12:09] [I] Average on 1 runs - GPU latency: 7.85156 ms - Host latency: 8.00977 ms (enqueue 3.31641 ms)
[10/06/2026-16:12:09] [I] Average on 1 runs - GPU latency: 7.86719 ms - Host latency: 8.00391 ms (enqueue 2.20312 ms)
[10/06/2026-16:12:09] [I] Average on 1 runs - GPU latency: 7.86328 ms - Host latency: 8.0332 ms (enqueue 4.28125 ms)
[10/06/2026-16:12:09] [I] Average on 1 runs - GPU latency: 7.85938 ms - Host latency: 8.01562 ms (enqueue 4.4375 ms)
[10/06/2026-16:12:09] [I] Average on 1 runs - GPU latency: 7.86133 ms - Host latency: 8.02148 ms (enqueue 4.38086 ms)
[10/06/2026-16:12:09] [I] Average on 1 runs - GPU latency: 7.86133 ms - Host latency: 8 ms (enqueue 4.39648 ms)
[10/06/2026-16:12:09] [I] Average on 1 runs - GPU latency: 7.87695 ms - Host latency: 8.05078 ms (enqueue 4.33789 ms)
[10/06/2026-16:12:09] [I] Average on 1 runs - GPU latency: 7.86914 ms - Host latency: 8.03711 ms (enqueue 3.34766 ms)
[10/06/2026-16:12:09] [I] Average on 1 runs - GPU latency: 7.86914 ms - Host latency: 8.01562 ms (enqueue 4.45117 ms)
[10/06/2026-16:12:09] [I] Average on 1 runs - GPU latency: 7.86523 ms - Host latency: 8.04883 ms (enqueue 4.32422 ms)
[10/06/2026-16:12:09] [I] Average on 1 runs - GPU latency: 7.83594 ms - Host latency: 7.99609 ms (enqueue 4.33203 ms)
[10/06/2026-16:12:09] [I] 
[10/06/2026-16:12:09] [I] === Performance summary ===
[10/06/2026-16:12:09] [I] Throughput: 127.029 qps
[10/06/2026-16:12:09] [I] Latency: min = 7.97949 ms, max = 9.29346 ms, mean = 8.0156 ms, median = 8.01172 ms, percentile(90%) = 8.03906 ms, percentile(95%) = 8.05273 ms, percentile(99%) = 8.08203 ms
[10/06/2026-16:12:09] [I] Enqueue Time: min = 2.16406 ms, max = 6.03418 ms, mean = 4.23523 ms, median = 4.31592 ms, percentile(90%) = 4.38184 ms, percentile(95%) = 4.41235 ms, percentile(99%) = 4.49219 ms
[10/06/2026-16:12:09] [I] H2D Latency: min = 0.118164 ms, max = 0.255859 ms, mean = 0.143455 ms, median = 0.138672 ms, percentile(90%) = 0.165527 ms, percentile(95%) = 0.179688 ms, percentile(99%) = 0.206055 ms
[10/06/2026-16:12:09] [I] GPU Compute Time: min = 7.83594 ms, max = 9.15723 ms, mean = 7.86348 ms, median = 7.8623 ms, percentile(90%) = 7.87207 ms, percentile(95%) = 7.875 ms, percentile(99%) = 7.88184 ms
[10/06/2026-16:12:09] [I] D2H Latency: min = 0.00585938 ms, max = 0.0117188 ms, mean = 0.0086691 ms, median = 0.00878906 ms, percentile(90%) = 0.00976562 ms, percentile(95%) = 0.00976562 ms, percentile(99%) = 0.0102539 ms
[10/06/2026-16:12:09] [I] Total Host Walltime: 15.028 s
[10/06/2026-16:12:09] [I] Total GPU Compute Time: 15.0114 s
[10/06/2026-16:12:09] [I] Explanations of the performance metrics are printed in the verbose logs.
[10/06/2026-16:12:09] [I] 
&&&& PASSED TensorRT.trtexec [TensorRT v100300] # /usr/src/tensorrt/bin/trtexec --loadEngine=/tmp/yolo26n_84172_uint8_fp16_opt3.engine --warmUp=3000 --duration=15 --idleTime=0 --avgRuns=1
