&&&& RUNNING TensorRT.trtexec [TensorRT v100300] # /usr/src/tensorrt/bin/trtexec --loadEngine=/tmp/yolo26n_84172_uint8_fp16_opt3.engine --warmUp=3000 --duration=15 --idleTime=2 --avgRuns=1
[10/04/2026-22:10:01] [I] === Model Options ===
[10/04/2026-22:10:01] [I] Format: *
[10/04/2026-22:10:01] [I] Model: 
[10/04/2026-22:10:01] [I] Output:
[10/04/2026-22:10:01] [I] 
[10/04/2026-22:10:01] [I] === System Options ===
[10/04/2026-22:10:01] [I] Device: 0
[10/04/2026-22:10:01] [I] DLACore: 
[10/04/2026-22:10:01] [I] Plugins:
[10/04/2026-22:10:01] [I] setPluginsToSerialize:
[10/04/2026-22:10:01] [I] dynamicPlugins:
[10/04/2026-22:10:01] [I] ignoreParsedPluginLibs: 0
[10/04/2026-22:10:01] [I] 
[10/04/2026-22:10:01] [I] === Inference Options ===
[10/04/2026-22:10:01] [I] Batch: Explicit
[10/04/2026-22:10:01] [I] Input inference shapes: model
[10/04/2026-22:10:01] [I] Iterations: 10
[10/04/2026-22:10:01] [I] Duration: 15s (+ 3000ms warm up)
[10/04/2026-22:10:01] [I] Sleep time: 0ms
[10/04/2026-22:10:01] [I] Idle time: 2ms
[10/04/2026-22:10:01] [I] Inference Streams: 1
[10/04/2026-22:10:01] [I] ExposeDMA: Disabled
[10/04/2026-22:10:01] [I] Data transfers: Enabled
[10/04/2026-22:10:01] [I] Spin-wait: Disabled
[10/04/2026-22:10:01] [I] Multithreading: Disabled
[10/04/2026-22:10:01] [I] CUDA Graph: Disabled
[10/04/2026-22:10:01] [I] Separate profiling: Disabled
[10/04/2026-22:10:01] [I] Time Deserialize: Disabled
[10/04/2026-22:10:01] [I] Time Refit: Disabled
[10/04/2026-22:10:01] [I] NVTX verbosity: 0
[10/04/2026-22:10:01] [I] Persistent Cache Ratio: 0
[10/04/2026-22:10:01] [I] Optimization Profile Index: 0
[10/04/2026-22:10:01] [I] Weight Streaming Budget: 100.000000%
[10/04/2026-22:10:01] [I] Inputs:
[10/04/2026-22:10:01] [I] Debug Tensor Save Destinations:
[10/04/2026-22:10:01] [I] === Reporting Options ===
[10/04/2026-22:10:01] [I] Verbose: Disabled
[10/04/2026-22:10:01] [I] Averages: 1 inferences
[10/04/2026-22:10:01] [I] Percentiles: 90,95,99
[10/04/2026-22:10:01] [I] Dump refittable layers:Disabled
[10/04/2026-22:10:01] [I] Dump output: Disabled
[10/04/2026-22:10:01] [I] Profile: Disabled
[10/04/2026-22:10:01] [I] Export timing to JSON file: 
[10/04/2026-22:10:01] [I] Export output to JSON file: 
[10/04/2026-22:10:01] [I] Export profile to JSON file: 
[10/04/2026-22:10:01] [I] 
[10/04/2026-22:10:01] [I] === Device Information ===
[10/04/2026-22:10:01] [I] Available Devices: 
[10/04/2026-22:10:01] [I]   Device 0: "Orin" UUID: GPU-6e16c2c1-e394-5324-8f2e-63a975968f4e
[10/04/2026-22:10:01] [I] Selected Device: Orin
[10/04/2026-22:10:01] [I] Selected Device ID: 0
[10/04/2026-22:10:01] [I] Selected Device UUID: GPU-6e16c2c1-e394-5324-8f2e-63a975968f4e
[10/04/2026-22:10:01] [I] Compute Capability: 8.7
[10/04/2026-22:10:01] [I] SMs: 8
[10/04/2026-22:10:01] [I] Device Global Memory: 7607 MiB
[10/04/2026-22:10:01] [I] Shared Memory per SM: 164 KiB
[10/04/2026-22:10:01] [I] Memory Bus Width: 128 bits (ECC disabled)
[10/04/2026-22:10:01] [I] Application Compute Clock Rate: 1.02 GHz
[10/04/2026-22:10:01] [I] Application Memory Clock Rate: 1.02 GHz
[10/04/2026-22:10:01] [I] 
[10/04/2026-22:10:01] [I] Note: The application clock rates do not reflect the actual clock rates that the GPU is currently running at.
[10/04/2026-22:10:01] [I] 
[10/04/2026-22:10:01] [I] TensorRT version: 10.3.0
[10/04/2026-22:10:01] [I] Loading standard plugins
[10/04/2026-22:10:01] [I] [TRT] Loaded engine size: 7 MiB
[10/04/2026-22:10:01] [I] Engine deserialized in 0.0644015 sec.
[10/04/2026-22:10:01] [I] [TRT] [MemUsageChange] TensorRT-managed allocation in IExecutionContext creation: CPU +0, GPU +12, now: CPU 0, GPU 16 (MiB)
[10/04/2026-22:10:01] [I] Setting persistentCacheLimit to 0 bytes.
[10/04/2026-22:10:01] [I] Created execution context with device memory size: 12.207 MiB
[10/04/2026-22:10:01] [I] Using random values for input images
[10/04/2026-22:10:01] [I] Input binding for images with dimensions 1x640x640x3 is created.
[10/04/2026-22:10:01] [I] Output binding for output0 with dimensions 1x300x6 is created.
[10/04/2026-22:10:01] [I] Starting inference
[10/04/2026-22:10:19] [I] Warmup completed 694 queries over 3000 ms
[10/04/2026-22:10:19] [I] Timing trace has 3547 queries over 15.0153 s
[10/04/2026-22:10:19] [I] 
[10/04/2026-22:10:19] [I] === Trace details ===
[10/04/2026-22:10:19] [I] Trace averages of 1 runs:
[10/04/2026-22:10:19] [I] Average on 1 runs - GPU latency: 4.2439 ms - Host latency: 4.37378 ms (enqueue 2.1333 ms)
[10/04/2026-22:10:19] [I] Average on 1 runs - GPU latency: 4.22021 ms - Host latency: 4.36011 ms (enqueue 2.13892 ms)
[10/04/2026-22:10:19] [I] Average on 1 runs - GPU latency: 4.2207 ms - Host latency: 4.29712 ms (enqueue 2.05322 ms)
[10/04/2026-22:10:19] [I] Average on 1 runs - GPU latency: 4.21851 ms - Host latency: 4.28198 ms (enqueue 2.04932 ms)
[10/04/2026-22:10:19] [I] Average on 1 runs - GPU latency: 4.21509 ms - Host latency: 4.28223 ms (enqueue 2.09204 ms)
[10/04/2026-22:10:19] [I] Average on 1 runs - GPU latency: 4.21509 ms - Host latency: 4.28125 ms (enqueue 2.10132 ms)
[10/04/2026-22:10:19] [I] Average on 1 runs - GPU latency: 4.21777 ms - Host latency: 4.28906 ms (enqueue 2.10693 ms)
[10/04/2026-22:10:19] [I] Average on 1 runs - GPU latency: 4.22412 ms - Host latency: 4.29663 ms (enqueue 2.0957 ms)
[10/04/2026-22:10:19] [I] Average on 1 runs - GPU latency: 4.22437 ms - Host latency: 4.29053 ms (enqueue 2.0686 ms)
[10/04/2026-22:10:19] [I] Average on 1 runs - GPU latency: 4.2124 ms - Host latency: 4.28345 ms (enqueue 2.0835 ms)
[10/04/2026-22:10:19] [I] Average on 1 runs - GPU latency: 4.22314 ms - Host latency: 4.29443 ms (enqueue 2.06323 ms)
[10/04/2026-22:10:19] [I] Average on 1 runs - GPU latency: 4.23584 ms - Host latency: 4.30249 ms (enqueue 2.08423 ms)
[10/04/2026-22:10:19] [I] Average on 1 runs - GPU latency: 4.24487 ms - Host latency: 4.31763 ms (enqueue 2.22485 ms)
[10/04/2026-22:10:19] [I] Average on 1 runs - GPU latency: 4.2312 ms - Host latency: 4.302 ms (enqueue 2.22314 ms)
[10/04/2026-22:10:19] [I] Average on 1 runs - GPU latency: 4.23779 ms - Host latency: 4.31055 ms (enqueue 2.16138 ms)
[10/04/2026-22:10:19] [I] Average on 1 runs - GPU latency: 4.24048 ms - Host latency: 4.33057 ms (enqueue 2.14062 ms)
[10/04/2026-22:10:19] [I] Average on 1 runs - GPU latency: 4.24097 ms - Host latency: 4.34888 ms (enqueue 2.13306 ms)
[10/04/2026-22:10:19] [I] Average on 1 runs - GPU latency: 4.23218 ms - Host latency: 4.32788 ms (enqueue 2.17993 ms)
[10/04/2026-22:10:19] [I] Average on 1 runs - GPU latency: 4.22803 ms - Host latency: 4.29297 ms (enqueue 2.13574 ms)
[10/04/2026-22:10:19] [I] Average on 1 runs - GPU latency: 4.22925 ms - Host latency: 4.29858 ms (enqueue 2.13477 ms)
[10/04/2026-22:10:19] [I] Average on 1 runs - GPU latency: 4.22827 ms - Host latency: 4.2959 ms (enqueue 2.14819 ms)
[10/04/2026-22:10:19] [I] Average on 1 runs - GPU latency: 4.24609 ms - Host latency: 4.3103 ms (enqueue 2.15723 ms)
[10/04/2026-22:10:19] [I] Average on 1 runs - GPU latency: 4.2312 ms - Host latency: 4.31079 ms (enqueue 2.10962 ms)
[10/04/2026-22:10:19] [I] Average on 1 runs - GPU latency: 4.21777 ms - Host latency: 4.29321 ms (enqueue 2.08813 ms)
[10/04/2026-22:10:19] [I] Average on 1 runs - GPU latency: 4.22339 ms - Host latency: 4.30493 ms (enqueue 2.04492 ms)
[10/04/2026-22:10:19] [I] Average on 1 runs - GPU latency: 4.21802 ms - Host latency: 4.28296 ms (enqueue 2.06226 ms)
[10/04/2026-22:10:19] [I] Average on 1 runs - GPU latency: 4.21899 ms - Host latency: 4.28931 ms (enqueue 2.07471 ms)
[10/04/2026-22:10:19] [I] Average on 1 runs - GPU latency: 4.22241 ms - Host latency: 4.28613 ms (enqueue 2.07935 ms)
[10/04/2026-22:10:19] [I] Average on 1 runs - GPU latency: 4.23267 ms - Host latency: 4.30688 ms (enqueue 2.04443 ms)
[10/04/2026-22:10:19] [I] Average on 1 runs - GPU latency: 4.23462 ms - Host latency: 4.32861 ms (enqueue 2.05444 ms)
[10/04/2026-22:10:19] [I] Average on 1 runs - GPU latency: 4.2251 ms - Host latency: 4.31421 ms (enqueue 2.04785 ms)
[10/04/2026-22:10:19] [I] Average on 1 runs - GPU latency: 4.22168 ms - Host latency: 4.2937 ms (enqueue 2.06934 ms)
[10/04/2026-22:10:19] [I] Average on 1 runs - GPU latency: 4.22583 ms - Host latency: 4.29199 ms (enqueue 2.03979 ms)
[10/04/2026-22:10:19] [I] Average on 1 runs - GPU latency: 4.22412 ms - Host latency: 4.29053 ms (enqueue 2.03589 ms)
[10/04/2026-22:10:19] [I] Average on 1 runs - GPU latency: 4.2229 ms - Host latency: 4.30005 ms (enqueue 2.04883 ms)
[10/04/2026-22:10:19] [I] Average on 1 runs - GPU latency: 4.21558 ms - Host latency: 4.28564 ms (enqueue 2.04272 ms)
[10/04/2026-22:10:19] [I] Average on 1 runs - GPU latency: 4.21338 ms - Host latency: 4.2771 ms (enqueue 2.04248 ms)
[10/04/2026-22:10:19] [I] Average on 1 runs - GPU latency: 4.21826 ms - Host latency: 4.28369 ms (enqueue 2.05908 ms)
[10/04/2026-22:10:19] [I] Average on 1 runs - GPU latency: 4.2146 ms - Host latency: 4.28369 ms (enqueue 2.04443 ms)
[10/04/2026-22:10:19] [I] Average on 1 runs - GPU latency: 4.22168 ms - Host latency: 4.28613 ms (enqueue 2.08081 ms)
[10/04/2026-22:10:19] [I] Average on 1 runs - GPU latency: 4.21216 ms - Host latency: 4.27979 ms (enqueue 2.09448 ms)
[10/04/2026-22:10:19] [I] Average on 1 runs - GPU latency: 4.21387 ms - Host latency: 4.27808 ms (enqueue 2.10962 ms)
[10/04/2026-22:10:19] [I] Average on 1 runs - GPU latency: 4.22192 ms - Host latency: 4.28979 ms (enqueue 2.10474 ms)
[10/04/2026-22:10:19] [I] Average on 1 runs - GPU latency: 4.22168 ms - Host latency: 4.29761 ms (enqueue 2.10864 ms)
[10/04/2026-22:10:19] [I] Average on 1 runs - GPU latency: 4.22485 ms - Host latency: 4.29395 ms (enqueue 2.12134 ms)
[10/04/2026-22:10:19] [I] Average on 1 runs - GPU latency: 4.21362 ms - Host latency: 4.29077 ms (enqueue 2.10864 ms)
[10/04/2026-22:10:19] [I] Average on 1 runs - GPU latency: 4.21606 ms - Host latency: 4.28809 ms (enqueue 2.09814 ms)
[10/04/2026-22:10:19] [I] Average on 1 runs - GPU latency: 4.22192 ms - Host latency: 4.2937 ms (enqueue 2.07617 ms)
[10/04/2026-22:10:19] [I] Average on 1 runs - GPU latency: 4.21265 ms - Host latency: 4.28125 ms (enqueue 2.06055 ms)
[10/04/2026-22:10:19] [I] Average on 1 runs - GPU latency: 4.21899 ms - Host latency: 4.28418 ms (enqueue 2.06055 ms)
[10/04/2026-22:10:19] [I] Average on 1 runs - GPU latency: 4.21948 ms - Host latency: 4.28394 ms (enqueue 2.052 ms)
[10/04/2026-22:10:19] [I] Average on 1 runs - GPU latency: 4.21631 ms - Host latency: 4.27905 ms (enqueue 2.07568 ms)
[10/04/2026-22:10:19] [I] Average on 1 runs - GPU latency: 4.22388 ms - Host latency: 4.28931 ms (enqueue 2.06006 ms)
[10/04/2026-22:10:19] [I] Average on 1 runs - GPU latency: 4.22168 ms - Host latency: 4.28857 ms (enqueue 2.05762 ms)
[10/04/2026-22:10:19] [I] Average on 1 runs - GPU latency: 4.21533 ms - Host latency: 4.28027 ms (enqueue 2.05298 ms)
[10/04/2026-22:10:19] [I] Average on 1 runs - GPU latency: 4.2146 ms - Host latency: 4.27979 ms (enqueue 2.06445 ms)
[10/04/2026-22:10:19] [I] Average on 1 runs - GPU latency: 4.21582 ms - Host latency: 4.28027 ms (enqueue 2.05811 ms)
[10/04/2026-22:10:19] [I] Average on 1 runs - GPU latency: 4.2168 ms - Host latency: 4.28296 ms (enqueue 2.10327 ms)
[10/04/2026-22:10:19] [I] Average on 1 runs - GPU latency: 4.21655 ms - Host latency: 4.28052 ms (enqueue 2.11572 ms)
[10/04/2026-22:10:19] [I] Average on 1 runs - GPU latency: 4.2207 ms - Host latency: 4.28784 ms (enqueue 2.10205 ms)
[10/04/2026-22:10:19] [I] Average on 1 runs - GPU latency: 4.21997 ms - Host latency: 4.28467 ms (enqueue 2.11157 ms)
[10/04/2026-22:10:19] [I] Average on 1 runs - GPU latency: 4.22217 ms - Host latency: 4.28979 ms (enqueue 2.11206 ms)
[10/04/2026-22:10:19] [I] Average on 1 runs - GPU latency: 4.21655 ms - Host latency: 4.28345 ms (enqueue 2.0874 ms)
[10/04/2026-22:10:19] [I] Average on 1 runs - GPU latency: 4.22021 ms - Host latency: 4.28418 ms (enqueue 2.10693 ms)
[10/04/2026-22:10:19] [I] Average on 1 runs - GPU latency: 4.22363 ms - Host latency: 4.28662 ms (enqueue 2.09888 ms)
[10/04/2026-22:10:19] [I] Average on 1 runs - GPU latency: 4.21899 ms - Host latency: 4.28589 ms (enqueue 2.09692 ms)
[10/04/2026-22:10:19] [I] Average on 1 runs - GPU latency: 4.21997 ms - Host latency: 4.28857 ms (enqueue 2.07056 ms)
[10/04/2026-22:10:19] [I] Average on 1 runs - GPU latency: 4.22192 ms - Host latency: 4.29346 ms (enqueue 2.00171 ms)
[10/04/2026-22:10:19] [I] Average on 1 runs - GPU latency: 4.22217 ms - Host latency: 4.28979 ms (enqueue 2.03271 ms)
[10/04/2026-22:10:19] [I] Average on 1 runs - GPU latency: 4.21704 ms - Host latency: 4.2832 ms (enqueue 2.03857 ms)
[10/04/2026-22:10:19] [I] Average on 1 runs - GPU latency: 4.21533 ms - Host latency: 4.28003 ms (enqueue 2.04346 ms)
[10/04/2026-22:10:19] [I] Average on 1 runs - GPU latency: 4.22314 ms - Host latency: 4.28589 ms (enqueue 2.04321 ms)
[10/04/2026-22:10:19] [I] Average on 1 runs - GPU latency: 4.21899 ms - Host latency: 4.28516 ms (enqueue 2.05347 ms)
[10/04/2026-22:10:19] [I] Average on 1 runs - GPU latency: 4.21899 ms - Host latency: 4.28613 ms (enqueue 2.05908 ms)
[10/04/2026-22:10:19] [I] Average on 1 runs - GPU latency: 4.21973 ms - Host latency: 4.28784 ms (enqueue 2.0083 ms)
[10/04/2026-22:10:19] [I] Average on 1 runs - GPU latency: 4.22192 ms - Host latency: 4.28955 ms (enqueue 2.08081 ms)
[10/04/2026-22:10:19] [I] Average on 1 runs - GPU latency: 4.21436 ms - Host latency: 4.28125 ms (enqueue 2.05615 ms)
[10/04/2026-22:10:19] [I] Average on 1 runs - GPU latency: 4.2124 ms - Host latency: 4.27734 ms (enqueue 2.11157 ms)
[10/04/2026-22:10:19] [I] Average on 1 runs - GPU latency: 4.21777 ms - Host latency: 4.28296 ms (enqueue 2.08301 ms)
[10/04/2026-22:10:19] [I] Average on 1 runs - GPU latency: 4.21606 ms - Host latency: 4.28003 ms (enqueue 2.09937 ms)
[10/04/2026-22:10:19] [I] Average on 1 runs - GPU latency: 4.21753 ms - Host latency: 4.2832 ms (enqueue 2.10571 ms)
[10/04/2026-22:10:19] [I] Average on 1 runs - GPU latency: 4.21338 ms - Host latency: 4.28149 ms (enqueue 2.06909 ms)
[10/04/2026-22:10:19] [I] Average on 1 runs - GPU latency: 4.21094 ms - Host latency: 4.27563 ms (enqueue 2.0647 ms)
[10/04/2026-22:10:19] [I] Average on 1 runs - GPU latency: 4.21899 ms - Host latency: 4.2854 ms (enqueue 2.08496 ms)
[10/04/2026-22:10:19] [I] Average on 1 runs - GPU latency: 4.22021 ms - Host latency: 4.29614 ms (enqueue 2.0459 ms)
[10/04/2026-22:10:19] [I] Average on 1 runs - GPU latency: 4.21191 ms - Host latency: 4.28174 ms (enqueue 2.0603 ms)
[10/04/2026-22:10:19] [I] Average on 1 runs - GPU latency: 4.22192 ms - Host latency: 4.29004 ms (enqueue 2.08374 ms)
[10/04/2026-22:10:19] [I] Average on 1 runs - GPU latency: 4.21802 ms - Host latency: 4.2832 ms (enqueue 2.06006 ms)
[10/04/2026-22:10:19] [I] Average on 1 runs - GPU latency: 4.21899 ms - Host latency: 4.28564 ms (enqueue 2.09717 ms)
[10/04/2026-22:10:19] [I] Average on 1 runs - GPU latency: 4.21948 ms - Host latency: 4.28394 ms (enqueue 2.06104 ms)
[10/04/2026-22:10:19] [I] Average on 1 runs - GPU latency: 4.21875 ms - Host latency: 4.28784 ms (enqueue 2.04932 ms)
[10/04/2026-22:10:19] [I] Average on 1 runs - GPU latency: 4.21777 ms - Host latency: 4.2854 ms (enqueue 2.06714 ms)
[10/04/2026-22:10:19] [I] Average on 1 runs - GPU latency: 4.21582 ms - Host latency: 4.28247 ms (enqueue 2.05933 ms)
[10/04/2026-22:10:19] [I] Average on 1 runs - GPU latency: 4.22559 ms - Host latency: 4.29028 ms (enqueue 2.11743 ms)
[10/04/2026-22:10:19] [I] Average on 1 runs - GPU latency: 4.2229 ms - Host latency: 4.29053 ms (enqueue 2.12427 ms)
[10/04/2026-22:10:19] [I] Average on 1 runs - GPU latency: 4.22339 ms - Host latency: 4.29761 ms (enqueue 2.11206 ms)
[10/04/2026-22:10:19] [I] Average on 1 runs - GPU latency: 4.21021 ms - Host latency: 4.28467 ms (enqueue 2.13452 ms)
[10/04/2026-22:10:19] [I] Average on 1 runs - GPU latency: 4.22559 ms - Host latency: 4.29272 ms (enqueue 2.10034 ms)
[10/04/2026-22:10:19] [I] Average on 1 runs - GPU latency: 4.22412 ms - Host latency: 4.29443 ms (enqueue 2.10864 ms)
[10/04/2026-22:10:19] [I] Average on 1 runs - GPU latency: 4.21899 ms - Host latency: 4.28857 ms (enqueue 2.09521 ms)
[10/04/2026-22:10:19] [I] Average on 1 runs - GPU latency: 4.21509 ms - Host latency: 4.28345 ms (enqueue 2.09644 ms)
[10/04/2026-22:10:19] [I] Average on 1 runs - GPU latency: 4.21729 ms - Host latency: 4.28857 ms (enqueue 2.10938 ms)
[10/04/2026-22:10:19] [I] Average on 1 runs - GPU latency: 4.22339 ms - Host latency: 4.29297 ms (enqueue 2.06787 ms)
[10/04/2026-22:10:19] [I] Average on 1 runs - GPU latency: 4.21997 ms - Host latency: 4.29419 ms (enqueue 2.0625 ms)
[10/04/2026-22:10:19] [I] Average on 1 runs - GPU latency: 4.21777 ms - Host latency: 4.28442 ms (enqueue 2.05127 ms)
[10/04/2026-22:10:19] [I] Average on 1 runs - GPU latency: 4.21924 ms - Host latency: 4.28491 ms (enqueue 2.0647 ms)
[10/04/2026-22:10:19] [I] Average on 1 runs - GPU latency: 4.21704 ms - Host latency: 4.28467 ms (enqueue 2.06787 ms)
[10/04/2026-22:10:19] [I] Average on 1 runs - GPU latency: 4.21582 ms - Host latency: 4.28345 ms (enqueue 2.06348 ms)
[10/04/2026-22:10:19] [I] Average on 1 runs - GPU latency: 4.21777 ms - Host latency: 4.28857 ms (enqueue 2.05957 ms)
[10/04/2026-22:10:19] [I] Average on 1 runs - GPU latency: 4.21851 ms - Host latency: 4.28564 ms (enqueue 2.06714 ms)
[10/04/2026-22:10:19] [I] Average on 1 runs - GPU latency: 4.22119 ms - Host latency: 4.28491 ms (enqueue 2.05371 ms)
[10/04/2026-22:10:19] [I] Average on 1 runs - GPU latency: 4.22119 ms - Host latency: 4.28857 ms (enqueue 2.11206 ms)
[10/04/2026-22:10:19] [I] Average on 1 runs - GPU latency: 4.22705 ms - Host latency: 4.29541 ms (enqueue 2.10693 ms)
[10/04/2026-22:10:19] [I] Average on 1 runs - GPU latency: 4.22485 ms - Host latency: 4.29199 ms (enqueue 2.10938 ms)
[10/04/2026-22:10:19] [I] Average on 1 runs - GPU latency: 4.22095 ms - Host latency: 4.28882 ms (enqueue 2.10303 ms)
[10/04/2026-22:10:19] [I] Average on 1 runs - GPU latency: 4.22534 ms - Host latency: 4.29126 ms (enqueue 2.11353 ms)
[10/04/2026-22:10:19] [I] Average on 1 runs - GPU latency: 4.22021 ms - Host latency: 4.29321 ms (enqueue 2.12012 ms)
[10/04/2026-22:10:19] [I] Average on 1 runs - GPU latency: 4.22534 ms - Host latency: 4.29956 ms (enqueue 2.12354 ms)
[10/04/2026-22:10:19] [I] Average on 1 runs - GPU latency: 4.22559 ms - Host latency: 4.29907 ms (enqueue 2.10327 ms)
[10/04/2026-22:10:19] [I] Average on 1 runs - GPU latency: 4.21973 ms - Host latency: 4.29395 ms (enqueue 2.0957 ms)
[10/04/2026-22:10:19] [I] Average on 1 runs - GPU latency: 4.21997 ms - Host latency: 4.29004 ms (enqueue 2.05933 ms)
[10/04/2026-22:10:19] [I] Average on 1 runs - GPU latency: 4.21387 ms - Host latency: 4.28516 ms (enqueue 2.05005 ms)
[10/04/2026-22:10:19] [I] Average on 1 runs - GPU latency: 4.21753 ms - Host latency: 4.28882 ms (enqueue 2.06372 ms)
[10/04/2026-22:10:19] [I] Average on 1 runs - GPU latency: 4.2085 ms - Host latency: 4.27588 ms (enqueue 2.06006 ms)
[10/04/2026-22:10:19] [I] Average on 1 runs - GPU latency: 4.21558 ms - Host latency: 4.27979 ms (enqueue 2.06079 ms)
[10/04/2026-22:10:19] [I] Average on 1 runs - GPU latency: 4.21777 ms - Host latency: 4.29565 ms (enqueue 2.06714 ms)
[10/04/2026-22:10:19] [I] Average on 1 runs - GPU latency: 4.21387 ms - Host latency: 4.28149 ms (enqueue 2.06006 ms)
[10/04/2026-22:10:19] [I] Average on 1 runs - GPU latency: 4.21802 ms - Host latency: 4.28247 ms (enqueue 2.06372 ms)
[10/04/2026-22:10:19] [I] Average on 1 runs - GPU latency: 4.21191 ms - Host latency: 4.27734 ms (enqueue 2.05664 ms)
[10/04/2026-22:10:19] [I] Average on 1 runs - GPU latency: 4.21387 ms - Host latency: 4.28149 ms (enqueue 2.10107 ms)
[10/04/2026-22:10:19] [I] Average on 1 runs - GPU latency: 4.22217 ms - Host latency: 4.28931 ms (enqueue 2.11108 ms)
[10/04/2026-22:10:19] [I] Average on 1 runs - GPU latency: 4.22412 ms - Host latency: 4.29321 ms (enqueue 2.12207 ms)
[10/04/2026-22:10:19] [I] Average on 1 runs - GPU latency: 4.21924 ms - Host latency: 4.29077 ms (enqueue 2.09619 ms)
[10/04/2026-22:10:19] [I] Average on 1 runs - GPU latency: 4.21973 ms - Host latency: 4.28613 ms (enqueue 2.11084 ms)
[10/04/2026-22:10:19] [I] Average on 1 runs - GPU latency: 4.21997 ms - Host latency: 4.29199 ms (enqueue 2.11987 ms)
[10/04/2026-22:10:19] [I] Average on 1 runs - GPU latency: 4.22559 ms - Host latency: 4.29883 ms (enqueue 2.12012 ms)
[10/04/2026-22:10:19] [I] Average on 1 runs - GPU latency: 4.2251 ms - Host latency: 4.30029 ms (enqueue 2.12646 ms)
[10/04/2026-22:10:19] [I] Average on 1 runs - GPU latency: 4.22778 ms - Host latency: 4.2981 ms (enqueue 2.07886 ms)
[10/04/2026-22:10:19] [I] Average on 1 runs - GPU latency: 4.2146 ms - Host latency: 4.28662 ms (enqueue 2.04712 ms)
[10/04/2026-22:10:19] [I] Average on 1 runs - GPU latency: 4.21533 ms - Host latency: 4.28223 ms (enqueue 2.05811 ms)
[10/04/2026-22:10:19] [I] Average on 1 runs - GPU latency: 4.22559 ms - Host latency: 4.29346 ms (enqueue 2.07886 ms)
[10/04/2026-22:10:19] [I] Average on 1 runs - GPU latency: 4.24829 ms - Host latency: 4.31714 ms (enqueue 2.20044 ms)
[10/04/2026-22:10:19] [I] Average on 1 runs - GPU latency: 4.2312 ms - Host latency: 4.31128 ms (enqueue 2.40063 ms)
[10/04/2026-22:10:19] [I] Average on 1 runs - GPU latency: 4.23169 ms - Host latency: 4.30249 ms (enqueue 2.21265 ms)
[10/04/2026-22:10:19] [I] Average on 1 runs - GPU latency: 4.24023 ms - Host latency: 4.30713 ms (enqueue 2.15161 ms)
[10/04/2026-22:10:19] [I] Average on 1 runs - GPU latency: 4.24121 ms - Host latency: 4.32056 ms (enqueue 2.14771 ms)
[10/04/2026-22:10:19] [I] Average on 1 runs - GPU latency: 4.23633 ms - Host latency: 4.31299 ms (enqueue 2.4541 ms)
[10/04/2026-22:10:19] [I] Average on 1 runs - GPU latency: 4.22046 ms - Host latency: 4.28955 ms (enqueue 2.20825 ms)
[10/04/2026-22:10:19] [I] Average on 1 runs - GPU latency: 4.23413 ms - Host latency: 4.31128 ms (enqueue 2.177 ms)
[10/04/2026-22:10:19] [I] Average on 1 runs - GPU latency: 4.23291 ms - Host latency: 4.2998 ms (enqueue 2.16211 ms)
[10/04/2026-22:10:19] [I] Average on 1 runs - GPU latency: 4.23242 ms - Host latency: 4.30298 ms (enqueue 2.11401 ms)
[10/04/2026-22:10:19] [I] Average on 1 runs - GPU latency: 4.22583 ms - Host latency: 4.29126 ms (enqueue 2.08887 ms)
[10/04/2026-22:10:19] [I] Average on 1 runs - GPU latency: 4.23096 ms - Host latency: 4.29932 ms (enqueue 2.06323 ms)
[10/04/2026-22:10:19] [I] Average on 1 runs - GPU latency: 4.2251 ms - Host latency: 4.29346 ms (enqueue 2.04956 ms)
[10/04/2026-22:10:19] [I] Average on 1 runs - GPU latency: 4.22388 ms - Host latency: 4.29224 ms (enqueue 2.04077 ms)
[10/04/2026-22:10:19] [I] Average on 1 runs - GPU latency: 4.22168 ms - Host latency: 4.28784 ms (enqueue 2.03345 ms)
[10/04/2026-22:10:19] [I] Average on 1 runs - GPU latency: 4.22363 ms - Host latency: 4.28809 ms (enqueue 2.0498 ms)
[10/04/2026-22:10:19] [I] Average on 1 runs - GPU latency: 4.22583 ms - Host latency: 4.2981 ms (enqueue 2.0481 ms)
[10/04/2026-22:10:19] [I] Average on 1 runs - GPU latency: 4.22534 ms - Host latency: 4.29297 ms (enqueue 2.21094 ms)
[10/04/2026-22:10:19] [I] Average on 1 runs - GPU latency: 4.22607 ms - Host latency: 4.29272 ms (enqueue 2.06616 ms)
[10/04/2026-22:10:19] [I] Average on 1 runs - GPU latency: 4.22144 ms - Host latency: 4.28857 ms (enqueue 2.40527 ms)
[10/04/2026-22:10:19] [I] Average on 1 runs - GPU latency: 4.22485 ms - Host latency: 4.29102 ms (enqueue 2.12915 ms)
[10/04/2026-22:10:19] [I] Average on 1 runs - GPU latency: 4.22388 ms - Host latency: 4.28687 ms (enqueue 2.09253 ms)
[10/04/2026-22:10:19] [I] Average on 1 runs - GPU latency: 4.22314 ms - Host latency: 4.28809 ms (enqueue 2.09351 ms)
[10/04/2026-22:10:19] [I] Average on 1 runs - GPU latency: 4.21973 ms - Host latency: 4.28613 ms (enqueue 2.08301 ms)
[10/04/2026-22:10:19] [I] Average on 1 runs - GPU latency: 4.22656 ms - Host latency: 4.29175 ms (enqueue 2.1001 ms)
[10/04/2026-22:10:19] [I] Average on 1 runs - GPU latency: 4.22095 ms - Host latency: 4.28931 ms (enqueue 2.08887 ms)
[10/04/2026-22:10:19] [I] Average on 1 runs - GPU latency: 4.22388 ms - Host latency: 4.29102 ms (enqueue 2.07983 ms)
[10/04/2026-22:10:19] [I] Average on 1 runs - GPU latency: 4.21948 ms - Host latency: 4.28687 ms (enqueue 2.06714 ms)
[10/04/2026-22:10:19] [I] Average on 1 runs - GPU latency: 4.2251 ms - Host latency: 4.29175 ms (enqueue 2.05908 ms)
[10/04/2026-22:10:19] [I] Average on 1 runs - GPU latency: 4.21924 ms - Host latency: 4.28711 ms (enqueue 2.06055 ms)
[10/04/2026-22:10:19] [I] Average on 1 runs - GPU latency: 4.22876 ms - Host latency: 4.29272 ms (enqueue 2.0564 ms)
[10/04/2026-22:10:19] [I] Average on 1 runs - GPU latency: 4.22095 ms - Host latency: 4.28516 ms (enqueue 2.04712 ms)
[10/04/2026-22:10:19] [I] Average on 1 runs - GPU latency: 4.21826 ms - Host latency: 4.28857 ms (enqueue 2.05103 ms)
[10/04/2026-22:10:19] [I] Average on 1 runs - GPU latency: 4.22192 ms - Host latency: 4.28784 ms (enqueue 2.03882 ms)
[10/04/2026-22:10:19] [I] Average on 1 runs - GPU latency: 4.22388 ms - Host latency: 4.28809 ms (enqueue 2.0498 ms)
[10/04/2026-22:10:19] [I] Average on 1 runs - GPU latency: 4.21997 ms - Host latency: 4.28833 ms (enqueue 2.03882 ms)
[10/04/2026-22:10:19] [I] Average on 1 runs - GPU latency: 4.22485 ms - Host latency: 4.30151 ms (enqueue 2.04639 ms)
[10/04/2026-22:10:19] [I] Average on 1 runs - GPU latency: 4.22119 ms - Host latency: 4.28638 ms (enqueue 2.04419 ms)
[10/04/2026-22:10:19] [I] Average on 1 runs - GPU latency: 4.22754 ms - Host latency: 4.29199 ms (enqueue 2.0979 ms)
[10/04/2026-22:10:19] [I] Average on 1 runs - GPU latency: 4.21973 ms - Host latency: 4.2832 ms (enqueue 2.08813 ms)
[10/04/2026-22:10:19] [I] Average on 1 runs - GPU latency: 4.22656 ms - Host latency: 4.29175 ms (enqueue 2.08521 ms)
[10/04/2026-22:10:19] [I] Average on 1 runs - GPU latency: 4.22461 ms - Host latency: 4.29028 ms (enqueue 2.10449 ms)
[10/04/2026-22:10:19] [I] Average on 1 runs - GPU latency: 4.2229 ms - Host latency: 4.28857 ms (enqueue 2.10669 ms)
[10/04/2026-22:10:19] [I] Average on 1 runs - GPU latency: 4.2251 ms - Host latency: 4.29126 ms (enqueue 2.09985 ms)
[10/04/2026-22:10:19] [I] Average on 1 runs - GPU latency: 4.21997 ms - Host latency: 4.29028 ms (enqueue 2.1355 ms)
[10/04/2026-22:10:19] [I] Average on 1 runs - GPU latency: 4.22827 ms - Host latency: 4.29272 ms (enqueue 2.10303 ms)
[10/04/2026-22:10:19] [I] Average on 1 runs - GPU latency: 4.22192 ms - Host latency: 4.29199 ms (enqueue 2.11084 ms)
[10/04/2026-22:10:19] [I] Average on 1 runs - GPU latency: 4.229 ms - Host latency: 4.29443 ms (enqueue 2.04248 ms)
[10/04/2026-22:10:19] [I] Average on 1 runs - GPU latency: 4.2334 ms - Host latency: 4.30688 ms (enqueue 2.04907 ms)
[10/04/2026-22:10:19] [I] Average on 1 runs - GPU latency: 4.22925 ms - Host latency: 4.32617 ms (enqueue 2.06836 ms)
[10/04/2026-22:10:19] [I] Average on 1 runs - GPU latency: 4.23682 ms - Host latency: 4.33252 ms (enqueue 2.06958 ms)
[10/04/2026-22:10:19] [I] Average on 1 runs - GPU latency: 4.23022 ms - Host latency: 4.30298 ms (enqueue 2.05518 ms)
[10/04/2026-22:10:19] [I] Average on 1 runs - GPU latency: 4.21899 ms - Host latency: 4.28687 ms (enqueue 2.05737 ms)
[10/04/2026-22:10:19] [I] Average on 1 runs - GPU latency: 4.22559 ms - Host latency: 4.28857 ms (enqueue 2.04492 ms)
[10/04/2026-22:10:19] [I] Average on 1 runs - GPU latency: 4.21802 ms - Host latency: 4.2915 ms (enqueue 2.04712 ms)
[10/04/2026-22:10:19] [I] Average on 1 runs - GPU latency: 4.21948 ms - Host latency: 4.29272 ms (enqueue 2.05786 ms)
[10/04/2026-22:10:19] [I] Average on 1 runs - GPU latency: 4.22339 ms - Host latency: 4.28979 ms (enqueue 2.05542 ms)
[10/04/2026-22:10:19] [I] Average on 1 runs - GPU latency: 4.2207 ms - Host latency: 4.28613 ms (enqueue 2.04834 ms)
[10/04/2026-22:10:19] [I] Average on 1 runs - GPU latency: 4.21265 ms - Host latency: 4.27832 ms (enqueue 2.08496 ms)
[10/04/2026-22:10:19] [I] ... Omitting 3147 lines
[10/04/2026-22:10:19] [I] Average on 1 runs - GPU latency: 4.21289 ms - Host latency: 4.27539 ms (enqueue 2.0957 ms)
[10/04/2026-22:10:19] [I] Average on 1 runs - GPU latency: 4.21875 ms - Host latency: 4.28516 ms (enqueue 2.0918 ms)
[10/04/2026-22:10:19] [I] Average on 1 runs - GPU latency: 4.22266 ms - Host latency: 4.29102 ms (enqueue 2.09961 ms)
[10/04/2026-22:10:19] [I] Average on 1 runs - GPU latency: 4.2168 ms - Host latency: 4.28711 ms (enqueue 2.06641 ms)
[10/04/2026-22:10:19] [I] Average on 1 runs - GPU latency: 4.22266 ms - Host latency: 4.28711 ms (enqueue 2.05664 ms)
[10/04/2026-22:10:19] [I] Average on 1 runs - GPU latency: 4.22852 ms - Host latency: 4.29883 ms (enqueue 2.06641 ms)
[10/04/2026-22:10:19] [I] Average on 1 runs - GPU latency: 4.22656 ms - Host latency: 4.29297 ms (enqueue 2.29492 ms)
[10/04/2026-22:10:19] [I] Average on 1 runs - GPU latency: 4.22266 ms - Host latency: 4.28906 ms (enqueue 2.07617 ms)
[10/04/2026-22:10:19] [I] Average on 1 runs - GPU latency: 4.21875 ms - Host latency: 4.28516 ms (enqueue 2.08203 ms)
[10/04/2026-22:10:19] [I] Average on 1 runs - GPU latency: 4.2168 ms - Host latency: 4.28906 ms (enqueue 2.06836 ms)
[10/04/2026-22:10:19] [I] Average on 1 runs - GPU latency: 4.22266 ms - Host latency: 4.29297 ms (enqueue 2.06055 ms)
[10/04/2026-22:10:19] [I] Average on 1 runs - GPU latency: 4.22461 ms - Host latency: 4.28711 ms (enqueue 2.07031 ms)
[10/04/2026-22:10:19] [I] Average on 1 runs - GPU latency: 4.21484 ms - Host latency: 4.28125 ms (enqueue 2.21484 ms)
[10/04/2026-22:10:19] [I] Average on 1 runs - GPU latency: 4.21875 ms - Host latency: 4.2832 ms (enqueue 2.11328 ms)
[10/04/2026-22:10:19] [I] Average on 1 runs - GPU latency: 4.21875 ms - Host latency: 4.2832 ms (enqueue 2.12305 ms)
[10/04/2026-22:10:19] [I] Average on 1 runs - GPU latency: 4.2168 ms - Host latency: 4.29297 ms (enqueue 2.0918 ms)
[10/04/2026-22:10:19] [I] Average on 1 runs - GPU latency: 4.22656 ms - Host latency: 4.28711 ms (enqueue 2.10742 ms)
[10/04/2026-22:10:19] [I] Average on 1 runs - GPU latency: 4.22852 ms - Host latency: 4.29688 ms (enqueue 2.29297 ms)
[10/04/2026-22:10:19] [I] Average on 1 runs - GPU latency: 4.22656 ms - Host latency: 4.31445 ms (enqueue 2.3457 ms)
[10/04/2026-22:10:19] [I] Average on 1 runs - GPU latency: 4.21289 ms - Host latency: 4.28125 ms (enqueue 2.18945 ms)
[10/04/2026-22:10:19] [I] Average on 1 runs - GPU latency: 4.21875 ms - Host latency: 4.2832 ms (enqueue 2.13867 ms)
[10/04/2026-22:10:19] [I] Average on 1 runs - GPU latency: 4.21094 ms - Host latency: 4.27539 ms (enqueue 2.13867 ms)
[10/04/2026-22:10:19] [I] Average on 1 runs - GPU latency: 4.22852 ms - Host latency: 4.29688 ms (enqueue 2.20312 ms)
[10/04/2026-22:10:19] [I] Average on 1 runs - GPU latency: 4.22656 ms - Host latency: 4.29492 ms (enqueue 2.17188 ms)
[10/04/2026-22:10:19] [I] Average on 1 runs - GPU latency: 4.22461 ms - Host latency: 4.28906 ms (enqueue 2.11133 ms)
[10/04/2026-22:10:19] [I] Average on 1 runs - GPU latency: 4.2207 ms - Host latency: 4.28711 ms (enqueue 2.13672 ms)
[10/04/2026-22:10:19] [I] Average on 1 runs - GPU latency: 4.22266 ms - Host latency: 4.28125 ms (enqueue 2.30859 ms)
[10/04/2026-22:10:19] [I] Average on 1 runs - GPU latency: 4.2168 ms - Host latency: 4.2832 ms (enqueue 2.12695 ms)
[10/04/2026-22:10:19] [I] Average on 1 runs - GPU latency: 4.2168 ms - Host latency: 4.28125 ms (enqueue 2.10742 ms)
[10/04/2026-22:10:19] [I] Average on 1 runs - GPU latency: 4.22266 ms - Host latency: 4.28906 ms (enqueue 2.09766 ms)
[10/04/2026-22:10:19] [I] Average on 1 runs - GPU latency: 4.2207 ms - Host latency: 4.28516 ms (enqueue 2.2832 ms)
[10/04/2026-22:10:19] [I] Average on 1 runs - GPU latency: 4.21875 ms - Host latency: 4.2832 ms (enqueue 2.09766 ms)
[10/04/2026-22:10:19] [I] Average on 1 runs - GPU latency: 4.22266 ms - Host latency: 4.28711 ms (enqueue 2.03906 ms)
[10/04/2026-22:10:19] [I] Average on 1 runs - GPU latency: 4.2207 ms - Host latency: 4.2832 ms (enqueue 2.06445 ms)
[10/04/2026-22:10:19] [I] Average on 1 runs - GPU latency: 4.21875 ms - Host latency: 4.2832 ms (enqueue 2.06055 ms)
[10/04/2026-22:10:19] [I] Average on 1 runs - GPU latency: 4.22852 ms - Host latency: 4.29102 ms (enqueue 2.0625 ms)
[10/04/2026-22:10:19] [I] Average on 1 runs - GPU latency: 4.23242 ms - Host latency: 4.30273 ms (enqueue 2.06836 ms)
[10/04/2026-22:10:19] [I] Average on 1 runs - GPU latency: 4.22656 ms - Host latency: 4.29883 ms (enqueue 2.07812 ms)
[10/04/2026-22:10:19] [I] Average on 1 runs - GPU latency: 4.22656 ms - Host latency: 4.29492 ms (enqueue 2.05078 ms)
[10/04/2026-22:10:19] [I] Average on 1 runs - GPU latency: 4.2207 ms - Host latency: 4.29297 ms (enqueue 2.05469 ms)
[10/04/2026-22:10:19] [I] Average on 1 runs - GPU latency: 4.2168 ms - Host latency: 4.29102 ms (enqueue 2.05078 ms)
[10/04/2026-22:10:19] [I] Average on 1 runs - GPU latency: 4.22852 ms - Host latency: 4.29492 ms (enqueue 2.06055 ms)
[10/04/2026-22:10:19] [I] Average on 1 runs - GPU latency: 4.21875 ms - Host latency: 4.2832 ms (enqueue 2.08398 ms)
[10/04/2026-22:10:19] [I] Average on 1 runs - GPU latency: 4.21289 ms - Host latency: 4.2793 ms (enqueue 2.10352 ms)
[10/04/2026-22:10:19] [I] Average on 1 runs - GPU latency: 4.2207 ms - Host latency: 4.28516 ms (enqueue 2.10547 ms)
[10/04/2026-22:10:19] [I] Average on 1 runs - GPU latency: 4.22852 ms - Host latency: 4.29688 ms (enqueue 2.10156 ms)
[10/04/2026-22:10:19] [I] Average on 1 runs - GPU latency: 4.22656 ms - Host latency: 4.28906 ms (enqueue 2.11523 ms)
[10/04/2026-22:10:19] [I] Average on 1 runs - GPU latency: 4.21289 ms - Host latency: 4.27734 ms (enqueue 2.12109 ms)
[10/04/2026-22:10:19] [I] Average on 1 runs - GPU latency: 4.21484 ms - Host latency: 4.27539 ms (enqueue 2.09375 ms)
[10/04/2026-22:10:19] [I] Average on 1 runs - GPU latency: 4.21484 ms - Host latency: 4.2793 ms (enqueue 2.08789 ms)
[10/04/2026-22:10:19] [I] Average on 1 runs - GPU latency: 4.22266 ms - Host latency: 4.28906 ms (enqueue 2.08203 ms)
[10/04/2026-22:10:19] [I] Average on 1 runs - GPU latency: 4.2207 ms - Host latency: 4.29297 ms (enqueue 2.09766 ms)
[10/04/2026-22:10:19] [I] Average on 1 runs - GPU latency: 4.21875 ms - Host latency: 4.29102 ms (enqueue 2.07617 ms)
[10/04/2026-22:10:19] [I] Average on 1 runs - GPU latency: 4.21094 ms - Host latency: 4.28906 ms (enqueue 2.29883 ms)
[10/04/2026-22:10:19] [I] Average on 1 runs - GPU latency: 4.2168 ms - Host latency: 4.28711 ms (enqueue 2.05078 ms)
[10/04/2026-22:10:19] [I] Average on 1 runs - GPU latency: 4.2207 ms - Host latency: 4.28906 ms (enqueue 2.05273 ms)
[10/04/2026-22:10:19] [I] Average on 1 runs - GPU latency: 4.21875 ms - Host latency: 4.29297 ms (enqueue 2.05273 ms)
[10/04/2026-22:10:19] [I] Average on 1 runs - GPU latency: 4.21875 ms - Host latency: 4.29297 ms (enqueue 2.05078 ms)
[10/04/2026-22:10:19] [I] Average on 1 runs - GPU latency: 4.22461 ms - Host latency: 4.29492 ms (enqueue 2.08008 ms)
[10/04/2026-22:10:19] [I] Average on 1 runs - GPU latency: 4.2168 ms - Host latency: 4.28906 ms (enqueue 2.08398 ms)
[10/04/2026-22:10:19] [I] Average on 1 runs - GPU latency: 4.22266 ms - Host latency: 4.29297 ms (enqueue 2.06641 ms)
[10/04/2026-22:10:19] [I] Average on 1 runs - GPU latency: 4.22461 ms - Host latency: 4.29297 ms (enqueue 2.10156 ms)
[10/04/2026-22:10:19] [I] Average on 1 runs - GPU latency: 4.21875 ms - Host latency: 4.28906 ms (enqueue 2.11523 ms)
[10/04/2026-22:10:19] [I] Average on 1 runs - GPU latency: 4.2207 ms - Host latency: 4.29297 ms (enqueue 2.11328 ms)
[10/04/2026-22:10:19] [I] Average on 1 runs - GPU latency: 4.21289 ms - Host latency: 4.2832 ms (enqueue 2.11328 ms)
[10/04/2026-22:10:19] [I] Average on 1 runs - GPU latency: 4.22266 ms - Host latency: 4.29492 ms (enqueue 2.31641 ms)
[10/04/2026-22:10:19] [I] Average on 1 runs - GPU latency: 4.2207 ms - Host latency: 4.28906 ms (enqueue 2.14062 ms)
[10/04/2026-22:10:19] [I] Average on 1 runs - GPU latency: 4.21289 ms - Host latency: 4.28125 ms (enqueue 2.11328 ms)
[10/04/2026-22:10:19] [I] Average on 1 runs - GPU latency: 4.21289 ms - Host latency: 4.27539 ms (enqueue 2.10938 ms)
[10/04/2026-22:10:19] [I] Average on 1 runs - GPU latency: 4.21289 ms - Host latency: 4.27734 ms (enqueue 2.07422 ms)
[10/04/2026-22:10:19] [I] Average on 1 runs - GPU latency: 4.21484 ms - Host latency: 4.2832 ms (enqueue 2.07812 ms)
[10/04/2026-22:10:19] [I] Average on 1 runs - GPU latency: 4.23047 ms - Host latency: 4.30078 ms (enqueue 2.07227 ms)
[10/04/2026-22:10:19] [I] Average on 1 runs - GPU latency: 4.22461 ms - Host latency: 4.29102 ms (enqueue 2.07812 ms)
[10/04/2026-22:10:19] [I] Average on 1 runs - GPU latency: 4.21875 ms - Host latency: 4.28906 ms (enqueue 2.07812 ms)
[10/04/2026-22:10:19] [I] Average on 1 runs - GPU latency: 4.22461 ms - Host latency: 4.29883 ms (enqueue 2.07812 ms)
[10/04/2026-22:10:19] [I] Average on 1 runs - GPU latency: 4.21875 ms - Host latency: 4.28711 ms (enqueue 2.08984 ms)
[10/04/2026-22:10:19] [I] Average on 1 runs - GPU latency: 4.22852 ms - Host latency: 4.30078 ms (enqueue 2.06055 ms)
[10/04/2026-22:10:19] [I] Average on 1 runs - GPU latency: 4.22852 ms - Host latency: 4.30859 ms (enqueue 2.20117 ms)
[10/04/2026-22:10:19] [I] Average on 1 runs - GPU latency: 4.21875 ms - Host latency: 4.29102 ms (enqueue 2.14648 ms)
[10/04/2026-22:10:19] [I] Average on 1 runs - GPU latency: 4.23047 ms - Host latency: 4.29492 ms (enqueue 2.14062 ms)
[10/04/2026-22:10:19] [I] Average on 1 runs - GPU latency: 4.22266 ms - Host latency: 4.29102 ms (enqueue 2.25586 ms)
[10/04/2026-22:10:19] [I] Average on 1 runs - GPU latency: 4.21484 ms - Host latency: 4.28711 ms (enqueue 2.12305 ms)
[10/04/2026-22:10:19] [I] Average on 1 runs - GPU latency: 4.2168 ms - Host latency: 4.2793 ms (enqueue 2.125 ms)
[10/04/2026-22:10:19] [I] Average on 1 runs - GPU latency: 4.21484 ms - Host latency: 4.27734 ms (enqueue 2.11719 ms)
[10/04/2026-22:10:19] [I] Average on 1 runs - GPU latency: 4.2168 ms - Host latency: 4.28125 ms (enqueue 2.13672 ms)
[10/04/2026-22:10:19] [I] Average on 1 runs - GPU latency: 4.22266 ms - Host latency: 4.28516 ms (enqueue 2.08594 ms)
[10/04/2026-22:10:19] [I] Average on 1 runs - GPU latency: 4.22656 ms - Host latency: 4.29102 ms (enqueue 2.08203 ms)
[10/04/2026-22:10:19] [I] Average on 1 runs - GPU latency: 4.21875 ms - Host latency: 4.2793 ms (enqueue 2.05859 ms)
[10/04/2026-22:10:19] [I] Average on 1 runs - GPU latency: 4.22266 ms - Host latency: 4.28906 ms (enqueue 2.06836 ms)
[10/04/2026-22:10:19] [I] Average on 1 runs - GPU latency: 4.2168 ms - Host latency: 4.2832 ms (enqueue 2.10547 ms)
[10/04/2026-22:10:19] [I] Average on 1 runs - GPU latency: 4.2207 ms - Host latency: 4.2832 ms (enqueue 2.08398 ms)
[10/04/2026-22:10:19] [I] Average on 1 runs - GPU latency: 4.22461 ms - Host latency: 4.29297 ms (enqueue 2.07812 ms)
[10/04/2026-22:10:19] [I] Average on 1 runs - GPU latency: 4.21875 ms - Host latency: 4.28516 ms (enqueue 2.0625 ms)
[10/04/2026-22:10:19] [I] Average on 1 runs - GPU latency: 4.21875 ms - Host latency: 4.28906 ms (enqueue 2.06836 ms)
[10/04/2026-22:10:19] [I] Average on 1 runs - GPU latency: 4.2207 ms - Host latency: 4.29297 ms (enqueue 2.06836 ms)
[10/04/2026-22:10:19] [I] Average on 1 runs - GPU latency: 4.22461 ms - Host latency: 4.29492 ms (enqueue 2.10352 ms)
[10/04/2026-22:10:19] [I] Average on 1 runs - GPU latency: 4.22656 ms - Host latency: 4.29883 ms (enqueue 2.10742 ms)
[10/04/2026-22:10:19] [I] Average on 1 runs - GPU latency: 4.22461 ms - Host latency: 4.29688 ms (enqueue 2.11719 ms)
[10/04/2026-22:10:19] [I] Average on 1 runs - GPU latency: 4.2207 ms - Host latency: 4.29102 ms (enqueue 2.10352 ms)
[10/04/2026-22:10:19] [I] Average on 1 runs - GPU latency: 4.2207 ms - Host latency: 4.29297 ms (enqueue 2.11133 ms)
[10/04/2026-22:10:19] [I] Average on 1 runs - GPU latency: 4.22656 ms - Host latency: 4.30078 ms (enqueue 2.16406 ms)
[10/04/2026-22:10:19] [I] Average on 1 runs - GPU latency: 4.22266 ms - Host latency: 4.29688 ms (enqueue 2.16016 ms)
[10/04/2026-22:10:19] [I] Average on 1 runs - GPU latency: 4.22461 ms - Host latency: 4.28906 ms (enqueue 2.13086 ms)
[10/04/2026-22:10:19] [I] Average on 1 runs - GPU latency: 4.22656 ms - Host latency: 4.29297 ms (enqueue 2.11523 ms)
[10/04/2026-22:10:19] [I] Average on 1 runs - GPU latency: 4.21484 ms - Host latency: 4.28516 ms (enqueue 2.21094 ms)
[10/04/2026-22:10:19] [I] Average on 1 runs - GPU latency: 4.22852 ms - Host latency: 4.29297 ms (enqueue 2.07617 ms)
[10/04/2026-22:10:19] [I] Average on 1 runs - GPU latency: 4.22852 ms - Host latency: 4.29492 ms (enqueue 2.08594 ms)
[10/04/2026-22:10:19] [I] Average on 1 runs - GPU latency: 4.22656 ms - Host latency: 4.29297 ms (enqueue 2.0625 ms)
[10/04/2026-22:10:19] [I] Average on 1 runs - GPU latency: 4.22656 ms - Host latency: 4.29883 ms (enqueue 2.05078 ms)
[10/04/2026-22:10:19] [I] Average on 1 runs - GPU latency: 4.22461 ms - Host latency: 4.29492 ms (enqueue 2.05469 ms)
[10/04/2026-22:10:19] [I] Average on 1 runs - GPU latency: 4.23047 ms - Host latency: 4.30273 ms (enqueue 2.05859 ms)
[10/04/2026-22:10:19] [I] Average on 1 runs - GPU latency: 4.22266 ms - Host latency: 4.29297 ms (enqueue 2.06445 ms)
[10/04/2026-22:10:19] [I] Average on 1 runs - GPU latency: 4.22461 ms - Host latency: 4.28906 ms (enqueue 2.23242 ms)
[10/04/2026-22:10:19] [I] Average on 1 runs - GPU latency: 4.22852 ms - Host latency: 4.30273 ms (enqueue 2.13867 ms)
[10/04/2026-22:10:19] [I] Average on 1 runs - GPU latency: 4.22852 ms - Host latency: 4.30469 ms (enqueue 2.13281 ms)
[10/04/2026-22:10:19] [I] Average on 1 runs - GPU latency: 4.22852 ms - Host latency: 4.29492 ms (enqueue 2.15625 ms)
[10/04/2026-22:10:19] [I] Average on 1 runs - GPU latency: 4.22656 ms - Host latency: 4.29688 ms (enqueue 2.13086 ms)
[10/04/2026-22:10:19] [I] Average on 1 runs - GPU latency: 4.22266 ms - Host latency: 4.29492 ms (enqueue 2.11328 ms)
[10/04/2026-22:10:19] [I] Average on 1 runs - GPU latency: 4.22266 ms - Host latency: 4.29102 ms (enqueue 2.11719 ms)
[10/04/2026-22:10:19] [I] Average on 1 runs - GPU latency: 4.22266 ms - Host latency: 4.28906 ms (enqueue 2.09766 ms)
[10/04/2026-22:10:19] [I] Average on 1 runs - GPU latency: 4.22461 ms - Host latency: 4.29492 ms (enqueue 2.125 ms)
[10/04/2026-22:10:19] [I] Average on 1 runs - GPU latency: 4.22852 ms - Host latency: 4.29297 ms (enqueue 2.09766 ms)
[10/04/2026-22:10:19] [I] Average on 1 runs - GPU latency: 4.22656 ms - Host latency: 4.29492 ms (enqueue 2.06445 ms)
[10/04/2026-22:10:19] [I] Average on 1 runs - GPU latency: 4.23047 ms - Host latency: 4.29688 ms (enqueue 2.05273 ms)
[10/04/2026-22:10:19] [I] Average on 1 runs - GPU latency: 4.22461 ms - Host latency: 4.30273 ms (enqueue 2.33008 ms)
[10/04/2026-22:10:19] [I] Average on 1 runs - GPU latency: 4.22266 ms - Host latency: 4.28711 ms (enqueue 2.09961 ms)
[10/04/2026-22:10:19] [I] Average on 1 runs - GPU latency: 4.22266 ms - Host latency: 4.28711 ms (enqueue 2.08008 ms)
[10/04/2026-22:10:19] [I] Average on 1 runs - GPU latency: 4.2168 ms - Host latency: 4.28516 ms (enqueue 2.08594 ms)
[10/04/2026-22:10:19] [I] Average on 1 runs - GPU latency: 4.22656 ms - Host latency: 4.29297 ms (enqueue 2.06641 ms)
[10/04/2026-22:10:19] [I] Average on 1 runs - GPU latency: 4.22461 ms - Host latency: 4.29102 ms (enqueue 2.09766 ms)
[10/04/2026-22:10:19] [I] Average on 1 runs - GPU latency: 4.21094 ms - Host latency: 4.28516 ms (enqueue 2.12109 ms)
[10/04/2026-22:10:19] [I] Average on 1 runs - GPU latency: 4.22461 ms - Host latency: 4.29297 ms (enqueue 2.10938 ms)
[10/04/2026-22:10:19] [I] Average on 1 runs - GPU latency: 4.2168 ms - Host latency: 4.2832 ms (enqueue 2.11133 ms)
[10/04/2026-22:10:19] [I] Average on 1 runs - GPU latency: 4.22266 ms - Host latency: 4.28711 ms (enqueue 2.10742 ms)
[10/04/2026-22:10:19] [I] Average on 1 runs - GPU latency: 4.22656 ms - Host latency: 4.29688 ms (enqueue 2.10742 ms)
[10/04/2026-22:10:19] [I] Average on 1 runs - GPU latency: 4.2168 ms - Host latency: 4.28516 ms (enqueue 2.11914 ms)
[10/04/2026-22:10:19] [I] Average on 1 runs - GPU latency: 4.22461 ms - Host latency: 4.29492 ms (enqueue 2.33984 ms)
[10/04/2026-22:10:19] [I] Average on 1 runs - GPU latency: 4.2168 ms - Host latency: 4.2832 ms (enqueue 2.12305 ms)
[10/04/2026-22:10:19] [I] Average on 1 runs - GPU latency: 4.21484 ms - Host latency: 4.27734 ms (enqueue 2.06836 ms)
[10/04/2026-22:10:19] [I] Average on 1 runs - GPU latency: 4.2207 ms - Host latency: 4.28516 ms (enqueue 2.06445 ms)
[10/04/2026-22:10:19] [I] Average on 1 runs - GPU latency: 4.22656 ms - Host latency: 4.29102 ms (enqueue 2.06445 ms)
[10/04/2026-22:10:19] [I] Average on 1 runs - GPU latency: 4.22461 ms - Host latency: 4.28711 ms (enqueue 2.05859 ms)
[10/04/2026-22:10:19] [I] Average on 1 runs - GPU latency: 4.22461 ms - Host latency: 4.29492 ms (enqueue 2.06836 ms)
[10/04/2026-22:10:19] [I] Average on 1 runs - GPU latency: 4.23047 ms - Host latency: 4.29883 ms (enqueue 2.05664 ms)
[10/04/2026-22:10:19] [I] Average on 1 runs - GPU latency: 4.22461 ms - Host latency: 4.29492 ms (enqueue 2.0625 ms)
[10/04/2026-22:10:19] [I] Average on 1 runs - GPU latency: 4.24023 ms - Host latency: 4.31055 ms (enqueue 2.09375 ms)
[10/04/2026-22:10:19] [I] Average on 1 runs - GPU latency: 4.24219 ms - Host latency: 4.32227 ms (enqueue 2.26367 ms)
[10/04/2026-22:10:19] [I] Average on 1 runs - GPU latency: 4.22461 ms - Host latency: 4.29492 ms (enqueue 2.30273 ms)
[10/04/2026-22:10:19] [I] Average on 1 runs - GPU latency: 4.23242 ms - Host latency: 4.29688 ms (enqueue 2.25781 ms)
[10/04/2026-22:10:19] [I] Average on 1 runs - GPU latency: 4.22266 ms - Host latency: 4.28711 ms (enqueue 2.17383 ms)
[10/04/2026-22:10:19] [I] Average on 1 runs - GPU latency: 4.22461 ms - Host latency: 4.28711 ms (enqueue 2.1582 ms)
[10/04/2026-22:10:19] [I] Average on 1 runs - GPU latency: 4.22656 ms - Host latency: 4.29297 ms (enqueue 2.26172 ms)
[10/04/2026-22:10:19] [I] Average on 1 runs - GPU latency: 4.2207 ms - Host latency: 4.28516 ms (enqueue 2.19141 ms)
[10/04/2026-22:10:19] [I] Average on 1 runs - GPU latency: 4.21484 ms - Host latency: 4.2832 ms (enqueue 2.13477 ms)
[10/04/2026-22:10:19] [I] Average on 1 runs - GPU latency: 4.21484 ms - Host latency: 4.28125 ms (enqueue 2.09766 ms)
[10/04/2026-22:10:19] [I] Average on 1 runs - GPU latency: 4.22266 ms - Host latency: 4.28516 ms (enqueue 2.08203 ms)
[10/04/2026-22:10:19] [I] Average on 1 runs - GPU latency: 4.2168 ms - Host latency: 4.28125 ms (enqueue 2.06055 ms)
[10/04/2026-22:10:19] [I] Average on 1 runs - GPU latency: 4.21484 ms - Host latency: 4.2793 ms (enqueue 2.05078 ms)
[10/04/2026-22:10:19] [I] Average on 1 runs - GPU latency: 4.2207 ms - Host latency: 4.28906 ms (enqueue 2.00391 ms)
[10/04/2026-22:10:19] [I] Average on 1 runs - GPU latency: 4.22656 ms - Host latency: 4.29297 ms (enqueue 2.02148 ms)
[10/04/2026-22:10:19] [I] Average on 1 runs - GPU latency: 4.22266 ms - Host latency: 4.29492 ms (enqueue 2.06836 ms)
[10/04/2026-22:10:19] [I] Average on 1 runs - GPU latency: 4.2207 ms - Host latency: 4.29492 ms (enqueue 2.06445 ms)
[10/04/2026-22:10:19] [I] Average on 1 runs - GPU latency: 4.22852 ms - Host latency: 4.30469 ms (enqueue 2.07422 ms)
[10/04/2026-22:10:19] [I] Average on 1 runs - GPU latency: 4.21484 ms - Host latency: 4.28516 ms (enqueue 2.04883 ms)
[10/04/2026-22:10:19] [I] Average on 1 runs - GPU latency: 4.22266 ms - Host latency: 4.29688 ms (enqueue 2.09766 ms)
[10/04/2026-22:10:19] [I] Average on 1 runs - GPU latency: 4.2207 ms - Host latency: 4.29102 ms (enqueue 2.04297 ms)
[10/04/2026-22:10:19] [I] Average on 1 runs - GPU latency: 4.22266 ms - Host latency: 4.29102 ms (enqueue 2.08984 ms)
[10/04/2026-22:10:19] [I] Average on 1 runs - GPU latency: 4.22266 ms - Host latency: 4.28711 ms (enqueue 2.06055 ms)
[10/04/2026-22:10:19] [I] Average on 1 runs - GPU latency: 4.22461 ms - Host latency: 4.29492 ms (enqueue 2.07422 ms)
[10/04/2026-22:10:19] [I] Average on 1 runs - GPU latency: 4.22266 ms - Host latency: 4.29492 ms (enqueue 2.09766 ms)
[10/04/2026-22:10:19] [I] Average on 1 runs - GPU latency: 4.22266 ms - Host latency: 4.29102 ms (enqueue 2.08594 ms)
[10/04/2026-22:10:19] [I] Average on 1 runs - GPU latency: 4.22266 ms - Host latency: 4.28711 ms (enqueue 2.14453 ms)
[10/04/2026-22:10:19] [I] Average on 1 runs - GPU latency: 4.21289 ms - Host latency: 4.2832 ms (enqueue 2.14844 ms)
[10/04/2026-22:10:19] [I] Average on 1 runs - GPU latency: 4.2168 ms - Host latency: 4.2832 ms (enqueue 2.08008 ms)
[10/04/2026-22:10:19] [I] Average on 1 runs - GPU latency: 4.2207 ms - Host latency: 4.28711 ms (enqueue 2.05859 ms)
[10/04/2026-22:10:19] [I] Average on 1 runs - GPU latency: 4.22266 ms - Host latency: 4.29492 ms (enqueue 2.0625 ms)
[10/04/2026-22:10:19] [I] Average on 1 runs - GPU latency: 4.2207 ms - Host latency: 4.28711 ms (enqueue 2.05273 ms)
[10/04/2026-22:10:19] [I] Average on 1 runs - GPU latency: 4.2168 ms - Host latency: 4.2832 ms (enqueue 2.19336 ms)
[10/04/2026-22:10:19] [I] Average on 1 runs - GPU latency: 4.21875 ms - Host latency: 4.29102 ms (enqueue 2.07227 ms)
[10/04/2026-22:10:19] [I] Average on 1 runs - GPU latency: 4.21875 ms - Host latency: 4.28711 ms (enqueue 2.07227 ms)
[10/04/2026-22:10:19] [I] Average on 1 runs - GPU latency: 4.2207 ms - Host latency: 4.28711 ms (enqueue 2.05664 ms)
[10/04/2026-22:10:19] [I] Average on 1 runs - GPU latency: 4.22266 ms - Host latency: 4.29102 ms (enqueue 2.05273 ms)
[10/04/2026-22:10:19] [I] Average on 1 runs - GPU latency: 4.22852 ms - Host latency: 4.29297 ms (enqueue 2.06836 ms)
[10/04/2026-22:10:19] [I] Average on 1 runs - GPU latency: 4.2207 ms - Host latency: 4.28906 ms (enqueue 2.22852 ms)
[10/04/2026-22:10:19] [I] Average on 1 runs - GPU latency: 4.21289 ms - Host latency: 4.27734 ms (enqueue 2.11328 ms)
[10/04/2026-22:10:19] [I] Average on 1 runs - GPU latency: 4.2207 ms - Host latency: 4.28906 ms (enqueue 2.10938 ms)
[10/04/2026-22:10:19] [I] Average on 1 runs - GPU latency: 4.22461 ms - Host latency: 4.29102 ms (enqueue 2.08594 ms)
[10/04/2026-22:10:19] [I] Average on 1 runs - GPU latency: 4.21875 ms - Host latency: 4.2832 ms (enqueue 2.08203 ms)
[10/04/2026-22:10:19] [I] Average on 1 runs - GPU latency: 4.22266 ms - Host latency: 4.28906 ms (enqueue 2.10547 ms)
[10/04/2026-22:10:19] [I] Average on 1 runs - GPU latency: 4.22266 ms - Host latency: 4.28711 ms (enqueue 2.09766 ms)
[10/04/2026-22:10:19] [I] Average on 1 runs - GPU latency: 4.21875 ms - Host latency: 4.2832 ms (enqueue 2.09961 ms)
[10/04/2026-22:10:19] [I] Average on 1 runs - GPU latency: 4.2207 ms - Host latency: 4.28906 ms (enqueue 2.06836 ms)
[10/04/2026-22:10:19] [I] Average on 1 runs - GPU latency: 4.2207 ms - Host latency: 4.28906 ms (enqueue 2.06055 ms)
[10/04/2026-22:10:19] [I] Average on 1 runs - GPU latency: 4.22656 ms - Host latency: 4.28906 ms (enqueue 2.04102 ms)
[10/04/2026-22:10:19] [I] Average on 1 runs - GPU latency: 4.2207 ms - Host latency: 4.28711 ms (enqueue 2.04883 ms)
[10/04/2026-22:10:19] [I] Average on 1 runs - GPU latency: 4.21875 ms - Host latency: 4.28711 ms (enqueue 2.26953 ms)
[10/04/2026-22:10:19] [I] Average on 1 runs - GPU latency: 4.2207 ms - Host latency: 4.28711 ms (enqueue 2.08398 ms)
[10/04/2026-22:10:19] [I] Average on 1 runs - GPU latency: 4.22461 ms - Host latency: 4.28906 ms (enqueue 2.05664 ms)
[10/04/2026-22:10:19] [I] Average on 1 runs - GPU latency: 4.22266 ms - Host latency: 4.28711 ms (enqueue 2.05664 ms)
[10/04/2026-22:10:19] [I] Average on 1 runs - GPU latency: 4.22266 ms - Host latency: 4.28711 ms (enqueue 2.05664 ms)
[10/04/2026-22:10:19] [I] Average on 1 runs - GPU latency: 4.21484 ms - Host latency: 4.2793 ms (enqueue 2.05664 ms)
[10/04/2026-22:10:19] [I] 
[10/04/2026-22:10:19] [I] === Performance summary ===
[10/04/2026-22:10:19] [I] Throughput: 236.226 qps
[10/04/2026-22:10:19] [I] Latency: min = 4.26953 ms, max = 4.7832 ms, mean = 4.29212 ms, median = 4.29004 ms, percentile(90%) = 4.30469 ms, percentile(95%) = 4.31348 ms, percentile(99%) = 4.32788 ms
[10/04/2026-22:10:19] [I] Enqueue Time: min = 1.99414 ms, max = 3.8623 ms, mean = 2.10059 ms, median = 2.08594 ms, percentile(90%) = 2.16016 ms, percentile(95%) = 2.23633 ms, percentile(99%) = 2.38574 ms
[10/04/2026-22:10:19] [I] H2D Latency: min = 0.0546875 ms, max = 0.132568 ms, mean = 0.0633948 ms, median = 0.0615234 ms, percentile(90%) = 0.0698242 ms, percentile(95%) = 0.0751953 ms, percentile(99%) = 0.0878906 ms
[10/04/2026-22:10:19] [I] GPU Compute Time: min = 4.20605 ms, max = 4.71289 ms, mean = 4.22266 ms, median = 4.22168 ms, percentile(90%) = 4.23047 ms, percentile(95%) = 4.2334 ms, percentile(99%) = 4.24268 ms
[10/04/2026-22:10:19] [I] D2H Latency: min = 0.00195312 ms, max = 0.0136719 ms, mean = 0.00606001 ms, median = 0.00585938 ms, percentile(90%) = 0.0078125 ms, percentile(95%) = 0.00854492 ms, percentile(99%) = 0.00976562 ms
[10/04/2026-22:10:19] [I] Total Host Walltime: 15.0153 s
[10/04/2026-22:10:19] [I] Total GPU Compute Time: 14.9778 s
[10/04/2026-22:10:19] [I] Explanations of the performance metrics are printed in the verbose logs.
[10/04/2026-22:10:19] [I] 
&&&& PASSED TensorRT.trtexec [TensorRT v100300] # /usr/src/tensorrt/bin/trtexec --loadEngine=/tmp/yolo26n_84172_uint8_fp16_opt3.engine --warmUp=3000 --duration=15 --idleTime=2 --avgRuns=1
