&&&& RUNNING TensorRT.trtexec [TensorRT v100300] # /usr/src/tensorrt/bin/trtexec --loadEngine=/tmp/engines/y26s_640_uint8_opt3.engine --warmUp=3000 --duration=15 --idleTime=33 --avgRuns=1
[10/04/2026-22:08:45] [I] === Model Options ===
[10/04/2026-22:08:45] [I] Format: *
[10/04/2026-22:08:45] [I] Model: 
[10/04/2026-22:08:45] [I] Output:
[10/04/2026-22:08:45] [I] 
[10/04/2026-22:08:45] [I] === System Options ===
[10/04/2026-22:08:45] [I] Device: 0
[10/04/2026-22:08:45] [I] DLACore: 
[10/04/2026-22:08:45] [I] Plugins:
[10/04/2026-22:08:45] [I] setPluginsToSerialize:
[10/04/2026-22:08:45] [I] dynamicPlugins:
[10/04/2026-22:08:45] [I] ignoreParsedPluginLibs: 0
[10/04/2026-22:08:45] [I] 
[10/04/2026-22:08:45] [I] === Inference Options ===
[10/04/2026-22:08:45] [I] Batch: Explicit
[10/04/2026-22:08:45] [I] Input inference shapes: model
[10/04/2026-22:08:45] [I] Iterations: 10
[10/04/2026-22:08:45] [I] Duration: 15s (+ 3000ms warm up)
[10/04/2026-22:08:45] [I] Sleep time: 0ms
[10/04/2026-22:08:45] [I] Idle time: 33ms
[10/04/2026-22:08:45] [I] Inference Streams: 1
[10/04/2026-22:08:45] [I] ExposeDMA: Disabled
[10/04/2026-22:08:45] [I] Data transfers: Enabled
[10/04/2026-22:08:45] [I] Spin-wait: Disabled
[10/04/2026-22:08:45] [I] Multithreading: Disabled
[10/04/2026-22:08:45] [I] CUDA Graph: Disabled
[10/04/2026-22:08:45] [I] Separate profiling: Disabled
[10/04/2026-22:08:45] [I] Time Deserialize: Disabled
[10/04/2026-22:08:45] [I] Time Refit: Disabled
[10/04/2026-22:08:45] [I] NVTX verbosity: 0
[10/04/2026-22:08:45] [I] Persistent Cache Ratio: 0
[10/04/2026-22:08:45] [I] Optimization Profile Index: 0
[10/04/2026-22:08:45] [I] Weight Streaming Budget: 100.000000%
[10/04/2026-22:08:45] [I] Inputs:
[10/04/2026-22:08:45] [I] Debug Tensor Save Destinations:
[10/04/2026-22:08:45] [I] === Reporting Options ===
[10/04/2026-22:08:45] [I] Verbose: Disabled
[10/04/2026-22:08:45] [I] Averages: 1 inferences
[10/04/2026-22:08:45] [I] Percentiles: 90,95,99
[10/04/2026-22:08:45] [I] Dump refittable layers:Disabled
[10/04/2026-22:08:45] [I] Dump output: Disabled
[10/04/2026-22:08:45] [I] Profile: Disabled
[10/04/2026-22:08:45] [I] Export timing to JSON file: 
[10/04/2026-22:08:45] [I] Export output to JSON file: 
[10/04/2026-22:08:45] [I] Export profile to JSON file: 
[10/04/2026-22:08:45] [I] 
[10/04/2026-22:08:45] [I] === Device Information ===
[10/04/2026-22:08:45] [I] Available Devices: 
[10/04/2026-22:08:45] [I]   Device 0: "Orin" UUID: GPU-6e16c2c1-e394-5324-8f2e-63a975968f4e
[10/04/2026-22:08:45] [I] Selected Device: Orin
[10/04/2026-22:08:45] [I] Selected Device ID: 0
[10/04/2026-22:08:45] [I] Selected Device UUID: GPU-6e16c2c1-e394-5324-8f2e-63a975968f4e
[10/04/2026-22:08:45] [I] Compute Capability: 8.7
[10/04/2026-22:08:45] [I] SMs: 8
[10/04/2026-22:08:45] [I] Device Global Memory: 7607 MiB
[10/04/2026-22:08:45] [I] Shared Memory per SM: 164 KiB
[10/04/2026-22:08:45] [I] Memory Bus Width: 128 bits (ECC disabled)
[10/04/2026-22:08:45] [I] Application Compute Clock Rate: 1.02 GHz
[10/04/2026-22:08:45] [I] Application Memory Clock Rate: 1.02 GHz
[10/04/2026-22:08:45] [I] 
[10/04/2026-22:08:45] [I] Note: The application clock rates do not reflect the actual clock rates that the GPU is currently running at.
[10/04/2026-22:08:45] [I] 
[10/04/2026-22:08:45] [I] TensorRT version: 10.3.0
[10/04/2026-22:08:45] [I] Loading standard plugins
[10/04/2026-22:08:46] [I] [TRT] Loaded engine size: 21 MiB
[10/04/2026-22:08:46] [I] Engine deserialized in 0.0802058 sec.
[10/04/2026-22:08:46] [I] [TRT] [MemUsageChange] TensorRT-managed allocation in IExecutionContext creation: CPU +0, GPU +18, now: CPU 0, GPU 36 (MiB)
[10/04/2026-22:08:46] [I] Setting persistentCacheLimit to 0 bytes.
[10/04/2026-22:08:46] [I] Created execution context with device memory size: 18.1641 MiB
[10/04/2026-22:08:46] [I] Using random values for input images
[10/04/2026-22:08:46] [I] Input binding for images with dimensions 1x640x640x3 is created.
[10/04/2026-22:08:46] [I] Output binding for output0 with dimensions 1x300x6 is created.
[10/04/2026-22:08:46] [I] Starting inference
[10/04/2026-22:09:04] [I] Warmup completed 411 queries over 3000 ms
[10/04/2026-22:09:04] [I] Timing trace has 402 queries over 15.0643 s
[10/04/2026-22:09:04] [I] 
[10/04/2026-22:09:04] [I] === Trace details ===
[10/04/2026-22:09:04] [I] Trace averages of 1 runs:
[10/04/2026-22:09:04] [I] Average on 1 runs - GPU latency: 6.81348 ms - Host latency: 6.99072 ms (enqueue 4.1272 ms)
[10/04/2026-22:09:04] [I] Average on 1 runs - GPU latency: 6.7666 ms - Host latency: 6.93994 ms (enqueue 4.15869 ms)
[10/04/2026-22:09:04] [I] Average on 1 runs - GPU latency: 6.7688 ms - Host latency: 6.83789 ms (enqueue 4.18164 ms)
[10/04/2026-22:09:04] [I] Average on 1 runs - GPU latency: 6.77148 ms - Host latency: 6.84717 ms (enqueue 4.16821 ms)
[10/04/2026-22:09:04] [I] Average on 1 runs - GPU latency: 6.76904 ms - Host latency: 6.83765 ms (enqueue 4.14868 ms)
[10/04/2026-22:09:04] [I] Average on 1 runs - GPU latency: 6.77466 ms - Host latency: 6.84277 ms (enqueue 4.16553 ms)
[10/04/2026-22:09:04] [I] Average on 1 runs - GPU latency: 6.75928 ms - Host latency: 6.8252 ms (enqueue 4.18042 ms)
[10/04/2026-22:09:04] [I] Average on 1 runs - GPU latency: 6.78857 ms - Host latency: 6.85669 ms (enqueue 4.15503 ms)
[10/04/2026-22:09:04] [I] Average on 1 runs - GPU latency: 6.76294 ms - Host latency: 6.83813 ms (enqueue 4.10547 ms)
[10/04/2026-22:09:04] [I] Average on 1 runs - GPU latency: 6.77295 ms - Host latency: 6.85986 ms (enqueue 4.17773 ms)
[10/04/2026-22:09:04] [I] Average on 1 runs - GPU latency: 7.30981 ms - Host latency: 7.40161 ms (enqueue 4.21558 ms)
[10/04/2026-22:09:04] [I] Average on 1 runs - GPU latency: 7.34058 ms - Host latency: 7.43408 ms (enqueue 4.20264 ms)
[10/04/2026-22:09:04] [I] Average on 1 runs - GPU latency: 7.93481 ms - Host latency: 8.02954 ms (enqueue 4.13818 ms)
[10/04/2026-22:09:04] [I] Average on 1 runs - GPU latency: 8.14526 ms - Host latency: 8.23486 ms (enqueue 4.11597 ms)
[10/04/2026-22:09:04] [I] Average on 1 runs - GPU latency: 8.07129 ms - Host latency: 8.16479 ms (enqueue 4.2876 ms)
[10/04/2026-22:09:04] [I] Average on 1 runs - GPU latency: 9.19629 ms - Host latency: 9.29028 ms (enqueue 4.21777 ms)
[10/04/2026-22:09:04] [I] Average on 1 runs - GPU latency: 9.18872 ms - Host latency: 9.28711 ms (enqueue 4.13599 ms)
[10/04/2026-22:09:04] [I] Average on 1 runs - GPU latency: 9.19238 ms - Host latency: 9.28198 ms (enqueue 4.15649 ms)
[10/04/2026-22:09:04] [I] Average on 1 runs - GPU latency: 9.14014 ms - Host latency: 9.2373 ms (enqueue 4.14551 ms)
[10/04/2026-22:09:04] [I] Average on 1 runs - GPU latency: 10.5569 ms - Host latency: 10.6562 ms (enqueue 4.26807 ms)
[10/04/2026-22:09:04] [I] Average on 1 runs - GPU latency: 10.5623 ms - Host latency: 10.6807 ms (enqueue 4.26343 ms)
[10/04/2026-22:09:04] [I] Average on 1 runs - GPU latency: 10.5637 ms - Host latency: 10.6709 ms (enqueue 4.24048 ms)
[10/04/2026-22:09:04] [I] Average on 1 runs - GPU latency: 10.4941 ms - Host latency: 10.5928 ms (enqueue 4.1875 ms)
[10/04/2026-22:09:04] [I] Average on 1 runs - GPU latency: 10.6384 ms - Host latency: 10.7405 ms (enqueue 4.25732 ms)
[10/04/2026-22:09:04] [I] Average on 1 runs - GPU latency: 12.7117 ms - Host latency: 12.8374 ms (enqueue 4.33081 ms)
[10/04/2026-22:09:04] [I] Average on 1 runs - GPU latency: 12.7058 ms - Host latency: 12.824 ms (enqueue 4.35742 ms)
[10/04/2026-22:09:04] [I] Average on 1 runs - GPU latency: 12.7097 ms - Host latency: 12.8325 ms (enqueue 4.2771 ms)
[10/04/2026-22:09:04] [I] Average on 1 runs - GPU latency: 12.7136 ms - Host latency: 12.8518 ms (enqueue 4.37671 ms)
[10/04/2026-22:09:04] [I] Average on 1 runs - GPU latency: 12.7075 ms - Host latency: 12.8225 ms (enqueue 4.21387 ms)
[10/04/2026-22:09:04] [I] Average on 1 runs - GPU latency: 12.7068 ms - Host latency: 12.8748 ms (enqueue 4.36377 ms)
[10/04/2026-22:09:04] [I] Average on 1 runs - GPU latency: 12.7131 ms - Host latency: 12.8293 ms (enqueue 4.32251 ms)
[10/04/2026-22:09:04] [I] Average on 1 runs - GPU latency: 15.5991 ms - Host latency: 15.7441 ms (enqueue 4.26758 ms)
[10/04/2026-22:09:04] [I] Average on 1 runs - GPU latency: 15.5923 ms - Host latency: 15.7402 ms (enqueue 4.22852 ms)
[10/04/2026-22:09:04] [I] Average on 1 runs - GPU latency: 15.5811 ms - Host latency: 15.7271 ms (enqueue 4.29395 ms)
[10/04/2026-22:09:04] [I] Average on 1 runs - GPU latency: 15.561 ms - Host latency: 15.707 ms (enqueue 4.25439 ms)
[10/04/2026-22:09:04] [I] Average on 1 runs - GPU latency: 15.5762 ms - Host latency: 15.7363 ms (enqueue 4.34912 ms)
[10/04/2026-22:09:04] [I] Average on 1 runs - GPU latency: 15.5928 ms - Host latency: 15.7334 ms (enqueue 4.30469 ms)
[10/04/2026-22:09:04] [I] Average on 1 runs - GPU latency: 15.5913 ms - Host latency: 15.7295 ms (enqueue 4.28369 ms)
[10/04/2026-22:09:04] [I] Average on 1 runs - GPU latency: 15.585 ms - Host latency: 15.7241 ms (enqueue 4.31592 ms)
[10/04/2026-22:09:04] [I] Average on 1 runs - GPU latency: 15.5562 ms - Host latency: 15.6987 ms (enqueue 4.32861 ms)
[10/04/2026-22:09:04] [I] Average on 1 runs - GPU latency: 15.5923 ms - Host latency: 15.7422 ms (enqueue 4.38867 ms)
[10/04/2026-22:09:04] [I] Average on 1 runs - GPU latency: 15.5781 ms - Host latency: 15.729 ms (enqueue 4.47656 ms)
[10/04/2026-22:09:04] [I] Average on 1 runs - GPU latency: 15.5854 ms - Host latency: 15.7271 ms (enqueue 4.27197 ms)
[10/04/2026-22:09:04] [I] Average on 1 runs - GPU latency: 15.5742 ms - Host latency: 15.7222 ms (enqueue 4.30518 ms)
[10/04/2026-22:09:04] [I] Average on 1 runs - GPU latency: 18.6309 ms - Host latency: 18.7705 ms (enqueue 4.27832 ms)
[10/04/2026-22:09:04] [I] Average on 1 runs - GPU latency: 20.439 ms - Host latency: 20.6182 ms (enqueue 4.28809 ms)
[10/04/2026-22:09:04] [I] Average on 1 runs - GPU latency: 20.4697 ms - Host latency: 20.6479 ms (enqueue 4.24316 ms)
[10/04/2026-22:09:04] [I] Average on 1 runs - GPU latency: 20.4668 ms - Host latency: 20.6489 ms (enqueue 4.28467 ms)
[10/04/2026-22:09:04] [I] Average on 1 runs - GPU latency: 20.4438 ms - Host latency: 20.6289 ms (enqueue 4.23975 ms)
[10/04/2026-22:09:04] [I] Average on 1 runs - GPU latency: 20.4595 ms - Host latency: 20.6631 ms (enqueue 4.37012 ms)
[10/04/2026-22:09:04] [I] Average on 1 runs - GPU latency: 20.4497 ms - Host latency: 20.6504 ms (enqueue 4.27246 ms)
[10/04/2026-22:09:04] [I] Average on 1 runs - GPU latency: 20.4502 ms - Host latency: 20.6533 ms (enqueue 4.36572 ms)
[10/04/2026-22:09:04] [I] Average on 1 runs - GPU latency: 20.4561 ms - Host latency: 20.6655 ms (enqueue 4.22119 ms)
[10/04/2026-22:09:04] [I] Average on 1 runs - GPU latency: 20.4531 ms - Host latency: 20.6548 ms (enqueue 4.41357 ms)
[10/04/2026-22:09:04] [I] Average on 1 runs - GPU latency: 20.4429 ms - Host latency: 20.6304 ms (enqueue 4.22217 ms)
[10/04/2026-22:09:04] [I] Average on 1 runs - GPU latency: 20.4619 ms - Host latency: 20.6611 ms (enqueue 4.40039 ms)
[10/04/2026-22:09:04] [I] Average on 1 runs - GPU latency: 20.478 ms - Host latency: 20.667 ms (enqueue 4.23535 ms)
[10/04/2026-22:09:04] [I] Average on 1 runs - GPU latency: 20.4556 ms - Host latency: 20.6377 ms (enqueue 4.28223 ms)
[10/04/2026-22:09:04] [I] Average on 1 runs - GPU latency: 20.4565 ms - Host latency: 20.6406 ms (enqueue 4.24365 ms)
[10/04/2026-22:09:04] [I] Average on 1 runs - GPU latency: 20.4478 ms - Host latency: 20.625 ms (enqueue 4.2959 ms)
[10/04/2026-22:09:04] [I] Average on 1 runs - GPU latency: 20.4419 ms - Host latency: 20.6191 ms (enqueue 4.25586 ms)
[10/04/2026-22:09:04] [I] Average on 1 runs - GPU latency: 20.439 ms - Host latency: 20.6255 ms (enqueue 4.28955 ms)
[10/04/2026-22:09:04] [I] Average on 1 runs - GPU latency: 20.4312 ms - Host latency: 20.6333 ms (enqueue 4.28955 ms)
[10/04/2026-22:09:04] [I] Average on 1 runs - GPU latency: 20.437 ms - Host latency: 20.6401 ms (enqueue 4.36963 ms)
[10/04/2026-22:09:04] [I] Average on 1 runs - GPU latency: 20.4556 ms - Host latency: 20.6455 ms (enqueue 4.23877 ms)
[10/04/2026-22:09:04] [I] Average on 1 runs - GPU latency: 20.457 ms - Host latency: 20.6582 ms (enqueue 4.36914 ms)
[10/04/2026-22:09:04] [I] Average on 1 runs - GPU latency: 20.4297 ms - Host latency: 20.6313 ms (enqueue 4.36719 ms)
[10/04/2026-22:09:04] [I] Average on 1 runs - GPU latency: 20.4585 ms - Host latency: 20.6729 ms (enqueue 4.3999 ms)
[10/04/2026-22:09:04] [I] Average on 1 runs - GPU latency: 20.4307 ms - Host latency: 20.6133 ms (enqueue 4.37158 ms)
[10/04/2026-22:09:04] [I] Average on 1 runs - GPU latency: 20.436 ms - Host latency: 20.623 ms (enqueue 4.29053 ms)
[10/04/2026-22:09:04] [I] Average on 1 runs - GPU latency: 20.4688 ms - Host latency: 20.6689 ms (enqueue 4.32275 ms)
[10/04/2026-22:09:04] [I] Average on 1 runs - GPU latency: 20.4355 ms - Host latency: 20.6396 ms (enqueue 4.38721 ms)
[10/04/2026-22:09:04] [I] Average on 1 runs - GPU latency: 20.4531 ms - Host latency: 20.6421 ms (enqueue 4.27295 ms)
[10/04/2026-22:09:04] [I] Average on 1 runs - GPU latency: 20.4873 ms - Host latency: 20.6729 ms (enqueue 4.29395 ms)
[10/04/2026-22:09:04] [I] Average on 1 runs - GPU latency: 20.4575 ms - Host latency: 20.6387 ms (enqueue 4.19824 ms)
[10/04/2026-22:09:04] [I] Average on 1 runs - GPU latency: 20.4341 ms - Host latency: 20.6216 ms (enqueue 4.2959 ms)
[10/04/2026-22:09:04] [I] Average on 1 runs - GPU latency: 20.4399 ms - Host latency: 20.626 ms (enqueue 4.23535 ms)
[10/04/2026-22:09:04] [I] Average on 1 runs - GPU latency: 20.4565 ms - Host latency: 20.6357 ms (enqueue 4.3501 ms)
[10/04/2026-22:09:04] [I] Average on 1 runs - GPU latency: 20.4521 ms - Host latency: 20.6318 ms (enqueue 4.27246 ms)
[10/04/2026-22:09:04] [I] Average on 1 runs - GPU latency: 20.4653 ms - Host latency: 20.6509 ms (enqueue 4.34814 ms)
[10/04/2026-22:09:04] [I] Average on 1 runs - GPU latency: 20.4336 ms - Host latency: 20.6221 ms (enqueue 4.26367 ms)
[10/04/2026-22:09:04] [I] Average on 1 runs - GPU latency: 20.4424 ms - Host latency: 20.6733 ms (enqueue 4.32812 ms)
[10/04/2026-22:09:04] [I] Average on 1 runs - GPU latency: 20.4585 ms - Host latency: 20.6592 ms (enqueue 4.29883 ms)
[10/04/2026-22:09:04] [I] Average on 1 runs - GPU latency: 20.4546 ms - Host latency: 20.6367 ms (enqueue 4.31934 ms)
[10/04/2026-22:09:04] [I] Average on 1 runs - GPU latency: 20.4546 ms - Host latency: 20.6558 ms (enqueue 4.39355 ms)
[10/04/2026-22:09:04] [I] Average on 1 runs - GPU latency: 20.4409 ms - Host latency: 20.645 ms (enqueue 4.33545 ms)
[10/04/2026-22:09:04] [I] Average on 1 runs - GPU latency: 20.46 ms - Host latency: 20.644 ms (enqueue 4.19238 ms)
[10/04/2026-22:09:04] [I] Average on 1 runs - GPU latency: 20.4443 ms - Host latency: 20.647 ms (enqueue 4.3418 ms)
[10/04/2026-22:09:04] [I] Average on 1 runs - GPU latency: 20.4727 ms - Host latency: 20.6631 ms (enqueue 4.19775 ms)
[10/04/2026-22:09:04] [I] Average on 1 runs - GPU latency: 20.4785 ms - Host latency: 20.6646 ms (enqueue 4.2627 ms)
[10/04/2026-22:09:04] [I] Average on 1 runs - GPU latency: 20.4429 ms - Host latency: 20.6436 ms (enqueue 4.31445 ms)
[10/04/2026-22:09:04] [I] Average on 1 runs - GPU latency: 20.4805 ms - Host latency: 20.6602 ms (enqueue 4.43408 ms)
[10/04/2026-22:09:04] [I] Average on 1 runs - GPU latency: 20.4326 ms - Host latency: 20.6353 ms (enqueue 4.32617 ms)
[10/04/2026-22:09:04] [I] Average on 1 runs - GPU latency: 20.4697 ms - Host latency: 20.6758 ms (enqueue 4.56543 ms)
[10/04/2026-22:09:04] [I] Average on 1 runs - GPU latency: 20.4458 ms - Host latency: 20.6377 ms (enqueue 4.33057 ms)
[10/04/2026-22:09:04] [I] Average on 1 runs - GPU latency: 20.4561 ms - Host latency: 20.6514 ms (enqueue 4.33154 ms)
[10/04/2026-22:09:04] [I] Average on 1 runs - GPU latency: 20.457 ms - Host latency: 20.6465 ms (enqueue 4.29443 ms)
[10/04/2026-22:09:04] [I] Average on 1 runs - GPU latency: 20.4536 ms - Host latency: 20.6362 ms (enqueue 4.28271 ms)
[10/04/2026-22:09:04] [I] Average on 1 runs - GPU latency: 20.457 ms - Host latency: 20.6353 ms (enqueue 4.20605 ms)
[10/04/2026-22:09:04] [I] Average on 1 runs - GPU latency: 20.4814 ms - Host latency: 20.6626 ms (enqueue 4.27393 ms)
[10/04/2026-22:09:04] [I] Average on 1 runs - GPU latency: 20.4531 ms - Host latency: 20.6392 ms (enqueue 4.27295 ms)
[10/04/2026-22:09:04] [I] Average on 1 runs - GPU latency: 20.4556 ms - Host latency: 20.6577 ms (enqueue 4.4209 ms)
[10/04/2026-22:09:04] [I] Average on 1 runs - GPU latency: 20.4287 ms - Host latency: 20.6162 ms (enqueue 4.2168 ms)
[10/04/2026-22:09:04] [I] Average on 1 runs - GPU latency: 20.4741 ms - Host latency: 20.6577 ms (enqueue 4.35303 ms)
[10/04/2026-22:09:04] [I] Average on 1 runs - GPU latency: 20.4678 ms - Host latency: 20.6558 ms (enqueue 4.29688 ms)
[10/04/2026-22:09:04] [I] Average on 1 runs - GPU latency: 20.4746 ms - Host latency: 20.6602 ms (enqueue 4.25439 ms)
[10/04/2026-22:09:04] [I] Average on 1 runs - GPU latency: 20.4507 ms - Host latency: 20.6318 ms (enqueue 4.23926 ms)
[10/04/2026-22:09:04] [I] Average on 1 runs - GPU latency: 20.4526 ms - Host latency: 20.6328 ms (enqueue 4.3252 ms)
[10/04/2026-22:09:04] [I] Average on 1 runs - GPU latency: 20.4663 ms - Host latency: 20.646 ms (enqueue 4.33594 ms)
[10/04/2026-22:09:04] [I] Average on 1 runs - GPU latency: 20.4624 ms - Host latency: 20.6411 ms (enqueue 4.26514 ms)
[10/04/2026-22:09:04] [I] Average on 1 runs - GPU latency: 20.4351 ms - Host latency: 20.6216 ms (enqueue 4.26367 ms)
[10/04/2026-22:09:04] [I] Average on 1 runs - GPU latency: 20.4536 ms - Host latency: 20.6304 ms (enqueue 4.36523 ms)
[10/04/2026-22:09:04] [I] Average on 1 runs - GPU latency: 20.4688 ms - Host latency: 20.6587 ms (enqueue 4.27637 ms)
[10/04/2026-22:09:04] [I] Average on 1 runs - GPU latency: 20.4414 ms - Host latency: 20.6235 ms (enqueue 4.29102 ms)
[10/04/2026-22:09:04] [I] Average on 1 runs - GPU latency: 20.4741 ms - Host latency: 20.6587 ms (enqueue 4.25635 ms)
[10/04/2026-22:09:04] [I] Average on 1 runs - GPU latency: 20.436 ms - Host latency: 20.6172 ms (enqueue 4.28516 ms)
[10/04/2026-22:09:04] [I] Average on 1 runs - GPU latency: 20.4443 ms - Host latency: 20.6465 ms (enqueue 4.37598 ms)
[10/04/2026-22:09:04] [I] Average on 1 runs - GPU latency: 20.4639 ms - Host latency: 20.666 ms (enqueue 4.38086 ms)
[10/04/2026-22:09:04] [I] Average on 1 runs - GPU latency: 20.4287 ms - Host latency: 20.6064 ms (enqueue 4.20605 ms)
[10/04/2026-22:09:04] [I] Average on 1 runs - GPU latency: 20.436 ms - Host latency: 20.6372 ms (enqueue 4.35352 ms)
[10/04/2026-22:09:04] [I] Average on 1 runs - GPU latency: 20.48 ms - Host latency: 20.686 ms (enqueue 4.79297 ms)
[10/04/2026-22:09:04] [I] Average on 1 runs - GPU latency: 20.4697 ms - Host latency: 20.6523 ms (enqueue 4.36133 ms)
[10/04/2026-22:09:04] [I] Average on 1 runs - GPU latency: 20.4683 ms - Host latency: 20.6733 ms (enqueue 4.25732 ms)
[10/04/2026-22:09:04] [I] Average on 1 runs - GPU latency: 20.4375 ms - Host latency: 20.6279 ms (enqueue 4.26562 ms)
[10/04/2026-22:09:04] [I] Average on 1 runs - GPU latency: 20.438 ms - Host latency: 20.625 ms (enqueue 4.30566 ms)
[10/04/2026-22:09:04] [I] Average on 1 runs - GPU latency: 20.4834 ms - Host latency: 20.6714 ms (enqueue 4.25586 ms)
[10/04/2026-22:09:04] [I] Average on 1 runs - GPU latency: 20.437 ms - Host latency: 20.6431 ms (enqueue 4.29443 ms)
[10/04/2026-22:09:04] [I] Average on 1 runs - GPU latency: 20.4385 ms - Host latency: 20.6221 ms (enqueue 4.25439 ms)
[10/04/2026-22:09:04] [I] Average on 1 runs - GPU latency: 20.458 ms - Host latency: 20.6494 ms (enqueue 4.23389 ms)
[10/04/2026-22:09:04] [I] Average on 1 runs - GPU latency: 20.4668 ms - Host latency: 20.6743 ms (enqueue 4.38037 ms)
[10/04/2026-22:09:04] [I] Average on 1 runs - GPU latency: 20.4712 ms - Host latency: 20.6519 ms (enqueue 4.14258 ms)
[10/04/2026-22:09:04] [I] Average on 1 runs - GPU latency: 20.4766 ms - Host latency: 20.667 ms (enqueue 4.25635 ms)
[10/04/2026-22:09:04] [I] Average on 1 runs - GPU latency: 20.46 ms - Host latency: 20.6387 ms (enqueue 4.29053 ms)
[10/04/2026-22:09:04] [I] Average on 1 runs - GPU latency: 20.4521 ms - Host latency: 20.6382 ms (enqueue 4.19092 ms)
[10/04/2026-22:09:04] [I] Average on 1 runs - GPU latency: 20.4458 ms - Host latency: 20.6519 ms (enqueue 4.3335 ms)
[10/04/2026-22:09:04] [I] Average on 1 runs - GPU latency: 20.4478 ms - Host latency: 20.6333 ms (enqueue 4.33252 ms)
[10/04/2026-22:09:04] [I] Average on 1 runs - GPU latency: 20.4688 ms - Host latency: 20.6792 ms (enqueue 4.2207 ms)
[10/04/2026-22:09:04] [I] Average on 1 runs - GPU latency: 20.457 ms - Host latency: 20.6626 ms (enqueue 4.39307 ms)
[10/04/2026-22:09:04] [I] Average on 1 runs - GPU latency: 20.4785 ms - Host latency: 20.6807 ms (enqueue 4.31592 ms)
[10/04/2026-22:09:04] [I] Average on 1 runs - GPU latency: 20.4707 ms - Host latency: 20.6592 ms (enqueue 4.23242 ms)
[10/04/2026-22:09:04] [I] Average on 1 runs - GPU latency: 20.4453 ms - Host latency: 20.6465 ms (enqueue 4.30176 ms)
[10/04/2026-22:09:04] [I] Average on 1 runs - GPU latency: 20.4609 ms - Host latency: 20.6504 ms (enqueue 4.27441 ms)
[10/04/2026-22:09:04] [I] Average on 1 runs - GPU latency: 20.4326 ms - Host latency: 20.6387 ms (enqueue 4.22949 ms)
[10/04/2026-22:09:04] [I] Average on 1 runs - GPU latency: 20.4619 ms - Host latency: 20.6504 ms (enqueue 4.21875 ms)
[10/04/2026-22:09:04] [I] Average on 1 runs - GPU latency: 20.4561 ms - Host latency: 20.6465 ms (enqueue 4.2168 ms)
[10/04/2026-22:09:04] [I] Average on 1 runs - GPU latency: 20.501 ms - Host latency: 20.7041 ms (enqueue 4.46875 ms)
[10/04/2026-22:09:04] [I] Average on 1 runs - GPU latency: 20.4336 ms - Host latency: 20.6357 ms (enqueue 4.26172 ms)
[10/04/2026-22:09:04] [I] Average on 1 runs - GPU latency: 20.4668 ms - Host latency: 20.6689 ms (enqueue 4.59668 ms)
[10/04/2026-22:09:04] [I] Average on 1 runs - GPU latency: 20.4482 ms - Host latency: 20.6377 ms (enqueue 4.28418 ms)
[10/04/2026-22:09:04] [I] Average on 1 runs - GPU latency: 20.4473 ms - Host latency: 20.6357 ms (enqueue 4.25293 ms)
[10/04/2026-22:09:04] [I] Average on 1 runs - GPU latency: 20.4492 ms - Host latency: 20.6377 ms (enqueue 4.19531 ms)
[10/04/2026-22:09:04] [I] Average on 1 runs - GPU latency: 20.4365 ms - Host latency: 20.625 ms (enqueue 4.27051 ms)
[10/04/2026-22:09:04] [I] Average on 1 runs - GPU latency: 20.4521 ms - Host latency: 20.6416 ms (enqueue 4.24805 ms)
[10/04/2026-22:09:04] [I] Average on 1 runs - GPU latency: 20.457 ms - Host latency: 20.6377 ms (enqueue 4.2168 ms)
[10/04/2026-22:09:04] [I] Average on 1 runs - GPU latency: 20.4521 ms - Host latency: 20.6582 ms (enqueue 4.2832 ms)
[10/04/2026-22:09:04] [I] Average on 1 runs - GPU latency: 20.4551 ms - Host latency: 20.6426 ms (enqueue 4.27832 ms)
[10/04/2026-22:09:04] [I] Average on 1 runs - GPU latency: 20.4453 ms - Host latency: 20.6514 ms (enqueue 4.3916 ms)
[10/04/2026-22:09:04] [I] Average on 1 runs - GPU latency: 20.4316 ms - Host latency: 20.6191 ms (enqueue 4.18555 ms)
[10/04/2026-22:09:04] [I] Average on 1 runs - GPU latency: 20.4678 ms - Host latency: 20.6719 ms (enqueue 4.29492 ms)
[10/04/2026-22:09:04] [I] Average on 1 runs - GPU latency: 20.4521 ms - Host latency: 20.6553 ms (enqueue 4.37207 ms)
[10/04/2026-22:09:04] [I] Average on 1 runs - GPU latency: 20.4424 ms - Host latency: 20.6299 ms (enqueue 4.20703 ms)
[10/04/2026-22:09:04] [I] Average on 1 runs - GPU latency: 20.458 ms - Host latency: 20.665 ms (enqueue 4.35645 ms)
[10/04/2026-22:09:04] [I] Average on 1 runs - GPU latency: 20.46 ms - Host latency: 20.666 ms (enqueue 4.36133 ms)
[10/04/2026-22:09:04] [I] Average on 1 runs - GPU latency: 20.4424 ms - Host latency: 20.6299 ms (enqueue 4.25977 ms)
[10/04/2026-22:09:04] [I] Average on 1 runs - GPU latency: 20.4492 ms - Host latency: 20.6553 ms (enqueue 4.36328 ms)
[10/04/2026-22:09:04] [I] Average on 1 runs - GPU latency: 20.4639 ms - Host latency: 20.6523 ms (enqueue 4.18164 ms)
[10/04/2026-22:09:04] [I] Average on 1 runs - GPU latency: 20.4414 ms - Host latency: 20.6455 ms (enqueue 4.3418 ms)
[10/04/2026-22:09:04] [I] Average on 1 runs - GPU latency: 20.4639 ms - Host latency: 20.665 ms (enqueue 4.31934 ms)
[10/04/2026-22:09:04] [I] Average on 1 runs - GPU latency: 20.4619 ms - Host latency: 20.6504 ms (enqueue 4.23242 ms)
[10/04/2026-22:09:04] [I] Average on 1 runs - GPU latency: 20.4707 ms - Host latency: 20.6758 ms (enqueue 4.33496 ms)
[10/04/2026-22:09:04] [I] Average on 1 runs - GPU latency: 20.457 ms - Host latency: 20.6396 ms (enqueue 4.14062 ms)
[10/04/2026-22:09:04] [I] Average on 1 runs - GPU latency: 20.4287 ms - Host latency: 20.6172 ms (enqueue 4.24414 ms)
[10/04/2026-22:09:04] [I] Average on 1 runs - GPU latency: 20.4561 ms - Host latency: 20.6377 ms (enqueue 4.24902 ms)
[10/04/2026-22:09:04] [I] Average on 1 runs - GPU latency: 20.4521 ms - Host latency: 20.6406 ms (enqueue 4.30469 ms)
[10/04/2026-22:09:04] [I] Average on 1 runs - GPU latency: 20.4824 ms - Host latency: 20.6777 ms (enqueue 4.51758 ms)
[10/04/2026-22:09:04] [I] Average on 1 runs - GPU latency: 20.4551 ms - Host latency: 20.6387 ms (enqueue 4.30078 ms)
[10/04/2026-22:09:04] [I] Average on 1 runs - GPU latency: 20.4805 ms - Host latency: 20.6689 ms (enqueue 4.24805 ms)
[10/04/2026-22:09:04] [I] Average on 1 runs - GPU latency: 20.4307 ms - Host latency: 20.6074 ms (enqueue 4.21582 ms)
[10/04/2026-22:09:04] [I] Average on 1 runs - GPU latency: 20.4424 ms - Host latency: 20.6455 ms (enqueue 4.24121 ms)
[10/04/2026-22:09:04] [I] Average on 1 runs - GPU latency: 20.458 ms - Host latency: 20.6582 ms (enqueue 4.30176 ms)
[10/04/2026-22:09:04] [I] Average on 1 runs - GPU latency: 20.4658 ms - Host latency: 20.6709 ms (enqueue 4.30957 ms)
[10/04/2026-22:09:04] [I] Average on 1 runs - GPU latency: 20.458 ms - Host latency: 20.6465 ms (enqueue 4.19238 ms)
[10/04/2026-22:09:04] [I] Average on 1 runs - GPU latency: 20.4678 ms - Host latency: 20.6709 ms (enqueue 4.30566 ms)
[10/04/2026-22:09:04] [I] Average on 1 runs - GPU latency: 20.4639 ms - Host latency: 20.668 ms (enqueue 4.39551 ms)
[10/04/2026-22:09:04] [I] Average on 1 runs - GPU latency: 20.4443 ms - Host latency: 20.6348 ms (enqueue 4.24805 ms)
[10/04/2026-22:09:04] [I] Average on 1 runs - GPU latency: 20.4746 ms - Host latency: 20.6816 ms (enqueue 4.41211 ms)
[10/04/2026-22:09:04] [I] Average on 1 runs - GPU latency: 20.4561 ms - Host latency: 20.6582 ms (enqueue 4.43066 ms)
[10/04/2026-22:09:04] [I] Average on 1 runs - GPU latency: 20.4551 ms - Host latency: 20.6611 ms (enqueue 4.40234 ms)
[10/04/2026-22:09:04] [I] Average on 1 runs - GPU latency: 20.4453 ms - Host latency: 20.6309 ms (enqueue 4.24512 ms)
[10/04/2026-22:09:04] [I] Average on 1 runs - GPU latency: 20.4385 ms - Host latency: 20.6445 ms (enqueue 4.37109 ms)
[10/04/2026-22:09:04] [I] Average on 1 runs - GPU latency: 20.4502 ms - Host latency: 20.6318 ms (enqueue 4.30273 ms)
[10/04/2026-22:09:04] [I] Average on 1 runs - GPU latency: 20.4453 ms - Host latency: 20.6494 ms (enqueue 4.22656 ms)
[10/04/2026-22:09:04] [I] Average on 1 runs - GPU latency: 20.4453 ms - Host latency: 20.6445 ms (enqueue 4.35352 ms)
[10/04/2026-22:09:04] [I] Average on 1 runs - GPU latency: 20.4424 ms - Host latency: 20.6436 ms (enqueue 4.39062 ms)
[10/04/2026-22:09:04] [I] Average on 1 runs - GPU latency: 20.4893 ms - Host latency: 20.6943 ms (enqueue 4.34375 ms)
[10/04/2026-22:09:04] [I] Average on 1 runs - GPU latency: 20.4473 ms - Host latency: 20.6318 ms (enqueue 4.28906 ms)
[10/04/2026-22:09:04] [I] Average on 1 runs - GPU latency: 20.4443 ms - Host latency: 20.6445 ms (enqueue 4.30566 ms)
[10/04/2026-22:09:04] [I] Average on 1 runs - GPU latency: 20.4375 ms - Host latency: 20.6182 ms (enqueue 4.25781 ms)
[10/04/2026-22:09:04] [I] Average on 1 runs - GPU latency: 20.4863 ms - Host latency: 20.6904 ms (enqueue 4.22461 ms)
[10/04/2026-22:09:04] [I] Average on 1 runs - GPU latency: 20.46 ms - Host latency: 20.6377 ms (enqueue 4.27051 ms)
[10/04/2026-22:09:04] [I] ... Omitting 2 lines
[10/04/2026-22:09:04] [I] Average on 1 runs - GPU latency: 20.4424 ms - Host latency: 20.6475 ms (enqueue 4.44531 ms)
[10/04/2026-22:09:04] [I] Average on 1 runs - GPU latency: 20.4629 ms - Host latency: 20.6641 ms (enqueue 4.34082 ms)
[10/04/2026-22:09:04] [I] Average on 1 runs - GPU latency: 20.458 ms - Host latency: 20.6641 ms (enqueue 4.38477 ms)
[10/04/2026-22:09:04] [I] Average on 1 runs - GPU latency: 20.4648 ms - Host latency: 20.6699 ms (enqueue 4.38281 ms)
[10/04/2026-22:09:04] [I] Average on 1 runs - GPU latency: 20.46 ms - Host latency: 20.6885 ms (enqueue 4.22852 ms)
[10/04/2026-22:09:04] [I] Average on 1 runs - GPU latency: 20.4326 ms - Host latency: 20.6094 ms (enqueue 4.31738 ms)
[10/04/2026-22:09:04] [I] Average on 1 runs - GPU latency: 20.4795 ms - Host latency: 20.6826 ms (enqueue 4.33398 ms)
[10/04/2026-22:09:04] [I] Average on 1 runs - GPU latency: 20.4512 ms - Host latency: 20.6562 ms (enqueue 4.38379 ms)
[10/04/2026-22:09:04] [I] Average on 1 runs - GPU latency: 20.4482 ms - Host latency: 20.6514 ms (enqueue 4.3623 ms)
[10/04/2026-22:09:04] [I] Average on 1 runs - GPU latency: 20.4404 ms - Host latency: 20.6445 ms (enqueue 4.39062 ms)
[10/04/2026-22:09:04] [I] Average on 1 runs - GPU latency: 20.4697 ms - Host latency: 20.6533 ms (enqueue 4.25586 ms)
[10/04/2026-22:09:04] [I] Average on 1 runs - GPU latency: 20.4336 ms - Host latency: 20.6172 ms (enqueue 4.33789 ms)
[10/04/2026-22:09:04] [I] Average on 1 runs - GPU latency: 20.4531 ms - Host latency: 20.6299 ms (enqueue 4.29492 ms)
[10/04/2026-22:09:04] [I] Average on 1 runs - GPU latency: 20.4697 ms - Host latency: 20.6465 ms (enqueue 4.29297 ms)
[10/04/2026-22:09:04] [I] Average on 1 runs - GPU latency: 20.4473 ms - Host latency: 20.6328 ms (enqueue 4.30371 ms)
[10/04/2026-22:09:04] [I] Average on 1 runs - GPU latency: 20.4355 ms - Host latency: 20.6377 ms (enqueue 4.38574 ms)
[10/04/2026-22:09:04] [I] Average on 1 runs - GPU latency: 20.4482 ms - Host latency: 20.6543 ms (enqueue 4.38477 ms)
[10/04/2026-22:09:04] [I] Average on 1 runs - GPU latency: 20.4434 ms - Host latency: 20.6211 ms (enqueue 4.26562 ms)
[10/04/2026-22:09:04] [I] Average on 1 runs - GPU latency: 20.457 ms - Host latency: 20.6621 ms (enqueue 4.26953 ms)
[10/04/2026-22:09:04] [I] Average on 1 runs - GPU latency: 20.4541 ms - Host latency: 20.6582 ms (enqueue 4.41699 ms)
[10/04/2026-22:09:04] [I] Average on 1 runs - GPU latency: 20.4395 ms - Host latency: 20.6436 ms (enqueue 4.33984 ms)
[10/04/2026-22:09:04] [I] Average on 1 runs - GPU latency: 20.4297 ms - Host latency: 20.6113 ms (enqueue 4.25684 ms)
[10/04/2026-22:09:04] [I] Average on 1 runs - GPU latency: 20.4395 ms - Host latency: 20.6455 ms (enqueue 4.33984 ms)
[10/04/2026-22:09:04] [I] Average on 1 runs - GPU latency: 20.4248 ms - Host latency: 20.6094 ms (enqueue 4.31055 ms)
[10/04/2026-22:09:04] [I] Average on 1 runs - GPU latency: 20.4414 ms - Host latency: 20.6465 ms (enqueue 4.35742 ms)
[10/04/2026-22:09:04] [I] Average on 1 runs - GPU latency: 20.4336 ms - Host latency: 20.6377 ms (enqueue 4.35742 ms)
[10/04/2026-22:09:04] [I] Average on 1 runs - GPU latency: 20.4277 ms - Host latency: 20.6133 ms (enqueue 4.3291 ms)
[10/04/2026-22:09:04] [I] Average on 1 runs - GPU latency: 20.4404 ms - Host latency: 20.6445 ms (enqueue 4.41406 ms)
[10/04/2026-22:09:04] [I] Average on 1 runs - GPU latency: 20.4355 ms - Host latency: 20.6338 ms (enqueue 4.46484 ms)
[10/04/2026-22:09:04] [I] Average on 1 runs - GPU latency: 20.4434 ms - Host latency: 20.6279 ms (enqueue 4.26074 ms)
[10/04/2026-22:09:04] [I] Average on 1 runs - GPU latency: 20.4707 ms - Host latency: 20.6582 ms (enqueue 4.24707 ms)
[10/04/2026-22:09:04] [I] Average on 1 runs - GPU latency: 20.46 ms - Host latency: 20.6631 ms (enqueue 4.36133 ms)
[10/04/2026-22:09:04] [I] Average on 1 runs - GPU latency: 20.4326 ms - Host latency: 20.6641 ms (enqueue 4.31055 ms)
[10/04/2026-22:09:04] [I] Average on 1 runs - GPU latency: 20.4658 ms - Host latency: 20.6465 ms (enqueue 4.22461 ms)
[10/04/2026-22:09:04] [I] Average on 1 runs - GPU latency: 20.4092 ms - Host latency: 20.6113 ms (enqueue 4.31641 ms)
[10/04/2026-22:09:04] [I] Average on 1 runs - GPU latency: 20.4883 ms - Host latency: 20.668 ms (enqueue 4.27734 ms)
[10/04/2026-22:09:04] [I] Average on 1 runs - GPU latency: 20.4492 ms - Host latency: 20.6543 ms (enqueue 4.40723 ms)
[10/04/2026-22:09:04] [I] Average on 1 runs - GPU latency: 20.4609 ms - Host latency: 20.665 ms (enqueue 4.32031 ms)
[10/04/2026-22:09:04] [I] Average on 1 runs - GPU latency: 20.4551 ms - Host latency: 20.6416 ms (enqueue 4.20117 ms)
[10/04/2026-22:09:04] [I] Average on 1 runs - GPU latency: 20.4453 ms - Host latency: 20.6299 ms (enqueue 4.27246 ms)
[10/04/2026-22:09:04] [I] Average on 1 runs - GPU latency: 20.4453 ms - Host latency: 20.6309 ms (enqueue 4.34668 ms)
[10/04/2026-22:09:04] [I] Average on 1 runs - GPU latency: 20.4648 ms - Host latency: 20.6406 ms (enqueue 4.30176 ms)
[10/04/2026-22:09:04] [I] Average on 1 runs - GPU latency: 20.4775 ms - Host latency: 20.6816 ms (enqueue 4.30469 ms)
[10/04/2026-22:09:04] [I] Average on 1 runs - GPU latency: 20.46 ms - Host latency: 20.6641 ms (enqueue 4.37598 ms)
[10/04/2026-22:09:04] [I] Average on 1 runs - GPU latency: 20.4619 ms - Host latency: 20.6475 ms (enqueue 4.27637 ms)
[10/04/2026-22:09:04] [I] Average on 1 runs - GPU latency: 20.4482 ms - Host latency: 20.6289 ms (enqueue 4.30371 ms)
[10/04/2026-22:09:04] [I] Average on 1 runs - GPU latency: 20.4697 ms - Host latency: 20.668 ms (enqueue 4.28613 ms)
[10/04/2026-22:09:04] [I] Average on 1 runs - GPU latency: 20.4883 ms - Host latency: 20.6934 ms (enqueue 4.33887 ms)
[10/04/2026-22:09:04] [I] Average on 1 runs - GPU latency: 20.4619 ms - Host latency: 20.6455 ms (enqueue 4.25488 ms)
[10/04/2026-22:09:04] [I] Average on 1 runs - GPU latency: 20.4609 ms - Host latency: 20.666 ms (enqueue 4.3584 ms)
[10/04/2026-22:09:04] [I] Average on 1 runs - GPU latency: 20.4443 ms - Host latency: 20.6455 ms (enqueue 4.23828 ms)
[10/04/2026-22:09:04] [I] Average on 1 runs - GPU latency: 20.4551 ms - Host latency: 20.6621 ms (enqueue 4.3457 ms)
[10/04/2026-22:09:04] [I] Average on 1 runs - GPU latency: 20.458 ms - Host latency: 20.6855 ms (enqueue 4.46387 ms)
[10/04/2026-22:09:04] [I] Average on 1 runs - GPU latency: 20.4111 ms - Host latency: 20.5977 ms (enqueue 4.28027 ms)
[10/04/2026-22:09:04] [I] Average on 1 runs - GPU latency: 20.4619 ms - Host latency: 20.6396 ms (enqueue 4.19238 ms)
[10/04/2026-22:09:04] [I] Average on 1 runs - GPU latency: 20.4883 ms - Host latency: 20.6943 ms (enqueue 4.40332 ms)
[10/04/2026-22:09:04] [I] Average on 1 runs - GPU latency: 20.4297 ms - Host latency: 20.6318 ms (enqueue 4.38184 ms)
[10/04/2026-22:09:04] [I] Average on 1 runs - GPU latency: 20.4355 ms - Host latency: 20.6133 ms (enqueue 4.26562 ms)
[10/04/2026-22:09:04] [I] Average on 1 runs - GPU latency: 20.4502 ms - Host latency: 20.6553 ms (enqueue 4.2627 ms)
[10/04/2026-22:09:04] [I] Average on 1 runs - GPU latency: 20.4434 ms - Host latency: 20.623 ms (enqueue 4.26367 ms)
[10/04/2026-22:09:04] [I] Average on 1 runs - GPU latency: 20.4736 ms - Host latency: 20.6768 ms (enqueue 4.35156 ms)
[10/04/2026-22:09:04] [I] Average on 1 runs - GPU latency: 20.4248 ms - Host latency: 20.626 ms (enqueue 4.36816 ms)
[10/04/2026-22:09:04] [I] Average on 1 runs - GPU latency: 20.457 ms - Host latency: 20.6406 ms (enqueue 4.18457 ms)
[10/04/2026-22:09:04] [I] Average on 1 runs - GPU latency: 20.4648 ms - Host latency: 20.6709 ms (enqueue 4.38184 ms)
[10/04/2026-22:09:04] [I] Average on 1 runs - GPU latency: 20.4521 ms - Host latency: 20.6328 ms (enqueue 4.27246 ms)
[10/04/2026-22:09:04] [I] Average on 1 runs - GPU latency: 20.4727 ms - Host latency: 20.6523 ms (enqueue 4.25098 ms)
[10/04/2026-22:09:04] [I] Average on 1 runs - GPU latency: 20.4648 ms - Host latency: 20.6406 ms (enqueue 4.11719 ms)
[10/04/2026-22:09:04] [I] Average on 1 runs - GPU latency: 20.4639 ms - Host latency: 20.6426 ms (enqueue 4.22949 ms)
[10/04/2026-22:09:04] [I] Average on 1 runs - GPU latency: 20.4385 ms - Host latency: 20.6152 ms (enqueue 4.31836 ms)
[10/04/2026-22:09:04] [I] Average on 1 runs - GPU latency: 20.4697 ms - Host latency: 20.6494 ms (enqueue 4.28809 ms)
[10/04/2026-22:09:04] [I] Average on 1 runs - GPU latency: 20.4355 ms - Host latency: 20.6377 ms (enqueue 4.23633 ms)
[10/04/2026-22:09:04] [I] Average on 1 runs - GPU latency: 20.4678 ms - Host latency: 20.6475 ms (enqueue 4.25195 ms)
[10/04/2026-22:09:04] [I] Average on 1 runs - GPU latency: 20.4531 ms - Host latency: 20.6562 ms (enqueue 4.31641 ms)
[10/04/2026-22:09:04] [I] Average on 1 runs - GPU latency: 20.4629 ms - Host latency: 20.6865 ms (enqueue 4.40918 ms)
[10/04/2026-22:09:04] [I] Average on 1 runs - GPU latency: 20.4482 ms - Host latency: 20.6328 ms (enqueue 4.18652 ms)
[10/04/2026-22:09:04] [I] Average on 1 runs - GPU latency: 20.4727 ms - Host latency: 20.6758 ms (enqueue 4.35547 ms)
[10/04/2026-22:09:04] [I] Average on 1 runs - GPU latency: 20.4521 ms - Host latency: 20.6318 ms (enqueue 4.31348 ms)
[10/04/2026-22:09:04] [I] Average on 1 runs - GPU latency: 20.457 ms - Host latency: 20.6602 ms (enqueue 4.33008 ms)
[10/04/2026-22:09:04] [I] Average on 1 runs - GPU latency: 20.416 ms - Host latency: 20.6006 ms (enqueue 4.19141 ms)
[10/04/2026-22:09:04] [I] Average on 1 runs - GPU latency: 20.46 ms - Host latency: 20.6631 ms (enqueue 4.33203 ms)
[10/04/2026-22:09:04] [I] Average on 1 runs - GPU latency: 20.4531 ms - Host latency: 20.6572 ms (enqueue 4.32324 ms)
[10/04/2026-22:09:04] [I] Average on 1 runs - GPU latency: 20.4541 ms - Host latency: 20.6387 ms (enqueue 4.2373 ms)
[10/04/2026-22:09:04] [I] Average on 1 runs - GPU latency: 20.4434 ms - Host latency: 20.6406 ms (enqueue 4.29688 ms)
[10/04/2026-22:09:04] [I] Average on 1 runs - GPU latency: 20.4639 ms - Host latency: 20.6426 ms (enqueue 4.25879 ms)
[10/04/2026-22:09:04] [I] Average on 1 runs - GPU latency: 20.4414 ms - Host latency: 20.6445 ms (enqueue 4.36035 ms)
[10/04/2026-22:09:04] [I] Average on 1 runs - GPU latency: 20.4277 ms - Host latency: 20.6064 ms (enqueue 4.26758 ms)
[10/04/2026-22:09:04] [I] Average on 1 runs - GPU latency: 20.4551 ms - Host latency: 20.6572 ms (enqueue 4.36328 ms)
[10/04/2026-22:09:04] [I] Average on 1 runs - GPU latency: 20.4287 ms - Host latency: 20.6543 ms (enqueue 4.33887 ms)
[10/04/2026-22:09:04] [I] Average on 1 runs - GPU latency: 20.458 ms - Host latency: 20.6377 ms (enqueue 4.24707 ms)
[10/04/2026-22:09:04] [I] Average on 1 runs - GPU latency: 20.4814 ms - Host latency: 20.6875 ms (enqueue 4.36133 ms)
[10/04/2026-22:09:04] [I] Average on 1 runs - GPU latency: 20.459 ms - Host latency: 20.6416 ms (enqueue 4.1875 ms)
[10/04/2026-22:09:04] [I] Average on 1 runs - GPU latency: 20.4678 ms - Host latency: 20.6729 ms (enqueue 4.2959 ms)
[10/04/2026-22:09:04] [I] Average on 1 runs - GPU latency: 20.4727 ms - Host latency: 20.6592 ms (enqueue 4.23145 ms)
[10/04/2026-22:09:04] [I] Average on 1 runs - GPU latency: 20.4746 ms - Host latency: 20.6816 ms (enqueue 4.32031 ms)
[10/04/2026-22:09:04] [I] Average on 1 runs - GPU latency: 20.4658 ms - Host latency: 20.6533 ms (enqueue 4.16309 ms)
[10/04/2026-22:09:04] [I] Average on 1 runs - GPU latency: 20.4502 ms - Host latency: 20.6318 ms (enqueue 4.33691 ms)
[10/04/2026-22:09:04] [I] Average on 1 runs - GPU latency: 20.4424 ms - Host latency: 20.624 ms (enqueue 4.3125 ms)
[10/04/2026-22:09:04] [I] Average on 1 runs - GPU latency: 20.4434 ms - Host latency: 20.6484 ms (enqueue 4.3623 ms)
[10/04/2026-22:09:04] [I] Average on 1 runs - GPU latency: 20.4385 ms - Host latency: 20.6416 ms (enqueue 4.29785 ms)
[10/04/2026-22:09:04] [I] Average on 1 runs - GPU latency: 20.4678 ms - Host latency: 20.6523 ms (enqueue 4.29688 ms)
[10/04/2026-22:09:04] [I] Average on 1 runs - GPU latency: 20.4619 ms - Host latency: 20.6377 ms (enqueue 4.33398 ms)
[10/04/2026-22:09:04] [I] Average on 1 runs - GPU latency: 20.4502 ms - Host latency: 20.6787 ms (enqueue 4.35645 ms)
[10/04/2026-22:09:04] [I] Average on 1 runs - GPU latency: 20.4365 ms - Host latency: 20.6396 ms (enqueue 4.35156 ms)
[10/04/2026-22:09:04] [I] Average on 1 runs - GPU latency: 20.4619 ms - Host latency: 20.6533 ms (enqueue 4.22754 ms)
[10/04/2026-22:09:04] [I] Average on 1 runs - GPU latency: 20.4395 ms - Host latency: 20.6172 ms (enqueue 4.19141 ms)
[10/04/2026-22:09:04] [I] Average on 1 runs - GPU latency: 20.4727 ms - Host latency: 20.6748 ms (enqueue 4.30859 ms)
[10/04/2026-22:09:04] [I] Average on 1 runs - GPU latency: 20.4668 ms - Host latency: 20.6455 ms (enqueue 4.19824 ms)
[10/04/2026-22:09:04] [I] Average on 1 runs - GPU latency: 20.4678 ms - Host latency: 20.667 ms (enqueue 4.36816 ms)
[10/04/2026-22:09:04] [I] Average on 1 runs - GPU latency: 20.4365 ms - Host latency: 20.626 ms (enqueue 4.24902 ms)
[10/04/2026-22:09:04] [I] Average on 1 runs - GPU latency: 20.4521 ms - Host latency: 20.6572 ms (enqueue 4.47852 ms)
[10/04/2026-22:09:04] [I] Average on 1 runs - GPU latency: 20.4551 ms - Host latency: 20.6445 ms (enqueue 4.18848 ms)
[10/04/2026-22:09:04] [I] Average on 1 runs - GPU latency: 20.4668 ms - Host latency: 20.6484 ms (enqueue 4.34082 ms)
[10/04/2026-22:09:04] [I] Average on 1 runs - GPU latency: 20.4619 ms - Host latency: 20.6475 ms (enqueue 4.2998 ms)
[10/04/2026-22:09:04] [I] Average on 1 runs - GPU latency: 20.4492 ms - Host latency: 20.6377 ms (enqueue 4.21289 ms)
[10/04/2026-22:09:04] [I] Average on 1 runs - GPU latency: 20.4375 ms - Host latency: 20.6436 ms (enqueue 4.53809 ms)
[10/04/2026-22:09:04] [I] Average on 1 runs - GPU latency: 20.4414 ms - Host latency: 20.6221 ms (enqueue 4.32812 ms)
[10/04/2026-22:09:04] [I] Average on 1 runs - GPU latency: 20.4766 ms - Host latency: 20.665 ms (enqueue 4.21777 ms)
[10/04/2026-22:09:04] [I] Average on 1 runs - GPU latency: 20.4492 ms - Host latency: 20.6309 ms (enqueue 4.25879 ms)
[10/04/2026-22:09:04] [I] Average on 1 runs - GPU latency: 20.4629 ms - Host latency: 20.6533 ms (enqueue 4.16797 ms)
[10/04/2026-22:09:04] [I] Average on 1 runs - GPU latency: 20.457 ms - Host latency: 20.6494 ms (enqueue 4.28125 ms)
[10/04/2026-22:09:04] [I] Average on 1 runs - GPU latency: 20.4727 ms - Host latency: 20.6768 ms (enqueue 4.39551 ms)
[10/04/2026-22:09:04] [I] Average on 1 runs - GPU latency: 20.4326 ms - Host latency: 20.6221 ms (enqueue 4.21582 ms)
[10/04/2026-22:09:04] [I] Average on 1 runs - GPU latency: 20.4404 ms - Host latency: 20.6201 ms (enqueue 4.22754 ms)
[10/04/2026-22:09:04] [I] Average on 1 runs - GPU latency: 20.4551 ms - Host latency: 20.6338 ms (enqueue 4.22754 ms)
[10/04/2026-22:09:04] [I] Average on 1 runs - GPU latency: 20.4648 ms - Host latency: 20.6514 ms (enqueue 4.22168 ms)
[10/04/2026-22:09:04] [I] Average on 1 runs - GPU latency: 20.4727 ms - Host latency: 20.6602 ms (enqueue 4.24707 ms)
[10/04/2026-22:09:04] [I] Average on 1 runs - GPU latency: 20.4395 ms - Host latency: 20.627 ms (enqueue 4.19336 ms)
[10/04/2026-22:09:04] [I] Average on 1 runs - GPU latency: 20.46 ms - Host latency: 20.6387 ms (enqueue 4.20312 ms)
[10/04/2026-22:09:04] [I] Average on 1 runs - GPU latency: 20.4229 ms - Host latency: 20.6035 ms (enqueue 4.27637 ms)
[10/04/2026-22:09:04] [I] Average on 1 runs - GPU latency: 20.4336 ms - Host latency: 20.623 ms (enqueue 4.22559 ms)
[10/04/2026-22:09:04] [I] Average on 1 runs - GPU latency: 20.4395 ms - Host latency: 20.626 ms (enqueue 4.14355 ms)
[10/04/2026-22:09:04] [I] Average on 1 runs - GPU latency: 20.4453 ms - Host latency: 20.627 ms (enqueue 4.23926 ms)
[10/04/2026-22:09:04] [I] Average on 1 runs - GPU latency: 20.4736 ms - Host latency: 20.6621 ms (enqueue 4.19531 ms)
[10/04/2026-22:09:04] [I] Average on 1 runs - GPU latency: 20.4502 ms - Host latency: 20.6348 ms (enqueue 4.22949 ms)
[10/04/2026-22:09:04] [I] Average on 1 runs - GPU latency: 20.4277 ms - Host latency: 20.6182 ms (enqueue 4.16602 ms)
[10/04/2026-22:09:04] [I] Average on 1 runs - GPU latency: 20.4648 ms - Host latency: 20.6436 ms (enqueue 4.24121 ms)
[10/04/2026-22:09:04] [I] Average on 1 runs - GPU latency: 20.4551 ms - Host latency: 20.6328 ms (enqueue 4.29004 ms)
[10/04/2026-22:09:04] [I] Average on 1 runs - GPU latency: 20.4658 ms - Host latency: 20.6436 ms (enqueue 4.31445 ms)
[10/04/2026-22:09:04] [I] Average on 1 runs - GPU latency: 20.4609 ms - Host latency: 20.6621 ms (enqueue 4.24512 ms)
[10/04/2026-22:09:04] [I] Average on 1 runs - GPU latency: 20.4424 ms - Host latency: 20.6221 ms (enqueue 4.24512 ms)
[10/04/2026-22:09:04] [I] Average on 1 runs - GPU latency: 20.4355 ms - Host latency: 20.625 ms (enqueue 4.30566 ms)
[10/04/2026-22:09:04] [I] Average on 1 runs - GPU latency: 20.4854 ms - Host latency: 20.6641 ms (enqueue 4.2666 ms)
[10/04/2026-22:09:04] [I] Average on 1 runs - GPU latency: 20.4297 ms - Host latency: 20.6357 ms (enqueue 4.15918 ms)
[10/04/2026-22:09:04] [I] Average on 1 runs - GPU latency: 20.4561 ms - Host latency: 20.6348 ms (enqueue 4.25781 ms)
[10/04/2026-22:09:04] [I] Average on 1 runs - GPU latency: 20.4189 ms - Host latency: 20.6475 ms (enqueue 4.35645 ms)
[10/04/2026-22:09:04] [I] Average on 1 runs - GPU latency: 20.4531 ms - Host latency: 20.6357 ms (enqueue 4.31152 ms)
[10/04/2026-22:09:04] [I] Average on 1 runs - GPU latency: 20.4297 ms - Host latency: 20.6074 ms (enqueue 4.1748 ms)
[10/04/2026-22:09:04] [I] Average on 1 runs - GPU latency: 20.4326 ms - Host latency: 20.6357 ms (enqueue 4.33008 ms)
[10/04/2026-22:09:04] [I] Average on 1 runs - GPU latency: 20.4678 ms - Host latency: 20.6484 ms (enqueue 4.26953 ms)
[10/04/2026-22:09:04] [I] Average on 1 runs - GPU latency: 20.4346 ms - Host latency: 20.6133 ms (enqueue 4.31934 ms)
[10/04/2026-22:09:04] [I] Average on 1 runs - GPU latency: 20.4385 ms - Host latency: 20.6289 ms (enqueue 4.1748 ms)
[10/04/2026-22:09:04] [I] Average on 1 runs - GPU latency: 20.4648 ms - Host latency: 20.6436 ms (enqueue 4.28125 ms)
[10/04/2026-22:09:04] [I] Average on 1 runs - GPU latency: 20.4541 ms - Host latency: 20.6357 ms (enqueue 4.28711 ms)
[10/04/2026-22:09:04] [I] Average on 1 runs - GPU latency: 20.4756 ms - Host latency: 20.6807 ms (enqueue 4.30566 ms)
[10/04/2026-22:09:04] [I] Average on 1 runs - GPU latency: 20.4736 ms - Host latency: 20.6592 ms (enqueue 4.07715 ms)
[10/04/2026-22:09:04] [I] Average on 1 runs - GPU latency: 20.4297 ms - Host latency: 20.6104 ms (enqueue 4.24609 ms)
[10/04/2026-22:09:04] [I] Average on 1 runs - GPU latency: 20.4375 ms - Host latency: 20.6641 ms (enqueue 4.36719 ms)
[10/04/2026-22:09:04] [I] Average on 1 runs - GPU latency: 20.4277 ms - Host latency: 20.6055 ms (enqueue 4.23438 ms)
[10/04/2026-22:09:04] [I] Average on 1 runs - GPU latency: 20.4883 ms - Host latency: 20.6738 ms (enqueue 4.16992 ms)
[10/04/2026-22:09:04] [I] Average on 1 runs - GPU latency: 20.4355 ms - Host latency: 20.6406 ms (enqueue 4.4082 ms)
[10/04/2026-22:09:04] [I] Average on 1 runs - GPU latency: 20.4766 ms - Host latency: 20.6562 ms (enqueue 4.24609 ms)
[10/04/2026-22:09:04] [I] Average on 1 runs - GPU latency: 20.4824 ms - Host latency: 20.6699 ms (enqueue 4.2168 ms)
[10/04/2026-22:09:04] [I] Average on 1 runs - GPU latency: 20.459 ms - Host latency: 20.6367 ms (enqueue 4.20117 ms)
[10/04/2026-22:09:04] [I] Average on 1 runs - GPU latency: 20.4629 ms - Host latency: 20.6406 ms (enqueue 4.28906 ms)
[10/04/2026-22:09:04] [I] Average on 1 runs - GPU latency: 20.4434 ms - Host latency: 20.6211 ms (enqueue 4.30859 ms)
[10/04/2026-22:09:04] [I] Average on 1 runs - GPU latency: 20.459 ms - Host latency: 20.6641 ms (enqueue 4.30273 ms)
[10/04/2026-22:09:04] [I] Average on 1 runs - GPU latency: 20.4258 ms - Host latency: 20.6152 ms (enqueue 4.16992 ms)
[10/04/2026-22:09:04] [I] Average on 1 runs - GPU latency: 20.4531 ms - Host latency: 20.6309 ms (enqueue 4.17969 ms)
[10/04/2026-22:09:04] [I] Average on 1 runs - GPU latency: 20.4648 ms - Host latency: 20.6699 ms (enqueue 4.38867 ms)
[10/04/2026-22:09:04] [I] Average on 1 runs - GPU latency: 20.4473 ms - Host latency: 20.627 ms (enqueue 4.2793 ms)
[10/04/2026-22:09:04] [I] Average on 1 runs - GPU latency: 20.4609 ms - Host latency: 20.6504 ms (enqueue 4.21094 ms)
[10/04/2026-22:09:04] [I] Average on 1 runs - GPU latency: 20.4551 ms - Host latency: 20.6621 ms (enqueue 4.3457 ms)
[10/04/2026-22:09:04] [I] Average on 1 runs - GPU latency: 20.4395 ms - Host latency: 20.625 ms (enqueue 4.25195 ms)
[10/04/2026-22:09:04] [I] Average on 1 runs - GPU latency: 20.4512 ms - Host latency: 20.6309 ms (enqueue 4.27539 ms)
[10/04/2026-22:09:04] [I] Average on 1 runs - GPU latency: 20.457 ms - Host latency: 20.6465 ms (enqueue 4.20898 ms)
[10/04/2026-22:09:04] [I] Average on 1 runs - GPU latency: 20.4648 ms - Host latency: 20.6445 ms (enqueue 4.22266 ms)
[10/04/2026-22:09:04] [I] Average on 1 runs - GPU latency: 20.418 ms - Host latency: 20.5977 ms (enqueue 4.19531 ms)
[10/04/2026-22:09:04] [I] Average on 1 runs - GPU latency: 20.4551 ms - Host latency: 20.6328 ms (enqueue 4.23438 ms)
[10/04/2026-22:09:04] [I] Average on 1 runs - GPU latency: 20.4297 ms - Host latency: 20.6094 ms (enqueue 4.25781 ms)
[10/04/2026-22:09:04] [I] Average on 1 runs - GPU latency: 20.4746 ms - Host latency: 20.6562 ms (enqueue 4.32617 ms)
[10/04/2026-22:09:04] [I] Average on 1 runs - GPU latency: 20.4473 ms - Host latency: 20.6504 ms (enqueue 4.36914 ms)
[10/04/2026-22:09:04] [I] Average on 1 runs - GPU latency: 20.4512 ms - Host latency: 20.6348 ms (enqueue 4.23047 ms)
[10/04/2026-22:09:04] [I] Average on 1 runs - GPU latency: 20.4492 ms - Host latency: 20.6367 ms (enqueue 4.19531 ms)
[10/04/2026-22:09:04] [I] Average on 1 runs - GPU latency: 20.4746 ms - Host latency: 20.6621 ms (enqueue 4.27344 ms)
[10/04/2026-22:09:04] [I] Average on 1 runs - GPU latency: 20.4199 ms - Host latency: 20.5977 ms (enqueue 4.28125 ms)
[10/04/2026-22:09:04] [I] Average on 1 runs - GPU latency: 20.4531 ms - Host latency: 20.6367 ms (enqueue 4.28906 ms)
[10/04/2026-22:09:04] [I] Average on 1 runs - GPU latency: 20.4707 ms - Host latency: 20.6758 ms (enqueue 4.40234 ms)
[10/04/2026-22:09:04] [I] Average on 1 runs - GPU latency: 20.4453 ms - Host latency: 20.6523 ms (enqueue 4.58203 ms)
[10/04/2026-22:09:04] [I] Average on 1 runs - GPU latency: 20.4492 ms - Host latency: 20.6387 ms (enqueue 4.33398 ms)
[10/04/2026-22:09:04] [I] Average on 1 runs - GPU latency: 20.4531 ms - Host latency: 20.6309 ms (enqueue 4.36133 ms)
[10/04/2026-22:09:04] [I] Average on 1 runs - GPU latency: 20.4844 ms - Host latency: 20.6719 ms (enqueue 4.14062 ms)
[10/04/2026-22:09:04] [I] Average on 1 runs - GPU latency: 20.4473 ms - Host latency: 20.6328 ms (enqueue 4.25391 ms)
[10/04/2026-22:09:04] [I] Average on 1 runs - GPU latency: 20.4453 ms - Host latency: 20.6328 ms (enqueue 4.27539 ms)
[10/04/2026-22:09:04] [I] Average on 1 runs - GPU latency: 20.4375 ms - Host latency: 20.6172 ms (enqueue 4.21094 ms)
[10/04/2026-22:09:04] [I] Average on 1 runs - GPU latency: 20.4434 ms - Host latency: 20.6211 ms (enqueue 4.16406 ms)
[10/04/2026-22:09:04] [I] Average on 1 runs - GPU latency: 20.459 ms - Host latency: 20.6641 ms (enqueue 4.4375 ms)
[10/04/2026-22:09:04] [I] Average on 1 runs - GPU latency: 20.4688 ms - Host latency: 20.6582 ms (enqueue 4.24219 ms)
[10/04/2026-22:09:04] [I] Average on 1 runs - GPU latency: 20.4531 ms - Host latency: 20.6641 ms (enqueue 4.28711 ms)
[10/04/2026-22:09:04] [I] Average on 1 runs - GPU latency: 20.4746 ms - Host latency: 20.6602 ms (enqueue 4.21289 ms)
[10/04/2026-22:09:04] [I] Average on 1 runs - GPU latency: 20.4434 ms - Host latency: 20.6504 ms (enqueue 4.36328 ms)
[10/04/2026-22:09:04] [I] Average on 1 runs - GPU latency: 20.4707 ms - Host latency: 20.6523 ms (enqueue 4.27539 ms)
[10/04/2026-22:09:04] [I] 
[10/04/2026-22:09:04] [I] === Performance summary ===
[10/04/2026-22:09:04] [I] Throughput: 26.6856 qps
[10/04/2026-22:09:04] [I] Latency: min = 6.8252 ms, max = 20.7041 ms, mean = 19.607 ms, median = 20.6416 ms, percentile(90%) = 20.6699 ms, percentile(95%) = 20.6768 ms, percentile(99%) = 20.6904 ms
[10/04/2026-22:09:04] [I] Enqueue Time: min = 4.07715 ms, max = 4.79297 ms, mean = 4.28972 ms, median = 4.28442 ms, percentile(90%) = 4.38477 ms, percentile(95%) = 4.41211 ms, percentile(99%) = 4.53809 ms
[10/04/2026-22:09:04] [I] H2D Latency: min = 0.0622559 ms, max = 0.220703 ms, mean = 0.174535 ms, median = 0.177734 ms, percentile(90%) = 0.195312 ms, percentile(95%) = 0.197266 ms, percentile(99%) = 0.21875 ms
[10/04/2026-22:09:04] [I] GPU Compute Time: min = 6.75928 ms, max = 20.501 ms, mean = 19.4232 ms, median = 20.4521 ms, percentile(90%) = 20.4727 ms, percentile(95%) = 20.4785 ms, percentile(99%) = 20.4883 ms
[10/04/2026-22:09:04] [I] D2H Latency: min = 0.00341797 ms, max = 0.0117188 ms, mean = 0.00926034 ms, median = 0.00976562 ms, percentile(90%) = 0.00976562 ms, percentile(95%) = 0.0107422 ms, percentile(99%) = 0.0107422 ms
[10/04/2026-22:09:04] [I] Total Host Walltime: 15.0643 s
[10/04/2026-22:09:04] [I] Total GPU Compute Time: 7.80814 s
[10/04/2026-22:09:04] [I] Explanations of the performance metrics are printed in the verbose logs.
[10/04/2026-22:09:04] [I] 
&&&& PASSED TensorRT.trtexec [TensorRT v100300] # /usr/src/tensorrt/bin/trtexec --loadEngine=/tmp/engines/y26s_640_uint8_opt3.engine --warmUp=3000 --duration=15 --idleTime=33 --avgRuns=1
