&&&& RUNNING TensorRT.trtexec [TensorRT v100300] # /usr/src/tensorrt/bin/trtexec --loadEngine=/tmp/yolo26n_84172_uint8_fp16_opt3.engine --warmUp=3000 --duration=15 --idleTime=16 --avgRuns=1
[10/04/2026-22:11:11] [I] === Model Options ===
[10/04/2026-22:11:11] [I] Format: *
[10/04/2026-22:11:11] [I] Model: 
[10/04/2026-22:11:11] [I] Output:
[10/04/2026-22:11:11] [I] 
[10/04/2026-22:11:11] [I] === System Options ===
[10/04/2026-22:11:11] [I] Device: 0
[10/04/2026-22:11:11] [I] DLACore: 
[10/04/2026-22:11:11] [I] Plugins:
[10/04/2026-22:11:11] [I] setPluginsToSerialize:
[10/04/2026-22:11:11] [I] dynamicPlugins:
[10/04/2026-22:11:11] [I] ignoreParsedPluginLibs: 0
[10/04/2026-22:11:11] [I] 
[10/04/2026-22:11:11] [I] === Inference Options ===
[10/04/2026-22:11:11] [I] Batch: Explicit
[10/04/2026-22:11:11] [I] Input inference shapes: model
[10/04/2026-22:11:11] [I] Iterations: 10
[10/04/2026-22:11:11] [I] Duration: 15s (+ 3000ms warm up)
[10/04/2026-22:11:11] [I] Sleep time: 0ms
[10/04/2026-22:11:11] [I] Idle time: 16ms
[10/04/2026-22:11:11] [I] Inference Streams: 1
[10/04/2026-22:11:11] [I] ExposeDMA: Disabled
[10/04/2026-22:11:11] [I] Data transfers: Enabled
[10/04/2026-22:11:11] [I] Spin-wait: Disabled
[10/04/2026-22:11:11] [I] Multithreading: Disabled
[10/04/2026-22:11:11] [I] CUDA Graph: Disabled
[10/04/2026-22:11:11] [I] Separate profiling: Disabled
[10/04/2026-22:11:11] [I] Time Deserialize: Disabled
[10/04/2026-22:11:11] [I] Time Refit: Disabled
[10/04/2026-22:11:11] [I] NVTX verbosity: 0
[10/04/2026-22:11:11] [I] Persistent Cache Ratio: 0
[10/04/2026-22:11:11] [I] Optimization Profile Index: 0
[10/04/2026-22:11:11] [I] Weight Streaming Budget: 100.000000%
[10/04/2026-22:11:11] [I] Inputs:
[10/04/2026-22:11:11] [I] Debug Tensor Save Destinations:
[10/04/2026-22:11:11] [I] === Reporting Options ===
[10/04/2026-22:11:11] [I] Verbose: Disabled
[10/04/2026-22:11:11] [I] Averages: 1 inferences
[10/04/2026-22:11:11] [I] Percentiles: 90,95,99
[10/04/2026-22:11:11] [I] Dump refittable layers:Disabled
[10/04/2026-22:11:11] [I] Dump output: Disabled
[10/04/2026-22:11:11] [I] Profile: Disabled
[10/04/2026-22:11:11] [I] Export timing to JSON file: 
[10/04/2026-22:11:11] [I] Export output to JSON file: 
[10/04/2026-22:11:11] [I] Export profile to JSON file: 
[10/04/2026-22:11:11] [I] 
[10/04/2026-22:11:11] [I] === Device Information ===
[10/04/2026-22:11:11] [I] Available Devices: 
[10/04/2026-22:11:11] [I]   Device 0: "Orin" UUID: GPU-6e16c2c1-e394-5324-8f2e-63a975968f4e
[10/04/2026-22:11:11] [I] Selected Device: Orin
[10/04/2026-22:11:11] [I] Selected Device ID: 0
[10/04/2026-22:11:11] [I] Selected Device UUID: GPU-6e16c2c1-e394-5324-8f2e-63a975968f4e
[10/04/2026-22:11:11] [I] Compute Capability: 8.7
[10/04/2026-22:11:11] [I] SMs: 8
[10/04/2026-22:11:11] [I] Device Global Memory: 7607 MiB
[10/04/2026-22:11:11] [I] Shared Memory per SM: 164 KiB
[10/04/2026-22:11:11] [I] Memory Bus Width: 128 bits (ECC disabled)
[10/04/2026-22:11:11] [I] Application Compute Clock Rate: 1.02 GHz
[10/04/2026-22:11:11] [I] Application Memory Clock Rate: 1.02 GHz
[10/04/2026-22:11:11] [I] 
[10/04/2026-22:11:11] [I] Note: The application clock rates do not reflect the actual clock rates that the GPU is currently running at.
[10/04/2026-22:11:11] [I] 
[10/04/2026-22:11:11] [I] TensorRT version: 10.3.0
[10/04/2026-22:11:11] [I] Loading standard plugins
[10/04/2026-22:11:11] [I] [TRT] Loaded engine size: 7 MiB
[10/04/2026-22:11:11] [I] Engine deserialized in 0.0649095 sec.
[10/04/2026-22:11:11] [I] [TRT] [MemUsageChange] TensorRT-managed allocation in IExecutionContext creation: CPU +0, GPU +12, now: CPU 0, GPU 16 (MiB)
[10/04/2026-22:11:11] [I] Setting persistentCacheLimit to 0 bytes.
[10/04/2026-22:11:11] [I] Created execution context with device memory size: 12.207 MiB
[10/04/2026-22:11:11] [I] Using random values for input images
[10/04/2026-22:11:11] [I] Input binding for images with dimensions 1x640x640x3 is created.
[10/04/2026-22:11:11] [I] Output binding for output0 with dimensions 1x300x6 is created.
[10/04/2026-22:11:11] [I] Starting inference
[10/04/2026-22:11:29] [I] Warmup completed 694 queries over 3000 ms
[10/04/2026-22:11:29] [I] Timing trace has 828 queries over 15.0432 s
[10/04/2026-22:11:29] [I] 
[10/04/2026-22:11:29] [I] === Trace details ===
[10/04/2026-22:11:29] [I] Trace averages of 1 runs:
[10/04/2026-22:11:29] [I] Average on 1 runs - GPU latency: 4.25781 ms - Host latency: 4.40259 ms (enqueue 2.0791 ms)
[10/04/2026-22:11:29] [I] Average on 1 runs - GPU latency: 4.2002 ms - Host latency: 4.33105 ms (enqueue 2.07764 ms)
[10/04/2026-22:11:29] [I] Average on 1 runs - GPU latency: 4.2251 ms - Host latency: 4.29004 ms (enqueue 2.13867 ms)
[10/04/2026-22:11:29] [I] Average on 1 runs - GPU latency: 4.20972 ms - Host latency: 4.27344 ms (enqueue 2.05249 ms)
[10/04/2026-22:11:29] [I] Average on 1 runs - GPU latency: 4.21484 ms - Host latency: 4.27832 ms (enqueue 2.09253 ms)
[10/04/2026-22:11:29] [I] Average on 1 runs - GPU latency: 4.21704 ms - Host latency: 4.2793 ms (enqueue 2.1084 ms)
[10/04/2026-22:11:29] [I] Average on 1 runs - GPU latency: 4.21558 ms - Host latency: 4.27881 ms (enqueue 2.06982 ms)
[10/04/2026-22:11:29] [I] Average on 1 runs - GPU latency: 4.2085 ms - Host latency: 4.26978 ms (enqueue 2.11523 ms)
[10/04/2026-22:11:29] [I] Average on 1 runs - GPU latency: 4.2168 ms - Host latency: 4.2771 ms (enqueue 2.07178 ms)
[10/04/2026-22:11:29] [I] Average on 1 runs - GPU latency: 4.21509 ms - Host latency: 4.27661 ms (enqueue 2.10303 ms)
[10/04/2026-22:11:29] [I] Average on 1 runs - GPU latency: 4.21436 ms - Host latency: 4.27466 ms (enqueue 2.05664 ms)
[10/04/2026-22:11:29] [I] Average on 1 runs - GPU latency: 4.20679 ms - Host latency: 4.27075 ms (enqueue 2.11841 ms)
[10/04/2026-22:11:29] [I] Average on 1 runs - GPU latency: 4.2168 ms - Host latency: 4.27979 ms (enqueue 2.06567 ms)
[10/04/2026-22:11:29] [I] Average on 1 runs - GPU latency: 4.21606 ms - Host latency: 4.28149 ms (enqueue 2.11719 ms)
[10/04/2026-22:11:29] [I] Average on 1 runs - GPU latency: 4.21655 ms - Host latency: 4.28052 ms (enqueue 2.0647 ms)
[10/04/2026-22:11:29] [I] Average on 1 runs - GPU latency: 4.22363 ms - Host latency: 4.28491 ms (enqueue 2.03418 ms)
[10/04/2026-22:11:29] [I] Average on 1 runs - GPU latency: 4.21631 ms - Host latency: 4.28589 ms (enqueue 2.1189 ms)
[10/04/2026-22:11:29] [I] Average on 1 runs - GPU latency: 4.20605 ms - Host latency: 4.26709 ms (enqueue 2.05029 ms)
[10/04/2026-22:11:29] [I] Average on 1 runs - GPU latency: 4.2168 ms - Host latency: 4.27905 ms (enqueue 2.09009 ms)
[10/04/2026-22:11:29] [I] Average on 1 runs - GPU latency: 4.20752 ms - Host latency: 4.26831 ms (enqueue 2.0957 ms)
[10/04/2026-22:11:29] [I] Average on 1 runs - GPU latency: 4.21069 ms - Host latency: 4.27222 ms (enqueue 2.09424 ms)
[10/04/2026-22:11:29] [I] Average on 1 runs - GPU latency: 4.21167 ms - Host latency: 4.27344 ms (enqueue 2.06323 ms)
[10/04/2026-22:11:29] [I] Average on 1 runs - GPU latency: 4.22192 ms - Host latency: 4.28564 ms (enqueue 2.12793 ms)
[10/04/2026-22:11:29] [I] Average on 1 runs - GPU latency: 4.21558 ms - Host latency: 4.27881 ms (enqueue 2.0835 ms)
[10/04/2026-22:11:29] [I] Average on 1 runs - GPU latency: 4.2168 ms - Host latency: 4.27808 ms (enqueue 2.0835 ms)
[10/04/2026-22:11:29] [I] Average on 1 runs - GPU latency: 4.21265 ms - Host latency: 4.27417 ms (enqueue 2.104 ms)
[10/04/2026-22:11:29] [I] Average on 1 runs - GPU latency: 4.2146 ms - Host latency: 4.2749 ms (enqueue 2.05859 ms)
[10/04/2026-22:11:29] [I] Average on 1 runs - GPU latency: 4.21558 ms - Host latency: 4.27637 ms (enqueue 2.13965 ms)
[10/04/2026-22:11:29] [I] Average on 1 runs - GPU latency: 4.21265 ms - Host latency: 4.27295 ms (enqueue 2.07007 ms)
[10/04/2026-22:11:29] [I] Average on 1 runs - GPU latency: 4.21875 ms - Host latency: 4.28027 ms (enqueue 2.08911 ms)
[10/04/2026-22:11:29] [I] Average on 1 runs - GPU latency: 4.21948 ms - Host latency: 4.28467 ms (enqueue 2.14233 ms)
[10/04/2026-22:11:29] [I] Average on 1 runs - GPU latency: 4.2251 ms - Host latency: 4.29077 ms (enqueue 2.16919 ms)
[10/04/2026-22:11:29] [I] Average on 1 runs - GPU latency: 4.21655 ms - Host latency: 4.27759 ms (enqueue 2.11377 ms)
[10/04/2026-22:11:29] [I] Average on 1 runs - GPU latency: 4.22119 ms - Host latency: 4.28223 ms (enqueue 2.08813 ms)
[10/04/2026-22:11:29] [I] Average on 1 runs - GPU latency: 4.21631 ms - Host latency: 4.28125 ms (enqueue 2.08105 ms)
[10/04/2026-22:11:29] [I] Average on 1 runs - GPU latency: 4.20654 ms - Host latency: 4.27271 ms (enqueue 2.07764 ms)
[10/04/2026-22:11:29] [I] Average on 1 runs - GPU latency: 4.20776 ms - Host latency: 4.26978 ms (enqueue 2.08936 ms)
[10/04/2026-22:11:29] [I] Average on 1 runs - GPU latency: 4.21387 ms - Host latency: 4.27637 ms (enqueue 2.04834 ms)
[10/04/2026-22:11:29] [I] Average on 1 runs - GPU latency: 4.21411 ms - Host latency: 4.27466 ms (enqueue 2.09717 ms)
[10/04/2026-22:11:29] [I] Average on 1 runs - GPU latency: 4.21631 ms - Host latency: 4.27686 ms (enqueue 2.05493 ms)
[10/04/2026-22:11:29] [I] Average on 1 runs - GPU latency: 4.21533 ms - Host latency: 4.27539 ms (enqueue 2.08081 ms)
[10/04/2026-22:11:29] [I] Average on 1 runs - GPU latency: 4.21729 ms - Host latency: 4.27856 ms (enqueue 2.07129 ms)
[10/04/2026-22:11:29] [I] Average on 1 runs - GPU latency: 4.21533 ms - Host latency: 4.27515 ms (enqueue 2.08496 ms)
[10/04/2026-22:11:29] [I] Average on 1 runs - GPU latency: 4.21655 ms - Host latency: 4.28809 ms (enqueue 2.0896 ms)
[10/04/2026-22:11:29] [I] Average on 1 runs - GPU latency: 4.21313 ms - Host latency: 4.27661 ms (enqueue 2.06421 ms)
[10/04/2026-22:11:29] [I] Average on 1 runs - GPU latency: 4.21094 ms - Host latency: 4.27222 ms (enqueue 2.10352 ms)
[10/04/2026-22:11:29] [I] Average on 1 runs - GPU latency: 4.21558 ms - Host latency: 4.27734 ms (enqueue 2.06299 ms)
[10/04/2026-22:11:29] [I] Average on 1 runs - GPU latency: 4.21362 ms - Host latency: 4.27832 ms (enqueue 2.09863 ms)
[10/04/2026-22:11:29] [I] Average on 1 runs - GPU latency: 4.21411 ms - Host latency: 4.2749 ms (enqueue 2.03296 ms)
[10/04/2026-22:11:29] [I] Average on 1 runs - GPU latency: 4.21484 ms - Host latency: 4.27612 ms (enqueue 2.11597 ms)
[10/04/2026-22:11:29] [I] Average on 1 runs - GPU latency: 4.22461 ms - Host latency: 4.28589 ms (enqueue 2.03589 ms)
[10/04/2026-22:11:29] [I] Average on 1 runs - GPU latency: 4.21851 ms - Host latency: 4.28076 ms (enqueue 2.08984 ms)
[10/04/2026-22:11:29] [I] Average on 1 runs - GPU latency: 4.21411 ms - Host latency: 4.27515 ms (enqueue 2.1123 ms)
[10/04/2026-22:11:29] [I] Average on 1 runs - GPU latency: 4.21948 ms - Host latency: 4.28223 ms (enqueue 2.03857 ms)
[10/04/2026-22:11:29] [I] Average on 1 runs - GPU latency: 4.21606 ms - Host latency: 4.27856 ms (enqueue 2.0918 ms)
[10/04/2026-22:11:29] [I] Average on 1 runs - GPU latency: 4.21582 ms - Host latency: 4.28101 ms (enqueue 2.0564 ms)
[10/04/2026-22:11:29] [I] Average on 1 runs - GPU latency: 4.21216 ms - Host latency: 4.28369 ms (enqueue 2.25342 ms)
[10/04/2026-22:11:29] [I] Average on 1 runs - GPU latency: 4.21338 ms - Host latency: 4.28833 ms (enqueue 2.0708 ms)
[10/04/2026-22:11:29] [I] Average on 1 runs - GPU latency: 4.20898 ms - Host latency: 4.27466 ms (enqueue 2.1123 ms)
[10/04/2026-22:11:29] [I] Average on 1 runs - GPU latency: 4.21167 ms - Host latency: 4.27417 ms (enqueue 2.04077 ms)
[10/04/2026-22:11:29] [I] Average on 1 runs - GPU latency: 4.21387 ms - Host latency: 4.28027 ms (enqueue 2.13745 ms)
[10/04/2026-22:11:29] [I] Average on 1 runs - GPU latency: 4.21436 ms - Host latency: 4.27759 ms (enqueue 2.13135 ms)
[10/04/2026-22:11:29] [I] Average on 1 runs - GPU latency: 4.22021 ms - Host latency: 4.28613 ms (enqueue 2.03076 ms)
[10/04/2026-22:11:29] [I] Average on 1 runs - GPU latency: 4.22705 ms - Host latency: 4.28809 ms (enqueue 2.09521 ms)
[10/04/2026-22:11:29] [I] Average on 1 runs - GPU latency: 4.21289 ms - Host latency: 4.2793 ms (enqueue 1.99609 ms)
[10/04/2026-22:11:29] [I] Average on 1 runs - GPU latency: 4.20947 ms - Host latency: 4.27148 ms (enqueue 2.09717 ms)
[10/04/2026-22:11:29] [I] Average on 1 runs - GPU latency: 4.21191 ms - Host latency: 4.27881 ms (enqueue 2.03711 ms)
[10/04/2026-22:11:29] [I] Average on 1 runs - GPU latency: 4.21924 ms - Host latency: 4.28027 ms (enqueue 2.10498 ms)
[10/04/2026-22:11:29] [I] Average on 1 runs - GPU latency: 4.21143 ms - Host latency: 4.27393 ms (enqueue 2.06885 ms)
[10/04/2026-22:11:29] [I] Average on 1 runs - GPU latency: 4.21729 ms - Host latency: 4.2832 ms (enqueue 2.0835 ms)
[10/04/2026-22:11:29] [I] Average on 1 runs - GPU latency: 4.2207 ms - Host latency: 4.28662 ms (enqueue 1.99805 ms)
[10/04/2026-22:11:29] [I] Average on 1 runs - GPU latency: 4.21777 ms - Host latency: 4.28125 ms (enqueue 2.08887 ms)
[10/04/2026-22:11:29] [I] Average on 1 runs - GPU latency: 4.21973 ms - Host latency: 4.28271 ms (enqueue 2.07959 ms)
[10/04/2026-22:11:29] [I] Average on 1 runs - GPU latency: 4.21729 ms - Host latency: 4.2793 ms (enqueue 2.0459 ms)
[10/04/2026-22:11:29] [I] Average on 1 runs - GPU latency: 4.20898 ms - Host latency: 4.27441 ms (enqueue 2.10059 ms)
[10/04/2026-22:11:29] [I] Average on 1 runs - GPU latency: 4.21338 ms - Host latency: 4.27783 ms (enqueue 2.06689 ms)
[10/04/2026-22:11:29] [I] Average on 1 runs - GPU latency: 4.21338 ms - Host latency: 4.27783 ms (enqueue 2.08154 ms)
[10/04/2026-22:11:29] [I] Average on 1 runs - GPU latency: 4.21777 ms - Host latency: 4.2832 ms (enqueue 2.07861 ms)
[10/04/2026-22:11:29] [I] Average on 1 runs - GPU latency: 4.21094 ms - Host latency: 4.27686 ms (enqueue 2.08643 ms)
[10/04/2026-22:11:29] [I] Average on 1 runs - GPU latency: 4.21924 ms - Host latency: 4.28516 ms (enqueue 2.06006 ms)
[10/04/2026-22:11:29] [I] Average on 1 runs - GPU latency: 4.21973 ms - Host latency: 4.28076 ms (enqueue 2.06934 ms)
[10/04/2026-22:11:29] [I] Average on 1 runs - GPU latency: 4.20898 ms - Host latency: 4.27197 ms (enqueue 2.00781 ms)
[10/04/2026-22:11:29] [I] Average on 1 runs - GPU latency: 4.22021 ms - Host latency: 4.28125 ms (enqueue 2.0835 ms)
[10/04/2026-22:11:29] [I] Average on 1 runs - GPU latency: 4.21875 ms - Host latency: 4.28076 ms (enqueue 2.08105 ms)
[10/04/2026-22:11:29] [I] Average on 1 runs - GPU latency: 4.21826 ms - Host latency: 4.29102 ms (enqueue 2.03418 ms)
[10/04/2026-22:11:29] [I] Average on 1 runs - GPU latency: 4.21875 ms - Host latency: 4.28223 ms (enqueue 2.10498 ms)
[10/04/2026-22:11:29] [I] Average on 1 runs - GPU latency: 4.21289 ms - Host latency: 4.27393 ms (enqueue 2.04883 ms)
[10/04/2026-22:11:29] [I] Average on 1 runs - GPU latency: 4.22021 ms - Host latency: 4.28516 ms (enqueue 2.10352 ms)
[10/04/2026-22:11:29] [I] Average on 1 runs - GPU latency: 4.21387 ms - Host latency: 4.27539 ms (enqueue 2.0957 ms)
[10/04/2026-22:11:29] [I] Average on 1 runs - GPU latency: 4.21729 ms - Host latency: 4.28418 ms (enqueue 2.07422 ms)
[10/04/2026-22:11:29] [I] Average on 1 runs - GPU latency: 4.23096 ms - Host latency: 4.29639 ms (enqueue 2.06689 ms)
[10/04/2026-22:11:29] [I] Average on 1 runs - GPU latency: 4.21875 ms - Host latency: 4.28271 ms (enqueue 2.0791 ms)
[10/04/2026-22:11:29] [I] Average on 1 runs - GPU latency: 4.21729 ms - Host latency: 4.27881 ms (enqueue 2.08447 ms)
[10/04/2026-22:11:29] [I] Average on 1 runs - GPU latency: 4.21484 ms - Host latency: 4.2793 ms (enqueue 2.10254 ms)
[10/04/2026-22:11:29] [I] Average on 1 runs - GPU latency: 4.21875 ms - Host latency: 4.2832 ms (enqueue 2.09326 ms)
[10/04/2026-22:11:29] [I] Average on 1 runs - GPU latency: 4.22217 ms - Host latency: 4.28809 ms (enqueue 2.04688 ms)
[10/04/2026-22:11:29] [I] Average on 1 runs - GPU latency: 4.21387 ms - Host latency: 4.27441 ms (enqueue 2.12256 ms)
[10/04/2026-22:11:29] [I] Average on 1 runs - GPU latency: 4.21729 ms - Host latency: 4.28076 ms (enqueue 2.04248 ms)
[10/04/2026-22:11:29] [I] Average on 1 runs - GPU latency: 4.21191 ms - Host latency: 4.29248 ms (enqueue 2.06836 ms)
[10/04/2026-22:11:29] [I] Average on 1 runs - GPU latency: 4.2124 ms - Host latency: 4.27832 ms (enqueue 2.0752 ms)
[10/04/2026-22:11:29] [I] Average on 1 runs - GPU latency: 4.21436 ms - Host latency: 4.27881 ms (enqueue 2.06787 ms)
[10/04/2026-22:11:29] [I] Average on 1 runs - GPU latency: 4.21387 ms - Host latency: 4.28174 ms (enqueue 2.08496 ms)
[10/04/2026-22:11:29] [I] Average on 1 runs - GPU latency: 4.21436 ms - Host latency: 4.27588 ms (enqueue 2.04443 ms)
[10/04/2026-22:11:29] [I] Average on 1 runs - GPU latency: 4.21045 ms - Host latency: 4.27295 ms (enqueue 2.0835 ms)
[10/04/2026-22:11:29] [I] Average on 1 runs - GPU latency: 4.20947 ms - Host latency: 4.27441 ms (enqueue 2.09082 ms)
[10/04/2026-22:11:29] [I] Average on 1 runs - GPU latency: 4.22266 ms - Host latency: 4.28369 ms (enqueue 2.0874 ms)
[10/04/2026-22:11:29] [I] Average on 1 runs - GPU latency: 4.21436 ms - Host latency: 4.27588 ms (enqueue 2.03564 ms)
[10/04/2026-22:11:29] [I] Average on 1 runs - GPU latency: 4.21436 ms - Host latency: 4.27832 ms (enqueue 2.12158 ms)
[10/04/2026-22:11:29] [I] Average on 1 runs - GPU latency: 4.21436 ms - Host latency: 4.27539 ms (enqueue 2.04688 ms)
[10/04/2026-22:11:29] [I] Average on 1 runs - GPU latency: 4.2168 ms - Host latency: 4.2832 ms (enqueue 2.08838 ms)
[10/04/2026-22:11:29] [I] Average on 1 runs - GPU latency: 4.22119 ms - Host latency: 4.28613 ms (enqueue 2.08594 ms)
[10/04/2026-22:11:29] [I] Average on 1 runs - GPU latency: 4.21729 ms - Host latency: 4.2832 ms (enqueue 2.07422 ms)
[10/04/2026-22:11:29] [I] Average on 1 runs - GPU latency: 4.22021 ms - Host latency: 4.29248 ms (enqueue 2.2583 ms)
[10/04/2026-22:11:29] [I] Average on 1 runs - GPU latency: 4.21533 ms - Host latency: 4.27881 ms (enqueue 2.09521 ms)
[10/04/2026-22:11:29] [I] Average on 1 runs - GPU latency: 4.2124 ms - Host latency: 4.27686 ms (enqueue 2.12354 ms)
[10/04/2026-22:11:29] [I] Average on 1 runs - GPU latency: 4.21045 ms - Host latency: 4.27539 ms (enqueue 2.06641 ms)
[10/04/2026-22:11:29] [I] Average on 1 runs - GPU latency: 4.21191 ms - Host latency: 4.27539 ms (enqueue 2.09863 ms)
[10/04/2026-22:11:29] [I] Average on 1 runs - GPU latency: 4.21729 ms - Host latency: 4.2832 ms (enqueue 2.04785 ms)
[10/04/2026-22:11:29] [I] Average on 1 runs - GPU latency: 4.21484 ms - Host latency: 4.27734 ms (enqueue 2.14941 ms)
[10/04/2026-22:11:29] [I] Average on 1 runs - GPU latency: 4.21094 ms - Host latency: 4.27588 ms (enqueue 2.09033 ms)
[10/04/2026-22:11:29] [I] Average on 1 runs - GPU latency: 4.24365 ms - Host latency: 4.30518 ms (enqueue 2.05859 ms)
[10/04/2026-22:11:29] [I] Average on 1 runs - GPU latency: 4.23779 ms - Host latency: 4.30469 ms (enqueue 2.11523 ms)
[10/04/2026-22:11:29] [I] Average on 1 runs - GPU latency: 4.21729 ms - Host latency: 4.28467 ms (enqueue 2.0498 ms)
[10/04/2026-22:11:29] [I] Average on 1 runs - GPU latency: 4.22021 ms - Host latency: 4.28418 ms (enqueue 2.11865 ms)
[10/04/2026-22:11:29] [I] Average on 1 runs - GPU latency: 4.21826 ms - Host latency: 4.28125 ms (enqueue 2.06494 ms)
[10/04/2026-22:11:29] [I] Average on 1 runs - GPU latency: 4.22168 ms - Host latency: 4.29932 ms (enqueue 2.10938 ms)
[10/04/2026-22:11:29] [I] Average on 1 runs - GPU latency: 4.21094 ms - Host latency: 4.27783 ms (enqueue 2.05811 ms)
[10/04/2026-22:11:29] [I] Average on 1 runs - GPU latency: 4.21094 ms - Host latency: 4.27246 ms (enqueue 2.08936 ms)
[10/04/2026-22:11:29] [I] Average on 1 runs - GPU latency: 4.22754 ms - Host latency: 4.29346 ms (enqueue 2.02148 ms)
[10/04/2026-22:11:29] [I] Average on 1 runs - GPU latency: 4.21729 ms - Host latency: 4.28125 ms (enqueue 2.06787 ms)
[10/04/2026-22:11:29] [I] Average on 1 runs - GPU latency: 4.21875 ms - Host latency: 4.28467 ms (enqueue 2.06543 ms)
[10/04/2026-22:11:29] [I] Average on 1 runs - GPU latency: 4.21436 ms - Host latency: 4.27979 ms (enqueue 2.02637 ms)
[10/04/2026-22:11:29] [I] Average on 1 runs - GPU latency: 4.21973 ms - Host latency: 4.28223 ms (enqueue 2.1084 ms)
[10/04/2026-22:11:29] [I] Average on 1 runs - GPU latency: 4.21191 ms - Host latency: 4.2793 ms (enqueue 2.02539 ms)
[10/04/2026-22:11:29] [I] Average on 1 runs - GPU latency: 4.21484 ms - Host latency: 4.27637 ms (enqueue 2.09082 ms)
[10/04/2026-22:11:29] [I] Average on 1 runs - GPU latency: 4.2168 ms - Host latency: 4.2832 ms (enqueue 2.03564 ms)
[10/04/2026-22:11:29] [I] Average on 1 runs - GPU latency: 4.2207 ms - Host latency: 4.28223 ms (enqueue 2.09033 ms)
[10/04/2026-22:11:29] [I] Average on 1 runs - GPU latency: 4.21436 ms - Host latency: 4.28076 ms (enqueue 2.06348 ms)
[10/04/2026-22:11:29] [I] Average on 1 runs - GPU latency: 4.21875 ms - Host latency: 4.28271 ms (enqueue 2.0874 ms)
[10/04/2026-22:11:29] [I] Average on 1 runs - GPU latency: 4.21484 ms - Host latency: 4.28223 ms (enqueue 2.02148 ms)
[10/04/2026-22:11:29] [I] Average on 1 runs - GPU latency: 4.22217 ms - Host latency: 4.29102 ms (enqueue 2.10205 ms)
[10/04/2026-22:11:29] [I] Average on 1 runs - GPU latency: 4.21289 ms - Host latency: 4.27637 ms (enqueue 2.09082 ms)
[10/04/2026-22:11:29] [I] Average on 1 runs - GPU latency: 4.21436 ms - Host latency: 4.28027 ms (enqueue 2.02686 ms)
[10/04/2026-22:11:29] [I] Average on 1 runs - GPU latency: 4.20996 ms - Host latency: 4.27686 ms (enqueue 2.11768 ms)
[10/04/2026-22:11:29] [I] Average on 1 runs - GPU latency: 4.21338 ms - Host latency: 4.28027 ms (enqueue 2.01318 ms)
[10/04/2026-22:11:29] [I] Average on 1 runs - GPU latency: 4.21484 ms - Host latency: 4.28076 ms (enqueue 2.06348 ms)
[10/04/2026-22:11:29] [I] Average on 1 runs - GPU latency: 4.21924 ms - Host latency: 4.28076 ms (enqueue 2.03027 ms)
[10/04/2026-22:11:29] [I] Average on 1 runs - GPU latency: 4.22119 ms - Host latency: 4.28613 ms (enqueue 2.05078 ms)
[10/04/2026-22:11:29] [I] Average on 1 runs - GPU latency: 4.2124 ms - Host latency: 4.27686 ms (enqueue 2.08838 ms)
[10/04/2026-22:11:29] [I] Average on 1 runs - GPU latency: 4.21484 ms - Host latency: 4.28125 ms (enqueue 2.06104 ms)
[10/04/2026-22:11:29] [I] Average on 1 runs - GPU latency: 4.22021 ms - Host latency: 4.2832 ms (enqueue 2.08008 ms)
[10/04/2026-22:11:29] [I] Average on 1 runs - GPU latency: 4.21973 ms - Host latency: 4.28613 ms (enqueue 2.07959 ms)
[10/04/2026-22:11:29] [I] Average on 1 runs - GPU latency: 4.2168 ms - Host latency: 4.28076 ms (enqueue 2.07764 ms)
[10/04/2026-22:11:29] [I] Average on 1 runs - GPU latency: 4.2124 ms - Host latency: 4.27979 ms (enqueue 2.01807 ms)
[10/04/2026-22:11:29] [I] Average on 1 runs - GPU latency: 4.21533 ms - Host latency: 4.27881 ms (enqueue 2.15381 ms)
[10/04/2026-22:11:29] [I] Average on 1 runs - GPU latency: 4.21484 ms - Host latency: 4.27881 ms (enqueue 2.0498 ms)
[10/04/2026-22:11:29] [I] Average on 1 runs - GPU latency: 4.21436 ms - Host latency: 4.28027 ms (enqueue 2.10449 ms)
[10/04/2026-22:11:29] [I] Average on 1 runs - GPU latency: 4.21045 ms - Host latency: 4.27344 ms (enqueue 2.04102 ms)
[10/04/2026-22:11:29] [I] Average on 1 runs - GPU latency: 4.21387 ms - Host latency: 4.28027 ms (enqueue 2.03467 ms)
[10/04/2026-22:11:29] [I] Average on 1 runs - GPU latency: 4.21436 ms - Host latency: 4.27881 ms (enqueue 2.05371 ms)
[10/04/2026-22:11:29] [I] Average on 1 runs - GPU latency: 4.21582 ms - Host latency: 4.28223 ms (enqueue 2.01904 ms)
[10/04/2026-22:11:29] [I] Average on 1 runs - GPU latency: 4.21973 ms - Host latency: 4.28613 ms (enqueue 2.05225 ms)
[10/04/2026-22:11:29] [I] Average on 1 runs - GPU latency: 4.21875 ms - Host latency: 4.28564 ms (enqueue 2.06152 ms)
[10/04/2026-22:11:29] [I] Average on 1 runs - GPU latency: 4.21094 ms - Host latency: 4.27686 ms (enqueue 2.06152 ms)
[10/04/2026-22:11:29] [I] Average on 1 runs - GPU latency: 4.21436 ms - Host latency: 4.28027 ms (enqueue 2.0293 ms)
[10/04/2026-22:11:29] [I] Average on 1 runs - GPU latency: 4.21924 ms - Host latency: 4.28711 ms (enqueue 2.08984 ms)
[10/04/2026-22:11:29] [I] Average on 1 runs - GPU latency: 4.2207 ms - Host latency: 4.2876 ms (enqueue 2.03369 ms)
[10/04/2026-22:11:29] [I] Average on 1 runs - GPU latency: 4.21582 ms - Host latency: 4.28174 ms (enqueue 2.09961 ms)
[10/04/2026-22:11:29] [I] Average on 1 runs - GPU latency: 4.21484 ms - Host latency: 4.27734 ms (enqueue 2.03613 ms)
[10/04/2026-22:11:29] [I] Average on 1 runs - GPU latency: 4.2207 ms - Host latency: 4.28955 ms (enqueue 2.20557 ms)
[10/04/2026-22:11:29] [I] Average on 1 runs - GPU latency: 4.22021 ms - Host latency: 4.28613 ms (enqueue 2.12988 ms)
[10/04/2026-22:11:29] [I] Average on 1 runs - GPU latency: 4.20996 ms - Host latency: 4.27734 ms (enqueue 2.03613 ms)
[10/04/2026-22:11:29] [I] Average on 1 runs - GPU latency: 4.21533 ms - Host latency: 4.27783 ms (enqueue 2.06445 ms)
[10/04/2026-22:11:29] [I] Average on 1 runs - GPU latency: 4.21533 ms - Host latency: 4.28125 ms (enqueue 2.03467 ms)
[10/04/2026-22:11:29] [I] Average on 1 runs - GPU latency: 4.21045 ms - Host latency: 4.27344 ms (enqueue 2.06738 ms)
[10/04/2026-22:11:29] [I] Average on 1 runs - GPU latency: 4.22021 ms - Host latency: 4.28467 ms (enqueue 2.00586 ms)
[10/04/2026-22:11:29] [I] Average on 1 runs - GPU latency: 4.21289 ms - Host latency: 4.27783 ms (enqueue 2.13184 ms)
[10/04/2026-22:11:29] [I] Average on 1 runs - GPU latency: 4.21582 ms - Host latency: 4.28027 ms (enqueue 2.03857 ms)
[10/04/2026-22:11:29] [I] Average on 1 runs - GPU latency: 4.21777 ms - Host latency: 4.28174 ms (enqueue 2.0835 ms)
[10/04/2026-22:11:29] [I] Average on 1 runs - GPU latency: 4.21387 ms - Host latency: 4.27686 ms (enqueue 2.03418 ms)
[10/04/2026-22:11:29] [I] Average on 1 runs - GPU latency: 4.2124 ms - Host latency: 4.27881 ms (enqueue 2.00244 ms)
[10/04/2026-22:11:29] [I] Average on 1 runs - GPU latency: 4.21924 ms - Host latency: 4.28418 ms (enqueue 2.10938 ms)
[10/04/2026-22:11:29] [I] Average on 1 runs - GPU latency: 4.21143 ms - Host latency: 4.27197 ms (enqueue 2.03418 ms)
[10/04/2026-22:11:29] [I] Average on 1 runs - GPU latency: 4.21436 ms - Host latency: 4.28174 ms (enqueue 2.08838 ms)
[10/04/2026-22:11:29] [I] Average on 1 runs - GPU latency: 4.21631 ms - Host latency: 4.27881 ms (enqueue 2.06738 ms)
[10/04/2026-22:11:29] [I] Average on 1 runs - GPU latency: 4.21191 ms - Host latency: 4.27344 ms (enqueue 2.08447 ms)
[10/04/2026-22:11:29] [I] Average on 1 runs - GPU latency: 4.21582 ms - Host latency: 4.28223 ms (enqueue 2.01318 ms)
[10/04/2026-22:11:29] [I] Average on 1 runs - GPU latency: 4.21631 ms - Host latency: 4.28174 ms (enqueue 2.13135 ms)
[10/04/2026-22:11:29] [I] Average on 1 runs - GPU latency: 4.21436 ms - Host latency: 4.27832 ms (enqueue 2.0459 ms)
[10/04/2026-22:11:29] [I] Average on 1 runs - GPU latency: 4.21143 ms - Host latency: 4.2749 ms (enqueue 2.10205 ms)
[10/04/2026-22:11:29] [I] Average on 1 runs - GPU latency: 4.21875 ms - Host latency: 4.28467 ms (enqueue 2.08105 ms)
[10/04/2026-22:11:29] [I] Average on 1 runs - GPU latency: 4.21777 ms - Host latency: 4.28467 ms (enqueue 2.00635 ms)
[10/04/2026-22:11:29] [I] Average on 1 runs - GPU latency: 4.21973 ms - Host latency: 4.28174 ms (enqueue 2.07617 ms)
[10/04/2026-22:11:29] [I] Average on 1 runs - GPU latency: 4.21191 ms - Host latency: 4.27637 ms (enqueue 2.02637 ms)
[10/04/2026-22:11:29] [I] Average on 1 runs - GPU latency: 4.21094 ms - Host latency: 4.27588 ms (enqueue 2.0874 ms)
[10/04/2026-22:11:29] [I] Average on 1 runs - GPU latency: 4.21191 ms - Host latency: 4.27344 ms (enqueue 2.0459 ms)
[10/04/2026-22:11:29] [I] Average on 1 runs - GPU latency: 4.20801 ms - Host latency: 4.27295 ms (enqueue 2.0957 ms)
[10/04/2026-22:11:29] [I] Average on 1 runs - GPU latency: 4.21631 ms - Host latency: 4.2793 ms (enqueue 2.00049 ms)
[10/04/2026-22:11:29] [I] Average on 1 runs - GPU latency: 4.21289 ms - Host latency: 4.27539 ms (enqueue 2.12598 ms)
[10/04/2026-22:11:29] [I] Average on 1 runs - GPU latency: 4.21777 ms - Host latency: 4.28027 ms (enqueue 2.06934 ms)
[10/04/2026-22:11:29] [I] ... Omitting 428 lines
[10/04/2026-22:11:29] [I] Average on 1 runs - GPU latency: 4.24121 ms - Host latency: 4.30469 ms (enqueue 2.04688 ms)
[10/04/2026-22:11:29] [I] Average on 1 runs - GPU latency: 4.21973 ms - Host latency: 4.28223 ms (enqueue 2.10059 ms)
[10/04/2026-22:11:29] [I] Average on 1 runs - GPU latency: 4.23438 ms - Host latency: 4.29785 ms (enqueue 2.05566 ms)
[10/04/2026-22:11:29] [I] Average on 1 runs - GPU latency: 4.21875 ms - Host latency: 4.2793 ms (enqueue 2.08301 ms)
[10/04/2026-22:11:29] [I] Average on 1 runs - GPU latency: 4.21484 ms - Host latency: 4.27832 ms (enqueue 2.07129 ms)
[10/04/2026-22:11:29] [I] Average on 1 runs - GPU latency: 4.21387 ms - Host latency: 4.27734 ms (enqueue 2.10449 ms)
[10/04/2026-22:11:29] [I] Average on 1 runs - GPU latency: 4.2207 ms - Host latency: 4.28516 ms (enqueue 2.04492 ms)
[10/04/2026-22:11:29] [I] Average on 1 runs - GPU latency: 4.21191 ms - Host latency: 4.27441 ms (enqueue 2.04492 ms)
[10/04/2026-22:11:29] [I] Average on 1 runs - GPU latency: 4.2168 ms - Host latency: 4.28223 ms (enqueue 2.09668 ms)
[10/04/2026-22:11:29] [I] Average on 1 runs - GPU latency: 4.21875 ms - Host latency: 4.2793 ms (enqueue 2.04297 ms)
[10/04/2026-22:11:29] [I] Average on 1 runs - GPU latency: 4.20801 ms - Host latency: 4.27246 ms (enqueue 2.0957 ms)
[10/04/2026-22:11:29] [I] Average on 1 runs - GPU latency: 4.21094 ms - Host latency: 4.27637 ms (enqueue 1.99902 ms)
[10/04/2026-22:11:29] [I] Average on 1 runs - GPU latency: 4.20508 ms - Host latency: 4.27051 ms (enqueue 2.08203 ms)
[10/04/2026-22:11:29] [I] Average on 1 runs - GPU latency: 4.21777 ms - Host latency: 4.28027 ms (enqueue 2.0293 ms)
[10/04/2026-22:11:29] [I] Average on 1 runs - GPU latency: 4.21582 ms - Host latency: 4.28027 ms (enqueue 2.08301 ms)
[10/04/2026-22:11:29] [I] Average on 1 runs - GPU latency: 4.21289 ms - Host latency: 4.27441 ms (enqueue 2.02344 ms)
[10/04/2026-22:11:29] [I] Average on 1 runs - GPU latency: 4.2207 ms - Host latency: 4.2832 ms (enqueue 2.07324 ms)
[10/04/2026-22:11:29] [I] Average on 1 runs - GPU latency: 4.21094 ms - Host latency: 4.28809 ms (enqueue 2.04688 ms)
[10/04/2026-22:11:29] [I] Average on 1 runs - GPU latency: 4.21875 ms - Host latency: 4.2832 ms (enqueue 2.03613 ms)
[10/04/2026-22:11:29] [I] Average on 1 runs - GPU latency: 4.2168 ms - Host latency: 4.28125 ms (enqueue 2.08398 ms)
[10/04/2026-22:11:29] [I] Average on 1 runs - GPU latency: 4.21387 ms - Host latency: 4.28027 ms (enqueue 2.03125 ms)
[10/04/2026-22:11:29] [I] Average on 1 runs - GPU latency: 4.21875 ms - Host latency: 4.28125 ms (enqueue 2.07129 ms)
[10/04/2026-22:11:29] [I] Average on 1 runs - GPU latency: 4.21582 ms - Host latency: 4.27637 ms (enqueue 2.02734 ms)
[10/04/2026-22:11:29] [I] Average on 1 runs - GPU latency: 4.20996 ms - Host latency: 4.27441 ms (enqueue 2.08105 ms)
[10/04/2026-22:11:29] [I] Average on 1 runs - GPU latency: 4.21191 ms - Host latency: 4.27734 ms (enqueue 2.03613 ms)
[10/04/2026-22:11:29] [I] Average on 1 runs - GPU latency: 4.21582 ms - Host latency: 4.27637 ms (enqueue 2.09375 ms)
[10/04/2026-22:11:29] [I] Average on 1 runs - GPU latency: 4.2168 ms - Host latency: 4.28027 ms (enqueue 2.0625 ms)
[10/04/2026-22:11:29] [I] Average on 1 runs - GPU latency: 4.21875 ms - Host latency: 4.28027 ms (enqueue 2.07617 ms)
[10/04/2026-22:11:29] [I] Average on 1 runs - GPU latency: 4.21191 ms - Host latency: 4.27539 ms (enqueue 2.03125 ms)
[10/04/2026-22:11:29] [I] Average on 1 runs - GPU latency: 4.21484 ms - Host latency: 4.27832 ms (enqueue 2.05469 ms)
[10/04/2026-22:11:29] [I] Average on 1 runs - GPU latency: 4.22363 ms - Host latency: 4.28906 ms (enqueue 2.08496 ms)
[10/04/2026-22:11:29] [I] Average on 1 runs - GPU latency: 4.2207 ms - Host latency: 4.28223 ms (enqueue 2.05859 ms)
[10/04/2026-22:11:29] [I] Average on 1 runs - GPU latency: 4.22266 ms - Host latency: 4.28516 ms (enqueue 2.10742 ms)
[10/04/2026-22:11:29] [I] Average on 1 runs - GPU latency: 4.20996 ms - Host latency: 4.27051 ms (enqueue 2.03809 ms)
[10/04/2026-22:11:29] [I] Average on 1 runs - GPU latency: 4.22168 ms - Host latency: 4.28906 ms (enqueue 2.06152 ms)
[10/04/2026-22:11:29] [I] Average on 1 runs - GPU latency: 4.21973 ms - Host latency: 4.28418 ms (enqueue 2.00684 ms)
[10/04/2026-22:11:29] [I] Average on 1 runs - GPU latency: 4.21875 ms - Host latency: 4.28027 ms (enqueue 2.05078 ms)
[10/04/2026-22:11:29] [I] Average on 1 runs - GPU latency: 4.21387 ms - Host latency: 4.27637 ms (enqueue 2.00586 ms)
[10/04/2026-22:11:29] [I] Average on 1 runs - GPU latency: 4.21387 ms - Host latency: 4.27832 ms (enqueue 2.07031 ms)
[10/04/2026-22:11:29] [I] Average on 1 runs - GPU latency: 4.21484 ms - Host latency: 4.27637 ms (enqueue 2.02148 ms)
[10/04/2026-22:11:29] [I] Average on 1 runs - GPU latency: 4.22266 ms - Host latency: 4.28516 ms (enqueue 2.05566 ms)
[10/04/2026-22:11:29] [I] Average on 1 runs - GPU latency: 4.21582 ms - Host latency: 4.27734 ms (enqueue 2.07324 ms)
[10/04/2026-22:11:29] [I] Average on 1 runs - GPU latency: 4.21289 ms - Host latency: 4.27734 ms (enqueue 2.04785 ms)
[10/04/2026-22:11:29] [I] Average on 1 runs - GPU latency: 4.21191 ms - Host latency: 4.27637 ms (enqueue 2.09082 ms)
[10/04/2026-22:11:29] [I] Average on 1 runs - GPU latency: 4.21777 ms - Host latency: 4.27832 ms (enqueue 2.04199 ms)
[10/04/2026-22:11:29] [I] Average on 1 runs - GPU latency: 4.21094 ms - Host latency: 4.27246 ms (enqueue 2.09082 ms)
[10/04/2026-22:11:29] [I] Average on 1 runs - GPU latency: 4.21387 ms - Host latency: 4.2793 ms (enqueue 2.05078 ms)
[10/04/2026-22:11:29] [I] Average on 1 runs - GPU latency: 4.21484 ms - Host latency: 4.27539 ms (enqueue 2.11328 ms)
[10/04/2026-22:11:29] [I] Average on 1 runs - GPU latency: 4.21191 ms - Host latency: 4.28418 ms (enqueue 2.21387 ms)
[10/04/2026-22:11:29] [I] Average on 1 runs - GPU latency: 4.21289 ms - Host latency: 4.2793 ms (enqueue 2.14648 ms)
[10/04/2026-22:11:29] [I] Average on 1 runs - GPU latency: 4.21484 ms - Host latency: 4.27832 ms (enqueue 2.09863 ms)
[10/04/2026-22:11:29] [I] Average on 1 runs - GPU latency: 4.21191 ms - Host latency: 4.27344 ms (enqueue 2.04102 ms)
[10/04/2026-22:11:29] [I] Average on 1 runs - GPU latency: 4.21582 ms - Host latency: 4.27637 ms (enqueue 2.08105 ms)
[10/04/2026-22:11:29] [I] Average on 1 runs - GPU latency: 4.20996 ms - Host latency: 4.27051 ms (enqueue 2.0332 ms)
[10/04/2026-22:11:29] [I] Average on 1 runs - GPU latency: 4.21094 ms - Host latency: 4.27832 ms (enqueue 2.05859 ms)
[10/04/2026-22:11:29] [I] Average on 1 runs - GPU latency: 4.21582 ms - Host latency: 4.27734 ms (enqueue 2.00098 ms)
[10/04/2026-22:11:29] [I] Average on 1 runs - GPU latency: 4.20703 ms - Host latency: 4.27344 ms (enqueue 2.03809 ms)
[10/04/2026-22:11:29] [I] Average on 1 runs - GPU latency: 4.21582 ms - Host latency: 4.2793 ms (enqueue 2.02051 ms)
[10/04/2026-22:11:29] [I] Average on 1 runs - GPU latency: 4.21289 ms - Host latency: 4.28027 ms (enqueue 2.07227 ms)
[10/04/2026-22:11:29] [I] Average on 1 runs - GPU latency: 4.21387 ms - Host latency: 4.27441 ms (enqueue 2.0293 ms)
[10/04/2026-22:11:29] [I] Average on 1 runs - GPU latency: 4.21973 ms - Host latency: 4.2832 ms (enqueue 2.07617 ms)
[10/04/2026-22:11:29] [I] Average on 1 runs - GPU latency: 4.2207 ms - Host latency: 4.28613 ms (enqueue 2.09277 ms)
[10/04/2026-22:11:29] [I] Average on 1 runs - GPU latency: 4.21484 ms - Host latency: 4.27637 ms (enqueue 2.03418 ms)
[10/04/2026-22:11:29] [I] Average on 1 runs - GPU latency: 4.21582 ms - Host latency: 4.28223 ms (enqueue 2.09277 ms)
[10/04/2026-22:11:29] [I] Average on 1 runs - GPU latency: 4.21289 ms - Host latency: 4.27539 ms (enqueue 2.04395 ms)
[10/04/2026-22:11:29] [I] Average on 1 runs - GPU latency: 4.22168 ms - Host latency: 4.28613 ms (enqueue 2.09863 ms)
[10/04/2026-22:11:29] [I] Average on 1 runs - GPU latency: 4.21973 ms - Host latency: 4.28613 ms (enqueue 2.01367 ms)
[10/04/2026-22:11:29] [I] Average on 1 runs - GPU latency: 4.21484 ms - Host latency: 4.2793 ms (enqueue 2.03906 ms)
[10/04/2026-22:11:29] [I] Average on 1 runs - GPU latency: 4.21289 ms - Host latency: 4.27637 ms (enqueue 2.02246 ms)
[10/04/2026-22:11:29] [I] Average on 1 runs - GPU latency: 4.21484 ms - Host latency: 4.28027 ms (enqueue 2.08887 ms)
[10/04/2026-22:11:29] [I] Average on 1 runs - GPU latency: 4.21777 ms - Host latency: 4.28027 ms (enqueue 2.03809 ms)
[10/04/2026-22:11:29] [I] Average on 1 runs - GPU latency: 4.21191 ms - Host latency: 4.27441 ms (enqueue 2.06738 ms)
[10/04/2026-22:11:29] [I] Average on 1 runs - GPU latency: 4.21387 ms - Host latency: 4.27832 ms (enqueue 2.12012 ms)
[10/04/2026-22:11:29] [I] Average on 1 runs - GPU latency: 4.20898 ms - Host latency: 4.27051 ms (enqueue 2.04688 ms)
[10/04/2026-22:11:29] [I] Average on 1 runs - GPU latency: 4.21191 ms - Host latency: 4.27539 ms (enqueue 2.10645 ms)
[10/04/2026-22:11:29] [I] Average on 1 runs - GPU latency: 4.21582 ms - Host latency: 4.28027 ms (enqueue 2.03223 ms)
[10/04/2026-22:11:29] [I] Average on 1 runs - GPU latency: 4.21289 ms - Host latency: 4.27637 ms (enqueue 2.07031 ms)
[10/04/2026-22:11:29] [I] Average on 1 runs - GPU latency: 4.21582 ms - Host latency: 4.2832 ms (enqueue 2.01465 ms)
[10/04/2026-22:11:29] [I] Average on 1 runs - GPU latency: 4.21191 ms - Host latency: 4.27344 ms (enqueue 2.06348 ms)
[10/04/2026-22:11:29] [I] Average on 1 runs - GPU latency: 4.20801 ms - Host latency: 4.26953 ms (enqueue 2.0293 ms)
[10/04/2026-22:11:29] [I] Average on 1 runs - GPU latency: 4.21484 ms - Host latency: 4.27734 ms (enqueue 2.05566 ms)
[10/04/2026-22:11:29] [I] Average on 1 runs - GPU latency: 4.21875 ms - Host latency: 4.28027 ms (enqueue 2.02148 ms)
[10/04/2026-22:11:29] [I] Average on 1 runs - GPU latency: 4.21777 ms - Host latency: 4.28125 ms (enqueue 2.0791 ms)
[10/04/2026-22:11:29] [I] Average on 1 runs - GPU latency: 4.21289 ms - Host latency: 4.27344 ms (enqueue 2.0752 ms)
[10/04/2026-22:11:29] [I] Average on 1 runs - GPU latency: 4.21191 ms - Host latency: 4.27344 ms (enqueue 2.04297 ms)
[10/04/2026-22:11:29] [I] Average on 1 runs - GPU latency: 4.21387 ms - Host latency: 4.29004 ms (enqueue 2.10547 ms)
[10/04/2026-22:11:29] [I] Average on 1 runs - GPU latency: 4.20996 ms - Host latency: 4.27441 ms (enqueue 2.0459 ms)
[10/04/2026-22:11:29] [I] Average on 1 runs - GPU latency: 4.21484 ms - Host latency: 4.27539 ms (enqueue 2.08594 ms)
[10/04/2026-22:11:29] [I] Average on 1 runs - GPU latency: 4.21582 ms - Host latency: 4.2793 ms (enqueue 2.05371 ms)
[10/04/2026-22:11:29] [I] Average on 1 runs - GPU latency: 4.21289 ms - Host latency: 4.27539 ms (enqueue 2.08398 ms)
[10/04/2026-22:11:29] [I] Average on 1 runs - GPU latency: 4.22559 ms - Host latency: 4.28906 ms (enqueue 2.06445 ms)
[10/04/2026-22:11:29] [I] Average on 1 runs - GPU latency: 4.21973 ms - Host latency: 4.2832 ms (enqueue 2.08008 ms)
[10/04/2026-22:11:29] [I] Average on 1 runs - GPU latency: 4.21582 ms - Host latency: 4.27832 ms (enqueue 2.06738 ms)
[10/04/2026-22:11:29] [I] Average on 1 runs - GPU latency: 4.21289 ms - Host latency: 4.27539 ms (enqueue 2.06934 ms)
[10/04/2026-22:11:29] [I] Average on 1 runs - GPU latency: 4.21582 ms - Host latency: 4.27734 ms (enqueue 2.08203 ms)
[10/04/2026-22:11:29] [I] Average on 1 runs - GPU latency: 4.21094 ms - Host latency: 4.27148 ms (enqueue 2.05078 ms)
[10/04/2026-22:11:29] [I] Average on 1 runs - GPU latency: 4.2207 ms - Host latency: 4.2832 ms (enqueue 2.08496 ms)
[10/04/2026-22:11:29] [I] Average on 1 runs - GPU latency: 4.21289 ms - Host latency: 4.27637 ms (enqueue 2.05957 ms)
[10/04/2026-22:11:29] [I] Average on 1 runs - GPU latency: 4.21094 ms - Host latency: 4.27148 ms (enqueue 2.10645 ms)
[10/04/2026-22:11:29] [I] Average on 1 runs - GPU latency: 4.21582 ms - Host latency: 4.29199 ms (enqueue 2.01172 ms)
[10/04/2026-22:11:29] [I] Average on 1 runs - GPU latency: 4.21191 ms - Host latency: 4.27637 ms (enqueue 2.04492 ms)
[10/04/2026-22:11:29] [I] Average on 1 runs - GPU latency: 4.21875 ms - Host latency: 4.28125 ms (enqueue 2.03223 ms)
[10/04/2026-22:11:29] [I] Average on 1 runs - GPU latency: 4.20996 ms - Host latency: 4.27148 ms (enqueue 2.05859 ms)
[10/04/2026-22:11:29] [I] Average on 1 runs - GPU latency: 4.2168 ms - Host latency: 4.28125 ms (enqueue 2.03711 ms)
[10/04/2026-22:11:29] [I] Average on 1 runs - GPU latency: 4.21094 ms - Host latency: 4.27441 ms (enqueue 2.08887 ms)
[10/04/2026-22:11:29] [I] Average on 1 runs - GPU latency: 4.22266 ms - Host latency: 4.28418 ms (enqueue 2.08105 ms)
[10/04/2026-22:11:29] [I] Average on 1 runs - GPU latency: 4.22168 ms - Host latency: 4.28809 ms (enqueue 2.00195 ms)
[10/04/2026-22:11:29] [I] Average on 1 runs - GPU latency: 4.21973 ms - Host latency: 4.28613 ms (enqueue 2.08398 ms)
[10/04/2026-22:11:29] [I] Average on 1 runs - GPU latency: 4.21191 ms - Host latency: 4.27441 ms (enqueue 2.02637 ms)
[10/04/2026-22:11:29] [I] Average on 1 runs - GPU latency: 4.2168 ms - Host latency: 4.27734 ms (enqueue 2.11133 ms)
[10/04/2026-22:11:29] [I] Average on 1 runs - GPU latency: 4.21484 ms - Host latency: 4.27734 ms (enqueue 2.03516 ms)
[10/04/2026-22:11:29] [I] Average on 1 runs - GPU latency: 4.21289 ms - Host latency: 4.27344 ms (enqueue 2.06836 ms)
[10/04/2026-22:11:29] [I] Average on 1 runs - GPU latency: 4.21289 ms - Host latency: 4.27539 ms (enqueue 2.0293 ms)
[10/04/2026-22:11:29] [I] Average on 1 runs - GPU latency: 4.20703 ms - Host latency: 4.27148 ms (enqueue 2.10742 ms)
[10/04/2026-22:11:29] [I] Average on 1 runs - GPU latency: 4.20898 ms - Host latency: 4.26953 ms (enqueue 2.04297 ms)
[10/04/2026-22:11:29] [I] Average on 1 runs - GPU latency: 4.21875 ms - Host latency: 4.2793 ms (enqueue 2.05078 ms)
[10/04/2026-22:11:29] [I] Average on 1 runs - GPU latency: 4.2168 ms - Host latency: 4.2793 ms (enqueue 2.05859 ms)
[10/04/2026-22:11:29] [I] Average on 1 runs - GPU latency: 4.2207 ms - Host latency: 4.2832 ms (enqueue 2.03516 ms)
[10/04/2026-22:11:29] [I] Average on 1 runs - GPU latency: 4.21094 ms - Host latency: 4.27148 ms (enqueue 2.08008 ms)
[10/04/2026-22:11:29] [I] Average on 1 runs - GPU latency: 4.2168 ms - Host latency: 4.2793 ms (enqueue 2.04492 ms)
[10/04/2026-22:11:29] [I] Average on 1 runs - GPU latency: 4.22461 ms - Host latency: 4.28516 ms (enqueue 2.11523 ms)
[10/04/2026-22:11:29] [I] Average on 1 runs - GPU latency: 4.2168 ms - Host latency: 4.28125 ms (enqueue 2.01953 ms)
[10/04/2026-22:11:29] [I] Average on 1 runs - GPU latency: 4.21875 ms - Host latency: 4.28711 ms (enqueue 2.06836 ms)
[10/04/2026-22:11:29] [I] Average on 1 runs - GPU latency: 4.21875 ms - Host latency: 4.2793 ms (enqueue 2.02148 ms)
[10/04/2026-22:11:29] [I] Average on 1 runs - GPU latency: 4.21094 ms - Host latency: 4.27148 ms (enqueue 2.09375 ms)
[10/04/2026-22:11:29] [I] Average on 1 runs - GPU latency: 4.20703 ms - Host latency: 4.27344 ms (enqueue 2.05664 ms)
[10/04/2026-22:11:29] [I] Average on 1 runs - GPU latency: 4.21289 ms - Host latency: 4.28906 ms (enqueue 2.07031 ms)
[10/04/2026-22:11:29] [I] Average on 1 runs - GPU latency: 4.2168 ms - Host latency: 4.28125 ms (enqueue 2.08984 ms)
[10/04/2026-22:11:29] [I] Average on 1 runs - GPU latency: 4.21289 ms - Host latency: 4.27734 ms (enqueue 2.04688 ms)
[10/04/2026-22:11:29] [I] Average on 1 runs - GPU latency: 4.2207 ms - Host latency: 4.2832 ms (enqueue 2.10938 ms)
[10/04/2026-22:11:29] [I] Average on 1 runs - GPU latency: 4.21289 ms - Host latency: 4.27539 ms (enqueue 2.05859 ms)
[10/04/2026-22:11:29] [I] Average on 1 runs - GPU latency: 4.21094 ms - Host latency: 4.27344 ms (enqueue 2.10547 ms)
[10/04/2026-22:11:29] [I] Average on 1 runs - GPU latency: 4.21289 ms - Host latency: 4.27539 ms (enqueue 2.0625 ms)
[10/04/2026-22:11:29] [I] Average on 1 runs - GPU latency: 4.2168 ms - Host latency: 4.27539 ms (enqueue 2.08008 ms)
[10/04/2026-22:11:29] [I] Average on 1 runs - GPU latency: 4.21289 ms - Host latency: 4.2793 ms (enqueue 2.01562 ms)
[10/04/2026-22:11:29] [I] Average on 1 runs - GPU latency: 4.2207 ms - Host latency: 4.28516 ms (enqueue 2.05469 ms)
[10/04/2026-22:11:29] [I] Average on 1 runs - GPU latency: 4.20898 ms - Host latency: 4.26953 ms (enqueue 2.03125 ms)
[10/04/2026-22:11:29] [I] Average on 1 runs - GPU latency: 4.21484 ms - Host latency: 4.2793 ms (enqueue 2.03711 ms)
[10/04/2026-22:11:29] [I] Average on 1 runs - GPU latency: 4.21094 ms - Host latency: 4.27734 ms (enqueue 2.0625 ms)
[10/04/2026-22:11:29] [I] Average on 1 runs - GPU latency: 4.20898 ms - Host latency: 4.26758 ms (enqueue 2.0332 ms)
[10/04/2026-22:11:29] [I] Average on 1 runs - GPU latency: 4.21484 ms - Host latency: 4.28711 ms (enqueue 2.0957 ms)
[10/04/2026-22:11:29] [I] Average on 1 runs - GPU latency: 4.20898 ms - Host latency: 4.27148 ms (enqueue 2.03516 ms)
[10/04/2026-22:11:29] [I] Average on 1 runs - GPU latency: 4.21484 ms - Host latency: 4.28125 ms (enqueue 2.04492 ms)
[10/04/2026-22:11:29] [I] Average on 1 runs - GPU latency: 4.21484 ms - Host latency: 4.27539 ms (enqueue 2.01758 ms)
[10/04/2026-22:11:29] [I] Average on 1 runs - GPU latency: 4.20703 ms - Host latency: 4.26758 ms (enqueue 2.07422 ms)
[10/04/2026-22:11:29] [I] Average on 1 runs - GPU latency: 4.2207 ms - Host latency: 4.28711 ms (enqueue 1.99805 ms)
[10/04/2026-22:11:29] [I] Average on 1 runs - GPU latency: 4.21484 ms - Host latency: 4.27734 ms (enqueue 2.11328 ms)
[10/04/2026-22:11:29] [I] Average on 1 runs - GPU latency: 4.21094 ms - Host latency: 4.27539 ms (enqueue 2.03125 ms)
[10/04/2026-22:11:29] [I] Average on 1 runs - GPU latency: 4.21289 ms - Host latency: 4.27539 ms (enqueue 2.08398 ms)
[10/04/2026-22:11:29] [I] Average on 1 runs - GPU latency: 4.21094 ms - Host latency: 4.27344 ms (enqueue 2.09766 ms)
[10/04/2026-22:11:29] [I] Average on 1 runs - GPU latency: 4.21484 ms - Host latency: 4.27734 ms (enqueue 2.04492 ms)
[10/04/2026-22:11:29] [I] Average on 1 runs - GPU latency: 4.21289 ms - Host latency: 4.27539 ms (enqueue 2.09766 ms)
[10/04/2026-22:11:29] [I] Average on 1 runs - GPU latency: 4.22266 ms - Host latency: 4.2832 ms (enqueue 2.04883 ms)
[10/04/2026-22:11:29] [I] Average on 1 runs - GPU latency: 4.21094 ms - Host latency: 4.27734 ms (enqueue 2.07227 ms)
[10/04/2026-22:11:29] [I] Average on 1 runs - GPU latency: 4.21289 ms - Host latency: 4.27344 ms (enqueue 2.01172 ms)
[10/04/2026-22:11:29] [I] Average on 1 runs - GPU latency: 4.21289 ms - Host latency: 4.27344 ms (enqueue 2.05664 ms)
[10/04/2026-22:11:29] [I] Average on 1 runs - GPU latency: 4.20898 ms - Host latency: 4.27148 ms (enqueue 2.03516 ms)
[10/04/2026-22:11:29] [I] Average on 1 runs - GPU latency: 4.20898 ms - Host latency: 4.26953 ms (enqueue 2.05469 ms)
[10/04/2026-22:11:29] [I] Average on 1 runs - GPU latency: 4.21484 ms - Host latency: 4.27539 ms (enqueue 2.02148 ms)
[10/04/2026-22:11:29] [I] Average on 1 runs - GPU latency: 4.21094 ms - Host latency: 4.27539 ms (enqueue 2.07031 ms)
[10/04/2026-22:11:29] [I] Average on 1 runs - GPU latency: 4.21094 ms - Host latency: 4.27344 ms (enqueue 2.06445 ms)
[10/04/2026-22:11:29] [I] Average on 1 runs - GPU latency: 4.21094 ms - Host latency: 4.2832 ms (enqueue 2.29297 ms)
[10/04/2026-22:11:29] [I] Average on 1 runs - GPU latency: 4.21289 ms - Host latency: 4.27734 ms (enqueue 2.11914 ms)
[10/04/2026-22:11:29] [I] Average on 1 runs - GPU latency: 4.22266 ms - Host latency: 4.28711 ms (enqueue 2.03516 ms)
[10/04/2026-22:11:29] [I] Average on 1 runs - GPU latency: 4.21484 ms - Host latency: 4.28125 ms (enqueue 2.04492 ms)
[10/04/2026-22:11:29] [I] Average on 1 runs - GPU latency: 4.21484 ms - Host latency: 4.27539 ms (enqueue 2.02734 ms)
[10/04/2026-22:11:29] [I] Average on 1 runs - GPU latency: 4.21094 ms - Host latency: 4.27539 ms (enqueue 2.07812 ms)
[10/04/2026-22:11:29] [I] Average on 1 runs - GPU latency: 4.21094 ms - Host latency: 4.29297 ms (enqueue 2.03125 ms)
[10/04/2026-22:11:29] [I] Average on 1 runs - GPU latency: 4.20898 ms - Host latency: 4.27344 ms (enqueue 2.08984 ms)
[10/04/2026-22:11:29] [I] Average on 1 runs - GPU latency: 4.21094 ms - Host latency: 4.27344 ms (enqueue 2.06836 ms)
[10/04/2026-22:11:29] [I] Average on 1 runs - GPU latency: 4.21289 ms - Host latency: 4.27734 ms (enqueue 2.0332 ms)
[10/04/2026-22:11:29] [I] Average on 1 runs - GPU latency: 4.21289 ms - Host latency: 4.27344 ms (enqueue 2.10352 ms)
[10/04/2026-22:11:29] [I] Average on 1 runs - GPU latency: 4.21289 ms - Host latency: 4.27539 ms (enqueue 2.04688 ms)
[10/04/2026-22:11:29] [I] Average on 1 runs - GPU latency: 4.21484 ms - Host latency: 4.2793 ms (enqueue 2.0918 ms)
[10/04/2026-22:11:29] [I] Average on 1 runs - GPU latency: 4.21289 ms - Host latency: 4.27539 ms (enqueue 2.04492 ms)
[10/04/2026-22:11:29] [I] Average on 1 runs - GPU latency: 4.21875 ms - Host latency: 4.28516 ms (enqueue 2.09766 ms)
[10/04/2026-22:11:29] [I] Average on 1 runs - GPU latency: 4.21484 ms - Host latency: 4.28125 ms (enqueue 2.00977 ms)
[10/04/2026-22:11:29] [I] Average on 1 runs - GPU latency: 4.21484 ms - Host latency: 4.27734 ms (enqueue 2.08008 ms)
[10/04/2026-22:11:29] [I] Average on 1 runs - GPU latency: 4.21094 ms - Host latency: 4.27344 ms (enqueue 2.01562 ms)
[10/04/2026-22:11:29] [I] Average on 1 runs - GPU latency: 4.23242 ms - Host latency: 4.29297 ms (enqueue 2.06836 ms)
[10/04/2026-22:11:29] [I] Average on 1 runs - GPU latency: 4.2207 ms - Host latency: 4.28516 ms (enqueue 2.16016 ms)
[10/04/2026-22:11:29] [I] Average on 1 runs - GPU latency: 4.22656 ms - Host latency: 4.29883 ms (enqueue 2.0625 ms)
[10/04/2026-22:11:29] [I] Average on 1 runs - GPU latency: 4.21289 ms - Host latency: 4.27734 ms (enqueue 2.0918 ms)
[10/04/2026-22:11:29] [I] Average on 1 runs - GPU latency: 4.20898 ms - Host latency: 4.27344 ms (enqueue 2.04297 ms)
[10/04/2026-22:11:29] [I] Average on 1 runs - GPU latency: 4.21094 ms - Host latency: 4.27344 ms (enqueue 2.07812 ms)
[10/04/2026-22:11:29] [I] Average on 1 runs - GPU latency: 4.20898 ms - Host latency: 4.27539 ms (enqueue 2.00391 ms)
[10/04/2026-22:11:29] [I] Average on 1 runs - GPU latency: 4.21484 ms - Host latency: 4.27539 ms (enqueue 2.04492 ms)
[10/04/2026-22:11:29] [I] Average on 1 runs - GPU latency: 4.21484 ms - Host latency: 4.27539 ms (enqueue 2.02734 ms)
[10/04/2026-22:11:29] [I] Average on 1 runs - GPU latency: 4.20898 ms - Host latency: 4.27344 ms (enqueue 2.07812 ms)
[10/04/2026-22:11:29] [I] Average on 1 runs - GPU latency: 4.21484 ms - Host latency: 4.27734 ms (enqueue 2.03906 ms)
[10/04/2026-22:11:29] [I] Average on 1 runs - GPU latency: 4.21875 ms - Host latency: 4.28125 ms (enqueue 2.08594 ms)
[10/04/2026-22:11:29] [I] Average on 1 runs - GPU latency: 4.21484 ms - Host latency: 4.27539 ms (enqueue 2.07812 ms)
[10/04/2026-22:11:29] [I] Average on 1 runs - GPU latency: 4.21094 ms - Host latency: 4.27148 ms (enqueue 2.03906 ms)
[10/04/2026-22:11:29] [I] Average on 1 runs - GPU latency: 4.21484 ms - Host latency: 4.2793 ms (enqueue 2.08984 ms)
[10/04/2026-22:11:29] [I] Average on 1 runs - GPU latency: 4.20508 ms - Host latency: 4.26562 ms (enqueue 2.05664 ms)
[10/04/2026-22:11:29] [I] Average on 1 runs - GPU latency: 4.21094 ms - Host latency: 4.27148 ms (enqueue 2.0918 ms)
[10/04/2026-22:11:29] [I] Average on 1 runs - GPU latency: 4.2168 ms - Host latency: 4.2793 ms (enqueue 2.05664 ms)
[10/04/2026-22:11:29] [I] Average on 1 runs - GPU latency: 4.20508 ms - Host latency: 4.26758 ms (enqueue 2.10547 ms)
[10/04/2026-22:11:29] [I] Average on 1 runs - GPU latency: 4.21094 ms - Host latency: 4.27344 ms (enqueue 2.05273 ms)
[10/04/2026-22:11:29] [I] Average on 1 runs - GPU latency: 4.21484 ms - Host latency: 4.2793 ms (enqueue 2.07812 ms)
[10/04/2026-22:11:29] [I] Average on 1 runs - GPU latency: 4.21289 ms - Host latency: 4.27539 ms (enqueue 2.03906 ms)
[10/04/2026-22:11:29] [I] 
[10/04/2026-22:11:29] [I] === Performance summary ===
[10/04/2026-22:11:29] [I] Throughput: 55.0415 qps
[10/04/2026-22:11:29] [I] Latency: min = 4.26465 ms, max = 4.40259 ms, mean = 4.27938 ms, median = 4.27881 ms, percentile(90%) = 4.28613 ms, percentile(95%) = 4.28833 ms, percentile(99%) = 4.29883 ms
[10/04/2026-22:11:29] [I] Enqueue Time: min = 1.98926 ms, max = 2.77734 ms, mean = 2.07415 ms, median = 2.0708 ms, percentile(90%) = 2.11597 ms, percentile(95%) = 2.13477 ms, percentile(99%) = 2.21484 ms
[10/04/2026-22:11:29] [I] H2D Latency: min = 0.0561523 ms, max = 0.135498 ms, mean = 0.0601951 ms, median = 0.0595703 ms, percentile(90%) = 0.0625 ms, percentile(95%) = 0.0649414 ms, percentile(99%) = 0.0732422 ms
[10/04/2026-22:11:29] [I] GPU Compute Time: min = 4.2002 ms, max = 4.25781 ms, mean = 4.21511 ms, median = 4.21484 ms, percentile(90%) = 4.2207 ms, percentile(95%) = 4.22168 ms, percentile(99%) = 4.23242 ms
[10/04/2026-22:11:29] [I] D2H Latency: min = 0.00195312 ms, max = 0.00927734 ms, mean = 0.00408139 ms, median = 0.00390625 ms, percentile(90%) = 0.00488281 ms, percentile(95%) = 0.00488281 ms, percentile(99%) = 0.00488281 ms
[10/04/2026-22:11:29] [I] Total Host Walltime: 15.0432 s
[10/04/2026-22:11:29] [I] Total GPU Compute Time: 3.49011 s
[10/04/2026-22:11:29] [I] Explanations of the performance metrics are printed in the verbose logs.
[10/04/2026-22:11:29] [I] 
&&&& PASSED TensorRT.trtexec [TensorRT v100300] # /usr/src/tensorrt/bin/trtexec --loadEngine=/tmp/yolo26n_84172_uint8_fp16_opt3.engine --warmUp=3000 --duration=15 --idleTime=16 --avgRuns=1
