&&&& RUNNING TensorRT.trtexec [TensorRT v100300] # /usr/src/tensorrt/bin/trtexec --loadEngine=/tmp/yolo26n_84172_uint8_fp16_opt3.engine --warmUp=3000 --duration=15 --idleTime=0 --avgRuns=1
[10/06/2026-16:14:04] [I] === Model Options ===
[10/06/2026-16:14:04] [I] Format: *
[10/06/2026-16:14:04] [I] Model: 
[10/06/2026-16:14:04] [I] Output:
[10/06/2026-16:14:04] [I] 
[10/06/2026-16:14:04] [I] === System Options ===
[10/06/2026-16:14:04] [I] Device: 0
[10/06/2026-16:14:04] [I] DLACore: 
[10/06/2026-16:14:04] [I] Plugins:
[10/06/2026-16:14:04] [I] setPluginsToSerialize:
[10/06/2026-16:14:04] [I] dynamicPlugins:
[10/06/2026-16:14:04] [I] ignoreParsedPluginLibs: 0
[10/06/2026-16:14:04] [I] 
[10/06/2026-16:14:04] [I] === Inference Options ===
[10/06/2026-16:14:04] [I] Batch: Explicit
[10/06/2026-16:14:04] [I] Input inference shapes: model
[10/06/2026-16:14:04] [I] Iterations: 10
[10/06/2026-16:14:04] [I] Duration: 15s (+ 3000ms warm up)
[10/06/2026-16:14:04] [I] Sleep time: 0ms
[10/06/2026-16:14:04] [I] Idle time: 0ms
[10/06/2026-16:14:04] [I] Inference Streams: 1
[10/06/2026-16:14:04] [I] ExposeDMA: Disabled
[10/06/2026-16:14:04] [I] Data transfers: Enabled
[10/06/2026-16:14:04] [I] Spin-wait: Disabled
[10/06/2026-16:14:04] [I] Multithreading: Disabled
[10/06/2026-16:14:04] [I] CUDA Graph: Disabled
[10/06/2026-16:14:04] [I] Separate profiling: Disabled
[10/06/2026-16:14:04] [I] Time Deserialize: Disabled
[10/06/2026-16:14:04] [I] Time Refit: Disabled
[10/06/2026-16:14:04] [I] NVTX verbosity: 0
[10/06/2026-16:14:04] [I] Persistent Cache Ratio: 0
[10/06/2026-16:14:04] [I] Optimization Profile Index: 0
[10/06/2026-16:14:04] [I] Weight Streaming Budget: 100.000000%
[10/06/2026-16:14:04] [I] Inputs:
[10/06/2026-16:14:04] [I] Debug Tensor Save Destinations:
[10/06/2026-16:14:04] [I] === Reporting Options ===
[10/06/2026-16:14:04] [I] Verbose: Disabled
[10/06/2026-16:14:04] [I] Averages: 1 inferences
[10/06/2026-16:14:04] [I] Percentiles: 90,95,99
[10/06/2026-16:14:04] [I] Dump refittable layers:Disabled
[10/06/2026-16:14:04] [I] Dump output: Disabled
[10/06/2026-16:14:04] [I] Profile: Disabled
[10/06/2026-16:14:04] [I] Export timing to JSON file: 
[10/06/2026-16:14:04] [I] Export output to JSON file: 
[10/06/2026-16:14:04] [I] Export profile to JSON file: 
[10/06/2026-16:14:04] [I] 
[10/06/2026-16:14:04] [I] === Device Information ===
[10/06/2026-16:14:04] [I] Available Devices: 
[10/06/2026-16:14:04] [I]   Device 0: "Orin" UUID: GPU-6e16c2c1-e394-5324-8f2e-63a975968f4e
[10/06/2026-16:14:04] [I] Selected Device: Orin
[10/06/2026-16:14:04] [I] Selected Device ID: 0
[10/06/2026-16:14:04] [I] Selected Device UUID: GPU-6e16c2c1-e394-5324-8f2e-63a975968f4e
[10/06/2026-16:14:04] [I] Compute Capability: 8.7
[10/06/2026-16:14:04] [I] SMs: 8
[10/06/2026-16:14:04] [I] Device Global Memory: 7607 MiB
[10/06/2026-16:14:04] [I] Shared Memory per SM: 164 KiB
[10/06/2026-16:14:04] [I] Memory Bus Width: 128 bits (ECC disabled)
[10/06/2026-16:14:04] [I] Application Compute Clock Rate: 1.02 GHz
[10/06/2026-16:14:04] [I] Application Memory Clock Rate: 0.714 GHz
[10/06/2026-16:14:04] [I] 
[10/06/2026-16:14:04] [I] Note: The application clock rates do not reflect the actual clock rates that the GPU is currently running at.
[10/06/2026-16:14:04] [I] 
[10/06/2026-16:14:04] [I] TensorRT version: 10.3.0
[10/06/2026-16:14:04] [I] Loading standard plugins
[10/06/2026-16:14:04] [I] [TRT] Loaded engine size: 7 MiB
[10/06/2026-16:14:04] [I] Engine deserialized in 0.073668 sec.
[10/06/2026-16:14:04] [I] [TRT] [MemUsageChange] TensorRT-managed allocation in IExecutionContext creation: CPU +0, GPU +12, now: CPU 0, GPU 16 (MiB)
[10/06/2026-16:14:04] [I] Setting persistentCacheLimit to 0 bytes.
[10/06/2026-16:14:04] [I] Created execution context with device memory size: 12.207 MiB
[10/06/2026-16:14:04] [I] Using random values for input images
[10/06/2026-16:14:04] [I] Input binding for images with dimensions 1x640x640x3 is created.
[10/06/2026-16:14:04] [I] Output binding for output0 with dimensions 1x300x6 is created.
[10/06/2026-16:14:04] [I] Starting inference
[10/06/2026-16:14:22] [I] Warmup completed 513 queries over 3000 ms
[10/06/2026-16:14:22] [I] Timing trace has 2647 queries over 15.0156 s
[10/06/2026-16:14:22] [I] 
[10/06/2026-16:14:22] [I] === Trace details ===
[10/06/2026-16:14:22] [I] Trace averages of 1 runs:
[10/06/2026-16:14:22] [I] Average on 1 runs - GPU latency: 5.65747 ms - Host latency: 5.76562 ms (enqueue 3.68408 ms)
[10/06/2026-16:14:22] [I] Average on 1 runs - GPU latency: 5.67529 ms - Host latency: 5.85596 ms (enqueue 3.88086 ms)
[10/06/2026-16:14:22] [I] Average on 1 runs - GPU latency: 5.67236 ms - Host latency: 5.80176 ms (enqueue 3.88989 ms)
[10/06/2026-16:14:22] [I] Average on 1 runs - GPU latency: 5.67285 ms - Host latency: 5.80127 ms (enqueue 3.88916 ms)
[10/06/2026-16:14:22] [I] Average on 1 runs - GPU latency: 5.67969 ms - Host latency: 5.82056 ms (enqueue 4.18384 ms)
[10/06/2026-16:14:22] [I] Average on 1 runs - GPU latency: 5.6748 ms - Host latency: 5.8208 ms (enqueue 3.90601 ms)
[10/06/2026-16:14:22] [I] Average on 1 runs - GPU latency: 5.66797 ms - Host latency: 5.79956 ms (enqueue 4.02319 ms)
[10/06/2026-16:14:22] [I] Average on 1 runs - GPU latency: 5.66016 ms - Host latency: 5.77051 ms (enqueue 3.89526 ms)
[10/06/2026-16:14:22] [I] Average on 1 runs - GPU latency: 5.66943 ms - Host latency: 5.78198 ms (enqueue 3.92773 ms)
[10/06/2026-16:14:22] [I] Average on 1 runs - GPU latency: 5.68652 ms - Host latency: 5.82104 ms (enqueue 4.09229 ms)
[10/06/2026-16:14:22] [I] Average on 1 runs - GPU latency: 5.6709 ms - Host latency: 5.80151 ms (enqueue 3.90771 ms)
[10/06/2026-16:14:22] [I] Average on 1 runs - GPU latency: 5.67383 ms - Host latency: 5.80762 ms (enqueue 4.09985 ms)
[10/06/2026-16:14:22] [I] Average on 1 runs - GPU latency: 5.67773 ms - Host latency: 5.77905 ms (enqueue 3.85449 ms)
[10/06/2026-16:14:22] [I] Average on 1 runs - GPU latency: 5.67383 ms - Host latency: 5.7854 ms (enqueue 3.7998 ms)
[10/06/2026-16:14:22] [I] Average on 1 runs - GPU latency: 5.6709 ms - Host latency: 5.8042 ms (enqueue 3.89697 ms)
[10/06/2026-16:14:22] [I] Average on 1 runs - GPU latency: 5.68091 ms - Host latency: 5.80054 ms (enqueue 3.86646 ms)
[10/06/2026-16:14:22] [I] Average on 1 runs - GPU latency: 5.67065 ms - Host latency: 5.7998 ms (enqueue 4.146 ms)
[10/06/2026-16:14:22] [I] Average on 1 runs - GPU latency: 5.60791 ms - Host latency: 5.70703 ms (enqueue 3.85132 ms)
[10/06/2026-16:14:22] [I] Average on 1 runs - GPU latency: 5.67212 ms - Host latency: 5.80396 ms (enqueue 2.99243 ms)
[10/06/2026-16:14:22] [I] Average on 1 runs - GPU latency: 5.67065 ms - Host latency: 5.78687 ms (enqueue 3.89502 ms)
[10/06/2026-16:14:22] [I] Average on 1 runs - GPU latency: 5.67627 ms - Host latency: 5.78003 ms (enqueue 3.64844 ms)
[10/06/2026-16:14:22] [I] Average on 1 runs - GPU latency: 5.67334 ms - Host latency: 5.77881 ms (enqueue 3.01562 ms)
[10/06/2026-16:14:22] [I] Average on 1 runs - GPU latency: 5.67334 ms - Host latency: 5.76196 ms (enqueue 3.00537 ms)
[10/06/2026-16:14:22] [I] Average on 1 runs - GPU latency: 5.68286 ms - Host latency: 5.78687 ms (enqueue 2.92871 ms)
[10/06/2026-16:14:22] [I] Average on 1 runs - GPU latency: 5.67285 ms - Host latency: 5.79053 ms (enqueue 3.5813 ms)
[10/06/2026-16:14:22] [I] Average on 1 runs - GPU latency: 5.6709 ms - Host latency: 5.78589 ms (enqueue 3.52612 ms)
[10/06/2026-16:14:22] [I] Average on 1 runs - GPU latency: 5.67505 ms - Host latency: 5.79761 ms (enqueue 3.59058 ms)
[10/06/2026-16:14:22] [I] Average on 1 runs - GPU latency: 5.67944 ms - Host latency: 5.78784 ms (enqueue 3.65015 ms)
[10/06/2026-16:14:22] [I] Average on 1 runs - GPU latency: 5.67871 ms - Host latency: 5.80103 ms (enqueue 3.68701 ms)
[10/06/2026-16:14:22] [I] Average on 1 runs - GPU latency: 5.67261 ms - Host latency: 5.79175 ms (enqueue 3.90112 ms)
[10/06/2026-16:14:22] [I] Average on 1 runs - GPU latency: 5.68213 ms - Host latency: 5.79297 ms (enqueue 3.87695 ms)
[10/06/2026-16:14:22] [I] Average on 1 runs - GPU latency: 5.67139 ms - Host latency: 5.78882 ms (enqueue 3.86938 ms)
[10/06/2026-16:14:22] [I] Average on 1 runs - GPU latency: 5.67212 ms - Host latency: 5.78271 ms (enqueue 3.87891 ms)
[10/06/2026-16:14:22] [I] Average on 1 runs - GPU latency: 5.6731 ms - Host latency: 5.80005 ms (enqueue 3.87915 ms)
[10/06/2026-16:14:22] [I] Average on 1 runs - GPU latency: 5.67603 ms - Host latency: 5.79785 ms (enqueue 3.87305 ms)
[10/06/2026-16:14:22] [I] Average on 1 runs - GPU latency: 5.63452 ms - Host latency: 5.75952 ms (enqueue 4.06323 ms)
[10/06/2026-16:14:22] [I] Average on 1 runs - GPU latency: 5.6748 ms - Host latency: 5.76514 ms (enqueue 2.58398 ms)
[10/06/2026-16:14:22] [I] Average on 1 runs - GPU latency: 5.66528 ms - Host latency: 5.78833 ms (enqueue 4.15967 ms)
[10/06/2026-16:14:22] [I] Average on 1 runs - GPU latency: 5.66504 ms - Host latency: 5.77197 ms (enqueue 3.83252 ms)
[10/06/2026-16:14:22] [I] Average on 1 runs - GPU latency: 5.67383 ms - Host latency: 5.79443 ms (enqueue 3.18286 ms)
[10/06/2026-16:14:22] [I] Average on 1 runs - GPU latency: 5.67676 ms - Host latency: 5.78442 ms (enqueue 2.75732 ms)
[10/06/2026-16:14:22] [I] Average on 1 runs - GPU latency: 5.66284 ms - Host latency: 5.78418 ms (enqueue 2.9231 ms)
[10/06/2026-16:14:22] [I] Average on 1 runs - GPU latency: 5.66064 ms - Host latency: 5.75342 ms (enqueue 2.83423 ms)
[10/06/2026-16:14:22] [I] Average on 1 runs - GPU latency: 5.63306 ms - Host latency: 5.72485 ms (enqueue 2.71558 ms)
[10/06/2026-16:14:22] [I] Average on 1 runs - GPU latency: 5.67773 ms - Host latency: 5.7666 ms (enqueue 2.53735 ms)
[10/06/2026-16:14:22] [I] Average on 1 runs - GPU latency: 5.68359 ms - Host latency: 5.81494 ms (enqueue 3.53467 ms)
[10/06/2026-16:14:22] [I] Average on 1 runs - GPU latency: 5.67236 ms - Host latency: 5.8269 ms (enqueue 3.51782 ms)
[10/06/2026-16:14:22] [I] Average on 1 runs - GPU latency: 5.67456 ms - Host latency: 5.78809 ms (enqueue 3.13745 ms)
[10/06/2026-16:14:22] [I] Average on 1 runs - GPU latency: 5.6709 ms - Host latency: 5.77319 ms (enqueue 3.0293 ms)
[10/06/2026-16:14:22] [I] Average on 1 runs - GPU latency: 5.67188 ms - Host latency: 5.77173 ms (enqueue 2.80859 ms)
[10/06/2026-16:14:22] [I] Average on 1 runs - GPU latency: 5.68091 ms - Host latency: 5.77661 ms (enqueue 3.11719 ms)
[10/06/2026-16:14:22] [I] Average on 1 runs - GPU latency: 5.68018 ms - Host latency: 5.79663 ms (enqueue 3.61621 ms)
[10/06/2026-16:14:22] [I] Average on 1 runs - GPU latency: 5.6438 ms - Host latency: 5.77661 ms (enqueue 3.78979 ms)
[10/06/2026-16:14:22] [I] Average on 1 runs - GPU latency: 5.62622 ms - Host latency: 5.76196 ms (enqueue 3.65698 ms)
[10/06/2026-16:14:22] [I] Average on 1 runs - GPU latency: 5.67236 ms - Host latency: 5.76123 ms (enqueue 2.06982 ms)
[10/06/2026-16:14:22] [I] Average on 1 runs - GPU latency: 5.67773 ms - Host latency: 5.78247 ms (enqueue 3.88647 ms)
[10/06/2026-16:14:22] [I] Average on 1 runs - GPU latency: 5.67847 ms - Host latency: 5.80688 ms (enqueue 3.62158 ms)
[10/06/2026-16:14:22] [I] Average on 1 runs - GPU latency: 5.67798 ms - Host latency: 5.79102 ms (enqueue 3.80518 ms)
[10/06/2026-16:14:22] [I] Average on 1 runs - GPU latency: 5.66797 ms - Host latency: 5.80884 ms (enqueue 3.87866 ms)
[10/06/2026-16:14:22] [I] Average on 1 runs - GPU latency: 5.68921 ms - Host latency: 5.82129 ms (enqueue 3.82568 ms)
[10/06/2026-16:14:22] [I] Average on 1 runs - GPU latency: 5.69165 ms - Host latency: 5.82544 ms (enqueue 3.85571 ms)
[10/06/2026-16:14:22] [I] Average on 1 runs - GPU latency: 5.62793 ms - Host latency: 5.76709 ms (enqueue 4.21191 ms)
[10/06/2026-16:14:22] [I] Average on 1 runs - GPU latency: 5.65723 ms - Host latency: 5.79077 ms (enqueue 3.22754 ms)
[10/06/2026-16:14:22] [I] Average on 1 runs - GPU latency: 5.67285 ms - Host latency: 5.78613 ms (enqueue 3.8938 ms)
[10/06/2026-16:14:22] [I] Average on 1 runs - GPU latency: 5.67578 ms - Host latency: 5.802 ms (enqueue 3.88916 ms)
[10/06/2026-16:14:22] [I] Average on 1 runs - GPU latency: 5.6748 ms - Host latency: 5.80103 ms (enqueue 3.71533 ms)
[10/06/2026-16:14:22] [I] Average on 1 runs - GPU latency: 5.60522 ms - Host latency: 5.72437 ms (enqueue 3.22729 ms)
[10/06/2026-16:14:22] [I] Average on 1 runs - GPU latency: 5.61572 ms - Host latency: 5.75024 ms (enqueue 2.60547 ms)
[10/06/2026-16:14:22] [I] Average on 1 runs - GPU latency: 5.67383 ms - Host latency: 5.76562 ms (enqueue 2.48584 ms)
[10/06/2026-16:14:22] [I] Average on 1 runs - GPU latency: 5.67578 ms - Host latency: 5.76562 ms (enqueue 2.53345 ms)
[10/06/2026-16:14:22] [I] Average on 1 runs - GPU latency: 5.66797 ms - Host latency: 5.78613 ms (enqueue 2.72656 ms)
[10/06/2026-16:14:22] [I] Average on 1 runs - GPU latency: 5.67358 ms - Host latency: 5.76929 ms (enqueue 2.60474 ms)
[10/06/2026-16:14:22] [I] Average on 1 runs - GPU latency: 5.67505 ms - Host latency: 5.78198 ms (enqueue 2.8291 ms)
[10/06/2026-16:14:22] [I] Average on 1 runs - GPU latency: 5.68359 ms - Host latency: 5.78564 ms (enqueue 2.9126 ms)
[10/06/2026-16:14:22] [I] Average on 1 runs - GPU latency: 5.67188 ms - Host latency: 5.81104 ms (enqueue 3.00562 ms)
[10/06/2026-16:14:22] [I] Average on 1 runs - GPU latency: 5.67188 ms - Host latency: 5.7981 ms (enqueue 3.15869 ms)
[10/06/2026-16:14:22] [I] Average on 1 runs - GPU latency: 5.68115 ms - Host latency: 5.7854 ms (enqueue 3.13696 ms)
[10/06/2026-16:14:22] [I] Average on 1 runs - GPU latency: 5.69141 ms - Host latency: 5.81445 ms (enqueue 3.19385 ms)
[10/06/2026-16:14:22] [I] Average on 1 runs - GPU latency: 5.67773 ms - Host latency: 5.81982 ms (enqueue 3.16675 ms)
[10/06/2026-16:14:22] [I] Average on 1 runs - GPU latency: 5.67554 ms - Host latency: 5.79712 ms (enqueue 3.375 ms)
[10/06/2026-16:14:22] [I] Average on 1 runs - GPU latency: 5.67041 ms - Host latency: 5.83838 ms (enqueue 3.29102 ms)
[10/06/2026-16:14:22] [I] Average on 1 runs - GPU latency: 5.67017 ms - Host latency: 5.78516 ms (enqueue 3.40234 ms)
[10/06/2026-16:14:22] [I] Average on 1 runs - GPU latency: 5.6687 ms - Host latency: 5.77246 ms (enqueue 3.59839 ms)
[10/06/2026-16:14:22] [I] Average on 1 runs - GPU latency: 5.68018 ms - Host latency: 5.78979 ms (enqueue 3.37427 ms)
[10/06/2026-16:14:22] [I] Average on 1 runs - GPU latency: 5.66992 ms - Host latency: 5.78979 ms (enqueue 3.6084 ms)
[10/06/2026-16:14:22] [I] Average on 1 runs - GPU latency: 5.66577 ms - Host latency: 5.76611 ms (enqueue 3.30176 ms)
[10/06/2026-16:14:22] [I] Average on 1 runs - GPU latency: 5.67505 ms - Host latency: 5.78149 ms (enqueue 3.61377 ms)
[10/06/2026-16:14:22] [I] Average on 1 runs - GPU latency: 5.66431 ms - Host latency: 5.82178 ms (enqueue 3.86157 ms)
[10/06/2026-16:14:22] [I] Average on 1 runs - GPU latency: 5.63721 ms - Host latency: 5.74341 ms (enqueue 3.55933 ms)
[10/06/2026-16:14:22] [I] Average on 1 runs - GPU latency: 5.67725 ms - Host latency: 5.7583 ms (enqueue 2.12134 ms)
[10/06/2026-16:14:22] [I] Average on 1 runs - GPU latency: 5.67236 ms - Host latency: 5.80396 ms (enqueue 3.86938 ms)
[10/06/2026-16:14:22] [I] Average on 1 runs - GPU latency: 5.68652 ms - Host latency: 5.79858 ms (enqueue 3.87183 ms)
[10/06/2026-16:14:22] [I] Average on 1 runs - GPU latency: 5.66748 ms - Host latency: 5.82837 ms (enqueue 3.54785 ms)
[10/06/2026-16:14:22] [I] Average on 1 runs - GPU latency: 5.67505 ms - Host latency: 5.8313 ms (enqueue 3.8479 ms)
[10/06/2026-16:14:22] [I] Average on 1 runs - GPU latency: 5.68213 ms - Host latency: 5.8291 ms (enqueue 3.81982 ms)
[10/06/2026-16:14:22] [I] Average on 1 runs - GPU latency: 5.67822 ms - Host latency: 5.81226 ms (enqueue 3.91431 ms)
[10/06/2026-16:14:22] [I] Average on 1 runs - GPU latency: 5.65845 ms - Host latency: 5.79126 ms (enqueue 3.90015 ms)
[10/06/2026-16:14:22] [I] Average on 1 runs - GPU latency: 5.64575 ms - Host latency: 5.78467 ms (enqueue 3.8479 ms)
[10/06/2026-16:14:22] [I] Average on 1 runs - GPU latency: 5.68359 ms - Host latency: 5.78198 ms (enqueue 3.05737 ms)
[10/06/2026-16:14:22] [I] Average on 1 runs - GPU latency: 5.67529 ms - Host latency: 5.81665 ms (enqueue 3.90381 ms)
[10/06/2026-16:14:22] [I] Average on 1 runs - GPU latency: 5.67456 ms - Host latency: 5.82178 ms (enqueue 5.44092 ms)
[10/06/2026-16:14:22] [I] Average on 1 runs - GPU latency: 5.67065 ms - Host latency: 5.79785 ms (enqueue 3.82544 ms)
[10/06/2026-16:14:22] [I] Average on 1 runs - GPU latency: 5.66943 ms - Host latency: 5.80566 ms (enqueue 3.98755 ms)
[10/06/2026-16:14:22] [I] Average on 1 runs - GPU latency: 5.67261 ms - Host latency: 5.79858 ms (enqueue 3.80688 ms)
[10/06/2026-16:14:22] [I] Average on 1 runs - GPU latency: 5.66724 ms - Host latency: 5.80005 ms (enqueue 4.01514 ms)
[10/06/2026-16:14:22] [I] Average on 1 runs - GPU latency: 5.6394 ms - Host latency: 5.76221 ms (enqueue 3.64038 ms)
[10/06/2026-16:14:22] [I] Average on 1 runs - GPU latency: 5.67334 ms - Host latency: 5.80811 ms (enqueue 3.59326 ms)
[10/06/2026-16:14:22] [I] Average on 1 runs - GPU latency: 5.68213 ms - Host latency: 5.81519 ms (enqueue 3.66553 ms)
[10/06/2026-16:14:22] [I] Average on 1 runs - GPU latency: 5.67383 ms - Host latency: 5.81128 ms (enqueue 3.60693 ms)
[10/06/2026-16:14:22] [I] Average on 1 runs - GPU latency: 5.66479 ms - Host latency: 5.8103 ms (enqueue 3.91675 ms)
[10/06/2026-16:14:22] [I] Average on 1 runs - GPU latency: 5.68311 ms - Host latency: 5.8125 ms (enqueue 3.65137 ms)
[10/06/2026-16:14:22] [I] Average on 1 runs - GPU latency: 5.67773 ms - Host latency: 5.82812 ms (enqueue 3.8894 ms)
[10/06/2026-16:14:22] [I] Average on 1 runs - GPU latency: 5.67993 ms - Host latency: 5.82031 ms (enqueue 3.9231 ms)
[10/06/2026-16:14:22] [I] Average on 1 runs - GPU latency: 5.67725 ms - Host latency: 5.81519 ms (enqueue 3.77563 ms)
[10/06/2026-16:14:22] [I] Average on 1 runs - GPU latency: 5.67822 ms - Host latency: 5.82251 ms (enqueue 3.79077 ms)
[10/06/2026-16:14:22] [I] Average on 1 runs - GPU latency: 5.67236 ms - Host latency: 5.81494 ms (enqueue 3.7981 ms)
[10/06/2026-16:14:22] [I] Average on 1 runs - GPU latency: 5.67578 ms - Host latency: 5.81934 ms (enqueue 4.10376 ms)
[10/06/2026-16:14:22] [I] Average on 1 runs - GPU latency: 5.65796 ms - Host latency: 5.79492 ms (enqueue 3.8291 ms)
[10/06/2026-16:14:22] [I] Average on 1 runs - GPU latency: 5.65698 ms - Host latency: 5.78638 ms (enqueue 3.85571 ms)
[10/06/2026-16:14:22] [I] Average on 1 runs - GPU latency: 5.66675 ms - Host latency: 5.8064 ms (enqueue 3.89526 ms)
[10/06/2026-16:14:22] [I] Average on 1 runs - GPU latency: 5.66943 ms - Host latency: 5.77783 ms (enqueue 3.88208 ms)
[10/06/2026-16:14:22] [I] Average on 1 runs - GPU latency: 5.66919 ms - Host latency: 5.80811 ms (enqueue 4.18921 ms)
[10/06/2026-16:14:22] [I] Average on 1 runs - GPU latency: 5.68042 ms - Host latency: 5.79004 ms (enqueue 3.88306 ms)
[10/06/2026-16:14:22] [I] Average on 1 runs - GPU latency: 5.61426 ms - Host latency: 5.77637 ms (enqueue 3.76172 ms)
[10/06/2026-16:14:22] [I] Average on 1 runs - GPU latency: 5.66113 ms - Host latency: 5.79248 ms (enqueue 3.97534 ms)
[10/06/2026-16:14:22] [I] Average on 1 runs - GPU latency: 5.68335 ms - Host latency: 5.80859 ms (enqueue 3.89453 ms)
[10/06/2026-16:14:22] [I] Average on 1 runs - GPU latency: 5.68164 ms - Host latency: 5.80664 ms (enqueue 4.12036 ms)
[10/06/2026-16:14:22] [I] Average on 1 runs - GPU latency: 5.67432 ms - Host latency: 5.80396 ms (enqueue 3.89355 ms)
[10/06/2026-16:14:22] [I] Average on 1 runs - GPU latency: 5.67334 ms - Host latency: 5.82593 ms (enqueue 4.15039 ms)
[10/06/2026-16:14:22] [I] Average on 1 runs - GPU latency: 5.67798 ms - Host latency: 5.81641 ms (enqueue 3.86328 ms)
[10/06/2026-16:14:22] [I] Average on 1 runs - GPU latency: 5.68311 ms - Host latency: 5.82495 ms (enqueue 3.87231 ms)
[10/06/2026-16:14:22] [I] Average on 1 runs - GPU latency: 5.67114 ms - Host latency: 5.81055 ms (enqueue 4.18457 ms)
[10/06/2026-16:14:22] [I] Average on 1 runs - GPU latency: 5.61987 ms - Host latency: 5.75854 ms (enqueue 3.8606 ms)
[10/06/2026-16:14:22] [I] Average on 1 runs - GPU latency: 5.67676 ms - Host latency: 5.80518 ms (enqueue 4.04346 ms)
[10/06/2026-16:14:22] [I] Average on 1 runs - GPU latency: 5.67627 ms - Host latency: 5.81445 ms (enqueue 3.86646 ms)
[10/06/2026-16:14:22] [I] Average on 1 runs - GPU latency: 5.67065 ms - Host latency: 5.85791 ms (enqueue 3.79883 ms)
[10/06/2026-16:14:22] [I] Average on 1 runs - GPU latency: 5.67139 ms - Host latency: 5.81299 ms (enqueue 3.88208 ms)
[10/06/2026-16:14:22] [I] Average on 1 runs - GPU latency: 5.66675 ms - Host latency: 5.78491 ms (enqueue 3.93628 ms)
[10/06/2026-16:14:22] [I] Average on 1 runs - GPU latency: 5.67529 ms - Host latency: 5.79443 ms (enqueue 4.15039 ms)
[10/06/2026-16:14:22] [I] Average on 1 runs - GPU latency: 5.67676 ms - Host latency: 5.78687 ms (enqueue 3.88354 ms)
[10/06/2026-16:14:22] [I] Average on 1 runs - GPU latency: 5.67505 ms - Host latency: 5.80981 ms (enqueue 4.09033 ms)
[10/06/2026-16:14:22] [I] Average on 1 runs - GPU latency: 5.59546 ms - Host latency: 5.72021 ms (enqueue 3.92383 ms)
[10/06/2026-16:14:22] [I] Average on 1 runs - GPU latency: 5.63477 ms - Host latency: 5.76196 ms (enqueue 3.80615 ms)
[10/06/2026-16:14:22] [I] Average on 1 runs - GPU latency: 5.66284 ms - Host latency: 5.76953 ms (enqueue 4.17383 ms)
[10/06/2026-16:14:22] [I] Average on 1 runs - GPU latency: 5.68164 ms - Host latency: 5.80518 ms (enqueue 3.89526 ms)
[10/06/2026-16:14:22] [I] Average on 1 runs - GPU latency: 5.68433 ms - Host latency: 5.80957 ms (enqueue 4.1709 ms)
[10/06/2026-16:14:22] [I] Average on 1 runs - GPU latency: 5.62744 ms - Host latency: 5.75049 ms (enqueue 3.87964 ms)
[10/06/2026-16:14:22] [I] Average on 1 runs - GPU latency: 5.65747 ms - Host latency: 5.7981 ms (enqueue 3.78369 ms)
[10/06/2026-16:14:22] [I] Average on 1 runs - GPU latency: 5.66699 ms - Host latency: 5.7854 ms (enqueue 4.0835 ms)
[10/06/2026-16:14:22] [I] Average on 1 runs - GPU latency: 5.66821 ms - Host latency: 5.77368 ms (enqueue 3.97314 ms)
[10/06/2026-16:14:22] [I] Average on 1 runs - GPU latency: 5.65747 ms - Host latency: 5.80249 ms (enqueue 4.20605 ms)
[10/06/2026-16:14:22] [I] Average on 1 runs - GPU latency: 5.68091 ms - Host latency: 5.8103 ms (enqueue 3.92163 ms)
[10/06/2026-16:14:22] [I] Average on 1 runs - GPU latency: 5.68213 ms - Host latency: 5.82324 ms (enqueue 4.17578 ms)
[10/06/2026-16:14:22] [I] Average on 1 runs - GPU latency: 5.68677 ms - Host latency: 5.82788 ms (enqueue 3.94214 ms)
[10/06/2026-16:14:22] [I] Average on 1 runs - GPU latency: 5.67896 ms - Host latency: 5.82104 ms (enqueue 3.87891 ms)
[10/06/2026-16:14:22] [I] Average on 1 runs - GPU latency: 5.62256 ms - Host latency: 5.76733 ms (enqueue 4.08032 ms)
[10/06/2026-16:14:22] [I] Average on 1 runs - GPU latency: 5.67944 ms - Host latency: 5.79395 ms (enqueue 3.86548 ms)
[10/06/2026-16:14:22] [I] Average on 1 runs - GPU latency: 5.66626 ms - Host latency: 5.80493 ms (enqueue 3.99414 ms)
[10/06/2026-16:14:22] [I] Average on 1 runs - GPU latency: 5.63062 ms - Host latency: 5.74829 ms (enqueue 3.9104 ms)
[10/06/2026-16:14:22] [I] Average on 1 runs - GPU latency: 5.67603 ms - Host latency: 5.85693 ms (enqueue 3.88867 ms)
[10/06/2026-16:14:22] [I] Average on 1 runs - GPU latency: 5.67578 ms - Host latency: 5.81934 ms (enqueue 3.78003 ms)
[10/06/2026-16:14:22] [I] Average on 1 runs - GPU latency: 5.66846 ms - Host latency: 5.80591 ms (enqueue 3.6687 ms)
[10/06/2026-16:14:22] [I] Average on 1 runs - GPU latency: 5.67896 ms - Host latency: 5.81714 ms (enqueue 3.65186 ms)
[10/06/2026-16:14:22] [I] Average on 1 runs - GPU latency: 5.6748 ms - Host latency: 5.81274 ms (enqueue 3.72607 ms)
[10/06/2026-16:14:22] [I] Average on 1 runs - GPU latency: 5.68311 ms - Host latency: 5.83618 ms (enqueue 4.02002 ms)
[10/06/2026-16:14:22] [I] Average on 1 runs - GPU latency: 5.67407 ms - Host latency: 5.82349 ms (enqueue 3.98877 ms)
[10/06/2026-16:14:22] [I] Average on 1 runs - GPU latency: 5.67725 ms - Host latency: 5.80688 ms (enqueue 3.93237 ms)
[10/06/2026-16:14:22] [I] Average on 1 runs - GPU latency: 5.61938 ms - Host latency: 5.76416 ms (enqueue 3.99683 ms)
[10/06/2026-16:14:22] [I] Average on 1 runs - GPU latency: 5.67407 ms - Host latency: 5.84082 ms (enqueue 3.53467 ms)
[10/06/2026-16:14:22] [I] Average on 1 runs - GPU latency: 5.67456 ms - Host latency: 5.84546 ms (enqueue 4.0022 ms)
[10/06/2026-16:14:22] [I] Average on 1 runs - GPU latency: 5.68579 ms - Host latency: 5.79077 ms (enqueue 3.63403 ms)
[10/06/2026-16:14:22] [I] Average on 1 runs - GPU latency: 5.6731 ms - Host latency: 5.82959 ms (enqueue 3.95483 ms)
[10/06/2026-16:14:22] [I] Average on 1 runs - GPU latency: 5.66724 ms - Host latency: 5.80762 ms (enqueue 3.41943 ms)
[10/06/2026-16:14:22] [I] Average on 1 runs - GPU latency: 5.66919 ms - Host latency: 5.78296 ms (enqueue 3.39355 ms)
[10/06/2026-16:14:22] [I] Average on 1 runs - GPU latency: 5.67407 ms - Host latency: 5.80713 ms (enqueue 3.58789 ms)
[10/06/2026-16:14:22] [I] Average on 1 runs - GPU latency: 5.66016 ms - Host latency: 5.7793 ms (enqueue 3.66675 ms)
[10/06/2026-16:14:22] [I] Average on 1 runs - GPU latency: 5.62158 ms - Host latency: 5.72095 ms (enqueue 3.31982 ms)
[10/06/2026-16:14:22] [I] Average on 1 runs - GPU latency: 5.66626 ms - Host latency: 5.78687 ms (enqueue 3.16431 ms)
[10/06/2026-16:14:22] [I] Average on 1 runs - GPU latency: 5.67212 ms - Host latency: 5.77539 ms (enqueue 3.59839 ms)
[10/06/2026-16:14:22] [I] Average on 1 runs - GPU latency: 5.67383 ms - Host latency: 5.78589 ms (enqueue 3.58984 ms)
[10/06/2026-16:14:22] [I] Average on 1 runs - GPU latency: 5.66846 ms - Host latency: 5.80078 ms (enqueue 3.64844 ms)
[10/06/2026-16:14:22] [I] Average on 1 runs - GPU latency: 5.66553 ms - Host latency: 5.79736 ms (enqueue 3.6228 ms)
[10/06/2026-16:14:22] [I] Average on 1 runs - GPU latency: 5.68091 ms - Host latency: 5.78711 ms (enqueue 3.60181 ms)
[10/06/2026-16:14:22] [I] Average on 1 runs - GPU latency: 5.67065 ms - Host latency: 5.80444 ms (enqueue 3.87305 ms)
[10/06/2026-16:14:22] [I] Average on 1 runs - GPU latency: 5.6731 ms - Host latency: 5.77637 ms (enqueue 3.5791 ms)
[10/06/2026-16:14:22] [I] Average on 1 runs - GPU latency: 5.63037 ms - Host latency: 5.7644 ms (enqueue 3.94727 ms)
[10/06/2026-16:14:22] [I] Average on 1 runs - GPU latency: 5.67456 ms - Host latency: 5.80811 ms (enqueue 2.34619 ms)
[10/06/2026-16:14:22] [I] Average on 1 runs - GPU latency: 5.68921 ms - Host latency: 5.83008 ms (enqueue 3.91797 ms)
[10/06/2026-16:14:22] [I] Average on 1 runs - GPU latency: 5.67896 ms - Host latency: 5.82886 ms (enqueue 3.85864 ms)
[10/06/2026-16:14:22] [I] Average on 1 runs - GPU latency: 5.67529 ms - Host latency: 5.81616 ms (enqueue 3.93359 ms)
[10/06/2026-16:14:22] [I] Average on 1 runs - GPU latency: 5.66943 ms - Host latency: 5.77856 ms (enqueue 3.63281 ms)
[10/06/2026-16:14:22] [I] Average on 1 runs - GPU latency: 5.66699 ms - Host latency: 5.80273 ms (enqueue 3.89185 ms)
[10/06/2026-16:14:22] [I] Average on 1 runs - GPU latency: 5.67188 ms - Host latency: 5.79224 ms (enqueue 3.88892 ms)
[10/06/2026-16:14:22] [I] Average on 1 runs - GPU latency: 5.66846 ms - Host latency: 5.80737 ms (enqueue 3.87598 ms)
[10/06/2026-16:14:22] [I] Average on 1 runs - GPU latency: 5.62549 ms - Host latency: 5.73779 ms (enqueue 3.92725 ms)
[10/06/2026-16:14:22] [I] Average on 1 runs - GPU latency: 5.66357 ms - Host latency: 5.74951 ms (enqueue 2.10547 ms)
[10/06/2026-16:14:22] [I] Average on 1 runs - GPU latency: 5.68262 ms - Host latency: 5.80078 ms (enqueue 3.91943 ms)
[10/06/2026-16:14:22] [I] Average on 1 runs - GPU latency: 5.66846 ms - Host latency: 5.80371 ms (enqueue 3.91113 ms)
[10/06/2026-16:14:22] [I] Average on 1 runs - GPU latency: 5.68066 ms - Host latency: 5.81299 ms (enqueue 3.89209 ms)
[10/06/2026-16:14:22] [I] Average on 1 runs - GPU latency: 5.6582 ms - Host latency: 5.78174 ms (enqueue 3.94531 ms)
[10/06/2026-16:14:22] [I] ... Omitting 2247 lines
[10/06/2026-16:14:22] [I] Average on 1 runs - GPU latency: 5.61719 ms - Host latency: 5.75391 ms (enqueue 4.13477 ms)
[10/06/2026-16:14:22] [I] Average on 1 runs - GPU latency: 5.67383 ms - Host latency: 5.77344 ms (enqueue 3.84961 ms)
[10/06/2026-16:14:22] [I] Average on 1 runs - GPU latency: 5.66992 ms - Host latency: 5.8125 ms (enqueue 4.12305 ms)
[10/06/2026-16:14:22] [I] Average on 1 runs - GPU latency: 5.66797 ms - Host latency: 5.82031 ms (enqueue 3.91797 ms)
[10/06/2026-16:14:22] [I] Average on 1 runs - GPU latency: 5.66602 ms - Host latency: 5.76953 ms (enqueue 3.89648 ms)
[10/06/2026-16:14:22] [I] Average on 1 runs - GPU latency: 5.67773 ms - Host latency: 5.81055 ms (enqueue 3.98633 ms)
[10/06/2026-16:14:22] [I] Average on 1 runs - GPU latency: 5.67188 ms - Host latency: 5.79297 ms (enqueue 3.8457 ms)
[10/06/2026-16:14:22] [I] Average on 1 runs - GPU latency: 5.66797 ms - Host latency: 5.7832 ms (enqueue 4.14062 ms)
[10/06/2026-16:14:22] [I] Average on 1 runs - GPU latency: 5.66016 ms - Host latency: 5.77148 ms (enqueue 3.87891 ms)
[10/06/2026-16:14:22] [I] Average on 1 runs - GPU latency: 5.63281 ms - Host latency: 5.74609 ms (enqueue 4.19336 ms)
[10/06/2026-16:14:22] [I] Average on 1 runs - GPU latency: 5.67578 ms - Host latency: 5.79297 ms (enqueue 3.83594 ms)
[10/06/2026-16:14:22] [I] Average on 1 runs - GPU latency: 5.67969 ms - Host latency: 5.79883 ms (enqueue 3.85938 ms)
[10/06/2026-16:14:22] [I] Average on 1 runs - GPU latency: 5.66797 ms - Host latency: 5.80273 ms (enqueue 4.02148 ms)
[10/06/2026-16:14:22] [I] Average on 1 runs - GPU latency: 5.66797 ms - Host latency: 5.79297 ms (enqueue 3.92383 ms)
[10/06/2026-16:14:22] [I] Average on 1 runs - GPU latency: 5.67578 ms - Host latency: 5.79883 ms (enqueue 4.18555 ms)
[10/06/2026-16:14:22] [I] Average on 1 runs - GPU latency: 5.67773 ms - Host latency: 5.82031 ms (enqueue 3.92969 ms)
[10/06/2026-16:14:22] [I] Average on 1 runs - GPU latency: 5.68164 ms - Host latency: 5.87305 ms (enqueue 3.80273 ms)
[10/06/2026-16:14:22] [I] Average on 1 runs - GPU latency: 5.64453 ms - Host latency: 5.81836 ms (enqueue 3.90234 ms)
[10/06/2026-16:14:22] [I] Average on 1 runs - GPU latency: 5.61914 ms - Host latency: 5.73242 ms (enqueue 3.91016 ms)
[10/06/2026-16:14:22] [I] Average on 1 runs - GPU latency: 5.66211 ms - Host latency: 5.78906 ms (enqueue 4.08203 ms)
[10/06/2026-16:14:22] [I] Average on 1 runs - GPU latency: 5.67383 ms - Host latency: 5.78125 ms (enqueue 3.84961 ms)
[10/06/2026-16:14:22] [I] Average on 1 runs - GPU latency: 5.6582 ms - Host latency: 5.78516 ms (enqueue 4.06641 ms)
[10/06/2026-16:14:22] [I] Average on 1 runs - GPU latency: 5.66992 ms - Host latency: 5.7793 ms (enqueue 3.88281 ms)
[10/06/2026-16:14:22] [I] Average on 1 runs - GPU latency: 5.67578 ms - Host latency: 5.78711 ms (enqueue 3.86523 ms)
[10/06/2026-16:14:22] [I] Average on 1 runs - GPU latency: 5.67383 ms - Host latency: 5.8125 ms (enqueue 4.13867 ms)
[10/06/2026-16:14:22] [I] Average on 1 runs - GPU latency: 5.66992 ms - Host latency: 5.79492 ms (enqueue 3.85156 ms)
[10/06/2026-16:14:22] [I] Average on 1 runs - GPU latency: 5.63281 ms - Host latency: 5.76562 ms (enqueue 4.05469 ms)
[10/06/2026-16:14:22] [I] Average on 1 runs - GPU latency: 5.6543 ms - Host latency: 5.7793 ms (enqueue 3.82227 ms)
[10/06/2026-16:14:22] [I] Average on 1 runs - GPU latency: 5.66797 ms - Host latency: 5.80078 ms (enqueue 3.82227 ms)
[10/06/2026-16:14:22] [I] Average on 1 runs - GPU latency: 5.66797 ms - Host latency: 5.79297 ms (enqueue 4.10352 ms)
[10/06/2026-16:14:22] [I] Average on 1 runs - GPU latency: 5.67383 ms - Host latency: 5.80859 ms (enqueue 3.89258 ms)
[10/06/2026-16:14:22] [I] Average on 1 runs - GPU latency: 5.67383 ms - Host latency: 5.8125 ms (enqueue 4.17969 ms)
[10/06/2026-16:14:22] [I] Average on 1 runs - GPU latency: 5.67773 ms - Host latency: 5.81055 ms (enqueue 3.88086 ms)
[10/06/2026-16:14:22] [I] Average on 1 runs - GPU latency: 5.66406 ms - Host latency: 5.80664 ms (enqueue 4.19922 ms)
[10/06/2026-16:14:22] [I] Average on 1 runs - GPU latency: 5.66992 ms - Host latency: 5.80469 ms (enqueue 3.88086 ms)
[10/06/2026-16:14:22] [I] Average on 1 runs - GPU latency: 5.61719 ms - Host latency: 5.73242 ms (enqueue 3.88867 ms)
[10/06/2026-16:14:22] [I] Average on 1 runs - GPU latency: 5.64648 ms - Host latency: 5.78125 ms (enqueue 4.09961 ms)
[10/06/2026-16:14:22] [I] Average on 1 runs - GPU latency: 5.67773 ms - Host latency: 5.78711 ms (enqueue 3.87891 ms)
[10/06/2026-16:14:22] [I] Average on 1 runs - GPU latency: 5.67578 ms - Host latency: 5.81445 ms (enqueue 4.17188 ms)
[10/06/2026-16:14:22] [I] Average on 1 runs - GPU latency: 5.67188 ms - Host latency: 5.80664 ms (enqueue 3.85352 ms)
[10/06/2026-16:14:22] [I] Average on 1 runs - GPU latency: 5.67188 ms - Host latency: 5.79102 ms (enqueue 3.88086 ms)
[10/06/2026-16:14:22] [I] Average on 1 runs - GPU latency: 5.67578 ms - Host latency: 5.80664 ms (enqueue 4.12305 ms)
[10/06/2026-16:14:22] [I] Average on 1 runs - GPU latency: 5.67773 ms - Host latency: 5.80078 ms (enqueue 3.8418 ms)
[10/06/2026-16:14:22] [I] Average on 1 runs - GPU latency: 5.67969 ms - Host latency: 5.81641 ms (enqueue 4.125 ms)
[10/06/2026-16:14:22] [I] Average on 1 runs - GPU latency: 5.61719 ms - Host latency: 5.77148 ms (enqueue 3.89453 ms)
[10/06/2026-16:14:22] [I] Average on 1 runs - GPU latency: 5.67383 ms - Host latency: 5.79492 ms (enqueue 4.11914 ms)
[10/06/2026-16:14:22] [I] Average on 1 runs - GPU latency: 5.68359 ms - Host latency: 5.78516 ms (enqueue 3.90234 ms)
[10/06/2026-16:14:22] [I] Average on 1 runs - GPU latency: 5.67383 ms - Host latency: 5.80273 ms (enqueue 3.85156 ms)
[10/06/2026-16:14:22] [I] Average on 1 runs - GPU latency: 5.67773 ms - Host latency: 5.81445 ms (enqueue 4.11719 ms)
[10/06/2026-16:14:22] [I] Average on 1 runs - GPU latency: 5.59766 ms - Host latency: 5.74609 ms (enqueue 3.95312 ms)
[10/06/2026-16:14:22] [I] Average on 1 runs - GPU latency: 5.57617 ms - Host latency: 5.70898 ms (enqueue 4.02344 ms)
[10/06/2026-16:14:22] [I] Average on 1 runs - GPU latency: 5.58594 ms - Host latency: 5.70508 ms (enqueue 3.78906 ms)
[10/06/2026-16:14:22] [I] Average on 1 runs - GPU latency: 5.67969 ms - Host latency: 5.79688 ms (enqueue 3.81445 ms)
[10/06/2026-16:14:22] [I] Average on 1 runs - GPU latency: 5.64062 ms - Host latency: 5.76953 ms (enqueue 4.17188 ms)
[10/06/2026-16:14:22] [I] Average on 1 runs - GPU latency: 5.68945 ms - Host latency: 5.81836 ms (enqueue 3.86328 ms)
[10/06/2026-16:14:22] [I] Average on 1 runs - GPU latency: 5.62109 ms - Host latency: 5.76367 ms (enqueue 4.13281 ms)
[10/06/2026-16:14:22] [I] Average on 1 runs - GPU latency: 5.61523 ms - Host latency: 5.72461 ms (enqueue 3.89453 ms)
[10/06/2026-16:14:22] [I] Average on 1 runs - GPU latency: 5.67773 ms - Host latency: 5.80664 ms (enqueue 4.125 ms)
[10/06/2026-16:14:22] [I] Average on 1 runs - GPU latency: 5.69336 ms - Host latency: 5.83203 ms (enqueue 3.84375 ms)
[10/06/2026-16:14:22] [I] Average on 1 runs - GPU latency: 5.68164 ms - Host latency: 5.82617 ms (enqueue 3.88867 ms)
[10/06/2026-16:14:22] [I] Average on 1 runs - GPU latency: 5.68164 ms - Host latency: 5.82227 ms (enqueue 4.14062 ms)
[10/06/2026-16:14:22] [I] Average on 1 runs - GPU latency: 5.66992 ms - Host latency: 5.8125 ms (enqueue 3.88867 ms)
[10/06/2026-16:14:22] [I] Average on 1 runs - GPU latency: 5.65039 ms - Host latency: 5.76562 ms (enqueue 4.20117 ms)
[10/06/2026-16:14:22] [I] Average on 1 runs - GPU latency: 5.68164 ms - Host latency: 5.81836 ms (enqueue 3.91992 ms)
[10/06/2026-16:14:22] [I] Average on 1 runs - GPU latency: 5.67773 ms - Host latency: 5.80273 ms (enqueue 3.91211 ms)
[10/06/2026-16:14:22] [I] Average on 1 runs - GPU latency: 5.67969 ms - Host latency: 5.82227 ms (enqueue 4.16602 ms)
[10/06/2026-16:14:22] [I] Average on 1 runs - GPU latency: 5.67969 ms - Host latency: 5.78906 ms (enqueue 3.84961 ms)
[10/06/2026-16:14:22] [I] Average on 1 runs - GPU latency: 5.67383 ms - Host latency: 5.78711 ms (enqueue 4.08984 ms)
[10/06/2026-16:14:22] [I] Average on 1 runs - GPU latency: 5.67773 ms - Host latency: 5.7793 ms (enqueue 3.87109 ms)
[10/06/2026-16:14:22] [I] Average on 1 runs - GPU latency: 5.66992 ms - Host latency: 5.8125 ms (enqueue 4.20898 ms)
[10/06/2026-16:14:22] [I] Average on 1 runs - GPU latency: 5.65234 ms - Host latency: 5.75586 ms (enqueue 3.89453 ms)
[10/06/2026-16:14:22] [I] Average on 1 runs - GPU latency: 5.66211 ms - Host latency: 5.79883 ms (enqueue 3.86523 ms)
[10/06/2026-16:14:22] [I] Average on 1 runs - GPU latency: 5.67188 ms - Host latency: 5.81641 ms (enqueue 4.12109 ms)
[10/06/2026-16:14:22] [I] Average on 1 runs - GPU latency: 5.6875 ms - Host latency: 5.80078 ms (enqueue 3.89258 ms)
[10/06/2026-16:14:22] [I] Average on 1 runs - GPU latency: 5.67383 ms - Host latency: 5.81836 ms (enqueue 4.16211 ms)
[10/06/2026-16:14:22] [I] Average on 1 runs - GPU latency: 5.67188 ms - Host latency: 5.78711 ms (enqueue 3.88086 ms)
[10/06/2026-16:14:22] [I] Average on 1 runs - GPU latency: 5.66406 ms - Host latency: 5.78516 ms (enqueue 3.88672 ms)
[10/06/2026-16:14:22] [I] Average on 1 runs - GPU latency: 5.6543 ms - Host latency: 5.78125 ms (enqueue 4.04492 ms)
[10/06/2026-16:14:22] [I] Average on 1 runs - GPU latency: 5.66992 ms - Host latency: 5.76758 ms (enqueue 3.91797 ms)
[10/06/2026-16:14:22] [I] Average on 1 runs - GPU latency: 5.63672 ms - Host latency: 5.75391 ms (enqueue 4.11328 ms)
[10/06/2026-16:14:22] [I] Average on 1 runs - GPU latency: 5.67188 ms - Host latency: 5.79492 ms (enqueue 3.8457 ms)
[10/06/2026-16:14:22] [I] Average on 1 runs - GPU latency: 5.66016 ms - Host latency: 5.80273 ms (enqueue 4.02734 ms)
[10/06/2026-16:14:22] [I] Average on 1 runs - GPU latency: 5.67188 ms - Host latency: 5.78125 ms (enqueue 3.90625 ms)
[10/06/2026-16:14:22] [I] Average on 1 runs - GPU latency: 5.67383 ms - Host latency: 5.80859 ms (enqueue 3.89258 ms)
[10/06/2026-16:14:22] [I] Average on 1 runs - GPU latency: 5.66992 ms - Host latency: 5.79492 ms (enqueue 3.97852 ms)
[10/06/2026-16:14:22] [I] Average on 1 runs - GPU latency: 5.6875 ms - Host latency: 5.85156 ms (enqueue 3.8457 ms)
[10/06/2026-16:14:22] [I] Average on 1 runs - GPU latency: 5.66992 ms - Host latency: 5.80664 ms (enqueue 4.13477 ms)
[10/06/2026-16:14:22] [I] Average on 1 runs - GPU latency: 5.66797 ms - Host latency: 5.78516 ms (enqueue 3.85547 ms)
[10/06/2026-16:14:22] [I] Average on 1 runs - GPU latency: 5.62109 ms - Host latency: 5.74023 ms (enqueue 3.8418 ms)
[10/06/2026-16:14:22] [I] Average on 1 runs - GPU latency: 5.66406 ms - Host latency: 5.79297 ms (enqueue 4.03906 ms)
[10/06/2026-16:14:22] [I] Average on 1 runs - GPU latency: 5.67383 ms - Host latency: 5.81836 ms (enqueue 3.82227 ms)
[10/06/2026-16:14:22] [I] Average on 1 runs - GPU latency: 5.68555 ms - Host latency: 5.79492 ms (enqueue 4.0625 ms)
[10/06/2026-16:14:22] [I] Average on 1 runs - GPU latency: 5.67578 ms - Host latency: 5.81641 ms (enqueue 3.88477 ms)
[10/06/2026-16:14:22] [I] Average on 1 runs - GPU latency: 5.68164 ms - Host latency: 5.83008 ms (enqueue 4.18359 ms)
[10/06/2026-16:14:22] [I] Average on 1 runs - GPU latency: 5.69727 ms - Host latency: 5.82422 ms (enqueue 3.90234 ms)
[10/06/2026-16:14:22] [I] Average on 1 runs - GPU latency: 5.67969 ms - Host latency: 5.82422 ms (enqueue 3.875 ms)
[10/06/2026-16:14:22] [I] Average on 1 runs - GPU latency: 5.67188 ms - Host latency: 5.80664 ms (enqueue 4.13477 ms)
[10/06/2026-16:14:22] [I] Average on 1 runs - GPU latency: 5.62109 ms - Host latency: 5.72852 ms (enqueue 3.95703 ms)
[10/06/2026-16:14:22] [I] Average on 1 runs - GPU latency: 5.68359 ms - Host latency: 5.80859 ms (enqueue 4.14453 ms)
[10/06/2026-16:14:22] [I] Average on 1 runs - GPU latency: 5.68945 ms - Host latency: 5.83594 ms (enqueue 3.85156 ms)
[10/06/2026-16:14:22] [I] Average on 1 runs - GPU latency: 5.69336 ms - Host latency: 5.83203 ms (enqueue 3.80469 ms)
[10/06/2026-16:14:22] [I] Average on 1 runs - GPU latency: 5.67969 ms - Host latency: 5.8125 ms (enqueue 4.08008 ms)
[10/06/2026-16:14:22] [I] Average on 1 runs - GPU latency: 5.68164 ms - Host latency: 5.81445 ms (enqueue 3.9043 ms)
[10/06/2026-16:14:22] [I] Average on 1 runs - GPU latency: 5.67969 ms - Host latency: 5.82031 ms (enqueue 4.21094 ms)
[10/06/2026-16:14:22] [I] Average on 1 runs - GPU latency: 5.6875 ms - Host latency: 5.80078 ms (enqueue 3.86914 ms)
[10/06/2026-16:14:22] [I] Average on 1 runs - GPU latency: 5.66992 ms - Host latency: 5.80273 ms (enqueue 4.20117 ms)
[10/06/2026-16:14:22] [I] Average on 1 runs - GPU latency: 5.60938 ms - Host latency: 5.71289 ms (enqueue 3.85352 ms)
[10/06/2026-16:14:22] [I] Average on 1 runs - GPU latency: 5.66797 ms - Host latency: 5.80469 ms (enqueue 3.84766 ms)
[10/06/2026-16:14:22] [I] Average on 1 runs - GPU latency: 5.67383 ms - Host latency: 5.80859 ms (enqueue 4.12695 ms)
[10/06/2026-16:14:22] [I] Average on 1 runs - GPU latency: 5.66797 ms - Host latency: 5.79102 ms (enqueue 3.88086 ms)
[10/06/2026-16:14:22] [I] Average on 1 runs - GPU latency: 5.67383 ms - Host latency: 5.80664 ms (enqueue 4.14258 ms)
[10/06/2026-16:14:22] [I] Average on 1 runs - GPU latency: 5.67773 ms - Host latency: 5.8125 ms (enqueue 3.86914 ms)
[10/06/2026-16:14:22] [I] Average on 1 runs - GPU latency: 5.68164 ms - Host latency: 5.81445 ms (enqueue 4.26562 ms)
[10/06/2026-16:14:22] [I] Average on 1 runs - GPU latency: 5.68164 ms - Host latency: 5.7793 ms (enqueue 3.91406 ms)
[10/06/2026-16:14:22] [I] Average on 1 runs - GPU latency: 5.66016 ms - Host latency: 5.78711 ms (enqueue 3.89062 ms)
[10/06/2026-16:14:22] [I] Average on 1 runs - GPU latency: 5.65039 ms - Host latency: 5.76758 ms (enqueue 4.12695 ms)
[10/06/2026-16:14:22] [I] Average on 1 runs - GPU latency: 5.67188 ms - Host latency: 5.7832 ms (enqueue 3.88672 ms)
[10/06/2026-16:14:22] [I] Average on 1 runs - GPU latency: 5.67578 ms - Host latency: 5.80078 ms (enqueue 4.18945 ms)
[10/06/2026-16:14:22] [I] Average on 1 runs - GPU latency: 5.66797 ms - Host latency: 5.78125 ms (enqueue 3.84961 ms)
[10/06/2026-16:14:22] [I] Average on 1 runs - GPU latency: 5.67578 ms - Host latency: 5.80469 ms (enqueue 3.8418 ms)
[10/06/2026-16:14:22] [I] Average on 1 runs - GPU latency: 5.66992 ms - Host latency: 5.7832 ms (enqueue 4.08789 ms)
[10/06/2026-16:14:22] [I] Average on 1 runs - GPU latency: 5.66797 ms - Host latency: 5.7832 ms (enqueue 3.86523 ms)
[10/06/2026-16:14:22] [I] Average on 1 runs - GPU latency: 5.67773 ms - Host latency: 5.80273 ms (enqueue 4.16992 ms)
[10/06/2026-16:14:22] [I] Average on 1 runs - GPU latency: 5.64453 ms - Host latency: 5.75195 ms (enqueue 3.8457 ms)
[10/06/2026-16:14:22] [I] Average on 1 runs - GPU latency: 5.63672 ms - Host latency: 5.75195 ms (enqueue 4.20117 ms)
[10/06/2026-16:14:22] [I] Average on 1 runs - GPU latency: 5.68555 ms - Host latency: 5.80664 ms (enqueue 3.85742 ms)
[10/06/2026-16:14:22] [I] Average on 1 runs - GPU latency: 5.68359 ms - Host latency: 5.84766 ms (enqueue 3.92188 ms)
[10/06/2026-16:14:22] [I] Average on 1 runs - GPU latency: 5.68164 ms - Host latency: 5.82812 ms (enqueue 3.98438 ms)
[10/06/2026-16:14:22] [I] Average on 1 runs - GPU latency: 5.67969 ms - Host latency: 5.82422 ms (enqueue 3.88281 ms)
[10/06/2026-16:14:22] [I] Average on 1 runs - GPU latency: 5.67969 ms - Host latency: 5.82031 ms (enqueue 4.1582 ms)
[10/06/2026-16:14:22] [I] Average on 1 runs - GPU latency: 5.66797 ms - Host latency: 5.82617 ms (enqueue 3.87109 ms)
[10/06/2026-16:14:22] [I] Average on 1 runs - GPU latency: 5.67773 ms - Host latency: 5.79297 ms (enqueue 3.85547 ms)
[10/06/2026-16:14:22] [I] Average on 1 runs - GPU latency: 5.63867 ms - Host latency: 5.77539 ms (enqueue 4.00391 ms)
[10/06/2026-16:14:22] [I] Average on 1 runs - GPU latency: 5.62695 ms - Host latency: 5.76758 ms (enqueue 3.83789 ms)
[10/06/2026-16:14:22] [I] Average on 1 runs - GPU latency: 5.67383 ms - Host latency: 5.8125 ms (enqueue 3.9707 ms)
[10/06/2026-16:14:22] [I] Average on 1 runs - GPU latency: 5.67188 ms - Host latency: 5.80273 ms (enqueue 3.9082 ms)
[10/06/2026-16:14:22] [I] Average on 1 runs - GPU latency: 5.67773 ms - Host latency: 5.79688 ms (enqueue 4.24023 ms)
[10/06/2026-16:14:22] [I] Average on 1 runs - GPU latency: 5.67578 ms - Host latency: 5.78906 ms (enqueue 3.85547 ms)
[10/06/2026-16:14:22] [I] Average on 1 runs - GPU latency: 5.67773 ms - Host latency: 5.78906 ms (enqueue 3.83008 ms)
[10/06/2026-16:14:22] [I] Average on 1 runs - GPU latency: 5.69727 ms - Host latency: 5.83203 ms (enqueue 4.19336 ms)
[10/06/2026-16:14:22] [I] Average on 1 runs - GPU latency: 5.66992 ms - Host latency: 5.8125 ms (enqueue 3.90625 ms)
[10/06/2026-16:14:22] [I] Average on 1 runs - GPU latency: 5.61523 ms - Host latency: 5.75 ms (enqueue 4.16016 ms)
[10/06/2026-16:14:22] [I] Average on 1 runs - GPU latency: 5.66406 ms - Host latency: 5.79492 ms (enqueue 3.90625 ms)
[10/06/2026-16:14:22] [I] Average on 1 runs - GPU latency: 5.67969 ms - Host latency: 5.80664 ms (enqueue 3.87891 ms)
[10/06/2026-16:14:22] [I] Average on 1 runs - GPU latency: 5.67773 ms - Host latency: 5.81836 ms (enqueue 4.11523 ms)
[10/06/2026-16:14:22] [I] Average on 1 runs - GPU latency: 5.68945 ms - Host latency: 5.82422 ms (enqueue 3.90625 ms)
[10/06/2026-16:14:22] [I] Average on 1 runs - GPU latency: 5.66992 ms - Host latency: 5.82031 ms (enqueue 4.13281 ms)
[10/06/2026-16:14:22] [I] Average on 1 runs - GPU latency: 5.67969 ms - Host latency: 5.80273 ms (enqueue 3.85938 ms)
[10/06/2026-16:14:22] [I] Average on 1 runs - GPU latency: 5.66406 ms - Host latency: 5.80078 ms (enqueue 4.01172 ms)
[10/06/2026-16:14:22] [I] Average on 1 runs - GPU latency: 5.61719 ms - Host latency: 5.72852 ms (enqueue 3.875 ms)
[10/06/2026-16:14:22] [I] Average on 1 runs - GPU latency: 5.62109 ms - Host latency: 5.75195 ms (enqueue 3.875 ms)
[10/06/2026-16:14:22] [I] Average on 1 runs - GPU latency: 5.66797 ms - Host latency: 5.8125 ms (enqueue 3.98242 ms)
[10/06/2026-16:14:22] [I] Average on 1 runs - GPU latency: 5.67578 ms - Host latency: 5.81836 ms (enqueue 3.94922 ms)
[10/06/2026-16:14:22] [I] Average on 1 runs - GPU latency: 5.62695 ms - Host latency: 5.76367 ms (enqueue 4.11328 ms)
[10/06/2026-16:14:22] [I] Average on 1 runs - GPU latency: 5.64258 ms - Host latency: 5.77148 ms (enqueue 3.83008 ms)
[10/06/2026-16:14:22] [I] Average on 1 runs - GPU latency: 5.67578 ms - Host latency: 5.78516 ms (enqueue 3.85547 ms)
[10/06/2026-16:14:22] [I] Average on 1 runs - GPU latency: 5.67773 ms - Host latency: 5.81641 ms (enqueue 4.14258 ms)
[10/06/2026-16:14:22] [I] Average on 1 runs - GPU latency: 5.66797 ms - Host latency: 5.80078 ms (enqueue 3.88867 ms)
[10/06/2026-16:14:22] [I] Average on 1 runs - GPU latency: 5.66797 ms - Host latency: 5.79883 ms (enqueue 4.16992 ms)
[10/06/2026-16:14:22] [I] Average on 1 runs - GPU latency: 5.63672 ms - Host latency: 5.75781 ms (enqueue 3.91602 ms)
[10/06/2026-16:14:22] [I] Average on 1 runs - GPU latency: 5.67383 ms - Host latency: 5.82031 ms (enqueue 4.17578 ms)
[10/06/2026-16:14:22] [I] Average on 1 runs - GPU latency: 5.66797 ms - Host latency: 5.79297 ms (enqueue 3.87305 ms)
[10/06/2026-16:14:22] [I] Average on 1 runs - GPU latency: 5.67188 ms - Host latency: 5.77734 ms (enqueue 3.875 ms)
[10/06/2026-16:14:22] [I] Average on 1 runs - GPU latency: 5.67188 ms - Host latency: 5.78516 ms (enqueue 4.15234 ms)
[10/06/2026-16:14:22] [I] Average on 1 runs - GPU latency: 5.67773 ms - Host latency: 5.78906 ms (enqueue 3.9375 ms)
[10/06/2026-16:14:22] [I] Average on 1 runs - GPU latency: 5.68164 ms - Host latency: 5.82031 ms (enqueue 4.19727 ms)
[10/06/2026-16:14:22] [I] Average on 1 runs - GPU latency: 5.67383 ms - Host latency: 5.80273 ms (enqueue 3.87305 ms)
[10/06/2026-16:14:22] [I] Average on 1 runs - GPU latency: 5.67969 ms - Host latency: 5.89062 ms (enqueue 3.81836 ms)
[10/06/2026-16:14:22] [I] Average on 1 runs - GPU latency: 5.59375 ms - Host latency: 5.73047 ms (enqueue 4.06641 ms)
[10/06/2026-16:14:22] [I] Average on 1 runs - GPU latency: 5.67773 ms - Host latency: 5.80273 ms (enqueue 3.82422 ms)
[10/06/2026-16:14:22] [I] Average on 1 runs - GPU latency: 5.66797 ms - Host latency: 5.7832 ms (enqueue 4.16797 ms)
[10/06/2026-16:14:22] [I] Average on 1 runs - GPU latency: 5.66406 ms - Host latency: 5.76367 ms (enqueue 3.91406 ms)
[10/06/2026-16:14:22] [I] Average on 1 runs - GPU latency: 5.66602 ms - Host latency: 5.77734 ms (enqueue 4.18164 ms)
[10/06/2026-16:14:22] [I] Average on 1 runs - GPU latency: 5.66211 ms - Host latency: 5.78711 ms (enqueue 3.90039 ms)
[10/06/2026-16:14:22] [I] Average on 1 runs - GPU latency: 5.67578 ms - Host latency: 5.79102 ms (enqueue 3.88086 ms)
[10/06/2026-16:14:22] [I] Average on 1 runs - GPU latency: 5.66211 ms - Host latency: 5.80078 ms (enqueue 4.12109 ms)
[10/06/2026-16:14:22] [I] Average on 1 runs - GPU latency: 5.65234 ms - Host latency: 5.77539 ms (enqueue 3.88867 ms)
[10/06/2026-16:14:22] [I] Average on 1 runs - GPU latency: 5.64062 ms - Host latency: 5.75977 ms (enqueue 4.13672 ms)
[10/06/2026-16:14:22] [I] Average on 1 runs - GPU latency: 5.66797 ms - Host latency: 5.79688 ms (enqueue 3.81445 ms)
[10/06/2026-16:14:22] [I] Average on 1 runs - GPU latency: 5.67773 ms - Host latency: 5.79297 ms (enqueue 3.85742 ms)
[10/06/2026-16:14:22] [I] Average on 1 runs - GPU latency: 5.67773 ms - Host latency: 5.80664 ms (enqueue 3.97852 ms)
[10/06/2026-16:14:22] [I] Average on 1 runs - GPU latency: 5.67773 ms - Host latency: 5.82031 ms (enqueue 3.8418 ms)
[10/06/2026-16:14:22] [I] Average on 1 runs - GPU latency: 5.66602 ms - Host latency: 5.79688 ms (enqueue 4.16602 ms)
[10/06/2026-16:14:22] [I] Average on 1 runs - GPU latency: 5.66602 ms - Host latency: 5.79883 ms (enqueue 3.87109 ms)
[10/06/2026-16:14:22] [I] Average on 1 runs - GPU latency: 5.66992 ms - Host latency: 5.80859 ms (enqueue 4.19336 ms)
[10/06/2026-16:14:22] [I] Average on 1 runs - GPU latency: 5.62891 ms - Host latency: 5.76562 ms (enqueue 3.92188 ms)
[10/06/2026-16:14:22] [I] Average on 1 runs - GPU latency: 5.63086 ms - Host latency: 5.74805 ms (enqueue 3.86133 ms)
[10/06/2026-16:14:22] [I] Average on 1 runs - GPU latency: 5.66992 ms - Host latency: 5.8125 ms (enqueue 4.06836 ms)
[10/06/2026-16:14:22] [I] Average on 1 runs - GPU latency: 5.67383 ms - Host latency: 5.80078 ms (enqueue 3.9082 ms)
[10/06/2026-16:14:22] [I] Average on 1 runs - GPU latency: 5.66992 ms - Host latency: 5.80859 ms (enqueue 4.22461 ms)
[10/06/2026-16:14:22] [I] Average on 1 runs - GPU latency: 5.66602 ms - Host latency: 5.79297 ms (enqueue 3.86133 ms)
[10/06/2026-16:14:22] [I] Average on 1 runs - GPU latency: 5.67578 ms - Host latency: 5.79297 ms (enqueue 3.83398 ms)
[10/06/2026-16:14:22] [I] Average on 1 runs - GPU latency: 5.66602 ms - Host latency: 5.79492 ms (enqueue 4.06445 ms)
[10/06/2026-16:14:22] [I] Average on 1 runs - GPU latency: 5.66211 ms - Host latency: 5.77344 ms (enqueue 3.95312 ms)
[10/06/2026-16:14:22] [I] Average on 1 runs - GPU latency: 5.61914 ms - Host latency: 5.75195 ms (enqueue 4.17188 ms)
[10/06/2026-16:14:22] [I] Average on 1 runs - GPU latency: 5.67969 ms - Host latency: 5.79883 ms (enqueue 3.85156 ms)
[10/06/2026-16:14:22] [I] Average on 1 runs - GPU latency: 5.67578 ms - Host latency: 5.81836 ms (enqueue 4.04297 ms)
[10/06/2026-16:14:22] [I] Average on 1 runs - GPU latency: 5.67969 ms - Host latency: 5.81445 ms (enqueue 3.91406 ms)
[10/06/2026-16:14:22] [I] Average on 1 runs - GPU latency: 5.68555 ms - Host latency: 5.82227 ms (enqueue 3.87695 ms)
[10/06/2026-16:14:22] [I] Average on 1 runs - GPU latency: 5.66016 ms - Host latency: 5.79688 ms (enqueue 4.12109 ms)
[10/06/2026-16:14:22] [I] Average on 1 runs - GPU latency: 5.65039 ms - Host latency: 5.75391 ms (enqueue 3.86914 ms)
[10/06/2026-16:14:22] [I] 
[10/06/2026-16:14:22] [I] === Performance summary ===
[10/06/2026-16:14:22] [I] Throughput: 176.283 qps
[10/06/2026-16:14:22] [I] Latency: min = 5.67676 ms, max = 5.89404 ms, mean = 5.79536 ms, median = 5.79883 ms, percentile(90%) = 5.82129 ms, percentile(95%) = 5.8291 ms, percentile(99%) = 5.85596 ms
[10/06/2026-16:14:22] [I] Enqueue Time: min = 2.06982 ms, max = 5.44092 ms, mean = 3.85629 ms, median = 3.89062 ms, percentile(90%) = 4.17871 ms, percentile(95%) = 4.2373 ms, percentile(99%) = 4.39355 ms
[10/06/2026-16:14:22] [I] H2D Latency: min = 0.0754395 ms, max = 0.209961 ms, mean = 0.12152 ms, median = 0.12207 ms, percentile(90%) = 0.138672 ms, percentile(95%) = 0.148438 ms, percentile(99%) = 0.174805 ms
[10/06/2026-16:14:22] [I] GPU Compute Time: min = 5.57617 ms, max = 5.69727 ms, mean = 5.6674 ms, median = 5.67285 ms, percentile(90%) = 5.68213 ms, percentile(95%) = 5.68457 ms, percentile(99%) = 5.68945 ms
[10/06/2026-16:14:22] [I] D2H Latency: min = 0.00390625 ms, max = 0.0107422 ms, mean = 0.00643712 ms, median = 0.00634766 ms, percentile(90%) = 0.0078125 ms, percentile(95%) = 0.0078125 ms, percentile(99%) = 0.00878906 ms
[10/06/2026-16:14:22] [I] Total Host Walltime: 15.0156 s
[10/06/2026-16:14:22] [I] Total GPU Compute Time: 15.0016 s
[10/06/2026-16:14:22] [I] Explanations of the performance metrics are printed in the verbose logs.
[10/06/2026-16:14:22] [I] 
&&&& PASSED TensorRT.trtexec [TensorRT v100300] # /usr/src/tensorrt/bin/trtexec --loadEngine=/tmp/yolo26n_84172_uint8_fp16_opt3.engine --warmUp=3000 --duration=15 --idleTime=0 --avgRuns=1
