&&&& RUNNING TensorRT.trtexec [TensorRT v100300] # /usr/src/tensorrt/bin/trtexec --loadEngine=/tmp/engines/y26s_640_uint8_opt3.engine --warmUp=3000 --duration=15 --idleTime=4 --avgRuns=1
[10/04/2026-22:15:52] [I] === Model Options ===
[10/04/2026-22:15:52] [I] Format: *
[10/04/2026-22:15:52] [I] Model: 
[10/04/2026-22:15:52] [I] Output:
[10/04/2026-22:15:52] [I] 
[10/04/2026-22:15:52] [I] === System Options ===
[10/04/2026-22:15:52] [I] Device: 0
[10/04/2026-22:15:52] [I] DLACore: 
[10/04/2026-22:15:52] [I] Plugins:
[10/04/2026-22:15:52] [I] setPluginsToSerialize:
[10/04/2026-22:15:52] [I] dynamicPlugins:
[10/04/2026-22:15:52] [I] ignoreParsedPluginLibs: 0
[10/04/2026-22:15:52] [I] 
[10/04/2026-22:15:52] [I] === Inference Options ===
[10/04/2026-22:15:52] [I] Batch: Explicit
[10/04/2026-22:15:52] [I] Input inference shapes: model
[10/04/2026-22:15:52] [I] Iterations: 10
[10/04/2026-22:15:52] [I] Duration: 15s (+ 3000ms warm up)
[10/04/2026-22:15:52] [I] Sleep time: 0ms
[10/04/2026-22:15:52] [I] Idle time: 4ms
[10/04/2026-22:15:52] [I] Inference Streams: 1
[10/04/2026-22:15:52] [I] ExposeDMA: Disabled
[10/04/2026-22:15:52] [I] Data transfers: Enabled
[10/04/2026-22:15:52] [I] Spin-wait: Disabled
[10/04/2026-22:15:52] [I] Multithreading: Disabled
[10/04/2026-22:15:52] [I] CUDA Graph: Disabled
[10/04/2026-22:15:52] [I] Separate profiling: Disabled
[10/04/2026-22:15:52] [I] Time Deserialize: Disabled
[10/04/2026-22:15:52] [I] Time Refit: Disabled
[10/04/2026-22:15:52] [I] NVTX verbosity: 0
[10/04/2026-22:15:52] [I] Persistent Cache Ratio: 0
[10/04/2026-22:15:52] [I] Optimization Profile Index: 0
[10/04/2026-22:15:52] [I] Weight Streaming Budget: 100.000000%
[10/04/2026-22:15:52] [I] Inputs:
[10/04/2026-22:15:52] [I] Debug Tensor Save Destinations:
[10/04/2026-22:15:52] [I] === Reporting Options ===
[10/04/2026-22:15:52] [I] Verbose: Disabled
[10/04/2026-22:15:52] [I] Averages: 1 inferences
[10/04/2026-22:15:52] [I] Percentiles: 90,95,99
[10/04/2026-22:15:52] [I] Dump refittable layers:Disabled
[10/04/2026-22:15:52] [I] Dump output: Disabled
[10/04/2026-22:15:52] [I] Profile: Disabled
[10/04/2026-22:15:52] [I] Export timing to JSON file: 
[10/04/2026-22:15:52] [I] Export output to JSON file: 
[10/04/2026-22:15:52] [I] Export profile to JSON file: 
[10/04/2026-22:15:52] [I] 
[10/04/2026-22:15:52] [I] === Device Information ===
[10/04/2026-22:15:52] [I] Available Devices: 
[10/04/2026-22:15:52] [I]   Device 0: "Orin" UUID: GPU-6e16c2c1-e394-5324-8f2e-63a975968f4e
[10/04/2026-22:15:53] [I] Selected Device: Orin
[10/04/2026-22:15:53] [I] Selected Device ID: 0
[10/04/2026-22:15:53] [I] Selected Device UUID: GPU-6e16c2c1-e394-5324-8f2e-63a975968f4e
[10/04/2026-22:15:53] [I] Compute Capability: 8.7
[10/04/2026-22:15:53] [I] SMs: 8
[10/04/2026-22:15:53] [I] Device Global Memory: 7607 MiB
[10/04/2026-22:15:53] [I] Shared Memory per SM: 164 KiB
[10/04/2026-22:15:53] [I] Memory Bus Width: 128 bits (ECC disabled)
[10/04/2026-22:15:53] [I] Application Compute Clock Rate: 1.02 GHz
[10/04/2026-22:15:53] [I] Application Memory Clock Rate: 1.02 GHz
[10/04/2026-22:15:53] [I] 
[10/04/2026-22:15:53] [I] Note: The application clock rates do not reflect the actual clock rates that the GPU is currently running at.
[10/04/2026-22:15:53] [I] 
[10/04/2026-22:15:53] [I] TensorRT version: 10.3.0
[10/04/2026-22:15:53] [I] Loading standard plugins
[10/04/2026-22:15:53] [I] [TRT] Loaded engine size: 21 MiB
[10/04/2026-22:15:53] [I] Engine deserialized in 0.0759686 sec.
[10/04/2026-22:15:53] [I] [TRT] [MemUsageChange] TensorRT-managed allocation in IExecutionContext creation: CPU +0, GPU +18, now: CPU 0, GPU 36 (MiB)
[10/04/2026-22:15:53] [I] Setting persistentCacheLimit to 0 bytes.
[10/04/2026-22:15:53] [I] Created execution context with device memory size: 18.1641 MiB
[10/04/2026-22:15:53] [I] Using random values for input images
[10/04/2026-22:15:53] [I] Input binding for images with dimensions 1x640x640x3 is created.
[10/04/2026-22:15:53] [I] Output binding for output0 with dimensions 1x300x6 is created.
[10/04/2026-22:15:53] [I] Starting inference
[10/04/2026-22:16:11] [I] Warmup completed 436 queries over 3000 ms
[10/04/2026-22:16:11] [I] Timing trace has 2216 queries over 15.0147 s
[10/04/2026-22:16:11] [I] 
[10/04/2026-22:16:11] [I] === Trace details ===
[10/04/2026-22:16:11] [I] Trace averages of 1 runs:
[10/04/2026-22:16:11] [I] Average on 1 runs - GPU latency: 6.80127 ms - Host latency: 6.93872 ms (enqueue 2.04321 ms)
[10/04/2026-22:16:11] [I] Average on 1 runs - GPU latency: 6.75879 ms - Host latency: 6.9043 ms (enqueue 2.06689 ms)
[10/04/2026-22:16:11] [I] Average on 1 runs - GPU latency: 6.76001 ms - Host latency: 6.84766 ms (enqueue 2.10059 ms)
[10/04/2026-22:16:11] [I] Average on 1 runs - GPU latency: 6.77344 ms - Host latency: 6.86646 ms (enqueue 2.03979 ms)
[10/04/2026-22:16:11] [I] Average on 1 runs - GPU latency: 6.77515 ms - Host latency: 6.87573 ms (enqueue 2.05127 ms)
[10/04/2026-22:16:11] [I] Average on 1 runs - GPU latency: 6.7666 ms - Host latency: 6.8728 ms (enqueue 2.09253 ms)
[10/04/2026-22:16:11] [I] Average on 1 runs - GPU latency: 6.77051 ms - Host latency: 6.86987 ms (enqueue 2.0791 ms)
[10/04/2026-22:16:11] [I] Average on 1 runs - GPU latency: 6.77881 ms - Host latency: 6.875 ms (enqueue 2.03271 ms)
[10/04/2026-22:16:11] [I] Average on 1 runs - GPU latency: 6.76782 ms - Host latency: 6.86621 ms (enqueue 2.12622 ms)
[10/04/2026-22:16:11] [I] Average on 1 runs - GPU latency: 6.7627 ms - Host latency: 6.8623 ms (enqueue 2.07886 ms)
[10/04/2026-22:16:11] [I] Average on 1 runs - GPU latency: 6.76196 ms - Host latency: 6.86182 ms (enqueue 2.03979 ms)
[10/04/2026-22:16:11] [I] Average on 1 runs - GPU latency: 6.76392 ms - Host latency: 6.85498 ms (enqueue 2.02246 ms)
[10/04/2026-22:16:11] [I] Average on 1 runs - GPU latency: 6.77051 ms - Host latency: 6.86816 ms (enqueue 2.07959 ms)
[10/04/2026-22:16:11] [I] Average on 1 runs - GPU latency: 6.77734 ms - Host latency: 6.87646 ms (enqueue 2.01831 ms)
[10/04/2026-22:16:11] [I] Average on 1 runs - GPU latency: 6.77612 ms - Host latency: 6.87402 ms (enqueue 2.04224 ms)
[10/04/2026-22:16:11] [I] Average on 1 runs - GPU latency: 6.76343 ms - Host latency: 6.85913 ms (enqueue 2.10547 ms)
[10/04/2026-22:16:11] [I] Average on 1 runs - GPU latency: 6.76587 ms - Host latency: 6.8667 ms (enqueue 2.03662 ms)
[10/04/2026-22:16:11] [I] Average on 1 runs - GPU latency: 6.76294 ms - Host latency: 6.85571 ms (enqueue 2.02124 ms)
[10/04/2026-22:16:11] [I] Average on 1 runs - GPU latency: 6.7771 ms - Host latency: 6.87622 ms (enqueue 2.06274 ms)
[10/04/2026-22:16:11] [I] Average on 1 runs - GPU latency: 6.77515 ms - Host latency: 6.87061 ms (enqueue 2.06641 ms)
[10/04/2026-22:16:11] [I] Average on 1 runs - GPU latency: 6.77759 ms - Host latency: 6.87671 ms (enqueue 2.04419 ms)
[10/04/2026-22:16:11] [I] Average on 1 runs - GPU latency: 6.76782 ms - Host latency: 6.86841 ms (enqueue 2.08179 ms)
[10/04/2026-22:16:11] [I] Average on 1 runs - GPU latency: 6.76245 ms - Host latency: 6.8623 ms (enqueue 2.09106 ms)
[10/04/2026-22:16:11] [I] Average on 1 runs - GPU latency: 6.76782 ms - Host latency: 6.86523 ms (enqueue 2.06885 ms)
[10/04/2026-22:16:11] [I] Average on 1 runs - GPU latency: 6.76196 ms - Host latency: 6.87256 ms (enqueue 2.0625 ms)
[10/04/2026-22:16:11] [I] Average on 1 runs - GPU latency: 6.76172 ms - Host latency: 6.8479 ms (enqueue 2.09961 ms)
[10/04/2026-22:16:11] [I] Average on 1 runs - GPU latency: 6.76855 ms - Host latency: 6.8667 ms (enqueue 2.03735 ms)
[10/04/2026-22:16:11] [I] Average on 1 runs - GPU latency: 6.75684 ms - Host latency: 6.85767 ms (enqueue 2.03052 ms)
[10/04/2026-22:16:11] [I] Average on 1 runs - GPU latency: 6.76318 ms - Host latency: 6.8562 ms (enqueue 2.07031 ms)
[10/04/2026-22:16:11] [I] Average on 1 runs - GPU latency: 6.76685 ms - Host latency: 6.87061 ms (enqueue 2.02734 ms)
[10/04/2026-22:16:11] [I] Average on 1 runs - GPU latency: 6.771 ms - Host latency: 6.87109 ms (enqueue 2.06348 ms)
[10/04/2026-22:16:11] [I] Average on 1 runs - GPU latency: 6.76221 ms - Host latency: 6.86523 ms (enqueue 2.09521 ms)
[10/04/2026-22:16:11] [I] Average on 1 runs - GPU latency: 6.76782 ms - Host latency: 6.85791 ms (enqueue 2.06909 ms)
[10/04/2026-22:16:11] [I] Average on 1 runs - GPU latency: 6.77393 ms - Host latency: 6.87305 ms (enqueue 2.02637 ms)
[10/04/2026-22:16:11] [I] Average on 1 runs - GPU latency: 6.77295 ms - Host latency: 6.87476 ms (enqueue 2.08594 ms)
[10/04/2026-22:16:11] [I] Average on 1 runs - GPU latency: 6.77002 ms - Host latency: 6.87012 ms (enqueue 2.06689 ms)
[10/04/2026-22:16:11] [I] Average on 1 runs - GPU latency: 6.77734 ms - Host latency: 6.87646 ms (enqueue 2.04224 ms)
[10/04/2026-22:16:11] [I] Average on 1 runs - GPU latency: 6.7688 ms - Host latency: 6.87134 ms (enqueue 2.04907 ms)
[10/04/2026-22:16:11] [I] Average on 1 runs - GPU latency: 6.76465 ms - Host latency: 6.8645 ms (enqueue 2.10791 ms)
[10/04/2026-22:16:11] [I] Average on 1 runs - GPU latency: 6.77148 ms - Host latency: 6.87231 ms (enqueue 2.04199 ms)
[10/04/2026-22:16:11] [I] Average on 1 runs - GPU latency: 6.77612 ms - Host latency: 6.88037 ms (enqueue 2.04175 ms)
[10/04/2026-22:16:11] [I] Average on 1 runs - GPU latency: 6.76758 ms - Host latency: 6.8645 ms (enqueue 2.08423 ms)
[10/04/2026-22:16:11] [I] Average on 1 runs - GPU latency: 6.7627 ms - Host latency: 6.85571 ms (enqueue 2.03589 ms)
[10/04/2026-22:16:11] [I] Average on 1 runs - GPU latency: 6.75928 ms - Host latency: 6.8606 ms (enqueue 2.03882 ms)
[10/04/2026-22:16:11] [I] Average on 1 runs - GPU latency: 6.75879 ms - Host latency: 6.85132 ms (enqueue 2.08228 ms)
[10/04/2026-22:16:11] [I] Average on 1 runs - GPU latency: 6.77612 ms - Host latency: 6.87085 ms (enqueue 2.11816 ms)
[10/04/2026-22:16:11] [I] Average on 1 runs - GPU latency: 6.78564 ms - Host latency: 6.8894 ms (enqueue 2.11133 ms)
[10/04/2026-22:16:11] [I] Average on 1 runs - GPU latency: 6.76562 ms - Host latency: 6.86719 ms (enqueue 2.12207 ms)
[10/04/2026-22:16:11] [I] Average on 1 runs - GPU latency: 6.77319 ms - Host latency: 6.87378 ms (enqueue 2.10376 ms)
[10/04/2026-22:16:11] [I] Average on 1 runs - GPU latency: 6.76709 ms - Host latency: 6.8689 ms (enqueue 2.03809 ms)
[10/04/2026-22:16:11] [I] Average on 1 runs - GPU latency: 6.76636 ms - Host latency: 6.86621 ms (enqueue 2.04688 ms)
[10/04/2026-22:16:11] [I] Average on 1 runs - GPU latency: 6.77393 ms - Host latency: 6.86743 ms (enqueue 2.10376 ms)
[10/04/2026-22:16:11] [I] Average on 1 runs - GPU latency: 6.77075 ms - Host latency: 6.86841 ms (enqueue 2.07373 ms)
[10/04/2026-22:16:11] [I] Average on 1 runs - GPU latency: 6.76514 ms - Host latency: 6.87061 ms (enqueue 2.05005 ms)
[10/04/2026-22:16:11] [I] Average on 1 runs - GPU latency: 6.76123 ms - Host latency: 6.86377 ms (enqueue 2.11475 ms)
[10/04/2026-22:16:11] [I] Average on 1 runs - GPU latency: 6.76733 ms - Host latency: 6.86182 ms (enqueue 2.10376 ms)
[10/04/2026-22:16:11] [I] Average on 1 runs - GPU latency: 6.77124 ms - Host latency: 6.86304 ms (enqueue 2.03809 ms)
[10/04/2026-22:16:11] [I] Average on 1 runs - GPU latency: 6.81177 ms - Host latency: 6.89966 ms (enqueue 2.11938 ms)
[10/04/2026-22:16:11] [I] Average on 1 runs - GPU latency: 6.76953 ms - Host latency: 6.88135 ms (enqueue 2.36182 ms)
[10/04/2026-22:16:11] [I] Average on 1 runs - GPU latency: 6.77246 ms - Host latency: 6.86499 ms (enqueue 2.16284 ms)
[10/04/2026-22:16:11] [I] Average on 1 runs - GPU latency: 6.78711 ms - Host latency: 6.88989 ms (enqueue 2.16113 ms)
[10/04/2026-22:16:11] [I] Average on 1 runs - GPU latency: 6.77515 ms - Host latency: 6.87866 ms (enqueue 2.23242 ms)
[10/04/2026-22:16:11] [I] Average on 1 runs - GPU latency: 6.78979 ms - Host latency: 6.88794 ms (enqueue 2.15015 ms)
[10/04/2026-22:16:11] [I] Average on 1 runs - GPU latency: 6.76782 ms - Host latency: 6.86646 ms (enqueue 2.09497 ms)
[10/04/2026-22:16:11] [I] Average on 1 runs - GPU latency: 6.76831 ms - Host latency: 6.86694 ms (enqueue 2.13525 ms)
[10/04/2026-22:16:11] [I] Average on 1 runs - GPU latency: 6.76489 ms - Host latency: 6.8645 ms (enqueue 2.06274 ms)
[10/04/2026-22:16:11] [I] Average on 1 runs - GPU latency: 6.77173 ms - Host latency: 6.87012 ms (enqueue 2.0376 ms)
[10/04/2026-22:16:11] [I] Average on 1 runs - GPU latency: 6.75977 ms - Host latency: 6.86011 ms (enqueue 2.12524 ms)
[10/04/2026-22:16:11] [I] Average on 1 runs - GPU latency: 6.76978 ms - Host latency: 6.85742 ms (enqueue 2.10815 ms)
[10/04/2026-22:16:11] [I] Average on 1 runs - GPU latency: 6.76855 ms - Host latency: 6.86963 ms (enqueue 2.05786 ms)
[10/04/2026-22:16:11] [I] Average on 1 runs - GPU latency: 6.76855 ms - Host latency: 6.8667 ms (enqueue 2.10815 ms)
[10/04/2026-22:16:11] [I] Average on 1 runs - GPU latency: 6.77246 ms - Host latency: 6.86279 ms (enqueue 2.0874 ms)
[10/04/2026-22:16:11] [I] Average on 1 runs - GPU latency: 6.77344 ms - Host latency: 6.87256 ms (enqueue 2.04175 ms)
[10/04/2026-22:16:11] [I] Average on 1 runs - GPU latency: 6.78027 ms - Host latency: 6.88623 ms (enqueue 2.09351 ms)
[10/04/2026-22:16:11] [I] Average on 1 runs - GPU latency: 6.77173 ms - Host latency: 6.8689 ms (enqueue 2.10962 ms)
[10/04/2026-22:16:11] [I] Average on 1 runs - GPU latency: 6.76318 ms - Host latency: 6.86401 ms (enqueue 2.07568 ms)
[10/04/2026-22:16:11] [I] Average on 1 runs - GPU latency: 6.77075 ms - Host latency: 6.87598 ms (enqueue 2.0415 ms)
[10/04/2026-22:16:11] [I] Average on 1 runs - GPU latency: 6.75757 ms - Host latency: 6.85522 ms (enqueue 2.09766 ms)
[10/04/2026-22:16:11] [I] Average on 1 runs - GPU latency: 6.77734 ms - Host latency: 6.85059 ms (enqueue 2.05396 ms)
[10/04/2026-22:16:11] [I] Average on 1 runs - GPU latency: 6.77368 ms - Host latency: 6.87305 ms (enqueue 2.052 ms)
[10/04/2026-22:16:11] [I] Average on 1 runs - GPU latency: 6.77197 ms - Host latency: 6.87695 ms (enqueue 2.09473 ms)
[10/04/2026-22:16:11] [I] Average on 1 runs - GPU latency: 6.75928 ms - Host latency: 6.85864 ms (enqueue 2.08618 ms)
[10/04/2026-22:16:11] [I] Average on 1 runs - GPU latency: 6.77344 ms - Host latency: 6.86646 ms (enqueue 2.08179 ms)
[10/04/2026-22:16:11] [I] Average on 1 runs - GPU latency: 6.77344 ms - Host latency: 6.88062 ms (enqueue 2.08838 ms)
[10/04/2026-22:16:11] [I] Average on 1 runs - GPU latency: 6.76074 ms - Host latency: 6.8623 ms (enqueue 2.08911 ms)
[10/04/2026-22:16:11] [I] Average on 1 runs - GPU latency: 6.75586 ms - Host latency: 6.84863 ms (enqueue 2.04761 ms)
[10/04/2026-22:16:11] [I] Average on 1 runs - GPU latency: 6.76172 ms - Host latency: 6.84692 ms (enqueue 2.05591 ms)
[10/04/2026-22:16:11] [I] Average on 1 runs - GPU latency: 6.76685 ms - Host latency: 6.86011 ms (enqueue 2.09009 ms)
[10/04/2026-22:16:11] [I] Average on 1 runs - GPU latency: 6.76465 ms - Host latency: 6.86426 ms (enqueue 2.03516 ms)
[10/04/2026-22:16:11] [I] Average on 1 runs - GPU latency: 6.76367 ms - Host latency: 6.8501 ms (enqueue 2.07837 ms)
[10/04/2026-22:16:11] [I] Average on 1 runs - GPU latency: 6.7749 ms - Host latency: 6.86597 ms (enqueue 2.09888 ms)
[10/04/2026-22:16:11] [I] Average on 1 runs - GPU latency: 6.77002 ms - Host latency: 6.87256 ms (enqueue 2.04614 ms)
[10/04/2026-22:16:11] [I] Average on 1 runs - GPU latency: 6.77246 ms - Host latency: 6.87646 ms (enqueue 2.04272 ms)
[10/04/2026-22:16:11] [I] Average on 1 runs - GPU latency: 6.76294 ms - Host latency: 6.86426 ms (enqueue 2.07642 ms)
[10/04/2026-22:16:11] [I] Average on 1 runs - GPU latency: 6.76001 ms - Host latency: 6.85034 ms (enqueue 2.09863 ms)
[10/04/2026-22:16:11] [I] Average on 1 runs - GPU latency: 6.76514 ms - Host latency: 6.85498 ms (enqueue 2.03613 ms)
[10/04/2026-22:16:11] [I] Average on 1 runs - GPU latency: 6.78564 ms - Host latency: 6.87427 ms (enqueue 2.09814 ms)
[10/04/2026-22:16:11] [I] Average on 1 runs - GPU latency: 6.7688 ms - Host latency: 6.86963 ms (enqueue 2.12134 ms)
[10/04/2026-22:16:11] [I] Average on 1 runs - GPU latency: 6.76733 ms - Host latency: 6.86548 ms (enqueue 2.03882 ms)
[10/04/2026-22:16:11] [I] Average on 1 runs - GPU latency: 6.76904 ms - Host latency: 6.86792 ms (enqueue 2.0481 ms)
[10/04/2026-22:16:11] [I] Average on 1 runs - GPU latency: 6.7666 ms - Host latency: 6.8645 ms (enqueue 2.08618 ms)
[10/04/2026-22:16:11] [I] Average on 1 runs - GPU latency: 6.76587 ms - Host latency: 6.86792 ms (enqueue 2.02734 ms)
[10/04/2026-22:16:11] [I] Average on 1 runs - GPU latency: 6.7688 ms - Host latency: 6.86792 ms (enqueue 2.03809 ms)
[10/04/2026-22:16:11] [I] Average on 1 runs - GPU latency: 6.76685 ms - Host latency: 6.8645 ms (enqueue 2.09399 ms)
[10/04/2026-22:16:11] [I] Average on 1 runs - GPU latency: 6.76318 ms - Host latency: 6.86548 ms (enqueue 2.07495 ms)
[10/04/2026-22:16:11] [I] Average on 1 runs - GPU latency: 6.76196 ms - Host latency: 6.86377 ms (enqueue 2.05859 ms)
[10/04/2026-22:16:11] [I] Average on 1 runs - GPU latency: 6.7688 ms - Host latency: 6.87231 ms (enqueue 2.08594 ms)
[10/04/2026-22:16:11] [I] Average on 1 runs - GPU latency: 6.77173 ms - Host latency: 6.86377 ms (enqueue 2.08032 ms)
[10/04/2026-22:16:11] [I] Average on 1 runs - GPU latency: 6.77026 ms - Host latency: 6.8667 ms (enqueue 2.05249 ms)
[10/04/2026-22:16:11] [I] Average on 1 runs - GPU latency: 6.77246 ms - Host latency: 6.87378 ms (enqueue 2.07568 ms)
[10/04/2026-22:16:11] [I] Average on 1 runs - GPU latency: 6.76831 ms - Host latency: 6.87378 ms (enqueue 2.07837 ms)
[10/04/2026-22:16:11] [I] Average on 1 runs - GPU latency: 6.76147 ms - Host latency: 6.86401 ms (enqueue 2.04663 ms)
[10/04/2026-22:16:11] [I] Average on 1 runs - GPU latency: 6.76562 ms - Host latency: 6.86768 ms (enqueue 2.0542 ms)
[10/04/2026-22:16:11] [I] Average on 1 runs - GPU latency: 6.76953 ms - Host latency: 6.87061 ms (enqueue 2.08813 ms)
[10/04/2026-22:16:11] [I] Average on 1 runs - GPU latency: 6.77734 ms - Host latency: 6.87476 ms (enqueue 2.04102 ms)
[10/04/2026-22:16:11] [I] Average on 1 runs - GPU latency: 6.76782 ms - Host latency: 6.86841 ms (enqueue 2.04541 ms)
[10/04/2026-22:16:11] [I] Average on 1 runs - GPU latency: 6.77197 ms - Host latency: 6.87183 ms (enqueue 2.08545 ms)
[10/04/2026-22:16:11] [I] Average on 1 runs - GPU latency: 6.76025 ms - Host latency: 6.85962 ms (enqueue 2.03027 ms)
[10/04/2026-22:16:11] [I] Average on 1 runs - GPU latency: 6.77441 ms - Host latency: 6.86963 ms (enqueue 2.03394 ms)
[10/04/2026-22:16:11] [I] Average on 1 runs - GPU latency: 6.77393 ms - Host latency: 6.87378 ms (enqueue 2.09766 ms)
[10/04/2026-22:16:11] [I] Average on 1 runs - GPU latency: 6.75977 ms - Host latency: 6.85962 ms (enqueue 2.08643 ms)
[10/04/2026-22:16:11] [I] Average on 1 runs - GPU latency: 6.78418 ms - Host latency: 6.88403 ms (enqueue 2.03516 ms)
[10/04/2026-22:16:11] [I] Average on 1 runs - GPU latency: 6.77295 ms - Host latency: 6.8689 ms (enqueue 2.08887 ms)
[10/04/2026-22:16:11] [I] Average on 1 runs - GPU latency: 6.75903 ms - Host latency: 6.85669 ms (enqueue 2.09937 ms)
[10/04/2026-22:16:11] [I] Average on 1 runs - GPU latency: 6.76514 ms - Host latency: 6.86475 ms (enqueue 2.05347 ms)
[10/04/2026-22:16:11] [I] Average on 1 runs - GPU latency: 6.76636 ms - Host latency: 6.86792 ms (enqueue 2.04785 ms)
[10/04/2026-22:16:11] [I] Average on 1 runs - GPU latency: 6.76978 ms - Host latency: 6.87231 ms (enqueue 2.11011 ms)
[10/04/2026-22:16:11] [I] Average on 1 runs - GPU latency: 6.76782 ms - Host latency: 6.86499 ms (enqueue 2.03638 ms)
[10/04/2026-22:16:11] [I] Average on 1 runs - GPU latency: 6.76953 ms - Host latency: 6.86768 ms (enqueue 2.04956 ms)
[10/04/2026-22:16:11] [I] Average on 1 runs - GPU latency: 6.76196 ms - Host latency: 6.85791 ms (enqueue 2.07153 ms)
[10/04/2026-22:16:11] [I] Average on 1 runs - GPU latency: 6.77271 ms - Host latency: 6.87427 ms (enqueue 2.02979 ms)
[10/04/2026-22:16:11] [I] Average on 1 runs - GPU latency: 6.76587 ms - Host latency: 6.86597 ms (enqueue 2.03442 ms)
[10/04/2026-22:16:11] [I] Average on 1 runs - GPU latency: 6.76953 ms - Host latency: 6.8689 ms (enqueue 2.09058 ms)
[10/04/2026-22:16:11] [I] Average on 1 runs - GPU latency: 6.79004 ms - Host latency: 6.88794 ms (enqueue 2.09424 ms)
[10/04/2026-22:16:11] [I] Average on 1 runs - GPU latency: 6.76611 ms - Host latency: 6.87305 ms (enqueue 2.05786 ms)
[10/04/2026-22:16:11] [I] Average on 1 runs - GPU latency: 6.7627 ms - Host latency: 6.86499 ms (enqueue 2.10376 ms)
[10/04/2026-22:16:11] [I] Average on 1 runs - GPU latency: 6.76855 ms - Host latency: 6.86353 ms (enqueue 2.08008 ms)
[10/04/2026-22:16:11] [I] Average on 1 runs - GPU latency: 6.77856 ms - Host latency: 6.87085 ms (enqueue 2.0332 ms)
[10/04/2026-22:16:11] [I] Average on 1 runs - GPU latency: 6.79199 ms - Host latency: 6.88501 ms (enqueue 2.16162 ms)
[10/04/2026-22:16:11] [I] Average on 1 runs - GPU latency: 6.78076 ms - Host latency: 6.87109 ms (enqueue 2.3042 ms)
[10/04/2026-22:16:11] [I] Average on 1 runs - GPU latency: 6.78052 ms - Host latency: 6.87354 ms (enqueue 2.14355 ms)
[10/04/2026-22:16:11] [I] Average on 1 runs - GPU latency: 6.78223 ms - Host latency: 6.87427 ms (enqueue 2.21313 ms)
[10/04/2026-22:16:11] [I] Average on 1 runs - GPU latency: 6.77222 ms - Host latency: 6.87573 ms (enqueue 2.23047 ms)
[10/04/2026-22:16:11] [I] Average on 1 runs - GPU latency: 6.77954 ms - Host latency: 6.87695 ms (enqueue 2.11523 ms)
[10/04/2026-22:16:11] [I] Average on 1 runs - GPU latency: 6.78052 ms - Host latency: 6.8728 ms (enqueue 2.06323 ms)
[10/04/2026-22:16:11] [I] Average on 1 runs - GPU latency: 6.77515 ms - Host latency: 6.87231 ms (enqueue 2.13721 ms)
[10/04/2026-22:16:11] [I] Average on 1 runs - GPU latency: 6.76074 ms - Host latency: 6.86133 ms (enqueue 2.06982 ms)
[10/04/2026-22:16:11] [I] Average on 1 runs - GPU latency: 6.77539 ms - Host latency: 6.8606 ms (enqueue 1.98804 ms)
[10/04/2026-22:16:11] [I] Average on 1 runs - GPU latency: 6.75928 ms - Host latency: 6.86328 ms (enqueue 2.34912 ms)
[10/04/2026-22:16:11] [I] Average on 1 runs - GPU latency: 6.75684 ms - Host latency: 6.84375 ms (enqueue 2.09814 ms)
[10/04/2026-22:16:11] [I] Average on 1 runs - GPU latency: 6.76831 ms - Host latency: 6.85571 ms (enqueue 1.9917 ms)
[10/04/2026-22:16:11] [I] Average on 1 runs - GPU latency: 6.77686 ms - Host latency: 6.88257 ms (enqueue 2.00195 ms)
[10/04/2026-22:16:11] [I] Average on 1 runs - GPU latency: 6.76733 ms - Host latency: 6.86914 ms (enqueue 2.06201 ms)
[10/04/2026-22:16:11] [I] Average on 1 runs - GPU latency: 6.77637 ms - Host latency: 6.87964 ms (enqueue 2.01123 ms)
[10/04/2026-22:16:11] [I] Average on 1 runs - GPU latency: 6.77466 ms - Host latency: 6.87622 ms (enqueue 2.03076 ms)
[10/04/2026-22:16:11] [I] Average on 1 runs - GPU latency: 6.76514 ms - Host latency: 6.86743 ms (enqueue 2.07812 ms)
[10/04/2026-22:16:11] [I] Average on 1 runs - GPU latency: 6.76831 ms - Host latency: 6.86304 ms (enqueue 2.11133 ms)
[10/04/2026-22:16:11] [I] Average on 1 runs - GPU latency: 6.75879 ms - Host latency: 6.85864 ms (enqueue 2.03003 ms)
[10/04/2026-22:16:11] [I] Average on 1 runs - GPU latency: 6.76318 ms - Host latency: 6.86157 ms (enqueue 2.08887 ms)
[10/04/2026-22:16:11] [I] Average on 1 runs - GPU latency: 6.76318 ms - Host latency: 6.8562 ms (enqueue 2.02319 ms)
[10/04/2026-22:16:11] [I] Average on 1 runs - GPU latency: 6.76172 ms - Host latency: 6.86133 ms (enqueue 2.00806 ms)
[10/04/2026-22:16:11] [I] Average on 1 runs - GPU latency: 6.77051 ms - Host latency: 6.86401 ms (enqueue 2.04932 ms)
[10/04/2026-22:16:11] [I] Average on 1 runs - GPU latency: 6.7749 ms - Host latency: 6.87842 ms (enqueue 2.10596 ms)
[10/04/2026-22:16:11] [I] Average on 1 runs - GPU latency: 6.77783 ms - Host latency: 6.88379 ms (enqueue 2.06152 ms)
[10/04/2026-22:16:11] [I] Average on 1 runs - GPU latency: 6.76172 ms - Host latency: 6.8667 ms (enqueue 2.03711 ms)
[10/04/2026-22:16:11] [I] Average on 1 runs - GPU latency: 6.76562 ms - Host latency: 6.85693 ms (enqueue 2.09424 ms)
[10/04/2026-22:16:11] [I] Average on 1 runs - GPU latency: 6.76416 ms - Host latency: 6.85938 ms (enqueue 2.03223 ms)
[10/04/2026-22:16:11] [I] Average on 1 runs - GPU latency: 6.76758 ms - Host latency: 6.8584 ms (enqueue 2.04297 ms)
[10/04/2026-22:16:11] [I] Average on 1 runs - GPU latency: 6.75879 ms - Host latency: 6.86084 ms (enqueue 2.02832 ms)
[10/04/2026-22:16:11] [I] Average on 1 runs - GPU latency: 6.76514 ms - Host latency: 6.86621 ms (enqueue 2.05566 ms)
[10/04/2026-22:16:11] [I] Average on 1 runs - GPU latency: 6.76562 ms - Host latency: 6.86865 ms (enqueue 2.01855 ms)
[10/04/2026-22:16:11] [I] Average on 1 runs - GPU latency: 6.7627 ms - Host latency: 6.86084 ms (enqueue 2.1001 ms)
[10/04/2026-22:16:11] [I] Average on 1 runs - GPU latency: 6.76562 ms - Host latency: 6.85596 ms (enqueue 2.04834 ms)
[10/04/2026-22:16:11] [I] Average on 1 runs - GPU latency: 6.77051 ms - Host latency: 6.87305 ms (enqueue 2.00049 ms)
[10/04/2026-22:16:11] [I] Average on 1 runs - GPU latency: 6.76953 ms - Host latency: 6.86914 ms (enqueue 2.05127 ms)
[10/04/2026-22:16:11] [I] Average on 1 runs - GPU latency: 6.76953 ms - Host latency: 6.87305 ms (enqueue 2.07178 ms)
[10/04/2026-22:16:11] [I] Average on 1 runs - GPU latency: 6.771 ms - Host latency: 6.87744 ms (enqueue 2.03711 ms)
[10/04/2026-22:16:11] [I] Average on 1 runs - GPU latency: 6.76416 ms - Host latency: 6.86035 ms (enqueue 1.99219 ms)
[10/04/2026-22:16:11] [I] Average on 1 runs - GPU latency: 6.77051 ms - Host latency: 6.85645 ms (enqueue 2.10449 ms)
[10/04/2026-22:16:11] [I] Average on 1 runs - GPU latency: 6.76172 ms - Host latency: 6.85596 ms (enqueue 2.03857 ms)
[10/04/2026-22:16:11] [I] Average on 1 runs - GPU latency: 6.76514 ms - Host latency: 6.85986 ms (enqueue 2.0376 ms)
[10/04/2026-22:16:11] [I] Average on 1 runs - GPU latency: 6.76465 ms - Host latency: 6.85791 ms (enqueue 2.03564 ms)
[10/04/2026-22:16:11] [I] Average on 1 runs - GPU latency: 6.77686 ms - Host latency: 6.87939 ms (enqueue 2.06396 ms)
[10/04/2026-22:16:11] [I] Average on 1 runs - GPU latency: 6.76709 ms - Host latency: 6.86572 ms (enqueue 2.01904 ms)
[10/04/2026-22:16:11] [I] Average on 1 runs - GPU latency: 6.76416 ms - Host latency: 6.8584 ms (enqueue 2.0625 ms)
[10/04/2026-22:16:11] [I] Average on 1 runs - GPU latency: 6.77148 ms - Host latency: 6.87549 ms (enqueue 2.08447 ms)
[10/04/2026-22:16:11] [I] Average on 1 runs - GPU latency: 6.76611 ms - Host latency: 6.86963 ms (enqueue 2.04443 ms)
[10/04/2026-22:16:11] [I] Average on 1 runs - GPU latency: 6.75586 ms - Host latency: 6.85059 ms (enqueue 2.06396 ms)
[10/04/2026-22:16:11] [I] Average on 1 runs - GPU latency: 6.75488 ms - Host latency: 6.8457 ms (enqueue 2.09131 ms)
[10/04/2026-22:16:11] [I] Average on 1 runs - GPU latency: 6.77197 ms - Host latency: 6.8623 ms (enqueue 2.04736 ms)
[10/04/2026-22:16:11] [I] Average on 1 runs - GPU latency: 6.76807 ms - Host latency: 6.87158 ms (enqueue 1.98633 ms)
[10/04/2026-22:16:11] [I] Average on 1 runs - GPU latency: 6.76416 ms - Host latency: 6.85596 ms (enqueue 2.05664 ms)
[10/04/2026-22:16:11] [I] Average on 1 runs - GPU latency: 6.76807 ms - Host latency: 6.87158 ms (enqueue 2.02637 ms)
[10/04/2026-22:16:11] [I] Average on 1 runs - GPU latency: 6.76855 ms - Host latency: 6.86816 ms (enqueue 2.07373 ms)
[10/04/2026-22:16:11] [I] Average on 1 runs - GPU latency: 6.76855 ms - Host latency: 6.8623 ms (enqueue 2.11279 ms)
[10/04/2026-22:16:11] [I] Average on 1 runs - GPU latency: 6.76465 ms - Host latency: 6.8667 ms (enqueue 2.08057 ms)
[10/04/2026-22:16:11] [I] Average on 1 runs - GPU latency: 6.77734 ms - Host latency: 6.87305 ms (enqueue 2.03516 ms)
[10/04/2026-22:16:11] [I] Average on 1 runs - GPU latency: 6.78027 ms - Host latency: 6.88477 ms (enqueue 2.13135 ms)
[10/04/2026-22:16:11] [I] Average on 1 runs - GPU latency: 6.76416 ms - Host latency: 6.86523 ms (enqueue 2.22314 ms)
[10/04/2026-22:16:11] [I] Average on 1 runs - GPU latency: 6.76514 ms - Host latency: 6.85547 ms (enqueue 2.03271 ms)
[10/04/2026-22:16:11] [I] ... Omitting 1816 lines
[10/04/2026-22:16:11] [I] Average on 1 runs - GPU latency: 6.76758 ms - Host latency: 6.86328 ms (enqueue 1.99414 ms)
[10/04/2026-22:16:11] [I] Average on 1 runs - GPU latency: 6.76172 ms - Host latency: 6.86328 ms (enqueue 2.04492 ms)
[10/04/2026-22:16:11] [I] Average on 1 runs - GPU latency: 6.77539 ms - Host latency: 6.87695 ms (enqueue 2.02734 ms)
[10/04/2026-22:16:11] [I] Average on 1 runs - GPU latency: 6.7832 ms - Host latency: 6.88086 ms (enqueue 2.04492 ms)
[10/04/2026-22:16:11] [I] Average on 1 runs - GPU latency: 6.76758 ms - Host latency: 6.86523 ms (enqueue 2.07617 ms)
[10/04/2026-22:16:11] [I] Average on 1 runs - GPU latency: 6.7793 ms - Host latency: 6.87695 ms (enqueue 2.04883 ms)
[10/04/2026-22:16:11] [I] Average on 1 runs - GPU latency: 6.76953 ms - Host latency: 6.86719 ms (enqueue 2.01562 ms)
[10/04/2026-22:16:11] [I] Average on 1 runs - GPU latency: 6.77539 ms - Host latency: 6.87695 ms (enqueue 2.05664 ms)
[10/04/2026-22:16:11] [I] Average on 1 runs - GPU latency: 6.76953 ms - Host latency: 6.87109 ms (enqueue 2.01953 ms)
[10/04/2026-22:16:11] [I] Average on 1 runs - GPU latency: 6.76562 ms - Host latency: 6.85742 ms (enqueue 2.01758 ms)
[10/04/2026-22:16:11] [I] Average on 1 runs - GPU latency: 6.77344 ms - Host latency: 6.87305 ms (enqueue 2.01172 ms)
[10/04/2026-22:16:11] [I] Average on 1 runs - GPU latency: 6.76562 ms - Host latency: 6.86719 ms (enqueue 2.03125 ms)
[10/04/2026-22:16:11] [I] Average on 1 runs - GPU latency: 6.76172 ms - Host latency: 6.85938 ms (enqueue 2.05078 ms)
[10/04/2026-22:16:11] [I] Average on 1 runs - GPU latency: 6.76758 ms - Host latency: 6.86523 ms (enqueue 2.00195 ms)
[10/04/2026-22:16:11] [I] Average on 1 runs - GPU latency: 6.76367 ms - Host latency: 6.86133 ms (enqueue 2.05273 ms)
[10/04/2026-22:16:11] [I] Average on 1 runs - GPU latency: 6.75977 ms - Host latency: 6.84766 ms (enqueue 2.07031 ms)
[10/04/2026-22:16:11] [I] Average on 1 runs - GPU latency: 6.76562 ms - Host latency: 6.86133 ms (enqueue 2.0293 ms)
[10/04/2026-22:16:11] [I] Average on 1 runs - GPU latency: 6.77344 ms - Host latency: 6.87109 ms (enqueue 2.02148 ms)
[10/04/2026-22:16:11] [I] Average on 1 runs - GPU latency: 6.76562 ms - Host latency: 6.86719 ms (enqueue 2.02344 ms)
[10/04/2026-22:16:11] [I] Average on 1 runs - GPU latency: 6.75977 ms - Host latency: 6.85938 ms (enqueue 2.02344 ms)
[10/04/2026-22:16:11] [I] Average on 1 runs - GPU latency: 6.76953 ms - Host latency: 6.86328 ms (enqueue 2.04883 ms)
[10/04/2026-22:16:11] [I] Average on 1 runs - GPU latency: 6.75977 ms - Host latency: 6.85938 ms (enqueue 2.07812 ms)
[10/04/2026-22:16:11] [I] Average on 1 runs - GPU latency: 6.7832 ms - Host latency: 6.875 ms (enqueue 2.01562 ms)
[10/04/2026-22:16:11] [I] Average on 1 runs - GPU latency: 6.77539 ms - Host latency: 6.87109 ms (enqueue 2.02539 ms)
[10/04/2026-22:16:11] [I] Average on 1 runs - GPU latency: 6.76172 ms - Host latency: 6.86328 ms (enqueue 2.05469 ms)
[10/04/2026-22:16:11] [I] Average on 1 runs - GPU latency: 6.76562 ms - Host latency: 6.86523 ms (enqueue 2.02344 ms)
[10/04/2026-22:16:11] [I] Average on 1 runs - GPU latency: 6.77344 ms - Host latency: 6.86523 ms (enqueue 2.01172 ms)
[10/04/2026-22:16:11] [I] Average on 1 runs - GPU latency: 6.77344 ms - Host latency: 6.87695 ms (enqueue 2.04688 ms)
[10/04/2026-22:16:11] [I] Average on 1 runs - GPU latency: 6.77344 ms - Host latency: 6.87891 ms (enqueue 2.02344 ms)
[10/04/2026-22:16:11] [I] Average on 1 runs - GPU latency: 6.76562 ms - Host latency: 6.85938 ms (enqueue 2.01172 ms)
[10/04/2026-22:16:11] [I] Average on 1 runs - GPU latency: 6.77148 ms - Host latency: 6.86328 ms (enqueue 2.04297 ms)
[10/04/2026-22:16:11] [I] Average on 1 runs - GPU latency: 6.77344 ms - Host latency: 6.86523 ms (enqueue 2.04492 ms)
[10/04/2026-22:16:11] [I] Average on 1 runs - GPU latency: 6.76562 ms - Host latency: 6.85938 ms (enqueue 2.01758 ms)
[10/04/2026-22:16:11] [I] Average on 1 runs - GPU latency: 6.7793 ms - Host latency: 6.87695 ms (enqueue 2.03516 ms)
[10/04/2026-22:16:11] [I] Average on 1 runs - GPU latency: 6.77148 ms - Host latency: 6.87891 ms (enqueue 2.06641 ms)
[10/04/2026-22:16:11] [I] Average on 1 runs - GPU latency: 6.76562 ms - Host latency: 6.86523 ms (enqueue 1.97656 ms)
[10/04/2026-22:16:11] [I] Average on 1 runs - GPU latency: 6.76758 ms - Host latency: 6.86914 ms (enqueue 1.99609 ms)
[10/04/2026-22:16:11] [I] Average on 1 runs - GPU latency: 6.77344 ms - Host latency: 6.875 ms (enqueue 2.05859 ms)
[10/04/2026-22:16:11] [I] Average on 1 runs - GPU latency: 6.76367 ms - Host latency: 6.87109 ms (enqueue 2.01367 ms)
[10/04/2026-22:16:11] [I] Average on 1 runs - GPU latency: 6.76172 ms - Host latency: 6.86328 ms (enqueue 1.98047 ms)
[10/04/2026-22:16:11] [I] Average on 1 runs - GPU latency: 6.77148 ms - Host latency: 6.86523 ms (enqueue 2.03906 ms)
[10/04/2026-22:16:11] [I] Average on 1 runs - GPU latency: 6.76562 ms - Host latency: 6.85742 ms (enqueue 2.0625 ms)
[10/04/2026-22:16:11] [I] Average on 1 runs - GPU latency: 6.78125 ms - Host latency: 6.87305 ms (enqueue 2.00977 ms)
[10/04/2026-22:16:11] [I] Average on 1 runs - GPU latency: 6.76758 ms - Host latency: 6.87109 ms (enqueue 2.08789 ms)
[10/04/2026-22:16:11] [I] Average on 1 runs - GPU latency: 6.77539 ms - Host latency: 6.87695 ms (enqueue 2.04688 ms)
[10/04/2026-22:16:11] [I] Average on 1 runs - GPU latency: 6.75195 ms - Host latency: 6.85156 ms (enqueue 2.01367 ms)
[10/04/2026-22:16:11] [I] Average on 1 runs - GPU latency: 6.75977 ms - Host latency: 6.85156 ms (enqueue 2.01758 ms)
[10/04/2026-22:16:11] [I] Average on 1 runs - GPU latency: 6.76172 ms - Host latency: 6.86133 ms (enqueue 2.07617 ms)
[10/04/2026-22:16:11] [I] Average on 1 runs - GPU latency: 6.75977 ms - Host latency: 6.85156 ms (enqueue 1.98047 ms)
[10/04/2026-22:16:11] [I] Average on 1 runs - GPU latency: 6.76367 ms - Host latency: 6.86914 ms (enqueue 1.99219 ms)
[10/04/2026-22:16:11] [I] Average on 1 runs - GPU latency: 6.80078 ms - Host latency: 6.88672 ms (enqueue 2.05273 ms)
[10/04/2026-22:16:11] [I] Average on 1 runs - GPU latency: 6.79492 ms - Host latency: 6.90039 ms (enqueue 2.01953 ms)
[10/04/2026-22:16:11] [I] Average on 1 runs - GPU latency: 6.77539 ms - Host latency: 6.88281 ms (enqueue 2.06055 ms)
[10/04/2026-22:16:11] [I] Average on 1 runs - GPU latency: 6.78711 ms - Host latency: 6.88086 ms (enqueue 2.06836 ms)
[10/04/2026-22:16:11] [I] Average on 1 runs - GPU latency: 6.78906 ms - Host latency: 6.89258 ms (enqueue 2.06445 ms)
[10/04/2026-22:16:11] [I] Average on 1 runs - GPU latency: 6.7832 ms - Host latency: 6.88477 ms (enqueue 2.03125 ms)
[10/04/2026-22:16:11] [I] Average on 1 runs - GPU latency: 6.77734 ms - Host latency: 6.87891 ms (enqueue 2.05469 ms)
[10/04/2026-22:16:11] [I] Average on 1 runs - GPU latency: 6.77344 ms - Host latency: 6.87695 ms (enqueue 2.04297 ms)
[10/04/2026-22:16:11] [I] Average on 1 runs - GPU latency: 6.79102 ms - Host latency: 6.89258 ms (enqueue 2.00586 ms)
[10/04/2026-22:16:11] [I] Average on 1 runs - GPU latency: 6.79883 ms - Host latency: 6.90625 ms (enqueue 2.02148 ms)
[10/04/2026-22:16:11] [I] Average on 1 runs - GPU latency: 6.77344 ms - Host latency: 6.88477 ms (enqueue 2.06836 ms)
[10/04/2026-22:16:11] [I] Average on 1 runs - GPU latency: 6.77734 ms - Host latency: 6.875 ms (enqueue 1.97656 ms)
[10/04/2026-22:16:11] [I] Average on 1 runs - GPU latency: 6.78125 ms - Host latency: 6.88086 ms (enqueue 2.00977 ms)
[10/04/2026-22:16:11] [I] Average on 1 runs - GPU latency: 6.77344 ms - Host latency: 6.87109 ms (enqueue 2.05078 ms)
[10/04/2026-22:16:11] [I] Average on 1 runs - GPU latency: 6.76953 ms - Host latency: 6.86914 ms (enqueue 2.0332 ms)
[10/04/2026-22:16:11] [I] Average on 1 runs - GPU latency: 6.77344 ms - Host latency: 6.87305 ms (enqueue 2.01758 ms)
[10/04/2026-22:16:11] [I] Average on 1 runs - GPU latency: 6.76953 ms - Host latency: 6.87109 ms (enqueue 2.03516 ms)
[10/04/2026-22:16:11] [I] Average on 1 runs - GPU latency: 6.76953 ms - Host latency: 6.86719 ms (enqueue 2.04492 ms)
[10/04/2026-22:16:11] [I] Average on 1 runs - GPU latency: 6.7832 ms - Host latency: 6.88086 ms (enqueue 2.00977 ms)
[10/04/2026-22:16:11] [I] Average on 1 runs - GPU latency: 6.77344 ms - Host latency: 6.875 ms (enqueue 2.02539 ms)
[10/04/2026-22:16:11] [I] Average on 1 runs - GPU latency: 6.76758 ms - Host latency: 6.86133 ms (enqueue 2.0332 ms)
[10/04/2026-22:16:11] [I] Average on 1 runs - GPU latency: 6.76172 ms - Host latency: 6.86133 ms (enqueue 2.00195 ms)
[10/04/2026-22:16:11] [I] Average on 1 runs - GPU latency: 6.77148 ms - Host latency: 6.85938 ms (enqueue 2.01367 ms)
[10/04/2026-22:16:11] [I] Average on 1 runs - GPU latency: 6.77344 ms - Host latency: 6.86914 ms (enqueue 2.06445 ms)
[10/04/2026-22:16:11] [I] Average on 1 runs - GPU latency: 6.77539 ms - Host latency: 6.875 ms (enqueue 2.03125 ms)
[10/04/2026-22:16:11] [I] Average on 1 runs - GPU latency: 6.76953 ms - Host latency: 6.87695 ms (enqueue 2.02148 ms)
[10/04/2026-22:16:11] [I] Average on 1 runs - GPU latency: 6.77539 ms - Host latency: 6.87695 ms (enqueue 2.05664 ms)
[10/04/2026-22:16:11] [I] Average on 1 runs - GPU latency: 6.77344 ms - Host latency: 6.875 ms (enqueue 2.04297 ms)
[10/04/2026-22:16:11] [I] Average on 1 runs - GPU latency: 6.76953 ms - Host latency: 6.86914 ms (enqueue 2.00586 ms)
[10/04/2026-22:16:11] [I] Average on 1 runs - GPU latency: 6.77344 ms - Host latency: 6.87305 ms (enqueue 2.01172 ms)
[10/04/2026-22:16:11] [I] Average on 1 runs - GPU latency: 6.77344 ms - Host latency: 6.875 ms (enqueue 2.06836 ms)
[10/04/2026-22:16:11] [I] Average on 1 runs - GPU latency: 6.77344 ms - Host latency: 6.87305 ms (enqueue 2.00781 ms)
[10/04/2026-22:16:11] [I] Average on 1 runs - GPU latency: 6.76953 ms - Host latency: 6.875 ms (enqueue 2.00586 ms)
[10/04/2026-22:16:11] [I] Average on 1 runs - GPU latency: 6.76172 ms - Host latency: 6.86328 ms (enqueue 2.08203 ms)
[10/04/2026-22:16:11] [I] Average on 1 runs - GPU latency: 6.77148 ms - Host latency: 6.86133 ms (enqueue 2.00391 ms)
[10/04/2026-22:16:11] [I] Average on 1 runs - GPU latency: 6.77734 ms - Host latency: 6.87891 ms (enqueue 2.02539 ms)
[10/04/2026-22:16:11] [I] Average on 1 runs - GPU latency: 6.78516 ms - Host latency: 6.88281 ms (enqueue 2.06641 ms)
[10/04/2026-22:16:11] [I] Average on 1 runs - GPU latency: 6.76172 ms - Host latency: 6.86914 ms (enqueue 2.0293 ms)
[10/04/2026-22:16:11] [I] Average on 1 runs - GPU latency: 6.76562 ms - Host latency: 6.85352 ms (enqueue 1.96289 ms)
[10/04/2026-22:16:11] [I] Average on 1 runs - GPU latency: 6.77539 ms - Host latency: 6.86133 ms (enqueue 2.03516 ms)
[10/04/2026-22:16:11] [I] Average on 1 runs - GPU latency: 6.77734 ms - Host latency: 6.87695 ms (enqueue 2.0625 ms)
[10/04/2026-22:16:11] [I] Average on 1 runs - GPU latency: 6.77148 ms - Host latency: 6.87109 ms (enqueue 2.01562 ms)
[10/04/2026-22:16:11] [I] Average on 1 runs - GPU latency: 6.77148 ms - Host latency: 6.87891 ms (enqueue 2.0293 ms)
[10/04/2026-22:16:11] [I] Average on 1 runs - GPU latency: 6.77734 ms - Host latency: 6.88281 ms (enqueue 2.05664 ms)
[10/04/2026-22:16:11] [I] Average on 1 runs - GPU latency: 6.77539 ms - Host latency: 6.87695 ms (enqueue 2 ms)
[10/04/2026-22:16:11] [I] Average on 1 runs - GPU latency: 6.78125 ms - Host latency: 6.87305 ms (enqueue 2.02734 ms)
[10/04/2026-22:16:11] [I] Average on 1 runs - GPU latency: 6.76562 ms - Host latency: 6.86914 ms (enqueue 2.10938 ms)
[10/04/2026-22:16:11] [I] Average on 1 runs - GPU latency: 6.77539 ms - Host latency: 6.86914 ms (enqueue 1.96484 ms)
[10/04/2026-22:16:11] [I] Average on 1 runs - GPU latency: 6.75977 ms - Host latency: 6.86133 ms (enqueue 1.99609 ms)
[10/04/2026-22:16:11] [I] Average on 1 runs - GPU latency: 6.77148 ms - Host latency: 6.86523 ms (enqueue 2.05273 ms)
[10/04/2026-22:16:11] [I] Average on 1 runs - GPU latency: 6.76953 ms - Host latency: 6.87305 ms (enqueue 2.07617 ms)
[10/04/2026-22:16:11] [I] Average on 1 runs - GPU latency: 6.76562 ms - Host latency: 6.86914 ms (enqueue 1.97852 ms)
[10/04/2026-22:16:11] [I] Average on 1 runs - GPU latency: 6.77148 ms - Host latency: 6.87109 ms (enqueue 2.04492 ms)
[10/04/2026-22:16:11] [I] Average on 1 runs - GPU latency: 6.77148 ms - Host latency: 6.86133 ms (enqueue 2.04688 ms)
[10/04/2026-22:16:11] [I] Average on 1 runs - GPU latency: 6.75977 ms - Host latency: 6.85938 ms (enqueue 2.00977 ms)
[10/04/2026-22:16:11] [I] Average on 1 runs - GPU latency: 6.77148 ms - Host latency: 6.86523 ms (enqueue 2.10742 ms)
[10/04/2026-22:16:11] [I] Average on 1 runs - GPU latency: 6.76562 ms - Host latency: 6.86719 ms (enqueue 2.03125 ms)
[10/04/2026-22:16:11] [I] Average on 1 runs - GPU latency: 6.76562 ms - Host latency: 6.86914 ms (enqueue 1.99219 ms)
[10/04/2026-22:16:11] [I] Average on 1 runs - GPU latency: 6.76367 ms - Host latency: 6.86719 ms (enqueue 2.00781 ms)
[10/04/2026-22:16:11] [I] Average on 1 runs - GPU latency: 6.77148 ms - Host latency: 6.86523 ms (enqueue 2.04102 ms)
[10/04/2026-22:16:11] [I] Average on 1 runs - GPU latency: 6.77734 ms - Host latency: 6.87891 ms (enqueue 1.96875 ms)
[10/04/2026-22:16:11] [I] Average on 1 runs - GPU latency: 6.76367 ms - Host latency: 6.86328 ms (enqueue 1.99023 ms)
[10/04/2026-22:16:11] [I] Average on 1 runs - GPU latency: 6.77734 ms - Host latency: 6.87695 ms (enqueue 2.04688 ms)
[10/04/2026-22:16:11] [I] Average on 1 runs - GPU latency: 6.76953 ms - Host latency: 6.86523 ms (enqueue 2.05273 ms)
[10/04/2026-22:16:11] [I] Average on 1 runs - GPU latency: 6.77539 ms - Host latency: 6.875 ms (enqueue 2.03711 ms)
[10/04/2026-22:16:11] [I] Average on 1 runs - GPU latency: 6.77344 ms - Host latency: 6.87109 ms (enqueue 2.05273 ms)
[10/04/2026-22:16:11] [I] Average on 1 runs - GPU latency: 6.76172 ms - Host latency: 6.86523 ms (enqueue 2.04492 ms)
[10/04/2026-22:16:11] [I] Average on 1 runs - GPU latency: 6.75781 ms - Host latency: 6.85547 ms (enqueue 2.00586 ms)
[10/04/2026-22:16:11] [I] Average on 1 runs - GPU latency: 6.77539 ms - Host latency: 6.86914 ms (enqueue 2.05273 ms)
[10/04/2026-22:16:11] [I] Average on 1 runs - GPU latency: 6.77344 ms - Host latency: 6.875 ms (enqueue 2.00977 ms)
[10/04/2026-22:16:11] [I] Average on 1 runs - GPU latency: 6.75195 ms - Host latency: 6.85742 ms (enqueue 1.98438 ms)
[10/04/2026-22:16:11] [I] Average on 1 runs - GPU latency: 6.76367 ms - Host latency: 6.85742 ms (enqueue 2 ms)
[10/04/2026-22:16:11] [I] Average on 1 runs - GPU latency: 6.76758 ms - Host latency: 6.85938 ms (enqueue 2.04297 ms)
[10/04/2026-22:16:11] [I] Average on 1 runs - GPU latency: 6.76562 ms - Host latency: 6.86523 ms (enqueue 2.04102 ms)
[10/04/2026-22:16:11] [I] Average on 1 runs - GPU latency: 6.76953 ms - Host latency: 6.87305 ms (enqueue 1.99219 ms)
[10/04/2026-22:16:11] [I] Average on 1 runs - GPU latency: 6.76367 ms - Host latency: 6.85938 ms (enqueue 2.02734 ms)
[10/04/2026-22:16:11] [I] Average on 1 runs - GPU latency: 6.76953 ms - Host latency: 6.86914 ms (enqueue 2.03516 ms)
[10/04/2026-22:16:11] [I] Average on 1 runs - GPU latency: 6.77148 ms - Host latency: 6.875 ms (enqueue 1.99023 ms)
[10/04/2026-22:16:11] [I] Average on 1 runs - GPU latency: 6.76953 ms - Host latency: 6.85938 ms (enqueue 2.04492 ms)
[10/04/2026-22:16:11] [I] Average on 1 runs - GPU latency: 6.76172 ms - Host latency: 6.86133 ms (enqueue 2.04688 ms)
[10/04/2026-22:16:11] [I] Average on 1 runs - GPU latency: 6.78906 ms - Host latency: 6.875 ms (enqueue 2.00586 ms)
[10/04/2026-22:16:11] [I] Average on 1 runs - GPU latency: 6.7832 ms - Host latency: 6.88672 ms (enqueue 2.05859 ms)
[10/04/2026-22:16:11] [I] Average on 1 runs - GPU latency: 6.78711 ms - Host latency: 6.89062 ms (enqueue 2.02344 ms)
[10/04/2026-22:16:11] [I] Average on 1 runs - GPU latency: 6.76758 ms - Host latency: 6.87109 ms (enqueue 2.00195 ms)
[10/04/2026-22:16:11] [I] Average on 1 runs - GPU latency: 6.79297 ms - Host latency: 6.89453 ms (enqueue 2.01172 ms)
[10/04/2026-22:16:11] [I] Average on 1 runs - GPU latency: 6.76953 ms - Host latency: 6.87891 ms (enqueue 2.04492 ms)
[10/04/2026-22:16:11] [I] Average on 1 runs - GPU latency: 6.77734 ms - Host latency: 6.87891 ms (enqueue 2.01562 ms)
[10/04/2026-22:16:11] [I] Average on 1 runs - GPU latency: 6.76758 ms - Host latency: 6.86914 ms (enqueue 2.01172 ms)
[10/04/2026-22:16:11] [I] Average on 1 runs - GPU latency: 6.75977 ms - Host latency: 6.85156 ms (enqueue 2.07031 ms)
[10/04/2026-22:16:11] [I] Average on 1 runs - GPU latency: 6.76758 ms - Host latency: 6.85742 ms (enqueue 2.05078 ms)
[10/04/2026-22:16:11] [I] Average on 1 runs - GPU latency: 6.76953 ms - Host latency: 6.87109 ms (enqueue 2.01172 ms)
[10/04/2026-22:16:11] [I] Average on 1 runs - GPU latency: 6.77344 ms - Host latency: 6.87305 ms (enqueue 2.00391 ms)
[10/04/2026-22:16:11] [I] Average on 1 runs - GPU latency: 6.76562 ms - Host latency: 6.86719 ms (enqueue 2.00977 ms)
[10/04/2026-22:16:11] [I] Average on 1 runs - GPU latency: 6.77734 ms - Host latency: 6.875 ms (enqueue 1.99414 ms)
[10/04/2026-22:16:11] [I] Average on 1 runs - GPU latency: 6.78516 ms - Host latency: 6.88672 ms (enqueue 2.00195 ms)
[10/04/2026-22:16:11] [I] Average on 1 runs - GPU latency: 6.7793 ms - Host latency: 6.87891 ms (enqueue 2.08398 ms)
[10/04/2026-22:16:11] [I] Average on 1 runs - GPU latency: 6.76172 ms - Host latency: 6.86328 ms (enqueue 2.01562 ms)
[10/04/2026-22:16:11] [I] Average on 1 runs - GPU latency: 6.77734 ms - Host latency: 6.87109 ms (enqueue 2.01562 ms)
[10/04/2026-22:16:11] [I] Average on 1 runs - GPU latency: 6.78906 ms - Host latency: 6.88867 ms (enqueue 2.05859 ms)
[10/04/2026-22:16:11] [I] Average on 1 runs - GPU latency: 6.76953 ms - Host latency: 6.87305 ms (enqueue 2.0293 ms)
[10/04/2026-22:16:11] [I] Average on 1 runs - GPU latency: 6.76367 ms - Host latency: 6.85352 ms (enqueue 1.98438 ms)
[10/04/2026-22:16:11] [I] Average on 1 runs - GPU latency: 6.76953 ms - Host latency: 6.85742 ms (enqueue 2.06641 ms)
[10/04/2026-22:16:11] [I] Average on 1 runs - GPU latency: 6.76953 ms - Host latency: 6.87305 ms (enqueue 2.04492 ms)
[10/04/2026-22:16:11] [I] Average on 1 runs - GPU latency: 6.76172 ms - Host latency: 6.86328 ms (enqueue 2.01367 ms)
[10/04/2026-22:16:11] [I] Average on 1 runs - GPU latency: 6.75781 ms - Host latency: 6.85352 ms (enqueue 2.09766 ms)
[10/04/2026-22:16:11] [I] Average on 1 runs - GPU latency: 6.76758 ms - Host latency: 6.85938 ms (enqueue 2.06641 ms)
[10/04/2026-22:16:11] [I] Average on 1 runs - GPU latency: 6.77148 ms - Host latency: 6.86719 ms (enqueue 2.00977 ms)
[10/04/2026-22:16:11] [I] Average on 1 runs - GPU latency: 6.77148 ms - Host latency: 6.88281 ms (enqueue 2.04297 ms)
[10/04/2026-22:16:11] [I] Average on 1 runs - GPU latency: 6.77148 ms - Host latency: 6.87109 ms (enqueue 2.08984 ms)
[10/04/2026-22:16:11] [I] Average on 1 runs - GPU latency: 6.77148 ms - Host latency: 6.86719 ms (enqueue 1.97656 ms)
[10/04/2026-22:16:11] [I] Average on 1 runs - GPU latency: 6.76562 ms - Host latency: 6.86719 ms (enqueue 1.99805 ms)
[10/04/2026-22:16:11] [I] Average on 1 runs - GPU latency: 6.76367 ms - Host latency: 6.85352 ms (enqueue 2.05078 ms)
[10/04/2026-22:16:11] [I] Average on 1 runs - GPU latency: 6.7793 ms - Host latency: 6.87109 ms (enqueue 2.01562 ms)
[10/04/2026-22:16:11] [I] Average on 1 runs - GPU latency: 6.77148 ms - Host latency: 6.87305 ms (enqueue 2.01562 ms)
[10/04/2026-22:16:11] [I] Average on 1 runs - GPU latency: 6.76367 ms - Host latency: 6.86133 ms (enqueue 2.06641 ms)
[10/04/2026-22:16:11] [I] Average on 1 runs - GPU latency: 6.76562 ms - Host latency: 6.85156 ms (enqueue 2.07227 ms)
[10/04/2026-22:16:11] [I] Average on 1 runs - GPU latency: 6.76367 ms - Host latency: 6.86328 ms (enqueue 2.0293 ms)
[10/04/2026-22:16:11] [I] Average on 1 runs - GPU latency: 6.76758 ms - Host latency: 6.85742 ms (enqueue 2.05859 ms)
[10/04/2026-22:16:11] [I] Average on 1 runs - GPU latency: 6.76367 ms - Host latency: 6.85547 ms (enqueue 2.05078 ms)
[10/04/2026-22:16:11] [I] Average on 1 runs - GPU latency: 6.76758 ms - Host latency: 6.86719 ms (enqueue 1.98828 ms)
[10/04/2026-22:16:11] [I] Average on 1 runs - GPU latency: 6.76367 ms - Host latency: 6.85156 ms (enqueue 2.00781 ms)
[10/04/2026-22:16:11] [I] Average on 1 runs - GPU latency: 6.75977 ms - Host latency: 6.85352 ms (enqueue 2.05664 ms)
[10/04/2026-22:16:11] [I] Average on 1 runs - GPU latency: 6.78125 ms - Host latency: 6.86719 ms (enqueue 1.98633 ms)
[10/04/2026-22:16:11] [I] Average on 1 runs - GPU latency: 6.77539 ms - Host latency: 6.88281 ms (enqueue 2.01562 ms)
[10/04/2026-22:16:11] [I] Average on 1 runs - GPU latency: 6.76367 ms - Host latency: 6.86523 ms (enqueue 2.02539 ms)
[10/04/2026-22:16:11] [I] Average on 1 runs - GPU latency: 6.75977 ms - Host latency: 6.84766 ms (enqueue 2.01562 ms)
[10/04/2026-22:16:11] [I] Average on 1 runs - GPU latency: 6.76758 ms - Host latency: 6.86328 ms (enqueue 2.01367 ms)
[10/04/2026-22:16:11] [I] Average on 1 runs - GPU latency: 6.76562 ms - Host latency: 6.86523 ms (enqueue 2.01367 ms)
[10/04/2026-22:16:11] [I] Average on 1 runs - GPU latency: 6.76562 ms - Host latency: 6.86719 ms (enqueue 2.05078 ms)
[10/04/2026-22:16:11] [I] Average on 1 runs - GPU latency: 6.77344 ms - Host latency: 6.875 ms (enqueue 2.00781 ms)
[10/04/2026-22:16:11] [I] Average on 1 runs - GPU latency: 6.76758 ms - Host latency: 6.86719 ms (enqueue 2.01367 ms)
[10/04/2026-22:16:11] [I] Average on 1 runs - GPU latency: 6.76367 ms - Host latency: 6.86523 ms (enqueue 2.04102 ms)
[10/04/2026-22:16:11] [I] Average on 1 runs - GPU latency: 6.76758 ms - Host latency: 6.86914 ms (enqueue 1.99805 ms)
[10/04/2026-22:16:11] [I] Average on 1 runs - GPU latency: 6.77148 ms - Host latency: 6.86133 ms (enqueue 2.00586 ms)
[10/04/2026-22:16:11] [I] Average on 1 runs - GPU latency: 6.76367 ms - Host latency: 6.86523 ms (enqueue 2.07617 ms)
[10/04/2026-22:16:11] [I] Average on 1 runs - GPU latency: 6.76562 ms - Host latency: 6.86719 ms (enqueue 2.01758 ms)
[10/04/2026-22:16:11] [I] Average on 1 runs - GPU latency: 6.76172 ms - Host latency: 6.86328 ms (enqueue 2.00977 ms)
[10/04/2026-22:16:11] [I] Average on 1 runs - GPU latency: 6.77734 ms - Host latency: 6.88281 ms (enqueue 2.03516 ms)
[10/04/2026-22:16:11] [I] Average on 1 runs - GPU latency: 6.75977 ms - Host latency: 6.86328 ms (enqueue 2.00391 ms)
[10/04/2026-22:16:11] [I] Average on 1 runs - GPU latency: 6.75781 ms - Host latency: 6.84375 ms (enqueue 2.01562 ms)
[10/04/2026-22:16:11] [I] Average on 1 runs - GPU latency: 6.76172 ms - Host latency: 6.85156 ms (enqueue 2.04102 ms)
[10/04/2026-22:16:11] [I] Average on 1 runs - GPU latency: 6.77148 ms - Host latency: 6.86133 ms (enqueue 2.03906 ms)
[10/04/2026-22:16:11] [I] Average on 1 runs - GPU latency: 6.76367 ms - Host latency: 6.86328 ms (enqueue 2.00781 ms)
[10/04/2026-22:16:11] [I] Average on 1 runs - GPU latency: 6.75 ms - Host latency: 6.84961 ms (enqueue 2.04688 ms)
[10/04/2026-22:16:11] [I] Average on 1 runs - GPU latency: 6.76953 ms - Host latency: 6.86328 ms (enqueue 2.08008 ms)
[10/04/2026-22:16:11] [I] Average on 1 runs - GPU latency: 6.76953 ms - Host latency: 6.86719 ms (enqueue 2.00977 ms)
[10/04/2026-22:16:11] [I] Average on 1 runs - GPU latency: 6.76367 ms - Host latency: 6.86523 ms (enqueue 2.01172 ms)
[10/04/2026-22:16:11] [I] Average on 1 runs - GPU latency: 6.76758 ms - Host latency: 6.86719 ms (enqueue 2.08984 ms)
[10/04/2026-22:16:11] [I] Average on 1 runs - GPU latency: 6.76562 ms - Host latency: 6.86523 ms (enqueue 2.02344 ms)
[10/04/2026-22:16:11] [I] Average on 1 runs - GPU latency: 6.76562 ms - Host latency: 6.85547 ms (enqueue 1.98633 ms)
[10/04/2026-22:16:11] [I] Average on 1 runs - GPU latency: 6.74219 ms - Host latency: 6.83594 ms (enqueue 2.03516 ms)
[10/04/2026-22:16:11] [I] 
[10/04/2026-22:16:11] [I] === Performance summary ===
[10/04/2026-22:16:11] [I] Throughput: 147.589 qps
[10/04/2026-22:16:11] [I] Latency: min = 6.83301 ms, max = 7.68213 ms, mean = 6.8676 ms, median = 6.86719 ms, percentile(90%) = 6.87988 ms, percentile(95%) = 6.88428 ms, percentile(99%) = 6.89551 ms
[10/04/2026-22:16:11] [I] Enqueue Time: min = 1.95703 ms, max = 2.51562 ms, mean = 2.04856 ms, median = 2.04199 ms, percentile(90%) = 2.0957 ms, percentile(95%) = 2.11963 ms, percentile(99%) = 2.23242 ms
[10/04/2026-22:16:11] [I] H2D Latency: min = 0.0634766 ms, max = 0.141113 ms, mean = 0.0913324 ms, median = 0.0927734 ms, percentile(90%) = 0.0966797 ms, percentile(95%) = 0.0976562 ms, percentile(99%) = 0.101562 ms
[10/04/2026-22:16:11] [I] GPU Compute Time: min = 6.74219 ms, max = 7.58301 ms, mean = 6.76977 ms, median = 6.76855 ms, percentile(90%) = 6.7793 ms, percentile(95%) = 6.7832 ms, percentile(99%) = 6.79492 ms
[10/04/2026-22:16:11] [I] D2H Latency: min = 0.00292969 ms, max = 0.0117188 ms, mean = 0.0064933 ms, median = 0.00585938 ms, percentile(90%) = 0.00878906 ms, percentile(95%) = 0.00927734 ms, percentile(99%) = 0.00976562 ms
[10/04/2026-22:16:11] [I] Total Host Walltime: 15.0147 s
[10/04/2026-22:16:11] [I] Total GPU Compute Time: 15.0018 s
[10/04/2026-22:16:11] [I] Explanations of the performance metrics are printed in the verbose logs.
[10/04/2026-22:16:11] [I] 
&&&& PASSED TensorRT.trtexec [TensorRT v100300] # /usr/src/tensorrt/bin/trtexec --loadEngine=/tmp/engines/y26s_640_uint8_opt3.engine --warmUp=3000 --duration=15 --idleTime=4 --avgRuns=1
