&&&& RUNNING TensorRT.trtexec [TensorRT v100300] # /usr/src/tensorrt/bin/trtexec --loadEngine=/tmp/yolo26n_84172_uint8_fp16_opt3.engine --warmUp=3000 --duration=15 --idleTime=8 --avgRuns=1
[10/04/2026-22:10:48] [I] === Model Options ===
[10/04/2026-22:10:48] [I] Format: *
[10/04/2026-22:10:48] [I] Model: 
[10/04/2026-22:10:48] [I] Output:
[10/04/2026-22:10:48] [I] 
[10/04/2026-22:10:48] [I] === System Options ===
[10/04/2026-22:10:48] [I] Device: 0
[10/04/2026-22:10:48] [I] DLACore: 
[10/04/2026-22:10:48] [I] Plugins:
[10/04/2026-22:10:48] [I] setPluginsToSerialize:
[10/04/2026-22:10:48] [I] dynamicPlugins:
[10/04/2026-22:10:48] [I] ignoreParsedPluginLibs: 0
[10/04/2026-22:10:48] [I] 
[10/04/2026-22:10:48] [I] === Inference Options ===
[10/04/2026-22:10:48] [I] Batch: Explicit
[10/04/2026-22:10:48] [I] Input inference shapes: model
[10/04/2026-22:10:48] [I] Iterations: 10
[10/04/2026-22:10:48] [I] Duration: 15s (+ 3000ms warm up)
[10/04/2026-22:10:48] [I] Sleep time: 0ms
[10/04/2026-22:10:48] [I] Idle time: 8ms
[10/04/2026-22:10:48] [I] Inference Streams: 1
[10/04/2026-22:10:48] [I] ExposeDMA: Disabled
[10/04/2026-22:10:48] [I] Data transfers: Enabled
[10/04/2026-22:10:48] [I] Spin-wait: Disabled
[10/04/2026-22:10:48] [I] Multithreading: Disabled
[10/04/2026-22:10:48] [I] CUDA Graph: Disabled
[10/04/2026-22:10:48] [I] Separate profiling: Disabled
[10/04/2026-22:10:48] [I] Time Deserialize: Disabled
[10/04/2026-22:10:48] [I] Time Refit: Disabled
[10/04/2026-22:10:48] [I] NVTX verbosity: 0
[10/04/2026-22:10:48] [I] Persistent Cache Ratio: 0
[10/04/2026-22:10:48] [I] Optimization Profile Index: 0
[10/04/2026-22:10:48] [I] Weight Streaming Budget: 100.000000%
[10/04/2026-22:10:48] [I] Inputs:
[10/04/2026-22:10:48] [I] Debug Tensor Save Destinations:
[10/04/2026-22:10:48] [I] === Reporting Options ===
[10/04/2026-22:10:48] [I] Verbose: Disabled
[10/04/2026-22:10:48] [I] Averages: 1 inferences
[10/04/2026-22:10:48] [I] Percentiles: 90,95,99
[10/04/2026-22:10:48] [I] Dump refittable layers:Disabled
[10/04/2026-22:10:48] [I] Dump output: Disabled
[10/04/2026-22:10:48] [I] Profile: Disabled
[10/04/2026-22:10:48] [I] Export timing to JSON file: 
[10/04/2026-22:10:48] [I] Export output to JSON file: 
[10/04/2026-22:10:48] [I] Export profile to JSON file: 
[10/04/2026-22:10:48] [I] 
[10/04/2026-22:10:48] [I] === Device Information ===
[10/04/2026-22:10:48] [I] Available Devices: 
[10/04/2026-22:10:48] [I]   Device 0: "Orin" UUID: GPU-6e16c2c1-e394-5324-8f2e-63a975968f4e
[10/04/2026-22:10:48] [I] Selected Device: Orin
[10/04/2026-22:10:48] [I] Selected Device ID: 0
[10/04/2026-22:10:48] [I] Selected Device UUID: GPU-6e16c2c1-e394-5324-8f2e-63a975968f4e
[10/04/2026-22:10:48] [I] Compute Capability: 8.7
[10/04/2026-22:10:48] [I] SMs: 8
[10/04/2026-22:10:48] [I] Device Global Memory: 7607 MiB
[10/04/2026-22:10:48] [I] Shared Memory per SM: 164 KiB
[10/04/2026-22:10:48] [I] Memory Bus Width: 128 bits (ECC disabled)
[10/04/2026-22:10:48] [I] Application Compute Clock Rate: 1.02 GHz
[10/04/2026-22:10:48] [I] Application Memory Clock Rate: 1.02 GHz
[10/04/2026-22:10:48] [I] 
[10/04/2026-22:10:48] [I] Note: The application clock rates do not reflect the actual clock rates that the GPU is currently running at.
[10/04/2026-22:10:48] [I] 
[10/04/2026-22:10:48] [I] TensorRT version: 10.3.0
[10/04/2026-22:10:48] [I] Loading standard plugins
[10/04/2026-22:10:48] [I] [TRT] Loaded engine size: 7 MiB
[10/04/2026-22:10:48] [I] Engine deserialized in 0.0625195 sec.
[10/04/2026-22:10:48] [I] [TRT] [MemUsageChange] TensorRT-managed allocation in IExecutionContext creation: CPU +0, GPU +12, now: CPU 0, GPU 16 (MiB)
[10/04/2026-22:10:48] [I] Setting persistentCacheLimit to 0 bytes.
[10/04/2026-22:10:48] [I] Created execution context with device memory size: 12.207 MiB
[10/04/2026-22:10:48] [I] Using random values for input images
[10/04/2026-22:10:48] [I] Input binding for images with dimensions 1x640x640x3 is created.
[10/04/2026-22:10:48] [I] Output binding for output0 with dimensions 1x300x6 is created.
[10/04/2026-22:10:48] [I] Starting inference
[10/04/2026-22:11:06] [I] Warmup completed 697 queries over 3000 ms
[10/04/2026-22:11:06] [I] Timing trace has 1471 queries over 15.0178 s
[10/04/2026-22:11:06] [I] 
[10/04/2026-22:11:06] [I] === Trace details ===
[10/04/2026-22:11:06] [I] Trace averages of 1 runs:
[10/04/2026-22:11:06] [I] Average on 1 runs - GPU latency: 4.22925 ms - Host latency: 4.36084 ms (enqueue 2.10278 ms)
[10/04/2026-22:11:06] [I] Average on 1 runs - GPU latency: 4.20557 ms - Host latency: 4.34058 ms (enqueue 2.11255 ms)
[10/04/2026-22:11:06] [I] Average on 1 runs - GPU latency: 4.22046 ms - Host latency: 4.29321 ms (enqueue 2.47534 ms)
[10/04/2026-22:11:06] [I] Average on 1 runs - GPU latency: 4.20898 ms - Host latency: 4.27808 ms (enqueue 2.29785 ms)
[10/04/2026-22:11:06] [I] Average on 1 runs - GPU latency: 4.21362 ms - Host latency: 4.27856 ms (enqueue 2.23047 ms)
[10/04/2026-22:11:06] [I] Average on 1 runs - GPU latency: 4.21167 ms - Host latency: 4.27637 ms (enqueue 2.21851 ms)
[10/04/2026-22:11:06] [I] Average on 1 runs - GPU latency: 4.20239 ms - Host latency: 4.26685 ms (enqueue 2.14136 ms)
[10/04/2026-22:11:06] [I] Average on 1 runs - GPU latency: 4.20557 ms - Host latency: 4.26904 ms (enqueue 2.10986 ms)
[10/04/2026-22:11:06] [I] Average on 1 runs - GPU latency: 4.20581 ms - Host latency: 4.26611 ms (enqueue 2.0686 ms)
[10/04/2026-22:11:06] [I] Average on 1 runs - GPU latency: 4.20654 ms - Host latency: 4.26636 ms (enqueue 2.07617 ms)
[10/04/2026-22:11:06] [I] Average on 1 runs - GPU latency: 4.2002 ms - Host latency: 4.26172 ms (enqueue 2.09668 ms)
[10/04/2026-22:11:06] [I] Average on 1 runs - GPU latency: 4.20654 ms - Host latency: 4.26953 ms (enqueue 2.04834 ms)
[10/04/2026-22:11:06] [I] Average on 1 runs - GPU latency: 4.20459 ms - Host latency: 4.27515 ms (enqueue 2.11938 ms)
[10/04/2026-22:11:06] [I] Average on 1 runs - GPU latency: 4.19995 ms - Host latency: 4.27246 ms (enqueue 2.03442 ms)
[10/04/2026-22:11:06] [I] Average on 1 runs - GPU latency: 4.20215 ms - Host latency: 4.26831 ms (enqueue 2.06689 ms)
[10/04/2026-22:11:06] [I] Average on 1 runs - GPU latency: 4.20239 ms - Host latency: 4.26538 ms (enqueue 2.03662 ms)
[10/04/2026-22:11:06] [I] Average on 1 runs - GPU latency: 4.21582 ms - Host latency: 4.2793 ms (enqueue 2.09961 ms)
[10/04/2026-22:11:06] [I] Average on 1 runs - GPU latency: 4.20801 ms - Host latency: 4.27393 ms (enqueue 2.01782 ms)
[10/04/2026-22:11:06] [I] Average on 1 runs - GPU latency: 4.20215 ms - Host latency: 4.26611 ms (enqueue 2.0813 ms)
[10/04/2026-22:11:06] [I] Average on 1 runs - GPU latency: 4.20117 ms - Host latency: 4.26318 ms (enqueue 2.06006 ms)
[10/04/2026-22:11:06] [I] Average on 1 runs - GPU latency: 4.20215 ms - Host latency: 4.26782 ms (enqueue 2.01172 ms)
[10/04/2026-22:11:06] [I] Average on 1 runs - GPU latency: 4.20703 ms - Host latency: 4.26978 ms (enqueue 2.06445 ms)
[10/04/2026-22:11:06] [I] Average on 1 runs - GPU latency: 4.20581 ms - Host latency: 4.27173 ms (enqueue 2.03491 ms)
[10/04/2026-22:11:06] [I] Average on 1 runs - GPU latency: 4.20264 ms - Host latency: 4.26733 ms (enqueue 2.07349 ms)
[10/04/2026-22:11:06] [I] Average on 1 runs - GPU latency: 4.198 ms - Host latency: 4.26147 ms (enqueue 2.03467 ms)
[10/04/2026-22:11:06] [I] Average on 1 runs - GPU latency: 4.19409 ms - Host latency: 4.25757 ms (enqueue 2.08203 ms)
[10/04/2026-22:11:06] [I] Average on 1 runs - GPU latency: 4.19824 ms - Host latency: 4.26636 ms (enqueue 2.11548 ms)
[10/04/2026-22:11:06] [I] Average on 1 runs - GPU latency: 4.19922 ms - Host latency: 4.2644 ms (enqueue 2.10522 ms)
[10/04/2026-22:11:06] [I] Average on 1 runs - GPU latency: 4.2019 ms - Host latency: 4.26831 ms (enqueue 2.03784 ms)
[10/04/2026-22:11:06] [I] Average on 1 runs - GPU latency: 4.19507 ms - Host latency: 4.2605 ms (enqueue 2.0603 ms)
[10/04/2026-22:11:06] [I] Average on 1 runs - GPU latency: 4.20483 ms - Host latency: 4.26953 ms (enqueue 2.07983 ms)
[10/04/2026-22:11:06] [I] Average on 1 runs - GPU latency: 4.20093 ms - Host latency: 4.26294 ms (enqueue 2.04541 ms)
[10/04/2026-22:11:06] [I] Average on 1 runs - GPU latency: 4.20386 ms - Host latency: 4.26904 ms (enqueue 2.06226 ms)
[10/04/2026-22:11:06] [I] Average on 1 runs - GPU latency: 4.20557 ms - Host latency: 4.26978 ms (enqueue 2.03638 ms)
[10/04/2026-22:11:06] [I] Average on 1 runs - GPU latency: 4.20166 ms - Host latency: 4.26465 ms (enqueue 2.11328 ms)
[10/04/2026-22:11:06] [I] Average on 1 runs - GPU latency: 4.2041 ms - Host latency: 4.27002 ms (enqueue 2.01123 ms)
[10/04/2026-22:11:06] [I] Average on 1 runs - GPU latency: 4.20361 ms - Host latency: 4.26807 ms (enqueue 2.09033 ms)
[10/04/2026-22:11:06] [I] Average on 1 runs - GPU latency: 4.20581 ms - Host latency: 4.27222 ms (enqueue 2.04492 ms)
[10/04/2026-22:11:06] [I] Average on 1 runs - GPU latency: 4.20459 ms - Host latency: 4.27124 ms (enqueue 2.08911 ms)
[10/04/2026-22:11:06] [I] Average on 1 runs - GPU latency: 4.20337 ms - Host latency: 4.26587 ms (enqueue 2.03906 ms)
[10/04/2026-22:11:06] [I] Average on 1 runs - GPU latency: 4.19629 ms - Host latency: 4.26978 ms (enqueue 2.10547 ms)
[10/04/2026-22:11:06] [I] Average on 1 runs - GPU latency: 4.20483 ms - Host latency: 4.271 ms (enqueue 2.052 ms)
[10/04/2026-22:11:06] [I] Average on 1 runs - GPU latency: 4.20386 ms - Host latency: 4.26807 ms (enqueue 2.07568 ms)
[10/04/2026-22:11:06] [I] Average on 1 runs - GPU latency: 4.20947 ms - Host latency: 4.27441 ms (enqueue 2.11255 ms)
[10/04/2026-22:11:06] [I] Average on 1 runs - GPU latency: 4.2041 ms - Host latency: 4.271 ms (enqueue 2.01953 ms)
[10/04/2026-22:11:06] [I] Average on 1 runs - GPU latency: 4.20239 ms - Host latency: 4.26416 ms (enqueue 2.07642 ms)
[10/04/2026-22:11:06] [I] Average on 1 runs - GPU latency: 4.21045 ms - Host latency: 4.27393 ms (enqueue 2.04712 ms)
[10/04/2026-22:11:06] [I] Average on 1 runs - GPU latency: 4.20605 ms - Host latency: 4.27197 ms (enqueue 2.07837 ms)
[10/04/2026-22:11:06] [I] Average on 1 runs - GPU latency: 4.20142 ms - Host latency: 4.26733 ms (enqueue 2.03345 ms)
[10/04/2026-22:11:06] [I] Average on 1 runs - GPU latency: 4.20044 ms - Host latency: 4.26538 ms (enqueue 2.08862 ms)
[10/04/2026-22:11:06] [I] Average on 1 runs - GPU latency: 4.19727 ms - Host latency: 4.26245 ms (enqueue 2.01099 ms)
[10/04/2026-22:11:06] [I] Average on 1 runs - GPU latency: 4.20508 ms - Host latency: 4.26831 ms (enqueue 2.03979 ms)
[10/04/2026-22:11:06] [I] Average on 1 runs - GPU latency: 4.20166 ms - Host latency: 4.26709 ms (enqueue 2.0835 ms)
[10/04/2026-22:11:06] [I] Average on 1 runs - GPU latency: 4.20703 ms - Host latency: 4.27319 ms (enqueue 2.0249 ms)
[10/04/2026-22:11:06] [I] Average on 1 runs - GPU latency: 4.20508 ms - Host latency: 4.28027 ms (enqueue 2.0769 ms)
[10/04/2026-22:11:06] [I] Average on 1 runs - GPU latency: 4.21899 ms - Host latency: 4.2876 ms (enqueue 2.39478 ms)
[10/04/2026-22:11:06] [I] Average on 1 runs - GPU latency: 4.20996 ms - Host latency: 4.28101 ms (enqueue 2.35571 ms)
[10/04/2026-22:11:06] [I] Average on 1 runs - GPU latency: 4.20825 ms - Host latency: 4.27954 ms (enqueue 2.33105 ms)
[10/04/2026-22:11:06] [I] Average on 1 runs - GPU latency: 4.20874 ms - Host latency: 4.27588 ms (enqueue 2.229 ms)
[10/04/2026-22:11:06] [I] Average on 1 runs - GPU latency: 4.21069 ms - Host latency: 4.27588 ms (enqueue 2.16333 ms)
[10/04/2026-22:11:06] [I] Average on 1 runs - GPU latency: 4.20288 ms - Host latency: 4.26904 ms (enqueue 2.10571 ms)
[10/04/2026-22:11:06] [I] Average on 1 runs - GPU latency: 4.20825 ms - Host latency: 4.27393 ms (enqueue 2.06958 ms)
[10/04/2026-22:11:06] [I] Average on 1 runs - GPU latency: 4.2063 ms - Host latency: 4.26929 ms (enqueue 2.05347 ms)
[10/04/2026-22:11:06] [I] Average on 1 runs - GPU latency: 4.2019 ms - Host latency: 4.26562 ms (enqueue 2.10645 ms)
[10/04/2026-22:11:06] [I] Average on 1 runs - GPU latency: 4.20459 ms - Host latency: 4.26831 ms (enqueue 2.052 ms)
[10/04/2026-22:11:06] [I] Average on 1 runs - GPU latency: 4.20605 ms - Host latency: 4.27124 ms (enqueue 2.07861 ms)
[10/04/2026-22:11:06] [I] Average on 1 runs - GPU latency: 4.20337 ms - Host latency: 4.27002 ms (enqueue 2.04834 ms)
[10/04/2026-22:11:06] [I] Average on 1 runs - GPU latency: 4.2063 ms - Host latency: 4.27124 ms (enqueue 2.02466 ms)
[10/04/2026-22:11:06] [I] Average on 1 runs - GPU latency: 4.20581 ms - Host latency: 4.27002 ms (enqueue 2.07739 ms)
[10/04/2026-22:11:06] [I] Average on 1 runs - GPU latency: 4.20557 ms - Host latency: 4.26733 ms (enqueue 2.02539 ms)
[10/04/2026-22:11:06] [I] Average on 1 runs - GPU latency: 4.20703 ms - Host latency: 4.27002 ms (enqueue 2.09131 ms)
[10/04/2026-22:11:06] [I] Average on 1 runs - GPU latency: 4.2063 ms - Host latency: 4.27222 ms (enqueue 2.00342 ms)
[10/04/2026-22:11:06] [I] Average on 1 runs - GPU latency: 4.20508 ms - Host latency: 4.2666 ms (enqueue 2.07397 ms)
[10/04/2026-22:11:06] [I] Average on 1 runs - GPU latency: 4.20605 ms - Host latency: 4.26709 ms (enqueue 2.06226 ms)
[10/04/2026-22:11:06] [I] Average on 1 runs - GPU latency: 4.19971 ms - Host latency: 4.26147 ms (enqueue 2.09302 ms)
[10/04/2026-22:11:06] [I] Average on 1 runs - GPU latency: 4.20825 ms - Host latency: 4.27026 ms (enqueue 2.04712 ms)
[10/04/2026-22:11:06] [I] Average on 1 runs - GPU latency: 4.19629 ms - Host latency: 4.25952 ms (enqueue 2.09741 ms)
[10/04/2026-22:11:06] [I] Average on 1 runs - GPU latency: 4.20557 ms - Host latency: 4.26611 ms (enqueue 2.09595 ms)
[10/04/2026-22:11:06] [I] Average on 1 runs - GPU latency: 4.20386 ms - Host latency: 4.26782 ms (enqueue 2.06177 ms)
[10/04/2026-22:11:06] [I] Average on 1 runs - GPU latency: 4.20386 ms - Host latency: 4.26538 ms (enqueue 2.09644 ms)
[10/04/2026-22:11:06] [I] Average on 1 runs - GPU latency: 4.19873 ms - Host latency: 4.2605 ms (enqueue 2.06201 ms)
[10/04/2026-22:11:06] [I] Average on 1 runs - GPU latency: 4.2019 ms - Host latency: 4.27563 ms (enqueue 2.09741 ms)
[10/04/2026-22:11:06] [I] Average on 1 runs - GPU latency: 4.2063 ms - Host latency: 4.26929 ms (enqueue 2.05298 ms)
[10/04/2026-22:11:06] [I] Average on 1 runs - GPU latency: 4.20703 ms - Host latency: 4.27124 ms (enqueue 2.09033 ms)
[10/04/2026-22:11:06] [I] Average on 1 runs - GPU latency: 4.19897 ms - Host latency: 4.26855 ms (enqueue 2.16113 ms)
[10/04/2026-22:11:06] [I] Average on 1 runs - GPU latency: 4.1958 ms - Host latency: 4.25977 ms (enqueue 2.11938 ms)
[10/04/2026-22:11:06] [I] Average on 1 runs - GPU latency: 4.19873 ms - Host latency: 4.26123 ms (enqueue 2.08667 ms)
[10/04/2026-22:11:06] [I] Average on 1 runs - GPU latency: 4.21069 ms - Host latency: 4.27588 ms (enqueue 2.06836 ms)
[10/04/2026-22:11:06] [I] Average on 1 runs - GPU latency: 4.20874 ms - Host latency: 4.27124 ms (enqueue 2.104 ms)
[10/04/2026-22:11:06] [I] Average on 1 runs - GPU latency: 4.20483 ms - Host latency: 4.26587 ms (enqueue 2.05347 ms)
[10/04/2026-22:11:06] [I] Average on 1 runs - GPU latency: 4.21191 ms - Host latency: 4.27466 ms (enqueue 2.11206 ms)
[10/04/2026-22:11:06] [I] Average on 1 runs - GPU latency: 4.20337 ms - Host latency: 4.2688 ms (enqueue 2.02319 ms)
[10/04/2026-22:11:06] [I] Average on 1 runs - GPU latency: 4.20654 ms - Host latency: 4.26807 ms (enqueue 2.07251 ms)
[10/04/2026-22:11:06] [I] Average on 1 runs - GPU latency: 4.20312 ms - Host latency: 4.26367 ms (enqueue 2.02881 ms)
[10/04/2026-22:11:06] [I] Average on 1 runs - GPU latency: 4.19946 ms - Host latency: 4.26099 ms (enqueue 2.06226 ms)
[10/04/2026-22:11:06] [I] Average on 1 runs - GPU latency: 4.20288 ms - Host latency: 4.27246 ms (enqueue 2.03247 ms)
[10/04/2026-22:11:06] [I] Average on 1 runs - GPU latency: 4.20972 ms - Host latency: 4.27222 ms (enqueue 2.06812 ms)
[10/04/2026-22:11:06] [I] Average on 1 runs - GPU latency: 4.20996 ms - Host latency: 4.271 ms (enqueue 2.08081 ms)
[10/04/2026-22:11:06] [I] Average on 1 runs - GPU latency: 4.20386 ms - Host latency: 4.26489 ms (enqueue 2.04297 ms)
[10/04/2026-22:11:06] [I] Average on 1 runs - GPU latency: 4.21021 ms - Host latency: 4.271 ms (enqueue 2.10889 ms)
[10/04/2026-22:11:06] [I] Average on 1 runs - GPU latency: 4.20776 ms - Host latency: 4.26953 ms (enqueue 2.05493 ms)
[10/04/2026-22:11:06] [I] Average on 1 runs - GPU latency: 4.21069 ms - Host latency: 4.27637 ms (enqueue 2.06079 ms)
[10/04/2026-22:11:06] [I] Average on 1 runs - GPU latency: 4.20288 ms - Host latency: 4.2688 ms (enqueue 2.00854 ms)
[10/04/2026-22:11:06] [I] Average on 1 runs - GPU latency: 4.20264 ms - Host latency: 4.26685 ms (enqueue 2.07349 ms)
[10/04/2026-22:11:06] [I] Average on 1 runs - GPU latency: 4.19702 ms - Host latency: 4.25854 ms (enqueue 2.04028 ms)
[10/04/2026-22:11:06] [I] Average on 1 runs - GPU latency: 4.21021 ms - Host latency: 4.271 ms (enqueue 2.07104 ms)
[10/04/2026-22:11:06] [I] Average on 1 runs - GPU latency: 4.2019 ms - Host latency: 4.2627 ms (enqueue 2.03955 ms)
[10/04/2026-22:11:06] [I] Average on 1 runs - GPU latency: 4.20508 ms - Host latency: 4.27075 ms (enqueue 2.12158 ms)
[10/04/2026-22:11:06] [I] Average on 1 runs - GPU latency: 4.2124 ms - Host latency: 4.27393 ms (enqueue 2.13184 ms)
[10/04/2026-22:11:06] [I] Average on 1 runs - GPU latency: 4.2085 ms - Host latency: 4.28271 ms (enqueue 2.33057 ms)
[10/04/2026-22:11:06] [I] Average on 1 runs - GPU latency: 4.21777 ms - Host latency: 4.28564 ms (enqueue 2.25439 ms)
[10/04/2026-22:11:06] [I] Average on 1 runs - GPU latency: 4.20459 ms - Host latency: 4.27637 ms (enqueue 2.33936 ms)
[10/04/2026-22:11:06] [I] Average on 1 runs - GPU latency: 4.20703 ms - Host latency: 4.27393 ms (enqueue 2.24951 ms)
[10/04/2026-22:11:06] [I] Average on 1 runs - GPU latency: 4.21338 ms - Host latency: 4.27783 ms (enqueue 2.42041 ms)
[10/04/2026-22:11:06] [I] Average on 1 runs - GPU latency: 4.19775 ms - Host latency: 4.26416 ms (enqueue 2.10498 ms)
[10/04/2026-22:11:06] [I] Average on 1 runs - GPU latency: 4.19727 ms - Host latency: 4.26318 ms (enqueue 2.14062 ms)
[10/04/2026-22:11:06] [I] Average on 1 runs - GPU latency: 4.20605 ms - Host latency: 4.26758 ms (enqueue 2.04443 ms)
[10/04/2026-22:11:06] [I] Average on 1 runs - GPU latency: 4.20068 ms - Host latency: 4.26514 ms (enqueue 2.09326 ms)
[10/04/2026-22:11:06] [I] Average on 1 runs - GPU latency: 4.20215 ms - Host latency: 4.2666 ms (enqueue 2.05713 ms)
[10/04/2026-22:11:06] [I] Average on 1 runs - GPU latency: 4.20508 ms - Host latency: 4.27393 ms (enqueue 2.13379 ms)
[10/04/2026-22:11:06] [I] Average on 1 runs - GPU latency: 4.20117 ms - Host latency: 4.2666 ms (enqueue 2.104 ms)
[10/04/2026-22:11:06] [I] Average on 1 runs - GPU latency: 4.2002 ms - Host latency: 4.26172 ms (enqueue 2.07422 ms)
[10/04/2026-22:11:06] [I] Average on 1 runs - GPU latency: 4.19531 ms - Host latency: 4.27051 ms (enqueue 2.13916 ms)
[10/04/2026-22:11:06] [I] Average on 1 runs - GPU latency: 4.20752 ms - Host latency: 4.27246 ms (enqueue 2.03613 ms)
[10/04/2026-22:11:06] [I] Average on 1 runs - GPU latency: 4.20361 ms - Host latency: 4.26807 ms (enqueue 2.09375 ms)
[10/04/2026-22:11:06] [I] Average on 1 runs - GPU latency: 4.20166 ms - Host latency: 4.26514 ms (enqueue 2.06396 ms)
[10/04/2026-22:11:06] [I] Average on 1 runs - GPU latency: 4.19727 ms - Host latency: 4.26221 ms (enqueue 2.09326 ms)
[10/04/2026-22:11:06] [I] Average on 1 runs - GPU latency: 4.2085 ms - Host latency: 4.26855 ms (enqueue 2.04834 ms)
[10/04/2026-22:11:06] [I] Average on 1 runs - GPU latency: 4.20508 ms - Host latency: 4.26758 ms (enqueue 2.11133 ms)
[10/04/2026-22:11:06] [I] Average on 1 runs - GPU latency: 4.2085 ms - Host latency: 4.27441 ms (enqueue 2.06982 ms)
[10/04/2026-22:11:06] [I] Average on 1 runs - GPU latency: 4.19824 ms - Host latency: 4.26074 ms (enqueue 2.04102 ms)
[10/04/2026-22:11:06] [I] Average on 1 runs - GPU latency: 4.19873 ms - Host latency: 4.25928 ms (enqueue 2.104 ms)
[10/04/2026-22:11:06] [I] Average on 1 runs - GPU latency: 4.21045 ms - Host latency: 4.27686 ms (enqueue 2.03271 ms)
[10/04/2026-22:11:06] [I] Average on 1 runs - GPU latency: 4.19482 ms - Host latency: 4.25488 ms (enqueue 2.125 ms)
[10/04/2026-22:11:06] [I] Average on 1 runs - GPU latency: 4.2085 ms - Host latency: 4.27246 ms (enqueue 2.08838 ms)
[10/04/2026-22:11:06] [I] Average on 1 runs - GPU latency: 4.20508 ms - Host latency: 4.27051 ms (enqueue 2.06445 ms)
[10/04/2026-22:11:06] [I] Average on 1 runs - GPU latency: 4.19629 ms - Host latency: 4.26074 ms (enqueue 2.04834 ms)
[10/04/2026-22:11:06] [I] Average on 1 runs - GPU latency: 4.20117 ms - Host latency: 4.26465 ms (enqueue 2.10352 ms)
[10/04/2026-22:11:06] [I] Average on 1 runs - GPU latency: 4.19482 ms - Host latency: 4.25977 ms (enqueue 2.0498 ms)
[10/04/2026-22:11:06] [I] Average on 1 runs - GPU latency: 4.20459 ms - Host latency: 4.26514 ms (enqueue 2.07764 ms)
[10/04/2026-22:11:06] [I] Average on 1 runs - GPU latency: 4.20752 ms - Host latency: 4.26807 ms (enqueue 2.09131 ms)
[10/04/2026-22:11:06] [I] Average on 1 runs - GPU latency: 4.2041 ms - Host latency: 4.26855 ms (enqueue 2.0332 ms)
[10/04/2026-22:11:06] [I] Average on 1 runs - GPU latency: 4.20215 ms - Host latency: 4.26709 ms (enqueue 2.10449 ms)
[10/04/2026-22:11:06] [I] Average on 1 runs - GPU latency: 4.19971 ms - Host latency: 4.26367 ms (enqueue 2.04639 ms)
[10/04/2026-22:11:06] [I] Average on 1 runs - GPU latency: 4.20166 ms - Host latency: 4.26758 ms (enqueue 2.07373 ms)
[10/04/2026-22:11:06] [I] Average on 1 runs - GPU latency: 4.20361 ms - Host latency: 4.2666 ms (enqueue 2.05371 ms)
[10/04/2026-22:11:06] [I] Average on 1 runs - GPU latency: 4.2002 ms - Host latency: 4.26367 ms (enqueue 2.11377 ms)
[10/04/2026-22:11:06] [I] Average on 1 runs - GPU latency: 4.20752 ms - Host latency: 4.27197 ms (enqueue 2.03125 ms)
[10/04/2026-22:11:06] [I] Average on 1 runs - GPU latency: 4.20312 ms - Host latency: 4.26709 ms (enqueue 2.08984 ms)
[10/04/2026-22:11:06] [I] Average on 1 runs - GPU latency: 4.19971 ms - Host latency: 4.26074 ms (enqueue 2.07227 ms)
[10/04/2026-22:11:06] [I] Average on 1 runs - GPU latency: 4.2002 ms - Host latency: 4.26562 ms (enqueue 2.02197 ms)
[10/04/2026-22:11:06] [I] Average on 1 runs - GPU latency: 4.20117 ms - Host latency: 4.26562 ms (enqueue 2.09961 ms)
[10/04/2026-22:11:06] [I] Average on 1 runs - GPU latency: 4.19824 ms - Host latency: 4.25928 ms (enqueue 2.04443 ms)
[10/04/2026-22:11:06] [I] Average on 1 runs - GPU latency: 4.20068 ms - Host latency: 4.26416 ms (enqueue 2.06299 ms)
[10/04/2026-22:11:06] [I] Average on 1 runs - GPU latency: 4.20654 ms - Host latency: 4.27148 ms (enqueue 2.04688 ms)
[10/04/2026-22:11:06] [I] Average on 1 runs - GPU latency: 4.20215 ms - Host latency: 4.26611 ms (enqueue 2.10205 ms)
[10/04/2026-22:11:06] [I] Average on 1 runs - GPU latency: 4.19482 ms - Host latency: 4.25977 ms (enqueue 2.02148 ms)
[10/04/2026-22:11:06] [I] Average on 1 runs - GPU latency: 4.20898 ms - Host latency: 4.27393 ms (enqueue 2.09082 ms)
[10/04/2026-22:11:06] [I] Average on 1 runs - GPU latency: 4.19971 ms - Host latency: 4.26416 ms (enqueue 2.06738 ms)
[10/04/2026-22:11:06] [I] Average on 1 runs - GPU latency: 4.20264 ms - Host latency: 4.26416 ms (enqueue 2.1123 ms)
[10/04/2026-22:11:06] [I] Average on 1 runs - GPU latency: 4.19922 ms - Host latency: 4.26074 ms (enqueue 2.13672 ms)
[10/04/2026-22:11:06] [I] Average on 1 runs - GPU latency: 4.2002 ms - Host latency: 4.26074 ms (enqueue 2.05518 ms)
[10/04/2026-22:11:06] [I] Average on 1 runs - GPU latency: 4.21875 ms - Host latency: 4.29297 ms (enqueue 2.50781 ms)
[10/04/2026-22:11:06] [I] Average on 1 runs - GPU latency: 4.20215 ms - Host latency: 4.27246 ms (enqueue 2.21045 ms)
[10/04/2026-22:11:06] [I] Average on 1 runs - GPU latency: 4.21191 ms - Host latency: 4.2832 ms (enqueue 2.42773 ms)
[10/04/2026-22:11:06] [I] Average on 1 runs - GPU latency: 4.21191 ms - Host latency: 4.2749 ms (enqueue 2.18945 ms)
[10/04/2026-22:11:06] [I] Average on 1 runs - GPU latency: 4.20117 ms - Host latency: 4.26416 ms (enqueue 2.11816 ms)
[10/04/2026-22:11:06] [I] Average on 1 runs - GPU latency: 4.20312 ms - Host latency: 4.26562 ms (enqueue 2.11768 ms)
[10/04/2026-22:11:06] [I] Average on 1 runs - GPU latency: 4.20508 ms - Host latency: 4.27197 ms (enqueue 2.14307 ms)
[10/04/2026-22:11:06] [I] Average on 1 runs - GPU latency: 4.20703 ms - Host latency: 4.26904 ms (enqueue 2.11328 ms)
[10/04/2026-22:11:06] [I] Average on 1 runs - GPU latency: 4.20752 ms - Host latency: 4.27295 ms (enqueue 2.0498 ms)
[10/04/2026-22:11:06] [I] Average on 1 runs - GPU latency: 4.19971 ms - Host latency: 4.26074 ms (enqueue 2.09131 ms)
[10/04/2026-22:11:06] [I] Average on 1 runs - GPU latency: 4.1958 ms - Host latency: 4.25977 ms (enqueue 2.05469 ms)
[10/04/2026-22:11:06] [I] Average on 1 runs - GPU latency: 4.20801 ms - Host latency: 4.27295 ms (enqueue 2.03809 ms)
[10/04/2026-22:11:06] [I] Average on 1 runs - GPU latency: 4.20264 ms - Host latency: 4.26367 ms (enqueue 2.05664 ms)
[10/04/2026-22:11:06] [I] Average on 1 runs - GPU latency: 4.20557 ms - Host latency: 4.26611 ms (enqueue 2.04346 ms)
[10/04/2026-22:11:06] [I] Average on 1 runs - GPU latency: 4.20117 ms - Host latency: 4.26562 ms (enqueue 2.06934 ms)
[10/04/2026-22:11:06] [I] Average on 1 runs - GPU latency: 4.20166 ms - Host latency: 4.27344 ms (enqueue 2.04785 ms)
[10/04/2026-22:11:06] [I] Average on 1 runs - GPU latency: 4.2041 ms - Host latency: 4.26465 ms (enqueue 2.11133 ms)
[10/04/2026-22:11:06] [I] Average on 1 runs - GPU latency: 4.19678 ms - Host latency: 4.26025 ms (enqueue 2.01367 ms)
[10/04/2026-22:11:06] [I] Average on 1 runs - GPU latency: 4.20361 ms - Host latency: 4.26807 ms (enqueue 2.1001 ms)
[10/04/2026-22:11:06] [I] Average on 1 runs - GPU latency: 4.2002 ms - Host latency: 4.26367 ms (enqueue 2.07617 ms)
[10/04/2026-22:11:06] [I] Average on 1 runs - GPU latency: 4.20312 ms - Host latency: 4.26904 ms (enqueue 2.06396 ms)
[10/04/2026-22:11:06] [I] Average on 1 runs - GPU latency: 4.19922 ms - Host latency: 4.25977 ms (enqueue 2.02295 ms)
[10/04/2026-22:11:06] [I] Average on 1 runs - GPU latency: 4.20508 ms - Host latency: 4.2666 ms (enqueue 2.10547 ms)
[10/04/2026-22:11:06] [I] Average on 1 runs - GPU latency: 4.19482 ms - Host latency: 4.2627 ms (enqueue 2.17529 ms)
[10/04/2026-22:11:06] [I] Average on 1 runs - GPU latency: 4.19971 ms - Host latency: 4.26465 ms (enqueue 2.08398 ms)
[10/04/2026-22:11:06] [I] Average on 1 runs - GPU latency: 4.21045 ms - Host latency: 4.2749 ms (enqueue 2.13379 ms)
[10/04/2026-22:11:06] [I] Average on 1 runs - GPU latency: 4.19678 ms - Host latency: 4.26172 ms (enqueue 2.00537 ms)
[10/04/2026-22:11:06] [I] Average on 1 runs - GPU latency: 4.20703 ms - Host latency: 4.26758 ms (enqueue 2.09863 ms)
[10/04/2026-22:11:06] [I] Average on 1 runs - GPU latency: 4.20947 ms - Host latency: 4.27393 ms (enqueue 2.0791 ms)
[10/04/2026-22:11:06] [I] Average on 1 runs - GPU latency: 4.2002 ms - Host latency: 4.26465 ms (enqueue 2.0708 ms)
[10/04/2026-22:11:06] [I] Average on 1 runs - GPU latency: 4.20215 ms - Host latency: 4.26758 ms (enqueue 2.01807 ms)
[10/04/2026-22:11:06] [I] Average on 1 runs - GPU latency: 4.20117 ms - Host latency: 4.26709 ms (enqueue 2.05566 ms)
[10/04/2026-22:11:06] [I] Average on 1 runs - GPU latency: 4.20703 ms - Host latency: 4.27246 ms (enqueue 2.04541 ms)
[10/04/2026-22:11:06] [I] Average on 1 runs - GPU latency: 4.20166 ms - Host latency: 4.26074 ms (enqueue 2.03809 ms)
[10/04/2026-22:11:06] [I] Average on 1 runs - GPU latency: 4.2041 ms - Host latency: 4.26465 ms (enqueue 2.1167 ms)
[10/04/2026-22:11:06] [I] Average on 1 runs - GPU latency: 4.20264 ms - Host latency: 4.2666 ms (enqueue 2.01367 ms)
[10/04/2026-22:11:06] [I] Average on 1 runs - GPU latency: 4.20801 ms - Host latency: 4.27246 ms (enqueue 2.06738 ms)
[10/04/2026-22:11:06] [I] Average on 1 runs - GPU latency: 4.2041 ms - Host latency: 4.26367 ms (enqueue 2.03174 ms)
[10/04/2026-22:11:06] [I] ... Omitting 1071 lines
[10/04/2026-22:11:06] [I] Average on 1 runs - GPU latency: 4.20312 ms - Host latency: 4.27246 ms (enqueue 2.09082 ms)
[10/04/2026-22:11:06] [I] Average on 1 runs - GPU latency: 4.20898 ms - Host latency: 4.26855 ms (enqueue 2.0293 ms)
[10/04/2026-22:11:06] [I] Average on 1 runs - GPU latency: 4.2002 ms - Host latency: 4.25977 ms (enqueue 2.09668 ms)
[10/04/2026-22:11:06] [I] Average on 1 runs - GPU latency: 4.20605 ms - Host latency: 4.2666 ms (enqueue 2.0332 ms)
[10/04/2026-22:11:06] [I] Average on 1 runs - GPU latency: 4.20801 ms - Host latency: 4.26953 ms (enqueue 2.08105 ms)
[10/04/2026-22:11:06] [I] Average on 1 runs - GPU latency: 4.20508 ms - Host latency: 4.26562 ms (enqueue 2.03711 ms)
[10/04/2026-22:11:06] [I] Average on 1 runs - GPU latency: 4.2002 ms - Host latency: 4.26074 ms (enqueue 2.08887 ms)
[10/04/2026-22:11:06] [I] Average on 1 runs - GPU latency: 4.2041 ms - Host latency: 4.26953 ms (enqueue 2.06152 ms)
[10/04/2026-22:11:06] [I] Average on 1 runs - GPU latency: 4.2041 ms - Host latency: 4.26465 ms (enqueue 2.07129 ms)
[10/04/2026-22:11:06] [I] Average on 1 runs - GPU latency: 4.20508 ms - Host latency: 4.26367 ms (enqueue 2.05957 ms)
[10/04/2026-22:11:06] [I] Average on 1 runs - GPU latency: 4.21582 ms - Host latency: 4.27539 ms (enqueue 2.08496 ms)
[10/04/2026-22:11:06] [I] Average on 1 runs - GPU latency: 4.21875 ms - Host latency: 4.29395 ms (enqueue 2.4668 ms)
[10/04/2026-22:11:06] [I] Average on 1 runs - GPU latency: 4.21387 ms - Host latency: 4.28027 ms (enqueue 2.1582 ms)
[10/04/2026-22:11:06] [I] Average on 1 runs - GPU latency: 4.20703 ms - Host latency: 4.27344 ms (enqueue 2.33984 ms)
[10/04/2026-22:11:06] [I] Average on 1 runs - GPU latency: 4.20801 ms - Host latency: 4.27246 ms (enqueue 2.20215 ms)
[10/04/2026-22:11:06] [I] Average on 1 runs - GPU latency: 4.20898 ms - Host latency: 4.27148 ms (enqueue 2.08496 ms)
[10/04/2026-22:11:06] [I] Average on 1 runs - GPU latency: 4.2041 ms - Host latency: 4.26465 ms (enqueue 2.10156 ms)
[10/04/2026-22:11:06] [I] Average on 1 runs - GPU latency: 4.2041 ms - Host latency: 4.27148 ms (enqueue 2.15723 ms)
[10/04/2026-22:11:06] [I] Average on 1 runs - GPU latency: 4.2002 ms - Host latency: 4.26367 ms (enqueue 2.11133 ms)
[10/04/2026-22:11:06] [I] Average on 1 runs - GPU latency: 4.20703 ms - Host latency: 4.26953 ms (enqueue 2.02539 ms)
[10/04/2026-22:11:06] [I] Average on 1 runs - GPU latency: 4.20312 ms - Host latency: 4.2666 ms (enqueue 2.07324 ms)
[10/04/2026-22:11:06] [I] Average on 1 runs - GPU latency: 4.20703 ms - Host latency: 4.26758 ms (enqueue 2.03613 ms)
[10/04/2026-22:11:06] [I] Average on 1 runs - GPU latency: 4.19531 ms - Host latency: 4.25977 ms (enqueue 2.08691 ms)
[10/04/2026-22:11:06] [I] Average on 1 runs - GPU latency: 4.19629 ms - Host latency: 4.26074 ms (enqueue 1.99902 ms)
[10/04/2026-22:11:06] [I] Average on 1 runs - GPU latency: 4.2002 ms - Host latency: 4.2627 ms (enqueue 2.01855 ms)
[10/04/2026-22:11:06] [I] Average on 1 runs - GPU latency: 4.2002 ms - Host latency: 4.2666 ms (enqueue 2.04102 ms)
[10/04/2026-22:11:06] [I] Average on 1 runs - GPU latency: 4.20605 ms - Host latency: 4.2666 ms (enqueue 2.01074 ms)
[10/04/2026-22:11:06] [I] Average on 1 runs - GPU latency: 4.20117 ms - Host latency: 4.27441 ms (enqueue 2.0752 ms)
[10/04/2026-22:11:06] [I] Average on 1 runs - GPU latency: 4.20703 ms - Host latency: 4.27051 ms (enqueue 2.01953 ms)
[10/04/2026-22:11:06] [I] Average on 1 runs - GPU latency: 4.20703 ms - Host latency: 4.27148 ms (enqueue 2.10352 ms)
[10/04/2026-22:11:06] [I] Average on 1 runs - GPU latency: 4.19824 ms - Host latency: 4.25977 ms (enqueue 2.04102 ms)
[10/04/2026-22:11:06] [I] Average on 1 runs - GPU latency: 4.20215 ms - Host latency: 4.26074 ms (enqueue 2.10547 ms)
[10/04/2026-22:11:06] [I] Average on 1 runs - GPU latency: 4.2041 ms - Host latency: 4.26562 ms (enqueue 2.06543 ms)
[10/04/2026-22:11:06] [I] Average on 1 runs - GPU latency: 4.2041 ms - Host latency: 4.26465 ms (enqueue 2.1123 ms)
[10/04/2026-22:11:06] [I] Average on 1 runs - GPU latency: 4.20215 ms - Host latency: 4.2627 ms (enqueue 2.05078 ms)
[10/04/2026-22:11:06] [I] Average on 1 runs - GPU latency: 4.19922 ms - Host latency: 4.25977 ms (enqueue 2.04395 ms)
[10/04/2026-22:11:06] [I] Average on 1 runs - GPU latency: 4.19629 ms - Host latency: 4.25684 ms (enqueue 2.11328 ms)
[10/04/2026-22:11:06] [I] Average on 1 runs - GPU latency: 4.20117 ms - Host latency: 4.26562 ms (enqueue 2.06934 ms)
[10/04/2026-22:11:06] [I] Average on 1 runs - GPU latency: 4.20898 ms - Host latency: 4.27051 ms (enqueue 2.11914 ms)
[10/04/2026-22:11:06] [I] Average on 1 runs - GPU latency: 4.20703 ms - Host latency: 4.26855 ms (enqueue 2.07227 ms)
[10/04/2026-22:11:06] [I] Average on 1 runs - GPU latency: 4.2041 ms - Host latency: 4.26465 ms (enqueue 2.08984 ms)
[10/04/2026-22:11:06] [I] Average on 1 runs - GPU latency: 4.19922 ms - Host latency: 4.27148 ms (enqueue 2.0625 ms)
[10/04/2026-22:11:06] [I] Average on 1 runs - GPU latency: 4.20508 ms - Host latency: 4.26758 ms (enqueue 2.12695 ms)
[10/04/2026-22:11:06] [I] Average on 1 runs - GPU latency: 4.20117 ms - Host latency: 4.26367 ms (enqueue 2.06641 ms)
[10/04/2026-22:11:06] [I] Average on 1 runs - GPU latency: 4.19531 ms - Host latency: 4.25781 ms (enqueue 2.0957 ms)
[10/04/2026-22:11:06] [I] Average on 1 runs - GPU latency: 4.20117 ms - Host latency: 4.26172 ms (enqueue 2.0957 ms)
[10/04/2026-22:11:06] [I] Average on 1 runs - GPU latency: 4.20312 ms - Host latency: 4.26758 ms (enqueue 2.06055 ms)
[10/04/2026-22:11:06] [I] Average on 1 runs - GPU latency: 4.19922 ms - Host latency: 4.25977 ms (enqueue 2.10352 ms)
[10/04/2026-22:11:06] [I] Average on 1 runs - GPU latency: 4.21289 ms - Host latency: 4.27539 ms (enqueue 2.06641 ms)
[10/04/2026-22:11:06] [I] Average on 1 runs - GPU latency: 4.19727 ms - Host latency: 4.25977 ms (enqueue 2.11523 ms)
[10/04/2026-22:11:06] [I] Average on 1 runs - GPU latency: 4.20312 ms - Host latency: 4.26758 ms (enqueue 2.07227 ms)
[10/04/2026-22:11:06] [I] Average on 1 runs - GPU latency: 4.20117 ms - Host latency: 4.26367 ms (enqueue 2.12109 ms)
[10/04/2026-22:11:06] [I] Average on 1 runs - GPU latency: 4.20508 ms - Host latency: 4.26953 ms (enqueue 2.08984 ms)
[10/04/2026-22:11:06] [I] Average on 1 runs - GPU latency: 4.19922 ms - Host latency: 4.26172 ms (enqueue 2.0957 ms)
[10/04/2026-22:11:06] [I] Average on 1 runs - GPU latency: 4.20508 ms - Host latency: 4.27148 ms (enqueue 2.11719 ms)
[10/04/2026-22:11:06] [I] Average on 1 runs - GPU latency: 4.20703 ms - Host latency: 4.26758 ms (enqueue 2.06055 ms)
[10/04/2026-22:11:06] [I] Average on 1 runs - GPU latency: 4.20117 ms - Host latency: 4.25977 ms (enqueue 2.08984 ms)
[10/04/2026-22:11:06] [I] Average on 1 runs - GPU latency: 4.19922 ms - Host latency: 4.25781 ms (enqueue 2.06055 ms)
[10/04/2026-22:11:06] [I] Average on 1 runs - GPU latency: 4.20508 ms - Host latency: 4.26953 ms (enqueue 2.12109 ms)
[10/04/2026-22:11:06] [I] Average on 1 runs - GPU latency: 4.20508 ms - Host latency: 4.26562 ms (enqueue 2.0625 ms)
[10/04/2026-22:11:06] [I] Average on 1 runs - GPU latency: 4.20312 ms - Host latency: 4.26562 ms (enqueue 2.09961 ms)
[10/04/2026-22:11:06] [I] Average on 1 runs - GPU latency: 4.19922 ms - Host latency: 4.26367 ms (enqueue 2.05469 ms)
[10/04/2026-22:11:06] [I] Average on 1 runs - GPU latency: 4.20508 ms - Host latency: 4.26953 ms (enqueue 2.09375 ms)
[10/04/2026-22:11:06] [I] Average on 1 runs - GPU latency: 4.21289 ms - Host latency: 4.27344 ms (enqueue 2.05078 ms)
[10/04/2026-22:11:06] [I] Average on 1 runs - GPU latency: 4.20898 ms - Host latency: 4.28125 ms (enqueue 2.37695 ms)
[10/04/2026-22:11:06] [I] Average on 1 runs - GPU latency: 4.20898 ms - Host latency: 4.27539 ms (enqueue 2.23242 ms)
[10/04/2026-22:11:06] [I] Average on 1 runs - GPU latency: 4.20703 ms - Host latency: 4.27539 ms (enqueue 2.28125 ms)
[10/04/2026-22:11:06] [I] Average on 1 runs - GPU latency: 4.21289 ms - Host latency: 4.27734 ms (enqueue 2.2168 ms)
[10/04/2026-22:11:06] [I] Average on 1 runs - GPU latency: 4.19922 ms - Host latency: 4.27344 ms (enqueue 2.11719 ms)
[10/04/2026-22:11:06] [I] Average on 1 runs - GPU latency: 4.20508 ms - Host latency: 4.26758 ms (enqueue 2.08203 ms)
[10/04/2026-22:11:06] [I] Average on 1 runs - GPU latency: 4.20703 ms - Host latency: 4.27148 ms (enqueue 2.10938 ms)
[10/04/2026-22:11:06] [I] Average on 1 runs - GPU latency: 4.19727 ms - Host latency: 4.26172 ms (enqueue 2.0625 ms)
[10/04/2026-22:11:06] [I] Average on 1 runs - GPU latency: 4.20703 ms - Host latency: 4.27148 ms (enqueue 2.10547 ms)
[10/04/2026-22:11:06] [I] Average on 1 runs - GPU latency: 4.19922 ms - Host latency: 4.26953 ms (enqueue 2.05078 ms)
[10/04/2026-22:11:06] [I] Average on 1 runs - GPU latency: 4.20508 ms - Host latency: 4.26953 ms (enqueue 2.03516 ms)
[10/04/2026-22:11:06] [I] Average on 1 runs - GPU latency: 4.19922 ms - Host latency: 4.26172 ms (enqueue 2.02539 ms)
[10/04/2026-22:11:06] [I] Average on 1 runs - GPU latency: 4.20703 ms - Host latency: 4.26953 ms (enqueue 2.08594 ms)
[10/04/2026-22:11:06] [I] Average on 1 runs - GPU latency: 4.20898 ms - Host latency: 4.27148 ms (enqueue 2.03906 ms)
[10/04/2026-22:11:06] [I] Average on 1 runs - GPU latency: 4.19922 ms - Host latency: 4.26562 ms (enqueue 2.08984 ms)
[10/04/2026-22:11:06] [I] Average on 1 runs - GPU latency: 4.21094 ms - Host latency: 4.27148 ms (enqueue 2.06055 ms)
[10/04/2026-22:11:06] [I] Average on 1 runs - GPU latency: 4.20703 ms - Host latency: 4.26953 ms (enqueue 2.04297 ms)
[10/04/2026-22:11:06] [I] Average on 1 runs - GPU latency: 4.20117 ms - Host latency: 4.26367 ms (enqueue 2.08984 ms)
[10/04/2026-22:11:06] [I] Average on 1 runs - GPU latency: 4.19922 ms - Host latency: 4.26953 ms (enqueue 2.05469 ms)
[10/04/2026-22:11:06] [I] Average on 1 runs - GPU latency: 4.19727 ms - Host latency: 4.26172 ms (enqueue 2.10938 ms)
[10/04/2026-22:11:06] [I] Average on 1 runs - GPU latency: 4.20312 ms - Host latency: 4.26758 ms (enqueue 2.02344 ms)
[10/04/2026-22:11:06] [I] Average on 1 runs - GPU latency: 4.19922 ms - Host latency: 4.25977 ms (enqueue 2.05273 ms)
[10/04/2026-22:11:06] [I] Average on 1 runs - GPU latency: 4.20898 ms - Host latency: 4.26953 ms (enqueue 2.03125 ms)
[10/04/2026-22:11:06] [I] Average on 1 runs - GPU latency: 4.20508 ms - Host latency: 4.26562 ms (enqueue 2.07617 ms)
[10/04/2026-22:11:06] [I] Average on 1 runs - GPU latency: 4.20117 ms - Host latency: 4.25977 ms (enqueue 2.04688 ms)
[10/04/2026-22:11:06] [I] Average on 1 runs - GPU latency: 4.20898 ms - Host latency: 4.27148 ms (enqueue 2.06445 ms)
[10/04/2026-22:11:06] [I] Average on 1 runs - GPU latency: 4.20312 ms - Host latency: 4.26562 ms (enqueue 2.08203 ms)
[10/04/2026-22:11:06] [I] Average on 1 runs - GPU latency: 4.20312 ms - Host latency: 4.26367 ms (enqueue 2.03906 ms)
[10/04/2026-22:11:06] [I] Average on 1 runs - GPU latency: 4.20117 ms - Host latency: 4.26367 ms (enqueue 2.11719 ms)
[10/04/2026-22:11:06] [I] Average on 1 runs - GPU latency: 4.20508 ms - Host latency: 4.26562 ms (enqueue 2.03711 ms)
[10/04/2026-22:11:06] [I] Average on 1 runs - GPU latency: 4.20898 ms - Host latency: 4.27734 ms (enqueue 2.04688 ms)
[10/04/2026-22:11:06] [I] Average on 1 runs - GPU latency: 4.19922 ms - Host latency: 4.25977 ms (enqueue 2.02734 ms)
[10/04/2026-22:11:06] [I] Average on 1 runs - GPU latency: 4.20703 ms - Host latency: 4.26758 ms (enqueue 2.06641 ms)
[10/04/2026-22:11:06] [I] Average on 1 runs - GPU latency: 4.20508 ms - Host latency: 4.26953 ms (enqueue 2.04297 ms)
[10/04/2026-22:11:06] [I] Average on 1 runs - GPU latency: 4.20117 ms - Host latency: 4.26172 ms (enqueue 2.0625 ms)
[10/04/2026-22:11:06] [I] Average on 1 runs - GPU latency: 4.20312 ms - Host latency: 4.26367 ms (enqueue 2.05273 ms)
[10/04/2026-22:11:06] [I] Average on 1 runs - GPU latency: 4.19922 ms - Host latency: 4.26172 ms (enqueue 2.07227 ms)
[10/04/2026-22:11:06] [I] Average on 1 runs - GPU latency: 4.20117 ms - Host latency: 4.26367 ms (enqueue 2.08984 ms)
[10/04/2026-22:11:06] [I] Average on 1 runs - GPU latency: 4.20703 ms - Host latency: 4.26758 ms (enqueue 2.0332 ms)
[10/04/2026-22:11:06] [I] Average on 1 runs - GPU latency: 4.20508 ms - Host latency: 4.26562 ms (enqueue 2.10156 ms)
[10/04/2026-22:11:06] [I] Average on 1 runs - GPU latency: 4.21094 ms - Host latency: 4.27734 ms (enqueue 2 ms)
[10/04/2026-22:11:06] [I] Average on 1 runs - GPU latency: 4.20898 ms - Host latency: 4.26953 ms (enqueue 2.04688 ms)
[10/04/2026-22:11:06] [I] Average on 1 runs - GPU latency: 4.20508 ms - Host latency: 4.26758 ms (enqueue 2.03516 ms)
[10/04/2026-22:11:06] [I] Average on 1 runs - GPU latency: 4.19531 ms - Host latency: 4.25586 ms (enqueue 2.08203 ms)
[10/04/2026-22:11:06] [I] Average on 1 runs - GPU latency: 4.19922 ms - Host latency: 4.26172 ms (enqueue 2.04492 ms)
[10/04/2026-22:11:06] [I] Average on 1 runs - GPU latency: 4.20312 ms - Host latency: 4.27734 ms (enqueue 2.15625 ms)
[10/04/2026-22:11:06] [I] Average on 1 runs - GPU latency: 4.20508 ms - Host latency: 4.26562 ms (enqueue 2.03125 ms)
[10/04/2026-22:11:06] [I] Average on 1 runs - GPU latency: 4.20117 ms - Host latency: 4.26367 ms (enqueue 2.06445 ms)
[10/04/2026-22:11:06] [I] Average on 1 runs - GPU latency: 4.20703 ms - Host latency: 4.27148 ms (enqueue 2.08398 ms)
[10/04/2026-22:11:06] [I] Average on 1 runs - GPU latency: 4.20508 ms - Host latency: 4.26758 ms (enqueue 2.03516 ms)
[10/04/2026-22:11:06] [I] Average on 1 runs - GPU latency: 4.20898 ms - Host latency: 4.27344 ms (enqueue 2.01562 ms)
[10/04/2026-22:11:06] [I] Average on 1 runs - GPU latency: 4.20117 ms - Host latency: 4.26367 ms (enqueue 2.01562 ms)
[10/04/2026-22:11:06] [I] Average on 1 runs - GPU latency: 4.20703 ms - Host latency: 4.26758 ms (enqueue 2.05273 ms)
[10/04/2026-22:11:06] [I] Average on 1 runs - GPU latency: 4.23438 ms - Host latency: 4.30859 ms (enqueue 2.44727 ms)
[10/04/2026-22:11:06] [I] Average on 1 runs - GPU latency: 4.21289 ms - Host latency: 4.2832 ms (enqueue 2.3457 ms)
[10/04/2026-22:11:06] [I] Average on 1 runs - GPU latency: 4.21875 ms - Host latency: 4.2832 ms (enqueue 2.30078 ms)
[10/04/2026-22:11:06] [I] Average on 1 runs - GPU latency: 4.21094 ms - Host latency: 4.27344 ms (enqueue 2.1543 ms)
[10/04/2026-22:11:06] [I] Average on 1 runs - GPU latency: 4.20508 ms - Host latency: 4.26953 ms (enqueue 2.16211 ms)
[10/04/2026-22:11:06] [I] Average on 1 runs - GPU latency: 4.20703 ms - Host latency: 4.26953 ms (enqueue 2.06445 ms)
[10/04/2026-22:11:06] [I] Average on 1 runs - GPU latency: 4.19922 ms - Host latency: 4.26367 ms (enqueue 2.13086 ms)
[10/04/2026-22:11:06] [I] Average on 1 runs - GPU latency: 4.19922 ms - Host latency: 4.26367 ms (enqueue 2.07031 ms)
[10/04/2026-22:11:06] [I] Average on 1 runs - GPU latency: 4.19727 ms - Host latency: 4.26172 ms (enqueue 2.08203 ms)
[10/04/2026-22:11:06] [I] Average on 1 runs - GPU latency: 4.19727 ms - Host latency: 4.25781 ms (enqueue 2.01953 ms)
[10/04/2026-22:11:06] [I] Average on 1 runs - GPU latency: 4.20117 ms - Host latency: 4.26562 ms (enqueue 2.03711 ms)
[10/04/2026-22:11:06] [I] Average on 1 runs - GPU latency: 4.20312 ms - Host latency: 4.26758 ms (enqueue 2.08789 ms)
[10/04/2026-22:11:06] [I] Average on 1 runs - GPU latency: 4.20312 ms - Host latency: 4.26758 ms (enqueue 2.04883 ms)
[10/04/2026-22:11:06] [I] Average on 1 runs - GPU latency: 4.19922 ms - Host latency: 4.26172 ms (enqueue 2.0957 ms)
[10/04/2026-22:11:06] [I] Average on 1 runs - GPU latency: 4.21289 ms - Host latency: 4.27344 ms (enqueue 2.04688 ms)
[10/04/2026-22:11:06] [I] Average on 1 runs - GPU latency: 4.20312 ms - Host latency: 4.26172 ms (enqueue 2.10352 ms)
[10/04/2026-22:11:06] [I] Average on 1 runs - GPU latency: 4.20117 ms - Host latency: 4.26562 ms (enqueue 2.01172 ms)
[10/04/2026-22:11:06] [I] Average on 1 runs - GPU latency: 4.19531 ms - Host latency: 4.25977 ms (enqueue 2.11133 ms)
[10/04/2026-22:11:06] [I] Average on 1 runs - GPU latency: 4.19531 ms - Host latency: 4.25977 ms (enqueue 2.04688 ms)
[10/04/2026-22:11:06] [I] Average on 1 runs - GPU latency: 4.19531 ms - Host latency: 4.25977 ms (enqueue 2.05859 ms)
[10/04/2026-22:11:06] [I] Average on 1 runs - GPU latency: 4.20508 ms - Host latency: 4.26562 ms (enqueue 2.02148 ms)
[10/04/2026-22:11:06] [I] Average on 1 runs - GPU latency: 4.19922 ms - Host latency: 4.25977 ms (enqueue 2.0293 ms)
[10/04/2026-22:11:06] [I] Average on 1 runs - GPU latency: 4.20508 ms - Host latency: 4.26953 ms (enqueue 2.09375 ms)
[10/04/2026-22:11:06] [I] Average on 1 runs - GPU latency: 4.20117 ms - Host latency: 4.26367 ms (enqueue 2.04883 ms)
[10/04/2026-22:11:06] [I] Average on 1 runs - GPU latency: 4.19922 ms - Host latency: 4.25977 ms (enqueue 2.07227 ms)
[10/04/2026-22:11:06] [I] Average on 1 runs - GPU latency: 4.19727 ms - Host latency: 4.26172 ms (enqueue 2.03516 ms)
[10/04/2026-22:11:06] [I] Average on 1 runs - GPU latency: 4.19727 ms - Host latency: 4.26172 ms (enqueue 2.03906 ms)
[10/04/2026-22:11:06] [I] Average on 1 runs - GPU latency: 4.20117 ms - Host latency: 4.26172 ms (enqueue 2.01367 ms)
[10/04/2026-22:11:06] [I] Average on 1 runs - GPU latency: 4.20312 ms - Host latency: 4.26172 ms (enqueue 2.08984 ms)
[10/04/2026-22:11:06] [I] Average on 1 runs - GPU latency: 4.20117 ms - Host latency: 4.26367 ms (enqueue 2.03516 ms)
[10/04/2026-22:11:06] [I] Average on 1 runs - GPU latency: 4.20312 ms - Host latency: 4.26172 ms (enqueue 2.0918 ms)
[10/04/2026-22:11:06] [I] Average on 1 runs - GPU latency: 4.21094 ms - Host latency: 4.26953 ms (enqueue 2.0293 ms)
[10/04/2026-22:11:06] [I] Average on 1 runs - GPU latency: 4.20312 ms - Host latency: 4.26172 ms (enqueue 2.05273 ms)
[10/04/2026-22:11:06] [I] Average on 1 runs - GPU latency: 4.20898 ms - Host latency: 4.27734 ms (enqueue 2.11133 ms)
[10/04/2026-22:11:06] [I] Average on 1 runs - GPU latency: 4.19922 ms - Host latency: 4.25781 ms (enqueue 2.07031 ms)
[10/04/2026-22:11:06] [I] Average on 1 runs - GPU latency: 4.20117 ms - Host latency: 4.26562 ms (enqueue 2.10742 ms)
[10/04/2026-22:11:06] [I] Average on 1 runs - GPU latency: 4.19922 ms - Host latency: 4.26367 ms (enqueue 2.00977 ms)
[10/04/2026-22:11:06] [I] Average on 1 runs - GPU latency: 4.20898 ms - Host latency: 4.26953 ms (enqueue 2.06445 ms)
[10/04/2026-22:11:06] [I] Average on 1 runs - GPU latency: 4.20508 ms - Host latency: 4.26758 ms (enqueue 2.05078 ms)
[10/04/2026-22:11:06] [I] Average on 1 runs - GPU latency: 4.19922 ms - Host latency: 4.26562 ms (enqueue 2.09375 ms)
[10/04/2026-22:11:06] [I] Average on 1 runs - GPU latency: 4.20898 ms - Host latency: 4.26758 ms (enqueue 2.04492 ms)
[10/04/2026-22:11:06] [I] Average on 1 runs - GPU latency: 4.21094 ms - Host latency: 4.27344 ms (enqueue 2.07422 ms)
[10/04/2026-22:11:06] [I] Average on 1 runs - GPU latency: 4.20703 ms - Host latency: 4.26758 ms (enqueue 2.06641 ms)
[10/04/2026-22:11:06] [I] Average on 1 runs - GPU latency: 4.21289 ms - Host latency: 4.27734 ms (enqueue 2.08984 ms)
[10/04/2026-22:11:06] [I] Average on 1 runs - GPU latency: 4.20117 ms - Host latency: 4.26367 ms (enqueue 2.08398 ms)
[10/04/2026-22:11:06] [I] Average on 1 runs - GPU latency: 4.19922 ms - Host latency: 4.25977 ms (enqueue 2.02734 ms)
[10/04/2026-22:11:06] [I] Average on 1 runs - GPU latency: 4.20508 ms - Host latency: 4.26953 ms (enqueue 2.07031 ms)
[10/04/2026-22:11:06] [I] Average on 1 runs - GPU latency: 4.19922 ms - Host latency: 4.26172 ms (enqueue 2.01758 ms)
[10/04/2026-22:11:06] [I] Average on 1 runs - GPU latency: 4.21484 ms - Host latency: 4.27539 ms (enqueue 2.05859 ms)
[10/04/2026-22:11:06] [I] Average on 1 runs - GPU latency: 4.19727 ms - Host latency: 4.25977 ms (enqueue 2.03125 ms)
[10/04/2026-22:11:06] [I] Average on 1 runs - GPU latency: 4.20508 ms - Host latency: 4.26367 ms (enqueue 2.08984 ms)
[10/04/2026-22:11:06] [I] Average on 1 runs - GPU latency: 4.21289 ms - Host latency: 4.27539 ms (enqueue 2.05078 ms)
[10/04/2026-22:11:06] [I] Average on 1 runs - GPU latency: 4.20508 ms - Host latency: 4.26562 ms (enqueue 2.08984 ms)
[10/04/2026-22:11:06] [I] Average on 1 runs - GPU latency: 4.20703 ms - Host latency: 4.26758 ms (enqueue 2.16992 ms)
[10/04/2026-22:11:06] [I] Average on 1 runs - GPU latency: 4.21094 ms - Host latency: 4.2832 ms (enqueue 2.34961 ms)
[10/04/2026-22:11:06] [I] Average on 1 runs - GPU latency: 4.21484 ms - Host latency: 4.2793 ms (enqueue 2.28711 ms)
[10/04/2026-22:11:06] [I] Average on 1 runs - GPU latency: 4.21094 ms - Host latency: 4.27734 ms (enqueue 2.25391 ms)
[10/04/2026-22:11:06] [I] Average on 1 runs - GPU latency: 4.2207 ms - Host latency: 4.2832 ms (enqueue 2.17188 ms)
[10/04/2026-22:11:06] [I] Average on 1 runs - GPU latency: 4.20898 ms - Host latency: 4.26953 ms (enqueue 2.10742 ms)
[10/04/2026-22:11:06] [I] Average on 1 runs - GPU latency: 4.20703 ms - Host latency: 4.26953 ms (enqueue 2.05859 ms)
[10/04/2026-22:11:06] [I] Average on 1 runs - GPU latency: 4.20508 ms - Host latency: 4.26562 ms (enqueue 2.0918 ms)
[10/04/2026-22:11:06] [I] Average on 1 runs - GPU latency: 4.19922 ms - Host latency: 4.26172 ms (enqueue 2.05664 ms)
[10/04/2026-22:11:06] [I] Average on 1 runs - GPU latency: 4.20117 ms - Host latency: 4.25977 ms (enqueue 2.10938 ms)
[10/04/2026-22:11:06] [I] Average on 1 runs - GPU latency: 4.20117 ms - Host latency: 4.26172 ms (enqueue 2.04492 ms)
[10/04/2026-22:11:06] [I] Average on 1 runs - GPU latency: 4.20703 ms - Host latency: 4.26758 ms (enqueue 2.08984 ms)
[10/04/2026-22:11:06] [I] Average on 1 runs - GPU latency: 4.19727 ms - Host latency: 4.25977 ms (enqueue 2.03516 ms)
[10/04/2026-22:11:06] [I] Average on 1 runs - GPU latency: 4.20117 ms - Host latency: 4.26172 ms (enqueue 2.09961 ms)
[10/04/2026-22:11:06] [I] Average on 1 runs - GPU latency: 4.19727 ms - Host latency: 4.25781 ms (enqueue 2.07031 ms)
[10/04/2026-22:11:06] [I] Average on 1 runs - GPU latency: 4.20508 ms - Host latency: 4.26758 ms (enqueue 2.09375 ms)
[10/04/2026-22:11:06] [I] Average on 1 runs - GPU latency: 4.20312 ms - Host latency: 4.26562 ms (enqueue 2.10156 ms)
[10/04/2026-22:11:06] [I] Average on 1 runs - GPU latency: 4.20117 ms - Host latency: 4.26172 ms (enqueue 2.0625 ms)
[10/04/2026-22:11:06] [I] Average on 1 runs - GPU latency: 4.19727 ms - Host latency: 4.25781 ms (enqueue 2.11133 ms)
[10/04/2026-22:11:06] [I] Average on 1 runs - GPU latency: 4.19922 ms - Host latency: 4.25781 ms (enqueue 2.06055 ms)
[10/04/2026-22:11:06] [I] Average on 1 runs - GPU latency: 4.20508 ms - Host latency: 4.26562 ms (enqueue 2.09375 ms)
[10/04/2026-22:11:06] [I] Average on 1 runs - GPU latency: 4.20508 ms - Host latency: 4.27539 ms (enqueue 2.06445 ms)
[10/04/2026-22:11:06] [I] Average on 1 runs - GPU latency: 4.20898 ms - Host latency: 4.26953 ms (enqueue 2.12109 ms)
[10/04/2026-22:11:06] [I] Average on 1 runs - GPU latency: 4.20117 ms - Host latency: 4.25781 ms (enqueue 2.07617 ms)
[10/04/2026-22:11:06] [I] Average on 1 runs - GPU latency: 4.20117 ms - Host latency: 4.26367 ms (enqueue 2.07617 ms)
[10/04/2026-22:11:06] [I] Average on 1 runs - GPU latency: 4.20117 ms - Host latency: 4.26172 ms (enqueue 2.07227 ms)
[10/04/2026-22:11:06] [I] Average on 1 runs - GPU latency: 4.20312 ms - Host latency: 4.26562 ms (enqueue 2.06055 ms)
[10/04/2026-22:11:06] [I] Average on 1 runs - GPU latency: 4.20312 ms - Host latency: 4.26367 ms (enqueue 2.08203 ms)
[10/04/2026-22:11:06] [I] Average on 1 runs - GPU latency: 4.20508 ms - Host latency: 4.26758 ms (enqueue 2.06445 ms)
[10/04/2026-22:11:06] [I] Average on 1 runs - GPU latency: 4.20508 ms - Host latency: 4.26562 ms (enqueue 2.10742 ms)
[10/04/2026-22:11:06] [I] Average on 1 runs - GPU latency: 4.21094 ms - Host latency: 4.27148 ms (enqueue 2.06445 ms)
[10/04/2026-22:11:06] [I] 
[10/04/2026-22:11:06] [I] === Performance summary ===
[10/04/2026-22:11:06] [I] Throughput: 97.9506 qps
[10/04/2026-22:11:06] [I] Latency: min = 4.25195 ms, max = 6.62598 ms, mean = 4.26875 ms, median = 4.26587 ms, percentile(90%) = 4.2749 ms, percentile(95%) = 4.27832 ms, percentile(99%) = 4.29321 ms
[10/04/2026-22:11:06] [I] Enqueue Time: min = 1.9873 ms, max = 5.76172 ms, mean = 2.09022 ms, median = 2.07251 ms, percentile(90%) = 2.15137 ms, percentile(95%) = 2.25098 ms, percentile(99%) = 2.37695 ms
[10/04/2026-22:11:06] [I] H2D Latency: min = 0.0546875 ms, max = 0.131348 ms, mean = 0.0594264 ms, median = 0.0585938 ms, percentile(90%) = 0.0625 ms, percentile(95%) = 0.0664062 ms, percentile(99%) = 0.0712891 ms
[10/04/2026-22:11:06] [I] GPU Compute Time: min = 4.19141 ms, max = 6.55078 ms, mean = 4.20542 ms, median = 4.20312 ms, percentile(90%) = 4.20996 ms, percentile(95%) = 4.21289 ms, percentile(99%) = 4.22168 ms
[10/04/2026-22:11:06] [I] D2H Latency: min = 0.00195312 ms, max = 0.00585938 ms, mean = 0.00390011 ms, median = 0.00390625 ms, percentile(90%) = 0.00439453 ms, percentile(95%) = 0.00488281 ms, percentile(99%) = 0.00585938 ms
[10/04/2026-22:11:06] [I] Total Host Walltime: 15.0178 s
[10/04/2026-22:11:06] [I] Total GPU Compute Time: 6.18618 s
[10/04/2026-22:11:06] [I] Explanations of the performance metrics are printed in the verbose logs.
[10/04/2026-22:11:06] [I] 
&&&& PASSED TensorRT.trtexec [TensorRT v100300] # /usr/src/tensorrt/bin/trtexec --loadEngine=/tmp/yolo26n_84172_uint8_fp16_opt3.engine --warmUp=3000 --duration=15 --idleTime=8 --avgRuns=1
