&&&& RUNNING TensorRT.trtexec [TensorRT v100300] # /usr/src/tensorrt/bin/trtexec --loadEngine=/tmp/yolo26n_84172_uint8_fp16_opt3.engine --warmUp=3000 --duration=15 --idleTime=0 --avgRuns=1
[10/06/2026-14:09:42] [I] === Model Options ===
[10/06/2026-14:09:42] [I] Format: *
[10/06/2026-14:09:42] [I] Model: 
[10/06/2026-14:09:42] [I] Output:
[10/06/2026-14:09:42] [I] 
[10/06/2026-14:09:42] [I] === System Options ===
[10/06/2026-14:09:42] [I] Device: 0
[10/06/2026-14:09:42] [I] DLACore: 
[10/06/2026-14:09:42] [I] Plugins:
[10/06/2026-14:09:42] [I] setPluginsToSerialize:
[10/06/2026-14:09:42] [I] dynamicPlugins:
[10/06/2026-14:09:42] [I] ignoreParsedPluginLibs: 0
[10/06/2026-14:09:42] [I] 
[10/06/2026-14:09:42] [I] === Inference Options ===
[10/06/2026-14:09:42] [I] Batch: Explicit
[10/06/2026-14:09:42] [I] Input inference shapes: model
[10/06/2026-14:09:42] [I] Iterations: 10
[10/06/2026-14:09:42] [I] Duration: 15s (+ 3000ms warm up)
[10/06/2026-14:09:42] [I] Sleep time: 0ms
[10/06/2026-14:09:42] [I] Idle time: 0ms
[10/06/2026-14:09:42] [I] Inference Streams: 1
[10/06/2026-14:09:42] [I] ExposeDMA: Disabled
[10/06/2026-14:09:42] [I] Data transfers: Enabled
[10/06/2026-14:09:42] [I] Spin-wait: Disabled
[10/06/2026-14:09:42] [I] Multithreading: Disabled
[10/06/2026-14:09:42] [I] CUDA Graph: Disabled
[10/06/2026-14:09:42] [I] Separate profiling: Disabled
[10/06/2026-14:09:42] [I] Time Deserialize: Disabled
[10/06/2026-14:09:42] [I] Time Refit: Disabled
[10/06/2026-14:09:42] [I] NVTX verbosity: 0
[10/06/2026-14:09:42] [I] Persistent Cache Ratio: 0
[10/06/2026-14:09:42] [I] Optimization Profile Index: 0
[10/06/2026-14:09:42] [I] Weight Streaming Budget: 100.000000%
[10/06/2026-14:09:42] [I] Inputs:
[10/06/2026-14:09:42] [I] Debug Tensor Save Destinations:
[10/06/2026-14:09:42] [I] === Reporting Options ===
[10/06/2026-14:09:42] [I] Verbose: Disabled
[10/06/2026-14:09:42] [I] Averages: 1 inferences
[10/06/2026-14:09:42] [I] Percentiles: 90,95,99
[10/06/2026-14:09:42] [I] Dump refittable layers:Disabled
[10/06/2026-14:09:42] [I] Dump output: Disabled
[10/06/2026-14:09:42] [I] Profile: Disabled
[10/06/2026-14:09:42] [I] Export timing to JSON file: 
[10/06/2026-14:09:42] [I] Export output to JSON file: 
[10/06/2026-14:09:42] [I] Export profile to JSON file: 
[10/06/2026-14:09:42] [I] 
[10/06/2026-14:09:42] [I] === Device Information ===
[10/06/2026-14:09:42] [I] Available Devices: 
[10/06/2026-14:09:42] [I]   Device 0: "Orin" UUID: GPU-6e16c2c1-e394-5324-8f2e-63a975968f4e
[10/06/2026-14:09:43] [I] Selected Device: Orin
[10/06/2026-14:09:43] [I] Selected Device ID: 0
[10/06/2026-14:09:43] [I] Selected Device UUID: GPU-6e16c2c1-e394-5324-8f2e-63a975968f4e
[10/06/2026-14:09:43] [I] Compute Capability: 8.7
[10/06/2026-14:09:43] [I] SMs: 8
[10/06/2026-14:09:43] [I] Device Global Memory: 7607 MiB
[10/06/2026-14:09:43] [I] Shared Memory per SM: 164 KiB
[10/06/2026-14:09:43] [I] Memory Bus Width: 128 bits (ECC disabled)
[10/06/2026-14:09:43] [I] Application Compute Clock Rate: 1.02 GHz
[10/06/2026-14:09:43] [I] Application Memory Clock Rate: 0.51 GHz
[10/06/2026-14:09:43] [I] 
[10/06/2026-14:09:43] [I] Note: The application clock rates do not reflect the actual clock rates that the GPU is currently running at.
[10/06/2026-14:09:43] [I] 
[10/06/2026-14:09:43] [I] TensorRT version: 10.3.0
[10/06/2026-14:09:43] [I] Loading standard plugins
[10/06/2026-14:09:43] [I] [TRT] Loaded engine size: 7 MiB
[10/06/2026-14:09:43] [I] Engine deserialized in 0.0613992 sec.
[10/06/2026-14:09:43] [I] [TRT] [MemUsageChange] TensorRT-managed allocation in IExecutionContext creation: CPU +0, GPU +12, now: CPU 0, GPU 16 (MiB)
[10/06/2026-14:09:43] [I] Setting persistentCacheLimit to 0 bytes.
[10/06/2026-14:09:43] [I] Created execution context with device memory size: 12.207 MiB
[10/06/2026-14:09:43] [I] Using random values for input images
[10/06/2026-14:09:43] [I] Input binding for images with dimensions 1x640x640x3 is created.
[10/06/2026-14:09:43] [I] Output binding for output0 with dimensions 1x300x6 is created.
[10/06/2026-14:09:43] [I] Starting inference
[10/06/2026-14:10:01] [I] Warmup completed 375 queries over 3000 ms
[10/06/2026-14:10:01] [I] Timing trace has 1916 queries over 15.0257 s
[10/06/2026-14:10:01] [I] 
[10/06/2026-14:10:01] [I] === Trace details ===
[10/06/2026-14:10:01] [I] Trace averages of 1 runs:
[10/06/2026-14:10:01] [I] Average on 1 runs - GPU latency: 7.84277 ms - Host latency: 8.01978 ms (enqueue 4.26123 ms)
[10/06/2026-14:10:01] [I] Average on 1 runs - GPU latency: 7.82739 ms - Host latency: 7.97852 ms (enqueue 4.27173 ms)
[10/06/2026-14:10:01] [I] Average on 1 runs - GPU latency: 7.83374 ms - Host latency: 7.98804 ms (enqueue 4.41504 ms)
[10/06/2026-14:10:01] [I] Average on 1 runs - GPU latency: 7.82642 ms - Host latency: 7.99487 ms (enqueue 4.45337 ms)
[10/06/2026-14:10:01] [I] Average on 1 runs - GPU latency: 7.82788 ms - Host latency: 7.97168 ms (enqueue 4.39771 ms)
[10/06/2026-14:10:01] [I] Average on 1 runs - GPU latency: 7.83423 ms - Host latency: 7.98315 ms (enqueue 4.42407 ms)
[10/06/2026-14:10:01] [I] Average on 1 runs - GPU latency: 7.83496 ms - Host latency: 7.97266 ms (enqueue 4.42554 ms)
[10/06/2026-14:10:01] [I] Average on 1 runs - GPU latency: 7.82886 ms - Host latency: 7.9751 ms (enqueue 4.32886 ms)
[10/06/2026-14:10:01] [I] Average on 1 runs - GPU latency: 7.83008 ms - Host latency: 7.97778 ms (enqueue 2.27002 ms)
[10/06/2026-14:10:01] [I] Average on 1 runs - GPU latency: 7.83203 ms - Host latency: 7.98242 ms (enqueue 4.32642 ms)
[10/06/2026-14:10:01] [I] Average on 1 runs - GPU latency: 7.82446 ms - Host latency: 7.979 ms (enqueue 4.27954 ms)
[10/06/2026-14:10:01] [I] Average on 1 runs - GPU latency: 7.84399 ms - Host latency: 8.01074 ms (enqueue 4.36377 ms)
[10/06/2026-14:10:01] [I] Average on 1 runs - GPU latency: 7.83154 ms - Host latency: 7.98364 ms (enqueue 4.31494 ms)
[10/06/2026-14:10:01] [I] Average on 1 runs - GPU latency: 7.83911 ms - Host latency: 7.98828 ms (enqueue 4.30493 ms)
[10/06/2026-14:10:01] [I] Average on 1 runs - GPU latency: 7.83447 ms - Host latency: 7.98291 ms (enqueue 3.7168 ms)
[10/06/2026-14:10:01] [I] Average on 1 runs - GPU latency: 7.82642 ms - Host latency: 7.96436 ms (enqueue 4.36987 ms)
[10/06/2026-14:10:01] [I] Average on 1 runs - GPU latency: 7.83521 ms - Host latency: 7.99097 ms (enqueue 4.38745 ms)
[10/06/2026-14:10:01] [I] Average on 1 runs - GPU latency: 7.84692 ms - Host latency: 7.98267 ms (enqueue 4.33984 ms)
[10/06/2026-14:10:01] [I] Average on 1 runs - GPU latency: 7.83911 ms - Host latency: 7.98853 ms (enqueue 4.37744 ms)
[10/06/2026-14:10:01] [I] Average on 1 runs - GPU latency: 7.83813 ms - Host latency: 7.98755 ms (enqueue 4.34985 ms)
[10/06/2026-14:10:01] [I] Average on 1 runs - GPU latency: 7.83154 ms - Host latency: 7.98901 ms (enqueue 4.35474 ms)
[10/06/2026-14:10:01] [I] Average on 1 runs - GPU latency: 7.83545 ms - Host latency: 7.97168 ms (enqueue 3.74512 ms)
[10/06/2026-14:10:01] [I] Average on 1 runs - GPU latency: 7.82861 ms - Host latency: 7.9812 ms (enqueue 4.38135 ms)
[10/06/2026-14:10:01] [I] Average on 1 runs - GPU latency: 7.83032 ms - Host latency: 7.97583 ms (enqueue 4.37109 ms)
[10/06/2026-14:10:01] [I] Average on 1 runs - GPU latency: 7.83179 ms - Host latency: 7.97852 ms (enqueue 4.3479 ms)
[10/06/2026-14:10:01] [I] Average on 1 runs - GPU latency: 7.82104 ms - Host latency: 7.96533 ms (enqueue 4.30518 ms)
[10/06/2026-14:10:01] [I] Average on 1 runs - GPU latency: 7.83813 ms - Host latency: 7.99634 ms (enqueue 4.3125 ms)
[10/06/2026-14:10:01] [I] Average on 1 runs - GPU latency: 7.83545 ms - Host latency: 8.02661 ms (enqueue 2.79907 ms)
[10/06/2026-14:10:01] [I] Average on 1 runs - GPU latency: 7.84204 ms - Host latency: 7.98438 ms (enqueue 4.48169 ms)
[10/06/2026-14:10:01] [I] Average on 1 runs - GPU latency: 7.83984 ms - Host latency: 7.98413 ms (enqueue 4.36548 ms)
[10/06/2026-14:10:01] [I] Average on 1 runs - GPU latency: 7.82397 ms - Host latency: 7.95728 ms (enqueue 4.33862 ms)
[10/06/2026-14:10:01] [I] Average on 1 runs - GPU latency: 7.82544 ms - Host latency: 7.96631 ms (enqueue 4.32178 ms)
[10/06/2026-14:10:01] [I] Average on 1 runs - GPU latency: 7.83203 ms - Host latency: 7.97168 ms (enqueue 4.375 ms)
[10/06/2026-14:10:01] [I] Average on 1 runs - GPU latency: 7.83716 ms - Host latency: 7.9873 ms (enqueue 4.3501 ms)
[10/06/2026-14:10:01] [I] Average on 1 runs - GPU latency: 7.83911 ms - Host latency: 8.08154 ms (enqueue 4.4729 ms)
[10/06/2026-14:10:01] [I] Average on 1 runs - GPU latency: 7.82422 ms - Host latency: 7.98682 ms (enqueue 4.3728 ms)
[10/06/2026-14:10:01] [I] Average on 1 runs - GPU latency: 7.82617 ms - Host latency: 7.97485 ms (enqueue 4.34473 ms)
[10/06/2026-14:10:01] [I] Average on 1 runs - GPU latency: 7.83032 ms - Host latency: 7.97583 ms (enqueue 4.35229 ms)
[10/06/2026-14:10:01] [I] Average on 1 runs - GPU latency: 7.83643 ms - Host latency: 7.98584 ms (enqueue 4.35278 ms)
[10/06/2026-14:10:01] [I] Average on 1 runs - GPU latency: 7.82935 ms - Host latency: 7.97583 ms (enqueue 4.37183 ms)
[10/06/2026-14:10:01] [I] Average on 1 runs - GPU latency: 7.84912 ms - Host latency: 8.00391 ms (enqueue 2.36401 ms)
[10/06/2026-14:10:01] [I] Average on 1 runs - GPU latency: 7.82983 ms - Host latency: 8.0249 ms (enqueue 4.32373 ms)
[10/06/2026-14:10:01] [I] Average on 1 runs - GPU latency: 7.8335 ms - Host latency: 7.99243 ms (enqueue 4.35791 ms)
[10/06/2026-14:10:01] [I] Average on 1 runs - GPU latency: 7.83105 ms - Host latency: 7.99292 ms (enqueue 4.43262 ms)
[10/06/2026-14:10:01] [I] Average on 1 runs - GPU latency: 7.84131 ms - Host latency: 7.99341 ms (enqueue 4.34204 ms)
[10/06/2026-14:10:01] [I] Average on 1 runs - GPU latency: 7.82959 ms - Host latency: 8.00049 ms (enqueue 4.35352 ms)
[10/06/2026-14:10:01] [I] Average on 1 runs - GPU latency: 7.83325 ms - Host latency: 7.97778 ms (enqueue 3.5127 ms)
[10/06/2026-14:10:01] [I] Average on 1 runs - GPU latency: 7.82446 ms - Host latency: 7.99707 ms (enqueue 4.44189 ms)
[10/06/2026-14:10:01] [I] Average on 1 runs - GPU latency: 7.8313 ms - Host latency: 7.99561 ms (enqueue 4.39697 ms)
[10/06/2026-14:10:01] [I] Average on 1 runs - GPU latency: 7.83325 ms - Host latency: 7.96948 ms (enqueue 4.3374 ms)
[10/06/2026-14:10:01] [I] Average on 1 runs - GPU latency: 7.82861 ms - Host latency: 7.98047 ms (enqueue 4.41772 ms)
[10/06/2026-14:10:01] [I] Average on 1 runs - GPU latency: 7.8269 ms - Host latency: 7.96753 ms (enqueue 4.34912 ms)
[10/06/2026-14:10:01] [I] Average on 1 runs - GPU latency: 7.83008 ms - Host latency: 7.97217 ms (enqueue 4.46143 ms)
[10/06/2026-14:10:01] [I] Average on 1 runs - GPU latency: 7.83228 ms - Host latency: 7.96509 ms (enqueue 4.49585 ms)
[10/06/2026-14:10:01] [I] Average on 1 runs - GPU latency: 7.83789 ms - Host latency: 7.97949 ms (enqueue 4.41309 ms)
[10/06/2026-14:10:01] [I] Average on 1 runs - GPU latency: 7.82446 ms - Host latency: 7.97119 ms (enqueue 4.42603 ms)
[10/06/2026-14:10:01] [I] Average on 1 runs - GPU latency: 7.82251 ms - Host latency: 7.96997 ms (enqueue 4.41187 ms)
[10/06/2026-14:10:01] [I] Average on 1 runs - GPU latency: 7.84546 ms - Host latency: 8.00098 ms (enqueue 3.16479 ms)
[10/06/2026-14:10:01] [I] Average on 1 runs - GPU latency: 7.8457 ms - Host latency: 8.05396 ms (enqueue 3.30396 ms)
[10/06/2026-14:10:01] [I] Average on 1 runs - GPU latency: 7.83325 ms - Host latency: 7.99731 ms (enqueue 2.73071 ms)
[10/06/2026-14:10:01] [I] Average on 1 runs - GPU latency: 7.83032 ms - Host latency: 7.98096 ms (enqueue 2.8584 ms)
[10/06/2026-14:10:01] [I] Average on 1 runs - GPU latency: 7.82446 ms - Host latency: 8.00977 ms (enqueue 2.65283 ms)
[10/06/2026-14:10:01] [I] Average on 1 runs - GPU latency: 7.84009 ms - Host latency: 7.98975 ms (enqueue 2.97388 ms)
[10/06/2026-14:10:01] [I] Average on 1 runs - GPU latency: 7.82837 ms - Host latency: 7.98389 ms (enqueue 2.76025 ms)
[10/06/2026-14:10:01] [I] Average on 1 runs - GPU latency: 7.8335 ms - Host latency: 7.98511 ms (enqueue 2.6936 ms)
[10/06/2026-14:10:01] [I] Average on 1 runs - GPU latency: 7.83716 ms - Host latency: 7.99512 ms (enqueue 4.27368 ms)
[10/06/2026-14:10:01] [I] Average on 1 runs - GPU latency: 7.82251 ms - Host latency: 7.98071 ms (enqueue 4.43652 ms)
[10/06/2026-14:10:01] [I] Average on 1 runs - GPU latency: 7.83813 ms - Host latency: 8.01465 ms (enqueue 4.30811 ms)
[10/06/2026-14:10:01] [I] Average on 1 runs - GPU latency: 7.823 ms - Host latency: 7.96631 ms (enqueue 4.29199 ms)
[10/06/2026-14:10:01] [I] Average on 1 runs - GPU latency: 7.83545 ms - Host latency: 8.00928 ms (enqueue 4.29126 ms)
[10/06/2026-14:10:01] [I] Average on 1 runs - GPU latency: 7.8374 ms - Host latency: 8 ms (enqueue 4.36719 ms)
[10/06/2026-14:10:01] [I] Average on 1 runs - GPU latency: 7.83081 ms - Host latency: 8.0061 ms (enqueue 4.30103 ms)
[10/06/2026-14:10:01] [I] Average on 1 runs - GPU latency: 7.84473 ms - Host latency: 7.98145 ms (enqueue 2.15234 ms)
[10/06/2026-14:10:01] [I] Average on 1 runs - GPU latency: 7.83936 ms - Host latency: 8.01807 ms (enqueue 4.31934 ms)
[10/06/2026-14:10:01] [I] Average on 1 runs - GPU latency: 7.84595 ms - Host latency: 8.0061 ms (enqueue 4.34741 ms)
[10/06/2026-14:10:01] [I] Average on 1 runs - GPU latency: 7.83984 ms - Host latency: 8.04785 ms (enqueue 4.43311 ms)
[10/06/2026-14:10:01] [I] Average on 1 runs - GPU latency: 7.83032 ms - Host latency: 7.98315 ms (enqueue 4.31372 ms)
[10/06/2026-14:10:01] [I] Average on 1 runs - GPU latency: 7.8252 ms - Host latency: 7.96924 ms (enqueue 4.45825 ms)
[10/06/2026-14:10:01] [I] Average on 1 runs - GPU latency: 7.83447 ms - Host latency: 7.98364 ms (enqueue 3.36987 ms)
[10/06/2026-14:10:01] [I] Average on 1 runs - GPU latency: 7.81372 ms - Host latency: 7.96167 ms (enqueue 4.34961 ms)
[10/06/2026-14:10:01] [I] Average on 1 runs - GPU latency: 7.83374 ms - Host latency: 7.97046 ms (enqueue 4.39087 ms)
[10/06/2026-14:10:01] [I] Average on 1 runs - GPU latency: 7.83667 ms - Host latency: 7.99341 ms (enqueue 4.34863 ms)
[10/06/2026-14:10:01] [I] Average on 1 runs - GPU latency: 7.83325 ms - Host latency: 7.97974 ms (enqueue 4.33569 ms)
[10/06/2026-14:10:01] [I] Average on 1 runs - GPU latency: 7.82153 ms - Host latency: 7.98926 ms (enqueue 4.36035 ms)
[10/06/2026-14:10:01] [I] Average on 1 runs - GPU latency: 7.82788 ms - Host latency: 8.00024 ms (enqueue 4.41162 ms)
[10/06/2026-14:10:01] [I] Average on 1 runs - GPU latency: 7.81567 ms - Host latency: 7.96948 ms (enqueue 4.46509 ms)
[10/06/2026-14:10:01] [I] Average on 1 runs - GPU latency: 7.82324 ms - Host latency: 7.98413 ms (enqueue 4.43481 ms)
[10/06/2026-14:10:01] [I] Average on 1 runs - GPU latency: 7.823 ms - Host latency: 7.97534 ms (enqueue 4.36694 ms)
[10/06/2026-14:10:01] [I] Average on 1 runs - GPU latency: 7.83374 ms - Host latency: 7.9873 ms (enqueue 4.39233 ms)
[10/06/2026-14:10:01] [I] Average on 1 runs - GPU latency: 7.83374 ms - Host latency: 8.03223 ms (enqueue 4.35767 ms)
[10/06/2026-14:10:01] [I] Average on 1 runs - GPU latency: 7.83887 ms - Host latency: 8.00562 ms (enqueue 4.3479 ms)
[10/06/2026-14:10:01] [I] Average on 1 runs - GPU latency: 7.82715 ms - Host latency: 7.97339 ms (enqueue 2.58716 ms)
[10/06/2026-14:10:01] [I] Average on 1 runs - GPU latency: 7.83911 ms - Host latency: 7.98047 ms (enqueue 4.41089 ms)
[10/06/2026-14:10:01] [I] Average on 1 runs - GPU latency: 7.83154 ms - Host latency: 7.99756 ms (enqueue 4.32959 ms)
[10/06/2026-14:10:01] [I] Average on 1 runs - GPU latency: 7.83691 ms - Host latency: 7.98218 ms (enqueue 4.37891 ms)
[10/06/2026-14:10:01] [I] Average on 1 runs - GPU latency: 7.83521 ms - Host latency: 7.98071 ms (enqueue 4.42163 ms)
[10/06/2026-14:10:01] [I] Average on 1 runs - GPU latency: 7.82471 ms - Host latency: 7.97363 ms (enqueue 4.47363 ms)
[10/06/2026-14:10:01] [I] Average on 1 runs - GPU latency: 7.83228 ms - Host latency: 7.99512 ms (enqueue 4.12549 ms)
[10/06/2026-14:10:01] [I] Average on 1 runs - GPU latency: 7.82349 ms - Host latency: 7.97266 ms (enqueue 4.39429 ms)
[10/06/2026-14:10:01] [I] Average on 1 runs - GPU latency: 7.84326 ms - Host latency: 7.98706 ms (enqueue 4.36694 ms)
[10/06/2026-14:10:01] [I] Average on 1 runs - GPU latency: 7.82153 ms - Host latency: 8.02637 ms (enqueue 4.39478 ms)
[10/06/2026-14:10:01] [I] Average on 1 runs - GPU latency: 7.84302 ms - Host latency: 8.01538 ms (enqueue 4.25293 ms)
[10/06/2026-14:10:01] [I] Average on 1 runs - GPU latency: 7.82642 ms - Host latency: 8.01147 ms (enqueue 4.41406 ms)
[10/06/2026-14:10:01] [I] Average on 1 runs - GPU latency: 7.8313 ms - Host latency: 7.99731 ms (enqueue 4.3689 ms)
[10/06/2026-14:10:01] [I] Average on 1 runs - GPU latency: 7.83789 ms - Host latency: 7.96997 ms (enqueue 2.92554 ms)
[10/06/2026-14:10:01] [I] Average on 1 runs - GPU latency: 7.83081 ms - Host latency: 7.98291 ms (enqueue 4.28369 ms)
[10/06/2026-14:10:01] [I] Average on 1 runs - GPU latency: 7.84131 ms - Host latency: 7.99585 ms (enqueue 4.37964 ms)
[10/06/2026-14:10:01] [I] Average on 1 runs - GPU latency: 7.82007 ms - Host latency: 8.02441 ms (enqueue 4.27417 ms)
[10/06/2026-14:10:01] [I] Average on 1 runs - GPU latency: 7.84033 ms - Host latency: 7.99268 ms (enqueue 4.26953 ms)
[10/06/2026-14:10:01] [I] Average on 1 runs - GPU latency: 7.82886 ms - Host latency: 8.00635 ms (enqueue 4.29785 ms)
[10/06/2026-14:10:01] [I] Average on 1 runs - GPU latency: 7.84058 ms - Host latency: 8.00659 ms (enqueue 3.2959 ms)
[10/06/2026-14:10:01] [I] Average on 1 runs - GPU latency: 7.83374 ms - Host latency: 7.99634 ms (enqueue 4.32178 ms)
[10/06/2026-14:10:01] [I] Average on 1 runs - GPU latency: 7.82959 ms - Host latency: 7.99927 ms (enqueue 4.36133 ms)
[10/06/2026-14:10:01] [I] Average on 1 runs - GPU latency: 7.83057 ms - Host latency: 7.98145 ms (enqueue 4.41113 ms)
[10/06/2026-14:10:01] [I] Average on 1 runs - GPU latency: 7.82983 ms - Host latency: 7.96924 ms (enqueue 4.3623 ms)
[10/06/2026-14:10:01] [I] Average on 1 runs - GPU latency: 7.84424 ms - Host latency: 8.00073 ms (enqueue 4.35815 ms)
[10/06/2026-14:10:01] [I] Average on 1 runs - GPU latency: 7.81738 ms - Host latency: 8.01001 ms (enqueue 4.36621 ms)
[10/06/2026-14:10:01] [I] Average on 1 runs - GPU latency: 7.84985 ms - Host latency: 7.98145 ms (enqueue 4.35986 ms)
[10/06/2026-14:10:01] [I] Average on 1 runs - GPU latency: 7.82251 ms - Host latency: 7.97388 ms (enqueue 4.41382 ms)
[10/06/2026-14:10:01] [I] Average on 1 runs - GPU latency: 7.83911 ms - Host latency: 7.98755 ms (enqueue 4.35669 ms)
[10/06/2026-14:10:01] [I] Average on 1 runs - GPU latency: 7.82739 ms - Host latency: 7.98096 ms (enqueue 4.38379 ms)
[10/06/2026-14:10:01] [I] Average on 1 runs - GPU latency: 7.83032 ms - Host latency: 7.97119 ms (enqueue 4.37793 ms)
[10/06/2026-14:10:01] [I] Average on 1 runs - GPU latency: 7.8335 ms - Host latency: 7.97437 ms (enqueue 4.34521 ms)
[10/06/2026-14:10:01] [I] Average on 1 runs - GPU latency: 7.83423 ms - Host latency: 7.98535 ms (enqueue 2.38843 ms)
[10/06/2026-14:10:01] [I] Average on 1 runs - GPU latency: 7.84424 ms - Host latency: 7.9812 ms (enqueue 4.37109 ms)
[10/06/2026-14:10:01] [I] Average on 1 runs - GPU latency: 7.84326 ms - Host latency: 8.03809 ms (enqueue 4.33984 ms)
[10/06/2026-14:10:01] [I] Average on 1 runs - GPU latency: 7.82861 ms - Host latency: 8.01489 ms (enqueue 4.40845 ms)
[10/06/2026-14:10:01] [I] Average on 1 runs - GPU latency: 7.83984 ms - Host latency: 7.99146 ms (enqueue 4.45728 ms)
[10/06/2026-14:10:01] [I] Average on 1 runs - GPU latency: 7.85132 ms - Host latency: 8.00513 ms (enqueue 3.87769 ms)
[10/06/2026-14:10:01] [I] Average on 1 runs - GPU latency: 7.83984 ms - Host latency: 8.01392 ms (enqueue 3.34204 ms)
[10/06/2026-14:10:01] [I] Average on 1 runs - GPU latency: 7.82715 ms - Host latency: 8.00293 ms (enqueue 3.29102 ms)
[10/06/2026-14:10:01] [I] Average on 1 runs - GPU latency: 7.8335 ms - Host latency: 7.99414 ms (enqueue 2.92065 ms)
[10/06/2026-14:10:01] [I] Average on 1 runs - GPU latency: 7.83179 ms - Host latency: 7.97949 ms (enqueue 2.69434 ms)
[10/06/2026-14:10:01] [I] Average on 1 runs - GPU latency: 7.8269 ms - Host latency: 7.979 ms (enqueue 3.18018 ms)
[10/06/2026-14:10:01] [I] Average on 1 runs - GPU latency: 7.83105 ms - Host latency: 7.97485 ms (enqueue 2.85156 ms)
[10/06/2026-14:10:01] [I] Average on 1 runs - GPU latency: 7.83813 ms - Host latency: 7.98071 ms (enqueue 2.64917 ms)
[10/06/2026-14:10:01] [I] Average on 1 runs - GPU latency: 7.83374 ms - Host latency: 7.97095 ms (enqueue 2.90137 ms)
[10/06/2026-14:10:01] [I] Average on 1 runs - GPU latency: 7.8335 ms - Host latency: 7.98779 ms (enqueue 4.36865 ms)
[10/06/2026-14:10:01] [I] Average on 1 runs - GPU latency: 7.83765 ms - Host latency: 7.99121 ms (enqueue 4.37793 ms)
[10/06/2026-14:10:01] [I] Average on 1 runs - GPU latency: 7.83691 ms - Host latency: 8.07837 ms (enqueue 4.36597 ms)
[10/06/2026-14:10:01] [I] Average on 1 runs - GPU latency: 7.82861 ms - Host latency: 7.98267 ms (enqueue 4.37305 ms)
[10/06/2026-14:10:01] [I] Average on 1 runs - GPU latency: 7.82812 ms - Host latency: 7.99072 ms (enqueue 4.3667 ms)
[10/06/2026-14:10:01] [I] Average on 1 runs - GPU latency: 7.84326 ms - Host latency: 8.01172 ms (enqueue 2.9751 ms)
[10/06/2026-14:10:01] [I] Average on 1 runs - GPU latency: 7.83252 ms - Host latency: 8.04346 ms (enqueue 4.42236 ms)
[10/06/2026-14:10:01] [I] Average on 1 runs - GPU latency: 7.83594 ms - Host latency: 7.99268 ms (enqueue 4.45117 ms)
[10/06/2026-14:10:01] [I] Average on 1 runs - GPU latency: 7.84033 ms - Host latency: 7.97705 ms (enqueue 4.36914 ms)
[10/06/2026-14:10:01] [I] Average on 1 runs - GPU latency: 7.83984 ms - Host latency: 7.99023 ms (enqueue 4.34766 ms)
[10/06/2026-14:10:01] [I] Average on 1 runs - GPU latency: 7.8374 ms - Host latency: 7.99219 ms (enqueue 4.3374 ms)
[10/06/2026-14:10:01] [I] Average on 1 runs - GPU latency: 7.8252 ms - Host latency: 8.00732 ms (enqueue 4.37305 ms)
[10/06/2026-14:10:01] [I] Average on 1 runs - GPU latency: 7.84033 ms - Host latency: 7.98926 ms (enqueue 4.3877 ms)
[10/06/2026-14:10:01] [I] Average on 1 runs - GPU latency: 7.83398 ms - Host latency: 8.03662 ms (enqueue 4.4126 ms)
[10/06/2026-14:10:01] [I] Average on 1 runs - GPU latency: 7.83643 ms - Host latency: 7.97949 ms (enqueue 4.40674 ms)
[10/06/2026-14:10:01] [I] Average on 1 runs - GPU latency: 7.82959 ms - Host latency: 7.97168 ms (enqueue 4.41699 ms)
[10/06/2026-14:10:01] [I] Average on 1 runs - GPU latency: 7.83057 ms - Host latency: 7.96826 ms (enqueue 4.35059 ms)
[10/06/2026-14:10:01] [I] Average on 1 runs - GPU latency: 7.82812 ms - Host latency: 7.97559 ms (enqueue 4.3335 ms)
[10/06/2026-14:10:01] [I] Average on 1 runs - GPU latency: 7.83252 ms - Host latency: 7.9707 ms (enqueue 2.229 ms)
[10/06/2026-14:10:01] [I] Average on 1 runs - GPU latency: 7.84814 ms - Host latency: 8.00928 ms (enqueue 4.39893 ms)
[10/06/2026-14:10:01] [I] Average on 1 runs - GPU latency: 7.82422 ms - Host latency: 8.02832 ms (enqueue 4.30713 ms)
[10/06/2026-14:10:01] [I] Average on 1 runs - GPU latency: 7.83838 ms - Host latency: 7.98438 ms (enqueue 4.4082 ms)
[10/06/2026-14:10:01] [I] Average on 1 runs - GPU latency: 7.82617 ms - Host latency: 7.98145 ms (enqueue 4.33398 ms)
[10/06/2026-14:10:01] [I] Average on 1 runs - GPU latency: 7.82764 ms - Host latency: 7.96826 ms (enqueue 4.35889 ms)
[10/06/2026-14:10:01] [I] Average on 1 runs - GPU latency: 7.83008 ms - Host latency: 8.00537 ms (enqueue 3.60254 ms)
[10/06/2026-14:10:01] [I] Average on 1 runs - GPU latency: 7.83691 ms - Host latency: 7.99707 ms (enqueue 4.40186 ms)
[10/06/2026-14:10:01] [I] Average on 1 runs - GPU latency: 7.82471 ms - Host latency: 7.98633 ms (enqueue 4.36133 ms)
[10/06/2026-14:10:01] [I] Average on 1 runs - GPU latency: 7.83203 ms - Host latency: 7.96826 ms (enqueue 4.40918 ms)
[10/06/2026-14:10:01] [I] Average on 1 runs - GPU latency: 7.82861 ms - Host latency: 7.97998 ms (enqueue 4.41406 ms)
[10/06/2026-14:10:01] [I] Average on 1 runs - GPU latency: 7.83984 ms - Host latency: 7.98877 ms (enqueue 4.40234 ms)
[10/06/2026-14:10:01] [I] Average on 1 runs - GPU latency: 7.84912 ms - Host latency: 7.98975 ms (enqueue 4.32812 ms)
[10/06/2026-14:10:01] [I] Average on 1 runs - GPU latency: 7.83398 ms - Host latency: 7.97559 ms (enqueue 4.05566 ms)
[10/06/2026-14:10:01] [I] Average on 1 runs - GPU latency: 7.8418 ms - Host latency: 7.99072 ms (enqueue 4.41699 ms)
[10/06/2026-14:10:01] [I] Average on 1 runs - GPU latency: 7.82861 ms - Host latency: 7.98633 ms (enqueue 4.46924 ms)
[10/06/2026-14:10:01] [I] Average on 1 runs - GPU latency: 7.83398 ms - Host latency: 7.96973 ms (enqueue 4.35986 ms)
[10/06/2026-14:10:01] [I] Average on 1 runs - GPU latency: 7.83203 ms - Host latency: 7.98486 ms (enqueue 4.39502 ms)
[10/06/2026-14:10:01] [I] Average on 1 runs - GPU latency: 7.83057 ms - Host latency: 7.97119 ms (enqueue 4.40283 ms)
[10/06/2026-14:10:01] [I] Average on 1 runs - GPU latency: 7.83252 ms - Host latency: 7.979 ms (enqueue 2.73535 ms)
[10/06/2026-14:10:01] [I] Average on 1 runs - GPU latency: 7.82617 ms - Host latency: 8.01318 ms (enqueue 4.38477 ms)
[10/06/2026-14:10:01] [I] Average on 1 runs - GPU latency: 7.81787 ms - Host latency: 7.96143 ms (enqueue 4.46045 ms)
[10/06/2026-14:10:01] [I] Average on 1 runs - GPU latency: 7.83447 ms - Host latency: 8.00244 ms (enqueue 4.46924 ms)
[10/06/2026-14:10:01] [I] Average on 1 runs - GPU latency: 7.83447 ms - Host latency: 7.98145 ms (enqueue 4.40039 ms)
[10/06/2026-14:10:01] [I] Average on 1 runs - GPU latency: 7.83301 ms - Host latency: 7.98926 ms (enqueue 4.39746 ms)
[10/06/2026-14:10:01] [I] Average on 1 runs - GPU latency: 7.83545 ms - Host latency: 8.00293 ms (enqueue 4.25049 ms)
[10/06/2026-14:10:01] [I] Average on 1 runs - GPU latency: 7.83398 ms - Host latency: 7.97852 ms (enqueue 4.37939 ms)
[10/06/2026-14:10:01] [I] Average on 1 runs - GPU latency: 7.8374 ms - Host latency: 7.97656 ms (enqueue 4.38184 ms)
[10/06/2026-14:10:01] [I] Average on 1 runs - GPU latency: 7.83789 ms - Host latency: 7.99658 ms (enqueue 4.41699 ms)
[10/06/2026-14:10:01] [I] Average on 1 runs - GPU latency: 7.83252 ms - Host latency: 8.03418 ms (enqueue 4.39746 ms)
[10/06/2026-14:10:01] [I] Average on 1 runs - GPU latency: 7.83887 ms - Host latency: 7.97998 ms (enqueue 4.35986 ms)
[10/06/2026-14:10:01] [I] Average on 1 runs - GPU latency: 7.83398 ms - Host latency: 7.97314 ms (enqueue 4.40039 ms)
[10/06/2026-14:10:01] [I] Average on 1 runs - GPU latency: 7.83594 ms - Host latency: 7.97998 ms (enqueue 2.39062 ms)
[10/06/2026-14:10:01] [I] Average on 1 runs - GPU latency: 7.8252 ms - Host latency: 7.9668 ms (enqueue 4.36621 ms)
[10/06/2026-14:10:01] [I] Average on 1 runs - GPU latency: 7.82715 ms - Host latency: 7.98047 ms (enqueue 4.36768 ms)
[10/06/2026-14:10:01] [I] Average on 1 runs - GPU latency: 7.83105 ms - Host latency: 7.97754 ms (enqueue 4.35107 ms)
[10/06/2026-14:10:01] [I] Average on 1 runs - GPU latency: 7.83154 ms - Host latency: 7.96875 ms (enqueue 4.37305 ms)
[10/06/2026-14:10:01] [I] Average on 1 runs - GPU latency: 7.82129 ms - Host latency: 7.97314 ms (enqueue 4.34033 ms)
[10/06/2026-14:10:01] [I] Average on 1 runs - GPU latency: 7.82178 ms - Host latency: 7.97168 ms (enqueue 3.4082 ms)
[10/06/2026-14:10:01] [I] Average on 1 runs - GPU latency: 7.8252 ms - Host latency: 7.96826 ms (enqueue 4.42871 ms)
[10/06/2026-14:10:01] [I] Average on 1 runs - GPU latency: 7.82178 ms - Host latency: 7.9624 ms (enqueue 4.36133 ms)
[10/06/2026-14:10:01] [I] Average on 1 runs - GPU latency: 7.81787 ms - Host latency: 7.95312 ms (enqueue 4.40576 ms)
[10/06/2026-14:10:01] [I] Average on 1 runs - GPU latency: 7.83105 ms - Host latency: 7.97314 ms (enqueue 4.34424 ms)
[10/06/2026-14:10:01] [I] Average on 1 runs - GPU latency: 7.83545 ms - Host latency: 7.98926 ms (enqueue 4.35596 ms)
[10/06/2026-14:10:01] [I] Average on 1 runs - GPU latency: 7.85352 ms - Host latency: 8.01855 ms (enqueue 4.32275 ms)
[10/06/2026-14:10:01] [I] ... Omitting 1516 lines
[10/06/2026-14:10:01] [I] Average on 1 runs - GPU latency: 7.83203 ms - Host latency: 7.99219 ms (enqueue 4.31641 ms)
[10/06/2026-14:10:01] [I] Average on 1 runs - GPU latency: 7.83789 ms - Host latency: 7.98633 ms (enqueue 4.33594 ms)
[10/06/2026-14:10:01] [I] Average on 1 runs - GPU latency: 7.82227 ms - Host latency: 7.98047 ms (enqueue 4.32617 ms)
[10/06/2026-14:10:01] [I] Average on 1 runs - GPU latency: 7.84375 ms - Host latency: 8.00586 ms (enqueue 4.32422 ms)
[10/06/2026-14:10:01] [I] Average on 1 runs - GPU latency: 7.83203 ms - Host latency: 8 ms (enqueue 4.31641 ms)
[10/06/2026-14:10:01] [I] Average on 1 runs - GPU latency: 7.83789 ms - Host latency: 7.98047 ms (enqueue 4.33984 ms)
[10/06/2026-14:10:01] [I] Average on 1 runs - GPU latency: 7.82227 ms - Host latency: 7.95898 ms (enqueue 4.37695 ms)
[10/06/2026-14:10:01] [I] Average on 1 runs - GPU latency: 7.8418 ms - Host latency: 8 ms (enqueue 4.36328 ms)
[10/06/2026-14:10:01] [I] Average on 1 runs - GPU latency: 7.83398 ms - Host latency: 7.98242 ms (enqueue 4.3418 ms)
[10/06/2026-14:10:01] [I] Average on 1 runs - GPU latency: 7.83008 ms - Host latency: 8.01562 ms (enqueue 4.25195 ms)
[10/06/2026-14:10:01] [I] Average on 1 runs - GPU latency: 7.83203 ms - Host latency: 8.00195 ms (enqueue 4.27344 ms)
[10/06/2026-14:10:01] [I] Average on 1 runs - GPU latency: 7.83789 ms - Host latency: 7.99414 ms (enqueue 4.27734 ms)
[10/06/2026-14:10:01] [I] Average on 1 runs - GPU latency: 7.8418 ms - Host latency: 8.02344 ms (enqueue 4.17969 ms)
[10/06/2026-14:10:01] [I] Average on 1 runs - GPU latency: 7.83789 ms - Host latency: 8.04297 ms (enqueue 4.28125 ms)
[10/06/2026-14:10:01] [I] Average on 1 runs - GPU latency: 7.84375 ms - Host latency: 7.99219 ms (enqueue 4.37109 ms)
[10/06/2026-14:10:01] [I] Average on 1 runs - GPU latency: 7.83203 ms - Host latency: 7.96094 ms (enqueue 4.33203 ms)
[10/06/2026-14:10:01] [I] Average on 1 runs - GPU latency: 7.83008 ms - Host latency: 7.98047 ms (enqueue 4.38281 ms)
[10/06/2026-14:10:01] [I] Average on 1 runs - GPU latency: 7.82227 ms - Host latency: 7.96875 ms (enqueue 4.35156 ms)
[10/06/2026-14:10:01] [I] Average on 1 runs - GPU latency: 7.83398 ms - Host latency: 8 ms (enqueue 4.3418 ms)
[10/06/2026-14:10:01] [I] Average on 1 runs - GPU latency: 7.83008 ms - Host latency: 7.97461 ms (enqueue 4.33008 ms)
[10/06/2026-14:10:01] [I] Average on 1 runs - GPU latency: 7.83789 ms - Host latency: 7.98828 ms (enqueue 4.36523 ms)
[10/06/2026-14:10:01] [I] Average on 1 runs - GPU latency: 7.83398 ms - Host latency: 7.99023 ms (enqueue 4.34766 ms)
[10/06/2026-14:10:01] [I] Average on 1 runs - GPU latency: 7.83203 ms - Host latency: 7.98633 ms (enqueue 4.3457 ms)
[10/06/2026-14:10:01] [I] Average on 1 runs - GPU latency: 7.82812 ms - Host latency: 7.98242 ms (enqueue 4.32227 ms)
[10/06/2026-14:10:01] [I] Average on 1 runs - GPU latency: 7.83008 ms - Host latency: 7.97656 ms (enqueue 4.30273 ms)
[10/06/2026-14:10:01] [I] Average on 1 runs - GPU latency: 7.8418 ms - Host latency: 7.99805 ms (enqueue 4.23633 ms)
[10/06/2026-14:10:01] [I] Average on 1 runs - GPU latency: 7.82422 ms - Host latency: 8.01172 ms (enqueue 4.31836 ms)
[10/06/2026-14:10:01] [I] Average on 1 runs - GPU latency: 7.83398 ms - Host latency: 7.97656 ms (enqueue 4.32617 ms)
[10/06/2026-14:10:01] [I] Average on 1 runs - GPU latency: 7.83203 ms - Host latency: 7.97656 ms (enqueue 4.34375 ms)
[10/06/2026-14:10:01] [I] Average on 1 runs - GPU latency: 7.82617 ms - Host latency: 7.9668 ms (enqueue 4.37695 ms)
[10/06/2026-14:10:01] [I] Average on 1 runs - GPU latency: 7.83594 ms - Host latency: 8 ms (enqueue 4.34766 ms)
[10/06/2026-14:10:01] [I] Average on 1 runs - GPU latency: 7.82617 ms - Host latency: 7.99219 ms (enqueue 4.27148 ms)
[10/06/2026-14:10:01] [I] Average on 1 runs - GPU latency: 7.82422 ms - Host latency: 7.97266 ms (enqueue 4.32617 ms)
[10/06/2026-14:10:01] [I] Average on 1 runs - GPU latency: 7.83789 ms - Host latency: 7.98047 ms (enqueue 4.3418 ms)
[10/06/2026-14:10:01] [I] Average on 1 runs - GPU latency: 7.83594 ms - Host latency: 7.98242 ms (enqueue 4.31055 ms)
[10/06/2026-14:10:01] [I] Average on 1 runs - GPU latency: 7.82227 ms - Host latency: 7.96484 ms (enqueue 4.33398 ms)
[10/06/2026-14:10:01] [I] Average on 1 runs - GPU latency: 7.83008 ms - Host latency: 7.99609 ms (enqueue 4.41406 ms)
[10/06/2026-14:10:01] [I] Average on 1 runs - GPU latency: 7.82812 ms - Host latency: 7.96094 ms (enqueue 4.35547 ms)
[10/06/2026-14:10:01] [I] Average on 1 runs - GPU latency: 7.83203 ms - Host latency: 7.97266 ms (enqueue 4.41016 ms)
[10/06/2026-14:10:01] [I] Average on 1 runs - GPU latency: 7.83398 ms - Host latency: 7.98828 ms (enqueue 4.41406 ms)
[10/06/2026-14:10:01] [I] Average on 1 runs - GPU latency: 7.83789 ms - Host latency: 7.97852 ms (enqueue 4.3125 ms)
[10/06/2026-14:10:01] [I] Average on 1 runs - GPU latency: 7.84961 ms - Host latency: 8.00586 ms (enqueue 4.41016 ms)
[10/06/2026-14:10:01] [I] Average on 1 runs - GPU latency: 7.83008 ms - Host latency: 7.9707 ms (enqueue 4.35156 ms)
[10/06/2026-14:10:01] [I] Average on 1 runs - GPU latency: 7.83398 ms - Host latency: 7.97656 ms (enqueue 4.31055 ms)
[10/06/2026-14:10:01] [I] Average on 1 runs - GPU latency: 7.83594 ms - Host latency: 7.98633 ms (enqueue 4.27734 ms)
[10/06/2026-14:10:01] [I] Average on 1 runs - GPU latency: 7.84375 ms - Host latency: 8.01172 ms (enqueue 4.31641 ms)
[10/06/2026-14:10:01] [I] Average on 1 runs - GPU latency: 7.82812 ms - Host latency: 8 ms (enqueue 4.33789 ms)
[10/06/2026-14:10:01] [I] Average on 1 runs - GPU latency: 7.82031 ms - Host latency: 7.96875 ms (enqueue 4.33398 ms)
[10/06/2026-14:10:01] [I] Average on 1 runs - GPU latency: 7.82031 ms - Host latency: 7.97461 ms (enqueue 4.33789 ms)
[10/06/2026-14:10:01] [I] Average on 1 runs - GPU latency: 7.83594 ms - Host latency: 7.97461 ms (enqueue 4.33984 ms)
[10/06/2026-14:10:01] [I] Average on 1 runs - GPU latency: 7.82617 ms - Host latency: 7.97266 ms (enqueue 4.24414 ms)
[10/06/2026-14:10:01] [I] Average on 1 runs - GPU latency: 7.83008 ms - Host latency: 7.9707 ms (enqueue 4.34961 ms)
[10/06/2026-14:10:01] [I] Average on 1 runs - GPU latency: 9.18555 ms - Host latency: 9.34375 ms (enqueue 4.31641 ms)
[10/06/2026-14:10:01] [I] Average on 1 runs - GPU latency: 7.82617 ms - Host latency: 7.9707 ms (enqueue 4.31445 ms)
[10/06/2026-14:10:01] [I] Average on 1 runs - GPU latency: 7.82422 ms - Host latency: 7.96875 ms (enqueue 4.4375 ms)
[10/06/2026-14:10:01] [I] Average on 1 runs - GPU latency: 7.8457 ms - Host latency: 7.98828 ms (enqueue 4.37305 ms)
[10/06/2026-14:10:01] [I] Average on 1 runs - GPU latency: 7.83984 ms - Host latency: 8.00586 ms (enqueue 4.35938 ms)
[10/06/2026-14:10:01] [I] Average on 1 runs - GPU latency: 7.83008 ms - Host latency: 7.98438 ms (enqueue 4.34375 ms)
[10/06/2026-14:10:01] [I] Average on 1 runs - GPU latency: 7.83398 ms - Host latency: 7.97852 ms (enqueue 4.27344 ms)
[10/06/2026-14:10:01] [I] Average on 1 runs - GPU latency: 7.8457 ms - Host latency: 7.99219 ms (enqueue 4.25781 ms)
[10/06/2026-14:10:01] [I] Average on 1 runs - GPU latency: 7.82227 ms - Host latency: 7.98438 ms (enqueue 4.23828 ms)
[10/06/2026-14:10:01] [I] Average on 1 runs - GPU latency: 7.8418 ms - Host latency: 7.98633 ms (enqueue 4.30859 ms)
[10/06/2026-14:10:01] [I] Average on 1 runs - GPU latency: 7.83594 ms - Host latency: 7.98242 ms (enqueue 4.33203 ms)
[10/06/2026-14:10:01] [I] Average on 1 runs - GPU latency: 7.83203 ms - Host latency: 7.98633 ms (enqueue 4.25 ms)
[10/06/2026-14:10:01] [I] Average on 1 runs - GPU latency: 7.83398 ms - Host latency: 7.98438 ms (enqueue 4.38867 ms)
[10/06/2026-14:10:01] [I] Average on 1 runs - GPU latency: 7.84766 ms - Host latency: 7.99414 ms (enqueue 4.3125 ms)
[10/06/2026-14:10:01] [I] Average on 1 runs - GPU latency: 7.83789 ms - Host latency: 7.99805 ms (enqueue 4.38086 ms)
[10/06/2026-14:10:01] [I] Average on 1 runs - GPU latency: 7.82227 ms - Host latency: 8.01953 ms (enqueue 4.32031 ms)
[10/06/2026-14:10:01] [I] Average on 1 runs - GPU latency: 7.83008 ms - Host latency: 7.97656 ms (enqueue 4.32422 ms)
[10/06/2026-14:10:01] [I] Average on 1 runs - GPU latency: 7.82422 ms - Host latency: 7.97266 ms (enqueue 4.34375 ms)
[10/06/2026-14:10:01] [I] Average on 1 runs - GPU latency: 7.83398 ms - Host latency: 7.99219 ms (enqueue 4.31445 ms)
[10/06/2026-14:10:01] [I] Average on 1 runs - GPU latency: 7.83203 ms - Host latency: 7.98047 ms (enqueue 4.28711 ms)
[10/06/2026-14:10:01] [I] Average on 1 runs - GPU latency: 7.83203 ms - Host latency: 7.99805 ms (enqueue 4.35742 ms)
[10/06/2026-14:10:01] [I] Average on 1 runs - GPU latency: 7.83203 ms - Host latency: 7.97656 ms (enqueue 4.29297 ms)
[10/06/2026-14:10:01] [I] Average on 1 runs - GPU latency: 7.82422 ms - Host latency: 7.9707 ms (enqueue 4.25195 ms)
[10/06/2026-14:10:01] [I] Average on 1 runs - GPU latency: 7.82812 ms - Host latency: 7.9668 ms (enqueue 4.28516 ms)
[10/06/2026-14:10:01] [I] Average on 1 runs - GPU latency: 7.83398 ms - Host latency: 7.97461 ms (enqueue 4.23242 ms)
[10/06/2026-14:10:01] [I] Average on 1 runs - GPU latency: 7.83203 ms - Host latency: 7.97852 ms (enqueue 4.28906 ms)
[10/06/2026-14:10:01] [I] Average on 1 runs - GPU latency: 7.83203 ms - Host latency: 7.98633 ms (enqueue 4.32422 ms)
[10/06/2026-14:10:01] [I] Average on 1 runs - GPU latency: 7.83398 ms - Host latency: 8.00781 ms (enqueue 4.32031 ms)
[10/06/2026-14:10:01] [I] Average on 1 runs - GPU latency: 7.83008 ms - Host latency: 7.99609 ms (enqueue 4.35156 ms)
[10/06/2026-14:10:01] [I] Average on 1 runs - GPU latency: 7.83789 ms - Host latency: 7.96875 ms (enqueue 4.36328 ms)
[10/06/2026-14:10:01] [I] Average on 1 runs - GPU latency: 7.82227 ms - Host latency: 8 ms (enqueue 4.21289 ms)
[10/06/2026-14:10:01] [I] Average on 1 runs - GPU latency: 7.83008 ms - Host latency: 7.99414 ms (enqueue 4.30078 ms)
[10/06/2026-14:10:01] [I] Average on 1 runs - GPU latency: 7.83203 ms - Host latency: 7.9707 ms (enqueue 4.33008 ms)
[10/06/2026-14:10:01] [I] Average on 1 runs - GPU latency: 7.8418 ms - Host latency: 7.98438 ms (enqueue 4.35547 ms)
[10/06/2026-14:10:01] [I] Average on 1 runs - GPU latency: 7.83789 ms - Host latency: 7.99414 ms (enqueue 4.33984 ms)
[10/06/2026-14:10:01] [I] Average on 1 runs - GPU latency: 7.83789 ms - Host latency: 7.98047 ms (enqueue 4.3125 ms)
[10/06/2026-14:10:01] [I] Average on 1 runs - GPU latency: 7.83203 ms - Host latency: 7.9668 ms (enqueue 4.33398 ms)
[10/06/2026-14:10:01] [I] Average on 1 runs - GPU latency: 7.83398 ms - Host latency: 8.01953 ms (enqueue 4.32031 ms)
[10/06/2026-14:10:01] [I] Average on 1 runs - GPU latency: 7.83594 ms - Host latency: 7.98242 ms (enqueue 4.30859 ms)
[10/06/2026-14:10:01] [I] Average on 1 runs - GPU latency: 7.83594 ms - Host latency: 7.97852 ms (enqueue 4.33984 ms)
[10/06/2026-14:10:01] [I] Average on 1 runs - GPU latency: 7.83203 ms - Host latency: 7.97461 ms (enqueue 4.34961 ms)
[10/06/2026-14:10:01] [I] Average on 1 runs - GPU latency: 7.83984 ms - Host latency: 7.98438 ms (enqueue 4.32031 ms)
[10/06/2026-14:10:01] [I] Average on 1 runs - GPU latency: 7.84375 ms - Host latency: 8.03711 ms (enqueue 4.33594 ms)
[10/06/2026-14:10:01] [I] Average on 1 runs - GPU latency: 7.82227 ms - Host latency: 7.99219 ms (enqueue 4.22461 ms)
[10/06/2026-14:10:01] [I] Average on 1 runs - GPU latency: 7.82617 ms - Host latency: 7.9668 ms (enqueue 4.31836 ms)
[10/06/2026-14:10:01] [I] Average on 1 runs - GPU latency: 7.83789 ms - Host latency: 7.99023 ms (enqueue 4.42383 ms)
[10/06/2026-14:10:01] [I] Average on 1 runs - GPU latency: 7.83594 ms - Host latency: 7.97656 ms (enqueue 4.3125 ms)
[10/06/2026-14:10:01] [I] Average on 1 runs - GPU latency: 7.82617 ms - Host latency: 7.98047 ms (enqueue 4.33594 ms)
[10/06/2026-14:10:01] [I] Average on 1 runs - GPU latency: 7.83398 ms - Host latency: 7.98242 ms (enqueue 4.32422 ms)
[10/06/2026-14:10:01] [I] Average on 1 runs - GPU latency: 7.83594 ms - Host latency: 7.98242 ms (enqueue 4.30469 ms)
[10/06/2026-14:10:01] [I] Average on 1 runs - GPU latency: 7.82617 ms - Host latency: 7.96484 ms (enqueue 4.33203 ms)
[10/06/2026-14:10:01] [I] Average on 1 runs - GPU latency: 7.84766 ms - Host latency: 8 ms (enqueue 4.3418 ms)
[10/06/2026-14:10:01] [I] Average on 1 runs - GPU latency: 7.8418 ms - Host latency: 7.98828 ms (enqueue 4.39258 ms)
[10/06/2026-14:10:01] [I] Average on 1 runs - GPU latency: 7.83398 ms - Host latency: 7.97852 ms (enqueue 4.33984 ms)
[10/06/2026-14:10:01] [I] Average on 1 runs - GPU latency: 7.82227 ms - Host latency: 7.96289 ms (enqueue 4.33008 ms)
[10/06/2026-14:10:01] [I] Average on 1 runs - GPU latency: 7.83398 ms - Host latency: 7.98828 ms (enqueue 4.39258 ms)
[10/06/2026-14:10:01] [I] Average on 1 runs - GPU latency: 7.83398 ms - Host latency: 7.97852 ms (enqueue 4.28516 ms)
[10/06/2026-14:10:01] [I] Average on 1 runs - GPU latency: 7.82812 ms - Host latency: 7.9707 ms (enqueue 4.36133 ms)
[10/06/2026-14:10:01] [I] Average on 1 runs - GPU latency: 7.83203 ms - Host latency: 7.98047 ms (enqueue 4.36523 ms)
[10/06/2026-14:10:01] [I] Average on 1 runs - GPU latency: 7.83008 ms - Host latency: 7.98047 ms (enqueue 4.37891 ms)
[10/06/2026-14:10:01] [I] Average on 1 runs - GPU latency: 7.83203 ms - Host latency: 7.99023 ms (enqueue 4.35938 ms)
[10/06/2026-14:10:01] [I] Average on 1 runs - GPU latency: 7.82812 ms - Host latency: 7.98828 ms (enqueue 4.37109 ms)
[10/06/2026-14:10:01] [I] Average on 1 runs - GPU latency: 7.82031 ms - Host latency: 7.97461 ms (enqueue 4.26172 ms)
[10/06/2026-14:10:01] [I] Average on 1 runs - GPU latency: 7.83398 ms - Host latency: 7.97266 ms (enqueue 4.39844 ms)
[10/06/2026-14:10:01] [I] Average on 1 runs - GPU latency: 7.83203 ms - Host latency: 7.98242 ms (enqueue 4.36914 ms)
[10/06/2026-14:10:01] [I] Average on 1 runs - GPU latency: 7.82227 ms - Host latency: 7.9668 ms (enqueue 4.3125 ms)
[10/06/2026-14:10:01] [I] Average on 1 runs - GPU latency: 7.82227 ms - Host latency: 7.9668 ms (enqueue 4.30273 ms)
[10/06/2026-14:10:01] [I] Average on 1 runs - GPU latency: 7.83594 ms - Host latency: 7.97656 ms (enqueue 4.32227 ms)
[10/06/2026-14:10:01] [I] Average on 1 runs - GPU latency: 7.83203 ms - Host latency: 7.96875 ms (enqueue 4.26562 ms)
[10/06/2026-14:10:01] [I] Average on 1 runs - GPU latency: 7.83984 ms - Host latency: 7.97656 ms (enqueue 4.30664 ms)
[10/06/2026-14:10:01] [I] Average on 1 runs - GPU latency: 7.83398 ms - Host latency: 7.97852 ms (enqueue 4.39258 ms)
[10/06/2026-14:10:01] [I] Average on 1 runs - GPU latency: 7.8418 ms - Host latency: 7.97852 ms (enqueue 4.3125 ms)
[10/06/2026-14:10:01] [I] Average on 1 runs - GPU latency: 7.8457 ms - Host latency: 7.99219 ms (enqueue 4.30078 ms)
[10/06/2026-14:10:01] [I] Average on 1 runs - GPU latency: 7.83398 ms - Host latency: 7.97461 ms (enqueue 4.3418 ms)
[10/06/2026-14:10:01] [I] Average on 1 runs - GPU latency: 7.83398 ms - Host latency: 7.97852 ms (enqueue 4.33203 ms)
[10/06/2026-14:10:01] [I] Average on 1 runs - GPU latency: 7.84961 ms - Host latency: 7.99609 ms (enqueue 4.27148 ms)
[10/06/2026-14:10:01] [I] Average on 1 runs - GPU latency: 7.82422 ms - Host latency: 7.97461 ms (enqueue 4.32812 ms)
[10/06/2026-14:10:01] [I] Average on 1 runs - GPU latency: 7.82812 ms - Host latency: 7.99023 ms (enqueue 4.33789 ms)
[10/06/2026-14:10:01] [I] Average on 1 runs - GPU latency: 7.83789 ms - Host latency: 7.98633 ms (enqueue 4.24805 ms)
[10/06/2026-14:10:01] [I] Average on 1 runs - GPU latency: 7.83984 ms - Host latency: 7.98242 ms (enqueue 4.21875 ms)
[10/06/2026-14:10:01] [I] Average on 1 runs - GPU latency: 7.8418 ms - Host latency: 7.99219 ms (enqueue 4.29688 ms)
[10/06/2026-14:10:01] [I] Average on 1 runs - GPU latency: 7.83008 ms - Host latency: 7.97656 ms (enqueue 4.26367 ms)
[10/06/2026-14:10:01] [I] Average on 1 runs - GPU latency: 7.83203 ms - Host latency: 7.98633 ms (enqueue 4.25781 ms)
[10/06/2026-14:10:01] [I] Average on 1 runs - GPU latency: 7.83594 ms - Host latency: 8.02734 ms (enqueue 4.35742 ms)
[10/06/2026-14:10:01] [I] Average on 1 runs - GPU latency: 7.82227 ms - Host latency: 7.96484 ms (enqueue 4.32031 ms)
[10/06/2026-14:10:01] [I] Average on 1 runs - GPU latency: 7.82617 ms - Host latency: 7.96875 ms (enqueue 4.36523 ms)
[10/06/2026-14:10:01] [I] Average on 1 runs - GPU latency: 7.8418 ms - Host latency: 7.97852 ms (enqueue 4.34961 ms)
[10/06/2026-14:10:01] [I] Average on 1 runs - GPU latency: 7.83008 ms - Host latency: 7.97852 ms (enqueue 4.32617 ms)
[10/06/2026-14:10:01] [I] Average on 1 runs - GPU latency: 7.83398 ms - Host latency: 7.99219 ms (enqueue 4.3125 ms)
[10/06/2026-14:10:01] [I] Average on 1 runs - GPU latency: 7.82812 ms - Host latency: 7.9668 ms (enqueue 4.41797 ms)
[10/06/2026-14:10:01] [I] Average on 1 runs - GPU latency: 7.83789 ms - Host latency: 7.97656 ms (enqueue 4.32422 ms)
[10/06/2026-14:10:01] [I] Average on 1 runs - GPU latency: 7.83398 ms - Host latency: 7.9707 ms (enqueue 4.3418 ms)
[10/06/2026-14:10:01] [I] Average on 1 runs - GPU latency: 7.83594 ms - Host latency: 8 ms (enqueue 4.37891 ms)
[10/06/2026-14:10:01] [I] Average on 1 runs - GPU latency: 7.83984 ms - Host latency: 7.98438 ms (enqueue 4.29102 ms)
[10/06/2026-14:10:01] [I] Average on 1 runs - GPU latency: 7.83984 ms - Host latency: 8.00977 ms (enqueue 4.32422 ms)
[10/06/2026-14:10:01] [I] Average on 1 runs - GPU latency: 7.83203 ms - Host latency: 7.98438 ms (enqueue 4.36719 ms)
[10/06/2026-14:10:01] [I] Average on 1 runs - GPU latency: 7.83008 ms - Host latency: 7.9707 ms (enqueue 4.32422 ms)
[10/06/2026-14:10:01] [I] Average on 1 runs - GPU latency: 7.8457 ms - Host latency: 7.99805 ms (enqueue 4.30664 ms)
[10/06/2026-14:10:01] [I] Average on 1 runs - GPU latency: 7.81641 ms - Host latency: 7.95898 ms (enqueue 4.2832 ms)
[10/06/2026-14:10:01] [I] Average on 1 runs - GPU latency: 7.8418 ms - Host latency: 7.98438 ms (enqueue 4.30078 ms)
[10/06/2026-14:10:01] [I] Average on 1 runs - GPU latency: 7.82617 ms - Host latency: 7.96289 ms (enqueue 4.31055 ms)
[10/06/2026-14:10:01] [I] Average on 1 runs - GPU latency: 7.83789 ms - Host latency: 7.97656 ms (enqueue 4.3418 ms)
[10/06/2026-14:10:01] [I] Average on 1 runs - GPU latency: 7.83789 ms - Host latency: 7.98633 ms (enqueue 4.36719 ms)
[10/06/2026-14:10:01] [I] Average on 1 runs - GPU latency: 7.82422 ms - Host latency: 7.9707 ms (enqueue 4.34766 ms)
[10/06/2026-14:10:01] [I] Average on 1 runs - GPU latency: 7.83789 ms - Host latency: 7.97852 ms (enqueue 4.30273 ms)
[10/06/2026-14:10:01] [I] Average on 1 runs - GPU latency: 7.83008 ms - Host latency: 7.97656 ms (enqueue 4.3418 ms)
[10/06/2026-14:10:01] [I] Average on 1 runs - GPU latency: 7.82422 ms - Host latency: 7.96875 ms (enqueue 4.32422 ms)
[10/06/2026-14:10:01] [I] Average on 1 runs - GPU latency: 7.82812 ms - Host latency: 7.96875 ms (enqueue 4.24219 ms)
[10/06/2026-14:10:01] [I] Average on 1 runs - GPU latency: 7.83008 ms - Host latency: 7.97852 ms (enqueue 4.38672 ms)
[10/06/2026-14:10:01] [I] Average on 1 runs - GPU latency: 7.82227 ms - Host latency: 7.97266 ms (enqueue 4.30469 ms)
[10/06/2026-14:10:01] [I] Average on 1 runs - GPU latency: 7.82031 ms - Host latency: 7.96289 ms (enqueue 4.3418 ms)
[10/06/2026-14:10:01] [I] Average on 1 runs - GPU latency: 7.83984 ms - Host latency: 7.98242 ms (enqueue 4.32812 ms)
[10/06/2026-14:10:01] [I] Average on 1 runs - GPU latency: 7.82227 ms - Host latency: 7.96289 ms (enqueue 4.36719 ms)
[10/06/2026-14:10:01] [I] Average on 1 runs - GPU latency: 7.83594 ms - Host latency: 7.9668 ms (enqueue 4.25781 ms)
[10/06/2026-14:10:01] [I] Average on 1 runs - GPU latency: 7.82031 ms - Host latency: 7.95898 ms (enqueue 4.29688 ms)
[10/06/2026-14:10:01] [I] Average on 1 runs - GPU latency: 7.82812 ms - Host latency: 7.9707 ms (enqueue 4.3125 ms)
[10/06/2026-14:10:01] [I] Average on 1 runs - GPU latency: 7.83203 ms - Host latency: 7.97266 ms (enqueue 4.34961 ms)
[10/06/2026-14:10:01] [I] Average on 1 runs - GPU latency: 7.82617 ms - Host latency: 8.00391 ms (enqueue 4.28711 ms)
[10/06/2026-14:10:01] [I] Average on 1 runs - GPU latency: 7.8457 ms - Host latency: 7.98633 ms (enqueue 4.35742 ms)
[10/06/2026-14:10:01] [I] Average on 1 runs - GPU latency: 7.8418 ms - Host latency: 7.97852 ms (enqueue 4.38672 ms)
[10/06/2026-14:10:01] [I] Average on 1 runs - GPU latency: 7.82812 ms - Host latency: 7.98047 ms (enqueue 4.37305 ms)
[10/06/2026-14:10:01] [I] Average on 1 runs - GPU latency: 7.83398 ms - Host latency: 7.97266 ms (enqueue 4.33594 ms)
[10/06/2026-14:10:01] [I] Average on 1 runs - GPU latency: 7.82812 ms - Host latency: 7.98047 ms (enqueue 4.32227 ms)
[10/06/2026-14:10:01] [I] Average on 1 runs - GPU latency: 7.83398 ms - Host latency: 7.97656 ms (enqueue 4.30859 ms)
[10/06/2026-14:10:01] [I] Average on 1 runs - GPU latency: 7.82422 ms - Host latency: 8.00586 ms (enqueue 4.39258 ms)
[10/06/2026-14:10:01] [I] Average on 1 runs - GPU latency: 7.83008 ms - Host latency: 7.97852 ms (enqueue 4.35547 ms)
[10/06/2026-14:10:01] [I] Average on 1 runs - GPU latency: 7.83594 ms - Host latency: 7.98047 ms (enqueue 4.28516 ms)
[10/06/2026-14:10:01] [I] Average on 1 runs - GPU latency: 7.83398 ms - Host latency: 7.97461 ms (enqueue 4.2832 ms)
[10/06/2026-14:10:01] [I] Average on 1 runs - GPU latency: 7.83398 ms - Host latency: 7.97266 ms (enqueue 4.31836 ms)
[10/06/2026-14:10:01] [I] Average on 1 runs - GPU latency: 7.83203 ms - Host latency: 7.98047 ms (enqueue 4.29102 ms)
[10/06/2026-14:10:01] [I] Average on 1 runs - GPU latency: 7.8125 ms - Host latency: 7.95508 ms (enqueue 4.31055 ms)
[10/06/2026-14:10:01] [I] Average on 1 runs - GPU latency: 7.83008 ms - Host latency: 7.96094 ms (enqueue 4.30664 ms)
[10/06/2026-14:10:01] [I] Average on 1 runs - GPU latency: 7.83398 ms - Host latency: 7.97852 ms (enqueue 4.31836 ms)
[10/06/2026-14:10:01] [I] Average on 1 runs - GPU latency: 7.83203 ms - Host latency: 7.99805 ms (enqueue 4.36719 ms)
[10/06/2026-14:10:01] [I] Average on 1 runs - GPU latency: 7.82617 ms - Host latency: 8.00586 ms (enqueue 4.27539 ms)
[10/06/2026-14:10:01] [I] Average on 1 runs - GPU latency: 7.82422 ms - Host latency: 7.96875 ms (enqueue 4.27539 ms)
[10/06/2026-14:10:01] [I] Average on 1 runs - GPU latency: 7.82617 ms - Host latency: 7.96875 ms (enqueue 4.29883 ms)
[10/06/2026-14:10:01] [I] Average on 1 runs - GPU latency: 7.82812 ms - Host latency: 7.96484 ms (enqueue 4.38672 ms)
[10/06/2026-14:10:01] [I] Average on 1 runs - GPU latency: 7.83203 ms - Host latency: 7.96484 ms (enqueue 4.28516 ms)
[10/06/2026-14:10:01] [I] Average on 1 runs - GPU latency: 7.83203 ms - Host latency: 7.96875 ms (enqueue 4.29688 ms)
[10/06/2026-14:10:01] [I] Average on 1 runs - GPU latency: 7.83984 ms - Host latency: 7.99023 ms (enqueue 4.33008 ms)
[10/06/2026-14:10:01] [I] Average on 1 runs - GPU latency: 7.83008 ms - Host latency: 7.9707 ms (enqueue 4.35938 ms)
[10/06/2026-14:10:01] [I] Average on 1 runs - GPU latency: 7.83594 ms - Host latency: 7.97266 ms (enqueue 4.39648 ms)
[10/06/2026-14:10:01] [I] Average on 1 runs - GPU latency: 7.82812 ms - Host latency: 7.96875 ms (enqueue 4.39062 ms)
[10/06/2026-14:10:01] [I] Average on 1 runs - GPU latency: 7.82422 ms - Host latency: 7.9707 ms (enqueue 4.30273 ms)
[10/06/2026-14:10:01] [I] Average on 1 runs - GPU latency: 7.83203 ms - Host latency: 7.9668 ms (enqueue 4.18359 ms)
[10/06/2026-14:10:01] [I] Average on 1 runs - GPU latency: 7.8457 ms - Host latency: 7.98633 ms (enqueue 4.35547 ms)
[10/06/2026-14:10:01] [I] Average on 1 runs - GPU latency: 7.83203 ms - Host latency: 7.99023 ms (enqueue 4.33203 ms)
[10/06/2026-14:10:01] [I] Average on 1 runs - GPU latency: 7.80859 ms - Host latency: 7.97656 ms (enqueue 4.28906 ms)
[10/06/2026-14:10:01] [I] 
[10/06/2026-14:10:01] [I] === Performance summary ===
[10/06/2026-14:10:01] [I] Throughput: 127.515 qps
[10/06/2026-14:10:01] [I] Latency: min = 7.94922 ms, max = 9.34375 ms, mean = 7.98919 ms, median = 7.98438 ms, percentile(90%) = 8.0127 ms, percentile(95%) = 8.02637 ms, percentile(99%) = 8.06152 ms
[10/06/2026-14:10:01] [I] Enqueue Time: min = 2.15234 ms, max = 6.0127 ms, mean = 4.27579 ms, median = 4.34082 ms, percentile(90%) = 4.41406 ms, percentile(95%) = 4.44434 ms, percentile(99%) = 4.55273 ms
[10/06/2026-14:10:01] [I] H2D Latency: min = 0.120117 ms, max = 0.269531 ms, mean = 0.146928 ms, median = 0.141602 ms, percentile(90%) = 0.167969 ms, percentile(95%) = 0.183594 ms, percentile(99%) = 0.208984 ms
[10/06/2026-14:10:01] [I] GPU Compute Time: min = 7.80859 ms, max = 9.18555 ms, mean = 7.83355 ms, median = 7.83252 ms, percentile(90%) = 7.8418 ms, percentile(95%) = 7.84521 ms, percentile(99%) = 7.85059 ms
[10/06/2026-14:10:01] [I] D2H Latency: min = 0.00585938 ms, max = 0.0117188 ms, mean = 0.00871834 ms, median = 0.00878906 ms, percentile(90%) = 0.00976562 ms, percentile(95%) = 0.00976562 ms, percentile(99%) = 0.0107422 ms
[10/06/2026-14:10:01] [I] Total Host Walltime: 15.0257 s
[10/06/2026-14:10:01] [I] Total GPU Compute Time: 15.0091 s
[10/06/2026-14:10:01] [I] Explanations of the performance metrics are printed in the verbose logs.
[10/06/2026-14:10:01] [I] 
&&&& PASSED TensorRT.trtexec [TensorRT v100300] # /usr/src/tensorrt/bin/trtexec --loadEngine=/tmp/yolo26n_84172_uint8_fp16_opt3.engine --warmUp=3000 --duration=15 --idleTime=0 --avgRuns=1
