&&&& RUNNING TensorRT.trtexec [TensorRT v100300] # /usr/src/tensorrt/bin/trtexec --loadEngine=/tmp/yolo26n_84172_uint8_fp16_opt3.engine --warmUp=3000 --duration=15 --idleTime=0 --avgRuns=1
[10/06/2026-16:18:57] [I] === Model Options ===
[10/06/2026-16:18:57] [I] Format: *
[10/06/2026-16:18:57] [I] Model: 
[10/06/2026-16:18:57] [I] Output:
[10/06/2026-16:18:57] [I] 
[10/06/2026-16:18:57] [I] === System Options ===
[10/06/2026-16:18:57] [I] Device: 0
[10/06/2026-16:18:57] [I] DLACore: 
[10/06/2026-16:18:57] [I] Plugins:
[10/06/2026-16:18:57] [I] setPluginsToSerialize:
[10/06/2026-16:18:57] [I] dynamicPlugins:
[10/06/2026-16:18:57] [I] ignoreParsedPluginLibs: 0
[10/06/2026-16:18:57] [I] 
[10/06/2026-16:18:57] [I] === Inference Options ===
[10/06/2026-16:18:57] [I] Batch: Explicit
[10/06/2026-16:18:57] [I] Input inference shapes: model
[10/06/2026-16:18:57] [I] Iterations: 10
[10/06/2026-16:18:57] [I] Duration: 15s (+ 3000ms warm up)
[10/06/2026-16:18:57] [I] Sleep time: 0ms
[10/06/2026-16:18:57] [I] Idle time: 0ms
[10/06/2026-16:18:57] [I] Inference Streams: 1
[10/06/2026-16:18:57] [I] ExposeDMA: Disabled
[10/06/2026-16:18:57] [I] Data transfers: Enabled
[10/06/2026-16:18:57] [I] Spin-wait: Disabled
[10/06/2026-16:18:57] [I] Multithreading: Disabled
[10/06/2026-16:18:57] [I] CUDA Graph: Disabled
[10/06/2026-16:18:57] [I] Separate profiling: Disabled
[10/06/2026-16:18:57] [I] Time Deserialize: Disabled
[10/06/2026-16:18:57] [I] Time Refit: Disabled
[10/06/2026-16:18:57] [I] NVTX verbosity: 0
[10/06/2026-16:18:57] [I] Persistent Cache Ratio: 0
[10/06/2026-16:18:57] [I] Optimization Profile Index: 0
[10/06/2026-16:18:57] [I] Weight Streaming Budget: 100.000000%
[10/06/2026-16:18:57] [I] Inputs:
[10/06/2026-16:18:57] [I] Debug Tensor Save Destinations:
[10/06/2026-16:18:57] [I] === Reporting Options ===
[10/06/2026-16:18:57] [I] Verbose: Disabled
[10/06/2026-16:18:57] [I] Averages: 1 inferences
[10/06/2026-16:18:57] [I] Percentiles: 90,95,99
[10/06/2026-16:18:57] [I] Dump refittable layers:Disabled
[10/06/2026-16:18:57] [I] Dump output: Disabled
[10/06/2026-16:18:57] [I] Profile: Disabled
[10/06/2026-16:18:57] [I] Export timing to JSON file: 
[10/06/2026-16:18:57] [I] Export output to JSON file: 
[10/06/2026-16:18:57] [I] Export profile to JSON file: 
[10/06/2026-16:18:57] [I] 
[10/06/2026-16:18:57] [I] === Device Information ===
[10/06/2026-16:18:57] [I] Available Devices: 
[10/06/2026-16:18:57] [I]   Device 0: "Orin" UUID: GPU-6e16c2c1-e394-5324-8f2e-63a975968f4e
[10/06/2026-16:18:57] [I] Selected Device: Orin
[10/06/2026-16:18:57] [I] Selected Device ID: 0
[10/06/2026-16:18:57] [I] Selected Device UUID: GPU-6e16c2c1-e394-5324-8f2e-63a975968f4e
[10/06/2026-16:18:57] [I] Compute Capability: 8.7
[10/06/2026-16:18:57] [I] SMs: 8
[10/06/2026-16:18:57] [I] Device Global Memory: 7607 MiB
[10/06/2026-16:18:57] [I] Shared Memory per SM: 164 KiB
[10/06/2026-16:18:57] [I] Memory Bus Width: 128 bits (ECC disabled)
[10/06/2026-16:18:57] [I] Application Compute Clock Rate: 1.02 GHz
[10/06/2026-16:18:57] [I] Application Memory Clock Rate: 1.02 GHz
[10/06/2026-16:18:57] [I] 
[10/06/2026-16:18:57] [I] Note: The application clock rates do not reflect the actual clock rates that the GPU is currently running at.
[10/06/2026-16:18:57] [I] 
[10/06/2026-16:18:57] [I] TensorRT version: 10.3.0
[10/06/2026-16:18:57] [I] Loading standard plugins
[10/06/2026-16:18:57] [I] [TRT] Loaded engine size: 7 MiB
[10/06/2026-16:18:57] [I] Engine deserialized in 0.0695338 sec.
[10/06/2026-16:18:57] [I] [TRT] [MemUsageChange] TensorRT-managed allocation in IExecutionContext creation: CPU +0, GPU +12, now: CPU 0, GPU 16 (MiB)
[10/06/2026-16:18:57] [I] Setting persistentCacheLimit to 0 bytes.
[10/06/2026-16:18:57] [I] Created execution context with device memory size: 12.207 MiB
[10/06/2026-16:18:57] [I] Using random values for input images
[10/06/2026-16:18:57] [I] Input binding for images with dimensions 1x640x640x3 is created.
[10/06/2026-16:18:57] [I] Output binding for output0 with dimensions 1x300x6 is created.
[10/06/2026-16:18:57] [I] Starting inference
[10/06/2026-16:19:15] [I] Warmup completed 671 queries over 3000 ms
[10/06/2026-16:19:15] [I] Timing trace has 3526 queries over 15.0133 s
[10/06/2026-16:19:15] [I] 
[10/06/2026-16:19:15] [I] === Trace details ===
[10/06/2026-16:19:15] [I] Trace averages of 1 runs:
[10/06/2026-16:19:15] [I] Average on 1 runs - GPU latency: 4.25098 ms - Host latency: 4.40039 ms (enqueue 3.04907 ms)
[10/06/2026-16:19:15] [I] Average on 1 runs - GPU latency: 4.25415 ms - Host latency: 4.42725 ms (enqueue 3.09033 ms)
[10/06/2026-16:19:15] [I] Average on 1 runs - GPU latency: 4.25146 ms - Host latency: 4.4231 ms (enqueue 3.09985 ms)
[10/06/2026-16:19:15] [I] Average on 1 runs - GPU latency: 4.25708 ms - Host latency: 4.40674 ms (enqueue 3.0918 ms)
[10/06/2026-16:19:15] [I] Average on 1 runs - GPU latency: 4.25244 ms - Host latency: 4.38696 ms (enqueue 3.10083 ms)
[10/06/2026-16:19:15] [I] Average on 1 runs - GPU latency: 4.25 ms - Host latency: 4.38428 ms (enqueue 3.11426 ms)
[10/06/2026-16:19:15] [I] Average on 1 runs - GPU latency: 4.25293 ms - Host latency: 4.39062 ms (enqueue 3.08862 ms)
[10/06/2026-16:19:15] [I] Average on 1 runs - GPU latency: 4.25171 ms - Host latency: 4.38672 ms (enqueue 3.04175 ms)
[10/06/2026-16:19:15] [I] Average on 1 runs - GPU latency: 4.25269 ms - Host latency: 4.38647 ms (enqueue 3.08618 ms)
[10/06/2026-16:19:15] [I] Average on 1 runs - GPU latency: 4.24805 ms - Host latency: 4.38599 ms (enqueue 3.04858 ms)
[10/06/2026-16:19:15] [I] Average on 1 runs - GPU latency: 4.2478 ms - Host latency: 4.38428 ms (enqueue 3.11353 ms)
[10/06/2026-16:19:15] [I] Average on 1 runs - GPU latency: 4.25244 ms - Host latency: 4.4231 ms (enqueue 3.09521 ms)
[10/06/2026-16:19:15] [I] Average on 1 runs - GPU latency: 4.25195 ms - Host latency: 4.38965 ms (enqueue 3.10327 ms)
[10/06/2026-16:19:15] [I] Average on 1 runs - GPU latency: 4.25 ms - Host latency: 4.39673 ms (enqueue 3.04028 ms)
[10/06/2026-16:19:15] [I] Average on 1 runs - GPU latency: 4.25659 ms - Host latency: 4.39429 ms (enqueue 3.03784 ms)
[10/06/2026-16:19:15] [I] Average on 1 runs - GPU latency: 4.24316 ms - Host latency: 4.37598 ms (enqueue 3.03662 ms)
[10/06/2026-16:19:15] [I] Average on 1 runs - GPU latency: 4.2522 ms - Host latency: 4.40796 ms (enqueue 3.03979 ms)
[10/06/2026-16:19:15] [I] Average on 1 runs - GPU latency: 4.25049 ms - Host latency: 4.39258 ms (enqueue 3.08862 ms)
[10/06/2026-16:19:15] [I] Average on 1 runs - GPU latency: 4.24756 ms - Host latency: 4.37915 ms (enqueue 3.08398 ms)
[10/06/2026-16:19:15] [I] Average on 1 runs - GPU latency: 4.25879 ms - Host latency: 4.41309 ms (enqueue 3.14575 ms)
[10/06/2026-16:19:15] [I] Average on 1 runs - GPU latency: 4.25269 ms - Host latency: 4.39062 ms (enqueue 3.14258 ms)
[10/06/2026-16:19:15] [I] Average on 1 runs - GPU latency: 4.24927 ms - Host latency: 4.38843 ms (enqueue 3.12866 ms)
[10/06/2026-16:19:15] [I] Average on 1 runs - GPU latency: 4.24976 ms - Host latency: 4.38745 ms (enqueue 3.11865 ms)
[10/06/2026-16:19:15] [I] Average on 1 runs - GPU latency: 4.24878 ms - Host latency: 4.40674 ms (enqueue 3.10962 ms)
[10/06/2026-16:19:15] [I] Average on 1 runs - GPU latency: 4.25513 ms - Host latency: 4.42334 ms (enqueue 3.08765 ms)
[10/06/2026-16:19:15] [I] Average on 1 runs - GPU latency: 4.24854 ms - Host latency: 4.3938 ms (enqueue 3.11377 ms)
[10/06/2026-16:19:15] [I] Average on 1 runs - GPU latency: 4.25293 ms - Host latency: 4.42554 ms (enqueue 3.11304 ms)
[10/06/2026-16:19:15] [I] Average on 1 runs - GPU latency: 4.26587 ms - Host latency: 4.41235 ms (enqueue 3.08228 ms)
[10/06/2026-16:19:15] [I] Average on 1 runs - GPU latency: 4.25073 ms - Host latency: 4.38672 ms (enqueue 3.08032 ms)
[10/06/2026-16:19:15] [I] Average on 1 runs - GPU latency: 4.24561 ms - Host latency: 4.38257 ms (enqueue 3.04028 ms)
[10/06/2026-16:19:15] [I] Average on 1 runs - GPU latency: 4.24658 ms - Host latency: 4.43042 ms (enqueue 3.00146 ms)
[10/06/2026-16:19:15] [I] Average on 1 runs - GPU latency: 4.24658 ms - Host latency: 4.41724 ms (enqueue 3.00366 ms)
[10/06/2026-16:19:15] [I] Average on 1 runs - GPU latency: 4.25562 ms - Host latency: 4.40796 ms (enqueue 3.01611 ms)
[10/06/2026-16:19:15] [I] Average on 1 runs - GPU latency: 4.25903 ms - Host latency: 4.40112 ms (enqueue 3.0835 ms)
[10/06/2026-16:19:15] [I] Average on 1 runs - GPU latency: 4.25342 ms - Host latency: 4.39307 ms (enqueue 3.08545 ms)
[10/06/2026-16:19:15] [I] Average on 1 runs - GPU latency: 4.25635 ms - Host latency: 4.42969 ms (enqueue 3.14087 ms)
[10/06/2026-16:19:15] [I] Average on 1 runs - GPU latency: 4.2644 ms - Host latency: 4.40381 ms (enqueue 3.12769 ms)
[10/06/2026-16:19:15] [I] Average on 1 runs - GPU latency: 4.24634 ms - Host latency: 4.38965 ms (enqueue 3.11328 ms)
[10/06/2026-16:19:15] [I] Average on 1 runs - GPU latency: 4.25171 ms - Host latency: 4.40259 ms (enqueue 3.04858 ms)
[10/06/2026-16:19:15] [I] Average on 1 runs - GPU latency: 4.24976 ms - Host latency: 4.40601 ms (enqueue 3.14453 ms)
[10/06/2026-16:19:15] [I] Average on 1 runs - GPU latency: 4.25195 ms - Host latency: 4.41064 ms (enqueue 3.10425 ms)
[10/06/2026-16:19:15] [I] Average on 1 runs - GPU latency: 4.24878 ms - Host latency: 4.38892 ms (enqueue 3.10034 ms)
[10/06/2026-16:19:15] [I] Average on 1 runs - GPU latency: 4.2522 ms - Host latency: 4.41846 ms (enqueue 3.09277 ms)
[10/06/2026-16:19:15] [I] Average on 1 runs - GPU latency: 4.26514 ms - Host latency: 4.4043 ms (enqueue 3.06714 ms)
[10/06/2026-16:19:15] [I] Average on 1 runs - GPU latency: 4.24585 ms - Host latency: 4.38696 ms (enqueue 2.86353 ms)
[10/06/2026-16:19:15] [I] Average on 1 runs - GPU latency: 4.24487 ms - Host latency: 4.39844 ms (enqueue 3.0376 ms)
[10/06/2026-16:19:15] [I] Average on 1 runs - GPU latency: 4.24438 ms - Host latency: 4.40527 ms (enqueue 3.05005 ms)
[10/06/2026-16:19:15] [I] Average on 1 runs - GPU latency: 4.25586 ms - Host latency: 4.43799 ms (enqueue 3.03589 ms)
[10/06/2026-16:19:15] [I] Average on 1 runs - GPU latency: 4.2688 ms - Host latency: 4.44019 ms (enqueue 3.05859 ms)
[10/06/2026-16:19:15] [I] Average on 1 runs - GPU latency: 4.25244 ms - Host latency: 4.39648 ms (enqueue 3.11841 ms)
[10/06/2026-16:19:15] [I] Average on 1 runs - GPU latency: 4.24268 ms - Host latency: 4.37842 ms (enqueue 2.9917 ms)
[10/06/2026-16:19:15] [I] Average on 1 runs - GPU latency: 4.25049 ms - Host latency: 4.41138 ms (enqueue 3.11523 ms)
[10/06/2026-16:19:15] [I] Average on 1 runs - GPU latency: 4.24683 ms - Host latency: 4.42969 ms (enqueue 3.09302 ms)
[10/06/2026-16:19:15] [I] Average on 1 runs - GPU latency: 4.2439 ms - Host latency: 4.3877 ms (enqueue 3.08813 ms)
[10/06/2026-16:19:15] [I] Average on 1 runs - GPU latency: 4.25073 ms - Host latency: 4.4209 ms (enqueue 3.09741 ms)
[10/06/2026-16:19:15] [I] Average on 1 runs - GPU latency: 4.24658 ms - Host latency: 4.3894 ms (enqueue 3.10449 ms)
[10/06/2026-16:19:15] [I] Average on 1 runs - GPU latency: 4.25171 ms - Host latency: 4.38428 ms (enqueue 3.03955 ms)
[10/06/2026-16:19:15] [I] Average on 1 runs - GPU latency: 4.25024 ms - Host latency: 4.38818 ms (enqueue 3.09277 ms)
[10/06/2026-16:19:15] [I] Average on 1 runs - GPU latency: 4.25391 ms - Host latency: 4.3916 ms (enqueue 3.0708 ms)
[10/06/2026-16:19:15] [I] Average on 1 runs - GPU latency: 4.24365 ms - Host latency: 4.38696 ms (enqueue 3.08179 ms)
[10/06/2026-16:19:15] [I] Average on 1 runs - GPU latency: 4.25171 ms - Host latency: 4.40649 ms (enqueue 3.03931 ms)
[10/06/2026-16:19:15] [I] Average on 1 runs - GPU latency: 4.2583 ms - Host latency: 4.39478 ms (enqueue 3.02734 ms)
[10/06/2026-16:19:15] [I] Average on 1 runs - GPU latency: 4.27661 ms - Host latency: 4.41797 ms (enqueue 3.04761 ms)
[10/06/2026-16:19:15] [I] Average on 1 runs - GPU latency: 4.26416 ms - Host latency: 4.40405 ms (enqueue 3.06763 ms)
[10/06/2026-16:19:15] [I] Average on 1 runs - GPU latency: 4.25391 ms - Host latency: 4.40625 ms (enqueue 3.12158 ms)
[10/06/2026-16:19:15] [I] Average on 1 runs - GPU latency: 4.2605 ms - Host latency: 4.40161 ms (enqueue 3.11743 ms)
[10/06/2026-16:19:15] [I] Average on 1 runs - GPU latency: 4.25635 ms - Host latency: 4.39746 ms (enqueue 3.08374 ms)
[10/06/2026-16:19:15] [I] Average on 1 runs - GPU latency: 4.26709 ms - Host latency: 4.4082 ms (enqueue 3.06714 ms)
[10/06/2026-16:19:15] [I] Average on 1 runs - GPU latency: 4.26221 ms - Host latency: 4.40308 ms (enqueue 3.0874 ms)
[10/06/2026-16:19:15] [I] Average on 1 runs - GPU latency: 4.24927 ms - Host latency: 4.3855 ms (enqueue 3.07739 ms)
[10/06/2026-16:19:15] [I] Average on 1 runs - GPU latency: 4.25659 ms - Host latency: 4.39136 ms (enqueue 3.13306 ms)
[10/06/2026-16:19:15] [I] Average on 1 runs - GPU latency: 4.25781 ms - Host latency: 4.39771 ms (enqueue 3.08667 ms)
[10/06/2026-16:19:15] [I] Average on 1 runs - GPU latency: 4.27026 ms - Host latency: 4.40674 ms (enqueue 3.10376 ms)
[10/06/2026-16:19:15] [I] Average on 1 runs - GPU latency: 4.26709 ms - Host latency: 4.41162 ms (enqueue 3.11792 ms)
[10/06/2026-16:19:15] [I] Average on 1 runs - GPU latency: 4.25806 ms - Host latency: 4.39038 ms (enqueue 3.07031 ms)
[10/06/2026-16:19:15] [I] Average on 1 runs - GPU latency: 4.2583 ms - Host latency: 4.40137 ms (enqueue 3.02686 ms)
[10/06/2026-16:19:15] [I] Average on 1 runs - GPU latency: 4.25293 ms - Host latency: 4.3999 ms (enqueue 3.06226 ms)
[10/06/2026-16:19:15] [I] Average on 1 runs - GPU latency: 4.2522 ms - Host latency: 4.41577 ms (enqueue 3.03564 ms)
[10/06/2026-16:19:15] [I] Average on 1 runs - GPU latency: 4.25342 ms - Host latency: 4.42017 ms (enqueue 3.04639 ms)
[10/06/2026-16:19:15] [I] Average on 1 runs - GPU latency: 4.24219 ms - Host latency: 4.42627 ms (enqueue 3.09717 ms)
[10/06/2026-16:19:15] [I] Average on 1 runs - GPU latency: 4.25024 ms - Host latency: 4.39282 ms (enqueue 3.07935 ms)
[10/06/2026-16:19:15] [I] Average on 1 runs - GPU latency: 4.2522 ms - Host latency: 4.38599 ms (enqueue 3.08374 ms)
[10/06/2026-16:19:15] [I] Average on 1 runs - GPU latency: 4.26538 ms - Host latency: 4.40674 ms (enqueue 3.09741 ms)
[10/06/2026-16:19:15] [I] Average on 1 runs - GPU latency: 4.25391 ms - Host latency: 4.39868 ms (enqueue 3.11304 ms)
[10/06/2026-16:19:15] [I] Average on 1 runs - GPU latency: 4.25342 ms - Host latency: 4.39062 ms (enqueue 3.13623 ms)
[10/06/2026-16:19:15] [I] Average on 1 runs - GPU latency: 4.24854 ms - Host latency: 4.38696 ms (enqueue 3.15796 ms)
[10/06/2026-16:19:15] [I] Average on 1 runs - GPU latency: 4.25244 ms - Host latency: 4.39453 ms (enqueue 3.10303 ms)
[10/06/2026-16:19:15] [I] Average on 1 runs - GPU latency: 4.25122 ms - Host latency: 4.39087 ms (enqueue 3.07812 ms)
[10/06/2026-16:19:15] [I] Average on 1 runs - GPU latency: 4.25415 ms - Host latency: 4.40137 ms (enqueue 3.08423 ms)
[10/06/2026-16:19:15] [I] Average on 1 runs - GPU latency: 4.25537 ms - Host latency: 4.40649 ms (enqueue 3.13965 ms)
[10/06/2026-16:19:15] [I] Average on 1 runs - GPU latency: 4.24927 ms - Host latency: 4.38428 ms (enqueue 3.11133 ms)
[10/06/2026-16:19:15] [I] Average on 1 runs - GPU latency: 4.2561 ms - Host latency: 4.39697 ms (enqueue 3.05957 ms)
[10/06/2026-16:19:15] [I] Average on 1 runs - GPU latency: 4.25244 ms - Host latency: 4.39844 ms (enqueue 3.06274 ms)
[10/06/2026-16:19:15] [I] Average on 1 runs - GPU latency: 4.25684 ms - Host latency: 4.44409 ms (enqueue 3.05933 ms)
[10/06/2026-16:19:15] [I] Average on 1 runs - GPU latency: 4.25317 ms - Host latency: 4.39429 ms (enqueue 3.04639 ms)
[10/06/2026-16:19:15] [I] Average on 1 runs - GPU latency: 4.2627 ms - Host latency: 4.39795 ms (enqueue 3.11182 ms)
[10/06/2026-16:19:15] [I] Average on 1 runs - GPU latency: 4.24829 ms - Host latency: 4.39575 ms (enqueue 3.10449 ms)
[10/06/2026-16:19:15] [I] Average on 1 runs - GPU latency: 4.25635 ms - Host latency: 4.39014 ms (enqueue 3.146 ms)
[10/06/2026-16:19:15] [I] Average on 1 runs - GPU latency: 4.25415 ms - Host latency: 4.39307 ms (enqueue 3.08911 ms)
[10/06/2026-16:19:15] [I] Average on 1 runs - GPU latency: 4.25488 ms - Host latency: 4.40112 ms (enqueue 3.11035 ms)
[10/06/2026-16:19:15] [I] Average on 1 runs - GPU latency: 4.25415 ms - Host latency: 4.39233 ms (enqueue 3.11035 ms)
[10/06/2026-16:19:15] [I] Average on 1 runs - GPU latency: 4.25781 ms - Host latency: 4.39551 ms (enqueue 3.11523 ms)
[10/06/2026-16:19:15] [I] Average on 1 runs - GPU latency: 4.25439 ms - Host latency: 4.40259 ms (enqueue 3.12622 ms)
[10/06/2026-16:19:15] [I] Average on 1 runs - GPU latency: 4.24951 ms - Host latency: 4.38574 ms (enqueue 3.11377 ms)
[10/06/2026-16:19:15] [I] Average on 1 runs - GPU latency: 4.24536 ms - Host latency: 4.38696 ms (enqueue 3.11597 ms)
[10/06/2026-16:19:15] [I] Average on 1 runs - GPU latency: 4.2522 ms - Host latency: 4.39844 ms (enqueue 3.07544 ms)
[10/06/2026-16:19:15] [I] Average on 1 runs - GPU latency: 4.25 ms - Host latency: 4.43994 ms (enqueue 3.0481 ms)
[10/06/2026-16:19:15] [I] Average on 1 runs - GPU latency: 4.25073 ms - Host latency: 4.40723 ms (enqueue 3.03516 ms)
[10/06/2026-16:19:15] [I] Average on 1 runs - GPU latency: 4.25439 ms - Host latency: 4.40283 ms (enqueue 3.06519 ms)
[10/06/2026-16:19:15] [I] Average on 1 runs - GPU latency: 4.24634 ms - Host latency: 4.38867 ms (enqueue 3.03198 ms)
[10/06/2026-16:19:15] [I] Average on 1 runs - GPU latency: 4.25146 ms - Host latency: 4.38965 ms (enqueue 3.08618 ms)
[10/06/2026-16:19:15] [I] Average on 1 runs - GPU latency: 4.25269 ms - Host latency: 4.39307 ms (enqueue 3.09863 ms)
[10/06/2026-16:19:15] [I] Average on 1 runs - GPU latency: 4.25122 ms - Host latency: 4.39478 ms (enqueue 3.12744 ms)
[10/06/2026-16:19:15] [I] Average on 1 runs - GPU latency: 4.24805 ms - Host latency: 4.3811 ms (enqueue 3.10107 ms)
[10/06/2026-16:19:15] [I] Average on 1 runs - GPU latency: 4.26123 ms - Host latency: 4.39624 ms (enqueue 2.99536 ms)
[10/06/2026-16:19:15] [I] Average on 1 runs - GPU latency: 4.25708 ms - Host latency: 4.39746 ms (enqueue 3.06323 ms)
[10/06/2026-16:19:15] [I] Average on 1 runs - GPU latency: 4.24243 ms - Host latency: 4.38892 ms (enqueue 3.07642 ms)
[10/06/2026-16:19:15] [I] Average on 1 runs - GPU latency: 4.25195 ms - Host latency: 4.39014 ms (enqueue 3.1106 ms)
[10/06/2026-16:19:15] [I] Average on 1 runs - GPU latency: 4.25781 ms - Host latency: 4.4021 ms (enqueue 3.09814 ms)
[10/06/2026-16:19:15] [I] Average on 1 runs - GPU latency: 4.24536 ms - Host latency: 4.38525 ms (enqueue 2.99805 ms)
[10/06/2026-16:19:15] [I] Average on 1 runs - GPU latency: 4.25854 ms - Host latency: 4.42065 ms (enqueue 3.10254 ms)
[10/06/2026-16:19:15] [I] Average on 1 runs - GPU latency: 4.25708 ms - Host latency: 4.39551 ms (enqueue 3.07788 ms)
[10/06/2026-16:19:15] [I] Average on 1 runs - GPU latency: 4.24976 ms - Host latency: 4.42041 ms (enqueue 3.03833 ms)
[10/06/2026-16:19:15] [I] Average on 1 runs - GPU latency: 4.26221 ms - Host latency: 4.40503 ms (enqueue 3.0498 ms)
[10/06/2026-16:19:15] [I] Average on 1 runs - GPU latency: 4.25073 ms - Host latency: 4.38672 ms (enqueue 3.05493 ms)
[10/06/2026-16:19:15] [I] Average on 1 runs - GPU latency: 4.25415 ms - Host latency: 4.4043 ms (enqueue 3.08032 ms)
[10/06/2026-16:19:15] [I] Average on 1 runs - GPU latency: 4.24585 ms - Host latency: 4.38477 ms (enqueue 3.08862 ms)
[10/06/2026-16:19:15] [I] Average on 1 runs - GPU latency: 4.2583 ms - Host latency: 4.41919 ms (enqueue 3.10327 ms)
[10/06/2026-16:19:15] [I] Average on 1 runs - GPU latency: 4.25635 ms - Host latency: 4.39673 ms (enqueue 3.12646 ms)
[10/06/2026-16:19:15] [I] Average on 1 runs - GPU latency: 4.2522 ms - Host latency: 4.3938 ms (enqueue 3.00244 ms)
[10/06/2026-16:19:15] [I] Average on 1 runs - GPU latency: 4.25171 ms - Host latency: 4.40015 ms (enqueue 3.03979 ms)
[10/06/2026-16:19:15] [I] Average on 1 runs - GPU latency: 4.25732 ms - Host latency: 4.41528 ms (enqueue 3.10742 ms)
[10/06/2026-16:19:15] [I] Average on 1 runs - GPU latency: 4.24683 ms - Host latency: 4.38501 ms (enqueue 3.1001 ms)
[10/06/2026-16:19:15] [I] Average on 1 runs - GPU latency: 4.24854 ms - Host latency: 4.39062 ms (enqueue 3.07642 ms)
[10/06/2026-16:19:15] [I] Average on 1 runs - GPU latency: 4.25415 ms - Host latency: 4.41284 ms (enqueue 3.12988 ms)
[10/06/2026-16:19:15] [I] Average on 1 runs - GPU latency: 4.25024 ms - Host latency: 4.39624 ms (enqueue 3.10083 ms)
[10/06/2026-16:19:15] [I] Average on 1 runs - GPU latency: 4.24243 ms - Host latency: 4.3833 ms (enqueue 2.9873 ms)
[10/06/2026-16:19:15] [I] Average on 1 runs - GPU latency: 4.25244 ms - Host latency: 4.38867 ms (enqueue 3.07959 ms)
[10/06/2026-16:19:15] [I] Average on 1 runs - GPU latency: 4.24707 ms - Host latency: 4.38867 ms (enqueue 3.03857 ms)
[10/06/2026-16:19:15] [I] Average on 1 runs - GPU latency: 4.24731 ms - Host latency: 4.38599 ms (enqueue 3.05103 ms)
[10/06/2026-16:19:15] [I] Average on 1 runs - GPU latency: 4.24951 ms - Host latency: 4.38428 ms (enqueue 3.0481 ms)
[10/06/2026-16:19:15] [I] Average on 1 runs - GPU latency: 4.24829 ms - Host latency: 4.38745 ms (enqueue 3.03076 ms)
[10/06/2026-16:19:15] [I] Average on 1 runs - GPU latency: 4.25366 ms - Host latency: 4.39478 ms (enqueue 2.8689 ms)
[10/06/2026-16:19:15] [I] Average on 1 runs - GPU latency: 4.25122 ms - Host latency: 4.41064 ms (enqueue 3.07275 ms)
[10/06/2026-16:19:15] [I] Average on 1 runs - GPU latency: 4.25659 ms - Host latency: 4.39429 ms (enqueue 3.08569 ms)
[10/06/2026-16:19:15] [I] Average on 1 runs - GPU latency: 4.25122 ms - Host latency: 4.4209 ms (enqueue 3.12085 ms)
[10/06/2026-16:19:15] [I] Average on 1 runs - GPU latency: 4.25049 ms - Host latency: 4.41821 ms (enqueue 3.05127 ms)
[10/06/2026-16:19:15] [I] Average on 1 runs - GPU latency: 4.25635 ms - Host latency: 4.41479 ms (enqueue 3.00659 ms)
[10/06/2026-16:19:15] [I] Average on 1 runs - GPU latency: 4.25659 ms - Host latency: 4.39526 ms (enqueue 3.04297 ms)
[10/06/2026-16:19:15] [I] Average on 1 runs - GPU latency: 4.25562 ms - Host latency: 4.39819 ms (enqueue 3.07275 ms)
[10/06/2026-16:19:15] [I] Average on 1 runs - GPU latency: 4.25732 ms - Host latency: 4.41406 ms (enqueue 3.08789 ms)
[10/06/2026-16:19:15] [I] Average on 1 runs - GPU latency: 4.24976 ms - Host latency: 4.38501 ms (enqueue 3.08228 ms)
[10/06/2026-16:19:15] [I] Average on 1 runs - GPU latency: 4.26025 ms - Host latency: 4.40625 ms (enqueue 3.10156 ms)
[10/06/2026-16:19:15] [I] Average on 1 runs - GPU latency: 4.24585 ms - Host latency: 4.38306 ms (enqueue 2.93701 ms)
[10/06/2026-16:19:15] [I] Average on 1 runs - GPU latency: 4.26099 ms - Host latency: 4.41577 ms (enqueue 3.05566 ms)
[10/06/2026-16:19:15] [I] Average on 1 runs - GPU latency: 4.26123 ms - Host latency: 4.4021 ms (enqueue 3.03662 ms)
[10/06/2026-16:19:15] [I] Average on 1 runs - GPU latency: 4.26123 ms - Host latency: 4.40356 ms (enqueue 3.05615 ms)
[10/06/2026-16:19:15] [I] Average on 1 runs - GPU latency: 4.25854 ms - Host latency: 4.39502 ms (enqueue 3.06787 ms)
[10/06/2026-16:19:15] [I] Average on 1 runs - GPU latency: 4.25391 ms - Host latency: 4.39136 ms (enqueue 3.10132 ms)
[10/06/2026-16:19:15] [I] Average on 1 runs - GPU latency: 4.24756 ms - Host latency: 4.38574 ms (enqueue 3.09839 ms)
[10/06/2026-16:19:15] [I] Average on 1 runs - GPU latency: 4.24561 ms - Host latency: 4.38672 ms (enqueue 2.97534 ms)
[10/06/2026-16:19:15] [I] Average on 1 runs - GPU latency: 4.24976 ms - Host latency: 4.43115 ms (enqueue 3.12036 ms)
[10/06/2026-16:19:15] [I] Average on 1 runs - GPU latency: 4.24976 ms - Host latency: 4.40649 ms (enqueue 3.11523 ms)
[10/06/2026-16:19:15] [I] Average on 1 runs - GPU latency: 4.25293 ms - Host latency: 4.40381 ms (enqueue 3.10547 ms)
[10/06/2026-16:19:15] [I] Average on 1 runs - GPU latency: 4.25366 ms - Host latency: 4.3877 ms (enqueue 3.09155 ms)
[10/06/2026-16:19:15] [I] Average on 1 runs - GPU latency: 4.25586 ms - Host latency: 4.39404 ms (enqueue 3.04126 ms)
[10/06/2026-16:19:15] [I] Average on 1 runs - GPU latency: 4.25269 ms - Host latency: 4.38989 ms (enqueue 3.07324 ms)
[10/06/2026-16:19:15] [I] Average on 1 runs - GPU latency: 4.25684 ms - Host latency: 4.39502 ms (enqueue 3.14551 ms)
[10/06/2026-16:19:15] [I] Average on 1 runs - GPU latency: 4.24902 ms - Host latency: 4.38843 ms (enqueue 2.98779 ms)
[10/06/2026-16:19:15] [I] Average on 1 runs - GPU latency: 4.25757 ms - Host latency: 4.43066 ms (enqueue 3.05713 ms)
[10/06/2026-16:19:15] [I] Average on 1 runs - GPU latency: 4.24438 ms - Host latency: 4.38037 ms (enqueue 3.0481 ms)
[10/06/2026-16:19:15] [I] Average on 1 runs - GPU latency: 4.25122 ms - Host latency: 4.40234 ms (enqueue 3.05835 ms)
[10/06/2026-16:19:15] [I] Average on 1 runs - GPU latency: 4.25293 ms - Host latency: 4.39038 ms (enqueue 3.06128 ms)
[10/06/2026-16:19:15] [I] Average on 1 runs - GPU latency: 4.25 ms - Host latency: 4.39331 ms (enqueue 3.09521 ms)
[10/06/2026-16:19:15] [I] Average on 1 runs - GPU latency: 4.25 ms - Host latency: 4.39209 ms (enqueue 3.11353 ms)
[10/06/2026-16:19:15] [I] Average on 1 runs - GPU latency: 4.25244 ms - Host latency: 4.43726 ms (enqueue 3.14185 ms)
[10/06/2026-16:19:15] [I] Average on 1 runs - GPU latency: 4.24683 ms - Host latency: 4.38257 ms (enqueue 3.12891 ms)
[10/06/2026-16:19:15] [I] Average on 1 runs - GPU latency: 4.26172 ms - Host latency: 4.41797 ms (enqueue 3.12012 ms)
[10/06/2026-16:19:15] [I] Average on 1 runs - GPU latency: 4.24878 ms - Host latency: 4.38428 ms (enqueue 3.11255 ms)
[10/06/2026-16:19:15] [I] Average on 1 runs - GPU latency: 4.25024 ms - Host latency: 4.38965 ms (enqueue 3.09985 ms)
[10/06/2026-16:19:15] [I] Average on 1 runs - GPU latency: 4.25049 ms - Host latency: 4.39062 ms (enqueue 3.09863 ms)
[10/06/2026-16:19:15] [I] Average on 1 runs - GPU latency: 4.24976 ms - Host latency: 4.3855 ms (enqueue 3.02368 ms)
[10/06/2026-16:19:15] [I] Average on 1 runs - GPU latency: 4.24829 ms - Host latency: 4.39771 ms (enqueue 3.15356 ms)
[10/06/2026-16:19:15] [I] Average on 1 runs - GPU latency: 4.2583 ms - Host latency: 4.39722 ms (enqueue 3.12305 ms)
[10/06/2026-16:19:15] [I] Average on 1 runs - GPU latency: 4.25195 ms - Host latency: 4.39917 ms (enqueue 3.12109 ms)
[10/06/2026-16:19:15] [I] Average on 1 runs - GPU latency: 4.2417 ms - Host latency: 4.37964 ms (enqueue 3.03369 ms)
[10/06/2026-16:19:15] [I] Average on 1 runs - GPU latency: 4.25049 ms - Host latency: 4.42065 ms (enqueue 3.052 ms)
[10/06/2026-16:19:15] [I] Average on 1 runs - GPU latency: 4.25049 ms - Host latency: 4.39185 ms (enqueue 3.03052 ms)
[10/06/2026-16:19:15] [I] Average on 1 runs - GPU latency: 4.25073 ms - Host latency: 4.38843 ms (enqueue 3.0415 ms)
[10/06/2026-16:19:15] [I] Average on 1 runs - GPU latency: 4.25513 ms - Host latency: 4.39038 ms (enqueue 3.10059 ms)
[10/06/2026-16:19:15] [I] Average on 1 runs - GPU latency: 4.24902 ms - Host latency: 4.39111 ms (enqueue 3.11401 ms)
[10/06/2026-16:19:15] [I] Average on 1 runs - GPU latency: 4.25562 ms - Host latency: 4.40063 ms (enqueue 3.12085 ms)
[10/06/2026-16:19:15] [I] Average on 1 runs - GPU latency: 4.27002 ms - Host latency: 4.40894 ms (enqueue 3.11499 ms)
[10/06/2026-16:19:15] [I] Average on 1 runs - GPU latency: 4.25732 ms - Host latency: 4.40161 ms (enqueue 3.08081 ms)
[10/06/2026-16:19:15] [I] Average on 1 runs - GPU latency: 4.26172 ms - Host latency: 4.42969 ms (enqueue 3.13721 ms)
[10/06/2026-16:19:15] [I] Average on 1 runs - GPU latency: 4.26074 ms - Host latency: 4.40015 ms (enqueue 3.0979 ms)
[10/06/2026-16:19:15] [I] Average on 1 runs - GPU latency: 4.25586 ms - Host latency: 4.39624 ms (enqueue 3.11621 ms)
[10/06/2026-16:19:15] [I] Average on 1 runs - GPU latency: 4.26318 ms - Host latency: 4.40088 ms (enqueue 3.10376 ms)
[10/06/2026-16:19:15] [I] Average on 1 runs - GPU latency: 4.26343 ms - Host latency: 4.39697 ms (enqueue 3.10425 ms)
[10/06/2026-16:19:15] [I] Average on 1 runs - GPU latency: 4.26001 ms - Host latency: 4.39844 ms (enqueue 2.96875 ms)
[10/06/2026-16:19:15] [I] ... Omitting 3126 lines
[10/06/2026-16:19:15] [I] Average on 1 runs - GPU latency: 4.24805 ms - Host latency: 4.4043 ms (enqueue 3.12305 ms)
[10/06/2026-16:19:15] [I] Average on 1 runs - GPU latency: 4.25 ms - Host latency: 4.41797 ms (enqueue 3.10156 ms)
[10/06/2026-16:19:15] [I] Average on 1 runs - GPU latency: 4.25586 ms - Host latency: 4.39258 ms (enqueue 3.08203 ms)
[10/06/2026-16:19:15] [I] Average on 1 runs - GPU latency: 4.25586 ms - Host latency: 4.39648 ms (enqueue 3.10352 ms)
[10/06/2026-16:19:15] [I] Average on 1 runs - GPU latency: 4.25977 ms - Host latency: 4.40234 ms (enqueue 3.08789 ms)
[10/06/2026-16:19:15] [I] Average on 1 runs - GPU latency: 4.25977 ms - Host latency: 4.40625 ms (enqueue 3.03711 ms)
[10/06/2026-16:19:15] [I] Average on 1 runs - GPU latency: 4.25391 ms - Host latency: 4.39648 ms (enqueue 3.06836 ms)
[10/06/2026-16:19:15] [I] Average on 1 runs - GPU latency: 4.25195 ms - Host latency: 4.41797 ms (enqueue 3.05859 ms)
[10/06/2026-16:19:15] [I] Average on 1 runs - GPU latency: 4.25 ms - Host latency: 4.40625 ms (enqueue 3.07422 ms)
[10/06/2026-16:19:15] [I] Average on 1 runs - GPU latency: 4.25586 ms - Host latency: 4.39648 ms (enqueue 3.08594 ms)
[10/06/2026-16:19:15] [I] Average on 1 runs - GPU latency: 4.25 ms - Host latency: 4.39453 ms (enqueue 3.08398 ms)
[10/06/2026-16:19:15] [I] Average on 1 runs - GPU latency: 4.25586 ms - Host latency: 4.38867 ms (enqueue 3.23047 ms)
[10/06/2026-16:19:15] [I] Average on 1 runs - GPU latency: 4.24805 ms - Host latency: 4.39062 ms (enqueue 3.11328 ms)
[10/06/2026-16:19:15] [I] Average on 1 runs - GPU latency: 4.25586 ms - Host latency: 4.39844 ms (enqueue 3.14453 ms)
[10/06/2026-16:19:15] [I] Average on 1 runs - GPU latency: 4.25586 ms - Host latency: 4.39844 ms (enqueue 3.10742 ms)
[10/06/2026-16:19:15] [I] Average on 1 runs - GPU latency: 4.25195 ms - Host latency: 4.38477 ms (enqueue 3.10938 ms)
[10/06/2026-16:19:15] [I] Average on 1 runs - GPU latency: 4.25586 ms - Host latency: 4.39648 ms (enqueue 3.15234 ms)
[10/06/2026-16:19:15] [I] Average on 1 runs - GPU latency: 4.25 ms - Host latency: 4.39062 ms (enqueue 3.11328 ms)
[10/06/2026-16:19:15] [I] Average on 1 runs - GPU latency: 4.25195 ms - Host latency: 4.43555 ms (enqueue 3.11133 ms)
[10/06/2026-16:19:15] [I] Average on 1 runs - GPU latency: 4.25195 ms - Host latency: 4.39453 ms (enqueue 3.08203 ms)
[10/06/2026-16:19:15] [I] Average on 1 runs - GPU latency: 4.24805 ms - Host latency: 4.42578 ms (enqueue 3.03125 ms)
[10/06/2026-16:19:15] [I] Average on 1 runs - GPU latency: 4.25977 ms - Host latency: 4.40234 ms (enqueue 3.02148 ms)
[10/06/2026-16:19:15] [I] Average on 1 runs - GPU latency: 4.24609 ms - Host latency: 4.4082 ms (enqueue 3.05273 ms)
[10/06/2026-16:19:15] [I] Average on 1 runs - GPU latency: 4.25586 ms - Host latency: 4.4043 ms (enqueue 3.05664 ms)
[10/06/2026-16:19:15] [I] Average on 1 runs - GPU latency: 4.25586 ms - Host latency: 4.44141 ms (enqueue 3.12305 ms)
[10/06/2026-16:19:15] [I] Average on 1 runs - GPU latency: 4.25391 ms - Host latency: 4.39062 ms (enqueue 3.13672 ms)
[10/06/2026-16:19:15] [I] Average on 1 runs - GPU latency: 4.25195 ms - Host latency: 4.39062 ms (enqueue 3.14062 ms)
[10/06/2026-16:19:15] [I] Average on 1 runs - GPU latency: 4.26172 ms - Host latency: 4.40625 ms (enqueue 3.11328 ms)
[10/06/2026-16:19:15] [I] Average on 1 runs - GPU latency: 4.24609 ms - Host latency: 4.38477 ms (enqueue 3.17773 ms)
[10/06/2026-16:19:15] [I] Average on 1 runs - GPU latency: 4.25781 ms - Host latency: 4.43359 ms (enqueue 3.20898 ms)
[10/06/2026-16:19:15] [I] Average on 1 runs - GPU latency: 4.25977 ms - Host latency: 4.40234 ms (enqueue 3.10352 ms)
[10/06/2026-16:19:15] [I] Average on 1 runs - GPU latency: 4.25586 ms - Host latency: 4.39453 ms (enqueue 3.10547 ms)
[10/06/2026-16:19:15] [I] Average on 1 runs - GPU latency: 4.25 ms - Host latency: 4.39453 ms (enqueue 3.10938 ms)
[10/06/2026-16:19:15] [I] Average on 1 runs - GPU latency: 4.24805 ms - Host latency: 4.38867 ms (enqueue 3.08203 ms)
[10/06/2026-16:19:15] [I] Average on 1 runs - GPU latency: 4.25 ms - Host latency: 4.38477 ms (enqueue 3.08008 ms)
[10/06/2026-16:19:15] [I] Average on 1 runs - GPU latency: 4.25 ms - Host latency: 4.42383 ms (enqueue 3.0957 ms)
[10/06/2026-16:19:15] [I] Average on 1 runs - GPU latency: 4.24609 ms - Host latency: 4.38281 ms (enqueue 3.02539 ms)
[10/06/2026-16:19:15] [I] Average on 1 runs - GPU latency: 4.26172 ms - Host latency: 4.39844 ms (enqueue 3.04883 ms)
[10/06/2026-16:19:15] [I] Average on 1 runs - GPU latency: 4.25391 ms - Host latency: 4.40039 ms (enqueue 3.04492 ms)
[10/06/2026-16:19:15] [I] Average on 1 runs - GPU latency: 4.25 ms - Host latency: 4.39062 ms (enqueue 3.04102 ms)
[10/06/2026-16:19:15] [I] Average on 1 runs - GPU latency: 4.25195 ms - Host latency: 4.40039 ms (enqueue 2.96289 ms)
[10/06/2026-16:19:15] [I] Average on 1 runs - GPU latency: 4.24609 ms - Host latency: 4.40234 ms (enqueue 3.11133 ms)
[10/06/2026-16:19:15] [I] Average on 1 runs - GPU latency: 4.25586 ms - Host latency: 4.4043 ms (enqueue 3.1582 ms)
[10/06/2026-16:19:15] [I] Average on 1 runs - GPU latency: 4.24609 ms - Host latency: 4.38281 ms (enqueue 3.09961 ms)
[10/06/2026-16:19:15] [I] Average on 1 runs - GPU latency: 4.24805 ms - Host latency: 4.38281 ms (enqueue 3.14062 ms)
[10/06/2026-16:19:15] [I] Average on 1 runs - GPU latency: 4.24805 ms - Host latency: 4.41406 ms (enqueue 3.21094 ms)
[10/06/2026-16:19:15] [I] Average on 1 runs - GPU latency: 4.25781 ms - Host latency: 4.42578 ms (enqueue 3.21094 ms)
[10/06/2026-16:19:15] [I] Average on 1 runs - GPU latency: 4.25 ms - Host latency: 4.39062 ms (enqueue 3.10156 ms)
[10/06/2026-16:19:15] [I] Average on 1 runs - GPU latency: 4.25586 ms - Host latency: 4.39844 ms (enqueue 3.10938 ms)
[10/06/2026-16:19:15] [I] Average on 1 runs - GPU latency: 4.25195 ms - Host latency: 4.39453 ms (enqueue 3.0957 ms)
[10/06/2026-16:19:15] [I] Average on 1 runs - GPU latency: 4.24805 ms - Host latency: 4.4082 ms (enqueue 3.12695 ms)
[10/06/2026-16:19:15] [I] Average on 1 runs - GPU latency: 4.25195 ms - Host latency: 4.39648 ms (enqueue 3.07617 ms)
[10/06/2026-16:19:15] [I] Average on 1 runs - GPU latency: 4.25391 ms - Host latency: 4.39453 ms (enqueue 3.07227 ms)
[10/06/2026-16:19:15] [I] Average on 1 runs - GPU latency: 4.25781 ms - Host latency: 4.39844 ms (enqueue 3.04297 ms)
[10/06/2026-16:19:15] [I] Average on 1 runs - GPU latency: 4.25195 ms - Host latency: 4.38867 ms (enqueue 3.04883 ms)
[10/06/2026-16:19:15] [I] Average on 1 runs - GPU latency: 4.25 ms - Host latency: 4.40234 ms (enqueue 3.125 ms)
[10/06/2026-16:19:15] [I] Average on 1 runs - GPU latency: 4.25 ms - Host latency: 4.42578 ms (enqueue 3.09961 ms)
[10/06/2026-16:19:15] [I] Average on 1 runs - GPU latency: 4.24805 ms - Host latency: 4.38672 ms (enqueue 3.15234 ms)
[10/06/2026-16:19:15] [I] Average on 1 runs - GPU latency: 4.25195 ms - Host latency: 4.4082 ms (enqueue 3.08984 ms)
[10/06/2026-16:19:15] [I] Average on 1 runs - GPU latency: 4.25586 ms - Host latency: 4.42188 ms (enqueue 3.14844 ms)
[10/06/2026-16:19:15] [I] Average on 1 runs - GPU latency: 4.25391 ms - Host latency: 4.38867 ms (enqueue 3.10156 ms)
[10/06/2026-16:19:15] [I] Average on 1 runs - GPU latency: 4.25195 ms - Host latency: 4.4043 ms (enqueue 3.11328 ms)
[10/06/2026-16:19:15] [I] Average on 1 runs - GPU latency: 4.25 ms - Host latency: 4.39062 ms (enqueue 3.08008 ms)
[10/06/2026-16:19:15] [I] Average on 1 runs - GPU latency: 4.25391 ms - Host latency: 4.39648 ms (enqueue 3.14453 ms)
[10/06/2026-16:19:15] [I] Average on 1 runs - GPU latency: 4.25977 ms - Host latency: 4.39453 ms (enqueue 3.11328 ms)
[10/06/2026-16:19:15] [I] Average on 1 runs - GPU latency: 4.25195 ms - Host latency: 4.39258 ms (enqueue 3.14844 ms)
[10/06/2026-16:19:15] [I] Average on 1 runs - GPU latency: 4.24609 ms - Host latency: 4.38477 ms (enqueue 3.08594 ms)
[10/06/2026-16:19:15] [I] Average on 1 runs - GPU latency: 4.23633 ms - Host latency: 4.41797 ms (enqueue 3.05078 ms)
[10/06/2026-16:19:15] [I] Average on 1 runs - GPU latency: 4.25391 ms - Host latency: 4.41797 ms (enqueue 3.05469 ms)
[10/06/2026-16:19:15] [I] Average on 1 runs - GPU latency: 4.25391 ms - Host latency: 4.39062 ms (enqueue 3.04297 ms)
[10/06/2026-16:19:15] [I] Average on 1 runs - GPU latency: 4.24805 ms - Host latency: 4.39062 ms (enqueue 3.05469 ms)
[10/06/2026-16:19:15] [I] Average on 1 runs - GPU latency: 4.24805 ms - Host latency: 4.40234 ms (enqueue 3.08203 ms)
[10/06/2026-16:19:15] [I] Average on 1 runs - GPU latency: 4.25 ms - Host latency: 4.41406 ms (enqueue 3.08398 ms)
[10/06/2026-16:19:15] [I] Average on 1 runs - GPU latency: 4.24609 ms - Host latency: 4.38672 ms (enqueue 3.125 ms)
[10/06/2026-16:19:15] [I] Average on 1 runs - GPU latency: 4.25 ms - Host latency: 4.41602 ms (enqueue 3.2168 ms)
[10/06/2026-16:19:15] [I] Average on 1 runs - GPU latency: 4.24805 ms - Host latency: 4.38477 ms (enqueue 3.14258 ms)
[10/06/2026-16:19:15] [I] Average on 1 runs - GPU latency: 4.24609 ms - Host latency: 4.38281 ms (enqueue 3.11133 ms)
[10/06/2026-16:19:15] [I] Average on 1 runs - GPU latency: 4.25586 ms - Host latency: 4.39844 ms (enqueue 3.10742 ms)
[10/06/2026-16:19:15] [I] Average on 1 runs - GPU latency: 4.24805 ms - Host latency: 4.39453 ms (enqueue 3.14062 ms)
[10/06/2026-16:19:15] [I] Average on 1 runs - GPU latency: 4.25781 ms - Host latency: 4.4082 ms (enqueue 3.13672 ms)
[10/06/2026-16:19:15] [I] Average on 1 runs - GPU latency: 4.25195 ms - Host latency: 4.39453 ms (enqueue 3.11133 ms)
[10/06/2026-16:19:15] [I] Average on 1 runs - GPU latency: 4.25586 ms - Host latency: 4.41992 ms (enqueue 3.10547 ms)
[10/06/2026-16:19:15] [I] Average on 1 runs - GPU latency: 4.26367 ms - Host latency: 4.40039 ms (enqueue 3.11328 ms)
[10/06/2026-16:19:15] [I] Average on 1 runs - GPU latency: 4.24805 ms - Host latency: 4.39453 ms (enqueue 3.05469 ms)
[10/06/2026-16:19:15] [I] Average on 1 runs - GPU latency: 4.25 ms - Host latency: 4.42188 ms (enqueue 3.05859 ms)
[10/06/2026-16:19:15] [I] Average on 1 runs - GPU latency: 4.25 ms - Host latency: 4.38477 ms (enqueue 3.04688 ms)
[10/06/2026-16:19:15] [I] Average on 1 runs - GPU latency: 4.26172 ms - Host latency: 4.40234 ms (enqueue 3.04883 ms)
[10/06/2026-16:19:15] [I] Average on 1 runs - GPU latency: 4.24609 ms - Host latency: 4.38086 ms (enqueue 3.08398 ms)
[10/06/2026-16:19:15] [I] Average on 1 runs - GPU latency: 4.25 ms - Host latency: 4.40039 ms (enqueue 3.09766 ms)
[10/06/2026-16:19:15] [I] Average on 1 runs - GPU latency: 4.25195 ms - Host latency: 4.38672 ms (enqueue 3.08594 ms)
[10/06/2026-16:19:15] [I] Average on 1 runs - GPU latency: 4.24609 ms - Host latency: 4.38281 ms (enqueue 3.13867 ms)
[10/06/2026-16:19:15] [I] Average on 1 runs - GPU latency: 4.24219 ms - Host latency: 4.37891 ms (enqueue 3.23633 ms)
[10/06/2026-16:19:15] [I] Average on 1 runs - GPU latency: 4.25391 ms - Host latency: 4.37695 ms (enqueue 3.91602 ms)
[10/06/2026-16:19:15] [I] Average on 1 runs - GPU latency: 4.24609 ms - Host latency: 4.4043 ms (enqueue 3.22852 ms)
[10/06/2026-16:19:15] [I] Average on 1 runs - GPU latency: 4.25781 ms - Host latency: 4.40234 ms (enqueue 2.92188 ms)
[10/06/2026-16:19:15] [I] Average on 1 runs - GPU latency: 4.25391 ms - Host latency: 4.39062 ms (enqueue 2.95703 ms)
[10/06/2026-16:19:15] [I] Average on 1 runs - GPU latency: 4.25391 ms - Host latency: 4.39453 ms (enqueue 2.9375 ms)
[10/06/2026-16:19:15] [I] Average on 1 runs - GPU latency: 4.25391 ms - Host latency: 4.40039 ms (enqueue 2.94531 ms)
[10/06/2026-16:19:15] [I] Average on 1 runs - GPU latency: 4.25195 ms - Host latency: 4.39062 ms (enqueue 2.90039 ms)
[10/06/2026-16:19:15] [I] Average on 1 runs - GPU latency: 4.24609 ms - Host latency: 4.42578 ms (enqueue 3.125 ms)
[10/06/2026-16:19:15] [I] Average on 1 runs - GPU latency: 4.24023 ms - Host latency: 4.39844 ms (enqueue 2.71484 ms)
[10/06/2026-16:19:15] [I] Average on 1 runs - GPU latency: 4.23828 ms - Host latency: 4.4043 ms (enqueue 2.9375 ms)
[10/06/2026-16:19:15] [I] Average on 1 runs - GPU latency: 4.24219 ms - Host latency: 4.37891 ms (enqueue 3.1875 ms)
[10/06/2026-16:19:15] [I] Average on 1 runs - GPU latency: 4.24414 ms - Host latency: 4.38281 ms (enqueue 2.90039 ms)
[10/06/2026-16:19:15] [I] Average on 1 runs - GPU latency: 4.25781 ms - Host latency: 4.40625 ms (enqueue 2.91602 ms)
[10/06/2026-16:19:15] [I] Average on 1 runs - GPU latency: 4.25391 ms - Host latency: 4.38672 ms (enqueue 2.96875 ms)
[10/06/2026-16:19:15] [I] Average on 1 runs - GPU latency: 4.25781 ms - Host latency: 4.39844 ms (enqueue 2.95898 ms)
[10/06/2026-16:19:15] [I] Average on 1 runs - GPU latency: 4.24805 ms - Host latency: 4.38867 ms (enqueue 2.94922 ms)
[10/06/2026-16:19:15] [I] Average on 1 runs - GPU latency: 4.24805 ms - Host latency: 4.41797 ms (enqueue 3.00391 ms)
[10/06/2026-16:19:15] [I] Average on 1 runs - GPU latency: 4.25391 ms - Host latency: 4.39844 ms (enqueue 2.94531 ms)
[10/06/2026-16:19:15] [I] Average on 1 runs - GPU latency: 4.24609 ms - Host latency: 4.38477 ms (enqueue 2.93555 ms)
[10/06/2026-16:19:15] [I] Average on 1 runs - GPU latency: 4.25195 ms - Host latency: 4.39258 ms (enqueue 2.94922 ms)
[10/06/2026-16:19:15] [I] Average on 1 runs - GPU latency: 4.25781 ms - Host latency: 4.39648 ms (enqueue 2.47461 ms)
[10/06/2026-16:19:15] [I] Average on 1 runs - GPU latency: 4.25586 ms - Host latency: 4.4043 ms (enqueue 2.97852 ms)
[10/06/2026-16:19:15] [I] Average on 1 runs - GPU latency: 4.25 ms - Host latency: 4.42969 ms (enqueue 3.16406 ms)
[10/06/2026-16:19:15] [I] Average on 1 runs - GPU latency: 4.25391 ms - Host latency: 4.41211 ms (enqueue 3.72852 ms)
[10/06/2026-16:19:15] [I] Average on 1 runs - GPU latency: 4.25391 ms - Host latency: 4.41992 ms (enqueue 3.48633 ms)
[10/06/2026-16:19:15] [I] Average on 1 runs - GPU latency: 4.25781 ms - Host latency: 4.42383 ms (enqueue 2.95508 ms)
[10/06/2026-16:19:15] [I] Average on 1 runs - GPU latency: 4.27344 ms - Host latency: 4.42383 ms (enqueue 2.86914 ms)
[10/06/2026-16:19:15] [I] Average on 1 runs - GPU latency: 4.27344 ms - Host latency: 4.4375 ms (enqueue 3.13086 ms)
[10/06/2026-16:19:15] [I] Average on 1 runs - GPU latency: 4.25195 ms - Host latency: 4.39062 ms (enqueue 2.99023 ms)
[10/06/2026-16:19:15] [I] Average on 1 runs - GPU latency: 4.25781 ms - Host latency: 4.44531 ms (enqueue 2.93555 ms)
[10/06/2026-16:19:15] [I] Average on 1 runs - GPU latency: 4.25586 ms - Host latency: 4.39453 ms (enqueue 2.69531 ms)
[10/06/2026-16:19:15] [I] Average on 1 runs - GPU latency: 4.26562 ms - Host latency: 4.41406 ms (enqueue 2.80664 ms)
[10/06/2026-16:19:15] [I] Average on 1 runs - GPU latency: 4.25781 ms - Host latency: 4.40039 ms (enqueue 2.31445 ms)
[10/06/2026-16:19:15] [I] Average on 1 runs - GPU latency: 4.25977 ms - Host latency: 4.42773 ms (enqueue 3.01172 ms)
[10/06/2026-16:19:15] [I] Average on 1 runs - GPU latency: 4.25 ms - Host latency: 4.39648 ms (enqueue 3.92578 ms)
[10/06/2026-16:19:15] [I] Average on 1 runs - GPU latency: 4.25391 ms - Host latency: 4.43555 ms (enqueue 2.82617 ms)
[10/06/2026-16:19:15] [I] Average on 1 runs - GPU latency: 4.25391 ms - Host latency: 4.42773 ms (enqueue 2.80859 ms)
[10/06/2026-16:19:15] [I] Average on 1 runs - GPU latency: 4.25781 ms - Host latency: 4.4043 ms (enqueue 2.75195 ms)
[10/06/2026-16:19:15] [I] Average on 1 runs - GPU latency: 4.24609 ms - Host latency: 4.4043 ms (enqueue 2.76758 ms)
[10/06/2026-16:19:15] [I] Average on 1 runs - GPU latency: 4.25391 ms - Host latency: 4.39844 ms (enqueue 2.72266 ms)
[10/06/2026-16:19:15] [I] Average on 1 runs - GPU latency: 4.26367 ms - Host latency: 4.40234 ms (enqueue 2.85742 ms)
[10/06/2026-16:19:15] [I] Average on 1 runs - GPU latency: 4.25781 ms - Host latency: 4.40039 ms (enqueue 2.85938 ms)
[10/06/2026-16:19:15] [I] Average on 1 runs - GPU latency: 4.25586 ms - Host latency: 4.39258 ms (enqueue 2.86328 ms)
[10/06/2026-16:19:15] [I] Average on 1 runs - GPU latency: 4.25781 ms - Host latency: 4.39258 ms (enqueue 2.91602 ms)
[10/06/2026-16:19:15] [I] Average on 1 runs - GPU latency: 4.25 ms - Host latency: 4.39062 ms (enqueue 2.9082 ms)
[10/06/2026-16:19:15] [I] Average on 1 runs - GPU latency: 4.25 ms - Host latency: 4.40039 ms (enqueue 3.01367 ms)
[10/06/2026-16:19:15] [I] Average on 1 runs - GPU latency: 4.25391 ms - Host latency: 4.41602 ms (enqueue 2.9043 ms)
[10/06/2026-16:19:15] [I] Average on 1 runs - GPU latency: 4.25 ms - Host latency: 4.39258 ms (enqueue 2.91211 ms)
[10/06/2026-16:19:15] [I] Average on 1 runs - GPU latency: 4.25195 ms - Host latency: 4.41797 ms (enqueue 2.9082 ms)
[10/06/2026-16:19:15] [I] Average on 1 runs - GPU latency: 4.25195 ms - Host latency: 4.4082 ms (enqueue 2.93555 ms)
[10/06/2026-16:19:15] [I] Average on 1 runs - GPU latency: 4.25195 ms - Host latency: 4.39844 ms (enqueue 2.94727 ms)
[10/06/2026-16:19:15] [I] Average on 1 runs - GPU latency: 4.25 ms - Host latency: 4.38281 ms (enqueue 2.93164 ms)
[10/06/2026-16:19:15] [I] Average on 1 runs - GPU latency: 4.25586 ms - Host latency: 4.40234 ms (enqueue 3.01562 ms)
[10/06/2026-16:19:15] [I] Average on 1 runs - GPU latency: 4.26172 ms - Host latency: 4.40039 ms (enqueue 2.90234 ms)
[10/06/2026-16:19:15] [I] Average on 1 runs - GPU latency: 4.25195 ms - Host latency: 4.39258 ms (enqueue 3.05664 ms)
[10/06/2026-16:19:15] [I] Average on 1 runs - GPU latency: 4.24219 ms - Host latency: 4.38281 ms (enqueue 2.87109 ms)
[10/06/2026-16:19:15] [I] Average on 1 runs - GPU latency: 4.25781 ms - Host latency: 4.4043 ms (enqueue 3.04297 ms)
[10/06/2026-16:19:15] [I] Average on 1 runs - GPU latency: 4.25195 ms - Host latency: 4.39453 ms (enqueue 2.86133 ms)
[10/06/2026-16:19:15] [I] Average on 1 runs - GPU latency: 4.24805 ms - Host latency: 4.42188 ms (enqueue 3.18359 ms)
[10/06/2026-16:19:15] [I] Average on 1 runs - GPU latency: 4.24414 ms - Host latency: 4.39062 ms (enqueue 2.89844 ms)
[10/06/2026-16:19:15] [I] Average on 1 runs - GPU latency: 4.25781 ms - Host latency: 4.41406 ms (enqueue 2.90625 ms)
[10/06/2026-16:19:15] [I] Average on 1 runs - GPU latency: 4.26367 ms - Host latency: 4.4043 ms (enqueue 2.92578 ms)
[10/06/2026-16:19:15] [I] Average on 1 runs - GPU latency: 4.25 ms - Host latency: 4.39062 ms (enqueue 3 ms)
[10/06/2026-16:19:15] [I] Average on 1 runs - GPU latency: 4.24609 ms - Host latency: 4.41016 ms (enqueue 2.95117 ms)
[10/06/2026-16:19:15] [I] Average on 1 runs - GPU latency: 4.25391 ms - Host latency: 4.38867 ms (enqueue 2.90039 ms)
[10/06/2026-16:19:15] [I] Average on 1 runs - GPU latency: 4.25 ms - Host latency: 4.38672 ms (enqueue 2.96094 ms)
[10/06/2026-16:19:15] [I] Average on 1 runs - GPU latency: 4.26367 ms - Host latency: 4.40234 ms (enqueue 2.9082 ms)
[10/06/2026-16:19:15] [I] Average on 1 runs - GPU latency: 4.25977 ms - Host latency: 4.4043 ms (enqueue 2.94531 ms)
[10/06/2026-16:19:15] [I] Average on 1 runs - GPU latency: 4.26172 ms - Host latency: 4.41992 ms (enqueue 2.94336 ms)
[10/06/2026-16:19:15] [I] Average on 1 runs - GPU latency: 4.25195 ms - Host latency: 4.41797 ms (enqueue 2.86328 ms)
[10/06/2026-16:19:15] [I] Average on 1 runs - GPU latency: 4.25195 ms - Host latency: 4.38867 ms (enqueue 3.02734 ms)
[10/06/2026-16:19:15] [I] Average on 1 runs - GPU latency: 4.26367 ms - Host latency: 4.40234 ms (enqueue 2.86328 ms)
[10/06/2026-16:19:15] [I] Average on 1 runs - GPU latency: 4.25391 ms - Host latency: 4.39648 ms (enqueue 3.03906 ms)
[10/06/2026-16:19:15] [I] Average on 1 runs - GPU latency: 4.25586 ms - Host latency: 4.40039 ms (enqueue 2.86328 ms)
[10/06/2026-16:19:15] [I] Average on 1 runs - GPU latency: 4.25977 ms - Host latency: 4.4043 ms (enqueue 2.88867 ms)
[10/06/2026-16:19:15] [I] Average on 1 runs - GPU latency: 4.24023 ms - Host latency: 4.38281 ms (enqueue 2.92383 ms)
[10/06/2026-16:19:15] [I] Average on 1 runs - GPU latency: 4.25195 ms - Host latency: 4.41797 ms (enqueue 3.125 ms)
[10/06/2026-16:19:15] [I] Average on 1 runs - GPU latency: 4.25 ms - Host latency: 4.39062 ms (enqueue 3.0918 ms)
[10/06/2026-16:19:15] [I] Average on 1 runs - GPU latency: 4.25586 ms - Host latency: 4.40625 ms (enqueue 3.06445 ms)
[10/06/2026-16:19:15] [I] Average on 1 runs - GPU latency: 4.24805 ms - Host latency: 4.40625 ms (enqueue 3.14648 ms)
[10/06/2026-16:19:15] [I] Average on 1 runs - GPU latency: 4.25781 ms - Host latency: 4.39844 ms (enqueue 3.10742 ms)
[10/06/2026-16:19:15] [I] Average on 1 runs - GPU latency: 4.26172 ms - Host latency: 4.40039 ms (enqueue 3.10742 ms)
[10/06/2026-16:19:15] [I] Average on 1 runs - GPU latency: 4.25 ms - Host latency: 4.39062 ms (enqueue 3.08203 ms)
[10/06/2026-16:19:15] [I] Average on 1 runs - GPU latency: 4.25781 ms - Host latency: 4.4082 ms (enqueue 3.0957 ms)
[10/06/2026-16:19:15] [I] Average on 1 runs - GPU latency: 4.24805 ms - Host latency: 4.40039 ms (enqueue 3.08594 ms)
[10/06/2026-16:19:15] [I] Average on 1 runs - GPU latency: 4.24609 ms - Host latency: 4.39844 ms (enqueue 3.04688 ms)
[10/06/2026-16:19:15] [I] Average on 1 runs - GPU latency: 4.26172 ms - Host latency: 4.42188 ms (enqueue 3.06055 ms)
[10/06/2026-16:19:15] [I] Average on 1 runs - GPU latency: 4.25195 ms - Host latency: 4.39648 ms (enqueue 3.04688 ms)
[10/06/2026-16:19:15] [I] Average on 1 runs - GPU latency: 4.25391 ms - Host latency: 4.39453 ms (enqueue 3.05078 ms)
[10/06/2026-16:19:15] [I] Average on 1 runs - GPU latency: 4.25781 ms - Host latency: 4.39648 ms (enqueue 2.91992 ms)
[10/06/2026-16:19:15] [I] Average on 1 runs - GPU latency: 4.25 ms - Host latency: 4.38281 ms (enqueue 3.08984 ms)
[10/06/2026-16:19:15] [I] Average on 1 runs - GPU latency: 4.25977 ms - Host latency: 4.4043 ms (enqueue 3.02344 ms)
[10/06/2026-16:19:15] [I] Average on 1 runs - GPU latency: 4.24805 ms - Host latency: 4.39062 ms (enqueue 3.10156 ms)
[10/06/2026-16:19:15] [I] Average on 1 runs - GPU latency: 4.25195 ms - Host latency: 4.39062 ms (enqueue 3.10352 ms)
[10/06/2026-16:19:15] [I] Average on 1 runs - GPU latency: 4.25977 ms - Host latency: 4.39453 ms (enqueue 3.07422 ms)
[10/06/2026-16:19:15] [I] Average on 1 runs - GPU latency: 4.26172 ms - Host latency: 4.4043 ms (enqueue 3.09766 ms)
[10/06/2026-16:19:15] [I] Average on 1 runs - GPU latency: 4.25391 ms - Host latency: 4.39648 ms (enqueue 3.03125 ms)
[10/06/2026-16:19:15] [I] Average on 1 runs - GPU latency: 4.26367 ms - Host latency: 4.41016 ms (enqueue 3.08789 ms)
[10/06/2026-16:19:15] [I] Average on 1 runs - GPU latency: 4.26172 ms - Host latency: 4.39844 ms (enqueue 3.09961 ms)
[10/06/2026-16:19:15] [I] Average on 1 runs - GPU latency: 4.24609 ms - Host latency: 4.38477 ms (enqueue 3.13086 ms)
[10/06/2026-16:19:15] [I] Average on 1 runs - GPU latency: 4.24609 ms - Host latency: 4.41211 ms (enqueue 3.04297 ms)
[10/06/2026-16:19:15] [I] Average on 1 runs - GPU latency: 4.25586 ms - Host latency: 4.41992 ms (enqueue 3.0332 ms)
[10/06/2026-16:19:15] [I] Average on 1 runs - GPU latency: 4.24805 ms - Host latency: 4.39062 ms (enqueue 3.03516 ms)
[10/06/2026-16:19:15] [I] Average on 1 runs - GPU latency: 4.25977 ms - Host latency: 4.39648 ms (enqueue 3.05664 ms)
[10/06/2026-16:19:15] [I] Average on 1 runs - GPU latency: 4.25 ms - Host latency: 4.4043 ms (enqueue 3.13281 ms)
[10/06/2026-16:19:15] [I] Average on 1 runs - GPU latency: 4.24805 ms - Host latency: 4.38672 ms (enqueue 2.91797 ms)
[10/06/2026-16:19:15] [I] Average on 1 runs - GPU latency: 4.25391 ms - Host latency: 4.4043 ms (enqueue 3.12695 ms)
[10/06/2026-16:19:15] [I] Average on 1 runs - GPU latency: 4.24805 ms - Host latency: 4.39062 ms (enqueue 3.09375 ms)
[10/06/2026-16:19:15] [I] Average on 1 runs - GPU latency: 4.21094 ms - Host latency: 4.34961 ms (enqueue 2.99023 ms)
[10/06/2026-16:19:15] [I] 
[10/06/2026-16:19:15] [I] === Performance summary ===
[10/06/2026-16:19:15] [I] Throughput: 234.859 qps
[10/06/2026-16:19:15] [I] Latency: min = 4.31641 ms, max = 4.46582 ms, mean = 4.39948 ms, median = 4.39648 ms, percentile(90%) = 4.41895 ms, percentile(95%) = 4.42773 ms, percentile(99%) = 4.44141 ms
[10/06/2026-16:19:15] [I] Enqueue Time: min = 2.05127 ms, max = 4.05078 ms, mean = 2.96041 ms, median = 2.97168 ms, percentile(90%) = 3.11523 ms, percentile(95%) = 3.13672 ms, percentile(99%) = 3.21094 ms
[10/06/2026-16:19:15] [I] H2D Latency: min = 0.0664062 ms, max = 0.200195 ms, mean = 0.138849 ms, median = 0.134766 ms, percentile(90%) = 0.157227 ms, percentile(95%) = 0.166016 ms, percentile(99%) = 0.178711 ms
[10/06/2026-16:19:15] [I] GPU Compute Time: min = 4.21094 ms, max = 4.28125 ms, mean = 4.25401 ms, median = 4.25391 ms, percentile(90%) = 4.26074 ms, percentile(95%) = 4.26367 ms, percentile(99%) = 4.27026 ms
[10/06/2026-16:19:15] [I] D2H Latency: min = 0.00390625 ms, max = 0.0117188 ms, mean = 0.00661804 ms, median = 0.00585938 ms, percentile(90%) = 0.00878906 ms, percentile(95%) = 0.00927734 ms, percentile(99%) = 0.0107422 ms
[10/06/2026-16:19:15] [I] Total Host Walltime: 15.0133 s
[10/06/2026-16:19:15] [I] Total GPU Compute Time: 14.9996 s
[10/06/2026-16:19:15] [I] Explanations of the performance metrics are printed in the verbose logs.
[10/06/2026-16:19:15] [I] 
&&&& PASSED TensorRT.trtexec [TensorRT v100300] # /usr/src/tensorrt/bin/trtexec --loadEngine=/tmp/yolo26n_84172_uint8_fp16_opt3.engine --warmUp=3000 --duration=15 --idleTime=0 --avgRuns=1
