&&&& RUNNING TensorRT.trtexec [TensorRT v100300] # /usr/src/tensorrt/bin/trtexec --loadEngine=/tmp/yolo26n_84172_uint8_fp16_opt3.engine --warmUp=3000 --duration=15 --idleTime=0 --avgRuns=1
[10/06/2026-16:14:26] [I] === Model Options ===
[10/06/2026-16:14:26] [I] Format: *
[10/06/2026-16:14:26] [I] Model: 
[10/06/2026-16:14:26] [I] Output:
[10/06/2026-16:14:26] [I] 
[10/06/2026-16:14:26] [I] === System Options ===
[10/06/2026-16:14:26] [I] Device: 0
[10/06/2026-16:14:26] [I] DLACore: 
[10/06/2026-16:14:26] [I] Plugins:
[10/06/2026-16:14:26] [I] setPluginsToSerialize:
[10/06/2026-16:14:26] [I] dynamicPlugins:
[10/06/2026-16:14:26] [I] ignoreParsedPluginLibs: 0
[10/06/2026-16:14:26] [I] 
[10/06/2026-16:14:26] [I] === Inference Options ===
[10/06/2026-16:14:26] [I] Batch: Explicit
[10/06/2026-16:14:26] [I] Input inference shapes: model
[10/06/2026-16:14:26] [I] Iterations: 10
[10/06/2026-16:14:26] [I] Duration: 15s (+ 3000ms warm up)
[10/06/2026-16:14:26] [I] Sleep time: 0ms
[10/06/2026-16:14:26] [I] Idle time: 0ms
[10/06/2026-16:14:26] [I] Inference Streams: 1
[10/06/2026-16:14:26] [I] ExposeDMA: Disabled
[10/06/2026-16:14:26] [I] Data transfers: Enabled
[10/06/2026-16:14:26] [I] Spin-wait: Disabled
[10/06/2026-16:14:26] [I] Multithreading: Disabled
[10/06/2026-16:14:26] [I] CUDA Graph: Disabled
[10/06/2026-16:14:26] [I] Separate profiling: Disabled
[10/06/2026-16:14:26] [I] Time Deserialize: Disabled
[10/06/2026-16:14:26] [I] Time Refit: Disabled
[10/06/2026-16:14:26] [I] NVTX verbosity: 0
[10/06/2026-16:14:26] [I] Persistent Cache Ratio: 0
[10/06/2026-16:14:26] [I] Optimization Profile Index: 0
[10/06/2026-16:14:26] [I] Weight Streaming Budget: 100.000000%
[10/06/2026-16:14:26] [I] Inputs:
[10/06/2026-16:14:26] [I] Debug Tensor Save Destinations:
[10/06/2026-16:14:26] [I] === Reporting Options ===
[10/06/2026-16:14:26] [I] Verbose: Disabled
[10/06/2026-16:14:26] [I] Averages: 1 inferences
[10/06/2026-16:14:26] [I] Percentiles: 90,95,99
[10/06/2026-16:14:26] [I] Dump refittable layers:Disabled
[10/06/2026-16:14:26] [I] Dump output: Disabled
[10/06/2026-16:14:26] [I] Profile: Disabled
[10/06/2026-16:14:26] [I] Export timing to JSON file: 
[10/06/2026-16:14:26] [I] Export output to JSON file: 
[10/06/2026-16:14:26] [I] Export profile to JSON file: 
[10/06/2026-16:14:26] [I] 
[10/06/2026-16:14:26] [I] === Device Information ===
[10/06/2026-16:14:26] [I] Available Devices: 
[10/06/2026-16:14:26] [I]   Device 0: "Orin" UUID: GPU-6e16c2c1-e394-5324-8f2e-63a975968f4e
[10/06/2026-16:14:26] [I] Selected Device: Orin
[10/06/2026-16:14:26] [I] Selected Device ID: 0
[10/06/2026-16:14:26] [I] Selected Device UUID: GPU-6e16c2c1-e394-5324-8f2e-63a975968f4e
[10/06/2026-16:14:26] [I] Compute Capability: 8.7
[10/06/2026-16:14:26] [I] SMs: 8
[10/06/2026-16:14:26] [I] Device Global Memory: 7607 MiB
[10/06/2026-16:14:26] [I] Shared Memory per SM: 164 KiB
[10/06/2026-16:14:26] [I] Memory Bus Width: 128 bits (ECC disabled)
[10/06/2026-16:14:26] [I] Application Compute Clock Rate: 1.02 GHz
[10/06/2026-16:14:26] [I] Application Memory Clock Rate: 0.714 GHz
[10/06/2026-16:14:26] [I] 
[10/06/2026-16:14:26] [I] Note: The application clock rates do not reflect the actual clock rates that the GPU is currently running at.
[10/06/2026-16:14:26] [I] 
[10/06/2026-16:14:26] [I] TensorRT version: 10.3.0
[10/06/2026-16:14:26] [I] Loading standard plugins
[10/06/2026-16:14:26] [I] [TRT] Loaded engine size: 7 MiB
[10/06/2026-16:14:26] [I] Engine deserialized in 0.0710893 sec.
[10/06/2026-16:14:26] [I] [TRT] [MemUsageChange] TensorRT-managed allocation in IExecutionContext creation: CPU +0, GPU +12, now: CPU 0, GPU 16 (MiB)
[10/06/2026-16:14:26] [I] Setting persistentCacheLimit to 0 bytes.
[10/06/2026-16:14:26] [I] Created execution context with device memory size: 12.207 MiB
[10/06/2026-16:14:26] [I] Using random values for input images
[10/06/2026-16:14:26] [I] Input binding for images with dimensions 1x640x640x3 is created.
[10/06/2026-16:14:26] [I] Output binding for output0 with dimensions 1x300x6 is created.
[10/06/2026-16:14:26] [I] Starting inference
[10/06/2026-16:14:44] [I] Warmup completed 515 queries over 3000 ms
[10/06/2026-16:14:44] [I] Timing trace has 2654 queries over 15.0184 s
[10/06/2026-16:14:44] [I] 
[10/06/2026-16:14:44] [I] === Trace details ===
[10/06/2026-16:14:44] [I] Trace averages of 1 runs:
[10/06/2026-16:14:44] [I] Average on 1 runs - GPU latency: 5.66602 ms - Host latency: 5.76025 ms (enqueue 3.65674 ms)
[10/06/2026-16:14:44] [I] Average on 1 runs - GPU latency: 5.66284 ms - Host latency: 5.78296 ms (enqueue 3.79199 ms)
[10/06/2026-16:14:44] [I] Average on 1 runs - GPU latency: 5.6626 ms - Host latency: 5.79102 ms (enqueue 3.85571 ms)
[10/06/2026-16:14:44] [I] Average on 1 runs - GPU latency: 5.65845 ms - Host latency: 5.79395 ms (enqueue 3.85132 ms)
[10/06/2026-16:14:44] [I] Average on 1 runs - GPU latency: 5.65479 ms - Host latency: 5.75269 ms (enqueue 3.87329 ms)
[10/06/2026-16:14:44] [I] Average on 1 runs - GPU latency: 5.65283 ms - Host latency: 5.76538 ms (enqueue 4.18433 ms)
[10/06/2026-16:14:44] [I] Average on 1 runs - GPU latency: 5.65942 ms - Host latency: 5.76294 ms (enqueue 3.88818 ms)
[10/06/2026-16:14:44] [I] Average on 1 runs - GPU latency: 5.66235 ms - Host latency: 5.77612 ms (enqueue 3.84937 ms)
[10/06/2026-16:14:44] [I] Average on 1 runs - GPU latency: 5.62573 ms - Host latency: 5.75562 ms (enqueue 4.13574 ms)
[10/06/2026-16:14:44] [I] Average on 1 runs - GPU latency: 5.65405 ms - Host latency: 5.75928 ms (enqueue 2.18579 ms)
[10/06/2026-16:14:44] [I] Average on 1 runs - GPU latency: 5.65723 ms - Host latency: 5.77344 ms (enqueue 3.87378 ms)
[10/06/2026-16:14:44] [I] Average on 1 runs - GPU latency: 5.66138 ms - Host latency: 5.79443 ms (enqueue 3.94995 ms)
[10/06/2026-16:14:44] [I] Average on 1 runs - GPU latency: 5.66113 ms - Host latency: 5.77515 ms (enqueue 3.86816 ms)
[10/06/2026-16:14:44] [I] Average on 1 runs - GPU latency: 5.65918 ms - Host latency: 5.78735 ms (enqueue 3.86206 ms)
[10/06/2026-16:14:44] [I] Average on 1 runs - GPU latency: 5.64966 ms - Host latency: 5.76025 ms (enqueue 3.93213 ms)
[10/06/2026-16:14:44] [I] Average on 1 runs - GPU latency: 5.65796 ms - Host latency: 5.77783 ms (enqueue 4.12476 ms)
[10/06/2026-16:14:44] [I] Average on 1 runs - GPU latency: 5.66772 ms - Host latency: 5.80054 ms (enqueue 3.90527 ms)
[10/06/2026-16:14:44] [I] Average on 1 runs - GPU latency: 5.63086 ms - Host latency: 5.77075 ms (enqueue 4.01562 ms)
[10/06/2026-16:14:44] [I] Average on 1 runs - GPU latency: 5.66309 ms - Host latency: 5.75342 ms (enqueue 2.87549 ms)
[10/06/2026-16:14:44] [I] Average on 1 runs - GPU latency: 5.66895 ms - Host latency: 5.78418 ms (enqueue 3.95117 ms)
[10/06/2026-16:14:44] [I] Average on 1 runs - GPU latency: 5.66138 ms - Host latency: 5.80176 ms (enqueue 3.78589 ms)
[10/06/2026-16:14:44] [I] Average on 1 runs - GPU latency: 5.65918 ms - Host latency: 5.77417 ms (enqueue 2.99829 ms)
[10/06/2026-16:14:44] [I] Average on 1 runs - GPU latency: 5.66064 ms - Host latency: 5.7666 ms (enqueue 3.14136 ms)
[10/06/2026-16:14:44] [I] Average on 1 runs - GPU latency: 5.65112 ms - Host latency: 5.75757 ms (enqueue 3.3938 ms)
[10/06/2026-16:14:44] [I] Average on 1 runs - GPU latency: 5.65991 ms - Host latency: 5.75244 ms (enqueue 3.61133 ms)
[10/06/2026-16:14:44] [I] Average on 1 runs - GPU latency: 5.63403 ms - Host latency: 5.74561 ms (enqueue 3.93701 ms)
[10/06/2026-16:14:44] [I] Average on 1 runs - GPU latency: 5.63452 ms - Host latency: 5.74268 ms (enqueue 3.87842 ms)
[10/06/2026-16:14:44] [I] Average on 1 runs - GPU latency: 5.67017 ms - Host latency: 5.75854 ms (enqueue 2.69092 ms)
[10/06/2026-16:14:44] [I] Average on 1 runs - GPU latency: 5.6521 ms - Host latency: 5.79053 ms (enqueue 3.88452 ms)
[10/06/2026-16:14:44] [I] Average on 1 runs - GPU latency: 5.65869 ms - Host latency: 5.76221 ms (enqueue 3.80103 ms)
[10/06/2026-16:14:44] [I] Average on 1 runs - GPU latency: 5.66064 ms - Host latency: 5.78564 ms (enqueue 4.11401 ms)
[10/06/2026-16:14:44] [I] Average on 1 runs - GPU latency: 5.66455 ms - Host latency: 5.76831 ms (enqueue 3.85596 ms)
[10/06/2026-16:14:44] [I] Average on 1 runs - GPU latency: 5.65991 ms - Host latency: 5.77466 ms (enqueue 4.104 ms)
[10/06/2026-16:14:44] [I] Average on 1 runs - GPU latency: 5.66602 ms - Host latency: 5.77441 ms (enqueue 3.95166 ms)
[10/06/2026-16:14:44] [I] Average on 1 runs - GPU latency: 5.61768 ms - Host latency: 5.73828 ms (enqueue 4.20728 ms)
[10/06/2026-16:14:44] [I] Average on 1 runs - GPU latency: 5.64282 ms - Host latency: 5.75586 ms (enqueue 3.58594 ms)
[10/06/2026-16:14:44] [I] Average on 1 runs - GPU latency: 5.67358 ms - Host latency: 5.76538 ms (enqueue 3.875 ms)
[10/06/2026-16:14:44] [I] Average on 1 runs - GPU latency: 5.65552 ms - Host latency: 5.79126 ms (enqueue 3.92383 ms)
[10/06/2026-16:14:44] [I] Average on 1 runs - GPU latency: 5.65771 ms - Host latency: 5.76514 ms (enqueue 3.9165 ms)
[10/06/2026-16:14:44] [I] Average on 1 runs - GPU latency: 5.65601 ms - Host latency: 5.77393 ms (enqueue 4.14966 ms)
[10/06/2026-16:14:44] [I] Average on 1 runs - GPU latency: 5.64966 ms - Host latency: 5.75122 ms (enqueue 3.87158 ms)
[10/06/2026-16:14:44] [I] Average on 1 runs - GPU latency: 5.66577 ms - Host latency: 5.76978 ms (enqueue 3.84814 ms)
[10/06/2026-16:14:44] [I] Average on 1 runs - GPU latency: 5.65625 ms - Host latency: 5.77612 ms (enqueue 3.8645 ms)
[10/06/2026-16:14:44] [I] Average on 1 runs - GPU latency: 5.66162 ms - Host latency: 5.76294 ms (enqueue 3.91138 ms)
[10/06/2026-16:14:44] [I] Average on 1 runs - GPU latency: 5.66089 ms - Host latency: 5.82642 ms (enqueue 4.05493 ms)
[10/06/2026-16:14:44] [I] Average on 1 runs - GPU latency: 5.66748 ms - Host latency: 5.77173 ms (enqueue 3.90332 ms)
[10/06/2026-16:14:44] [I] Average on 1 runs - GPU latency: 5.65063 ms - Host latency: 5.78711 ms (enqueue 4.16797 ms)
[10/06/2026-16:14:44] [I] Average on 1 runs - GPU latency: 5.66675 ms - Host latency: 5.7771 ms (enqueue 3.87085 ms)
[10/06/2026-16:14:44] [I] Average on 1 runs - GPU latency: 5.65918 ms - Host latency: 5.76514 ms (enqueue 3.88599 ms)
[10/06/2026-16:14:44] [I] Average on 1 runs - GPU latency: 5.66138 ms - Host latency: 5.78687 ms (enqueue 4.01025 ms)
[10/06/2026-16:14:44] [I] Average on 1 runs - GPU latency: 5.65234 ms - Host latency: 5.7605 ms (enqueue 3.86206 ms)
[10/06/2026-16:14:44] [I] Average on 1 runs - GPU latency: 5.6521 ms - Host latency: 5.77148 ms (enqueue 4.18555 ms)
[10/06/2026-16:14:44] [I] Average on 1 runs - GPU latency: 5.604 ms - Host latency: 5.70972 ms (enqueue 3.86157 ms)
[10/06/2026-16:14:44] [I] Average on 1 runs - GPU latency: 5.66333 ms - Host latency: 5.77051 ms (enqueue 2.75879 ms)
[10/06/2026-16:14:44] [I] Average on 1 runs - GPU latency: 5.66113 ms - Host latency: 5.76831 ms (enqueue 3.87769 ms)
[10/06/2026-16:14:44] [I] Average on 1 runs - GPU latency: 5.66064 ms - Host latency: 5.77051 ms (enqueue 3.91528 ms)
[10/06/2026-16:14:44] [I] Average on 1 runs - GPU latency: 5.65894 ms - Host latency: 5.77148 ms (enqueue 3.85962 ms)
[10/06/2026-16:14:44] [I] Average on 1 runs - GPU latency: 5.64893 ms - Host latency: 5.77832 ms (enqueue 3.91455 ms)
[10/06/2026-16:14:44] [I] Average on 1 runs - GPU latency: 5.65649 ms - Host latency: 5.76294 ms (enqueue 4.20435 ms)
[10/06/2026-16:14:44] [I] Average on 1 runs - GPU latency: 5.65356 ms - Host latency: 5.77539 ms (enqueue 3.87598 ms)
[10/06/2026-16:14:44] [I] Average on 1 runs - GPU latency: 5.6543 ms - Host latency: 5.75635 ms (enqueue 3.8313 ms)
[10/06/2026-16:14:44] [I] Average on 1 runs - GPU latency: 5.62671 ms - Host latency: 5.73657 ms (enqueue 3.83472 ms)
[10/06/2026-16:14:44] [I] Average on 1 runs - GPU latency: 5.65894 ms - Host latency: 5.7793 ms (enqueue 2.40479 ms)
[10/06/2026-16:14:44] [I] Average on 1 runs - GPU latency: 5.64673 ms - Host latency: 5.75903 ms (enqueue 3.80542 ms)
[10/06/2026-16:14:44] [I] Average on 1 runs - GPU latency: 5.65479 ms - Host latency: 5.7522 ms (enqueue 3.82983 ms)
[10/06/2026-16:14:44] [I] Average on 1 runs - GPU latency: 5.66357 ms - Host latency: 5.77563 ms (enqueue 3.71094 ms)
[10/06/2026-16:14:44] [I] Average on 1 runs - GPU latency: 5.65845 ms - Host latency: 5.76953 ms (enqueue 3.14819 ms)
[10/06/2026-16:14:44] [I] Average on 1 runs - GPU latency: 5.6582 ms - Host latency: 5.77612 ms (enqueue 3.91553 ms)
[10/06/2026-16:14:44] [I] Average on 1 runs - GPU latency: 5.65527 ms - Host latency: 5.76343 ms (enqueue 3.82471 ms)
[10/06/2026-16:14:44] [I] Average on 1 runs - GPU latency: 5.65576 ms - Host latency: 5.78296 ms (enqueue 3.83813 ms)
[10/06/2026-16:14:44] [I] Average on 1 runs - GPU latency: 5.61621 ms - Host latency: 5.72998 ms (enqueue 3.75757 ms)
[10/06/2026-16:14:44] [I] Average on 1 runs - GPU latency: 5.65942 ms - Host latency: 5.74927 ms (enqueue 2.07275 ms)
[10/06/2026-16:14:44] [I] Average on 1 runs - GPU latency: 5.65332 ms - Host latency: 5.80298 ms (enqueue 3.8772 ms)
[10/06/2026-16:14:44] [I] Average on 1 runs - GPU latency: 5.65771 ms - Host latency: 5.76855 ms (enqueue 3.8291 ms)
[10/06/2026-16:14:44] [I] Average on 1 runs - GPU latency: 5.65625 ms - Host latency: 5.75977 ms (enqueue 3.86206 ms)
[10/06/2026-16:14:44] [I] Average on 1 runs - GPU latency: 5.65283 ms - Host latency: 5.78589 ms (enqueue 4.15479 ms)
[10/06/2026-16:14:44] [I] Average on 1 runs - GPU latency: 5.66016 ms - Host latency: 5.75586 ms (enqueue 3.16284 ms)
[10/06/2026-16:14:44] [I] Average on 1 runs - GPU latency: 5.67188 ms - Host latency: 5.78223 ms (enqueue 2.97803 ms)
[10/06/2026-16:14:44] [I] Average on 1 runs - GPU latency: 5.64526 ms - Host latency: 5.77393 ms (enqueue 2.9519 ms)
[10/06/2026-16:14:44] [I] Average on 1 runs - GPU latency: 5.61426 ms - Host latency: 5.71729 ms (enqueue 2.75757 ms)
[10/06/2026-16:14:44] [I] Average on 1 runs - GPU latency: 5.57715 ms - Host latency: 5.68164 ms (enqueue 2.15088 ms)
[10/06/2026-16:14:44] [I] Average on 1 runs - GPU latency: 5.65454 ms - Host latency: 5.76123 ms (enqueue 2.573 ms)
[10/06/2026-16:14:44] [I] Average on 1 runs - GPU latency: 5.66333 ms - Host latency: 5.77466 ms (enqueue 3.57983 ms)
[10/06/2026-16:14:44] [I] Average on 1 runs - GPU latency: 5.65698 ms - Host latency: 5.78247 ms (enqueue 3.28296 ms)
[10/06/2026-16:14:44] [I] Average on 1 runs - GPU latency: 5.66602 ms - Host latency: 5.7583 ms (enqueue 3.15234 ms)
[10/06/2026-16:14:44] [I] Average on 1 runs - GPU latency: 5.65283 ms - Host latency: 5.7959 ms (enqueue 2.91455 ms)
[10/06/2026-16:14:44] [I] Average on 1 runs - GPU latency: 5.65747 ms - Host latency: 5.75269 ms (enqueue 2.83862 ms)
[10/06/2026-16:14:44] [I] Average on 1 runs - GPU latency: 5.64038 ms - Host latency: 5.79517 ms (enqueue 3.52783 ms)
[10/06/2026-16:14:44] [I] Average on 1 runs - GPU latency: 5.61816 ms - Host latency: 5.73608 ms (enqueue 3.74683 ms)
[10/06/2026-16:14:44] [I] Average on 1 runs - GPU latency: 5.65625 ms - Host latency: 5.74146 ms (enqueue 2.14355 ms)
[10/06/2026-16:14:44] [I] Average on 1 runs - GPU latency: 5.65039 ms - Host latency: 5.77344 ms (enqueue 3.7998 ms)
[10/06/2026-16:14:44] [I] Average on 1 runs - GPU latency: 5.65601 ms - Host latency: 5.74731 ms (enqueue 3.59082 ms)
[10/06/2026-16:14:44] [I] Average on 1 runs - GPU latency: 5.65503 ms - Host latency: 5.76685 ms (enqueue 3.78979 ms)
[10/06/2026-16:14:44] [I] Average on 1 runs - GPU latency: 5.65918 ms - Host latency: 5.76392 ms (enqueue 3.56738 ms)
[10/06/2026-16:14:44] [I] Average on 1 runs - GPU latency: 5.6626 ms - Host latency: 5.77759 ms (enqueue 3.56812 ms)
[10/06/2026-16:14:44] [I] Average on 1 runs - GPU latency: 5.65894 ms - Host latency: 5.77026 ms (enqueue 3.86572 ms)
[10/06/2026-16:14:44] [I] Average on 1 runs - GPU latency: 5.61572 ms - Host latency: 5.73315 ms (enqueue 3.72241 ms)
[10/06/2026-16:14:44] [I] Average on 1 runs - GPU latency: 5.6543 ms - Host latency: 5.76147 ms (enqueue 3.58716 ms)
[10/06/2026-16:14:44] [I] Average on 1 runs - GPU latency: 5.67065 ms - Host latency: 5.75806 ms (enqueue 3.88477 ms)
[10/06/2026-16:14:44] [I] Average on 1 runs - GPU latency: 5.65869 ms - Host latency: 5.79004 ms (enqueue 3.88843 ms)
[10/06/2026-16:14:44] [I] Average on 1 runs - GPU latency: 5.65967 ms - Host latency: 5.78174 ms (enqueue 3.85742 ms)
[10/06/2026-16:14:44] [I] Average on 1 runs - GPU latency: 5.65454 ms - Host latency: 5.78613 ms (enqueue 3.88623 ms)
[10/06/2026-16:14:44] [I] Average on 1 runs - GPU latency: 5.66187 ms - Host latency: 5.77856 ms (enqueue 4.02881 ms)
[10/06/2026-16:14:44] [I] Average on 1 runs - GPU latency: 5.67188 ms - Host latency: 5.76953 ms (enqueue 3.86597 ms)
[10/06/2026-16:14:44] [I] Average on 1 runs - GPU latency: 5.65161 ms - Host latency: 5.79077 ms (enqueue 4.18359 ms)
[10/06/2026-16:14:44] [I] Average on 1 runs - GPU latency: 5.61523 ms - Host latency: 5.71631 ms (enqueue 3.89233 ms)
[10/06/2026-16:14:44] [I] Average on 1 runs - GPU latency: 5.6582 ms - Host latency: 5.76953 ms (enqueue 3.14966 ms)
[10/06/2026-16:14:44] [I] Average on 1 runs - GPU latency: 5.65015 ms - Host latency: 5.76636 ms (enqueue 3.85376 ms)
[10/06/2026-16:14:44] [I] Average on 1 runs - GPU latency: 5.65942 ms - Host latency: 5.76343 ms (enqueue 3.86499 ms)
[10/06/2026-16:14:44] [I] Average on 1 runs - GPU latency: 5.67676 ms - Host latency: 5.78516 ms (enqueue 3.81396 ms)
[10/06/2026-16:14:44] [I] Average on 1 runs - GPU latency: 5.6582 ms - Host latency: 5.79443 ms (enqueue 3.8186 ms)
[10/06/2026-16:14:44] [I] Average on 1 runs - GPU latency: 5.65161 ms - Host latency: 5.74854 ms (enqueue 3.08081 ms)
[10/06/2026-16:14:44] [I] Average on 1 runs - GPU latency: 5.6604 ms - Host latency: 5.76562 ms (enqueue 3.01318 ms)
[10/06/2026-16:14:44] [I] Average on 1 runs - GPU latency: 5.65894 ms - Host latency: 5.77319 ms (enqueue 3.30151 ms)
[10/06/2026-16:14:44] [I] Average on 1 runs - GPU latency: 5.5874 ms - Host latency: 5.70825 ms (enqueue 3.57739 ms)
[10/06/2026-16:14:44] [I] Average on 1 runs - GPU latency: 5.65796 ms - Host latency: 5.76465 ms (enqueue 2.78809 ms)
[10/06/2026-16:14:44] [I] Average on 1 runs - GPU latency: 5.65405 ms - Host latency: 5.802 ms (enqueue 3.79346 ms)
[10/06/2026-16:14:44] [I] Average on 1 runs - GPU latency: 5.65454 ms - Host latency: 5.75488 ms (enqueue 3.86206 ms)
[10/06/2026-16:14:44] [I] Average on 1 runs - GPU latency: 5.64966 ms - Host latency: 5.75708 ms (enqueue 3.86743 ms)
[10/06/2026-16:14:44] [I] Average on 1 runs - GPU latency: 5.65625 ms - Host latency: 5.76904 ms (enqueue 3.87256 ms)
[10/06/2026-16:14:44] [I] Average on 1 runs - GPU latency: 5.6687 ms - Host latency: 5.7832 ms (enqueue 3.87109 ms)
[10/06/2026-16:14:44] [I] Average on 1 runs - GPU latency: 5.65796 ms - Host latency: 5.78809 ms (enqueue 4.12427 ms)
[10/06/2026-16:14:44] [I] Average on 1 runs - GPU latency: 5.65894 ms - Host latency: 5.79419 ms (enqueue 3.81787 ms)
[10/06/2026-16:14:44] [I] Average on 1 runs - GPU latency: 5.58984 ms - Host latency: 5.68213 ms (enqueue 3.82202 ms)
[10/06/2026-16:14:44] [I] Average on 1 runs - GPU latency: 5.64429 ms - Host latency: 5.76196 ms (enqueue 2.54834 ms)
[10/06/2026-16:14:44] [I] Average on 1 runs - GPU latency: 5.6521 ms - Host latency: 5.74438 ms (enqueue 3.8938 ms)
[10/06/2026-16:14:44] [I] Average on 1 runs - GPU latency: 5.65747 ms - Host latency: 5.80444 ms (enqueue 3.81421 ms)
[10/06/2026-16:14:44] [I] Average on 1 runs - GPU latency: 5.66797 ms - Host latency: 5.78076 ms (enqueue 3.83569 ms)
[10/06/2026-16:14:44] [I] Average on 1 runs - GPU latency: 5.65845 ms - Host latency: 5.78735 ms (enqueue 3.83911 ms)
[10/06/2026-16:14:44] [I] Average on 1 runs - GPU latency: 5.64844 ms - Host latency: 5.74951 ms (enqueue 3.77148 ms)
[10/06/2026-16:14:44] [I] Average on 1 runs - GPU latency: 5.6626 ms - Host latency: 5.77197 ms (enqueue 3.84521 ms)
[10/06/2026-16:14:44] [I] Average on 1 runs - GPU latency: 5.65967 ms - Host latency: 5.77148 ms (enqueue 4.12378 ms)
[10/06/2026-16:14:44] [I] Average on 1 runs - GPU latency: 5.62378 ms - Host latency: 5.73169 ms (enqueue 3.81763 ms)
[10/06/2026-16:14:44] [I] Average on 1 runs - GPU latency: 5.65454 ms - Host latency: 5.75464 ms (enqueue 2.05591 ms)
[10/06/2026-16:14:44] [I] Average on 1 runs - GPU latency: 5.66357 ms - Host latency: 5.77075 ms (enqueue 3.86987 ms)
[10/06/2026-16:14:44] [I] Average on 1 runs - GPU latency: 5.66162 ms - Host latency: 5.77466 ms (enqueue 3.86792 ms)
[10/06/2026-16:14:44] [I] Average on 1 runs - GPU latency: 5.65234 ms - Host latency: 5.78589 ms (enqueue 3.84204 ms)
[10/06/2026-16:14:44] [I] Average on 1 runs - GPU latency: 5.66724 ms - Host latency: 5.78711 ms (enqueue 3.87573 ms)
[10/06/2026-16:14:44] [I] Average on 1 runs - GPU latency: 5.65918 ms - Host latency: 5.80298 ms (enqueue 4.1189 ms)
[10/06/2026-16:14:44] [I] Average on 1 runs - GPU latency: 5.6543 ms - Host latency: 5.77954 ms (enqueue 3.86865 ms)
[10/06/2026-16:14:44] [I] Average on 1 runs - GPU latency: 5.646 ms - Host latency: 5.76367 ms (enqueue 3.87793 ms)
[10/06/2026-16:14:44] [I] Average on 1 runs - GPU latency: 5.62012 ms - Host latency: 5.74023 ms (enqueue 3.83228 ms)
[10/06/2026-16:14:44] [I] Average on 1 runs - GPU latency: 5.66064 ms - Host latency: 5.74878 ms (enqueue 2.08765 ms)
[10/06/2026-16:14:44] [I] Average on 1 runs - GPU latency: 5.6543 ms - Host latency: 5.77148 ms (enqueue 3.85693 ms)
[10/06/2026-16:14:44] [I] Average on 1 runs - GPU latency: 5.65845 ms - Host latency: 5.76001 ms (enqueue 3.86621 ms)
[10/06/2026-16:14:44] [I] Average on 1 runs - GPU latency: 5.65405 ms - Host latency: 5.82007 ms (enqueue 4.08447 ms)
[10/06/2026-16:14:44] [I] Average on 1 runs - GPU latency: 5.65894 ms - Host latency: 5.78149 ms (enqueue 3.80054 ms)
[10/06/2026-16:14:44] [I] Average on 1 runs - GPU latency: 5.66016 ms - Host latency: 5.77539 ms (enqueue 3.80054 ms)
[10/06/2026-16:14:44] [I] Average on 1 runs - GPU latency: 5.66479 ms - Host latency: 5.78052 ms (enqueue 3.85449 ms)
[10/06/2026-16:14:44] [I] Average on 1 runs - GPU latency: 5.65967 ms - Host latency: 5.771 ms (enqueue 3.92407 ms)
[10/06/2026-16:14:44] [I] Average on 1 runs - GPU latency: 5.66064 ms - Host latency: 5.78076 ms (enqueue 4.12061 ms)
[10/06/2026-16:14:44] [I] Average on 1 runs - GPU latency: 5.65137 ms - Host latency: 5.78271 ms (enqueue 3.90894 ms)
[10/06/2026-16:14:44] [I] Average on 1 runs - GPU latency: 5.66357 ms - Host latency: 5.77515 ms (enqueue 3.87354 ms)
[10/06/2026-16:14:44] [I] Average on 1 runs - GPU latency: 5.65674 ms - Host latency: 5.80005 ms (enqueue 4.146 ms)
[10/06/2026-16:14:44] [I] Average on 1 runs - GPU latency: 5.66797 ms - Host latency: 5.77905 ms (enqueue 3.91357 ms)
[10/06/2026-16:14:44] [I] Average on 1 runs - GPU latency: 5.66724 ms - Host latency: 5.80249 ms (enqueue 4.09106 ms)
[10/06/2026-16:14:44] [I] Average on 1 runs - GPU latency: 5.64648 ms - Host latency: 5.7793 ms (enqueue 3.05127 ms)
[10/06/2026-16:14:44] [I] Average on 1 runs - GPU latency: 5.6543 ms - Host latency: 5.74341 ms (enqueue 2.94507 ms)
[10/06/2026-16:14:44] [I] Average on 1 runs - GPU latency: 5.62085 ms - Host latency: 5.71387 ms (enqueue 2.99805 ms)
[10/06/2026-16:14:44] [I] Average on 1 runs - GPU latency: 5.64185 ms - Host latency: 5.75098 ms (enqueue 3.38696 ms)
[10/06/2026-16:14:44] [I] Average on 1 runs - GPU latency: 5.65527 ms - Host latency: 5.74609 ms (enqueue 2.92993 ms)
[10/06/2026-16:14:44] [I] Average on 1 runs - GPU latency: 5.65381 ms - Host latency: 5.74902 ms (enqueue 3.53955 ms)
[10/06/2026-16:14:44] [I] Average on 1 runs - GPU latency: 5.65112 ms - Host latency: 5.76904 ms (enqueue 3.83447 ms)
[10/06/2026-16:14:44] [I] Average on 1 runs - GPU latency: 5.65332 ms - Host latency: 5.74487 ms (enqueue 3.57129 ms)
[10/06/2026-16:14:44] [I] Average on 1 runs - GPU latency: 5.65894 ms - Host latency: 5.75952 ms (enqueue 3.6333 ms)
[10/06/2026-16:14:44] [I] Average on 1 runs - GPU latency: 5.65698 ms - Host latency: 5.76514 ms (enqueue 3.76245 ms)
[10/06/2026-16:14:44] [I] Average on 1 runs - GPU latency: 5.65967 ms - Host latency: 5.7627 ms (enqueue 3.9104 ms)
[10/06/2026-16:14:44] [I] Average on 1 runs - GPU latency: 5.60596 ms - Host latency: 5.75244 ms (enqueue 4.14795 ms)
[10/06/2026-16:14:44] [I] Average on 1 runs - GPU latency: 5.65503 ms - Host latency: 5.76392 ms (enqueue 3.11792 ms)
[10/06/2026-16:14:44] [I] Average on 1 runs - GPU latency: 5.66577 ms - Host latency: 5.75342 ms (enqueue 3.86816 ms)
[10/06/2026-16:14:44] [I] Average on 1 runs - GPU latency: 5.65747 ms - Host latency: 5.7688 ms (enqueue 3.86108 ms)
[10/06/2026-16:14:44] [I] Average on 1 runs - GPU latency: 5.66382 ms - Host latency: 5.77368 ms (enqueue 3.84351 ms)
[10/06/2026-16:14:44] [I] Average on 1 runs - GPU latency: 5.66113 ms - Host latency: 5.75562 ms (enqueue 3.88477 ms)
[10/06/2026-16:14:44] [I] Average on 1 runs - GPU latency: 5.65674 ms - Host latency: 5.7771 ms (enqueue 3.84888 ms)
[10/06/2026-16:14:44] [I] Average on 1 runs - GPU latency: 5.65479 ms - Host latency: 5.75146 ms (enqueue 4.22949 ms)
[10/06/2026-16:14:44] [I] Average on 1 runs - GPU latency: 5.68042 ms - Host latency: 5.79639 ms (enqueue 3.354 ms)
[10/06/2026-16:14:44] [I] Average on 1 runs - GPU latency: 5.59863 ms - Host latency: 5.74951 ms (enqueue 3.29028 ms)
[10/06/2026-16:14:44] [I] Average on 1 runs - GPU latency: 5.64648 ms - Host latency: 5.76611 ms (enqueue 2.63599 ms)
[10/06/2026-16:14:44] [I] Average on 1 runs - GPU latency: 5.6521 ms - Host latency: 5.75513 ms (enqueue 2.875 ms)
[10/06/2026-16:14:44] [I] Average on 1 runs - GPU latency: 5.62256 ms - Host latency: 5.7146 ms (enqueue 2.61768 ms)
[10/06/2026-16:14:44] [I] Average on 1 runs - GPU latency: 5.65039 ms - Host latency: 5.75952 ms (enqueue 2.6123 ms)
[10/06/2026-16:14:44] [I] Average on 1 runs - GPU latency: 5.66479 ms - Host latency: 5.76978 ms (enqueue 3.50781 ms)
[10/06/2026-16:14:44] [I] Average on 1 runs - GPU latency: 5.65625 ms - Host latency: 5.79126 ms (enqueue 3.58032 ms)
[10/06/2026-16:14:44] [I] Average on 1 runs - GPU latency: 5.65454 ms - Host latency: 5.77563 ms (enqueue 3.22583 ms)
[10/06/2026-16:14:44] [I] Average on 1 runs - GPU latency: 5.66479 ms - Host latency: 5.76465 ms (enqueue 3.08838 ms)
[10/06/2026-16:14:44] [I] Average on 1 runs - GPU latency: 5.66553 ms - Host latency: 5.75659 ms (enqueue 2.93188 ms)
[10/06/2026-16:14:44] [I] Average on 1 runs - GPU latency: 5.6543 ms - Host latency: 5.80249 ms (enqueue 3.53662 ms)
[10/06/2026-16:14:44] [I] Average on 1 runs - GPU latency: 5.6604 ms - Host latency: 5.78491 ms (enqueue 3.79785 ms)
[10/06/2026-16:14:44] [I] Average on 1 runs - GPU latency: 5.65796 ms - Host latency: 5.77222 ms (enqueue 3.61597 ms)
[10/06/2026-16:14:44] [I] Average on 1 runs - GPU latency: 5.66235 ms - Host latency: 5.76904 ms (enqueue 4.15869 ms)
[10/06/2026-16:14:44] [I] Average on 1 runs - GPU latency: 5.65381 ms - Host latency: 5.75952 ms (enqueue 3.57422 ms)
[10/06/2026-16:14:44] [I] Average on 1 runs - GPU latency: 5.65942 ms - Host latency: 5.77173 ms (enqueue 3.56567 ms)
[10/06/2026-16:14:44] [I] Average on 1 runs - GPU latency: 5.65332 ms - Host latency: 5.7793 ms (enqueue 3.60693 ms)
[10/06/2026-16:14:44] [I] Average on 1 runs - GPU latency: 5.65527 ms - Host latency: 5.76489 ms (enqueue 3.62524 ms)
[10/06/2026-16:14:44] [I] Average on 1 runs - GPU latency: 5.62451 ms - Host latency: 5.76636 ms (enqueue 3.86377 ms)
[10/06/2026-16:14:44] [I] Average on 1 runs - GPU latency: 5.65869 ms - Host latency: 5.75 ms (enqueue 2.12988 ms)
[10/06/2026-16:14:44] [I] Average on 1 runs - GPU latency: 5.65088 ms - Host latency: 5.77539 ms (enqueue 3.86279 ms)
[10/06/2026-16:14:44] [I] Average on 1 runs - GPU latency: 5.66846 ms - Host latency: 5.77637 ms (enqueue 3.87158 ms)
[10/06/2026-16:14:44] [I] Average on 1 runs - GPU latency: 5.66309 ms - Host latency: 5.78418 ms (enqueue 3.62939 ms)
[10/06/2026-16:14:44] [I] Average on 1 runs - GPU latency: 5.65186 ms - Host latency: 5.76758 ms (enqueue 3.85889 ms)
[10/06/2026-16:14:44] [I] ... Omitting 2254 lines
[10/06/2026-16:14:44] [I] Average on 1 runs - GPU latency: 5.6582 ms - Host latency: 5.83008 ms (enqueue 3.48047 ms)
[10/06/2026-16:14:44] [I] Average on 1 runs - GPU latency: 5.66992 ms - Host latency: 5.79297 ms (enqueue 3.7793 ms)
[10/06/2026-16:14:44] [I] Average on 1 runs - GPU latency: 5.6582 ms - Host latency: 5.79883 ms (enqueue 3.18555 ms)
[10/06/2026-16:14:44] [I] Average on 1 runs - GPU latency: 5.66602 ms - Host latency: 5.7793 ms (enqueue 3.39648 ms)
[10/06/2026-16:14:44] [I] Average on 1 runs - GPU latency: 5.65234 ms - Host latency: 5.7793 ms (enqueue 3.57227 ms)
[10/06/2026-16:14:44] [I] Average on 1 runs - GPU latency: 5.6543 ms - Host latency: 5.74805 ms (enqueue 3.29102 ms)
[10/06/2026-16:14:44] [I] Average on 1 runs - GPU latency: 5.66992 ms - Host latency: 5.7832 ms (enqueue 3.60156 ms)
[10/06/2026-16:14:44] [I] Average on 1 runs - GPU latency: 5.63086 ms - Host latency: 5.76172 ms (enqueue 3.59766 ms)
[10/06/2026-16:14:44] [I] Average on 1 runs - GPU latency: 5.65039 ms - Host latency: 5.78711 ms (enqueue 3.32812 ms)
[10/06/2026-16:14:44] [I] Average on 1 runs - GPU latency: 5.66211 ms - Host latency: 5.76562 ms (enqueue 3.69922 ms)
[10/06/2026-16:14:44] [I] Average on 1 runs - GPU latency: 5.6543 ms - Host latency: 5.77344 ms (enqueue 3.85742 ms)
[10/06/2026-16:14:44] [I] Average on 1 runs - GPU latency: 5.6582 ms - Host latency: 5.75195 ms (enqueue 3.61914 ms)
[10/06/2026-16:14:44] [I] Average on 1 runs - GPU latency: 5.66211 ms - Host latency: 5.76953 ms (enqueue 3.55273 ms)
[10/06/2026-16:14:44] [I] Average on 1 runs - GPU latency: 5.66016 ms - Host latency: 5.77148 ms (enqueue 3.75977 ms)
[10/06/2026-16:14:44] [I] Average on 1 runs - GPU latency: 5.66406 ms - Host latency: 5.79492 ms (enqueue 3.64062 ms)
[10/06/2026-16:14:44] [I] Average on 1 runs - GPU latency: 5.66211 ms - Host latency: 5.77148 ms (enqueue 3.81055 ms)
[10/06/2026-16:14:44] [I] Average on 1 runs - GPU latency: 5.61719 ms - Host latency: 5.75391 ms (enqueue 3.83594 ms)
[10/06/2026-16:14:44] [I] Average on 1 runs - GPU latency: 5.66016 ms - Host latency: 5.81055 ms (enqueue 3.09766 ms)
[10/06/2026-16:14:44] [I] Average on 1 runs - GPU latency: 5.65625 ms - Host latency: 5.74805 ms (enqueue 3.63281 ms)
[10/06/2026-16:14:44] [I] Average on 1 runs - GPU latency: 5.65234 ms - Host latency: 5.76367 ms (enqueue 3.58984 ms)
[10/06/2026-16:14:44] [I] Average on 1 runs - GPU latency: 5.66016 ms - Host latency: 5.76953 ms (enqueue 3.78125 ms)
[10/06/2026-16:14:44] [I] Average on 1 runs - GPU latency: 5.66602 ms - Host latency: 5.76953 ms (enqueue 3.5625 ms)
[10/06/2026-16:14:44] [I] Average on 1 runs - GPU latency: 5.65039 ms - Host latency: 5.78906 ms (enqueue 3.86719 ms)
[10/06/2026-16:14:44] [I] Average on 1 runs - GPU latency: 5.64648 ms - Host latency: 5.74414 ms (enqueue 3.58984 ms)
[10/06/2026-16:14:44] [I] Average on 1 runs - GPU latency: 5.65039 ms - Host latency: 5.75586 ms (enqueue 3.65234 ms)
[10/06/2026-16:14:44] [I] Average on 1 runs - GPU latency: 5.60352 ms - Host latency: 5.72266 ms (enqueue 3.79883 ms)
[10/06/2026-16:14:44] [I] Average on 1 runs - GPU latency: 5.6543 ms - Host latency: 5.78125 ms (enqueue 2.67969 ms)
[10/06/2026-16:14:44] [I] Average on 1 runs - GPU latency: 5.65625 ms - Host latency: 5.77734 ms (enqueue 3.9082 ms)
[10/06/2026-16:14:44] [I] Average on 1 runs - GPU latency: 5.66797 ms - Host latency: 5.77148 ms (enqueue 3.57227 ms)
[10/06/2026-16:14:44] [I] Average on 1 runs - GPU latency: 5.6543 ms - Host latency: 5.80664 ms (enqueue 3.81641 ms)
[10/06/2026-16:14:44] [I] Average on 1 runs - GPU latency: 5.66406 ms - Host latency: 5.78906 ms (enqueue 3.60938 ms)
[10/06/2026-16:14:44] [I] Average on 1 runs - GPU latency: 5.66016 ms - Host latency: 5.77344 ms (enqueue 3.92188 ms)
[10/06/2026-16:14:44] [I] Average on 1 runs - GPU latency: 5.64648 ms - Host latency: 5.75586 ms (enqueue 3.89453 ms)
[10/06/2026-16:14:44] [I] Average on 1 runs - GPU latency: 5.66211 ms - Host latency: 5.77148 ms (enqueue 3.89453 ms)
[10/06/2026-16:14:44] [I] Average on 1 runs - GPU latency: 5.63477 ms - Host latency: 5.75195 ms (enqueue 3.9043 ms)
[10/06/2026-16:14:44] [I] Average on 1 runs - GPU latency: 5.65234 ms - Host latency: 5.80273 ms (enqueue 2.33398 ms)
[10/06/2026-16:14:44] [I] Average on 1 runs - GPU latency: 5.66992 ms - Host latency: 5.78711 ms (enqueue 3.74219 ms)
[10/06/2026-16:14:44] [I] Average on 1 runs - GPU latency: 5.66211 ms - Host latency: 5.79492 ms (enqueue 3.90234 ms)
[10/06/2026-16:14:44] [I] Average on 1 runs - GPU latency: 5.6543 ms - Host latency: 5.75781 ms (enqueue 3.89062 ms)
[10/06/2026-16:14:44] [I] Average on 1 runs - GPU latency: 5.6582 ms - Host latency: 5.76172 ms (enqueue 3.85352 ms)
[10/06/2026-16:14:44] [I] Average on 1 runs - GPU latency: 5.66211 ms - Host latency: 5.77539 ms (enqueue 3.84375 ms)
[10/06/2026-16:14:44] [I] Average on 1 runs - GPU latency: 5.66016 ms - Host latency: 5.77344 ms (enqueue 3.69531 ms)
[10/06/2026-16:14:44] [I] Average on 1 runs - GPU latency: 5.66211 ms - Host latency: 5.79297 ms (enqueue 3.83984 ms)
[10/06/2026-16:14:44] [I] Average on 1 runs - GPU latency: 5.66406 ms - Host latency: 5.76758 ms (enqueue 3.87305 ms)
[10/06/2026-16:14:44] [I] Average on 1 runs - GPU latency: 5.66016 ms - Host latency: 5.79883 ms (enqueue 4.2168 ms)
[10/06/2026-16:14:44] [I] Average on 1 runs - GPU latency: 5.67578 ms - Host latency: 5.77539 ms (enqueue 3.92188 ms)
[10/06/2026-16:14:44] [I] Average on 1 runs - GPU latency: 5.66797 ms - Host latency: 5.82031 ms (enqueue 3.51758 ms)
[10/06/2026-16:14:44] [I] Average on 1 runs - GPU latency: 5.65625 ms - Host latency: 5.78516 ms (enqueue 3.14844 ms)
[10/06/2026-16:14:44] [I] Average on 1 runs - GPU latency: 5.65625 ms - Host latency: 5.75781 ms (enqueue 3.15234 ms)
[10/06/2026-16:14:44] [I] Average on 1 runs - GPU latency: 5.66602 ms - Host latency: 5.7832 ms (enqueue 3.37695 ms)
[10/06/2026-16:14:44] [I] Average on 1 runs - GPU latency: 5.66602 ms - Host latency: 5.78711 ms (enqueue 3.83398 ms)
[10/06/2026-16:14:44] [I] Average on 1 runs - GPU latency: 5.6543 ms - Host latency: 5.7832 ms (enqueue 3.86719 ms)
[10/06/2026-16:14:44] [I] Average on 1 runs - GPU latency: 5.62695 ms - Host latency: 5.74609 ms (enqueue 3.85352 ms)
[10/06/2026-16:14:44] [I] Average on 1 runs - GPU latency: 5.65039 ms - Host latency: 5.74023 ms (enqueue 2.83984 ms)
[10/06/2026-16:14:44] [I] Average on 1 runs - GPU latency: 5.65625 ms - Host latency: 5.7793 ms (enqueue 3.90625 ms)
[10/06/2026-16:14:44] [I] Average on 1 runs - GPU latency: 5.67383 ms - Host latency: 5.7832 ms (enqueue 3.93555 ms)
[10/06/2026-16:14:44] [I] Average on 1 runs - GPU latency: 5.66797 ms - Host latency: 5.82031 ms (enqueue 4.04102 ms)
[10/06/2026-16:14:44] [I] Average on 1 runs - GPU latency: 5.6582 ms - Host latency: 5.79492 ms (enqueue 3.88477 ms)
[10/06/2026-16:14:44] [I] Average on 1 runs - GPU latency: 5.65625 ms - Host latency: 5.78516 ms (enqueue 4.2207 ms)
[10/06/2026-16:14:44] [I] Average on 1 runs - GPU latency: 5.66406 ms - Host latency: 5.75781 ms (enqueue 3.86914 ms)
[10/06/2026-16:14:44] [I] Average on 1 runs - GPU latency: 5.66016 ms - Host latency: 5.76953 ms (enqueue 3.89258 ms)
[10/06/2026-16:14:44] [I] Average on 1 runs - GPU latency: 5.66016 ms - Host latency: 5.78125 ms (enqueue 4.10547 ms)
[10/06/2026-16:14:44] [I] Average on 1 runs - GPU latency: 5.66016 ms - Host latency: 5.76562 ms (enqueue 3.9043 ms)
[10/06/2026-16:14:44] [I] Average on 1 runs - GPU latency: 5.6543 ms - Host latency: 5.7832 ms (enqueue 4.1875 ms)
[10/06/2026-16:14:44] [I] Average on 1 runs - GPU latency: 5.66406 ms - Host latency: 5.7793 ms (enqueue 3.91016 ms)
[10/06/2026-16:14:44] [I] Average on 1 runs - GPU latency: 5.6582 ms - Host latency: 5.7793 ms (enqueue 3.89453 ms)
[10/06/2026-16:14:44] [I] Average on 1 runs - GPU latency: 5.66406 ms - Host latency: 5.79688 ms (enqueue 4.14844 ms)
[10/06/2026-16:14:44] [I] Average on 1 runs - GPU latency: 5.66797 ms - Host latency: 5.79883 ms (enqueue 3.88477 ms)
[10/06/2026-16:14:44] [I] Average on 1 runs - GPU latency: 5.66406 ms - Host latency: 5.78516 ms (enqueue 4.17383 ms)
[10/06/2026-16:14:44] [I] Average on 1 runs - GPU latency: 5.66016 ms - Host latency: 5.76562 ms (enqueue 3.92969 ms)
[10/06/2026-16:14:44] [I] Average on 1 runs - GPU latency: 5.6582 ms - Host latency: 5.78125 ms (enqueue 4.07422 ms)
[10/06/2026-16:14:44] [I] Average on 1 runs - GPU latency: 5.65625 ms - Host latency: 5.76758 ms (enqueue 3.94531 ms)
[10/06/2026-16:14:44] [I] Average on 1 runs - GPU latency: 5.65234 ms - Host latency: 5.76562 ms (enqueue 3.92578 ms)
[10/06/2026-16:14:44] [I] Average on 1 runs - GPU latency: 5.66016 ms - Host latency: 5.7832 ms (enqueue 4.07617 ms)
[10/06/2026-16:14:44] [I] Average on 1 runs - GPU latency: 5.66016 ms - Host latency: 5.77344 ms (enqueue 3.94727 ms)
[10/06/2026-16:14:44] [I] Average on 1 runs - GPU latency: 5.66992 ms - Host latency: 5.79492 ms (enqueue 4.16211 ms)
[10/06/2026-16:14:44] [I] Average on 1 runs - GPU latency: 5.6543 ms - Host latency: 5.80469 ms (enqueue 3.82617 ms)
[10/06/2026-16:14:44] [I] Average on 1 runs - GPU latency: 5.66602 ms - Host latency: 5.76953 ms (enqueue 3.83008 ms)
[10/06/2026-16:14:44] [I] Average on 1 runs - GPU latency: 5.58789 ms - Host latency: 5.71875 ms (enqueue 4.09961 ms)
[10/06/2026-16:14:44] [I] Average on 1 runs - GPU latency: 5.6582 ms - Host latency: 5.76367 ms (enqueue 2.94141 ms)
[10/06/2026-16:14:44] [I] Average on 1 runs - GPU latency: 5.66016 ms - Host latency: 5.78516 ms (enqueue 3.89062 ms)
[10/06/2026-16:14:44] [I] Average on 1 runs - GPU latency: 5.66406 ms - Host latency: 5.78906 ms (enqueue 3.92188 ms)
[10/06/2026-16:14:44] [I] Average on 1 runs - GPU latency: 5.66016 ms - Host latency: 5.77734 ms (enqueue 4.03125 ms)
[10/06/2026-16:14:44] [I] Average on 1 runs - GPU latency: 5.65625 ms - Host latency: 5.77539 ms (enqueue 3.87695 ms)
[10/06/2026-16:14:44] [I] Average on 1 runs - GPU latency: 5.65625 ms - Host latency: 5.77734 ms (enqueue 3.91211 ms)
[10/06/2026-16:14:44] [I] Average on 1 runs - GPU latency: 5.65625 ms - Host latency: 5.76758 ms (enqueue 3.83398 ms)
[10/06/2026-16:14:44] [I] Average on 1 runs - GPU latency: 5.66016 ms - Host latency: 5.76758 ms (enqueue 3.91602 ms)
[10/06/2026-16:14:44] [I] Average on 1 runs - GPU latency: 5.61719 ms - Host latency: 5.75 ms (enqueue 3.48633 ms)
[10/06/2026-16:14:44] [I] Average on 1 runs - GPU latency: 5.67188 ms - Host latency: 5.7793 ms (enqueue 2.85547 ms)
[10/06/2026-16:14:44] [I] Average on 1 runs - GPU latency: 5.66211 ms - Host latency: 5.81641 ms (enqueue 3.09961 ms)
[10/06/2026-16:14:44] [I] Average on 1 runs - GPU latency: 5.64648 ms - Host latency: 5.76172 ms (enqueue 2.80469 ms)
[10/06/2026-16:14:44] [I] Average on 1 runs - GPU latency: 5.59375 ms - Host latency: 5.68359 ms (enqueue 2.7207 ms)
[10/06/2026-16:14:44] [I] Average on 1 runs - GPU latency: 5.64453 ms - Host latency: 5.80078 ms (enqueue 2.66211 ms)
[10/06/2026-16:14:44] [I] Average on 1 runs - GPU latency: 5.6582 ms - Host latency: 5.79297 ms (enqueue 3.05859 ms)
[10/06/2026-16:14:44] [I] Average on 1 runs - GPU latency: 5.66016 ms - Host latency: 5.78125 ms (enqueue 2.78125 ms)
[10/06/2026-16:14:44] [I] Average on 1 runs - GPU latency: 5.59375 ms - Host latency: 5.70117 ms (enqueue 2.68555 ms)
[10/06/2026-16:14:44] [I] Average on 1 runs - GPU latency: 5.56445 ms - Host latency: 5.66797 ms (enqueue 2.61914 ms)
[10/06/2026-16:14:44] [I] Average on 1 runs - GPU latency: 5.64453 ms - Host latency: 5.74414 ms (enqueue 2.36914 ms)
[10/06/2026-16:14:44] [I] Average on 1 runs - GPU latency: 5.66992 ms - Host latency: 5.75977 ms (enqueue 3.58594 ms)
[10/06/2026-16:14:44] [I] Average on 1 runs - GPU latency: 5.65625 ms - Host latency: 5.82031 ms (enqueue 3.3125 ms)
[10/06/2026-16:14:44] [I] Average on 1 runs - GPU latency: 5.6582 ms - Host latency: 5.78516 ms (enqueue 3.60156 ms)
[10/06/2026-16:14:44] [I] Average on 1 runs - GPU latency: 5.66406 ms - Host latency: 5.77539 ms (enqueue 3.5918 ms)
[10/06/2026-16:14:44] [I] Average on 1 runs - GPU latency: 5.65625 ms - Host latency: 5.78125 ms (enqueue 3.80078 ms)
[10/06/2026-16:14:44] [I] Average on 1 runs - GPU latency: 5.66406 ms - Host latency: 5.78516 ms (enqueue 3.61328 ms)
[10/06/2026-16:14:44] [I] Average on 1 runs - GPU latency: 5.65234 ms - Host latency: 5.77344 ms (enqueue 3.83203 ms)
[10/06/2026-16:14:44] [I] Average on 1 runs - GPU latency: 5.61523 ms - Host latency: 5.72266 ms (enqueue 3.58203 ms)
[10/06/2026-16:14:44] [I] Average on 1 runs - GPU latency: 5.66211 ms - Host latency: 5.75 ms (enqueue 2.12891 ms)
[10/06/2026-16:14:44] [I] Average on 1 runs - GPU latency: 5.66016 ms - Host latency: 5.78711 ms (enqueue 3.83789 ms)
[10/06/2026-16:14:44] [I] Average on 1 runs - GPU latency: 5.66602 ms - Host latency: 5.75781 ms (enqueue 3.60352 ms)
[10/06/2026-16:14:44] [I] Average on 1 runs - GPU latency: 5.6582 ms - Host latency: 5.78906 ms (enqueue 3.76172 ms)
[10/06/2026-16:14:44] [I] Average on 1 runs - GPU latency: 5.6582 ms - Host latency: 5.75586 ms (enqueue 3.67578 ms)
[10/06/2026-16:14:44] [I] Average on 1 runs - GPU latency: 5.66602 ms - Host latency: 5.76562 ms (enqueue 3.48242 ms)
[10/06/2026-16:14:44] [I] Average on 1 runs - GPU latency: 5.66016 ms - Host latency: 5.75977 ms (enqueue 3.75781 ms)
[10/06/2026-16:14:44] [I] Average on 1 runs - GPU latency: 5.65234 ms - Host latency: 5.74805 ms (enqueue 3.60547 ms)
[10/06/2026-16:14:44] [I] Average on 1 runs - GPU latency: 5.58398 ms - Host latency: 5.68164 ms (enqueue 3.82617 ms)
[10/06/2026-16:14:44] [I] Average on 1 runs - GPU latency: 5.66211 ms - Host latency: 5.75195 ms (enqueue 2.14258 ms)
[10/06/2026-16:14:44] [I] Average on 1 runs - GPU latency: 5.66211 ms - Host latency: 5.79102 ms (enqueue 3.86133 ms)
[10/06/2026-16:14:44] [I] Average on 1 runs - GPU latency: 5.66016 ms - Host latency: 5.81055 ms (enqueue 3.88867 ms)
[10/06/2026-16:14:44] [I] Average on 1 runs - GPU latency: 5.66797 ms - Host latency: 5.79883 ms (enqueue 3.64844 ms)
[10/06/2026-16:14:44] [I] Average on 1 runs - GPU latency: 5.66211 ms - Host latency: 5.79492 ms (enqueue 3.84961 ms)
[10/06/2026-16:14:44] [I] Average on 1 runs - GPU latency: 5.66016 ms - Host latency: 5.76953 ms (enqueue 3.85547 ms)
[10/06/2026-16:14:44] [I] Average on 1 runs - GPU latency: 5.6582 ms - Host latency: 5.78516 ms (enqueue 3.82617 ms)
[10/06/2026-16:14:44] [I] Average on 1 runs - GPU latency: 5.64258 ms - Host latency: 5.75 ms (enqueue 3.88477 ms)
[10/06/2026-16:14:44] [I] Average on 1 runs - GPU latency: 5.625 ms - Host latency: 5.73047 ms (enqueue 3.70508 ms)
[10/06/2026-16:14:44] [I] Average on 1 runs - GPU latency: 5.66602 ms - Host latency: 5.75781 ms (enqueue 2.67578 ms)
[10/06/2026-16:14:44] [I] Average on 1 runs - GPU latency: 5.66016 ms - Host latency: 5.78516 ms (enqueue 3.85352 ms)
[10/06/2026-16:14:44] [I] Average on 1 runs - GPU latency: 5.66406 ms - Host latency: 5.78711 ms (enqueue 4.04102 ms)
[10/06/2026-16:14:44] [I] Average on 1 runs - GPU latency: 5.66602 ms - Host latency: 5.85156 ms (enqueue 4.43164 ms)
[10/06/2026-16:14:44] [I] Average on 1 runs - GPU latency: 5.65625 ms - Host latency: 5.79102 ms (enqueue 3.9375 ms)
[10/06/2026-16:14:44] [I] Average on 1 runs - GPU latency: 5.66797 ms - Host latency: 5.77344 ms (enqueue 3.99609 ms)
[10/06/2026-16:14:44] [I] Average on 1 runs - GPU latency: 5.66797 ms - Host latency: 5.7793 ms (enqueue 3.94141 ms)
[10/06/2026-16:14:44] [I] Average on 1 runs - GPU latency: 5.61328 ms - Host latency: 5.73828 ms (enqueue 4.0293 ms)
[10/06/2026-16:14:44] [I] Average on 1 runs - GPU latency: 5.66992 ms - Host latency: 5.77734 ms (enqueue 3.58789 ms)
[10/06/2026-16:14:44] [I] Average on 1 runs - GPU latency: 5.6582 ms - Host latency: 5.79688 ms (enqueue 3.9668 ms)
[10/06/2026-16:14:44] [I] Average on 1 runs - GPU latency: 5.6582 ms - Host latency: 5.78906 ms (enqueue 3.86328 ms)
[10/06/2026-16:14:44] [I] Average on 1 runs - GPU latency: 5.66016 ms - Host latency: 5.77148 ms (enqueue 3.90039 ms)
[10/06/2026-16:14:44] [I] Average on 1 runs - GPU latency: 5.66797 ms - Host latency: 5.79297 ms (enqueue 3.87695 ms)
[10/06/2026-16:14:44] [I] Average on 1 runs - GPU latency: 5.65039 ms - Host latency: 5.76953 ms (enqueue 3.16797 ms)
[10/06/2026-16:14:44] [I] Average on 1 runs - GPU latency: 5.66797 ms - Host latency: 5.7832 ms (enqueue 3.13086 ms)
[10/06/2026-16:14:44] [I] Average on 1 runs - GPU latency: 5.66211 ms - Host latency: 5.79297 ms (enqueue 3.93555 ms)
[10/06/2026-16:14:44] [I] Average on 1 runs - GPU latency: 5.61133 ms - Host latency: 5.74219 ms (enqueue 3.81055 ms)
[10/06/2026-16:14:44] [I] Average on 1 runs - GPU latency: 5.66602 ms - Host latency: 5.77344 ms (enqueue 3.25 ms)
[10/06/2026-16:14:44] [I] Average on 1 runs - GPU latency: 5.66602 ms - Host latency: 5.78906 ms (enqueue 3.92188 ms)
[10/06/2026-16:14:44] [I] Average on 1 runs - GPU latency: 5.67578 ms - Host latency: 5.80273 ms (enqueue 4.25977 ms)
[10/06/2026-16:14:44] [I] Average on 1 runs - GPU latency: 5.65625 ms - Host latency: 5.82031 ms (enqueue 3.95508 ms)
[10/06/2026-16:14:44] [I] Average on 1 runs - GPU latency: 5.6582 ms - Host latency: 5.75586 ms (enqueue 3.50977 ms)
[10/06/2026-16:14:44] [I] Average on 1 runs - GPU latency: 5.66211 ms - Host latency: 5.77734 ms (enqueue 3.71289 ms)
[10/06/2026-16:14:44] [I] Average on 1 runs - GPU latency: 5.67578 ms - Host latency: 5.7832 ms (enqueue 3.54883 ms)
[10/06/2026-16:14:44] [I] Average on 1 runs - GPU latency: 5.6582 ms - Host latency: 5.79297 ms (enqueue 3.76758 ms)
[10/06/2026-16:14:44] [I] Average on 1 runs - GPU latency: 5.62695 ms - Host latency: 5.74219 ms (enqueue 3.80664 ms)
[10/06/2026-16:14:44] [I] Average on 1 runs - GPU latency: 5.66406 ms - Host latency: 5.76953 ms (enqueue 3.80273 ms)
[10/06/2026-16:14:44] [I] Average on 1 runs - GPU latency: 5.66602 ms - Host latency: 5.77734 ms (enqueue 3.70508 ms)
[10/06/2026-16:14:44] [I] Average on 1 runs - GPU latency: 5.66211 ms - Host latency: 5.81055 ms (enqueue 3.76562 ms)
[10/06/2026-16:14:44] [I] Average on 1 runs - GPU latency: 5.65234 ms - Host latency: 5.75977 ms (enqueue 3.80664 ms)
[10/06/2026-16:14:44] [I] Average on 1 runs - GPU latency: 5.67383 ms - Host latency: 5.7793 ms (enqueue 3.84375 ms)
[10/06/2026-16:14:44] [I] Average on 1 runs - GPU latency: 5.66992 ms - Host latency: 5.81055 ms (enqueue 4.18359 ms)
[10/06/2026-16:14:44] [I] Average on 1 runs - GPU latency: 5.66602 ms - Host latency: 5.79883 ms (enqueue 3.85742 ms)
[10/06/2026-16:14:44] [I] Average on 1 runs - GPU latency: 5.66992 ms - Host latency: 5.80664 ms (enqueue 4.17383 ms)
[10/06/2026-16:14:44] [I] Average on 1 runs - GPU latency: 5.58203 ms - Host latency: 5.73828 ms (enqueue 3.86914 ms)
[10/06/2026-16:14:44] [I] Average on 1 runs - GPU latency: 5.65625 ms - Host latency: 5.76758 ms (enqueue 3.73438 ms)
[10/06/2026-16:14:44] [I] Average on 1 runs - GPU latency: 5.66016 ms - Host latency: 5.77344 ms (enqueue 4.07422 ms)
[10/06/2026-16:14:44] [I] Average on 1 runs - GPU latency: 5.66406 ms - Host latency: 5.79883 ms (enqueue 3.92188 ms)
[10/06/2026-16:14:44] [I] Average on 1 runs - GPU latency: 5.65234 ms - Host latency: 5.79688 ms (enqueue 4.05273 ms)
[10/06/2026-16:14:44] [I] Average on 1 runs - GPU latency: 5.66211 ms - Host latency: 5.78125 ms (enqueue 3.80664 ms)
[10/06/2026-16:14:44] [I] Average on 1 runs - GPU latency: 5.66211 ms - Host latency: 5.76953 ms (enqueue 3.7832 ms)
[10/06/2026-16:14:44] [I] Average on 1 runs - GPU latency: 5.66602 ms - Host latency: 5.82031 ms (enqueue 4.10547 ms)
[10/06/2026-16:14:44] [I] Average on 1 runs - GPU latency: 5.65039 ms - Host latency: 5.76953 ms (enqueue 3.87305 ms)
[10/06/2026-16:14:44] [I] Average on 1 runs - GPU latency: 5.64062 ms - Host latency: 5.75977 ms (enqueue 4.14844 ms)
[10/06/2026-16:14:44] [I] Average on 1 runs - GPU latency: 5.66797 ms - Host latency: 5.77344 ms (enqueue 3.80859 ms)
[10/06/2026-16:14:44] [I] Average on 1 runs - GPU latency: 5.66406 ms - Host latency: 5.78125 ms (enqueue 4.17383 ms)
[10/06/2026-16:14:44] [I] Average on 1 runs - GPU latency: 5.65234 ms - Host latency: 5.75391 ms (enqueue 3.85547 ms)
[10/06/2026-16:14:44] [I] Average on 1 runs - GPU latency: 5.65234 ms - Host latency: 5.75586 ms (enqueue 3.86914 ms)
[10/06/2026-16:14:44] [I] Average on 1 runs - GPU latency: 5.6543 ms - Host latency: 5.77734 ms (enqueue 4.0332 ms)
[10/06/2026-16:14:44] [I] Average on 1 runs - GPU latency: 5.66211 ms - Host latency: 5.76562 ms (enqueue 3.84375 ms)
[10/06/2026-16:14:44] [I] Average on 1 runs - GPU latency: 5.6582 ms - Host latency: 5.77148 ms (enqueue 4.17578 ms)
[10/06/2026-16:14:44] [I] Average on 1 runs - GPU latency: 5.64062 ms - Host latency: 5.76758 ms (enqueue 3.84766 ms)
[10/06/2026-16:14:44] [I] Average on 1 runs - GPU latency: 5.61719 ms - Host latency: 5.7168 ms (enqueue 3.85938 ms)
[10/06/2026-16:14:44] [I] Average on 1 runs - GPU latency: 5.66406 ms - Host latency: 5.78125 ms (enqueue 4.05859 ms)
[10/06/2026-16:14:44] [I] Average on 1 runs - GPU latency: 5.66602 ms - Host latency: 5.77344 ms (enqueue 3.83398 ms)
[10/06/2026-16:14:44] [I] Average on 1 runs - GPU latency: 5.66016 ms - Host latency: 5.7793 ms (enqueue 4.14648 ms)
[10/06/2026-16:14:44] [I] Average on 1 runs - GPU latency: 5.66602 ms - Host latency: 5.77148 ms (enqueue 3.89844 ms)
[10/06/2026-16:14:44] [I] Average on 1 runs - GPU latency: 5.66797 ms - Host latency: 5.79883 ms (enqueue 4.04688 ms)
[10/06/2026-16:14:44] [I] Average on 1 runs - GPU latency: 5.65625 ms - Host latency: 5.78516 ms (enqueue 3.84961 ms)
[10/06/2026-16:14:44] [I] Average on 1 runs - GPU latency: 5.66602 ms - Host latency: 5.76172 ms (enqueue 3.85547 ms)
[10/06/2026-16:14:44] [I] Average on 1 runs - GPU latency: 5.64258 ms - Host latency: 5.76172 ms (enqueue 3.94922 ms)
[10/06/2026-16:14:44] [I] Average on 1 runs - GPU latency: 5.63867 ms - Host latency: 5.76953 ms (enqueue 3.85742 ms)
[10/06/2026-16:14:44] [I] Average on 1 runs - GPU latency: 5.64453 ms - Host latency: 5.76562 ms (enqueue 4.2168 ms)
[10/06/2026-16:14:44] [I] Average on 1 runs - GPU latency: 5.66406 ms - Host latency: 5.78516 ms (enqueue 3.82031 ms)
[10/06/2026-16:14:44] [I] Average on 1 runs - GPU latency: 5.6582 ms - Host latency: 5.78125 ms (enqueue 3.85938 ms)
[10/06/2026-16:14:44] [I] Average on 1 runs - GPU latency: 5.60938 ms - Host latency: 5.72461 ms (enqueue 4.08398 ms)
[10/06/2026-16:14:44] [I] Average on 1 runs - GPU latency: 5.5918 ms - Host latency: 5.69336 ms (enqueue 3.875 ms)
[10/06/2026-16:14:44] [I] Average on 1 runs - GPU latency: 5.57031 ms - Host latency: 5.69531 ms (enqueue 4.15039 ms)
[10/06/2026-16:14:44] [I] Average on 1 runs - GPU latency: 5.57031 ms - Host latency: 5.67578 ms (enqueue 3.78906 ms)
[10/06/2026-16:14:44] [I] Average on 1 runs - GPU latency: 5.62109 ms - Host latency: 5.73047 ms (enqueue 3.75781 ms)
[10/06/2026-16:14:44] [I] Average on 1 runs - GPU latency: 5.66406 ms - Host latency: 5.78125 ms (enqueue 4.04883 ms)
[10/06/2026-16:14:44] [I] Average on 1 runs - GPU latency: 5.6582 ms - Host latency: 5.76758 ms (enqueue 4.22461 ms)
[10/06/2026-16:14:44] [I] Average on 1 runs - GPU latency: 5.6582 ms - Host latency: 5.77344 ms (enqueue 3.84766 ms)
[10/06/2026-16:14:44] [I] Average on 1 runs - GPU latency: 5.66211 ms - Host latency: 5.75586 ms (enqueue 3.83984 ms)
[10/06/2026-16:14:44] [I] Average on 1 runs - GPU latency: 5.66992 ms - Host latency: 5.80469 ms (enqueue 3.76172 ms)
[10/06/2026-16:14:44] [I] Average on 1 runs - GPU latency: 5.66602 ms - Host latency: 5.82227 ms (enqueue 4.04883 ms)
[10/06/2026-16:14:44] [I] Average on 1 runs - GPU latency: 5.63281 ms - Host latency: 5.75977 ms (enqueue 3.88281 ms)
[10/06/2026-16:14:44] [I] 
[10/06/2026-16:14:44] [I] === Performance summary ===
[10/06/2026-16:14:44] [I] Throughput: 176.717 qps
[10/06/2026-16:14:44] [I] Latency: min = 5.66113 ms, max = 5.90527 ms, mean = 5.77088 ms, median = 5.77246 ms, percentile(90%) = 5.7998 ms, percentile(95%) = 5.80859 ms, percentile(99%) = 5.83594 ms
[10/06/2026-16:14:44] [I] Enqueue Time: min = 2.00293 ms, max = 5.58789 ms, mean = 3.68111 ms, median = 3.8418 ms, percentile(90%) = 4.1123 ms, percentile(95%) = 4.15723 ms, percentile(99%) = 4.22461 ms
[10/06/2026-16:14:44] [I] H2D Latency: min = 0.078125 ms, max = 0.235352 ms, mean = 0.110829 ms, median = 0.108398 ms, percentile(90%) = 0.131836 ms, percentile(95%) = 0.143555 ms, percentile(99%) = 0.168945 ms
[10/06/2026-16:14:44] [I] GPU Compute Time: min = 5.56348 ms, max = 5.68457 ms, mean = 5.65353 ms, median = 5.65918 ms, percentile(90%) = 5.66797 ms, percentile(95%) = 5.66992 ms, percentile(99%) = 5.67529 ms
[10/06/2026-16:14:44] [I] D2H Latency: min = 0.00390625 ms, max = 0.00976562 ms, mean = 0.00652087 ms, median = 0.00634766 ms, percentile(90%) = 0.0078125 ms, percentile(95%) = 0.0078125 ms, percentile(99%) = 0.00878906 ms
[10/06/2026-16:14:44] [I] Total Host Walltime: 15.0184 s
[10/06/2026-16:14:44] [I] Total GPU Compute Time: 15.0045 s
[10/06/2026-16:14:44] [I] Explanations of the performance metrics are printed in the verbose logs.
[10/06/2026-16:14:44] [I] 
&&&& PASSED TensorRT.trtexec [TensorRT v100300] # /usr/src/tensorrt/bin/trtexec --loadEngine=/tmp/yolo26n_84172_uint8_fp16_opt3.engine --warmUp=3000 --duration=15 --idleTime=0 --avgRuns=1
