&&&& RUNNING TensorRT.trtexec [TensorRT v100300] # /usr/src/tensorrt/bin/trtexec --loadEngine=/tmp/engines/y26s_640_uint8_opt3.engine --warmUp=3000 --duration=15 --idleTime=1 --avgRuns=1
[10/04/2026-22:17:50] [I] === Model Options ===
[10/04/2026-22:17:50] [I] Format: *
[10/04/2026-22:17:50] [I] Model: 
[10/04/2026-22:17:50] [I] Output:
[10/04/2026-22:17:50] [I] 
[10/04/2026-22:17:50] [I] === System Options ===
[10/04/2026-22:17:50] [I] Device: 0
[10/04/2026-22:17:50] [I] DLACore: 
[10/04/2026-22:17:50] [I] Plugins:
[10/04/2026-22:17:50] [I] setPluginsToSerialize:
[10/04/2026-22:17:50] [I] dynamicPlugins:
[10/04/2026-22:17:50] [I] ignoreParsedPluginLibs: 0
[10/04/2026-22:17:50] [I] 
[10/04/2026-22:17:50] [I] === Inference Options ===
[10/04/2026-22:17:50] [I] Batch: Explicit
[10/04/2026-22:17:50] [I] Input inference shapes: model
[10/04/2026-22:17:50] [I] Iterations: 10
[10/04/2026-22:17:50] [I] Duration: 15s (+ 3000ms warm up)
[10/04/2026-22:17:50] [I] Sleep time: 0ms
[10/04/2026-22:17:50] [I] Idle time: 1ms
[10/04/2026-22:17:50] [I] Inference Streams: 1
[10/04/2026-22:17:50] [I] ExposeDMA: Disabled
[10/04/2026-22:17:50] [I] Data transfers: Enabled
[10/04/2026-22:17:50] [I] Spin-wait: Disabled
[10/04/2026-22:17:50] [I] Multithreading: Disabled
[10/04/2026-22:17:50] [I] CUDA Graph: Disabled
[10/04/2026-22:17:50] [I] Separate profiling: Disabled
[10/04/2026-22:17:50] [I] Time Deserialize: Disabled
[10/04/2026-22:17:50] [I] Time Refit: Disabled
[10/04/2026-22:17:50] [I] NVTX verbosity: 0
[10/04/2026-22:17:50] [I] Persistent Cache Ratio: 0
[10/04/2026-22:17:50] [I] Optimization Profile Index: 0
[10/04/2026-22:17:50] [I] Weight Streaming Budget: 100.000000%
[10/04/2026-22:17:50] [I] Inputs:
[10/04/2026-22:17:50] [I] Debug Tensor Save Destinations:
[10/04/2026-22:17:50] [I] === Reporting Options ===
[10/04/2026-22:17:50] [I] Verbose: Disabled
[10/04/2026-22:17:50] [I] Averages: 1 inferences
[10/04/2026-22:17:50] [I] Percentiles: 90,95,99
[10/04/2026-22:17:50] [I] Dump refittable layers:Disabled
[10/04/2026-22:17:50] [I] Dump output: Disabled
[10/04/2026-22:17:50] [I] Profile: Disabled
[10/04/2026-22:17:50] [I] Export timing to JSON file: 
[10/04/2026-22:17:50] [I] Export output to JSON file: 
[10/04/2026-22:17:50] [I] Export profile to JSON file: 
[10/04/2026-22:17:50] [I] 
[10/04/2026-22:17:50] [I] === Device Information ===
[10/04/2026-22:17:50] [I] Available Devices: 
[10/04/2026-22:17:50] [I]   Device 0: "Orin" UUID: GPU-6e16c2c1-e394-5324-8f2e-63a975968f4e
[10/04/2026-22:17:50] [I] Selected Device: Orin
[10/04/2026-22:17:50] [I] Selected Device ID: 0
[10/04/2026-22:17:50] [I] Selected Device UUID: GPU-6e16c2c1-e394-5324-8f2e-63a975968f4e
[10/04/2026-22:17:50] [I] Compute Capability: 8.7
[10/04/2026-22:17:50] [I] SMs: 8
[10/04/2026-22:17:50] [I] Device Global Memory: 7607 MiB
[10/04/2026-22:17:50] [I] Shared Memory per SM: 164 KiB
[10/04/2026-22:17:50] [I] Memory Bus Width: 128 bits (ECC disabled)
[10/04/2026-22:17:50] [I] Application Compute Clock Rate: 1.02 GHz
[10/04/2026-22:17:50] [I] Application Memory Clock Rate: 1.02 GHz
[10/04/2026-22:17:50] [I] 
[10/04/2026-22:17:50] [I] Note: The application clock rates do not reflect the actual clock rates that the GPU is currently running at.
[10/04/2026-22:17:50] [I] 
[10/04/2026-22:17:50] [I] TensorRT version: 10.3.0
[10/04/2026-22:17:50] [I] Loading standard plugins
[10/04/2026-22:17:50] [I] [TRT] Loaded engine size: 21 MiB
[10/04/2026-22:17:50] [I] Engine deserialized in 0.0768735 sec.
[10/04/2026-22:17:50] [I] [TRT] [MemUsageChange] TensorRT-managed allocation in IExecutionContext creation: CPU +0, GPU +18, now: CPU 0, GPU 36 (MiB)
[10/04/2026-22:17:50] [I] Setting persistentCacheLimit to 0 bytes.
[10/04/2026-22:17:50] [I] Created execution context with device memory size: 18.1641 MiB
[10/04/2026-22:17:50] [I] Using random values for input images
[10/04/2026-22:17:50] [I] Input binding for images with dimensions 1x640x640x3 is created.
[10/04/2026-22:17:50] [I] Output binding for output0 with dimensions 1x300x6 is created.
[10/04/2026-22:17:50] [I] Starting inference
[10/04/2026-22:18:08] [I] Warmup completed 436 queries over 3000 ms
[10/04/2026-22:18:08] [I] Timing trace has 2216 queries over 15.0219 s
[10/04/2026-22:18:08] [I] 
[10/04/2026-22:18:08] [I] === Trace details ===
[10/04/2026-22:18:08] [I] Trace averages of 1 runs:
[10/04/2026-22:18:08] [I] Average on 1 runs - GPU latency: 6.79712 ms - Host latency: 6.92163 ms (enqueue 2.07446 ms)
[10/04/2026-22:18:08] [I] Average on 1 runs - GPU latency: 6.77954 ms - Host latency: 6.927 ms (enqueue 2.22388 ms)
[10/04/2026-22:18:08] [I] Average on 1 runs - GPU latency: 6.76758 ms - Host latency: 6.85986 ms (enqueue 2.05249 ms)
[10/04/2026-22:18:08] [I] Average on 1 runs - GPU latency: 6.77222 ms - Host latency: 6.8645 ms (enqueue 2.02344 ms)
[10/04/2026-22:18:08] [I] Average on 1 runs - GPU latency: 6.771 ms - Host latency: 6.8645 ms (enqueue 2.10864 ms)
[10/04/2026-22:18:08] [I] Average on 1 runs - GPU latency: 6.77588 ms - Host latency: 6.86548 ms (enqueue 2.05811 ms)
[10/04/2026-22:18:08] [I] Average on 1 runs - GPU latency: 6.77466 ms - Host latency: 6.86841 ms (enqueue 2.02881 ms)
[10/04/2026-22:18:08] [I] Average on 1 runs - GPU latency: 6.76636 ms - Host latency: 6.85742 ms (enqueue 2.06567 ms)
[10/04/2026-22:18:08] [I] Average on 1 runs - GPU latency: 6.76978 ms - Host latency: 6.85938 ms (enqueue 2.11377 ms)
[10/04/2026-22:18:08] [I] Average on 1 runs - GPU latency: 6.77246 ms - Host latency: 6.85986 ms (enqueue 2.02197 ms)
[10/04/2026-22:18:08] [I] Average on 1 runs - GPU latency: 6.78101 ms - Host latency: 6.87109 ms (enqueue 2.06812 ms)
[10/04/2026-22:18:08] [I] Average on 1 runs - GPU latency: 6.78076 ms - Host latency: 6.87085 ms (enqueue 2.04736 ms)
[10/04/2026-22:18:08] [I] Average on 1 runs - GPU latency: 6.78711 ms - Host latency: 6.88306 ms (enqueue 2.07129 ms)
[10/04/2026-22:18:08] [I] Average on 1 runs - GPU latency: 6.78564 ms - Host latency: 6.89111 ms (enqueue 2.27246 ms)
[10/04/2026-22:18:08] [I] Average on 1 runs - GPU latency: 6.78198 ms - Host latency: 6.87866 ms (enqueue 2.20142 ms)
[10/04/2026-22:18:08] [I] Average on 1 runs - GPU latency: 6.79199 ms - Host latency: 6.88892 ms (enqueue 2.11768 ms)
[10/04/2026-22:18:08] [I] Average on 1 runs - GPU latency: 6.78027 ms - Host latency: 6.87549 ms (enqueue 2.1731 ms)
[10/04/2026-22:18:08] [I] Average on 1 runs - GPU latency: 6.78027 ms - Host latency: 6.87476 ms (enqueue 2.15479 ms)
[10/04/2026-22:18:08] [I] Average on 1 runs - GPU latency: 6.76831 ms - Host latency: 6.85693 ms (enqueue 2.13281 ms)
[10/04/2026-22:18:08] [I] Average on 1 runs - GPU latency: 6.77417 ms - Host latency: 6.86353 ms (enqueue 2.06738 ms)
[10/04/2026-22:18:08] [I] Average on 1 runs - GPU latency: 6.76929 ms - Host latency: 6.85571 ms (enqueue 2.08984 ms)
[10/04/2026-22:18:08] [I] Average on 1 runs - GPU latency: 6.77905 ms - Host latency: 6.875 ms (enqueue 2.05127 ms)
[10/04/2026-22:18:08] [I] Average on 1 runs - GPU latency: 6.77637 ms - Host latency: 6.86523 ms (enqueue 1.99805 ms)
[10/04/2026-22:18:08] [I] Average on 1 runs - GPU latency: 6.77222 ms - Host latency: 6.86328 ms (enqueue 2.04004 ms)
[10/04/2026-22:18:08] [I] Average on 1 runs - GPU latency: 6.77441 ms - Host latency: 6.86963 ms (enqueue 2.08691 ms)
[10/04/2026-22:18:08] [I] Average on 1 runs - GPU latency: 6.7793 ms - Host latency: 6.87231 ms (enqueue 2.03687 ms)
[10/04/2026-22:18:08] [I] Average on 1 runs - GPU latency: 6.77686 ms - Host latency: 6.86426 ms (enqueue 1.98901 ms)
[10/04/2026-22:18:08] [I] Average on 1 runs - GPU latency: 6.78223 ms - Host latency: 6.87256 ms (enqueue 2.05054 ms)
[10/04/2026-22:18:08] [I] Average on 1 runs - GPU latency: 6.77026 ms - Host latency: 6.87866 ms (enqueue 2.01611 ms)
[10/04/2026-22:18:08] [I] Average on 1 runs - GPU latency: 6.77271 ms - Host latency: 6.86084 ms (enqueue 2.0105 ms)
[10/04/2026-22:18:08] [I] Average on 1 runs - GPU latency: 6.771 ms - Host latency: 6.86206 ms (enqueue 2.1521 ms)
[10/04/2026-22:18:08] [I] Average on 1 runs - GPU latency: 6.77441 ms - Host latency: 6.86572 ms (enqueue 2.11206 ms)
[10/04/2026-22:18:08] [I] Average on 1 runs - GPU latency: 6.7793 ms - Host latency: 6.86768 ms (enqueue 2.0144 ms)
[10/04/2026-22:18:08] [I] Average on 1 runs - GPU latency: 6.76758 ms - Host latency: 6.85669 ms (enqueue 2.07935 ms)
[10/04/2026-22:18:08] [I] Average on 1 runs - GPU latency: 6.76685 ms - Host latency: 6.8562 ms (enqueue 2.073 ms)
[10/04/2026-22:18:08] [I] Average on 1 runs - GPU latency: 6.76562 ms - Host latency: 6.854 ms (enqueue 2.01099 ms)
[10/04/2026-22:18:08] [I] Average on 1 runs - GPU latency: 6.77295 ms - Host latency: 6.86182 ms (enqueue 2.02979 ms)
[10/04/2026-22:18:08] [I] Average on 1 runs - GPU latency: 6.77979 ms - Host latency: 6.87158 ms (enqueue 2.07861 ms)
[10/04/2026-22:18:08] [I] Average on 1 runs - GPU latency: 6.77417 ms - Host latency: 6.86328 ms (enqueue 2.05103 ms)
[10/04/2026-22:18:08] [I] Average on 1 runs - GPU latency: 6.77832 ms - Host latency: 6.8667 ms (enqueue 2.08765 ms)
[10/04/2026-22:18:08] [I] Average on 1 runs - GPU latency: 6.77466 ms - Host latency: 6.86743 ms (enqueue 2.09814 ms)
[10/04/2026-22:18:08] [I] Average on 1 runs - GPU latency: 6.78003 ms - Host latency: 6.87134 ms (enqueue 2.05371 ms)
[10/04/2026-22:18:08] [I] Average on 1 runs - GPU latency: 6.771 ms - Host latency: 6.86255 ms (enqueue 2.02588 ms)
[10/04/2026-22:18:08] [I] Average on 1 runs - GPU latency: 6.77466 ms - Host latency: 6.86743 ms (enqueue 2.05322 ms)
[10/04/2026-22:18:08] [I] Average on 1 runs - GPU latency: 6.77905 ms - Host latency: 6.87329 ms (enqueue 2.07861 ms)
[10/04/2026-22:18:08] [I] Average on 1 runs - GPU latency: 6.77441 ms - Host latency: 6.8667 ms (enqueue 2.07056 ms)
[10/04/2026-22:18:08] [I] Average on 1 runs - GPU latency: 6.77612 ms - Host latency: 6.86694 ms (enqueue 2.0708 ms)
[10/04/2026-22:18:08] [I] Average on 1 runs - GPU latency: 6.77197 ms - Host latency: 6.8623 ms (enqueue 2.09058 ms)
[10/04/2026-22:18:08] [I] Average on 1 runs - GPU latency: 6.77393 ms - Host latency: 6.86255 ms (enqueue 2.03247 ms)
[10/04/2026-22:18:08] [I] Average on 1 runs - GPU latency: 6.77734 ms - Host latency: 6.86499 ms (enqueue 2.01831 ms)
[10/04/2026-22:18:08] [I] Average on 1 runs - GPU latency: 6.77222 ms - Host latency: 6.86084 ms (enqueue 2.03857 ms)
[10/04/2026-22:18:08] [I] Average on 1 runs - GPU latency: 6.77197 ms - Host latency: 6.86768 ms (enqueue 2.01855 ms)
[10/04/2026-22:18:08] [I] Average on 1 runs - GPU latency: 6.77148 ms - Host latency: 6.86475 ms (enqueue 2.03687 ms)
[10/04/2026-22:18:08] [I] Average on 1 runs - GPU latency: 6.7793 ms - Host latency: 6.86694 ms (enqueue 2.1062 ms)
[10/04/2026-22:18:08] [I] Average on 1 runs - GPU latency: 6.7749 ms - Host latency: 6.8689 ms (enqueue 2.08325 ms)
[10/04/2026-22:18:08] [I] Average on 1 runs - GPU latency: 6.76782 ms - Host latency: 6.86206 ms (enqueue 2.03271 ms)
[10/04/2026-22:18:08] [I] Average on 1 runs - GPU latency: 6.77905 ms - Host latency: 6.87109 ms (enqueue 2.07153 ms)
[10/04/2026-22:18:08] [I] Average on 1 runs - GPU latency: 6.76709 ms - Host latency: 6.86084 ms (enqueue 2.08667 ms)
[10/04/2026-22:18:08] [I] Average on 1 runs - GPU latency: 6.77368 ms - Host latency: 6.86133 ms (enqueue 2.03711 ms)
[10/04/2026-22:18:08] [I] Average on 1 runs - GPU latency: 6.7771 ms - Host latency: 6.87061 ms (enqueue 2.02979 ms)
[10/04/2026-22:18:08] [I] Average on 1 runs - GPU latency: 6.77979 ms - Host latency: 6.87134 ms (enqueue 2.13013 ms)
[10/04/2026-22:18:08] [I] Average on 1 runs - GPU latency: 6.77026 ms - Host latency: 6.85791 ms (enqueue 2.02734 ms)
[10/04/2026-22:18:08] [I] Average on 1 runs - GPU latency: 6.77051 ms - Host latency: 6.85986 ms (enqueue 2.01782 ms)
[10/04/2026-22:18:08] [I] Average on 1 runs - GPU latency: 6.77466 ms - Host latency: 6.86426 ms (enqueue 2.0813 ms)
[10/04/2026-22:18:08] [I] Average on 1 runs - GPU latency: 6.76807 ms - Host latency: 6.85938 ms (enqueue 2.02246 ms)
[10/04/2026-22:18:08] [I] Average on 1 runs - GPU latency: 6.76733 ms - Host latency: 6.86328 ms (enqueue 2.01953 ms)
[10/04/2026-22:18:08] [I] Average on 1 runs - GPU latency: 6.7688 ms - Host latency: 6.85889 ms (enqueue 2.06934 ms)
[10/04/2026-22:18:08] [I] Average on 1 runs - GPU latency: 6.771 ms - Host latency: 6.85718 ms (enqueue 2.09814 ms)
[10/04/2026-22:18:08] [I] Average on 1 runs - GPU latency: 6.77539 ms - Host latency: 6.87329 ms (enqueue 2.04785 ms)
[10/04/2026-22:18:08] [I] Average on 1 runs - GPU latency: 6.77783 ms - Host latency: 6.87549 ms (enqueue 2.07495 ms)
[10/04/2026-22:18:08] [I] Average on 1 runs - GPU latency: 6.77002 ms - Host latency: 6.85938 ms (enqueue 2.08423 ms)
[10/04/2026-22:18:08] [I] Average on 1 runs - GPU latency: 6.77222 ms - Host latency: 6.86182 ms (enqueue 2.02417 ms)
[10/04/2026-22:18:08] [I] Average on 1 runs - GPU latency: 6.77441 ms - Host latency: 6.86719 ms (enqueue 2.03101 ms)
[10/04/2026-22:18:08] [I] Average on 1 runs - GPU latency: 6.76709 ms - Host latency: 6.85791 ms (enqueue 2.07617 ms)
[10/04/2026-22:18:08] [I] Average on 1 runs - GPU latency: 6.76538 ms - Host latency: 6.85327 ms (enqueue 2.02393 ms)
[10/04/2026-22:18:08] [I] Average on 1 runs - GPU latency: 6.77173 ms - Host latency: 6.85986 ms (enqueue 2.09473 ms)
[10/04/2026-22:18:08] [I] Average on 1 runs - GPU latency: 6.77783 ms - Host latency: 6.86768 ms (enqueue 2.12598 ms)
[10/04/2026-22:18:08] [I] Average on 1 runs - GPU latency: 6.77588 ms - Host latency: 6.86401 ms (enqueue 2.08081 ms)
[10/04/2026-22:18:08] [I] Average on 1 runs - GPU latency: 6.76514 ms - Host latency: 6.86011 ms (enqueue 2.04272 ms)
[10/04/2026-22:18:08] [I] Average on 1 runs - GPU latency: 6.78198 ms - Host latency: 6.87305 ms (enqueue 2.06763 ms)
[10/04/2026-22:18:08] [I] Average on 1 runs - GPU latency: 6.76978 ms - Host latency: 6.86255 ms (enqueue 2.07593 ms)
[10/04/2026-22:18:08] [I] Average on 1 runs - GPU latency: 6.77368 ms - Host latency: 6.86499 ms (enqueue 2.03833 ms)
[10/04/2026-22:18:08] [I] Average on 1 runs - GPU latency: 6.77466 ms - Host latency: 6.86353 ms (enqueue 2.10156 ms)
[10/04/2026-22:18:08] [I] Average on 1 runs - GPU latency: 6.76636 ms - Host latency: 6.85229 ms (enqueue 2.09375 ms)
[10/04/2026-22:18:08] [I] Average on 1 runs - GPU latency: 6.77148 ms - Host latency: 6.86133 ms (enqueue 2.03369 ms)
[10/04/2026-22:18:08] [I] Average on 1 runs - GPU latency: 6.77393 ms - Host latency: 6.86938 ms (enqueue 2.03369 ms)
[10/04/2026-22:18:08] [I] Average on 1 runs - GPU latency: 6.76074 ms - Host latency: 6.8501 ms (enqueue 2.07422 ms)
[10/04/2026-22:18:08] [I] Average on 1 runs - GPU latency: 6.76318 ms - Host latency: 6.84961 ms (enqueue 2.02393 ms)
[10/04/2026-22:18:08] [I] Average on 1 runs - GPU latency: 6.77319 ms - Host latency: 6.86182 ms (enqueue 2.02344 ms)
[10/04/2026-22:18:08] [I] Average on 1 runs - GPU latency: 6.76831 ms - Host latency: 6.85889 ms (enqueue 2.08154 ms)
[10/04/2026-22:18:08] [I] Average on 1 runs - GPU latency: 6.76733 ms - Host latency: 6.8584 ms (enqueue 2.09033 ms)
[10/04/2026-22:18:08] [I] Average on 1 runs - GPU latency: 6.77344 ms - Host latency: 6.86157 ms (enqueue 2.04321 ms)
[10/04/2026-22:18:08] [I] Average on 1 runs - GPU latency: 6.79956 ms - Host latency: 6.8877 ms (enqueue 2.10181 ms)
[10/04/2026-22:18:08] [I] Average on 1 runs - GPU latency: 6.77515 ms - Host latency: 6.87646 ms (enqueue 2.31396 ms)
[10/04/2026-22:18:08] [I] Average on 1 runs - GPU latency: 6.77954 ms - Host latency: 6.87573 ms (enqueue 2.19336 ms)
[10/04/2026-22:18:08] [I] Average on 1 runs - GPU latency: 6.77954 ms - Host latency: 6.87622 ms (enqueue 2.13818 ms)
[10/04/2026-22:18:08] [I] Average on 1 runs - GPU latency: 6.78174 ms - Host latency: 6.87207 ms (enqueue 2.18311 ms)
[10/04/2026-22:18:08] [I] Average on 1 runs - GPU latency: 6.78198 ms - Host latency: 6.87964 ms (enqueue 2.13818 ms)
[10/04/2026-22:18:08] [I] Average on 1 runs - GPU latency: 6.76636 ms - Host latency: 6.86182 ms (enqueue 2.12231 ms)
[10/04/2026-22:18:08] [I] Average on 1 runs - GPU latency: 6.77759 ms - Host latency: 6.86792 ms (enqueue 2.11792 ms)
[10/04/2026-22:18:08] [I] Average on 1 runs - GPU latency: 6.76807 ms - Host latency: 6.85791 ms (enqueue 2.07861 ms)
[10/04/2026-22:18:08] [I] Average on 1 runs - GPU latency: 6.77173 ms - Host latency: 6.86182 ms (enqueue 2.02173 ms)
[10/04/2026-22:18:08] [I] Average on 1 runs - GPU latency: 6.77271 ms - Host latency: 6.86694 ms (enqueue 2.04883 ms)
[10/04/2026-22:18:08] [I] Average on 1 runs - GPU latency: 6.78467 ms - Host latency: 6.87305 ms (enqueue 2.06299 ms)
[10/04/2026-22:18:08] [I] Average on 1 runs - GPU latency: 6.77734 ms - Host latency: 6.86621 ms (enqueue 2.05054 ms)
[10/04/2026-22:18:08] [I] Average on 1 runs - GPU latency: 6.77441 ms - Host latency: 6.8645 ms (enqueue 2.09326 ms)
[10/04/2026-22:18:08] [I] Average on 1 runs - GPU latency: 6.76416 ms - Host latency: 6.85327 ms (enqueue 2.05103 ms)
[10/04/2026-22:18:08] [I] Average on 1 runs - GPU latency: 6.76562 ms - Host latency: 6.85669 ms (enqueue 2.01782 ms)
[10/04/2026-22:18:08] [I] Average on 1 runs - GPU latency: 6.76416 ms - Host latency: 6.8501 ms (enqueue 2.02344 ms)
[10/04/2026-22:18:08] [I] Average on 1 runs - GPU latency: 6.76929 ms - Host latency: 6.85938 ms (enqueue 2.11011 ms)
[10/04/2026-22:18:08] [I] Average on 1 runs - GPU latency: 6.77441 ms - Host latency: 6.87817 ms (enqueue 2.0271 ms)
[10/04/2026-22:18:08] [I] Average on 1 runs - GPU latency: 6.77271 ms - Host latency: 6.86133 ms (enqueue 2.03223 ms)
[10/04/2026-22:18:08] [I] Average on 1 runs - GPU latency: 6.77417 ms - Host latency: 6.86719 ms (enqueue 2.12549 ms)
[10/04/2026-22:18:08] [I] Average on 1 runs - GPU latency: 6.76514 ms - Host latency: 6.854 ms (enqueue 2.03296 ms)
[10/04/2026-22:18:08] [I] Average on 1 runs - GPU latency: 6.76953 ms - Host latency: 6.85742 ms (enqueue 2.03516 ms)
[10/04/2026-22:18:08] [I] Average on 1 runs - GPU latency: 6.76758 ms - Host latency: 6.8562 ms (enqueue 2.07397 ms)
[10/04/2026-22:18:08] [I] Average on 1 runs - GPU latency: 6.77319 ms - Host latency: 6.86035 ms (enqueue 2.06909 ms)
[10/04/2026-22:18:08] [I] Average on 1 runs - GPU latency: 6.77734 ms - Host latency: 6.86816 ms (enqueue 2.02612 ms)
[10/04/2026-22:18:08] [I] Average on 1 runs - GPU latency: 6.77051 ms - Host latency: 6.85938 ms (enqueue 2.06689 ms)
[10/04/2026-22:18:08] [I] Average on 1 runs - GPU latency: 6.77148 ms - Host latency: 6.86108 ms (enqueue 2.06494 ms)
[10/04/2026-22:18:08] [I] Average on 1 runs - GPU latency: 6.77661 ms - Host latency: 6.86597 ms (enqueue 1.98828 ms)
[10/04/2026-22:18:08] [I] Average on 1 runs - GPU latency: 6.77124 ms - Host latency: 6.86572 ms (enqueue 1.99927 ms)
[10/04/2026-22:18:08] [I] Average on 1 runs - GPU latency: 6.77124 ms - Host latency: 6.85986 ms (enqueue 2.05786 ms)
[10/04/2026-22:18:08] [I] Average on 1 runs - GPU latency: 6.7793 ms - Host latency: 6.86841 ms (enqueue 2.01709 ms)
[10/04/2026-22:18:08] [I] Average on 1 runs - GPU latency: 6.7666 ms - Host latency: 6.854 ms (enqueue 2.0144 ms)
[10/04/2026-22:18:08] [I] Average on 1 runs - GPU latency: 6.77979 ms - Host latency: 6.87109 ms (enqueue 2.09595 ms)
[10/04/2026-22:18:08] [I] Average on 1 runs - GPU latency: 6.77051 ms - Host latency: 6.86255 ms (enqueue 2.06274 ms)
[10/04/2026-22:18:08] [I] Average on 1 runs - GPU latency: 6.76636 ms - Host latency: 6.85938 ms (enqueue 2.04126 ms)
[10/04/2026-22:18:08] [I] Average on 1 runs - GPU latency: 6.77393 ms - Host latency: 6.86133 ms (enqueue 2.07251 ms)
[10/04/2026-22:18:08] [I] Average on 1 runs - GPU latency: 6.7644 ms - Host latency: 6.85132 ms (enqueue 2.05688 ms)
[10/04/2026-22:18:08] [I] Average on 1 runs - GPU latency: 6.77319 ms - Host latency: 6.86157 ms (enqueue 2.02148 ms)
[10/04/2026-22:18:08] [I] Average on 1 runs - GPU latency: 6.77808 ms - Host latency: 6.87256 ms (enqueue 2.05469 ms)
[10/04/2026-22:18:08] [I] Average on 1 runs - GPU latency: 6.77319 ms - Host latency: 6.86182 ms (enqueue 2.09155 ms)
[10/04/2026-22:18:08] [I] Average on 1 runs - GPU latency: 6.77563 ms - Host latency: 6.86401 ms (enqueue 2.01807 ms)
[10/04/2026-22:18:08] [I] Average on 1 runs - GPU latency: 6.76904 ms - Host latency: 6.85962 ms (enqueue 2.05591 ms)
[10/04/2026-22:18:08] [I] Average on 1 runs - GPU latency: 6.76367 ms - Host latency: 6.85156 ms (enqueue 2.07666 ms)
[10/04/2026-22:18:08] [I] Average on 1 runs - GPU latency: 6.76343 ms - Host latency: 6.86353 ms (enqueue 2.14429 ms)
[10/04/2026-22:18:08] [I] Average on 1 runs - GPU latency: 6.77246 ms - Host latency: 6.86597 ms (enqueue 2.0293 ms)
[10/04/2026-22:18:08] [I] Average on 1 runs - GPU latency: 6.76562 ms - Host latency: 6.85864 ms (enqueue 2.15186 ms)
[10/04/2026-22:18:08] [I] Average on 1 runs - GPU latency: 6.76172 ms - Host latency: 6.85645 ms (enqueue 2.03369 ms)
[10/04/2026-22:18:08] [I] Average on 1 runs - GPU latency: 6.77319 ms - Host latency: 6.86377 ms (enqueue 2.00439 ms)
[10/04/2026-22:18:08] [I] Average on 1 runs - GPU latency: 6.7666 ms - Host latency: 6.85767 ms (enqueue 2.08618 ms)
[10/04/2026-22:18:08] [I] Average on 1 runs - GPU latency: 6.76782 ms - Host latency: 6.85986 ms (enqueue 2.05347 ms)
[10/04/2026-22:18:08] [I] Average on 1 runs - GPU latency: 6.77881 ms - Host latency: 6.87036 ms (enqueue 1.98438 ms)
[10/04/2026-22:18:08] [I] Average on 1 runs - GPU latency: 6.76782 ms - Host latency: 6.85498 ms (enqueue 2.08105 ms)
[10/04/2026-22:18:08] [I] Average on 1 runs - GPU latency: 6.77515 ms - Host latency: 6.86304 ms (enqueue 2.07593 ms)
[10/04/2026-22:18:08] [I] Average on 1 runs - GPU latency: 6.77246 ms - Host latency: 6.86011 ms (enqueue 2.02319 ms)
[10/04/2026-22:18:08] [I] Average on 1 runs - GPU latency: 6.77783 ms - Host latency: 6.87036 ms (enqueue 2.02686 ms)
[10/04/2026-22:18:08] [I] Average on 1 runs - GPU latency: 6.76831 ms - Host latency: 6.86182 ms (enqueue 2.05054 ms)
[10/04/2026-22:18:08] [I] Average on 1 runs - GPU latency: 6.77808 ms - Host latency: 6.8667 ms (enqueue 2.02612 ms)
[10/04/2026-22:18:08] [I] Average on 1 runs - GPU latency: 6.77808 ms - Host latency: 6.86963 ms (enqueue 2.021 ms)
[10/04/2026-22:18:08] [I] Average on 1 runs - GPU latency: 6.77686 ms - Host latency: 6.87646 ms (enqueue 2.07153 ms)
[10/04/2026-22:18:08] [I] Average on 1 runs - GPU latency: 6.77563 ms - Host latency: 6.86743 ms (enqueue 2.04663 ms)
[10/04/2026-22:18:08] [I] Average on 1 runs - GPU latency: 6.77197 ms - Host latency: 6.86255 ms (enqueue 2.00293 ms)
[10/04/2026-22:18:08] [I] Average on 1 runs - GPU latency: 6.76807 ms - Host latency: 6.85889 ms (enqueue 2.06689 ms)
[10/04/2026-22:18:08] [I] Average on 1 runs - GPU latency: 6.77197 ms - Host latency: 6.86304 ms (enqueue 2.09082 ms)
[10/04/2026-22:18:08] [I] Average on 1 runs - GPU latency: 6.77661 ms - Host latency: 6.86597 ms (enqueue 2.09302 ms)
[10/04/2026-22:18:08] [I] Average on 1 runs - GPU latency: 6.77246 ms - Host latency: 6.86694 ms (enqueue 2.02783 ms)
[10/04/2026-22:18:08] [I] Average on 1 runs - GPU latency: 6.77197 ms - Host latency: 6.86108 ms (enqueue 2.06909 ms)
[10/04/2026-22:18:08] [I] Average on 1 runs - GPU latency: 6.76636 ms - Host latency: 6.85547 ms (enqueue 2.00928 ms)
[10/04/2026-22:18:08] [I] Average on 1 runs - GPU latency: 6.76978 ms - Host latency: 6.86011 ms (enqueue 2.03296 ms)
[10/04/2026-22:18:08] [I] Average on 1 runs - GPU latency: 6.77197 ms - Host latency: 6.86401 ms (enqueue 2.08081 ms)
[10/04/2026-22:18:08] [I] Average on 1 runs - GPU latency: 6.76221 ms - Host latency: 6.84912 ms (enqueue 2.02979 ms)
[10/04/2026-22:18:08] [I] Average on 1 runs - GPU latency: 6.76758 ms - Host latency: 6.85596 ms (enqueue 2.05273 ms)
[10/04/2026-22:18:08] [I] Average on 1 runs - GPU latency: 6.77246 ms - Host latency: 6.86572 ms (enqueue 2.12842 ms)
[10/04/2026-22:18:08] [I] Average on 1 runs - GPU latency: 6.76514 ms - Host latency: 6.854 ms (enqueue 2.10205 ms)
[10/04/2026-22:18:08] [I] Average on 1 runs - GPU latency: 6.76807 ms - Host latency: 6.8584 ms (enqueue 2.03271 ms)
[10/04/2026-22:18:08] [I] Average on 1 runs - GPU latency: 6.771 ms - Host latency: 6.86621 ms (enqueue 2.10693 ms)
[10/04/2026-22:18:08] [I] Average on 1 runs - GPU latency: 6.77686 ms - Host latency: 6.86719 ms (enqueue 2.0752 ms)
[10/04/2026-22:18:08] [I] Average on 1 runs - GPU latency: 6.77344 ms - Host latency: 6.86523 ms (enqueue 2.03125 ms)
[10/04/2026-22:18:08] [I] Average on 1 runs - GPU latency: 6.76367 ms - Host latency: 6.85205 ms (enqueue 2.02832 ms)
[10/04/2026-22:18:08] [I] Average on 1 runs - GPU latency: 6.77246 ms - Host latency: 6.8667 ms (enqueue 2.146 ms)
[10/04/2026-22:18:08] [I] Average on 1 runs - GPU latency: 6.79395 ms - Host latency: 6.88428 ms (enqueue 2.03564 ms)
[10/04/2026-22:18:08] [I] Average on 1 runs - GPU latency: 6.7876 ms - Host latency: 6.8833 ms (enqueue 2.09229 ms)
[10/04/2026-22:18:08] [I] Average on 1 runs - GPU latency: 6.78418 ms - Host latency: 6.89307 ms (enqueue 2.29688 ms)
[10/04/2026-22:18:08] [I] Average on 1 runs - GPU latency: 6.78223 ms - Host latency: 6.87988 ms (enqueue 2.19385 ms)
[10/04/2026-22:18:08] [I] Average on 1 runs - GPU latency: 6.77979 ms - Host latency: 6.87549 ms (enqueue 2.11914 ms)
[10/04/2026-22:18:08] [I] Average on 1 runs - GPU latency: 6.77832 ms - Host latency: 6.86865 ms (enqueue 2.21582 ms)
[10/04/2026-22:18:08] [I] Average on 1 runs - GPU latency: 6.77832 ms - Host latency: 6.87451 ms (enqueue 2.15381 ms)
[10/04/2026-22:18:08] [I] Average on 1 runs - GPU latency: 6.77295 ms - Host latency: 6.87012 ms (enqueue 2.09326 ms)
[10/04/2026-22:18:08] [I] Average on 1 runs - GPU latency: 6.77002 ms - Host latency: 6.86084 ms (enqueue 2.06787 ms)
[10/04/2026-22:18:08] [I] Average on 1 runs - GPU latency: 6.77441 ms - Host latency: 6.86523 ms (enqueue 2.05615 ms)
[10/04/2026-22:18:08] [I] Average on 1 runs - GPU latency: 6.76318 ms - Host latency: 6.85303 ms (enqueue 2.01221 ms)
[10/04/2026-22:18:08] [I] Average on 1 runs - GPU latency: 6.77246 ms - Host latency: 6.86523 ms (enqueue 2.00293 ms)
[10/04/2026-22:18:08] [I] Average on 1 runs - GPU latency: 6.77637 ms - Host latency: 6.86426 ms (enqueue 2.03027 ms)
[10/04/2026-22:18:08] [I] Average on 1 runs - GPU latency: 6.77539 ms - Host latency: 6.87061 ms (enqueue 2.00244 ms)
[10/04/2026-22:18:08] [I] Average on 1 runs - GPU latency: 6.76465 ms - Host latency: 6.86279 ms (enqueue 2.09863 ms)
[10/04/2026-22:18:08] [I] Average on 1 runs - GPU latency: 6.76807 ms - Host latency: 6.85742 ms (enqueue 2.12695 ms)
[10/04/2026-22:18:08] [I] Average on 1 runs - GPU latency: 6.771 ms - Host latency: 6.86084 ms (enqueue 2.06934 ms)
[10/04/2026-22:18:08] [I] Average on 1 runs - GPU latency: 6.77148 ms - Host latency: 6.85986 ms (enqueue 2.03516 ms)
[10/04/2026-22:18:08] [I] Average on 1 runs - GPU latency: 6.75928 ms - Host latency: 6.8457 ms (enqueue 2.07715 ms)
[10/04/2026-22:18:08] [I] Average on 1 runs - GPU latency: 6.77588 ms - Host latency: 6.86768 ms (enqueue 2.06885 ms)
[10/04/2026-22:18:08] [I] Average on 1 runs - GPU latency: 6.77051 ms - Host latency: 6.87305 ms (enqueue 2.03613 ms)
[10/04/2026-22:18:08] [I] Average on 1 runs - GPU latency: 6.77051 ms - Host latency: 6.8623 ms (enqueue 2.08203 ms)
[10/04/2026-22:18:08] [I] Average on 1 runs - GPU latency: 6.77539 ms - Host latency: 6.87012 ms (enqueue 2.12012 ms)
[10/04/2026-22:18:08] [I] Average on 1 runs - GPU latency: 6.77295 ms - Host latency: 6.86426 ms (enqueue 2.02441 ms)
[10/04/2026-22:18:08] [I] Average on 1 runs - GPU latency: 6.77686 ms - Host latency: 6.86426 ms (enqueue 2.02734 ms)
[10/04/2026-22:18:08] [I] Average on 1 runs - GPU latency: 6.77686 ms - Host latency: 6.86816 ms (enqueue 2.06543 ms)
[10/04/2026-22:18:08] [I] Average on 1 runs - GPU latency: 6.76807 ms - Host latency: 6.85742 ms (enqueue 2.02588 ms)
[10/04/2026-22:18:08] [I] Average on 1 runs - GPU latency: 6.76123 ms - Host latency: 6.84863 ms (enqueue 2.03125 ms)
[10/04/2026-22:18:08] [I] ... Omitting 1816 lines
[10/04/2026-22:18:08] [I] Average on 1 runs - GPU latency: 6.76953 ms - Host latency: 6.86133 ms (enqueue 2.05078 ms)
[10/04/2026-22:18:08] [I] Average on 1 runs - GPU latency: 6.77148 ms - Host latency: 6.85938 ms (enqueue 2.04492 ms)
[10/04/2026-22:18:08] [I] Average on 1 runs - GPU latency: 6.77734 ms - Host latency: 6.86914 ms (enqueue 2.08203 ms)
[10/04/2026-22:18:08] [I] Average on 1 runs - GPU latency: 6.77539 ms - Host latency: 6.87305 ms (enqueue 2.12891 ms)
[10/04/2026-22:18:08] [I] Average on 1 runs - GPU latency: 6.76758 ms - Host latency: 6.85547 ms (enqueue 2.06445 ms)
[10/04/2026-22:18:08] [I] Average on 1 runs - GPU latency: 6.76562 ms - Host latency: 6.85547 ms (enqueue 2.08203 ms)
[10/04/2026-22:18:08] [I] Average on 1 runs - GPU latency: 6.79883 ms - Host latency: 6.88867 ms (enqueue 2.07617 ms)
[10/04/2026-22:18:08] [I] Average on 1 runs - GPU latency: 6.7793 ms - Host latency: 6.87891 ms (enqueue 2.24805 ms)
[10/04/2026-22:18:08] [I] Average on 1 runs - GPU latency: 6.77344 ms - Host latency: 6.87891 ms (enqueue 2.31641 ms)
[10/04/2026-22:18:08] [I] Average on 1 runs - GPU latency: 6.7793 ms - Host latency: 6.875 ms (enqueue 2.19727 ms)
[10/04/2026-22:18:08] [I] Average on 1 runs - GPU latency: 6.7793 ms - Host latency: 6.875 ms (enqueue 2.23828 ms)
[10/04/2026-22:18:08] [I] Average on 1 runs - GPU latency: 6.77344 ms - Host latency: 6.87305 ms (enqueue 2.21484 ms)
[10/04/2026-22:18:08] [I] Average on 1 runs - GPU latency: 6.78711 ms - Host latency: 6.88281 ms (enqueue 2.19531 ms)
[10/04/2026-22:18:08] [I] Average on 1 runs - GPU latency: 6.76758 ms - Host latency: 6.86133 ms (enqueue 2.10352 ms)
[10/04/2026-22:18:08] [I] Average on 1 runs - GPU latency: 6.77148 ms - Host latency: 6.86133 ms (enqueue 2.07617 ms)
[10/04/2026-22:18:08] [I] Average on 1 runs - GPU latency: 6.76953 ms - Host latency: 6.85938 ms (enqueue 2.09766 ms)
[10/04/2026-22:18:08] [I] Average on 1 runs - GPU latency: 6.77734 ms - Host latency: 6.86719 ms (enqueue 2.11523 ms)
[10/04/2026-22:18:08] [I] Average on 1 runs - GPU latency: 6.77148 ms - Host latency: 6.86133 ms (enqueue 2.03906 ms)
[10/04/2026-22:18:08] [I] Average on 1 runs - GPU latency: 6.77344 ms - Host latency: 6.86328 ms (enqueue 2.10547 ms)
[10/04/2026-22:18:08] [I] Average on 1 runs - GPU latency: 6.76367 ms - Host latency: 6.85156 ms (enqueue 2.0918 ms)
[10/04/2026-22:18:08] [I] Average on 1 runs - GPU latency: 6.76172 ms - Host latency: 6.85938 ms (enqueue 2.02344 ms)
[10/04/2026-22:18:08] [I] Average on 1 runs - GPU latency: 6.77344 ms - Host latency: 6.86523 ms (enqueue 2.03125 ms)
[10/04/2026-22:18:08] [I] Average on 1 runs - GPU latency: 6.75977 ms - Host latency: 6.85156 ms (enqueue 2.08594 ms)
[10/04/2026-22:18:08] [I] Average on 1 runs - GPU latency: 6.76172 ms - Host latency: 6.85156 ms (enqueue 2.05664 ms)
[10/04/2026-22:18:08] [I] Average on 1 runs - GPU latency: 6.79102 ms - Host latency: 6.87891 ms (enqueue 2.02734 ms)
[10/04/2026-22:18:08] [I] Average on 1 runs - GPU latency: 6.77539 ms - Host latency: 6.86133 ms (enqueue 2.27539 ms)
[10/04/2026-22:18:08] [I] Average on 1 runs - GPU latency: 6.76758 ms - Host latency: 6.85938 ms (enqueue 2.05859 ms)
[10/04/2026-22:18:08] [I] Average on 1 runs - GPU latency: 6.77734 ms - Host latency: 6.86914 ms (enqueue 2.04492 ms)
[10/04/2026-22:18:08] [I] Average on 1 runs - GPU latency: 6.76953 ms - Host latency: 6.85742 ms (enqueue 2.0957 ms)
[10/04/2026-22:18:08] [I] Average on 1 runs - GPU latency: 6.77148 ms - Host latency: 6.86133 ms (enqueue 2.06055 ms)
[10/04/2026-22:18:08] [I] Average on 1 runs - GPU latency: 6.77539 ms - Host latency: 6.85938 ms (enqueue 2.04688 ms)
[10/04/2026-22:18:08] [I] Average on 1 runs - GPU latency: 6.77344 ms - Host latency: 6.86328 ms (enqueue 2.08203 ms)
[10/04/2026-22:18:08] [I] Average on 1 runs - GPU latency: 6.76758 ms - Host latency: 6.85547 ms (enqueue 2.07617 ms)
[10/04/2026-22:18:08] [I] Average on 1 runs - GPU latency: 6.76562 ms - Host latency: 6.85742 ms (enqueue 2.06055 ms)
[10/04/2026-22:18:08] [I] Average on 1 runs - GPU latency: 6.76953 ms - Host latency: 6.86523 ms (enqueue 2.05078 ms)
[10/04/2026-22:18:08] [I] Average on 1 runs - GPU latency: 6.76758 ms - Host latency: 6.85742 ms (enqueue 2.07812 ms)
[10/04/2026-22:18:08] [I] Average on 1 runs - GPU latency: 6.78125 ms - Host latency: 6.87305 ms (enqueue 2.03516 ms)
[10/04/2026-22:18:08] [I] Average on 1 runs - GPU latency: 6.77344 ms - Host latency: 6.86133 ms (enqueue 2.03906 ms)
[10/04/2026-22:18:08] [I] Average on 1 runs - GPU latency: 6.76953 ms - Host latency: 6.85938 ms (enqueue 2.08398 ms)
[10/04/2026-22:18:08] [I] Average on 1 runs - GPU latency: 6.77148 ms - Host latency: 6.86133 ms (enqueue 2.0332 ms)
[10/04/2026-22:18:08] [I] Average on 1 runs - GPU latency: 6.76367 ms - Host latency: 6.84961 ms (enqueue 2.06836 ms)
[10/04/2026-22:18:08] [I] Average on 1 runs - GPU latency: 6.77539 ms - Host latency: 6.87109 ms (enqueue 2.11133 ms)
[10/04/2026-22:18:08] [I] Average on 1 runs - GPU latency: 6.76953 ms - Host latency: 6.85547 ms (enqueue 2.09961 ms)
[10/04/2026-22:18:08] [I] Average on 1 runs - GPU latency: 6.76953 ms - Host latency: 6.85547 ms (enqueue 2.04688 ms)
[10/04/2026-22:18:08] [I] Average on 1 runs - GPU latency: 6.7832 ms - Host latency: 6.86914 ms (enqueue 2.07422 ms)
[10/04/2026-22:18:08] [I] Average on 1 runs - GPU latency: 6.7793 ms - Host latency: 6.86328 ms (enqueue 2.09375 ms)
[10/04/2026-22:18:08] [I] Average on 1 runs - GPU latency: 6.77344 ms - Host latency: 6.85938 ms (enqueue 2.0332 ms)
[10/04/2026-22:18:08] [I] Average on 1 runs - GPU latency: 6.76953 ms - Host latency: 6.85547 ms (enqueue 2.25586 ms)
[10/04/2026-22:18:08] [I] Average on 1 runs - GPU latency: 6.76953 ms - Host latency: 6.85938 ms (enqueue 2.0918 ms)
[10/04/2026-22:18:08] [I] Average on 1 runs - GPU latency: 6.77539 ms - Host latency: 6.86523 ms (enqueue 2.04297 ms)
[10/04/2026-22:18:08] [I] Average on 1 runs - GPU latency: 6.77344 ms - Host latency: 6.86914 ms (enqueue 2.03711 ms)
[10/04/2026-22:18:08] [I] Average on 1 runs - GPU latency: 6.76953 ms - Host latency: 6.85938 ms (enqueue 2.06445 ms)
[10/04/2026-22:18:08] [I] Average on 1 runs - GPU latency: 6.77734 ms - Host latency: 6.86523 ms (enqueue 2.07617 ms)
[10/04/2026-22:18:08] [I] Average on 1 runs - GPU latency: 6.77344 ms - Host latency: 6.85938 ms (enqueue 2.04688 ms)
[10/04/2026-22:18:08] [I] Average on 1 runs - GPU latency: 6.77344 ms - Host latency: 6.86133 ms (enqueue 2.07422 ms)
[10/04/2026-22:18:08] [I] Average on 1 runs - GPU latency: 6.7793 ms - Host latency: 6.86719 ms (enqueue 2.11523 ms)
[10/04/2026-22:18:08] [I] Average on 1 runs - GPU latency: 6.77539 ms - Host latency: 6.86719 ms (enqueue 2.06055 ms)
[10/04/2026-22:18:08] [I] Average on 1 runs - GPU latency: 6.76953 ms - Host latency: 6.85742 ms (enqueue 2.08594 ms)
[10/04/2026-22:18:08] [I] Average on 1 runs - GPU latency: 6.76562 ms - Host latency: 6.85352 ms (enqueue 2.07617 ms)
[10/04/2026-22:18:08] [I] Average on 1 runs - GPU latency: 6.77539 ms - Host latency: 6.86328 ms (enqueue 2.04102 ms)
[10/04/2026-22:18:08] [I] Average on 1 runs - GPU latency: 6.76953 ms - Host latency: 6.85742 ms (enqueue 2.03516 ms)
[10/04/2026-22:18:08] [I] Average on 1 runs - GPU latency: 6.7793 ms - Host latency: 6.87891 ms (enqueue 2.0918 ms)
[10/04/2026-22:18:08] [I] Average on 1 runs - GPU latency: 6.77344 ms - Host latency: 6.86133 ms (enqueue 2.17773 ms)
[10/04/2026-22:18:08] [I] Average on 1 runs - GPU latency: 6.76953 ms - Host latency: 6.85547 ms (enqueue 2.04297 ms)
[10/04/2026-22:18:08] [I] Average on 1 runs - GPU latency: 6.77539 ms - Host latency: 6.86523 ms (enqueue 2.07812 ms)
[10/04/2026-22:18:08] [I] Average on 1 runs - GPU latency: 6.77148 ms - Host latency: 6.85742 ms (enqueue 2.08398 ms)
[10/04/2026-22:18:08] [I] Average on 1 runs - GPU latency: 6.77148 ms - Host latency: 6.86133 ms (enqueue 2.04297 ms)
[10/04/2026-22:18:08] [I] Average on 1 runs - GPU latency: 6.7793 ms - Host latency: 6.86914 ms (enqueue 2.08398 ms)
[10/04/2026-22:18:08] [I] Average on 1 runs - GPU latency: 6.76562 ms - Host latency: 6.86133 ms (enqueue 2.10352 ms)
[10/04/2026-22:18:08] [I] Average on 1 runs - GPU latency: 6.77539 ms - Host latency: 6.86133 ms (enqueue 2.03516 ms)
[10/04/2026-22:18:08] [I] Average on 1 runs - GPU latency: 6.77344 ms - Host latency: 6.87305 ms (enqueue 2.05664 ms)
[10/04/2026-22:18:08] [I] Average on 1 runs - GPU latency: 6.77344 ms - Host latency: 6.86914 ms (enqueue 2.03516 ms)
[10/04/2026-22:18:08] [I] Average on 1 runs - GPU latency: 6.76562 ms - Host latency: 6.85352 ms (enqueue 1.97852 ms)
[10/04/2026-22:18:08] [I] Average on 1 runs - GPU latency: 6.77344 ms - Host latency: 6.86523 ms (enqueue 1.99023 ms)
[10/04/2026-22:18:08] [I] Average on 1 runs - GPU latency: 6.76758 ms - Host latency: 6.85352 ms (enqueue 2.04492 ms)
[10/04/2026-22:18:08] [I] Average on 1 runs - GPU latency: 6.77344 ms - Host latency: 6.875 ms (enqueue 1.99805 ms)
[10/04/2026-22:18:08] [I] Average on 1 runs - GPU latency: 6.76953 ms - Host latency: 6.86133 ms (enqueue 1.96484 ms)
[10/04/2026-22:18:08] [I] Average on 1 runs - GPU latency: 6.76758 ms - Host latency: 6.86328 ms (enqueue 2.06836 ms)
[10/04/2026-22:18:08] [I] Average on 1 runs - GPU latency: 6.77734 ms - Host latency: 6.86914 ms (enqueue 2.04297 ms)
[10/04/2026-22:18:08] [I] Average on 1 runs - GPU latency: 6.77539 ms - Host latency: 6.86133 ms (enqueue 1.99609 ms)
[10/04/2026-22:18:08] [I] Average on 1 runs - GPU latency: 6.76953 ms - Host latency: 6.85938 ms (enqueue 2.01953 ms)
[10/04/2026-22:18:08] [I] Average on 1 runs - GPU latency: 6.78125 ms - Host latency: 6.87109 ms (enqueue 2.0293 ms)
[10/04/2026-22:18:08] [I] Average on 1 runs - GPU latency: 6.7793 ms - Host latency: 6.86719 ms (enqueue 2.00977 ms)
[10/04/2026-22:18:08] [I] Average on 1 runs - GPU latency: 6.76758 ms - Host latency: 6.85742 ms (enqueue 2.00391 ms)
[10/04/2026-22:18:08] [I] Average on 1 runs - GPU latency: 6.77344 ms - Host latency: 6.86133 ms (enqueue 2.08203 ms)
[10/04/2026-22:18:08] [I] Average on 1 runs - GPU latency: 6.76758 ms - Host latency: 6.85742 ms (enqueue 2.05078 ms)
[10/04/2026-22:18:08] [I] Average on 1 runs - GPU latency: 6.79102 ms - Host latency: 6.87891 ms (enqueue 2.03906 ms)
[10/04/2026-22:18:08] [I] Average on 1 runs - GPU latency: 6.80078 ms - Host latency: 6.89062 ms (enqueue 2.08398 ms)
[10/04/2026-22:18:08] [I] Average on 1 runs - GPU latency: 6.78516 ms - Host latency: 6.88477 ms (enqueue 2.30078 ms)
[10/04/2026-22:18:08] [I] Average on 1 runs - GPU latency: 6.77148 ms - Host latency: 6.86523 ms (enqueue 2.15039 ms)
[10/04/2026-22:18:08] [I] Average on 1 runs - GPU latency: 6.80273 ms - Host latency: 6.89844 ms (enqueue 2.2207 ms)
[10/04/2026-22:18:08] [I] Average on 1 runs - GPU latency: 6.7793 ms - Host latency: 6.87695 ms (enqueue 2.19336 ms)
[10/04/2026-22:18:08] [I] Average on 1 runs - GPU latency: 6.78906 ms - Host latency: 6.88281 ms (enqueue 2.12891 ms)
[10/04/2026-22:18:08] [I] Average on 1 runs - GPU latency: 6.76758 ms - Host latency: 6.86328 ms (enqueue 2.18164 ms)
[10/04/2026-22:18:08] [I] Average on 1 runs - GPU latency: 6.76562 ms - Host latency: 6.85352 ms (enqueue 2.11133 ms)
[10/04/2026-22:18:08] [I] Average on 1 runs - GPU latency: 6.76953 ms - Host latency: 6.86133 ms (enqueue 2.04883 ms)
[10/04/2026-22:18:08] [I] Average on 1 runs - GPU latency: 6.77344 ms - Host latency: 6.86133 ms (enqueue 2.03711 ms)
[10/04/2026-22:18:08] [I] Average on 1 runs - GPU latency: 6.76758 ms - Host latency: 6.85938 ms (enqueue 2.10938 ms)
[10/04/2026-22:18:08] [I] Average on 1 runs - GPU latency: 6.78125 ms - Host latency: 6.87109 ms (enqueue 2.0332 ms)
[10/04/2026-22:18:08] [I] Average on 1 runs - GPU latency: 6.77344 ms - Host latency: 6.86719 ms (enqueue 2.08594 ms)
[10/04/2026-22:18:08] [I] Average on 1 runs - GPU latency: 6.77734 ms - Host latency: 6.86719 ms (enqueue 2.09375 ms)
[10/04/2026-22:18:08] [I] Average on 1 runs - GPU latency: 6.76367 ms - Host latency: 6.85352 ms (enqueue 2.10938 ms)
[10/04/2026-22:18:08] [I] Average on 1 runs - GPU latency: 6.76367 ms - Host latency: 6.86719 ms (enqueue 2.01953 ms)
[10/04/2026-22:18:08] [I] Average on 1 runs - GPU latency: 6.76758 ms - Host latency: 6.85547 ms (enqueue 2.05273 ms)
[10/04/2026-22:18:08] [I] Average on 1 runs - GPU latency: 6.77344 ms - Host latency: 6.86328 ms (enqueue 2.08008 ms)
[10/04/2026-22:18:08] [I] Average on 1 runs - GPU latency: 6.77539 ms - Host latency: 6.86719 ms (enqueue 2.02344 ms)
[10/04/2026-22:18:08] [I] Average on 1 runs - GPU latency: 6.77539 ms - Host latency: 6.86523 ms (enqueue 2.0332 ms)
[10/04/2026-22:18:08] [I] Average on 1 runs - GPU latency: 6.77344 ms - Host latency: 6.86719 ms (enqueue 2.10547 ms)
[10/04/2026-22:18:08] [I] Average on 1 runs - GPU latency: 6.77344 ms - Host latency: 6.86328 ms (enqueue 2.02344 ms)
[10/04/2026-22:18:08] [I] Average on 1 runs - GPU latency: 6.77344 ms - Host latency: 6.86133 ms (enqueue 2.0332 ms)
[10/04/2026-22:18:08] [I] Average on 1 runs - GPU latency: 6.77734 ms - Host latency: 6.87109 ms (enqueue 2.07617 ms)
[10/04/2026-22:18:08] [I] Average on 1 runs - GPU latency: 6.76953 ms - Host latency: 6.85547 ms (enqueue 2.01367 ms)
[10/04/2026-22:18:08] [I] Average on 1 runs - GPU latency: 6.77734 ms - Host latency: 6.86719 ms (enqueue 2.01367 ms)
[10/04/2026-22:18:08] [I] Average on 1 runs - GPU latency: 6.77344 ms - Host latency: 6.86328 ms (enqueue 2.08594 ms)
[10/04/2026-22:18:08] [I] Average on 1 runs - GPU latency: 6.76562 ms - Host latency: 6.86133 ms (enqueue 2.125 ms)
[10/04/2026-22:18:08] [I] Average on 1 runs - GPU latency: 6.77148 ms - Host latency: 6.86328 ms (enqueue 2.02344 ms)
[10/04/2026-22:18:08] [I] Average on 1 runs - GPU latency: 6.77344 ms - Host latency: 6.86328 ms (enqueue 2.06836 ms)
[10/04/2026-22:18:08] [I] Average on 1 runs - GPU latency: 6.77344 ms - Host latency: 6.86328 ms (enqueue 2.07422 ms)
[10/04/2026-22:18:08] [I] Average on 1 runs - GPU latency: 6.77148 ms - Host latency: 6.86133 ms (enqueue 2.01172 ms)
[10/04/2026-22:18:08] [I] Average on 1 runs - GPU latency: 6.77344 ms - Host latency: 6.86914 ms (enqueue 2.01758 ms)
[10/04/2026-22:18:08] [I] Average on 1 runs - GPU latency: 6.77148 ms - Host latency: 6.86328 ms (enqueue 2.10742 ms)
[10/04/2026-22:18:08] [I] Average on 1 runs - GPU latency: 6.77734 ms - Host latency: 6.86914 ms (enqueue 2.05078 ms)
[10/04/2026-22:18:08] [I] Average on 1 runs - GPU latency: 6.77539 ms - Host latency: 6.86133 ms (enqueue 2.04492 ms)
[10/04/2026-22:18:08] [I] Average on 1 runs - GPU latency: 6.77734 ms - Host latency: 6.86719 ms (enqueue 2.03516 ms)
[10/04/2026-22:18:08] [I] Average on 1 runs - GPU latency: 6.77734 ms - Host latency: 6.86328 ms (enqueue 2.04492 ms)
[10/04/2026-22:18:08] [I] Average on 1 runs - GPU latency: 6.77148 ms - Host latency: 6.86133 ms (enqueue 2.00977 ms)
[10/04/2026-22:18:08] [I] Average on 1 runs - GPU latency: 6.77539 ms - Host latency: 6.86914 ms (enqueue 2.06055 ms)
[10/04/2026-22:18:08] [I] Average on 1 runs - GPU latency: 6.77539 ms - Host latency: 6.86523 ms (enqueue 2.0293 ms)
[10/04/2026-22:18:08] [I] Average on 1 runs - GPU latency: 6.77734 ms - Host latency: 6.875 ms (enqueue 2.00781 ms)
[10/04/2026-22:18:08] [I] Average on 1 runs - GPU latency: 6.76758 ms - Host latency: 6.86133 ms (enqueue 2.05273 ms)
[10/04/2026-22:18:08] [I] Average on 1 runs - GPU latency: 6.77734 ms - Host latency: 6.86719 ms (enqueue 2.04883 ms)
[10/04/2026-22:18:08] [I] Average on 1 runs - GPU latency: 6.76953 ms - Host latency: 6.86328 ms (enqueue 2 ms)
[10/04/2026-22:18:08] [I] Average on 1 runs - GPU latency: 6.76562 ms - Host latency: 6.85547 ms (enqueue 1.99805 ms)
[10/04/2026-22:18:08] [I] Average on 1 runs - GPU latency: 6.77344 ms - Host latency: 6.86328 ms (enqueue 2.04102 ms)
[10/04/2026-22:18:08] [I] Average on 1 runs - GPU latency: 6.77344 ms - Host latency: 6.86523 ms (enqueue 1.98633 ms)
[10/04/2026-22:18:08] [I] Average on 1 runs - GPU latency: 6.77539 ms - Host latency: 6.86523 ms (enqueue 2.00195 ms)
[10/04/2026-22:18:08] [I] Average on 1 runs - GPU latency: 6.76953 ms - Host latency: 6.86133 ms (enqueue 2.07617 ms)
[10/04/2026-22:18:08] [I] Average on 1 runs - GPU latency: 6.76953 ms - Host latency: 6.85938 ms (enqueue 2.07422 ms)
[10/04/2026-22:18:08] [I] Average on 1 runs - GPU latency: 6.76562 ms - Host latency: 6.85547 ms (enqueue 1.98828 ms)
[10/04/2026-22:18:08] [I] Average on 1 runs - GPU latency: 6.77148 ms - Host latency: 6.85938 ms (enqueue 2.05664 ms)
[10/04/2026-22:18:08] [I] Average on 1 runs - GPU latency: 6.77148 ms - Host latency: 6.86133 ms (enqueue 2.02148 ms)
[10/04/2026-22:18:08] [I] Average on 1 runs - GPU latency: 6.77734 ms - Host latency: 6.87109 ms (enqueue 2.00195 ms)
[10/04/2026-22:18:08] [I] Average on 1 runs - GPU latency: 6.77148 ms - Host latency: 6.86719 ms (enqueue 2.00586 ms)
[10/04/2026-22:18:08] [I] Average on 1 runs - GPU latency: 6.77148 ms - Host latency: 6.87109 ms (enqueue 2.04492 ms)
[10/04/2026-22:18:08] [I] Average on 1 runs - GPU latency: 6.77148 ms - Host latency: 6.86133 ms (enqueue 2.02344 ms)
[10/04/2026-22:18:08] [I] Average on 1 runs - GPU latency: 6.7793 ms - Host latency: 6.86914 ms (enqueue 2.00586 ms)
[10/04/2026-22:18:08] [I] Average on 1 runs - GPU latency: 6.77734 ms - Host latency: 6.86914 ms (enqueue 2.11328 ms)
[10/04/2026-22:18:08] [I] Average on 1 runs - GPU latency: 6.76172 ms - Host latency: 6.85547 ms (enqueue 2.02148 ms)
[10/04/2026-22:18:08] [I] Average on 1 runs - GPU latency: 6.77539 ms - Host latency: 6.86328 ms (enqueue 1.98438 ms)
[10/04/2026-22:18:08] [I] Average on 1 runs - GPU latency: 6.7793 ms - Host latency: 6.87305 ms (enqueue 2.04102 ms)
[10/04/2026-22:18:08] [I] Average on 1 runs - GPU latency: 6.77539 ms - Host latency: 6.86523 ms (enqueue 2.04297 ms)
[10/04/2026-22:18:08] [I] Average on 1 runs - GPU latency: 6.76367 ms - Host latency: 6.85352 ms (enqueue 2.04688 ms)
[10/04/2026-22:18:08] [I] Average on 1 runs - GPU latency: 6.77344 ms - Host latency: 6.86133 ms (enqueue 2.08984 ms)
[10/04/2026-22:18:08] [I] Average on 1 runs - GPU latency: 6.76758 ms - Host latency: 6.85742 ms (enqueue 2.03516 ms)
[10/04/2026-22:18:08] [I] Average on 1 runs - GPU latency: 6.77148 ms - Host latency: 6.85938 ms (enqueue 1.99023 ms)
[10/04/2026-22:18:08] [I] Average on 1 runs - GPU latency: 6.77148 ms - Host latency: 6.85938 ms (enqueue 2.01172 ms)
[10/04/2026-22:18:08] [I] Average on 1 runs - GPU latency: 6.77344 ms - Host latency: 6.86133 ms (enqueue 2.07031 ms)
[10/04/2026-22:18:08] [I] Average on 1 runs - GPU latency: 6.77344 ms - Host latency: 6.86523 ms (enqueue 2.03906 ms)
[10/04/2026-22:18:08] [I] Average on 1 runs - GPU latency: 6.77734 ms - Host latency: 6.86914 ms (enqueue 2.05078 ms)
[10/04/2026-22:18:08] [I] Average on 1 runs - GPU latency: 6.78125 ms - Host latency: 6.87305 ms (enqueue 2.08008 ms)
[10/04/2026-22:18:08] [I] Average on 1 runs - GPU latency: 6.76758 ms - Host latency: 6.85938 ms (enqueue 2.02344 ms)
[10/04/2026-22:18:08] [I] Average on 1 runs - GPU latency: 6.75781 ms - Host latency: 6.84766 ms (enqueue 2.00781 ms)
[10/04/2026-22:18:08] [I] Average on 1 runs - GPU latency: 6.7793 ms - Host latency: 6.87109 ms (enqueue 2.05664 ms)
[10/04/2026-22:18:08] [I] Average on 1 runs - GPU latency: 6.76562 ms - Host latency: 6.85352 ms (enqueue 2.06445 ms)
[10/04/2026-22:18:08] [I] Average on 1 runs - GPU latency: 6.76953 ms - Host latency: 6.85742 ms (enqueue 2.01758 ms)
[10/04/2026-22:18:08] [I] Average on 1 runs - GPU latency: 6.77539 ms - Host latency: 6.86523 ms (enqueue 2.05469 ms)
[10/04/2026-22:18:08] [I] Average on 1 runs - GPU latency: 6.77734 ms - Host latency: 6.86523 ms (enqueue 2.07812 ms)
[10/04/2026-22:18:08] [I] Average on 1 runs - GPU latency: 6.79492 ms - Host latency: 6.88477 ms (enqueue 2.02734 ms)
[10/04/2026-22:18:08] [I] Average on 1 runs - GPU latency: 6.77734 ms - Host latency: 6.875 ms (enqueue 2.20898 ms)
[10/04/2026-22:18:08] [I] Average on 1 runs - GPU latency: 6.78516 ms - Host latency: 6.88281 ms (enqueue 2.26953 ms)
[10/04/2026-22:18:08] [I] Average on 1 runs - GPU latency: 6.7832 ms - Host latency: 6.88086 ms (enqueue 2.16016 ms)
[10/04/2026-22:18:08] [I] Average on 1 runs - GPU latency: 6.78516 ms - Host latency: 6.875 ms (enqueue 2.09375 ms)
[10/04/2026-22:18:08] [I] Average on 1 runs - GPU latency: 6.79102 ms - Host latency: 6.88672 ms (enqueue 2.16797 ms)
[10/04/2026-22:18:08] [I] Average on 1 runs - GPU latency: 6.77539 ms - Host latency: 6.88086 ms (enqueue 2.1543 ms)
[10/04/2026-22:18:08] [I] Average on 1 runs - GPU latency: 6.76562 ms - Host latency: 6.86133 ms (enqueue 2.10547 ms)
[10/04/2026-22:18:08] [I] Average on 1 runs - GPU latency: 6.77344 ms - Host latency: 6.86328 ms (enqueue 2.05859 ms)
[10/04/2026-22:18:08] [I] Average on 1 runs - GPU latency: 6.77539 ms - Host latency: 6.86719 ms (enqueue 2.04297 ms)
[10/04/2026-22:18:08] [I] Average on 1 runs - GPU latency: 6.76758 ms - Host latency: 6.85938 ms (enqueue 2.01562 ms)
[10/04/2026-22:18:08] [I] Average on 1 runs - GPU latency: 6.76953 ms - Host latency: 6.86133 ms (enqueue 2.03711 ms)
[10/04/2026-22:18:08] [I] Average on 1 runs - GPU latency: 6.77148 ms - Host latency: 6.86328 ms (enqueue 2.05273 ms)
[10/04/2026-22:18:08] [I] Average on 1 runs - GPU latency: 6.77539 ms - Host latency: 6.86719 ms (enqueue 2.01758 ms)
[10/04/2026-22:18:08] [I] Average on 1 runs - GPU latency: 6.77734 ms - Host latency: 6.86328 ms (enqueue 2.03711 ms)
[10/04/2026-22:18:08] [I] Average on 1 runs - GPU latency: 6.76562 ms - Host latency: 6.85547 ms (enqueue 2.04102 ms)
[10/04/2026-22:18:08] [I] Average on 1 runs - GPU latency: 6.77344 ms - Host latency: 6.86328 ms (enqueue 2.00195 ms)
[10/04/2026-22:18:08] [I] Average on 1 runs - GPU latency: 6.77734 ms - Host latency: 6.88477 ms (enqueue 1.99805 ms)
[10/04/2026-22:18:08] [I] Average on 1 runs - GPU latency: 6.76758 ms - Host latency: 6.85938 ms (enqueue 2.03125 ms)
[10/04/2026-22:18:08] [I] Average on 1 runs - GPU latency: 6.77734 ms - Host latency: 6.86328 ms (enqueue 2.08008 ms)
[10/04/2026-22:18:08] [I] Average on 1 runs - GPU latency: 6.77539 ms - Host latency: 6.86523 ms (enqueue 2.01953 ms)
[10/04/2026-22:18:08] [I] Average on 1 runs - GPU latency: 6.76562 ms - Host latency: 6.86133 ms (enqueue 2.12109 ms)
[10/04/2026-22:18:08] [I] Average on 1 runs - GPU latency: 6.77148 ms - Host latency: 6.86133 ms (enqueue 2.07422 ms)
[10/04/2026-22:18:08] [I] Average on 1 runs - GPU latency: 6.77734 ms - Host latency: 6.86914 ms (enqueue 2.01953 ms)
[10/04/2026-22:18:08] [I] Average on 1 runs - GPU latency: 6.76367 ms - Host latency: 6.86719 ms (enqueue 2.03906 ms)
[10/04/2026-22:18:08] [I] Average on 1 runs - GPU latency: 6.77734 ms - Host latency: 6.86719 ms (enqueue 2.07031 ms)
[10/04/2026-22:18:08] [I] Average on 1 runs - GPU latency: 6.7793 ms - Host latency: 6.86523 ms (enqueue 2.02539 ms)
[10/04/2026-22:18:08] [I] Average on 1 runs - GPU latency: 6.77539 ms - Host latency: 6.86523 ms (enqueue 2.0293 ms)
[10/04/2026-22:18:08] [I] Average on 1 runs - GPU latency: 6.76562 ms - Host latency: 6.86328 ms (enqueue 2.06836 ms)
[10/04/2026-22:18:08] [I] Average on 1 runs - GPU latency: 6.76758 ms - Host latency: 6.85938 ms (enqueue 2.05273 ms)
[10/04/2026-22:18:08] [I] Average on 1 runs - GPU latency: 6.76758 ms - Host latency: 6.85742 ms (enqueue 2.03906 ms)
[10/04/2026-22:18:08] [I] Average on 1 runs - GPU latency: 6.76953 ms - Host latency: 6.86328 ms (enqueue 2.06445 ms)
[10/04/2026-22:18:08] [I] Average on 1 runs - GPU latency: 6.76172 ms - Host latency: 6.85352 ms (enqueue 2.08203 ms)
[10/04/2026-22:18:08] [I] Average on 1 runs - GPU latency: 6.75195 ms - Host latency: 6.8418 ms (enqueue 2.04688 ms)
[10/04/2026-22:18:08] [I] 
[10/04/2026-22:18:08] [I] === Performance summary ===
[10/04/2026-22:18:08] [I] Throughput: 147.518 qps
[10/04/2026-22:18:08] [I] Latency: min = 6.8418 ms, max = 7.55859 ms, mean = 6.86433 ms, median = 6.86328 ms, percentile(90%) = 6.87402 ms, percentile(95%) = 6.87964 ms, percentile(99%) = 6.89453 ms
[10/04/2026-22:18:08] [I] Enqueue Time: min = 1.95117 ms, max = 2.72559 ms, mean = 2.07041 ms, median = 2.05957 ms, percentile(90%) = 2.12891 ms, percentile(95%) = 2.19141 ms, percentile(99%) = 2.30762 ms
[10/04/2026-22:18:08] [I] H2D Latency: min = 0.0742188 ms, max = 0.150391 ms, mean = 0.0848041 ms, median = 0.0839844 ms, percentile(90%) = 0.0883789 ms, percentile(95%) = 0.0913086 ms, percentile(99%) = 0.0981445 ms
[10/04/2026-22:18:08] [I] GPU Compute Time: min = 6.75195 ms, max = 7.46387 ms, mean = 6.77305 ms, median = 6.77246 ms, percentile(90%) = 6.78027 ms, percentile(95%) = 6.78418 ms, percentile(99%) = 6.7959 ms
[10/04/2026-22:18:08] [I] D2H Latency: min = 0.00390625 ms, max = 0.0117188 ms, mean = 0.00648107 ms, median = 0.00585938 ms, percentile(90%) = 0.00878906 ms, percentile(95%) = 0.00878906 ms, percentile(99%) = 0.00976562 ms
[10/04/2026-22:18:08] [I] Total Host Walltime: 15.0219 s
[10/04/2026-22:18:08] [I] Total GPU Compute Time: 15.0091 s
[10/04/2026-22:18:08] [I] Explanations of the performance metrics are printed in the verbose logs.
[10/04/2026-22:18:08] [I] 
&&&& PASSED TensorRT.trtexec [TensorRT v100300] # /usr/src/tensorrt/bin/trtexec --loadEngine=/tmp/engines/y26s_640_uint8_opt3.engine --warmUp=3000 --duration=15 --idleTime=1 --avgRuns=1
