&&&& RUNNING TensorRT.trtexec [TensorRT v100300] # /usr/src/tensorrt/bin/trtexec --loadEngine=/tmp/yolo26n_84172_fp16_opt3.engine --warmUp=3000 --duration=15 --idleTime=0 --avgRuns=1
[10/06/2026-14:12:47] [I] === Model Options ===
[10/06/2026-14:12:47] [I] Format: *
[10/06/2026-14:12:47] [I] Model: 
[10/06/2026-14:12:47] [I] Output:
[10/06/2026-14:12:47] [I] 
[10/06/2026-14:12:47] [I] === System Options ===
[10/06/2026-14:12:47] [I] Device: 0
[10/06/2026-14:12:47] [I] DLACore: 
[10/06/2026-14:12:47] [I] Plugins:
[10/06/2026-14:12:47] [I] setPluginsToSerialize:
[10/06/2026-14:12:47] [I] dynamicPlugins:
[10/06/2026-14:12:47] [I] ignoreParsedPluginLibs: 0
[10/06/2026-14:12:47] [I] 
[10/06/2026-14:12:47] [I] === Inference Options ===
[10/06/2026-14:12:47] [I] Batch: Explicit
[10/06/2026-14:12:47] [I] Input inference shapes: model
[10/06/2026-14:12:47] [I] Iterations: 10
[10/06/2026-14:12:47] [I] Duration: 15s (+ 3000ms warm up)
[10/06/2026-14:12:47] [I] Sleep time: 0ms
[10/06/2026-14:12:47] [I] Idle time: 0ms
[10/06/2026-14:12:47] [I] Inference Streams: 1
[10/06/2026-14:12:47] [I] ExposeDMA: Disabled
[10/06/2026-14:12:47] [I] Data transfers: Enabled
[10/06/2026-14:12:47] [I] Spin-wait: Disabled
[10/06/2026-14:12:47] [I] Multithreading: Disabled
[10/06/2026-14:12:47] [I] CUDA Graph: Disabled
[10/06/2026-14:12:47] [I] Separate profiling: Disabled
[10/06/2026-14:12:47] [I] Time Deserialize: Disabled
[10/06/2026-14:12:47] [I] Time Refit: Disabled
[10/06/2026-14:12:47] [I] NVTX verbosity: 0
[10/06/2026-14:12:47] [I] Persistent Cache Ratio: 0
[10/06/2026-14:12:47] [I] Optimization Profile Index: 0
[10/06/2026-14:12:47] [I] Weight Streaming Budget: 100.000000%
[10/06/2026-14:12:47] [I] Inputs:
[10/06/2026-14:12:47] [I] Debug Tensor Save Destinations:
[10/06/2026-14:12:47] [I] === Reporting Options ===
[10/06/2026-14:12:47] [I] Verbose: Disabled
[10/06/2026-14:12:47] [I] Averages: 1 inferences
[10/06/2026-14:12:47] [I] Percentiles: 90,95,99
[10/06/2026-14:12:47] [I] Dump refittable layers:Disabled
[10/06/2026-14:12:47] [I] Dump output: Disabled
[10/06/2026-14:12:47] [I] Profile: Disabled
[10/06/2026-14:12:47] [I] Export timing to JSON file: 
[10/06/2026-14:12:47] [I] Export output to JSON file: 
[10/06/2026-14:12:47] [I] Export profile to JSON file: 
[10/06/2026-14:12:47] [I] 
[10/06/2026-14:12:47] [I] === Device Information ===
[10/06/2026-14:12:47] [I] Available Devices: 
[10/06/2026-14:12:47] [I]   Device 0: "Orin" UUID: GPU-6e16c2c1-e394-5324-8f2e-63a975968f4e
[10/06/2026-14:12:47] [I] Selected Device: Orin
[10/06/2026-14:12:47] [I] Selected Device ID: 0
[10/06/2026-14:12:47] [I] Selected Device UUID: GPU-6e16c2c1-e394-5324-8f2e-63a975968f4e
[10/06/2026-14:12:47] [I] Compute Capability: 8.7
[10/06/2026-14:12:47] [I] SMs: 8
[10/06/2026-14:12:47] [I] Device Global Memory: 7607 MiB
[10/06/2026-14:12:47] [I] Shared Memory per SM: 164 KiB
[10/06/2026-14:12:47] [I] Memory Bus Width: 128 bits (ECC disabled)
[10/06/2026-14:12:47] [I] Application Compute Clock Rate: 1.02 GHz
[10/06/2026-14:12:47] [I] Application Memory Clock Rate: 1.02 GHz
[10/06/2026-14:12:47] [I] 
[10/06/2026-14:12:47] [I] Note: The application clock rates do not reflect the actual clock rates that the GPU is currently running at.
[10/06/2026-14:12:47] [I] 
[10/06/2026-14:12:47] [I] TensorRT version: 10.3.0
[10/06/2026-14:12:47] [I] Loading standard plugins
[10/06/2026-14:12:47] [I] [TRT] Loaded engine size: 7 MiB
[10/06/2026-14:12:47] [I] Engine deserialized in 0.0717797 sec.
[10/06/2026-14:12:47] [I] [TRT] [MemUsageChange] TensorRT-managed allocation in IExecutionContext creation: CPU +0, GPU +9, now: CPU 0, GPU 13 (MiB)
[10/06/2026-14:12:47] [I] Setting persistentCacheLimit to 0 bytes.
[10/06/2026-14:12:47] [I] Created execution context with device memory size: 9.08203 MiB
[10/06/2026-14:12:47] [I] Using random values for input images
[10/06/2026-14:12:47] [I] Input binding for images with dimensions 1x3x640x640 is created.
[10/06/2026-14:12:47] [I] Output binding for output0 with dimensions 1x300x6 is created.
[10/06/2026-14:12:47] [I] Starting inference
[10/06/2026-14:13:05] [I] Warmup completed 684 queries over 3000 ms
[10/06/2026-14:13:05] [I] Timing trace has 3635 queries over 15.0132 s
[10/06/2026-14:13:05] [I] 
[10/06/2026-14:13:05] [I] === Trace details ===
[10/06/2026-14:13:05] [I] Trace averages of 1 runs:
[10/06/2026-14:13:05] [I] Average on 1 runs - GPU latency: 4.12378 ms - Host latency: 4.43921 ms (enqueue 3.05713 ms)
[10/06/2026-14:13:05] [I] Average on 1 runs - GPU latency: 4.12695 ms - Host latency: 4.44434 ms (enqueue 2.88745 ms)
[10/06/2026-14:13:05] [I] Average on 1 runs - GPU latency: 4.13013 ms - Host latency: 4.44775 ms (enqueue 3.05737 ms)
[10/06/2026-14:13:05] [I] Average on 1 runs - GPU latency: 4.13086 ms - Host latency: 4.44873 ms (enqueue 2.89209 ms)
[10/06/2026-14:13:05] [I] Average on 1 runs - GPU latency: 4.12256 ms - Host latency: 4.43604 ms (enqueue 2.92725 ms)
[10/06/2026-14:13:05] [I] Average on 1 runs - GPU latency: 4.12598 ms - Host latency: 4.4436 ms (enqueue 2.93066 ms)
[10/06/2026-14:13:05] [I] Average on 1 runs - GPU latency: 4.125 ms - Host latency: 4.44604 ms (enqueue 2.92407 ms)
[10/06/2026-14:13:05] [I] Average on 1 runs - GPU latency: 4.12866 ms - Host latency: 4.44775 ms (enqueue 2.95874 ms)
[10/06/2026-14:13:05] [I] Average on 1 runs - GPU latency: 4.125 ms - Host latency: 4.43701 ms (enqueue 2.92505 ms)
[10/06/2026-14:13:05] [I] Average on 1 runs - GPU latency: 4.13354 ms - Host latency: 4.44678 ms (enqueue 2.93628 ms)
[10/06/2026-14:13:05] [I] Average on 1 runs - GPU latency: 4.12915 ms - Host latency: 4.45825 ms (enqueue 2.90894 ms)
[10/06/2026-14:13:05] [I] Average on 1 runs - GPU latency: 4.13306 ms - Host latency: 4.44897 ms (enqueue 2.93091 ms)
[10/06/2026-14:13:05] [I] Average on 1 runs - GPU latency: 4.12646 ms - Host latency: 4.44775 ms (enqueue 2.95801 ms)
[10/06/2026-14:13:05] [I] Average on 1 runs - GPU latency: 4.12891 ms - Host latency: 4.44238 ms (enqueue 2.96802 ms)
[10/06/2026-14:13:05] [I] Average on 1 runs - GPU latency: 4.12451 ms - Host latency: 4.4314 ms (enqueue 2.91479 ms)
[10/06/2026-14:13:05] [I] Average on 1 runs - GPU latency: 4.12769 ms - Host latency: 4.44238 ms (enqueue 2.927 ms)
[10/06/2026-14:13:05] [I] Average on 1 runs - GPU latency: 4.12402 ms - Host latency: 4.43921 ms (enqueue 2.95093 ms)
[10/06/2026-14:13:05] [I] Average on 1 runs - GPU latency: 4.1228 ms - Host latency: 4.44604 ms (enqueue 2.91431 ms)
[10/06/2026-14:13:05] [I] Average on 1 runs - GPU latency: 4.12183 ms - Host latency: 4.44214 ms (enqueue 2.94971 ms)
[10/06/2026-14:13:05] [I] Average on 1 runs - GPU latency: 4.12891 ms - Host latency: 4.44946 ms (enqueue 2.94067 ms)
[10/06/2026-14:13:05] [I] Average on 1 runs - GPU latency: 4.12036 ms - Host latency: 4.43774 ms (enqueue 2.90845 ms)
[10/06/2026-14:13:05] [I] Average on 1 runs - GPU latency: 4.12256 ms - Host latency: 4.43848 ms (enqueue 2.96606 ms)
[10/06/2026-14:13:05] [I] Average on 1 runs - GPU latency: 4.12207 ms - Host latency: 4.43408 ms (enqueue 2.98096 ms)
[10/06/2026-14:13:05] [I] Average on 1 runs - GPU latency: 4.12476 ms - Host latency: 4.43872 ms (enqueue 2.92822 ms)
[10/06/2026-14:13:05] [I] Average on 1 runs - GPU latency: 4.12036 ms - Host latency: 4.44238 ms (enqueue 2.92822 ms)
[10/06/2026-14:13:05] [I] Average on 1 runs - GPU latency: 4.13428 ms - Host latency: 4.45898 ms (enqueue 2.94092 ms)
[10/06/2026-14:13:05] [I] Average on 1 runs - GPU latency: 4.1228 ms - Host latency: 4.46533 ms (enqueue 2.88135 ms)
[10/06/2026-14:13:05] [I] Average on 1 runs - GPU latency: 4.12549 ms - Host latency: 4.44092 ms (enqueue 3.04932 ms)
[10/06/2026-14:13:05] [I] Average on 1 runs - GPU latency: 4.12915 ms - Host latency: 4.44385 ms (enqueue 2.86572 ms)
[10/06/2026-14:13:05] [I] Average on 1 runs - GPU latency: 4.12769 ms - Host latency: 4.44751 ms (enqueue 3.03979 ms)
[10/06/2026-14:13:05] [I] Average on 1 runs - GPU latency: 4.13208 ms - Host latency: 4.4458 ms (enqueue 2.86914 ms)
[10/06/2026-14:13:05] [I] Average on 1 runs - GPU latency: 4.13135 ms - Host latency: 4.45605 ms (enqueue 3.05981 ms)
[10/06/2026-14:13:05] [I] Average on 1 runs - GPU latency: 4.12549 ms - Host latency: 4.44092 ms (enqueue 2.87134 ms)
[10/06/2026-14:13:05] [I] Average on 1 runs - GPU latency: 4.12378 ms - Host latency: 4.44873 ms (enqueue 3.05469 ms)
[10/06/2026-14:13:05] [I] Average on 1 runs - GPU latency: 4.12622 ms - Host latency: 4.44702 ms (enqueue 2.86523 ms)
[10/06/2026-14:13:05] [I] Average on 1 runs - GPU latency: 4.12573 ms - Host latency: 4.43872 ms (enqueue 2.89307 ms)
[10/06/2026-14:13:05] [I] Average on 1 runs - GPU latency: 4.12207 ms - Host latency: 4.43628 ms (enqueue 2.93896 ms)
[10/06/2026-14:13:05] [I] Average on 1 runs - GPU latency: 4.13232 ms - Host latency: 4.45483 ms (enqueue 2.91748 ms)
[10/06/2026-14:13:05] [I] Average on 1 runs - GPU latency: 4.12769 ms - Host latency: 4.45215 ms (enqueue 2.93872 ms)
[10/06/2026-14:13:05] [I] Average on 1 runs - GPU latency: 4.12769 ms - Host latency: 4.45068 ms (enqueue 2.91675 ms)
[10/06/2026-14:13:05] [I] Average on 1 runs - GPU latency: 4.1123 ms - Host latency: 4.43262 ms (enqueue 2.94165 ms)
[10/06/2026-14:13:05] [I] Average on 1 runs - GPU latency: 4.12891 ms - Host latency: 4.44629 ms (enqueue 2.91968 ms)
[10/06/2026-14:13:05] [I] Average on 1 runs - GPU latency: 4.1228 ms - Host latency: 4.44238 ms (enqueue 2.94531 ms)
[10/06/2026-14:13:05] [I] Average on 1 runs - GPU latency: 4.12134 ms - Host latency: 4.43604 ms (enqueue 2.93311 ms)
[10/06/2026-14:13:05] [I] Average on 1 runs - GPU latency: 4.11963 ms - Host latency: 4.43555 ms (enqueue 2.97461 ms)
[10/06/2026-14:13:05] [I] Average on 1 runs - GPU latency: 4.1272 ms - Host latency: 4.44702 ms (enqueue 2.92017 ms)
[10/06/2026-14:13:05] [I] Average on 1 runs - GPU latency: 4.11597 ms - Host latency: 4.43262 ms (enqueue 2.90503 ms)
[10/06/2026-14:13:05] [I] Average on 1 runs - GPU latency: 4.13843 ms - Host latency: 4.45215 ms (enqueue 2.92529 ms)
[10/06/2026-14:13:05] [I] Average on 1 runs - GPU latency: 4.12671 ms - Host latency: 4.45044 ms (enqueue 2.98242 ms)
[10/06/2026-14:13:05] [I] Average on 1 runs - GPU latency: 4.13062 ms - Host latency: 4.44678 ms (enqueue 2.92065 ms)
[10/06/2026-14:13:05] [I] Average on 1 runs - GPU latency: 4.11841 ms - Host latency: 4.43286 ms (enqueue 2.93433 ms)
[10/06/2026-14:13:05] [I] Average on 1 runs - GPU latency: 4.12817 ms - Host latency: 4.44971 ms (enqueue 2.94531 ms)
[10/06/2026-14:13:05] [I] Average on 1 runs - GPU latency: 4.11768 ms - Host latency: 4.44458 ms (enqueue 2.92554 ms)
[10/06/2026-14:13:05] [I] Average on 1 runs - GPU latency: 4.12402 ms - Host latency: 4.45435 ms (enqueue 2.94263 ms)
[10/06/2026-14:13:05] [I] Average on 1 runs - GPU latency: 4.12378 ms - Host latency: 4.44336 ms (enqueue 2.96777 ms)
[10/06/2026-14:13:05] [I] Average on 1 runs - GPU latency: 4.12061 ms - Host latency: 4.43604 ms (enqueue 2.93164 ms)
[10/06/2026-14:13:05] [I] Average on 1 runs - GPU latency: 4.12451 ms - Host latency: 4.44482 ms (enqueue 2.89087 ms)
[10/06/2026-14:13:05] [I] Average on 1 runs - GPU latency: 4.1272 ms - Host latency: 4.43872 ms (enqueue 2.93335 ms)
[10/06/2026-14:13:05] [I] Average on 1 runs - GPU latency: 4.12109 ms - Host latency: 4.44214 ms (enqueue 3.0603 ms)
[10/06/2026-14:13:05] [I] Average on 1 runs - GPU latency: 4.12769 ms - Host latency: 4.44849 ms (enqueue 2.88159 ms)
[10/06/2026-14:13:05] [I] Average on 1 runs - GPU latency: 4.12207 ms - Host latency: 4.44189 ms (enqueue 3.04858 ms)
[10/06/2026-14:13:05] [I] Average on 1 runs - GPU latency: 4.12378 ms - Host latency: 4.45166 ms (enqueue 2.88403 ms)
[10/06/2026-14:13:05] [I] Average on 1 runs - GPU latency: 4.12939 ms - Host latency: 4.44824 ms (enqueue 3.06006 ms)
[10/06/2026-14:13:05] [I] Average on 1 runs - GPU latency: 4.13989 ms - Host latency: 4.45776 ms (enqueue 2.87573 ms)
[10/06/2026-14:13:05] [I] Average on 1 runs - GPU latency: 4.11768 ms - Host latency: 4.44385 ms (enqueue 3.03491 ms)
[10/06/2026-14:13:05] [I] Average on 1 runs - GPU latency: 4.13647 ms - Host latency: 4.46216 ms (enqueue 2.87085 ms)
[10/06/2026-14:13:05] [I] Average on 1 runs - GPU latency: 4.11865 ms - Host latency: 4.4397 ms (enqueue 2.90063 ms)
[10/06/2026-14:13:05] [I] Average on 1 runs - GPU latency: 4.12842 ms - Host latency: 4.44604 ms (enqueue 2.90356 ms)
[10/06/2026-14:13:05] [I] Average on 1 runs - GPU latency: 4.12769 ms - Host latency: 4.44629 ms (enqueue 2.91724 ms)
[10/06/2026-14:13:05] [I] Average on 1 runs - GPU latency: 4.13892 ms - Host latency: 4.45801 ms (enqueue 2.93823 ms)
[10/06/2026-14:13:05] [I] Average on 1 runs - GPU latency: 4.13232 ms - Host latency: 4.45801 ms (enqueue 2.91406 ms)
[10/06/2026-14:13:05] [I] Average on 1 runs - GPU latency: 4.13647 ms - Host latency: 4.45435 ms (enqueue 2.94312 ms)
[10/06/2026-14:13:05] [I] Average on 1 runs - GPU latency: 4.12524 ms - Host latency: 4.45117 ms (enqueue 2.93066 ms)
[10/06/2026-14:13:05] [I] Average on 1 runs - GPU latency: 4.12915 ms - Host latency: 4.45239 ms (enqueue 2.92847 ms)
[10/06/2026-14:13:05] [I] Average on 1 runs - GPU latency: 4.1228 ms - Host latency: 4.43921 ms (enqueue 2.98169 ms)
[10/06/2026-14:13:05] [I] Average on 1 runs - GPU latency: 4.13232 ms - Host latency: 4.46289 ms (enqueue 2.96899 ms)
[10/06/2026-14:13:05] [I] Average on 1 runs - GPU latency: 4.12573 ms - Host latency: 4.44458 ms (enqueue 2.92041 ms)
[10/06/2026-14:13:05] [I] Average on 1 runs - GPU latency: 4.12769 ms - Host latency: 4.43921 ms (enqueue 2.99219 ms)
[10/06/2026-14:13:05] [I] Average on 1 runs - GPU latency: 4.13281 ms - Host latency: 4.44946 ms (enqueue 2.94019 ms)
[10/06/2026-14:13:05] [I] Average on 1 runs - GPU latency: 4.13477 ms - Host latency: 4.45459 ms (enqueue 2.94922 ms)
[10/06/2026-14:13:05] [I] Average on 1 runs - GPU latency: 4.12061 ms - Host latency: 4.43506 ms (enqueue 2.93652 ms)
[10/06/2026-14:13:05] [I] Average on 1 runs - GPU latency: 4.13013 ms - Host latency: 4.43896 ms (enqueue 2.92749 ms)
[10/06/2026-14:13:05] [I] Average on 1 runs - GPU latency: 4.12207 ms - Host latency: 4.43677 ms (enqueue 2.93555 ms)
[10/06/2026-14:13:05] [I] Average on 1 runs - GPU latency: 4.12476 ms - Host latency: 4.44263 ms (enqueue 2.94092 ms)
[10/06/2026-14:13:05] [I] Average on 1 runs - GPU latency: 4.12158 ms - Host latency: 4.44531 ms (enqueue 2.94653 ms)
[10/06/2026-14:13:05] [I] Average on 1 runs - GPU latency: 4.13501 ms - Host latency: 4.45654 ms (enqueue 2.94873 ms)
[10/06/2026-14:13:05] [I] Average on 1 runs - GPU latency: 4.11792 ms - Host latency: 4.43506 ms (enqueue 2.93286 ms)
[10/06/2026-14:13:05] [I] Average on 1 runs - GPU latency: 4.12891 ms - Host latency: 4.45044 ms (enqueue 2.91431 ms)
[10/06/2026-14:13:05] [I] Average on 1 runs - GPU latency: 4.11768 ms - Host latency: 4.45093 ms (enqueue 2.86255 ms)
[10/06/2026-14:13:05] [I] Average on 1 runs - GPU latency: 4.12573 ms - Host latency: 4.43994 ms (enqueue 3.05664 ms)
[10/06/2026-14:13:05] [I] Average on 1 runs - GPU latency: 4.12695 ms - Host latency: 4.44287 ms (enqueue 2.8811 ms)
[10/06/2026-14:13:05] [I] Average on 1 runs - GPU latency: 4.12915 ms - Host latency: 4.44409 ms (enqueue 3.0603 ms)
[10/06/2026-14:13:05] [I] Average on 1 runs - GPU latency: 4.13159 ms - Host latency: 4.44482 ms (enqueue 2.87744 ms)
[10/06/2026-14:13:05] [I] Average on 1 runs - GPU latency: 4.1311 ms - Host latency: 4.45435 ms (enqueue 3.05664 ms)
[10/06/2026-14:13:05] [I] Average on 1 runs - GPU latency: 4.11816 ms - Host latency: 4.44751 ms (enqueue 2.8562 ms)
[10/06/2026-14:13:05] [I] Average on 1 runs - GPU latency: 4.13159 ms - Host latency: 4.45093 ms (enqueue 3.05713 ms)
[10/06/2026-14:13:05] [I] Average on 1 runs - GPU latency: 4.12598 ms - Host latency: 4.44824 ms (enqueue 2.88916 ms)
[10/06/2026-14:13:05] [I] Average on 1 runs - GPU latency: 4.12817 ms - Host latency: 4.44141 ms (enqueue 2.94385 ms)
[10/06/2026-14:13:05] [I] Average on 1 runs - GPU latency: 4.12695 ms - Host latency: 4.44336 ms (enqueue 2.93359 ms)
[10/06/2026-14:13:05] [I] Average on 1 runs - GPU latency: 4.12549 ms - Host latency: 4.43945 ms (enqueue 2.91016 ms)
[10/06/2026-14:13:05] [I] Average on 1 runs - GPU latency: 4.12402 ms - Host latency: 4.44043 ms (enqueue 2.93896 ms)
[10/06/2026-14:13:05] [I] Average on 1 runs - GPU latency: 4.13037 ms - Host latency: 4.44287 ms (enqueue 2.92896 ms)
[10/06/2026-14:13:05] [I] Average on 1 runs - GPU latency: 4.12769 ms - Host latency: 4.44702 ms (enqueue 2.98364 ms)
[10/06/2026-14:13:05] [I] Average on 1 runs - GPU latency: 4.1272 ms - Host latency: 4.44678 ms (enqueue 2.91797 ms)
[10/06/2026-14:13:05] [I] Average on 1 runs - GPU latency: 4.13062 ms - Host latency: 4.45093 ms (enqueue 2.96411 ms)
[10/06/2026-14:13:05] [I] Average on 1 runs - GPU latency: 4.13647 ms - Host latency: 4.4563 ms (enqueue 2.93555 ms)
[10/06/2026-14:13:05] [I] Average on 1 runs - GPU latency: 4.12207 ms - Host latency: 4.43848 ms (enqueue 2.98022 ms)
[10/06/2026-14:13:05] [I] Average on 1 runs - GPU latency: 4.12769 ms - Host latency: 4.4436 ms (enqueue 2.93457 ms)
[10/06/2026-14:13:05] [I] Average on 1 runs - GPU latency: 4.12646 ms - Host latency: 4.43677 ms (enqueue 2.94312 ms)
[10/06/2026-14:13:05] [I] Average on 1 runs - GPU latency: 4.13794 ms - Host latency: 4.45679 ms (enqueue 2.97241 ms)
[10/06/2026-14:13:05] [I] Average on 1 runs - GPU latency: 4.12256 ms - Host latency: 4.44312 ms (enqueue 2.9707 ms)
[10/06/2026-14:13:05] [I] Average on 1 runs - GPU latency: 4.12769 ms - Host latency: 4.44409 ms (enqueue 2.96167 ms)
[10/06/2026-14:13:05] [I] Average on 1 runs - GPU latency: 4.12891 ms - Host latency: 4.44946 ms (enqueue 2.9541 ms)
[10/06/2026-14:13:05] [I] Average on 1 runs - GPU latency: 4.13281 ms - Host latency: 4.448 ms (enqueue 2.94727 ms)
[10/06/2026-14:13:05] [I] Average on 1 runs - GPU latency: 4.12109 ms - Host latency: 4.43677 ms (enqueue 2.92725 ms)
[10/06/2026-14:13:05] [I] Average on 1 runs - GPU latency: 4.13672 ms - Host latency: 4.45972 ms (enqueue 2.92969 ms)
[10/06/2026-14:13:05] [I] Average on 1 runs - GPU latency: 4.12378 ms - Host latency: 4.44141 ms (enqueue 2.94995 ms)
[10/06/2026-14:13:05] [I] Average on 1 runs - GPU latency: 4.13306 ms - Host latency: 4.44873 ms (enqueue 2.93384 ms)
[10/06/2026-14:13:05] [I] Average on 1 runs - GPU latency: 4.12012 ms - Host latency: 4.43066 ms (enqueue 2.93359 ms)
[10/06/2026-14:13:05] [I] Average on 1 runs - GPU latency: 4.12598 ms - Host latency: 4.43921 ms (enqueue 3.07861 ms)
[10/06/2026-14:13:05] [I] Average on 1 runs - GPU latency: 4.11011 ms - Host latency: 4.42578 ms (enqueue 2.89038 ms)
[10/06/2026-14:13:05] [I] Average on 1 runs - GPU latency: 4.12988 ms - Host latency: 4.44922 ms (enqueue 3.07495 ms)
[10/06/2026-14:13:05] [I] Average on 1 runs - GPU latency: 4.11304 ms - Host latency: 4.43408 ms (enqueue 2.90747 ms)
[10/06/2026-14:13:05] [I] Average on 1 runs - GPU latency: 4.12817 ms - Host latency: 4.44775 ms (enqueue 3.05591 ms)
[10/06/2026-14:13:05] [I] Average on 1 runs - GPU latency: 4.12524 ms - Host latency: 4.4502 ms (enqueue 2.88989 ms)
[10/06/2026-14:13:05] [I] Average on 1 runs - GPU latency: 4.13306 ms - Host latency: 4.448 ms (enqueue 3.09424 ms)
[10/06/2026-14:13:05] [I] Average on 1 runs - GPU latency: 4.12231 ms - Host latency: 4.43872 ms (enqueue 2.89551 ms)
[10/06/2026-14:13:05] [I] Average on 1 runs - GPU latency: 4.12842 ms - Host latency: 4.4458 ms (enqueue 2.87598 ms)
[10/06/2026-14:13:05] [I] Average on 1 runs - GPU latency: 4.12158 ms - Host latency: 4.4458 ms (enqueue 2.93799 ms)
[10/06/2026-14:13:05] [I] Average on 1 runs - GPU latency: 4.13306 ms - Host latency: 4.45142 ms (enqueue 2.96338 ms)
[10/06/2026-14:13:05] [I] Average on 1 runs - GPU latency: 4.12207 ms - Host latency: 4.43921 ms (enqueue 2.98291 ms)
[10/06/2026-14:13:05] [I] Average on 1 runs - GPU latency: 4.12671 ms - Host latency: 4.44458 ms (enqueue 2.94434 ms)
[10/06/2026-14:13:05] [I] Average on 1 runs - GPU latency: 4.12549 ms - Host latency: 4.44165 ms (enqueue 2.93774 ms)
[10/06/2026-14:13:05] [I] Average on 1 runs - GPU latency: 4.12744 ms - Host latency: 4.4458 ms (enqueue 2.95679 ms)
[10/06/2026-14:13:05] [I] Average on 1 runs - GPU latency: 4.12817 ms - Host latency: 4.45142 ms (enqueue 2.94775 ms)
[10/06/2026-14:13:05] [I] Average on 1 runs - GPU latency: 4.13623 ms - Host latency: 4.46484 ms (enqueue 2.97705 ms)
[10/06/2026-14:13:05] [I] Average on 1 runs - GPU latency: 4.12451 ms - Host latency: 4.44409 ms (enqueue 2.96997 ms)
[10/06/2026-14:13:05] [I] Average on 1 runs - GPU latency: 4.13428 ms - Host latency: 4.45093 ms (enqueue 2.95044 ms)
[10/06/2026-14:13:05] [I] Average on 1 runs - GPU latency: 4.12402 ms - Host latency: 4.44434 ms (enqueue 2.93896 ms)
[10/06/2026-14:13:05] [I] Average on 1 runs - GPU latency: 4.13257 ms - Host latency: 4.45337 ms (enqueue 2.93335 ms)
[10/06/2026-14:13:05] [I] Average on 1 runs - GPU latency: 4.11426 ms - Host latency: 4.43677 ms (enqueue 2.90845 ms)
[10/06/2026-14:13:05] [I] Average on 1 runs - GPU latency: 4.12305 ms - Host latency: 4.43823 ms (enqueue 2.9834 ms)
[10/06/2026-14:13:05] [I] Average on 1 runs - GPU latency: 4.12061 ms - Host latency: 4.43848 ms (enqueue 2.97632 ms)
[10/06/2026-14:13:05] [I] Average on 1 runs - GPU latency: 4.12256 ms - Host latency: 4.43994 ms (enqueue 2.96826 ms)
[10/06/2026-14:13:05] [I] Average on 1 runs - GPU latency: 4.12939 ms - Host latency: 4.44678 ms (enqueue 2.94189 ms)
[10/06/2026-14:13:05] [I] Average on 1 runs - GPU latency: 4.1311 ms - Host latency: 4.45117 ms (enqueue 2.94507 ms)
[10/06/2026-14:13:05] [I] Average on 1 runs - GPU latency: 4.1311 ms - Host latency: 4.45093 ms (enqueue 2.94165 ms)
[10/06/2026-14:13:05] [I] Average on 1 runs - GPU latency: 4.1333 ms - Host latency: 4.4563 ms (enqueue 2.94824 ms)
[10/06/2026-14:13:05] [I] Average on 1 runs - GPU latency: 4.12402 ms - Host latency: 4.44385 ms (enqueue 2.97681 ms)
[10/06/2026-14:13:05] [I] Average on 1 runs - GPU latency: 4.12964 ms - Host latency: 4.44507 ms (enqueue 2.89526 ms)
[10/06/2026-14:13:05] [I] Average on 1 runs - GPU latency: 4.12427 ms - Host latency: 4.43604 ms (enqueue 3.06567 ms)
[10/06/2026-14:13:05] [I] Average on 1 runs - GPU latency: 4.13208 ms - Host latency: 4.44727 ms (enqueue 2.87622 ms)
[10/06/2026-14:13:05] [I] Average on 1 runs - GPU latency: 4.12866 ms - Host latency: 4.44507 ms (enqueue 3.05005 ms)
[10/06/2026-14:13:05] [I] Average on 1 runs - GPU latency: 4.14014 ms - Host latency: 4.45654 ms (enqueue 2.88135 ms)
[10/06/2026-14:13:05] [I] Average on 1 runs - GPU latency: 4.12012 ms - Host latency: 4.44995 ms (enqueue 3.07373 ms)
[10/06/2026-14:13:05] [I] Average on 1 runs - GPU latency: 4.1333 ms - Host latency: 4.44995 ms (enqueue 2.87817 ms)
[10/06/2026-14:13:05] [I] Average on 1 runs - GPU latency: 4.11328 ms - Host latency: 4.43042 ms (enqueue 3.05176 ms)
[10/06/2026-14:13:05] [I] Average on 1 runs - GPU latency: 4.12622 ms - Host latency: 4.44067 ms (enqueue 2.89233 ms)
[10/06/2026-14:13:05] [I] Average on 1 runs - GPU latency: 4.12109 ms - Host latency: 4.43994 ms (enqueue 2.87549 ms)
[10/06/2026-14:13:05] [I] Average on 1 runs - GPU latency: 4.1272 ms - Host latency: 4.44287 ms (enqueue 2.93188 ms)
[10/06/2026-14:13:05] [I] Average on 1 runs - GPU latency: 4.12061 ms - Host latency: 4.44043 ms (enqueue 2.93091 ms)
[10/06/2026-14:13:05] [I] Average on 1 runs - GPU latency: 4.13647 ms - Host latency: 4.46094 ms (enqueue 2.91309 ms)
[10/06/2026-14:13:05] [I] Average on 1 runs - GPU latency: 4.13037 ms - Host latency: 4.44653 ms (enqueue 2.97095 ms)
[10/06/2026-14:13:05] [I] Average on 1 runs - GPU latency: 4.13184 ms - Host latency: 4.44458 ms (enqueue 2.9519 ms)
[10/06/2026-14:13:05] [I] Average on 1 runs - GPU latency: 4.1228 ms - Host latency: 4.44165 ms (enqueue 2.93091 ms)
[10/06/2026-14:13:05] [I] Average on 1 runs - GPU latency: 4.12769 ms - Host latency: 4.44141 ms (enqueue 2.97876 ms)
[10/06/2026-14:13:05] [I] Average on 1 runs - GPU latency: 4.12598 ms - Host latency: 4.44067 ms (enqueue 2.93896 ms)
[10/06/2026-14:13:05] [I] Average on 1 runs - GPU latency: 4.13086 ms - Host latency: 4.4541 ms (enqueue 2.91724 ms)
[10/06/2026-14:13:05] [I] Average on 1 runs - GPU latency: 4.12378 ms - Host latency: 4.44165 ms (enqueue 2.9895 ms)
[10/06/2026-14:13:05] [I] Average on 1 runs - GPU latency: 4.13208 ms - Host latency: 4.45215 ms (enqueue 2.93628 ms)
[10/06/2026-14:13:05] [I] Average on 1 runs - GPU latency: 4.12549 ms - Host latency: 4.44312 ms (enqueue 2.96875 ms)
[10/06/2026-14:13:05] [I] Average on 1 runs - GPU latency: 4.13379 ms - Host latency: 4.448 ms (enqueue 3.00122 ms)
[10/06/2026-14:13:05] [I] Average on 1 runs - GPU latency: 4.12183 ms - Host latency: 4.44971 ms (enqueue 2.9668 ms)
[10/06/2026-14:13:05] [I] Average on 1 runs - GPU latency: 4.12622 ms - Host latency: 4.44458 ms (enqueue 2.94702 ms)
[10/06/2026-14:13:05] [I] Average on 1 runs - GPU latency: 4.1228 ms - Host latency: 4.44189 ms (enqueue 2.94238 ms)
[10/06/2026-14:13:05] [I] Average on 1 runs - GPU latency: 4.12329 ms - Host latency: 4.44409 ms (enqueue 2.9126 ms)
[10/06/2026-14:13:05] [I] Average on 1 runs - GPU latency: 4.12231 ms - Host latency: 4.44214 ms (enqueue 2.92456 ms)
[10/06/2026-14:13:05] [I] Average on 1 runs - GPU latency: 4.13306 ms - Host latency: 4.44971 ms (enqueue 2.97852 ms)
[10/06/2026-14:13:05] [I] Average on 1 runs - GPU latency: 4.12671 ms - Host latency: 4.44043 ms (enqueue 2.98315 ms)
[10/06/2026-14:13:05] [I] Average on 1 runs - GPU latency: 4.12939 ms - Host latency: 4.44678 ms (enqueue 2.90967 ms)
[10/06/2026-14:13:05] [I] Average on 1 runs - GPU latency: 4.12231 ms - Host latency: 4.44067 ms (enqueue 2.90942 ms)
[10/06/2026-14:13:05] [I] Average on 1 runs - GPU latency: 4.13281 ms - Host latency: 4.45435 ms (enqueue 3.03467 ms)
[10/06/2026-14:13:05] [I] Average on 1 runs - GPU latency: 4.1189 ms - Host latency: 4.43506 ms (enqueue 2.87085 ms)
[10/06/2026-14:13:05] [I] Average on 1 runs - GPU latency: 4.13379 ms - Host latency: 4.4541 ms (enqueue 3.05542 ms)
[10/06/2026-14:13:05] [I] Average on 1 runs - GPU latency: 4.12207 ms - Host latency: 4.43896 ms (enqueue 2.87939 ms)
[10/06/2026-14:13:05] [I] Average on 1 runs - GPU latency: 4.125 ms - Host latency: 4.44702 ms (enqueue 3.02759 ms)
[10/06/2026-14:13:05] [I] Average on 1 runs - GPU latency: 4.11865 ms - Host latency: 4.43457 ms (enqueue 2.87598 ms)
[10/06/2026-14:13:05] [I] Average on 1 runs - GPU latency: 4.12817 ms - Host latency: 4.44556 ms (enqueue 3.04077 ms)
[10/06/2026-14:13:05] [I] Average on 1 runs - GPU latency: 4.12134 ms - Host latency: 4.4375 ms (enqueue 2.87378 ms)
[10/06/2026-14:13:05] [I] Average on 1 runs - GPU latency: 4.12744 ms - Host latency: 4.4397 ms (enqueue 3.10132 ms)
[10/06/2026-14:13:05] [I] Average on 1 runs - GPU latency: 4.13086 ms - Host latency: 4.43945 ms (enqueue 2.95581 ms)
[10/06/2026-14:13:05] [I] Average on 1 runs - GPU latency: 4.13159 ms - Host latency: 4.44434 ms (enqueue 2.93286 ms)
[10/06/2026-14:13:05] [I] Average on 1 runs - GPU latency: 4.12769 ms - Host latency: 4.4436 ms (enqueue 2.9292 ms)
[10/06/2026-14:13:05] [I] Average on 1 runs - GPU latency: 4.13013 ms - Host latency: 4.4397 ms (enqueue 2.91675 ms)
[10/06/2026-14:13:05] [I] Average on 1 runs - GPU latency: 4.12061 ms - Host latency: 4.44214 ms (enqueue 2.92871 ms)
[10/06/2026-14:13:05] [I] Average on 1 runs - GPU latency: 4.13525 ms - Host latency: 4.4519 ms (enqueue 2.91284 ms)
[10/06/2026-14:13:05] [I] Average on 1 runs - GPU latency: 4.12964 ms - Host latency: 4.44946 ms (enqueue 2.89209 ms)
[10/06/2026-14:13:05] [I] Average on 1 runs - GPU latency: 4.13965 ms - Host latency: 4.4646 ms (enqueue 2.95703 ms)
[10/06/2026-14:13:05] [I] Average on 1 runs - GPU latency: 4.12671 ms - Host latency: 4.44849 ms (enqueue 2.91748 ms)
[10/06/2026-14:13:05] [I] Average on 1 runs - GPU latency: 4.12695 ms - Host latency: 4.44653 ms (enqueue 2.94482 ms)
[10/06/2026-14:13:05] [I] ... Omitting 3235 lines
[10/06/2026-14:13:05] [I] Average on 1 runs - GPU latency: 4.11719 ms - Host latency: 4.4375 ms (enqueue 2.88867 ms)
[10/06/2026-14:13:05] [I] Average on 1 runs - GPU latency: 4.13867 ms - Host latency: 4.45117 ms (enqueue 3.05859 ms)
[10/06/2026-14:13:05] [I] Average on 1 runs - GPU latency: 4.11914 ms - Host latency: 4.44336 ms (enqueue 2.88477 ms)
[10/06/2026-14:13:05] [I] Average on 1 runs - GPU latency: 4.12695 ms - Host latency: 4.44531 ms (enqueue 3.00391 ms)
[10/06/2026-14:13:05] [I] Average on 1 runs - GPU latency: 4.11914 ms - Host latency: 4.43555 ms (enqueue 2.85156 ms)
[10/06/2026-14:13:05] [I] Average on 1 runs - GPU latency: 4.12109 ms - Host latency: 4.44336 ms (enqueue 3.09766 ms)
[10/06/2026-14:13:05] [I] Average on 1 runs - GPU latency: 4.11914 ms - Host latency: 4.43359 ms (enqueue 2.96289 ms)
[10/06/2026-14:13:05] [I] Average on 1 runs - GPU latency: 4.13281 ms - Host latency: 4.45312 ms (enqueue 2.94922 ms)
[10/06/2026-14:13:05] [I] Average on 1 runs - GPU latency: 4.12109 ms - Host latency: 4.42969 ms (enqueue 2.95312 ms)
[10/06/2026-14:13:05] [I] Average on 1 runs - GPU latency: 4.125 ms - Host latency: 4.44531 ms (enqueue 2.95703 ms)
[10/06/2026-14:13:05] [I] Average on 1 runs - GPU latency: 4.12695 ms - Host latency: 4.44922 ms (enqueue 2.92383 ms)
[10/06/2026-14:13:05] [I] Average on 1 runs - GPU latency: 4.13086 ms - Host latency: 4.44531 ms (enqueue 3.0625 ms)
[10/06/2026-14:13:05] [I] Average on 1 runs - GPU latency: 4.12695 ms - Host latency: 4.44141 ms (enqueue 2.92969 ms)
[10/06/2026-14:13:05] [I] Average on 1 runs - GPU latency: 4.125 ms - Host latency: 4.44336 ms (enqueue 2.93359 ms)
[10/06/2026-14:13:05] [I] Average on 1 runs - GPU latency: 4.12695 ms - Host latency: 4.45312 ms (enqueue 2.94336 ms)
[10/06/2026-14:13:05] [I] Average on 1 runs - GPU latency: 4.125 ms - Host latency: 4.44531 ms (enqueue 2.9375 ms)
[10/06/2026-14:13:05] [I] Average on 1 runs - GPU latency: 4.13477 ms - Host latency: 4.45898 ms (enqueue 2.93359 ms)
[10/06/2026-14:13:05] [I] Average on 1 runs - GPU latency: 4.12109 ms - Host latency: 4.43945 ms (enqueue 2.94727 ms)
[10/06/2026-14:13:05] [I] Average on 1 runs - GPU latency: 4.11914 ms - Host latency: 4.43164 ms (enqueue 2.94531 ms)
[10/06/2026-14:13:05] [I] Average on 1 runs - GPU latency: 4.13281 ms - Host latency: 4.45312 ms (enqueue 3.10547 ms)
[10/06/2026-14:13:05] [I] Average on 1 runs - GPU latency: 4.12695 ms - Host latency: 4.44141 ms (enqueue 2.90234 ms)
[10/06/2026-14:13:05] [I] Average on 1 runs - GPU latency: 4.12695 ms - Host latency: 4.44531 ms (enqueue 2.96289 ms)
[10/06/2026-14:13:05] [I] Average on 1 runs - GPU latency: 4.11133 ms - Host latency: 4.43359 ms (enqueue 2.92969 ms)
[10/06/2026-14:13:05] [I] Average on 1 runs - GPU latency: 4.12305 ms - Host latency: 4.44336 ms (enqueue 2.96094 ms)
[10/06/2026-14:13:05] [I] Average on 1 runs - GPU latency: 4.12891 ms - Host latency: 4.43945 ms (enqueue 2.95703 ms)
[10/06/2026-14:13:05] [I] Average on 1 runs - GPU latency: 4.125 ms - Host latency: 4.44531 ms (enqueue 2.96289 ms)
[10/06/2026-14:13:05] [I] Average on 1 runs - GPU latency: 4.11523 ms - Host latency: 4.4375 ms (enqueue 2.92578 ms)
[10/06/2026-14:13:05] [I] Average on 1 runs - GPU latency: 4.12891 ms - Host latency: 4.43945 ms (enqueue 3.04688 ms)
[10/06/2026-14:13:05] [I] Average on 1 runs - GPU latency: 4.11914 ms - Host latency: 4.43164 ms (enqueue 2.86523 ms)
[10/06/2026-14:13:05] [I] Average on 1 runs - GPU latency: 4.12109 ms - Host latency: 4.4375 ms (enqueue 3.03906 ms)
[10/06/2026-14:13:05] [I] Average on 1 runs - GPU latency: 4.12109 ms - Host latency: 4.4375 ms (enqueue 2.87109 ms)
[10/06/2026-14:13:05] [I] Average on 1 runs - GPU latency: 4.125 ms - Host latency: 4.45508 ms (enqueue 3.06641 ms)
[10/06/2026-14:13:05] [I] Average on 1 runs - GPU latency: 4.12109 ms - Host latency: 4.4375 ms (enqueue 2.88477 ms)
[10/06/2026-14:13:05] [I] Average on 1 runs - GPU latency: 4.13281 ms - Host latency: 4.44922 ms (enqueue 3.05859 ms)
[10/06/2026-14:13:05] [I] Average on 1 runs - GPU latency: 4.11523 ms - Host latency: 4.43164 ms (enqueue 2.88477 ms)
[10/06/2026-14:13:05] [I] Average on 1 runs - GPU latency: 4.12891 ms - Host latency: 4.44727 ms (enqueue 3.01172 ms)
[10/06/2026-14:13:05] [I] Average on 1 runs - GPU latency: 4.12305 ms - Host latency: 4.45312 ms (enqueue 2.86328 ms)
[10/06/2026-14:13:05] [I] Average on 1 runs - GPU latency: 4.12695 ms - Host latency: 4.44531 ms (enqueue 2.92383 ms)
[10/06/2026-14:13:05] [I] Average on 1 runs - GPU latency: 4.10938 ms - Host latency: 4.42969 ms (enqueue 2.97461 ms)
[10/06/2026-14:13:05] [I] Average on 1 runs - GPU latency: 4.12305 ms - Host latency: 4.44727 ms (enqueue 2.92773 ms)
[10/06/2026-14:13:05] [I] Average on 1 runs - GPU latency: 4.125 ms - Host latency: 4.44336 ms (enqueue 2.9375 ms)
[10/06/2026-14:13:05] [I] Average on 1 runs - GPU latency: 4.13281 ms - Host latency: 4.44922 ms (enqueue 2.96875 ms)
[10/06/2026-14:13:05] [I] Average on 1 runs - GPU latency: 4.12109 ms - Host latency: 4.42969 ms (enqueue 2.99414 ms)
[10/06/2026-14:13:05] [I] Average on 1 runs - GPU latency: 4.12891 ms - Host latency: 4.44727 ms (enqueue 3.04492 ms)
[10/06/2026-14:13:05] [I] Average on 1 runs - GPU latency: 4.11719 ms - Host latency: 4.44531 ms (enqueue 2.90625 ms)
[10/06/2026-14:13:05] [I] Average on 1 runs - GPU latency: 4.13086 ms - Host latency: 4.44922 ms (enqueue 2.91406 ms)
[10/06/2026-14:13:05] [I] Average on 1 runs - GPU latency: 4.11523 ms - Host latency: 4.43359 ms (enqueue 2.91406 ms)
[10/06/2026-14:13:05] [I] Average on 1 runs - GPU latency: 4.13477 ms - Host latency: 4.44922 ms (enqueue 2.95703 ms)
[10/06/2026-14:13:05] [I] Average on 1 runs - GPU latency: 4.12305 ms - Host latency: 4.44141 ms (enqueue 2.96875 ms)
[10/06/2026-14:13:05] [I] Average on 1 runs - GPU latency: 4.12891 ms - Host latency: 4.44922 ms (enqueue 2.94141 ms)
[10/06/2026-14:13:05] [I] Average on 1 runs - GPU latency: 4.11523 ms - Host latency: 4.42969 ms (enqueue 2.92188 ms)
[10/06/2026-14:13:05] [I] Average on 1 runs - GPU latency: 4.13281 ms - Host latency: 4.44727 ms (enqueue 3.01758 ms)
[10/06/2026-14:13:05] [I] Average on 1 runs - GPU latency: 4.12109 ms - Host latency: 4.43164 ms (enqueue 2.93555 ms)
[10/06/2026-14:13:05] [I] Average on 1 runs - GPU latency: 4.13086 ms - Host latency: 4.44727 ms (enqueue 2.95117 ms)
[10/06/2026-14:13:05] [I] Average on 1 runs - GPU latency: 4.11719 ms - Host latency: 4.43164 ms (enqueue 2.88867 ms)
[10/06/2026-14:13:05] [I] Average on 1 runs - GPU latency: 4.125 ms - Host latency: 4.44531 ms (enqueue 2.9082 ms)
[10/06/2026-14:13:05] [I] Average on 1 runs - GPU latency: 4.12695 ms - Host latency: 4.43945 ms (enqueue 2.89062 ms)
[10/06/2026-14:13:05] [I] Average on 1 runs - GPU latency: 4.13672 ms - Host latency: 4.45508 ms (enqueue 2.9707 ms)
[10/06/2026-14:13:05] [I] Average on 1 runs - GPU latency: 4.12305 ms - Host latency: 4.44531 ms (enqueue 2.93164 ms)
[10/06/2026-14:13:05] [I] Average on 1 runs - GPU latency: 4.13086 ms - Host latency: 4.44531 ms (enqueue 3.00586 ms)
[10/06/2026-14:13:05] [I] Average on 1 runs - GPU latency: 4.12109 ms - Host latency: 4.44141 ms (enqueue 2.84961 ms)
[10/06/2026-14:13:05] [I] Average on 1 runs - GPU latency: 4.13086 ms - Host latency: 4.45312 ms (enqueue 3.03906 ms)
[10/06/2026-14:13:05] [I] Average on 1 runs - GPU latency: 4.12109 ms - Host latency: 4.43359 ms (enqueue 2.875 ms)
[10/06/2026-14:13:05] [I] Average on 1 runs - GPU latency: 4.13281 ms - Host latency: 4.45312 ms (enqueue 3.02344 ms)
[10/06/2026-14:13:05] [I] Average on 1 runs - GPU latency: 4.12695 ms - Host latency: 4.44922 ms (enqueue 2.89844 ms)
[10/06/2026-14:13:05] [I] Average on 1 runs - GPU latency: 4.13477 ms - Host latency: 4.44727 ms (enqueue 3.08398 ms)
[10/06/2026-14:13:05] [I] Average on 1 runs - GPU latency: 4.11914 ms - Host latency: 4.43359 ms (enqueue 2.88477 ms)
[10/06/2026-14:13:05] [I] Average on 1 runs - GPU latency: 4.12891 ms - Host latency: 4.44727 ms (enqueue 3.04883 ms)
[10/06/2026-14:13:05] [I] Average on 1 runs - GPU latency: 4.11914 ms - Host latency: 4.43945 ms (enqueue 2.88086 ms)
[10/06/2026-14:13:05] [I] Average on 1 runs - GPU latency: 4.11719 ms - Host latency: 4.44141 ms (enqueue 2.91211 ms)
[10/06/2026-14:13:05] [I] Average on 1 runs - GPU latency: 4.11914 ms - Host latency: 4.44141 ms (enqueue 2.92578 ms)
[10/06/2026-14:13:05] [I] Average on 1 runs - GPU latency: 4.13281 ms - Host latency: 4.45117 ms (enqueue 2.92188 ms)
[10/06/2026-14:13:05] [I] Average on 1 runs - GPU latency: 4.12109 ms - Host latency: 4.43164 ms (enqueue 2.96289 ms)
[10/06/2026-14:13:05] [I] Average on 1 runs - GPU latency: 4.125 ms - Host latency: 4.44141 ms (enqueue 2.9707 ms)
[10/06/2026-14:13:05] [I] Average on 1 runs - GPU latency: 4.11914 ms - Host latency: 4.43945 ms (enqueue 2.94531 ms)
[10/06/2026-14:13:05] [I] Average on 1 runs - GPU latency: 4.12695 ms - Host latency: 4.43945 ms (enqueue 2.93945 ms)
[10/06/2026-14:13:05] [I] Average on 1 runs - GPU latency: 4.11328 ms - Host latency: 4.43945 ms (enqueue 2.92578 ms)
[10/06/2026-14:13:05] [I] Average on 1 runs - GPU latency: 4.12891 ms - Host latency: 4.44336 ms (enqueue 2.94336 ms)
[10/06/2026-14:13:05] [I] Average on 1 runs - GPU latency: 4.11719 ms - Host latency: 4.43359 ms (enqueue 2.97656 ms)
[10/06/2026-14:13:05] [I] Average on 1 runs - GPU latency: 4.13477 ms - Host latency: 4.45508 ms (enqueue 2.91797 ms)
[10/06/2026-14:13:05] [I] Average on 1 runs - GPU latency: 4.125 ms - Host latency: 4.44727 ms (enqueue 2.9707 ms)
[10/06/2026-14:13:05] [I] Average on 1 runs - GPU latency: 4.13867 ms - Host latency: 4.45898 ms (enqueue 2.92773 ms)
[10/06/2026-14:13:05] [I] Average on 1 runs - GPU latency: 4.12695 ms - Host latency: 4.44531 ms (enqueue 2.95703 ms)
[10/06/2026-14:13:05] [I] Average on 1 runs - GPU latency: 4.12305 ms - Host latency: 4.44141 ms (enqueue 2.99805 ms)
[10/06/2026-14:13:05] [I] Average on 1 runs - GPU latency: 4.11719 ms - Host latency: 4.43164 ms (enqueue 2.96289 ms)
[10/06/2026-14:13:05] [I] Average on 1 runs - GPU latency: 4.12109 ms - Host latency: 4.43359 ms (enqueue 2.95703 ms)
[10/06/2026-14:13:05] [I] Average on 1 runs - GPU latency: 4.125 ms - Host latency: 4.44141 ms (enqueue 2.97852 ms)
[10/06/2026-14:13:05] [I] Average on 1 runs - GPU latency: 4.13086 ms - Host latency: 4.44336 ms (enqueue 2.92578 ms)
[10/06/2026-14:13:05] [I] Average on 1 runs - GPU latency: 4.12891 ms - Host latency: 4.44727 ms (enqueue 2.92773 ms)
[10/06/2026-14:13:05] [I] Average on 1 runs - GPU latency: 4.13086 ms - Host latency: 4.44531 ms (enqueue 2.96094 ms)
[10/06/2026-14:13:05] [I] Average on 1 runs - GPU latency: 4.125 ms - Host latency: 4.44141 ms (enqueue 2.92578 ms)
[10/06/2026-14:13:05] [I] Average on 1 runs - GPU latency: 4.12305 ms - Host latency: 4.44531 ms (enqueue 3.11914 ms)
[10/06/2026-14:13:05] [I] Average on 1 runs - GPU latency: 4.11523 ms - Host latency: 4.42969 ms (enqueue 3.04688 ms)
[10/06/2026-14:13:05] [I] Average on 1 runs - GPU latency: 4.12305 ms - Host latency: 4.43945 ms (enqueue 2.89258 ms)
[10/06/2026-14:13:05] [I] Average on 1 runs - GPU latency: 4.12109 ms - Host latency: 4.44336 ms (enqueue 2.6875 ms)
[10/06/2026-14:13:05] [I] Average on 1 runs - GPU latency: 4.12891 ms - Host latency: 4.45312 ms (enqueue 2.46289 ms)
[10/06/2026-14:13:05] [I] Average on 1 runs - GPU latency: 4.11719 ms - Host latency: 4.42969 ms (enqueue 2.88477 ms)
[10/06/2026-14:13:05] [I] Average on 1 runs - GPU latency: 4.13281 ms - Host latency: 4.44922 ms (enqueue 2.88281 ms)
[10/06/2026-14:13:05] [I] Average on 1 runs - GPU latency: 4.12305 ms - Host latency: 4.44531 ms (enqueue 2.8418 ms)
[10/06/2026-14:13:05] [I] Average on 1 runs - GPU latency: 4.13281 ms - Host latency: 4.45312 ms (enqueue 2.88477 ms)
[10/06/2026-14:13:05] [I] Average on 1 runs - GPU latency: 4.12695 ms - Host latency: 4.45117 ms (enqueue 2.91406 ms)
[10/06/2026-14:13:05] [I] Average on 1 runs - GPU latency: 4.11914 ms - Host latency: 4.43555 ms (enqueue 2.93359 ms)
[10/06/2026-14:13:05] [I] Average on 1 runs - GPU latency: 4.12109 ms - Host latency: 4.44141 ms (enqueue 2.96094 ms)
[10/06/2026-14:13:05] [I] Average on 1 runs - GPU latency: 4.13477 ms - Host latency: 4.45703 ms (enqueue 2.94531 ms)
[10/06/2026-14:13:05] [I] Average on 1 runs - GPU latency: 4.11719 ms - Host latency: 4.43945 ms (enqueue 2.94141 ms)
[10/06/2026-14:13:05] [I] Average on 1 runs - GPU latency: 4.12891 ms - Host latency: 4.44531 ms (enqueue 2.99219 ms)
[10/06/2026-14:13:05] [I] Average on 1 runs - GPU latency: 4.13086 ms - Host latency: 4.44727 ms (enqueue 2.86523 ms)
[10/06/2026-14:13:05] [I] Average on 1 runs - GPU latency: 4.11719 ms - Host latency: 4.43945 ms (enqueue 2.16406 ms)
[10/06/2026-14:13:05] [I] Average on 1 runs - GPU latency: 4.11328 ms - Host latency: 4.43359 ms (enqueue 2.97461 ms)
[10/06/2026-14:13:05] [I] Average on 1 runs - GPU latency: 4.13477 ms - Host latency: 4.45703 ms (enqueue 2.94531 ms)
[10/06/2026-14:13:05] [I] Average on 1 runs - GPU latency: 4.125 ms - Host latency: 4.44141 ms (enqueue 2.95312 ms)
[10/06/2026-14:13:05] [I] Average on 1 runs - GPU latency: 4.12695 ms - Host latency: 4.45508 ms (enqueue 2.92578 ms)
[10/06/2026-14:13:05] [I] Average on 1 runs - GPU latency: 4.12305 ms - Host latency: 4.44336 ms (enqueue 2.94531 ms)
[10/06/2026-14:13:05] [I] Average on 1 runs - GPU latency: 4.12695 ms - Host latency: 4.43945 ms (enqueue 2.90625 ms)
[10/06/2026-14:13:05] [I] Average on 1 runs - GPU latency: 4.125 ms - Host latency: 4.44141 ms (enqueue 2.99023 ms)
[10/06/2026-14:13:05] [I] Average on 1 runs - GPU latency: 4.12891 ms - Host latency: 4.44727 ms (enqueue 2.92773 ms)
[10/06/2026-14:13:05] [I] Average on 1 runs - GPU latency: 4.11719 ms - Host latency: 4.43555 ms (enqueue 2.94141 ms)
[10/06/2026-14:13:05] [I] Average on 1 runs - GPU latency: 4.125 ms - Host latency: 4.44922 ms (enqueue 2.93164 ms)
[10/06/2026-14:13:05] [I] Average on 1 runs - GPU latency: 4.12695 ms - Host latency: 4.44727 ms (enqueue 2.93164 ms)
[10/06/2026-14:13:05] [I] Average on 1 runs - GPU latency: 4.12695 ms - Host latency: 4.46094 ms (enqueue 2.39453 ms)
[10/06/2026-14:13:05] [I] Average on 1 runs - GPU latency: 4.13086 ms - Host latency: 4.46484 ms (enqueue 2.90234 ms)
[10/06/2026-14:13:05] [I] Average on 1 runs - GPU latency: 4.13477 ms - Host latency: 4.45508 ms (enqueue 2.88477 ms)
[10/06/2026-14:13:05] [I] Average on 1 runs - GPU latency: 4.12891 ms - Host latency: 4.43945 ms (enqueue 2.66016 ms)
[10/06/2026-14:13:05] [I] Average on 1 runs - GPU latency: 4.13281 ms - Host latency: 4.4668 ms (enqueue 2.54883 ms)
[10/06/2026-14:13:05] [I] Average on 1 runs - GPU latency: 4.12695 ms - Host latency: 4.45117 ms (enqueue 2.44922 ms)
[10/06/2026-14:13:05] [I] Average on 1 runs - GPU latency: 4.12891 ms - Host latency: 4.44922 ms (enqueue 2.47461 ms)
[10/06/2026-14:13:05] [I] Average on 1 runs - GPU latency: 4.12109 ms - Host latency: 4.44727 ms (enqueue 3.01172 ms)
[10/06/2026-14:13:05] [I] Average on 1 runs - GPU latency: 4.12891 ms - Host latency: 4.45508 ms (enqueue 2.82031 ms)
[10/06/2026-14:13:05] [I] Average on 1 runs - GPU latency: 4.12695 ms - Host latency: 4.44727 ms (enqueue 2.92773 ms)
[10/06/2026-14:13:05] [I] Average on 1 runs - GPU latency: 4.13477 ms - Host latency: 4.45312 ms (enqueue 2.87891 ms)
[10/06/2026-14:13:05] [I] Average on 1 runs - GPU latency: 4.12695 ms - Host latency: 4.44336 ms (enqueue 2.92188 ms)
[10/06/2026-14:13:05] [I] Average on 1 runs - GPU latency: 4.125 ms - Host latency: 4.46484 ms (enqueue 2.14258 ms)
[10/06/2026-14:13:05] [I] Average on 1 runs - GPU latency: 4.12305 ms - Host latency: 4.43945 ms (enqueue 2.95508 ms)
[10/06/2026-14:13:05] [I] Average on 1 runs - GPU latency: 4.12305 ms - Host latency: 4.44141 ms (enqueue 2.82031 ms)
[10/06/2026-14:13:05] [I] Average on 1 runs - GPU latency: 4.125 ms - Host latency: 4.44336 ms (enqueue 2.91602 ms)
[10/06/2026-14:13:05] [I] Average on 1 runs - GPU latency: 4.12109 ms - Host latency: 4.44141 ms (enqueue 2.96875 ms)
[10/06/2026-14:13:05] [I] Average on 1 runs - GPU latency: 4.12109 ms - Host latency: 4.43555 ms (enqueue 2.97461 ms)
[10/06/2026-14:13:05] [I] Average on 1 runs - GPU latency: 4.13867 ms - Host latency: 4.45508 ms (enqueue 2.96484 ms)
[10/06/2026-14:13:05] [I] Average on 1 runs - GPU latency: 4.11328 ms - Host latency: 4.43164 ms (enqueue 2.94531 ms)
[10/06/2026-14:13:05] [I] Average on 1 runs - GPU latency: 4.125 ms - Host latency: 4.44141 ms (enqueue 2.96094 ms)
[10/06/2026-14:13:05] [I] Average on 1 runs - GPU latency: 4.12695 ms - Host latency: 4.44922 ms (enqueue 2.96289 ms)
[10/06/2026-14:13:05] [I] Average on 1 runs - GPU latency: 4.12891 ms - Host latency: 4.45117 ms (enqueue 2.93555 ms)
[10/06/2026-14:13:05] [I] Average on 1 runs - GPU latency: 4.12109 ms - Host latency: 4.44141 ms (enqueue 2.91992 ms)
[10/06/2026-14:13:05] [I] Average on 1 runs - GPU latency: 4.13086 ms - Host latency: 4.45898 ms (enqueue 2.22852 ms)
[10/06/2026-14:13:05] [I] Average on 1 runs - GPU latency: 4.12109 ms - Host latency: 4.43359 ms (enqueue 2.88086 ms)
[10/06/2026-14:13:05] [I] Average on 1 runs - GPU latency: 4.125 ms - Host latency: 4.44141 ms (enqueue 3.01953 ms)
[10/06/2026-14:13:05] [I] Average on 1 runs - GPU latency: 4.125 ms - Host latency: 4.44141 ms (enqueue 2.98438 ms)
[10/06/2026-14:13:05] [I] Average on 1 runs - GPU latency: 4.13281 ms - Host latency: 4.44727 ms (enqueue 2.9668 ms)
[10/06/2026-14:13:05] [I] Average on 1 runs - GPU latency: 4.11914 ms - Host latency: 4.43555 ms (enqueue 2.92773 ms)
[10/06/2026-14:13:05] [I] Average on 1 runs - GPU latency: 4.13281 ms - Host latency: 4.45703 ms (enqueue 2.99023 ms)
[10/06/2026-14:13:05] [I] Average on 1 runs - GPU latency: 4.11719 ms - Host latency: 4.43164 ms (enqueue 2.83398 ms)
[10/06/2026-14:13:05] [I] Average on 1 runs - GPU latency: 4.12695 ms - Host latency: 4.44727 ms (enqueue 2.99219 ms)
[10/06/2026-14:13:05] [I] Average on 1 runs - GPU latency: 4.12109 ms - Host latency: 4.43945 ms (enqueue 2.92578 ms)
[10/06/2026-14:13:05] [I] Average on 1 runs - GPU latency: 4.13672 ms - Host latency: 4.45117 ms (enqueue 2.89062 ms)
[10/06/2026-14:13:05] [I] Average on 1 runs - GPU latency: 4.125 ms - Host latency: 4.43945 ms (enqueue 2.89258 ms)
[10/06/2026-14:13:05] [I] Average on 1 runs - GPU latency: 4.13086 ms - Host latency: 4.44922 ms (enqueue 2.31055 ms)
[10/06/2026-14:13:05] [I] Average on 1 runs - GPU latency: 4.12695 ms - Host latency: 4.44922 ms (enqueue 2.94922 ms)
[10/06/2026-14:13:05] [I] Average on 1 runs - GPU latency: 4.12305 ms - Host latency: 4.43945 ms (enqueue 2.91211 ms)
[10/06/2026-14:13:05] [I] Average on 1 runs - GPU latency: 4.11719 ms - Host latency: 4.43164 ms (enqueue 2.91016 ms)
[10/06/2026-14:13:05] [I] Average on 1 runs - GPU latency: 4.12695 ms - Host latency: 4.44141 ms (enqueue 2.88867 ms)
[10/06/2026-14:13:05] [I] Average on 1 runs - GPU latency: 4.11914 ms - Host latency: 4.43359 ms (enqueue 2.92383 ms)
[10/06/2026-14:13:05] [I] Average on 1 runs - GPU latency: 4.13281 ms - Host latency: 4.44922 ms (enqueue 2.89062 ms)
[10/06/2026-14:13:05] [I] Average on 1 runs - GPU latency: 4.11914 ms - Host latency: 4.44141 ms (enqueue 2.73438 ms)
[10/06/2026-14:13:05] [I] Average on 1 runs - GPU latency: 4.12891 ms - Host latency: 4.45312 ms (enqueue 2.94531 ms)
[10/06/2026-14:13:05] [I] Average on 1 runs - GPU latency: 4.12891 ms - Host latency: 4.44531 ms (enqueue 2.95898 ms)
[10/06/2026-14:13:05] [I] Average on 1 runs - GPU latency: 4.12695 ms - Host latency: 4.44141 ms (enqueue 2.94141 ms)
[10/06/2026-14:13:05] [I] Average on 1 runs - GPU latency: 4.11914 ms - Host latency: 4.44531 ms (enqueue 2.95898 ms)
[10/06/2026-14:13:05] [I] Average on 1 runs - GPU latency: 4.13281 ms - Host latency: 4.45117 ms (enqueue 2.49414 ms)
[10/06/2026-14:13:05] [I] Average on 1 runs - GPU latency: 4.11719 ms - Host latency: 4.43945 ms (enqueue 2.96484 ms)
[10/06/2026-14:13:05] [I] Average on 1 runs - GPU latency: 4.12695 ms - Host latency: 4.44727 ms (enqueue 2.97266 ms)
[10/06/2026-14:13:05] [I] Average on 1 runs - GPU latency: 4.12305 ms - Host latency: 4.44141 ms (enqueue 2.91992 ms)
[10/06/2026-14:13:05] [I] Average on 1 runs - GPU latency: 4.13672 ms - Host latency: 4.44531 ms (enqueue 2.93555 ms)
[10/06/2026-14:13:05] [I] Average on 1 runs - GPU latency: 4.12891 ms - Host latency: 4.45703 ms (enqueue 2.95312 ms)
[10/06/2026-14:13:05] [I] Average on 1 runs - GPU latency: 4.13086 ms - Host latency: 4.45312 ms (enqueue 2.90625 ms)
[10/06/2026-14:13:05] [I] Average on 1 runs - GPU latency: 4.12109 ms - Host latency: 4.4375 ms (enqueue 2.95117 ms)
[10/06/2026-14:13:05] [I] Average on 1 runs - GPU latency: 4.12695 ms - Host latency: 4.44336 ms (enqueue 2.9707 ms)
[10/06/2026-14:13:05] [I] Average on 1 runs - GPU latency: 4.11914 ms - Host latency: 4.44141 ms (enqueue 2.98633 ms)
[10/06/2026-14:13:05] [I] Average on 1 runs - GPU latency: 4.12891 ms - Host latency: 4.45117 ms (enqueue 3.01172 ms)
[10/06/2026-14:13:05] [I] Average on 1 runs - GPU latency: 4.12109 ms - Host latency: 4.43945 ms (enqueue 2.98828 ms)
[10/06/2026-14:13:05] [I] Average on 1 runs - GPU latency: 4.12695 ms - Host latency: 4.44336 ms (enqueue 2.82812 ms)
[10/06/2026-14:13:05] [I] Average on 1 runs - GPU latency: 4.11719 ms - Host latency: 4.43359 ms (enqueue 2.125 ms)
[10/06/2026-14:13:05] [I] Average on 1 runs - GPU latency: 4.13086 ms - Host latency: 4.44727 ms (enqueue 2.98047 ms)
[10/06/2026-14:13:05] [I] Average on 1 runs - GPU latency: 4.12695 ms - Host latency: 4.44531 ms (enqueue 2.96094 ms)
[10/06/2026-14:13:05] [I] Average on 1 runs - GPU latency: 4.12891 ms - Host latency: 4.44922 ms (enqueue 2.9668 ms)
[10/06/2026-14:13:05] [I] Average on 1 runs - GPU latency: 4.12891 ms - Host latency: 4.44727 ms (enqueue 2.89258 ms)
[10/06/2026-14:13:05] [I] Average on 1 runs - GPU latency: 4.13281 ms - Host latency: 4.44922 ms (enqueue 2.89453 ms)
[10/06/2026-14:13:05] [I] Average on 1 runs - GPU latency: 4.12695 ms - Host latency: 4.44922 ms (enqueue 2.87891 ms)
[10/06/2026-14:13:05] [I] Average on 1 runs - GPU latency: 4.13672 ms - Host latency: 4.45703 ms (enqueue 2.91992 ms)
[10/06/2026-14:13:05] [I] Average on 1 runs - GPU latency: 4.12305 ms - Host latency: 4.44531 ms (enqueue 2.90625 ms)
[10/06/2026-14:13:05] [I] Average on 1 runs - GPU latency: 4.13086 ms - Host latency: 4.44727 ms (enqueue 2.90039 ms)
[10/06/2026-14:13:05] [I] Average on 1 runs - GPU latency: 4.125 ms - Host latency: 4.44336 ms (enqueue 2.89062 ms)
[10/06/2026-14:13:05] [I] Average on 1 runs - GPU latency: 4.14258 ms - Host latency: 4.46094 ms (enqueue 2.73438 ms)
[10/06/2026-14:13:05] [I] Average on 1 runs - GPU latency: 4.12891 ms - Host latency: 4.4707 ms (enqueue 3.07227 ms)
[10/06/2026-14:13:05] [I] Average on 1 runs - GPU latency: 4.13281 ms - Host latency: 4.44727 ms (enqueue 2.85156 ms)
[10/06/2026-14:13:05] [I] Average on 1 runs - GPU latency: 4.12305 ms - Host latency: 4.43945 ms (enqueue 2.82812 ms)
[10/06/2026-14:13:05] [I] Average on 1 runs - GPU latency: 4.12695 ms - Host latency: 4.44531 ms (enqueue 2.77148 ms)
[10/06/2026-14:13:05] [I] Average on 1 runs - GPU latency: 4.11914 ms - Host latency: 4.43945 ms (enqueue 2.81055 ms)
[10/06/2026-14:13:05] [I] Average on 1 runs - GPU latency: 4.13281 ms - Host latency: 4.45117 ms (enqueue 2.80273 ms)
[10/06/2026-14:13:05] [I] Average on 1 runs - GPU latency: 4.11328 ms - Host latency: 4.43164 ms (enqueue 2.80273 ms)
[10/06/2026-14:13:05] [I] Average on 1 runs - GPU latency: 4.13086 ms - Host latency: 4.44922 ms (enqueue 2.94922 ms)
[10/06/2026-14:13:05] [I] Average on 1 runs - GPU latency: 4.05273 ms - Host latency: 4.36719 ms (enqueue 2.99609 ms)
[10/06/2026-14:13:05] [I] 
[10/06/2026-14:13:05] [I] === Performance summary ===
[10/06/2026-14:13:05] [I] Throughput: 242.12 qps
[10/06/2026-14:13:05] [I] Latency: min = 4.36719 ms, max = 5.18457 ms, mean = 4.44536 ms, median = 4.44482 ms, percentile(90%) = 4.45508 ms, percentile(95%) = 4.45898 ms, percentile(99%) = 4.46484 ms
[10/06/2026-14:13:05] [I] Enqueue Time: min = 2.09766 ms, max = 4.14941 ms, mean = 2.91146 ms, median = 2.93164 ms, percentile(90%) = 3.00488 ms, percentile(95%) = 3.05664 ms, percentile(99%) = 3.09912 ms
[10/06/2026-14:13:05] [I] H2D Latency: min = 0.285156 ms, max = 0.339355 ms, mean = 0.311082 ms, median = 0.310547 ms, percentile(90%) = 0.316406 ms, percentile(95%) = 0.319336 ms, percentile(99%) = 0.324219 ms
[10/06/2026-14:13:05] [I] GPU Compute Time: min = 4.05273 ms, max = 4.86426 ms, mean = 4.12632 ms, median = 4.12598 ms, percentile(90%) = 4.13379 ms, percentile(95%) = 4.13623 ms, percentile(99%) = 4.13965 ms
[10/06/2026-14:13:05] [I] D2H Latency: min = 0.00390625 ms, max = 0.015625 ms, mean = 0.00796315 ms, median = 0.0078125 ms, percentile(90%) = 0.0107422 ms, percentile(95%) = 0.0107422 ms, percentile(99%) = 0.0117188 ms
[10/06/2026-14:13:05] [I] Total Host Walltime: 15.0132 s
[10/06/2026-14:13:05] [I] Total GPU Compute Time: 14.9992 s
[10/06/2026-14:13:05] [I] Explanations of the performance metrics are printed in the verbose logs.
[10/06/2026-14:13:05] [I] 
&&&& PASSED TensorRT.trtexec [TensorRT v100300] # /usr/src/tensorrt/bin/trtexec --loadEngine=/tmp/yolo26n_84172_fp16_opt3.engine --warmUp=3000 --duration=15 --idleTime=0 --avgRuns=1
